2026-08-27 13:17:27 | Device: cuda
2026-08-27 13:17:27 | Args: {'model': 'fgib', 'backbone': 'rnn', 'task': 'imdb', 'epochs': 100, 'batch_size': 512, 'lr': 0.001, 'hidden_dims': [512, 256], 'dropout': 0.2, 'z_dim': 256, 'anchor_scale': 10.0, 'max_len': 250, 'random_labels': False, 'beta': 0.001, 'patience': 10, 'runs': 5, 'seed': 0, 'data_dir': './data', 'save_path': 'output/imdb_rnn_fgib/imdb_rnn_fgib.pt', 'log_path': '/root/autodl-tmp/FGIB/tune_results/imdb_rnn_fgib_beta_0.001_anchor_10/train.log', 'no_save': True}
2026-08-27 13:17:27 | IMDb 预处理缓存：mmap 共享 ./data/imdb/imdb_processed_maxlen250
2026-08-27 13:17:27 | ===== Run 1/5 (seed 0) =====
2026-08-27 13:18:12 | Epoch   1/100 | Train Loss 0.6383 Acc 0.6648 | Val Loss 0.5545 Acc 0.7385 AUC 0.8155 Pre 0.7386 Rec 0.7385
2026-08-27 13:18:13 |   Val AUC improved to 0.8155, model saved
2026-08-27 13:18:52 | Epoch   2/100 | Train Loss 0.5165 Acc 0.7646 | Val Loss 0.5514 Acc 0.7386 AUC 0.8165 Pre 0.7396 Rec 0.7386
2026-08-27 13:18:53 |   Val AUC improved to 0.8165, model saved
2026-08-27 13:19:29 | Epoch   3/100 | Train Loss 0.4919 Acc 0.7774 | Val Loss 0.5580 Acc 0.7469 AUC 0.8308 Pre 0.7589 Rec 0.7469
2026-08-27 13:19:30 |   Val AUC improved to 0.8308, model saved
2026-08-27 13:20:07 | Epoch   4/100 | Train Loss 0.3700 Acc 0.8517 | Val Loss 0.4587 Acc 0.8177 AUC 0.9033 Pre 0.8269 Rec 0.8177
2026-08-27 13:20:08 |   Val AUC improved to 0.9033, model saved
2026-08-27 13:20:48 | Epoch   5/100 | Train Loss 0.2533 Acc 0.9058 | Val Loss 0.4177 Acc 0.8436 AUC 0.9139 Pre 0.8436 Rec 0.8436
2026-08-27 13:20:50 |   Val AUC improved to 0.9139, model saved
2026-08-27 13:21:31 | Epoch   6/100 | Train Loss 0.3151 Acc 0.8748 | Val Loss 0.5346 Acc 0.7549 AUC 0.8346 Pre 0.7559 Rec 0.7549
2026-08-27 13:22:10 | Epoch   7/100 | Train Loss 0.2469 Acc 0.9060 | Val Loss 0.4873 Acc 0.8212 AUC 0.8966 Pre 0.8227 Rec 0.8212
2026-08-27 13:22:51 | Epoch   8/100 | Train Loss 0.1286 Acc 0.9573 | Val Loss 0.5217 Acc 0.8135 AUC 0.8959 Pre 0.8162 Rec 0.8135
2026-08-27 13:23:31 | Epoch   9/100 | Train Loss 0.0732 Acc 0.9772 | Val Loss 0.5758 Acc 0.8289 AUC 0.9060 Pre 0.8290 Rec 0.8289
2026-08-27 13:24:08 | Epoch  10/100 | Train Loss 0.0406 Acc 0.9881 | Val Loss 0.6660 Acc 0.8172 AUC 0.8940 Pre 0.8173 Rec 0.8172
2026-08-27 13:24:47 | Epoch  11/100 | Train Loss 0.0270 Acc 0.9920 | Val Loss 0.7592 Acc 0.8250 AUC 0.9001 Pre 0.8257 Rec 0.8250
2026-08-27 13:25:27 | Epoch  12/100 | Train Loss 0.0121 Acc 0.9969 | Val Loss 0.9250 Acc 0.8260 AUC 0.9011 Pre 0.8297 Rec 0.8260
2026-08-27 13:26:08 | Epoch  13/100 | Train Loss 0.0147 Acc 0.9959 | Val Loss 0.9012 Acc 0.8411 AUC 0.9106 Pre 0.8416 Rec 0.8411
2026-08-27 13:26:49 | Epoch  14/100 | Train Loss 0.0166 Acc 0.9949 | Val Loss 0.8440 Acc 0.8262 AUC 0.9028 Pre 0.8269 Rec 0.8262
2026-08-27 13:27:30 | Epoch  15/100 | Train Loss 0.0157 Acc 0.9953 | Val Loss 0.9340 Acc 0.8318 AUC 0.9062 Pre 0.8321 Rec 0.8318
2026-08-27 13:27:30 | Val AUC did not improve for 10 consecutive epochs, early stopping at Epoch 15 (best AUC 0.9139 @ Epoch 5)
2026-08-27 13:27:39 | Run 1/5 | Test (best model @ Epoch 5) | Loss 0.4228 Acc 0.8403 AUC 0.9119 Pre 0.8403 Rec 0.8403
2026-08-27 13:27:39 | ===== Run 2/5 (seed 1) =====
2026-08-27 13:28:22 | Epoch   1/100 | Train Loss 0.6440 Acc 0.6631 | Val Loss 0.5540 Acc 0.7559 AUC 0.8313 Pre 0.7565 Rec 0.7559
2026-08-27 13:28:23 |   Val AUC improved to 0.8313, model saved
2026-08-27 13:29:04 | Epoch   2/100 | Train Loss 0.5685 Acc 0.7398 | Val Loss 0.5583 Acc 0.7390 AUC 0.8257 Pre 0.7550 Rec 0.7390
2026-08-27 13:29:43 | Epoch   3/100 | Train Loss 0.4546 Acc 0.8096 | Val Loss 0.4521 Acc 0.8103 AUC 0.8783 Pre 0.8117 Rec 0.8103
2026-08-27 13:29:45 |   Val AUC improved to 0.8783, model saved
2026-08-27 13:30:24 | Epoch   4/100 | Train Loss 0.3745 Acc 0.8501 | Val Loss 0.4302 Acc 0.8275 AUC 0.8949 Pre 0.8275 Rec 0.8275
2026-08-27 13:30:25 |   Val AUC improved to 0.8949, model saved
2026-08-27 13:31:05 | Epoch   5/100 | Train Loss 0.3300 Acc 0.8712 | Val Loss 0.5193 Acc 0.7879 AUC 0.8699 Pre 0.8013 Rec 0.7879
2026-08-27 13:31:46 | Epoch   6/100 | Train Loss 0.2672 Acc 0.9008 | Val Loss 0.4065 Acc 0.8430 AUC 0.9170 Pre 0.8440 Rec 0.8430
2026-08-27 13:31:47 |   Val AUC improved to 0.9170, model saved
2026-08-27 13:32:27 | Epoch   7/100 | Train Loss 0.1773 Acc 0.9373 | Val Loss 0.4119 Acc 0.8544 AUC 0.9228 Pre 0.8544 Rec 0.8544
2026-08-27 13:32:28 |   Val AUC improved to 0.9228, model saved
2026-08-27 13:33:10 | Epoch   8/100 | Train Loss 0.1089 Acc 0.9643 | Val Loss 0.4788 Acc 0.8565 AUC 0.9185 Pre 0.8566 Rec 0.8565
2026-08-27 13:33:50 | Epoch   9/100 | Train Loss 0.0709 Acc 0.9785 | Val Loss 0.6520 Acc 0.8534 AUC 0.9175 Pre 0.8559 Rec 0.8534
2026-08-27 13:34:32 | Epoch  10/100 | Train Loss 0.0391 Acc 0.9886 | Val Loss 0.6554 Acc 0.8429 AUC 0.9131 Pre 0.8429 Rec 0.8429
2026-08-27 13:35:12 | Epoch  11/100 | Train Loss 0.0383 Acc 0.9891 | Val Loss 0.6632 Acc 0.8411 AUC 0.9091 Pre 0.8411 Rec 0.8411
2026-08-27 13:35:51 | Epoch  12/100 | Train Loss 0.0222 Acc 0.9937 | Val Loss 0.7688 Acc 0.8616 AUC 0.9227 Pre 0.8616 Rec 0.8616
2026-08-27 13:36:33 | Epoch  13/100 | Train Loss 0.0326 Acc 0.9906 | Val Loss 0.7170 Acc 0.8443 AUC 0.9139 Pre 0.8446 Rec 0.8443
2026-08-27 13:37:14 | Epoch  14/100 | Train Loss 0.0122 Acc 0.9966 | Val Loss 0.8040 Acc 0.8503 AUC 0.9196 Pre 0.8512 Rec 0.8503
2026-08-27 13:37:56 | Epoch  15/100 | Train Loss 0.0090 Acc 0.9977 | Val Loss 0.8437 Acc 0.8474 AUC 0.9149 Pre 0.8480 Rec 0.8474
2026-08-27 13:38:37 | Epoch  16/100 | Train Loss 0.0065 Acc 0.9984 | Val Loss 0.8844 Acc 0.8559 AUC 0.9216 Pre 0.8562 Rec 0.8559
2026-08-27 13:39:16 | Epoch  17/100 | Train Loss 0.0121 Acc 0.9970 | Val Loss 0.8566 Acc 0.8478 AUC 0.9157 Pre 0.8494 Rec 0.8478
2026-08-27 13:39:16 | Val AUC did not improve for 10 consecutive epochs, early stopping at Epoch 17 (best AUC 0.9228 @ Epoch 7)
2026-08-27 13:39:24 | Run 2/5 | Test (best model @ Epoch 7) | Loss 0.4182 Acc 0.8500 AUC 0.9200 Pre 0.8500 Rec 0.8500
2026-08-27 13:39:24 | ===== Run 3/5 (seed 2) =====
2026-08-27 13:40:07 | Epoch   1/100 | Train Loss 0.6705 Acc 0.6311 | Val Loss 0.6337 Acc 0.6657 AUC 0.7330 Pre 0.6677 Rec 0.6657
2026-08-27 13:40:08 |   Val AUC improved to 0.7330, model saved
2026-08-27 13:40:48 | Epoch   2/100 | Train Loss 0.5889 Acc 0.7053 | Val Loss 0.6058 Acc 0.6882 AUC 0.7591 Pre 0.6906 Rec 0.6882
2026-08-27 13:40:49 |   Val AUC improved to 0.7591, model saved
2026-08-27 13:41:30 | Epoch   3/100 | Train Loss 0.5045 Acc 0.7682 | Val Loss 0.4759 Acc 0.7930 AUC 0.8659 Pre 0.7944 Rec 0.7930
2026-08-27 13:41:31 |   Val AUC improved to 0.8659, model saved
2026-08-27 13:42:12 | Epoch   4/100 | Train Loss 0.3739 Acc 0.8474 | Val Loss 0.4222 Acc 0.8204 AUC 0.9012 Pre 0.8246 Rec 0.8204
2026-08-27 13:42:13 |   Val AUC improved to 0.9012, model saved
2026-08-27 13:42:53 | Epoch   5/100 | Train Loss 0.2779 Acc 0.8921 | Val Loss 0.4106 Acc 0.8277 AUC 0.9125 Pre 0.8332 Rec 0.8277
2026-08-27 13:42:54 |   Val AUC improved to 0.9125, model saved
2026-08-27 13:43:34 | Epoch   6/100 | Train Loss 0.2664 Acc 0.8976 | Val Loss 0.4267 Acc 0.8241 AUC 0.8982 Pre 0.8241 Rec 0.8241
2026-08-27 13:44:15 | Epoch   7/100 | Train Loss 0.1884 Acc 0.9292 | Val Loss 0.4209 Acc 0.8442 AUC 0.9175 Pre 0.8458 Rec 0.8442
2026-08-27 13:44:17 |   Val AUC improved to 0.9175, model saved
2026-08-27 13:44:58 | Epoch   8/100 | Train Loss 0.1468 Acc 0.9470 | Val Loss 0.4811 Acc 0.8422 AUC 0.9218 Pre 0.8445 Rec 0.8422
2026-08-27 13:44:59 |   Val AUC improved to 0.9218, model saved
2026-08-27 13:45:42 | Epoch   9/100 | Train Loss 0.0772 Acc 0.9748 | Val Loss 0.5610 Acc 0.8469 AUC 0.9189 Pre 0.8509 Rec 0.8469
2026-08-27 13:46:23 | Epoch  10/100 | Train Loss 0.0501 Acc 0.9844 | Val Loss 0.6825 Acc 0.8343 AUC 0.9122 Pre 0.8390 Rec 0.8343
2026-08-27 13:47:03 | Epoch  11/100 | Train Loss 0.0387 Acc 0.9871 | Val Loss 0.7301 Acc 0.8457 AUC 0.9172 Pre 0.8482 Rec 0.8457
2026-08-27 13:47:42 | Epoch  12/100 | Train Loss 0.0165 Acc 0.9953 | Val Loss 0.7798 Acc 0.8458 AUC 0.9184 Pre 0.8478 Rec 0.8458
2026-08-27 13:48:24 | Epoch  13/100 | Train Loss 0.0122 Acc 0.9965 | Val Loss 0.8352 Acc 0.8461 AUC 0.9170 Pre 0.8462 Rec 0.8461
2026-08-27 13:49:04 | Epoch  14/100 | Train Loss 0.0164 Acc 0.9952 | Val Loss 0.8069 Acc 0.8534 AUC 0.9204 Pre 0.8544 Rec 0.8534
2026-08-27 13:49:45 | Epoch  15/100 | Train Loss 0.0075 Acc 0.9981 | Val Loss 0.8514 Acc 0.8478 AUC 0.9193 Pre 0.8478 Rec 0.8478
2026-08-27 13:50:27 | Epoch  16/100 | Train Loss 0.0068 Acc 0.9979 | Val Loss 0.8999 Acc 0.8385 AUC 0.9165 Pre 0.8390 Rec 0.8385
2026-08-27 13:51:07 | Epoch  17/100 | Train Loss 0.0114 Acc 0.9963 | Val Loss 0.8737 Acc 0.8408 AUC 0.9165 Pre 0.8416 Rec 0.8408
2026-08-27 13:51:47 | Epoch  18/100 | Train Loss 0.0099 Acc 0.9971 | Val Loss 0.8995 Acc 0.8388 AUC 0.9167 Pre 0.8405 Rec 0.8388
2026-08-27 13:51:47 | Val AUC did not improve for 10 consecutive epochs, early stopping at Epoch 18 (best AUC 0.9218 @ Epoch 8)
2026-08-27 13:51:57 | Run 3/5 | Test (best model @ Epoch 8) | Loss 0.4938 Acc 0.8397 AUC 0.9196 Pre 0.8431 Rec 0.8397
2026-08-27 13:51:57 | ===== Run 4/5 (seed 3) =====
2026-08-27 13:52:37 | Epoch   1/100 | Train Loss 0.6361 Acc 0.6653 | Val Loss 0.6342 Acc 0.6584 AUC 0.7240 Pre 0.6586 Rec 0.6584
2026-08-27 13:52:38 |   Val AUC improved to 0.7240, model saved
2026-08-27 13:53:19 | Epoch   2/100 | Train Loss 0.5515 Acc 0.7375 | Val Loss 0.5950 Acc 0.6962 AUC 0.7780 Pre 0.7000 Rec 0.6962
2026-08-27 13:53:20 |   Val AUC improved to 0.7780, model saved
2026-08-27 13:53:58 | Epoch   3/100 | Train Loss 0.4558 Acc 0.8029 | Val Loss 0.5079 Acc 0.7589 AUC 0.8434 Pre 0.7625 Rec 0.7589
2026-08-27 13:53:59 |   Val AUC improved to 0.8434, model saved
2026-08-27 13:54:40 | Epoch   4/100 | Train Loss 0.3460 Acc 0.8619 | Val Loss 0.4571 Acc 0.8324 AUC 0.9064 Pre 0.8373 Rec 0.8324
2026-08-27 13:54:41 |   Val AUC improved to 0.9064, model saved
2026-08-27 13:55:20 | Epoch   5/100 | Train Loss 0.2454 Acc 0.9075 | Val Loss 0.4107 Acc 0.8380 AUC 0.9172 Pre 0.8445 Rec 0.8380
2026-08-27 13:55:21 |   Val AUC improved to 0.9172, model saved
2026-08-27 13:56:00 | Epoch   6/100 | Train Loss 0.1593 Acc 0.9445 | Val Loss 0.4666 Acc 0.8387 AUC 0.9088 Pre 0.8399 Rec 0.8387
2026-08-27 13:56:40 | Epoch   7/100 | Train Loss 0.0948 Acc 0.9691 | Val Loss 0.5438 Acc 0.8433 AUC 0.9141 Pre 0.8453 Rec 0.8433
2026-08-27 13:57:20 | Epoch   8/100 | Train Loss 0.0536 Acc 0.9835 | Val Loss 0.7016 Acc 0.8366 AUC 0.9134 Pre 0.8423 Rec 0.8366
2026-08-27 13:58:00 | Epoch   9/100 | Train Loss 0.0561 Acc 0.9825 | Val Loss 0.6542 Acc 0.8453 AUC 0.9085 Pre 0.8462 Rec 0.8453
2026-08-27 13:58:40 | Epoch  10/100 | Train Loss 0.0412 Acc 0.9867 | Val Loss 0.7228 Acc 0.8455 AUC 0.9179 Pre 0.8478 Rec 0.8455
2026-08-27 13:58:42 |   Val AUC improved to 0.9179, model saved
2026-08-27 13:59:21 | Epoch  11/100 | Train Loss 0.0171 Acc 0.9954 | Val Loss 0.7874 Acc 0.8368 AUC 0.9103 Pre 0.8368 Rec 0.8368
2026-08-27 14:00:02 | Epoch  12/100 | Train Loss 0.0330 Acc 0.9900 | Val Loss 0.7397 Acc 0.8149 AUC 0.8908 Pre 0.8154 Rec 0.8149
2026-08-27 14:00:42 | Epoch  13/100 | Train Loss 0.0316 Acc 0.9906 | Val Loss 0.7134 Acc 0.8388 AUC 0.9111 Pre 0.8389 Rec 0.8388
2026-08-27 14:01:21 | Epoch  14/100 | Train Loss 0.0182 Acc 0.9942 | Val Loss 0.8085 Acc 0.8385 AUC 0.9113 Pre 0.8388 Rec 0.8385
2026-08-27 14:02:02 | Epoch  15/100 | Train Loss 0.0089 Acc 0.9975 | Val Loss 0.8565 Acc 0.8311 AUC 0.9118 Pre 0.8323 Rec 0.8311
2026-08-27 14:02:42 | Epoch  16/100 | Train Loss 0.0065 Acc 0.9983 | Val Loss 0.9532 Acc 0.8369 AUC 0.9141 Pre 0.8401 Rec 0.8369
2026-08-27 14:03:22 | Epoch  17/100 | Train Loss 0.0100 Acc 0.9976 | Val Loss 0.9727 Acc 0.8430 AUC 0.9234 Pre 0.8475 Rec 0.8430
2026-08-27 14:03:24 |   Val AUC improved to 0.9234, model saved
2026-08-27 14:04:03 | Epoch  18/100 | Train Loss 0.0035 Acc 0.9992 | Val Loss 1.0044 Acc 0.8384 AUC 0.9147 Pre 0.8402 Rec 0.8384
2026-08-27 14:04:43 | Epoch  19/100 | Train Loss 0.0030 Acc 0.9992 | Val Loss 1.0821 Acc 0.8473 AUC 0.9224 Pre 0.8481 Rec 0.8473
2026-08-27 14:05:25 | Epoch  20/100 | Train Loss 0.0023 Acc 0.9994 | Val Loss 1.0400 Acc 0.8411 AUC 0.9140 Pre 0.8412 Rec 0.8411
2026-08-27 14:06:06 | Epoch  21/100 | Train Loss 0.0015 Acc 0.9997 | Val Loss 1.0978 Acc 0.8491 AUC 0.9214 Pre 0.8503 Rec 0.8491
2026-08-27 14:06:47 | Epoch  22/100 | Train Loss 0.0012 Acc 0.9997 | Val Loss 1.1038 Acc 0.8388 AUC 0.9126 Pre 0.8407 Rec 0.8388
2026-08-27 14:07:25 | Epoch  23/100 | Train Loss 0.0136 Acc 0.9957 | Val Loss 1.0182 Acc 0.8340 AUC 0.9120 Pre 0.8381 Rec 0.8340
2026-08-27 14:07:59 | Epoch  24/100 | Train Loss 0.0196 Acc 0.9934 | Val Loss 0.8609 Acc 0.8383 AUC 0.9128 Pre 0.8383 Rec 0.8383
2026-08-27 14:08:35 | Epoch  25/100 | Train Loss 0.0073 Acc 0.9976 | Val Loss 0.9459 Acc 0.8393 AUC 0.9147 Pre 0.8423 Rec 0.8393
2026-08-27 14:09:12 | Epoch  26/100 | Train Loss 0.0059 Acc 0.9985 | Val Loss 0.9689 Acc 0.8509 AUC 0.9243 Pre 0.8518 Rec 0.8509
2026-08-27 14:09:13 |   Val AUC improved to 0.9243, model saved
2026-08-27 14:09:48 | Epoch  27/100 | Train Loss 0.0088 Acc 0.9975 | Val Loss 0.9424 Acc 0.8204 AUC 0.9040 Pre 0.8242 Rec 0.8204
2026-08-27 14:10:24 | Epoch  28/100 | Train Loss 0.0120 Acc 0.9961 | Val Loss 0.9679 Acc 0.8298 AUC 0.9182 Pre 0.8361 Rec 0.8298
2026-08-27 14:11:00 | Epoch  29/100 | Train Loss 0.0087 Acc 0.9976 | Val Loss 0.8927 Acc 0.8480 AUC 0.9204 Pre 0.8499 Rec 0.8480
2026-08-27 14:11:37 | Epoch  30/100 | Train Loss 0.0120 Acc 0.9965 | Val Loss 0.8219 Acc 0.8348 AUC 0.9174 Pre 0.8361 Rec 0.8348
2026-08-27 14:12:13 | Epoch  31/100 | Train Loss 0.0153 Acc 0.9949 | Val Loss 0.8510 Acc 0.8359 AUC 0.9164 Pre 0.8361 Rec 0.8359
2026-08-27 14:12:48 | Epoch  32/100 | Train Loss 0.0058 Acc 0.9983 | Val Loss 0.8885 Acc 0.8493 AUC 0.9261 Pre 0.8494 Rec 0.8493
2026-08-27 14:12:49 |   Val AUC improved to 0.9261, model saved
2026-08-27 14:13:25 | Epoch  33/100 | Train Loss 0.0017 Acc 0.9996 | Val Loss 1.0076 Acc 0.8499 AUC 0.9268 Pre 0.8499 Rec 0.8499
2026-08-27 14:13:26 |   Val AUC improved to 0.9268, model saved
2026-08-27 14:14:02 | Epoch  34/100 | Train Loss 0.0010 Acc 0.9998 | Val Loss 1.0237 Acc 0.8469 AUC 0.9242 Pre 0.8470 Rec 0.8469
2026-08-27 14:14:37 | Epoch  35/100 | Train Loss 0.0007 Acc 0.9999 | Val Loss 1.0820 Acc 0.8469 AUC 0.9257 Pre 0.8477 Rec 0.8469
2026-08-27 14:15:14 | Epoch  36/100 | Train Loss 0.0006 Acc 0.9999 | Val Loss 1.0857 Acc 0.8503 AUC 0.9267 Pre 0.8504 Rec 0.8503
2026-08-27 14:15:50 | Epoch  37/100 | Train Loss 0.0003 Acc 1.0000 | Val Loss 1.1225 Acc 0.8496 AUC 0.9272 Pre 0.8496 Rec 0.8496
2026-08-27 14:15:51 |   Val AUC improved to 0.9272, model saved
2026-08-27 14:16:27 | Epoch  38/100 | Train Loss 0.0002 Acc 1.0000 | Val Loss 1.1487 Acc 0.8514 AUC 0.9278 Pre 0.8515 Rec 0.8514
2026-08-27 14:16:28 |   Val AUC improved to 0.9278, model saved
2026-08-27 14:17:05 | Epoch  39/100 | Train Loss 0.0002 Acc 1.0000 | Val Loss 1.1675 Acc 0.8523 AUC 0.9278 Pre 0.8524 Rec 0.8523
2026-08-27 14:17:06 |   Val AUC improved to 0.9278, model saved
2026-08-27 14:17:42 | Epoch  40/100 | Train Loss 0.0002 Acc 1.0000 | Val Loss 1.1863 Acc 0.8524 AUC 0.9278 Pre 0.8526 Rec 0.8524
2026-08-27 14:18:20 | Epoch  41/100 | Train Loss 0.0002 Acc 1.0000 | Val Loss 1.2012 Acc 0.8524 AUC 0.9278 Pre 0.8525 Rec 0.8524
2026-08-27 14:18:22 |   Val AUC improved to 0.9278, model saved
2026-08-27 14:18:59 | Epoch  42/100 | Train Loss 0.0002 Acc 1.0000 | Val Loss 1.2147 Acc 0.8527 AUC 0.9279 Pre 0.8528 Rec 0.8527
2026-08-27 14:19:00 |   Val AUC improved to 0.9279, model saved
2026-08-27 14:19:31 | Epoch  43/100 | Train Loss 0.0002 Acc 1.0000 | Val Loss 1.2280 Acc 0.8527 AUC 0.9280 Pre 0.8528 Rec 0.8527
2026-08-27 14:19:31 |   Val AUC improved to 0.9280, model saved
2026-08-27 14:20:01 | Epoch  44/100 | Train Loss 0.0002 Acc 1.0000 | Val Loss 1.2407 Acc 0.8526 AUC 0.9279 Pre 0.8528 Rec 0.8526
2026-08-27 14:20:29 | Epoch  45/100 | Train Loss 0.0002 Acc 1.0000 | Val Loss 1.2526 Acc 0.8529 AUC 0.9280 Pre 0.8530 Rec 0.8529
2026-08-27 14:20:30 |   Val AUC improved to 0.9280, model saved
2026-08-27 14:20:58 | Epoch  46/100 | Train Loss 0.0002 Acc 1.0000 | Val Loss 1.2634 Acc 0.8524 AUC 0.9280 Pre 0.8526 Rec 0.8524
2026-08-27 14:21:28 | Epoch  47/100 | Train Loss 0.0001 Acc 1.0000 | Val Loss 1.2738 Acc 0.8529 AUC 0.9280 Pre 0.8531 Rec 0.8529
2026-08-27 14:21:56 | Epoch  48/100 | Train Loss 0.0001 Acc 1.0000 | Val Loss 1.2842 Acc 0.8528 AUC 0.9280 Pre 0.8530 Rec 0.8528
2026-08-27 14:21:57 |   Val AUC improved to 0.9280, model saved
2026-08-27 14:22:26 | Epoch  49/100 | Train Loss 0.0001 Acc 1.0000 | Val Loss 1.2942 Acc 0.8529 AUC 0.9280 Pre 0.8531 Rec 0.8529
2026-08-27 14:22:55 | Epoch  50/100 | Train Loss 0.0001 Acc 1.0000 | Val Loss 1.3032 Acc 0.8528 AUC 0.9280 Pre 0.8530 Rec 0.8528
2026-08-27 14:23:26 | Epoch  51/100 | Train Loss 0.0001 Acc 1.0000 | Val Loss 1.3122 Acc 0.8526 AUC 0.9280 Pre 0.8528 Rec 0.8526
2026-08-27 14:23:57 | Epoch  52/100 | Train Loss 0.0001 Acc 1.0000 | Val Loss 1.3184 Acc 0.8529 AUC 0.9279 Pre 0.8531 Rec 0.8529
2026-08-27 14:24:28 | Epoch  53/100 | Train Loss 0.0001 Acc 1.0000 | Val Loss 1.3268 Acc 0.8525 AUC 0.9279 Pre 0.8527 Rec 0.8525
2026-08-27 14:24:58 | Epoch  54/100 | Train Loss 0.0001 Acc 1.0000 | Val Loss 1.3352 Acc 0.8523 AUC 0.9278 Pre 0.8525 Rec 0.8523
2026-08-27 14:25:27 | Epoch  55/100 | Train Loss 0.0001 Acc 1.0000 | Val Loss 1.3428 Acc 0.8522 AUC 0.9278 Pre 0.8524 Rec 0.8522
2026-08-27 14:25:54 | Epoch  56/100 | Train Loss 0.0001 Acc 1.0000 | Val Loss 1.3502 Acc 0.8521 AUC 0.9279 Pre 0.8523 Rec 0.8521
2026-08-27 14:26:20 | Epoch  57/100 | Train Loss 0.0001 Acc 1.0000 | Val Loss 1.3576 Acc 0.8521 AUC 0.9278 Pre 0.8523 Rec 0.8521
2026-08-27 14:26:45 | Epoch  58/100 | Train Loss 0.0001 Acc 1.0000 | Val Loss 1.3644 Acc 0.8523 AUC 0.9277 Pre 0.8525 Rec 0.8523
2026-08-27 14:26:45 | Val AUC did not improve for 10 consecutive epochs, early stopping at Epoch 58 (best AUC 0.9280 @ Epoch 48)
2026-08-27 14:26:51 | Run 4/5 | Test (best model @ Epoch 48) | Loss 1.2994 Acc 0.8499 AUC 0.9255 Pre 0.8501 Rec 0.8499
2026-08-27 14:26:51 | ===== Run 5/5 (seed 4) =====
2026-08-27 14:27:17 | Epoch   1/100 | Train Loss 0.6549 Acc 0.6440 | Val Loss 0.6123 Acc 0.6794 AUC 0.7548 Pre 0.6851 Rec 0.6794
2026-08-27 14:27:18 |   Val AUC improved to 0.7548, model saved
2026-08-27 14:27:44 | Epoch   2/100 | Train Loss 0.5610 Acc 0.7267 | Val Loss 0.6467 Acc 0.6418 AUC 0.7231 Pre 0.6681 Rec 0.6418
2026-08-27 14:28:12 | Epoch   3/100 | Train Loss 0.4690 Acc 0.7903 | Val Loss 0.6291 Acc 0.7129 AUC 0.8546 Pre 0.7856 Rec 0.7129
2026-08-27 14:28:13 |   Val AUC improved to 0.8546, model saved
2026-08-27 14:28:38 | Epoch   4/100 | Train Loss 0.3870 Acc 0.8445 | Val Loss 0.4475 Acc 0.8065 AUC 0.8795 Pre 0.8088 Rec 0.8065
2026-08-27 14:28:39 |   Val AUC improved to 0.8795, model saved
2026-08-27 14:29:06 | Epoch   5/100 | Train Loss 0.3265 Acc 0.8703 | Val Loss 0.4465 Acc 0.8048 AUC 0.8876 Pre 0.8080 Rec 0.8048
2026-08-27 14:29:06 |   Val AUC improved to 0.8876, model saved
2026-08-27 14:29:34 | Epoch   6/100 | Train Loss 0.2536 Acc 0.9036 | Val Loss 0.4620 Acc 0.8044 AUC 0.8974 Pre 0.8224 Rec 0.8044
2026-08-27 14:29:35 |   Val AUC improved to 0.8974, model saved
2026-08-27 14:30:01 | Epoch   7/100 | Train Loss 0.1992 Acc 0.9284 | Val Loss 0.4553 Acc 0.8154 AUC 0.8941 Pre 0.8190 Rec 0.8154
2026-08-27 14:30:26 | Epoch   8/100 | Train Loss 0.1791 Acc 0.9351 | Val Loss 0.4618 Acc 0.8448 AUC 0.9111 Pre 0.8454 Rec 0.8448
2026-08-27 14:30:27 |   Val AUC improved to 0.9111, model saved
2026-08-27 14:30:52 | Epoch   9/100 | Train Loss 0.1313 Acc 0.9533 | Val Loss 0.5245 Acc 0.8440 AUC 0.9122 Pre 0.8445 Rec 0.8440
2026-08-27 14:30:52 |   Val AUC improved to 0.9122, model saved
2026-08-27 14:31:19 | Epoch  10/100 | Train Loss 0.1314 Acc 0.9532 | Val Loss 0.7148 Acc 0.7417 AUC 0.8405 Pre 0.7560 Rec 0.7417
2026-08-27 14:31:44 | Epoch  11/100 | Train Loss 0.1763 Acc 0.9336 | Val Loss 0.5339 Acc 0.8410 AUC 0.9136 Pre 0.8429 Rec 0.8410
2026-08-27 14:31:45 |   Val AUC improved to 0.9136, model saved
2026-08-27 14:32:09 | Epoch  12/100 | Train Loss 0.0808 Acc 0.9732 | Val Loss 0.6035 Acc 0.8371 AUC 0.9093 Pre 0.8400 Rec 0.8371
2026-08-27 14:32:36 | Epoch  13/100 | Train Loss 0.0427 Acc 0.9868 | Val Loss 0.6662 Acc 0.8352 AUC 0.9089 Pre 0.8356 Rec 0.8352
2026-08-27 14:33:03 | Epoch  14/100 | Train Loss 0.0333 Acc 0.9896 | Val Loss 0.7741 Acc 0.8176 AUC 0.8996 Pre 0.8248 Rec 0.8176
2026-08-27 14:33:30 | Epoch  15/100 | Train Loss 0.0285 Acc 0.9915 | Val Loss 0.7545 Acc 0.8418 AUC 0.9132 Pre 0.8429 Rec 0.8418
2026-08-27 14:33:54 | Epoch  16/100 | Train Loss 0.0089 Acc 0.9981 | Val Loss 0.8566 Acc 0.8430 AUC 0.9145 Pre 0.8464 Rec 0.8430
2026-08-27 14:33:54 |   Val AUC improved to 0.9145, model saved
2026-08-27 14:34:17 | Epoch  17/100 | Train Loss 0.0050 Acc 0.9991 | Val Loss 0.8737 Acc 0.8448 AUC 0.9134 Pre 0.8450 Rec 0.8448
2026-08-27 14:34:39 | Epoch  18/100 | Train Loss 0.0032 Acc 0.9996 | Val Loss 0.9363 Acc 0.8447 AUC 0.9153 Pre 0.8447 Rec 0.8447
2026-08-27 14:34:40 |   Val AUC improved to 0.9153, model saved
2026-08-27 14:35:04 | Epoch  19/100 | Train Loss 0.0065 Acc 0.9983 | Val Loss 0.9677 Acc 0.8423 AUC 0.9123 Pre 0.8428 Rec 0.8423
2026-08-27 14:35:27 | Epoch  20/100 | Train Loss 0.0068 Acc 0.9983 | Val Loss 0.9392 Acc 0.8439 AUC 0.9175 Pre 0.8444 Rec 0.8439
2026-08-27 14:35:27 |   Val AUC improved to 0.9175, model saved
2026-08-27 14:35:50 | Epoch  21/100 | Train Loss 0.0040 Acc 0.9992 | Val Loss 0.9701 Acc 0.8429 AUC 0.9163 Pre 0.8429 Rec 0.8429
2026-08-27 14:36:14 | Epoch  22/100 | Train Loss 0.0028 Acc 0.9994 | Val Loss 1.0033 Acc 0.8418 AUC 0.9150 Pre 0.8418 Rec 0.8418
2026-08-27 14:36:37 | Epoch  23/100 | Train Loss 0.0028 Acc 0.9995 | Val Loss 0.9768 Acc 0.8411 AUC 0.9148 Pre 0.8415 Rec 0.8411
2026-08-27 14:36:59 | Epoch  24/100 | Train Loss 0.0038 Acc 0.9993 | Val Loss 0.9889 Acc 0.8481 AUC 0.9152 Pre 0.8483 Rec 0.8481
2026-08-27 14:37:22 | Epoch  25/100 | Train Loss 0.0026 Acc 0.9996 | Val Loss 1.0465 Acc 0.8461 AUC 0.9164 Pre 0.8461 Rec 0.8461
2026-08-27 14:37:45 | Epoch  26/100 | Train Loss 0.0019 Acc 0.9998 | Val Loss 1.0521 Acc 0.8503 AUC 0.9163 Pre 0.8511 Rec 0.8503
2026-08-27 14:38:08 | Epoch  27/100 | Train Loss 0.0012 Acc 0.9999 | Val Loss 1.0457 Acc 0.8494 AUC 0.9182 Pre 0.8494 Rec 0.8494
2026-08-27 14:38:09 |   Val AUC improved to 0.9182, model saved
2026-08-27 14:38:31 | Epoch  28/100 | Train Loss 0.0011 Acc 0.9998 | Val Loss 1.0961 Acc 0.8453 AUC 0.9166 Pre 0.8460 Rec 0.8453
2026-08-27 14:38:53 | Epoch  29/100 | Train Loss 0.0006 Acc 1.0000 | Val Loss 1.1161 Acc 0.8485 AUC 0.9170 Pre 0.8489 Rec 0.8485
2026-08-27 14:39:14 | Epoch  30/100 | Train Loss 0.0006 Acc 1.0000 | Val Loss 1.1471 Acc 0.8482 AUC 0.9176 Pre 0.8484 Rec 0.8482
2026-08-27 14:39:36 | Epoch  31/100 | Train Loss 0.0005 Acc 1.0000 | Val Loss 1.1565 Acc 0.8484 AUC 0.9173 Pre 0.8488 Rec 0.8484
2026-08-27 14:39:55 | Epoch  32/100 | Train Loss 0.0004 Acc 1.0000 | Val Loss 1.1764 Acc 0.8481 AUC 0.9176 Pre 0.8485 Rec 0.8481
2026-08-27 14:40:14 | Epoch  33/100 | Train Loss 0.0004 Acc 1.0000 | Val Loss 1.1847 Acc 0.8478 AUC 0.9181 Pre 0.8480 Rec 0.8478
2026-08-27 14:40:35 | Epoch  34/100 | Train Loss 0.0004 Acc 1.0000 | Val Loss 1.1888 Acc 0.8492 AUC 0.9182 Pre 0.8495 Rec 0.8492
2026-08-27 14:40:55 | Epoch  35/100 | Train Loss 0.0004 Acc 1.0000 | Val Loss 1.1976 Acc 0.8486 AUC 0.9184 Pre 0.8489 Rec 0.8486
2026-08-27 14:40:55 |   Val AUC improved to 0.9184, model saved
2026-08-27 14:41:15 | Epoch  36/100 | Train Loss 0.0004 Acc 1.0000 | Val Loss 1.2122 Acc 0.8487 AUC 0.9187 Pre 0.8490 Rec 0.8487
2026-08-27 14:41:16 |   Val AUC improved to 0.9187, model saved
2026-08-27 14:41:34 | Epoch  37/100 | Train Loss 0.0003 Acc 1.0000 | Val Loss 1.2198 Acc 0.8493 AUC 0.9189 Pre 0.8496 Rec 0.8493
2026-08-27 14:41:34 |   Val AUC improved to 0.9189, model saved
2026-08-27 14:41:50 | Epoch  38/100 | Train Loss 0.0003 Acc 1.0000 | Val Loss 1.2294 Acc 0.8492 AUC 0.9191 Pre 0.8494 Rec 0.8492
2026-08-27 14:41:51 |   Val AUC improved to 0.9191, model saved
2026-08-27 14:42:06 | Epoch  39/100 | Train Loss 0.0003 Acc 1.0000 | Val Loss 1.2383 Acc 0.8495 AUC 0.9194 Pre 0.8497 Rec 0.8495
2026-08-27 14:42:07 |   Val AUC improved to 0.9194, model saved
2026-08-27 14:42:22 | Epoch  40/100 | Train Loss 0.0003 Acc 1.0000 | Val Loss 1.2471 Acc 0.8497 AUC 0.9195 Pre 0.8499 Rec 0.8497
2026-08-27 14:42:23 |   Val AUC improved to 0.9195, model saved
2026-08-27 14:42:37 | Epoch  41/100 | Train Loss 0.0003 Acc 1.0000 | Val Loss 1.2572 Acc 0.8501 AUC 0.9195 Pre 0.8503 Rec 0.8501
2026-08-27 14:42:53 | Epoch  42/100 | Train Loss 0.0003 Acc 1.0000 | Val Loss 1.2671 Acc 0.8503 AUC 0.9197 Pre 0.8505 Rec 0.8503
2026-08-27 14:42:54 |   Val AUC improved to 0.9197, model saved
2026-08-27 14:43:09 | Epoch  43/100 | Train Loss 0.0003 Acc 1.0000 | Val Loss 1.2702 Acc 0.8495 AUC 0.9197 Pre 0.8498 Rec 0.8495
2026-08-27 14:43:10 |   Val AUC improved to 0.9197, model saved
2026-08-27 14:43:25 | Epoch  44/100 | Train Loss 0.0003 Acc 1.0000 | Val Loss 1.2783 Acc 0.8498 AUC 0.9199 Pre 0.8500 Rec 0.8498
2026-08-27 14:43:26 |   Val AUC improved to 0.9199, model saved
2026-08-27 14:43:41 | Epoch  45/100 | Train Loss 0.0003 Acc 1.0000 | Val Loss 1.2844 Acc 0.8494 AUC 0.9201 Pre 0.8496 Rec 0.8494
2026-08-27 14:43:41 |   Val AUC improved to 0.9201, model saved
2026-08-27 14:43:56 | Epoch  46/100 | Train Loss 0.0002 Acc 1.0000 | Val Loss 1.2943 Acc 0.8492 AUC 0.9202 Pre 0.8494 Rec 0.8492
2026-08-27 14:43:57 |   Val AUC improved to 0.9202, model saved
2026-08-27 14:44:12 | Epoch  47/100 | Train Loss 0.0002 Acc 1.0000 | Val Loss 1.3035 Acc 0.8495 AUC 0.9203 Pre 0.8497 Rec 0.8495
2026-08-27 14:44:13 |   Val AUC improved to 0.9203, model saved
2026-08-27 14:44:27 | Epoch  48/100 | Train Loss 0.0002 Acc 1.0000 | Val Loss 1.3350 Acc 0.8489 AUC 0.9191 Pre 0.8504 Rec 0.8489
2026-08-27 14:44:42 | Epoch  49/100 | Train Loss 0.0002 Acc 1.0000 | Val Loss 1.3307 Acc 0.8486 AUC 0.9196 Pre 0.8488 Rec 0.8486
2026-08-27 14:44:57 | Epoch  50/100 | Train Loss 0.0002 Acc 1.0000 | Val Loss 1.3338 Acc 0.8489 AUC 0.9198 Pre 0.8490 Rec 0.8489
2026-08-27 14:45:12 | Epoch  51/100 | Train Loss 0.0002 Acc 1.0000 | Val Loss 1.3363 Acc 0.8495 AUC 0.9199 Pre 0.8497 Rec 0.8495
2026-08-27 14:45:26 | Epoch  52/100 | Train Loss 0.0002 Acc 1.0000 | Val Loss 1.3429 Acc 0.8493 AUC 0.9201 Pre 0.8494 Rec 0.8493
2026-08-27 14:45:41 | Epoch  53/100 | Train Loss 0.0002 Acc 1.0000 | Val Loss 1.3502 Acc 0.8500 AUC 0.9202 Pre 0.8502 Rec 0.8500
2026-08-27 14:45:55 | Epoch  54/100 | Train Loss 0.0002 Acc 1.0000 | Val Loss 1.3573 Acc 0.8496 AUC 0.9204 Pre 0.8498 Rec 0.8496
2026-08-27 14:45:56 |   Val AUC improved to 0.9204, model saved
2026-08-27 14:46:10 | Epoch  55/100 | Train Loss 0.0002 Acc 1.0000 | Val Loss 1.3653 Acc 0.8488 AUC 0.9202 Pre 0.8489 Rec 0.8488
2026-08-27 14:46:25 | Epoch  56/100 | Train Loss 0.0002 Acc 1.0000 | Val Loss 1.3716 Acc 0.8496 AUC 0.9204 Pre 0.8498 Rec 0.8496
2026-08-27 14:46:25 |   Val AUC improved to 0.9204, model saved
2026-08-27 14:46:41 | Epoch  57/100 | Train Loss 0.0002 Acc 1.0000 | Val Loss 1.3809 Acc 0.8492 AUC 0.9204 Pre 0.8494 Rec 0.8492
2026-08-27 14:46:42 |   Val AUC improved to 0.9204, model saved
2026-08-27 14:46:57 | Epoch  58/100 | Train Loss 0.0002 Acc 1.0000 | Val Loss 1.3872 Acc 0.8499 AUC 0.9206 Pre 0.8501 Rec 0.8499
2026-08-27 14:46:57 |   Val AUC improved to 0.9206, model saved
2026-08-27 14:47:12 | Epoch  59/100 | Train Loss 0.0002 Acc 1.0000 | Val Loss 1.3911 Acc 0.8497 AUC 0.9207 Pre 0.8498 Rec 0.8497
2026-08-27 14:47:12 |   Val AUC improved to 0.9207, model saved
2026-08-27 14:47:26 | Epoch  60/100 | Train Loss 0.0002 Acc 1.0000 | Val Loss 1.3928 Acc 0.8497 AUC 0.9207 Pre 0.8499 Rec 0.8497
2026-08-27 14:47:27 |   Val AUC improved to 0.9207, model saved
2026-08-27 14:47:41 | Epoch  61/100 | Train Loss 0.0002 Acc 1.0000 | Val Loss 1.4018 Acc 0.8495 AUC 0.9207 Pre 0.8496 Rec 0.8495
2026-08-27 14:47:41 |   Val AUC improved to 0.9207, model saved
2026-08-27 14:47:54 | Epoch  62/100 | Train Loss 0.0002 Acc 1.0000 | Val Loss 1.4081 Acc 0.8503 AUC 0.9208 Pre 0.8504 Rec 0.8503
2026-08-27 14:47:55 |   Val AUC improved to 0.9208, model saved
2026-08-27 14:48:04 | Epoch  63/100 | Train Loss 0.0002 Acc 1.0000 | Val Loss 1.4154 Acc 0.8503 AUC 0.9210 Pre 0.8504 Rec 0.8503
2026-08-27 14:48:04 |   Val AUC improved to 0.9210, model saved
2026-08-27 14:48:12 | Epoch  64/100 | Train Loss 0.0002 Acc 1.0000 | Val Loss 1.4026 Acc 0.8508 AUC 0.9210 Pre 0.8516 Rec 0.8508
2026-08-27 14:48:21 | Epoch  65/100 | Train Loss 0.0002 Acc 1.0000 | Val Loss 1.4109 Acc 0.8496 AUC 0.9206 Pre 0.8497 Rec 0.8496
2026-08-27 14:48:31 | Epoch  66/100 | Train Loss 0.0002 Acc 1.0000 | Val Loss 1.4245 Acc 0.8497 AUC 0.9209 Pre 0.8499 Rec 0.8497
2026-08-27 14:48:39 | Epoch  67/100 | Train Loss 0.0002 Acc 1.0000 | Val Loss 1.4334 Acc 0.8498 AUC 0.9209 Pre 0.8499 Rec 0.8498
2026-08-27 14:48:49 | Epoch  68/100 | Train Loss 0.0001 Acc 1.0000 | Val Loss 1.4429 Acc 0.8510 AUC 0.9210 Pre 0.8511 Rec 0.8510
2026-08-27 14:48:50 |   Val AUC improved to 0.9210, model saved
2026-08-27 14:48:58 | Epoch  69/100 | Train Loss 0.0001 Acc 1.0000 | Val Loss 1.4473 Acc 0.8503 AUC 0.9211 Pre 0.8507 Rec 0.8503
2026-08-27 14:48:58 |   Val AUC improved to 0.9211, model saved
2026-08-27 14:49:07 | Epoch  70/100 | Train Loss 0.0001 Acc 1.0000 | Val Loss 1.4571 Acc 0.8508 AUC 0.9212 Pre 0.8509 Rec 0.8508
2026-08-27 14:49:08 |   Val AUC improved to 0.9212, model saved
2026-08-27 14:49:17 | Epoch  71/100 | Train Loss 0.0001 Acc 1.0000 | Val Loss 1.4609 Acc 0.8515 AUC 0.9212 Pre 0.8517 Rec 0.8515
2026-08-27 14:49:26 | Epoch  72/100 | Train Loss 0.0001 Acc 1.0000 | Val Loss 1.4686 Acc 0.8517 AUC 0.9213 Pre 0.8519 Rec 0.8517
2026-08-27 14:49:26 |   Val AUC improved to 0.9213, model saved
2026-08-27 14:49:34 | Epoch  73/100 | Train Loss 0.1426 Acc 0.9684 | Val Loss 0.4790 Acc 0.8251 AUC 0.8913 Pre 0.8259 Rec 0.8251
2026-08-27 14:49:43 | Epoch  74/100 | Train Loss 0.1089 Acc 0.9606 | Val Loss 0.5584 Acc 0.8459 AUC 0.9187 Pre 0.8499 Rec 0.8459
2026-08-27 14:49:52 | Epoch  75/100 | Train Loss 0.0273 Acc 0.9917 | Val Loss 0.6164 Acc 0.8574 AUC 0.9250 Pre 0.8576 Rec 0.8574
2026-08-27 14:49:52 |   Val AUC improved to 0.9250, model saved
2026-08-27 14:50:01 | Epoch  76/100 | Train Loss 0.0082 Acc 0.9980 | Val Loss 0.7288 Acc 0.8554 AUC 0.9257 Pre 0.8554 Rec 0.8554
2026-08-27 14:50:01 |   Val AUC improved to 0.9257, model saved
2026-08-27 14:50:12 | Epoch  77/100 | Train Loss 0.0042 Acc 0.9991 | Val Loss 0.7495 Acc 0.8519 AUC 0.9263 Pre 0.8519 Rec 0.8519
2026-08-27 14:50:12 |   Val AUC improved to 0.9263, model saved
2026-08-27 14:50:21 | Epoch  78/100 | Train Loss 0.0027 Acc 0.9995 | Val Loss 0.8278 Acc 0.8545 AUC 0.9243 Pre 0.8547 Rec 0.8545
2026-08-27 14:50:30 | Epoch  79/100 | Train Loss 0.0014 Acc 0.9999 | Val Loss 0.8626 Acc 0.8598 AUC 0.9267 Pre 0.8601 Rec 0.8598
2026-08-27 14:50:30 |   Val AUC improved to 0.9267, model saved
2026-08-27 14:50:40 | Epoch  80/100 | Train Loss 0.0007 Acc 1.0000 | Val Loss 0.8954 Acc 0.8601 AUC 0.9270 Pre 0.8602 Rec 0.8601
2026-08-27 14:50:40 |   Val AUC improved to 0.9270, model saved
2026-08-27 14:50:50 | Epoch  81/100 | Train Loss 0.0007 Acc 1.0000 | Val Loss 0.9123 Acc 0.8594 AUC 0.9274 Pre 0.8594 Rec 0.8594
2026-08-27 14:50:50 |   Val AUC improved to 0.9274, model saved
2026-08-27 14:50:59 | Epoch  82/100 | Train Loss 0.0017 Acc 0.9998 | Val Loss 0.9321 Acc 0.8536 AUC 0.9249 Pre 0.8536 Rec 0.8536
2026-08-27 14:51:08 | Epoch  83/100 | Train Loss 0.0010 Acc 0.9999 | Val Loss 0.9716 Acc 0.8456 AUC 0.9218 Pre 0.8456 Rec 0.8456
2026-08-27 14:51:16 | Epoch  84/100 | Train Loss 0.0022 Acc 0.9995 | Val Loss 0.9627 Acc 0.8534 AUC 0.9230 Pre 0.8552 Rec 0.8534
2026-08-27 14:51:23 | Epoch  85/100 | Train Loss 0.0016 Acc 0.9996 | Val Loss 0.9926 Acc 0.8504 AUC 0.9245 Pre 0.8504 Rec 0.8504
2026-08-27 14:51:30 | Epoch  86/100 | Train Loss 0.0016 Acc 0.9997 | Val Loss 0.9702 Acc 0.8575 AUC 0.9260 Pre 0.8586 Rec 0.8575
2026-08-27 14:51:38 | Epoch  87/100 | Train Loss 0.0029 Acc 0.9992 | Val Loss 0.9826 Acc 0.8578 AUC 0.9246 Pre 0.8591 Rec 0.8578
2026-08-27 14:51:46 | Epoch  88/100 | Train Loss 0.0024 Acc 0.9992 | Val Loss 1.0059 Acc 0.8533 AUC 0.9273 Pre 0.8535 Rec 0.8533
2026-08-27 14:51:53 | Epoch  89/100 | Train Loss 0.0022 Acc 0.9994 | Val Loss 1.0038 Acc 0.8567 AUC 0.9243 Pre 0.8569 Rec 0.8567
2026-08-27 14:52:00 | Epoch  90/100 | Train Loss 0.0024 Acc 0.9992 | Val Loss 1.0408 Acc 0.8537 AUC 0.9221 Pre 0.8572 Rec 0.8537
2026-08-27 14:52:08 | Epoch  91/100 | Train Loss 0.0081 Acc 0.9975 | Val Loss 0.9411 Acc 0.8558 AUC 0.9250 Pre 0.8559 Rec 0.8558
2026-08-27 14:52:08 | Val AUC did not improve for 10 consecutive epochs, early stopping at Epoch 91 (best AUC 0.9274 @ Epoch 81)
2026-08-27 14:52:09 | Run 5/5 | Test (best model @ Epoch 81) | Loss 0.8703 Acc 0.8609 AUC 0.9306 Pre 0.8610 Rec 0.8609
2026-08-27 14:52:09 | Average over 5 runs | Test Loss 0.7009±0.3831 Acc 0.8482±0.0087 AUC 0.9215±0.0070 Pre 0.8489±0.0080 Rec 0.8482±0.0087
