2026-09-14 22:11:05 | Device: cuda
2026-09-14 22:11:05 | Args: {'model': 'opb-fixed-frame', 'backbone': 'gnn', 'task': 'cora', 'epochs': 100, 'batch_size': 512, 'lr': 0.01, 'hidden_dims': [512, 256], 'dropout': 0.2, 'z_dim': 256, 'anchor_scale': 1.0, 'energy_classifier': False, 'tied_head': False, 'max_len': 250, 'random_labels': False, 'beta': 0.1, 'patience': 10, 'runs': 5, 'seed': 0, 'data_dir': './data', 'save_path': 'output/cora_gnn_opb-fixed-frame/cora_gnn_opb-fixed-frame.pt', 'log_path': '/root/autodl-tmp/IB/output/ablation/cora_gnn_opb-fixed-frame_beta_0.1_anchor_1/train.log', 'no_save': True}
2026-09-14 22:11:07 | Cora 划分（60/20/20 分层）：train 1624 / val 542 / test 542（共 2708 节点，7 类）
2026-09-14 22:11:08 | ===== Run 1/5 (seed 0) =====
2026-09-14 22:11:08 | Epoch   1/100 | Train Loss 2.4209 Acc 0.1379 | Val Loss 1.9492 Acc 0.3026 AUC 0.9126 Pre 0.0432 Rec 0.1429
2026-09-14 22:11:08 |   Val AUC improved to 0.9126, model saved
2026-09-14 22:11:08 | Epoch   2/100 | Train Loss 2.3769 Acc 0.1496 | Val Loss 1.9875 Acc 0.3026 AUC 0.8857 Pre 0.0432 Rec 0.1429
2026-09-14 22:11:08 | Epoch   3/100 | Train Loss 2.3396 Acc 0.1933 | Val Loss 1.8239 Acc 0.3118 AUC 0.9362 Pre 0.1865 Rec 0.1514
2026-09-14 22:11:08 |   Val AUC improved to 0.9362, model saved
2026-09-14 22:11:09 | Epoch   4/100 | Train Loss 2.1887 Acc 0.1829 | Val Loss 1.7710 Acc 0.4207 AUC 0.9465 Pre 0.1877 Rec 0.2517
2026-09-14 22:11:09 |   Val AUC improved to 0.9465, model saved
2026-09-14 22:11:09 | Epoch   5/100 | Train Loss 2.0883 Acc 0.2488 | Val Loss 1.6753 Acc 0.4576 AUC 0.9484 Pre 0.3267 Rec 0.2855
2026-09-14 22:11:09 |   Val AUC improved to 0.9484, model saved
2026-09-14 22:11:09 | Epoch   6/100 | Train Loss 1.9580 Acc 0.3430 | Val Loss 1.5206 Acc 0.5277 AUC 0.9520 Pre 0.5494 Rec 0.3599
2026-09-14 22:11:09 |   Val AUC improved to 0.9520, model saved
2026-09-14 22:11:09 | Epoch   7/100 | Train Loss 1.7569 Acc 0.4286 | Val Loss 1.4074 Acc 0.6458 AUC 0.9585 Pre 0.5561 Rec 0.4898
2026-09-14 22:11:09 |   Val AUC improved to 0.9585, model saved
2026-09-14 22:11:09 | Epoch   8/100 | Train Loss 1.5851 Acc 0.5376 | Val Loss 1.2679 Acc 0.7362 AUC 0.9659 Pre 0.5250 Rec 0.5922
2026-09-14 22:11:09 |   Val AUC improved to 0.9659, model saved
2026-09-14 22:11:09 | Epoch   9/100 | Train Loss 1.4240 Acc 0.6127 | Val Loss 1.1469 Acc 0.7620 AUC 0.9692 Pre 0.6719 Rec 0.6343
2026-09-14 22:11:09 |   Val AUC improved to 0.9692, model saved
2026-09-14 22:11:09 | Epoch  10/100 | Train Loss 1.3197 Acc 0.6613 | Val Loss 1.1478 Acc 0.7620 AUC 0.9685 Pre 0.6761 Rec 0.6434
2026-09-14 22:11:09 | Epoch  11/100 | Train Loss 1.2808 Acc 0.7198 | Val Loss 1.1379 Acc 0.7860 AUC 0.9688 Pre 0.8246 Rec 0.6865
2026-09-14 22:11:09 | Epoch  12/100 | Train Loss 1.2643 Acc 0.7377 | Val Loss 1.0976 Acc 0.8026 AUC 0.9702 Pre 0.8308 Rec 0.7121
2026-09-14 22:11:09 |   Val AUC improved to 0.9702, model saved
2026-09-14 22:11:09 | Epoch  13/100 | Train Loss 1.2217 Acc 0.7635 | Val Loss 1.0670 Acc 0.8210 AUC 0.9711 Pre 0.8401 Rec 0.7407
2026-09-14 22:11:09 |   Val AUC improved to 0.9711, model saved
2026-09-14 22:11:09 | Epoch  14/100 | Train Loss 1.1297 Acc 0.8011 | Val Loss 1.0304 Acc 0.8358 AUC 0.9719 Pre 0.8539 Rec 0.7697
2026-09-14 22:11:09 |   Val AUC improved to 0.9719, model saved
2026-09-14 22:11:09 | Epoch  15/100 | Train Loss 1.0658 Acc 0.8134 | Val Loss 0.9986 Acc 0.8542 AUC 0.9723 Pre 0.8629 Rec 0.8120
2026-09-14 22:11:09 |   Val AUC improved to 0.9723, model saved
2026-09-14 22:11:09 | Epoch  16/100 | Train Loss 1.0311 Acc 0.8011 | Val Loss 0.9759 Acc 0.8635 AUC 0.9718 Pre 0.8690 Rec 0.8279
2026-09-14 22:11:09 | Epoch  17/100 | Train Loss 0.9970 Acc 0.8227 | Val Loss 0.9600 Acc 0.8672 AUC 0.9716 Pre 0.8738 Rec 0.8413
2026-09-14 22:11:09 | Epoch  18/100 | Train Loss 0.9677 Acc 0.8264 | Val Loss 0.9436 Acc 0.8708 AUC 0.9717 Pre 0.8667 Rec 0.8478
2026-09-14 22:11:09 | Epoch  19/100 | Train Loss 0.9251 Acc 0.8534 | Val Loss 0.9277 Acc 0.8727 AUC 0.9717 Pre 0.8647 Rec 0.8546
2026-09-14 22:11:09 | Epoch  20/100 | Train Loss 0.8814 Acc 0.8787 | Val Loss 0.9215 Acc 0.8727 AUC 0.9713 Pre 0.8619 Rec 0.8602
2026-09-14 22:11:09 | Epoch  21/100 | Train Loss 0.8777 Acc 0.8867 | Val Loss 0.9305 Acc 0.8708 AUC 0.9706 Pre 0.8556 Rec 0.8598
2026-09-14 22:11:09 | Epoch  22/100 | Train Loss 0.8542 Acc 0.9033 | Val Loss 0.9404 Acc 0.8690 AUC 0.9704 Pre 0.8540 Rec 0.8557
2026-09-14 22:11:09 | Epoch  23/100 | Train Loss 0.8669 Acc 0.9095 | Val Loss 0.9437 Acc 0.8653 AUC 0.9699 Pre 0.8461 Rec 0.8519
2026-09-14 22:11:09 | Epoch  24/100 | Train Loss 0.8233 Acc 0.9273 | Val Loss 0.9305 Acc 0.8635 AUC 0.9691 Pre 0.8433 Rec 0.8486
2026-09-14 22:11:09 | Epoch  25/100 | Train Loss 0.8228 Acc 0.9212 | Val Loss 0.9168 Acc 0.8653 AUC 0.9681 Pre 0.8467 Rec 0.8459
2026-09-14 22:11:09 | Val AUC did not improve for 10 consecutive epochs, early stopping at Epoch 25 (best AUC 0.9723 @ Epoch 15)
2026-09-14 22:11:09 | Run 1/5 | Test (best model @ Epoch 15) | Loss 0.9831 Acc 0.8561 AUC 0.9765 Pre 0.8618 Rec 0.8246
2026-09-14 22:11:09 | ===== Run 2/5 (seed 1) =====
2026-09-14 22:11:09 | Epoch   1/100 | Train Loss 2.4379 Acc 0.1398 | Val Loss 1.9449 Acc 0.3026 AUC 0.9069 Pre 0.0432 Rec 0.1429
2026-09-14 22:11:09 |   Val AUC improved to 0.9069, model saved
2026-09-14 22:11:09 | Epoch   2/100 | Train Loss 2.3238 Acc 0.1521 | Val Loss 2.0078 Acc 0.3026 AUC 0.8803 Pre 0.0432 Rec 0.1429
2026-09-14 22:11:09 | Epoch   3/100 | Train Loss 2.3873 Acc 0.1946 | Val Loss 1.8283 Acc 0.3026 AUC 0.9358 Pre 0.0432 Rec 0.1429
2026-09-14 22:11:09 |   Val AUC improved to 0.9358, model saved
2026-09-14 22:11:10 | Epoch   4/100 | Train Loss 2.1962 Acc 0.2069 | Val Loss 1.7800 Acc 0.3967 AUC 0.9498 Pre 0.1906 Rec 0.2296
2026-09-14 22:11:10 |   Val AUC improved to 0.9498, model saved
2026-09-14 22:11:10 | Epoch   5/100 | Train Loss 2.1222 Acc 0.2186 | Val Loss 1.6994 Acc 0.4686 AUC 0.9516 Pre 0.3301 Rec 0.2955
2026-09-14 22:11:10 |   Val AUC improved to 0.9516, model saved
2026-09-14 22:11:10 | Epoch   6/100 | Train Loss 2.0045 Acc 0.3140 | Val Loss 1.5715 Acc 0.5351 AUC 0.9521 Pre 0.5488 Rec 0.3675
2026-09-14 22:11:10 |   Val AUC improved to 0.9521, model saved
2026-09-14 22:11:10 | Epoch   7/100 | Train Loss 1.7741 Acc 0.4335 | Val Loss 1.4028 Acc 0.6476 AUC 0.9581 Pre 0.5423 Rec 0.4928
2026-09-14 22:11:10 |   Val AUC improved to 0.9581, model saved
2026-09-14 22:11:10 | Epoch   8/100 | Train Loss 1.5674 Acc 0.5154 | Val Loss 1.2946 Acc 0.7306 AUC 0.9653 Pre 0.5402 Rec 0.5855
2026-09-14 22:11:10 |   Val AUC improved to 0.9653, model saved
2026-09-14 22:11:10 | Epoch   9/100 | Train Loss 1.4857 Acc 0.5862 | Val Loss 1.1765 Acc 0.7638 AUC 0.9668 Pre 0.5386 Rec 0.6316
2026-09-14 22:11:10 |   Val AUC improved to 0.9668, model saved
2026-09-14 22:11:10 | Epoch  10/100 | Train Loss 1.3386 Acc 0.6644 | Val Loss 1.1711 Acc 0.7528 AUC 0.9634 Pre 0.6806 Rec 0.6344
2026-09-14 22:11:10 | Epoch  11/100 | Train Loss 1.3158 Acc 0.7075 | Val Loss 1.1785 Acc 0.7786 AUC 0.9650 Pre 0.8325 Rec 0.6753
2026-09-14 22:11:10 | Epoch  12/100 | Train Loss 1.2824 Acc 0.7463 | Val Loss 1.1065 Acc 0.8137 AUC 0.9681 Pre 0.8389 Rec 0.7322
2026-09-14 22:11:10 |   Val AUC improved to 0.9681, model saved
2026-09-14 22:11:10 | Epoch  13/100 | Train Loss 1.1807 Acc 0.7839 | Val Loss 1.0496 Acc 0.8358 AUC 0.9711 Pre 0.8473 Rec 0.7631
2026-09-14 22:11:10 |   Val AUC improved to 0.9711, model saved
2026-09-14 22:11:10 | Epoch  14/100 | Train Loss 1.1415 Acc 0.7697 | Val Loss 1.0200 Acc 0.8487 AUC 0.9730 Pre 0.8632 Rec 0.7920
2026-09-14 22:11:10 |   Val AUC improved to 0.9730, model saved
2026-09-14 22:11:10 | Epoch  15/100 | Train Loss 1.0705 Acc 0.7974 | Val Loss 1.0007 Acc 0.8524 AUC 0.9720 Pre 0.8642 Rec 0.8009
2026-09-14 22:11:10 | Epoch  16/100 | Train Loss 1.0211 Acc 0.8147 | Val Loss 0.9838 Acc 0.8506 AUC 0.9711 Pre 0.8589 Rec 0.8038
2026-09-14 22:11:10 | Epoch  17/100 | Train Loss 0.9989 Acc 0.8245 | Val Loss 0.9699 Acc 0.8635 AUC 0.9714 Pre 0.8666 Rec 0.8326
2026-09-14 22:11:10 | Epoch  18/100 | Train Loss 0.9912 Acc 0.8208 | Val Loss 0.9548 Acc 0.8764 AUC 0.9722 Pre 0.8732 Rec 0.8519
2026-09-14 22:11:10 | Epoch  19/100 | Train Loss 0.9476 Acc 0.8522 | Val Loss 0.9392 Acc 0.8782 AUC 0.9721 Pre 0.8723 Rec 0.8602
2026-09-14 22:11:10 | Epoch  20/100 | Train Loss 0.9172 Acc 0.8621 | Val Loss 0.9283 Acc 0.8672 AUC 0.9717 Pre 0.8543 Rec 0.8536
2026-09-14 22:11:10 | Epoch  21/100 | Train Loss 0.8839 Acc 0.8744 | Val Loss 0.9276 Acc 0.8653 AUC 0.9719 Pre 0.8478 Rec 0.8603
2026-09-14 22:11:10 | Epoch  22/100 | Train Loss 0.8742 Acc 0.8916 | Val Loss 0.9374 Acc 0.8635 AUC 0.9716 Pre 0.8471 Rec 0.8553
2026-09-14 22:11:10 | Epoch  23/100 | Train Loss 0.8547 Acc 0.9009 | Val Loss 0.9487 Acc 0.8690 AUC 0.9709 Pre 0.8528 Rec 0.8564
2026-09-14 22:11:10 | Epoch  24/100 | Train Loss 0.8395 Acc 0.9212 | Val Loss 0.9406 Acc 0.8708 AUC 0.9701 Pre 0.8563 Rec 0.8578
2026-09-14 22:11:10 | Val AUC did not improve for 10 consecutive epochs, early stopping at Epoch 24 (best AUC 0.9730 @ Epoch 14)
2026-09-14 22:11:10 | Run 2/5 | Test (best model @ Epoch 14) | Loss 1.0103 Acc 0.8542 AUC 0.9784 Pre 0.8633 Rec 0.8115
2026-09-14 22:11:10 | ===== Run 3/5 (seed 2) =====
2026-09-14 22:11:10 | Epoch   1/100 | Train Loss 2.3803 Acc 0.1527 | Val Loss 1.9435 Acc 0.3026 AUC 0.9148 Pre 0.0432 Rec 0.1429
2026-09-14 22:11:10 |   Val AUC improved to 0.9148, model saved
2026-09-14 22:11:10 | Epoch   2/100 | Train Loss 2.3150 Acc 0.1700 | Val Loss 1.9978 Acc 0.3026 AUC 0.8901 Pre 0.0432 Rec 0.1429
2026-09-14 22:11:10 | Epoch   3/100 | Train Loss 2.3471 Acc 0.1933 | Val Loss 1.8263 Acc 0.3026 AUC 0.9399 Pre 0.0432 Rec 0.1429
2026-09-14 22:11:10 |   Val AUC improved to 0.9399, model saved
2026-09-14 22:11:10 | Epoch   4/100 | Train Loss 2.1703 Acc 0.2069 | Val Loss 1.7783 Acc 0.3450 AUC 0.9521 Pre 0.1880 Rec 0.1820
2026-09-14 22:11:10 |   Val AUC improved to 0.9521, model saved
2026-09-14 22:11:10 | Epoch   5/100 | Train Loss 2.1312 Acc 0.2309 | Val Loss 1.6835 Acc 0.4631 AUC 0.9542 Pre 0.5731 Rec 0.2924
2026-09-14 22:11:10 |   Val AUC improved to 0.9542, model saved
2026-09-14 22:11:10 | Epoch   6/100 | Train Loss 1.9487 Acc 0.3128 | Val Loss 1.5354 Acc 0.5756 AUC 0.9556 Pre 0.5838 Rec 0.4193
2026-09-14 22:11:10 |   Val AUC improved to 0.9556, model saved
2026-09-14 22:11:10 | Epoch   7/100 | Train Loss 1.7780 Acc 0.4206 | Val Loss 1.3946 Acc 0.6827 AUC 0.9595 Pre 0.5536 Rec 0.5382
2026-09-14 22:11:10 |   Val AUC improved to 0.9595, model saved
2026-09-14 22:11:10 | Epoch   8/100 | Train Loss 1.5961 Acc 0.5222 | Val Loss 1.2821 Acc 0.7417 AUC 0.9653 Pre 0.5412 Rec 0.6044
2026-09-14 22:11:10 |   Val AUC improved to 0.9653, model saved
2026-09-14 22:11:10 | Epoch   9/100 | Train Loss 1.4484 Acc 0.6164 | Val Loss 1.1535 Acc 0.7565 AUC 0.9667 Pre 0.6773 Rec 0.6281
2026-09-14 22:11:10 |   Val AUC improved to 0.9667, model saved
2026-09-14 22:11:10 | Epoch  10/100 | Train Loss 1.2877 Acc 0.6780 | Val Loss 1.1603 Acc 0.7528 AUC 0.9662 Pre 0.8121 Rec 0.6393
2026-09-14 22:11:10 | Epoch  11/100 | Train Loss 1.2756 Acc 0.7309 | Val Loss 1.1516 Acc 0.7768 AUC 0.9683 Pre 0.8199 Rec 0.6791
2026-09-14 22:11:10 |   Val AUC improved to 0.9683, model saved
2026-09-14 22:11:10 | Epoch  12/100 | Train Loss 1.2439 Acc 0.7703 | Val Loss 1.1119 Acc 0.8192 AUC 0.9712 Pre 0.8410 Rec 0.7468
2026-09-14 22:11:10 |   Val AUC improved to 0.9712, model saved
2026-09-14 22:11:10 | Epoch  13/100 | Train Loss 1.1926 Acc 0.7851 | Val Loss 1.0756 Acc 0.8524 AUC 0.9735 Pre 0.8634 Rec 0.7938
2026-09-14 22:11:10 |   Val AUC improved to 0.9735, model saved
2026-09-14 22:11:10 | Epoch  14/100 | Train Loss 1.1094 Acc 0.8183 | Val Loss 1.0218 Acc 0.8672 AUC 0.9734 Pre 0.8767 Rec 0.8241
2026-09-14 22:11:10 | Epoch  15/100 | Train Loss 1.0879 Acc 0.7974 | Val Loss 0.9835 Acc 0.8579 AUC 0.9728 Pre 0.8674 Rec 0.8182
2026-09-14 22:11:10 | Epoch  16/100 | Train Loss 1.0063 Acc 0.8177 | Val Loss 0.9619 Acc 0.8690 AUC 0.9726 Pre 0.8760 Rec 0.8405
2026-09-14 22:11:10 | Epoch  17/100 | Train Loss 0.9813 Acc 0.8214 | Val Loss 0.9546 Acc 0.8672 AUC 0.9725 Pre 0.8703 Rec 0.8423
2026-09-14 22:11:10 | Epoch  18/100 | Train Loss 0.9634 Acc 0.8264 | Val Loss 0.9473 Acc 0.8672 AUC 0.9718 Pre 0.8687 Rec 0.8493
2026-09-14 22:11:10 | Epoch  19/100 | Train Loss 0.9418 Acc 0.8541 | Val Loss 0.9335 Acc 0.8653 AUC 0.9711 Pre 0.8559 Rec 0.8480
2026-09-14 22:11:10 | Epoch  20/100 | Train Loss 0.8922 Acc 0.8658 | Val Loss 0.9190 Acc 0.8727 AUC 0.9707 Pre 0.8620 Rec 0.8602
2026-09-14 22:11:10 | Epoch  21/100 | Train Loss 0.8667 Acc 0.8775 | Val Loss 0.9219 Acc 0.8727 AUC 0.9700 Pre 0.8602 Rec 0.8614
2026-09-14 22:11:10 | Epoch  22/100 | Train Loss 0.8675 Acc 0.8836 | Val Loss 0.9321 Acc 0.8782 AUC 0.9699 Pre 0.8645 Rec 0.8664
2026-09-14 22:11:10 | Epoch  23/100 | Train Loss 0.8559 Acc 0.9002 | Val Loss 0.9384 Acc 0.8745 AUC 0.9700 Pre 0.8579 Rec 0.8599
2026-09-14 22:11:10 | Val AUC did not improve for 10 consecutive epochs, early stopping at Epoch 23 (best AUC 0.9735 @ Epoch 13)
2026-09-14 22:11:10 | Run 3/5 | Test (best model @ Epoch 13) | Loss 1.0707 Acc 0.8561 AUC 0.9790 Pre 0.8616 Rec 0.8168
2026-09-14 22:11:10 | ===== Run 4/5 (seed 3) =====
2026-09-14 22:11:10 | Epoch   1/100 | Train Loss 2.3872 Acc 0.1416 | Val Loss 1.9479 Acc 0.3026 AUC 0.9169 Pre 0.0432 Rec 0.1429
2026-09-14 22:11:10 |   Val AUC improved to 0.9169, model saved
2026-09-14 22:11:10 | Epoch   2/100 | Train Loss 2.3455 Acc 0.1619 | Val Loss 2.0064 Acc 0.3026 AUC 0.8869 Pre 0.0432 Rec 0.1429
2026-09-14 22:11:10 | Epoch   3/100 | Train Loss 2.3746 Acc 0.1946 | Val Loss 1.8276 Acc 0.3026 AUC 0.9422 Pre 0.0432 Rec 0.1429
2026-09-14 22:11:10 |   Val AUC improved to 0.9422, model saved
2026-09-14 22:11:10 | Epoch   4/100 | Train Loss 2.1472 Acc 0.1964 | Val Loss 1.7827 Acc 0.4133 AUC 0.9538 Pre 0.3343 Rec 0.2445
2026-09-14 22:11:10 |   Val AUC improved to 0.9538, model saved
2026-09-14 22:11:10 | Epoch   5/100 | Train Loss 2.1283 Acc 0.2432 | Val Loss 1.7005 Acc 0.4723 AUC 0.9547 Pre 0.4696 Rec 0.3002
2026-09-14 22:11:10 |   Val AUC improved to 0.9547, model saved
2026-09-14 22:11:10 | Epoch   6/100 | Train Loss 1.9975 Acc 0.3097 | Val Loss 1.5532 Acc 0.5258 AUC 0.9550 Pre 0.5611 Rec 0.3556
2026-09-14 22:11:10 |   Val AUC improved to 0.9550, model saved
2026-09-14 22:11:10 | Epoch   7/100 | Train Loss 1.7676 Acc 0.4323 | Val Loss 1.4072 Acc 0.6531 AUC 0.9586 Pre 0.5332 Rec 0.4985
2026-09-14 22:11:10 |   Val AUC improved to 0.9586, model saved
2026-09-14 22:11:10 | Epoch   8/100 | Train Loss 1.6226 Acc 0.4988 | Val Loss 1.3128 Acc 0.7362 AUC 0.9646 Pre 0.6853 Rec 0.5939
2026-09-14 22:11:10 |   Val AUC improved to 0.9646, model saved
2026-09-14 22:11:10 | Epoch   9/100 | Train Loss 1.4823 Acc 0.5930 | Val Loss 1.1660 Acc 0.7675 AUC 0.9684 Pre 0.8176 Rec 0.6389
2026-09-14 22:11:10 |   Val AUC improved to 0.9684, model saved
2026-09-14 22:11:10 | Epoch  10/100 | Train Loss 1.3550 Acc 0.6441 | Val Loss 1.1585 Acc 0.7638 AUC 0.9693 Pre 0.6786 Rec 0.6453
2026-09-14 22:11:10 |   Val AUC improved to 0.9693, model saved
2026-09-14 22:11:10 | Epoch  11/100 | Train Loss 1.2964 Acc 0.7044 | Val Loss 1.1800 Acc 0.7841 AUC 0.9697 Pre 0.8228 Rec 0.6786
2026-09-14 22:11:10 |   Val AUC improved to 0.9697, model saved
2026-09-14 22:11:10 | Epoch  12/100 | Train Loss 1.2751 Acc 0.7599 | Val Loss 1.1083 Acc 0.8118 AUC 0.9704 Pre 0.8428 Rec 0.7294
2026-09-14 22:11:10 |   Val AUC improved to 0.9704, model saved
2026-09-14 22:11:10 | Epoch  13/100 | Train Loss 1.1779 Acc 0.7802 | Val Loss 1.0587 Acc 0.8358 AUC 0.9718 Pre 0.8614 Rec 0.7591
2026-09-14 22:11:10 |   Val AUC improved to 0.9718, model saved
2026-09-14 22:11:10 | Epoch  14/100 | Train Loss 1.0891 Acc 0.8153 | Val Loss 1.0326 Acc 0.8376 AUC 0.9730 Pre 0.8567 Rec 0.7640
2026-09-14 22:11:10 |   Val AUC improved to 0.9730, model saved
2026-09-14 22:11:10 | Epoch  15/100 | Train Loss 1.0761 Acc 0.8153 | Val Loss 1.0002 Acc 0.8450 AUC 0.9725 Pre 0.8538 Rec 0.7912
2026-09-14 22:11:10 | Epoch  16/100 | Train Loss 1.0393 Acc 0.8060 | Val Loss 0.9702 Acc 0.8653 AUC 0.9712 Pre 0.8677 Rec 0.8326
2026-09-14 22:11:11 | Epoch  17/100 | Train Loss 0.9986 Acc 0.8153 | Val Loss 0.9569 Acc 0.8708 AUC 0.9708 Pre 0.8719 Rec 0.8445
2026-09-14 22:11:11 | Epoch  18/100 | Train Loss 0.9706 Acc 0.8202 | Val Loss 0.9476 Acc 0.8672 AUC 0.9711 Pre 0.8675 Rec 0.8423
2026-09-14 22:11:11 | Epoch  19/100 | Train Loss 0.9308 Acc 0.8498 | Val Loss 0.9362 Acc 0.8635 AUC 0.9715 Pre 0.8594 Rec 0.8441
2026-09-14 22:11:11 | Epoch  20/100 | Train Loss 0.8992 Acc 0.8762 | Val Loss 0.9313 Acc 0.8672 AUC 0.9712 Pre 0.8616 Rec 0.8534
2026-09-14 22:11:11 | Epoch  21/100 | Train Loss 0.8882 Acc 0.8799 | Val Loss 0.9347 Acc 0.8690 AUC 0.9710 Pre 0.8580 Rec 0.8597
2026-09-14 22:11:11 | Epoch  22/100 | Train Loss 0.8683 Acc 0.9015 | Val Loss 0.9390 Acc 0.8616 AUC 0.9708 Pre 0.8457 Rec 0.8493
2026-09-14 22:11:11 | Epoch  23/100 | Train Loss 0.8574 Acc 0.9015 | Val Loss 0.9403 Acc 0.8653 AUC 0.9703 Pre 0.8480 Rec 0.8519
2026-09-14 22:11:11 | Epoch  24/100 | Train Loss 0.8447 Acc 0.9156 | Val Loss 0.9352 Acc 0.8616 AUC 0.9694 Pre 0.8428 Rec 0.8449
2026-09-14 22:11:11 | Val AUC did not improve for 10 consecutive epochs, early stopping at Epoch 24 (best AUC 0.9730 @ Epoch 14)
2026-09-14 22:11:11 | Run 4/5 | Test (best model @ Epoch 14) | Loss 1.0260 Acc 0.8469 AUC 0.9777 Pre 0.8565 Rec 0.7960
2026-09-14 22:11:11 | ===== Run 5/5 (seed 4) =====
2026-09-14 22:11:11 | Epoch   1/100 | Train Loss 2.4377 Acc 0.1305 | Val Loss 1.9469 Acc 0.3026 AUC 0.9168 Pre 0.0432 Rec 0.1429
2026-09-14 22:11:11 |   Val AUC improved to 0.9168, model saved
2026-09-14 22:11:11 | Epoch   2/100 | Train Loss 2.3149 Acc 0.1515 | Val Loss 1.9950 Acc 0.3026 AUC 0.8945 Pre 0.0432 Rec 0.1429
2026-09-14 22:11:11 | Epoch   3/100 | Train Loss 2.3697 Acc 0.1933 | Val Loss 1.8196 Acc 0.3100 AUC 0.9427 Pre 0.1864 Rec 0.1497
2026-09-14 22:11:11 |   Val AUC improved to 0.9427, model saved
2026-09-14 22:11:11 | Epoch   4/100 | Train Loss 2.1603 Acc 0.1940 | Val Loss 1.7631 Acc 0.4557 AUC 0.9541 Pre 0.3305 Rec 0.2836
2026-09-14 22:11:11 |   Val AUC improved to 0.9541, model saved
2026-09-14 22:11:11 | Epoch   5/100 | Train Loss 2.0757 Acc 0.2365 | Val Loss 1.6540 Acc 0.5129 AUC 0.9556 Pre 0.4277 Rec 0.3386
2026-09-14 22:11:11 |   Val AUC improved to 0.9556, model saved
2026-09-14 22:11:11 | Epoch   6/100 | Train Loss 1.9454 Acc 0.3171 | Val Loss 1.4905 Acc 0.5959 AUC 0.9567 Pre 0.5853 Rec 0.4310
2026-09-14 22:11:11 |   Val AUC improved to 0.9567, model saved
2026-09-14 22:11:11 | Epoch   7/100 | Train Loss 1.6966 Acc 0.4587 | Val Loss 1.3514 Acc 0.7066 AUC 0.9608 Pre 0.5437 Rec 0.5568
2026-09-14 22:11:11 |   Val AUC improved to 0.9608, model saved
2026-09-14 22:11:11 | Epoch   8/100 | Train Loss 1.5387 Acc 0.5591 | Val Loss 1.2469 Acc 0.7565 AUC 0.9653 Pre 0.5500 Rec 0.6179
2026-09-14 22:11:11 |   Val AUC improved to 0.9653, model saved
2026-09-14 22:11:11 | Epoch   9/100 | Train Loss 1.4005 Acc 0.6429 | Val Loss 1.1522 Acc 0.7528 AUC 0.9654 Pre 0.5319 Rec 0.6273
2026-09-14 22:11:11 |   Val AUC improved to 0.9654, model saved
2026-09-14 22:11:11 | Epoch  10/100 | Train Loss 1.3004 Acc 0.6872 | Val Loss 1.1593 Acc 0.7583 AUC 0.9645 Pre 0.8180 Rec 0.6434
2026-09-14 22:11:11 | Epoch  11/100 | Train Loss 1.2875 Acc 0.7303 | Val Loss 1.1333 Acc 0.7934 AUC 0.9672 Pre 0.8274 Rec 0.7038
2026-09-14 22:11:11 |   Val AUC improved to 0.9672, model saved
2026-09-14 22:11:11 | Epoch  12/100 | Train Loss 1.2569 Acc 0.7531 | Val Loss 1.0879 Acc 0.8210 AUC 0.9700 Pre 0.8418 Rec 0.7376
2026-09-14 22:11:11 |   Val AUC improved to 0.9700, model saved
2026-09-14 22:11:11 | Epoch  13/100 | Train Loss 1.1811 Acc 0.7759 | Val Loss 1.0491 Acc 0.8432 AUC 0.9713 Pre 0.8635 Rec 0.7773
2026-09-14 22:11:11 |   Val AUC improved to 0.9713, model saved
2026-09-14 22:11:11 | Epoch  14/100 | Train Loss 1.1053 Acc 0.7980 | Val Loss 1.0136 Acc 0.8506 AUC 0.9708 Pre 0.8621 Rec 0.7944
2026-09-14 22:11:11 | Epoch  15/100 | Train Loss 1.0613 Acc 0.8005 | Val Loss 0.9984 Acc 0.8524 AUC 0.9699 Pre 0.8589 Rec 0.8002
2026-09-14 22:11:11 | Epoch  16/100 | Train Loss 1.0395 Acc 0.7974 | Val Loss 0.9942 Acc 0.8579 AUC 0.9699 Pre 0.8649 Rec 0.8131
2026-09-14 22:11:11 | Epoch  17/100 | Train Loss 1.0100 Acc 0.8171 | Val Loss 0.9785 Acc 0.8635 AUC 0.9706 Pre 0.8680 Rec 0.8280
2026-09-14 22:11:11 | Epoch  18/100 | Train Loss 0.9597 Acc 0.8325 | Val Loss 0.9495 Acc 0.8708 AUC 0.9712 Pre 0.8718 Rec 0.8439
2026-09-14 22:11:11 | Epoch  19/100 | Train Loss 0.9391 Acc 0.8387 | Val Loss 0.9285 Acc 0.8653 AUC 0.9706 Pre 0.8577 Rec 0.8434
2026-09-14 22:11:11 | Epoch  20/100 | Train Loss 0.9015 Acc 0.8596 | Val Loss 0.9321 Acc 0.8745 AUC 0.9696 Pre 0.8646 Rec 0.8586
2026-09-14 22:11:11 | Epoch  21/100 | Train Loss 0.8710 Acc 0.8842 | Val Loss 0.9434 Acc 0.8727 AUC 0.9694 Pre 0.8611 Rec 0.8594
2026-09-14 22:11:11 | Epoch  22/100 | Train Loss 0.8768 Acc 0.8904 | Val Loss 0.9487 Acc 0.8764 AUC 0.9698 Pre 0.8593 Rec 0.8620
2026-09-14 22:11:11 | Epoch  23/100 | Train Loss 0.8555 Acc 0.9083 | Val Loss 0.9502 Acc 0.8708 AUC 0.9701 Pre 0.8525 Rec 0.8553
2026-09-14 22:11:11 | Val AUC did not improve for 10 consecutive epochs, early stopping at Epoch 23 (best AUC 0.9713 @ Epoch 13)
2026-09-14 22:11:11 | Run 5/5 | Test (best model @ Epoch 13) | Loss 1.0444 Acc 0.8487 AUC 0.9768 Pre 0.8590 Rec 0.7998
2026-09-14 22:11:11 | Average over 5 runs | Test Loss 1.0269±0.0332 Acc 0.8524±0.0043 AUC 0.9777±0.0011 Pre 0.8604±0.0027 Rec 0.8097±0.0119
