2026-09-06 05:53:12 | Device: cuda
2026-09-06 05:53:12 | Args: {'model': 'ncbd', 'backbone': 'mlp', 'task': 'imagenet100', 'epochs': 100, 'batch_size': 512, 'lr': 0.001, 'hidden_dims': [512, 256], 'dropout': 0.2, 'z_dim': 256, 'anchor_scale': 4.0, 'energy_classifier': False, 'tied_head': False, 'max_len': 250, 'random_labels': False, 'beta': 0.3, 'patience': 10, 'runs': 5, 'seed': 0, 'data_dir': './data', 'save_path': 'output/imagenet100_mlp_ncbd/imagenet100_mlp_ncbd.pt', 'log_path': '/root/autodl-tmp/IB/tune_results/imagenet100_mlp_ncbd_beta_0.3/train.log', 'no_save': True}
2026-09-06 05:53:12 | ImageNet-100 特征：使用 4×4 空间池化文件 ./data/imagenet100/imagenet100_resnet50_layer3_pool4_features.npz
2026-09-06 05:53:12 | ImageNet-100 预处理缓存：mmap 共享 ./data/imagenet100/preprocessed_pool4
2026-09-06 05:53:12 | ===== Run 1/5 (seed 0) =====
2026-09-06 05:53:19 | Epoch   1/100 | Train Loss 4.5756 Acc 0.6408 | Val Loss 3.8075 Acc 0.7737 AUC 0.9908 Pre 0.7786 Rec 0.7686
2026-09-06 05:53:19 |   Val AUC improved to 0.9908, model saved
2026-09-06 05:53:24 | Epoch   2/100 | Train Loss 3.8857 Acc 0.8145 | Val Loss 3.6130 Acc 0.8025 AUC 0.9924 Pre 0.8061 Rec 0.7984
2026-09-06 05:53:24 |   Val AUC improved to 0.9924, model saved
2026-09-06 05:53:30 | Epoch   3/100 | Train Loss 3.6704 Acc 0.8710 | Val Loss 3.5295 Acc 0.8202 AUC 0.9923 Pre 0.8206 Rec 0.8166
2026-09-06 05:53:35 | Epoch   4/100 | Train Loss 3.5507 Acc 0.9055 | Val Loss 3.4907 Acc 0.8231 AUC 0.9915 Pre 0.8221 Rec 0.8198
2026-09-06 05:53:40 | Epoch   5/100 | Train Loss 3.4796 Acc 0.9223 | Val Loss 3.4714 Acc 0.8260 AUC 0.9914 Pre 0.8264 Rec 0.8232
2026-09-06 05:53:46 | Epoch   6/100 | Train Loss 3.4344 Acc 0.9347 | Val Loss 3.4633 Acc 0.8298 AUC 0.9907 Pre 0.8286 Rec 0.8263
2026-09-06 05:53:51 | Epoch   7/100 | Train Loss 3.4109 Acc 0.9420 | Val Loss 3.4493 Acc 0.8344 AUC 0.9902 Pre 0.8329 Rec 0.8308
2026-09-06 05:53:56 | Epoch   8/100 | Train Loss 3.3886 Acc 0.9469 | Val Loss 3.4440 Acc 0.8367 AUC 0.9903 Pre 0.8338 Rec 0.8330
2026-09-06 05:54:01 | Epoch   9/100 | Train Loss 3.3730 Acc 0.9524 | Val Loss 3.4418 Acc 0.8374 AUC 0.9900 Pre 0.8342 Rec 0.8325
2026-09-06 05:54:06 | Epoch  10/100 | Train Loss 3.3624 Acc 0.9591 | Val Loss 3.4383 Acc 0.8426 AUC 0.9896 Pre 0.8399 Rec 0.8390
2026-09-06 05:54:12 | Epoch  11/100 | Train Loss 3.3611 Acc 0.9600 | Val Loss 3.4614 Acc 0.8344 AUC 0.9890 Pre 0.8342 Rec 0.8308
2026-09-06 05:54:17 | Epoch  12/100 | Train Loss 3.3616 Acc 0.9604 | Val Loss 3.4547 Acc 0.8344 AUC 0.9892 Pre 0.8319 Rec 0.8304
2026-09-06 05:54:17 | Val AUC did not improve for 10 consecutive epochs, early stopping at Epoch 12 (best AUC 0.9924 @ Epoch 2)
2026-09-06 05:54:18 | Run 1/5 | Test (best model @ Epoch 2) | Loss 3.6136 Acc 0.8049 AUC 0.9922 Pre 0.8084 Rec 0.8008
2026-09-06 05:54:18 | ===== Run 2/5 (seed 1) =====
2026-09-06 05:54:24 | Epoch   1/100 | Train Loss 4.5739 Acc 0.6408 | Val Loss 3.7976 Acc 0.7733 AUC 0.9913 Pre 0.7768 Rec 0.7688
2026-09-06 05:54:24 |   Val AUC improved to 0.9913, model saved
2026-09-06 05:54:29 | Epoch   2/100 | Train Loss 3.8792 Acc 0.8112 | Val Loss 3.6009 Acc 0.8005 AUC 0.9924 Pre 0.8018 Rec 0.7960
2026-09-06 05:54:29 |   Val AUC improved to 0.9924, model saved
2026-09-06 05:54:34 | Epoch   3/100 | Train Loss 3.6616 Acc 0.8717 | Val Loss 3.5273 Acc 0.8161 AUC 0.9924 Pre 0.8156 Rec 0.8125
2026-09-06 05:54:40 | Epoch   4/100 | Train Loss 3.5441 Acc 0.9057 | Val Loss 3.4853 Acc 0.8243 AUC 0.9920 Pre 0.8250 Rec 0.8205
2026-09-06 05:54:45 | Epoch   5/100 | Train Loss 3.4775 Acc 0.9229 | Val Loss 3.4626 Acc 0.8303 AUC 0.9918 Pre 0.8289 Rec 0.8265
2026-09-06 05:54:51 | Epoch   6/100 | Train Loss 3.4336 Acc 0.9359 | Val Loss 3.4540 Acc 0.8330 AUC 0.9910 Pre 0.8312 Rec 0.8299
2026-09-06 05:54:56 | Epoch   7/100 | Train Loss 3.4062 Acc 0.9436 | Val Loss 3.4435 Acc 0.8354 AUC 0.9907 Pre 0.8343 Rec 0.8327
2026-09-06 05:55:01 | Epoch   8/100 | Train Loss 3.3854 Acc 0.9518 | Val Loss 3.4438 Acc 0.8378 AUC 0.9905 Pre 0.8354 Rec 0.8348
2026-09-06 05:55:07 | Epoch   9/100 | Train Loss 3.3714 Acc 0.9569 | Val Loss 3.4384 Acc 0.8399 AUC 0.9898 Pre 0.8381 Rec 0.8369
2026-09-06 05:55:12 | Epoch  10/100 | Train Loss 3.3611 Acc 0.9623 | Val Loss 3.4423 Acc 0.8411 AUC 0.9897 Pre 0.8383 Rec 0.8379
2026-09-06 05:55:17 | Epoch  11/100 | Train Loss 3.3546 Acc 0.9676 | Val Loss 3.4417 Acc 0.8413 AUC 0.9893 Pre 0.8414 Rec 0.8389
2026-09-06 05:55:23 | Epoch  12/100 | Train Loss 3.3431 Acc 0.9697 | Val Loss 3.4447 Acc 0.8414 AUC 0.9891 Pre 0.8404 Rec 0.8385
2026-09-06 05:55:23 | Val AUC did not improve for 10 consecutive epochs, early stopping at Epoch 12 (best AUC 0.9924 @ Epoch 2)
2026-09-06 05:55:24 | Run 2/5 | Test (best model @ Epoch 2) | Loss 3.5981 Acc 0.8052 AUC 0.9924 Pre 0.8071 Rec 0.8014
2026-09-06 05:55:24 | ===== Run 3/5 (seed 2) =====
2026-09-06 05:55:29 | Epoch   1/100 | Train Loss 4.5757 Acc 0.6438 | Val Loss 3.8028 Acc 0.7784 AUC 0.9915 Pre 0.7838 Rec 0.7746
2026-09-06 05:55:29 |   Val AUC improved to 0.9915, model saved
2026-09-06 05:55:35 | Epoch   2/100 | Train Loss 3.8893 Acc 0.8167 | Val Loss 3.6123 Acc 0.8054 AUC 0.9926 Pre 0.8079 Rec 0.8017
2026-09-06 05:55:35 |   Val AUC improved to 0.9926, model saved
2026-09-06 05:55:40 | Epoch   3/100 | Train Loss 3.6728 Acc 0.8765 | Val Loss 3.5380 Acc 0.8138 AUC 0.9922 Pre 0.8140 Rec 0.8103
2026-09-06 05:55:46 | Epoch   4/100 | Train Loss 3.5520 Acc 0.9095 | Val Loss 3.4940 Acc 0.8239 AUC 0.9917 Pre 0.8241 Rec 0.8204
2026-09-06 05:55:51 | Epoch   5/100 | Train Loss 3.4808 Acc 0.9276 | Val Loss 3.4690 Acc 0.8297 AUC 0.9913 Pre 0.8282 Rec 0.8266
2026-09-06 05:55:57 | Epoch   6/100 | Train Loss 3.4367 Acc 0.9371 | Val Loss 3.4593 Acc 0.8303 AUC 0.9905 Pre 0.8293 Rec 0.8273
2026-09-06 05:56:02 | Epoch   7/100 | Train Loss 3.4078 Acc 0.9439 | Val Loss 3.4565 Acc 0.8322 AUC 0.9902 Pre 0.8302 Rec 0.8288
2026-09-06 05:56:07 | Epoch   8/100 | Train Loss 3.3890 Acc 0.9498 | Val Loss 3.4498 Acc 0.8332 AUC 0.9899 Pre 0.8312 Rec 0.8293
2026-09-06 05:56:13 | Epoch   9/100 | Train Loss 3.3747 Acc 0.9566 | Val Loss 3.4434 Acc 0.8389 AUC 0.9900 Pre 0.8357 Rec 0.8355
2026-09-06 05:56:18 | Epoch  10/100 | Train Loss 3.3692 Acc 0.9608 | Val Loss 3.4499 Acc 0.8416 AUC 0.9895 Pre 0.8390 Rec 0.8381
2026-09-06 05:56:23 | Epoch  11/100 | Train Loss 3.3580 Acc 0.9639 | Val Loss 3.4385 Acc 0.8449 AUC 0.9897 Pre 0.8423 Rec 0.8413
2026-09-06 05:56:29 | Epoch  12/100 | Train Loss 3.3501 Acc 0.9691 | Val Loss 3.4376 Acc 0.8451 AUC 0.9899 Pre 0.8425 Rec 0.8417
2026-09-06 05:56:29 | Val AUC did not improve for 10 consecutive epochs, early stopping at Epoch 12 (best AUC 0.9926 @ Epoch 2)
2026-09-06 05:56:30 | Run 3/5 | Test (best model @ Epoch 2) | Loss 3.6107 Acc 0.8073 AUC 0.9923 Pre 0.8101 Rec 0.8038
2026-09-06 05:56:30 | ===== Run 4/5 (seed 3) =====
2026-09-06 05:56:36 | Epoch   1/100 | Train Loss 4.5739 Acc 0.6423 | Val Loss 3.8041 Acc 0.7717 AUC 0.9908 Pre 0.7774 Rec 0.7675
2026-09-06 05:56:36 |   Val AUC improved to 0.9908, model saved
2026-09-06 05:56:41 | Epoch   2/100 | Train Loss 3.8857 Acc 0.8148 | Val Loss 3.6108 Acc 0.8029 AUC 0.9923 Pre 0.8043 Rec 0.7995
2026-09-06 05:56:41 |   Val AUC improved to 0.9923, model saved
2026-09-06 05:56:46 | Epoch   3/100 | Train Loss 3.6701 Acc 0.8713 | Val Loss 3.5271 Acc 0.8169 AUC 0.9922 Pre 0.8181 Rec 0.8138
2026-09-06 05:56:52 | Epoch   4/100 | Train Loss 3.5529 Acc 0.9020 | Val Loss 3.4895 Acc 0.8219 AUC 0.9919 Pre 0.8208 Rec 0.8181
2026-09-06 05:56:57 | Epoch   5/100 | Train Loss 3.4819 Acc 0.9191 | Val Loss 3.4708 Acc 0.8273 AUC 0.9914 Pre 0.8265 Rec 0.8227
2026-09-06 05:57:02 | Epoch   6/100 | Train Loss 3.4369 Acc 0.9349 | Val Loss 3.4584 Acc 0.8282 AUC 0.9912 Pre 0.8271 Rec 0.8251
2026-09-06 05:57:08 | Epoch   7/100 | Train Loss 3.4100 Acc 0.9441 | Val Loss 3.4473 Acc 0.8339 AUC 0.9911 Pre 0.8318 Rec 0.8305
2026-09-06 05:57:14 | Epoch   8/100 | Train Loss 3.3926 Acc 0.9512 | Val Loss 3.4493 Acc 0.8377 AUC 0.9907 Pre 0.8345 Rec 0.8343
2026-09-06 05:57:19 | Epoch   9/100 | Train Loss 3.3791 Acc 0.9555 | Val Loss 3.4421 Acc 0.8378 AUC 0.9902 Pre 0.8352 Rec 0.8337
2026-09-06 05:57:24 | Epoch  10/100 | Train Loss 3.3637 Acc 0.9600 | Val Loss 3.4389 Acc 0.8400 AUC 0.9900 Pre 0.8375 Rec 0.8364
2026-09-06 05:57:30 | Epoch  11/100 | Train Loss 3.3540 Acc 0.9635 | Val Loss 3.4334 Acc 0.8417 AUC 0.9896 Pre 0.8383 Rec 0.8385
2026-09-06 05:57:35 | Epoch  12/100 | Train Loss 3.3460 Acc 0.9661 | Val Loss 3.4304 Acc 0.8441 AUC 0.9900 Pre 0.8408 Rec 0.8409
2026-09-06 05:57:35 | Val AUC did not improve for 10 consecutive epochs, early stopping at Epoch 12 (best AUC 0.9923 @ Epoch 2)
2026-09-06 05:57:37 | Run 4/5 | Test (best model @ Epoch 2) | Loss 3.6096 Acc 0.8052 AUC 0.9924 Pre 0.8070 Rec 0.8017
2026-09-06 05:57:37 | ===== Run 5/5 (seed 4) =====
2026-09-06 05:57:42 | Epoch   1/100 | Train Loss 4.5744 Acc 0.6390 | Val Loss 3.8051 Acc 0.7744 AUC 0.9911 Pre 0.7782 Rec 0.7704
2026-09-06 05:57:42 |   Val AUC improved to 0.9911, model saved
2026-09-06 05:57:47 | Epoch   2/100 | Train Loss 3.8866 Acc 0.8086 | Val Loss 3.6103 Acc 0.7960 AUC 0.9922 Pre 0.7975 Rec 0.7925
2026-09-06 05:57:47 |   Val AUC improved to 0.9922, model saved
2026-09-06 05:57:53 | Epoch   3/100 | Train Loss 3.6710 Acc 0.8647 | Val Loss 3.5281 Acc 0.8101 AUC 0.9921 Pre 0.8097 Rec 0.8066
2026-09-06 05:57:58 | Epoch   4/100 | Train Loss 3.5512 Acc 0.8973 | Val Loss 3.4927 Acc 0.8159 AUC 0.9916 Pre 0.8150 Rec 0.8109
2026-09-06 05:58:04 | Epoch   5/100 | Train Loss 3.4838 Acc 0.9169 | Val Loss 3.4704 Acc 0.8241 AUC 0.9914 Pre 0.8238 Rec 0.8213
2026-09-06 05:58:09 | Epoch   6/100 | Train Loss 3.4395 Acc 0.9283 | Val Loss 3.4576 Acc 0.8303 AUC 0.9911 Pre 0.8277 Rec 0.8269
2026-09-06 05:58:14 | Epoch   7/100 | Train Loss 3.4106 Acc 0.9375 | Val Loss 3.4473 Acc 0.8336 AUC 0.9908 Pre 0.8304 Rec 0.8299
2026-09-06 05:58:20 | Epoch   8/100 | Train Loss 3.3894 Acc 0.9462 | Val Loss 3.4421 Acc 0.8355 AUC 0.9905 Pre 0.8324 Rec 0.8317
2026-09-06 05:58:25 | Epoch   9/100 | Train Loss 3.3734 Acc 0.9508 | Val Loss 3.4412 Acc 0.8388 AUC 0.9902 Pre 0.8361 Rec 0.8358
2026-09-06 05:58:30 | Epoch  10/100 | Train Loss 3.3629 Acc 0.9559 | Val Loss 3.4361 Acc 0.8378 AUC 0.9898 Pre 0.8362 Rec 0.8352
2026-09-06 05:58:35 | Epoch  11/100 | Train Loss 3.3540 Acc 0.9607 | Val Loss 3.4361 Acc 0.8430 AUC 0.9899 Pre 0.8391 Rec 0.8396
2026-09-06 05:58:41 | Epoch  12/100 | Train Loss 3.3474 Acc 0.9648 | Val Loss 3.4319 Acc 0.8450 AUC 0.9899 Pre 0.8417 Rec 0.8415
2026-09-06 05:58:41 | Val AUC did not improve for 10 consecutive epochs, early stopping at Epoch 12 (best AUC 0.9922 @ Epoch 2)
2026-09-06 05:58:42 | Run 5/5 | Test (best model @ Epoch 2) | Loss 3.6079 Acc 0.8031 AUC 0.9920 Pre 0.8044 Rec 0.8000
2026-09-06 05:58:42 | Average over 5 runs | Test Loss 3.6080±0.0059 Acc 0.8052±0.0015 AUC 0.9922±0.0001 Pre 0.8074±0.0021 Rec 0.8016±0.0014
