2026-09-02 01:59:16 | Device: cuda
2026-09-02 01:59:16 | Args: {'model': 'opb', 'backbone': 'gnn', 'task': 'cora', 'epochs': 100, 'batch_size': 512, 'lr': 0.01, 'hidden_dims': [512, 256], 'dropout': 0.2, 'z_dim': 256, 'anchor_scale': 8.0, 'energy_classifier': False, 'max_len': 250, 'random_labels': False, 'beta': 0.1, 'patience': 10, 'runs': 5, 'seed': 0, 'data_dir': './data', 'save_path': 'output/cora_gnn_opb/cora_gnn_opb.pt', 'log_path': '/root/autodl-tmp/IB/tune_results/cora_gnn_opb_beta_0.1_anchor_8/train.log', 'no_save': True}
2026-09-02 01:59:19 | Cora 划分（60/20/20 分层）：train 1624 / val 542 / test 542（共 2708 节点，7 类）
2026-09-02 01:59:19 | ===== Run 1/5 (seed 0) =====
2026-09-02 01:59:20 | Epoch   1/100 | Train Loss 5.3097 Acc 0.1478 | Val Loss 4.9345 Acc 0.3026 AUC 0.8910 Pre 0.0432 Rec 0.1429
2026-09-02 01:59:20 |   Val AUC improved to 0.8910, model saved
2026-09-02 01:59:20 | Epoch   2/100 | Train Loss 5.0430 Acc 0.1718 | Val Loss 4.5404 Acc 0.3026 AUC 0.7595 Pre 0.0432 Rec 0.1429
2026-09-02 01:59:20 | Epoch   3/100 | Train Loss 4.6743 Acc 0.2204 | Val Loss 4.6637 Acc 0.3026 AUC 0.7007 Pre 0.0432 Rec 0.1429
2026-09-02 01:59:20 | Epoch   4/100 | Train Loss 4.8056 Acc 0.2943 | Val Loss 4.2371 Acc 0.3026 AUC 0.8729 Pre 0.0432 Rec 0.1429
2026-09-02 01:59:20 | Epoch   5/100 | Train Loss 4.3270 Acc 0.2679 | Val Loss 4.3122 Acc 0.4059 AUC 0.9078 Pre 0.1863 Rec 0.2381
2026-09-02 01:59:20 |   Val AUC improved to 0.9078, model saved
2026-09-02 01:59:20 | Epoch   6/100 | Train Loss 4.3783 Acc 0.2568 | Val Loss 4.2491 Acc 0.4410 AUC 0.9108 Pre 0.1831 Rec 0.2704
2026-09-02 01:59:20 |   Val AUC improved to 0.9108, model saved
2026-09-02 01:59:20 | Epoch   7/100 | Train Loss 4.3202 Acc 0.2802 | Val Loss 4.0642 Acc 0.4502 AUC 0.9118 Pre 0.1616 Rec 0.2789
2026-09-02 01:59:20 |   Val AUC improved to 0.9118, model saved
2026-09-02 01:59:20 | Epoch   8/100 | Train Loss 4.1293 Acc 0.3350 | Val Loss 3.7708 Acc 0.4557 AUC 0.9211 Pre 0.2854 Rec 0.2840
2026-09-02 01:59:20 |   Val AUC improved to 0.9211, model saved
2026-09-02 01:59:20 | Epoch   9/100 | Train Loss 3.8671 Acc 0.4039 | Val Loss 3.4481 Acc 0.4557 AUC 0.9176 Pre 0.2767 Rec 0.2840
2026-09-02 01:59:21 | Epoch  10/100 | Train Loss 3.5152 Acc 0.4778 | Val Loss 3.2619 Acc 0.4576 AUC 0.9112 Pre 0.2706 Rec 0.2857
2026-09-02 01:59:21 | Epoch  11/100 | Train Loss 3.2995 Acc 0.4809 | Val Loss 3.1184 Acc 0.4797 AUC 0.9193 Pre 0.2663 Rec 0.3075
2026-09-02 01:59:21 | Epoch  12/100 | Train Loss 3.1840 Acc 0.5055 | Val Loss 2.8791 Acc 0.5424 AUC 0.9264 Pre 0.3478 Rec 0.3669
2026-09-02 01:59:21 |   Val AUC improved to 0.9264, model saved
2026-09-02 01:59:21 | Epoch  13/100 | Train Loss 2.9430 Acc 0.5499 | Val Loss 2.6680 Acc 0.6273 AUC 0.9298 Pre 0.3734 Rec 0.4667
2026-09-02 01:59:21 |   Val AUC improved to 0.9298, model saved
2026-09-02 01:59:21 | Epoch  14/100 | Train Loss 2.7030 Acc 0.5905 | Val Loss 2.5179 Acc 0.6753 AUC 0.9330 Pre 0.4441 Rec 0.5219
2026-09-02 01:59:21 |   Val AUC improved to 0.9330, model saved
2026-09-02 01:59:21 | Epoch  15/100 | Train Loss 2.5236 Acc 0.6379 | Val Loss 2.3482 Acc 0.6827 AUC 0.9384 Pre 0.4481 Rec 0.5324
2026-09-02 01:59:21 |   Val AUC improved to 0.9384, model saved
2026-09-02 01:59:21 | Epoch  16/100 | Train Loss 2.3368 Acc 0.6570 | Val Loss 2.1699 Acc 0.7011 AUC 0.9497 Pre 0.5020 Rec 0.5531
2026-09-02 01:59:21 |   Val AUC improved to 0.9497, model saved
2026-09-02 01:59:21 | Epoch  17/100 | Train Loss 2.1314 Acc 0.6804 | Val Loss 2.0424 Acc 0.7288 AUC 0.9564 Pre 0.5138 Rec 0.5843
2026-09-02 01:59:21 |   Val AUC improved to 0.9564, model saved
2026-09-02 01:59:21 | Epoch  18/100 | Train Loss 1.9986 Acc 0.7050 | Val Loss 1.9241 Acc 0.7417 AUC 0.9592 Pre 0.5276 Rec 0.6015
2026-09-02 01:59:21 |   Val AUC improved to 0.9592, model saved
2026-09-02 01:59:21 | Epoch  19/100 | Train Loss 1.8303 Acc 0.7248 | Val Loss 1.8000 Acc 0.7454 AUC 0.9607 Pre 0.5312 Rec 0.6074
2026-09-02 01:59:21 |   Val AUC improved to 0.9607, model saved
2026-09-02 01:59:21 | Epoch  20/100 | Train Loss 1.6630 Acc 0.7518 | Val Loss 1.7177 Acc 0.7620 AUC 0.9615 Pre 0.5444 Rec 0.6276
2026-09-02 01:59:21 |   Val AUC improved to 0.9615, model saved
2026-09-02 01:59:21 | Epoch  21/100 | Train Loss 1.5301 Acc 0.7728 | Val Loss 1.6607 Acc 0.7712 AUC 0.9624 Pre 0.8277 Rec 0.6451
2026-09-02 01:59:21 |   Val AUC improved to 0.9624, model saved
2026-09-02 01:59:21 | Epoch  22/100 | Train Loss 1.4431 Acc 0.7968 | Val Loss 1.6133 Acc 0.8100 AUC 0.9626 Pre 0.8543 Rec 0.7149
2026-09-02 01:59:21 |   Val AUC improved to 0.9626, model saved
2026-09-02 01:59:21 | Epoch  23/100 | Train Loss 1.3667 Acc 0.8048 | Val Loss 1.5732 Acc 0.8358 AUC 0.9633 Pre 0.8460 Rec 0.7695
2026-09-02 01:59:21 |   Val AUC improved to 0.9633, model saved
2026-09-02 01:59:21 | Epoch  24/100 | Train Loss 1.2759 Acc 0.8313 | Val Loss 1.5573 Acc 0.8561 AUC 0.9646 Pre 0.8548 Rec 0.8104
2026-09-02 01:59:21 |   Val AUC improved to 0.9646, model saved
2026-09-02 01:59:21 | Epoch  25/100 | Train Loss 1.2066 Acc 0.8454 | Val Loss 1.5305 Acc 0.8690 AUC 0.9651 Pre 0.8611 Rec 0.8348
2026-09-02 01:59:21 |   Val AUC improved to 0.9651, model saved
2026-09-02 01:59:21 | Epoch  26/100 | Train Loss 1.1176 Acc 0.8775 | Val Loss 1.5064 Acc 0.8653 AUC 0.9652 Pre 0.8528 Rec 0.8355
2026-09-02 01:59:21 |   Val AUC improved to 0.9652, model saved
2026-09-02 01:59:22 | Epoch  27/100 | Train Loss 1.0323 Acc 0.8922 | Val Loss 1.4908 Acc 0.8653 AUC 0.9652 Pre 0.8530 Rec 0.8418
2026-09-02 01:59:22 | Epoch  28/100 | Train Loss 0.9895 Acc 0.8972 | Val Loss 1.4707 Acc 0.8616 AUC 0.9653 Pre 0.8450 Rec 0.8412
2026-09-02 01:59:22 |   Val AUC improved to 0.9653, model saved
2026-09-02 01:59:22 | Epoch  29/100 | Train Loss 0.9376 Acc 0.9095 | Val Loss 1.4610 Acc 0.8598 AUC 0.9646 Pre 0.8459 Rec 0.8346
2026-09-02 01:59:22 | Epoch  30/100 | Train Loss 0.8783 Acc 0.9126 | Val Loss 1.4644 Acc 0.8598 AUC 0.9640 Pre 0.8476 Rec 0.8363
2026-09-02 01:59:22 | Epoch  31/100 | Train Loss 0.8123 Acc 0.9249 | Val Loss 1.4640 Acc 0.8598 AUC 0.9636 Pre 0.8488 Rec 0.8385
2026-09-02 01:59:22 | Epoch  32/100 | Train Loss 0.7618 Acc 0.9230 | Val Loss 1.4662 Acc 0.8579 AUC 0.9637 Pre 0.8463 Rec 0.8409
2026-09-02 01:59:22 | Epoch  33/100 | Train Loss 0.7243 Acc 0.9347 | Val Loss 1.4760 Acc 0.8635 AUC 0.9638 Pre 0.8499 Rec 0.8505
2026-09-02 01:59:22 | Epoch  34/100 | Train Loss 0.6710 Acc 0.9378 | Val Loss 1.4815 Acc 0.8598 AUC 0.9626 Pre 0.8465 Rec 0.8449
2026-09-02 01:59:22 | Epoch  35/100 | Train Loss 0.6432 Acc 0.9372 | Val Loss 1.4951 Acc 0.8469 AUC 0.9609 Pre 0.8370 Rec 0.8252
2026-09-02 01:59:22 | Epoch  36/100 | Train Loss 0.6020 Acc 0.9440 | Val Loss 1.4934 Acc 0.8487 AUC 0.9595 Pre 0.8382 Rec 0.8300
2026-09-02 01:59:22 | Epoch  37/100 | Train Loss 0.5722 Acc 0.9458 | Val Loss 1.4930 Acc 0.8524 AUC 0.9585 Pre 0.8386 Rec 0.8352
2026-09-02 01:59:22 | Epoch  38/100 | Train Loss 0.5588 Acc 0.9433 | Val Loss 1.4950 Acc 0.8506 AUC 0.9585 Pre 0.8338 Rec 0.8323
2026-09-02 01:59:22 | Val AUC did not improve for 10 consecutive epochs, early stopping at Epoch 38 (best AUC 0.9653 @ Epoch 28)
2026-09-02 01:59:22 | Run 1/5 | Test (best model @ Epoch 28) | Loss 1.4561 Acc 0.8727 AUC 0.9694 Pre 0.8618 Rec 0.8638
2026-09-02 01:59:22 | ===== Run 2/5 (seed 1) =====
2026-09-02 01:59:22 | Epoch   1/100 | Train Loss 5.2935 Acc 0.1558 | Val Loss 4.9281 Acc 0.3026 AUC 0.8321 Pre 0.0432 Rec 0.1429
2026-09-02 01:59:22 |   Val AUC improved to 0.8321, model saved
2026-09-02 01:59:22 | Epoch   2/100 | Train Loss 5.0447 Acc 0.1730 | Val Loss 4.5236 Acc 0.3026 AUC 0.7597 Pre 0.0432 Rec 0.1429
2026-09-02 01:59:22 | Epoch   3/100 | Train Loss 4.6499 Acc 0.2365 | Val Loss 4.6186 Acc 0.3026 AUC 0.7278 Pre 0.0432 Rec 0.1429
2026-09-02 01:59:22 | Epoch   4/100 | Train Loss 4.7412 Acc 0.3048 | Val Loss 4.2394 Acc 0.3026 AUC 0.8964 Pre 0.0432 Rec 0.1429
2026-09-02 01:59:22 |   Val AUC improved to 0.8964, model saved
2026-09-02 01:59:22 | Epoch   5/100 | Train Loss 4.3292 Acc 0.2488 | Val Loss 4.3197 Acc 0.4299 AUC 0.9233 Pre 0.3306 Rec 0.2596
2026-09-02 01:59:22 |   Val AUC improved to 0.9233, model saved
2026-09-02 01:59:22 | Epoch   6/100 | Train Loss 4.3962 Acc 0.2488 | Val Loss 4.2361 Acc 0.4631 AUC 0.9290 Pre 0.3211 Rec 0.2909
2026-09-02 01:59:22 |   Val AUC improved to 0.9290, model saved
2026-09-02 01:59:22 | Epoch   7/100 | Train Loss 4.3124 Acc 0.2777 | Val Loss 4.0187 Acc 0.4852 AUC 0.9237 Pre 0.3197 Rec 0.3114
2026-09-02 01:59:22 | Epoch   8/100 | Train Loss 4.0797 Acc 0.3608 | Val Loss 3.6913 Acc 0.4945 AUC 0.9091 Pre 0.3189 Rec 0.3191
2026-09-02 01:59:22 | Epoch   9/100 | Train Loss 3.7411 Acc 0.4329 | Val Loss 3.3801 Acc 0.5000 AUC 0.8935 Pre 0.2948 Rec 0.3250
2026-09-02 01:59:22 | Epoch  10/100 | Train Loss 3.4354 Acc 0.4815 | Val Loss 3.1807 Acc 0.5387 AUC 0.9041 Pre 0.2469 Rec 0.3612
2026-09-02 01:59:22 | Epoch  11/100 | Train Loss 3.2021 Acc 0.5443 | Val Loss 2.9710 Acc 0.5849 AUC 0.9289 Pre 0.2601 Rec 0.4065
2026-09-02 01:59:22 | Epoch  12/100 | Train Loss 3.0369 Acc 0.5659 | Val Loss 2.7681 Acc 0.5793 AUC 0.9341 Pre 0.2609 Rec 0.4072
2026-09-02 01:59:22 |   Val AUC improved to 0.9341, model saved
2026-09-02 01:59:22 | Epoch  13/100 | Train Loss 2.8061 Acc 0.5819 | Val Loss 2.5421 Acc 0.5830 AUC 0.9382 Pre 0.2503 Rec 0.4065
2026-09-02 01:59:22 |   Val AUC improved to 0.9382, model saved
2026-09-02 01:59:22 | Epoch  14/100 | Train Loss 2.5481 Acc 0.6004 | Val Loss 2.4205 Acc 0.6015 AUC 0.9364 Pre 0.4657 Rec 0.4246
2026-09-02 01:59:22 | Epoch  15/100 | Train Loss 2.3946 Acc 0.6195 | Val Loss 2.3045 Acc 0.6605 AUC 0.9360 Pre 0.4921 Rec 0.4960
2026-09-02 01:59:22 | Epoch  16/100 | Train Loss 2.2446 Acc 0.6441 | Val Loss 2.1480 Acc 0.7269 AUC 0.9395 Pre 0.5200 Rec 0.5749
2026-09-02 01:59:22 |   Val AUC improved to 0.9395, model saved
2026-09-02 01:59:22 | Epoch  17/100 | Train Loss 2.0729 Acc 0.6619 | Val Loss 2.0098 Acc 0.7528 AUC 0.9448 Pre 0.5274 Rec 0.6103
2026-09-02 01:59:22 |   Val AUC improved to 0.9448, model saved
2026-09-02 01:59:22 | Epoch  18/100 | Train Loss 1.9149 Acc 0.6933 | Val Loss 1.9071 Acc 0.7583 AUC 0.9505 Pre 0.5306 Rec 0.6215
2026-09-02 01:59:22 |   Val AUC improved to 0.9505, model saved
2026-09-02 01:59:22 | Epoch  19/100 | Train Loss 1.7779 Acc 0.7340 | Val Loss 1.8439 Acc 0.7583 AUC 0.9539 Pre 0.5334 Rec 0.6233
2026-09-02 01:59:22 |   Val AUC improved to 0.9539, model saved
2026-09-02 01:59:22 | Epoch  20/100 | Train Loss 1.6761 Acc 0.7697 | Val Loss 1.7975 Acc 0.7638 AUC 0.9584 Pre 0.5439 Rec 0.6308
2026-09-02 01:59:22 |   Val AUC improved to 0.9584, model saved
2026-09-02 01:59:22 | Epoch  21/100 | Train Loss 1.5895 Acc 0.7783 | Val Loss 1.7662 Acc 0.7749 AUC 0.9601 Pre 0.6987 Rec 0.6457
2026-09-02 01:59:22 |   Val AUC improved to 0.9601, model saved
2026-09-02 01:59:22 | Epoch  22/100 | Train Loss 1.4852 Acc 0.7999 | Val Loss 1.7155 Acc 0.7731 AUC 0.9589 Pre 0.6898 Rec 0.6484
2026-09-02 01:59:23 | Epoch  23/100 | Train Loss 1.3827 Acc 0.8190 | Val Loss 1.6590 Acc 0.8044 AUC 0.9582 Pre 0.8159 Rec 0.7112
2026-09-02 01:59:23 | Epoch  24/100 | Train Loss 1.2951 Acc 0.8300 | Val Loss 1.6045 Acc 0.8487 AUC 0.9584 Pre 0.8523 Rec 0.7972
2026-09-02 01:59:23 | Epoch  25/100 | Train Loss 1.2216 Acc 0.8374 | Val Loss 1.5712 Acc 0.8672 AUC 0.9590 Pre 0.8636 Rec 0.8330
2026-09-02 01:59:23 | Epoch  26/100 | Train Loss 1.1440 Acc 0.8467 | Val Loss 1.5514 Acc 0.8690 AUC 0.9596 Pre 0.8561 Rec 0.8424
2026-09-02 01:59:23 | Epoch  27/100 | Train Loss 1.0933 Acc 0.8608 | Val Loss 1.5404 Acc 0.8672 AUC 0.9601 Pre 0.8517 Rec 0.8438
2026-09-02 01:59:23 | Epoch  28/100 | Train Loss 1.0219 Acc 0.8867 | Val Loss 1.5435 Acc 0.8635 AUC 0.9601 Pre 0.8502 Rec 0.8417
2026-09-02 01:59:23 |   Val AUC improved to 0.9601, model saved
2026-09-02 01:59:23 | Epoch  29/100 | Train Loss 0.9619 Acc 0.8959 | Val Loss 1.5400 Acc 0.8653 AUC 0.9609 Pre 0.8529 Rec 0.8461
2026-09-02 01:59:23 |   Val AUC improved to 0.9609, model saved
2026-09-02 01:59:23 | Epoch  30/100 | Train Loss 0.8891 Acc 0.9089 | Val Loss 1.5354 Acc 0.8672 AUC 0.9615 Pre 0.8549 Rec 0.8494
2026-09-02 01:59:23 |   Val AUC improved to 0.9615, model saved
2026-09-02 01:59:23 | Epoch  31/100 | Train Loss 0.8435 Acc 0.9150 | Val Loss 1.5314 Acc 0.8653 AUC 0.9614 Pre 0.8548 Rec 0.8474
2026-09-02 01:59:23 | Epoch  32/100 | Train Loss 0.7997 Acc 0.9224 | Val Loss 1.5261 Acc 0.8616 AUC 0.9607 Pre 0.8500 Rec 0.8394
2026-09-02 01:59:23 | Epoch  33/100 | Train Loss 0.7458 Acc 0.9206 | Val Loss 1.5188 Acc 0.8561 AUC 0.9602 Pre 0.8466 Rec 0.8321
2026-09-02 01:59:23 | Epoch  34/100 | Train Loss 0.6935 Acc 0.9360 | Val Loss 1.5064 Acc 0.8561 AUC 0.9600 Pre 0.8447 Rec 0.8343
2026-09-02 01:59:23 | Epoch  35/100 | Train Loss 0.6404 Acc 0.9384 | Val Loss 1.4991 Acc 0.8524 AUC 0.9597 Pre 0.8396 Rec 0.8329
2026-09-02 01:59:23 | Epoch  36/100 | Train Loss 0.6109 Acc 0.9360 | Val Loss 1.4933 Acc 0.8506 AUC 0.9594 Pre 0.8356 Rec 0.8315
2026-09-02 01:59:23 | Epoch  37/100 | Train Loss 0.5489 Acc 0.9520 | Val Loss 1.4874 Acc 0.8524 AUC 0.9593 Pre 0.8384 Rec 0.8340
2026-09-02 01:59:23 | Epoch  38/100 | Train Loss 0.5184 Acc 0.9495 | Val Loss 1.4887 Acc 0.8524 AUC 0.9587 Pre 0.8385 Rec 0.8321
2026-09-02 01:59:23 | Epoch  39/100 | Train Loss 0.4985 Acc 0.9520 | Val Loss 1.4980 Acc 0.8506 AUC 0.9583 Pre 0.8378 Rec 0.8304
2026-09-02 01:59:23 | Epoch  40/100 | Train Loss 0.4621 Acc 0.9569 | Val Loss 1.5062 Acc 0.8542 AUC 0.9581 Pre 0.8429 Rec 0.8348
2026-09-02 01:59:23 | Val AUC did not improve for 10 consecutive epochs, early stopping at Epoch 40 (best AUC 0.9615 @ Epoch 30)
2026-09-02 01:59:23 | Run 2/5 | Test (best model @ Epoch 30) | Loss 1.4618 Acc 0.8708 AUC 0.9691 Pre 0.8571 Rec 0.8665
2026-09-02 01:59:23 | ===== Run 3/5 (seed 2) =====
2026-09-02 01:59:23 | Epoch   1/100 | Train Loss 5.2696 Acc 0.1404 | Val Loss 4.9241 Acc 0.3026 AUC 0.8385 Pre 0.0432 Rec 0.1429
2026-09-02 01:59:23 |   Val AUC improved to 0.8385, model saved
2026-09-02 01:59:23 | Epoch   2/100 | Train Loss 5.0270 Acc 0.1780 | Val Loss 4.5419 Acc 0.3026 AUC 0.8615 Pre 0.0432 Rec 0.1429
2026-09-02 01:59:23 |   Val AUC improved to 0.8615, model saved
2026-09-02 01:59:23 | Epoch   3/100 | Train Loss 4.6751 Acc 0.2087 | Val Loss 4.5807 Acc 0.3026 AUC 0.7420 Pre 0.0432 Rec 0.1429
2026-09-02 01:59:23 | Epoch   4/100 | Train Loss 4.7128 Acc 0.3091 | Val Loss 4.2291 Acc 0.3026 AUC 0.9101 Pre 0.0432 Rec 0.1429
2026-09-02 01:59:23 |   Val AUC improved to 0.9101, model saved
2026-09-02 01:59:23 | Epoch   5/100 | Train Loss 4.3041 Acc 0.2697 | Val Loss 4.2903 Acc 0.4059 AUC 0.9387 Pre 0.3339 Rec 0.2377
2026-09-02 01:59:23 |   Val AUC improved to 0.9387, model saved
2026-09-02 01:59:23 | Epoch   6/100 | Train Loss 4.3551 Acc 0.2617 | Val Loss 4.2056 Acc 0.4483 AUC 0.9432 Pre 0.3290 Rec 0.2766
2026-09-02 01:59:23 |   Val AUC improved to 0.9432, model saved
2026-09-02 01:59:23 | Epoch   7/100 | Train Loss 4.2811 Acc 0.2820 | Val Loss 3.9958 Acc 0.4539 AUC 0.9390 Pre 0.3256 Rec 0.2825
2026-09-02 01:59:23 | Epoch   8/100 | Train Loss 4.0466 Acc 0.3491 | Val Loss 3.6778 Acc 0.4668 AUC 0.9275 Pre 0.3217 Rec 0.2943
2026-09-02 01:59:23 | Epoch   9/100 | Train Loss 3.7263 Acc 0.4175 | Val Loss 3.3689 Acc 0.4815 AUC 0.9131 Pre 0.3177 Rec 0.3088
2026-09-02 01:59:23 | Epoch  10/100 | Train Loss 3.4138 Acc 0.4723 | Val Loss 3.1690 Acc 0.5369 AUC 0.9117 Pre 0.3091 Rec 0.3594
2026-09-02 01:59:23 | Epoch  11/100 | Train Loss 3.1934 Acc 0.5443 | Val Loss 2.9054 Acc 0.5830 AUC 0.9237 Pre 0.2648 Rec 0.4032
2026-09-02 01:59:23 | Epoch  12/100 | Train Loss 2.9222 Acc 0.5942 | Val Loss 2.6617 Acc 0.6218 AUC 0.9321 Pre 0.4548 Rec 0.4542
2026-09-02 01:59:23 | Epoch  13/100 | Train Loss 2.6773 Acc 0.6195 | Val Loss 2.4846 Acc 0.6956 AUC 0.9423 Pre 0.4986 Rec 0.5427
2026-09-02 01:59:23 | Epoch  14/100 | Train Loss 2.4599 Acc 0.6589 | Val Loss 2.3263 Acc 0.7399 AUC 0.9492 Pre 0.5191 Rec 0.5965
2026-09-02 01:59:23 |   Val AUC improved to 0.9492, model saved
2026-09-02 01:59:23 | Epoch  15/100 | Train Loss 2.2697 Acc 0.6860 | Val Loss 2.1146 Acc 0.7491 AUC 0.9541 Pre 0.5209 Rec 0.6075
2026-09-02 01:59:23 |   Val AUC improved to 0.9541, model saved
2026-09-02 01:59:23 | Epoch  16/100 | Train Loss 2.0305 Acc 0.7044 | Val Loss 1.9550 Acc 0.7565 AUC 0.9595 Pre 0.5248 Rec 0.6160
2026-09-02 01:59:23 |   Val AUC improved to 0.9595, model saved
2026-09-02 01:59:23 | Epoch  17/100 | Train Loss 1.8478 Acc 0.7284 | Val Loss 1.8667 Acc 0.7601 AUC 0.9618 Pre 0.5281 Rec 0.6231
2026-09-02 01:59:23 |   Val AUC improved to 0.9618, model saved
2026-09-02 01:59:23 | Epoch  18/100 | Train Loss 1.7063 Acc 0.7605 | Val Loss 1.7691 Acc 0.7620 AUC 0.9637 Pre 0.5335 Rec 0.6292
2026-09-02 01:59:23 |   Val AUC improved to 0.9637, model saved
2026-09-02 01:59:23 | Epoch  19/100 | Train Loss 1.5610 Acc 0.7814 | Val Loss 1.7069 Acc 0.7675 AUC 0.9660 Pre 0.6811 Rec 0.6492
2026-09-02 01:59:23 |   Val AUC improved to 0.9660, model saved
2026-09-02 01:59:23 | Epoch  20/100 | Train Loss 1.4782 Acc 0.7919 | Val Loss 1.6642 Acc 0.7989 AUC 0.9672 Pre 0.6791 Rec 0.7108
2026-09-02 01:59:23 |   Val AUC improved to 0.9672, model saved
2026-09-02 01:59:23 | Epoch  21/100 | Train Loss 1.4061 Acc 0.8183 | Val Loss 1.6267 Acc 0.8210 AUC 0.9665 Pre 0.8337 Rec 0.7416
2026-09-02 01:59:23 | Epoch  22/100 | Train Loss 1.3043 Acc 0.8473 | Val Loss 1.5978 Acc 0.8395 AUC 0.9654 Pre 0.8432 Rec 0.7887
2026-09-02 01:59:23 | Epoch  23/100 | Train Loss 1.2382 Acc 0.8559 | Val Loss 1.5596 Acc 0.8487 AUC 0.9654 Pre 0.8482 Rec 0.8077
2026-09-02 01:59:23 | Epoch  24/100 | Train Loss 1.1344 Acc 0.8768 | Val Loss 1.5178 Acc 0.8561 AUC 0.9659 Pre 0.8496 Rec 0.8190
2026-09-02 01:59:24 | Epoch  25/100 | Train Loss 1.0469 Acc 0.8867 | Val Loss 1.4928 Acc 0.8579 AUC 0.9660 Pre 0.8553 Rec 0.8231
2026-09-02 01:59:24 | Epoch  26/100 | Train Loss 0.9758 Acc 0.8855 | Val Loss 1.4716 Acc 0.8653 AUC 0.9657 Pre 0.8574 Rec 0.8386
2026-09-02 01:59:24 | Epoch  27/100 | Train Loss 0.9008 Acc 0.9021 | Val Loss 1.4564 Acc 0.8616 AUC 0.9653 Pre 0.8481 Rec 0.8338
2026-09-02 01:59:24 | Epoch  28/100 | Train Loss 0.8458 Acc 0.9119 | Val Loss 1.4633 Acc 0.8598 AUC 0.9641 Pre 0.8464 Rec 0.8371
2026-09-02 01:59:24 | Epoch  29/100 | Train Loss 0.7679 Acc 0.9150 | Val Loss 1.4796 Acc 0.8561 AUC 0.9628 Pre 0.8428 Rec 0.8330
2026-09-02 01:59:24 | Epoch  30/100 | Train Loss 0.7278 Acc 0.9175 | Val Loss 1.4917 Acc 0.8579 AUC 0.9615 Pre 0.8453 Rec 0.8343
2026-09-02 01:59:24 | Val AUC did not improve for 10 consecutive epochs, early stopping at Epoch 30 (best AUC 0.9672 @ Epoch 20)
2026-09-02 01:59:24 | Run 3/5 | Test (best model @ Epoch 20) | Loss 1.6607 Acc 0.8210 AUC 0.9701 Pre 0.6985 Rec 0.7426
2026-09-02 01:59:24 | ===== Run 4/5 (seed 3) =====
2026-09-02 01:59:24 | Epoch   1/100 | Train Loss 5.3023 Acc 0.1502 | Val Loss 4.9413 Acc 0.3026 AUC 0.8387 Pre 0.0432 Rec 0.1429
2026-09-02 01:59:24 |   Val AUC improved to 0.8387, model saved
2026-09-02 01:59:24 | Epoch   2/100 | Train Loss 5.0466 Acc 0.1712 | Val Loss 4.5510 Acc 0.3026 AUC 0.8230 Pre 0.0432 Rec 0.1429
2026-09-02 01:59:24 | Epoch   3/100 | Train Loss 4.6851 Acc 0.2198 | Val Loss 4.7940 Acc 0.3026 AUC 0.6986 Pre 0.0432 Rec 0.1429
2026-09-02 01:59:24 | Epoch   4/100 | Train Loss 4.9203 Acc 0.3005 | Val Loss 4.2389 Acc 0.3063 AUC 0.8807 Pre 0.1862 Rec 0.1463
2026-09-02 01:59:24 |   Val AUC improved to 0.8807, model saved
2026-09-02 01:59:24 | Epoch   5/100 | Train Loss 4.3258 Acc 0.2586 | Val Loss 4.3377 Acc 0.5018 AUC 0.9213 Pre 0.3175 Rec 0.3274
2026-09-02 01:59:24 |   Val AUC improved to 0.9213, model saved
2026-09-02 01:59:24 | Epoch   6/100 | Train Loss 4.4225 Acc 0.2352 | Val Loss 4.3096 Acc 0.5092 AUC 0.9301 Pre 0.3187 Rec 0.3342
2026-09-02 01:59:24 |   Val AUC improved to 0.9301, model saved
2026-09-02 01:59:24 | Epoch   7/100 | Train Loss 4.3632 Acc 0.2808 | Val Loss 4.1738 Acc 0.5111 AUC 0.9297 Pre 0.3033 Rec 0.3359
2026-09-02 01:59:24 | Epoch   8/100 | Train Loss 4.2534 Acc 0.3091 | Val Loss 3.9399 Acc 0.5148 AUC 0.9275 Pre 0.2891 Rec 0.3393
2026-09-02 01:59:24 | Epoch   9/100 | Train Loss 3.9975 Acc 0.3836 | Val Loss 3.6097 Acc 0.5185 AUC 0.9230 Pre 0.2786 Rec 0.3427
2026-09-02 01:59:24 | Epoch  10/100 | Train Loss 3.6661 Acc 0.4674 | Val Loss 3.2742 Acc 0.5203 AUC 0.9159 Pre 0.2525 Rec 0.3444
2026-09-02 01:59:24 | Epoch  11/100 | Train Loss 3.3298 Acc 0.5105 | Val Loss 3.0288 Acc 0.5572 AUC 0.9199 Pre 0.2423 Rec 0.3780
2026-09-02 01:59:24 | Epoch  12/100 | Train Loss 3.0655 Acc 0.5634 | Val Loss 2.8594 Acc 0.5886 AUC 0.9271 Pre 0.2529 Rec 0.4083
2026-09-02 01:59:24 | Epoch  13/100 | Train Loss 2.9035 Acc 0.5850 | Val Loss 2.6246 Acc 0.6015 AUC 0.9348 Pre 0.3424 Rec 0.4245
2026-09-02 01:59:24 |   Val AUC improved to 0.9348, model saved
2026-09-02 01:59:24 | Epoch  14/100 | Train Loss 2.6357 Acc 0.6139 | Val Loss 2.4031 Acc 0.6550 AUC 0.9415 Pre 0.3599 Rec 0.4840
2026-09-02 01:59:24 |   Val AUC improved to 0.9415, model saved
2026-09-02 01:59:24 | Epoch  15/100 | Train Loss 2.3771 Acc 0.6435 | Val Loss 2.2556 Acc 0.6845 AUC 0.9460 Pre 0.5387 Rec 0.5187
2026-09-02 01:59:24 |   Val AUC improved to 0.9460, model saved
2026-09-02 01:59:24 | Epoch  16/100 | Train Loss 2.1968 Acc 0.6700 | Val Loss 2.1060 Acc 0.7196 AUC 0.9508 Pre 0.5510 Rec 0.5660
2026-09-02 01:59:24 |   Val AUC improved to 0.9508, model saved
2026-09-02 01:59:24 | Epoch  17/100 | Train Loss 2.0175 Acc 0.6995 | Val Loss 1.9623 Acc 0.7362 AUC 0.9543 Pre 0.5324 Rec 0.5882
2026-09-02 01:59:24 |   Val AUC improved to 0.9543, model saved
2026-09-02 01:59:24 | Epoch  18/100 | Train Loss 1.8571 Acc 0.7131 | Val Loss 1.8758 Acc 0.7546 AUC 0.9560 Pre 0.5384 Rec 0.6120
2026-09-02 01:59:24 |   Val AUC improved to 0.9560, model saved
2026-09-02 01:59:24 | Epoch  19/100 | Train Loss 1.7595 Acc 0.7297 | Val Loss 1.8122 Acc 0.7546 AUC 0.9577 Pre 0.5313 Rec 0.6160
2026-09-02 01:59:24 |   Val AUC improved to 0.9577, model saved
2026-09-02 01:59:24 | Epoch  20/100 | Train Loss 1.6575 Acc 0.7623 | Val Loss 1.7516 Acc 0.7657 AUC 0.9594 Pre 0.6086 Rec 0.6320
2026-09-02 01:59:24 |   Val AUC improved to 0.9594, model saved
2026-09-02 01:59:24 | Epoch  21/100 | Train Loss 1.5553 Acc 0.7783 | Val Loss 1.7156 Acc 0.7878 AUC 0.9620 Pre 0.6748 Rec 0.6724
2026-09-02 01:59:24 |   Val AUC improved to 0.9620, model saved
2026-09-02 01:59:24 | Epoch  22/100 | Train Loss 1.4716 Acc 0.8067 | Val Loss 1.6829 Acc 0.8063 AUC 0.9628 Pre 0.8310 Rec 0.7117
2026-09-02 01:59:24 |   Val AUC improved to 0.9628, model saved
2026-09-02 01:59:24 | Epoch  23/100 | Train Loss 1.3933 Acc 0.8097 | Val Loss 1.6430 Acc 0.8266 AUC 0.9625 Pre 0.8411 Rec 0.7460
2026-09-02 01:59:24 | Epoch  24/100 | Train Loss 1.3045 Acc 0.8399 | Val Loss 1.5984 Acc 0.8506 AUC 0.9627 Pre 0.8564 Rec 0.7963
2026-09-02 01:59:24 | Epoch  25/100 | Train Loss 1.2179 Acc 0.8516 | Val Loss 1.5537 Acc 0.8561 AUC 0.9641 Pre 0.8505 Rec 0.8152
2026-09-02 01:59:24 |   Val AUC improved to 0.9641, model saved
2026-09-02 01:59:24 | Epoch  26/100 | Train Loss 1.1472 Acc 0.8608 | Val Loss 1.5147 Acc 0.8579 AUC 0.9659 Pre 0.8468 Rec 0.8281
2026-09-02 01:59:24 |   Val AUC improved to 0.9659, model saved
2026-09-02 01:59:24 | Epoch  27/100 | Train Loss 1.0643 Acc 0.8824 | Val Loss 1.4893 Acc 0.8598 AUC 0.9663 Pre 0.8454 Rec 0.8359
2026-09-02 01:59:24 |   Val AUC improved to 0.9663, model saved
2026-09-02 01:59:24 | Epoch  28/100 | Train Loss 1.0098 Acc 0.8867 | Val Loss 1.4711 Acc 0.8616 AUC 0.9663 Pre 0.8471 Rec 0.8410
2026-09-02 01:59:24 |   Val AUC improved to 0.9663, model saved
2026-09-02 01:59:24 | Epoch  29/100 | Train Loss 0.9226 Acc 0.9113 | Val Loss 1.4619 Acc 0.8672 AUC 0.9663 Pre 0.8521 Rec 0.8487
2026-09-02 01:59:24 | Epoch  30/100 | Train Loss 0.8539 Acc 0.9212 | Val Loss 1.4605 Acc 0.8635 AUC 0.9658 Pre 0.8502 Rec 0.8446
2026-09-02 01:59:24 | Epoch  31/100 | Train Loss 0.8130 Acc 0.9243 | Val Loss 1.4661 Acc 0.8672 AUC 0.9646 Pre 0.8579 Rec 0.8525
2026-09-02 01:59:24 | Epoch  32/100 | Train Loss 0.7486 Acc 0.9310 | Val Loss 1.4746 Acc 0.8672 AUC 0.9633 Pre 0.8584 Rec 0.8494
2026-09-02 01:59:24 | Epoch  33/100 | Train Loss 0.7157 Acc 0.9335 | Val Loss 1.4766 Acc 0.8561 AUC 0.9625 Pre 0.8449 Rec 0.8363
2026-09-02 01:59:24 | Epoch  34/100 | Train Loss 0.6725 Acc 0.9298 | Val Loss 1.4792 Acc 0.8579 AUC 0.9618 Pre 0.8494 Rec 0.8386
2026-09-02 01:59:24 | Epoch  35/100 | Train Loss 0.6239 Acc 0.9409 | Val Loss 1.4841 Acc 0.8542 AUC 0.9610 Pre 0.8457 Rec 0.8344
2026-09-02 01:59:24 | Epoch  36/100 | Train Loss 0.5983 Acc 0.9483 | Val Loss 1.4908 Acc 0.8542 AUC 0.9605 Pre 0.8465 Rec 0.8344
2026-09-02 01:59:24 | Epoch  37/100 | Train Loss 0.5756 Acc 0.9403 | Val Loss 1.4923 Acc 0.8579 AUC 0.9602 Pre 0.8503 Rec 0.8382
2026-09-02 01:59:24 | Epoch  38/100 | Train Loss 0.5480 Acc 0.9501 | Val Loss 1.4957 Acc 0.8598 AUC 0.9598 Pre 0.8496 Rec 0.8395
2026-09-02 01:59:24 | Val AUC did not improve for 10 consecutive epochs, early stopping at Epoch 38 (best AUC 0.9663 @ Epoch 28)
2026-09-02 01:59:24 | Run 4/5 | Test (best model @ Epoch 28) | Loss 1.4190 Acc 0.8819 AUC 0.9714 Pre 0.8735 Rec 0.8712
2026-09-02 01:59:24 | ===== Run 5/5 (seed 4) =====
2026-09-02 01:59:24 | Epoch   1/100 | Train Loss 5.2838 Acc 0.1490 | Val Loss 4.9187 Acc 0.3026 AUC 0.8558 Pre 0.0432 Rec 0.1429
2026-09-02 01:59:24 |   Val AUC improved to 0.8558, model saved
2026-09-02 01:59:24 | Epoch   2/100 | Train Loss 5.0661 Acc 0.1515 | Val Loss 4.5394 Acc 0.3026 AUC 0.7691 Pre 0.0432 Rec 0.1429
2026-09-02 01:59:24 | Epoch   3/100 | Train Loss 4.6496 Acc 0.2346 | Val Loss 4.5392 Acc 0.3026 AUC 0.7600 Pre 0.0432 Rec 0.1429
2026-09-02 01:59:25 | Epoch   4/100 | Train Loss 4.6711 Acc 0.3097 | Val Loss 4.2236 Acc 0.3026 AUC 0.8869 Pre 0.0432 Rec 0.1429
2026-09-02 01:59:25 |   Val AUC improved to 0.8869, model saved
2026-09-02 01:59:25 | Epoch   5/100 | Train Loss 4.2975 Acc 0.2623 | Val Loss 4.2549 Acc 0.3856 AUC 0.9013 Pre 0.3298 Rec 0.2194
2026-09-02 01:59:25 |   Val AUC improved to 0.9013, model saved
2026-09-02 01:59:25 | Epoch   6/100 | Train Loss 4.3309 Acc 0.2728 | Val Loss 4.1093 Acc 0.4391 AUC 0.9131 Pre 0.3240 Rec 0.2685
2026-09-02 01:59:25 |   Val AUC improved to 0.9131, model saved
2026-09-02 01:59:25 | Epoch   7/100 | Train Loss 4.1683 Acc 0.3288 | Val Loss 3.8120 Acc 0.4834 AUC 0.9160 Pre 0.3038 Rec 0.3090
2026-09-02 01:59:25 |   Val AUC improved to 0.9160, model saved
2026-09-02 01:59:25 | Epoch   8/100 | Train Loss 3.8779 Acc 0.4015 | Val Loss 3.4423 Acc 0.4982 AUC 0.9132 Pre 0.2857 Rec 0.3225
2026-09-02 01:59:25 | Epoch   9/100 | Train Loss 3.5075 Acc 0.4729 | Val Loss 3.2009 Acc 0.5221 AUC 0.9131 Pre 0.2647 Rec 0.3461
2026-09-02 01:59:25 | Epoch  10/100 | Train Loss 3.2473 Acc 0.5283 | Val Loss 2.9888 Acc 0.5775 AUC 0.9315 Pre 0.2516 Rec 0.3982
2026-09-02 01:59:25 |   Val AUC improved to 0.9315, model saved
2026-09-02 01:59:25 | Epoch  11/100 | Train Loss 3.0349 Acc 0.5770 | Val Loss 2.7373 Acc 0.5830 AUC 0.9413 Pre 0.2538 Rec 0.4081
2026-09-02 01:59:25 |   Val AUC improved to 0.9413, model saved
2026-09-02 01:59:25 | Epoch  12/100 | Train Loss 2.7712 Acc 0.6084 | Val Loss 2.5141 Acc 0.6458 AUC 0.9452 Pre 0.3564 Rec 0.4897
2026-09-02 01:59:25 |   Val AUC improved to 0.9452, model saved
2026-09-02 01:59:25 | Epoch  13/100 | Train Loss 2.5225 Acc 0.6330 | Val Loss 2.3616 Acc 0.6790 AUC 0.9498 Pre 0.4493 Rec 0.5261
2026-09-02 01:59:25 |   Val AUC improved to 0.9498, model saved
2026-09-02 01:59:25 | Epoch  14/100 | Train Loss 2.3334 Acc 0.6576 | Val Loss 2.2125 Acc 0.7048 AUC 0.9573 Pre 0.5119 Rec 0.5607
2026-09-02 01:59:25 |   Val AUC improved to 0.9573, model saved
2026-09-02 01:59:25 | Epoch  15/100 | Train Loss 2.1473 Acc 0.6810 | Val Loss 2.0315 Acc 0.7325 AUC 0.9615 Pre 0.5381 Rec 0.5914
2026-09-02 01:59:25 |   Val AUC improved to 0.9615, model saved
2026-09-02 01:59:25 | Epoch  16/100 | Train Loss 1.9467 Acc 0.7180 | Val Loss 1.8915 Acc 0.7546 AUC 0.9632 Pre 0.5437 Rec 0.6153
2026-09-02 01:59:25 |   Val AUC improved to 0.9632, model saved
2026-09-02 01:59:25 | Epoch  17/100 | Train Loss 1.7694 Acc 0.7414 | Val Loss 1.8274 Acc 0.7620 AUC 0.9629 Pre 0.5408 Rec 0.6254
2026-09-02 01:59:25 | Epoch  18/100 | Train Loss 1.6836 Acc 0.7660 | Val Loss 1.7613 Acc 0.7768 AUC 0.9628 Pre 0.6918 Rec 0.6459
2026-09-02 01:59:25 | Epoch  19/100 | Train Loss 1.5535 Acc 0.7839 | Val Loss 1.7067 Acc 0.8007 AUC 0.9639 Pre 0.6886 Rec 0.6956
2026-09-02 01:59:25 |   Val AUC improved to 0.9639, model saved
2026-09-02 01:59:25 | Epoch  20/100 | Train Loss 1.4552 Acc 0.7962 | Val Loss 1.6730 Acc 0.8229 AUC 0.9647 Pre 0.8351 Rec 0.7368
2026-09-02 01:59:25 |   Val AUC improved to 0.9647, model saved
2026-09-02 01:59:25 | Epoch  21/100 | Train Loss 1.3676 Acc 0.8288 | Val Loss 1.6370 Acc 0.8542 AUC 0.9645 Pre 0.8490 Rec 0.8074
2026-09-02 01:59:25 | Epoch  22/100 | Train Loss 1.2963 Acc 0.8436 | Val Loss 1.5858 Acc 0.8690 AUC 0.9646 Pre 0.8556 Rec 0.8398
2026-09-02 01:59:25 | Epoch  23/100 | Train Loss 1.2197 Acc 0.8491 | Val Loss 1.5343 Acc 0.8690 AUC 0.9654 Pre 0.8537 Rec 0.8405
2026-09-02 01:59:25 |   Val AUC improved to 0.9654, model saved
2026-09-02 01:59:25 | Epoch  24/100 | Train Loss 1.1113 Acc 0.8664 | Val Loss 1.5018 Acc 0.8764 AUC 0.9656 Pre 0.8641 Rec 0.8555
2026-09-02 01:59:25 |   Val AUC improved to 0.9656, model saved
2026-09-02 01:59:25 | Epoch  25/100 | Train Loss 1.0185 Acc 0.8947 | Val Loss 1.4883 Acc 0.8764 AUC 0.9652 Pre 0.8641 Rec 0.8558
2026-09-02 01:59:25 | Epoch  26/100 | Train Loss 0.9406 Acc 0.9150 | Val Loss 1.4725 Acc 0.8690 AUC 0.9648 Pre 0.8566 Rec 0.8499
2026-09-02 01:59:25 | Epoch  27/100 | Train Loss 0.8863 Acc 0.9138 | Val Loss 1.4615 Acc 0.8708 AUC 0.9649 Pre 0.8579 Rec 0.8538
2026-09-02 01:59:25 | Epoch  28/100 | Train Loss 0.8091 Acc 0.9255 | Val Loss 1.4621 Acc 0.8616 AUC 0.9641 Pre 0.8510 Rec 0.8443
2026-09-02 01:59:25 | Epoch  29/100 | Train Loss 0.7691 Acc 0.9304 | Val Loss 1.4681 Acc 0.8579 AUC 0.9631 Pre 0.8457 Rec 0.8386
2026-09-02 01:59:25 | Epoch  30/100 | Train Loss 0.7248 Acc 0.9292 | Val Loss 1.4688 Acc 0.8524 AUC 0.9625 Pre 0.8386 Rec 0.8329
2026-09-02 01:59:25 | Epoch  31/100 | Train Loss 0.6675 Acc 0.9329 | Val Loss 1.4741 Acc 0.8579 AUC 0.9620 Pre 0.8432 Rec 0.8385
2026-09-02 01:59:25 | Epoch  32/100 | Train Loss 0.6194 Acc 0.9397 | Val Loss 1.4719 Acc 0.8598 AUC 0.9613 Pre 0.8453 Rec 0.8425
2026-09-02 01:59:25 | Epoch  33/100 | Train Loss 0.5685 Acc 0.9495 | Val Loss 1.4771 Acc 0.8561 AUC 0.9603 Pre 0.8444 Rec 0.8358
2026-09-02 01:59:25 | Epoch  34/100 | Train Loss 0.5538 Acc 0.9403 | Val Loss 1.4673 Acc 0.8616 AUC 0.9601 Pre 0.8508 Rec 0.8454
2026-09-02 01:59:25 | Val AUC did not improve for 10 consecutive epochs, early stopping at Epoch 34 (best AUC 0.9656 @ Epoch 24)
2026-09-02 01:59:25 | Run 5/5 | Test (best model @ Epoch 24) | Loss 1.4785 Acc 0.8782 AUC 0.9706 Pre 0.8697 Rec 0.8668
2026-09-02 01:59:25 | Average over 5 runs | Test Loss 1.4952±0.0950 Acc 0.8649±0.0249 AUC 0.9701±0.0009 Pre 0.8321±0.0750 Rec 0.8422±0.0558
