2026-09-14 22:11:13 | Device: cuda
2026-09-14 22:11:13 | Args: {'model': 'opb-fixed-frame', 'backbone': 'gnn', 'task': 'cora', 'epochs': 100, 'batch_size': 512, 'lr': 0.01, 'hidden_dims': [512, 256], 'dropout': 0.2, 'z_dim': 256, 'anchor_scale': 2.0, 'energy_classifier': False, 'tied_head': False, 'max_len': 250, 'random_labels': False, 'beta': 0.01, 'patience': 10, 'runs': 5, 'seed': 0, 'data_dir': './data', 'save_path': 'output/cora_gnn_opb-fixed-frame/cora_gnn_opb-fixed-frame.pt', 'log_path': '/root/autodl-tmp/IB/output/ablation/cora_gnn_opb-fixed-frame_beta_0.01_anchor_2/train.log', 'no_save': True}
2026-09-14 22:11:15 | Cora 划分（60/20/20 分层）：train 1624 / val 542 / test 542（共 2708 节点，7 类）
2026-09-14 22:11:16 | ===== Run 1/5 (seed 0) =====
2026-09-14 22:11:18 | Epoch   1/100 | Train Loss 3.3250 Acc 0.1379 | Val Loss 1.8676 Acc 0.3026 AUC 0.9064 Pre 0.0432 Rec 0.1429
2026-09-14 22:11:18 |   Val AUC improved to 0.9064, model saved
2026-09-14 22:11:18 | Epoch   2/100 | Train Loss 3.2702 Acc 0.1490 | Val Loss 1.7449 Acc 0.3026 AUC 0.8676 Pre 0.0432 Rec 0.1429
2026-09-14 22:11:18 | Epoch   3/100 | Train Loss 2.8895 Acc 0.1983 | Val Loss 1.9846 Acc 0.3026 AUC 0.7873 Pre 0.0432 Rec 0.1429
2026-09-14 22:11:18 | Epoch   4/100 | Train Loss 2.6296 Acc 0.2802 | Val Loss 1.5992 Acc 0.3210 AUC 0.9046 Pre 0.1869 Rec 0.1599
2026-09-14 22:11:18 | Epoch   5/100 | Train Loss 2.1793 Acc 0.3411 | Val Loss 1.2992 Acc 0.5756 AUC 0.9469 Pre 0.5875 Rec 0.4021
2026-09-14 22:11:18 |   Val AUC improved to 0.9469, model saved
2026-09-14 22:11:18 | Epoch   6/100 | Train Loss 1.8346 Acc 0.4243 | Val Loss 1.1208 Acc 0.7140 AUC 0.9555 Pre 0.5472 Rec 0.5649
2026-09-14 22:11:18 |   Val AUC improved to 0.9555, model saved
2026-09-14 22:11:18 | Epoch   7/100 | Train Loss 1.4632 Acc 0.5579 | Val Loss 0.9534 Acc 0.7417 AUC 0.9611 Pre 0.5558 Rec 0.5956
2026-09-14 22:11:18 |   Val AUC improved to 0.9611, model saved
2026-09-14 22:11:18 | Epoch   8/100 | Train Loss 1.1115 Acc 0.6773 | Val Loss 0.8790 Acc 0.7325 AUC 0.9642 Pre 0.5553 Rec 0.5914
2026-09-14 22:11:18 |   Val AUC improved to 0.9642, model saved
2026-09-14 22:11:18 | Epoch   9/100 | Train Loss 0.9006 Acc 0.7463 | Val Loss 0.8247 Acc 0.7565 AUC 0.9664 Pre 0.5514 Rec 0.6218
2026-09-14 22:11:18 |   Val AUC improved to 0.9664, model saved
2026-09-14 22:11:18 | Epoch  10/100 | Train Loss 0.7807 Acc 0.7783 | Val Loss 0.8306 Acc 0.7915 AUC 0.9655 Pre 0.8207 Rec 0.6967
2026-09-14 22:11:18 | Epoch  11/100 | Train Loss 0.7223 Acc 0.8331 | Val Loss 0.8679 Acc 0.8487 AUC 0.9670 Pre 0.8394 Rec 0.8082
2026-09-14 22:11:18 |   Val AUC improved to 0.9670, model saved
2026-09-14 22:11:18 | Epoch  12/100 | Train Loss 0.7293 Acc 0.8547 | Val Loss 0.8711 Acc 0.8524 AUC 0.9710 Pre 0.8533 Rec 0.8122
2026-09-14 22:11:18 |   Val AUC improved to 0.9710, model saved
2026-09-14 22:11:19 | Epoch  13/100 | Train Loss 0.6798 Acc 0.8787 | Val Loss 0.8755 Acc 0.8561 AUC 0.9730 Pre 0.8731 Rec 0.8145
2026-09-14 22:11:19 |   Val AUC improved to 0.9730, model saved
2026-09-14 22:11:19 | Epoch  14/100 | Train Loss 0.6307 Acc 0.8959 | Val Loss 0.8791 Acc 0.8598 AUC 0.9739 Pre 0.8650 Rec 0.8225
2026-09-14 22:11:19 |   Val AUC improved to 0.9739, model saved
2026-09-14 22:11:19 | Epoch  15/100 | Train Loss 0.5917 Acc 0.9144 | Val Loss 0.8706 Acc 0.8708 AUC 0.9747 Pre 0.8728 Rec 0.8391
2026-09-14 22:11:19 |   Val AUC improved to 0.9747, model saved
2026-09-14 22:11:19 | Epoch  16/100 | Train Loss 0.5458 Acc 0.9280 | Val Loss 0.8549 Acc 0.8653 AUC 0.9753 Pre 0.8548 Rec 0.8448
2026-09-14 22:11:19 |   Val AUC improved to 0.9753, model saved
2026-09-14 22:11:19 | Epoch  17/100 | Train Loss 0.5126 Acc 0.9286 | Val Loss 0.8389 Acc 0.8690 AUC 0.9752 Pre 0.8511 Rec 0.8589
2026-09-14 22:11:19 | Epoch  18/100 | Train Loss 0.4716 Acc 0.9286 | Val Loss 0.8280 Acc 0.8616 AUC 0.9748 Pre 0.8435 Rec 0.8593
2026-09-14 22:11:19 | Epoch  19/100 | Train Loss 0.4358 Acc 0.9323 | Val Loss 0.8078 Acc 0.8635 AUC 0.9743 Pre 0.8435 Rec 0.8659
2026-09-14 22:11:19 | Epoch  20/100 | Train Loss 0.3981 Acc 0.9366 | Val Loss 0.7772 Acc 0.8598 AUC 0.9737 Pre 0.8429 Rec 0.8603
2026-09-14 22:11:19 | Epoch  21/100 | Train Loss 0.3634 Acc 0.9409 | Val Loss 0.7478 Acc 0.8579 AUC 0.9729 Pre 0.8425 Rec 0.8517
2026-09-14 22:11:19 | Epoch  22/100 | Train Loss 0.3189 Acc 0.9415 | Val Loss 0.7284 Acc 0.8616 AUC 0.9718 Pre 0.8474 Rec 0.8494
2026-09-14 22:11:19 | Epoch  23/100 | Train Loss 0.3188 Acc 0.9458 | Val Loss 0.7214 Acc 0.8598 AUC 0.9710 Pre 0.8472 Rec 0.8486
2026-09-14 22:11:19 | Epoch  24/100 | Train Loss 0.2784 Acc 0.9446 | Val Loss 0.7193 Acc 0.8635 AUC 0.9702 Pre 0.8523 Rec 0.8511
2026-09-14 22:11:19 | Epoch  25/100 | Train Loss 0.2743 Acc 0.9421 | Val Loss 0.7163 Acc 0.8598 AUC 0.9695 Pre 0.8480 Rec 0.8432
2026-09-14 22:11:19 | Epoch  26/100 | Train Loss 0.2654 Acc 0.9470 | Val Loss 0.7104 Acc 0.8653 AUC 0.9688 Pre 0.8552 Rec 0.8455
2026-09-14 22:11:19 | Val AUC did not improve for 10 consecutive epochs, early stopping at Epoch 26 (best AUC 0.9753 @ Epoch 16)
2026-09-14 22:11:19 | Run 1/5 | Test (best model @ Epoch 16) | Loss 0.8231 Acc 0.8708 AUC 0.9802 Pre 0.8688 Rec 0.8611
2026-09-14 22:11:19 | ===== Run 2/5 (seed 1) =====
2026-09-14 22:11:19 | Epoch   1/100 | Train Loss 3.3665 Acc 0.1398 | Val Loss 1.8631 Acc 0.3026 AUC 0.9012 Pre 0.0432 Rec 0.1429
2026-09-14 22:11:19 |   Val AUC improved to 0.9012, model saved
2026-09-14 22:11:19 | Epoch   2/100 | Train Loss 3.1638 Acc 0.1515 | Val Loss 1.7591 Acc 0.3026 AUC 0.8358 Pre 0.0432 Rec 0.1429
2026-09-14 22:11:19 | Epoch   3/100 | Train Loss 2.9171 Acc 0.1977 | Val Loss 2.1042 Acc 0.3026 AUC 0.7790 Pre 0.0432 Rec 0.1429
2026-09-14 22:11:19 | Epoch   4/100 | Train Loss 2.6846 Acc 0.2974 | Val Loss 1.5954 Acc 0.3100 AUC 0.8987 Pre 0.1864 Rec 0.1497
2026-09-14 22:11:19 | Epoch   5/100 | Train Loss 2.2071 Acc 0.3331 | Val Loss 1.3090 Acc 0.5812 AUC 0.9461 Pre 0.5786 Rec 0.4098
2026-09-14 22:11:19 |   Val AUC improved to 0.9461, model saved
2026-09-14 22:11:19 | Epoch   6/100 | Train Loss 1.9312 Acc 0.3935 | Val Loss 1.1427 Acc 0.7325 AUC 0.9543 Pre 0.5455 Rec 0.5914
2026-09-14 22:11:19 |   Val AUC improved to 0.9543, model saved
2026-09-14 22:11:19 | Epoch   7/100 | Train Loss 1.4975 Acc 0.5363 | Val Loss 0.9907 Acc 0.7454 AUC 0.9580 Pre 0.5548 Rec 0.6067
2026-09-14 22:11:19 |   Val AUC improved to 0.9580, model saved
2026-09-14 22:11:19 | Epoch   8/100 | Train Loss 1.1652 Acc 0.6638 | Val Loss 0.8990 Acc 0.7380 AUC 0.9603 Pre 0.5614 Rec 0.5981
2026-09-14 22:11:19 |   Val AUC improved to 0.9603, model saved
2026-09-14 22:11:19 | Epoch   9/100 | Train Loss 0.9691 Acc 0.7050 | Val Loss 0.8800 Acc 0.7491 AUC 0.9640 Pre 0.5564 Rec 0.6125
2026-09-14 22:11:19 |   Val AUC improved to 0.9640, model saved
2026-09-14 22:11:19 | Epoch  10/100 | Train Loss 0.8380 Acc 0.7777 | Val Loss 0.8219 Acc 0.7768 AUC 0.9653 Pre 0.8260 Rec 0.6613
2026-09-14 22:11:19 |   Val AUC improved to 0.9653, model saved
2026-09-14 22:11:19 | Epoch  11/100 | Train Loss 0.7366 Acc 0.8140 | Val Loss 0.8601 Acc 0.8303 AUC 0.9638 Pre 0.8484 Rec 0.7581
2026-09-14 22:11:19 | Epoch  12/100 | Train Loss 0.7406 Acc 0.8534 | Val Loss 0.8501 Acc 0.8542 AUC 0.9680 Pre 0.8459 Rec 0.8188
2026-09-14 22:11:19 |   Val AUC improved to 0.9680, model saved
2026-09-14 22:11:19 | Epoch  13/100 | Train Loss 0.6811 Acc 0.8738 | Val Loss 0.8486 Acc 0.8524 AUC 0.9704 Pre 0.8491 Rec 0.8152
2026-09-14 22:11:19 |   Val AUC improved to 0.9704, model saved
2026-09-14 22:11:19 | Epoch  14/100 | Train Loss 0.6360 Acc 0.8812 | Val Loss 0.8458 Acc 0.8542 AUC 0.9725 Pre 0.8669 Rec 0.8146
2026-09-14 22:11:19 |   Val AUC improved to 0.9725, model saved
2026-09-14 22:11:19 | Epoch  15/100 | Train Loss 0.5840 Acc 0.9052 | Val Loss 0.8264 Acc 0.8690 AUC 0.9741 Pre 0.8738 Rec 0.8389
2026-09-14 22:11:19 |   Val AUC improved to 0.9741, model saved
2026-09-14 22:11:19 | Epoch  16/100 | Train Loss 0.5278 Acc 0.9261 | Val Loss 0.8265 Acc 0.8653 AUC 0.9746 Pre 0.8609 Rec 0.8401
2026-09-14 22:11:19 |   Val AUC improved to 0.9746, model saved
2026-09-14 22:11:19 | Epoch  17/100 | Train Loss 0.5062 Acc 0.9212 | Val Loss 0.8200 Acc 0.8616 AUC 0.9747 Pre 0.8497 Rec 0.8473
2026-09-14 22:11:19 |   Val AUC improved to 0.9747, model saved
2026-09-14 22:11:19 | Epoch  18/100 | Train Loss 0.4677 Acc 0.9280 | Val Loss 0.8007 Acc 0.8653 AUC 0.9745 Pre 0.8463 Rec 0.8540
2026-09-14 22:11:19 | Epoch  19/100 | Train Loss 0.4361 Acc 0.9236 | Val Loss 0.7850 Acc 0.8708 AUC 0.9747 Pre 0.8547 Rec 0.8704
2026-09-14 22:11:19 |   Val AUC improved to 0.9747, model saved
2026-09-14 22:11:19 | Epoch  20/100 | Train Loss 0.3897 Acc 0.9360 | Val Loss 0.7756 Acc 0.8727 AUC 0.9748 Pre 0.8527 Rec 0.8698
2026-09-14 22:11:19 |   Val AUC improved to 0.9748, model saved
2026-09-14 22:11:19 | Epoch  21/100 | Train Loss 0.3827 Acc 0.9286 | Val Loss 0.7592 Acc 0.8690 AUC 0.9745 Pre 0.8489 Rec 0.8678
2026-09-14 22:11:19 | Epoch  22/100 | Train Loss 0.3569 Acc 0.9317 | Val Loss 0.7372 Acc 0.8708 AUC 0.9738 Pre 0.8531 Rec 0.8658
2026-09-14 22:11:19 | Epoch  23/100 | Train Loss 0.3152 Acc 0.9403 | Val Loss 0.7246 Acc 0.8672 AUC 0.9726 Pre 0.8530 Rec 0.8563
2026-09-14 22:11:20 | Epoch  24/100 | Train Loss 0.2831 Acc 0.9470 | Val Loss 0.7215 Acc 0.8616 AUC 0.9716 Pre 0.8477 Rec 0.8466
2026-09-14 22:11:20 | Epoch  25/100 | Train Loss 0.2694 Acc 0.9470 | Val Loss 0.7191 Acc 0.8635 AUC 0.9707 Pre 0.8544 Rec 0.8487
2026-09-14 22:11:20 | Epoch  26/100 | Train Loss 0.2479 Acc 0.9575 | Val Loss 0.7093 Acc 0.8598 AUC 0.9699 Pre 0.8560 Rec 0.8388
2026-09-14 22:11:20 | Epoch  27/100 | Train Loss 0.2447 Acc 0.9544 | Val Loss 0.6948 Acc 0.8635 AUC 0.9693 Pre 0.8614 Rec 0.8426
2026-09-14 22:11:20 | Epoch  28/100 | Train Loss 0.2317 Acc 0.9575 | Val Loss 0.6793 Acc 0.8690 AUC 0.9690 Pre 0.8598 Rec 0.8495
2026-09-14 22:11:20 | Epoch  29/100 | Train Loss 0.2418 Acc 0.9532 | Val Loss 0.6672 Acc 0.8690 AUC 0.9692 Pre 0.8598 Rec 0.8495
2026-09-14 22:11:20 | Epoch  30/100 | Train Loss 0.2200 Acc 0.9594 | Val Loss 0.6567 Acc 0.8653 AUC 0.9695 Pre 0.8527 Rec 0.8466
2026-09-14 22:11:20 | Val AUC did not improve for 10 consecutive epochs, early stopping at Epoch 30 (best AUC 0.9748 @ Epoch 20)
2026-09-14 22:11:20 | Run 2/5 | Test (best model @ Epoch 20) | Loss 0.7172 Acc 0.8911 AUC 0.9799 Pre 0.8737 Rec 0.8984
2026-09-14 22:11:20 | ===== Run 3/5 (seed 2) =====
2026-09-14 22:11:20 | Epoch   1/100 | Train Loss 3.2530 Acc 0.1527 | Val Loss 1.8673 Acc 0.3026 AUC 0.9145 Pre 0.0432 Rec 0.1429
2026-09-14 22:11:20 |   Val AUC improved to 0.9145, model saved
2026-09-14 22:11:20 | Epoch   2/100 | Train Loss 3.1339 Acc 0.1675 | Val Loss 1.7409 Acc 0.3026 AUC 0.8821 Pre 0.0432 Rec 0.1429
2026-09-14 22:11:20 | Epoch   3/100 | Train Loss 2.8874 Acc 0.1940 | Val Loss 1.9640 Acc 0.3026 AUC 0.8141 Pre 0.0432 Rec 0.1429
2026-09-14 22:11:20 | Epoch   4/100 | Train Loss 2.5844 Acc 0.2814 | Val Loss 1.6009 Acc 0.3026 AUC 0.9115 Pre 0.0432 Rec 0.1429
2026-09-14 22:11:20 | Epoch   5/100 | Train Loss 2.1820 Acc 0.3337 | Val Loss 1.2664 Acc 0.6421 AUC 0.9482 Pre 0.5602 Rec 0.4843
2026-09-14 22:11:20 |   Val AUC improved to 0.9482, model saved
2026-09-14 22:11:20 | Epoch   6/100 | Train Loss 1.7091 Acc 0.4514 | Val Loss 1.0585 Acc 0.7417 AUC 0.9568 Pre 0.5434 Rec 0.6107
2026-09-14 22:11:20 |   Val AUC improved to 0.9568, model saved
2026-09-14 22:11:20 | Epoch   7/100 | Train Loss 1.3774 Acc 0.5813 | Val Loss 0.8928 Acc 0.7472 AUC 0.9626 Pre 0.5356 Rec 0.6182
2026-09-14 22:11:20 |   Val AUC improved to 0.9626, model saved
2026-09-14 22:11:20 | Epoch   8/100 | Train Loss 1.0406 Acc 0.7094 | Val Loss 0.8319 Acc 0.7435 AUC 0.9662 Pre 0.5515 Rec 0.6066
2026-09-14 22:11:20 |   Val AUC improved to 0.9662, model saved
2026-09-14 22:11:20 | Epoch   9/100 | Train Loss 0.8294 Acc 0.7599 | Val Loss 0.7978 Acc 0.7712 AUC 0.9678 Pre 0.8233 Rec 0.6546
2026-09-14 22:11:20 |   Val AUC improved to 0.9678, model saved
2026-09-14 22:11:20 | Epoch  10/100 | Train Loss 0.7074 Acc 0.8147 | Val Loss 0.8227 Acc 0.8358 AUC 0.9670 Pre 0.8517 Rec 0.7872
2026-09-14 22:11:20 | Epoch  11/100 | Train Loss 0.6900 Acc 0.8559 | Val Loss 0.8508 Acc 0.8542 AUC 0.9700 Pre 0.8393 Rec 0.8247
2026-09-14 22:11:20 |   Val AUC improved to 0.9700, model saved
2026-09-14 22:11:21 | Epoch  12/100 | Train Loss 0.6805 Acc 0.8787 | Val Loss 0.8539 Acc 0.8561 AUC 0.9731 Pre 0.8596 Rec 0.8227
2026-09-14 22:11:21 |   Val AUC improved to 0.9731, model saved
2026-09-14 22:11:21 | Epoch  13/100 | Train Loss 0.6332 Acc 0.8978 | Val Loss 0.8644 Acc 0.8561 AUC 0.9742 Pre 0.8694 Rec 0.8210
2026-09-14 22:11:21 |   Val AUC improved to 0.9742, model saved
2026-09-14 22:11:21 | Epoch  14/100 | Train Loss 0.5939 Acc 0.9212 | Val Loss 0.8709 Acc 0.8616 AUC 0.9749 Pre 0.8678 Rec 0.8331
2026-09-14 22:11:21 |   Val AUC improved to 0.9749, model saved
2026-09-14 22:11:21 | Epoch  15/100 | Train Loss 0.5680 Acc 0.9304 | Val Loss 0.8569 Acc 0.8690 AUC 0.9752 Pre 0.8662 Rec 0.8474
2026-09-14 22:11:21 |   Val AUC improved to 0.9752, model saved
2026-09-14 22:11:21 | Epoch  16/100 | Train Loss 0.5231 Acc 0.9317 | Val Loss 0.8390 Acc 0.8635 AUC 0.9751 Pre 0.8473 Rec 0.8495
2026-09-14 22:11:21 | Epoch  17/100 | Train Loss 0.4785 Acc 0.9347 | Val Loss 0.8231 Acc 0.8635 AUC 0.9747 Pre 0.8441 Rec 0.8567
2026-09-14 22:11:21 | Epoch  18/100 | Train Loss 0.4444 Acc 0.9360 | Val Loss 0.7985 Acc 0.8616 AUC 0.9741 Pre 0.8368 Rec 0.8581
2026-09-14 22:11:21 | Epoch  19/100 | Train Loss 0.4004 Acc 0.9341 | Val Loss 0.7736 Acc 0.8616 AUC 0.9733 Pre 0.8398 Rec 0.8601
2026-09-14 22:11:21 | Epoch  20/100 | Train Loss 0.3707 Acc 0.9329 | Val Loss 0.7494 Acc 0.8635 AUC 0.9723 Pre 0.8432 Rec 0.8563
2026-09-14 22:11:21 | Epoch  21/100 | Train Loss 0.3397 Acc 0.9372 | Val Loss 0.7311 Acc 0.8579 AUC 0.9712 Pre 0.8440 Rec 0.8496
2026-09-14 22:11:21 | Epoch  22/100 | Train Loss 0.3256 Acc 0.9341 | Val Loss 0.7274 Acc 0.8598 AUC 0.9703 Pre 0.8481 Rec 0.8489
2026-09-14 22:11:21 | Epoch  23/100 | Train Loss 0.2962 Acc 0.9378 | Val Loss 0.7309 Acc 0.8598 AUC 0.9691 Pre 0.8502 Rec 0.8465
2026-09-14 22:11:21 | Epoch  24/100 | Train Loss 0.2754 Acc 0.9477 | Val Loss 0.7284 Acc 0.8653 AUC 0.9679 Pre 0.8622 Rec 0.8507
2026-09-14 22:11:21 | Epoch  25/100 | Train Loss 0.2589 Acc 0.9470 | Val Loss 0.7205 Acc 0.8598 AUC 0.9667 Pre 0.8552 Rec 0.8419
2026-09-14 22:11:21 | Val AUC did not improve for 10 consecutive epochs, early stopping at Epoch 25 (best AUC 0.9752 @ Epoch 15)
2026-09-14 22:11:21 | Run 3/5 | Test (best model @ Epoch 15) | Loss 0.8206 Acc 0.8672 AUC 0.9804 Pre 0.8629 Rec 0.8570
2026-09-14 22:11:21 | ===== Run 4/5 (seed 3) =====
2026-09-14 22:11:21 | Epoch   1/100 | Train Loss 3.2559 Acc 0.1416 | Val Loss 1.8674 Acc 0.3026 AUC 0.9156 Pre 0.0432 Rec 0.1429
2026-09-14 22:11:21 |   Val AUC improved to 0.9156, model saved
2026-09-14 22:11:21 | Epoch   2/100 | Train Loss 3.1980 Acc 0.1632 | Val Loss 1.7530 Acc 0.3026 AUC 0.8589 Pre 0.0432 Rec 0.1429
2026-09-14 22:11:21 | Epoch   3/100 | Train Loss 2.9094 Acc 0.2001 | Val Loss 2.0899 Acc 0.3026 AUC 0.7847 Pre 0.0432 Rec 0.1429
2026-09-14 22:11:21 | Epoch   4/100 | Train Loss 2.6122 Acc 0.3079 | Val Loss 1.5965 Acc 0.3063 AUC 0.9024 Pre 0.1862 Rec 0.1463
2026-09-14 22:11:21 | Epoch   5/100 | Train Loss 2.2309 Acc 0.3454 | Val Loss 1.2999 Acc 0.5369 AUC 0.9490 Pre 0.4662 Rec 0.3612
2026-09-14 22:11:21 |   Val AUC improved to 0.9490, model saved
2026-09-14 22:11:22 | Epoch   6/100 | Train Loss 1.8936 Acc 0.4046 | Val Loss 1.1147 Acc 0.7085 AUC 0.9583 Pre 0.5554 Rec 0.5615
2026-09-14 22:11:22 |   Val AUC improved to 0.9583, model saved
2026-09-14 22:11:22 | Epoch   7/100 | Train Loss 1.4984 Acc 0.5511 | Val Loss 0.9584 Acc 0.7454 AUC 0.9622 Pre 0.5599 Rec 0.6055
2026-09-14 22:11:22 |   Val AUC improved to 0.9622, model saved
2026-09-14 22:11:22 | Epoch   8/100 | Train Loss 1.1959 Acc 0.6367 | Val Loss 0.8732 Acc 0.7417 AUC 0.9647 Pre 0.7055 Rec 0.6012
2026-09-14 22:11:22 |   Val AUC improved to 0.9647, model saved
2026-09-14 22:11:22 | Epoch   9/100 | Train Loss 0.9220 Acc 0.7198 | Val Loss 0.8500 Acc 0.7675 AUC 0.9671 Pre 0.6942 Rec 0.6441
2026-09-14 22:11:22 |   Val AUC improved to 0.9671, model saved
2026-09-14 22:11:22 | Epoch  10/100 | Train Loss 0.8032 Acc 0.7906 | Val Loss 0.8310 Acc 0.8100 AUC 0.9679 Pre 0.8460 Rec 0.7237
2026-09-14 22:11:22 |   Val AUC improved to 0.9679, model saved
2026-09-14 22:11:22 | Epoch  11/100 | Train Loss 0.7145 Acc 0.8522 | Val Loss 0.8174 Acc 0.8173 AUC 0.9693 Pre 0.8480 Rec 0.7495
2026-09-14 22:11:22 |   Val AUC improved to 0.9693, model saved
2026-09-14 22:11:22 | Epoch  12/100 | Train Loss 0.6653 Acc 0.8701 | Val Loss 0.8389 Acc 0.8413 AUC 0.9714 Pre 0.8315 Rec 0.8089
2026-09-14 22:11:22 |   Val AUC improved to 0.9714, model saved
2026-09-14 22:11:22 | Epoch  13/100 | Train Loss 0.6483 Acc 0.8935 | Val Loss 0.8475 Acc 0.8524 AUC 0.9742 Pre 0.8399 Rec 0.8248
2026-09-14 22:11:22 |   Val AUC improved to 0.9742, model saved
2026-09-14 22:11:22 | Epoch  14/100 | Train Loss 0.6166 Acc 0.9015 | Val Loss 0.8352 Acc 0.8653 AUC 0.9762 Pre 0.8529 Rec 0.8401
2026-09-14 22:11:22 |   Val AUC improved to 0.9762, model saved
2026-09-14 22:11:22 | Epoch  15/100 | Train Loss 0.5671 Acc 0.9236 | Val Loss 0.8321 Acc 0.8708 AUC 0.9764 Pre 0.8670 Rec 0.8460
2026-09-14 22:11:22 |   Val AUC improved to 0.9764, model saved
2026-09-14 22:11:22 | Epoch  16/100 | Train Loss 0.5266 Acc 0.9273 | Val Loss 0.8511 Acc 0.8672 AUC 0.9755 Pre 0.8611 Rec 0.8402
2026-09-14 22:11:22 | Epoch  17/100 | Train Loss 0.5160 Acc 0.9243 | Val Loss 0.8476 Acc 0.8653 AUC 0.9750 Pre 0.8536 Rec 0.8530
2026-09-14 22:11:22 | Epoch  18/100 | Train Loss 0.4753 Acc 0.9353 | Val Loss 0.8251 Acc 0.8672 AUC 0.9750 Pre 0.8517 Rec 0.8571
2026-09-14 22:11:22 | Epoch  19/100 | Train Loss 0.4335 Acc 0.9403 | Val Loss 0.8062 Acc 0.8690 AUC 0.9748 Pre 0.8517 Rec 0.8618
2026-09-14 22:11:22 | Epoch  20/100 | Train Loss 0.4005 Acc 0.9397 | Val Loss 0.7935 Acc 0.8690 AUC 0.9744 Pre 0.8513 Rec 0.8625
2026-09-14 22:11:22 | Epoch  21/100 | Train Loss 0.3818 Acc 0.9323 | Val Loss 0.7722 Acc 0.8727 AUC 0.9735 Pre 0.8544 Rec 0.8675
2026-09-14 22:11:22 | Epoch  22/100 | Train Loss 0.3647 Acc 0.9335 | Val Loss 0.7490 Acc 0.8708 AUC 0.9723 Pre 0.8571 Rec 0.8647
2026-09-14 22:11:22 | Epoch  23/100 | Train Loss 0.3404 Acc 0.9273 | Val Loss 0.7392 Acc 0.8579 AUC 0.9711 Pre 0.8446 Rec 0.8471
2026-09-14 22:11:22 | Epoch  24/100 | Train Loss 0.3181 Acc 0.9384 | Val Loss 0.7442 Acc 0.8579 AUC 0.9699 Pre 0.8434 Rec 0.8440
2026-09-14 22:11:22 | Epoch  25/100 | Train Loss 0.2826 Acc 0.9452 | Val Loss 0.7506 Acc 0.8598 AUC 0.9684 Pre 0.8550 Rec 0.8418
2026-09-14 22:11:22 | Val AUC did not improve for 10 consecutive epochs, early stopping at Epoch 25 (best AUC 0.9764 @ Epoch 15)
2026-09-14 22:11:22 | Run 4/5 | Test (best model @ Epoch 15) | Loss 0.7915 Acc 0.8764 AUC 0.9802 Pre 0.8750 Rec 0.8642
2026-09-14 22:11:22 | ===== Run 5/5 (seed 4) =====
2026-09-14 22:11:22 | Epoch   1/100 | Train Loss 3.3718 Acc 0.1305 | Val Loss 1.8694 Acc 0.3026 AUC 0.9159 Pre 0.0432 Rec 0.1429
2026-09-14 22:11:22 |   Val AUC improved to 0.9159, model saved
2026-09-14 22:11:23 | Epoch   2/100 | Train Loss 3.1433 Acc 0.1515 | Val Loss 1.7341 Acc 0.3026 AUC 0.8844 Pre 0.0432 Rec 0.1429
2026-09-14 22:11:23 | Epoch   3/100 | Train Loss 2.9505 Acc 0.1952 | Val Loss 1.9012 Acc 0.3026 AUC 0.8251 Pre 0.0432 Rec 0.1429
2026-09-14 22:11:23 | Epoch   4/100 | Train Loss 2.5648 Acc 0.3005 | Val Loss 1.5584 Acc 0.3745 AUC 0.9179 Pre 0.3323 Rec 0.2091
2026-09-14 22:11:23 |   Val AUC improved to 0.9179, model saved
2026-09-14 22:11:23 | Epoch   5/100 | Train Loss 2.0966 Acc 0.3719 | Val Loss 1.2246 Acc 0.6439 AUC 0.9476 Pre 0.5592 Rec 0.4803
2026-09-14 22:11:23 |   Val AUC improved to 0.9476, model saved
2026-09-14 22:11:23 | Epoch   6/100 | Train Loss 1.6808 Acc 0.4692 | Val Loss 1.0354 Acc 0.7491 AUC 0.9550 Pre 0.5532 Rec 0.6155
2026-09-14 22:11:23 |   Val AUC improved to 0.9550, model saved
2026-09-14 22:11:23 | Epoch   7/100 | Train Loss 1.2832 Acc 0.6195 | Val Loss 0.8930 Acc 0.7528 AUC 0.9606 Pre 0.5483 Rec 0.6189
2026-09-14 22:11:23 |   Val AUC improved to 0.9606, model saved
2026-09-14 22:11:23 | Epoch   8/100 | Train Loss 1.0098 Acc 0.7192 | Val Loss 0.8475 Acc 0.7509 AUC 0.9633 Pre 0.5536 Rec 0.6140
2026-09-14 22:11:23 |   Val AUC improved to 0.9633, model saved
2026-09-14 22:11:23 | Epoch   9/100 | Train Loss 0.8341 Acc 0.7580 | Val Loss 0.8183 Acc 0.7749 AUC 0.9649 Pre 0.6851 Rec 0.6521
2026-09-14 22:11:23 |   Val AUC improved to 0.9649, model saved
2026-09-14 22:11:23 | Epoch  10/100 | Train Loss 0.7467 Acc 0.8091 | Val Loss 0.8228 Acc 0.8173 AUC 0.9644 Pre 0.8327 Rec 0.7378
2026-09-14 22:11:23 | Epoch  11/100 | Train Loss 0.7114 Acc 0.8442 | Val Loss 0.8320 Acc 0.8469 AUC 0.9681 Pre 0.8603 Rec 0.7933
2026-09-14 22:11:23 |   Val AUC improved to 0.9681, model saved
2026-09-14 22:11:23 | Epoch  12/100 | Train Loss 0.6853 Acc 0.8578 | Val Loss 0.8505 Acc 0.8561 AUC 0.9704 Pre 0.8351 Rec 0.8182
2026-09-14 22:11:23 |   Val AUC improved to 0.9704, model saved
2026-09-14 22:11:23 | Epoch  13/100 | Train Loss 0.6504 Acc 0.8849 | Val Loss 0.8648 Acc 0.8542 AUC 0.9726 Pre 0.8357 Rec 0.8270
2026-09-14 22:11:23 |   Val AUC improved to 0.9726, model saved
2026-09-14 22:11:23 | Epoch  14/100 | Train Loss 0.6161 Acc 0.8959 | Val Loss 0.8521 Acc 0.8579 AUC 0.9739 Pre 0.8428 Rec 0.8292
2026-09-14 22:11:23 |   Val AUC improved to 0.9739, model saved
2026-09-14 22:11:23 | Epoch  15/100 | Train Loss 0.5630 Acc 0.9144 | Val Loss 0.8393 Acc 0.8579 AUC 0.9739 Pre 0.8436 Rec 0.8371
2026-09-14 22:11:23 |   Val AUC improved to 0.9739, model saved
2026-09-14 22:11:23 | Epoch  16/100 | Train Loss 0.5253 Acc 0.9150 | Val Loss 0.8352 Acc 0.8579 AUC 0.9736 Pre 0.8426 Rec 0.8391
2026-09-14 22:11:23 | Epoch  17/100 | Train Loss 0.4863 Acc 0.9255 | Val Loss 0.8228 Acc 0.8598 AUC 0.9738 Pre 0.8390 Rec 0.8463
2026-09-14 22:11:23 | Epoch  18/100 | Train Loss 0.4382 Acc 0.9273 | Val Loss 0.8050 Acc 0.8616 AUC 0.9739 Pre 0.8449 Rec 0.8550
2026-09-14 22:11:23 | Epoch  19/100 | Train Loss 0.3993 Acc 0.9286 | Val Loss 0.7768 Acc 0.8616 AUC 0.9738 Pre 0.8421 Rec 0.8581
2026-09-14 22:11:23 | Epoch  20/100 | Train Loss 0.3703 Acc 0.9341 | Val Loss 0.7458 Acc 0.8653 AUC 0.9736 Pre 0.8446 Rec 0.8587
2026-09-14 22:11:23 | Epoch  21/100 | Train Loss 0.3253 Acc 0.9366 | Val Loss 0.7226 Acc 0.8616 AUC 0.9730 Pre 0.8435 Rec 0.8516
2026-09-14 22:11:23 | Epoch  22/100 | Train Loss 0.3009 Acc 0.9378 | Val Loss 0.7105 Acc 0.8598 AUC 0.9720 Pre 0.8453 Rec 0.8466
2026-09-14 22:11:24 | Epoch  23/100 | Train Loss 0.2789 Acc 0.9384 | Val Loss 0.7081 Acc 0.8598 AUC 0.9709 Pre 0.8464 Rec 0.8441
2026-09-14 22:11:24 | Epoch  24/100 | Train Loss 0.2663 Acc 0.9483 | Val Loss 0.7103 Acc 0.8616 AUC 0.9698 Pre 0.8504 Rec 0.8440
2026-09-14 22:11:24 | Epoch  25/100 | Train Loss 0.2407 Acc 0.9569 | Val Loss 0.7098 Acc 0.8598 AUC 0.9688 Pre 0.8515 Rec 0.8392
2026-09-14 22:11:24 | Val AUC did not improve for 10 consecutive epochs, early stopping at Epoch 25 (best AUC 0.9739 @ Epoch 15)
2026-09-14 22:11:24 | Run 5/5 | Test (best model @ Epoch 15) | Loss 0.7936 Acc 0.8672 AUC 0.9792 Pre 0.8644 Rec 0.8555
2026-09-14 22:11:24 | Average over 5 runs | Test Loss 0.7892±0.0428 Acc 0.8745±0.0100 AUC 0.9800±0.0005 Pre 0.8689±0.0054 Rec 0.8672±0.0178
