2026-08-30 13:49:47 | Device: cuda
2026-08-30 13:49:47 | Args: {'model': 'fgibs', 'backbone': 'mlp', 'task': 'mnist', 'epochs': 100, 'batch_size': 512, 'lr': 0.001, 'hidden_dims': [512, 256], 'dropout': 0.2, 'z_dim': 256, 'anchor_scale': 14.0, 'anchor_geometry': 'qr', 'max_len': 250, 'random_labels': False, 'beta': 0.0001, 'patience': 10, 'runs': 5, 'seed': 0, 'data_dir': './data', 'save_path': 'output/mnist_mlp_fgibs/mnist_mlp_fgibs.pt', 'log_path': '/root/autodl-tmp/FGIB/tune_results_fgibs/mnist_mlp_fgibs_beta_0.0001_anchor_14/train.log', 'no_save': True, 'freeze_a': False, 'a_identity': False, 'cosine_classifier': False, 'log_variance_stats': False, 'subject_disjoint': False}
2026-08-30 13:49:47 | ===== Run 1/5 (seed 0) =====
2026-08-30 13:49:55 | Epoch   1/100 | Train Loss 0.4939 Acc 0.8602 | Val Loss 0.2302 Acc 0.9423 AUC 0.9972 Pre 0.9424 Rec 0.9414
2026-08-30 13:49:55 |   Val AUC improved to 0.9972, model saved
2026-08-30 13:49:59 | Epoch   2/100 | Train Loss 0.1987 Acc 0.9531 | Val Loss 0.1664 Acc 0.9597 AUC 0.9987 Pre 0.9593 Rec 0.9593
2026-08-30 13:49:59 |   Val AUC improved to 0.9987, model saved
2026-08-30 13:50:04 | Epoch   3/100 | Train Loss 0.1465 Acc 0.9674 | Val Loss 0.1351 Acc 0.9678 AUC 0.9990 Pre 0.9673 Rec 0.9676
2026-08-30 13:50:04 |   Val AUC improved to 0.9990, model saved
2026-08-30 13:50:09 | Epoch   4/100 | Train Loss 0.1172 Acc 0.9752 | Val Loss 0.1189 Acc 0.9716 AUC 0.9993 Pre 0.9715 Rec 0.9712
2026-08-30 13:50:09 |   Val AUC improved to 0.9993, model saved
2026-08-30 13:50:13 | Epoch   5/100 | Train Loss 0.0985 Acc 0.9797 | Val Loss 0.1091 Acc 0.9741 AUC 0.9994 Pre 0.9739 Rec 0.9739
2026-08-30 13:50:13 |   Val AUC improved to 0.9994, model saved
2026-08-30 13:50:17 | Epoch   6/100 | Train Loss 0.0840 Acc 0.9835 | Val Loss 0.1121 Acc 0.9736 AUC 0.9994 Pre 0.9735 Rec 0.9733
2026-08-30 13:50:21 | Epoch   7/100 | Train Loss 0.0775 Acc 0.9846 | Val Loss 0.1049 Acc 0.9738 AUC 0.9994 Pre 0.9739 Rec 0.9733
2026-08-30 13:50:26 | Epoch   8/100 | Train Loss 0.0697 Acc 0.9875 | Val Loss 0.1064 Acc 0.9749 AUC 0.9994 Pre 0.9745 Rec 0.9747
2026-08-30 13:50:30 | Epoch   9/100 | Train Loss 0.0648 Acc 0.9884 | Val Loss 0.1004 Acc 0.9770 AUC 0.9995 Pre 0.9769 Rec 0.9767
2026-08-30 13:50:30 |   Val AUC improved to 0.9995, model saved
2026-08-30 13:50:34 | Epoch  10/100 | Train Loss 0.0608 Acc 0.9890 | Val Loss 0.0981 Acc 0.9785 AUC 0.9995 Pre 0.9785 Rec 0.9783
2026-08-30 13:50:38 | Epoch  11/100 | Train Loss 0.0568 Acc 0.9901 | Val Loss 0.0946 Acc 0.9779 AUC 0.9995 Pre 0.9778 Rec 0.9776
2026-08-30 13:50:38 |   Val AUC improved to 0.9995, model saved
2026-08-30 13:50:43 | Epoch  12/100 | Train Loss 0.0492 Acc 0.9930 | Val Loss 0.0968 Acc 0.9788 AUC 0.9995 Pre 0.9786 Rec 0.9785
2026-08-30 13:50:47 | Epoch  13/100 | Train Loss 0.0487 Acc 0.9922 | Val Loss 0.0981 Acc 0.9777 AUC 0.9995 Pre 0.9774 Rec 0.9777
2026-08-30 13:50:51 | Epoch  14/100 | Train Loss 0.0458 Acc 0.9931 | Val Loss 0.0955 Acc 0.9777 AUC 0.9995 Pre 0.9776 Rec 0.9774
2026-08-30 13:50:55 | Epoch  15/100 | Train Loss 0.0443 Acc 0.9929 | Val Loss 0.0954 Acc 0.9782 AUC 0.9995 Pre 0.9781 Rec 0.9779
2026-08-30 13:50:59 | Epoch  16/100 | Train Loss 0.0412 Acc 0.9940 | Val Loss 0.0930 Acc 0.9795 AUC 0.9995 Pre 0.9793 Rec 0.9792
2026-08-30 13:51:03 | Epoch  17/100 | Train Loss 0.0416 Acc 0.9942 | Val Loss 0.0950 Acc 0.9798 AUC 0.9994 Pre 0.9796 Rec 0.9796
2026-08-30 13:51:07 | Epoch  18/100 | Train Loss 0.0388 Acc 0.9945 | Val Loss 0.0990 Acc 0.9791 AUC 0.9995 Pre 0.9790 Rec 0.9787
2026-08-30 13:51:12 | Epoch  19/100 | Train Loss 0.0391 Acc 0.9945 | Val Loss 0.1026 Acc 0.9771 AUC 0.9994 Pre 0.9767 Rec 0.9768
2026-08-30 13:51:16 | Epoch  20/100 | Train Loss 0.0373 Acc 0.9947 | Val Loss 0.0956 Acc 0.9785 AUC 0.9995 Pre 0.9783 Rec 0.9783
2026-08-30 13:51:16 |   Val AUC improved to 0.9995, model saved
2026-08-30 13:51:20 | Epoch  21/100 | Train Loss 0.0388 Acc 0.9942 | Val Loss 0.1038 Acc 0.9784 AUC 0.9995 Pre 0.9784 Rec 0.9781
2026-08-30 13:51:24 | Epoch  22/100 | Train Loss 0.0384 Acc 0.9945 | Val Loss 0.0959 Acc 0.9794 AUC 0.9995 Pre 0.9791 Rec 0.9792
2026-08-30 13:51:28 | Epoch  23/100 | Train Loss 0.0341 Acc 0.9956 | Val Loss 0.0990 Acc 0.9791 AUC 0.9994 Pre 0.9791 Rec 0.9788
2026-08-30 13:51:32 | Epoch  24/100 | Train Loss 0.0379 Acc 0.9944 | Val Loss 0.1013 Acc 0.9797 AUC 0.9995 Pre 0.9794 Rec 0.9796
2026-08-30 13:51:36 | Epoch  25/100 | Train Loss 0.0343 Acc 0.9956 | Val Loss 0.0984 Acc 0.9792 AUC 0.9995 Pre 0.9790 Rec 0.9790
2026-08-30 13:51:41 | Epoch  26/100 | Train Loss 0.0332 Acc 0.9961 | Val Loss 0.1025 Acc 0.9790 AUC 0.9994 Pre 0.9788 Rec 0.9788
2026-08-30 13:51:45 | Epoch  27/100 | Train Loss 0.0329 Acc 0.9960 | Val Loss 0.0986 Acc 0.9811 AUC 0.9995 Pre 0.9809 Rec 0.9809
2026-08-30 13:51:49 | Epoch  28/100 | Train Loss 0.0320 Acc 0.9960 | Val Loss 0.1045 Acc 0.9797 AUC 0.9995 Pre 0.9794 Rec 0.9796
2026-08-30 13:51:53 | Epoch  29/100 | Train Loss 0.0337 Acc 0.9957 | Val Loss 0.0960 Acc 0.9805 AUC 0.9995 Pre 0.9804 Rec 0.9803
2026-08-30 13:51:57 | Epoch  30/100 | Train Loss 0.0322 Acc 0.9958 | Val Loss 0.0973 Acc 0.9809 AUC 0.9995 Pre 0.9807 Rec 0.9807
2026-08-30 13:51:57 | Val AUC did not improve for 10 consecutive epochs, early stopping at Epoch 30 (best AUC 0.9995 @ Epoch 20)
2026-08-30 13:51:58 | Run 1/5 | Test (best model @ Epoch 20) | Loss 0.0925 Acc 0.9813 AUC 0.9996 Pre 0.9812 Rec 0.9812
2026-08-30 13:51:58 | ===== Run 2/5 (seed 1) =====
2026-08-30 13:52:02 | Epoch   1/100 | Train Loss 0.4806 Acc 0.8634 | Val Loss 0.2291 Acc 0.9418 AUC 0.9973 Pre 0.9410 Rec 0.9412
2026-08-30 13:52:02 |   Val AUC improved to 0.9973, model saved
2026-08-30 13:52:06 | Epoch   2/100 | Train Loss 0.2003 Acc 0.9521 | Val Loss 0.1721 Acc 0.9586 AUC 0.9985 Pre 0.9586 Rec 0.9580
2026-08-30 13:52:06 |   Val AUC improved to 0.9985, model saved
2026-08-30 13:52:10 | Epoch   3/100 | Train Loss 0.1487 Acc 0.9668 | Val Loss 0.1362 Acc 0.9674 AUC 0.9990 Pre 0.9670 Rec 0.9673
2026-08-30 13:52:10 |   Val AUC improved to 0.9990, model saved
2026-08-30 13:52:15 | Epoch   4/100 | Train Loss 0.1202 Acc 0.9740 | Val Loss 0.1256 Acc 0.9698 AUC 0.9991 Pre 0.9698 Rec 0.9693
2026-08-30 13:52:15 |   Val AUC improved to 0.9991, model saved
2026-08-30 13:52:19 | Epoch   5/100 | Train Loss 0.1013 Acc 0.9788 | Val Loss 0.1084 Acc 0.9749 AUC 0.9993 Pre 0.9748 Rec 0.9745
2026-08-30 13:52:19 |   Val AUC improved to 0.9993, model saved
2026-08-30 13:52:23 | Epoch   6/100 | Train Loss 0.0891 Acc 0.9822 | Val Loss 0.1081 Acc 0.9738 AUC 0.9994 Pre 0.9738 Rec 0.9734
2026-08-30 13:52:23 |   Val AUC improved to 0.9994, model saved
2026-08-30 13:52:27 | Epoch   7/100 | Train Loss 0.0760 Acc 0.9856 | Val Loss 0.1105 Acc 0.9744 AUC 0.9995 Pre 0.9744 Rec 0.9741
2026-08-30 13:52:27 |   Val AUC improved to 0.9995, model saved
2026-08-30 13:52:31 | Epoch   8/100 | Train Loss 0.0710 Acc 0.9865 | Val Loss 0.1015 Acc 0.9772 AUC 0.9994 Pre 0.9770 Rec 0.9770
2026-08-30 13:52:35 | Epoch   9/100 | Train Loss 0.0617 Acc 0.9889 | Val Loss 0.0922 Acc 0.9789 AUC 0.9995 Pre 0.9788 Rec 0.9787
2026-08-30 13:52:35 |   Val AUC improved to 0.9995, model saved
2026-08-30 13:52:39 | Epoch  10/100 | Train Loss 0.0573 Acc 0.9904 | Val Loss 0.0966 Acc 0.9775 AUC 0.9995 Pre 0.9774 Rec 0.9772
2026-08-30 13:52:44 | Epoch  11/100 | Train Loss 0.0546 Acc 0.9906 | Val Loss 0.0996 Acc 0.9772 AUC 0.9994 Pre 0.9771 Rec 0.9771
2026-08-30 13:52:48 | Epoch  12/100 | Train Loss 0.0528 Acc 0.9911 | Val Loss 0.0945 Acc 0.9768 AUC 0.9995 Pre 0.9769 Rec 0.9763
2026-08-30 13:52:48 |   Val AUC improved to 0.9995, model saved
2026-08-30 13:52:52 | Epoch  13/100 | Train Loss 0.0473 Acc 0.9925 | Val Loss 0.0923 Acc 0.9786 AUC 0.9995 Pre 0.9785 Rec 0.9783
2026-08-30 13:52:56 | Epoch  14/100 | Train Loss 0.0445 Acc 0.9931 | Val Loss 0.0976 Acc 0.9798 AUC 0.9995 Pre 0.9796 Rec 0.9796
2026-08-30 13:52:56 |   Val AUC improved to 0.9995, model saved
2026-08-30 13:53:00 | Epoch  15/100 | Train Loss 0.0428 Acc 0.9936 | Val Loss 0.0982 Acc 0.9781 AUC 0.9994 Pre 0.9778 Rec 0.9780
2026-08-30 13:53:05 | Epoch  16/100 | Train Loss 0.0444 Acc 0.9929 | Val Loss 0.0934 Acc 0.9802 AUC 0.9996 Pre 0.9800 Rec 0.9801
2026-08-30 13:53:05 |   Val AUC improved to 0.9996, model saved
2026-08-30 13:53:09 | Epoch  17/100 | Train Loss 0.0413 Acc 0.9935 | Val Loss 0.1012 Acc 0.9786 AUC 0.9995 Pre 0.9784 Rec 0.9785
2026-08-30 13:53:13 | Epoch  18/100 | Train Loss 0.0419 Acc 0.9935 | Val Loss 0.0972 Acc 0.9786 AUC 0.9995 Pre 0.9786 Rec 0.9784
2026-08-30 13:53:17 | Epoch  19/100 | Train Loss 0.0381 Acc 0.9949 | Val Loss 0.0887 Acc 0.9797 AUC 0.9996 Pre 0.9795 Rec 0.9795
2026-08-30 13:53:17 |   Val AUC improved to 0.9996, model saved
2026-08-30 13:53:21 | Epoch  20/100 | Train Loss 0.0359 Acc 0.9950 | Val Loss 0.0991 Acc 0.9797 AUC 0.9994 Pre 0.9797 Rec 0.9793
2026-08-30 13:53:25 | Epoch  21/100 | Train Loss 0.0357 Acc 0.9954 | Val Loss 0.1089 Acc 0.9777 AUC 0.9994 Pre 0.9777 Rec 0.9775
2026-08-30 13:53:30 | Epoch  22/100 | Train Loss 0.0374 Acc 0.9947 | Val Loss 0.0919 Acc 0.9813 AUC 0.9995 Pre 0.9811 Rec 0.9811
2026-08-30 13:53:34 | Epoch  23/100 | Train Loss 0.0339 Acc 0.9955 | Val Loss 0.0989 Acc 0.9786 AUC 0.9995 Pre 0.9786 Rec 0.9783
2026-08-30 13:53:38 | Epoch  24/100 | Train Loss 0.0320 Acc 0.9963 | Val Loss 0.0973 Acc 0.9807 AUC 0.9995 Pre 0.9806 Rec 0.9804
2026-08-30 13:53:42 | Epoch  25/100 | Train Loss 0.0323 Acc 0.9958 | Val Loss 0.0974 Acc 0.9812 AUC 0.9995 Pre 0.9810 Rec 0.9811
2026-08-30 13:53:47 | Epoch  26/100 | Train Loss 0.0349 Acc 0.9953 | Val Loss 0.1028 Acc 0.9786 AUC 0.9994 Pre 0.9784 Rec 0.9783
2026-08-30 13:53:51 | Epoch  27/100 | Train Loss 0.0356 Acc 0.9947 | Val Loss 0.1048 Acc 0.9790 AUC 0.9994 Pre 0.9790 Rec 0.9787
2026-08-30 13:53:55 | Epoch  28/100 | Train Loss 0.0366 Acc 0.9944 | Val Loss 0.1087 Acc 0.9776 AUC 0.9994 Pre 0.9777 Rec 0.9773
2026-08-30 13:54:00 | Epoch  29/100 | Train Loss 0.0327 Acc 0.9955 | Val Loss 0.0976 Acc 0.9804 AUC 0.9994 Pre 0.9804 Rec 0.9800
2026-08-30 13:54:00 | Val AUC did not improve for 10 consecutive epochs, early stopping at Epoch 29 (best AUC 0.9996 @ Epoch 19)
2026-08-30 13:54:00 | Run 2/5 | Test (best model @ Epoch 19) | Loss 0.0870 Acc 0.9822 AUC 0.9996 Pre 0.9821 Rec 0.9821
2026-08-30 13:54:00 | ===== Run 3/5 (seed 2) =====
2026-08-30 13:54:05 | Epoch   1/100 | Train Loss 0.4983 Acc 0.8594 | Val Loss 0.2327 Acc 0.9407 AUC 0.9973 Pre 0.9406 Rec 0.9399
2026-08-30 13:54:05 |   Val AUC improved to 0.9973, model saved
2026-08-30 13:54:09 | Epoch   2/100 | Train Loss 0.2007 Acc 0.9526 | Val Loss 0.1761 Acc 0.9552 AUC 0.9985 Pre 0.9553 Rec 0.9546
2026-08-30 13:54:09 |   Val AUC improved to 0.9985, model saved
2026-08-30 13:54:14 | Epoch   3/100 | Train Loss 0.1472 Acc 0.9679 | Val Loss 0.1323 Acc 0.9693 AUC 0.9991 Pre 0.9688 Rec 0.9692
2026-08-30 13:54:14 |   Val AUC improved to 0.9991, model saved
2026-08-30 13:54:18 | Epoch   4/100 | Train Loss 0.1195 Acc 0.9744 | Val Loss 0.1190 Acc 0.9719 AUC 0.9993 Pre 0.9716 Rec 0.9717
2026-08-30 13:54:18 |   Val AUC improved to 0.9993, model saved
2026-08-30 13:54:22 | Epoch   5/100 | Train Loss 0.1006 Acc 0.9794 | Val Loss 0.1097 Acc 0.9740 AUC 0.9994 Pre 0.9741 Rec 0.9737
2026-08-30 13:54:22 |   Val AUC improved to 0.9994, model saved
2026-08-30 13:54:26 | Epoch   6/100 | Train Loss 0.0867 Acc 0.9833 | Val Loss 0.1091 Acc 0.9743 AUC 0.9994 Pre 0.9740 Rec 0.9742
2026-08-30 13:54:26 |   Val AUC improved to 0.9994, model saved
2026-08-30 13:54:30 | Epoch   7/100 | Train Loss 0.0765 Acc 0.9853 | Val Loss 0.1012 Acc 0.9767 AUC 0.9995 Pre 0.9767 Rec 0.9765
2026-08-30 13:54:30 |   Val AUC improved to 0.9995, model saved
2026-08-30 13:54:35 | Epoch   8/100 | Train Loss 0.0678 Acc 0.9876 | Val Loss 0.0987 Acc 0.9778 AUC 0.9995 Pre 0.9776 Rec 0.9777
2026-08-30 13:54:39 | Epoch   9/100 | Train Loss 0.0625 Acc 0.9887 | Val Loss 0.0946 Acc 0.9787 AUC 0.9995 Pre 0.9786 Rec 0.9786
2026-08-30 13:54:39 |   Val AUC improved to 0.9995, model saved
2026-08-30 13:54:43 | Epoch  10/100 | Train Loss 0.0582 Acc 0.9893 | Val Loss 0.0934 Acc 0.9782 AUC 0.9995 Pre 0.9783 Rec 0.9780
2026-08-30 13:54:43 |   Val AUC improved to 0.9995, model saved
2026-08-30 13:54:48 | Epoch  11/100 | Train Loss 0.0534 Acc 0.9911 | Val Loss 0.0950 Acc 0.9776 AUC 0.9995 Pre 0.9775 Rec 0.9773
2026-08-30 13:54:52 | Epoch  12/100 | Train Loss 0.0502 Acc 0.9917 | Val Loss 0.0921 Acc 0.9790 AUC 0.9994 Pre 0.9790 Rec 0.9788
2026-08-30 13:54:56 | Epoch  13/100 | Train Loss 0.0470 Acc 0.9929 | Val Loss 0.0946 Acc 0.9768 AUC 0.9996 Pre 0.9766 Rec 0.9767
2026-08-30 13:54:56 |   Val AUC improved to 0.9996, model saved
2026-08-30 13:55:00 | Epoch  14/100 | Train Loss 0.0491 Acc 0.9921 | Val Loss 0.0970 Acc 0.9772 AUC 0.9996 Pre 0.9770 Rec 0.9771
2026-08-30 13:55:00 |   Val AUC improved to 0.9996, model saved
2026-08-30 13:55:05 | Epoch  15/100 | Train Loss 0.0440 Acc 0.9936 | Val Loss 0.0905 Acc 0.9791 AUC 0.9995 Pre 0.9790 Rec 0.9789
2026-08-30 13:55:09 | Epoch  16/100 | Train Loss 0.0429 Acc 0.9935 | Val Loss 0.0893 Acc 0.9811 AUC 0.9996 Pre 0.9809 Rec 0.9808
2026-08-30 13:55:09 |   Val AUC improved to 0.9996, model saved
2026-08-30 13:55:13 | Epoch  17/100 | Train Loss 0.0397 Acc 0.9943 | Val Loss 0.0945 Acc 0.9800 AUC 0.9994 Pre 0.9797 Rec 0.9799
2026-08-30 13:55:17 | Epoch  18/100 | Train Loss 0.0419 Acc 0.9936 | Val Loss 0.0864 Acc 0.9801 AUC 0.9995 Pre 0.9798 Rec 0.9800
2026-08-30 13:55:22 | Epoch  19/100 | Train Loss 0.0397 Acc 0.9942 | Val Loss 0.0946 Acc 0.9803 AUC 0.9996 Pre 0.9802 Rec 0.9800
2026-08-30 13:55:26 | Epoch  20/100 | Train Loss 0.0387 Acc 0.9944 | Val Loss 0.0981 Acc 0.9788 AUC 0.9994 Pre 0.9787 Rec 0.9785
2026-08-30 13:55:30 | Epoch  21/100 | Train Loss 0.0375 Acc 0.9948 | Val Loss 0.0933 Acc 0.9799 AUC 0.9994 Pre 0.9799 Rec 0.9797
2026-08-30 13:55:34 | Epoch  22/100 | Train Loss 0.0332 Acc 0.9957 | Val Loss 0.0893 Acc 0.9797 AUC 0.9996 Pre 0.9798 Rec 0.9793
2026-08-30 13:55:39 | Epoch  23/100 | Train Loss 0.0332 Acc 0.9957 | Val Loss 0.0921 Acc 0.9809 AUC 0.9995 Pre 0.9809 Rec 0.9807
2026-08-30 13:55:43 | Epoch  24/100 | Train Loss 0.0342 Acc 0.9957 | Val Loss 0.0974 Acc 0.9797 AUC 0.9994 Pre 0.9797 Rec 0.9795
2026-08-30 13:55:47 | Epoch  25/100 | Train Loss 0.0362 Acc 0.9947 | Val Loss 0.1062 Acc 0.9787 AUC 0.9994 Pre 0.9784 Rec 0.9787
2026-08-30 13:55:51 | Epoch  26/100 | Train Loss 0.0356 Acc 0.9951 | Val Loss 0.1104 Acc 0.9786 AUC 0.9994 Pre 0.9786 Rec 0.9782
2026-08-30 13:55:51 | Val AUC did not improve for 10 consecutive epochs, early stopping at Epoch 26 (best AUC 0.9996 @ Epoch 16)
2026-08-30 13:55:52 | Run 3/5 | Test (best model @ Epoch 16) | Loss 0.0888 Acc 0.9812 AUC 0.9996 Pre 0.9812 Rec 0.9810
2026-08-30 13:55:52 | ===== Run 4/5 (seed 3) =====
2026-08-30 13:55:56 | Epoch   1/100 | Train Loss 0.4958 Acc 0.8610 | Val Loss 0.2277 Acc 0.9431 AUC 0.9972 Pre 0.9429 Rec 0.9424
2026-08-30 13:55:56 |   Val AUC improved to 0.9972, model saved
2026-08-30 13:56:01 | Epoch   2/100 | Train Loss 0.2014 Acc 0.9524 | Val Loss 0.1622 Acc 0.9603 AUC 0.9986 Pre 0.9600 Rec 0.9599
2026-08-30 13:56:01 |   Val AUC improved to 0.9986, model saved
2026-08-30 13:56:05 | Epoch   3/100 | Train Loss 0.1488 Acc 0.9668 | Val Loss 0.1381 Acc 0.9668 AUC 0.9990 Pre 0.9666 Rec 0.9665
2026-08-30 13:56:05 |   Val AUC improved to 0.9990, model saved
2026-08-30 13:56:09 | Epoch   4/100 | Train Loss 0.1189 Acc 0.9740 | Val Loss 0.1318 Acc 0.9678 AUC 0.9991 Pre 0.9676 Rec 0.9676
2026-08-30 13:56:09 |   Val AUC improved to 0.9991, model saved
2026-08-30 13:56:13 | Epoch   5/100 | Train Loss 0.1006 Acc 0.9789 | Val Loss 0.1107 Acc 0.9731 AUC 0.9994 Pre 0.9729 Rec 0.9730
2026-08-30 13:56:13 |   Val AUC improved to 0.9994, model saved
2026-08-30 13:56:17 | Epoch   6/100 | Train Loss 0.0865 Acc 0.9830 | Val Loss 0.1087 Acc 0.9749 AUC 0.9994 Pre 0.9747 Rec 0.9747
2026-08-30 13:56:17 |   Val AUC improved to 0.9994, model saved
2026-08-30 13:56:22 | Epoch   7/100 | Train Loss 0.0780 Acc 0.9849 | Val Loss 0.1015 Acc 0.9750 AUC 0.9995 Pre 0.9748 Rec 0.9748
2026-08-30 13:56:22 |   Val AUC improved to 0.9995, model saved
2026-08-30 13:56:26 | Epoch   8/100 | Train Loss 0.0706 Acc 0.9868 | Val Loss 0.1032 Acc 0.9766 AUC 0.9994 Pre 0.9766 Rec 0.9763
2026-08-30 13:56:30 | Epoch   9/100 | Train Loss 0.0617 Acc 0.9890 | Val Loss 0.0921 Acc 0.9799 AUC 0.9996 Pre 0.9797 Rec 0.9797
2026-08-30 13:56:30 |   Val AUC improved to 0.9996, model saved
2026-08-30 13:56:35 | Epoch  10/100 | Train Loss 0.0593 Acc 0.9894 | Val Loss 0.0964 Acc 0.9780 AUC 0.9995 Pre 0.9778 Rec 0.9778
2026-08-30 13:56:39 | Epoch  11/100 | Train Loss 0.0554 Acc 0.9900 | Val Loss 0.1017 Acc 0.9769 AUC 0.9995 Pre 0.9768 Rec 0.9766
2026-08-30 13:56:43 | Epoch  12/100 | Train Loss 0.0504 Acc 0.9926 | Val Loss 0.1017 Acc 0.9768 AUC 0.9995 Pre 0.9769 Rec 0.9765
2026-08-30 13:56:48 | Epoch  13/100 | Train Loss 0.0466 Acc 0.9925 | Val Loss 0.0975 Acc 0.9775 AUC 0.9995 Pre 0.9774 Rec 0.9772
2026-08-30 13:56:52 | Epoch  14/100 | Train Loss 0.0479 Acc 0.9920 | Val Loss 0.0938 Acc 0.9788 AUC 0.9995 Pre 0.9787 Rec 0.9786
2026-08-30 13:56:56 | Epoch  15/100 | Train Loss 0.0449 Acc 0.9927 | Val Loss 0.0982 Acc 0.9777 AUC 0.9995 Pre 0.9778 Rec 0.9772
2026-08-30 13:57:01 | Epoch  16/100 | Train Loss 0.0423 Acc 0.9933 | Val Loss 0.0903 Acc 0.9790 AUC 0.9995 Pre 0.9789 Rec 0.9788
2026-08-30 13:57:05 | Epoch  17/100 | Train Loss 0.0401 Acc 0.9943 | Val Loss 0.0922 Acc 0.9805 AUC 0.9996 Pre 0.9804 Rec 0.9803
2026-08-30 13:57:05 |   Val AUC improved to 0.9996, model saved
2026-08-30 13:57:09 | Epoch  18/100 | Train Loss 0.0418 Acc 0.9934 | Val Loss 0.0962 Acc 0.9784 AUC 0.9995 Pre 0.9782 Rec 0.9783
2026-08-30 13:57:14 | Epoch  19/100 | Train Loss 0.0380 Acc 0.9946 | Val Loss 0.0967 Acc 0.9797 AUC 0.9995 Pre 0.9795 Rec 0.9796
2026-08-30 13:57:18 | Epoch  20/100 | Train Loss 0.0361 Acc 0.9951 | Val Loss 0.0983 Acc 0.9802 AUC 0.9995 Pre 0.9802 Rec 0.9800
2026-08-30 13:57:22 | Epoch  21/100 | Train Loss 0.0363 Acc 0.9951 | Val Loss 0.0955 Acc 0.9803 AUC 0.9994 Pre 0.9803 Rec 0.9801
2026-08-30 13:57:26 | Epoch  22/100 | Train Loss 0.0357 Acc 0.9954 | Val Loss 0.0954 Acc 0.9812 AUC 0.9995 Pre 0.9812 Rec 0.9809
2026-08-30 13:57:31 | Epoch  23/100 | Train Loss 0.0348 Acc 0.9954 | Val Loss 0.0945 Acc 0.9806 AUC 0.9995 Pre 0.9805 Rec 0.9804
2026-08-30 13:57:35 | Epoch  24/100 | Train Loss 0.0334 Acc 0.9955 | Val Loss 0.1062 Acc 0.9787 AUC 0.9993 Pre 0.9786 Rec 0.9784
2026-08-30 13:57:40 | Epoch  25/100 | Train Loss 0.0358 Acc 0.9950 | Val Loss 0.1006 Acc 0.9787 AUC 0.9994 Pre 0.9786 Rec 0.9784
2026-08-30 13:57:44 | Epoch  26/100 | Train Loss 0.0337 Acc 0.9960 | Val Loss 0.0951 Acc 0.9803 AUC 0.9996 Pre 0.9803 Rec 0.9799
2026-08-30 13:57:49 | Epoch  27/100 | Train Loss 0.0356 Acc 0.9951 | Val Loss 0.1089 Acc 0.9778 AUC 0.9994 Pre 0.9776 Rec 0.9777
2026-08-30 13:57:49 | Val AUC did not improve for 10 consecutive epochs, early stopping at Epoch 27 (best AUC 0.9996 @ Epoch 17)
2026-08-30 13:57:49 | Run 4/5 | Test (best model @ Epoch 17) | Loss 0.0895 Acc 0.9800 AUC 0.9996 Pre 0.9800 Rec 0.9799
2026-08-30 13:57:49 | ===== Run 5/5 (seed 4) =====
2026-08-30 13:57:54 | Epoch   1/100 | Train Loss 0.4973 Acc 0.8600 | Val Loss 0.2297 Acc 0.9442 AUC 0.9972 Pre 0.9439 Rec 0.9434
2026-08-30 13:57:54 |   Val AUC improved to 0.9972, model saved
2026-08-30 13:57:58 | Epoch   2/100 | Train Loss 0.2002 Acc 0.9523 | Val Loss 0.1642 Acc 0.9599 AUC 0.9987 Pre 0.9600 Rec 0.9595
2026-08-30 13:57:58 |   Val AUC improved to 0.9987, model saved
2026-08-30 13:58:02 | Epoch   3/100 | Train Loss 0.1469 Acc 0.9684 | Val Loss 0.1362 Acc 0.9686 AUC 0.9991 Pre 0.9686 Rec 0.9684
2026-08-30 13:58:02 |   Val AUC improved to 0.9991, model saved
2026-08-30 13:58:06 | Epoch   4/100 | Train Loss 0.1173 Acc 0.9751 | Val Loss 0.1276 Acc 0.9703 AUC 0.9992 Pre 0.9703 Rec 0.9700
2026-08-30 13:58:07 |   Val AUC improved to 0.9992, model saved
2026-08-30 13:58:11 | Epoch   5/100 | Train Loss 0.1023 Acc 0.9785 | Val Loss 0.1078 Acc 0.9760 AUC 0.9994 Pre 0.9759 Rec 0.9757
2026-08-30 13:58:11 |   Val AUC improved to 0.9994, model saved
2026-08-30 13:58:15 | Epoch   6/100 | Train Loss 0.0861 Acc 0.9831 | Val Loss 0.1043 Acc 0.9747 AUC 0.9994 Pre 0.9745 Rec 0.9746
2026-08-30 13:58:15 |   Val AUC improved to 0.9994, model saved
2026-08-30 13:58:20 | Epoch   7/100 | Train Loss 0.0776 Acc 0.9853 | Val Loss 0.1027 Acc 0.9761 AUC 0.9994 Pre 0.9758 Rec 0.9758
2026-08-30 13:58:24 | Epoch   8/100 | Train Loss 0.0682 Acc 0.9873 | Val Loss 0.1009 Acc 0.9767 AUC 0.9995 Pre 0.9764 Rec 0.9766
2026-08-30 13:58:24 |   Val AUC improved to 0.9995, model saved
2026-08-30 13:58:28 | Epoch   9/100 | Train Loss 0.0633 Acc 0.9885 | Val Loss 0.0954 Acc 0.9790 AUC 0.9995 Pre 0.9789 Rec 0.9788
2026-08-30 13:58:32 | Epoch  10/100 | Train Loss 0.0589 Acc 0.9897 | Val Loss 0.0919 Acc 0.9793 AUC 0.9995 Pre 0.9791 Rec 0.9789
2026-08-30 13:58:32 |   Val AUC improved to 0.9995, model saved
2026-08-30 13:58:37 | Epoch  11/100 | Train Loss 0.0546 Acc 0.9909 | Val Loss 0.0908 Acc 0.9796 AUC 0.9995 Pre 0.9794 Rec 0.9794
2026-08-30 13:58:42 | Epoch  12/100 | Train Loss 0.0491 Acc 0.9923 | Val Loss 0.0876 Acc 0.9802 AUC 0.9995 Pre 0.9801 Rec 0.9799
2026-08-30 13:58:42 |   Val AUC improved to 0.9995, model saved
2026-08-30 13:58:46 | Epoch  13/100 | Train Loss 0.0458 Acc 0.9929 | Val Loss 0.0948 Acc 0.9790 AUC 0.9995 Pre 0.9789 Rec 0.9787
2026-08-30 13:58:51 | Epoch  14/100 | Train Loss 0.0456 Acc 0.9925 | Val Loss 0.1022 Acc 0.9766 AUC 0.9994 Pre 0.9768 Rec 0.9762
2026-08-30 13:58:55 | Epoch  15/100 | Train Loss 0.0444 Acc 0.9930 | Val Loss 0.0874 Acc 0.9810 AUC 0.9996 Pre 0.9809 Rec 0.9808
2026-08-30 13:58:55 |   Val AUC improved to 0.9996, model saved
2026-08-30 13:58:59 | Epoch  16/100 | Train Loss 0.0414 Acc 0.9937 | Val Loss 0.0899 Acc 0.9798 AUC 0.9996 Pre 0.9796 Rec 0.9796
2026-08-30 13:59:03 | Epoch  17/100 | Train Loss 0.0415 Acc 0.9939 | Val Loss 0.0898 Acc 0.9799 AUC 0.9995 Pre 0.9797 Rec 0.9797
2026-08-30 13:59:08 | Epoch  18/100 | Train Loss 0.0434 Acc 0.9930 | Val Loss 0.0978 Acc 0.9780 AUC 0.9995 Pre 0.9780 Rec 0.9777
2026-08-30 13:59:12 | Epoch  19/100 | Train Loss 0.0418 Acc 0.9937 | Val Loss 0.0923 Acc 0.9799 AUC 0.9996 Pre 0.9797 Rec 0.9797
2026-08-30 13:59:16 | Epoch  20/100 | Train Loss 0.0376 Acc 0.9946 | Val Loss 0.0962 Acc 0.9787 AUC 0.9995 Pre 0.9784 Rec 0.9785
2026-08-30 13:59:20 | Epoch  21/100 | Train Loss 0.0371 Acc 0.9945 | Val Loss 0.0928 Acc 0.9817 AUC 0.9995 Pre 0.9814 Rec 0.9816
2026-08-30 13:59:25 | Epoch  22/100 | Train Loss 0.0346 Acc 0.9956 | Val Loss 0.0933 Acc 0.9807 AUC 0.9994 Pre 0.9806 Rec 0.9806
2026-08-30 13:59:30 | Epoch  23/100 | Train Loss 0.0351 Acc 0.9951 | Val Loss 0.0924 Acc 0.9809 AUC 0.9996 Pre 0.9808 Rec 0.9807
2026-08-30 13:59:34 | Epoch  24/100 | Train Loss 0.0330 Acc 0.9959 | Val Loss 0.1026 Acc 0.9772 AUC 0.9994 Pre 0.9774 Rec 0.9768
2026-08-30 13:59:38 | Epoch  25/100 | Train Loss 0.0345 Acc 0.9952 | Val Loss 0.0941 Acc 0.9793 AUC 0.9995 Pre 0.9793 Rec 0.9789
2026-08-30 13:59:38 | Val AUC did not improve for 10 consecutive epochs, early stopping at Epoch 25 (best AUC 0.9996 @ Epoch 15)
2026-08-30 13:59:39 | Run 5/5 | Test (best model @ Epoch 15) | Loss 0.0845 Acc 0.9816 AUC 0.9997 Pre 0.9815 Rec 0.9814
2026-08-30 13:59:39 | Average over 5 runs | Test Loss 0.0884±0.0030 Acc 0.9813±0.0008 AUC 0.9996±0.0000 Pre 0.9812±0.0008 Rec 0.9811±0.0008
