2026-08-30 14:02:49 | Device: cuda
2026-08-30 14:02:49 | Args: {'model': 'fgibs', 'backbone': 'mlp', 'task': 'mnist', 'epochs': 100, 'batch_size': 512, 'lr': 0.001, 'hidden_dims': [512, 256], 'dropout': 0.2, 'z_dim': 256, 'anchor_scale': 16.0, 'anchor_geometry': 'qr', 'max_len': 250, 'random_labels': False, 'beta': 0.1, 'patience': 10, 'runs': 5, 'seed': 0, 'data_dir': './data', 'save_path': '/root/autodl-tmp/FGIB/output/ceb_suite/fgibs_b0.1.pt', 'log_path': '/root/autodl-tmp/FGIB/output/ceb_suite/fgibs_b0.1.log', 'no_save': False, 'freeze_a': False, 'a_identity': False, 'cosine_classifier': False, 'log_variance_stats': False, 'subject_disjoint': False}
2026-08-30 14:02:49 | ===== Run 1/5 (seed 0) =====
2026-08-30 14:02:54 | Epoch   1/100 | Train Loss 10.8535 Acc 0.6927 | Val Loss 8.0903 Acc 0.9200 AUC 0.9920 Pre 0.9195 Rec 0.9191
2026-08-30 14:02:54 |   Val AUC improved to 0.9920, model saved
2026-08-30 14:02:59 | Epoch   2/100 | Train Loss 8.7753 Acc 0.9358 | Val Loss 7.5622 Acc 0.9502 AUC 0.9961 Pre 0.9496 Rec 0.9496
2026-08-30 14:02:59 |   Val AUC improved to 0.9961, model saved
2026-08-30 14:03:03 | Epoch   3/100 | Train Loss 8.4239 Acc 0.9582 | Val Loss 7.4089 Acc 0.9613 AUC 0.9975 Pre 0.9611 Rec 0.9609
2026-08-30 14:03:03 |   Val AUC improved to 0.9975, model saved
2026-08-30 14:03:07 | Epoch   4/100 | Train Loss 8.2744 Acc 0.9669 | Val Loss 7.2591 Acc 0.9650 AUC 0.9979 Pre 0.9650 Rec 0.9646
2026-08-30 14:03:07 |   Val AUC improved to 0.9979, model saved
2026-08-30 14:03:11 | Epoch   5/100 | Train Loss 8.1860 Acc 0.9737 | Val Loss 7.2399 Acc 0.9676 AUC 0.9982 Pre 0.9675 Rec 0.9673
2026-08-30 14:03:11 |   Val AUC improved to 0.9982, model saved
2026-08-30 14:03:16 | Epoch   6/100 | Train Loss 8.1460 Acc 0.9762 | Val Loss 7.1581 Acc 0.9698 AUC 0.9985 Pre 0.9696 Rec 0.9695
2026-08-30 14:03:16 |   Val AUC improved to 0.9985, model saved
2026-08-30 14:03:20 | Epoch   7/100 | Train Loss 8.0986 Acc 0.9801 | Val Loss 7.1550 Acc 0.9703 AUC 0.9986 Pre 0.9701 Rec 0.9700
2026-08-30 14:03:20 |   Val AUC improved to 0.9986, model saved
2026-08-30 14:03:24 | Epoch   8/100 | Train Loss 8.0723 Acc 0.9822 | Val Loss 7.1977 Acc 0.9694 AUC 0.9986 Pre 0.9690 Rec 0.9691
2026-08-30 14:03:29 | Epoch   9/100 | Train Loss 8.0383 Acc 0.9844 | Val Loss 7.1214 Acc 0.9743 AUC 0.9986 Pre 0.9741 Rec 0.9741
2026-08-30 14:03:29 |   Val AUC improved to 0.9986, model saved
2026-08-30 14:03:33 | Epoch  10/100 | Train Loss 8.0184 Acc 0.9862 | Val Loss 7.1391 Acc 0.9754 AUC 0.9985 Pre 0.9752 Rec 0.9752
2026-08-30 14:03:37 | Epoch  11/100 | Train Loss 8.0042 Acc 0.9870 | Val Loss 7.1258 Acc 0.9733 AUC 0.9987 Pre 0.9734 Rec 0.9730
2026-08-30 14:03:37 |   Val AUC improved to 0.9987, model saved
2026-08-30 14:03:41 | Epoch  12/100 | Train Loss 7.9910 Acc 0.9882 | Val Loss 7.1195 Acc 0.9741 AUC 0.9986 Pre 0.9739 Rec 0.9737
2026-08-30 14:03:45 | Epoch  13/100 | Train Loss 7.9719 Acc 0.9893 | Val Loss 7.1168 Acc 0.9730 AUC 0.9989 Pre 0.9728 Rec 0.9728
2026-08-30 14:03:45 |   Val AUC improved to 0.9989, model saved
2026-08-30 14:03:50 | Epoch  14/100 | Train Loss 7.9653 Acc 0.9903 | Val Loss 7.0910 Acc 0.9757 AUC 0.9990 Pre 0.9755 Rec 0.9754
2026-08-30 14:03:50 |   Val AUC improved to 0.9990, model saved
2026-08-30 14:03:54 | Epoch  15/100 | Train Loss 7.9468 Acc 0.9910 | Val Loss 7.1183 Acc 0.9769 AUC 0.9989 Pre 0.9767 Rec 0.9767
2026-08-30 14:03:58 | Epoch  16/100 | Train Loss 7.9356 Acc 0.9921 | Val Loss 7.1051 Acc 0.9751 AUC 0.9988 Pre 0.9749 Rec 0.9749
2026-08-30 14:04:02 | Epoch  17/100 | Train Loss 7.9281 Acc 0.9921 | Val Loss 7.0769 Acc 0.9770 AUC 0.9989 Pre 0.9768 Rec 0.9769
2026-08-30 14:04:07 | Epoch  18/100 | Train Loss 7.9294 Acc 0.9918 | Val Loss 7.0898 Acc 0.9779 AUC 0.9990 Pre 0.9777 Rec 0.9777
2026-08-30 14:04:07 |   Val AUC improved to 0.9990, model saved
2026-08-30 14:04:11 | Epoch  19/100 | Train Loss 7.9123 Acc 0.9933 | Val Loss 7.0709 Acc 0.9775 AUC 0.9989 Pre 0.9772 Rec 0.9772
2026-08-30 14:04:15 | Epoch  20/100 | Train Loss 7.9110 Acc 0.9934 | Val Loss 7.1112 Acc 0.9774 AUC 0.9989 Pre 0.9772 Rec 0.9773
2026-08-30 14:04:20 | Epoch  21/100 | Train Loss 7.9015 Acc 0.9937 | Val Loss 7.0671 Acc 0.9766 AUC 0.9988 Pre 0.9764 Rec 0.9763
2026-08-30 14:04:24 | Epoch  22/100 | Train Loss 7.8894 Acc 0.9953 | Val Loss 7.1097 Acc 0.9769 AUC 0.9990 Pre 0.9767 Rec 0.9767
2026-08-30 14:04:24 |   Val AUC improved to 0.9990, model saved
2026-08-30 14:04:28 | Epoch  23/100 | Train Loss 7.8918 Acc 0.9945 | Val Loss 7.0393 Acc 0.9766 AUC 0.9989 Pre 0.9764 Rec 0.9764
2026-08-30 14:04:33 | Epoch  24/100 | Train Loss 7.8804 Acc 0.9948 | Val Loss 7.1017 Acc 0.9765 AUC 0.9988 Pre 0.9763 Rec 0.9763
2026-08-30 14:04:37 | Epoch  25/100 | Train Loss 7.8761 Acc 0.9954 | Val Loss 7.0966 Acc 0.9772 AUC 0.9987 Pre 0.9771 Rec 0.9770
2026-08-30 14:04:41 | Epoch  26/100 | Train Loss 7.8814 Acc 0.9950 | Val Loss 7.0977 Acc 0.9760 AUC 0.9987 Pre 0.9758 Rec 0.9758
2026-08-30 14:04:46 | Epoch  27/100 | Train Loss 7.8706 Acc 0.9954 | Val Loss 7.0741 Acc 0.9774 AUC 0.9988 Pre 0.9772 Rec 0.9772
2026-08-30 14:04:50 | Epoch  28/100 | Train Loss 7.8606 Acc 0.9961 | Val Loss 7.0933 Acc 0.9771 AUC 0.9989 Pre 0.9769 Rec 0.9768
2026-08-30 14:04:54 | Epoch  29/100 | Train Loss 7.8584 Acc 0.9960 | Val Loss 7.0963 Acc 0.9771 AUC 0.9988 Pre 0.9770 Rec 0.9768
2026-08-30 14:04:58 | Epoch  30/100 | Train Loss 7.8608 Acc 0.9959 | Val Loss 7.1146 Acc 0.9775 AUC 0.9988 Pre 0.9773 Rec 0.9773
2026-08-30 14:05:02 | Epoch  31/100 | Train Loss 7.8520 Acc 0.9963 | Val Loss 7.0932 Acc 0.9784 AUC 0.9988 Pre 0.9782 Rec 0.9781
2026-08-30 14:05:07 | Epoch  32/100 | Train Loss 7.8518 Acc 0.9961 | Val Loss 7.0717 Acc 0.9759 AUC 0.9988 Pre 0.9756 Rec 0.9757
2026-08-30 14:05:07 | Val AUC did not improve for 10 consecutive epochs, early stopping at Epoch 32 (best AUC 0.9990 @ Epoch 22)
2026-08-30 14:05:08 | Run 1/5 | Test (best model @ Epoch 22) | Loss 7.1111 Acc 0.9772 AUC 0.9989 Pre 0.9770 Rec 0.9770
2026-08-30 14:05:08 | ===== Run 2/5 (seed 1) =====
2026-08-30 14:05:12 | Epoch   1/100 | Train Loss 10.9882 Acc 0.7058 | Val Loss 8.4133 Acc 0.9169 AUC 0.9922 Pre 0.9164 Rec 0.9159
2026-08-30 14:05:12 |   Val AUC improved to 0.9922, model saved
2026-08-30 14:05:16 | Epoch   2/100 | Train Loss 9.0174 Acc 0.9380 | Val Loss 7.7830 Acc 0.9516 AUC 0.9963 Pre 0.9513 Rec 0.9510
2026-08-30 14:05:16 |   Val AUC improved to 0.9963, model saved
2026-08-30 14:05:21 | Epoch   3/100 | Train Loss 8.6470 Acc 0.9569 | Val Loss 7.5707 Acc 0.9621 AUC 0.9975 Pre 0.9618 Rec 0.9616
2026-08-30 14:05:21 |   Val AUC improved to 0.9975, model saved
2026-08-30 14:05:25 | Epoch   4/100 | Train Loss 8.4994 Acc 0.9681 | Val Loss 7.5094 Acc 0.9652 AUC 0.9979 Pre 0.9649 Rec 0.9648
2026-08-30 14:05:25 |   Val AUC improved to 0.9979, model saved
2026-08-30 14:05:29 | Epoch   5/100 | Train Loss 8.4250 Acc 0.9731 | Val Loss 7.5127 Acc 0.9679 AUC 0.9981 Pre 0.9677 Rec 0.9675
2026-08-30 14:05:29 |   Val AUC improved to 0.9981, model saved
2026-08-30 14:05:34 | Epoch   6/100 | Train Loss 8.3748 Acc 0.9766 | Val Loss 7.4675 Acc 0.9708 AUC 0.9984 Pre 0.9705 Rec 0.9704
2026-08-30 14:05:34 |   Val AUC improved to 0.9984, model saved
2026-08-30 14:05:38 | Epoch   7/100 | Train Loss 8.3164 Acc 0.9805 | Val Loss 7.4556 Acc 0.9723 AUC 0.9986 Pre 0.9721 Rec 0.9720
2026-08-30 14:05:38 |   Val AUC improved to 0.9986, model saved
2026-08-30 14:05:43 | Epoch   8/100 | Train Loss 8.2850 Acc 0.9825 | Val Loss 7.3837 Acc 0.9719 AUC 0.9988 Pre 0.9716 Rec 0.9716
2026-08-30 14:05:43 |   Val AUC improved to 0.9988, model saved
2026-08-30 14:05:47 | Epoch   9/100 | Train Loss 8.2618 Acc 0.9845 | Val Loss 7.4173 Acc 0.9751 AUC 0.9985 Pre 0.9748 Rec 0.9749
2026-08-30 14:05:51 | Epoch  10/100 | Train Loss 8.2322 Acc 0.9860 | Val Loss 7.3853 Acc 0.9733 AUC 0.9988 Pre 0.9730 Rec 0.9731
2026-08-30 14:05:51 |   Val AUC improved to 0.9988, model saved
2026-08-30 14:05:55 | Epoch  11/100 | Train Loss 8.2175 Acc 0.9872 | Val Loss 7.3652 Acc 0.9740 AUC 0.9988 Pre 0.9739 Rec 0.9737
2026-08-30 14:05:55 |   Val AUC improved to 0.9988, model saved
2026-08-30 14:05:59 | Epoch  12/100 | Train Loss 8.2051 Acc 0.9885 | Val Loss 7.3584 Acc 0.9746 AUC 0.9987 Pre 0.9743 Rec 0.9744
2026-08-30 14:06:03 | Epoch  13/100 | Train Loss 8.1920 Acc 0.9891 | Val Loss 7.3941 Acc 0.9748 AUC 0.9987 Pre 0.9747 Rec 0.9745
2026-08-30 14:06:08 | Epoch  14/100 | Train Loss 8.1736 Acc 0.9902 | Val Loss 7.3252 Acc 0.9751 AUC 0.9987 Pre 0.9749 Rec 0.9748
2026-08-30 14:06:12 | Epoch  15/100 | Train Loss 8.1640 Acc 0.9908 | Val Loss 7.3409 Acc 0.9755 AUC 0.9988 Pre 0.9753 Rec 0.9753
2026-08-30 14:06:16 | Epoch  16/100 | Train Loss 8.1597 Acc 0.9916 | Val Loss 7.3685 Acc 0.9755 AUC 0.9990 Pre 0.9751 Rec 0.9753
2026-08-30 14:06:16 |   Val AUC improved to 0.9990, model saved
2026-08-30 14:06:20 | Epoch  17/100 | Train Loss 8.1421 Acc 0.9921 | Val Loss 7.3841 Acc 0.9749 AUC 0.9989 Pre 0.9745 Rec 0.9747
2026-08-30 14:06:25 | Epoch  18/100 | Train Loss 8.1346 Acc 0.9928 | Val Loss 7.3818 Acc 0.9765 AUC 0.9987 Pre 0.9762 Rec 0.9764
2026-08-30 14:06:29 | Epoch  19/100 | Train Loss 8.1321 Acc 0.9926 | Val Loss 7.3371 Acc 0.9772 AUC 0.9991 Pre 0.9768 Rec 0.9771
2026-08-30 14:06:29 |   Val AUC improved to 0.9991, model saved
2026-08-30 14:06:33 | Epoch  20/100 | Train Loss 8.1271 Acc 0.9930 | Val Loss 7.3532 Acc 0.9763 AUC 0.9988 Pre 0.9760 Rec 0.9761
2026-08-30 14:06:37 | Epoch  21/100 | Train Loss 8.1142 Acc 0.9937 | Val Loss 7.3351 Acc 0.9738 AUC 0.9989 Pre 0.9735 Rec 0.9735
2026-08-30 14:06:42 | Epoch  22/100 | Train Loss 8.1018 Acc 0.9942 | Val Loss 7.3107 Acc 0.9771 AUC 0.9989 Pre 0.9768 Rec 0.9768
2026-08-30 14:06:46 | Epoch  23/100 | Train Loss 8.1002 Acc 0.9942 | Val Loss 7.3342 Acc 0.9783 AUC 0.9989 Pre 0.9781 Rec 0.9782
2026-08-30 14:06:50 | Epoch  24/100 | Train Loss 8.0940 Acc 0.9946 | Val Loss 7.3343 Acc 0.9772 AUC 0.9989 Pre 0.9768 Rec 0.9770
2026-08-30 14:06:54 | Epoch  25/100 | Train Loss 8.0887 Acc 0.9947 | Val Loss 7.3132 Acc 0.9770 AUC 0.9992 Pre 0.9768 Rec 0.9767
2026-08-30 14:06:54 |   Val AUC improved to 0.9992, model saved
2026-08-30 14:06:58 | Epoch  26/100 | Train Loss 8.0820 Acc 0.9952 | Val Loss 7.3491 Acc 0.9793 AUC 0.9989 Pre 0.9791 Rec 0.9791
2026-08-30 14:07:02 | Epoch  27/100 | Train Loss 8.0764 Acc 0.9956 | Val Loss 7.3034 Acc 0.9768 AUC 0.9988 Pre 0.9765 Rec 0.9764
2026-08-30 14:07:07 | Epoch  28/100 | Train Loss 8.0790 Acc 0.9953 | Val Loss 7.3257 Acc 0.9770 AUC 0.9990 Pre 0.9767 Rec 0.9767
2026-08-30 14:07:11 | Epoch  29/100 | Train Loss 8.0738 Acc 0.9954 | Val Loss 7.3272 Acc 0.9764 AUC 0.9990 Pre 0.9761 Rec 0.9761
2026-08-30 14:07:16 | Epoch  30/100 | Train Loss 8.0678 Acc 0.9958 | Val Loss 7.3287 Acc 0.9772 AUC 0.9987 Pre 0.9770 Rec 0.9770
2026-08-30 14:07:20 | Epoch  31/100 | Train Loss 8.0664 Acc 0.9958 | Val Loss 7.3412 Acc 0.9772 AUC 0.9989 Pre 0.9770 Rec 0.9769
2026-08-30 14:07:24 | Epoch  32/100 | Train Loss 8.0658 Acc 0.9959 | Val Loss 7.3198 Acc 0.9775 AUC 0.9987 Pre 0.9773 Rec 0.9773
2026-08-30 14:07:28 | Epoch  33/100 | Train Loss 8.0604 Acc 0.9957 | Val Loss 7.3225 Acc 0.9780 AUC 0.9989 Pre 0.9779 Rec 0.9777
2026-08-30 14:07:32 | Epoch  34/100 | Train Loss 8.0576 Acc 0.9962 | Val Loss 7.3397 Acc 0.9792 AUC 0.9989 Pre 0.9790 Rec 0.9790
2026-08-30 14:07:36 | Epoch  35/100 | Train Loss 8.0478 Acc 0.9966 | Val Loss 7.3581 Acc 0.9775 AUC 0.9987 Pre 0.9772 Rec 0.9772
2026-08-30 14:07:36 | Val AUC did not improve for 10 consecutive epochs, early stopping at Epoch 35 (best AUC 0.9992 @ Epoch 25)
2026-08-30 14:07:37 | Run 2/5 | Test (best model @ Epoch 25) | Loss 7.3114 Acc 0.9780 AUC 0.9990 Pre 0.9779 Rec 0.9779
2026-08-30 14:07:37 | ===== Run 3/5 (seed 2) =====
2026-08-30 14:07:41 | Epoch   1/100 | Train Loss 10.9656 Acc 0.6883 | Val Loss 8.2583 Acc 0.9188 AUC 0.9912 Pre 0.9180 Rec 0.9180
2026-08-30 14:07:41 |   Val AUC improved to 0.9912, model saved
2026-08-30 14:07:46 | Epoch   2/100 | Train Loss 8.9214 Acc 0.9368 | Val Loss 7.6867 Acc 0.9524 AUC 0.9963 Pre 0.9521 Rec 0.9519
2026-08-30 14:07:46 |   Val AUC improved to 0.9963, model saved
2026-08-30 14:07:50 | Epoch   3/100 | Train Loss 8.5408 Acc 0.9581 | Val Loss 7.4696 Acc 0.9606 AUC 0.9977 Pre 0.9602 Rec 0.9602
2026-08-30 14:07:50 |   Val AUC improved to 0.9977, model saved
2026-08-30 14:07:54 | Epoch   4/100 | Train Loss 8.3887 Acc 0.9668 | Val Loss 7.3984 Acc 0.9666 AUC 0.9983 Pre 0.9661 Rec 0.9664
2026-08-30 14:07:54 |   Val AUC improved to 0.9983, model saved
2026-08-30 14:07:59 | Epoch   5/100 | Train Loss 8.3074 Acc 0.9726 | Val Loss 7.2853 Acc 0.9680 AUC 0.9984 Pre 0.9678 Rec 0.9676
2026-08-30 14:07:59 |   Val AUC improved to 0.9984, model saved
2026-08-30 14:08:03 | Epoch   6/100 | Train Loss 8.2408 Acc 0.9765 | Val Loss 7.3118 Acc 0.9705 AUC 0.9983 Pre 0.9702 Rec 0.9703
2026-08-30 14:08:07 | Epoch   7/100 | Train Loss 8.1951 Acc 0.9796 | Val Loss 7.2596 Acc 0.9723 AUC 0.9987 Pre 0.9723 Rec 0.9719
2026-08-30 14:08:07 |   Val AUC improved to 0.9987, model saved
2026-08-30 14:08:11 | Epoch   8/100 | Train Loss 8.1543 Acc 0.9826 | Val Loss 7.2485 Acc 0.9733 AUC 0.9986 Pre 0.9731 Rec 0.9730
2026-08-30 14:08:16 | Epoch   9/100 | Train Loss 8.1165 Acc 0.9840 | Val Loss 7.2342 Acc 0.9742 AUC 0.9986 Pre 0.9740 Rec 0.9740
2026-08-30 14:08:20 | Epoch  10/100 | Train Loss 8.0831 Acc 0.9855 | Val Loss 7.1790 Acc 0.9758 AUC 0.9988 Pre 0.9755 Rec 0.9756
2026-08-30 14:08:20 |   Val AUC improved to 0.9988, model saved
2026-08-30 14:08:24 | Epoch  11/100 | Train Loss 8.0413 Acc 0.9868 | Val Loss 7.1303 Acc 0.9755 AUC 0.9990 Pre 0.9753 Rec 0.9752
2026-08-30 14:08:24 |   Val AUC improved to 0.9990, model saved
2026-08-30 14:08:28 | Epoch  12/100 | Train Loss 8.0150 Acc 0.9884 | Val Loss 7.1586 Acc 0.9752 AUC 0.9987 Pre 0.9751 Rec 0.9748
2026-08-30 14:08:32 | Epoch  13/100 | Train Loss 7.9999 Acc 0.9890 | Val Loss 7.1689 Acc 0.9759 AUC 0.9990 Pre 0.9756 Rec 0.9758
2026-08-30 14:08:32 |   Val AUC improved to 0.9990, model saved
2026-08-30 14:08:37 | Epoch  14/100 | Train Loss 7.9838 Acc 0.9897 | Val Loss 7.1161 Acc 0.9758 AUC 0.9988 Pre 0.9755 Rec 0.9755
2026-08-30 14:08:41 | Epoch  15/100 | Train Loss 7.9596 Acc 0.9906 | Val Loss 7.1027 Acc 0.9754 AUC 0.9989 Pre 0.9753 Rec 0.9751
2026-08-30 14:08:46 | Epoch  16/100 | Train Loss 7.9503 Acc 0.9915 | Val Loss 7.1258 Acc 0.9767 AUC 0.9988 Pre 0.9764 Rec 0.9764
2026-08-30 14:08:50 | Epoch  17/100 | Train Loss 7.9396 Acc 0.9921 | Val Loss 7.0772 Acc 0.9759 AUC 0.9990 Pre 0.9758 Rec 0.9756
2026-08-30 14:08:54 | Epoch  18/100 | Train Loss 7.9268 Acc 0.9925 | Val Loss 7.0640 Acc 0.9779 AUC 0.9990 Pre 0.9777 Rec 0.9777
2026-08-30 14:08:58 | Epoch  19/100 | Train Loss 7.9242 Acc 0.9930 | Val Loss 7.0961 Acc 0.9746 AUC 0.9988 Pre 0.9745 Rec 0.9741
2026-08-30 14:09:02 | Epoch  20/100 | Train Loss 7.9136 Acc 0.9939 | Val Loss 7.0913 Acc 0.9777 AUC 0.9989 Pre 0.9774 Rec 0.9775
2026-08-30 14:09:06 | Epoch  21/100 | Train Loss 7.9092 Acc 0.9932 | Val Loss 7.0743 Acc 0.9770 AUC 0.9991 Pre 0.9768 Rec 0.9767
2026-08-30 14:09:06 |   Val AUC improved to 0.9991, model saved
2026-08-30 14:09:10 | Epoch  22/100 | Train Loss 7.8971 Acc 0.9943 | Val Loss 7.0522 Acc 0.9769 AUC 0.9992 Pre 0.9767 Rec 0.9766
2026-08-30 14:09:10 |   Val AUC improved to 0.9992, model saved
2026-08-30 14:09:15 | Epoch  23/100 | Train Loss 7.8908 Acc 0.9946 | Val Loss 7.0832 Acc 0.9774 AUC 0.9987 Pre 0.9771 Rec 0.9771
2026-08-30 14:09:19 | Epoch  24/100 | Train Loss 7.8880 Acc 0.9951 | Val Loss 7.0745 Acc 0.9768 AUC 0.9988 Pre 0.9765 Rec 0.9765
2026-08-30 14:09:23 | Epoch  25/100 | Train Loss 7.8786 Acc 0.9950 | Val Loss 7.0837 Acc 0.9778 AUC 0.9991 Pre 0.9776 Rec 0.9777
2026-08-30 14:09:27 | Epoch  26/100 | Train Loss 7.8785 Acc 0.9954 | Val Loss 7.0596 Acc 0.9776 AUC 0.9989 Pre 0.9773 Rec 0.9774
2026-08-30 14:09:31 | Epoch  27/100 | Train Loss 7.8682 Acc 0.9955 | Val Loss 7.0665 Acc 0.9770 AUC 0.9988 Pre 0.9767 Rec 0.9767
2026-08-30 14:09:35 | Epoch  28/100 | Train Loss 7.8612 Acc 0.9960 | Val Loss 7.1021 Acc 0.9756 AUC 0.9989 Pre 0.9753 Rec 0.9753
2026-08-30 14:09:39 | Epoch  29/100 | Train Loss 7.8684 Acc 0.9954 | Val Loss 7.0805 Acc 0.9772 AUC 0.9987 Pre 0.9769 Rec 0.9770
2026-08-30 14:09:43 | Epoch  30/100 | Train Loss 7.8601 Acc 0.9960 | Val Loss 7.0911 Acc 0.9771 AUC 0.9987 Pre 0.9770 Rec 0.9770
2026-08-30 14:09:48 | Epoch  31/100 | Train Loss 7.8578 Acc 0.9957 | Val Loss 7.0916 Acc 0.9774 AUC 0.9989 Pre 0.9772 Rec 0.9771
2026-08-30 14:09:52 | Epoch  32/100 | Train Loss 7.8520 Acc 0.9965 | Val Loss 7.1103 Acc 0.9762 AUC 0.9989 Pre 0.9758 Rec 0.9761
2026-08-30 14:09:52 | Val AUC did not improve for 10 consecutive epochs, early stopping at Epoch 32 (best AUC 0.9992 @ Epoch 22)
2026-08-30 14:09:52 | Run 3/5 | Test (best model @ Epoch 22) | Loss 7.0393 Acc 0.9794 AUC 0.9993 Pre 0.9793 Rec 0.9792
2026-08-30 14:09:52 | ===== Run 4/5 (seed 3) =====
2026-08-30 14:09:57 | Epoch   1/100 | Train Loss 10.9330 Acc 0.6992 | Val Loss 8.2768 Acc 0.9200 AUC 0.9916 Pre 0.9194 Rec 0.9188
2026-08-30 14:09:57 |   Val AUC improved to 0.9916, model saved
2026-08-30 14:10:01 | Epoch   2/100 | Train Loss 8.8983 Acc 0.9394 | Val Loss 7.6631 Acc 0.9513 AUC 0.9959 Pre 0.9511 Rec 0.9509
2026-08-30 14:10:01 |   Val AUC improved to 0.9959, model saved
2026-08-30 14:10:06 | Epoch   3/100 | Train Loss 8.5297 Acc 0.9583 | Val Loss 7.4751 Acc 0.9591 AUC 0.9974 Pre 0.9586 Rec 0.9589
2026-08-30 14:10:06 |   Val AUC improved to 0.9974, model saved
2026-08-30 14:10:10 | Epoch   4/100 | Train Loss 8.3819 Acc 0.9674 | Val Loss 7.4018 Acc 0.9646 AUC 0.9978 Pre 0.9642 Rec 0.9642
2026-08-30 14:10:10 |   Val AUC improved to 0.9978, model saved
2026-08-30 14:10:14 | Epoch   5/100 | Train Loss 8.2813 Acc 0.9738 | Val Loss 7.2779 Acc 0.9682 AUC 0.9985 Pre 0.9679 Rec 0.9680
2026-08-30 14:10:14 |   Val AUC improved to 0.9985, model saved
2026-08-30 14:10:18 | Epoch   6/100 | Train Loss 8.2129 Acc 0.9765 | Val Loss 7.2571 Acc 0.9689 AUC 0.9987 Pre 0.9686 Rec 0.9686
2026-08-30 14:10:18 |   Val AUC improved to 0.9987, model saved
2026-08-30 14:10:22 | Epoch   7/100 | Train Loss 8.1615 Acc 0.9805 | Val Loss 7.2329 Acc 0.9721 AUC 0.9987 Pre 0.9719 Rec 0.9719
2026-08-30 14:10:26 | Epoch   8/100 | Train Loss 8.1326 Acc 0.9826 | Val Loss 7.2065 Acc 0.9714 AUC 0.9988 Pre 0.9712 Rec 0.9709
2026-08-30 14:10:26 |   Val AUC improved to 0.9988, model saved
2026-08-30 14:10:31 | Epoch   9/100 | Train Loss 8.1047 Acc 0.9843 | Val Loss 7.1636 Acc 0.9748 AUC 0.9990 Pre 0.9746 Rec 0.9745
2026-08-30 14:10:31 |   Val AUC improved to 0.9990, model saved
2026-08-30 14:10:35 | Epoch  10/100 | Train Loss 8.0799 Acc 0.9861 | Val Loss 7.1935 Acc 0.9741 AUC 0.9987 Pre 0.9740 Rec 0.9737
2026-08-30 14:10:39 | Epoch  11/100 | Train Loss 8.0571 Acc 0.9866 | Val Loss 7.1736 Acc 0.9743 AUC 0.9990 Pre 0.9742 Rec 0.9740
2026-08-30 14:10:43 | Epoch  12/100 | Train Loss 8.0464 Acc 0.9879 | Val Loss 7.1831 Acc 0.9743 AUC 0.9987 Pre 0.9740 Rec 0.9740
2026-08-30 14:10:47 | Epoch  13/100 | Train Loss 8.0280 Acc 0.9898 | Val Loss 7.1647 Acc 0.9743 AUC 0.9992 Pre 0.9742 Rec 0.9740
2026-08-30 14:10:47 |   Val AUC improved to 0.9992, model saved
2026-08-30 14:10:51 | Epoch  14/100 | Train Loss 8.0195 Acc 0.9899 | Val Loss 7.1555 Acc 0.9750 AUC 0.9990 Pre 0.9748 Rec 0.9746
2026-08-30 14:10:55 | Epoch  15/100 | Train Loss 8.0073 Acc 0.9901 | Val Loss 7.1473 Acc 0.9759 AUC 0.9989 Pre 0.9756 Rec 0.9757
2026-08-30 14:10:59 | Epoch  16/100 | Train Loss 7.9951 Acc 0.9920 | Val Loss 7.1372 Acc 0.9768 AUC 0.9989 Pre 0.9765 Rec 0.9766
2026-08-30 14:11:03 | Epoch  17/100 | Train Loss 7.9822 Acc 0.9924 | Val Loss 7.1460 Acc 0.9761 AUC 0.9987 Pre 0.9758 Rec 0.9758
2026-08-30 14:11:07 | Epoch  18/100 | Train Loss 7.9758 Acc 0.9923 | Val Loss 7.1156 Acc 0.9762 AUC 0.9989 Pre 0.9760 Rec 0.9759
2026-08-30 14:11:11 | Epoch  19/100 | Train Loss 7.9619 Acc 0.9926 | Val Loss 7.1513 Acc 0.9758 AUC 0.9989 Pre 0.9756 Rec 0.9755
2026-08-30 14:11:15 | Epoch  20/100 | Train Loss 7.9580 Acc 0.9933 | Val Loss 7.1867 Acc 0.9748 AUC 0.9988 Pre 0.9746 Rec 0.9745
2026-08-30 14:11:19 | Epoch  21/100 | Train Loss 7.9419 Acc 0.9943 | Val Loss 7.1743 Acc 0.9768 AUC 0.9989 Pre 0.9765 Rec 0.9766
2026-08-30 14:11:23 | Epoch  22/100 | Train Loss 7.9444 Acc 0.9939 | Val Loss 7.1313 Acc 0.9760 AUC 0.9987 Pre 0.9758 Rec 0.9757
2026-08-30 14:11:27 | Epoch  23/100 | Train Loss 7.9288 Acc 0.9950 | Val Loss 7.1759 Acc 0.9762 AUC 0.9986 Pre 0.9759 Rec 0.9760
2026-08-30 14:11:27 | Val AUC did not improve for 10 consecutive epochs, early stopping at Epoch 23 (best AUC 0.9992 @ Epoch 13)
2026-08-30 14:11:28 | Run 4/5 | Test (best model @ Epoch 13) | Loss 7.1591 Acc 0.9756 AUC 0.9990 Pre 0.9756 Rec 0.9754
2026-08-30 14:11:28 | ===== Run 5/5 (seed 4) =====
2026-08-30 14:11:32 | Epoch   1/100 | Train Loss 10.8232 Acc 0.7058 | Val Loss 8.1567 Acc 0.9225 AUC 0.9917 Pre 0.9221 Rec 0.9213
2026-08-30 14:11:32 |   Val AUC improved to 0.9917, model saved
2026-08-30 14:11:36 | Epoch   2/100 | Train Loss 8.8441 Acc 0.9402 | Val Loss 7.5732 Acc 0.9505 AUC 0.9959 Pre 0.9501 Rec 0.9499
2026-08-30 14:11:36 |   Val AUC improved to 0.9959, model saved
2026-08-30 14:11:40 | Epoch   3/100 | Train Loss 8.4871 Acc 0.9597 | Val Loss 7.4316 Acc 0.9584 AUC 0.9974 Pre 0.9581 Rec 0.9580
2026-08-30 14:11:40 |   Val AUC improved to 0.9974, model saved
2026-08-30 14:11:44 | Epoch   4/100 | Train Loss 8.3610 Acc 0.9683 | Val Loss 7.3593 Acc 0.9647 AUC 0.9980 Pre 0.9644 Rec 0.9644
2026-08-30 14:11:44 |   Val AUC improved to 0.9980, model saved
2026-08-30 14:11:48 | Epoch   5/100 | Train Loss 8.2834 Acc 0.9732 | Val Loss 7.3185 Acc 0.9701 AUC 0.9983 Pre 0.9698 Rec 0.9698
2026-08-30 14:11:49 |   Val AUC improved to 0.9983, model saved
2026-08-30 14:11:53 | Epoch   6/100 | Train Loss 8.2223 Acc 0.9784 | Val Loss 7.2641 Acc 0.9697 AUC 0.9985 Pre 0.9695 Rec 0.9694
2026-08-30 14:11:53 |   Val AUC improved to 0.9985, model saved
2026-08-30 14:11:57 | Epoch   7/100 | Train Loss 8.1826 Acc 0.9811 | Val Loss 7.2673 Acc 0.9715 AUC 0.9986 Pre 0.9710 Rec 0.9713
2026-08-30 14:11:57 |   Val AUC improved to 0.9986, model saved
2026-08-30 14:12:01 | Epoch   8/100 | Train Loss 8.1545 Acc 0.9827 | Val Loss 7.2556 Acc 0.9746 AUC 0.9984 Pre 0.9744 Rec 0.9744
2026-08-30 14:12:05 | Epoch   9/100 | Train Loss 8.1304 Acc 0.9846 | Val Loss 7.2427 Acc 0.9741 AUC 0.9988 Pre 0.9738 Rec 0.9740
2026-08-30 14:12:05 |   Val AUC improved to 0.9988, model saved
2026-08-30 14:12:09 | Epoch  10/100 | Train Loss 8.1067 Acc 0.9865 | Val Loss 7.2235 Acc 0.9736 AUC 0.9989 Pre 0.9735 Rec 0.9732
2026-08-30 14:12:09 |   Val AUC improved to 0.9989, model saved
2026-08-30 14:12:13 | Epoch  11/100 | Train Loss 8.0948 Acc 0.9871 | Val Loss 7.2142 Acc 0.9740 AUC 0.9989 Pre 0.9737 Rec 0.9737
2026-08-30 14:12:13 |   Val AUC improved to 0.9989, model saved
2026-08-30 14:12:18 | Epoch  12/100 | Train Loss 8.0695 Acc 0.9895 | Val Loss 7.2138 Acc 0.9738 AUC 0.9990 Pre 0.9735 Rec 0.9735
2026-08-30 14:12:18 |   Val AUC improved to 0.9990, model saved
2026-08-30 14:12:22 | Epoch  13/100 | Train Loss 8.0586 Acc 0.9898 | Val Loss 7.2250 Acc 0.9767 AUC 0.9989 Pre 0.9766 Rec 0.9765
2026-08-30 14:12:26 | Epoch  14/100 | Train Loss 8.0510 Acc 0.9904 | Val Loss 7.1973 Acc 0.9759 AUC 0.9989 Pre 0.9756 Rec 0.9758
2026-08-30 14:12:30 | Epoch  15/100 | Train Loss 8.0417 Acc 0.9907 | Val Loss 7.2160 Acc 0.9764 AUC 0.9990 Pre 0.9762 Rec 0.9762
2026-08-30 14:12:30 |   Val AUC improved to 0.9990, model saved
2026-08-30 14:12:34 | Epoch  16/100 | Train Loss 8.0261 Acc 0.9919 | Val Loss 7.1925 Acc 0.9774 AUC 0.9989 Pre 0.9772 Rec 0.9772
2026-08-30 14:12:38 | Epoch  17/100 | Train Loss 8.0127 Acc 0.9924 | Val Loss 7.1654 Acc 0.9759 AUC 0.9989 Pre 0.9756 Rec 0.9757
2026-08-30 14:12:42 | Epoch  18/100 | Train Loss 8.0036 Acc 0.9934 | Val Loss 7.1870 Acc 0.9760 AUC 0.9988 Pre 0.9758 Rec 0.9758
2026-08-30 14:12:46 | Epoch  19/100 | Train Loss 7.9956 Acc 0.9936 | Val Loss 7.1760 Acc 0.9766 AUC 0.9989 Pre 0.9764 Rec 0.9765
2026-08-30 14:12:50 | Epoch  20/100 | Train Loss 7.9942 Acc 0.9936 | Val Loss 7.1974 Acc 0.9765 AUC 0.9989 Pre 0.9762 Rec 0.9763
2026-08-30 14:12:54 | Epoch  21/100 | Train Loss 7.9915 Acc 0.9938 | Val Loss 7.1902 Acc 0.9774 AUC 0.9990 Pre 0.9773 Rec 0.9771
2026-08-30 14:12:58 | Epoch  22/100 | Train Loss 7.9790 Acc 0.9946 | Val Loss 7.1897 Acc 0.9768 AUC 0.9989 Pre 0.9766 Rec 0.9766
2026-08-30 14:13:02 | Epoch  23/100 | Train Loss 7.9723 Acc 0.9950 | Val Loss 7.1860 Acc 0.9778 AUC 0.9989 Pre 0.9775 Rec 0.9776
2026-08-30 14:13:06 | Epoch  24/100 | Train Loss 7.9716 Acc 0.9948 | Val Loss 7.1528 Acc 0.9783 AUC 0.9990 Pre 0.9780 Rec 0.9781
2026-08-30 14:13:10 | Epoch  25/100 | Train Loss 7.9685 Acc 0.9952 | Val Loss 7.1773 Acc 0.9749 AUC 0.9988 Pre 0.9747 Rec 0.9746
2026-08-30 14:13:10 | Val AUC did not improve for 10 consecutive epochs, early stopping at Epoch 25 (best AUC 0.9990 @ Epoch 15)
2026-08-30 14:13:11 | Run 5/5 | Test (best model @ Epoch 15) | Loss 7.2088 Acc 0.9782 AUC 0.9992 Pre 0.9780 Rec 0.9781
2026-08-30 14:13:11 | Average over 5 runs | Test Loss 7.1660±0.1026 Acc 0.9777±0.0014 AUC 0.9991±0.0002 Pre 0.9776±0.0014 Rec 0.9775±0.0014
