2026-08-29 00:36:14 | Device: cuda
2026-08-29 00:36:14 | Args: {'model': 'fgib', 'backbone': 'mlp', 'task': 'mnist', 'epochs': 100, 'batch_size': 512, 'lr': 0.001, 'hidden_dims': [512, 256], 'dropout': 0.2, 'z_dim': 256, 'anchor_scale': 16.0, 'max_len': 250, 'random_labels': False, 'beta': 1.0, 'patience': 10, 'runs': 5, 'seed': 0, 'data_dir': './data', 'save_path': 'output/mnist_mlp_fgib/mnist_mlp_fgib.pt', 'log_path': '/root/autodl-tmp/FGIB/tune_results_ablation/cosine/mnist_mlp_fgib_beta_1_anchor_16/train.log', 'no_save': True, 'freeze_a': False, 'a_identity': False, 'cosine_classifier': True, 'log_variance_stats': False, 'subject_disjoint': False}
2026-08-29 00:36:14 | ===== Run 1/5 (seed 0) =====
2026-08-29 00:36:19 | Epoch   1/100 | Train Loss 45.3449 Acc 0.7922 | Val Loss 15.7119 Acc 0.9509 AUC 0.9959 Pre 0.9505 Rec 0.9504
2026-08-29 00:36:19 |   Val AUC improved to 0.9959, model saved
2026-08-29 00:36:22 | Epoch   2/100 | Train Loss 16.2770 Acc 0.9635 | Val Loss 10.8778 Acc 0.9674 AUC 0.9981 Pre 0.9671 Rec 0.9672
2026-08-29 00:36:22 |   Val AUC improved to 0.9981, model saved
2026-08-29 00:36:26 | Epoch   3/100 | Train Loss 12.5134 Acc 0.9766 | Val Loss 9.5925 Acc 0.9740 AUC 0.9987 Pre 0.9737 Rec 0.9740
2026-08-29 00:36:26 |   Val AUC improved to 0.9987, model saved
2026-08-29 00:36:29 | Epoch   4/100 | Train Loss 10.7520 Acc 0.9824 | Val Loss 8.6870 Acc 0.9778 AUC 0.9988 Pre 0.9777 Rec 0.9777
2026-08-29 00:36:29 |   Val AUC improved to 0.9988, model saved
2026-08-29 00:36:32 | Epoch   5/100 | Train Loss 9.6951 Acc 0.9860 | Val Loss 7.8773 Acc 0.9793 AUC 0.9990 Pre 0.9791 Rec 0.9792
2026-08-29 00:36:32 |   Val AUC improved to 0.9990, model saved
2026-08-29 00:36:36 | Epoch   6/100 | Train Loss 8.7713 Acc 0.9882 | Val Loss 7.5383 Acc 0.9801 AUC 0.9990 Pre 0.9799 Rec 0.9800
2026-08-29 00:36:36 |   Val AUC improved to 0.9990, model saved
2026-08-29 00:36:39 | Epoch   7/100 | Train Loss 8.2357 Acc 0.9901 | Val Loss 7.5247 Acc 0.9804 AUC 0.9992 Pre 0.9803 Rec 0.9802
2026-08-29 00:36:39 |   Val AUC improved to 0.9992, model saved
2026-08-29 00:36:43 | Epoch   8/100 | Train Loss 7.7698 Acc 0.9917 | Val Loss 7.0020 Acc 0.9820 AUC 0.9990 Pre 0.9819 Rec 0.9818
2026-08-29 00:36:46 | Epoch   9/100 | Train Loss 7.2962 Acc 0.9935 | Val Loss 7.0331 Acc 0.9800 AUC 0.9991 Pre 0.9797 Rec 0.9799
2026-08-29 00:36:49 | Epoch  10/100 | Train Loss 7.0257 Acc 0.9939 | Val Loss 6.8281 Acc 0.9819 AUC 0.9988 Pre 0.9819 Rec 0.9816
2026-08-29 00:36:53 | Epoch  11/100 | Train Loss 6.7203 Acc 0.9945 | Val Loss 6.7955 Acc 0.9813 AUC 0.9989 Pre 0.9812 Rec 0.9811
2026-08-29 00:36:56 | Epoch  12/100 | Train Loss 6.4422 Acc 0.9954 | Val Loss 6.7064 Acc 0.9820 AUC 0.9990 Pre 0.9819 Rec 0.9818
2026-08-29 00:37:00 | Epoch  13/100 | Train Loss 6.1727 Acc 0.9959 | Val Loss 6.4333 Acc 0.9824 AUC 0.9989 Pre 0.9824 Rec 0.9821
2026-08-29 00:37:03 | Epoch  14/100 | Train Loss 6.0236 Acc 0.9963 | Val Loss 6.4496 Acc 0.9818 AUC 0.9991 Pre 0.9818 Rec 0.9816
2026-08-29 00:37:07 | Epoch  15/100 | Train Loss 5.8779 Acc 0.9970 | Val Loss 6.3720 Acc 0.9834 AUC 0.9991 Pre 0.9834 Rec 0.9832
2026-08-29 00:37:10 | Epoch  16/100 | Train Loss 5.7071 Acc 0.9968 | Val Loss 6.4631 Acc 0.9803 AUC 0.9990 Pre 0.9802 Rec 0.9800
2026-08-29 00:37:13 | Epoch  17/100 | Train Loss 5.5956 Acc 0.9972 | Val Loss 6.3083 Acc 0.9823 AUC 0.9992 Pre 0.9822 Rec 0.9821
2026-08-29 00:37:13 |   Val AUC improved to 0.9992, model saved
2026-08-29 00:37:17 | Epoch  18/100 | Train Loss 5.4585 Acc 0.9975 | Val Loss 6.1642 Acc 0.9830 AUC 0.9992 Pre 0.9829 Rec 0.9827
2026-08-29 00:37:17 |   Val AUC improved to 0.9992, model saved
2026-08-29 00:37:20 | Epoch  19/100 | Train Loss 5.3615 Acc 0.9977 | Val Loss 6.4017 Acc 0.9812 AUC 0.9990 Pre 0.9811 Rec 0.9809
2026-08-29 00:37:24 | Epoch  20/100 | Train Loss 5.3213 Acc 0.9978 | Val Loss 6.1443 Acc 0.9832 AUC 0.9990 Pre 0.9831 Rec 0.9830
2026-08-29 00:37:27 | Epoch  21/100 | Train Loss 5.2153 Acc 0.9979 | Val Loss 6.2018 Acc 0.9818 AUC 0.9990 Pre 0.9817 Rec 0.9816
2026-08-29 00:37:30 | Epoch  22/100 | Train Loss 5.1262 Acc 0.9981 | Val Loss 6.3106 Acc 0.9807 AUC 0.9990 Pre 0.9807 Rec 0.9804
2026-08-29 00:37:34 | Epoch  23/100 | Train Loss 5.0061 Acc 0.9982 | Val Loss 6.3893 Acc 0.9828 AUC 0.9990 Pre 0.9827 Rec 0.9826
2026-08-29 00:37:37 | Epoch  24/100 | Train Loss 4.9607 Acc 0.9983 | Val Loss 6.1789 Acc 0.9831 AUC 0.9990 Pre 0.9831 Rec 0.9828
2026-08-29 00:37:41 | Epoch  25/100 | Train Loss 4.9169 Acc 0.9985 | Val Loss 6.1251 Acc 0.9833 AUC 0.9989 Pre 0.9832 Rec 0.9831
2026-08-29 00:37:44 | Epoch  26/100 | Train Loss 4.7968 Acc 0.9984 | Val Loss 6.1901 Acc 0.9828 AUC 0.9990 Pre 0.9827 Rec 0.9826
2026-08-29 00:37:48 | Epoch  27/100 | Train Loss 4.6918 Acc 0.9987 | Val Loss 6.1269 Acc 0.9824 AUC 0.9991 Pre 0.9823 Rec 0.9822
2026-08-29 00:37:51 | Epoch  28/100 | Train Loss 4.7097 Acc 0.9986 | Val Loss 6.2042 Acc 0.9819 AUC 0.9988 Pre 0.9818 Rec 0.9817
2026-08-29 00:37:51 | Val AUC did not improve for 10 consecutive epochs, early stopping at Epoch 28 (best AUC 0.9992 @ Epoch 18)
2026-08-29 00:37:51 | Run 1/5 | Test (best model @ Epoch 18) | Loss 6.0054 Acc 0.9843 AUC 0.9992 Pre 0.9843 Rec 0.9841
2026-08-29 00:37:51 | ===== Run 2/5 (seed 1) =====
2026-08-29 00:37:55 | Epoch   1/100 | Train Loss 45.4714 Acc 0.7966 | Val Loss 15.5999 Acc 0.9501 AUC 0.9963 Pre 0.9498 Rec 0.9496
2026-08-29 00:37:55 |   Val AUC improved to 0.9963, model saved
2026-08-29 00:37:58 | Epoch   2/100 | Train Loss 16.3173 Acc 0.9640 | Val Loss 10.6303 Acc 0.9682 AUC 0.9984 Pre 0.9680 Rec 0.9679
2026-08-29 00:37:58 |   Val AUC improved to 0.9984, model saved
2026-08-29 00:38:02 | Epoch   3/100 | Train Loss 12.6240 Acc 0.9765 | Val Loss 9.4978 Acc 0.9743 AUC 0.9986 Pre 0.9742 Rec 0.9741
2026-08-29 00:38:02 |   Val AUC improved to 0.9986, model saved
2026-08-29 00:38:05 | Epoch   4/100 | Train Loss 10.8242 Acc 0.9821 | Val Loss 8.4682 Acc 0.9764 AUC 0.9988 Pre 0.9761 Rec 0.9762
2026-08-29 00:38:05 |   Val AUC improved to 0.9988, model saved
2026-08-29 00:38:08 | Epoch   5/100 | Train Loss 9.6174 Acc 0.9857 | Val Loss 7.9616 Acc 0.9784 AUC 0.9989 Pre 0.9782 Rec 0.9782
2026-08-29 00:38:08 |   Val AUC improved to 0.9989, model saved
2026-08-29 00:38:12 | Epoch   6/100 | Train Loss 8.8605 Acc 0.9883 | Val Loss 7.4529 Acc 0.9804 AUC 0.9991 Pre 0.9803 Rec 0.9801
2026-08-29 00:38:12 |   Val AUC improved to 0.9991, model saved
2026-08-29 00:38:15 | Epoch   7/100 | Train Loss 8.3018 Acc 0.9901 | Val Loss 7.2502 Acc 0.9797 AUC 0.9990 Pre 0.9794 Rec 0.9796
2026-08-29 00:38:19 | Epoch   8/100 | Train Loss 7.7927 Acc 0.9916 | Val Loss 7.1343 Acc 0.9813 AUC 0.9990 Pre 0.9811 Rec 0.9811
2026-08-29 00:38:22 | Epoch   9/100 | Train Loss 7.3812 Acc 0.9926 | Val Loss 6.8191 Acc 0.9817 AUC 0.9990 Pre 0.9816 Rec 0.9815
2026-08-29 00:38:26 | Epoch  10/100 | Train Loss 7.0272 Acc 0.9938 | Val Loss 6.5831 Acc 0.9814 AUC 0.9991 Pre 0.9813 Rec 0.9812
2026-08-29 00:38:26 |   Val AUC improved to 0.9991, model saved
2026-08-29 00:38:29 | Epoch  11/100 | Train Loss 6.6893 Acc 0.9950 | Val Loss 6.6586 Acc 0.9826 AUC 0.9990 Pre 0.9825 Rec 0.9824
2026-08-29 00:38:32 | Epoch  12/100 | Train Loss 6.5086 Acc 0.9950 | Val Loss 6.5050 Acc 0.9812 AUC 0.9990 Pre 0.9811 Rec 0.9810
2026-08-29 00:38:36 | Epoch  13/100 | Train Loss 6.2453 Acc 0.9958 | Val Loss 6.4966 Acc 0.9828 AUC 0.9990 Pre 0.9826 Rec 0.9827
2026-08-29 00:38:39 | Epoch  14/100 | Train Loss 6.0077 Acc 0.9964 | Val Loss 6.3862 Acc 0.9835 AUC 0.9992 Pre 0.9834 Rec 0.9833
2026-08-29 00:38:39 |   Val AUC improved to 0.9992, model saved
2026-08-29 00:38:43 | Epoch  15/100 | Train Loss 5.8873 Acc 0.9968 | Val Loss 6.4909 Acc 0.9822 AUC 0.9992 Pre 0.9822 Rec 0.9820
2026-08-29 00:38:43 |   Val AUC improved to 0.9992, model saved
2026-08-29 00:38:46 | Epoch  16/100 | Train Loss 5.8209 Acc 0.9968 | Val Loss 6.5466 Acc 0.9827 AUC 0.9991 Pre 0.9827 Rec 0.9825
2026-08-29 00:38:49 | Epoch  17/100 | Train Loss 5.5911 Acc 0.9974 | Val Loss 6.4204 Acc 0.9838 AUC 0.9990 Pre 0.9836 Rec 0.9837
2026-08-29 00:38:53 | Epoch  18/100 | Train Loss 5.4745 Acc 0.9973 | Val Loss 6.2194 Acc 0.9830 AUC 0.9991 Pre 0.9829 Rec 0.9828
2026-08-29 00:38:56 | Epoch  19/100 | Train Loss 5.3373 Acc 0.9978 | Val Loss 6.3287 Acc 0.9833 AUC 0.9990 Pre 0.9831 Rec 0.9831
2026-08-29 00:39:00 | Epoch  20/100 | Train Loss 5.2223 Acc 0.9981 | Val Loss 6.2870 Acc 0.9826 AUC 0.9991 Pre 0.9826 Rec 0.9823
2026-08-29 00:39:03 | Epoch  21/100 | Train Loss 5.1882 Acc 0.9978 | Val Loss 6.1994 Acc 0.9825 AUC 0.9991 Pre 0.9823 Rec 0.9823
2026-08-29 00:39:06 | Epoch  22/100 | Train Loss 5.1662 Acc 0.9979 | Val Loss 6.1613 Acc 0.9841 AUC 0.9991 Pre 0.9840 Rec 0.9839
2026-08-29 00:39:10 | Epoch  23/100 | Train Loss 5.0610 Acc 0.9981 | Val Loss 6.1481 Acc 0.9844 AUC 0.9991 Pre 0.9844 Rec 0.9842
2026-08-29 00:39:13 | Epoch  24/100 | Train Loss 4.9523 Acc 0.9983 | Val Loss 6.1525 Acc 0.9837 AUC 0.9992 Pre 0.9836 Rec 0.9835
2026-08-29 00:39:17 | Epoch  25/100 | Train Loss 4.8538 Acc 0.9982 | Val Loss 6.0373 Acc 0.9836 AUC 0.9992 Pre 0.9836 Rec 0.9834
2026-08-29 00:39:17 |   Val AUC improved to 0.9992, model saved
2026-08-29 00:39:20 | Epoch  26/100 | Train Loss 4.8067 Acc 0.9984 | Val Loss 6.0178 Acc 0.9830 AUC 0.9991 Pre 0.9830 Rec 0.9828
2026-08-29 00:39:24 | Epoch  27/100 | Train Loss 4.7206 Acc 0.9988 | Val Loss 6.0937 Acc 0.9823 AUC 0.9991 Pre 0.9822 Rec 0.9821
2026-08-29 00:39:27 | Epoch  28/100 | Train Loss 4.7187 Acc 0.9986 | Val Loss 5.9513 Acc 0.9837 AUC 0.9990 Pre 0.9836 Rec 0.9835
2026-08-29 00:39:30 | Epoch  29/100 | Train Loss 4.7198 Acc 0.9986 | Val Loss 6.1937 Acc 0.9826 AUC 0.9990 Pre 0.9826 Rec 0.9823
2026-08-29 00:39:34 | Epoch  30/100 | Train Loss 4.6701 Acc 0.9985 | Val Loss 6.1595 Acc 0.9834 AUC 0.9990 Pre 0.9833 Rec 0.9833
2026-08-29 00:39:37 | Epoch  31/100 | Train Loss 4.5980 Acc 0.9985 | Val Loss 6.1885 Acc 0.9826 AUC 0.9991 Pre 0.9825 Rec 0.9823
2026-08-29 00:39:41 | Epoch  32/100 | Train Loss 4.5637 Acc 0.9987 | Val Loss 6.0242 Acc 0.9839 AUC 0.9988 Pre 0.9839 Rec 0.9837
2026-08-29 00:39:44 | Epoch  33/100 | Train Loss 4.5184 Acc 0.9984 | Val Loss 6.1255 Acc 0.9830 AUC 0.9990 Pre 0.9829 Rec 0.9828
2026-08-29 00:39:48 | Epoch  34/100 | Train Loss 4.4174 Acc 0.9989 | Val Loss 6.0333 Acc 0.9829 AUC 0.9990 Pre 0.9828 Rec 0.9827
2026-08-29 00:39:51 | Epoch  35/100 | Train Loss 4.3411 Acc 0.9989 | Val Loss 6.1759 Acc 0.9838 AUC 0.9991 Pre 0.9838 Rec 0.9835
2026-08-29 00:39:51 | Val AUC did not improve for 10 consecutive epochs, early stopping at Epoch 35 (best AUC 0.9992 @ Epoch 25)
2026-08-29 00:39:51 | Run 2/5 | Test (best model @ Epoch 25) | Loss 6.0635 Acc 0.9841 AUC 0.9992 Pre 0.9841 Rec 0.9839
2026-08-29 00:39:51 | ===== Run 3/5 (seed 2) =====
2026-08-29 00:39:55 | Epoch   1/100 | Train Loss 45.3512 Acc 0.7863 | Val Loss 15.9332 Acc 0.9504 AUC 0.9959 Pre 0.9504 Rec 0.9496
2026-08-29 00:39:55 |   Val AUC improved to 0.9959, model saved
2026-08-29 00:39:58 | Epoch   2/100 | Train Loss 16.4134 Acc 0.9640 | Val Loss 11.1029 Acc 0.9697 AUC 0.9982 Pre 0.9697 Rec 0.9695
2026-08-29 00:39:58 |   Val AUC improved to 0.9982, model saved
2026-08-29 00:40:02 | Epoch   3/100 | Train Loss 12.6189 Acc 0.9761 | Val Loss 9.2826 Acc 0.9744 AUC 0.9985 Pre 0.9742 Rec 0.9741
2026-08-29 00:40:02 |   Val AUC improved to 0.9985, model saved
2026-08-29 00:40:05 | Epoch   4/100 | Train Loss 10.8100 Acc 0.9824 | Val Loss 8.4367 Acc 0.9770 AUC 0.9988 Pre 0.9769 Rec 0.9768
2026-08-29 00:40:05 |   Val AUC improved to 0.9988, model saved
2026-08-29 00:40:08 | Epoch   5/100 | Train Loss 9.6731 Acc 0.9852 | Val Loss 7.9019 Acc 0.9785 AUC 0.9991 Pre 0.9784 Rec 0.9782
2026-08-29 00:40:08 |   Val AUC improved to 0.9991, model saved
2026-08-29 00:40:12 | Epoch   6/100 | Train Loss 8.8635 Acc 0.9877 | Val Loss 7.5784 Acc 0.9784 AUC 0.9991 Pre 0.9782 Rec 0.9782
2026-08-29 00:40:12 |   Val AUC improved to 0.9991, model saved
2026-08-29 00:40:15 | Epoch   7/100 | Train Loss 8.2454 Acc 0.9900 | Val Loss 7.2522 Acc 0.9803 AUC 0.9991 Pre 0.9802 Rec 0.9802
2026-08-29 00:40:15 |   Val AUC improved to 0.9991, model saved
2026-08-29 00:40:19 | Epoch   8/100 | Train Loss 7.7675 Acc 0.9912 | Val Loss 7.2971 Acc 0.9795 AUC 0.9992 Pre 0.9794 Rec 0.9793
2026-08-29 00:40:19 |   Val AUC improved to 0.9992, model saved
2026-08-29 00:40:22 | Epoch   9/100 | Train Loss 7.4120 Acc 0.9927 | Val Loss 6.8919 Acc 0.9821 AUC 0.9992 Pre 0.9820 Rec 0.9820
2026-08-29 00:40:22 |   Val AUC improved to 0.9992, model saved
2026-08-29 00:40:26 | Epoch  10/100 | Train Loss 7.0635 Acc 0.9938 | Val Loss 6.8235 Acc 0.9812 AUC 0.9993 Pre 0.9809 Rec 0.9811
2026-08-29 00:40:26 |   Val AUC improved to 0.9993, model saved
2026-08-29 00:40:29 | Epoch  11/100 | Train Loss 6.7247 Acc 0.9944 | Val Loss 6.8173 Acc 0.9795 AUC 0.9993 Pre 0.9794 Rec 0.9794
2026-08-29 00:40:29 |   Val AUC improved to 0.9993, model saved
2026-08-29 00:40:32 | Epoch  12/100 | Train Loss 6.5359 Acc 0.9951 | Val Loss 6.7229 Acc 0.9819 AUC 0.9993 Pre 0.9818 Rec 0.9817
2026-08-29 00:40:36 | Epoch  13/100 | Train Loss 6.3483 Acc 0.9958 | Val Loss 6.6596 Acc 0.9810 AUC 0.9993 Pre 0.9810 Rec 0.9808
2026-08-29 00:40:36 |   Val AUC improved to 0.9993, model saved
2026-08-29 00:40:39 | Epoch  14/100 | Train Loss 6.0826 Acc 0.9960 | Val Loss 6.4971 Acc 0.9812 AUC 0.9992 Pre 0.9811 Rec 0.9810
2026-08-29 00:40:43 | Epoch  15/100 | Train Loss 5.9092 Acc 0.9965 | Val Loss 6.3947 Acc 0.9830 AUC 0.9993 Pre 0.9830 Rec 0.9828
2026-08-29 00:40:46 | Epoch  16/100 | Train Loss 5.7674 Acc 0.9969 | Val Loss 6.3644 Acc 0.9835 AUC 0.9992 Pre 0.9834 Rec 0.9833
2026-08-29 00:40:49 | Epoch  17/100 | Train Loss 5.6642 Acc 0.9971 | Val Loss 6.3657 Acc 0.9818 AUC 0.9991 Pre 0.9819 Rec 0.9816
2026-08-29 00:40:53 | Epoch  18/100 | Train Loss 5.4810 Acc 0.9976 | Val Loss 6.4150 Acc 0.9824 AUC 0.9993 Pre 0.9823 Rec 0.9822
2026-08-29 00:40:56 | Epoch  19/100 | Train Loss 5.3664 Acc 0.9978 | Val Loss 6.2501 Acc 0.9821 AUC 0.9992 Pre 0.9822 Rec 0.9819
2026-08-29 00:41:00 | Epoch  20/100 | Train Loss 5.2645 Acc 0.9977 | Val Loss 6.0835 Acc 0.9826 AUC 0.9993 Pre 0.9826 Rec 0.9824
2026-08-29 00:41:03 | Epoch  21/100 | Train Loss 5.2550 Acc 0.9979 | Val Loss 6.3205 Acc 0.9816 AUC 0.9992 Pre 0.9816 Rec 0.9814
2026-08-29 00:41:06 | Epoch  22/100 | Train Loss 5.1910 Acc 0.9982 | Val Loss 6.3245 Acc 0.9818 AUC 0.9993 Pre 0.9816 Rec 0.9817
2026-08-29 00:41:10 | Epoch  23/100 | Train Loss 5.0823 Acc 0.9980 | Val Loss 6.2535 Acc 0.9818 AUC 0.9991 Pre 0.9817 Rec 0.9816
2026-08-29 00:41:10 | Val AUC did not improve for 10 consecutive epochs, early stopping at Epoch 23 (best AUC 0.9993 @ Epoch 13)
2026-08-29 00:41:10 | Run 3/5 | Test (best model @ Epoch 13) | Loss 6.5678 Acc 0.9837 AUC 0.9991 Pre 0.9837 Rec 0.9835
2026-08-29 00:41:10 | ===== Run 4/5 (seed 3) =====
2026-08-29 00:41:14 | Epoch   1/100 | Train Loss 46.3283 Acc 0.7849 | Val Loss 15.9450 Acc 0.9507 AUC 0.9964 Pre 0.9503 Rec 0.9500
2026-08-29 00:41:14 |   Val AUC improved to 0.9964, model saved
2026-08-29 00:41:17 | Epoch   2/100 | Train Loss 16.4876 Acc 0.9639 | Val Loss 11.0273 Acc 0.9700 AUC 0.9984 Pre 0.9699 Rec 0.9698
2026-08-29 00:41:17 |   Val AUC improved to 0.9984, model saved
2026-08-29 00:41:21 | Epoch   3/100 | Train Loss 12.6133 Acc 0.9764 | Val Loss 9.8545 Acc 0.9731 AUC 0.9984 Pre 0.9731 Rec 0.9729
2026-08-29 00:41:21 |   Val AUC improved to 0.9984, model saved
2026-08-29 00:41:24 | Epoch   4/100 | Train Loss 10.8936 Acc 0.9817 | Val Loss 8.6211 Acc 0.9770 AUC 0.9988 Pre 0.9768 Rec 0.9769
2026-08-29 00:41:24 |   Val AUC improved to 0.9988, model saved
2026-08-29 00:41:28 | Epoch   5/100 | Train Loss 9.7733 Acc 0.9851 | Val Loss 8.2011 Acc 0.9765 AUC 0.9989 Pre 0.9763 Rec 0.9763
2026-08-29 00:41:28 |   Val AUC improved to 0.9989, model saved
2026-08-29 00:41:31 | Epoch   6/100 | Train Loss 9.0423 Acc 0.9878 | Val Loss 7.6891 Acc 0.9795 AUC 0.9990 Pre 0.9794 Rec 0.9793
2026-08-29 00:41:31 |   Val AUC improved to 0.9990, model saved
2026-08-29 00:41:34 | Epoch   7/100 | Train Loss 8.3857 Acc 0.9897 | Val Loss 7.5218 Acc 0.9808 AUC 0.9990 Pre 0.9807 Rec 0.9806
2026-08-29 00:41:34 |   Val AUC improved to 0.9990, model saved
2026-08-29 00:41:38 | Epoch   8/100 | Train Loss 7.8910 Acc 0.9909 | Val Loss 7.3168 Acc 0.9816 AUC 0.9991 Pre 0.9816 Rec 0.9814
2026-08-29 00:41:38 |   Val AUC improved to 0.9991, model saved
2026-08-29 00:41:41 | Epoch   9/100 | Train Loss 7.4896 Acc 0.9927 | Val Loss 6.9415 Acc 0.9823 AUC 0.9992 Pre 0.9823 Rec 0.9821
2026-08-29 00:41:41 |   Val AUC improved to 0.9992, model saved
2026-08-29 00:41:45 | Epoch  10/100 | Train Loss 7.1032 Acc 0.9936 | Val Loss 6.8508 Acc 0.9820 AUC 0.9992 Pre 0.9819 Rec 0.9819
2026-08-29 00:41:48 | Epoch  11/100 | Train Loss 6.8517 Acc 0.9946 | Val Loss 6.7103 Acc 0.9820 AUC 0.9991 Pre 0.9818 Rec 0.9818
2026-08-29 00:41:52 | Epoch  12/100 | Train Loss 6.5915 Acc 0.9957 | Val Loss 6.8170 Acc 0.9822 AUC 0.9992 Pre 0.9821 Rec 0.9820
2026-08-29 00:41:55 | Epoch  13/100 | Train Loss 6.3445 Acc 0.9958 | Val Loss 6.6048 Acc 0.9831 AUC 0.9992 Pre 0.9830 Rec 0.9829
2026-08-29 00:41:58 | Epoch  14/100 | Train Loss 6.2357 Acc 0.9960 | Val Loss 6.3324 Acc 0.9824 AUC 0.9991 Pre 0.9823 Rec 0.9822
2026-08-29 00:42:02 | Epoch  15/100 | Train Loss 5.9748 Acc 0.9968 | Val Loss 6.4598 Acc 0.9836 AUC 0.9991 Pre 0.9835 Rec 0.9834
2026-08-29 00:42:05 | Epoch  16/100 | Train Loss 5.8136 Acc 0.9967 | Val Loss 6.2979 Acc 0.9833 AUC 0.9991 Pre 0.9832 Rec 0.9831
2026-08-29 00:42:09 | Epoch  17/100 | Train Loss 5.6778 Acc 0.9971 | Val Loss 6.3645 Acc 0.9821 AUC 0.9990 Pre 0.9819 Rec 0.9819
2026-08-29 00:42:12 | Epoch  18/100 | Train Loss 5.6633 Acc 0.9972 | Val Loss 6.3632 Acc 0.9833 AUC 0.9990 Pre 0.9832 Rec 0.9831
2026-08-29 00:42:15 | Epoch  19/100 | Train Loss 5.4899 Acc 0.9976 | Val Loss 6.3789 Acc 0.9833 AUC 0.9992 Pre 0.9831 Rec 0.9831
2026-08-29 00:42:15 | Val AUC did not improve for 10 consecutive epochs, early stopping at Epoch 19 (best AUC 0.9992 @ Epoch 9)
2026-08-29 00:42:16 | Run 4/5 | Test (best model @ Epoch 9) | Loss 6.8822 Acc 0.9814 AUC 0.9994 Pre 0.9815 Rec 0.9812
2026-08-29 00:42:16 | ===== Run 5/5 (seed 4) =====
2026-08-29 00:42:19 | Epoch   1/100 | Train Loss 45.0477 Acc 0.7846 | Val Loss 15.4574 Acc 0.9524 AUC 0.9961 Pre 0.9521 Rec 0.9517
2026-08-29 00:42:19 |   Val AUC improved to 0.9961, model saved
2026-08-29 00:42:23 | Epoch   2/100 | Train Loss 16.3199 Acc 0.9632 | Val Loss 11.0556 Acc 0.9679 AUC 0.9982 Pre 0.9678 Rec 0.9676
2026-08-29 00:42:23 |   Val AUC improved to 0.9982, model saved
2026-08-29 00:42:26 | Epoch   3/100 | Train Loss 12.4655 Acc 0.9767 | Val Loss 9.3836 Acc 0.9735 AUC 0.9988 Pre 0.9733 Rec 0.9735
2026-08-29 00:42:26 |   Val AUC improved to 0.9988, model saved
2026-08-29 00:42:29 | Epoch   4/100 | Train Loss 10.8021 Acc 0.9819 | Val Loss 8.6742 Acc 0.9762 AUC 0.9987 Pre 0.9759 Rec 0.9761
2026-08-29 00:42:33 | Epoch   5/100 | Train Loss 9.6778 Acc 0.9856 | Val Loss 7.7771 Acc 0.9789 AUC 0.9991 Pre 0.9787 Rec 0.9788
2026-08-29 00:42:33 |   Val AUC improved to 0.9991, model saved
2026-08-29 00:42:36 | Epoch   6/100 | Train Loss 8.8899 Acc 0.9884 | Val Loss 7.7228 Acc 0.9804 AUC 0.9990 Pre 0.9803 Rec 0.9801
2026-08-29 00:42:40 | Epoch   7/100 | Train Loss 8.2877 Acc 0.9903 | Val Loss 7.3643 Acc 0.9808 AUC 0.9992 Pre 0.9807 Rec 0.9807
2026-08-29 00:42:40 |   Val AUC improved to 0.9992, model saved
2026-08-29 00:42:43 | Epoch   8/100 | Train Loss 7.8273 Acc 0.9913 | Val Loss 7.0546 Acc 0.9806 AUC 0.9992 Pre 0.9804 Rec 0.9805
2026-08-29 00:42:47 | Epoch   9/100 | Train Loss 7.3816 Acc 0.9930 | Val Loss 6.9369 Acc 0.9817 AUC 0.9991 Pre 0.9816 Rec 0.9815
2026-08-29 00:42:50 | Epoch  10/100 | Train Loss 7.0119 Acc 0.9937 | Val Loss 6.8014 Acc 0.9825 AUC 0.9991 Pre 0.9823 Rec 0.9824
2026-08-29 00:42:53 | Epoch  11/100 | Train Loss 6.7494 Acc 0.9947 | Val Loss 6.7247 Acc 0.9814 AUC 0.9990 Pre 0.9813 Rec 0.9812
2026-08-29 00:42:57 | Epoch  12/100 | Train Loss 6.4528 Acc 0.9957 | Val Loss 6.7846 Acc 0.9823 AUC 0.9993 Pre 0.9822 Rec 0.9821
2026-08-29 00:42:57 |   Val AUC improved to 0.9993, model saved
2026-08-29 00:43:00 | Epoch  13/100 | Train Loss 6.2973 Acc 0.9959 | Val Loss 6.7070 Acc 0.9810 AUC 0.9992 Pre 0.9808 Rec 0.9808
2026-08-29 00:43:04 | Epoch  14/100 | Train Loss 6.1263 Acc 0.9963 | Val Loss 6.7283 Acc 0.9817 AUC 0.9991 Pre 0.9816 Rec 0.9814
2026-08-29 00:43:07 | Epoch  15/100 | Train Loss 5.8871 Acc 0.9963 | Val Loss 6.2805 Acc 0.9826 AUC 0.9992 Pre 0.9824 Rec 0.9824
2026-08-29 00:43:10 | Epoch  16/100 | Train Loss 5.7699 Acc 0.9970 | Val Loss 6.3291 Acc 0.9831 AUC 0.9993 Pre 0.9830 Rec 0.9829
2026-08-29 00:43:14 | Epoch  17/100 | Train Loss 5.6437 Acc 0.9973 | Val Loss 6.4817 Acc 0.9818 AUC 0.9991 Pre 0.9816 Rec 0.9816
2026-08-29 00:43:17 | Epoch  18/100 | Train Loss 5.4714 Acc 0.9973 | Val Loss 6.4957 Acc 0.9813 AUC 0.9991 Pre 0.9811 Rec 0.9811
2026-08-29 00:43:21 | Epoch  19/100 | Train Loss 5.4370 Acc 0.9975 | Val Loss 6.5000 Acc 0.9828 AUC 0.9991 Pre 0.9827 Rec 0.9826
2026-08-29 00:43:24 | Epoch  20/100 | Train Loss 5.3409 Acc 0.9978 | Val Loss 6.2402 Acc 0.9821 AUC 0.9990 Pre 0.9820 Rec 0.9819
2026-08-29 00:43:28 | Epoch  21/100 | Train Loss 5.2406 Acc 0.9978 | Val Loss 6.3866 Acc 0.9809 AUC 0.9991 Pre 0.9807 Rec 0.9807
2026-08-29 00:43:31 | Epoch  22/100 | Train Loss 5.0946 Acc 0.9982 | Val Loss 6.2521 Acc 0.9816 AUC 0.9991 Pre 0.9814 Rec 0.9814
2026-08-29 00:43:31 | Val AUC did not improve for 10 consecutive epochs, early stopping at Epoch 22 (best AUC 0.9993 @ Epoch 12)
2026-08-29 00:43:31 | Run 5/5 | Test (best model @ Epoch 12) | Loss 6.6309 Acc 0.9833 AUC 0.9993 Pre 0.9833 Rec 0.9832
2026-08-29 00:43:31 | Average over 5 runs | Test Loss 6.4299±0.3803 Acc 0.9834±0.0012 AUC 0.9992±0.0001 Pre 0.9834±0.0011 Rec 0.9832±0.0012
