2026-08-26 23:34:37 | Device: cuda
2026-08-26 23:34:37 | Args: {'model': 'fgib', 'backbone': 'cnn', 'task': 'imagenet100', 'epochs': 100, 'batch_size': 512, 'lr': 0.001, 'hidden_dims': [512, 256], 'dropout': 0.2, 'z_dim': 256, 'anchor_scale': 4.0, 'max_len': 250, 'random_labels': False, 'beta': 1.0, 'patience': 10, 'runs': 5, 'seed': 0, 'data_dir': './data', 'save_path': 'output/imagenet100_cnn_fgib/imagenet100_cnn_fgib.pt', 'log_path': '/root/autodl-tmp/FGIB/tune_results/imagenet100_cnn_fgib_beta_1_anchor_4/train.log', 'no_save': True}
2026-08-26 23:34:37 | ImageNet-100 特征：使用 4×4 空间池化文件 ./data/imagenet100/imagenet100_resnet50_layer3_pool4_features.npz
2026-08-26 23:34:37 | ImageNet-100 预处理缓存：mmap 共享 ./data/imagenet100/preprocessed_pool4
2026-08-26 23:34:37 | ===== Run 1/5 (seed 0) =====
2026-08-26 23:34:46 | Epoch   1/100 | Train Loss 8.4898 Acc 0.5236 | Val Loss 4.3394 Acc 0.7734 AUC 0.9931 Pre 0.7586 Rec 0.7632
2026-08-26 23:34:46 |   Val AUC improved to 0.9931, model saved
2026-08-26 23:34:53 | Epoch   2/100 | Train Loss 3.9863 Acc 0.8320 | Val Loss 3.3146 Acc 0.8316 AUC 0.9953 Pre 0.8338 Rec 0.8251
2026-08-26 23:34:53 |   Val AUC improved to 0.9953, model saved
2026-08-26 23:35:00 | Epoch   3/100 | Train Loss 2.9690 Acc 0.8987 | Val Loss 3.0218 Acc 0.8466 AUC 0.9954 Pre 0.8481 Rec 0.8434
2026-08-26 23:35:00 |   Val AUC improved to 0.9954, model saved
2026-08-26 23:35:06 | Epoch   4/100 | Train Loss 2.4126 Acc 0.9359 | Val Loss 2.9100 Acc 0.8481 AUC 0.9951 Pre 0.8530 Rec 0.8436
2026-08-26 23:35:13 | Epoch   5/100 | Train Loss 2.0274 Acc 0.9577 | Val Loss 2.8257 Acc 0.8522 AUC 0.9949 Pre 0.8526 Rec 0.8477
2026-08-26 23:35:20 | Epoch   6/100 | Train Loss 1.7463 Acc 0.9725 | Val Loss 2.7904 Acc 0.8568 AUC 0.9945 Pre 0.8574 Rec 0.8534
2026-08-26 23:35:27 | Epoch   7/100 | Train Loss 1.5488 Acc 0.9813 | Val Loss 2.8019 Acc 0.8533 AUC 0.9942 Pre 0.8544 Rec 0.8500
2026-08-26 23:35:34 | Epoch   8/100 | Train Loss 1.4269 Acc 0.9867 | Val Loss 2.8590 Acc 0.8529 AUC 0.9936 Pre 0.8552 Rec 0.8498
2026-08-26 23:35:40 | Epoch   9/100 | Train Loss 1.3334 Acc 0.9902 | Val Loss 2.7997 Acc 0.8559 AUC 0.9935 Pre 0.8573 Rec 0.8528
2026-08-26 23:35:47 | Epoch  10/100 | Train Loss 1.2693 Acc 0.9925 | Val Loss 2.8519 Acc 0.8531 AUC 0.9929 Pre 0.8550 Rec 0.8501
2026-08-26 23:35:54 | Epoch  11/100 | Train Loss 1.2324 Acc 0.9943 | Val Loss 2.8599 Acc 0.8510 AUC 0.9928 Pre 0.8537 Rec 0.8473
2026-08-26 23:36:01 | Epoch  12/100 | Train Loss 1.1874 Acc 0.9954 | Val Loss 2.8928 Acc 0.8508 AUC 0.9924 Pre 0.8525 Rec 0.8485
2026-08-26 23:36:08 | Epoch  13/100 | Train Loss 1.1605 Acc 0.9965 | Val Loss 2.8771 Acc 0.8507 AUC 0.9923 Pre 0.8522 Rec 0.8477
2026-08-26 23:36:08 | Val AUC did not improve for 10 consecutive epochs, early stopping at Epoch 13 (best AUC 0.9954 @ Epoch 3)
2026-08-26 23:36:09 | Run 1/5 | Test (best model @ Epoch 3) | Loss 2.9962 Acc 0.8479 AUC 0.9957 Pre 0.8485 Rec 0.8444
2026-08-26 23:36:09 | ===== Run 2/5 (seed 1) =====
2026-08-26 23:36:16 | Epoch   1/100 | Train Loss 8.4885 Acc 0.5272 | Val Loss 4.3642 Acc 0.7795 AUC 0.9933 Pre 0.7685 Rec 0.7701
2026-08-26 23:36:16 |   Val AUC improved to 0.9933, model saved
2026-08-26 23:36:22 | Epoch   2/100 | Train Loss 3.9696 Acc 0.8357 | Val Loss 3.3339 Acc 0.8312 AUC 0.9954 Pre 0.8320 Rec 0.8253
2026-08-26 23:36:22 |   Val AUC improved to 0.9954, model saved
2026-08-26 23:36:29 | Epoch   3/100 | Train Loss 2.9624 Acc 0.9005 | Val Loss 3.0007 Acc 0.8468 AUC 0.9956 Pre 0.8465 Rec 0.8430
2026-08-26 23:36:29 |   Val AUC improved to 0.9956, model saved
2026-08-26 23:36:35 | Epoch   4/100 | Train Loss 2.4196 Acc 0.9348 | Val Loss 2.8241 Acc 0.8538 AUC 0.9957 Pre 0.8537 Rec 0.8494
2026-08-26 23:36:35 |   Val AUC improved to 0.9957, model saved
2026-08-26 23:36:42 | Epoch   5/100 | Train Loss 2.0370 Acc 0.9571 | Val Loss 2.8529 Acc 0.8492 AUC 0.9951 Pre 0.8515 Rec 0.8453
2026-08-26 23:36:49 | Epoch   6/100 | Train Loss 1.7616 Acc 0.9720 | Val Loss 2.7880 Acc 0.8543 AUC 0.9949 Pre 0.8559 Rec 0.8508
2026-08-26 23:36:56 | Epoch   7/100 | Train Loss 1.5847 Acc 0.9807 | Val Loss 2.8176 Acc 0.8537 AUC 0.9942 Pre 0.8537 Rec 0.8516
2026-08-26 23:37:03 | Epoch   8/100 | Train Loss 1.4601 Acc 0.9858 | Val Loss 2.8081 Acc 0.8538 AUC 0.9940 Pre 0.8543 Rec 0.8506
2026-08-26 23:37:09 | Epoch   9/100 | Train Loss 1.3602 Acc 0.9898 | Val Loss 2.8547 Acc 0.8503 AUC 0.9935 Pre 0.8515 Rec 0.8475
2026-08-26 23:37:16 | Epoch  10/100 | Train Loss 1.2772 Acc 0.9928 | Val Loss 2.8404 Acc 0.8516 AUC 0.9933 Pre 0.8508 Rec 0.8489
2026-08-26 23:37:23 | Epoch  11/100 | Train Loss 1.2312 Acc 0.9946 | Val Loss 2.9160 Acc 0.8511 AUC 0.9923 Pre 0.8517 Rec 0.8482
2026-08-26 23:37:29 | Epoch  12/100 | Train Loss 1.2023 Acc 0.9954 | Val Loss 2.9343 Acc 0.8486 AUC 0.9919 Pre 0.8499 Rec 0.8455
2026-08-26 23:37:36 | Epoch  13/100 | Train Loss 1.1983 Acc 0.9963 | Val Loss 2.9190 Acc 0.8494 AUC 0.9921 Pre 0.8511 Rec 0.8458
2026-08-26 23:37:43 | Epoch  14/100 | Train Loss 1.1533 Acc 0.9968 | Val Loss 2.9515 Acc 0.8489 AUC 0.9915 Pre 0.8499 Rec 0.8466
2026-08-26 23:37:43 | Val AUC did not improve for 10 consecutive epochs, early stopping at Epoch 14 (best AUC 0.9957 @ Epoch 4)
2026-08-26 23:37:44 | Run 2/5 | Test (best model @ Epoch 4) | Loss 2.8107 Acc 0.8535 AUC 0.9956 Pre 0.8535 Rec 0.8494
2026-08-26 23:37:44 | ===== Run 3/5 (seed 2) =====
2026-08-26 23:37:51 | Epoch   1/100 | Train Loss 8.5978 Acc 0.5034 | Val Loss 4.5578 Acc 0.7601 AUC 0.9924 Pre 0.7520 Rec 0.7513
2026-08-26 23:37:51 |   Val AUC improved to 0.9924, model saved
2026-08-26 23:37:58 | Epoch   2/100 | Train Loss 4.0849 Acc 0.8252 | Val Loss 3.4023 Acc 0.8239 AUC 0.9956 Pre 0.8254 Rec 0.8170
2026-08-26 23:37:58 |   Val AUC improved to 0.9956, model saved
2026-08-26 23:38:05 | Epoch   3/100 | Train Loss 3.0423 Acc 0.8951 | Val Loss 3.1038 Acc 0.8376 AUC 0.9958 Pre 0.8417 Rec 0.8335
2026-08-26 23:38:05 |   Val AUC improved to 0.9958, model saved
2026-08-26 23:38:11 | Epoch   4/100 | Train Loss 2.4628 Acc 0.9324 | Val Loss 2.9256 Acc 0.8478 AUC 0.9957 Pre 0.8488 Rec 0.8434
2026-08-26 23:38:18 | Epoch   5/100 | Train Loss 2.0809 Acc 0.9552 | Val Loss 2.8878 Acc 0.8493 AUC 0.9950 Pre 0.8512 Rec 0.8451
2026-08-26 23:38:25 | Epoch   6/100 | Train Loss 1.8013 Acc 0.9695 | Val Loss 2.8244 Acc 0.8513 AUC 0.9947 Pre 0.8523 Rec 0.8476
2026-08-26 23:38:32 | Epoch   7/100 | Train Loss 1.6065 Acc 0.9789 | Val Loss 2.8469 Acc 0.8524 AUC 0.9943 Pre 0.8524 Rec 0.8479
2026-08-26 23:38:38 | Epoch   8/100 | Train Loss 1.4570 Acc 0.9843 | Val Loss 2.8318 Acc 0.8533 AUC 0.9939 Pre 0.8526 Rec 0.8505
2026-08-26 23:38:45 | Epoch   9/100 | Train Loss 1.3718 Acc 0.9880 | Val Loss 2.8419 Acc 0.8522 AUC 0.9936 Pre 0.8528 Rec 0.8494
2026-08-26 23:38:52 | Epoch  10/100 | Train Loss 1.3064 Acc 0.9900 | Val Loss 2.8515 Acc 0.8511 AUC 0.9934 Pre 0.8518 Rec 0.8480
2026-08-26 23:38:59 | Epoch  11/100 | Train Loss 1.2677 Acc 0.9924 | Val Loss 2.8977 Acc 0.8491 AUC 0.9929 Pre 0.8501 Rec 0.8463
2026-08-26 23:39:05 | Epoch  12/100 | Train Loss 1.2265 Acc 0.9934 | Val Loss 2.9278 Acc 0.8509 AUC 0.9925 Pre 0.8533 Rec 0.8472
2026-08-26 23:39:12 | Epoch  13/100 | Train Loss 1.1955 Acc 0.9951 | Val Loss 2.9127 Acc 0.8518 AUC 0.9925 Pre 0.8531 Rec 0.8483
2026-08-26 23:39:12 | Val AUC did not improve for 10 consecutive epochs, early stopping at Epoch 13 (best AUC 0.9958 @ Epoch 3)
2026-08-26 23:39:14 | Run 3/5 | Test (best model @ Epoch 3) | Loss 3.0899 Acc 0.8388 AUC 0.9957 Pre 0.8426 Rec 0.8345
2026-08-26 23:39:14 | ===== Run 4/5 (seed 3) =====
2026-08-26 23:39:21 | Epoch   1/100 | Train Loss 8.5261 Acc 0.5059 | Val Loss 4.4167 Acc 0.7694 AUC 0.9933 Pre 0.7634 Rec 0.7599
2026-08-26 23:39:21 |   Val AUC improved to 0.9933, model saved
2026-08-26 23:39:28 | Epoch   2/100 | Train Loss 3.9986 Acc 0.8329 | Val Loss 3.2724 Acc 0.8338 AUC 0.9956 Pre 0.8341 Rec 0.8286
2026-08-26 23:39:28 |   Val AUC improved to 0.9956, model saved
2026-08-26 23:39:35 | Epoch   3/100 | Train Loss 2.9335 Acc 0.9012 | Val Loss 2.9658 Acc 0.8484 AUC 0.9956 Pre 0.8479 Rec 0.8447
2026-08-26 23:39:42 | Epoch   4/100 | Train Loss 2.3798 Acc 0.9371 | Val Loss 2.9083 Acc 0.8479 AUC 0.9950 Pre 0.8514 Rec 0.8437
2026-08-26 23:39:48 | Epoch   5/100 | Train Loss 2.0183 Acc 0.9575 | Val Loss 2.8164 Acc 0.8559 AUC 0.9949 Pre 0.8559 Rec 0.8523
2026-08-26 23:39:55 | Epoch   6/100 | Train Loss 1.7395 Acc 0.9726 | Val Loss 2.8109 Acc 0.8565 AUC 0.9946 Pre 0.8574 Rec 0.8538
2026-08-26 23:40:02 | Epoch   7/100 | Train Loss 1.5557 Acc 0.9813 | Val Loss 2.8026 Acc 0.8563 AUC 0.9943 Pre 0.8565 Rec 0.8536
2026-08-26 23:40:09 | Epoch   8/100 | Train Loss 1.4260 Acc 0.9868 | Val Loss 2.7900 Acc 0.8562 AUC 0.9940 Pre 0.8571 Rec 0.8536
2026-08-26 23:40:16 | Epoch   9/100 | Train Loss 1.3329 Acc 0.9903 | Val Loss 2.8223 Acc 0.8555 AUC 0.9935 Pre 0.8570 Rec 0.8524
2026-08-26 23:40:22 | Epoch  10/100 | Train Loss 1.2608 Acc 0.9927 | Val Loss 2.8456 Acc 0.8525 AUC 0.9930 Pre 0.8537 Rec 0.8496
2026-08-26 23:40:29 | Epoch  11/100 | Train Loss 1.2253 Acc 0.9940 | Val Loss 2.8768 Acc 0.8528 AUC 0.9927 Pre 0.8533 Rec 0.8496
2026-08-26 23:40:36 | Epoch  12/100 | Train Loss 1.1879 Acc 0.9953 | Val Loss 2.8603 Acc 0.8533 AUC 0.9927 Pre 0.8547 Rec 0.8499
2026-08-26 23:40:36 | Val AUC did not improve for 10 consecutive epochs, early stopping at Epoch 12 (best AUC 0.9956 @ Epoch 2)
2026-08-26 23:40:38 | Run 4/5 | Test (best model @ Epoch 2) | Loss 3.2578 Acc 0.8356 AUC 0.9956 Pre 0.8357 Rec 0.8306
2026-08-26 23:40:38 | ===== Run 5/5 (seed 4) =====
2026-08-26 23:40:45 | Epoch   1/100 | Train Loss 8.6044 Acc 0.5177 | Val Loss 4.4584 Acc 0.7708 AUC 0.9929 Pre 0.7620 Rec 0.7614
2026-08-26 23:40:45 |   Val AUC improved to 0.9929, model saved
2026-08-26 23:40:50 | Epoch   2/100 | Train Loss 4.0724 Acc 0.8308 | Val Loss 3.4033 Acc 0.8252 AUC 0.9953 Pre 0.8267 Rec 0.8196
2026-08-26 23:40:50 |   Val AUC improved to 0.9953, model saved
2026-08-26 23:40:56 | Epoch   3/100 | Train Loss 3.0158 Acc 0.8995 | Val Loss 3.0482 Acc 0.8419 AUC 0.9958 Pre 0.8438 Rec 0.8389
2026-08-26 23:40:56 |   Val AUC improved to 0.9958, model saved
2026-08-26 23:41:01 | Epoch   4/100 | Train Loss 2.4783 Acc 0.9322 | Val Loss 2.9733 Acc 0.8505 AUC 0.9952 Pre 0.8521 Rec 0.8466
2026-08-26 23:41:07 | Epoch   5/100 | Train Loss 2.1185 Acc 0.9551 | Val Loss 2.8977 Acc 0.8507 AUC 0.9951 Pre 0.8527 Rec 0.8461
2026-08-26 23:41:13 | Epoch   6/100 | Train Loss 1.8444 Acc 0.9690 | Val Loss 2.8517 Acc 0.8532 AUC 0.9951 Pre 0.8553 Rec 0.8494
2026-08-26 23:41:20 | Epoch   7/100 | Train Loss 1.6372 Acc 0.9799 | Val Loss 2.8465 Acc 0.8518 AUC 0.9947 Pre 0.8525 Rec 0.8489
2026-08-26 23:41:26 | Epoch   8/100 | Train Loss 1.4974 Acc 0.9847 | Val Loss 2.8873 Acc 0.8529 AUC 0.9937 Pre 0.8539 Rec 0.8500
2026-08-26 23:41:32 | Epoch   9/100 | Train Loss 1.4110 Acc 0.9893 | Val Loss 2.8665 Acc 0.8520 AUC 0.9937 Pre 0.8524 Rec 0.8490
2026-08-26 23:41:38 | Epoch  10/100 | Train Loss 1.3304 Acc 0.9918 | Val Loss 2.8998 Acc 0.8493 AUC 0.9934 Pre 0.8498 Rec 0.8466
2026-08-26 23:41:43 | Epoch  11/100 | Train Loss 1.2819 Acc 0.9939 | Val Loss 2.9075 Acc 0.8490 AUC 0.9933 Pre 0.8495 Rec 0.8458
2026-08-26 23:41:50 | Epoch  12/100 | Train Loss 1.2393 Acc 0.9950 | Val Loss 2.9545 Acc 0.8474 AUC 0.9926 Pre 0.8494 Rec 0.8447
2026-08-26 23:41:56 | Epoch  13/100 | Train Loss 1.2230 Acc 0.9959 | Val Loss 2.9756 Acc 0.8475 AUC 0.9921 Pre 0.8485 Rec 0.8442
2026-08-26 23:41:56 | Val AUC did not improve for 10 consecutive epochs, early stopping at Epoch 13 (best AUC 0.9958 @ Epoch 3)
2026-08-26 23:41:58 | Run 5/5 | Test (best model @ Epoch 3) | Loss 3.0081 Acc 0.8453 AUC 0.9957 Pre 0.8464 Rec 0.8421
2026-08-26 23:41:58 | Average over 5 runs | Test Loss 3.0325±0.1622 Acc 0.8442±0.0072 AUC 0.9957±0.0001 Pre 0.8453±0.0067 Rec 0.8402±0.0076
