2026-09-01 11:33:11 | Device: cuda
2026-09-01 11:33:11 | Args: {'model': 'opb', 'backbone': 'cnn', 'task': 'mnist', 'epochs': 100, 'batch_size': 512, 'lr': 0.001, 'hidden_dims': [512, 256], 'dropout': 0.2, 'z_dim': 256, 'anchor_scale': 14.0, 'energy_classifier': False, 'max_len': 250, 'random_labels': False, 'beta': 1.0, 'patience': 10, 'runs': 5, 'seed': 0, 'data_dir': './data', 'save_path': 'output/mnist_cnn_opb/mnist_cnn_opb.pt', 'log_path': '/root/autodl-tmp/IB/tune_results/mnist_cnn_opb_beta_1_anchor_14/train.log', 'no_save': True}
2026-09-01 11:33:11 | ===== Run 1/5 (seed 0) =====
2026-09-01 11:33:17 | Epoch   1/100 | Train Loss 41.5245 Acc 0.6319 | Val Loss 10.3676 Acc 0.9733 AUC 0.9993 Pre 0.9731 Rec 0.9733
2026-09-01 11:33:17 |   Val AUC improved to 0.9993, model saved
2026-09-01 11:33:22 | Epoch   2/100 | Train Loss 10.1611 Acc 0.9694 | Val Loss 5.6483 Acc 0.9823 AUC 0.9997 Pre 0.9822 Rec 0.9823
2026-09-01 11:33:22 |   Val AUC improved to 0.9997, model saved
2026-09-01 11:33:27 | Epoch   3/100 | Train Loss 7.0012 Acc 0.9793 | Val Loss 4.2390 Acc 0.9859 AUC 0.9998 Pre 0.9859 Rec 0.9859
2026-09-01 11:33:27 |   Val AUC improved to 0.9998, model saved
2026-09-01 11:33:32 | Epoch   4/100 | Train Loss 5.5344 Acc 0.9843 | Val Loss 3.4152 Acc 0.9879 AUC 0.9999 Pre 0.9878 Rec 0.9880
2026-09-01 11:33:32 |   Val AUC improved to 0.9999, model saved
2026-09-01 11:33:36 | Epoch   5/100 | Train Loss 4.5320 Acc 0.9865 | Val Loss 2.7639 Acc 0.9881 AUC 0.9999 Pre 0.9880 Rec 0.9880
2026-09-01 11:33:36 |   Val AUC improved to 0.9999, model saved
2026-09-01 11:33:41 | Epoch   6/100 | Train Loss 3.7602 Acc 0.9881 | Val Loss 2.3104 Acc 0.9902 AUC 0.9999 Pre 0.9902 Rec 0.9902
2026-09-01 11:33:41 |   Val AUC improved to 0.9999, model saved
2026-09-01 11:33:45 | Epoch   7/100 | Train Loss 3.2172 Acc 0.9892 | Val Loss 1.8974 Acc 0.9912 AUC 0.9999 Pre 0.9913 Rec 0.9911
2026-09-01 11:33:50 | Epoch   8/100 | Train Loss 2.7566 Acc 0.9897 | Val Loss 1.6203 Acc 0.9911 AUC 0.9999 Pre 0.9911 Rec 0.9910
2026-09-01 11:33:55 | Epoch   9/100 | Train Loss 2.3593 Acc 0.9900 | Val Loss 1.4748 Acc 0.9903 AUC 0.9999 Pre 0.9904 Rec 0.9902
2026-09-01 11:33:55 |   Val AUC improved to 0.9999, model saved
2026-09-01 11:33:59 | Epoch  10/100 | Train Loss 2.0347 Acc 0.9902 | Val Loss 1.2023 Acc 0.9913 AUC 0.9999 Pre 0.9913 Rec 0.9912
2026-09-01 11:34:04 | Epoch  11/100 | Train Loss 1.7636 Acc 0.9901 | Val Loss 1.0187 Acc 0.9917 AUC 0.9999 Pre 0.9917 Rec 0.9916
2026-09-01 11:34:04 |   Val AUC improved to 0.9999, model saved
2026-09-01 11:34:08 | Epoch  12/100 | Train Loss 1.5505 Acc 0.9899 | Val Loss 0.9108 Acc 0.9912 AUC 0.9999 Pre 0.9912 Rec 0.9911
2026-09-01 11:34:12 | Epoch  13/100 | Train Loss 1.3802 Acc 0.9877 | Val Loss 0.8906 Acc 0.9914 AUC 0.9999 Pre 0.9914 Rec 0.9913
2026-09-01 11:34:17 | Epoch  14/100 | Train Loss 1.2303 Acc 0.9865 | Val Loss 0.7365 Acc 0.9918 AUC 0.9999 Pre 0.9919 Rec 0.9917
2026-09-01 11:34:22 | Epoch  15/100 | Train Loss 1.0907 Acc 0.9861 | Val Loss 0.6318 Acc 0.9924 AUC 0.9999 Pre 0.9925 Rec 0.9923
2026-09-01 11:34:26 | Epoch  16/100 | Train Loss 0.9991 Acc 0.9838 | Val Loss 0.5624 Acc 0.9917 AUC 0.9999 Pre 0.9917 Rec 0.9916
2026-09-01 11:34:31 | Epoch  17/100 | Train Loss 0.9114 Acc 0.9819 | Val Loss 0.5118 Acc 0.9924 AUC 0.9999 Pre 0.9925 Rec 0.9923
2026-09-01 11:34:36 | Epoch  18/100 | Train Loss 0.8458 Acc 0.9797 | Val Loss 0.4582 Acc 0.9920 AUC 0.9999 Pre 0.9921 Rec 0.9919
2026-09-01 11:34:40 | Epoch  19/100 | Train Loss 0.7880 Acc 0.9764 | Val Loss 0.4649 Acc 0.9920 AUC 0.9999 Pre 0.9921 Rec 0.9919
2026-09-01 11:34:45 | Epoch  20/100 | Train Loss 0.7443 Acc 0.9753 | Val Loss 0.4011 Acc 0.9925 AUC 0.9999 Pre 0.9926 Rec 0.9924
2026-09-01 11:34:49 | Epoch  21/100 | Train Loss 0.7062 Acc 0.9731 | Val Loss 0.3897 Acc 0.9927 AUC 0.9999 Pre 0.9927 Rec 0.9926
2026-09-01 11:34:49 | Val AUC did not improve for 10 consecutive epochs, early stopping at Epoch 21 (best AUC 0.9999 @ Epoch 11)
2026-09-01 11:34:50 | Run 1/5 | Test (best model @ Epoch 11) | Loss 0.9651 Acc 0.9929 AUC 1.0000 Pre 0.9929 Rec 0.9928
2026-09-01 11:34:50 | ===== Run 2/5 (seed 1) =====
2026-09-01 11:34:55 | Epoch   1/100 | Train Loss 40.6766 Acc 0.6490 | Val Loss 9.5054 Acc 0.9724 AUC 0.9994 Pre 0.9722 Rec 0.9724
2026-09-01 11:34:55 |   Val AUC improved to 0.9994, model saved
2026-09-01 11:35:00 | Epoch   2/100 | Train Loss 9.9833 Acc 0.9702 | Val Loss 5.8647 Acc 0.9823 AUC 0.9997 Pre 0.9823 Rec 0.9823
2026-09-01 11:35:00 |   Val AUC improved to 0.9997, model saved
2026-09-01 11:35:04 | Epoch   3/100 | Train Loss 7.0987 Acc 0.9810 | Val Loss 4.3317 Acc 0.9860 AUC 0.9998 Pre 0.9860 Rec 0.9861
2026-09-01 11:35:04 |   Val AUC improved to 0.9998, model saved
2026-09-01 11:35:09 | Epoch   4/100 | Train Loss 5.6419 Acc 0.9847 | Val Loss 3.4091 Acc 0.9878 AUC 0.9999 Pre 0.9878 Rec 0.9878
2026-09-01 11:35:09 |   Val AUC improved to 0.9999, model saved
2026-09-01 11:35:13 | Epoch   5/100 | Train Loss 4.5880 Acc 0.9867 | Val Loss 2.7253 Acc 0.9899 AUC 0.9999 Pre 0.9899 Rec 0.9898
2026-09-01 11:35:13 |   Val AUC improved to 0.9999, model saved
2026-09-01 11:35:18 | Epoch   6/100 | Train Loss 3.8125 Acc 0.9887 | Val Loss 2.2106 Acc 0.9900 AUC 0.9999 Pre 0.9900 Rec 0.9899
2026-09-01 11:35:18 |   Val AUC improved to 0.9999, model saved
2026-09-01 11:35:23 | Epoch   7/100 | Train Loss 3.2073 Acc 0.9889 | Val Loss 1.9618 Acc 0.9904 AUC 0.9999 Pre 0.9904 Rec 0.9903
2026-09-01 11:35:23 |   Val AUC improved to 0.9999, model saved
2026-09-01 11:35:27 | Epoch   8/100 | Train Loss 2.7339 Acc 0.9897 | Val Loss 1.6042 Acc 0.9909 AUC 0.9999 Pre 0.9908 Rec 0.9908
2026-09-01 11:35:27 |   Val AUC improved to 0.9999, model saved
2026-09-01 11:35:32 | Epoch   9/100 | Train Loss 2.3259 Acc 0.9902 | Val Loss 1.4715 Acc 0.9917 AUC 0.9999 Pre 0.9916 Rec 0.9916
2026-09-01 11:35:32 |   Val AUC improved to 0.9999, model saved
2026-09-01 11:35:36 | Epoch  10/100 | Train Loss 1.9976 Acc 0.9899 | Val Loss 1.1573 Acc 0.9910 AUC 0.9999 Pre 0.9910 Rec 0.9909
2026-09-01 11:35:36 |   Val AUC improved to 0.9999, model saved
2026-09-01 11:35:41 | Epoch  11/100 | Train Loss 1.7299 Acc 0.9900 | Val Loss 1.0075 Acc 0.9917 AUC 0.9999 Pre 0.9917 Rec 0.9916
2026-09-01 11:35:45 | Epoch  12/100 | Train Loss 1.5244 Acc 0.9888 | Val Loss 0.9053 Acc 0.9918 AUC 0.9999 Pre 0.9918 Rec 0.9917
2026-09-01 11:35:50 | Epoch  13/100 | Train Loss 1.3505 Acc 0.9874 | Val Loss 0.7846 Acc 0.9924 AUC 0.9999 Pre 0.9924 Rec 0.9923
2026-09-01 11:35:55 | Epoch  14/100 | Train Loss 1.1946 Acc 0.9857 | Val Loss 0.7036 Acc 0.9917 AUC 0.9999 Pre 0.9917 Rec 0.9916
2026-09-01 11:36:00 | Epoch  15/100 | Train Loss 1.0734 Acc 0.9848 | Val Loss 0.5872 Acc 0.9921 AUC 0.9999 Pre 0.9921 Rec 0.9920
2026-09-01 11:36:05 | Epoch  16/100 | Train Loss 0.9760 Acc 0.9826 | Val Loss 0.5390 Acc 0.9915 AUC 0.9999 Pre 0.9915 Rec 0.9914
2026-09-01 11:36:09 | Epoch  17/100 | Train Loss 0.8931 Acc 0.9805 | Val Loss 0.5053 Acc 0.9925 AUC 0.9999 Pre 0.9925 Rec 0.9924
2026-09-01 11:36:09 |   Val AUC improved to 0.9999, model saved
2026-09-01 11:36:14 | Epoch  18/100 | Train Loss 0.8301 Acc 0.9783 | Val Loss 0.4598 Acc 0.9924 AUC 0.9999 Pre 0.9924 Rec 0.9923
2026-09-01 11:36:19 | Epoch  19/100 | Train Loss 0.7760 Acc 0.9749 | Val Loss 0.4281 Acc 0.9918 AUC 0.9999 Pre 0.9918 Rec 0.9917
2026-09-01 11:36:23 | Epoch  20/100 | Train Loss 0.7349 Acc 0.9732 | Val Loss 0.3920 Acc 0.9922 AUC 0.9999 Pre 0.9922 Rec 0.9921
2026-09-01 11:36:29 | Epoch  21/100 | Train Loss 0.7024 Acc 0.9711 | Val Loss 0.3755 Acc 0.9926 AUC 0.9999 Pre 0.9926 Rec 0.9925
2026-09-01 11:36:33 | Epoch  22/100 | Train Loss 0.6667 Acc 0.9712 | Val Loss 0.3632 Acc 0.9926 AUC 0.9999 Pre 0.9926 Rec 0.9925
2026-09-01 11:36:38 | Epoch  23/100 | Train Loss 0.6411 Acc 0.9689 | Val Loss 0.3432 Acc 0.9925 AUC 0.9999 Pre 0.9925 Rec 0.9924
2026-09-01 11:36:43 | Epoch  24/100 | Train Loss 0.6220 Acc 0.9680 | Val Loss 0.3312 Acc 0.9922 AUC 0.9999 Pre 0.9922 Rec 0.9921
2026-09-01 11:36:47 | Epoch  25/100 | Train Loss 0.6076 Acc 0.9662 | Val Loss 0.3391 Acc 0.9919 AUC 0.9999 Pre 0.9919 Rec 0.9918
2026-09-01 11:36:52 | Epoch  26/100 | Train Loss 0.5863 Acc 0.9665 | Val Loss 0.3144 Acc 0.9925 AUC 0.9999 Pre 0.9925 Rec 0.9924
2026-09-01 11:36:57 | Epoch  27/100 | Train Loss 0.5792 Acc 0.9646 | Val Loss 0.3152 Acc 0.9929 AUC 0.9999 Pre 0.9929 Rec 0.9928
2026-09-01 11:36:57 | Val AUC did not improve for 10 consecutive epochs, early stopping at Epoch 27 (best AUC 0.9999 @ Epoch 17)
2026-09-01 11:36:58 | Run 2/5 | Test (best model @ Epoch 17) | Loss 0.4731 Acc 0.9926 AUC 1.0000 Pre 0.9925 Rec 0.9925
2026-09-01 11:36:58 | ===== Run 3/5 (seed 2) =====
2026-09-01 11:37:03 | Epoch   1/100 | Train Loss 41.1101 Acc 0.6317 | Val Loss 9.7565 Acc 0.9752 AUC 0.9994 Pre 0.9751 Rec 0.9752
2026-09-01 11:37:03 |   Val AUC improved to 0.9994, model saved
2026-09-01 11:37:07 | Epoch   2/100 | Train Loss 10.0781 Acc 0.9693 | Val Loss 5.7761 Acc 0.9822 AUC 0.9998 Pre 0.9821 Rec 0.9822
2026-09-01 11:37:07 |   Val AUC improved to 0.9998, model saved
2026-09-01 11:37:12 | Epoch   3/100 | Train Loss 7.0372 Acc 0.9800 | Val Loss 4.1779 Acc 0.9864 AUC 0.9998 Pre 0.9864 Rec 0.9864
2026-09-01 11:37:12 |   Val AUC improved to 0.9998, model saved
2026-09-01 11:37:16 | Epoch   4/100 | Train Loss 5.5478 Acc 0.9845 | Val Loss 3.4744 Acc 0.9882 AUC 0.9999 Pre 0.9883 Rec 0.9882
2026-09-01 11:37:16 |   Val AUC improved to 0.9999, model saved
2026-09-01 11:37:21 | Epoch   5/100 | Train Loss 4.5363 Acc 0.9865 | Val Loss 2.7795 Acc 0.9892 AUC 0.9999 Pre 0.9891 Rec 0.9892
2026-09-01 11:37:21 |   Val AUC improved to 0.9999, model saved
2026-09-01 11:37:26 | Epoch   6/100 | Train Loss 3.7591 Acc 0.9890 | Val Loss 2.3404 Acc 0.9900 AUC 0.9999 Pre 0.9900 Rec 0.9899
2026-09-01 11:37:30 | Epoch   7/100 | Train Loss 3.1775 Acc 0.9895 | Val Loss 1.8704 Acc 0.9902 AUC 0.9999 Pre 0.9902 Rec 0.9901
2026-09-01 11:37:30 |   Val AUC improved to 0.9999, model saved
2026-09-01 11:37:35 | Epoch   8/100 | Train Loss 2.6978 Acc 0.9897 | Val Loss 1.6753 Acc 0.9915 AUC 0.9999 Pre 0.9915 Rec 0.9914
2026-09-01 11:37:40 | Epoch   9/100 | Train Loss 2.2838 Acc 0.9903 | Val Loss 1.3737 Acc 0.9914 AUC 0.9999 Pre 0.9914 Rec 0.9913
2026-09-01 11:37:45 | Epoch  10/100 | Train Loss 1.9488 Acc 0.9895 | Val Loss 1.1357 Acc 0.9919 AUC 0.9999 Pre 0.9919 Rec 0.9918
2026-09-01 11:37:49 | Epoch  11/100 | Train Loss 1.7056 Acc 0.9895 | Val Loss 1.1292 Acc 0.9918 AUC 0.9999 Pre 0.9918 Rec 0.9917
2026-09-01 11:37:54 | Epoch  12/100 | Train Loss 1.5015 Acc 0.9890 | Val Loss 0.8750 Acc 0.9922 AUC 0.9999 Pre 0.9922 Rec 0.9921
2026-09-01 11:37:59 | Epoch  13/100 | Train Loss 1.3126 Acc 0.9881 | Val Loss 0.7354 Acc 0.9925 AUC 0.9999 Pre 0.9926 Rec 0.9924
2026-09-01 11:37:59 |   Val AUC improved to 0.9999, model saved
2026-09-01 11:38:04 | Epoch  14/100 | Train Loss 1.1787 Acc 0.9871 | Val Loss 0.6842 Acc 0.9922 AUC 0.9999 Pre 0.9923 Rec 0.9921
2026-09-01 11:38:08 | Epoch  15/100 | Train Loss 1.0521 Acc 0.9853 | Val Loss 0.5920 Acc 0.9924 AUC 0.9999 Pre 0.9924 Rec 0.9923
2026-09-01 11:38:13 | Epoch  16/100 | Train Loss 0.9586 Acc 0.9839 | Val Loss 0.5576 Acc 0.9927 AUC 0.9999 Pre 0.9927 Rec 0.9926
2026-09-01 11:38:18 | Epoch  17/100 | Train Loss 0.8783 Acc 0.9806 | Val Loss 0.5060 Acc 0.9923 AUC 0.9999 Pre 0.9923 Rec 0.9922
2026-09-01 11:38:23 | Epoch  18/100 | Train Loss 0.8217 Acc 0.9786 | Val Loss 0.4676 Acc 0.9921 AUC 0.9999 Pre 0.9921 Rec 0.9920
2026-09-01 11:38:27 | Epoch  19/100 | Train Loss 0.7688 Acc 0.9775 | Val Loss 0.4395 Acc 0.9922 AUC 0.9999 Pre 0.9923 Rec 0.9921
2026-09-01 11:38:32 | Epoch  20/100 | Train Loss 0.7276 Acc 0.9755 | Val Loss 0.3930 Acc 0.9928 AUC 0.9999 Pre 0.9929 Rec 0.9927
2026-09-01 11:38:37 | Epoch  21/100 | Train Loss 0.6915 Acc 0.9737 | Val Loss 0.3765 Acc 0.9929 AUC 0.9999 Pre 0.9930 Rec 0.9928
2026-09-01 11:38:41 | Epoch  22/100 | Train Loss 0.6633 Acc 0.9716 | Val Loss 0.3797 Acc 0.9928 AUC 0.9999 Pre 0.9928 Rec 0.9927
2026-09-01 11:38:46 | Epoch  23/100 | Train Loss 0.6360 Acc 0.9710 | Val Loss 0.3566 Acc 0.9927 AUC 0.9999 Pre 0.9928 Rec 0.9926
2026-09-01 11:38:46 | Val AUC did not improve for 10 consecutive epochs, early stopping at Epoch 23 (best AUC 0.9999 @ Epoch 13)
2026-09-01 11:38:47 | Run 3/5 | Test (best model @ Epoch 13) | Loss 0.7052 Acc 0.9925 AUC 1.0000 Pre 0.9925 Rec 0.9924
2026-09-01 11:38:47 | ===== Run 4/5 (seed 3) =====
2026-09-01 11:38:51 | Epoch   1/100 | Train Loss 39.2042 Acc 0.6415 | Val Loss 9.7521 Acc 0.9739 AUC 0.9994 Pre 0.9738 Rec 0.9739
2026-09-01 11:38:51 |   Val AUC improved to 0.9994, model saved
2026-09-01 11:38:56 | Epoch   2/100 | Train Loss 10.0080 Acc 0.9701 | Val Loss 5.7503 Acc 0.9834 AUC 0.9997 Pre 0.9833 Rec 0.9834
2026-09-01 11:38:56 |   Val AUC improved to 0.9997, model saved
2026-09-01 11:39:01 | Epoch   3/100 | Train Loss 6.9821 Acc 0.9802 | Val Loss 4.3392 Acc 0.9867 AUC 0.9998 Pre 0.9867 Rec 0.9867
2026-09-01 11:39:01 |   Val AUC improved to 0.9998, model saved
2026-09-01 11:39:05 | Epoch   4/100 | Train Loss 5.5644 Acc 0.9842 | Val Loss 3.4234 Acc 0.9882 AUC 0.9999 Pre 0.9881 Rec 0.9881
2026-09-01 11:39:05 |   Val AUC improved to 0.9999, model saved
2026-09-01 11:39:10 | Epoch   5/100 | Train Loss 4.5340 Acc 0.9873 | Val Loss 2.7906 Acc 0.9895 AUC 0.9999 Pre 0.9895 Rec 0.9894
2026-09-01 11:39:10 |   Val AUC improved to 0.9999, model saved
2026-09-01 11:39:14 | Epoch   6/100 | Train Loss 3.7868 Acc 0.9892 | Val Loss 2.2590 Acc 0.9895 AUC 0.9999 Pre 0.9895 Rec 0.9894
2026-09-01 11:39:14 |   Val AUC improved to 0.9999, model saved
2026-09-01 11:39:19 | Epoch   7/100 | Train Loss 3.1808 Acc 0.9896 | Val Loss 1.8896 Acc 0.9905 AUC 0.9999 Pre 0.9904 Rec 0.9904
2026-09-01 11:39:19 |   Val AUC improved to 0.9999, model saved
2026-09-01 11:39:24 | Epoch   8/100 | Train Loss 2.6810 Acc 0.9899 | Val Loss 1.6213 Acc 0.9905 AUC 0.9999 Pre 0.9905 Rec 0.9905
2026-09-01 11:39:29 | Epoch   9/100 | Train Loss 2.2970 Acc 0.9900 | Val Loss 1.3578 Acc 0.9910 AUC 0.9999 Pre 0.9910 Rec 0.9909
2026-09-01 11:39:33 | Epoch  10/100 | Train Loss 1.9933 Acc 0.9904 | Val Loss 1.1883 Acc 0.9911 AUC 0.9999 Pre 0.9911 Rec 0.9910
2026-09-01 11:39:33 |   Val AUC improved to 0.9999, model saved
2026-09-01 11:39:37 | Epoch  11/100 | Train Loss 1.7220 Acc 0.9905 | Val Loss 1.0559 Acc 0.9907 AUC 0.9999 Pre 0.9907 Rec 0.9906
2026-09-01 11:39:37 |   Val AUC improved to 0.9999, model saved
2026-09-01 11:39:42 | Epoch  12/100 | Train Loss 1.5113 Acc 0.9893 | Val Loss 0.8767 Acc 0.9912 AUC 0.9999 Pre 0.9912 Rec 0.9911
2026-09-01 11:39:46 | Epoch  13/100 | Train Loss 1.3313 Acc 0.9890 | Val Loss 0.7521 Acc 0.9921 AUC 0.9999 Pre 0.9920 Rec 0.9920
2026-09-01 11:39:51 | Epoch  14/100 | Train Loss 1.1871 Acc 0.9870 | Val Loss 0.6930 Acc 0.9918 AUC 0.9999 Pre 0.9918 Rec 0.9917
2026-09-01 11:39:56 | Epoch  15/100 | Train Loss 1.0728 Acc 0.9858 | Val Loss 0.6049 Acc 0.9924 AUC 0.9999 Pre 0.9924 Rec 0.9923
2026-09-01 11:40:01 | Epoch  16/100 | Train Loss 0.9725 Acc 0.9843 | Val Loss 0.5539 Acc 0.9919 AUC 0.9999 Pre 0.9919 Rec 0.9918
2026-09-01 11:40:05 | Epoch  17/100 | Train Loss 0.8991 Acc 0.9833 | Val Loss 0.5189 Acc 0.9924 AUC 0.9999 Pre 0.9924 Rec 0.9923
2026-09-01 11:40:11 | Epoch  18/100 | Train Loss 0.8329 Acc 0.9807 | Val Loss 0.4735 Acc 0.9926 AUC 0.9999 Pre 0.9927 Rec 0.9925
2026-09-01 11:40:15 | Epoch  19/100 | Train Loss 0.7744 Acc 0.9783 | Val Loss 0.4246 Acc 0.9920 AUC 0.9999 Pre 0.9920 Rec 0.9919
2026-09-01 11:40:20 | Epoch  20/100 | Train Loss 0.7322 Acc 0.9760 | Val Loss 0.4166 Acc 0.9927 AUC 0.9999 Pre 0.9927 Rec 0.9926
2026-09-01 11:40:25 | Epoch  21/100 | Train Loss 0.6952 Acc 0.9763 | Val Loss 0.3976 Acc 0.9921 AUC 0.9999 Pre 0.9921 Rec 0.9920
2026-09-01 11:40:25 | Val AUC did not improve for 10 consecutive epochs, early stopping at Epoch 21 (best AUC 0.9999 @ Epoch 11)
2026-09-01 11:40:25 | Run 4/5 | Test (best model @ Epoch 11) | Loss 1.0019 Acc 0.9929 AUC 1.0000 Pre 0.9928 Rec 0.9928
2026-09-01 11:40:25 | ===== Run 5/5 (seed 4) =====
2026-09-01 11:40:30 | Epoch   1/100 | Train Loss 38.3264 Acc 0.6502 | Val Loss 9.8839 Acc 0.9742 AUC 0.9994 Pre 0.9742 Rec 0.9741
2026-09-01 11:40:30 |   Val AUC improved to 0.9994, model saved
2026-09-01 11:40:35 | Epoch   2/100 | Train Loss 9.8787 Acc 0.9704 | Val Loss 6.0817 Acc 0.9829 AUC 0.9997 Pre 0.9829 Rec 0.9829
2026-09-01 11:40:35 |   Val AUC improved to 0.9997, model saved
2026-09-01 11:40:39 | Epoch   3/100 | Train Loss 6.8756 Acc 0.9813 | Val Loss 4.2804 Acc 0.9867 AUC 0.9998 Pre 0.9867 Rec 0.9866
2026-09-01 11:40:39 |   Val AUC improved to 0.9998, model saved
2026-09-01 11:40:44 | Epoch   4/100 | Train Loss 5.4075 Acc 0.9853 | Val Loss 3.4794 Acc 0.9881 AUC 0.9999 Pre 0.9881 Rec 0.9880
2026-09-01 11:40:44 |   Val AUC improved to 0.9999, model saved
2026-09-01 11:40:49 | Epoch   5/100 | Train Loss 4.4174 Acc 0.9880 | Val Loss 2.7894 Acc 0.9899 AUC 0.9999 Pre 0.9898 Rec 0.9898
2026-09-01 11:40:49 |   Val AUC improved to 0.9999, model saved
2026-09-01 11:40:53 | Epoch   6/100 | Train Loss 3.6849 Acc 0.9894 | Val Loss 2.3033 Acc 0.9898 AUC 0.9999 Pre 0.9897 Rec 0.9897
2026-09-01 11:40:53 |   Val AUC improved to 0.9999, model saved
2026-09-01 11:40:58 | Epoch   7/100 | Train Loss 3.0788 Acc 0.9905 | Val Loss 1.9249 Acc 0.9908 AUC 0.9999 Pre 0.9908 Rec 0.9907
2026-09-01 11:41:03 | Epoch   8/100 | Train Loss 2.5956 Acc 0.9907 | Val Loss 1.5886 Acc 0.9914 AUC 0.9999 Pre 0.9914 Rec 0.9913
2026-09-01 11:41:03 |   Val AUC improved to 0.9999, model saved
2026-09-01 11:41:08 | Epoch   9/100 | Train Loss 2.2195 Acc 0.9910 | Val Loss 1.4118 Acc 0.9911 AUC 0.9999 Pre 0.9911 Rec 0.9911
2026-09-01 11:41:12 | Epoch  10/100 | Train Loss 1.8972 Acc 0.9913 | Val Loss 1.1744 Acc 0.9912 AUC 0.9999 Pre 0.9912 Rec 0.9911
2026-09-01 11:41:17 | Epoch  11/100 | Train Loss 1.6581 Acc 0.9907 | Val Loss 1.0704 Acc 0.9918 AUC 0.9999 Pre 0.9919 Rec 0.9917
2026-09-01 11:41:22 | Epoch  12/100 | Train Loss 1.4377 Acc 0.9906 | Val Loss 0.8660 Acc 0.9917 AUC 0.9999 Pre 0.9917 Rec 0.9916
2026-09-01 11:41:27 | Epoch  13/100 | Train Loss 1.2900 Acc 0.9898 | Val Loss 0.8044 Acc 0.9915 AUC 0.9999 Pre 0.9915 Rec 0.9914
2026-09-01 11:41:27 |   Val AUC improved to 0.9999, model saved
2026-09-01 11:41:32 | Epoch  14/100 | Train Loss 1.1490 Acc 0.9889 | Val Loss 0.7137 Acc 0.9919 AUC 0.9999 Pre 0.9920 Rec 0.9918
2026-09-01 11:41:32 |   Val AUC improved to 0.9999, model saved
2026-09-01 11:41:37 | Epoch  15/100 | Train Loss 1.0198 Acc 0.9887 | Val Loss 0.6337 Acc 0.9918 AUC 0.9999 Pre 0.9918 Rec 0.9917
2026-09-01 11:41:42 | Epoch  16/100 | Train Loss 0.9476 Acc 0.9866 | Val Loss 0.5563 Acc 0.9925 AUC 0.9999 Pre 0.9925 Rec 0.9924
2026-09-01 11:41:46 | Epoch  17/100 | Train Loss 0.8646 Acc 0.9844 | Val Loss 0.5376 Acc 0.9917 AUC 0.9999 Pre 0.9917 Rec 0.9916
2026-09-01 11:41:51 | Epoch  18/100 | Train Loss 0.7909 Acc 0.9846 | Val Loss 0.4817 Acc 0.9920 AUC 0.9998 Pre 0.9921 Rec 0.9919
2026-09-01 11:41:56 | Epoch  19/100 | Train Loss 0.7408 Acc 0.9820 | Val Loss 0.4516 Acc 0.9921 AUC 0.9999 Pre 0.9922 Rec 0.9920
2026-09-01 11:42:00 | Epoch  20/100 | Train Loss 0.7043 Acc 0.9796 | Val Loss 0.4201 Acc 0.9920 AUC 0.9999 Pre 0.9920 Rec 0.9919
2026-09-01 11:42:05 | Epoch  21/100 | Train Loss 0.6643 Acc 0.9781 | Val Loss 0.3970 Acc 0.9922 AUC 0.9999 Pre 0.9922 Rec 0.9921
2026-09-01 11:42:05 |   Val AUC improved to 0.9999, model saved
2026-09-01 11:42:09 | Epoch  22/100 | Train Loss 0.6395 Acc 0.9764 | Val Loss 0.4033 Acc 0.9925 AUC 0.9999 Pre 0.9925 Rec 0.9924
2026-09-01 11:42:14 | Epoch  23/100 | Train Loss 0.6021 Acc 0.9767 | Val Loss 0.3640 Acc 0.9920 AUC 0.9999 Pre 0.9920 Rec 0.9920
2026-09-01 11:42:18 | Epoch  24/100 | Train Loss 0.5779 Acc 0.9753 | Val Loss 0.3446 Acc 0.9928 AUC 0.9999 Pre 0.9928 Rec 0.9927
2026-09-01 11:42:23 | Epoch  25/100 | Train Loss 0.5632 Acc 0.9723 | Val Loss 0.3328 Acc 0.9928 AUC 0.9999 Pre 0.9928 Rec 0.9927
2026-09-01 11:42:28 | Epoch  26/100 | Train Loss 0.5477 Acc 0.9721 | Val Loss 0.3220 Acc 0.9918 AUC 0.9999 Pre 0.9918 Rec 0.9917
2026-09-01 11:42:33 | Epoch  27/100 | Train Loss 0.5290 Acc 0.9718 | Val Loss 0.3131 Acc 0.9925 AUC 0.9999 Pre 0.9925 Rec 0.9924
2026-09-01 11:42:38 | Epoch  28/100 | Train Loss 0.5207 Acc 0.9704 | Val Loss 0.3168 Acc 0.9920 AUC 0.9999 Pre 0.9920 Rec 0.9919
2026-09-01 11:42:43 | Epoch  29/100 | Train Loss 0.5066 Acc 0.9706 | Val Loss 0.3112 Acc 0.9920 AUC 0.9999 Pre 0.9920 Rec 0.9919
2026-09-01 11:42:47 | Epoch  30/100 | Train Loss 0.4975 Acc 0.9695 | Val Loss 0.3122 Acc 0.9921 AUC 0.9999 Pre 0.9921 Rec 0.9920
2026-09-01 11:42:52 | Epoch  31/100 | Train Loss 0.4844 Acc 0.9699 | Val Loss 0.2993 Acc 0.9925 AUC 0.9999 Pre 0.9925 Rec 0.9924
2026-09-01 11:42:52 | Val AUC did not improve for 10 consecutive epochs, early stopping at Epoch 31 (best AUC 0.9999 @ Epoch 21)
2026-09-01 11:42:53 | Run 5/5 | Test (best model @ Epoch 21) | Loss 0.3901 Acc 0.9928 AUC 1.0000 Pre 0.9927 Rec 0.9928
2026-09-01 11:42:53 | Average over 5 runs | Test Loss 0.7071±0.2778 Acc 0.9927±0.0002 AUC 1.0000±0.0000 Pre 0.9927±0.0002 Rec 0.9927±0.0002
