2026-08-26 21:30:59 | Device: cuda
2026-08-26 21:30:59 | Args: {'model': 'fgib', 'backbone': 'mlp', 'task': 'mnist', 'epochs': 100, 'batch_size': 512, 'lr': 0.001, 'hidden_dims': [512, 256], 'dropout': 0.2, 'z_dim': 256, 'anchor_scale': 12.0, 'max_len': 250, 'random_labels': False, 'beta': 0.1, 'patience': 10, 'runs': 5, 'seed': 0, 'data_dir': './data', 'save_path': 'output/mnist_mlp_fgib/mnist_mlp_fgib.pt', 'log_path': '/root/autodl-tmp/FGIB/tune_results/mnist_mlp_fgib_beta_0.1_anchor_12/train.log', 'no_save': True}
2026-08-26 21:30:59 | ===== Run 1/5 (seed 0) =====
2026-08-26 21:31:04 | Epoch   1/100 | Train Loss 3.0838 Acc 0.8651 | Val Loss 1.0396 Acc 0.9521 AUC 0.9978 Pre 0.9517 Rec 0.9517
2026-08-26 21:31:04 |   Val AUC improved to 0.9978, model saved
2026-08-26 21:31:08 | Epoch   2/100 | Train Loss 1.0155 Acc 0.9653 | Val Loss 0.6617 Acc 0.9698 AUC 0.9991 Pre 0.9695 Rec 0.9697
2026-08-26 21:31:08 |   Val AUC improved to 0.9991, model saved
2026-08-26 21:31:12 | Epoch   3/100 | Train Loss 0.7301 Acc 0.9779 | Val Loss 0.5709 Acc 0.9737 AUC 0.9994 Pre 0.9739 Rec 0.9733
2026-08-26 21:31:12 |   Val AUC improved to 0.9994, model saved
2026-08-26 21:31:17 | Epoch   4/100 | Train Loss 0.6017 Acc 0.9838 | Val Loss 0.4839 Acc 0.9767 AUC 0.9995 Pre 0.9765 Rec 0.9766
2026-08-26 21:31:17 |   Val AUC improved to 0.9995, model saved
2026-08-26 21:31:21 | Epoch   5/100 | Train Loss 0.5161 Acc 0.9871 | Val Loss 0.4269 Acc 0.9800 AUC 0.9996 Pre 0.9799 Rec 0.9799
2026-08-26 21:31:21 |   Val AUC improved to 0.9996, model saved
2026-08-26 21:31:25 | Epoch   6/100 | Train Loss 0.4608 Acc 0.9898 | Val Loss 0.4174 Acc 0.9812 AUC 0.9996 Pre 0.9811 Rec 0.9810
2026-08-26 21:31:29 | Epoch   7/100 | Train Loss 0.4207 Acc 0.9917 | Val Loss 0.3896 Acc 0.9814 AUC 0.9997 Pre 0.9812 Rec 0.9813
2026-08-26 21:31:29 |   Val AUC improved to 0.9997, model saved
2026-08-26 21:31:33 | Epoch   8/100 | Train Loss 0.3810 Acc 0.9935 | Val Loss 0.3786 Acc 0.9828 AUC 0.9997 Pre 0.9826 Rec 0.9827
2026-08-26 21:31:38 | Epoch   9/100 | Train Loss 0.3545 Acc 0.9946 | Val Loss 0.3714 Acc 0.9827 AUC 0.9997 Pre 0.9826 Rec 0.9825
2026-08-26 21:31:42 | Epoch  10/100 | Train Loss 0.3385 Acc 0.9952 | Val Loss 0.3811 Acc 0.9827 AUC 0.9997 Pre 0.9825 Rec 0.9826
2026-08-26 21:31:46 | Epoch  11/100 | Train Loss 0.3248 Acc 0.9958 | Val Loss 0.3778 Acc 0.9827 AUC 0.9997 Pre 0.9826 Rec 0.9824
2026-08-26 21:31:50 | Epoch  12/100 | Train Loss 0.3041 Acc 0.9969 | Val Loss 0.3625 Acc 0.9823 AUC 0.9997 Pre 0.9821 Rec 0.9821
2026-08-26 21:31:55 | Epoch  13/100 | Train Loss 0.2828 Acc 0.9974 | Val Loss 0.3555 Acc 0.9823 AUC 0.9997 Pre 0.9822 Rec 0.9821
2026-08-26 21:31:55 |   Val AUC improved to 0.9997, model saved
2026-08-26 21:31:59 | Epoch  14/100 | Train Loss 0.2765 Acc 0.9975 | Val Loss 0.3398 Acc 0.9841 AUC 0.9997 Pre 0.9840 Rec 0.9839
2026-08-26 21:32:03 | Epoch  15/100 | Train Loss 0.2647 Acc 0.9977 | Val Loss 0.3443 Acc 0.9839 AUC 0.9997 Pre 0.9837 Rec 0.9838
2026-08-26 21:32:03 |   Val AUC improved to 0.9997, model saved
2026-08-26 21:32:08 | Epoch  16/100 | Train Loss 0.2568 Acc 0.9981 | Val Loss 0.3438 Acc 0.9839 AUC 0.9997 Pre 0.9837 Rec 0.9838
2026-08-26 21:32:12 | Epoch  17/100 | Train Loss 0.2469 Acc 0.9985 | Val Loss 0.3278 Acc 0.9842 AUC 0.9997 Pre 0.9840 Rec 0.9841
2026-08-26 21:32:16 | Epoch  18/100 | Train Loss 0.2410 Acc 0.9984 | Val Loss 0.3360 Acc 0.9826 AUC 0.9997 Pre 0.9824 Rec 0.9824
2026-08-26 21:32:20 | Epoch  19/100 | Train Loss 0.2287 Acc 0.9989 | Val Loss 0.3292 Acc 0.9844 AUC 0.9997 Pre 0.9843 Rec 0.9842
2026-08-26 21:32:25 | Epoch  20/100 | Train Loss 0.2254 Acc 0.9986 | Val Loss 0.3381 Acc 0.9842 AUC 0.9997 Pre 0.9841 Rec 0.9840
2026-08-26 21:32:29 | Epoch  21/100 | Train Loss 0.2200 Acc 0.9988 | Val Loss 0.3399 Acc 0.9832 AUC 0.9996 Pre 0.9831 Rec 0.9830
2026-08-26 21:32:33 | Epoch  22/100 | Train Loss 0.2153 Acc 0.9989 | Val Loss 0.3259 Acc 0.9836 AUC 0.9996 Pre 0.9834 Rec 0.9834
2026-08-26 21:32:37 | Epoch  23/100 | Train Loss 0.2115 Acc 0.9991 | Val Loss 0.3406 Acc 0.9824 AUC 0.9996 Pre 0.9823 Rec 0.9823
2026-08-26 21:32:41 | Epoch  24/100 | Train Loss 0.2067 Acc 0.9991 | Val Loss 0.3266 Acc 0.9840 AUC 0.9996 Pre 0.9839 Rec 0.9838
2026-08-26 21:32:46 | Epoch  25/100 | Train Loss 0.2012 Acc 0.9991 | Val Loss 0.3249 Acc 0.9836 AUC 0.9997 Pre 0.9834 Rec 0.9834
2026-08-26 21:32:46 | Val AUC did not improve for 10 consecutive epochs, early stopping at Epoch 25 (best AUC 0.9997 @ Epoch 15)
2026-08-26 21:32:46 | Run 1/5 | Test (best model @ Epoch 15) | Loss 0.3300 Acc 0.9846 AUC 0.9997 Pre 0.9845 Rec 0.9845
2026-08-26 21:32:46 | ===== Run 2/5 (seed 1) =====
2026-08-26 21:32:51 | Epoch   1/100 | Train Loss 3.0527 Acc 0.8674 | Val Loss 0.9912 Acc 0.9540 AUC 0.9978 Pre 0.9537 Rec 0.9536
2026-08-26 21:32:51 |   Val AUC improved to 0.9978, model saved
2026-08-26 21:32:55 | Epoch   2/100 | Train Loss 1.0210 Acc 0.9661 | Val Loss 0.6502 Acc 0.9698 AUC 0.9990 Pre 0.9695 Rec 0.9697
2026-08-26 21:32:55 |   Val AUC improved to 0.9990, model saved
2026-08-26 21:32:59 | Epoch   3/100 | Train Loss 0.7426 Acc 0.9775 | Val Loss 0.5295 Acc 0.9746 AUC 0.9994 Pre 0.9745 Rec 0.9743
2026-08-26 21:32:59 |   Val AUC improved to 0.9994, model saved
2026-08-26 21:33:03 | Epoch   4/100 | Train Loss 0.6069 Acc 0.9832 | Val Loss 0.4952 Acc 0.9769 AUC 0.9994 Pre 0.9766 Rec 0.9769
2026-08-26 21:33:07 | Epoch   5/100 | Train Loss 0.5201 Acc 0.9868 | Val Loss 0.4463 Acc 0.9794 AUC 0.9996 Pre 0.9793 Rec 0.9792
2026-08-26 21:33:07 |   Val AUC improved to 0.9996, model saved
2026-08-26 21:33:12 | Epoch   6/100 | Train Loss 0.4529 Acc 0.9902 | Val Loss 0.4273 Acc 0.9805 AUC 0.9996 Pre 0.9804 Rec 0.9803
2026-08-26 21:33:12 |   Val AUC improved to 0.9996, model saved
2026-08-26 21:33:16 | Epoch   7/100 | Train Loss 0.4244 Acc 0.9913 | Val Loss 0.4245 Acc 0.9801 AUC 0.9996 Pre 0.9800 Rec 0.9799
2026-08-26 21:33:16 |   Val AUC improved to 0.9996, model saved
2026-08-26 21:33:20 | Epoch   8/100 | Train Loss 0.3881 Acc 0.9935 | Val Loss 0.3877 Acc 0.9827 AUC 0.9996 Pre 0.9826 Rec 0.9825
2026-08-26 21:33:20 |   Val AUC improved to 0.9996, model saved
2026-08-26 21:33:24 | Epoch   9/100 | Train Loss 0.3561 Acc 0.9943 | Val Loss 0.3920 Acc 0.9824 AUC 0.9996 Pre 0.9823 Rec 0.9822
2026-08-26 21:33:24 |   Val AUC improved to 0.9996, model saved
2026-08-26 21:33:29 | Epoch  10/100 | Train Loss 0.3355 Acc 0.9954 | Val Loss 0.3769 Acc 0.9811 AUC 0.9996 Pre 0.9809 Rec 0.9809
2026-08-26 21:33:33 | Epoch  11/100 | Train Loss 0.3217 Acc 0.9958 | Val Loss 0.3550 Acc 0.9831 AUC 0.9996 Pre 0.9829 Rec 0.9830
2026-08-26 21:33:38 | Epoch  12/100 | Train Loss 0.3045 Acc 0.9962 | Val Loss 0.3631 Acc 0.9830 AUC 0.9997 Pre 0.9827 Rec 0.9829
2026-08-26 21:33:38 |   Val AUC improved to 0.9997, model saved
2026-08-26 21:33:42 | Epoch  13/100 | Train Loss 0.2873 Acc 0.9969 | Val Loss 0.3461 Acc 0.9837 AUC 0.9997 Pre 0.9835 Rec 0.9836
2026-08-26 21:33:42 |   Val AUC improved to 0.9997, model saved
2026-08-26 21:33:46 | Epoch  14/100 | Train Loss 0.2746 Acc 0.9977 | Val Loss 0.3548 Acc 0.9827 AUC 0.9996 Pre 0.9824 Rec 0.9826
2026-08-26 21:33:50 | Epoch  15/100 | Train Loss 0.2655 Acc 0.9980 | Val Loss 0.3391 Acc 0.9828 AUC 0.9997 Pre 0.9825 Rec 0.9826
2026-08-26 21:33:54 | Epoch  16/100 | Train Loss 0.2559 Acc 0.9982 | Val Loss 0.3379 Acc 0.9836 AUC 0.9996 Pre 0.9834 Rec 0.9834
2026-08-26 21:33:59 | Epoch  17/100 | Train Loss 0.2462 Acc 0.9983 | Val Loss 0.3396 Acc 0.9837 AUC 0.9997 Pre 0.9835 Rec 0.9836
2026-08-26 21:33:59 |   Val AUC improved to 0.9997, model saved
2026-08-26 21:34:03 | Epoch  18/100 | Train Loss 0.2390 Acc 0.9985 | Val Loss 0.3455 Acc 0.9838 AUC 0.9997 Pre 0.9836 Rec 0.9837
2026-08-26 21:34:07 | Epoch  19/100 | Train Loss 0.2340 Acc 0.9987 | Val Loss 0.3438 Acc 0.9837 AUC 0.9996 Pre 0.9835 Rec 0.9835
2026-08-26 21:34:12 | Epoch  20/100 | Train Loss 0.2269 Acc 0.9987 | Val Loss 0.3447 Acc 0.9823 AUC 0.9996 Pre 0.9822 Rec 0.9821
2026-08-26 21:34:16 | Epoch  21/100 | Train Loss 0.2219 Acc 0.9989 | Val Loss 0.3372 Acc 0.9842 AUC 0.9996 Pre 0.9840 Rec 0.9841
2026-08-26 21:34:20 | Epoch  22/100 | Train Loss 0.2176 Acc 0.9990 | Val Loss 0.3293 Acc 0.9834 AUC 0.9997 Pre 0.9832 Rec 0.9833
2026-08-26 21:34:24 | Epoch  23/100 | Train Loss 0.2110 Acc 0.9989 | Val Loss 0.3422 Acc 0.9833 AUC 0.9996 Pre 0.9832 Rec 0.9831
2026-08-26 21:34:29 | Epoch  24/100 | Train Loss 0.2089 Acc 0.9991 | Val Loss 0.3310 Acc 0.9846 AUC 0.9996 Pre 0.9845 Rec 0.9845
2026-08-26 21:34:33 | Epoch  25/100 | Train Loss 0.2040 Acc 0.9992 | Val Loss 0.3367 Acc 0.9835 AUC 0.9996 Pre 0.9834 Rec 0.9833
2026-08-26 21:34:37 | Epoch  26/100 | Train Loss 0.2017 Acc 0.9993 | Val Loss 0.3275 Acc 0.9840 AUC 0.9996 Pre 0.9839 Rec 0.9838
2026-08-26 21:34:41 | Epoch  27/100 | Train Loss 0.1976 Acc 0.9990 | Val Loss 0.3330 Acc 0.9851 AUC 0.9995 Pre 0.9850 Rec 0.9849
2026-08-26 21:34:41 | Val AUC did not improve for 10 consecutive epochs, early stopping at Epoch 27 (best AUC 0.9997 @ Epoch 17)
2026-08-26 21:34:42 | Run 2/5 | Test (best model @ Epoch 17) | Loss 0.3273 Acc 0.9852 AUC 0.9997 Pre 0.9852 Rec 0.9851
2026-08-26 21:34:42 | ===== Run 3/5 (seed 2) =====
2026-08-26 21:34:46 | Epoch   1/100 | Train Loss 3.0403 Acc 0.8703 | Val Loss 0.9853 Acc 0.9535 AUC 0.9979 Pre 0.9531 Rec 0.9531
2026-08-26 21:34:46 |   Val AUC improved to 0.9979, model saved
2026-08-26 21:34:50 | Epoch   2/100 | Train Loss 1.0121 Acc 0.9662 | Val Loss 0.6641 Acc 0.9691 AUC 0.9991 Pre 0.9688 Rec 0.9690
2026-08-26 21:34:50 |   Val AUC improved to 0.9991, model saved
2026-08-26 21:34:55 | Epoch   3/100 | Train Loss 0.7334 Acc 0.9779 | Val Loss 0.5268 Acc 0.9763 AUC 0.9994 Pre 0.9762 Rec 0.9761
2026-08-26 21:34:55 |   Val AUC improved to 0.9994, model saved
2026-08-26 21:34:59 | Epoch   4/100 | Train Loss 0.5900 Acc 0.9839 | Val Loss 0.4794 Acc 0.9768 AUC 0.9996 Pre 0.9767 Rec 0.9765
2026-08-26 21:34:59 |   Val AUC improved to 0.9996, model saved
2026-08-26 21:35:03 | Epoch   5/100 | Train Loss 0.5136 Acc 0.9876 | Val Loss 0.4390 Acc 0.9795 AUC 0.9996 Pre 0.9793 Rec 0.9793
2026-08-26 21:35:03 |   Val AUC improved to 0.9996, model saved
2026-08-26 21:35:07 | Epoch   6/100 | Train Loss 0.4575 Acc 0.9897 | Val Loss 0.4183 Acc 0.9812 AUC 0.9996 Pre 0.9810 Rec 0.9810
2026-08-26 21:35:07 |   Val AUC improved to 0.9996, model saved
2026-08-26 21:35:12 | Epoch   7/100 | Train Loss 0.4135 Acc 0.9922 | Val Loss 0.3980 Acc 0.9804 AUC 0.9996 Pre 0.9802 Rec 0.9803
2026-08-26 21:35:12 |   Val AUC improved to 0.9996, model saved
2026-08-26 21:35:16 | Epoch   8/100 | Train Loss 0.3843 Acc 0.9932 | Val Loss 0.3906 Acc 0.9821 AUC 0.9997 Pre 0.9818 Rec 0.9819
2026-08-26 21:35:16 |   Val AUC improved to 0.9997, model saved
2026-08-26 21:35:20 | Epoch   9/100 | Train Loss 0.3528 Acc 0.9947 | Val Loss 0.3823 Acc 0.9816 AUC 0.9997 Pre 0.9813 Rec 0.9816
2026-08-26 21:35:20 |   Val AUC improved to 0.9997, model saved
2026-08-26 21:35:25 | Epoch  10/100 | Train Loss 0.3383 Acc 0.9956 | Val Loss 0.3597 Acc 0.9828 AUC 0.9997 Pre 0.9826 Rec 0.9826
2026-08-26 21:35:25 |   Val AUC improved to 0.9997, model saved
2026-08-26 21:35:29 | Epoch  11/100 | Train Loss 0.3130 Acc 0.9965 | Val Loss 0.3561 Acc 0.9837 AUC 0.9997 Pre 0.9835 Rec 0.9836
2026-08-26 21:35:33 | Epoch  12/100 | Train Loss 0.2979 Acc 0.9966 | Val Loss 0.3571 Acc 0.9820 AUC 0.9997 Pre 0.9818 Rec 0.9819
2026-08-26 21:35:33 |   Val AUC improved to 0.9997, model saved
2026-08-26 21:35:37 | Epoch  13/100 | Train Loss 0.2845 Acc 0.9972 | Val Loss 0.3540 Acc 0.9838 AUC 0.9997 Pre 0.9836 Rec 0.9837
2026-08-26 21:35:37 |   Val AUC improved to 0.9997, model saved
2026-08-26 21:35:41 | Epoch  14/100 | Train Loss 0.2680 Acc 0.9979 | Val Loss 0.3487 Acc 0.9825 AUC 0.9997 Pre 0.9823 Rec 0.9824
2026-08-26 21:35:42 |   Val AUC improved to 0.9997, model saved
2026-08-26 21:35:46 | Epoch  15/100 | Train Loss 0.2570 Acc 0.9981 | Val Loss 0.3432 Acc 0.9828 AUC 0.9997 Pre 0.9826 Rec 0.9827
2026-08-26 21:35:50 | Epoch  16/100 | Train Loss 0.2497 Acc 0.9982 | Val Loss 0.3469 Acc 0.9828 AUC 0.9997 Pre 0.9828 Rec 0.9826
2026-08-26 21:35:54 | Epoch  17/100 | Train Loss 0.2492 Acc 0.9982 | Val Loss 0.3437 Acc 0.9831 AUC 0.9997 Pre 0.9829 Rec 0.9830
2026-08-26 21:35:58 | Epoch  18/100 | Train Loss 0.2329 Acc 0.9985 | Val Loss 0.3489 Acc 0.9832 AUC 0.9997 Pre 0.9831 Rec 0.9830
2026-08-26 21:36:03 | Epoch  19/100 | Train Loss 0.2291 Acc 0.9988 | Val Loss 0.3463 Acc 0.9843 AUC 0.9997 Pre 0.9842 Rec 0.9841
2026-08-26 21:36:07 | Epoch  20/100 | Train Loss 0.2250 Acc 0.9988 | Val Loss 0.3453 Acc 0.9842 AUC 0.9997 Pre 0.9841 Rec 0.9841
2026-08-26 21:36:07 |   Val AUC improved to 0.9997, model saved
2026-08-26 21:36:11 | Epoch  21/100 | Train Loss 0.2196 Acc 0.9989 | Val Loss 0.3412 Acc 0.9844 AUC 0.9997 Pre 0.9843 Rec 0.9843
2026-08-26 21:36:15 | Epoch  22/100 | Train Loss 0.2132 Acc 0.9990 | Val Loss 0.3312 Acc 0.9837 AUC 0.9997 Pre 0.9836 Rec 0.9835
2026-08-26 21:36:19 | Epoch  23/100 | Train Loss 0.2037 Acc 0.9991 | Val Loss 0.3301 Acc 0.9838 AUC 0.9997 Pre 0.9837 Rec 0.9836
2026-08-26 21:36:24 | Epoch  24/100 | Train Loss 0.2025 Acc 0.9992 | Val Loss 0.3506 Acc 0.9824 AUC 0.9997 Pre 0.9822 Rec 0.9823
2026-08-26 21:36:28 | Epoch  25/100 | Train Loss 0.1994 Acc 0.9993 | Val Loss 0.3331 Acc 0.9835 AUC 0.9997 Pre 0.9833 Rec 0.9833
2026-08-26 21:36:32 | Epoch  26/100 | Train Loss 0.1958 Acc 0.9991 | Val Loss 0.3396 Acc 0.9850 AUC 0.9996 Pre 0.9850 Rec 0.9848
2026-08-26 21:36:36 | Epoch  27/100 | Train Loss 0.1958 Acc 0.9991 | Val Loss 0.3368 Acc 0.9823 AUC 0.9996 Pre 0.9821 Rec 0.9822
2026-08-26 21:36:41 | Epoch  28/100 | Train Loss 0.1867 Acc 0.9994 | Val Loss 0.3303 Acc 0.9838 AUC 0.9996 Pre 0.9837 Rec 0.9836
2026-08-26 21:36:45 | Epoch  29/100 | Train Loss 0.1820 Acc 0.9994 | Val Loss 0.3316 Acc 0.9842 AUC 0.9996 Pre 0.9841 Rec 0.9840
2026-08-26 21:36:49 | Epoch  30/100 | Train Loss 0.1825 Acc 0.9994 | Val Loss 0.3398 Acc 0.9838 AUC 0.9997 Pre 0.9838 Rec 0.9837
2026-08-26 21:36:49 | Val AUC did not improve for 10 consecutive epochs, early stopping at Epoch 30 (best AUC 0.9997 @ Epoch 20)
2026-08-26 21:36:50 | Run 3/5 | Test (best model @ Epoch 20) | Loss 0.3257 Acc 0.9850 AUC 0.9997 Pre 0.9850 Rec 0.9849
2026-08-26 21:36:50 | ===== Run 4/5 (seed 3) =====
2026-08-26 21:36:54 | Epoch   1/100 | Train Loss 3.0583 Acc 0.8690 | Val Loss 0.9716 Acc 0.9551 AUC 0.9979 Pre 0.9546 Rec 0.9548
2026-08-26 21:36:54 |   Val AUC improved to 0.9979, model saved
2026-08-26 21:36:58 | Epoch   2/100 | Train Loss 1.0150 Acc 0.9661 | Val Loss 0.6367 Acc 0.9703 AUC 0.9991 Pre 0.9700 Rec 0.9702
2026-08-26 21:36:58 |   Val AUC improved to 0.9991, model saved
2026-08-26 21:37:03 | Epoch   3/100 | Train Loss 0.7333 Acc 0.9777 | Val Loss 0.5415 Acc 0.9742 AUC 0.9994 Pre 0.9740 Rec 0.9739
2026-08-26 21:37:03 |   Val AUC improved to 0.9994, model saved
2026-08-26 21:37:07 | Epoch   4/100 | Train Loss 0.5933 Acc 0.9839 | Val Loss 0.4775 Acc 0.9779 AUC 0.9995 Pre 0.9778 Rec 0.9777
2026-08-26 21:37:07 |   Val AUC improved to 0.9995, model saved
2026-08-26 21:37:11 | Epoch   5/100 | Train Loss 0.5169 Acc 0.9876 | Val Loss 0.4382 Acc 0.9792 AUC 0.9996 Pre 0.9790 Rec 0.9790
2026-08-26 21:37:11 |   Val AUC improved to 0.9996, model saved
2026-08-26 21:37:15 | Epoch   6/100 | Train Loss 0.4618 Acc 0.9895 | Val Loss 0.4189 Acc 0.9802 AUC 0.9996 Pre 0.9801 Rec 0.9800
2026-08-26 21:37:15 |   Val AUC improved to 0.9996, model saved
2026-08-26 21:37:19 | Epoch   7/100 | Train Loss 0.4217 Acc 0.9921 | Val Loss 0.4019 Acc 0.9801 AUC 0.9997 Pre 0.9798 Rec 0.9800
2026-08-26 21:37:19 |   Val AUC improved to 0.9997, model saved
2026-08-26 21:37:23 | Epoch   8/100 | Train Loss 0.3803 Acc 0.9939 | Val Loss 0.4015 Acc 0.9814 AUC 0.9997 Pre 0.9814 Rec 0.9812
2026-08-26 21:37:28 | Epoch   9/100 | Train Loss 0.3548 Acc 0.9949 | Val Loss 0.3787 Acc 0.9818 AUC 0.9997 Pre 0.9817 Rec 0.9816
2026-08-26 21:37:32 | Epoch  10/100 | Train Loss 0.3361 Acc 0.9956 | Val Loss 0.3719 Acc 0.9820 AUC 0.9997 Pre 0.9818 Rec 0.9819
2026-08-26 21:37:32 |   Val AUC improved to 0.9997, model saved
2026-08-26 21:37:36 | Epoch  11/100 | Train Loss 0.3157 Acc 0.9959 | Val Loss 0.3513 Acc 0.9832 AUC 0.9997 Pre 0.9831 Rec 0.9830
2026-08-26 21:37:36 |   Val AUC improved to 0.9997, model saved
2026-08-26 21:37:40 | Epoch  12/100 | Train Loss 0.3011 Acc 0.9966 | Val Loss 0.3519 Acc 0.9829 AUC 0.9997 Pre 0.9827 Rec 0.9827
2026-08-26 21:37:44 | Epoch  13/100 | Train Loss 0.2890 Acc 0.9972 | Val Loss 0.3654 Acc 0.9823 AUC 0.9997 Pre 0.9822 Rec 0.9820
2026-08-26 21:37:48 | Epoch  14/100 | Train Loss 0.2711 Acc 0.9977 | Val Loss 0.3534 Acc 0.9834 AUC 0.9996 Pre 0.9834 Rec 0.9832
2026-08-26 21:37:52 | Epoch  15/100 | Train Loss 0.2633 Acc 0.9979 | Val Loss 0.3420 Acc 0.9836 AUC 0.9997 Pre 0.9837 Rec 0.9834
2026-08-26 21:37:57 | Epoch  16/100 | Train Loss 0.2516 Acc 0.9981 | Val Loss 0.3424 Acc 0.9836 AUC 0.9997 Pre 0.9835 Rec 0.9834
2026-08-26 21:38:01 | Epoch  17/100 | Train Loss 0.2420 Acc 0.9984 | Val Loss 0.3422 Acc 0.9820 AUC 0.9996 Pre 0.9818 Rec 0.9818
2026-08-26 21:38:05 | Epoch  18/100 | Train Loss 0.2384 Acc 0.9985 | Val Loss 0.3378 Acc 0.9831 AUC 0.9997 Pre 0.9831 Rec 0.9828
2026-08-26 21:38:09 | Epoch  19/100 | Train Loss 0.2277 Acc 0.9987 | Val Loss 0.3416 Acc 0.9829 AUC 0.9996 Pre 0.9828 Rec 0.9827
2026-08-26 21:38:13 | Epoch  20/100 | Train Loss 0.2233 Acc 0.9987 | Val Loss 0.3460 Acc 0.9832 AUC 0.9996 Pre 0.9832 Rec 0.9830
2026-08-26 21:38:18 | Epoch  21/100 | Train Loss 0.2199 Acc 0.9989 | Val Loss 0.3566 Acc 0.9819 AUC 0.9996 Pre 0.9818 Rec 0.9817
2026-08-26 21:38:18 | Val AUC did not improve for 10 consecutive epochs, early stopping at Epoch 21 (best AUC 0.9997 @ Epoch 11)
2026-08-26 21:38:18 | Run 4/5 | Test (best model @ Epoch 11) | Loss 0.3450 Acc 0.9841 AUC 0.9997 Pre 0.9841 Rec 0.9840
2026-08-26 21:38:18 | ===== Run 5/5 (seed 4) =====
2026-08-26 21:38:23 | Epoch   1/100 | Train Loss 3.0089 Acc 0.8715 | Val Loss 1.0008 Acc 0.9538 AUC 0.9977 Pre 0.9537 Rec 0.9534
2026-08-26 21:38:23 |   Val AUC improved to 0.9977, model saved
2026-08-26 21:38:27 | Epoch   2/100 | Train Loss 0.9989 Acc 0.9668 | Val Loss 0.6599 Acc 0.9705 AUC 0.9991 Pre 0.9705 Rec 0.9702
2026-08-26 21:38:27 |   Val AUC improved to 0.9991, model saved
2026-08-26 21:38:31 | Epoch   3/100 | Train Loss 0.7230 Acc 0.9783 | Val Loss 0.5528 Acc 0.9747 AUC 0.9993 Pre 0.9745 Rec 0.9746
2026-08-26 21:38:31 |   Val AUC improved to 0.9993, model saved
2026-08-26 21:38:36 | Epoch   4/100 | Train Loss 0.5949 Acc 0.9848 | Val Loss 0.4957 Acc 0.9771 AUC 0.9995 Pre 0.9769 Rec 0.9769
2026-08-26 21:38:36 |   Val AUC improved to 0.9995, model saved
2026-08-26 21:38:40 | Epoch   5/100 | Train Loss 0.5085 Acc 0.9878 | Val Loss 0.4503 Acc 0.9797 AUC 0.9995 Pre 0.9795 Rec 0.9795
2026-08-26 21:38:40 |   Val AUC improved to 0.9995, model saved
2026-08-26 21:38:44 | Epoch   6/100 | Train Loss 0.4574 Acc 0.9904 | Val Loss 0.4058 Acc 0.9823 AUC 0.9996 Pre 0.9821 Rec 0.9822
2026-08-26 21:38:44 |   Val AUC improved to 0.9996, model saved
2026-08-26 21:38:48 | Epoch   7/100 | Train Loss 0.4100 Acc 0.9916 | Val Loss 0.4202 Acc 0.9817 AUC 0.9996 Pre 0.9816 Rec 0.9815
2026-08-26 21:38:53 | Epoch   8/100 | Train Loss 0.3847 Acc 0.9937 | Val Loss 0.3887 Acc 0.9824 AUC 0.9997 Pre 0.9822 Rec 0.9822
2026-08-26 21:38:53 |   Val AUC improved to 0.9997, model saved
2026-08-26 21:38:57 | Epoch   9/100 | Train Loss 0.3565 Acc 0.9947 | Val Loss 0.3703 Acc 0.9817 AUC 0.9996 Pre 0.9816 Rec 0.9815
2026-08-26 21:39:01 | Epoch  10/100 | Train Loss 0.3301 Acc 0.9954 | Val Loss 0.3630 Acc 0.9828 AUC 0.9997 Pre 0.9827 Rec 0.9826
2026-08-26 21:39:01 |   Val AUC improved to 0.9997, model saved
2026-08-26 21:39:05 | Epoch  11/100 | Train Loss 0.3102 Acc 0.9963 | Val Loss 0.3746 Acc 0.9822 AUC 0.9997 Pre 0.9821 Rec 0.9820
2026-08-26 21:39:05 |   Val AUC improved to 0.9997, model saved
2026-08-26 21:39:09 | Epoch  12/100 | Train Loss 0.2928 Acc 0.9969 | Val Loss 0.3607 Acc 0.9825 AUC 0.9997 Pre 0.9823 Rec 0.9823
2026-08-26 21:39:14 | Epoch  13/100 | Train Loss 0.2809 Acc 0.9976 | Val Loss 0.3630 Acc 0.9834 AUC 0.9997 Pre 0.9833 Rec 0.9832
2026-08-26 21:39:18 | Epoch  14/100 | Train Loss 0.2664 Acc 0.9976 | Val Loss 0.3516 Acc 0.9837 AUC 0.9996 Pre 0.9836 Rec 0.9835
2026-08-26 21:39:23 | Epoch  15/100 | Train Loss 0.2605 Acc 0.9980 | Val Loss 0.3445 Acc 0.9838 AUC 0.9997 Pre 0.9837 Rec 0.9836
2026-08-26 21:39:27 | Epoch  16/100 | Train Loss 0.2490 Acc 0.9983 | Val Loss 0.3573 Acc 0.9834 AUC 0.9996 Pre 0.9833 Rec 0.9832
2026-08-26 21:39:31 | Epoch  17/100 | Train Loss 0.2380 Acc 0.9986 | Val Loss 0.3390 Acc 0.9841 AUC 0.9996 Pre 0.9839 Rec 0.9840
2026-08-26 21:39:36 | Epoch  18/100 | Train Loss 0.2296 Acc 0.9987 | Val Loss 0.3337 Acc 0.9839 AUC 0.9996 Pre 0.9838 Rec 0.9838
2026-08-26 21:39:40 | Epoch  19/100 | Train Loss 0.2257 Acc 0.9985 | Val Loss 0.3572 Acc 0.9817 AUC 0.9996 Pre 0.9815 Rec 0.9815
2026-08-26 21:39:44 | Epoch  20/100 | Train Loss 0.2201 Acc 0.9988 | Val Loss 0.3461 Acc 0.9831 AUC 0.9997 Pre 0.9831 Rec 0.9828
2026-08-26 21:39:49 | Epoch  21/100 | Train Loss 0.2108 Acc 0.9990 | Val Loss 0.3278 Acc 0.9842 AUC 0.9997 Pre 0.9842 Rec 0.9840
2026-08-26 21:39:49 | Val AUC did not improve for 10 consecutive epochs, early stopping at Epoch 21 (best AUC 0.9997 @ Epoch 11)
2026-08-26 21:39:49 | Run 5/5 | Test (best model @ Epoch 11) | Loss 0.3691 Acc 0.9835 AUC 0.9997 Pre 0.9835 Rec 0.9833
2026-08-26 21:39:49 | Average over 5 runs | Test Loss 0.3394±0.0183 Acc 0.9845±0.0007 AUC 0.9997±0.0000 Pre 0.9844±0.0007 Rec 0.9844±0.0007
