2026-08-30 13:49:46 | Device: cuda
2026-08-30 13:49:46 | Args: {'model': 'fgibs', 'backbone': 'mlp', 'task': 'mnist', 'epochs': 100, 'batch_size': 512, 'lr': 0.001, 'hidden_dims': [512, 256], 'dropout': 0.2, 'z_dim': 256, 'anchor_scale': 1.0, 'anchor_geometry': 'qr', 'max_len': 250, 'random_labels': False, 'beta': 0.0001, 'patience': 10, 'runs': 5, 'seed': 0, 'data_dir': './data', 'save_path': 'output/mnist_mlp_fgibs/mnist_mlp_fgibs.pt', 'log_path': '/root/autodl-tmp/FGIB/tune_results_fgibs/mnist_mlp_fgibs_beta_0.0001_anchor_1/train.log', 'no_save': True, 'freeze_a': False, 'a_identity': False, 'cosine_classifier': False, 'log_variance_stats': False, 'subject_disjoint': False}
2026-08-30 13:49:46 | ===== Run 1/5 (seed 0) =====
2026-08-30 13:49:54 | Epoch   1/100 | Train Loss 0.4845 Acc 0.8600 | Val Loss 0.2217 Acc 0.9411 AUC 0.9972 Pre 0.9412 Rec 0.9401
2026-08-30 13:49:54 |   Val AUC improved to 0.9972, model saved
2026-08-30 13:49:58 | Epoch   2/100 | Train Loss 0.1905 Acc 0.9531 | Val Loss 0.1586 Acc 0.9584 AUC 0.9987 Pre 0.9580 Rec 0.9580
2026-08-30 13:49:58 |   Val AUC improved to 0.9987, model saved
2026-08-30 13:50:03 | Epoch   3/100 | Train Loss 0.1385 Acc 0.9673 | Val Loss 0.1283 Acc 0.9680 AUC 0.9990 Pre 0.9675 Rec 0.9677
2026-08-30 13:50:03 |   Val AUC improved to 0.9990, model saved
2026-08-30 13:50:07 | Epoch   4/100 | Train Loss 0.1088 Acc 0.9756 | Val Loss 0.1118 Acc 0.9710 AUC 0.9993 Pre 0.9709 Rec 0.9707
2026-08-30 13:50:07 |   Val AUC improved to 0.9993, model saved
2026-08-30 13:50:12 | Epoch   5/100 | Train Loss 0.0901 Acc 0.9796 | Val Loss 0.1021 Acc 0.9736 AUC 0.9994 Pre 0.9735 Rec 0.9734
2026-08-30 13:50:12 |   Val AUC improved to 0.9994, model saved
2026-08-30 13:50:16 | Epoch   6/100 | Train Loss 0.0767 Acc 0.9834 | Val Loss 0.1070 Acc 0.9724 AUC 0.9993 Pre 0.9723 Rec 0.9721
2026-08-30 13:50:20 | Epoch   7/100 | Train Loss 0.0703 Acc 0.9849 | Val Loss 0.0983 Acc 0.9733 AUC 0.9994 Pre 0.9735 Rec 0.9729
2026-08-30 13:50:20 |   Val AUC improved to 0.9994, model saved
2026-08-30 13:50:25 | Epoch   8/100 | Train Loss 0.0612 Acc 0.9878 | Val Loss 0.0969 Acc 0.9760 AUC 0.9995 Pre 0.9758 Rec 0.9758
2026-08-30 13:50:25 |   Val AUC improved to 0.9995, model saved
2026-08-30 13:50:29 | Epoch   9/100 | Train Loss 0.0573 Acc 0.9888 | Val Loss 0.0938 Acc 0.9776 AUC 0.9995 Pre 0.9775 Rec 0.9772
2026-08-30 13:50:29 |   Val AUC improved to 0.9995, model saved
2026-08-30 13:50:33 | Epoch  10/100 | Train Loss 0.0530 Acc 0.9896 | Val Loss 0.0900 Acc 0.9793 AUC 0.9995 Pre 0.9793 Rec 0.9791
2026-08-30 13:50:37 | Epoch  11/100 | Train Loss 0.0491 Acc 0.9906 | Val Loss 0.0887 Acc 0.9775 AUC 0.9995 Pre 0.9773 Rec 0.9772
2026-08-30 13:50:37 |   Val AUC improved to 0.9995, model saved
2026-08-30 13:50:41 | Epoch  12/100 | Train Loss 0.0425 Acc 0.9925 | Val Loss 0.0858 Acc 0.9797 AUC 0.9995 Pre 0.9795 Rec 0.9796
2026-08-30 13:50:45 | Epoch  13/100 | Train Loss 0.0427 Acc 0.9915 | Val Loss 0.0984 Acc 0.9776 AUC 0.9994 Pre 0.9777 Rec 0.9773
2026-08-30 13:50:50 | Epoch  14/100 | Train Loss 0.0394 Acc 0.9926 | Val Loss 0.0927 Acc 0.9782 AUC 0.9995 Pre 0.9783 Rec 0.9779
2026-08-30 13:50:54 | Epoch  15/100 | Train Loss 0.0388 Acc 0.9927 | Val Loss 0.0886 Acc 0.9789 AUC 0.9995 Pre 0.9790 Rec 0.9785
2026-08-30 13:50:58 | Epoch  16/100 | Train Loss 0.0371 Acc 0.9935 | Val Loss 0.0883 Acc 0.9794 AUC 0.9995 Pre 0.9793 Rec 0.9791
2026-08-30 13:51:02 | Epoch  17/100 | Train Loss 0.0368 Acc 0.9931 | Val Loss 0.0963 Acc 0.9771 AUC 0.9993 Pre 0.9767 Rec 0.9769
2026-08-30 13:51:06 | Epoch  18/100 | Train Loss 0.0317 Acc 0.9950 | Val Loss 0.0905 Acc 0.9783 AUC 0.9994 Pre 0.9781 Rec 0.9780
2026-08-30 13:51:10 | Epoch  19/100 | Train Loss 0.0314 Acc 0.9949 | Val Loss 0.0881 Acc 0.9786 AUC 0.9995 Pre 0.9784 Rec 0.9783
2026-08-30 13:51:15 | Epoch  20/100 | Train Loss 0.0315 Acc 0.9951 | Val Loss 0.0965 Acc 0.9793 AUC 0.9994 Pre 0.9792 Rec 0.9790
2026-08-30 13:51:19 | Epoch  21/100 | Train Loss 0.0330 Acc 0.9944 | Val Loss 0.0926 Acc 0.9784 AUC 0.9995 Pre 0.9784 Rec 0.9781
2026-08-30 13:51:19 | Val AUC did not improve for 10 consecutive epochs, early stopping at Epoch 21 (best AUC 0.9995 @ Epoch 11)
2026-08-30 13:51:19 | Run 1/5 | Test (best model @ Epoch 11) | Loss 0.0794 Acc 0.9808 AUC 0.9997 Pre 0.9806 Rec 0.9806
2026-08-30 13:51:19 | ===== Run 2/5 (seed 1) =====
2026-08-30 13:51:23 | Epoch   1/100 | Train Loss 0.4715 Acc 0.8635 | Val Loss 0.2193 Acc 0.9433 AUC 0.9973 Pre 0.9426 Rec 0.9428
2026-08-30 13:51:23 |   Val AUC improved to 0.9973, model saved
2026-08-30 13:51:27 | Epoch   2/100 | Train Loss 0.1912 Acc 0.9527 | Val Loss 0.1626 Acc 0.9596 AUC 0.9985 Pre 0.9596 Rec 0.9589
2026-08-30 13:51:27 |   Val AUC improved to 0.9985, model saved
2026-08-30 13:51:32 | Epoch   3/100 | Train Loss 0.1399 Acc 0.9669 | Val Loss 0.1277 Acc 0.9671 AUC 0.9990 Pre 0.9667 Rec 0.9670
2026-08-30 13:51:32 |   Val AUC improved to 0.9990, model saved
2026-08-30 13:51:36 | Epoch   4/100 | Train Loss 0.1119 Acc 0.9745 | Val Loss 0.1169 Acc 0.9702 AUC 0.9992 Pre 0.9702 Rec 0.9697
2026-08-30 13:51:36 |   Val AUC improved to 0.9992, model saved
2026-08-30 13:51:40 | Epoch   5/100 | Train Loss 0.0942 Acc 0.9788 | Val Loss 0.1038 Acc 0.9749 AUC 0.9992 Pre 0.9749 Rec 0.9745
2026-08-30 13:51:40 |   Val AUC improved to 0.9992, model saved
2026-08-30 13:51:44 | Epoch   6/100 | Train Loss 0.0819 Acc 0.9821 | Val Loss 0.1023 Acc 0.9741 AUC 0.9993 Pre 0.9741 Rec 0.9737
2026-08-30 13:51:44 |   Val AUC improved to 0.9993, model saved
2026-08-30 13:51:48 | Epoch   7/100 | Train Loss 0.0702 Acc 0.9850 | Val Loss 0.1043 Acc 0.9735 AUC 0.9994 Pre 0.9735 Rec 0.9732
2026-08-30 13:51:48 |   Val AUC improved to 0.9994, model saved
2026-08-30 13:51:52 | Epoch   8/100 | Train Loss 0.0638 Acc 0.9868 | Val Loss 0.0926 Acc 0.9773 AUC 0.9994 Pre 0.9772 Rec 0.9771
2026-08-30 13:51:56 | Epoch   9/100 | Train Loss 0.0548 Acc 0.9890 | Val Loss 0.0877 Acc 0.9785 AUC 0.9995 Pre 0.9785 Rec 0.9781
2026-08-30 13:51:56 |   Val AUC improved to 0.9995, model saved
2026-08-30 13:52:00 | Epoch  10/100 | Train Loss 0.0513 Acc 0.9904 | Val Loss 0.0929 Acc 0.9766 AUC 0.9995 Pre 0.9768 Rec 0.9761
2026-08-30 13:52:00 |   Val AUC improved to 0.9995, model saved
2026-08-30 13:52:04 | Epoch  11/100 | Train Loss 0.0481 Acc 0.9906 | Val Loss 0.0885 Acc 0.9790 AUC 0.9995 Pre 0.9788 Rec 0.9789
2026-08-30 13:52:09 | Epoch  12/100 | Train Loss 0.0461 Acc 0.9911 | Val Loss 0.0868 Acc 0.9790 AUC 0.9995 Pre 0.9791 Rec 0.9785
2026-08-30 13:52:13 | Epoch  13/100 | Train Loss 0.0412 Acc 0.9923 | Val Loss 0.0846 Acc 0.9808 AUC 0.9995 Pre 0.9807 Rec 0.9805
2026-08-30 13:52:17 | Epoch  14/100 | Train Loss 0.0376 Acc 0.9935 | Val Loss 0.0909 Acc 0.9791 AUC 0.9995 Pre 0.9789 Rec 0.9789
2026-08-30 13:52:17 |   Val AUC improved to 0.9995, model saved
2026-08-30 13:52:21 | Epoch  15/100 | Train Loss 0.0378 Acc 0.9937 | Val Loss 0.0947 Acc 0.9775 AUC 0.9994 Pre 0.9771 Rec 0.9774
2026-08-30 13:52:25 | Epoch  16/100 | Train Loss 0.0380 Acc 0.9930 | Val Loss 0.0877 Acc 0.9797 AUC 0.9995 Pre 0.9795 Rec 0.9795
2026-08-30 13:52:29 | Epoch  17/100 | Train Loss 0.0361 Acc 0.9938 | Val Loss 0.0934 Acc 0.9777 AUC 0.9994 Pre 0.9774 Rec 0.9777
2026-08-30 13:52:33 | Epoch  18/100 | Train Loss 0.0330 Acc 0.9944 | Val Loss 0.0892 Acc 0.9794 AUC 0.9995 Pre 0.9791 Rec 0.9792
2026-08-30 13:52:37 | Epoch  19/100 | Train Loss 0.0322 Acc 0.9944 | Val Loss 0.0841 Acc 0.9799 AUC 0.9996 Pre 0.9797 Rec 0.9798
2026-08-30 13:52:37 |   Val AUC improved to 0.9996, model saved
2026-08-30 13:52:41 | Epoch  20/100 | Train Loss 0.0320 Acc 0.9946 | Val Loss 0.0911 Acc 0.9796 AUC 0.9994 Pre 0.9794 Rec 0.9793
2026-08-30 13:52:45 | Epoch  21/100 | Train Loss 0.0320 Acc 0.9943 | Val Loss 0.0995 Acc 0.9786 AUC 0.9994 Pre 0.9785 Rec 0.9783
2026-08-30 13:52:49 | Epoch  22/100 | Train Loss 0.0322 Acc 0.9945 | Val Loss 0.0924 Acc 0.9797 AUC 0.9993 Pre 0.9795 Rec 0.9796
2026-08-30 13:52:54 | Epoch  23/100 | Train Loss 0.0299 Acc 0.9949 | Val Loss 0.0940 Acc 0.9796 AUC 0.9994 Pre 0.9795 Rec 0.9794
2026-08-30 13:52:58 | Epoch  24/100 | Train Loss 0.0279 Acc 0.9956 | Val Loss 0.0913 Acc 0.9808 AUC 0.9995 Pre 0.9806 Rec 0.9806
2026-08-30 13:53:02 | Epoch  25/100 | Train Loss 0.0275 Acc 0.9957 | Val Loss 0.0909 Acc 0.9791 AUC 0.9995 Pre 0.9790 Rec 0.9788
2026-08-30 13:53:06 | Epoch  26/100 | Train Loss 0.0265 Acc 0.9960 | Val Loss 0.0936 Acc 0.9789 AUC 0.9995 Pre 0.9787 Rec 0.9787
2026-08-30 13:53:10 | Epoch  27/100 | Train Loss 0.0261 Acc 0.9960 | Val Loss 0.1050 Acc 0.9788 AUC 0.9992 Pre 0.9788 Rec 0.9786
2026-08-30 13:53:14 | Epoch  28/100 | Train Loss 0.0254 Acc 0.9960 | Val Loss 0.0925 Acc 0.9801 AUC 0.9995 Pre 0.9799 Rec 0.9799
2026-08-30 13:53:18 | Epoch  29/100 | Train Loss 0.0252 Acc 0.9960 | Val Loss 0.0992 Acc 0.9800 AUC 0.9993 Pre 0.9798 Rec 0.9798
2026-08-30 13:53:18 | Val AUC did not improve for 10 consecutive epochs, early stopping at Epoch 29 (best AUC 0.9996 @ Epoch 19)
2026-08-30 13:53:19 | Run 2/5 | Test (best model @ Epoch 19) | Loss 0.0806 Acc 0.9810 AUC 0.9996 Pre 0.9809 Rec 0.9809
2026-08-30 13:53:19 | ===== Run 3/5 (seed 2) =====
2026-08-30 13:53:23 | Epoch   1/100 | Train Loss 0.4881 Acc 0.8593 | Val Loss 0.2221 Acc 0.9412 AUC 0.9973 Pre 0.9411 Rec 0.9405
2026-08-30 13:53:23 |   Val AUC improved to 0.9973, model saved
2026-08-30 13:53:27 | Epoch   2/100 | Train Loss 0.1915 Acc 0.9524 | Val Loss 0.1668 Acc 0.9557 AUC 0.9985 Pre 0.9558 Rec 0.9551
2026-08-30 13:53:27 |   Val AUC improved to 0.9985, model saved
2026-08-30 13:53:31 | Epoch   3/100 | Train Loss 0.1377 Acc 0.9680 | Val Loss 0.1239 Acc 0.9705 AUC 0.9992 Pre 0.9701 Rec 0.9703
2026-08-30 13:53:31 |   Val AUC improved to 0.9992, model saved
2026-08-30 13:53:36 | Epoch   4/100 | Train Loss 0.1104 Acc 0.9740 | Val Loss 0.1122 Acc 0.9717 AUC 0.9993 Pre 0.9713 Rec 0.9716
2026-08-30 13:53:36 |   Val AUC improved to 0.9993, model saved
2026-08-30 13:53:40 | Epoch   5/100 | Train Loss 0.0919 Acc 0.9799 | Val Loss 0.1000 Acc 0.9754 AUC 0.9994 Pre 0.9754 Rec 0.9751
2026-08-30 13:53:40 |   Val AUC improved to 0.9994, model saved
2026-08-30 13:53:44 | Epoch   6/100 | Train Loss 0.0788 Acc 0.9833 | Val Loss 0.1001 Acc 0.9740 AUC 0.9994 Pre 0.9736 Rec 0.9739
2026-08-30 13:53:44 |   Val AUC improved to 0.9994, model saved
2026-08-30 13:53:48 | Epoch   7/100 | Train Loss 0.0680 Acc 0.9853 | Val Loss 0.0983 Acc 0.9748 AUC 0.9995 Pre 0.9747 Rec 0.9746
2026-08-30 13:53:48 |   Val AUC improved to 0.9995, model saved
2026-08-30 13:53:53 | Epoch   8/100 | Train Loss 0.0599 Acc 0.9881 | Val Loss 0.0911 Acc 0.9766 AUC 0.9995 Pre 0.9764 Rec 0.9764
2026-08-30 13:53:53 |   Val AUC improved to 0.9995, model saved
2026-08-30 13:53:57 | Epoch   9/100 | Train Loss 0.0539 Acc 0.9894 | Val Loss 0.0927 Acc 0.9787 AUC 0.9994 Pre 0.9785 Rec 0.9785
2026-08-30 13:54:01 | Epoch  10/100 | Train Loss 0.0499 Acc 0.9901 | Val Loss 0.0901 Acc 0.9771 AUC 0.9995 Pre 0.9771 Rec 0.9768
2026-08-30 13:54:01 |   Val AUC improved to 0.9995, model saved
2026-08-30 13:54:05 | Epoch  11/100 | Train Loss 0.0465 Acc 0.9910 | Val Loss 0.0868 Acc 0.9783 AUC 0.9995 Pre 0.9782 Rec 0.9779
2026-08-30 13:54:05 |   Val AUC improved to 0.9995, model saved
2026-08-30 13:54:10 | Epoch  12/100 | Train Loss 0.0441 Acc 0.9917 | Val Loss 0.0899 Acc 0.9787 AUC 0.9994 Pre 0.9787 Rec 0.9785
2026-08-30 13:54:14 | Epoch  13/100 | Train Loss 0.0413 Acc 0.9927 | Val Loss 0.0873 Acc 0.9791 AUC 0.9994 Pre 0.9789 Rec 0.9789
2026-08-30 13:54:18 | Epoch  14/100 | Train Loss 0.0419 Acc 0.9917 | Val Loss 0.0924 Acc 0.9777 AUC 0.9995 Pre 0.9774 Rec 0.9776
2026-08-30 13:54:22 | Epoch  15/100 | Train Loss 0.0408 Acc 0.9926 | Val Loss 0.0882 Acc 0.9791 AUC 0.9995 Pre 0.9791 Rec 0.9789
2026-08-30 13:54:27 | Epoch  16/100 | Train Loss 0.0360 Acc 0.9938 | Val Loss 0.0824 Acc 0.9805 AUC 0.9995 Pre 0.9803 Rec 0.9804
2026-08-30 13:54:27 |   Val AUC improved to 0.9995, model saved
2026-08-30 13:54:31 | Epoch  17/100 | Train Loss 0.0315 Acc 0.9953 | Val Loss 0.0912 Acc 0.9791 AUC 0.9995 Pre 0.9789 Rec 0.9788
2026-08-30 13:54:35 | Epoch  18/100 | Train Loss 0.0322 Acc 0.9948 | Val Loss 0.0888 Acc 0.9788 AUC 0.9994 Pre 0.9786 Rec 0.9787
2026-08-30 13:54:39 | Epoch  19/100 | Train Loss 0.0323 Acc 0.9946 | Val Loss 0.0899 Acc 0.9779 AUC 0.9996 Pre 0.9778 Rec 0.9777
2026-08-30 13:54:39 |   Val AUC improved to 0.9996, model saved
2026-08-30 13:54:44 | Epoch  20/100 | Train Loss 0.0326 Acc 0.9944 | Val Loss 0.0973 Acc 0.9786 AUC 0.9994 Pre 0.9785 Rec 0.9784
2026-08-30 13:54:48 | Epoch  21/100 | Train Loss 0.0312 Acc 0.9950 | Val Loss 0.0841 Acc 0.9798 AUC 0.9995 Pre 0.9798 Rec 0.9795
2026-08-30 13:54:52 | Epoch  22/100 | Train Loss 0.0321 Acc 0.9946 | Val Loss 0.0875 Acc 0.9794 AUC 0.9995 Pre 0.9793 Rec 0.9792
2026-08-30 13:54:56 | Epoch  23/100 | Train Loss 0.0299 Acc 0.9952 | Val Loss 0.0894 Acc 0.9806 AUC 0.9995 Pre 0.9804 Rec 0.9804
2026-08-30 13:55:01 | Epoch  24/100 | Train Loss 0.0299 Acc 0.9950 | Val Loss 0.0859 Acc 0.9817 AUC 0.9995 Pre 0.9815 Rec 0.9816
2026-08-30 13:55:05 | Epoch  25/100 | Train Loss 0.0298 Acc 0.9950 | Val Loss 0.0988 Acc 0.9798 AUC 0.9994 Pre 0.9796 Rec 0.9797
2026-08-30 13:55:09 | Epoch  26/100 | Train Loss 0.0280 Acc 0.9957 | Val Loss 0.0929 Acc 0.9802 AUC 0.9995 Pre 0.9802 Rec 0.9800
2026-08-30 13:55:13 | Epoch  27/100 | Train Loss 0.0262 Acc 0.9959 | Val Loss 0.1007 Acc 0.9795 AUC 0.9994 Pre 0.9794 Rec 0.9793
2026-08-30 13:55:18 | Epoch  28/100 | Train Loss 0.0262 Acc 0.9959 | Val Loss 0.0945 Acc 0.9811 AUC 0.9994 Pre 0.9809 Rec 0.9810
2026-08-30 13:55:22 | Epoch  29/100 | Train Loss 0.0265 Acc 0.9959 | Val Loss 0.0935 Acc 0.9816 AUC 0.9993 Pre 0.9815 Rec 0.9815
2026-08-30 13:55:22 | Val AUC did not improve for 10 consecutive epochs, early stopping at Epoch 29 (best AUC 0.9996 @ Epoch 19)
2026-08-30 13:55:22 | Run 3/5 | Test (best model @ Epoch 19) | Loss 0.0748 Acc 0.9827 AUC 0.9997 Pre 0.9827 Rec 0.9826
2026-08-30 13:55:22 | ===== Run 4/5 (seed 3) =====
2026-08-30 13:55:27 | Epoch   1/100 | Train Loss 0.4867 Acc 0.8611 | Val Loss 0.2198 Acc 0.9429 AUC 0.9972 Pre 0.9427 Rec 0.9421
2026-08-30 13:55:27 |   Val AUC improved to 0.9972, model saved
2026-08-30 13:55:31 | Epoch   2/100 | Train Loss 0.1926 Acc 0.9525 | Val Loss 0.1540 Acc 0.9602 AUC 0.9987 Pre 0.9599 Rec 0.9599
2026-08-30 13:55:31 |   Val AUC improved to 0.9987, model saved
2026-08-30 13:55:35 | Epoch   3/100 | Train Loss 0.1392 Acc 0.9670 | Val Loss 0.1288 Acc 0.9669 AUC 0.9991 Pre 0.9667 Rec 0.9666
2026-08-30 13:55:35 |   Val AUC improved to 0.9991, model saved
2026-08-30 13:55:39 | Epoch   4/100 | Train Loss 0.1103 Acc 0.9744 | Val Loss 0.1225 Acc 0.9673 AUC 0.9992 Pre 0.9671 Rec 0.9670
2026-08-30 13:55:39 |   Val AUC improved to 0.9992, model saved
2026-08-30 13:55:43 | Epoch   5/100 | Train Loss 0.0921 Acc 0.9794 | Val Loss 0.1008 Acc 0.9740 AUC 0.9994 Pre 0.9738 Rec 0.9738
2026-08-30 13:55:43 |   Val AUC improved to 0.9994, model saved
2026-08-30 13:55:48 | Epoch   6/100 | Train Loss 0.0792 Acc 0.9828 | Val Loss 0.0984 Acc 0.9760 AUC 0.9994 Pre 0.9758 Rec 0.9758
2026-08-30 13:55:48 |   Val AUC improved to 0.9994, model saved
2026-08-30 13:55:52 | Epoch   7/100 | Train Loss 0.0714 Acc 0.9849 | Val Loss 0.0942 Acc 0.9762 AUC 0.9995 Pre 0.9762 Rec 0.9760
2026-08-30 13:55:52 |   Val AUC improved to 0.9995, model saved
2026-08-30 13:55:56 | Epoch   8/100 | Train Loss 0.0629 Acc 0.9874 | Val Loss 0.0989 Acc 0.9757 AUC 0.9994 Pre 0.9757 Rec 0.9754
2026-08-30 13:56:00 | Epoch   9/100 | Train Loss 0.0555 Acc 0.9892 | Val Loss 0.0861 Acc 0.9787 AUC 0.9995 Pre 0.9784 Rec 0.9785
2026-08-30 13:56:00 |   Val AUC improved to 0.9995, model saved
2026-08-30 13:56:05 | Epoch  10/100 | Train Loss 0.0531 Acc 0.9896 | Val Loss 0.0842 Acc 0.9789 AUC 0.9996 Pre 0.9787 Rec 0.9787
2026-08-30 13:56:05 |   Val AUC improved to 0.9996, model saved
2026-08-30 13:56:09 | Epoch  11/100 | Train Loss 0.0487 Acc 0.9905 | Val Loss 0.0933 Acc 0.9770 AUC 0.9995 Pre 0.9769 Rec 0.9768
2026-08-30 13:56:13 | Epoch  12/100 | Train Loss 0.0437 Acc 0.9923 | Val Loss 0.0912 Acc 0.9766 AUC 0.9996 Pre 0.9766 Rec 0.9763
2026-08-30 13:56:13 |   Val AUC improved to 0.9996, model saved
2026-08-30 13:56:17 | Epoch  13/100 | Train Loss 0.0389 Acc 0.9929 | Val Loss 0.0932 Acc 0.9785 AUC 0.9995 Pre 0.9784 Rec 0.9782
2026-08-30 13:56:21 | Epoch  14/100 | Train Loss 0.0390 Acc 0.9929 | Val Loss 0.0867 Acc 0.9796 AUC 0.9995 Pre 0.9796 Rec 0.9792
2026-08-30 13:56:26 | Epoch  15/100 | Train Loss 0.0366 Acc 0.9935 | Val Loss 0.0935 Acc 0.9788 AUC 0.9995 Pre 0.9788 Rec 0.9784
2026-08-30 13:56:30 | Epoch  16/100 | Train Loss 0.0360 Acc 0.9934 | Val Loss 0.0841 Acc 0.9803 AUC 0.9994 Pre 0.9802 Rec 0.9800
2026-08-30 13:56:34 | Epoch  17/100 | Train Loss 0.0345 Acc 0.9941 | Val Loss 0.0879 Acc 0.9801 AUC 0.9994 Pre 0.9800 Rec 0.9798
2026-08-30 13:56:39 | Epoch  18/100 | Train Loss 0.0351 Acc 0.9939 | Val Loss 0.0859 Acc 0.9811 AUC 0.9995 Pre 0.9810 Rec 0.9810
2026-08-30 13:56:43 | Epoch  19/100 | Train Loss 0.0328 Acc 0.9943 | Val Loss 0.0912 Acc 0.9804 AUC 0.9995 Pre 0.9802 Rec 0.9801
2026-08-30 13:56:47 | Epoch  20/100 | Train Loss 0.0324 Acc 0.9945 | Val Loss 0.0852 Acc 0.9807 AUC 0.9995 Pre 0.9807 Rec 0.9804
2026-08-30 13:56:51 | Epoch  21/100 | Train Loss 0.0309 Acc 0.9950 | Val Loss 0.0931 Acc 0.9794 AUC 0.9995 Pre 0.9795 Rec 0.9790
2026-08-30 13:56:56 | Epoch  22/100 | Train Loss 0.0324 Acc 0.9941 | Val Loss 0.0901 Acc 0.9796 AUC 0.9995 Pre 0.9795 Rec 0.9793
2026-08-30 13:56:56 | Val AUC did not improve for 10 consecutive epochs, early stopping at Epoch 22 (best AUC 0.9996 @ Epoch 12)
2026-08-30 13:56:56 | Run 4/5 | Test (best model @ Epoch 12) | Loss 0.0816 Acc 0.9817 AUC 0.9997 Pre 0.9817 Rec 0.9815
2026-08-30 13:56:56 | ===== Run 5/5 (seed 4) =====
2026-08-30 13:57:01 | Epoch   1/100 | Train Loss 0.4888 Acc 0.8600 | Val Loss 0.2225 Acc 0.9437 AUC 0.9971 Pre 0.9435 Rec 0.9428
2026-08-30 13:57:01 |   Val AUC improved to 0.9971, model saved
2026-08-30 13:57:05 | Epoch   2/100 | Train Loss 0.1924 Acc 0.9525 | Val Loss 0.1570 Acc 0.9599 AUC 0.9986 Pre 0.9600 Rec 0.9596
2026-08-30 13:57:05 |   Val AUC improved to 0.9986, model saved
2026-08-30 13:57:09 | Epoch   3/100 | Train Loss 0.1392 Acc 0.9680 | Val Loss 0.1294 Acc 0.9672 AUC 0.9991 Pre 0.9673 Rec 0.9669
2026-08-30 13:57:09 |   Val AUC improved to 0.9991, model saved
2026-08-30 13:57:14 | Epoch   4/100 | Train Loss 0.1096 Acc 0.9748 | Val Loss 0.1204 Acc 0.9692 AUC 0.9992 Pre 0.9690 Rec 0.9690
2026-08-30 13:57:14 |   Val AUC improved to 0.9992, model saved
2026-08-30 13:57:18 | Epoch   5/100 | Train Loss 0.0947 Acc 0.9789 | Val Loss 0.1022 Acc 0.9751 AUC 0.9994 Pre 0.9749 Rec 0.9748
2026-08-30 13:57:18 |   Val AUC improved to 0.9994, model saved
2026-08-30 13:57:22 | Epoch   6/100 | Train Loss 0.0790 Acc 0.9827 | Val Loss 0.0979 Acc 0.9746 AUC 0.9994 Pre 0.9743 Rec 0.9745
2026-08-30 13:57:22 |   Val AUC improved to 0.9994, model saved
2026-08-30 13:57:26 | Epoch   7/100 | Train Loss 0.0701 Acc 0.9852 | Val Loss 0.0943 Acc 0.9762 AUC 0.9994 Pre 0.9758 Rec 0.9761
2026-08-30 13:57:26 |   Val AUC improved to 0.9994, model saved
2026-08-30 13:57:30 | Epoch   8/100 | Train Loss 0.0600 Acc 0.9878 | Val Loss 0.0903 Acc 0.9787 AUC 0.9995 Pre 0.9784 Rec 0.9786
2026-08-30 13:57:30 |   Val AUC improved to 0.9995, model saved
2026-08-30 13:57:35 | Epoch   9/100 | Train Loss 0.0569 Acc 0.9882 | Val Loss 0.0907 Acc 0.9784 AUC 0.9994 Pre 0.9784 Rec 0.9780
2026-08-30 13:57:39 | Epoch  10/100 | Train Loss 0.0523 Acc 0.9902 | Val Loss 0.0846 Acc 0.9786 AUC 0.9995 Pre 0.9786 Rec 0.9782
2026-08-30 13:57:39 |   Val AUC improved to 0.9995, model saved
2026-08-30 13:57:44 | Epoch  11/100 | Train Loss 0.0490 Acc 0.9901 | Val Loss 0.0848 Acc 0.9790 AUC 0.9995 Pre 0.9789 Rec 0.9787
2026-08-30 13:57:48 | Epoch  12/100 | Train Loss 0.0432 Acc 0.9923 | Val Loss 0.0841 Acc 0.9787 AUC 0.9995 Pre 0.9784 Rec 0.9786
2026-08-30 13:57:52 | Epoch  13/100 | Train Loss 0.0405 Acc 0.9926 | Val Loss 0.0904 Acc 0.9791 AUC 0.9995 Pre 0.9790 Rec 0.9788
2026-08-30 13:57:56 | Epoch  14/100 | Train Loss 0.0375 Acc 0.9936 | Val Loss 0.0966 Acc 0.9761 AUC 0.9994 Pre 0.9762 Rec 0.9757
2026-08-30 13:58:01 | Epoch  15/100 | Train Loss 0.0386 Acc 0.9931 | Val Loss 0.0882 Acc 0.9792 AUC 0.9994 Pre 0.9791 Rec 0.9789
2026-08-30 13:58:05 | Epoch  16/100 | Train Loss 0.0364 Acc 0.9937 | Val Loss 0.0850 Acc 0.9783 AUC 0.9995 Pre 0.9782 Rec 0.9781
2026-08-30 13:58:09 | Epoch  17/100 | Train Loss 0.0342 Acc 0.9942 | Val Loss 0.0897 Acc 0.9797 AUC 0.9994 Pre 0.9795 Rec 0.9796
2026-08-30 13:58:14 | Epoch  18/100 | Train Loss 0.0351 Acc 0.9934 | Val Loss 0.0948 Acc 0.9784 AUC 0.9994 Pre 0.9785 Rec 0.9782
2026-08-30 13:58:18 | Epoch  19/100 | Train Loss 0.0341 Acc 0.9941 | Val Loss 0.0900 Acc 0.9779 AUC 0.9995 Pre 0.9777 Rec 0.9777
2026-08-30 13:58:22 | Epoch  20/100 | Train Loss 0.0335 Acc 0.9936 | Val Loss 0.0972 Acc 0.9779 AUC 0.9995 Pre 0.9778 Rec 0.9776
2026-08-30 13:58:22 | Val AUC did not improve for 10 consecutive epochs, early stopping at Epoch 20 (best AUC 0.9995 @ Epoch 10)
2026-08-30 13:58:23 | Run 5/5 | Test (best model @ Epoch 10) | Loss 0.0812 Acc 0.9795 AUC 0.9997 Pre 0.9796 Rec 0.9792
2026-08-30 13:58:23 | Average over 5 runs | Test Loss 0.0795±0.0027 Acc 0.9811±0.0012 AUC 0.9997±0.0000 Pre 0.9811±0.0011 Rec 0.9810±0.0013
