/root/miniconda3/bin/python /root/autodl-tmp/FGIB/train.py --backbone rnn --task stsb --model svib --beta 0.001 --no-save --log-path /root/autodl-tmp/FGIB/tune_results/stsb_rnn_svib_beta_0.001/train.log


2026-08-27 14:59:28 | Device: cuda
2026-08-27 14:59:28 | Args: {'model': 'svib', 'backbone': 'rnn', 'task': 'stsb', 'epochs': 100, 'batch_size': 512, 'lr': 0.001, 'hidden_dims': [512, 256], 'dropout': 0.2, 'z_dim': 256, 'anchor_scale': 4.0, 'max_len': 250, 'random_labels': False, 'beta': 0.001, 'patience': 10, 'runs': 5, 'seed': 0, 'data_dir': './data', 'save_path': 'output/stsb_rnn_svib/stsb_rnn_svib.pt', 'log_path': '/root/autodl-tmp/FGIB/tune_results/stsb_rnn_svib_beta_0.001/train.log', 'no_save': True}
2026-08-27 14:59:28 | STS-B 预处理缓存：mmap 共享 ./data/stsb/stsb_processed_maxlen250
2026-08-27 14:59:28 | ===== Run 1/5 (seed 0) =====
2026-08-27 14:59:46 | Epoch   1/100 | Train Loss 0.4289 | Val Loss 0.1138 MAE 1.4427 R2 -0.3185
2026-08-27 14:59:47 |   Val R2 improved to -0.3185, model saved
2026-08-27 15:00:01 | Epoch   2/100 | Train Loss 0.2817 | Val Loss 0.1017 MAE 1.2431 R2 -0.0671
2026-08-27 15:00:02 |   Val R2 improved to -0.0671, model saved
2026-08-27 15:00:17 | Epoch   3/100 | Train Loss 0.2286 | Val Loss 0.1079 MAE 1.3231 R2 -0.1141
2026-08-27 15:00:32 | Epoch   4/100 | Train Loss 0.1874 | Val Loss 0.1086 MAE 1.2989 R2 -0.0799
Traceback (most recent call last):
  File "/root/autodl-tmp/FGIB/train.py", line 832, in <module>
    main()
  File "/root/autodl-tmp/FGIB/train.py", line 722, in main
    val_loss, val_mae, val_r2 = evaluate(
                                ^^^^^^^^^
  File "/root/miniconda3/lib/python3.12/site-packages/torch/utils/_contextlib.py", line 120, in decorate_context
    return func(*args, **kwargs)
           ^^^^^^^^^^^^^^^^^^^^^
  File "/root/autodl-tmp/FGIB/train.py", line 154, in evaluate
    for images, labels in loader:
  File "/root/miniconda3/lib/python3.12/site-packages/torch/utils/data/dataloader.py", line 732, in __next__
    data = self._next_data()
           ^^^^^^^^^^^^^^^^^
  File "/root/miniconda3/lib/python3.12/site-packages/torch/utils/data/dataloader.py", line 788, in _next_data
    data = self._dataset_fetcher.fetch(index)  # may raise StopIteration
           ^^^^^^^^^^^^^^^^^^^^^^^^^^^^^^^^^^
  File "/root/miniconda3/lib/python3.12/site-packages/torch/utils/data/_utils/fetch.py", line 55, in fetch
    return self.collate_fn(data)
           ^^^^^^^^^^^^^^^^^^^^^
  File "/root/autodl-tmp/FGIB/datasets/stsb.py", line 164, in collate_stsb
    tokens = tokens[:, : (tokens != PAD_IDX).sum(1).max()]
                         ^^^^^^^^^^^^^^^^^^^^^^^^^^
KeyboardInterrupt
