2026-09-05 00:06:35 | Device: cuda
2026-09-05 00:06:35 | Args: {'model': 'opb', 'backbone': 'mlp', 'task': 'mnist', 'epochs': 100, 'batch_size': 512, 'lr': 0.001, 'hidden_dims': [512, 256], 'dropout': 0.2, 'z_dim': 256, 'anchor_scale': 6.0, 'energy_classifier': True, 'tied_head': False, 'max_len': 250, 'random_labels': False, 'beta': 0.5, 'patience': 10, 'runs': 5, 'seed': 0, 'data_dir': './data', 'save_path': 'output/adv_mnist/mnist_mlp_opb_beta_0.5_anchor_6/mnist_mlp_opb_beta_0.5_anchor_6.pt', 'log_path': '/root/autodl-tmp/IB/output/adv_mnist/mnist_mlp_opb_beta_0.5_anchor_6/train.log', 'no_save': False}
2026-09-05 00:06:35 | ===== Run 1/5 (seed 0) =====
2026-09-05 00:06:41 | Epoch   1/100 | Train Loss 5.3286 Acc 0.7974 | Val Loss 1.5795 Acc 0.9510 AUC 0.9974 Pre 0.9506 Rec 0.9507
2026-09-05 00:06:41 |   Val AUC improved to 0.9974, model saved
2026-09-05 00:06:45 | Epoch   2/100 | Train Loss 1.7240 Acc 0.9380 | Val Loss 0.9959 Acc 0.9669 AUC 0.9988 Pre 0.9668 Rec 0.9665
2026-09-05 00:06:45 |   Val AUC improved to 0.9988, model saved
2026-09-05 00:06:49 | Epoch   3/100 | Train Loss 1.1850 Acc 0.9553 | Val Loss 0.8033 Acc 0.9724 AUC 0.9991 Pre 0.9723 Rec 0.9722
2026-09-05 00:06:49 |   Val AUC improved to 0.9991, model saved
2026-09-05 00:06:54 | Epoch   4/100 | Train Loss 0.9399 Acc 0.9639 | Val Loss 0.6875 Acc 0.9764 AUC 0.9992 Pre 0.9762 Rec 0.9762
2026-09-05 00:06:54 |   Val AUC improved to 0.9992, model saved
2026-09-05 00:06:58 | Epoch   5/100 | Train Loss 0.7846 Acc 0.9686 | Val Loss 0.6127 Acc 0.9791 AUC 0.9993 Pre 0.9789 Rec 0.9790
2026-09-05 00:06:58 |   Val AUC improved to 0.9993, model saved
2026-09-05 00:07:03 | Epoch   6/100 | Train Loss 0.6828 Acc 0.9713 | Val Loss 0.5465 Acc 0.9798 AUC 0.9993 Pre 0.9797 Rec 0.9796
2026-09-05 00:07:07 | Epoch   7/100 | Train Loss 0.6135 Acc 0.9740 | Val Loss 0.5175 Acc 0.9810 AUC 0.9994 Pre 0.9809 Rec 0.9807
2026-09-05 00:07:07 |   Val AUC improved to 0.9994, model saved
2026-09-05 00:07:12 | Epoch   8/100 | Train Loss 0.5661 Acc 0.9749 | Val Loss 0.4880 Acc 0.9794 AUC 0.9994 Pre 0.9794 Rec 0.9791
2026-09-05 00:07:12 |   Val AUC improved to 0.9994, model saved
2026-09-05 00:07:16 | Epoch   9/100 | Train Loss 0.5024 Acc 0.9775 | Val Loss 0.4343 Acc 0.9827 AUC 0.9995 Pre 0.9826 Rec 0.9824
2026-09-05 00:07:16 |   Val AUC improved to 0.9995, model saved
2026-09-05 00:07:21 | Epoch  10/100 | Train Loss 0.4577 Acc 0.9788 | Val Loss 0.4186 Acc 0.9826 AUC 0.9996 Pre 0.9825 Rec 0.9825
2026-09-05 00:07:21 |   Val AUC improved to 0.9996, model saved
2026-09-05 00:07:25 | Epoch  11/100 | Train Loss 0.4336 Acc 0.9791 | Val Loss 0.4114 Acc 0.9831 AUC 0.9995 Pre 0.9829 Rec 0.9829
2026-09-05 00:07:29 | Epoch  12/100 | Train Loss 0.3883 Acc 0.9821 | Val Loss 0.3840 Acc 0.9823 AUC 0.9995 Pre 0.9822 Rec 0.9822
2026-09-05 00:07:34 | Epoch  13/100 | Train Loss 0.3691 Acc 0.9813 | Val Loss 0.3748 Acc 0.9814 AUC 0.9996 Pre 0.9814 Rec 0.9811
2026-09-05 00:07:38 | Epoch  14/100 | Train Loss 0.3530 Acc 0.9820 | Val Loss 0.3552 Acc 0.9827 AUC 0.9996 Pre 0.9826 Rec 0.9825
2026-09-05 00:07:38 |   Val AUC improved to 0.9996, model saved
2026-09-05 00:07:43 | Epoch  15/100 | Train Loss 0.3272 Acc 0.9833 | Val Loss 0.3540 Acc 0.9817 AUC 0.9996 Pre 0.9815 Rec 0.9815
2026-09-05 00:07:47 | Epoch  16/100 | Train Loss 0.3159 Acc 0.9832 | Val Loss 0.3476 Acc 0.9831 AUC 0.9996 Pre 0.9831 Rec 0.9829
2026-09-05 00:07:52 | Epoch  17/100 | Train Loss 0.3070 Acc 0.9831 | Val Loss 0.3371 Acc 0.9834 AUC 0.9997 Pre 0.9832 Rec 0.9832
2026-09-05 00:07:52 |   Val AUC improved to 0.9997, model saved
2026-09-05 00:07:56 | Epoch  18/100 | Train Loss 0.2918 Acc 0.9841 | Val Loss 0.3179 Acc 0.9844 AUC 0.9996 Pre 0.9844 Rec 0.9842
2026-09-05 00:08:01 | Epoch  19/100 | Train Loss 0.2839 Acc 0.9832 | Val Loss 0.3230 Acc 0.9831 AUC 0.9996 Pre 0.9830 Rec 0.9829
2026-09-05 00:08:05 | Epoch  20/100 | Train Loss 0.2714 Acc 0.9841 | Val Loss 0.3125 Acc 0.9837 AUC 0.9996 Pre 0.9837 Rec 0.9834
2026-09-05 00:08:10 | Epoch  21/100 | Train Loss 0.2635 Acc 0.9846 | Val Loss 0.3164 Acc 0.9820 AUC 0.9996 Pre 0.9819 Rec 0.9817
2026-09-05 00:08:14 | Epoch  22/100 | Train Loss 0.2608 Acc 0.9840 | Val Loss 0.3100 Acc 0.9828 AUC 0.9996 Pre 0.9827 Rec 0.9826
2026-09-05 00:08:19 | Epoch  23/100 | Train Loss 0.2569 Acc 0.9842 | Val Loss 0.2888 Acc 0.9840 AUC 0.9997 Pre 0.9840 Rec 0.9838
2026-09-05 00:08:19 |   Val AUC improved to 0.9997, model saved
2026-09-05 00:08:23 | Epoch  24/100 | Train Loss 0.2434 Acc 0.9855 | Val Loss 0.3129 Acc 0.9828 AUC 0.9996 Pre 0.9828 Rec 0.9826
2026-09-05 00:08:27 | Epoch  25/100 | Train Loss 0.2402 Acc 0.9845 | Val Loss 0.2938 Acc 0.9835 AUC 0.9997 Pre 0.9835 Rec 0.9833
2026-09-05 00:08:32 | Epoch  26/100 | Train Loss 0.2373 Acc 0.9846 | Val Loss 0.2932 Acc 0.9828 AUC 0.9996 Pre 0.9827 Rec 0.9825
2026-09-05 00:08:36 | Epoch  27/100 | Train Loss 0.2353 Acc 0.9843 | Val Loss 0.2912 Acc 0.9827 AUC 0.9997 Pre 0.9825 Rec 0.9826
2026-09-05 00:08:41 | Epoch  28/100 | Train Loss 0.2328 Acc 0.9837 | Val Loss 0.3180 Acc 0.9819 AUC 0.9995 Pre 0.9817 Rec 0.9818
2026-09-05 00:08:45 | Epoch  29/100 | Train Loss 0.2237 Acc 0.9853 | Val Loss 0.3003 Acc 0.9809 AUC 0.9996 Pre 0.9807 Rec 0.9806
2026-09-05 00:08:49 | Epoch  30/100 | Train Loss 0.2218 Acc 0.9849 | Val Loss 0.3166 Acc 0.9817 AUC 0.9996 Pre 0.9817 Rec 0.9814
2026-09-05 00:08:54 | Epoch  31/100 | Train Loss 0.2172 Acc 0.9850 | Val Loss 0.2915 Acc 0.9822 AUC 0.9996 Pre 0.9820 Rec 0.9821
2026-09-05 00:08:58 | Epoch  32/100 | Train Loss 0.2157 Acc 0.9845 | Val Loss 0.2971 Acc 0.9822 AUC 0.9996 Pre 0.9820 Rec 0.9821
2026-09-05 00:09:02 | Epoch  33/100 | Train Loss 0.2210 Acc 0.9848 | Val Loss 0.3001 Acc 0.9814 AUC 0.9996 Pre 0.9813 Rec 0.9812
2026-09-05 00:09:02 | Val AUC did not improve for 10 consecutive epochs, early stopping at Epoch 33 (best AUC 0.9997 @ Epoch 23)
2026-09-05 00:09:03 | Run 1/5 | Test (best model @ Epoch 23) | Loss 0.2891 Acc 0.9841 AUC 0.9996 Pre 0.9840 Rec 0.9840
2026-09-05 00:09:03 | ===== Run 2/5 (seed 1) =====
2026-09-05 00:09:07 | Epoch   1/100 | Train Loss 5.2084 Acc 0.8024 | Val Loss 1.5986 Acc 0.9509 AUC 0.9972 Pre 0.9508 Rec 0.9507
2026-09-05 00:09:07 |   Val AUC improved to 0.9972, model saved
2026-09-05 00:09:12 | Epoch   2/100 | Train Loss 1.7409 Acc 0.9374 | Val Loss 0.9910 Acc 0.9672 AUC 0.9987 Pre 0.9670 Rec 0.9669
2026-09-05 00:09:12 |   Val AUC improved to 0.9987, model saved
2026-09-05 00:09:16 | Epoch   3/100 | Train Loss 1.1884 Acc 0.9554 | Val Loss 0.8111 Acc 0.9734 AUC 0.9990 Pre 0.9733 Rec 0.9733
2026-09-05 00:09:16 |   Val AUC improved to 0.9990, model saved
2026-09-05 00:09:21 | Epoch   4/100 | Train Loss 0.9518 Acc 0.9632 | Val Loss 0.7066 Acc 0.9753 AUC 0.9991 Pre 0.9752 Rec 0.9751
2026-09-05 00:09:21 |   Val AUC improved to 0.9991, model saved
2026-09-05 00:09:25 | Epoch   5/100 | Train Loss 0.8076 Acc 0.9679 | Val Loss 0.6056 Acc 0.9776 AUC 0.9994 Pre 0.9775 Rec 0.9773
2026-09-05 00:09:25 |   Val AUC improved to 0.9994, model saved
2026-09-05 00:09:30 | Epoch   6/100 | Train Loss 0.6789 Acc 0.9718 | Val Loss 0.5366 Acc 0.9797 AUC 0.9995 Pre 0.9796 Rec 0.9795
2026-09-05 00:09:30 |   Val AUC improved to 0.9995, model saved
2026-09-05 00:09:34 | Epoch   7/100 | Train Loss 0.6150 Acc 0.9735 | Val Loss 0.4929 Acc 0.9792 AUC 0.9996 Pre 0.9792 Rec 0.9789
2026-09-05 00:09:34 |   Val AUC improved to 0.9996, model saved
2026-09-05 00:09:38 | Epoch   8/100 | Train Loss 0.5449 Acc 0.9763 | Val Loss 0.4632 Acc 0.9826 AUC 0.9996 Pre 0.9826 Rec 0.9824
2026-09-05 00:09:42 | Epoch   9/100 | Train Loss 0.4969 Acc 0.9778 | Val Loss 0.4432 Acc 0.9813 AUC 0.9997 Pre 0.9813 Rec 0.9810
2026-09-05 00:09:42 |   Val AUC improved to 0.9997, model saved
2026-09-05 00:09:47 | Epoch  10/100 | Train Loss 0.4511 Acc 0.9802 | Val Loss 0.4016 Acc 0.9832 AUC 0.9996 Pre 0.9831 Rec 0.9830
2026-09-05 00:09:51 | Epoch  11/100 | Train Loss 0.4242 Acc 0.9803 | Val Loss 0.3903 Acc 0.9824 AUC 0.9996 Pre 0.9825 Rec 0.9822
2026-09-05 00:09:56 | Epoch  12/100 | Train Loss 0.3862 Acc 0.9820 | Val Loss 0.3895 Acc 0.9824 AUC 0.9996 Pre 0.9824 Rec 0.9821
2026-09-05 00:10:00 | Epoch  13/100 | Train Loss 0.3705 Acc 0.9815 | Val Loss 0.3507 Acc 0.9834 AUC 0.9997 Pre 0.9832 Rec 0.9832
2026-09-05 00:10:00 |   Val AUC improved to 0.9997, model saved
2026-09-05 00:10:05 | Epoch  14/100 | Train Loss 0.3474 Acc 0.9821 | Val Loss 0.3486 Acc 0.9829 AUC 0.9996 Pre 0.9829 Rec 0.9827
2026-09-05 00:10:09 | Epoch  15/100 | Train Loss 0.3396 Acc 0.9821 | Val Loss 0.3404 Acc 0.9840 AUC 0.9996 Pre 0.9839 Rec 0.9838
2026-09-05 00:10:13 | Epoch  16/100 | Train Loss 0.3150 Acc 0.9832 | Val Loss 0.3431 Acc 0.9831 AUC 0.9996 Pre 0.9830 Rec 0.9829
2026-09-05 00:10:18 | Epoch  17/100 | Train Loss 0.3111 Acc 0.9832 | Val Loss 0.3184 Acc 0.9840 AUC 0.9996 Pre 0.9839 Rec 0.9838
2026-09-05 00:10:22 | Epoch  18/100 | Train Loss 0.2859 Acc 0.9839 | Val Loss 0.3124 Acc 0.9831 AUC 0.9996 Pre 0.9831 Rec 0.9828
2026-09-05 00:10:27 | Epoch  19/100 | Train Loss 0.2911 Acc 0.9826 | Val Loss 0.3177 Acc 0.9838 AUC 0.9996 Pre 0.9836 Rec 0.9837
2026-09-05 00:10:31 | Epoch  20/100 | Train Loss 0.2748 Acc 0.9839 | Val Loss 0.2998 Acc 0.9831 AUC 0.9997 Pre 0.9830 Rec 0.9829
2026-09-05 00:10:31 |   Val AUC improved to 0.9997, model saved
2026-09-05 00:10:35 | Epoch  21/100 | Train Loss 0.2607 Acc 0.9837 | Val Loss 0.3011 Acc 0.9839 AUC 0.9996 Pre 0.9837 Rec 0.9838
2026-09-05 00:10:40 | Epoch  22/100 | Train Loss 0.2569 Acc 0.9838 | Val Loss 0.2924 Acc 0.9835 AUC 0.9997 Pre 0.9834 Rec 0.9833
2026-09-05 00:10:44 | Epoch  23/100 | Train Loss 0.2497 Acc 0.9842 | Val Loss 0.2927 Acc 0.9831 AUC 0.9996 Pre 0.9830 Rec 0.9829
2026-09-05 00:10:48 | Epoch  24/100 | Train Loss 0.2453 Acc 0.9840 | Val Loss 0.2908 Acc 0.9845 AUC 0.9996 Pre 0.9843 Rec 0.9843
2026-09-05 00:10:53 | Epoch  25/100 | Train Loss 0.2367 Acc 0.9848 | Val Loss 0.3011 Acc 0.9842 AUC 0.9996 Pre 0.9841 Rec 0.9840
2026-09-05 00:10:57 | Epoch  26/100 | Train Loss 0.2391 Acc 0.9842 | Val Loss 0.2967 Acc 0.9834 AUC 0.9996 Pre 0.9833 Rec 0.9832
2026-09-05 00:11:02 | Epoch  27/100 | Train Loss 0.2295 Acc 0.9852 | Val Loss 0.2764 Acc 0.9843 AUC 0.9996 Pre 0.9842 Rec 0.9841
2026-09-05 00:11:06 | Epoch  28/100 | Train Loss 0.2212 Acc 0.9852 | Val Loss 0.2839 Acc 0.9840 AUC 0.9996 Pre 0.9838 Rec 0.9838
2026-09-05 00:11:10 | Epoch  29/100 | Train Loss 0.2268 Acc 0.9841 | Val Loss 0.2863 Acc 0.9842 AUC 0.9995 Pre 0.9841 Rec 0.9840
2026-09-05 00:11:14 | Epoch  30/100 | Train Loss 0.2264 Acc 0.9843 | Val Loss 0.2876 Acc 0.9835 AUC 0.9995 Pre 0.9834 Rec 0.9833
2026-09-05 00:11:14 | Val AUC did not improve for 10 consecutive epochs, early stopping at Epoch 30 (best AUC 0.9997 @ Epoch 20)
2026-09-05 00:11:15 | Run 2/5 | Test (best model @ Epoch 20) | Loss 0.2949 Acc 0.9848 AUC 0.9997 Pre 0.9848 Rec 0.9846
2026-09-05 00:11:15 | ===== Run 3/5 (seed 2) =====
2026-09-05 00:11:19 | Epoch   1/100 | Train Loss 5.2353 Acc 0.8015 | Val Loss 1.5229 Acc 0.9531 AUC 0.9974 Pre 0.9531 Rec 0.9525
2026-09-05 00:11:19 |   Val AUC improved to 0.9974, model saved
2026-09-05 00:11:24 | Epoch   2/100 | Train Loss 1.7090 Acc 0.9381 | Val Loss 1.0163 Acc 0.9679 AUC 0.9987 Pre 0.9679 Rec 0.9677
2026-09-05 00:11:24 |   Val AUC improved to 0.9987, model saved
2026-09-05 00:11:28 | Epoch   3/100 | Train Loss 1.1806 Acc 0.9564 | Val Loss 0.7890 Acc 0.9721 AUC 0.9991 Pre 0.9718 Rec 0.9720
2026-09-05 00:11:28 |   Val AUC improved to 0.9991, model saved
2026-09-05 00:11:32 | Epoch   4/100 | Train Loss 0.9379 Acc 0.9636 | Val Loss 0.6976 Acc 0.9744 AUC 0.9992 Pre 0.9742 Rec 0.9741
2026-09-05 00:11:32 |   Val AUC improved to 0.9992, model saved
2026-09-05 00:11:37 | Epoch   5/100 | Train Loss 0.7918 Acc 0.9693 | Val Loss 0.6001 Acc 0.9779 AUC 0.9993 Pre 0.9777 Rec 0.9777
2026-09-05 00:11:37 |   Val AUC improved to 0.9993, model saved
2026-09-05 00:11:41 | Epoch   6/100 | Train Loss 0.6795 Acc 0.9728 | Val Loss 0.5378 Acc 0.9805 AUC 0.9994 Pre 0.9802 Rec 0.9804
2026-09-05 00:11:41 |   Val AUC improved to 0.9994, model saved
2026-09-05 00:11:45 | Epoch   7/100 | Train Loss 0.6129 Acc 0.9745 | Val Loss 0.5194 Acc 0.9804 AUC 0.9994 Pre 0.9804 Rec 0.9803
2026-09-05 00:11:50 | Epoch   8/100 | Train Loss 0.5432 Acc 0.9774 | Val Loss 0.4457 Acc 0.9817 AUC 0.9996 Pre 0.9816 Rec 0.9816
2026-09-05 00:11:50 |   Val AUC improved to 0.9996, model saved
2026-09-05 00:11:54 | Epoch   9/100 | Train Loss 0.5035 Acc 0.9769 | Val Loss 0.4330 Acc 0.9812 AUC 0.9996 Pre 0.9810 Rec 0.9811
2026-09-05 00:11:58 | Epoch  10/100 | Train Loss 0.4545 Acc 0.9788 | Val Loss 0.4176 Acc 0.9822 AUC 0.9996 Pre 0.9822 Rec 0.9819
2026-09-05 00:11:58 |   Val AUC improved to 0.9996, model saved
2026-09-05 00:12:03 | Epoch  11/100 | Train Loss 0.4218 Acc 0.9802 | Val Loss 0.4139 Acc 0.9820 AUC 0.9995 Pre 0.9818 Rec 0.9818
2026-09-05 00:12:07 | Epoch  12/100 | Train Loss 0.3931 Acc 0.9807 | Val Loss 0.3985 Acc 0.9819 AUC 0.9995 Pre 0.9819 Rec 0.9816
2026-09-05 00:12:12 | Epoch  13/100 | Train Loss 0.3727 Acc 0.9811 | Val Loss 0.3714 Acc 0.9831 AUC 0.9996 Pre 0.9830 Rec 0.9829
2026-09-05 00:12:12 |   Val AUC improved to 0.9996, model saved
2026-09-05 00:12:16 | Epoch  14/100 | Train Loss 0.3465 Acc 0.9830 | Val Loss 0.3653 Acc 0.9822 AUC 0.9996 Pre 0.9822 Rec 0.9820
2026-09-05 00:12:21 | Epoch  15/100 | Train Loss 0.3415 Acc 0.9816 | Val Loss 0.3595 Acc 0.9814 AUC 0.9996 Pre 0.9812 Rec 0.9812
2026-09-05 00:12:25 | Epoch  16/100 | Train Loss 0.3187 Acc 0.9827 | Val Loss 0.3436 Acc 0.9835 AUC 0.9996 Pre 0.9834 Rec 0.9833
2026-09-05 00:12:29 | Epoch  17/100 | Train Loss 0.3148 Acc 0.9817 | Val Loss 0.3376 Acc 0.9830 AUC 0.9996 Pre 0.9830 Rec 0.9827
2026-09-05 00:12:34 | Epoch  18/100 | Train Loss 0.2958 Acc 0.9825 | Val Loss 0.3277 Acc 0.9837 AUC 0.9995 Pre 0.9836 Rec 0.9836
2026-09-05 00:12:38 | Epoch  19/100 | Train Loss 0.2926 Acc 0.9826 | Val Loss 0.3283 Acc 0.9837 AUC 0.9995 Pre 0.9835 Rec 0.9836
2026-09-05 00:12:42 | Epoch  20/100 | Train Loss 0.2776 Acc 0.9834 | Val Loss 0.3084 Acc 0.9836 AUC 0.9995 Pre 0.9834 Rec 0.9835
2026-09-05 00:12:47 | Epoch  21/100 | Train Loss 0.2696 Acc 0.9837 | Val Loss 0.2988 Acc 0.9841 AUC 0.9995 Pre 0.9841 Rec 0.9839
2026-09-05 00:12:51 | Epoch  22/100 | Train Loss 0.2602 Acc 0.9829 | Val Loss 0.3034 Acc 0.9841 AUC 0.9995 Pre 0.9839 Rec 0.9840
2026-09-05 00:12:55 | Epoch  23/100 | Train Loss 0.2560 Acc 0.9844 | Val Loss 0.3025 Acc 0.9829 AUC 0.9996 Pre 0.9828 Rec 0.9827
2026-09-05 00:12:55 |   Val AUC improved to 0.9996, model saved
2026-09-05 00:13:00 | Epoch  24/100 | Train Loss 0.2508 Acc 0.9836 | Val Loss 0.2912 Acc 0.9840 AUC 0.9996 Pre 0.9839 Rec 0.9839
2026-09-05 00:13:04 | Epoch  25/100 | Train Loss 0.2431 Acc 0.9841 | Val Loss 0.2931 Acc 0.9832 AUC 0.9996 Pre 0.9832 Rec 0.9830
2026-09-05 00:13:08 | Epoch  26/100 | Train Loss 0.2333 Acc 0.9848 | Val Loss 0.2874 Acc 0.9828 AUC 0.9996 Pre 0.9827 Rec 0.9826
2026-09-05 00:13:13 | Epoch  27/100 | Train Loss 0.2343 Acc 0.9839 | Val Loss 0.2893 Acc 0.9836 AUC 0.9996 Pre 0.9835 Rec 0.9834
2026-09-05 00:13:17 | Epoch  28/100 | Train Loss 0.2323 Acc 0.9846 | Val Loss 0.2890 Acc 0.9832 AUC 0.9996 Pre 0.9831 Rec 0.9830
2026-09-05 00:13:21 | Epoch  29/100 | Train Loss 0.2287 Acc 0.9839 | Val Loss 0.2909 Acc 0.9826 AUC 0.9997 Pre 0.9825 Rec 0.9824
2026-09-05 00:13:21 |   Val AUC improved to 0.9997, model saved
2026-09-05 00:13:25 | Epoch  30/100 | Train Loss 0.2284 Acc 0.9842 | Val Loss 0.2996 Acc 0.9813 AUC 0.9995 Pre 0.9812 Rec 0.9810
2026-09-05 00:13:30 | Epoch  31/100 | Train Loss 0.2345 Acc 0.9835 | Val Loss 0.3002 Acc 0.9822 AUC 0.9995 Pre 0.9821 Rec 0.9819
2026-09-05 00:13:34 | Epoch  32/100 | Train Loss 0.2243 Acc 0.9840 | Val Loss 0.2904 Acc 0.9832 AUC 0.9995 Pre 0.9831 Rec 0.9830
2026-09-05 00:13:39 | Epoch  33/100 | Train Loss 0.2151 Acc 0.9844 | Val Loss 0.2855 Acc 0.9827 AUC 0.9996 Pre 0.9825 Rec 0.9825
2026-09-05 00:13:43 | Epoch  34/100 | Train Loss 0.2125 Acc 0.9843 | Val Loss 0.2830 Acc 0.9835 AUC 0.9995 Pre 0.9834 Rec 0.9833
2026-09-05 00:13:47 | Epoch  35/100 | Train Loss 0.2149 Acc 0.9845 | Val Loss 0.2893 Acc 0.9830 AUC 0.9995 Pre 0.9828 Rec 0.9828
2026-09-05 00:13:52 | Epoch  36/100 | Train Loss 0.2094 Acc 0.9851 | Val Loss 0.2771 Acc 0.9824 AUC 0.9995 Pre 0.9824 Rec 0.9822
2026-09-05 00:13:56 | Epoch  37/100 | Train Loss 0.2075 Acc 0.9844 | Val Loss 0.2789 Acc 0.9822 AUC 0.9994 Pre 0.9821 Rec 0.9820
2026-09-05 00:14:00 | Epoch  38/100 | Train Loss 0.2027 Acc 0.9858 | Val Loss 0.2826 Acc 0.9823 AUC 0.9994 Pre 0.9821 Rec 0.9821
2026-09-05 00:14:05 | Epoch  39/100 | Train Loss 0.2013 Acc 0.9846 | Val Loss 0.2963 Acc 0.9810 AUC 0.9993 Pre 0.9809 Rec 0.9808
2026-09-05 00:14:05 | Val AUC did not improve for 10 consecutive epochs, early stopping at Epoch 39 (best AUC 0.9997 @ Epoch 29)
2026-09-05 00:14:06 | Run 3/5 | Test (best model @ Epoch 29) | Loss 0.2804 Acc 0.9831 AUC 0.9997 Pre 0.9831 Rec 0.9829
2026-09-05 00:14:06 | ===== Run 4/5 (seed 3) =====
2026-09-05 00:14:10 | Epoch   1/100 | Train Loss 5.3443 Acc 0.7967 | Val Loss 1.5572 Acc 0.9499 AUC 0.9973 Pre 0.9498 Rec 0.9491
2026-09-05 00:14:10 |   Val AUC improved to 0.9973, model saved
2026-09-05 00:14:14 | Epoch   2/100 | Train Loss 1.7118 Acc 0.9390 | Val Loss 1.0002 Acc 0.9663 AUC 0.9989 Pre 0.9660 Rec 0.9663
2026-09-05 00:14:14 |   Val AUC improved to 0.9989, model saved
2026-09-05 00:14:19 | Epoch   3/100 | Train Loss 1.1919 Acc 0.9552 | Val Loss 0.7797 Acc 0.9747 AUC 0.9992 Pre 0.9746 Rec 0.9744
2026-09-05 00:14:19 |   Val AUC improved to 0.9992, model saved
2026-09-05 00:14:23 | Epoch   4/100 | Train Loss 0.9398 Acc 0.9629 | Val Loss 0.6779 Acc 0.9761 AUC 0.9993 Pre 0.9762 Rec 0.9757
2026-09-05 00:14:23 |   Val AUC improved to 0.9993, model saved
2026-09-05 00:14:27 | Epoch   5/100 | Train Loss 0.7937 Acc 0.9679 | Val Loss 0.5922 Acc 0.9789 AUC 0.9995 Pre 0.9788 Rec 0.9787
2026-09-05 00:14:27 |   Val AUC improved to 0.9995, model saved
2026-09-05 00:14:32 | Epoch   6/100 | Train Loss 0.6826 Acc 0.9725 | Val Loss 0.5226 Acc 0.9801 AUC 0.9995 Pre 0.9798 Rec 0.9799
2026-09-05 00:14:32 |   Val AUC improved to 0.9995, model saved
2026-09-05 00:14:36 | Epoch   7/100 | Train Loss 0.6074 Acc 0.9750 | Val Loss 0.4955 Acc 0.9810 AUC 0.9995 Pre 0.9808 Rec 0.9809
2026-09-05 00:14:40 | Epoch   8/100 | Train Loss 0.5372 Acc 0.9771 | Val Loss 0.4638 Acc 0.9814 AUC 0.9995 Pre 0.9814 Rec 0.9812
2026-09-05 00:14:40 |   Val AUC improved to 0.9995, model saved
2026-09-05 00:14:45 | Epoch   9/100 | Train Loss 0.5044 Acc 0.9771 | Val Loss 0.4553 Acc 0.9801 AUC 0.9995 Pre 0.9799 Rec 0.9798
2026-09-05 00:14:49 | Epoch  10/100 | Train Loss 0.4590 Acc 0.9788 | Val Loss 0.4132 Acc 0.9832 AUC 0.9996 Pre 0.9831 Rec 0.9829
2026-09-05 00:14:49 |   Val AUC improved to 0.9996, model saved
2026-09-05 00:14:54 | Epoch  11/100 | Train Loss 0.4214 Acc 0.9807 | Val Loss 0.3910 Acc 0.9817 AUC 0.9996 Pre 0.9815 Rec 0.9815
2026-09-05 00:14:54 |   Val AUC improved to 0.9996, model saved
2026-09-05 00:14:58 | Epoch  12/100 | Train Loss 0.3914 Acc 0.9815 | Val Loss 0.3906 Acc 0.9818 AUC 0.9996 Pre 0.9817 Rec 0.9816
2026-09-05 00:15:03 | Epoch  13/100 | Train Loss 0.3804 Acc 0.9809 | Val Loss 0.3795 Acc 0.9824 AUC 0.9997 Pre 0.9823 Rec 0.9822
2026-09-05 00:15:03 |   Val AUC improved to 0.9997, model saved
2026-09-05 00:15:07 | Epoch  14/100 | Train Loss 0.3595 Acc 0.9814 | Val Loss 0.3652 Acc 0.9828 AUC 0.9996 Pre 0.9826 Rec 0.9826
2026-09-05 00:15:11 | Epoch  15/100 | Train Loss 0.3380 Acc 0.9825 | Val Loss 0.3513 Acc 0.9821 AUC 0.9997 Pre 0.9820 Rec 0.9819
2026-09-05 00:15:11 |   Val AUC improved to 0.9997, model saved
2026-09-05 00:15:16 | Epoch  16/100 | Train Loss 0.3245 Acc 0.9822 | Val Loss 0.3370 Acc 0.9825 AUC 0.9997 Pre 0.9823 Rec 0.9823
2026-09-05 00:15:16 |   Val AUC improved to 0.9997, model saved
2026-09-05 00:15:20 | Epoch  17/100 | Train Loss 0.3060 Acc 0.9832 | Val Loss 0.3264 Acc 0.9838 AUC 0.9996 Pre 0.9836 Rec 0.9836
2026-09-05 00:15:25 | Epoch  18/100 | Train Loss 0.3007 Acc 0.9829 | Val Loss 0.3325 Acc 0.9826 AUC 0.9997 Pre 0.9826 Rec 0.9824
2026-09-05 00:15:25 |   Val AUC improved to 0.9997, model saved
2026-09-05 00:15:29 | Epoch  19/100 | Train Loss 0.2833 Acc 0.9842 | Val Loss 0.3271 Acc 0.9836 AUC 0.9997 Pre 0.9836 Rec 0.9834
2026-09-05 00:15:29 |   Val AUC improved to 0.9997, model saved
2026-09-05 00:15:34 | Epoch  20/100 | Train Loss 0.2837 Acc 0.9833 | Val Loss 0.3199 Acc 0.9826 AUC 0.9997 Pre 0.9824 Rec 0.9825
2026-09-05 00:15:38 | Epoch  21/100 | Train Loss 0.2685 Acc 0.9847 | Val Loss 0.2996 Acc 0.9829 AUC 0.9997 Pre 0.9827 Rec 0.9827
2026-09-05 00:15:43 | Epoch  22/100 | Train Loss 0.2678 Acc 0.9835 | Val Loss 0.3192 Acc 0.9831 AUC 0.9997 Pre 0.9831 Rec 0.9829
2026-09-05 00:15:47 | Epoch  23/100 | Train Loss 0.2615 Acc 0.9843 | Val Loss 0.2920 Acc 0.9840 AUC 0.9997 Pre 0.9839 Rec 0.9838
2026-09-05 00:15:51 | Epoch  24/100 | Train Loss 0.2561 Acc 0.9833 | Val Loss 0.3017 Acc 0.9836 AUC 0.9996 Pre 0.9835 Rec 0.9834
2026-09-05 00:15:56 | Epoch  25/100 | Train Loss 0.2496 Acc 0.9841 | Val Loss 0.2874 Acc 0.9838 AUC 0.9997 Pre 0.9837 Rec 0.9836
2026-09-05 00:15:56 |   Val AUC improved to 0.9997, model saved
2026-09-05 00:16:00 | Epoch  26/100 | Train Loss 0.2450 Acc 0.9836 | Val Loss 0.2842 Acc 0.9835 AUC 0.9997 Pre 0.9834 Rec 0.9834
2026-09-05 00:16:05 | Epoch  27/100 | Train Loss 0.2412 Acc 0.9841 | Val Loss 0.2819 Acc 0.9832 AUC 0.9997 Pre 0.9832 Rec 0.9831
2026-09-05 00:16:05 |   Val AUC improved to 0.9997, model saved
2026-09-05 00:16:09 | Epoch  28/100 | Train Loss 0.2318 Acc 0.9843 | Val Loss 0.2818 Acc 0.9842 AUC 0.9997 Pre 0.9841 Rec 0.9840
2026-09-05 00:16:13 | Epoch  29/100 | Train Loss 0.2296 Acc 0.9843 | Val Loss 0.2980 Acc 0.9825 AUC 0.9996 Pre 0.9824 Rec 0.9823
2026-09-05 00:16:18 | Epoch  30/100 | Train Loss 0.2266 Acc 0.9845 | Val Loss 0.2884 Acc 0.9831 AUC 0.9996 Pre 0.9830 Rec 0.9829
2026-09-05 00:16:22 | Epoch  31/100 | Train Loss 0.2233 Acc 0.9847 | Val Loss 0.2811 Acc 0.9830 AUC 0.9996 Pre 0.9829 Rec 0.9829
2026-09-05 00:16:27 | Epoch  32/100 | Train Loss 0.2156 Acc 0.9851 | Val Loss 0.2827 Acc 0.9833 AUC 0.9996 Pre 0.9830 Rec 0.9832
2026-09-05 00:16:31 | Epoch  33/100 | Train Loss 0.2169 Acc 0.9846 | Val Loss 0.2831 Acc 0.9833 AUC 0.9996 Pre 0.9832 Rec 0.9831
2026-09-05 00:16:36 | Epoch  34/100 | Train Loss 0.2195 Acc 0.9845 | Val Loss 0.2956 Acc 0.9834 AUC 0.9996 Pre 0.9833 Rec 0.9832
2026-09-05 00:16:40 | Epoch  35/100 | Train Loss 0.2166 Acc 0.9844 | Val Loss 0.2992 Acc 0.9827 AUC 0.9995 Pre 0.9826 Rec 0.9825
2026-09-05 00:16:44 | Epoch  36/100 | Train Loss 0.2083 Acc 0.9851 | Val Loss 0.2913 Acc 0.9833 AUC 0.9996 Pre 0.9832 Rec 0.9831
2026-09-05 00:16:48 | Epoch  37/100 | Train Loss 0.2091 Acc 0.9849 | Val Loss 0.2839 Acc 0.9829 AUC 0.9996 Pre 0.9827 Rec 0.9827
2026-09-05 00:16:48 | Val AUC did not improve for 10 consecutive epochs, early stopping at Epoch 37 (best AUC 0.9997 @ Epoch 27)
2026-09-05 00:16:49 | Run 4/5 | Test (best model @ Epoch 27) | Loss 0.2659 Acc 0.9852 AUC 0.9997 Pre 0.9852 Rec 0.9850
2026-09-05 00:16:49 | ===== Run 5/5 (seed 4) =====
2026-09-05 00:16:53 | Epoch   1/100 | Train Loss 5.2373 Acc 0.8013 | Val Loss 1.5333 Acc 0.9531 AUC 0.9974 Pre 0.9529 Rec 0.9523
2026-09-05 00:16:53 |   Val AUC improved to 0.9974, model saved
2026-09-05 00:16:58 | Epoch   2/100 | Train Loss 1.7025 Acc 0.9384 | Val Loss 1.0400 Acc 0.9665 AUC 0.9986 Pre 0.9664 Rec 0.9662
2026-09-05 00:16:58 |   Val AUC improved to 0.9986, model saved
2026-09-05 00:17:02 | Epoch   3/100 | Train Loss 1.1747 Acc 0.9559 | Val Loss 0.8150 Acc 0.9734 AUC 0.9990 Pre 0.9734 Rec 0.9731
2026-09-05 00:17:02 |   Val AUC improved to 0.9990, model saved
2026-09-05 00:17:06 | Epoch   4/100 | Train Loss 0.9454 Acc 0.9632 | Val Loss 0.6826 Acc 0.9763 AUC 0.9992 Pre 0.9761 Rec 0.9762
2026-09-05 00:17:06 |   Val AUC improved to 0.9992, model saved
2026-09-05 00:17:11 | Epoch   5/100 | Train Loss 0.7856 Acc 0.9690 | Val Loss 0.6003 Acc 0.9775 AUC 0.9994 Pre 0.9772 Rec 0.9774
2026-09-05 00:17:11 |   Val AUC improved to 0.9994, model saved
2026-09-05 00:17:15 | Epoch   6/100 | Train Loss 0.6793 Acc 0.9727 | Val Loss 0.5449 Acc 0.9793 AUC 0.9994 Pre 0.9793 Rec 0.9790
2026-09-05 00:17:15 |   Val AUC improved to 0.9994, model saved
2026-09-05 00:17:19 | Epoch   7/100 | Train Loss 0.6098 Acc 0.9752 | Val Loss 0.4952 Acc 0.9809 AUC 0.9994 Pre 0.9807 Rec 0.9807
2026-09-05 00:17:24 | Epoch   8/100 | Train Loss 0.5357 Acc 0.9773 | Val Loss 0.4690 Acc 0.9801 AUC 0.9995 Pre 0.9799 Rec 0.9799
2026-09-05 00:17:24 |   Val AUC improved to 0.9995, model saved
2026-09-05 00:17:28 | Epoch   9/100 | Train Loss 0.4921 Acc 0.9782 | Val Loss 0.4458 Acc 0.9807 AUC 0.9995 Pre 0.9805 Rec 0.9806
2026-09-05 00:17:28 |   Val AUC improved to 0.9995, model saved
2026-09-05 00:17:33 | Epoch  10/100 | Train Loss 0.4562 Acc 0.9802 | Val Loss 0.4182 Acc 0.9817 AUC 0.9996 Pre 0.9816 Rec 0.9815
2026-09-05 00:17:33 |   Val AUC improved to 0.9996, model saved
2026-09-05 00:17:37 | Epoch  11/100 | Train Loss 0.4189 Acc 0.9805 | Val Loss 0.3908 Acc 0.9831 AUC 0.9996 Pre 0.9830 Rec 0.9829
2026-09-05 00:17:37 |   Val AUC improved to 0.9996, model saved
2026-09-05 00:17:42 | Epoch  12/100 | Train Loss 0.4002 Acc 0.9803 | Val Loss 0.3881 Acc 0.9827 AUC 0.9996 Pre 0.9825 Rec 0.9826
2026-09-05 00:17:46 | Epoch  13/100 | Train Loss 0.3751 Acc 0.9811 | Val Loss 0.3688 Acc 0.9821 AUC 0.9996 Pre 0.9819 Rec 0.9819
2026-09-05 00:17:51 | Epoch  14/100 | Train Loss 0.3500 Acc 0.9823 | Val Loss 0.3717 Acc 0.9817 AUC 0.9996 Pre 0.9816 Rec 0.9815
2026-09-05 00:17:55 | Epoch  15/100 | Train Loss 0.3355 Acc 0.9823 | Val Loss 0.3486 Acc 0.9816 AUC 0.9996 Pre 0.9815 Rec 0.9814
2026-09-05 00:17:59 | Epoch  16/100 | Train Loss 0.3124 Acc 0.9829 | Val Loss 0.3485 Acc 0.9818 AUC 0.9996 Pre 0.9816 Rec 0.9816
2026-09-05 00:18:04 | Epoch  17/100 | Train Loss 0.3118 Acc 0.9825 | Val Loss 0.3412 Acc 0.9811 AUC 0.9996 Pre 0.9809 Rec 0.9809
2026-09-05 00:18:08 | Epoch  18/100 | Train Loss 0.2976 Acc 0.9830 | Val Loss 0.3297 Acc 0.9828 AUC 0.9996 Pre 0.9826 Rec 0.9827
2026-09-05 00:18:13 | Epoch  19/100 | Train Loss 0.2733 Acc 0.9846 | Val Loss 0.3147 Acc 0.9834 AUC 0.9996 Pre 0.9832 Rec 0.9833
2026-09-05 00:18:13 |   Val AUC improved to 0.9996, model saved
2026-09-05 00:18:17 | Epoch  20/100 | Train Loss 0.2693 Acc 0.9845 | Val Loss 0.3185 Acc 0.9832 AUC 0.9996 Pre 0.9830 Rec 0.9831
2026-09-05 00:18:22 | Epoch  21/100 | Train Loss 0.2655 Acc 0.9848 | Val Loss 0.3080 Acc 0.9826 AUC 0.9996 Pre 0.9824 Rec 0.9824
2026-09-05 00:18:26 | Epoch  22/100 | Train Loss 0.2649 Acc 0.9833 | Val Loss 0.2921 Acc 0.9844 AUC 0.9996 Pre 0.9843 Rec 0.9843
2026-09-05 00:18:30 | Epoch  23/100 | Train Loss 0.2494 Acc 0.9850 | Val Loss 0.2947 Acc 0.9835 AUC 0.9996 Pre 0.9834 Rec 0.9833
2026-09-05 00:18:35 | Epoch  24/100 | Train Loss 0.2485 Acc 0.9840 | Val Loss 0.2896 Acc 0.9824 AUC 0.9996 Pre 0.9822 Rec 0.9823
2026-09-05 00:18:39 | Epoch  25/100 | Train Loss 0.2445 Acc 0.9842 | Val Loss 0.2978 Acc 0.9831 AUC 0.9996 Pre 0.9829 Rec 0.9829
2026-09-05 00:18:43 | Epoch  26/100 | Train Loss 0.2405 Acc 0.9839 | Val Loss 0.2984 Acc 0.9829 AUC 0.9996 Pre 0.9827 Rec 0.9827
2026-09-05 00:18:47 | Epoch  27/100 | Train Loss 0.2311 Acc 0.9849 | Val Loss 0.2940 Acc 0.9827 AUC 0.9996 Pre 0.9825 Rec 0.9825
2026-09-05 00:18:52 | Epoch  28/100 | Train Loss 0.2354 Acc 0.9837 | Val Loss 0.2953 Acc 0.9819 AUC 0.9996 Pre 0.9818 Rec 0.9817
2026-09-05 00:18:56 | Epoch  29/100 | Train Loss 0.2305 Acc 0.9837 | Val Loss 0.3015 Acc 0.9820 AUC 0.9995 Pre 0.9819 Rec 0.9818
2026-09-05 00:18:56 | Val AUC did not improve for 10 consecutive epochs, early stopping at Epoch 29 (best AUC 0.9996 @ Epoch 19)
2026-09-05 00:18:57 | Run 5/5 | Test (best model @ Epoch 19) | Loss 0.3111 Acc 0.9830 AUC 0.9997 Pre 0.9829 Rec 0.9829
2026-09-05 00:18:57 | Average over 5 runs | Test Loss 0.2883±0.0168 Acc 0.9840±0.0010 AUC 0.9997±0.0000 Pre 0.9840±0.0010 Rec 0.9839±0.0010
