2026-08-26 23:48:24 | Device: cuda
2026-08-26 23:48:24 | Args: {'model': 'fgib', 'backbone': 'cnn', 'task': 'imagenet100', 'epochs': 100, 'batch_size': 512, 'lr': 0.001, 'hidden_dims': [512, 256], 'dropout': 0.2, 'z_dim': 256, 'anchor_scale': 16.0, 'max_len': 250, 'random_labels': False, 'beta': 0.0001, 'patience': 10, 'runs': 5, 'seed': 0, 'data_dir': './data', 'save_path': 'output/imagenet100_cnn_fgib/imagenet100_cnn_fgib.pt', 'log_path': '/root/autodl-tmp/FGIB/tune_results/imagenet100_cnn_fgib_beta_0.0001_anchor_16/train.log', 'no_save': True}
2026-08-26 23:48:24 | ImageNet-100 特征：使用 4×4 空间池化文件 ./data/imagenet100/imagenet100_resnet50_layer3_pool4_features.npz
2026-08-26 23:48:24 | ImageNet-100 预处理缓存：mmap 共享 ./data/imagenet100/preprocessed_pool4
2026-08-26 23:48:24 | ===== Run 1/5 (seed 0) =====
2026-08-26 23:48:33 | Epoch   1/100 | Train Loss 1.4308 Acc 0.6186 | Val Loss 0.7259 Acc 0.7949 AUC 0.9958 Pre 0.8003 Rec 0.7909
2026-08-26 23:48:33 |   Val AUC improved to 0.9958, model saved
2026-08-26 23:48:38 | Epoch   2/100 | Train Loss 0.5892 Acc 0.8308 | Val Loss 0.6164 Acc 0.8269 AUC 0.9968 Pre 0.8318 Rec 0.8229
2026-08-26 23:48:38 |   Val AUC improved to 0.9968, model saved
2026-08-26 23:48:45 | Epoch   3/100 | Train Loss 0.4052 Acc 0.8816 | Val Loss 0.6384 Acc 0.8276 AUC 0.9967 Pre 0.8338 Rec 0.8248
2026-08-26 23:48:51 | Epoch   4/100 | Train Loss 0.2921 Acc 0.9121 | Val Loss 0.6261 Acc 0.8338 AUC 0.9970 Pre 0.8382 Rec 0.8301
2026-08-26 23:48:51 |   Val AUC improved to 0.9970, model saved
2026-08-26 23:48:57 | Epoch   5/100 | Train Loss 0.2169 Acc 0.9337 | Val Loss 0.6779 Acc 0.8325 AUC 0.9968 Pre 0.8380 Rec 0.8300
2026-08-26 23:49:03 | Epoch   6/100 | Train Loss 0.1735 Acc 0.9465 | Val Loss 0.7189 Acc 0.8360 AUC 0.9966 Pre 0.8392 Rec 0.8334
2026-08-26 23:49:09 | Epoch   7/100 | Train Loss 0.1365 Acc 0.9579 | Val Loss 0.7438 Acc 0.8382 AUC 0.9966 Pre 0.8401 Rec 0.8361
2026-08-26 23:49:15 | Epoch   8/100 | Train Loss 0.1157 Acc 0.9642 | Val Loss 0.8085 Acc 0.8349 AUC 0.9963 Pre 0.8410 Rec 0.8313
2026-08-26 23:49:21 | Epoch   9/100 | Train Loss 0.1126 Acc 0.9655 | Val Loss 0.8213 Acc 0.8379 AUC 0.9964 Pre 0.8401 Rec 0.8347
2026-08-26 23:49:27 | Epoch  10/100 | Train Loss 0.1006 Acc 0.9696 | Val Loss 0.9338 Acc 0.8344 AUC 0.9960 Pre 0.8388 Rec 0.8313
2026-08-26 23:49:33 | Epoch  11/100 | Train Loss 0.0982 Acc 0.9704 | Val Loss 0.9694 Acc 0.8351 AUC 0.9960 Pre 0.8380 Rec 0.8328
2026-08-26 23:49:39 | Epoch  12/100 | Train Loss 0.0844 Acc 0.9748 | Val Loss 0.9967 Acc 0.8347 AUC 0.9958 Pre 0.8367 Rec 0.8322
2026-08-26 23:49:45 | Epoch  13/100 | Train Loss 0.0894 Acc 0.9744 | Val Loss 1.0147 Acc 0.8306 AUC 0.9957 Pre 0.8335 Rec 0.8271
2026-08-26 23:49:52 | Epoch  14/100 | Train Loss 0.0825 Acc 0.9759 | Val Loss 1.0514 Acc 0.8325 AUC 0.9955 Pre 0.8347 Rec 0.8303
2026-08-26 23:49:52 | Val AUC did not improve for 10 consecutive epochs, early stopping at Epoch 14 (best AUC 0.9970 @ Epoch 4)
2026-08-26 23:49:53 | Run 1/5 | Test (best model @ Epoch 4) | Loss 0.6178 Acc 0.8366 AUC 0.9970 Pre 0.8389 Rec 0.8329
2026-08-26 23:49:53 | ===== Run 2/5 (seed 1) =====
2026-08-26 23:50:00 | Epoch   1/100 | Train Loss 1.4201 Acc 0.6187 | Val Loss 0.7249 Acc 0.7936 AUC 0.9960 Pre 0.8036 Rec 0.7894
2026-08-26 23:50:00 |   Val AUC improved to 0.9960, model saved
2026-08-26 23:50:06 | Epoch   2/100 | Train Loss 0.5865 Acc 0.8311 | Val Loss 0.6433 Acc 0.8214 AUC 0.9966 Pre 0.8284 Rec 0.8175
2026-08-26 23:50:06 |   Val AUC improved to 0.9966, model saved
2026-08-26 23:50:12 | Epoch   3/100 | Train Loss 0.4073 Acc 0.8799 | Val Loss 0.6271 Acc 0.8257 AUC 0.9969 Pre 0.8313 Rec 0.8233
2026-08-26 23:50:12 |   Val AUC improved to 0.9969, model saved
2026-08-26 23:50:18 | Epoch   4/100 | Train Loss 0.2977 Acc 0.9088 | Val Loss 0.6520 Acc 0.8305 AUC 0.9967 Pre 0.8366 Rec 0.8278
2026-08-26 23:50:24 | Epoch   5/100 | Train Loss 0.2152 Acc 0.9344 | Val Loss 0.6963 Acc 0.8340 AUC 0.9966 Pre 0.8399 Rec 0.8313
2026-08-26 23:50:30 | Epoch   6/100 | Train Loss 0.1728 Acc 0.9467 | Val Loss 0.7404 Acc 0.8350 AUC 0.9965 Pre 0.8392 Rec 0.8324
2026-08-26 23:50:36 | Epoch   7/100 | Train Loss 0.1410 Acc 0.9570 | Val Loss 0.7616 Acc 0.8367 AUC 0.9964 Pre 0.8387 Rec 0.8347
2026-08-26 23:50:42 | Epoch   8/100 | Train Loss 0.1283 Acc 0.9604 | Val Loss 0.7973 Acc 0.8378 AUC 0.9965 Pre 0.8395 Rec 0.8358
2026-08-26 23:50:48 | Epoch   9/100 | Train Loss 0.1066 Acc 0.9677 | Val Loss 0.9000 Acc 0.8300 AUC 0.9959 Pre 0.8350 Rec 0.8280
2026-08-26 23:50:54 | Epoch  10/100 | Train Loss 0.1054 Acc 0.9683 | Val Loss 0.9089 Acc 0.8358 AUC 0.9959 Pre 0.8392 Rec 0.8339
2026-08-26 23:51:00 | Epoch  11/100 | Train Loss 0.1030 Acc 0.9686 | Val Loss 1.0016 Acc 0.8316 AUC 0.9957 Pre 0.8351 Rec 0.8294
2026-08-26 23:51:06 | Epoch  12/100 | Train Loss 0.0960 Acc 0.9716 | Val Loss 0.9720 Acc 0.8301 AUC 0.9958 Pre 0.8335 Rec 0.8278
2026-08-26 23:51:13 | Epoch  13/100 | Train Loss 0.0912 Acc 0.9736 | Val Loss 0.9751 Acc 0.8350 AUC 0.9956 Pre 0.8380 Rec 0.8324
2026-08-26 23:51:13 | Val AUC did not improve for 10 consecutive epochs, early stopping at Epoch 13 (best AUC 0.9969 @ Epoch 3)
2026-08-26 23:51:14 | Run 2/5 | Test (best model @ Epoch 3) | Loss 0.6189 Acc 0.8295 AUC 0.9970 Pre 0.8355 Rec 0.8269
2026-08-26 23:51:14 | ===== Run 3/5 (seed 2) =====
2026-08-26 23:51:20 | Epoch   1/100 | Train Loss 1.4234 Acc 0.6199 | Val Loss 0.7580 Acc 0.7824 AUC 0.9956 Pre 0.7957 Rec 0.7793
2026-08-26 23:51:20 |   Val AUC improved to 0.9956, model saved
2026-08-26 23:51:26 | Epoch   2/100 | Train Loss 0.5868 Acc 0.8311 | Val Loss 0.6368 Acc 0.8235 AUC 0.9966 Pre 0.8285 Rec 0.8203
2026-08-26 23:51:26 |   Val AUC improved to 0.9966, model saved
2026-08-26 23:51:33 | Epoch   3/100 | Train Loss 0.4008 Acc 0.8813 | Val Loss 0.6429 Acc 0.8284 AUC 0.9967 Pre 0.8376 Rec 0.8253
2026-08-26 23:51:33 |   Val AUC improved to 0.9967, model saved
2026-08-26 23:51:38 | Epoch   4/100 | Train Loss 0.2861 Acc 0.9128 | Val Loss 0.6617 Acc 0.8288 AUC 0.9966 Pre 0.8352 Rec 0.8254
2026-08-26 23:51:44 | Epoch   5/100 | Train Loss 0.2162 Acc 0.9334 | Val Loss 0.7029 Acc 0.8332 AUC 0.9964 Pre 0.8360 Rec 0.8300
2026-08-26 23:51:51 | Epoch   6/100 | Train Loss 0.1733 Acc 0.9468 | Val Loss 0.7205 Acc 0.8370 AUC 0.9965 Pre 0.8403 Rec 0.8348
2026-08-26 23:51:56 | Epoch   7/100 | Train Loss 0.1341 Acc 0.9588 | Val Loss 0.7979 Acc 0.8366 AUC 0.9962 Pre 0.8404 Rec 0.8331
2026-08-26 23:52:03 | Epoch   8/100 | Train Loss 0.1222 Acc 0.9622 | Val Loss 0.8491 Acc 0.8315 AUC 0.9961 Pre 0.8358 Rec 0.8286
2026-08-26 23:52:08 | Epoch   9/100 | Train Loss 0.1088 Acc 0.9662 | Val Loss 0.8565 Acc 0.8355 AUC 0.9961 Pre 0.8373 Rec 0.8334
2026-08-26 23:52:14 | Epoch  10/100 | Train Loss 0.0954 Acc 0.9712 | Val Loss 0.9414 Acc 0.8340 AUC 0.9959 Pre 0.8396 Rec 0.8303
2026-08-26 23:52:20 | Epoch  11/100 | Train Loss 0.0899 Acc 0.9735 | Val Loss 0.9654 Acc 0.8346 AUC 0.9959 Pre 0.8369 Rec 0.8318
2026-08-26 23:52:27 | Epoch  12/100 | Train Loss 0.0856 Acc 0.9752 | Val Loss 0.9969 Acc 0.8378 AUC 0.9958 Pre 0.8396 Rec 0.8349
2026-08-26 23:52:32 | Epoch  13/100 | Train Loss 0.0877 Acc 0.9744 | Val Loss 1.0387 Acc 0.8288 AUC 0.9952 Pre 0.8317 Rec 0.8261
2026-08-26 23:52:32 | Val AUC did not improve for 10 consecutive epochs, early stopping at Epoch 13 (best AUC 0.9967 @ Epoch 3)
2026-08-26 23:52:34 | Run 3/5 | Test (best model @ Epoch 3) | Loss 0.6320 Acc 0.8309 AUC 0.9968 Pre 0.8395 Rec 0.8279
2026-08-26 23:52:34 | ===== Run 4/5 (seed 3) =====
2026-08-26 23:52:39 | Epoch   1/100 | Train Loss 1.4369 Acc 0.6177 | Val Loss 0.7187 Acc 0.7986 AUC 0.9958 Pre 0.8057 Rec 0.7956
2026-08-26 23:52:39 |   Val AUC improved to 0.9958, model saved
2026-08-26 23:52:45 | Epoch   2/100 | Train Loss 0.5900 Acc 0.8312 | Val Loss 0.6273 Acc 0.8244 AUC 0.9967 Pre 0.8272 Rec 0.8223
2026-08-26 23:52:45 |   Val AUC improved to 0.9967, model saved
2026-08-26 23:52:50 | Epoch   3/100 | Train Loss 0.4077 Acc 0.8798 | Val Loss 0.6451 Acc 0.8305 AUC 0.9966 Pre 0.8373 Rec 0.8291
2026-08-26 23:52:56 | Epoch   4/100 | Train Loss 0.2957 Acc 0.9094 | Val Loss 0.6511 Acc 0.8336 AUC 0.9967 Pre 0.8378 Rec 0.8313
2026-08-26 23:53:02 | Epoch   5/100 | Train Loss 0.2179 Acc 0.9334 | Val Loss 0.6704 Acc 0.8359 AUC 0.9967 Pre 0.8393 Rec 0.8326
2026-08-26 23:53:08 | Epoch   6/100 | Train Loss 0.1726 Acc 0.9458 | Val Loss 0.7366 Acc 0.8311 AUC 0.9963 Pre 0.8355 Rec 0.8279
2026-08-26 23:53:14 | Epoch   7/100 | Train Loss 0.1425 Acc 0.9555 | Val Loss 0.7735 Acc 0.8284 AUC 0.9963 Pre 0.8340 Rec 0.8269
2026-08-26 23:53:20 | Epoch   8/100 | Train Loss 0.1313 Acc 0.9595 | Val Loss 0.8153 Acc 0.8302 AUC 0.9961 Pre 0.8353 Rec 0.8276
2026-08-26 23:53:26 | Epoch   9/100 | Train Loss 0.1185 Acc 0.9639 | Val Loss 0.8986 Acc 0.8296 AUC 0.9960 Pre 0.8353 Rec 0.8271
2026-08-26 23:53:32 | Epoch  10/100 | Train Loss 0.1006 Acc 0.9692 | Val Loss 0.9153 Acc 0.8366 AUC 0.9960 Pre 0.8387 Rec 0.8332
2026-08-26 23:53:38 | Epoch  11/100 | Train Loss 0.0917 Acc 0.9727 | Val Loss 0.9320 Acc 0.8361 AUC 0.9958 Pre 0.8390 Rec 0.8326
2026-08-26 23:53:43 | Epoch  12/100 | Train Loss 0.0864 Acc 0.9751 | Val Loss 0.9949 Acc 0.8262 AUC 0.9955 Pre 0.8311 Rec 0.8230
2026-08-26 23:53:43 | Val AUC did not improve for 10 consecutive epochs, early stopping at Epoch 12 (best AUC 0.9967 @ Epoch 2)
2026-08-26 23:53:45 | Run 4/5 | Test (best model @ Epoch 2) | Loss 0.6249 Acc 0.8248 AUC 0.9968 Pre 0.8274 Rec 0.8223
2026-08-26 23:53:45 | ===== Run 5/5 (seed 4) =====
2026-08-26 23:53:50 | Epoch   1/100 | Train Loss 1.4072 Acc 0.6262 | Val Loss 0.7059 Acc 0.7994 AUC 0.9960 Pre 0.8048 Rec 0.7961
2026-08-26 23:53:50 |   Val AUC improved to 0.9960, model saved
2026-08-26 23:53:54 | Epoch   2/100 | Train Loss 0.5857 Acc 0.8323 | Val Loss 0.6169 Acc 0.8256 AUC 0.9969 Pre 0.8296 Rec 0.8228
2026-08-26 23:53:54 |   Val AUC improved to 0.9969, model saved
2026-08-26 23:54:00 | Epoch   3/100 | Train Loss 0.3995 Acc 0.8807 | Val Loss 0.6356 Acc 0.8288 AUC 0.9967 Pre 0.8329 Rec 0.8249
2026-08-26 23:54:06 | Epoch   4/100 | Train Loss 0.2889 Acc 0.9125 | Val Loss 0.6473 Acc 0.8347 AUC 0.9967 Pre 0.8378 Rec 0.8323
2026-08-26 23:54:12 | Epoch   5/100 | Train Loss 0.2192 Acc 0.9317 | Val Loss 0.6962 Acc 0.8312 AUC 0.9966 Pre 0.8351 Rec 0.8289
2026-08-26 23:54:17 | Epoch   6/100 | Train Loss 0.1722 Acc 0.9475 | Val Loss 0.7470 Acc 0.8310 AUC 0.9963 Pre 0.8348 Rec 0.8284
2026-08-26 23:54:23 | Epoch   7/100 | Train Loss 0.1448 Acc 0.9557 | Val Loss 0.7935 Acc 0.8309 AUC 0.9962 Pre 0.8350 Rec 0.8287
2026-08-26 23:54:28 | Epoch   8/100 | Train Loss 0.1142 Acc 0.9652 | Val Loss 0.8568 Acc 0.8315 AUC 0.9960 Pre 0.8352 Rec 0.8288
2026-08-26 23:54:33 | Epoch   9/100 | Train Loss 0.1166 Acc 0.9637 | Val Loss 0.8758 Acc 0.8327 AUC 0.9960 Pre 0.8374 Rec 0.8293
2026-08-26 23:54:38 | Epoch  10/100 | Train Loss 0.0904 Acc 0.9727 | Val Loss 0.9018 Acc 0.8346 AUC 0.9959 Pre 0.8362 Rec 0.8318
2026-08-26 23:54:44 | Epoch  11/100 | Train Loss 0.0964 Acc 0.9711 | Val Loss 0.9150 Acc 0.8378 AUC 0.9959 Pre 0.8383 Rec 0.8353
2026-08-26 23:54:49 | Epoch  12/100 | Train Loss 0.0874 Acc 0.9744 | Val Loss 1.0307 Acc 0.8257 AUC 0.9955 Pre 0.8305 Rec 0.8234
2026-08-26 23:54:49 | Val AUC did not improve for 10 consecutive epochs, early stopping at Epoch 12 (best AUC 0.9969 @ Epoch 2)
2026-08-26 23:54:50 | Run 5/5 | Test (best model @ Epoch 2) | Loss 0.6126 Acc 0.8279 AUC 0.9969 Pre 0.8317 Rec 0.8252
2026-08-26 23:54:50 | Average over 5 runs | Test Loss 0.6213±0.0074 Acc 0.8299±0.0044 AUC 0.9969±0.0001 Pre 0.8346±0.0051 Rec 0.8271±0.0039
