2026-08-30 03:23:37 | Device: cuda
2026-08-30 03:23:37 | Args: {'model': 'fgib', 'backbone': 'mlp', 'task': 'imagenet100', 'epochs': 100, 'batch_size': 512, 'lr': 0.001, 'hidden_dims': [512, 256], 'dropout': 0.2, 'z_dim': 256, 'anchor_scale': 8.0, 'max_len': 250, 'random_labels': False, 'beta': 1.0, 'patience': 10, 'runs': 5, 'seed': 0, 'data_dir': './data', 'save_path': 'output/imagenet100_mlp_fgib/imagenet100_mlp_fgib.pt', 'log_path': '/root/autodl-tmp/FGIB/tune_results_ablation/hdirect_a48/imagenet100_mlp_fgib_beta_1_anchor_8/train.log', 'no_save': True, 'freeze_a': False, 'a_identity': True, 'cosine_classifier': False, 'log_variance_stats': False, 'subject_disjoint': False}
2026-08-30 03:23:37 | ImageNet-100 特征：使用 4×4 空间池化文件 ./data/imagenet100/imagenet100_resnet50_layer3_pool4_features.npz
2026-08-30 03:23:37 | ImageNet-100 预处理缓存：mmap 共享 ./data/imagenet100/preprocessed_pool4
2026-08-30 03:23:37 | ===== Run 1/5 (seed 0) =====
2026-08-30 03:23:42 | Epoch   1/100 | Train Loss 36.6804 Acc 0.0134 | Val Loss 36.5941 Acc 0.0134 AUC 0.5109 Pre 0.0271 Rec 0.0130
2026-08-30 03:23:42 |   Val AUC improved to 0.5109, model saved
2026-08-30 03:23:46 | Epoch   2/100 | Train Loss 36.6044 Acc 0.0122 | Val Loss 36.6008 Acc 0.0117 AUC 0.5023 Pre 0.0357 Rec 0.0114
2026-08-30 03:23:50 | Epoch   3/100 | Train Loss 36.6039 Acc 0.0128 | Val Loss 36.6003 Acc 0.0134 AUC 0.5022 Pre 0.0281 Rec 0.0130
2026-08-30 03:23:54 | Epoch   4/100 | Train Loss 36.5967 Acc 0.0146 | Val Loss 36.5756 Acc 0.0260 AUC 0.5191 Pre 0.0299 Rec 0.0253
2026-08-30 03:23:54 |   Val AUC improved to 0.5191, model saved
2026-08-30 03:23:57 | Epoch   5/100 | Train Loss 36.5608 Acc 0.0182 | Val Loss 36.5138 Acc 0.0204 AUC 0.5897 Pre 0.0090 Rec 0.0199
2026-08-30 03:23:57 |   Val AUC improved to 0.5897, model saved
2026-08-30 03:24:01 | Epoch   6/100 | Train Loss 36.5084 Acc 0.0184 | Val Loss 36.4483 Acc 0.0232 AUC 0.6308 Pre 0.0217 Rec 0.0227
2026-08-30 03:24:01 |   Val AUC improved to 0.6308, model saved
2026-08-30 03:24:06 | Epoch   7/100 | Train Loss 36.4296 Acc 0.0282 | Val Loss 36.2826 Acc 0.0532 AUC 0.6536 Pre 0.0635 Rec 0.0518
2026-08-30 03:24:06 |   Val AUC improved to 0.6536, model saved
2026-08-30 03:24:10 | Epoch   8/100 | Train Loss 36.0344 Acc 0.0942 | Val Loss 35.0630 Acc 0.1705 AUC 0.6890 Pre 0.1788 Rec 0.1662
2026-08-30 03:24:10 |   Val AUC improved to 0.6890, model saved
2026-08-30 03:24:14 | Epoch   9/100 | Train Loss 34.7884 Acc 0.1794 | Val Loss 33.6949 Acc 0.2187 AUC 0.7172 Pre 0.2309 Rec 0.2132
2026-08-30 03:24:14 |   Val AUC improved to 0.7172, model saved
2026-08-30 03:24:18 | Epoch  10/100 | Train Loss 33.9484 Acc 0.2168 | Val Loss 33.1735 Acc 0.2412 AUC 0.7420 Pre 0.2610 Rec 0.2350
2026-08-30 03:24:18 |   Val AUC improved to 0.7420, model saved
2026-08-30 03:24:22 | Epoch  11/100 | Train Loss 33.5309 Acc 0.2350 | Val Loss 32.9228 Acc 0.2539 AUC 0.7508 Pre 0.2822 Rec 0.2474
2026-08-30 03:24:22 |   Val AUC improved to 0.7508, model saved
2026-08-30 03:24:26 | Epoch  12/100 | Train Loss 33.2050 Acc 0.2499 | Val Loss 32.6454 Acc 0.2675 AUC 0.7611 Pre 0.2889 Rec 0.2608
2026-08-30 03:24:26 |   Val AUC improved to 0.7611, model saved
2026-08-30 03:24:31 | Epoch  13/100 | Train Loss 32.9172 Acc 0.2695 | Val Loss 32.3800 Acc 0.2841 AUC 0.7749 Pre 0.3035 Rec 0.2769
2026-08-30 03:24:31 |   Val AUC improved to 0.7749, model saved
2026-08-30 03:24:35 | Epoch  14/100 | Train Loss 32.6434 Acc 0.2894 | Val Loss 32.1483 Acc 0.3003 AUC 0.7841 Pre 0.3385 Rec 0.2927
2026-08-30 03:24:35 |   Val AUC improved to 0.7841, model saved
2026-08-30 03:24:39 | Epoch  15/100 | Train Loss 32.4091 Acc 0.3046 | Val Loss 31.8748 Acc 0.3157 AUC 0.7941 Pre 0.3676 Rec 0.3077
2026-08-30 03:24:39 |   Val AUC improved to 0.7941, model saved
2026-08-30 03:24:44 | Epoch  16/100 | Train Loss 32.1399 Acc 0.3172 | Val Loss 31.6495 Acc 0.3252 AUC 0.8046 Pre 0.3734 Rec 0.3170
2026-08-30 03:24:44 |   Val AUC improved to 0.8046, model saved
2026-08-30 03:24:48 | Epoch  17/100 | Train Loss 31.9412 Acc 0.3268 | Val Loss 31.5437 Acc 0.3326 AUC 0.8110 Pre 0.3970 Rec 0.3242
2026-08-30 03:24:48 |   Val AUC improved to 0.8110, model saved
2026-08-30 03:24:52 | Epoch  18/100 | Train Loss 31.7355 Acc 0.3394 | Val Loss 31.3506 Acc 0.3495 AUC 0.8233 Pre 0.4195 Rec 0.3409
2026-08-30 03:24:52 |   Val AUC improved to 0.8233, model saved
2026-08-30 03:24:56 | Epoch  19/100 | Train Loss 31.5674 Acc 0.3571 | Val Loss 31.2166 Acc 0.3599 AUC 0.8317 Pre 0.4188 Rec 0.3517
2026-08-30 03:24:56 |   Val AUC improved to 0.8317, model saved
2026-08-30 03:25:00 | Epoch  20/100 | Train Loss 31.3776 Acc 0.3690 | Val Loss 30.9791 Acc 0.3706 AUC 0.8419 Pre 0.4378 Rec 0.3625
2026-08-30 03:25:00 |   Val AUC improved to 0.8419, model saved
2026-08-30 03:25:04 | Epoch  21/100 | Train Loss 31.1150 Acc 0.3811 | Val Loss 30.7383 Acc 0.3826 AUC 0.8494 Pre 0.4446 Rec 0.3749
2026-08-30 03:25:04 |   Val AUC improved to 0.8494, model saved
2026-08-30 03:25:09 | Epoch  22/100 | Train Loss 30.9014 Acc 0.3951 | Val Loss 30.5831 Acc 0.3917 AUC 0.8534 Pre 0.4633 Rec 0.3843
2026-08-30 03:25:09 |   Val AUC improved to 0.8534, model saved
2026-08-30 03:25:13 | Epoch  23/100 | Train Loss 30.7146 Acc 0.4075 | Val Loss 30.4024 Acc 0.3997 AUC 0.8566 Pre 0.4706 Rec 0.3926
2026-08-30 03:25:13 |   Val AUC improved to 0.8566, model saved
2026-08-30 03:25:18 | Epoch  24/100 | Train Loss 30.5200 Acc 0.4168 | Val Loss 30.2800 Acc 0.4058 AUC 0.8595 Pre 0.4786 Rec 0.3990
2026-08-30 03:25:18 |   Val AUC improved to 0.8595, model saved
2026-08-30 03:25:22 | Epoch  25/100 | Train Loss 30.3769 Acc 0.4237 | Val Loss 30.0991 Acc 0.4128 AUC 0.8635 Pre 0.4893 Rec 0.4067
2026-08-30 03:25:22 |   Val AUC improved to 0.8635, model saved
2026-08-30 03:25:26 | Epoch  26/100 | Train Loss 30.2165 Acc 0.4314 | Val Loss 30.0688 Acc 0.4157 AUC 0.8640 Pre 0.4916 Rec 0.4096
2026-08-30 03:25:26 |   Val AUC improved to 0.8640, model saved
2026-08-30 03:25:30 | Epoch  27/100 | Train Loss 30.0877 Acc 0.4365 | Val Loss 30.0037 Acc 0.4168 AUC 0.8646 Pre 0.4923 Rec 0.4112
2026-08-30 03:25:30 |   Val AUC improved to 0.8646, model saved
2026-08-30 03:25:35 | Epoch  28/100 | Train Loss 29.9875 Acc 0.4410 | Val Loss 29.9432 Acc 0.4185 AUC 0.8662 Pre 0.5045 Rec 0.4127
2026-08-30 03:25:35 |   Val AUC improved to 0.8662, model saved
2026-08-30 03:25:39 | Epoch  29/100 | Train Loss 29.8802 Acc 0.4445 | Val Loss 29.8466 Acc 0.4234 AUC 0.8682 Pre 0.5075 Rec 0.4176
2026-08-30 03:25:39 |   Val AUC improved to 0.8682, model saved
2026-08-30 03:25:43 | Epoch  30/100 | Train Loss 29.7501 Acc 0.4497 | Val Loss 29.8267 Acc 0.4219 AUC 0.8670 Pre 0.5019 Rec 0.4162
2026-08-30 03:25:47 | Epoch  31/100 | Train Loss 29.6587 Acc 0.4516 | Val Loss 29.7710 Acc 0.4247 AUC 0.8692 Pre 0.5042 Rec 0.4201
2026-08-30 03:25:47 |   Val AUC improved to 0.8692, model saved
2026-08-30 03:25:52 | Epoch  32/100 | Train Loss 29.6015 Acc 0.4563 | Val Loss 29.7656 Acc 0.4265 AUC 0.8691 Pre 0.5191 Rec 0.4211
2026-08-30 03:25:56 | Epoch  33/100 | Train Loss 29.5300 Acc 0.4575 | Val Loss 29.7538 Acc 0.4232 AUC 0.8695 Pre 0.5050 Rec 0.4183
2026-08-30 03:25:56 |   Val AUC improved to 0.8695, model saved
2026-08-30 03:26:00 | Epoch  34/100 | Train Loss 29.5084 Acc 0.4592 | Val Loss 29.7512 Acc 0.4256 AUC 0.8692 Pre 0.5107 Rec 0.4202
2026-08-30 03:26:04 | Epoch  35/100 | Train Loss 29.4533 Acc 0.4618 | Val Loss 29.7711 Acc 0.4235 AUC 0.8692 Pre 0.5082 Rec 0.4187
2026-08-30 03:26:08 | Epoch  36/100 | Train Loss 29.4107 Acc 0.4635 | Val Loss 29.7397 Acc 0.4246 AUC 0.8695 Pre 0.5052 Rec 0.4202
2026-08-30 03:26:08 |   Val AUC improved to 0.8695, model saved
2026-08-30 03:26:13 | Epoch  37/100 | Train Loss 29.3886 Acc 0.4640 | Val Loss 29.7475 Acc 0.4246 AUC 0.8700 Pre 0.5109 Rec 0.4207
2026-08-30 03:26:13 |   Val AUC improved to 0.8700, model saved
2026-08-30 03:26:17 | Epoch  38/100 | Train Loss 29.3941 Acc 0.4661 | Val Loss 29.7214 Acc 0.4244 AUC 0.8698 Pre 0.5115 Rec 0.4202
2026-08-30 03:26:21 | Epoch  39/100 | Train Loss 29.3121 Acc 0.4687 | Val Loss 29.7452 Acc 0.4259 AUC 0.8699 Pre 0.5099 Rec 0.4218
2026-08-30 03:26:25 | Epoch  40/100 | Train Loss 29.3399 Acc 0.4666 | Val Loss 29.7562 Acc 0.4230 AUC 0.8700 Pre 0.5137 Rec 0.4193
2026-08-30 03:26:25 |   Val AUC improved to 0.8700, model saved
2026-08-30 03:26:29 | Epoch  41/100 | Train Loss 29.3215 Acc 0.4698 | Val Loss 29.7312 Acc 0.4208 AUC 0.8696 Pre 0.5077 Rec 0.4169
2026-08-30 03:26:34 | Epoch  42/100 | Train Loss 29.3180 Acc 0.4701 | Val Loss 29.7515 Acc 0.4242 AUC 0.8698 Pre 0.5136 Rec 0.4203
2026-08-30 03:26:38 | Epoch  43/100 | Train Loss 29.2970 Acc 0.4713 | Val Loss 29.7387 Acc 0.4242 AUC 0.8700 Pre 0.5120 Rec 0.4198
2026-08-30 03:26:42 | Epoch  44/100 | Train Loss 29.2779 Acc 0.4731 | Val Loss 29.7726 Acc 0.4239 AUC 0.8697 Pre 0.5127 Rec 0.4201
2026-08-30 03:26:46 | Epoch  45/100 | Train Loss 29.3060 Acc 0.4718 | Val Loss 29.7312 Acc 0.4236 AUC 0.8704 Pre 0.5167 Rec 0.4195
2026-08-30 03:26:46 |   Val AUC improved to 0.8704, model saved
2026-08-30 03:26:51 | Epoch  46/100 | Train Loss 29.2759 Acc 0.4726 | Val Loss 29.7317 Acc 0.4233 AUC 0.8704 Pre 0.5124 Rec 0.4194
2026-08-30 03:26:55 | Epoch  47/100 | Train Loss 29.2693 Acc 0.4735 | Val Loss 29.7544 Acc 0.4223 AUC 0.8696 Pre 0.5158 Rec 0.4186
2026-08-30 03:26:59 | Epoch  48/100 | Train Loss 29.2361 Acc 0.4759 | Val Loss 29.7592 Acc 0.4213 AUC 0.8701 Pre 0.5121 Rec 0.4173
2026-08-30 03:27:04 | Epoch  49/100 | Train Loss 29.2360 Acc 0.4758 | Val Loss 29.7635 Acc 0.4214 AUC 0.8703 Pre 0.5163 Rec 0.4176
2026-08-30 03:27:08 | Epoch  50/100 | Train Loss 29.2274 Acc 0.4765 | Val Loss 29.7515 Acc 0.4228 AUC 0.8701 Pre 0.5175 Rec 0.4188
2026-08-30 03:27:12 | Epoch  51/100 | Train Loss 29.2313 Acc 0.4774 | Val Loss 29.7592 Acc 0.4227 AUC 0.8703 Pre 0.5207 Rec 0.4191
2026-08-30 03:27:17 | Epoch  52/100 | Train Loss 29.2303 Acc 0.4787 | Val Loss 29.7965 Acc 0.4230 AUC 0.8699 Pre 0.5103 Rec 0.4185
2026-08-30 03:27:21 | Epoch  53/100 | Train Loss 29.2455 Acc 0.4777 | Val Loss 29.8051 Acc 0.4227 AUC 0.8703 Pre 0.5197 Rec 0.4191
2026-08-30 03:27:26 | Epoch  54/100 | Train Loss 29.2257 Acc 0.4791 | Val Loss 29.8361 Acc 0.4214 AUC 0.8700 Pre 0.5152 Rec 0.4181
2026-08-30 03:27:30 | Epoch  55/100 | Train Loss 29.2224 Acc 0.4795 | Val Loss 29.8301 Acc 0.4207 AUC 0.8701 Pre 0.5156 Rec 0.4167
2026-08-30 03:27:30 | Val AUC did not improve for 10 consecutive epochs, early stopping at Epoch 55 (best AUC 0.8704 @ Epoch 45)
2026-08-30 03:27:31 | Run 1/5 | Test (best model @ Epoch 45) | Loss 29.6825 Acc 0.4233 AUC 0.8717 Pre 0.5173 Rec 0.4194
2026-08-30 03:27:31 | ===== Run 2/5 (seed 1) =====
2026-08-30 03:27:35 | Epoch   1/100 | Train Loss 36.6997 Acc 0.0145 | Val Loss 36.5883 Acc 0.0168 AUC 0.5127 Pre 0.0172 Rec 0.0163
2026-08-30 03:27:35 |   Val AUC improved to 0.5127, model saved
2026-08-30 03:27:40 | Epoch   2/100 | Train Loss 36.5847 Acc 0.0217 | Val Loss 36.4788 Acc 0.0320 AUC 0.5408 Pre 0.0335 Rec 0.0312
2026-08-30 03:27:40 |   Val AUC improved to 0.5408, model saved
2026-08-30 03:27:44 | Epoch   3/100 | Train Loss 36.2106 Acc 0.0592 | Val Loss 35.5095 Acc 0.1057 AUC 0.6550 Pre 0.1037 Rec 0.1030
2026-08-30 03:27:44 |   Val AUC improved to 0.6550, model saved
2026-08-30 03:27:48 | Epoch   4/100 | Train Loss 35.0796 Acc 0.1576 | Val Loss 33.7969 Acc 0.2163 AUC 0.7230 Pre 0.2269 Rec 0.2108
2026-08-30 03:27:48 |   Val AUC improved to 0.7230, model saved
2026-08-30 03:27:53 | Epoch   5/100 | Train Loss 33.9080 Acc 0.2268 | Val Loss 32.9794 Acc 0.2594 AUC 0.7512 Pre 0.2803 Rec 0.2528
2026-08-30 03:27:53 |   Val AUC improved to 0.7512, model saved
2026-08-30 03:27:57 | Epoch   6/100 | Train Loss 33.2638 Acc 0.2622 | Val Loss 32.5285 Acc 0.2812 AUC 0.7659 Pre 0.3122 Rec 0.2741
2026-08-30 03:27:57 |   Val AUC improved to 0.7659, model saved
2026-08-30 03:28:01 | Epoch   7/100 | Train Loss 32.8368 Acc 0.2872 | Val Loss 32.2396 Acc 0.3009 AUC 0.7806 Pre 0.3354 Rec 0.2933
2026-08-30 03:28:01 |   Val AUC improved to 0.7806, model saved
2026-08-30 03:28:05 | Epoch   8/100 | Train Loss 32.4733 Acc 0.3116 | Val Loss 31.9585 Acc 0.3213 AUC 0.7942 Pre 0.3567 Rec 0.3133
2026-08-30 03:28:05 |   Val AUC improved to 0.7942, model saved
2026-08-30 03:28:09 | Epoch   9/100 | Train Loss 32.1188 Acc 0.3356 | Val Loss 31.5852 Acc 0.3394 AUC 0.8074 Pre 0.3932 Rec 0.3308
2026-08-30 03:28:09 |   Val AUC improved to 0.8074, model saved
2026-08-30 03:28:13 | Epoch  10/100 | Train Loss 31.7789 Acc 0.3537 | Val Loss 31.3396 Acc 0.3528 AUC 0.8176 Pre 0.4187 Rec 0.3439
2026-08-30 03:28:13 |   Val AUC improved to 0.8176, model saved
2026-08-30 03:28:17 | Epoch  11/100 | Train Loss 31.4771 Acc 0.3721 | Val Loss 31.0580 Acc 0.3665 AUC 0.8289 Pre 0.4339 Rec 0.3574
2026-08-30 03:28:17 |   Val AUC improved to 0.8289, model saved
2026-08-30 03:28:21 | Epoch  12/100 | Train Loss 31.2079 Acc 0.3884 | Val Loss 30.8416 Acc 0.3814 AUC 0.8405 Pre 0.4598 Rec 0.3720
2026-08-30 03:28:21 |   Val AUC improved to 0.8405, model saved
2026-08-30 03:28:25 | Epoch  13/100 | Train Loss 30.9531 Acc 0.4060 | Val Loss 30.6701 Acc 0.3966 AUC 0.8526 Pre 0.4863 Rec 0.3878
2026-08-30 03:28:25 |   Val AUC improved to 0.8526, model saved
2026-08-30 03:28:28 | Epoch  14/100 | Train Loss 30.6725 Acc 0.4244 | Val Loss 30.3535 Acc 0.4109 AUC 0.8603 Pre 0.5092 Rec 0.4025
2026-08-30 03:28:28 |   Val AUC improved to 0.8603, model saved
2026-08-30 03:28:32 | Epoch  15/100 | Train Loss 30.3975 Acc 0.4381 | Val Loss 30.1741 Acc 0.4233 AUC 0.8686 Pre 0.5371 Rec 0.4155
2026-08-30 03:28:32 |   Val AUC improved to 0.8686, model saved
2026-08-30 03:28:35 | Epoch  16/100 | Train Loss 30.1768 Acc 0.4516 | Val Loss 30.0066 Acc 0.4301 AUC 0.8719 Pre 0.5372 Rec 0.4228
2026-08-30 03:28:35 |   Val AUC improved to 0.8719, model saved
2026-08-30 03:28:39 | Epoch  17/100 | Train Loss 29.9758 Acc 0.4621 | Val Loss 29.9114 Acc 0.4361 AUC 0.8746 Pre 0.5471 Rec 0.4297
2026-08-30 03:28:39 |   Val AUC improved to 0.8746, model saved
2026-08-30 03:28:42 | Epoch  18/100 | Train Loss 29.7837 Acc 0.4726 | Val Loss 29.7189 Acc 0.4473 AUC 0.8783 Pre 0.5670 Rec 0.4412
2026-08-30 03:28:42 |   Val AUC improved to 0.8783, model saved
2026-08-30 03:28:46 | Epoch  19/100 | Train Loss 29.5918 Acc 0.4824 | Val Loss 29.6221 Acc 0.4518 AUC 0.8798 Pre 0.5696 Rec 0.4459
2026-08-30 03:28:46 |   Val AUC improved to 0.8798, model saved
2026-08-30 03:28:50 | Epoch  20/100 | Train Loss 29.4072 Acc 0.4912 | Val Loss 29.5557 Acc 0.4557 AUC 0.8822 Pre 0.5642 Rec 0.4508
2026-08-30 03:28:50 |   Val AUC improved to 0.8822, model saved
2026-08-30 03:28:54 | Epoch  21/100 | Train Loss 29.2850 Acc 0.4967 | Val Loss 29.5236 Acc 0.4577 AUC 0.8838 Pre 0.5821 Rec 0.4532
2026-08-30 03:28:54 |   Val AUC improved to 0.8838, model saved
2026-08-30 03:28:57 | Epoch  22/100 | Train Loss 29.1566 Acc 0.5020 | Val Loss 29.4522 Acc 0.4618 AUC 0.8855 Pre 0.5797 Rec 0.4566
2026-08-30 03:28:57 |   Val AUC improved to 0.8855, model saved
2026-08-30 03:29:01 | Epoch  23/100 | Train Loss 29.0648 Acc 0.5057 | Val Loss 29.4275 Acc 0.4633 AUC 0.8851 Pre 0.5869 Rec 0.4588
2026-08-30 03:29:05 | Epoch  24/100 | Train Loss 29.0004 Acc 0.5085 | Val Loss 29.4387 Acc 0.4655 AUC 0.8866 Pre 0.5913 Rec 0.4609
2026-08-30 03:29:05 |   Val AUC improved to 0.8866, model saved
2026-08-30 03:29:08 | Epoch  25/100 | Train Loss 28.9362 Acc 0.5120 | Val Loss 29.3536 Acc 0.4674 AUC 0.8880 Pre 0.5933 Rec 0.4629
2026-08-30 03:29:08 |   Val AUC improved to 0.8880, model saved
2026-08-30 03:29:12 | Epoch  26/100 | Train Loss 28.9101 Acc 0.5154 | Val Loss 29.4067 Acc 0.4653 AUC 0.8865 Pre 0.5863 Rec 0.4608
2026-08-30 03:29:15 | Epoch  27/100 | Train Loss 28.8554 Acc 0.5171 | Val Loss 29.4586 Acc 0.4663 AUC 0.8872 Pre 0.5971 Rec 0.4615
2026-08-30 03:29:19 | Epoch  28/100 | Train Loss 28.8119 Acc 0.5190 | Val Loss 29.3900 Acc 0.4653 AUC 0.8874 Pre 0.5919 Rec 0.4608
2026-08-30 03:29:23 | Epoch  29/100 | Train Loss 28.7509 Acc 0.5220 | Val Loss 29.3348 Acc 0.4694 AUC 0.8886 Pre 0.5939 Rec 0.4648
2026-08-30 03:29:23 |   Val AUC improved to 0.8886, model saved
2026-08-30 03:29:27 | Epoch  30/100 | Train Loss 28.7133 Acc 0.5234 | Val Loss 29.3375 Acc 0.4680 AUC 0.8885 Pre 0.5991 Rec 0.4637
2026-08-30 03:29:30 | Epoch  31/100 | Train Loss 28.6873 Acc 0.5261 | Val Loss 29.3268 Acc 0.4697 AUC 0.8898 Pre 0.6036 Rec 0.4655
2026-08-30 03:29:30 |   Val AUC improved to 0.8898, model saved
2026-08-30 03:29:34 | Epoch  32/100 | Train Loss 28.6558 Acc 0.5276 | Val Loss 29.3258 Acc 0.4715 AUC 0.8895 Pre 0.6030 Rec 0.4672
2026-08-30 03:29:37 | Epoch  33/100 | Train Loss 28.6401 Acc 0.5295 | Val Loss 29.3365 Acc 0.4710 AUC 0.8897 Pre 0.6055 Rec 0.4666
2026-08-30 03:29:41 | Epoch  34/100 | Train Loss 28.6121 Acc 0.5295 | Val Loss 29.3420 Acc 0.4708 AUC 0.8888 Pre 0.6029 Rec 0.4667
2026-08-30 03:29:45 | Epoch  35/100 | Train Loss 28.5452 Acc 0.5336 | Val Loss 29.3115 Acc 0.4732 AUC 0.8904 Pre 0.6168 Rec 0.4689
2026-08-30 03:29:45 |   Val AUC improved to 0.8904, model saved
2026-08-30 03:29:48 | Epoch  36/100 | Train Loss 28.5266 Acc 0.5348 | Val Loss 29.2995 Acc 0.4732 AUC 0.8909 Pre 0.6122 Rec 0.4687
2026-08-30 03:29:48 |   Val AUC improved to 0.8909, model saved
2026-08-30 03:29:52 | Epoch  37/100 | Train Loss 28.5390 Acc 0.5350 | Val Loss 29.2697 Acc 0.4741 AUC 0.8908 Pre 0.6174 Rec 0.4698
2026-08-30 03:29:56 | Epoch  38/100 | Train Loss 28.4692 Acc 0.5391 | Val Loss 29.3076 Acc 0.4730 AUC 0.8919 Pre 0.6160 Rec 0.4683
2026-08-30 03:29:56 |   Val AUC improved to 0.8919, model saved
2026-08-30 03:30:00 | Epoch  39/100 | Train Loss 28.4750 Acc 0.5389 | Val Loss 29.2547 Acc 0.4752 AUC 0.8917 Pre 0.6174 Rec 0.4708
2026-08-30 03:30:03 | Epoch  40/100 | Train Loss 28.4316 Acc 0.5414 | Val Loss 29.2810 Acc 0.4764 AUC 0.8921 Pre 0.6197 Rec 0.4719
2026-08-30 03:30:03 |   Val AUC improved to 0.8921, model saved
2026-08-30 03:30:07 | Epoch  41/100 | Train Loss 28.4372 Acc 0.5409 | Val Loss 29.3276 Acc 0.4724 AUC 0.8913 Pre 0.6094 Rec 0.4683
2026-08-30 03:30:11 | Epoch  42/100 | Train Loss 28.4057 Acc 0.5429 | Val Loss 29.2795 Acc 0.4756 AUC 0.8925 Pre 0.6259 Rec 0.4711
2026-08-30 03:30:11 |   Val AUC improved to 0.8925, model saved
2026-08-30 03:30:14 | Epoch  43/100 | Train Loss 28.3919 Acc 0.5435 | Val Loss 29.2698 Acc 0.4758 AUC 0.8928 Pre 0.6280 Rec 0.4713
2026-08-30 03:30:14 |   Val AUC improved to 0.8928, model saved
2026-08-30 03:30:18 | Epoch  44/100 | Train Loss 28.3609 Acc 0.5461 | Val Loss 29.2875 Acc 0.4773 AUC 0.8922 Pre 0.6287 Rec 0.4731
2026-08-30 03:30:22 | Epoch  45/100 | Train Loss 28.3250 Acc 0.5474 | Val Loss 29.3071 Acc 0.4762 AUC 0.8926 Pre 0.6237 Rec 0.4718
2026-08-30 03:30:25 | Epoch  46/100 | Train Loss 28.3342 Acc 0.5480 | Val Loss 29.3296 Acc 0.4758 AUC 0.8916 Pre 0.6249 Rec 0.4709
2026-08-30 03:30:29 | Epoch  47/100 | Train Loss 28.3205 Acc 0.5492 | Val Loss 29.2879 Acc 0.4769 AUC 0.8929 Pre 0.6231 Rec 0.4724
2026-08-30 03:30:29 |   Val AUC improved to 0.8929, model saved
2026-08-30 03:30:33 | Epoch  48/100 | Train Loss 28.3354 Acc 0.5487 | Val Loss 29.2426 Acc 0.4775 AUC 0.8928 Pre 0.6312 Rec 0.4729
2026-08-30 03:30:36 | Epoch  49/100 | Train Loss 28.2921 Acc 0.5503 | Val Loss 29.2555 Acc 0.4781 AUC 0.8933 Pre 0.6287 Rec 0.4737
2026-08-30 03:30:36 |   Val AUC improved to 0.8933, model saved
2026-08-30 03:30:40 | Epoch  50/100 | Train Loss 28.2969 Acc 0.5512 | Val Loss 29.2797 Acc 0.4752 AUC 0.8932 Pre 0.6260 Rec 0.4712
2026-08-30 03:30:44 | Epoch  51/100 | Train Loss 28.2937 Acc 0.5507 | Val Loss 29.3123 Acc 0.4760 AUC 0.8928 Pre 0.6257 Rec 0.4715
2026-08-30 03:30:47 | Epoch  52/100 | Train Loss 28.2834 Acc 0.5510 | Val Loss 29.2658 Acc 0.4781 AUC 0.8938 Pre 0.6349 Rec 0.4737
2026-08-30 03:30:47 |   Val AUC improved to 0.8938, model saved
2026-08-30 03:30:51 | Epoch  53/100 | Train Loss 28.2336 Acc 0.5540 | Val Loss 29.2433 Acc 0.4769 AUC 0.8941 Pre 0.6314 Rec 0.4727
2026-08-30 03:30:51 |   Val AUC improved to 0.8941, model saved
2026-08-30 03:30:55 | Epoch  54/100 | Train Loss 28.1953 Acc 0.5551 | Val Loss 29.2747 Acc 0.4769 AUC 0.8937 Pre 0.6298 Rec 0.4728
2026-08-30 03:30:58 | Epoch  55/100 | Train Loss 28.2212 Acc 0.5543 | Val Loss 29.2505 Acc 0.4771 AUC 0.8945 Pre 0.6316 Rec 0.4729
2026-08-30 03:30:59 |   Val AUC improved to 0.8945, model saved
2026-08-30 03:31:02 | Epoch  56/100 | Train Loss 28.1978 Acc 0.5555 | Val Loss 29.2787 Acc 0.4758 AUC 0.8939 Pre 0.6327 Rec 0.4716
2026-08-30 03:31:06 | Epoch  57/100 | Train Loss 28.1858 Acc 0.5564 | Val Loss 29.2501 Acc 0.4796 AUC 0.8950 Pre 0.6360 Rec 0.4754
2026-08-30 03:31:06 |   Val AUC improved to 0.8950, model saved
2026-08-30 03:31:10 | Epoch  58/100 | Train Loss 28.1864 Acc 0.5570 | Val Loss 29.3000 Acc 0.4756 AUC 0.8937 Pre 0.6354 Rec 0.4713
2026-08-30 03:31:13 | Epoch  59/100 | Train Loss 28.1500 Acc 0.5588 | Val Loss 29.2930 Acc 0.4764 AUC 0.8939 Pre 0.6343 Rec 0.4725
2026-08-30 03:31:17 | Epoch  60/100 | Train Loss 28.1767 Acc 0.5579 | Val Loss 29.3196 Acc 0.4769 AUC 0.8929 Pre 0.6337 Rec 0.4727
2026-08-30 03:31:21 | Epoch  61/100 | Train Loss 28.1569 Acc 0.5586 | Val Loss 29.3151 Acc 0.4756 AUC 0.8935 Pre 0.6324 Rec 0.4712
2026-08-30 03:31:25 | Epoch  62/100 | Train Loss 28.1536 Acc 0.5592 | Val Loss 29.3324 Acc 0.4763 AUC 0.8938 Pre 0.6289 Rec 0.4721
2026-08-30 03:31:28 | Epoch  63/100 | Train Loss 28.1468 Acc 0.5595 | Val Loss 29.3542 Acc 0.4743 AUC 0.8935 Pre 0.6290 Rec 0.4699
2026-08-30 03:31:32 | Epoch  64/100 | Train Loss 28.1784 Acc 0.5590 | Val Loss 29.3069 Acc 0.4769 AUC 0.8941 Pre 0.6352 Rec 0.4728
2026-08-30 03:31:36 | Epoch  65/100 | Train Loss 28.1583 Acc 0.5598 | Val Loss 29.3698 Acc 0.4732 AUC 0.8932 Pre 0.6327 Rec 0.4691
2026-08-30 03:31:39 | Epoch  66/100 | Train Loss 28.1448 Acc 0.5609 | Val Loss 29.3787 Acc 0.4749 AUC 0.8938 Pre 0.6333 Rec 0.4709
2026-08-30 03:31:43 | Epoch  67/100 | Train Loss 28.1444 Acc 0.5606 | Val Loss 29.3404 Acc 0.4764 AUC 0.8937 Pre 0.6362 Rec 0.4720
2026-08-30 03:31:43 | Val AUC did not improve for 10 consecutive epochs, early stopping at Epoch 67 (best AUC 0.8950 @ Epoch 57)
2026-08-30 03:31:44 | Run 2/5 | Test (best model @ Epoch 57) | Loss 29.2247 Acc 0.4788 AUC 0.8951 Pre 0.6303 Rec 0.4746
2026-08-30 03:31:44 | ===== Run 3/5 (seed 2) =====
2026-08-30 03:31:48 | Epoch   1/100 | Train Loss 36.6667 Acc 0.0192 | Val Loss 36.5391 Acc 0.0422 AUC 0.5365 Pre 0.0793 Rec 0.0420
2026-08-30 03:31:48 |   Val AUC improved to 0.5365, model saved
2026-08-30 03:31:51 | Epoch   2/100 | Train Loss 36.3779 Acc 0.0613 | Val Loss 35.7745 Acc 0.1150 AUC 0.6626 Pre 0.1334 Rec 0.1144
2026-08-30 03:31:51 |   Val AUC improved to 0.6626, model saved
2026-08-30 03:31:55 | Epoch   3/100 | Train Loss 35.3415 Acc 0.1588 | Val Loss 34.0862 Acc 0.2351 AUC 0.7733 Pre 0.2447 Rec 0.2327
2026-08-30 03:31:55 |   Val AUC improved to 0.7733, model saved
2026-08-30 03:31:59 | Epoch   4/100 | Train Loss 33.6980 Acc 0.2696 | Val Loss 32.2291 Acc 0.3230 AUC 0.8249 Pre 0.3340 Rec 0.3216
2026-08-30 03:31:59 |   Val AUC improved to 0.8249, model saved
2026-08-30 03:32:03 | Epoch   5/100 | Train Loss 32.1019 Acc 0.3519 | Val Loss 30.9718 Acc 0.3827 AUC 0.8610 Pre 0.4041 Rec 0.3818
2026-08-30 03:32:03 |   Val AUC improved to 0.8610, model saved
2026-08-30 03:32:07 | Epoch   6/100 | Train Loss 30.8633 Acc 0.4189 | Val Loss 29.9354 Acc 0.4389 AUC 0.8818 Pre 0.4604 Rec 0.4371
2026-08-30 03:32:07 |   Val AUC improved to 0.8818, model saved
2026-08-30 03:32:11 | Epoch   7/100 | Train Loss 29.8130 Acc 0.4742 | Val Loss 29.1794 Acc 0.4731 AUC 0.8990 Pre 0.4905 Rec 0.4704
2026-08-30 03:32:11 |   Val AUC improved to 0.8990, model saved
2026-08-30 03:32:14 | Epoch   8/100 | Train Loss 28.9378 Acc 0.5126 | Val Loss 28.5037 Acc 0.4927 AUC 0.9082 Pre 0.5008 Rec 0.4894
2026-08-30 03:32:15 |   Val AUC improved to 0.9082, model saved
2026-08-30 03:32:18 | Epoch   9/100 | Train Loss 28.3663 Acc 0.5348 | Val Loss 28.3798 Acc 0.5014 AUC 0.9127 Pre 0.5230 Rec 0.4980
2026-08-30 03:32:18 |   Val AUC improved to 0.9127, model saved
2026-08-30 03:32:22 | Epoch  10/100 | Train Loss 28.0260 Acc 0.5549 | Val Loss 28.1593 Acc 0.5227 AUC 0.9200 Pre 0.5349 Rec 0.5188
2026-08-30 03:32:22 |   Val AUC improved to 0.9200, model saved
2026-08-30 03:32:26 | Epoch  11/100 | Train Loss 27.6815 Acc 0.5759 | Val Loss 27.9534 Acc 0.5326 AUC 0.9249 Pre 0.5565 Rec 0.5285
2026-08-30 03:32:26 |   Val AUC improved to 0.9249, model saved
2026-08-30 03:32:30 | Epoch  12/100 | Train Loss 27.3927 Acc 0.5926 | Val Loss 27.7122 Acc 0.5474 AUC 0.9298 Pre 0.5665 Rec 0.5429
2026-08-30 03:32:30 |   Val AUC improved to 0.9298, model saved
2026-08-30 03:32:34 | Epoch  13/100 | Train Loss 27.1311 Acc 0.6099 | Val Loss 27.5863 Acc 0.5567 AUC 0.9324 Pre 0.5808 Rec 0.5518
2026-08-30 03:32:34 |   Val AUC improved to 0.9324, model saved
2026-08-30 03:32:38 | Epoch  14/100 | Train Loss 26.8902 Acc 0.6226 | Val Loss 27.4257 Acc 0.5645 AUC 0.9348 Pre 0.5935 Rec 0.5595
2026-08-30 03:32:38 |   Val AUC improved to 0.9348, model saved
2026-08-30 03:32:42 | Epoch  15/100 | Train Loss 26.6843 Acc 0.6300 | Val Loss 27.3442 Acc 0.5659 AUC 0.9354 Pre 0.5851 Rec 0.5609
2026-08-30 03:32:42 |   Val AUC improved to 0.9354, model saved
2026-08-30 03:32:46 | Epoch  16/100 | Train Loss 26.5498 Acc 0.6340 | Val Loss 27.2362 Acc 0.5706 AUC 0.9369 Pre 0.6049 Rec 0.5656
2026-08-30 03:32:46 |   Val AUC improved to 0.9369, model saved
2026-08-30 03:32:50 | Epoch  17/100 | Train Loss 26.5817 Acc 0.6368 | Val Loss 27.3609 Acc 0.5678 AUC 0.9357 Pre 0.5977 Rec 0.5626
2026-08-30 03:32:53 | Epoch  18/100 | Train Loss 26.4696 Acc 0.6391 | Val Loss 27.3615 Acc 0.5689 AUC 0.9370 Pre 0.5962 Rec 0.5637
2026-08-30 03:32:54 |   Val AUC improved to 0.9370, model saved
2026-08-30 03:32:57 | Epoch  19/100 | Train Loss 26.4361 Acc 0.6407 | Val Loss 27.4036 Acc 0.5694 AUC 0.9363 Pre 0.6017 Rec 0.5642
2026-08-30 03:33:01 | Epoch  20/100 | Train Loss 26.3923 Acc 0.6418 | Val Loss 27.3784 Acc 0.5723 AUC 0.9377 Pre 0.6061 Rec 0.5672
2026-08-30 03:33:01 |   Val AUC improved to 0.9377, model saved
2026-08-30 03:33:05 | Epoch  21/100 | Train Loss 26.3523 Acc 0.6454 | Val Loss 27.4027 Acc 0.5685 AUC 0.9373 Pre 0.6039 Rec 0.5633
2026-08-30 03:33:09 | Epoch  22/100 | Train Loss 26.3269 Acc 0.6451 | Val Loss 27.4799 Acc 0.5663 AUC 0.9372 Pre 0.6062 Rec 0.5611
2026-08-30 03:33:13 | Epoch  23/100 | Train Loss 26.3144 Acc 0.6460 | Val Loss 27.4518 Acc 0.5665 AUC 0.9368 Pre 0.6074 Rec 0.5613
2026-08-30 03:33:16 | Epoch  24/100 | Train Loss 26.2701 Acc 0.6469 | Val Loss 27.4173 Acc 0.5682 AUC 0.9375 Pre 0.6082 Rec 0.5629
2026-08-30 03:33:20 | Epoch  25/100 | Train Loss 26.2077 Acc 0.6493 | Val Loss 27.3698 Acc 0.5693 AUC 0.9382 Pre 0.6098 Rec 0.5641
2026-08-30 03:33:20 |   Val AUC improved to 0.9382, model saved
2026-08-30 03:33:24 | Epoch  26/100 | Train Loss 26.1646 Acc 0.6508 | Val Loss 27.3048 Acc 0.5723 AUC 0.9383 Pre 0.6179 Rec 0.5672
2026-08-30 03:33:24 |   Val AUC improved to 0.9383, model saved
2026-08-30 03:33:27 | Epoch  27/100 | Train Loss 26.1442 Acc 0.6527 | Val Loss 27.3498 Acc 0.5739 AUC 0.9394 Pre 0.6152 Rec 0.5687
2026-08-30 03:33:27 |   Val AUC improved to 0.9394, model saved
2026-08-30 03:33:31 | Epoch  28/100 | Train Loss 26.1057 Acc 0.6549 | Val Loss 27.3516 Acc 0.5736 AUC 0.9398 Pre 0.6151 Rec 0.5683
2026-08-30 03:33:31 |   Val AUC improved to 0.9398, model saved
2026-08-30 03:33:35 | Epoch  29/100 | Train Loss 26.0697 Acc 0.6573 | Val Loss 27.3060 Acc 0.5751 AUC 0.9405 Pre 0.6167 Rec 0.5698
2026-08-30 03:33:35 |   Val AUC improved to 0.9405, model saved
2026-08-30 03:33:38 | Epoch  30/100 | Train Loss 26.0853 Acc 0.6614 | Val Loss 27.4092 Acc 0.5712 AUC 0.9398 Pre 0.6136 Rec 0.5658
2026-08-30 03:33:42 | Epoch  31/100 | Train Loss 26.0465 Acc 0.6614 | Val Loss 27.3634 Acc 0.5732 AUC 0.9410 Pre 0.6205 Rec 0.5678
2026-08-30 03:33:42 |   Val AUC improved to 0.9410, model saved
2026-08-30 03:33:46 | Epoch  32/100 | Train Loss 25.9759 Acc 0.6640 | Val Loss 27.2822 Acc 0.5773 AUC 0.9416 Pre 0.6205 Rec 0.5718
2026-08-30 03:33:46 |   Val AUC improved to 0.9416, model saved
2026-08-30 03:33:50 | Epoch  33/100 | Train Loss 25.9295 Acc 0.6673 | Val Loss 27.2618 Acc 0.5793 AUC 0.9429 Pre 0.6196 Rec 0.5736
2026-08-30 03:33:50 |   Val AUC improved to 0.9429, model saved
2026-08-30 03:33:54 | Epoch  34/100 | Train Loss 25.8939 Acc 0.6697 | Val Loss 27.2029 Acc 0.5829 AUC 0.9431 Pre 0.6249 Rec 0.5772
2026-08-30 03:33:54 |   Val AUC improved to 0.9431, model saved
2026-08-30 03:33:58 | Epoch  35/100 | Train Loss 25.8608 Acc 0.6735 | Val Loss 27.2627 Acc 0.5807 AUC 0.9433 Pre 0.6215 Rec 0.5750
2026-08-30 03:33:58 |   Val AUC improved to 0.9433, model saved
2026-08-30 03:34:02 | Epoch  36/100 | Train Loss 25.8231 Acc 0.6752 | Val Loss 27.1898 Acc 0.5849 AUC 0.9439 Pre 0.6244 Rec 0.5792
2026-08-30 03:34:02 |   Val AUC improved to 0.9439, model saved
2026-08-30 03:34:06 | Epoch  37/100 | Train Loss 25.7638 Acc 0.6769 | Val Loss 27.1353 Acc 0.5869 AUC 0.9448 Pre 0.6257 Rec 0.5810
2026-08-30 03:34:06 |   Val AUC improved to 0.9448, model saved
2026-08-30 03:34:10 | Epoch  38/100 | Train Loss 25.7609 Acc 0.6774 | Val Loss 27.1528 Acc 0.5877 AUC 0.9449 Pre 0.6244 Rec 0.5819
2026-08-30 03:34:10 |   Val AUC improved to 0.9449, model saved
2026-08-30 03:34:14 | Epoch  39/100 | Train Loss 25.7358 Acc 0.6793 | Val Loss 27.1120 Acc 0.5873 AUC 0.9442 Pre 0.6271 Rec 0.5815
2026-08-30 03:34:18 | Epoch  40/100 | Train Loss 25.7050 Acc 0.6789 | Val Loss 27.1776 Acc 0.5877 AUC 0.9442 Pre 0.6322 Rec 0.5820
2026-08-30 03:34:22 | Epoch  41/100 | Train Loss 25.6727 Acc 0.6794 | Val Loss 27.1336 Acc 0.5867 AUC 0.9447 Pre 0.6291 Rec 0.5810
2026-08-30 03:34:26 | Epoch  42/100 | Train Loss 25.6450 Acc 0.6810 | Val Loss 27.1297 Acc 0.5883 AUC 0.9449 Pre 0.6368 Rec 0.5824
2026-08-30 03:34:26 |   Val AUC improved to 0.9449, model saved
2026-08-30 03:34:30 | Epoch  43/100 | Train Loss 25.5853 Acc 0.6834 | Val Loss 27.1314 Acc 0.5897 AUC 0.9452 Pre 0.6351 Rec 0.5839
2026-08-30 03:34:30 |   Val AUC improved to 0.9452, model saved
2026-08-30 03:34:34 | Epoch  44/100 | Train Loss 25.5932 Acc 0.6822 | Val Loss 27.1245 Acc 0.5864 AUC 0.9451 Pre 0.6319 Rec 0.5804
2026-08-30 03:34:38 | Epoch  45/100 | Train Loss 25.5896 Acc 0.6819 | Val Loss 27.1396 Acc 0.5875 AUC 0.9450 Pre 0.6321 Rec 0.5815
2026-08-30 03:34:41 | Epoch  46/100 | Train Loss 25.5581 Acc 0.6830 | Val Loss 27.1005 Acc 0.5871 AUC 0.9446 Pre 0.6332 Rec 0.5812
2026-08-30 03:34:45 | Epoch  47/100 | Train Loss 25.5680 Acc 0.6826 | Val Loss 27.0890 Acc 0.5853 AUC 0.9450 Pre 0.6363 Rec 0.5796
2026-08-30 03:34:48 | Epoch  48/100 | Train Loss 25.5546 Acc 0.6831 | Val Loss 27.0491 Acc 0.5884 AUC 0.9451 Pre 0.6324 Rec 0.5825
2026-08-30 03:34:52 | Epoch  49/100 | Train Loss 25.5230 Acc 0.6844 | Val Loss 27.0594 Acc 0.5865 AUC 0.9447 Pre 0.6371 Rec 0.5807
2026-08-30 03:34:55 | Epoch  50/100 | Train Loss 25.4956 Acc 0.6839 | Val Loss 27.0846 Acc 0.5854 AUC 0.9450 Pre 0.6347 Rec 0.5795
2026-08-30 03:34:59 | Epoch  51/100 | Train Loss 25.5144 Acc 0.6835 | Val Loss 27.0883 Acc 0.5863 AUC 0.9448 Pre 0.6396 Rec 0.5805
2026-08-30 03:35:02 | Epoch  52/100 | Train Loss 25.4602 Acc 0.6848 | Val Loss 27.0765 Acc 0.5876 AUC 0.9447 Pre 0.6429 Rec 0.5816
2026-08-30 03:35:05 | Epoch  53/100 | Train Loss 25.4640 Acc 0.6849 | Val Loss 27.0889 Acc 0.5863 AUC 0.9443 Pre 0.6333 Rec 0.5804
2026-08-30 03:35:05 | Val AUC did not improve for 10 consecutive epochs, early stopping at Epoch 53 (best AUC 0.9452 @ Epoch 43)
2026-08-30 03:35:06 | Run 3/5 | Test (best model @ Epoch 43) | Loss 27.1351 Acc 0.5881 AUC 0.9443 Pre 0.6292 Rec 0.5824
2026-08-30 03:35:06 | ===== Run 4/5 (seed 3) =====
2026-08-30 03:35:10 | Epoch   1/100 | Train Loss 36.6907 Acc 0.0164 | Val Loss 36.5954 Acc 0.0162 AUC 0.5115 Pre 0.0318 Rec 0.0158
2026-08-30 03:35:10 |   Val AUC improved to 0.5115, model saved
2026-08-30 03:35:13 | Epoch   2/100 | Train Loss 36.6042 Acc 0.0142 | Val Loss 36.5978 Acc 0.0171 AUC 0.5055 Pre 0.0422 Rec 0.0167
2026-08-30 03:35:17 | Epoch   3/100 | Train Loss 36.6021 Acc 0.0146 | Val Loss 36.5846 Acc 0.0219 AUC 0.5145 Pre 0.0115 Rec 0.0213
2026-08-30 03:35:17 |   Val AUC improved to 0.5145, model saved
2026-08-30 03:35:21 | Epoch   4/100 | Train Loss 36.5758 Acc 0.0222 | Val Loss 36.5266 Acc 0.0312 AUC 0.5763 Pre 0.0214 Rec 0.0304
2026-08-30 03:35:21 |   Val AUC improved to 0.5763, model saved
2026-08-30 03:35:24 | Epoch   5/100 | Train Loss 36.5020 Acc 0.0307 | Val Loss 36.4125 Acc 0.0442 AUC 0.6577 Pre 0.0223 Rec 0.0431
2026-08-30 03:35:24 |   Val AUC improved to 0.6577, model saved
2026-08-30 03:35:28 | Epoch   6/100 | Train Loss 36.3514 Acc 0.0555 | Val Loss 36.0151 Acc 0.0838 AUC 0.6910 Pre 0.0625 Rec 0.0827
2026-08-30 03:35:28 |   Val AUC improved to 0.6910, model saved
2026-08-30 03:35:31 | Epoch   7/100 | Train Loss 35.7711 Acc 0.1076 | Val Loss 34.9239 Acc 0.1534 AUC 0.7264 Pre 0.1473 Rec 0.1506
2026-08-30 03:35:31 |   Val AUC improved to 0.7264, model saved
2026-08-30 03:35:35 | Epoch   8/100 | Train Loss 34.6653 Acc 0.1890 | Val Loss 33.5449 Acc 0.2415 AUC 0.7566 Pre 0.2513 Rec 0.2366
2026-08-30 03:35:35 |   Val AUC improved to 0.7566, model saved
2026-08-30 03:35:39 | Epoch   9/100 | Train Loss 33.6192 Acc 0.2515 | Val Loss 32.5929 Acc 0.2884 AUC 0.7776 Pre 0.3066 Rec 0.2823
2026-08-30 03:35:39 |   Val AUC improved to 0.7776, model saved
2026-08-30 03:35:42 | Epoch  10/100 | Train Loss 32.8873 Acc 0.2920 | Val Loss 31.9650 Acc 0.3200 AUC 0.7956 Pre 0.3475 Rec 0.3131
2026-08-30 03:35:42 |   Val AUC improved to 0.7956, model saved
2026-08-30 03:35:46 | Epoch  11/100 | Train Loss 32.3245 Acc 0.3183 | Val Loss 31.4778 Acc 0.3365 AUC 0.8075 Pre 0.3751 Rec 0.3292
2026-08-30 03:35:46 |   Val AUC improved to 0.8075, model saved
2026-08-30 03:35:49 | Epoch  12/100 | Train Loss 31.8917 Acc 0.3371 | Val Loss 31.1631 Acc 0.3499 AUC 0.8156 Pre 0.4062 Rec 0.3425
2026-08-30 03:35:49 |   Val AUC improved to 0.8156, model saved
2026-08-30 03:35:53 | Epoch  13/100 | Train Loss 31.5467 Acc 0.3522 | Val Loss 30.9708 Acc 0.3598 AUC 0.8205 Pre 0.4109 Rec 0.3522
2026-08-30 03:35:53 |   Val AUC improved to 0.8205, model saved
2026-08-30 03:35:56 | Epoch  14/100 | Train Loss 31.2863 Acc 0.3638 | Val Loss 30.7654 Acc 0.3666 AUC 0.8254 Pre 0.4223 Rec 0.3590
2026-08-30 03:35:56 |   Val AUC improved to 0.8254, model saved
2026-08-30 03:36:00 | Epoch  15/100 | Train Loss 31.1190 Acc 0.3705 | Val Loss 30.6496 Acc 0.3738 AUC 0.8290 Pre 0.4419 Rec 0.3660
2026-08-30 03:36:00 |   Val AUC improved to 0.8290, model saved
2026-08-30 03:36:04 | Epoch  16/100 | Train Loss 30.9696 Acc 0.3789 | Val Loss 30.5814 Acc 0.3762 AUC 0.8314 Pre 0.4475 Rec 0.3684
2026-08-30 03:36:04 |   Val AUC improved to 0.8314, model saved
2026-08-30 03:36:07 | Epoch  17/100 | Train Loss 30.8090 Acc 0.3868 | Val Loss 30.4565 Acc 0.3822 AUC 0.8359 Pre 0.4548 Rec 0.3742
2026-08-30 03:36:07 |   Val AUC improved to 0.8359, model saved
2026-08-30 03:36:10 | Epoch  18/100 | Train Loss 30.7045 Acc 0.3937 | Val Loss 30.4349 Acc 0.3897 AUC 0.8408 Pre 0.4776 Rec 0.3816
2026-08-30 03:36:11 |   Val AUC improved to 0.8408, model saved
2026-08-30 03:36:14 | Epoch  19/100 | Train Loss 30.5980 Acc 0.4020 | Val Loss 30.3135 Acc 0.3959 AUC 0.8454 Pre 0.4821 Rec 0.3883
2026-08-30 03:36:14 |   Val AUC improved to 0.8454, model saved
2026-08-30 03:36:18 | Epoch  20/100 | Train Loss 30.4798 Acc 0.4089 | Val Loss 30.1685 Acc 0.4018 AUC 0.8510 Pre 0.4953 Rec 0.3939
2026-08-30 03:36:18 |   Val AUC improved to 0.8510, model saved
2026-08-30 03:36:21 | Epoch  21/100 | Train Loss 30.3387 Acc 0.4174 | Val Loss 30.0973 Acc 0.4074 AUC 0.8552 Pre 0.5032 Rec 0.3997
2026-08-30 03:36:21 |   Val AUC improved to 0.8552, model saved
2026-08-30 03:36:25 | Epoch  22/100 | Train Loss 30.2382 Acc 0.4242 | Val Loss 30.0485 Acc 0.4102 AUC 0.8563 Pre 0.5032 Rec 0.4026
2026-08-30 03:36:25 |   Val AUC improved to 0.8563, model saved
2026-08-30 03:36:28 | Epoch  23/100 | Train Loss 30.1454 Acc 0.4297 | Val Loss 29.9737 Acc 0.4162 AUC 0.8616 Pre 0.5191 Rec 0.4085
2026-08-30 03:36:28 |   Val AUC improved to 0.8616, model saved
2026-08-30 03:36:32 | Epoch  24/100 | Train Loss 30.0441 Acc 0.4354 | Val Loss 29.8713 Acc 0.4199 AUC 0.8635 Pre 0.5304 Rec 0.4124
2026-08-30 03:36:32 |   Val AUC improved to 0.8635, model saved
2026-08-30 03:36:36 | Epoch  25/100 | Train Loss 29.9449 Acc 0.4398 | Val Loss 29.8207 Acc 0.4225 AUC 0.8662 Pre 0.5308 Rec 0.4150
2026-08-30 03:36:36 |   Val AUC improved to 0.8662, model saved
2026-08-30 03:36:40 | Epoch  26/100 | Train Loss 29.8440 Acc 0.4455 | Val Loss 29.7575 Acc 0.4281 AUC 0.8680 Pre 0.5365 Rec 0.4207
2026-08-30 03:36:40 |   Val AUC improved to 0.8680, model saved
2026-08-30 03:36:43 | Epoch  27/100 | Train Loss 29.8024 Acc 0.4494 | Val Loss 29.7507 Acc 0.4295 AUC 0.8709 Pre 0.5369 Rec 0.4226
2026-08-30 03:36:43 |   Val AUC improved to 0.8709, model saved
2026-08-30 03:36:47 | Epoch  28/100 | Train Loss 29.7054 Acc 0.4554 | Val Loss 29.7168 Acc 0.4330 AUC 0.8723 Pre 0.5391 Rec 0.4265
2026-08-30 03:36:47 |   Val AUC improved to 0.8723, model saved
2026-08-30 03:36:51 | Epoch  29/100 | Train Loss 29.6286 Acc 0.4599 | Val Loss 29.6031 Acc 0.4350 AUC 0.8717 Pre 0.5420 Rec 0.4290
2026-08-30 03:36:54 | Epoch  30/100 | Train Loss 29.5425 Acc 0.4653 | Val Loss 29.5567 Acc 0.4387 AUC 0.8746 Pre 0.5471 Rec 0.4332
2026-08-30 03:36:54 |   Val AUC improved to 0.8746, model saved
2026-08-30 03:36:58 | Epoch  31/100 | Train Loss 29.4819 Acc 0.4672 | Val Loss 29.5097 Acc 0.4401 AUC 0.8745 Pre 0.5486 Rec 0.4351
2026-08-30 03:37:01 | Epoch  32/100 | Train Loss 29.3946 Acc 0.4724 | Val Loss 29.4537 Acc 0.4435 AUC 0.8766 Pre 0.5482 Rec 0.4384
2026-08-30 03:37:01 |   Val AUC improved to 0.8766, model saved
2026-08-30 03:37:05 | Epoch  33/100 | Train Loss 29.3163 Acc 0.4755 | Val Loss 29.4066 Acc 0.4470 AUC 0.8785 Pre 0.5550 Rec 0.4418
2026-08-30 03:37:05 |   Val AUC improved to 0.8785, model saved
2026-08-30 03:37:08 | Epoch  34/100 | Train Loss 29.2968 Acc 0.4776 | Val Loss 29.4399 Acc 0.4437 AUC 0.8777 Pre 0.5519 Rec 0.4388
2026-08-30 03:37:12 | Epoch  35/100 | Train Loss 29.2448 Acc 0.4814 | Val Loss 29.4375 Acc 0.4445 AUC 0.8788 Pre 0.5563 Rec 0.4404
2026-08-30 03:37:12 |   Val AUC improved to 0.8788, model saved
2026-08-30 03:37:15 | Epoch  36/100 | Train Loss 29.1777 Acc 0.4847 | Val Loss 29.3850 Acc 0.4461 AUC 0.8799 Pre 0.5533 Rec 0.4418
2026-08-30 03:37:15 |   Val AUC improved to 0.8799, model saved
2026-08-30 03:37:19 | Epoch  37/100 | Train Loss 29.1168 Acc 0.4868 | Val Loss 29.3840 Acc 0.4470 AUC 0.8812 Pre 0.5492 Rec 0.4428
2026-08-30 03:37:19 |   Val AUC improved to 0.8812, model saved
2026-08-30 03:37:23 | Epoch  38/100 | Train Loss 29.0768 Acc 0.4906 | Val Loss 29.3312 Acc 0.4481 AUC 0.8796 Pre 0.5590 Rec 0.4440
2026-08-30 03:37:26 | Epoch  39/100 | Train Loss 29.0477 Acc 0.4905 | Val Loss 29.3790 Acc 0.4457 AUC 0.8813 Pre 0.5501 Rec 0.4424
2026-08-30 03:37:26 |   Val AUC improved to 0.8813, model saved
2026-08-30 03:37:30 | Epoch  40/100 | Train Loss 29.0041 Acc 0.4932 | Val Loss 29.3138 Acc 0.4502 AUC 0.8815 Pre 0.5582 Rec 0.4464
2026-08-30 03:37:30 |   Val AUC improved to 0.8815, model saved
2026-08-30 03:37:33 | Epoch  41/100 | Train Loss 28.9501 Acc 0.4966 | Val Loss 29.3410 Acc 0.4469 AUC 0.8806 Pre 0.5527 Rec 0.4435
2026-08-30 03:37:37 | Epoch  42/100 | Train Loss 28.9372 Acc 0.4964 | Val Loss 29.3764 Acc 0.4497 AUC 0.8829 Pre 0.5564 Rec 0.4458
2026-08-30 03:37:37 |   Val AUC improved to 0.8829, model saved
2026-08-30 03:37:41 | Epoch  43/100 | Train Loss 28.9604 Acc 0.4957 | Val Loss 29.3340 Acc 0.4474 AUC 0.8811 Pre 0.5653 Rec 0.4437
2026-08-30 03:37:45 | Epoch  44/100 | Train Loss 28.8857 Acc 0.4995 | Val Loss 29.3897 Acc 0.4485 AUC 0.8816 Pre 0.5587 Rec 0.4452
2026-08-30 03:37:49 | Epoch  45/100 | Train Loss 28.8709 Acc 0.5013 | Val Loss 29.3264 Acc 0.4469 AUC 0.8814 Pre 0.5546 Rec 0.4432
2026-08-30 03:37:52 | Epoch  46/100 | Train Loss 28.8332 Acc 0.5020 | Val Loss 29.3123 Acc 0.4498 AUC 0.8825 Pre 0.5635 Rec 0.4464
2026-08-30 03:37:56 | Epoch  47/100 | Train Loss 28.8295 Acc 0.5022 | Val Loss 29.3452 Acc 0.4472 AUC 0.8821 Pre 0.5592 Rec 0.4441
2026-08-30 03:37:59 | Epoch  48/100 | Train Loss 28.8130 Acc 0.5044 | Val Loss 29.3309 Acc 0.4476 AUC 0.8829 Pre 0.5615 Rec 0.4444
2026-08-30 03:37:59 |   Val AUC improved to 0.8829, model saved
2026-08-30 03:38:03 | Epoch  49/100 | Train Loss 28.7946 Acc 0.5046 | Val Loss 29.3066 Acc 0.4490 AUC 0.8819 Pre 0.5614 Rec 0.4455
2026-08-30 03:38:07 | Epoch  50/100 | Train Loss 28.7922 Acc 0.5037 | Val Loss 29.3332 Acc 0.4498 AUC 0.8823 Pre 0.5649 Rec 0.4463
2026-08-30 03:38:10 | Epoch  51/100 | Train Loss 28.7778 Acc 0.5055 | Val Loss 29.3262 Acc 0.4500 AUC 0.8825 Pre 0.5635 Rec 0.4464
2026-08-30 03:38:14 | Epoch  52/100 | Train Loss 28.7594 Acc 0.5073 | Val Loss 29.3613 Acc 0.4485 AUC 0.8816 Pre 0.5639 Rec 0.4454
2026-08-30 03:38:18 | Epoch  53/100 | Train Loss 28.7389 Acc 0.5077 | Val Loss 29.3643 Acc 0.4488 AUC 0.8818 Pre 0.5633 Rec 0.4450
2026-08-30 03:38:22 | Epoch  54/100 | Train Loss 28.7349 Acc 0.5077 | Val Loss 29.3434 Acc 0.4489 AUC 0.8818 Pre 0.5699 Rec 0.4456
2026-08-30 03:38:26 | Epoch  55/100 | Train Loss 28.7161 Acc 0.5080 | Val Loss 29.3132 Acc 0.4492 AUC 0.8825 Pre 0.5664 Rec 0.4458
2026-08-30 03:38:30 | Epoch  56/100 | Train Loss 28.7402 Acc 0.5080 | Val Loss 29.3737 Acc 0.4453 AUC 0.8820 Pre 0.5685 Rec 0.4421
2026-08-30 03:38:33 | Epoch  57/100 | Train Loss 28.7519 Acc 0.5086 | Val Loss 29.3681 Acc 0.4469 AUC 0.8818 Pre 0.5604 Rec 0.4438
2026-08-30 03:38:37 | Epoch  58/100 | Train Loss 28.7389 Acc 0.5084 | Val Loss 29.4095 Acc 0.4486 AUC 0.8815 Pre 0.5666 Rec 0.4453
2026-08-30 03:38:37 | Val AUC did not improve for 10 consecutive epochs, early stopping at Epoch 58 (best AUC 0.8829 @ Epoch 48)
2026-08-30 03:38:38 | Run 4/5 | Test (best model @ Epoch 48) | Loss 29.2882 Acc 0.4492 AUC 0.8830 Pre 0.5668 Rec 0.4462
2026-08-30 03:38:38 | ===== Run 5/5 (seed 4) =====
2026-08-30 03:38:42 | Epoch   1/100 | Train Loss 36.6801 Acc 0.0292 | Val Loss 36.5058 Acc 0.0553 AUC 0.5756 Pre 0.0730 Rec 0.0538
2026-08-30 03:38:42 |   Val AUC improved to 0.5756, model saved
2026-08-30 03:38:46 | Epoch   2/100 | Train Loss 35.9321 Acc 0.1217 | Val Loss 34.4801 Acc 0.2049 AUC 0.7346 Pre 0.2189 Rec 0.1997
2026-08-30 03:38:46 |   Val AUC improved to 0.7346, model saved
2026-08-30 03:38:49 | Epoch   3/100 | Train Loss 34.0910 Acc 0.2368 | Val Loss 32.7746 Acc 0.2846 AUC 0.7815 Pre 0.2844 Rec 0.2773
2026-08-30 03:38:49 |   Val AUC improved to 0.7815, model saved
2026-08-30 03:38:53 | Epoch   4/100 | Train Loss 32.8136 Acc 0.3048 | Val Loss 31.7639 Acc 0.3297 AUC 0.8126 Pre 0.3477 Rec 0.3213
2026-08-30 03:38:53 |   Val AUC improved to 0.8126, model saved
2026-08-30 03:38:58 | Epoch   5/100 | Train Loss 31.8828 Acc 0.3531 | Val Loss 31.0186 Acc 0.3713 AUC 0.8444 Pre 0.4127 Rec 0.3633
2026-08-30 03:38:58 |   Val AUC improved to 0.8444, model saved
2026-08-30 03:39:02 | Epoch   6/100 | Train Loss 31.1331 Acc 0.4000 | Val Loss 30.3864 Acc 0.4110 AUC 0.8663 Pre 0.4633 Rec 0.4027
2026-08-30 03:39:02 |   Val AUC improved to 0.8663, model saved
2026-08-30 03:39:06 | Epoch   7/100 | Train Loss 30.4682 Acc 0.4369 | Val Loss 29.8834 Acc 0.4361 AUC 0.8765 Pre 0.4995 Rec 0.4298
2026-08-30 03:39:06 |   Val AUC improved to 0.8765, model saved
2026-08-30 03:39:10 | Epoch   8/100 | Train Loss 29.9601 Acc 0.4604 | Val Loss 29.5779 Acc 0.4457 AUC 0.8811 Pre 0.5257 Rec 0.4398
2026-08-30 03:39:10 |   Val AUC improved to 0.8811, model saved
2026-08-30 03:39:14 | Epoch   9/100 | Train Loss 29.5621 Acc 0.4794 | Val Loss 29.3815 Acc 0.4540 AUC 0.8825 Pre 0.5401 Rec 0.4486
2026-08-30 03:39:14 |   Val AUC improved to 0.8825, model saved
2026-08-30 03:39:17 | Epoch  10/100 | Train Loss 29.2357 Acc 0.4947 | Val Loss 29.2877 Acc 0.4595 AUC 0.8853 Pre 0.5318 Rec 0.4550
2026-08-30 03:39:17 |   Val AUC improved to 0.8853, model saved
2026-08-30 03:39:21 | Epoch  11/100 | Train Loss 29.0377 Acc 0.5014 | Val Loss 29.1313 Acc 0.4655 AUC 0.8881 Pre 0.5547 Rec 0.4605
2026-08-30 03:39:21 |   Val AUC improved to 0.8881, model saved
2026-08-30 03:39:25 | Epoch  12/100 | Train Loss 28.8512 Acc 0.5108 | Val Loss 29.0550 Acc 0.4709 AUC 0.8906 Pre 0.5540 Rec 0.4665
2026-08-30 03:39:25 |   Val AUC improved to 0.8906, model saved
2026-08-30 03:39:29 | Epoch  13/100 | Train Loss 28.7095 Acc 0.5198 | Val Loss 29.0770 Acc 0.4713 AUC 0.8918 Pre 0.5669 Rec 0.4663
2026-08-30 03:39:29 |   Val AUC improved to 0.8918, model saved
2026-08-30 03:39:33 | Epoch  14/100 | Train Loss 28.5554 Acc 0.5246 | Val Loss 28.9737 Acc 0.4752 AUC 0.8949 Pre 0.5604 Rec 0.4707
2026-08-30 03:39:33 |   Val AUC improved to 0.8949, model saved
2026-08-30 03:39:37 | Epoch  15/100 | Train Loss 28.4575 Acc 0.5303 | Val Loss 29.0222 Acc 0.4746 AUC 0.8939 Pre 0.5566 Rec 0.4700
2026-08-30 03:39:40 | Epoch  16/100 | Train Loss 28.3662 Acc 0.5334 | Val Loss 28.9543 Acc 0.4761 AUC 0.8944 Pre 0.5665 Rec 0.4712
2026-08-30 03:39:44 | Epoch  17/100 | Train Loss 28.2672 Acc 0.5387 | Val Loss 28.9825 Acc 0.4755 AUC 0.8962 Pre 0.5655 Rec 0.4707
2026-08-30 03:39:44 |   Val AUC improved to 0.8962, model saved
2026-08-30 03:39:48 | Epoch  18/100 | Train Loss 28.2151 Acc 0.5406 | Val Loss 28.8732 Acc 0.4787 AUC 0.8976 Pre 0.5635 Rec 0.4737
2026-08-30 03:39:48 |   Val AUC improved to 0.8976, model saved
2026-08-30 03:39:51 | Epoch  19/100 | Train Loss 28.1175 Acc 0.5460 | Val Loss 28.8843 Acc 0.4837 AUC 0.8993 Pre 0.5730 Rec 0.4789
2026-08-30 03:39:51 |   Val AUC improved to 0.8993, model saved
2026-08-30 03:39:55 | Epoch  20/100 | Train Loss 28.0636 Acc 0.5507 | Val Loss 28.9003 Acc 0.4830 AUC 0.8997 Pre 0.5697 Rec 0.4781
2026-08-30 03:39:55 |   Val AUC improved to 0.8997, model saved
2026-08-30 03:39:58 | Epoch  21/100 | Train Loss 27.9913 Acc 0.5543 | Val Loss 28.7951 Acc 0.4870 AUC 0.9008 Pre 0.5778 Rec 0.4816
2026-08-30 03:39:58 |   Val AUC improved to 0.9008, model saved
2026-08-30 03:40:02 | Epoch  22/100 | Train Loss 27.9328 Acc 0.5579 | Val Loss 28.8071 Acc 0.4885 AUC 0.9018 Pre 0.5840 Rec 0.4831
2026-08-30 03:40:02 |   Val AUC improved to 0.9018, model saved
2026-08-30 03:40:06 | Epoch  23/100 | Train Loss 27.8782 Acc 0.5609 | Val Loss 28.7366 Acc 0.4919 AUC 0.9032 Pre 0.5835 Rec 0.4867
2026-08-30 03:40:06 |   Val AUC improved to 0.9032, model saved
2026-08-30 03:40:09 | Epoch  24/100 | Train Loss 27.8190 Acc 0.5642 | Val Loss 28.7278 Acc 0.4927 AUC 0.9048 Pre 0.5844 Rec 0.4876
2026-08-30 03:40:09 |   Val AUC improved to 0.9048, model saved
2026-08-30 03:40:13 | Epoch  25/100 | Train Loss 28.0766 Acc 0.5637 | Val Loss 29.0713 Acc 0.4771 AUC 0.8971 Pre 0.5836 Rec 0.4723
2026-08-30 03:40:16 | Epoch  26/100 | Train Loss 27.9297 Acc 0.5625 | Val Loss 28.8728 Acc 0.4837 AUC 0.9004 Pre 0.5917 Rec 0.4787
2026-08-30 03:40:20 | Epoch  27/100 | Train Loss 27.7926 Acc 0.5666 | Val Loss 28.8200 Acc 0.4881 AUC 0.9027 Pre 0.5872 Rec 0.4833
2026-08-30 03:40:23 | Epoch  28/100 | Train Loss 27.6868 Acc 0.5717 | Val Loss 28.7055 Acc 0.4943 AUC 0.9052 Pre 0.5950 Rec 0.4894
2026-08-30 03:40:23 |   Val AUC improved to 0.9052, model saved
2026-08-30 03:40:27 | Epoch  29/100 | Train Loss 27.6143 Acc 0.5753 | Val Loss 28.7574 Acc 0.4928 AUC 0.9055 Pre 0.5960 Rec 0.4876
2026-08-30 03:40:27 |   Val AUC improved to 0.9055, model saved
2026-08-30 03:40:31 | Epoch  30/100 | Train Loss 27.5712 Acc 0.5773 | Val Loss 28.7209 Acc 0.4961 AUC 0.9065 Pre 0.6025 Rec 0.4908
2026-08-30 03:40:31 |   Val AUC improved to 0.9065, model saved
2026-08-30 03:40:34 | Epoch  31/100 | Train Loss 27.5274 Acc 0.5802 | Val Loss 28.6955 Acc 0.4977 AUC 0.9066 Pre 0.6088 Rec 0.4922
2026-08-30 03:40:34 |   Val AUC improved to 0.9066, model saved
2026-08-30 03:40:38 | Epoch  32/100 | Train Loss 27.5036 Acc 0.5830 | Val Loss 28.7541 Acc 0.4980 AUC 0.9070 Pre 0.6193 Rec 0.4929
2026-08-30 03:40:38 |   Val AUC improved to 0.9070, model saved
2026-08-30 03:40:41 | Epoch  33/100 | Train Loss 27.5028 Acc 0.5838 | Val Loss 28.7239 Acc 0.4985 AUC 0.9076 Pre 0.6156 Rec 0.4936
2026-08-30 03:40:41 |   Val AUC improved to 0.9076, model saved
2026-08-30 03:40:45 | Epoch  34/100 | Train Loss 27.4557 Acc 0.5860 | Val Loss 28.7463 Acc 0.4994 AUC 0.9079 Pre 0.6097 Rec 0.4943
2026-08-30 03:40:45 |   Val AUC improved to 0.9079, model saved
2026-08-30 03:40:49 | Epoch  35/100 | Train Loss 27.4288 Acc 0.5879 | Val Loss 28.7028 Acc 0.4995 AUC 0.9086 Pre 0.6147 Rec 0.4946
2026-08-30 03:40:49 |   Val AUC improved to 0.9086, model saved
2026-08-30 03:40:53 | Epoch  36/100 | Train Loss 27.3937 Acc 0.5907 | Val Loss 28.7185 Acc 0.4995 AUC 0.9084 Pre 0.6092 Rec 0.4947
2026-08-30 03:40:57 | Epoch  37/100 | Train Loss 27.3782 Acc 0.5908 | Val Loss 28.7338 Acc 0.5000 AUC 0.9081 Pre 0.6129 Rec 0.4947
2026-08-30 03:41:00 | Epoch  38/100 | Train Loss 27.3592 Acc 0.5923 | Val Loss 28.6605 Acc 0.5019 AUC 0.9092 Pre 0.6110 Rec 0.4966
2026-08-30 03:41:00 |   Val AUC improved to 0.9092, model saved
2026-08-30 03:41:04 | Epoch  39/100 | Train Loss 27.3924 Acc 0.5921 | Val Loss 28.7628 Acc 0.5009 AUC 0.9089 Pre 0.6167 Rec 0.4957
2026-08-30 03:41:08 | Epoch  40/100 | Train Loss 27.3591 Acc 0.5942 | Val Loss 28.7399 Acc 0.4984 AUC 0.9092 Pre 0.6084 Rec 0.4933
2026-08-30 03:41:08 |   Val AUC improved to 0.9092, model saved
2026-08-30 03:41:12 | Epoch  41/100 | Train Loss 27.3185 Acc 0.5956 | Val Loss 28.7562 Acc 0.5013 AUC 0.9091 Pre 0.6303 Rec 0.4963
2026-08-30 03:41:16 | Epoch  42/100 | Train Loss 27.2954 Acc 0.5968 | Val Loss 28.7836 Acc 0.4993 AUC 0.9082 Pre 0.6262 Rec 0.4941
2026-08-30 03:41:20 | Epoch  43/100 | Train Loss 27.2743 Acc 0.5977 | Val Loss 28.7782 Acc 0.4969 AUC 0.9091 Pre 0.6134 Rec 0.4915
2026-08-30 03:41:24 | Epoch  44/100 | Train Loss 27.2440 Acc 0.5984 | Val Loss 28.7933 Acc 0.4979 AUC 0.9088 Pre 0.6117 Rec 0.4935
2026-08-30 03:41:28 | Epoch  45/100 | Train Loss 27.2195 Acc 0.5995 | Val Loss 28.7716 Acc 0.4994 AUC 0.9095 Pre 0.6176 Rec 0.4944
2026-08-30 03:41:28 |   Val AUC improved to 0.9095, model saved
2026-08-30 03:41:32 | Epoch  46/100 | Train Loss 27.2115 Acc 0.6005 | Val Loss 28.8182 Acc 0.4977 AUC 0.9080 Pre 0.6193 Rec 0.4933
2026-08-30 03:41:35 | Epoch  47/100 | Train Loss 27.2252 Acc 0.5998 | Val Loss 28.8114 Acc 0.5009 AUC 0.9087 Pre 0.6166 Rec 0.4970
2026-08-30 03:41:39 | Epoch  48/100 | Train Loss 27.2189 Acc 0.6009 | Val Loss 28.8657 Acc 0.4961 AUC 0.9087 Pre 0.6116 Rec 0.4922
2026-08-30 03:41:43 | Epoch  49/100 | Train Loss 27.2084 Acc 0.6008 | Val Loss 28.8076 Acc 0.4981 AUC 0.9086 Pre 0.6221 Rec 0.4934
2026-08-30 03:41:47 | Epoch  50/100 | Train Loss 27.2236 Acc 0.6019 | Val Loss 28.8614 Acc 0.4968 AUC 0.9088 Pre 0.6233 Rec 0.4919
2026-08-30 03:41:51 | Epoch  51/100 | Train Loss 27.2043 Acc 0.6026 | Val Loss 28.8821 Acc 0.4967 AUC 0.9088 Pre 0.6168 Rec 0.4928
2026-08-30 03:41:54 | Epoch  52/100 | Train Loss 27.1974 Acc 0.6026 | Val Loss 28.7761 Acc 0.4990 AUC 0.9089 Pre 0.6245 Rec 0.4951
2026-08-30 03:41:57 | Epoch  53/100 | Train Loss 27.2250 Acc 0.6016 | Val Loss 28.9046 Acc 0.4943 AUC 0.9074 Pre 0.6210 Rec 0.4894
2026-08-30 03:42:01 | Epoch  54/100 | Train Loss 27.2053 Acc 0.6028 | Val Loss 28.9214 Acc 0.4940 AUC 0.9075 Pre 0.6283 Rec 0.4888
2026-08-30 03:42:04 | Epoch  55/100 | Train Loss 27.1718 Acc 0.6031 | Val Loss 28.8076 Acc 0.4978 AUC 0.9088 Pre 0.6181 Rec 0.4937
2026-08-30 03:42:04 | Val AUC did not improve for 10 consecutive epochs, early stopping at Epoch 55 (best AUC 0.9095 @ Epoch 45)
2026-08-30 03:42:05 | Run 5/5 | Test (best model @ Epoch 45) | Loss 28.7461 Acc 0.4990 AUC 0.9092 Pre 0.6193 Rec 0.4945
2026-08-30 03:42:05 | Average over 5 runs | Test Loss 28.8153±0.9964 Acc 0.4877±0.0631 AUC 0.9007±0.0281 Pre 0.5926±0.0495 Rec 0.4834±0.0622
