2026-08-27 04:10:04 | Device: cuda
2026-08-27 04:10:04 | Args: {'model': 'fgib', 'backbone': 'rnn', 'task': 'agnews', 'epochs': 100, 'batch_size': 512, 'lr': 0.001, 'hidden_dims': [512, 256], 'dropout': 0.2, 'z_dim': 256, 'anchor_scale': 16.0, 'max_len': 250, 'random_labels': False, 'beta': 0.1, 'patience': 10, 'runs': 5, 'seed': 0, 'data_dir': './data', 'save_path': 'output/agnews_rnn_fgib/agnews_rnn_fgib.pt', 'log_path': '/root/autodl-tmp/FGIB/tune_results/agnews_rnn_fgib_beta_0.1_anchor_16/train.log', 'no_save': True}
2026-08-27 04:10:04 | AG News 特征文件：agnews_bert_base_layer10_pca50_features.npy（input_dim=50）
2026-08-27 04:10:04 | AG News 预处理缓存：mmap 共享 ./data/agnews/agnews_bert_base_layer10_pca50_features_fp32.npy
2026-08-27 04:10:05 | AG News BERT 特征划分（60/20/20 分层）：train 76560 / val 25520 / test 25520（共 127600 条）
2026-08-27 04:10:05 | ===== Run 1/5 (seed 0) =====
2026-08-27 04:11:09 | Epoch   1/100 | Train Loss 6.1431 Acc 0.6942 | Val Loss 2.8050 Acc 0.8804 AUC 0.9662 Pre 0.8806 Rec 0.8804
2026-08-27 04:11:11 |   Val AUC improved to 0.9662, model saved
2026-08-27 04:12:11 | Epoch   2/100 | Train Loss 2.7709 Acc 0.8856 | Val Loss 2.4450 Acc 0.8930 AUC 0.9761 Pre 0.8936 Rec 0.8930
2026-08-27 04:12:12 |   Val AUC improved to 0.9761, model saved
2026-08-27 04:13:08 | Epoch   3/100 | Train Loss 2.4446 Acc 0.8981 | Val Loss 2.2316 Acc 0.9013 AUC 0.9794 Pre 0.9020 Rec 0.9013
2026-08-27 04:13:09 |   Val AUC improved to 0.9794, model saved
2026-08-27 04:14:08 | Epoch   4/100 | Train Loss 2.2468 Acc 0.9059 | Val Loss 2.2348 Acc 0.9022 AUC 0.9800 Pre 0.9020 Rec 0.9022
2026-08-27 04:14:09 |   Val AUC improved to 0.9800, model saved
2026-08-27 04:15:05 | Epoch   5/100 | Train Loss 2.1414 Acc 0.9105 | Val Loss 2.1570 Acc 0.9044 AUC 0.9822 Pre 0.9042 Rec 0.9044
2026-08-27 04:15:06 |   Val AUC improved to 0.9822, model saved
2026-08-27 04:16:06 | Epoch   6/100 | Train Loss 1.9981 Acc 0.9158 | Val Loss 1.9852 Acc 0.9129 AUC 0.9842 Pre 0.9130 Rec 0.9129
2026-08-27 04:16:07 |   Val AUC improved to 0.9842, model saved
2026-08-27 04:17:06 | Epoch   7/100 | Train Loss 1.8727 Acc 0.9213 | Val Loss 1.9526 Acc 0.9141 AUC 0.9848 Pre 0.9146 Rec 0.9141
2026-08-27 04:17:07 |   Val AUC improved to 0.9848, model saved
2026-08-27 04:18:03 | Epoch   8/100 | Train Loss 1.7962 Acc 0.9242 | Val Loss 1.9245 Acc 0.9129 AUC 0.9858 Pre 0.9141 Rec 0.9129
2026-08-27 04:18:05 |   Val AUC improved to 0.9858, model saved
2026-08-27 04:19:03 | Epoch   9/100 | Train Loss 1.7132 Acc 0.9279 | Val Loss 1.8672 Acc 0.9180 AUC 0.9862 Pre 0.9185 Rec 0.9180
2026-08-27 04:19:05 |   Val AUC improved to 0.9862, model saved
2026-08-27 04:20:01 | Epoch  10/100 | Train Loss 1.6072 Acc 0.9330 | Val Loss 1.8447 Acc 0.9177 AUC 0.9869 Pre 0.9181 Rec 0.9177
2026-08-27 04:20:02 |   Val AUC improved to 0.9869, model saved
2026-08-27 04:21:01 | Epoch  11/100 | Train Loss 1.4957 Acc 0.9387 | Val Loss 1.8378 Acc 0.9182 AUC 0.9871 Pre 0.9183 Rec 0.9182
2026-08-27 04:21:02 |   Val AUC improved to 0.9871, model saved
2026-08-27 04:22:01 | Epoch  12/100 | Train Loss 1.4339 Acc 0.9416 | Val Loss 1.7897 Acc 0.9215 AUC 0.9875 Pre 0.9225 Rec 0.9215
2026-08-27 04:22:02 |   Val AUC improved to 0.9875, model saved
2026-08-27 04:23:00 | Epoch  13/100 | Train Loss 1.3221 Acc 0.9461 | Val Loss 1.8070 Acc 0.9205 AUC 0.9876 Pre 0.9215 Rec 0.9205
2026-08-27 04:23:01 |   Val AUC improved to 0.9876, model saved
2026-08-27 04:23:57 | Epoch  14/100 | Train Loss 1.2608 Acc 0.9492 | Val Loss 1.8068 Acc 0.9209 AUC 0.9876 Pre 0.9220 Rec 0.9209
2026-08-27 04:24:52 | Epoch  15/100 | Train Loss 1.1577 Acc 0.9543 | Val Loss 1.7648 Acc 0.9239 AUC 0.9878 Pre 0.9238 Rec 0.9239
2026-08-27 04:24:54 |   Val AUC improved to 0.9878, model saved
2026-08-27 04:25:48 | Epoch  16/100 | Train Loss 1.0924 Acc 0.9572 | Val Loss 1.7854 Acc 0.9234 AUC 0.9879 Pre 0.9234 Rec 0.9234
2026-08-27 04:25:49 |   Val AUC improved to 0.9879, model saved
2026-08-27 04:26:42 | Epoch  17/100 | Train Loss 1.0146 Acc 0.9614 | Val Loss 1.9397 Acc 0.9152 AUC 0.9868 Pre 0.9160 Rec 0.9152
2026-08-27 04:27:35 | Epoch  18/100 | Train Loss 0.9948 Acc 0.9622 | Val Loss 1.8719 Acc 0.9182 AUC 0.9873 Pre 0.9194 Rec 0.9182
2026-08-27 04:28:26 | Epoch  19/100 | Train Loss 0.9170 Acc 0.9653 | Val Loss 1.8366 Acc 0.9225 AUC 0.9870 Pre 0.9224 Rec 0.9225
2026-08-27 04:29:18 | Epoch  20/100 | Train Loss 0.8619 Acc 0.9678 | Val Loss 1.8396 Acc 0.9226 AUC 0.9874 Pre 0.9228 Rec 0.9226
2026-08-27 04:30:10 | Epoch  21/100 | Train Loss 0.7910 Acc 0.9715 | Val Loss 1.8797 Acc 0.9249 AUC 0.9865 Pre 0.9253 Rec 0.9249
2026-08-27 04:31:01 | Epoch  22/100 | Train Loss 0.7526 Acc 0.9729 | Val Loss 1.8887 Acc 0.9235 AUC 0.9869 Pre 0.9236 Rec 0.9235
2026-08-27 04:31:52 | Epoch  23/100 | Train Loss 0.7235 Acc 0.9742 | Val Loss 1.8925 Acc 0.9239 AUC 0.9868 Pre 0.9245 Rec 0.9239
2026-08-27 04:32:44 | Epoch  24/100 | Train Loss 0.6770 Acc 0.9760 | Val Loss 1.9267 Acc 0.9228 AUC 0.9863 Pre 0.9233 Rec 0.9228
2026-08-27 04:33:35 | Epoch  25/100 | Train Loss 0.6231 Acc 0.9789 | Val Loss 1.9511 Acc 0.9234 AUC 0.9865 Pre 0.9237 Rec 0.9234
2026-08-27 04:34:26 | Epoch  26/100 | Train Loss 0.6155 Acc 0.9783 | Val Loss 1.9456 Acc 0.9217 AUC 0.9864 Pre 0.9216 Rec 0.9217
2026-08-27 04:34:26 | Val AUC did not improve for 10 consecutive epochs, early stopping at Epoch 26 (best AUC 0.9879 @ Epoch 16)
2026-08-27 04:34:38 | Run 1/5 | Test (best model @ Epoch 16) | Loss 1.6867 Acc 0.9275 AUC 0.9888 Pre 0.9276 Rec 0.9275
2026-08-27 04:34:38 | ===== Run 2/5 (seed 1) =====
2026-08-27 04:35:29 | Epoch   1/100 | Train Loss 7.2338 Acc 0.5961 | Val Loss 6.7377 Acc 0.7139 AUC 0.8974 Pre 0.7718 Rec 0.7139
2026-08-27 04:35:30 |   Val AUC improved to 0.8974, model saved
2026-08-27 04:36:23 | Epoch   2/100 | Train Loss 3.9456 Acc 0.8320 | Val Loss 2.7277 Acc 0.8812 AUC 0.9704 Pre 0.8820 Rec 0.8812
2026-08-27 04:36:24 |   Val AUC improved to 0.9704, model saved
2026-08-27 04:37:15 | Epoch   3/100 | Train Loss 3.6104 Acc 0.8511 | Val Loss 2.6069 Acc 0.8841 AUC 0.9737 Pre 0.8850 Rec 0.8841
2026-08-27 04:37:16 |   Val AUC improved to 0.9737, model saved
2026-08-27 04:38:08 | Epoch   4/100 | Train Loss 2.5418 Acc 0.8934 | Val Loss 2.2870 Acc 0.8993 AUC 0.9786 Pre 0.9001 Rec 0.8993
2026-08-27 04:38:10 |   Val AUC improved to 0.9786, model saved
2026-08-27 04:39:02 | Epoch   5/100 | Train Loss 2.2663 Acc 0.9039 | Val Loss 2.1230 Acc 0.9060 AUC 0.9819 Pre 0.9070 Rec 0.9060
2026-08-27 04:39:04 |   Val AUC improved to 0.9819, model saved
2026-08-27 04:39:56 | Epoch   6/100 | Train Loss 2.1146 Acc 0.9106 | Val Loss 2.0605 Acc 0.9098 AUC 0.9826 Pre 0.9106 Rec 0.9098
2026-08-27 04:39:58 |   Val AUC improved to 0.9826, model saved
2026-08-27 04:40:52 | Epoch   7/100 | Train Loss 1.9985 Acc 0.9162 | Val Loss 1.9918 Acc 0.9127 AUC 0.9842 Pre 0.9125 Rec 0.9127
2026-08-27 04:40:53 |   Val AUC improved to 0.9842, model saved
2026-08-27 04:41:46 | Epoch   8/100 | Train Loss 1.8970 Acc 0.9201 | Val Loss 1.9158 Acc 0.9137 AUC 0.9854 Pre 0.9144 Rec 0.9137
2026-08-27 04:41:47 |   Val AUC improved to 0.9854, model saved
2026-08-27 04:42:40 | Epoch   9/100 | Train Loss 1.8167 Acc 0.9234 | Val Loss 1.9353 Acc 0.9143 AUC 0.9857 Pre 0.9148 Rec 0.9143
2026-08-27 04:42:41 |   Val AUC improved to 0.9857, model saved
2026-08-27 04:43:33 | Epoch  10/100 | Train Loss 1.7146 Acc 0.9281 | Val Loss 1.8453 Acc 0.9184 AUC 0.9868 Pre 0.9188 Rec 0.9184
2026-08-27 04:43:34 |   Val AUC improved to 0.9868, model saved
2026-08-27 04:44:30 | Epoch  11/100 | Train Loss 1.6227 Acc 0.9325 | Val Loss 1.9499 Acc 0.9161 AUC 0.9857 Pre 0.9169 Rec 0.9161
2026-08-27 04:45:24 | Epoch  12/100 | Train Loss 1.5472 Acc 0.9362 | Val Loss 1.7826 Acc 0.9210 AUC 0.9872 Pre 0.9213 Rec 0.9210
2026-08-27 04:45:26 |   Val AUC improved to 0.9872, model saved
2026-08-27 04:46:20 | Epoch  13/100 | Train Loss 1.4521 Acc 0.9410 | Val Loss 1.7912 Acc 0.9220 AUC 0.9874 Pre 0.9226 Rec 0.9220
2026-08-27 04:46:22 |   Val AUC improved to 0.9874, model saved
2026-08-27 04:47:15 | Epoch  14/100 | Train Loss 1.3792 Acc 0.9440 | Val Loss 1.7491 Acc 0.9221 AUC 0.9875 Pre 0.9222 Rec 0.9221
2026-08-27 04:47:16 |   Val AUC improved to 0.9875, model saved
2026-08-27 04:48:12 | Epoch  15/100 | Train Loss 1.3208 Acc 0.9467 | Val Loss 1.7707 Acc 0.9234 AUC 0.9878 Pre 0.9240 Rec 0.9234
2026-08-27 04:48:13 |   Val AUC improved to 0.9878, model saved
2026-08-27 04:49:08 | Epoch  16/100 | Train Loss 1.2336 Acc 0.9509 | Val Loss 1.8071 Acc 0.9223 AUC 0.9870 Pre 0.9223 Rec 0.9223
2026-08-27 04:50:03 | Epoch  17/100 | Train Loss 1.1568 Acc 0.9543 | Val Loss 1.7903 Acc 0.9228 AUC 0.9876 Pre 0.9240 Rec 0.9228
2026-08-27 04:50:57 | Epoch  18/100 | Train Loss 1.1016 Acc 0.9571 | Val Loss 1.8080 Acc 0.9234 AUC 0.9873 Pre 0.9232 Rec 0.9234
2026-08-27 04:51:54 | Epoch  19/100 | Train Loss 1.0008 Acc 0.9612 | Val Loss 1.8220 Acc 0.9231 AUC 0.9874 Pre 0.9232 Rec 0.9231
2026-08-27 04:52:46 | Epoch  20/100 | Train Loss 0.9786 Acc 0.9627 | Val Loss 1.8182 Acc 0.9239 AUC 0.9876 Pre 0.9241 Rec 0.9239
2026-08-27 04:53:37 | Epoch  21/100 | Train Loss 0.9362 Acc 0.9646 | Val Loss 1.8075 Acc 0.9234 AUC 0.9873 Pre 0.9232 Rec 0.9234
2026-08-27 04:54:27 | Epoch  22/100 | Train Loss 0.8628 Acc 0.9684 | Val Loss 1.8495 Acc 0.9246 AUC 0.9871 Pre 0.9246 Rec 0.9246
2026-08-27 04:55:19 | Epoch  23/100 | Train Loss 0.8221 Acc 0.9697 | Val Loss 1.9270 Acc 0.9199 AUC 0.9864 Pre 0.9199 Rec 0.9199
2026-08-27 04:56:10 | Epoch  24/100 | Train Loss 0.7825 Acc 0.9710 | Val Loss 1.8604 Acc 0.9234 AUC 0.9873 Pre 0.9235 Rec 0.9234
2026-08-27 04:57:01 | Epoch  25/100 | Train Loss 0.7087 Acc 0.9747 | Val Loss 1.8828 Acc 0.9245 AUC 0.9869 Pre 0.9249 Rec 0.9245
2026-08-27 04:57:01 | Val AUC did not improve for 10 consecutive epochs, early stopping at Epoch 25 (best AUC 0.9878 @ Epoch 15)
2026-08-27 04:57:13 | Run 2/5 | Test (best model @ Epoch 15) | Loss 1.6994 Acc 0.9262 AUC 0.9884 Pre 0.9266 Rec 0.9262
2026-08-27 04:57:13 | ===== Run 3/5 (seed 2) =====
2026-08-27 04:58:05 | Epoch   1/100 | Train Loss 6.6349 Acc 0.6469 | Val Loss 3.3657 Acc 0.8599 AUC 0.9546 Pre 0.8632 Rec 0.8599
2026-08-27 04:58:07 |   Val AUC improved to 0.9546, model saved
2026-08-27 04:58:59 | Epoch   2/100 | Train Loss 3.2180 Acc 0.8677 | Val Loss 3.2151 Acc 0.8630 AUC 0.9653 Pre 0.8673 Rec 0.8630
2026-08-27 04:59:00 |   Val AUC improved to 0.9653, model saved
2026-08-27 04:59:53 | Epoch   3/100 | Train Loss 2.7342 Acc 0.8867 | Val Loss 2.4089 Acc 0.8942 AUC 0.9758 Pre 0.8941 Rec 0.8942
2026-08-27 04:59:54 |   Val AUC improved to 0.9758, model saved
2026-08-27 05:00:45 | Epoch   4/100 | Train Loss 2.4415 Acc 0.8973 | Val Loss 2.4053 Acc 0.8942 AUC 0.9778 Pre 0.8963 Rec 0.8942
2026-08-27 05:00:46 |   Val AUC improved to 0.9778, model saved
2026-08-27 05:01:38 | Epoch   5/100 | Train Loss 2.3028 Acc 0.9024 | Val Loss 2.1847 Acc 0.9038 AUC 0.9807 Pre 0.9040 Rec 0.9038
2026-08-27 05:01:40 |   Val AUC improved to 0.9807, model saved
2026-08-27 05:02:32 | Epoch   6/100 | Train Loss 2.1622 Acc 0.9089 | Val Loss 2.1581 Acc 0.9034 AUC 0.9818 Pre 0.9052 Rec 0.9034
2026-08-27 05:02:33 |   Val AUC improved to 0.9818, model saved
2026-08-27 05:03:26 | Epoch   7/100 | Train Loss 2.0727 Acc 0.9122 | Val Loss 2.0452 Acc 0.9095 AUC 0.9835 Pre 0.9097 Rec 0.9095
2026-08-27 05:03:27 |   Val AUC improved to 0.9835, model saved
2026-08-27 05:04:19 | Epoch   8/100 | Train Loss 1.9371 Acc 0.9182 | Val Loss 1.9243 Acc 0.9139 AUC 0.9855 Pre 0.9143 Rec 0.9139
2026-08-27 05:04:20 |   Val AUC improved to 0.9855, model saved
2026-08-27 05:05:15 | Epoch   9/100 | Train Loss 1.8452 Acc 0.9216 | Val Loss 1.8508 Acc 0.9174 AUC 0.9866 Pre 0.9175 Rec 0.9174
2026-08-27 05:05:16 |   Val AUC improved to 0.9866, model saved
2026-08-27 05:06:10 | Epoch  10/100 | Train Loss 1.7522 Acc 0.9258 | Val Loss 1.8279 Acc 0.9181 AUC 0.9870 Pre 0.9182 Rec 0.9181
2026-08-27 05:06:11 |   Val AUC improved to 0.9870, model saved
2026-08-27 05:07:05 | Epoch  11/100 | Train Loss 1.8136 Acc 0.9238 | Val Loss 1.8999 Acc 0.9165 AUC 0.9861 Pre 0.9166 Rec 0.9165
2026-08-27 05:07:59 | Epoch  12/100 | Train Loss 1.6623 Acc 0.9298 | Val Loss 1.8162 Acc 0.9206 AUC 0.9879 Pre 0.9213 Rec 0.9206
2026-08-27 05:08:00 |   Val AUC improved to 0.9879, model saved
2026-08-27 05:08:53 | Epoch  13/100 | Train Loss 1.5368 Acc 0.9357 | Val Loss 1.7324 Acc 0.9220 AUC 0.9882 Pre 0.9218 Rec 0.9220
2026-08-27 05:08:54 |   Val AUC improved to 0.9882, model saved
2026-08-27 05:09:47 | Epoch  14/100 | Train Loss 1.4493 Acc 0.9390 | Val Loss 1.7048 Acc 0.9238 AUC 0.9886 Pre 0.9240 Rec 0.9238
2026-08-27 05:09:48 |   Val AUC improved to 0.9886, model saved
2026-08-27 05:10:42 | Epoch  15/100 | Train Loss 1.4558 Acc 0.9404 | Val Loss 1.7871 Acc 0.9207 AUC 0.9878 Pre 0.9218 Rec 0.9207
2026-08-27 05:11:35 | Epoch  16/100 | Train Loss 1.3743 Acc 0.9445 | Val Loss 1.7045 Acc 0.9248 AUC 0.9887 Pre 0.9250 Rec 0.9248
2026-08-27 05:11:36 |   Val AUC improved to 0.9887, model saved
2026-08-27 05:12:30 | Epoch  17/100 | Train Loss 1.2485 Acc 0.9501 | Val Loss 1.7128 Acc 0.9256 AUC 0.9886 Pre 0.9266 Rec 0.9256
2026-08-27 05:13:26 | Epoch  18/100 | Train Loss 1.1621 Acc 0.9542 | Val Loss 1.7201 Acc 0.9258 AUC 0.9883 Pre 0.9258 Rec 0.9258
2026-08-27 05:14:22 | Epoch  19/100 | Train Loss 1.1044 Acc 0.9568 | Val Loss 1.7330 Acc 0.9260 AUC 0.9885 Pre 0.9262 Rec 0.9260
2026-08-27 05:15:17 | Epoch  20/100 | Train Loss 1.0325 Acc 0.9601 | Val Loss 1.7608 Acc 0.9250 AUC 0.9880 Pre 0.9252 Rec 0.9250
2026-08-27 05:16:11 | Epoch  21/100 | Train Loss 0.9725 Acc 0.9630 | Val Loss 1.7670 Acc 0.9252 AUC 0.9884 Pre 0.9254 Rec 0.9252
2026-08-27 05:17:06 | Epoch  22/100 | Train Loss 0.9622 Acc 0.9636 | Val Loss 1.7904 Acc 0.9250 AUC 0.9882 Pre 0.9248 Rec 0.9250
2026-08-27 05:17:59 | Epoch  23/100 | Train Loss 0.8839 Acc 0.9672 | Val Loss 1.8027 Acc 0.9242 AUC 0.9882 Pre 0.9248 Rec 0.9242
2026-08-27 05:18:53 | Epoch  24/100 | Train Loss 0.8302 Acc 0.9698 | Val Loss 1.8386 Acc 0.9240 AUC 0.9878 Pre 0.9241 Rec 0.9240
2026-08-27 05:19:46 | Epoch  25/100 | Train Loss 0.7993 Acc 0.9714 | Val Loss 1.8216 Acc 0.9253 AUC 0.9881 Pre 0.9254 Rec 0.9253
2026-08-27 05:20:40 | Epoch  26/100 | Train Loss 0.7433 Acc 0.9738 | Val Loss 1.8187 Acc 0.9265 AUC 0.9877 Pre 0.9266 Rec 0.9265
2026-08-27 05:20:40 | Val AUC did not improve for 10 consecutive epochs, early stopping at Epoch 26 (best AUC 0.9887 @ Epoch 16)
2026-08-27 05:20:54 | Run 3/5 | Test (best model @ Epoch 16) | Loss 1.6508 Acc 0.9273 AUC 0.9893 Pre 0.9275 Rec 0.9273
2026-08-27 05:20:54 | ===== Run 4/5 (seed 3) =====
2026-08-27 05:21:48 | Epoch   1/100 | Train Loss 5.9685 Acc 0.6984 | Val Loss 3.2028 Acc 0.8536 AUC 0.9651 Pre 0.8581 Rec 0.8536
2026-08-27 05:21:49 |   Val AUC improved to 0.9651, model saved
2026-08-27 05:22:44 | Epoch   2/100 | Train Loss 3.6231 Acc 0.8458 | Val Loss 2.8716 Acc 0.8782 AUC 0.9681 Pre 0.8789 Rec 0.8782
2026-08-27 05:22:45 |   Val AUC improved to 0.9681, model saved
2026-08-27 05:23:40 | Epoch   3/100 | Train Loss 2.7828 Acc 0.8827 | Val Loss 2.4540 Acc 0.8911 AUC 0.9755 Pre 0.8908 Rec 0.8911
2026-08-27 05:23:41 |   Val AUC improved to 0.9755, model saved
2026-08-27 05:24:35 | Epoch   4/100 | Train Loss 2.4262 Acc 0.8982 | Val Loss 2.2600 Acc 0.9011 AUC 0.9788 Pre 0.9007 Rec 0.9011
2026-08-27 05:24:37 |   Val AUC improved to 0.9788, model saved
2026-08-27 05:25:31 | Epoch   5/100 | Train Loss 2.2645 Acc 0.9053 | Val Loss 2.1734 Acc 0.9048 AUC 0.9807 Pre 0.9070 Rec 0.9048
2026-08-27 05:25:33 |   Val AUC improved to 0.9807, model saved
2026-08-27 05:26:25 | Epoch   6/100 | Train Loss 2.1998 Acc 0.9072 | Val Loss 2.2102 Acc 0.9022 AUC 0.9811 Pre 0.9025 Rec 0.9022
2026-08-27 05:26:26 |   Val AUC improved to 0.9811, model saved
2026-08-27 05:27:20 | Epoch   7/100 | Train Loss 2.1053 Acc 0.9113 | Val Loss 2.0407 Acc 0.9110 AUC 0.9825 Pre 0.9107 Rec 0.9110
2026-08-27 05:27:21 |   Val AUC improved to 0.9825, model saved
2026-08-27 05:28:17 | Epoch   8/100 | Train Loss 1.9946 Acc 0.9159 | Val Loss 1.9777 Acc 0.9133 AUC 0.9841 Pre 0.9141 Rec 0.9133
2026-08-27 05:28:18 |   Val AUC improved to 0.9841, model saved
2026-08-27 05:29:12 | Epoch   9/100 | Train Loss 1.9323 Acc 0.9187 | Val Loss 2.0477 Acc 0.9091 AUC 0.9843 Pre 0.9118 Rec 0.9091
2026-08-27 05:29:14 |   Val AUC improved to 0.9843, model saved
2026-08-27 05:30:08 | Epoch  10/100 | Train Loss 1.9340 Acc 0.9177 | Val Loss 2.0877 Acc 0.9076 AUC 0.9837 Pre 0.9083 Rec 0.9076
2026-08-27 05:31:01 | Epoch  11/100 | Train Loss 2.0579 Acc 0.9127 | Val Loss 2.2255 Acc 0.9042 AUC 0.9820 Pre 0.9041 Rec 0.9042
2026-08-27 05:31:57 | Epoch  12/100 | Train Loss 2.0715 Acc 0.9126 | Val Loss 2.0147 Acc 0.9116 AUC 0.9845 Pre 0.9127 Rec 0.9116
2026-08-27 05:31:59 |   Val AUC improved to 0.9845, model saved
2026-08-27 05:32:55 | Epoch  13/100 | Train Loss 1.8164 Acc 0.9238 | Val Loss 1.9091 Acc 0.9165 AUC 0.9857 Pre 0.9165 Rec 0.9165
2026-08-27 05:32:56 |   Val AUC improved to 0.9857, model saved
2026-08-27 05:33:52 | Epoch  14/100 | Train Loss 1.7350 Acc 0.9273 | Val Loss 1.8685 Acc 0.9183 AUC 0.9862 Pre 0.9192 Rec 0.9183
2026-08-27 05:33:53 |   Val AUC improved to 0.9862, model saved
2026-08-27 05:34:46 | Epoch  15/100 | Train Loss 1.8263 Acc 0.9226 | Val Loss 1.9297 Acc 0.9137 AUC 0.9856 Pre 0.9154 Rec 0.9137
2026-08-27 05:35:39 | Epoch  16/100 | Train Loss 1.7024 Acc 0.9292 | Val Loss 1.8459 Acc 0.9185 AUC 0.9865 Pre 0.9183 Rec 0.9185
2026-08-27 05:35:40 |   Val AUC improved to 0.9865, model saved
2026-08-27 05:36:32 | Epoch  17/100 | Train Loss 1.6437 Acc 0.9325 | Val Loss 2.1780 Acc 0.9063 AUC 0.9825 Pre 0.9061 Rec 0.9063
2026-08-27 05:37:27 | Epoch  18/100 | Train Loss 1.6401 Acc 0.9323 | Val Loss 1.8162 Acc 0.9207 AUC 0.9870 Pre 0.9211 Rec 0.9207
2026-08-27 05:37:28 |   Val AUC improved to 0.9870, model saved
2026-08-27 05:38:25 | Epoch  19/100 | Train Loss 1.5112 Acc 0.9387 | Val Loss 1.8132 Acc 0.9221 AUC 0.9868 Pre 0.9219 Rec 0.9221
2026-08-27 05:39:24 | Epoch  20/100 | Train Loss 1.4622 Acc 0.9413 | Val Loss 1.8069 Acc 0.9217 AUC 0.9877 Pre 0.9221 Rec 0.9217
2026-08-27 05:39:26 |   Val AUC improved to 0.9877, model saved
2026-08-27 05:40:21 | Epoch  21/100 | Train Loss 1.4089 Acc 0.9431 | Val Loss 1.8355 Acc 0.9188 AUC 0.9870 Pre 0.9190 Rec 0.9188
2026-08-27 05:41:14 | Epoch  22/100 | Train Loss 1.4526 Acc 0.9412 | Val Loss 1.8337 Acc 0.9183 AUC 0.9867 Pre 0.9190 Rec 0.9183
2026-08-27 05:42:05 | Epoch  23/100 | Train Loss 1.4038 Acc 0.9428 | Val Loss 1.8143 Acc 0.9198 AUC 0.9872 Pre 0.9197 Rec 0.9198
2026-08-27 05:42:57 | Epoch  24/100 | Train Loss 1.2854 Acc 0.9491 | Val Loss 1.7912 Acc 0.9223 AUC 0.9875 Pre 0.9223 Rec 0.9223
2026-08-27 05:43:49 | Epoch  25/100 | Train Loss 1.2193 Acc 0.9521 | Val Loss 1.8121 Acc 0.9241 AUC 0.9878 Pre 0.9243 Rec 0.9241
2026-08-27 05:43:50 |   Val AUC improved to 0.9878, model saved
2026-08-27 05:44:44 | Epoch  26/100 | Train Loss 1.1353 Acc 0.9560 | Val Loss 1.8199 Acc 0.9245 AUC 0.9878 Pre 0.9247 Rec 0.9245
2026-08-27 05:45:34 | Epoch  27/100 | Train Loss 1.0924 Acc 0.9577 | Val Loss 1.8665 Acc 0.9213 AUC 0.9875 Pre 0.9209 Rec 0.9213
2026-08-27 05:46:25 | Epoch  28/100 | Train Loss 1.0372 Acc 0.9605 | Val Loss 1.8149 Acc 0.9246 AUC 0.9879 Pre 0.9247 Rec 0.9246
2026-08-27 05:46:26 |   Val AUC improved to 0.9879, model saved
2026-08-27 05:47:18 | Epoch  29/100 | Train Loss 0.9775 Acc 0.9637 | Val Loss 1.8254 Acc 0.9229 AUC 0.9876 Pre 0.9227 Rec 0.9229
2026-08-27 05:48:10 | Epoch  30/100 | Train Loss 0.9344 Acc 0.9650 | Val Loss 1.8736 Acc 0.9222 AUC 0.9876 Pre 0.9235 Rec 0.9222
2026-08-27 05:49:00 | Epoch  31/100 | Train Loss 0.9001 Acc 0.9667 | Val Loss 1.8775 Acc 0.9219 AUC 0.9872 Pre 0.9218 Rec 0.9219
2026-08-27 05:49:52 | Epoch  32/100 | Train Loss 0.8376 Acc 0.9695 | Val Loss 1.8329 Acc 0.9252 AUC 0.9880 Pre 0.9254 Rec 0.9252
2026-08-27 05:49:53 |   Val AUC improved to 0.9880, model saved
2026-08-27 05:50:46 | Epoch  33/100 | Train Loss 0.7756 Acc 0.9722 | Val Loss 1.8718 Acc 0.9242 AUC 0.9873 Pre 0.9248 Rec 0.9242
2026-08-27 05:51:42 | Epoch  34/100 | Train Loss 0.7803 Acc 0.9722 | Val Loss 1.9600 Acc 0.9192 AUC 0.9866 Pre 0.9199 Rec 0.9192
2026-08-27 05:52:35 | Epoch  35/100 | Train Loss 0.7637 Acc 0.9728 | Val Loss 1.8478 Acc 0.9246 AUC 0.9871 Pre 0.9248 Rec 0.9246
2026-08-27 05:53:28 | Epoch  36/100 | Train Loss 0.7182 Acc 0.9745 | Val Loss 1.8728 Acc 0.9243 AUC 0.9871 Pre 0.9244 Rec 0.9243
2026-08-27 05:54:24 | Epoch  37/100 | Train Loss 0.7229 Acc 0.9745 | Val Loss 2.0196 Acc 0.9202 AUC 0.9863 Pre 0.9203 Rec 0.9202
2026-08-27 05:55:18 | Epoch  38/100 | Train Loss 0.6985 Acc 0.9753 | Val Loss 1.9191 Acc 0.9255 AUC 0.9870 Pre 0.9258 Rec 0.9255
2026-08-27 05:56:14 | Epoch  39/100 | Train Loss 0.6562 Acc 0.9775 | Val Loss 1.9931 Acc 0.9230 AUC 0.9868 Pre 0.9231 Rec 0.9230
2026-08-27 05:57:11 | Epoch  40/100 | Train Loss 0.6194 Acc 0.9787 | Val Loss 1.9553 Acc 0.9237 AUC 0.9865 Pre 0.9236 Rec 0.9237
2026-08-27 05:58:08 | Epoch  41/100 | Train Loss 0.6155 Acc 0.9789 | Val Loss 1.9394 Acc 0.9248 AUC 0.9871 Pre 0.9252 Rec 0.9248
2026-08-27 05:59:04 | Epoch  42/100 | Train Loss 0.6213 Acc 0.9786 | Val Loss 1.9888 Acc 0.9216 AUC 0.9869 Pre 0.9215 Rec 0.9216
2026-08-27 05:59:04 | Val AUC did not improve for 10 consecutive epochs, early stopping at Epoch 42 (best AUC 0.9880 @ Epoch 32)
2026-08-27 05:59:17 | Run 4/5 | Test (best model @ Epoch 32) | Loss 1.7691 Acc 0.9267 AUC 0.9885 Pre 0.9270 Rec 0.9267
2026-08-27 05:59:17 | ===== Run 5/5 (seed 4) =====
2026-08-27 06:00:13 | Epoch   1/100 | Train Loss 8.5626 Acc 0.5408 | Val Loss 7.4673 Acc 0.6556 AUC 0.9073 Pre 0.7097 Rec 0.6556
2026-08-27 06:00:15 |   Val AUC improved to 0.9073, model saved
2026-08-27 06:01:12 | Epoch   2/100 | Train Loss 4.0165 Acc 0.8341 | Val Loss 2.7848 Acc 0.8765 AUC 0.9714 Pre 0.8787 Rec 0.8765
2026-08-27 06:01:14 |   Val AUC improved to 0.9714, model saved
2026-08-27 06:02:08 | Epoch   3/100 | Train Loss 2.7827 Acc 0.8831 | Val Loss 2.4295 Acc 0.8936 AUC 0.9755 Pre 0.8954 Rec 0.8936
2026-08-27 06:02:09 |   Val AUC improved to 0.9755, model saved
2026-08-27 06:03:03 | Epoch   4/100 | Train Loss 2.5051 Acc 0.8944 | Val Loss 2.2802 Acc 0.9003 AUC 0.9779 Pre 0.9009 Rec 0.9003
2026-08-27 06:03:04 |   Val AUC improved to 0.9779, model saved
2026-08-27 06:04:00 | Epoch   5/100 | Train Loss 2.3611 Acc 0.9000 | Val Loss 2.2044 Acc 0.9027 AUC 0.9797 Pre 0.9039 Rec 0.9027
2026-08-27 06:04:01 |   Val AUC improved to 0.9797, model saved
2026-08-27 06:04:53 | Epoch   6/100 | Train Loss 2.2549 Acc 0.9048 | Val Loss 2.2903 Acc 0.8989 AUC 0.9782 Pre 0.8994 Rec 0.8989
2026-08-27 06:05:46 | Epoch   7/100 | Train Loss 2.1664 Acc 0.9085 | Val Loss 2.0591 Acc 0.9091 AUC 0.9818 Pre 0.9092 Rec 0.9091
2026-08-27 06:05:47 |   Val AUC improved to 0.9818, model saved
2026-08-27 06:06:44 | Epoch   8/100 | Train Loss 2.1156 Acc 0.9101 | Val Loss 2.0473 Acc 0.9082 AUC 0.9826 Pre 0.9082 Rec 0.9082
2026-08-27 06:06:46 |   Val AUC improved to 0.9826, model saved
2026-08-27 06:07:42 | Epoch   9/100 | Train Loss 2.0362 Acc 0.9138 | Val Loss 2.0136 Acc 0.9116 AUC 0.9830 Pre 0.9116 Rec 0.9116
2026-08-27 06:07:43 |   Val AUC improved to 0.9830, model saved
2026-08-27 06:08:37 | Epoch  10/100 | Train Loss 1.9933 Acc 0.9155 | Val Loss 1.9800 Acc 0.9123 AUC 0.9843 Pre 0.9137 Rec 0.9123
2026-08-27 06:08:38 |   Val AUC improved to 0.9843, model saved
2026-08-27 06:09:34 | Epoch  11/100 | Train Loss 1.9351 Acc 0.9181 | Val Loss 1.9291 Acc 0.9148 AUC 0.9849 Pre 0.9160 Rec 0.9148
2026-08-27 06:09:36 |   Val AUC improved to 0.9849, model saved
2026-08-27 06:10:33 | Epoch  12/100 | Train Loss 1.8803 Acc 0.9202 | Val Loss 1.9989 Acc 0.9117 AUC 0.9849 Pre 0.9121 Rec 0.9117
2026-08-27 06:10:34 |   Val AUC improved to 0.9849, model saved
2026-08-27 06:11:30 | Epoch  13/100 | Train Loss 1.8393 Acc 0.9224 | Val Loss 1.8654 Acc 0.9166 AUC 0.9861 Pre 0.9169 Rec 0.9166
2026-08-27 06:11:31 |   Val AUC improved to 0.9861, model saved
2026-08-27 06:12:25 | Epoch  14/100 | Train Loss 1.8052 Acc 0.9235 | Val Loss 1.8512 Acc 0.9167 AUC 0.9860 Pre 0.9170 Rec 0.9167
2026-08-27 06:13:22 | Epoch  15/100 | Train Loss 1.7161 Acc 0.9266 | Val Loss 1.8347 Acc 0.9182 AUC 0.9862 Pre 0.9190 Rec 0.9182
2026-08-27 06:13:23 |   Val AUC improved to 0.9862, model saved
2026-08-27 06:14:20 | Epoch  16/100 | Train Loss 1.8878 Acc 0.9194 | Val Loss 2.0135 Acc 0.9096 AUC 0.9840 Pre 0.9109 Rec 0.9096
2026-08-27 06:15:16 | Epoch  17/100 | Train Loss 1.7652 Acc 0.9244 | Val Loss 1.8266 Acc 0.9187 AUC 0.9868 Pre 0.9189 Rec 0.9187
2026-08-27 06:15:17 |   Val AUC improved to 0.9868, model saved
2026-08-27 06:16:12 | Epoch  18/100 | Train Loss 1.6413 Acc 0.9304 | Val Loss 1.7897 Acc 0.9211 AUC 0.9870 Pre 0.9217 Rec 0.9211
2026-08-27 06:16:13 |   Val AUC improved to 0.9870, model saved
2026-08-27 06:17:09 | Epoch  19/100 | Train Loss 1.6159 Acc 0.9311 | Val Loss 1.8124 Acc 0.9190 AUC 0.9871 Pre 0.9203 Rec 0.9190
2026-08-27 06:17:10 |   Val AUC improved to 0.9871, model saved
2026-08-27 06:18:03 | Epoch  20/100 | Train Loss 1.5545 Acc 0.9350 | Val Loss 1.7661 Acc 0.9225 AUC 0.9874 Pre 0.9230 Rec 0.9225
2026-08-27 06:18:04 |   Val AUC improved to 0.9874, model saved
2026-08-27 06:18:56 | Epoch  21/100 | Train Loss 1.5132 Acc 0.9373 | Val Loss 1.7773 Acc 0.9206 AUC 0.9874 Pre 0.9211 Rec 0.9206
2026-08-27 06:19:48 | Epoch  22/100 | Train Loss 1.4599 Acc 0.9392 | Val Loss 1.7815 Acc 0.9216 AUC 0.9873 Pre 0.9218 Rec 0.9216
2026-08-27 06:20:38 | Epoch  23/100 | Train Loss 1.4019 Acc 0.9425 | Val Loss 1.7869 Acc 0.9212 AUC 0.9873 Pre 0.9213 Rec 0.9212
2026-08-27 06:21:29 | Epoch  24/100 | Train Loss 1.3721 Acc 0.9438 | Val Loss 1.8356 Acc 0.9216 AUC 0.9872 Pre 0.9215 Rec 0.9216
2026-08-27 06:22:18 | Epoch  25/100 | Train Loss 1.3453 Acc 0.9454 | Val Loss 1.7694 Acc 0.9232 AUC 0.9874 Pre 0.9231 Rec 0.9232
2026-08-27 06:22:20 |   Val AUC improved to 0.9874, model saved
2026-08-27 06:23:10 | Epoch  26/100 | Train Loss 1.2778 Acc 0.9483 | Val Loss 1.7917 Acc 0.9233 AUC 0.9875 Pre 0.9240 Rec 0.9233
2026-08-27 06:23:11 |   Val AUC improved to 0.9875, model saved
2026-08-27 06:23:59 | Epoch  27/100 | Train Loss 1.2402 Acc 0.9501 | Val Loss 1.7646 Acc 0.9229 AUC 0.9875 Pre 0.9241 Rec 0.9229
2026-08-27 06:24:00 |   Val AUC improved to 0.9875, model saved
2026-08-27 06:24:47 | Epoch  28/100 | Train Loss 1.2001 Acc 0.9517 | Val Loss 1.7964 Acc 0.9217 AUC 0.9871 Pre 0.9222 Rec 0.9217
2026-08-27 06:25:33 | Epoch  29/100 | Train Loss 1.1925 Acc 0.9530 | Val Loss 1.8635 Acc 0.9197 AUC 0.9870 Pre 0.9203 Rec 0.9197
2026-08-27 06:26:21 | Epoch  30/100 | Train Loss 1.1233 Acc 0.9559 | Val Loss 1.8287 Acc 0.9207 AUC 0.9875 Pre 0.9210 Rec 0.9207
2026-08-27 06:27:05 | Epoch  31/100 | Train Loss 1.1216 Acc 0.9563 | Val Loss 1.7850 Acc 0.9234 AUC 0.9875 Pre 0.9236 Rec 0.9234
2026-08-27 06:27:46 | Epoch  32/100 | Train Loss 1.0276 Acc 0.9609 | Val Loss 1.8445 Acc 0.9225 AUC 0.9875 Pre 0.9235 Rec 0.9225
2026-08-27 06:28:29 | Epoch  33/100 | Train Loss 0.9859 Acc 0.9628 | Val Loss 1.8912 Acc 0.9205 AUC 0.9865 Pre 0.9211 Rec 0.9205
2026-08-27 06:29:12 | Epoch  34/100 | Train Loss 0.9642 Acc 0.9637 | Val Loss 1.8220 Acc 0.9239 AUC 0.9872 Pre 0.9238 Rec 0.9239
2026-08-27 06:29:54 | Epoch  35/100 | Train Loss 0.9371 Acc 0.9649 | Val Loss 1.9421 Acc 0.9211 AUC 0.9862 Pre 0.9215 Rec 0.9211
2026-08-27 06:30:36 | Epoch  36/100 | Train Loss 0.8859 Acc 0.9674 | Val Loss 1.8968 Acc 0.9227 AUC 0.9870 Pre 0.9230 Rec 0.9227
2026-08-27 06:31:19 | Epoch  37/100 | Train Loss 0.8389 Acc 0.9695 | Val Loss 1.9400 Acc 0.9215 AUC 0.9865 Pre 0.9217 Rec 0.9215
2026-08-27 06:31:19 | Val AUC did not improve for 10 consecutive epochs, early stopping at Epoch 37 (best AUC 0.9875 @ Epoch 27)
2026-08-27 06:31:29 | Run 5/5 | Test (best model @ Epoch 27) | Loss 1.6722 Acc 0.9265 AUC 0.9888 Pre 0.9278 Rec 0.9265
2026-08-27 06:31:29 | Average over 5 runs | Test Loss 1.6956±0.0449 Acc 0.9268±0.0006 AUC 0.9888±0.0003 Pre 0.9273±0.0005 Rec 0.9268±0.0006
