2026-09-14 22:42:36 | Device: cuda
2026-09-14 22:42:36 | Args: {'model': 'opb-rand-var', 'backbone': 'mlp', 'task': 'housing', 'epochs': 100, 'batch_size': 512, 'lr': 0.001, 'hidden_dims': [512, 256], 'dropout': 0.2, 'z_dim': 256, 'anchor_scale': 12.0, 'energy_classifier': False, 'tied_head': False, 'max_len': 250, 'random_labels': False, 'beta': 0.01, 'patience': 10, 'runs': 5, 'seed': 0, 'data_dir': './data', 'save_path': 'output/california_mlp_opb-rand-var/california_mlp_opb-rand-var.pt', 'log_path': '/root/autodl-tmp/IB/output/ablation/california_mlp_opb-rand-var_beta_0.01_anchor_12/train.log', 'no_save': True}
2026-09-14 22:42:36 | ===== Run 1/5 (seed 0) =====
2026-09-14 22:42:39 | Epoch   1/100 | Train Loss 0.8590 | Val Loss 0.4419 MAE 0.8325 R2 -0.1742
2026-09-14 22:42:39 |   Val R2 improved to -0.1742, model saved
2026-09-14 22:42:39 | Epoch   2/100 | Train Loss 0.1950 | Val Loss 0.2260 MAE 0.6359 R2 0.4421
2026-09-14 22:42:39 |   Val R2 improved to 0.4421, model saved
2026-09-14 22:42:40 | Epoch   3/100 | Train Loss 0.1240 | Val Loss 0.0795 MAE 0.5606 R2 0.5595
2026-09-14 22:42:40 |   Val R2 improved to 0.5595, model saved
2026-09-14 22:42:40 | Epoch   4/100 | Train Loss 0.0956 | Val Loss 0.0652 MAE 0.5088 R2 0.6171
2026-09-14 22:42:40 |   Val R2 improved to 0.6171, model saved
2026-09-14 22:42:41 | Epoch   5/100 | Train Loss 0.0806 | Val Loss 0.0571 MAE 0.4798 R2 0.6590
2026-09-14 22:42:41 |   Val R2 improved to 0.6590, model saved
2026-09-14 22:42:41 | Epoch   6/100 | Train Loss 0.0726 | Val Loss 0.0532 MAE 0.4630 R2 0.6826
2026-09-14 22:42:41 |   Val R2 improved to 0.6826, model saved
2026-09-14 22:42:41 | Epoch   7/100 | Train Loss 0.0684 | Val Loss 0.0507 MAE 0.4527 R2 0.6977
2026-09-14 22:42:41 |   Val R2 improved to 0.6977, model saved
2026-09-14 22:42:42 | Epoch   8/100 | Train Loss 0.0635 | Val Loss 0.0486 MAE 0.4506 R2 0.7103
2026-09-14 22:42:42 |   Val R2 improved to 0.7103, model saved
2026-09-14 22:42:42 | Epoch   9/100 | Train Loss 0.0625 | Val Loss 0.0481 MAE 0.4396 R2 0.7126
2026-09-14 22:42:42 |   Val R2 improved to 0.7126, model saved
2026-09-14 22:42:42 | Epoch  10/100 | Train Loss 0.0599 | Val Loss 0.0512 MAE 0.4372 R2 0.7190
2026-09-14 22:42:42 |   Val R2 improved to 0.7190, model saved
2026-09-14 22:42:43 | Epoch  11/100 | Train Loss 0.0609 | Val Loss 0.0469 MAE 0.4408 R2 0.7253
2026-09-14 22:42:43 |   Val R2 improved to 0.7253, model saved
2026-09-14 22:42:43 | Epoch  12/100 | Train Loss 0.0576 | Val Loss 0.0455 MAE 0.4307 R2 0.7288
2026-09-14 22:42:43 |   Val R2 improved to 0.7288, model saved
2026-09-14 22:42:43 | Epoch  13/100 | Train Loss 0.0564 | Val Loss 0.0452 MAE 0.4275 R2 0.7304
2026-09-14 22:42:43 |   Val R2 improved to 0.7304, model saved
2026-09-14 22:42:44 | Epoch  14/100 | Train Loss 0.0552 | Val Loss 0.0450 MAE 0.4253 R2 0.7307
2026-09-14 22:42:44 |   Val R2 improved to 0.7307, model saved
2026-09-14 22:42:44 | Epoch  15/100 | Train Loss 0.0539 | Val Loss 0.0441 MAE 0.4240 R2 0.7368
2026-09-14 22:42:44 |   Val R2 improved to 0.7368, model saved
2026-09-14 22:42:44 | Epoch  16/100 | Train Loss 0.0530 | Val Loss 0.0445 MAE 0.4222 R2 0.7318
2026-09-14 22:42:45 | Epoch  17/100 | Train Loss 0.0525 | Val Loss 0.0432 MAE 0.4207 R2 0.7414
2026-09-14 22:42:45 |   Val R2 improved to 0.7414, model saved
2026-09-14 22:42:45 | Epoch  18/100 | Train Loss 0.0522 | Val Loss 0.0428 MAE 0.4169 R2 0.7434
2026-09-14 22:42:45 |   Val R2 improved to 0.7434, model saved
2026-09-14 22:42:45 | Epoch  19/100 | Train Loss 0.0513 | Val Loss 0.0432 MAE 0.4139 R2 0.7412
2026-09-14 22:42:46 | Epoch  20/100 | Train Loss 0.0507 | Val Loss 0.0424 MAE 0.4132 R2 0.7474
2026-09-14 22:42:46 |   Val R2 improved to 0.7474, model saved
2026-09-14 22:42:46 | Epoch  21/100 | Train Loss 0.0508 | Val Loss 0.0419 MAE 0.4108 R2 0.7492
2026-09-14 22:42:46 |   Val R2 improved to 0.7492, model saved
2026-09-14 22:42:46 | Epoch  22/100 | Train Loss 0.0502 | Val Loss 0.0421 MAE 0.4116 R2 0.7462
2026-09-14 22:42:47 | Epoch  23/100 | Train Loss 0.0500 | Val Loss 0.0416 MAE 0.4165 R2 0.7521
2026-09-14 22:42:47 |   Val R2 improved to 0.7521, model saved
2026-09-14 22:42:47 | Epoch  24/100 | Train Loss 0.0486 | Val Loss 0.0410 MAE 0.4060 R2 0.7533
2026-09-14 22:42:47 |   Val R2 improved to 0.7533, model saved
2026-09-14 22:42:47 | Epoch  25/100 | Train Loss 0.0487 | Val Loss 0.0408 MAE 0.4075 R2 0.7561
2026-09-14 22:42:47 |   Val R2 improved to 0.7561, model saved
2026-09-14 22:42:48 | Epoch  26/100 | Train Loss 0.0483 | Val Loss 0.0407 MAE 0.4038 R2 0.7559
2026-09-14 22:42:48 | Epoch  27/100 | Train Loss 0.0485 | Val Loss 0.0409 MAE 0.4015 R2 0.7559
2026-09-14 22:42:48 | Epoch  28/100 | Train Loss 0.0474 | Val Loss 0.0404 MAE 0.3995 R2 0.7593
2026-09-14 22:42:48 |   Val R2 improved to 0.7593, model saved
2026-09-14 22:42:49 | Epoch  29/100 | Train Loss 0.0471 | Val Loss 0.0400 MAE 0.3976 R2 0.7594
2026-09-14 22:42:49 |   Val R2 improved to 0.7594, model saved
2026-09-14 22:42:49 | Epoch  30/100 | Train Loss 0.0471 | Val Loss 0.0397 MAE 0.3978 R2 0.7614
2026-09-14 22:42:49 |   Val R2 improved to 0.7614, model saved
2026-09-14 22:42:49 | Epoch  31/100 | Train Loss 0.0462 | Val Loss 0.0397 MAE 0.3949 R2 0.7608
2026-09-14 22:42:50 | Epoch  32/100 | Train Loss 0.0466 | Val Loss 0.0395 MAE 0.3994 R2 0.7643
2026-09-14 22:42:50 |   Val R2 improved to 0.7643, model saved
2026-09-14 22:42:50 | Epoch  33/100 | Train Loss 0.0466 | Val Loss 0.0392 MAE 0.3969 R2 0.7649
2026-09-14 22:42:50 |   Val R2 improved to 0.7649, model saved
2026-09-14 22:42:50 | Epoch  34/100 | Train Loss 0.0455 | Val Loss 0.0395 MAE 0.3937 R2 0.7624
2026-09-14 22:42:51 | Epoch  35/100 | Train Loss 0.0452 | Val Loss 0.0391 MAE 0.3946 R2 0.7661
2026-09-14 22:42:51 |   Val R2 improved to 0.7661, model saved
2026-09-14 22:42:51 | Epoch  36/100 | Train Loss 0.0453 | Val Loss 0.0391 MAE 0.3923 R2 0.7655
2026-09-14 22:42:51 | Epoch  37/100 | Train Loss 0.0451 | Val Loss 0.0396 MAE 0.3900 R2 0.7615
2026-09-14 22:42:52 | Epoch  38/100 | Train Loss 0.0454 | Val Loss 0.0386 MAE 0.3928 R2 0.7684
2026-09-14 22:42:52 |   Val R2 improved to 0.7684, model saved
2026-09-14 22:42:52 | Epoch  39/100 | Train Loss 0.0451 | Val Loss 0.0393 MAE 0.3906 R2 0.7620
2026-09-14 22:42:52 | Epoch  40/100 | Train Loss 0.0450 | Val Loss 0.0383 MAE 0.3894 R2 0.7701
2026-09-14 22:42:52 |   Val R2 improved to 0.7701, model saved
2026-09-14 22:42:53 | Epoch  41/100 | Train Loss 0.0438 | Val Loss 0.0384 MAE 0.3914 R2 0.7707
2026-09-14 22:42:53 |   Val R2 improved to 0.7707, model saved
2026-09-14 22:42:53 | Epoch  42/100 | Train Loss 0.0445 | Val Loss 0.0381 MAE 0.3905 R2 0.7714
2026-09-14 22:42:53 |   Val R2 improved to 0.7714, model saved
2026-09-14 22:42:53 | Epoch  43/100 | Train Loss 0.0440 | Val Loss 0.0383 MAE 0.3920 R2 0.7707
2026-09-14 22:42:54 | Epoch  44/100 | Train Loss 0.0436 | Val Loss 0.0380 MAE 0.3865 R2 0.7725
2026-09-14 22:42:54 |   Val R2 improved to 0.7725, model saved
2026-09-14 22:42:54 | Epoch  45/100 | Train Loss 0.0435 | Val Loss 0.0380 MAE 0.3871 R2 0.7706
2026-09-14 22:42:54 | Epoch  46/100 | Train Loss 0.0438 | Val Loss 0.0378 MAE 0.3831 R2 0.7728
2026-09-14 22:42:54 |   Val R2 improved to 0.7728, model saved
2026-09-14 22:42:55 | Epoch  47/100 | Train Loss 0.0431 | Val Loss 0.0378 MAE 0.3805 R2 0.7729
2026-09-14 22:42:55 |   Val R2 improved to 0.7729, model saved
2026-09-14 22:42:55 | Epoch  48/100 | Train Loss 0.0435 | Val Loss 0.0379 MAE 0.3813 R2 0.7717
2026-09-14 22:42:55 | Epoch  49/100 | Train Loss 0.0436 | Val Loss 0.0374 MAE 0.3797 R2 0.7750
2026-09-14 22:42:55 |   Val R2 improved to 0.7750, model saved
2026-09-14 22:42:56 | Epoch  50/100 | Train Loss 0.0428 | Val Loss 0.0375 MAE 0.3791 R2 0.7745
2026-09-14 22:42:56 | Epoch  51/100 | Train Loss 0.0427 | Val Loss 0.0373 MAE 0.3785 R2 0.7746
2026-09-14 22:42:56 | Epoch  52/100 | Train Loss 0.0427 | Val Loss 0.0372 MAE 0.3787 R2 0.7767
2026-09-14 22:42:56 |   Val R2 improved to 0.7767, model saved
2026-09-14 22:42:57 | Epoch  53/100 | Train Loss 0.0427 | Val Loss 0.0389 MAE 0.3843 R2 0.7660
2026-09-14 22:42:57 | Epoch  54/100 | Train Loss 0.0427 | Val Loss 0.0381 MAE 0.3804 R2 0.7696
2026-09-14 22:42:57 | Epoch  55/100 | Train Loss 0.0427 | Val Loss 0.0368 MAE 0.3775 R2 0.7784
2026-09-14 22:42:57 |   Val R2 improved to 0.7784, model saved
2026-09-14 22:42:58 | Epoch  56/100 | Train Loss 0.0423 | Val Loss 0.0369 MAE 0.3806 R2 0.7783
2026-09-14 22:42:58 | Epoch  57/100 | Train Loss 0.0422 | Val Loss 0.0371 MAE 0.3738 R2 0.7763
2026-09-14 22:42:58 | Epoch  58/100 | Train Loss 0.0420 | Val Loss 0.0365 MAE 0.3759 R2 0.7806
2026-09-14 22:42:58 |   Val R2 improved to 0.7806, model saved
2026-09-14 22:42:59 | Epoch  59/100 | Train Loss 0.0414 | Val Loss 0.0372 MAE 0.3759 R2 0.7752
2026-09-14 22:42:59 | Epoch  60/100 | Train Loss 0.0421 | Val Loss 0.0367 MAE 0.3750 R2 0.7789
2026-09-14 22:43:00 | Epoch  61/100 | Train Loss 0.0418 | Val Loss 0.0366 MAE 0.3737 R2 0.7783
2026-09-14 22:43:00 | Epoch  62/100 | Train Loss 0.0417 | Val Loss 0.0364 MAE 0.3780 R2 0.7801
2026-09-14 22:43:00 | Epoch  63/100 | Train Loss 0.0413 | Val Loss 0.0364 MAE 0.3783 R2 0.7812
2026-09-14 22:43:00 |   Val R2 improved to 0.7812, model saved
2026-09-14 22:43:01 | Epoch  64/100 | Train Loss 0.0410 | Val Loss 0.0365 MAE 0.3733 R2 0.7800
2026-09-14 22:43:01 | Epoch  65/100 | Train Loss 0.0409 | Val Loss 0.0367 MAE 0.3726 R2 0.7787
2026-09-14 22:43:01 | Epoch  66/100 | Train Loss 0.0411 | Val Loss 0.0363 MAE 0.3785 R2 0.7824
2026-09-14 22:43:01 |   Val R2 improved to 0.7824, model saved
2026-09-14 22:43:02 | Epoch  67/100 | Train Loss 0.0411 | Val Loss 0.0358 MAE 0.3716 R2 0.7838
2026-09-14 22:43:02 |   Val R2 improved to 0.7838, model saved
2026-09-14 22:43:02 | Epoch  68/100 | Train Loss 0.0406 | Val Loss 0.0363 MAE 0.3735 R2 0.7823
2026-09-14 22:43:02 | Epoch  69/100 | Train Loss 0.0404 | Val Loss 0.0360 MAE 0.3747 R2 0.7836
2026-09-14 22:43:03 | Epoch  70/100 | Train Loss 0.0406 | Val Loss 0.0363 MAE 0.3697 R2 0.7811
2026-09-14 22:43:03 | Epoch  71/100 | Train Loss 0.0401 | Val Loss 0.0356 MAE 0.3701 R2 0.7857
2026-09-14 22:43:03 |   Val R2 improved to 0.7857, model saved
2026-09-14 22:43:03 | Epoch  72/100 | Train Loss 0.0405 | Val Loss 0.0362 MAE 0.3691 R2 0.7822
2026-09-14 22:43:04 | Epoch  73/100 | Train Loss 0.0407 | Val Loss 0.0360 MAE 0.3755 R2 0.7850
2026-09-14 22:43:04 | Epoch  74/100 | Train Loss 0.0407 | Val Loss 0.0363 MAE 0.3702 R2 0.7822
2026-09-14 22:43:04 | Epoch  75/100 | Train Loss 0.0403 | Val Loss 0.0355 MAE 0.3665 R2 0.7862
2026-09-14 22:43:04 |   Val R2 improved to 0.7862, model saved
2026-09-14 22:43:05 | Epoch  76/100 | Train Loss 0.0397 | Val Loss 0.0357 MAE 0.3665 R2 0.7838
2026-09-14 22:43:05 | Epoch  77/100 | Train Loss 0.0395 | Val Loss 0.0353 MAE 0.3696 R2 0.7876
2026-09-14 22:43:05 |   Val R2 improved to 0.7876, model saved
2026-09-14 22:43:05 | Epoch  78/100 | Train Loss 0.0399 | Val Loss 0.0356 MAE 0.3721 R2 0.7867
2026-09-14 22:43:06 | Epoch  79/100 | Train Loss 0.0400 | Val Loss 0.0360 MAE 0.3693 R2 0.7824
2026-09-14 22:43:06 | Epoch  80/100 | Train Loss 0.0400 | Val Loss 0.0358 MAE 0.3659 R2 0.7843
2026-09-14 22:43:06 | Epoch  81/100 | Train Loss 0.0399 | Val Loss 0.0355 MAE 0.3738 R2 0.7880
2026-09-14 22:43:06 |   Val R2 improved to 0.7880, model saved
2026-09-14 22:43:07 | Epoch  82/100 | Train Loss 0.0394 | Val Loss 0.0353 MAE 0.3667 R2 0.7882
2026-09-14 22:43:07 |   Val R2 improved to 0.7882, model saved
2026-09-14 22:43:07 | Epoch  83/100 | Train Loss 0.0390 | Val Loss 0.0356 MAE 0.3696 R2 0.7875
2026-09-14 22:43:07 | Epoch  84/100 | Train Loss 0.0394 | Val Loss 0.0349 MAE 0.3639 R2 0.7903
2026-09-14 22:43:07 |   Val R2 improved to 0.7903, model saved
2026-09-14 22:43:08 | Epoch  85/100 | Train Loss 0.0393 | Val Loss 0.0351 MAE 0.3716 R2 0.7903
2026-09-14 22:43:08 | Epoch  86/100 | Train Loss 0.0390 | Val Loss 0.0360 MAE 0.3689 R2 0.7810
2026-09-14 22:43:08 | Epoch  87/100 | Train Loss 0.0401 | Val Loss 0.0351 MAE 0.3661 R2 0.7905
2026-09-14 22:43:08 |   Val R2 improved to 0.7905, model saved
2026-09-14 22:43:09 | Epoch  88/100 | Train Loss 0.0402 | Val Loss 0.0347 MAE 0.3623 R2 0.7913
2026-09-14 22:43:09 |   Val R2 improved to 0.7913, model saved
2026-09-14 22:43:09 | Epoch  89/100 | Train Loss 0.0390 | Val Loss 0.0350 MAE 0.3650 R2 0.7881
2026-09-14 22:43:09 | Epoch  90/100 | Train Loss 0.0389 | Val Loss 0.0347 MAE 0.3615 R2 0.7907
2026-09-14 22:43:10 | Epoch  91/100 | Train Loss 0.0384 | Val Loss 0.0346 MAE 0.3621 R2 0.7906
2026-09-14 22:43:10 | Epoch  92/100 | Train Loss 0.0386 | Val Loss 0.0349 MAE 0.3706 R2 0.7913
2026-09-14 22:43:10 |   Val R2 improved to 0.7913, model saved
2026-09-14 22:43:10 | Epoch  93/100 | Train Loss 0.0392 | Val Loss 0.0361 MAE 0.3647 R2 0.7835
2026-09-14 22:43:11 | Epoch  94/100 | Train Loss 0.0387 | Val Loss 0.0347 MAE 0.3627 R2 0.7917
2026-09-14 22:43:11 |   Val R2 improved to 0.7917, model saved
2026-09-14 22:43:11 | Epoch  95/100 | Train Loss 0.0378 | Val Loss 0.0350 MAE 0.3665 R2 0.7907
2026-09-14 22:43:11 | Epoch  96/100 | Train Loss 0.0388 | Val Loss 0.0350 MAE 0.3605 R2 0.7887
2026-09-14 22:43:12 | Epoch  97/100 | Train Loss 0.0385 | Val Loss 0.0344 MAE 0.3614 R2 0.7928
2026-09-14 22:43:12 |   Val R2 improved to 0.7928, model saved
2026-09-14 22:43:12 | Epoch  98/100 | Train Loss 0.0384 | Val Loss 0.0347 MAE 0.3620 R2 0.7898
2026-09-14 22:43:12 | Epoch  99/100 | Train Loss 0.0384 | Val Loss 0.0344 MAE 0.3615 R2 0.7933
2026-09-14 22:43:12 |   Val R2 improved to 0.7933, model saved
2026-09-14 22:43:13 | Epoch 100/100 | Train Loss 0.0383 | Val Loss 0.0368 MAE 0.3670 R2 0.7794
2026-09-14 22:43:13 | Run 1/5 | Test (best model @ Epoch 99) | Loss 0.0343 MAE 0.3608 R2 0.7828
2026-09-14 22:43:13 | ===== Run 2/5 (seed 1) =====
2026-09-14 22:43:13 | Epoch   1/100 | Train Loss 0.5954 | Val Loss 1.2020 MAE 0.7370 R2 0.1190
2026-09-14 22:43:13 |   Val R2 improved to 0.1190, model saved
2026-09-14 22:43:13 | Epoch   2/100 | Train Loss 0.2177 | Val Loss 0.0835 MAE 0.5881 R2 0.5109
2026-09-14 22:43:13 |   Val R2 improved to 0.5109, model saved
2026-09-14 22:43:14 | Epoch   3/100 | Train Loss 0.0853 | Val Loss 0.0534 MAE 0.5105 R2 0.6338
2026-09-14 22:43:14 |   Val R2 improved to 0.6338, model saved
2026-09-14 22:43:14 | Epoch   4/100 | Train Loss 0.0670 | Val Loss 0.0449 MAE 0.4745 R2 0.6839
2026-09-14 22:43:14 |   Val R2 improved to 0.6839, model saved
2026-09-14 22:43:14 | Epoch   5/100 | Train Loss 0.0593 | Val Loss 0.0411 MAE 0.4563 R2 0.7054
2026-09-14 22:43:14 |   Val R2 improved to 0.7054, model saved
2026-09-14 22:43:15 | Epoch   6/100 | Train Loss 0.0543 | Val Loss 0.0396 MAE 0.4433 R2 0.7182
2026-09-14 22:43:15 |   Val R2 improved to 0.7182, model saved
2026-09-14 22:43:15 | Epoch   7/100 | Train Loss 0.0530 | Val Loss 0.0383 MAE 0.4395 R2 0.7250
2026-09-14 22:43:15 |   Val R2 improved to 0.7250, model saved
2026-09-14 22:43:15 | Epoch   8/100 | Train Loss 0.0497 | Val Loss 0.0379 MAE 0.4390 R2 0.7271
2026-09-14 22:43:15 |   Val R2 improved to 0.7271, model saved
2026-09-14 22:43:16 | Epoch   9/100 | Train Loss 0.0482 | Val Loss 0.0376 MAE 0.4285 R2 0.7297
2026-09-14 22:43:16 |   Val R2 improved to 0.7297, model saved
2026-09-14 22:43:16 | Epoch  10/100 | Train Loss 0.0469 | Val Loss 0.0365 MAE 0.4318 R2 0.7351
2026-09-14 22:43:16 |   Val R2 improved to 0.7351, model saved
2026-09-14 22:43:16 | Epoch  11/100 | Train Loss 0.0468 | Val Loss 0.0356 MAE 0.4273 R2 0.7384
2026-09-14 22:43:16 |   Val R2 improved to 0.7384, model saved
2026-09-14 22:43:17 | Epoch  12/100 | Train Loss 0.0451 | Val Loss 0.0359 MAE 0.4222 R2 0.7409
2026-09-14 22:43:17 |   Val R2 improved to 0.7409, model saved
2026-09-14 22:43:17 | Epoch  13/100 | Train Loss 0.0445 | Val Loss 0.0352 MAE 0.4203 R2 0.7410
2026-09-14 22:43:17 |   Val R2 improved to 0.7410, model saved
2026-09-14 22:43:18 | Epoch  14/100 | Train Loss 0.0439 | Val Loss 0.0347 MAE 0.4210 R2 0.7459
2026-09-14 22:43:18 |   Val R2 improved to 0.7459, model saved
2026-09-14 22:43:18 | Epoch  15/100 | Train Loss 0.0441 | Val Loss 0.0343 MAE 0.4222 R2 0.7470
2026-09-14 22:43:18 |   Val R2 improved to 0.7470, model saved
2026-09-14 22:43:18 | Epoch  16/100 | Train Loss 0.0429 | Val Loss 0.0346 MAE 0.4131 R2 0.7477
2026-09-14 22:43:18 |   Val R2 improved to 0.7477, model saved
2026-09-14 22:43:19 | Epoch  17/100 | Train Loss 0.0425 | Val Loss 0.0342 MAE 0.4127 R2 0.7489
2026-09-14 22:43:19 |   Val R2 improved to 0.7489, model saved
2026-09-14 22:43:19 | Epoch  18/100 | Train Loss 0.0423 | Val Loss 0.0337 MAE 0.4120 R2 0.7524
2026-09-14 22:43:19 |   Val R2 improved to 0.7524, model saved
2026-09-14 22:43:19 | Epoch  19/100 | Train Loss 0.0428 | Val Loss 0.0342 MAE 0.4139 R2 0.7501
2026-09-14 22:43:20 | Epoch  20/100 | Train Loss 0.0410 | Val Loss 0.0340 MAE 0.4158 R2 0.7494
2026-09-14 22:43:20 | Epoch  21/100 | Train Loss 0.0411 | Val Loss 0.0336 MAE 0.4051 R2 0.7542
2026-09-14 22:43:20 |   Val R2 improved to 0.7542, model saved
2026-09-14 22:43:20 | Epoch  22/100 | Train Loss 0.0407 | Val Loss 0.0331 MAE 0.4090 R2 0.7559
2026-09-14 22:43:20 |   Val R2 improved to 0.7559, model saved
2026-09-14 22:43:21 | Epoch  23/100 | Train Loss 0.0398 | Val Loss 0.0332 MAE 0.4073 R2 0.7565
2026-09-14 22:43:21 |   Val R2 improved to 0.7565, model saved
2026-09-14 22:43:21 | Epoch  24/100 | Train Loss 0.0400 | Val Loss 0.0327 MAE 0.4029 R2 0.7585
2026-09-14 22:43:21 |   Val R2 improved to 0.7585, model saved
2026-09-14 22:43:21 | Epoch  25/100 | Train Loss 0.0394 | Val Loss 0.0323 MAE 0.4025 R2 0.7617
2026-09-14 22:43:21 |   Val R2 improved to 0.7617, model saved
2026-09-14 22:43:22 | Epoch  26/100 | Train Loss 0.0397 | Val Loss 0.0322 MAE 0.4047 R2 0.7621
2026-09-14 22:43:22 |   Val R2 improved to 0.7621, model saved
2026-09-14 22:43:22 | Epoch  27/100 | Train Loss 0.0391 | Val Loss 0.0321 MAE 0.3992 R2 0.7629
2026-09-14 22:43:22 |   Val R2 improved to 0.7629, model saved
2026-09-14 22:43:22 | Epoch  28/100 | Train Loss 0.0387 | Val Loss 0.0324 MAE 0.3960 R2 0.7636
2026-09-14 22:43:22 |   Val R2 improved to 0.7636, model saved
2026-09-14 22:43:23 | Epoch  29/100 | Train Loss 0.0388 | Val Loss 0.0318 MAE 0.4063 R2 0.7618
2026-09-14 22:43:23 | Epoch  30/100 | Train Loss 0.0397 | Val Loss 0.0325 MAE 0.3946 R2 0.7639
2026-09-14 22:43:23 |   Val R2 improved to 0.7639, model saved
2026-09-14 22:43:23 | Epoch  31/100 | Train Loss 0.0388 | Val Loss 0.0316 MAE 0.4050 R2 0.7632
2026-09-14 22:43:24 | Epoch  32/100 | Train Loss 0.0382 | Val Loss 0.0313 MAE 0.3909 R2 0.7687
2026-09-14 22:43:24 |   Val R2 improved to 0.7687, model saved
2026-09-14 22:43:24 | Epoch  33/100 | Train Loss 0.0381 | Val Loss 0.0319 MAE 0.3940 R2 0.7659
2026-09-14 22:43:24 | Epoch  34/100 | Train Loss 0.0381 | Val Loss 0.0312 MAE 0.3923 R2 0.7679
2026-09-14 22:43:25 | Epoch  35/100 | Train Loss 0.0376 | Val Loss 0.0307 MAE 0.3960 R2 0.7714
2026-09-14 22:43:25 |   Val R2 improved to 0.7714, model saved
2026-09-14 22:43:25 | Epoch  36/100 | Train Loss 0.0372 | Val Loss 0.0313 MAE 0.3853 R2 0.7710
2026-09-14 22:43:25 | Epoch  37/100 | Train Loss 0.0368 | Val Loss 0.0304 MAE 0.3909 R2 0.7724
2026-09-14 22:43:25 |   Val R2 improved to 0.7724, model saved
2026-09-14 22:43:26 | Epoch  38/100 | Train Loss 0.0369 | Val Loss 0.0312 MAE 0.3870 R2 0.7719
2026-09-14 22:43:26 | Epoch  39/100 | Train Loss 0.0370 | Val Loss 0.0309 MAE 0.3841 R2 0.7745
2026-09-14 22:43:26 |   Val R2 improved to 0.7745, model saved
2026-09-14 22:43:26 | Epoch  40/100 | Train Loss 0.0365 | Val Loss 0.0307 MAE 0.3837 R2 0.7754
2026-09-14 22:43:26 |   Val R2 improved to 0.7754, model saved
2026-09-14 22:43:27 | Epoch  41/100 | Train Loss 0.0365 | Val Loss 0.0299 MAE 0.3873 R2 0.7770
2026-09-14 22:43:27 |   Val R2 improved to 0.7770, model saved
2026-09-14 22:43:27 | Epoch  42/100 | Train Loss 0.0363 | Val Loss 0.0305 MAE 0.3827 R2 0.7760
2026-09-14 22:43:27 | Epoch  43/100 | Train Loss 0.0366 | Val Loss 0.0300 MAE 0.3822 R2 0.7783
2026-09-14 22:43:27 |   Val R2 improved to 0.7783, model saved
2026-09-14 22:43:28 | Epoch  44/100 | Train Loss 0.0361 | Val Loss 0.0298 MAE 0.3854 R2 0.7777
2026-09-14 22:43:28 | Epoch  45/100 | Train Loss 0.0362 | Val Loss 0.0298 MAE 0.3802 R2 0.7786
2026-09-14 22:43:28 |   Val R2 improved to 0.7786, model saved
2026-09-14 22:43:28 | Epoch  46/100 | Train Loss 0.0356 | Val Loss 0.0296 MAE 0.3825 R2 0.7806
2026-09-14 22:43:28 |   Val R2 improved to 0.7806, model saved
2026-09-14 22:43:29 | Epoch  47/100 | Train Loss 0.0361 | Val Loss 0.0303 MAE 0.3782 R2 0.7802
2026-09-14 22:43:29 | Epoch  48/100 | Train Loss 0.0358 | Val Loss 0.0297 MAE 0.3783 R2 0.7815
2026-09-14 22:43:29 |   Val R2 improved to 0.7815, model saved
2026-09-14 22:43:29 | Epoch  49/100 | Train Loss 0.0355 | Val Loss 0.0292 MAE 0.3802 R2 0.7823
2026-09-14 22:43:29 |   Val R2 improved to 0.7823, model saved
2026-09-14 22:43:30 | Epoch  50/100 | Train Loss 0.0350 | Val Loss 0.0294 MAE 0.3716 R2 0.7839
2026-09-14 22:43:30 |   Val R2 improved to 0.7839, model saved
2026-09-14 22:43:30 | Epoch  51/100 | Train Loss 0.0352 | Val Loss 0.0296 MAE 0.3780 R2 0.7806
2026-09-14 22:43:30 | Epoch  52/100 | Train Loss 0.0353 | Val Loss 0.0293 MAE 0.3757 R2 0.7828
2026-09-14 22:43:31 | Epoch  53/100 | Train Loss 0.0351 | Val Loss 0.0296 MAE 0.3721 R2 0.7818
2026-09-14 22:43:31 | Epoch  54/100 | Train Loss 0.0347 | Val Loss 0.0292 MAE 0.3741 R2 0.7832
2026-09-14 22:43:31 | Epoch  55/100 | Train Loss 0.0352 | Val Loss 0.0296 MAE 0.3722 R2 0.7837
2026-09-14 22:43:32 | Epoch  56/100 | Train Loss 0.0351 | Val Loss 0.0295 MAE 0.3780 R2 0.7846
2026-09-14 22:43:32 |   Val R2 improved to 0.7846, model saved
2026-09-14 22:43:32 | Epoch  57/100 | Train Loss 0.0352 | Val Loss 0.0293 MAE 0.3713 R2 0.7844
2026-09-14 22:43:32 | Epoch  58/100 | Train Loss 0.0341 | Val Loss 0.0292 MAE 0.3693 R2 0.7864
2026-09-14 22:43:32 |   Val R2 improved to 0.7864, model saved
2026-09-14 22:43:33 | Epoch  59/100 | Train Loss 0.0346 | Val Loss 0.0292 MAE 0.3814 R2 0.7824
2026-09-14 22:43:33 | Epoch  60/100 | Train Loss 0.0340 | Val Loss 0.0288 MAE 0.3737 R2 0.7861
2026-09-14 22:43:33 | Epoch  61/100 | Train Loss 0.0339 | Val Loss 0.0286 MAE 0.3679 R2 0.7891
2026-09-14 22:43:33 |   Val R2 improved to 0.7891, model saved
2026-09-14 22:43:34 | Epoch  62/100 | Train Loss 0.0341 | Val Loss 0.0288 MAE 0.3681 R2 0.7881
2026-09-14 22:43:34 | Epoch  63/100 | Train Loss 0.0339 | Val Loss 0.0288 MAE 0.3685 R2 0.7888
2026-09-14 22:43:34 | Epoch  64/100 | Train Loss 0.0339 | Val Loss 0.0290 MAE 0.3794 R2 0.7828
2026-09-14 22:43:35 | Epoch  65/100 | Train Loss 0.0337 | Val Loss 0.0294 MAE 0.3797 R2 0.7809
2026-09-14 22:43:35 | Epoch  66/100 | Train Loss 0.0340 | Val Loss 0.0285 MAE 0.3662 R2 0.7891
2026-09-14 22:43:35 |   Val R2 improved to 0.7891, model saved
2026-09-14 22:43:35 | Epoch  67/100 | Train Loss 0.0338 | Val Loss 0.0300 MAE 0.3670 R2 0.7850
2026-09-14 22:43:36 | Epoch  68/100 | Train Loss 0.0337 | Val Loss 0.0288 MAE 0.3724 R2 0.7874
2026-09-14 22:43:36 | Epoch  69/100 | Train Loss 0.0338 | Val Loss 0.0286 MAE 0.3717 R2 0.7882
2026-09-14 22:43:36 | Epoch  70/100 | Train Loss 0.0336 | Val Loss 0.0287 MAE 0.3686 R2 0.7903
2026-09-14 22:43:36 |   Val R2 improved to 0.7903, model saved
2026-09-14 22:43:37 | Epoch  71/100 | Train Loss 0.0333 | Val Loss 0.0282 MAE 0.3679 R2 0.7914
2026-09-14 22:43:37 |   Val R2 improved to 0.7914, model saved
2026-09-14 22:43:37 | Epoch  72/100 | Train Loss 0.0329 | Val Loss 0.0286 MAE 0.3710 R2 0.7872
2026-09-14 22:43:38 | Epoch  73/100 | Train Loss 0.0332 | Val Loss 0.0283 MAE 0.3717 R2 0.7900
2026-09-14 22:43:38 | Epoch  74/100 | Train Loss 0.0335 | Val Loss 0.0284 MAE 0.3642 R2 0.7917
2026-09-14 22:43:38 |   Val R2 improved to 0.7917, model saved
2026-09-14 22:43:38 | Epoch  75/100 | Train Loss 0.0332 | Val Loss 0.0284 MAE 0.3687 R2 0.7900
2026-09-14 22:43:39 | Epoch  76/100 | Train Loss 0.0330 | Val Loss 0.0284 MAE 0.3632 R2 0.7893
2026-09-14 22:43:39 | Epoch  77/100 | Train Loss 0.0333 | Val Loss 0.0280 MAE 0.3645 R2 0.7924
2026-09-14 22:43:39 |   Val R2 improved to 0.7924, model saved
2026-09-14 22:43:39 | Epoch  78/100 | Train Loss 0.0324 | Val Loss 0.0280 MAE 0.3615 R2 0.7928
2026-09-14 22:43:39 |   Val R2 improved to 0.7928, model saved
2026-09-14 22:43:40 | Epoch  79/100 | Train Loss 0.0327 | Val Loss 0.0285 MAE 0.3741 R2 0.7874
2026-09-14 22:43:40 | Epoch  80/100 | Train Loss 0.0326 | Val Loss 0.0288 MAE 0.3650 R2 0.7901
2026-09-14 22:43:40 | Epoch  81/100 | Train Loss 0.0327 | Val Loss 0.0280 MAE 0.3618 R2 0.7933
2026-09-14 22:43:40 |   Val R2 improved to 0.7933, model saved
2026-09-14 22:43:41 | Epoch  82/100 | Train Loss 0.0330 | Val Loss 0.0282 MAE 0.3597 R2 0.7944
2026-09-14 22:43:41 |   Val R2 improved to 0.7944, model saved
2026-09-14 22:43:41 | Epoch  83/100 | Train Loss 0.0330 | Val Loss 0.0282 MAE 0.3613 R2 0.7926
2026-09-14 22:43:41 | Epoch  84/100 | Train Loss 0.0329 | Val Loss 0.0278 MAE 0.3672 R2 0.7943
2026-09-14 22:43:42 | Epoch  85/100 | Train Loss 0.0327 | Val Loss 0.0288 MAE 0.3679 R2 0.7892
2026-09-14 22:43:42 | Epoch  86/100 | Train Loss 0.0326 | Val Loss 0.0281 MAE 0.3669 R2 0.7927
2026-09-14 22:43:42 | Epoch  87/100 | Train Loss 0.0321 | Val Loss 0.0278 MAE 0.3674 R2 0.7927
2026-09-14 22:43:43 | Epoch  88/100 | Train Loss 0.0323 | Val Loss 0.0276 MAE 0.3638 R2 0.7955
2026-09-14 22:43:43 |   Val R2 improved to 0.7955, model saved
2026-09-14 22:43:43 | Epoch  89/100 | Train Loss 0.0326 | Val Loss 0.0284 MAE 0.3648 R2 0.7925
2026-09-14 22:43:43 | Epoch  90/100 | Train Loss 0.0322 | Val Loss 0.0278 MAE 0.3632 R2 0.7954
2026-09-14 22:43:44 | Epoch  91/100 | Train Loss 0.0322 | Val Loss 0.0284 MAE 0.3594 R2 0.7938
2026-09-14 22:43:44 | Epoch  92/100 | Train Loss 0.0316 | Val Loss 0.0275 MAE 0.3659 R2 0.7947
2026-09-14 22:43:44 | Epoch  93/100 | Train Loss 0.0321 | Val Loss 0.0282 MAE 0.3623 R2 0.7918
2026-09-14 22:43:45 | Epoch  94/100 | Train Loss 0.0317 | Val Loss 0.0274 MAE 0.3643 R2 0.7958
2026-09-14 22:43:45 |   Val R2 improved to 0.7958, model saved
2026-09-14 22:43:45 | Epoch  95/100 | Train Loss 0.0319 | Val Loss 0.0282 MAE 0.3748 R2 0.7871
2026-09-14 22:43:45 | Epoch  96/100 | Train Loss 0.0319 | Val Loss 0.0276 MAE 0.3630 R2 0.7954
2026-09-14 22:43:46 | Epoch  97/100 | Train Loss 0.0321 | Val Loss 0.0278 MAE 0.3616 R2 0.7946
2026-09-14 22:43:46 | Epoch  98/100 | Train Loss 0.0318 | Val Loss 0.0278 MAE 0.3731 R2 0.7925
2026-09-14 22:43:46 | Epoch  99/100 | Train Loss 0.0321 | Val Loss 0.0276 MAE 0.3599 R2 0.7957
2026-09-14 22:43:46 | Epoch 100/100 | Train Loss 0.0313 | Val Loss 0.0274 MAE 0.3606 R2 0.7971
2026-09-14 22:43:46 |   Val R2 improved to 0.7971, model saved
2026-09-14 22:43:47 | Run 2/5 | Test (best model @ Epoch 100) | Loss 0.0270 MAE 0.3565 R2 0.7913
2026-09-14 22:43:47 | ===== Run 3/5 (seed 2) =====
2026-09-14 22:43:47 | Epoch   1/100 | Train Loss 0.6965 | Val Loss 1.0621 MAE 0.8022 R2 0.0435
2026-09-14 22:43:47 |   Val R2 improved to 0.0435, model saved
2026-09-14 22:43:47 | Epoch   2/100 | Train Loss 0.1792 | Val Loss 0.1844 MAE 0.6117 R2 0.4903
2026-09-14 22:43:47 |   Val R2 improved to 0.4903, model saved
2026-09-14 22:43:48 | Epoch   3/100 | Train Loss 0.0809 | Val Loss 0.0466 MAE 0.5186 R2 0.6028
2026-09-14 22:43:48 |   Val R2 improved to 0.6028, model saved
2026-09-14 22:43:48 | Epoch   4/100 | Train Loss 0.0622 | Val Loss 0.0385 MAE 0.4830 R2 0.6633
2026-09-14 22:43:48 |   Val R2 improved to 0.6633, model saved
2026-09-14 22:43:48 | Epoch   5/100 | Train Loss 0.0546 | Val Loss 0.0356 MAE 0.4651 R2 0.6850
2026-09-14 22:43:48 |   Val R2 improved to 0.6850, model saved
2026-09-14 22:43:49 | Epoch   6/100 | Train Loss 0.0496 | Val Loss 0.0329 MAE 0.4592 R2 0.7026
2026-09-14 22:43:49 |   Val R2 improved to 0.7026, model saved
2026-09-14 22:43:49 | Epoch   7/100 | Train Loss 0.0465 | Val Loss 0.0327 MAE 0.4471 R2 0.7078
2026-09-14 22:43:49 |   Val R2 improved to 0.7078, model saved
2026-09-14 22:43:49 | Epoch   8/100 | Train Loss 0.0438 | Val Loss 0.0313 MAE 0.4413 R2 0.7172
2026-09-14 22:43:49 |   Val R2 improved to 0.7172, model saved
2026-09-14 22:43:50 | Epoch   9/100 | Train Loss 0.0426 | Val Loss 0.0307 MAE 0.4357 R2 0.7204
2026-09-14 22:43:50 |   Val R2 improved to 0.7204, model saved
2026-09-14 22:43:50 | Epoch  10/100 | Train Loss 0.0417 | Val Loss 0.0306 MAE 0.4356 R2 0.7245
2026-09-14 22:43:50 |   Val R2 improved to 0.7245, model saved
2026-09-14 22:43:50 | Epoch  11/100 | Train Loss 0.0408 | Val Loss 0.0298 MAE 0.4290 R2 0.7301
2026-09-14 22:43:50 |   Val R2 improved to 0.7301, model saved
2026-09-14 22:43:51 | Epoch  12/100 | Train Loss 0.0398 | Val Loss 0.0292 MAE 0.4284 R2 0.7324
2026-09-14 22:43:51 |   Val R2 improved to 0.7324, model saved
2026-09-14 22:43:51 | Epoch  13/100 | Train Loss 0.0388 | Val Loss 0.0290 MAE 0.4275 R2 0.7345
2026-09-14 22:43:51 |   Val R2 improved to 0.7345, model saved
2026-09-14 22:43:51 | Epoch  14/100 | Train Loss 0.0383 | Val Loss 0.0293 MAE 0.4210 R2 0.7350
2026-09-14 22:43:51 |   Val R2 improved to 0.7350, model saved
2026-09-14 22:43:52 | Epoch  15/100 | Train Loss 0.0380 | Val Loss 0.0288 MAE 0.4243 R2 0.7393
2026-09-14 22:43:52 |   Val R2 improved to 0.7393, model saved
2026-09-14 22:43:52 | Epoch  16/100 | Train Loss 0.0378 | Val Loss 0.0281 MAE 0.4188 R2 0.7419
2026-09-14 22:43:52 |   Val R2 improved to 0.7419, model saved
2026-09-14 22:43:52 | Epoch  17/100 | Train Loss 0.0372 | Val Loss 0.0287 MAE 0.4176 R2 0.7385
2026-09-14 22:43:53 | Epoch  18/100 | Train Loss 0.0370 | Val Loss 0.0283 MAE 0.4178 R2 0.7442
2026-09-14 22:43:53 |   Val R2 improved to 0.7442, model saved
2026-09-14 22:43:53 | Epoch  19/100 | Train Loss 0.0367 | Val Loss 0.0277 MAE 0.4136 R2 0.7462
2026-09-14 22:43:53 |   Val R2 improved to 0.7462, model saved
2026-09-14 22:43:53 | Epoch  20/100 | Train Loss 0.0360 | Val Loss 0.0279 MAE 0.4166 R2 0.7483
2026-09-14 22:43:53 |   Val R2 improved to 0.7483, model saved
2026-09-14 22:43:54 | Epoch  21/100 | Train Loss 0.0363 | Val Loss 0.0278 MAE 0.4202 R2 0.7461
2026-09-14 22:43:54 | Epoch  22/100 | Train Loss 0.0356 | Val Loss 0.0279 MAE 0.4089 R2 0.7505
2026-09-14 22:43:54 |   Val R2 improved to 0.7505, model saved
2026-09-14 22:43:54 | Epoch  23/100 | Train Loss 0.0356 | Val Loss 0.0271 MAE 0.4118 R2 0.7525
2026-09-14 22:43:54 |   Val R2 improved to 0.7525, model saved
2026-09-14 22:43:55 | Epoch  24/100 | Train Loss 0.0354 | Val Loss 0.0267 MAE 0.4110 R2 0.7543
2026-09-14 22:43:55 |   Val R2 improved to 0.7543, model saved
2026-09-14 22:43:55 | Epoch  25/100 | Train Loss 0.0354 | Val Loss 0.0276 MAE 0.4049 R2 0.7525
2026-09-14 22:43:55 | Epoch  26/100 | Train Loss 0.0347 | Val Loss 0.0271 MAE 0.4060 R2 0.7543
2026-09-14 22:43:55 |   Val R2 improved to 0.7543, model saved
2026-09-14 22:43:56 | Epoch  27/100 | Train Loss 0.0345 | Val Loss 0.0269 MAE 0.4050 R2 0.7552
2026-09-14 22:43:56 |   Val R2 improved to 0.7552, model saved
2026-09-14 22:43:56 | Epoch  28/100 | Train Loss 0.0346 | Val Loss 0.0279 MAE 0.4044 R2 0.7509
2026-09-14 22:43:56 | Epoch  29/100 | Train Loss 0.0348 | Val Loss 0.0267 MAE 0.3988 R2 0.7586
2026-09-14 22:43:56 |   Val R2 improved to 0.7586, model saved
2026-09-14 22:43:57 | Epoch  30/100 | Train Loss 0.0341 | Val Loss 0.0264 MAE 0.4039 R2 0.7598
2026-09-14 22:43:57 |   Val R2 improved to 0.7598, model saved
2026-09-14 22:43:57 | Epoch  31/100 | Train Loss 0.0341 | Val Loss 0.0265 MAE 0.4040 R2 0.7603
2026-09-14 22:43:57 |   Val R2 improved to 0.7603, model saved
2026-09-14 22:43:58 | Epoch  32/100 | Train Loss 0.0339 | Val Loss 0.0264 MAE 0.3996 R2 0.7612
2026-09-14 22:43:58 |   Val R2 improved to 0.7612, model saved
2026-09-14 22:43:58 | Epoch  33/100 | Train Loss 0.0335 | Val Loss 0.0267 MAE 0.3967 R2 0.7595
2026-09-14 22:43:58 | Epoch  34/100 | Train Loss 0.0333 | Val Loss 0.0262 MAE 0.3947 R2 0.7625
2026-09-14 22:43:58 |   Val R2 improved to 0.7625, model saved
2026-09-14 22:43:59 | Epoch  35/100 | Train Loss 0.0334 | Val Loss 0.0266 MAE 0.3933 R2 0.7609
2026-09-14 22:43:59 | Epoch  36/100 | Train Loss 0.0329 | Val Loss 0.0259 MAE 0.3922 R2 0.7636
2026-09-14 22:43:59 |   Val R2 improved to 0.7636, model saved
2026-09-14 22:43:59 | Epoch  37/100 | Train Loss 0.0330 | Val Loss 0.0262 MAE 0.3994 R2 0.7635
2026-09-14 22:44:00 | Epoch  38/100 | Train Loss 0.0328 | Val Loss 0.0259 MAE 0.3944 R2 0.7663
2026-09-14 22:44:00 |   Val R2 improved to 0.7663, model saved
2026-09-14 22:44:00 | Epoch  39/100 | Train Loss 0.0331 | Val Loss 0.0258 MAE 0.3924 R2 0.7658
2026-09-14 22:44:00 | Epoch  40/100 | Train Loss 0.0326 | Val Loss 0.0256 MAE 0.3895 R2 0.7651
2026-09-14 22:44:01 | Epoch  41/100 | Train Loss 0.0323 | Val Loss 0.0254 MAE 0.3902 R2 0.7681
2026-09-14 22:44:01 |   Val R2 improved to 0.7681, model saved
2026-09-14 22:44:01 | Epoch  42/100 | Train Loss 0.0323 | Val Loss 0.0257 MAE 0.3945 R2 0.7678
2026-09-14 22:44:01 | Epoch  43/100 | Train Loss 0.0324 | Val Loss 0.0254 MAE 0.3903 R2 0.7702
2026-09-14 22:44:01 |   Val R2 improved to 0.7702, model saved
2026-09-14 22:44:02 | Epoch  44/100 | Train Loss 0.0323 | Val Loss 0.0254 MAE 0.3883 R2 0.7702
2026-09-14 22:44:02 | Epoch  45/100 | Train Loss 0.0323 | Val Loss 0.0254 MAE 0.3836 R2 0.7705
2026-09-14 22:44:02 |   Val R2 improved to 0.7705, model saved
2026-09-14 22:44:02 | Epoch  46/100 | Train Loss 0.0321 | Val Loss 0.0253 MAE 0.3884 R2 0.7711
2026-09-14 22:44:02 |   Val R2 improved to 0.7711, model saved
2026-09-14 22:44:03 | Epoch  47/100 | Train Loss 0.0319 | Val Loss 0.0260 MAE 0.3848 R2 0.7682
2026-09-14 22:44:03 | Epoch  48/100 | Train Loss 0.0320 | Val Loss 0.0255 MAE 0.3828 R2 0.7702
2026-09-14 22:44:03 | Epoch  49/100 | Train Loss 0.0312 | Val Loss 0.0249 MAE 0.3834 R2 0.7735
2026-09-14 22:44:03 |   Val R2 improved to 0.7735, model saved
2026-09-14 22:44:04 | Epoch  50/100 | Train Loss 0.0312 | Val Loss 0.0252 MAE 0.3824 R2 0.7696
2026-09-14 22:44:04 | Epoch  51/100 | Train Loss 0.0314 | Val Loss 0.0252 MAE 0.3853 R2 0.7733
2026-09-14 22:44:04 | Epoch  52/100 | Train Loss 0.0312 | Val Loss 0.0248 MAE 0.3843 R2 0.7756
2026-09-14 22:44:04 |   Val R2 improved to 0.7756, model saved
2026-09-14 22:44:05 | Epoch  53/100 | Train Loss 0.0309 | Val Loss 0.0247 MAE 0.3857 R2 0.7760
2026-09-14 22:44:05 |   Val R2 improved to 0.7760, model saved
2026-09-14 22:44:05 | Epoch  54/100 | Train Loss 0.0311 | Val Loss 0.0253 MAE 0.3807 R2 0.7716
2026-09-14 22:44:05 | Epoch  55/100 | Train Loss 0.0311 | Val Loss 0.0248 MAE 0.3800 R2 0.7761
2026-09-14 22:44:05 |   Val R2 improved to 0.7761, model saved
2026-09-14 22:44:06 | Epoch  56/100 | Train Loss 0.0308 | Val Loss 0.0245 MAE 0.3789 R2 0.7771
2026-09-14 22:44:06 |   Val R2 improved to 0.7771, model saved
2026-09-14 22:44:06 | Epoch  57/100 | Train Loss 0.0308 | Val Loss 0.0249 MAE 0.3796 R2 0.7741
2026-09-14 22:44:06 | Epoch  58/100 | Train Loss 0.0303 | Val Loss 0.0245 MAE 0.3876 R2 0.7753
2026-09-14 22:44:07 | Epoch  59/100 | Train Loss 0.0304 | Val Loss 0.0248 MAE 0.3764 R2 0.7740
2026-09-14 22:44:07 | Epoch  60/100 | Train Loss 0.0307 | Val Loss 0.0245 MAE 0.3785 R2 0.7768
2026-09-14 22:44:07 | Epoch  61/100 | Train Loss 0.0303 | Val Loss 0.0248 MAE 0.3742 R2 0.7751
2026-09-14 22:44:08 | Epoch  62/100 | Train Loss 0.0303 | Val Loss 0.0238 MAE 0.3756 R2 0.7834
2026-09-14 22:44:08 |   Val R2 improved to 0.7834, model saved
2026-09-14 22:44:08 | Epoch  63/100 | Train Loss 0.0303 | Val Loss 0.0246 MAE 0.3742 R2 0.7805
2026-09-14 22:44:08 | Epoch  64/100 | Train Loss 0.0301 | Val Loss 0.0238 MAE 0.3776 R2 0.7810
2026-09-14 22:44:08 | Epoch  65/100 | Train Loss 0.0296 | Val Loss 0.0242 MAE 0.3708 R2 0.7818
2026-09-14 22:44:09 | Epoch  66/100 | Train Loss 0.0304 | Val Loss 0.0243 MAE 0.3721 R2 0.7841
2026-09-14 22:44:09 |   Val R2 improved to 0.7841, model saved
2026-09-14 22:44:09 | Epoch  67/100 | Train Loss 0.0296 | Val Loss 0.0240 MAE 0.3803 R2 0.7809
2026-09-14 22:44:09 | Epoch  68/100 | Train Loss 0.0301 | Val Loss 0.0243 MAE 0.3822 R2 0.7811
2026-09-14 22:44:10 | Epoch  69/100 | Train Loss 0.0298 | Val Loss 0.0240 MAE 0.3703 R2 0.7858
2026-09-14 22:44:10 |   Val R2 improved to 0.7858, model saved
2026-09-14 22:44:10 | Epoch  70/100 | Train Loss 0.0298 | Val Loss 0.0238 MAE 0.3704 R2 0.7850
2026-09-14 22:44:10 | Epoch  71/100 | Train Loss 0.0294 | Val Loss 0.0238 MAE 0.3708 R2 0.7852
2026-09-14 22:44:11 | Epoch  72/100 | Train Loss 0.0292 | Val Loss 0.0242 MAE 0.3676 R2 0.7821
2026-09-14 22:44:11 | Epoch  73/100 | Train Loss 0.0294 | Val Loss 0.0237 MAE 0.3730 R2 0.7855
2026-09-14 22:44:11 | Epoch  74/100 | Train Loss 0.0292 | Val Loss 0.0237 MAE 0.3676 R2 0.7846
2026-09-14 22:44:12 | Epoch  75/100 | Train Loss 0.0290 | Val Loss 0.0237 MAE 0.3686 R2 0.7877
2026-09-14 22:44:12 |   Val R2 improved to 0.7877, model saved
2026-09-14 22:44:12 | Epoch  76/100 | Train Loss 0.0294 | Val Loss 0.0239 MAE 0.3698 R2 0.7864
2026-09-14 22:44:12 | Epoch  77/100 | Train Loss 0.0295 | Val Loss 0.0239 MAE 0.3736 R2 0.7860
2026-09-14 22:44:13 | Epoch  78/100 | Train Loss 0.0292 | Val Loss 0.0235 MAE 0.3669 R2 0.7880
2026-09-14 22:44:13 |   Val R2 improved to 0.7880, model saved
2026-09-14 22:44:13 | Epoch  79/100 | Train Loss 0.0292 | Val Loss 0.0236 MAE 0.3682 R2 0.7870
2026-09-14 22:44:13 | Epoch  80/100 | Train Loss 0.0289 | Val Loss 0.0233 MAE 0.3683 R2 0.7874
2026-09-14 22:44:14 | Epoch  81/100 | Train Loss 0.0295 | Val Loss 0.0234 MAE 0.3660 R2 0.7893
2026-09-14 22:44:14 |   Val R2 improved to 0.7893, model saved
2026-09-14 22:44:14 | Epoch  82/100 | Train Loss 0.0295 | Val Loss 0.0240 MAE 0.3769 R2 0.7827
2026-09-14 22:44:14 | Epoch  83/100 | Train Loss 0.0289 | Val Loss 0.0234 MAE 0.3722 R2 0.7891
2026-09-14 22:44:14 | Epoch  84/100 | Train Loss 0.0289 | Val Loss 0.0232 MAE 0.3666 R2 0.7896
2026-09-14 22:44:14 |   Val R2 improved to 0.7896, model saved
2026-09-14 22:44:15 | Epoch  85/100 | Train Loss 0.0287 | Val Loss 0.0231 MAE 0.3641 R2 0.7899
2026-09-14 22:44:15 |   Val R2 improved to 0.7899, model saved
2026-09-14 22:44:15 | Epoch  86/100 | Train Loss 0.0287 | Val Loss 0.0231 MAE 0.3642 R2 0.7900
2026-09-14 22:44:15 |   Val R2 improved to 0.7900, model saved
2026-09-14 22:44:15 | Epoch  87/100 | Train Loss 0.0288 | Val Loss 0.0231 MAE 0.3626 R2 0.7908
2026-09-14 22:44:15 |   Val R2 improved to 0.7908, model saved
2026-09-14 22:44:16 | Epoch  88/100 | Train Loss 0.0284 | Val Loss 0.0235 MAE 0.3718 R2 0.7887
2026-09-14 22:44:16 | Epoch  89/100 | Train Loss 0.0288 | Val Loss 0.0232 MAE 0.3665 R2 0.7911
2026-09-14 22:44:16 |   Val R2 improved to 0.7911, model saved
2026-09-14 22:44:16 | Epoch  90/100 | Train Loss 0.0285 | Val Loss 0.0231 MAE 0.3657 R2 0.7907
2026-09-14 22:44:17 | Epoch  91/100 | Train Loss 0.0283 | Val Loss 0.0236 MAE 0.3633 R2 0.7884
2026-09-14 22:44:17 | Epoch  92/100 | Train Loss 0.0286 | Val Loss 0.0233 MAE 0.3685 R2 0.7892
2026-09-14 22:44:17 | Epoch  93/100 | Train Loss 0.0282 | Val Loss 0.0239 MAE 0.3690 R2 0.7855
2026-09-14 22:44:18 | Epoch  94/100 | Train Loss 0.0286 | Val Loss 0.0231 MAE 0.3685 R2 0.7918
2026-09-14 22:44:18 |   Val R2 improved to 0.7918, model saved
2026-09-14 22:44:18 | Epoch  95/100 | Train Loss 0.0282 | Val Loss 0.0231 MAE 0.3622 R2 0.7915
2026-09-14 22:44:18 | Epoch  96/100 | Train Loss 0.0280 | Val Loss 0.0229 MAE 0.3649 R2 0.7936
2026-09-14 22:44:18 |   Val R2 improved to 0.7936, model saved
2026-09-14 22:44:18 | Epoch  97/100 | Train Loss 0.0282 | Val Loss 0.0229 MAE 0.3608 R2 0.7918
2026-09-14 22:44:19 | Epoch  98/100 | Train Loss 0.0280 | Val Loss 0.0230 MAE 0.3628 R2 0.7938
2026-09-14 22:44:19 |   Val R2 improved to 0.7938, model saved
2026-09-14 22:44:19 | Epoch  99/100 | Train Loss 0.0284 | Val Loss 0.0232 MAE 0.3664 R2 0.7935
2026-09-14 22:44:19 | Epoch 100/100 | Train Loss 0.0282 | Val Loss 0.0230 MAE 0.3624 R2 0.7928
2026-09-14 22:44:20 | Run 3/5 | Test (best model @ Epoch 98) | Loss 0.0229 MAE 0.3604 R2 0.7850
2026-09-14 22:44:20 | ===== Run 4/5 (seed 3) =====
2026-09-14 22:44:20 | Epoch   1/100 | Train Loss 0.6094 | Val Loss 0.6312 MAE 0.8274 R2 -0.2675
2026-09-14 22:44:20 |   Val R2 improved to -0.2675, model saved
2026-09-14 22:44:20 | Epoch   2/100 | Train Loss 0.1149 | Val Loss 0.0805 MAE 0.6415 R2 0.3968
2026-09-14 22:44:20 |   Val R2 improved to 0.3968, model saved
2026-09-14 22:44:21 | Epoch   3/100 | Train Loss 0.0711 | Val Loss 0.0418 MAE 0.5424 R2 0.5689
2026-09-14 22:44:21 |   Val R2 improved to 0.5689, model saved
2026-09-14 22:44:21 | Epoch   4/100 | Train Loss 0.0568 | Val Loss 0.0354 MAE 0.4992 R2 0.6409
2026-09-14 22:44:21 |   Val R2 improved to 0.6409, model saved
2026-09-14 22:44:21 | Epoch   5/100 | Train Loss 0.0490 | Val Loss 0.0318 MAE 0.4707 R2 0.6773
2026-09-14 22:44:21 |   Val R2 improved to 0.6773, model saved
2026-09-14 22:44:21 | Epoch   6/100 | Train Loss 0.0444 | Val Loss 0.0306 MAE 0.4584 R2 0.6883
2026-09-14 22:44:21 |   Val R2 improved to 0.6883, model saved
2026-09-14 22:44:22 | Epoch   7/100 | Train Loss 0.0420 | Val Loss 0.0307 MAE 0.4500 R2 0.7032
2026-09-14 22:44:22 |   Val R2 improved to 0.7032, model saved
2026-09-14 22:44:22 | Epoch   8/100 | Train Loss 0.0405 | Val Loss 0.0286 MAE 0.4419 R2 0.7137
2026-09-14 22:44:22 |   Val R2 improved to 0.7137, model saved
2026-09-14 22:44:22 | Epoch   9/100 | Train Loss 0.0392 | Val Loss 0.0284 MAE 0.4336 R2 0.7202
2026-09-14 22:44:22 |   Val R2 improved to 0.7202, model saved
2026-09-14 22:44:23 | Epoch  10/100 | Train Loss 0.0380 | Val Loss 0.0277 MAE 0.4374 R2 0.7263
2026-09-14 22:44:23 |   Val R2 improved to 0.7263, model saved
2026-09-14 22:44:23 | Epoch  11/100 | Train Loss 0.0371 | Val Loss 0.0271 MAE 0.4304 R2 0.7311
2026-09-14 22:44:23 |   Val R2 improved to 0.7311, model saved
2026-09-14 22:44:23 | Epoch  12/100 | Train Loss 0.0365 | Val Loss 0.0275 MAE 0.4281 R2 0.7285
2026-09-14 22:44:24 | Epoch  13/100 | Train Loss 0.0358 | Val Loss 0.0268 MAE 0.4240 R2 0.7379
2026-09-14 22:44:24 |   Val R2 improved to 0.7379, model saved
2026-09-14 22:44:24 | Epoch  14/100 | Train Loss 0.0352 | Val Loss 0.0264 MAE 0.4233 R2 0.7364
2026-09-14 22:44:24 | Epoch  15/100 | Train Loss 0.0352 | Val Loss 0.0262 MAE 0.4181 R2 0.7419
2026-09-14 22:44:24 |   Val R2 improved to 0.7419, model saved
2026-09-14 22:44:25 | Epoch  16/100 | Train Loss 0.0346 | Val Loss 0.0262 MAE 0.4193 R2 0.7437
2026-09-14 22:44:25 |   Val R2 improved to 0.7437, model saved
2026-09-14 22:44:25 | Epoch  17/100 | Train Loss 0.0344 | Val Loss 0.0259 MAE 0.4193 R2 0.7440
2026-09-14 22:44:25 |   Val R2 improved to 0.7440, model saved
2026-09-14 22:44:25 | Epoch  18/100 | Train Loss 0.0342 | Val Loss 0.0256 MAE 0.4147 R2 0.7477
2026-09-14 22:44:25 |   Val R2 improved to 0.7477, model saved
2026-09-14 22:44:26 | Epoch  19/100 | Train Loss 0.0338 | Val Loss 0.0258 MAE 0.4092 R2 0.7472
2026-09-14 22:44:26 | Epoch  20/100 | Train Loss 0.0335 | Val Loss 0.0249 MAE 0.4107 R2 0.7512
2026-09-14 22:44:26 |   Val R2 improved to 0.7512, model saved
2026-09-14 22:44:26 | Epoch  21/100 | Train Loss 0.0331 | Val Loss 0.0252 MAE 0.4085 R2 0.7513
2026-09-14 22:44:26 |   Val R2 improved to 0.7513, model saved
2026-09-14 22:44:27 | Epoch  22/100 | Train Loss 0.0326 | Val Loss 0.0254 MAE 0.4073 R2 0.7538
2026-09-14 22:44:27 |   Val R2 improved to 0.7538, model saved
2026-09-14 22:44:27 | Epoch  23/100 | Train Loss 0.0325 | Val Loss 0.0248 MAE 0.4016 R2 0.7544
2026-09-14 22:44:27 |   Val R2 improved to 0.7544, model saved
2026-09-14 22:44:27 | Epoch  24/100 | Train Loss 0.0327 | Val Loss 0.0251 MAE 0.4020 R2 0.7511
2026-09-14 22:44:28 | Epoch  25/100 | Train Loss 0.0326 | Val Loss 0.0248 MAE 0.4012 R2 0.7558
2026-09-14 22:44:28 |   Val R2 improved to 0.7558, model saved
2026-09-14 22:44:28 | Epoch  26/100 | Train Loss 0.0323 | Val Loss 0.0254 MAE 0.3989 R2 0.7526
2026-09-14 22:44:28 | Epoch  27/100 | Train Loss 0.0320 | Val Loss 0.0251 MAE 0.3975 R2 0.7549
2026-09-14 22:44:28 | Epoch  28/100 | Train Loss 0.0316 | Val Loss 0.0242 MAE 0.4005 R2 0.7626
2026-09-14 22:44:28 |   Val R2 improved to 0.7626, model saved
2026-09-14 22:44:29 | Epoch  29/100 | Train Loss 0.0314 | Val Loss 0.0240 MAE 0.3961 R2 0.7636
2026-09-14 22:44:29 |   Val R2 improved to 0.7636, model saved
2026-09-14 22:44:29 | Epoch  30/100 | Train Loss 0.0319 | Val Loss 0.0244 MAE 0.3964 R2 0.7620
2026-09-14 22:44:29 | Epoch  31/100 | Train Loss 0.0315 | Val Loss 0.0243 MAE 0.3934 R2 0.7618
2026-09-14 22:44:30 | Epoch  32/100 | Train Loss 0.0312 | Val Loss 0.0242 MAE 0.3922 R2 0.7624
2026-09-14 22:44:30 | Epoch  33/100 | Train Loss 0.0312 | Val Loss 0.0242 MAE 0.3972 R2 0.7630
2026-09-14 22:44:30 | Epoch  34/100 | Train Loss 0.0310 | Val Loss 0.0243 MAE 0.3874 R2 0.7650
2026-09-14 22:44:30 |   Val R2 improved to 0.7650, model saved
2026-09-14 22:44:31 | Epoch  35/100 | Train Loss 0.0306 | Val Loss 0.0239 MAE 0.3872 R2 0.7671
2026-09-14 22:44:31 |   Val R2 improved to 0.7671, model saved
2026-09-14 22:44:31 | Epoch  36/100 | Train Loss 0.0306 | Val Loss 0.0241 MAE 0.3863 R2 0.7684
2026-09-14 22:44:31 |   Val R2 improved to 0.7684, model saved
2026-09-14 22:44:31 | Epoch  37/100 | Train Loss 0.0308 | Val Loss 0.0239 MAE 0.3862 R2 0.7659
2026-09-14 22:44:32 | Epoch  38/100 | Train Loss 0.0301 | Val Loss 0.0234 MAE 0.3866 R2 0.7714
2026-09-14 22:44:32 |   Val R2 improved to 0.7714, model saved
2026-09-14 22:44:32 | Epoch  39/100 | Train Loss 0.0304 | Val Loss 0.0234 MAE 0.3930 R2 0.7714
2026-09-14 22:44:32 | Epoch  40/100 | Train Loss 0.0302 | Val Loss 0.0236 MAE 0.3817 R2 0.7705
2026-09-14 22:44:33 | Epoch  41/100 | Train Loss 0.0303 | Val Loss 0.0239 MAE 0.3829 R2 0.7697
2026-09-14 22:44:33 | Epoch  42/100 | Train Loss 0.0300 | Val Loss 0.0235 MAE 0.3855 R2 0.7713
2026-09-14 22:44:33 | Epoch  43/100 | Train Loss 0.0300 | Val Loss 0.0233 MAE 0.3843 R2 0.7736
2026-09-14 22:44:33 |   Val R2 improved to 0.7736, model saved
2026-09-14 22:44:34 | Epoch  44/100 | Train Loss 0.0304 | Val Loss 0.0237 MAE 0.3795 R2 0.7713
2026-09-14 22:44:34 | Epoch  45/100 | Train Loss 0.0301 | Val Loss 0.0235 MAE 0.3845 R2 0.7712
2026-09-14 22:44:34 | Epoch  46/100 | Train Loss 0.0300 | Val Loss 0.0235 MAE 0.3828 R2 0.7747
2026-09-14 22:44:34 |   Val R2 improved to 0.7747, model saved
2026-09-14 22:44:35 | Epoch  47/100 | Train Loss 0.0296 | Val Loss 0.0233 MAE 0.3813 R2 0.7774
2026-09-14 22:44:35 |   Val R2 improved to 0.7774, model saved
2026-09-14 22:44:35 | Epoch  48/100 | Train Loss 0.0296 | Val Loss 0.0231 MAE 0.3820 R2 0.7764
2026-09-14 22:44:35 | Epoch  49/100 | Train Loss 0.0297 | Val Loss 0.0232 MAE 0.3826 R2 0.7768
2026-09-14 22:44:36 | Epoch  50/100 | Train Loss 0.0293 | Val Loss 0.0228 MAE 0.3756 R2 0.7780
2026-09-14 22:44:36 |   Val R2 improved to 0.7780, model saved
2026-09-14 22:44:36 | Epoch  51/100 | Train Loss 0.0294 | Val Loss 0.0229 MAE 0.3800 R2 0.7776
2026-09-14 22:44:36 | Epoch  52/100 | Train Loss 0.0293 | Val Loss 0.0228 MAE 0.3737 R2 0.7789
2026-09-14 22:44:36 |   Val R2 improved to 0.7789, model saved
2026-09-14 22:44:37 | Epoch  53/100 | Train Loss 0.0292 | Val Loss 0.0236 MAE 0.3805 R2 0.7796
2026-09-14 22:44:37 |   Val R2 improved to 0.7796, model saved
2026-09-14 22:44:37 | Epoch  54/100 | Train Loss 0.0293 | Val Loss 0.0239 MAE 0.3798 R2 0.7706
2026-09-14 22:44:37 | Epoch  55/100 | Train Loss 0.0292 | Val Loss 0.0227 MAE 0.3750 R2 0.7810
2026-09-14 22:44:37 |   Val R2 improved to 0.7810, model saved
2026-09-14 22:44:38 | Epoch  56/100 | Train Loss 0.0287 | Val Loss 0.0226 MAE 0.3727 R2 0.7800
2026-09-14 22:44:38 | Epoch  57/100 | Train Loss 0.0288 | Val Loss 0.0227 MAE 0.3717 R2 0.7837
2026-09-14 22:44:38 |   Val R2 improved to 0.7837, model saved
2026-09-14 22:44:38 | Epoch  58/100 | Train Loss 0.0287 | Val Loss 0.0226 MAE 0.3709 R2 0.7825
2026-09-14 22:44:39 | Epoch  59/100 | Train Loss 0.0287 | Val Loss 0.0225 MAE 0.3704 R2 0.7838
2026-09-14 22:44:39 |   Val R2 improved to 0.7838, model saved
2026-09-14 22:44:39 | Epoch  60/100 | Train Loss 0.0287 | Val Loss 0.0222 MAE 0.3688 R2 0.7810
2026-09-14 22:44:39 | Epoch  61/100 | Train Loss 0.0285 | Val Loss 0.0226 MAE 0.3694 R2 0.7840
2026-09-14 22:44:39 |   Val R2 improved to 0.7840, model saved
2026-09-14 22:44:39 | Epoch  62/100 | Train Loss 0.0285 | Val Loss 0.0227 MAE 0.3739 R2 0.7819
2026-09-14 22:44:40 | Epoch  63/100 | Train Loss 0.0285 | Val Loss 0.0222 MAE 0.3695 R2 0.7861
2026-09-14 22:44:40 |   Val R2 improved to 0.7861, model saved
2026-09-14 22:44:40 | Epoch  64/100 | Train Loss 0.0281 | Val Loss 0.0224 MAE 0.3663 R2 0.7868
2026-09-14 22:44:40 |   Val R2 improved to 0.7868, model saved
2026-09-14 22:44:40 | Epoch  65/100 | Train Loss 0.0286 | Val Loss 0.0231 MAE 0.3813 R2 0.7839
2026-09-14 22:44:41 | Epoch  66/100 | Train Loss 0.0287 | Val Loss 0.0218 MAE 0.3653 R2 0.7877
2026-09-14 22:44:41 |   Val R2 improved to 0.7877, model saved
2026-09-14 22:44:41 | Epoch  67/100 | Train Loss 0.0281 | Val Loss 0.0221 MAE 0.3703 R2 0.7878
2026-09-14 22:44:41 |   Val R2 improved to 0.7878, model saved
2026-09-14 22:44:41 | Epoch  68/100 | Train Loss 0.0284 | Val Loss 0.0221 MAE 0.3689 R2 0.7884
2026-09-14 22:44:41 |   Val R2 improved to 0.7884, model saved
2026-09-14 22:44:42 | Epoch  69/100 | Train Loss 0.0280 | Val Loss 0.0219 MAE 0.3652 R2 0.7890
2026-09-14 22:44:42 |   Val R2 improved to 0.7890, model saved
2026-09-14 22:44:42 | Epoch  70/100 | Train Loss 0.0281 | Val Loss 0.0228 MAE 0.3693 R2 0.7839
2026-09-14 22:44:42 | Epoch  71/100 | Train Loss 0.0281 | Val Loss 0.0220 MAE 0.3642 R2 0.7878
2026-09-14 22:44:43 | Epoch  72/100 | Train Loss 0.0280 | Val Loss 0.0221 MAE 0.3658 R2 0.7862
2026-09-14 22:44:43 | Epoch  73/100 | Train Loss 0.0278 | Val Loss 0.0222 MAE 0.3699 R2 0.7899
2026-09-14 22:44:43 |   Val R2 improved to 0.7899, model saved
2026-09-14 22:44:43 | Epoch  74/100 | Train Loss 0.0279 | Val Loss 0.0218 MAE 0.3644 R2 0.7887
2026-09-14 22:44:44 | Epoch  75/100 | Train Loss 0.0282 | Val Loss 0.0220 MAE 0.3613 R2 0.7905
2026-09-14 22:44:44 |   Val R2 improved to 0.7905, model saved
2026-09-14 22:44:44 | Epoch  76/100 | Train Loss 0.0277 | Val Loss 0.0222 MAE 0.3678 R2 0.7877
2026-09-14 22:44:44 | Epoch  77/100 | Train Loss 0.0278 | Val Loss 0.0218 MAE 0.3623 R2 0.7914
2026-09-14 22:44:44 |   Val R2 improved to 0.7914, model saved
2026-09-14 22:44:45 | Epoch  78/100 | Train Loss 0.0279 | Val Loss 0.0219 MAE 0.3692 R2 0.7907
2026-09-14 22:44:45 | Epoch  79/100 | Train Loss 0.0279 | Val Loss 0.0219 MAE 0.3611 R2 0.7920
2026-09-14 22:44:45 |   Val R2 improved to 0.7920, model saved
2026-09-14 22:44:45 | Epoch  80/100 | Train Loss 0.0276 | Val Loss 0.0218 MAE 0.3616 R2 0.7927
2026-09-14 22:44:45 |   Val R2 improved to 0.7927, model saved
2026-09-14 22:44:46 | Epoch  81/100 | Train Loss 0.0273 | Val Loss 0.0217 MAE 0.3614 R2 0.7921
2026-09-14 22:44:46 | Epoch  82/100 | Train Loss 0.0274 | Val Loss 0.0219 MAE 0.3578 R2 0.7938
2026-09-14 22:44:46 |   Val R2 improved to 0.7938, model saved
2026-09-14 22:44:46 | Epoch  83/100 | Train Loss 0.0273 | Val Loss 0.0218 MAE 0.3621 R2 0.7918
2026-09-14 22:44:46 | Epoch  84/100 | Train Loss 0.0274 | Val Loss 0.0216 MAE 0.3597 R2 0.7945
2026-09-14 22:44:46 |   Val R2 improved to 0.7945, model saved
2026-09-14 22:44:47 | Epoch  85/100 | Train Loss 0.0272 | Val Loss 0.0218 MAE 0.3603 R2 0.7928
2026-09-14 22:44:47 | Epoch  86/100 | Train Loss 0.0271 | Val Loss 0.0212 MAE 0.3588 R2 0.7940
2026-09-14 22:44:47 | Epoch  87/100 | Train Loss 0.0272 | Val Loss 0.0215 MAE 0.3589 R2 0.7939
2026-09-14 22:44:48 | Epoch  88/100 | Train Loss 0.0268 | Val Loss 0.0216 MAE 0.3596 R2 0.7956
2026-09-14 22:44:48 |   Val R2 improved to 0.7956, model saved
2026-09-14 22:44:48 | Epoch  89/100 | Train Loss 0.0272 | Val Loss 0.0217 MAE 0.3705 R2 0.7933
2026-09-14 22:44:48 | Epoch  90/100 | Train Loss 0.0270 | Val Loss 0.0212 MAE 0.3580 R2 0.7974
2026-09-14 22:44:48 |   Val R2 improved to 0.7974, model saved
2026-09-14 22:44:48 | Epoch  91/100 | Train Loss 0.0272 | Val Loss 0.0218 MAE 0.3623 R2 0.7958
2026-09-14 22:44:49 | Epoch  92/100 | Train Loss 0.0271 | Val Loss 0.0218 MAE 0.3568 R2 0.7927
2026-09-14 22:44:49 | Epoch  93/100 | Train Loss 0.0269 | Val Loss 0.0217 MAE 0.3560 R2 0.7945
2026-09-14 22:44:49 | Epoch  94/100 | Train Loss 0.0273 | Val Loss 0.0216 MAE 0.3642 R2 0.7956
2026-09-14 22:44:50 | Epoch  95/100 | Train Loss 0.0270 | Val Loss 0.0214 MAE 0.3551 R2 0.7970
2026-09-14 22:44:50 | Epoch  96/100 | Train Loss 0.0268 | Val Loss 0.0213 MAE 0.3592 R2 0.7986
2026-09-14 22:44:50 |   Val R2 improved to 0.7986, model saved
2026-09-14 22:44:50 | Epoch  97/100 | Train Loss 0.0267 | Val Loss 0.0214 MAE 0.3589 R2 0.7971
2026-09-14 22:44:50 | Epoch  98/100 | Train Loss 0.0271 | Val Loss 0.0213 MAE 0.3553 R2 0.7945
2026-09-14 22:44:51 | Epoch  99/100 | Train Loss 0.0269 | Val Loss 0.0217 MAE 0.3585 R2 0.7965
2026-09-14 22:44:51 | Epoch 100/100 | Train Loss 0.0269 | Val Loss 0.0215 MAE 0.3590 R2 0.7958
2026-09-14 22:44:51 | Run 4/5 | Test (best model @ Epoch 96) | Loss 0.0214 MAE 0.3599 R2 0.7879
2026-09-14 22:44:51 | ===== Run 5/5 (seed 4) =====
2026-09-14 22:44:51 | Epoch   1/100 | Train Loss 1.0295 | Val Loss 0.5013 MAE 0.7285 R2 0.0956
2026-09-14 22:44:51 |   Val R2 improved to 0.0956, model saved
2026-09-14 22:44:52 | Epoch   2/100 | Train Loss 0.1912 | Val Loss 0.1315 MAE 0.5873 R2 0.5103
2026-09-14 22:44:52 |   Val R2 improved to 0.5103, model saved
2026-09-14 22:44:52 | Epoch   3/100 | Train Loss 0.1313 | Val Loss 0.0914 MAE 0.5209 R2 0.6160
2026-09-14 22:44:52 |   Val R2 improved to 0.6160, model saved
2026-09-14 22:44:52 | Epoch   4/100 | Train Loss 0.1058 | Val Loss 0.0765 MAE 0.4977 R2 0.6653
2026-09-14 22:44:52 |   Val R2 improved to 0.6653, model saved
2026-09-14 22:44:53 | Epoch   5/100 | Train Loss 0.0932 | Val Loss 0.0706 MAE 0.4651 R2 0.6920
2026-09-14 22:44:53 |   Val R2 improved to 0.6920, model saved
2026-09-14 22:44:53 | Epoch   6/100 | Train Loss 0.0861 | Val Loss 0.0657 MAE 0.4533 R2 0.7085
2026-09-14 22:44:53 |   Val R2 improved to 0.7085, model saved
2026-09-14 22:44:53 | Epoch   7/100 | Train Loss 0.0812 | Val Loss 0.0637 MAE 0.4458 R2 0.7157
2026-09-14 22:44:53 |   Val R2 improved to 0.7157, model saved
2026-09-14 22:44:54 | Epoch   8/100 | Train Loss 0.0773 | Val Loss 0.0629 MAE 0.4493 R2 0.7195
2026-09-14 22:44:54 |   Val R2 improved to 0.7195, model saved
2026-09-14 22:44:54 | Epoch   9/100 | Train Loss 0.0766 | Val Loss 0.0608 MAE 0.4388 R2 0.7281
2026-09-14 22:44:54 |   Val R2 improved to 0.7281, model saved
2026-09-14 22:44:54 | Epoch  10/100 | Train Loss 0.0747 | Val Loss 0.0612 MAE 0.4357 R2 0.7281
2026-09-14 22:44:54 | Epoch  11/100 | Train Loss 0.0723 | Val Loss 0.0596 MAE 0.4291 R2 0.7338
2026-09-14 22:44:54 |   Val R2 improved to 0.7338, model saved
2026-09-14 22:44:55 | Epoch  12/100 | Train Loss 0.0704 | Val Loss 0.0589 MAE 0.4264 R2 0.7360
2026-09-14 22:44:55 |   Val R2 improved to 0.7360, model saved
2026-09-14 22:44:55 | Epoch  13/100 | Train Loss 0.0698 | Val Loss 0.0584 MAE 0.4262 R2 0.7366
2026-09-14 22:44:55 |   Val R2 improved to 0.7366, model saved
2026-09-14 22:44:55 | Epoch  14/100 | Train Loss 0.0695 | Val Loss 0.0575 MAE 0.4259 R2 0.7407
2026-09-14 22:44:55 |   Val R2 improved to 0.7407, model saved
2026-09-14 22:44:56 | Epoch  15/100 | Train Loss 0.0683 | Val Loss 0.0575 MAE 0.4249 R2 0.7412
2026-09-14 22:44:56 |   Val R2 improved to 0.7412, model saved
2026-09-14 22:44:56 | Epoch  16/100 | Train Loss 0.0667 | Val Loss 0.0565 MAE 0.4241 R2 0.7439
2026-09-14 22:44:56 |   Val R2 improved to 0.7439, model saved
2026-09-14 22:44:56 | Epoch  17/100 | Train Loss 0.0660 | Val Loss 0.0558 MAE 0.4184 R2 0.7471
2026-09-14 22:44:56 |   Val R2 improved to 0.7471, model saved
2026-09-14 22:44:56 | Epoch  18/100 | Train Loss 0.0654 | Val Loss 0.0555 MAE 0.4207 R2 0.7474
2026-09-14 22:44:56 |   Val R2 improved to 0.7474, model saved
2026-09-14 22:44:57 | Epoch  19/100 | Train Loss 0.0644 | Val Loss 0.0555 MAE 0.4161 R2 0.7494
2026-09-14 22:44:57 |   Val R2 improved to 0.7494, model saved
2026-09-14 22:44:57 | Epoch  20/100 | Train Loss 0.0637 | Val Loss 0.0549 MAE 0.4127 R2 0.7516
2026-09-14 22:44:57 |   Val R2 improved to 0.7516, model saved
2026-09-14 22:44:57 | Epoch  21/100 | Train Loss 0.0641 | Val Loss 0.0546 MAE 0.4092 R2 0.7527
2026-09-14 22:44:57 |   Val R2 improved to 0.7527, model saved
2026-09-14 22:44:58 | Epoch  22/100 | Train Loss 0.0629 | Val Loss 0.0540 MAE 0.4093 R2 0.7542
2026-09-14 22:44:58 |   Val R2 improved to 0.7542, model saved
2026-09-14 22:44:58 | Epoch  23/100 | Train Loss 0.0617 | Val Loss 0.0541 MAE 0.4053 R2 0.7554
2026-09-14 22:44:58 |   Val R2 improved to 0.7554, model saved
2026-09-14 22:44:58 | Epoch  24/100 | Train Loss 0.0612 | Val Loss 0.0541 MAE 0.4083 R2 0.7560
2026-09-14 22:44:58 |   Val R2 improved to 0.7560, model saved
2026-09-14 22:44:59 | Epoch  25/100 | Train Loss 0.0616 | Val Loss 0.0534 MAE 0.4003 R2 0.7583
2026-09-14 22:44:59 |   Val R2 improved to 0.7583, model saved
2026-09-14 22:44:59 | Epoch  26/100 | Train Loss 0.0602 | Val Loss 0.0532 MAE 0.4022 R2 0.7585
2026-09-14 22:44:59 |   Val R2 improved to 0.7585, model saved
2026-09-14 22:44:59 | Epoch  27/100 | Train Loss 0.0600 | Val Loss 0.0537 MAE 0.4055 R2 0.7570
2026-09-14 22:45:00 | Epoch  28/100 | Train Loss 0.0611 | Val Loss 0.0526 MAE 0.4023 R2 0.7609
2026-09-14 22:45:00 |   Val R2 improved to 0.7609, model saved
2026-09-14 22:45:00 | Epoch  29/100 | Train Loss 0.0601 | Val Loss 0.0521 MAE 0.4043 R2 0.7624
2026-09-14 22:45:00 |   Val R2 improved to 0.7624, model saved
2026-09-14 22:45:00 | Epoch  30/100 | Train Loss 0.0596 | Val Loss 0.0530 MAE 0.4073 R2 0.7582
2026-09-14 22:45:01 | Epoch  31/100 | Train Loss 0.0598 | Val Loss 0.0521 MAE 0.3954 R2 0.7644
2026-09-14 22:45:01 |   Val R2 improved to 0.7644, model saved
2026-09-14 22:45:01 | Epoch  32/100 | Train Loss 0.0588 | Val Loss 0.0515 MAE 0.3966 R2 0.7651
2026-09-14 22:45:01 |   Val R2 improved to 0.7651, model saved
2026-09-14 22:45:01 | Epoch  33/100 | Train Loss 0.0581 | Val Loss 0.0514 MAE 0.3962 R2 0.7654
2026-09-14 22:45:01 |   Val R2 improved to 0.7654, model saved
2026-09-14 22:45:01 | Epoch  34/100 | Train Loss 0.0587 | Val Loss 0.0521 MAE 0.3936 R2 0.7636
2026-09-14 22:45:02 | Epoch  35/100 | Train Loss 0.0577 | Val Loss 0.0516 MAE 0.4057 R2 0.7627
2026-09-14 22:45:02 | Epoch  36/100 | Train Loss 0.0579 | Val Loss 0.0514 MAE 0.3920 R2 0.7660
2026-09-14 22:45:02 |   Val R2 improved to 0.7660, model saved
2026-09-14 22:45:02 | Epoch  37/100 | Train Loss 0.0573 | Val Loss 0.0515 MAE 0.3886 R2 0.7676
2026-09-14 22:45:02 |   Val R2 improved to 0.7676, model saved
2026-09-14 22:45:02 | Epoch  38/100 | Train Loss 0.0571 | Val Loss 0.0513 MAE 0.4101 R2 0.7616
2026-09-14 22:45:03 | Epoch  39/100 | Train Loss 0.0571 | Val Loss 0.0500 MAE 0.3925 R2 0.7712
2026-09-14 22:45:03 |   Val R2 improved to 0.7712, model saved
2026-09-14 22:45:03 | Epoch  40/100 | Train Loss 0.0566 | Val Loss 0.0505 MAE 0.3960 R2 0.7680
2026-09-14 22:45:03 | Epoch  41/100 | Train Loss 0.0570 | Val Loss 0.0507 MAE 0.3863 R2 0.7708
2026-09-14 22:45:03 | Epoch  42/100 | Train Loss 0.0566 | Val Loss 0.0503 MAE 0.3977 R2 0.7682
2026-09-14 22:45:04 | Epoch  43/100 | Train Loss 0.0558 | Val Loss 0.0494 MAE 0.3916 R2 0.7731
2026-09-14 22:45:04 |   Val R2 improved to 0.7731, model saved
2026-09-14 22:45:04 | Epoch  44/100 | Train Loss 0.0559 | Val Loss 0.0512 MAE 0.3889 R2 0.7692
2026-09-14 22:45:04 | Epoch  45/100 | Train Loss 0.0562 | Val Loss 0.0502 MAE 0.4040 R2 0.7677
2026-09-14 22:45:05 | Epoch  46/100 | Train Loss 0.0555 | Val Loss 0.0492 MAE 0.3888 R2 0.7749
2026-09-14 22:45:05 |   Val R2 improved to 0.7749, model saved
2026-09-14 22:45:05 | Epoch  47/100 | Train Loss 0.0555 | Val Loss 0.0490 MAE 0.3860 R2 0.7750
2026-09-14 22:45:05 |   Val R2 improved to 0.7750, model saved
2026-09-14 22:45:05 | Epoch  48/100 | Train Loss 0.0543 | Val Loss 0.0488 MAE 0.3895 R2 0.7754
2026-09-14 22:45:05 |   Val R2 improved to 0.7754, model saved
2026-09-14 22:45:05 | Epoch  49/100 | Train Loss 0.0551 | Val Loss 0.0488 MAE 0.3887 R2 0.7763
2026-09-14 22:45:05 |   Val R2 improved to 0.7763, model saved
2026-09-14 22:45:06 | Epoch  50/100 | Train Loss 0.0553 | Val Loss 0.0495 MAE 0.3820 R2 0.7746
2026-09-14 22:45:06 | Epoch  51/100 | Train Loss 0.0544 | Val Loss 0.0494 MAE 0.3809 R2 0.7747
2026-09-14 22:45:06 | Epoch  52/100 | Train Loss 0.0544 | Val Loss 0.0504 MAE 0.3870 R2 0.7723
2026-09-14 22:45:06 | Epoch  53/100 | Train Loss 0.0554 | Val Loss 0.0485 MAE 0.3841 R2 0.7776
2026-09-14 22:45:06 |   Val R2 improved to 0.7776, model saved
2026-09-14 22:45:07 | Epoch  54/100 | Train Loss 0.0537 | Val Loss 0.0484 MAE 0.3792 R2 0.7789
2026-09-14 22:45:07 |   Val R2 improved to 0.7789, model saved
2026-09-14 22:45:07 | Epoch  55/100 | Train Loss 0.0542 | Val Loss 0.0485 MAE 0.3839 R2 0.7785
2026-09-14 22:45:07 | Epoch  56/100 | Train Loss 0.0545 | Val Loss 0.0510 MAE 0.3812 R2 0.7719
2026-09-14 22:45:07 | Epoch  57/100 | Train Loss 0.0537 | Val Loss 0.0481 MAE 0.3794 R2 0.7791
2026-09-14 22:45:07 |   Val R2 improved to 0.7791, model saved
2026-09-14 22:45:08 | Epoch  58/100 | Train Loss 0.0530 | Val Loss 0.0486 MAE 0.3760 R2 0.7786
2026-09-14 22:45:08 | Epoch  59/100 | Train Loss 0.0525 | Val Loss 0.0479 MAE 0.3820 R2 0.7801
2026-09-14 22:45:08 |   Val R2 improved to 0.7801, model saved
2026-09-14 22:45:08 | Epoch  60/100 | Train Loss 0.0531 | Val Loss 0.0479 MAE 0.3847 R2 0.7792
2026-09-14 22:45:08 | Epoch  61/100 | Train Loss 0.0533 | Val Loss 0.0484 MAE 0.3728 R2 0.7809
2026-09-14 22:45:08 |   Val R2 improved to 0.7809, model saved
2026-09-14 22:45:09 | Epoch  62/100 | Train Loss 0.0531 | Val Loss 0.0498 MAE 0.3758 R2 0.7759
2026-09-14 22:45:09 | Epoch  63/100 | Train Loss 0.0532 | Val Loss 0.0480 MAE 0.3763 R2 0.7816
2026-09-14 22:45:09 |   Val R2 improved to 0.7816, model saved
2026-09-14 22:45:09 | Epoch  64/100 | Train Loss 0.0530 | Val Loss 0.0476 MAE 0.3726 R2 0.7841
2026-09-14 22:45:09 |   Val R2 improved to 0.7841, model saved
2026-09-14 22:45:10 | Epoch  65/100 | Train Loss 0.0527 | Val Loss 0.0477 MAE 0.3846 R2 0.7788
2026-09-14 22:45:10 | Epoch  66/100 | Train Loss 0.0522 | Val Loss 0.0481 MAE 0.3728 R2 0.7816
2026-09-14 22:45:10 | Epoch  67/100 | Train Loss 0.0528 | Val Loss 0.0475 MAE 0.3763 R2 0.7834
2026-09-14 22:45:10 | Epoch  68/100 | Train Loss 0.0525 | Val Loss 0.0474 MAE 0.3765 R2 0.7828
2026-09-14 22:45:11 | Epoch  69/100 | Train Loss 0.0522 | Val Loss 0.0476 MAE 0.3751 R2 0.7834
2026-09-14 22:45:11 | Epoch  70/100 | Train Loss 0.0525 | Val Loss 0.0472 MAE 0.3730 R2 0.7833
2026-09-14 22:45:11 | Epoch  71/100 | Train Loss 0.0526 | Val Loss 0.0470 MAE 0.3719 R2 0.7861
2026-09-14 22:45:11 |   Val R2 improved to 0.7861, model saved
2026-09-14 22:45:11 | Epoch  72/100 | Train Loss 0.0515 | Val Loss 0.0468 MAE 0.3719 R2 0.7862
2026-09-14 22:45:11 |   Val R2 improved to 0.7862, model saved
2026-09-14 22:45:12 | Epoch  73/100 | Train Loss 0.0524 | Val Loss 0.0490 MAE 0.3720 R2 0.7791
2026-09-14 22:45:12 | Epoch  74/100 | Train Loss 0.0517 | Val Loss 0.0476 MAE 0.3723 R2 0.7827
2026-09-14 22:45:12 | Epoch  75/100 | Train Loss 0.0516 | Val Loss 0.0470 MAE 0.3693 R2 0.7847
2026-09-14 22:45:12 | Epoch  76/100 | Train Loss 0.0516 | Val Loss 0.0468 MAE 0.3673 R2 0.7870
2026-09-14 22:45:12 |   Val R2 improved to 0.7870, model saved
2026-09-14 22:45:12 | Epoch  77/100 | Train Loss 0.0509 | Val Loss 0.0468 MAE 0.3693 R2 0.7867
2026-09-14 22:45:13 | Epoch  78/100 | Train Loss 0.0504 | Val Loss 0.0466 MAE 0.3730 R2 0.7871
2026-09-14 22:45:13 |   Val R2 improved to 0.7871, model saved
2026-09-14 22:45:13 | Epoch  79/100 | Train Loss 0.0516 | Val Loss 0.0473 MAE 0.3782 R2 0.7810
2026-09-14 22:45:13 | Epoch  80/100 | Train Loss 0.0515 | Val Loss 0.0466 MAE 0.3688 R2 0.7871
2026-09-14 22:45:13 | Epoch  81/100 | Train Loss 0.0506 | Val Loss 0.0464 MAE 0.3692 R2 0.7874
2026-09-14 22:45:13 |   Val R2 improved to 0.7874, model saved
2026-09-14 22:45:14 | Epoch  82/100 | Train Loss 0.0511 | Val Loss 0.0476 MAE 0.3685 R2 0.7856
2026-09-14 22:45:14 | Epoch  83/100 | Train Loss 0.0503 | Val Loss 0.0461 MAE 0.3701 R2 0.7884
2026-09-14 22:45:14 |   Val R2 improved to 0.7884, model saved
2026-09-14 22:45:14 | Epoch  84/100 | Train Loss 0.0504 | Val Loss 0.0467 MAE 0.3787 R2 0.7843
2026-09-14 22:45:14 | Epoch  85/100 | Train Loss 0.0511 | Val Loss 0.0459 MAE 0.3694 R2 0.7879
2026-09-14 22:45:14 | Epoch  86/100 | Train Loss 0.0504 | Val Loss 0.0475 MAE 0.3726 R2 0.7853
2026-09-14 22:45:14 | Epoch  87/100 | Train Loss 0.0508 | Val Loss 0.0461 MAE 0.3738 R2 0.7879
2026-09-14 22:45:15 | Epoch  88/100 | Train Loss 0.0501 | Val Loss 0.0458 MAE 0.3663 R2 0.7905
2026-09-14 22:45:15 |   Val R2 improved to 0.7905, model saved
2026-09-14 22:45:15 | Epoch  89/100 | Train Loss 0.0502 | Val Loss 0.0464 MAE 0.3663 R2 0.7893
2026-09-14 22:45:15 | Epoch  90/100 | Train Loss 0.0496 | Val Loss 0.0493 MAE 0.3710 R2 0.7807
2026-09-14 22:45:15 | Epoch  91/100 | Train Loss 0.0512 | Val Loss 0.0453 MAE 0.3624 R2 0.7933
2026-09-14 22:45:15 |   Val R2 improved to 0.7933, model saved
2026-09-14 22:45:16 | Epoch  92/100 | Train Loss 0.0506 | Val Loss 0.0455 MAE 0.3680 R2 0.7905
2026-09-14 22:45:16 | Epoch  93/100 | Train Loss 0.0494 | Val Loss 0.0457 MAE 0.3650 R2 0.7921
2026-09-14 22:45:16 | Epoch  94/100 | Train Loss 0.0496 | Val Loss 0.0452 MAE 0.3683 R2 0.7910
2026-09-14 22:45:16 | Epoch  95/100 | Train Loss 0.0494 | Val Loss 0.0456 MAE 0.3617 R2 0.7932
2026-09-14 22:45:16 | Epoch  96/100 | Train Loss 0.0496 | Val Loss 0.0499 MAE 0.3725 R2 0.7796
2026-09-14 22:45:16 | Epoch  97/100 | Train Loss 0.0505 | Val Loss 0.0477 MAE 0.3916 R2 0.7791
2026-09-14 22:45:17 | Epoch  98/100 | Train Loss 0.0504 | Val Loss 0.0458 MAE 0.3619 R2 0.7917
2026-09-14 22:45:17 | Epoch  99/100 | Train Loss 0.0492 | Val Loss 0.0470 MAE 0.3638 R2 0.7875
2026-09-14 22:45:17 | Epoch 100/100 | Train Loss 0.0498 | Val Loss 0.0449 MAE 0.3656 R2 0.7944
2026-09-14 22:45:17 |   Val R2 improved to 0.7944, model saved
2026-09-14 22:45:17 | Run 5/5 | Test (best model @ Epoch 100) | Loss 0.0450 MAE 0.3630 R2 0.7856
2026-09-14 22:45:17 | Average over 5 runs | Test Loss 0.0301±0.0097 MAE 0.3601±0.0024 R2 0.7865±0.0032
