2026-09-02 14:08:16 | Device: cuda
2026-09-02 14:08:16 | Args: {'model': 'opb', 'backbone': 'rnn', 'task': 'agnews', 'epochs': 100, 'batch_size': 512, 'lr': 0.001, 'hidden_dims': [512, 256], 'dropout': 0.2, 'z_dim': 256, 'anchor_scale': 2.0, 'energy_classifier': True, 'tied_head': False, 'max_len': 250, 'random_labels': False, 'beta': 1.0, 'patience': 10, 'runs': 5, 'seed': 0, 'data_dir': './data', 'save_path': 'output/agnews_rnn_opb/agnews_rnn_opb.pt', 'log_path': '/root/autodl-tmp/IB/tune_results/agnews_rnn_opb_beta_1_anchor_2/train.log', 'no_save': True}
2026-09-02 14:08:16 | AG News 特征文件：agnews_bert_base_layer10_pca50_features.npy（input_dim=50）
2026-09-02 14:08:16 | AG News 预处理缓存：mmap 共享 ./data/agnews/agnews_bert_base_layer10_pca50_features_fp32.npy
2026-09-02 14:08:16 | AG News BERT 特征划分（60/20/20 分层）：train 76560 / val 25520 / test 25520（共 127600 条）
2026-09-02 14:08:16 | ===== Run 1/5 (seed 0) =====
2026-09-02 14:08:50 | Epoch   1/100 | Train Loss 1.8792 Acc 0.6575 | Val Loss 1.0081 Acc 0.8556 AUC 0.9533 Pre 0.8596 Rec 0.8556
2026-09-02 14:08:50 |   Val AUC improved to 0.9533, model saved
2026-09-02 14:09:19 | Epoch   2/100 | Train Loss 1.2271 Acc 0.7543 | Val Loss 0.7612 Acc 0.8806 AUC 0.9697 Pre 0.8845 Rec 0.8806
2026-09-02 14:09:19 |   Val AUC improved to 0.9697, model saved
2026-09-02 14:09:50 | Epoch   3/100 | Train Loss 1.3053 Acc 0.7223 | Val Loss 0.7745 Acc 0.8851 AUC 0.9683 Pre 0.8876 Rec 0.8851
2026-09-02 14:10:18 | Epoch   4/100 | Train Loss 1.0975 Acc 0.7562 | Val Loss 0.6770 Acc 0.8922 AUC 0.9751 Pre 0.8938 Rec 0.8922
2026-09-02 14:10:18 |   Val AUC improved to 0.9751, model saved
2026-09-02 14:10:45 | Epoch   5/100 | Train Loss 0.9638 Acc 0.7791 | Val Loss 0.6212 Acc 0.9027 AUC 0.9776 Pre 0.9036 Rec 0.9027
2026-09-02 14:10:45 |   Val AUC improved to 0.9776, model saved
2026-09-02 14:11:13 | Epoch   6/100 | Train Loss 0.9376 Acc 0.7843 | Val Loss 0.6142 Acc 0.9057 AUC 0.9774 Pre 0.9062 Rec 0.9057
2026-09-02 14:11:40 | Epoch   7/100 | Train Loss 0.9194 Acc 0.7874 | Val Loss 0.6371 Acc 0.8987 AUC 0.9777 Pre 0.9019 Rec 0.8987
2026-09-02 14:11:40 |   Val AUC improved to 0.9777, model saved
2026-09-02 14:12:03 | Epoch   8/100 | Train Loss 0.8763 Acc 0.7975 | Val Loss 0.5896 Acc 0.9103 AUC 0.9788 Pre 0.9105 Rec 0.9103
2026-09-02 14:12:03 |   Val AUC improved to 0.9788, model saved
2026-09-02 14:12:29 | Epoch   9/100 | Train Loss 0.8431 Acc 0.8070 | Val Loss 0.5866 Acc 0.9094 AUC 0.9794 Pre 0.9110 Rec 0.9094
2026-09-02 14:12:29 |   Val AUC improved to 0.9794, model saved
2026-09-02 14:12:56 | Epoch  10/100 | Train Loss 0.8237 Acc 0.8117 | Val Loss 0.5617 Acc 0.9133 AUC 0.9807 Pre 0.9146 Rec 0.9133
2026-09-02 14:12:56 |   Val AUC improved to 0.9807, model saved
2026-09-02 14:13:23 | Epoch  11/100 | Train Loss 0.7990 Acc 0.8179 | Val Loss 0.5616 Acc 0.9153 AUC 0.9809 Pre 0.9158 Rec 0.9153
2026-09-02 14:13:23 |   Val AUC improved to 0.9809, model saved
2026-09-02 14:13:50 | Epoch  12/100 | Train Loss 0.7820 Acc 0.8233 | Val Loss 0.5651 Acc 0.9130 AUC 0.9815 Pre 0.9150 Rec 0.9130
2026-09-02 14:13:50 |   Val AUC improved to 0.9815, model saved
2026-09-02 14:14:18 | Epoch  13/100 | Train Loss 0.7682 Acc 0.8289 | Val Loss 0.5785 Acc 0.9179 AUC 0.9804 Pre 0.9185 Rec 0.9179
2026-09-02 14:14:47 | Epoch  14/100 | Train Loss 0.7587 Acc 0.8318 | Val Loss 0.5621 Acc 0.9183 AUC 0.9824 Pre 0.9186 Rec 0.9183
2026-09-02 14:14:47 |   Val AUC improved to 0.9824, model saved
2026-09-02 14:15:13 | Epoch  15/100 | Train Loss 0.7382 Acc 0.8392 | Val Loss 0.5644 Acc 0.9199 AUC 0.9829 Pre 0.9204 Rec 0.9199
2026-09-02 14:15:13 |   Val AUC improved to 0.9829, model saved
2026-09-02 14:15:42 | Epoch  16/100 | Train Loss 0.7138 Acc 0.8457 | Val Loss 0.5932 Acc 0.9195 AUC 0.9813 Pre 0.9198 Rec 0.9195
2026-09-02 14:16:11 | Epoch  17/100 | Train Loss 0.7017 Acc 0.8485 | Val Loss 0.5912 Acc 0.9190 AUC 0.9815 Pre 0.9193 Rec 0.9190
2026-09-02 14:16:39 | Epoch  18/100 | Train Loss 0.6996 Acc 0.8533 | Val Loss 0.5918 Acc 0.9197 AUC 0.9827 Pre 0.9197 Rec 0.9197
2026-09-02 14:17:09 | Epoch  19/100 | Train Loss 0.6844 Acc 0.8575 | Val Loss 0.5762 Acc 0.9210 AUC 0.9822 Pre 0.9212 Rec 0.9210
2026-09-02 14:17:37 | Epoch  20/100 | Train Loss 0.6579 Acc 0.8655 | Val Loss 0.5778 Acc 0.9194 AUC 0.9826 Pre 0.9211 Rec 0.9194
2026-09-02 14:18:06 | Epoch  21/100 | Train Loss 0.6470 Acc 0.8688 | Val Loss 0.6157 Acc 0.9181 AUC 0.9816 Pre 0.9201 Rec 0.9181
2026-09-02 14:18:30 | Epoch  22/100 | Train Loss 0.6308 Acc 0.8734 | Val Loss 0.5946 Acc 0.9224 AUC 0.9825 Pre 0.9228 Rec 0.9224
2026-09-02 14:18:56 | Epoch  23/100 | Train Loss 0.6146 Acc 0.8789 | Val Loss 0.5897 Acc 0.9224 AUC 0.9832 Pre 0.9237 Rec 0.9224
2026-09-02 14:18:56 |   Val AUC improved to 0.9832, model saved
2026-09-02 14:19:24 | Epoch  24/100 | Train Loss 0.5986 Acc 0.8820 | Val Loss 0.6211 Acc 0.9201 AUC 0.9822 Pre 0.9200 Rec 0.9201
2026-09-02 14:19:53 | Epoch  25/100 | Train Loss 0.5805 Acc 0.8887 | Val Loss 0.6317 Acc 0.9212 AUC 0.9827 Pre 0.9225 Rec 0.9212
2026-09-02 14:20:22 | Epoch  26/100 | Train Loss 0.5615 Acc 0.8931 | Val Loss 0.6324 Acc 0.9234 AUC 0.9829 Pre 0.9238 Rec 0.9234
2026-09-02 14:20:50 | Epoch  27/100 | Train Loss 0.5596 Acc 0.8970 | Val Loss 0.6313 Acc 0.9179 AUC 0.9824 Pre 0.9196 Rec 0.9179
2026-09-02 14:21:18 | Epoch  28/100 | Train Loss 0.5555 Acc 0.8966 | Val Loss 0.6612 Acc 0.9223 AUC 0.9826 Pre 0.9226 Rec 0.9223
2026-09-02 14:21:45 | Epoch  29/100 | Train Loss 0.5150 Acc 0.9065 | Val Loss 0.6615 Acc 0.9242 AUC 0.9826 Pre 0.9246 Rec 0.9242
2026-09-02 14:22:14 | Epoch  30/100 | Train Loss 0.5037 Acc 0.9102 | Val Loss 0.6831 Acc 0.9238 AUC 0.9824 Pre 0.9242 Rec 0.9238
2026-09-02 14:22:43 | Epoch  31/100 | Train Loss 0.4923 Acc 0.9141 | Val Loss 0.7283 Acc 0.9219 AUC 0.9801 Pre 0.9225 Rec 0.9219
2026-09-02 14:23:11 | Epoch  32/100 | Train Loss 0.4837 Acc 0.9164 | Val Loss 0.7302 Acc 0.9237 AUC 0.9817 Pre 0.9239 Rec 0.9237
2026-09-02 14:23:39 | Epoch  33/100 | Train Loss 0.4633 Acc 0.9213 | Val Loss 0.7121 Acc 0.9225 AUC 0.9824 Pre 0.9233 Rec 0.9225
2026-09-02 14:23:39 | Val AUC did not improve for 10 consecutive epochs, early stopping at Epoch 33 (best AUC 0.9832 @ Epoch 23)
2026-09-02 14:23:45 | Run 1/5 | Test (best model @ Epoch 23) | Loss 0.5897 Acc 0.9236 AUC 0.9837 Pre 0.9248 Rec 0.9236
2026-09-02 14:23:45 | ===== Run 2/5 (seed 1) =====
2026-09-02 14:24:13 | Epoch   1/100 | Train Loss 1.8969 Acc 0.6566 | Val Loss 1.2983 Acc 0.8243 AUC 0.9193 Pre 0.8333 Rec 0.8243
2026-09-02 14:24:13 |   Val AUC improved to 0.9193, model saved
2026-09-02 14:24:40 | Epoch   2/100 | Train Loss 1.4169 Acc 0.7132 | Val Loss 0.9077 Acc 0.8630 AUC 0.9556 Pre 0.8647 Rec 0.8630
2026-09-02 14:24:40 |   Val AUC improved to 0.9556, model saved
2026-09-02 14:25:06 | Epoch   3/100 | Train Loss 1.1854 Acc 0.7449 | Val Loss 0.7721 Acc 0.8797 AUC 0.9657 Pre 0.8818 Rec 0.8797
2026-09-02 14:25:06 |   Val AUC improved to 0.9657, model saved
2026-09-02 14:25:31 | Epoch   4/100 | Train Loss 1.0674 Acc 0.7642 | Val Loss 0.7369 Acc 0.8825 AUC 0.9704 Pre 0.8873 Rec 0.8825
2026-09-02 14:25:32 |   Val AUC improved to 0.9704, model saved
2026-09-02 14:25:58 | Epoch   5/100 | Train Loss 1.0789 Acc 0.7583 | Val Loss 0.6831 Acc 0.8893 AUC 0.9722 Pre 0.8911 Rec 0.8893
2026-09-02 14:25:58 |   Val AUC improved to 0.9722, model saved
2026-09-02 14:26:25 | Epoch   6/100 | Train Loss 1.0014 Acc 0.7666 | Val Loss 0.6908 Acc 0.8872 AUC 0.9740 Pre 0.8880 Rec 0.8872
2026-09-02 14:26:25 |   Val AUC improved to 0.9740, model saved
2026-09-02 14:26:51 | Epoch   7/100 | Train Loss 0.9471 Acc 0.7774 | Val Loss 0.6351 Acc 0.8982 AUC 0.9756 Pre 0.8980 Rec 0.8982
2026-09-02 14:26:51 |   Val AUC improved to 0.9756, model saved
2026-09-02 14:27:17 | Epoch   8/100 | Train Loss 0.8967 Acc 0.7892 | Val Loss 0.6006 Acc 0.9050 AUC 0.9775 Pre 0.9054 Rec 0.9050
2026-09-02 14:27:17 |   Val AUC improved to 0.9775, model saved
2026-09-02 14:27:42 | Epoch   9/100 | Train Loss 0.8992 Acc 0.7877 | Val Loss 0.6398 Acc 0.8971 AUC 0.9750 Pre 0.8994 Rec 0.8971
2026-09-02 14:28:07 | Epoch  10/100 | Train Loss 0.8569 Acc 0.7966 | Val Loss 0.5910 Acc 0.9091 AUC 0.9794 Pre 0.9095 Rec 0.9091
2026-09-02 14:28:07 |   Val AUC improved to 0.9794, model saved
2026-09-02 14:28:32 | Epoch  11/100 | Train Loss 0.8310 Acc 0.8045 | Val Loss 0.5844 Acc 0.9062 AUC 0.9795 Pre 0.9079 Rec 0.9062
2026-09-02 14:28:32 |   Val AUC improved to 0.9795, model saved
2026-09-02 14:28:55 | Epoch  12/100 | Train Loss 0.8301 Acc 0.8061 | Val Loss 0.5830 Acc 0.9118 AUC 0.9802 Pre 0.9129 Rec 0.9118
2026-09-02 14:28:55 |   Val AUC improved to 0.9802, model saved
2026-09-02 14:29:20 | Epoch  13/100 | Train Loss 0.7870 Acc 0.8167 | Val Loss 0.5715 Acc 0.9132 AUC 0.9811 Pre 0.9141 Rec 0.9132
2026-09-02 14:29:20 |   Val AUC improved to 0.9811, model saved
2026-09-02 14:29:46 | Epoch  14/100 | Train Loss 0.7821 Acc 0.8197 | Val Loss 0.5931 Acc 0.9123 AUC 0.9795 Pre 0.9123 Rec 0.9123
2026-09-02 14:30:15 | Epoch  15/100 | Train Loss 0.7690 Acc 0.8244 | Val Loss 0.5656 Acc 0.9159 AUC 0.9822 Pre 0.9166 Rec 0.9159
2026-09-02 14:30:15 |   Val AUC improved to 0.9822, model saved
2026-09-02 14:30:40 | Epoch  16/100 | Train Loss 0.7386 Acc 0.8328 | Val Loss 0.5539 Acc 0.9165 AUC 0.9829 Pre 0.9180 Rec 0.9165
2026-09-02 14:30:40 |   Val AUC improved to 0.9829, model saved
2026-09-02 14:31:08 | Epoch  17/100 | Train Loss 0.7219 Acc 0.8394 | Val Loss 0.5687 Acc 0.9185 AUC 0.9818 Pre 0.9191 Rec 0.9185
2026-09-02 14:31:36 | Epoch  18/100 | Train Loss 0.7055 Acc 0.8432 | Val Loss 0.5646 Acc 0.9201 AUC 0.9819 Pre 0.9201 Rec 0.9201
2026-09-02 14:32:05 | Epoch  19/100 | Train Loss 0.6741 Acc 0.8539 | Val Loss 0.5562 Acc 0.9199 AUC 0.9832 Pre 0.9211 Rec 0.9199
2026-09-02 14:32:05 |   Val AUC improved to 0.9832, model saved
2026-09-02 14:32:34 | Epoch  20/100 | Train Loss 0.6623 Acc 0.8592 | Val Loss 0.5717 Acc 0.9210 AUC 0.9835 Pre 0.9210 Rec 0.9210
2026-09-02 14:32:34 |   Val AUC improved to 0.9835, model saved
2026-09-02 14:33:02 | Epoch  21/100 | Train Loss 0.6494 Acc 0.8645 | Val Loss 0.5777 Acc 0.9219 AUC 0.9833 Pre 0.9227 Rec 0.9219
2026-09-02 14:33:31 | Epoch  22/100 | Train Loss 0.6256 Acc 0.8694 | Val Loss 0.5788 Acc 0.9228 AUC 0.9835 Pre 0.9233 Rec 0.9228
2026-09-02 14:34:00 | Epoch  23/100 | Train Loss 0.6034 Acc 0.8761 | Val Loss 0.5873 Acc 0.9206 AUC 0.9846 Pre 0.9230 Rec 0.9206
2026-09-02 14:34:00 |   Val AUC improved to 0.9846, model saved
2026-09-02 14:34:29 | Epoch  24/100 | Train Loss 0.5912 Acc 0.8820 | Val Loss 0.6076 Acc 0.9233 AUC 0.9844 Pre 0.9244 Rec 0.9233
2026-09-02 14:34:59 | Epoch  25/100 | Train Loss 0.5654 Acc 0.8877 | Val Loss 0.6551 Acc 0.9186 AUC 0.9818 Pre 0.9198 Rec 0.9186
2026-09-02 14:35:28 | Epoch  26/100 | Train Loss 0.5502 Acc 0.8927 | Val Loss 0.6334 Acc 0.9237 AUC 0.9836 Pre 0.9241 Rec 0.9237
2026-09-02 14:35:56 | Epoch  27/100 | Train Loss 0.5217 Acc 0.8997 | Val Loss 0.6706 Acc 0.9237 AUC 0.9822 Pre 0.9239 Rec 0.9237
2026-09-02 14:36:24 | Epoch  28/100 | Train Loss 0.4989 Acc 0.9061 | Val Loss 0.7324 Acc 0.9205 AUC 0.9809 Pre 0.9208 Rec 0.9205
2026-09-02 14:36:53 | Epoch  29/100 | Train Loss 0.5010 Acc 0.9086 | Val Loss 0.6755 Acc 0.9234 AUC 0.9830 Pre 0.9240 Rec 0.9234
2026-09-02 14:37:22 | Epoch  30/100 | Train Loss 0.4820 Acc 0.9139 | Val Loss 0.7095 Acc 0.9234 AUC 0.9828 Pre 0.9239 Rec 0.9234
2026-09-02 14:37:51 | Epoch  31/100 | Train Loss 0.4651 Acc 0.9173 | Val Loss 0.6970 Acc 0.9243 AUC 0.9828 Pre 0.9251 Rec 0.9243
2026-09-02 14:38:19 | Epoch  32/100 | Train Loss 0.4833 Acc 0.9181 | Val Loss 0.7016 Acc 0.9236 AUC 0.9834 Pre 0.9242 Rec 0.9236
2026-09-02 14:38:48 | Epoch  33/100 | Train Loss 0.4381 Acc 0.9255 | Val Loss 0.7523 Acc 0.9233 AUC 0.9826 Pre 0.9235 Rec 0.9233
2026-09-02 14:38:48 | Val AUC did not improve for 10 consecutive epochs, early stopping at Epoch 33 (best AUC 0.9846 @ Epoch 23)
2026-09-02 14:38:54 | Run 2/5 | Test (best model @ Epoch 23) | Loss 0.5744 Acc 0.9238 AUC 0.9855 Pre 0.9259 Rec 0.9238
2026-09-02 14:38:54 | ===== Run 3/5 (seed 2) =====
2026-09-02 14:39:23 | Epoch   1/100 | Train Loss 2.6776 Acc 0.4808 | Val Loss 1.8082 Acc 0.6811 AUC 0.8606 Pre 0.6781 Rec 0.6811
2026-09-02 14:39:23 |   Val AUC improved to 0.8606, model saved
2026-09-02 14:39:53 | Epoch   2/100 | Train Loss 1.5681 Acc 0.6615 | Val Loss 0.7491 Acc 0.8793 AUC 0.9698 Pre 0.8805 Rec 0.8793
2026-09-02 14:39:53 |   Val AUC improved to 0.9698, model saved
2026-09-02 14:40:22 | Epoch   3/100 | Train Loss 1.0984 Acc 0.7536 | Val Loss 0.6835 Acc 0.8929 AUC 0.9746 Pre 0.8930 Rec 0.8929
2026-09-02 14:40:22 |   Val AUC improved to 0.9746, model saved
2026-09-02 14:40:47 | Epoch   4/100 | Train Loss 1.0117 Acc 0.7689 | Val Loss 0.6484 Acc 0.8973 AUC 0.9768 Pre 0.8990 Rec 0.8973
2026-09-02 14:40:47 |   Val AUC improved to 0.9768, model saved
2026-09-02 14:41:12 | Epoch   5/100 | Train Loss 0.9574 Acc 0.7803 | Val Loss 0.6217 Acc 0.9016 AUC 0.9781 Pre 0.9036 Rec 0.9016
2026-09-02 14:41:12 |   Val AUC improved to 0.9781, model saved
2026-09-02 14:41:38 | Epoch   6/100 | Train Loss 0.9070 Acc 0.7918 | Val Loss 0.6082 Acc 0.9056 AUC 0.9790 Pre 0.9061 Rec 0.9056
2026-09-02 14:41:38 |   Val AUC improved to 0.9790, model saved
2026-09-02 14:42:01 | Epoch   7/100 | Train Loss 0.8744 Acc 0.7974 | Val Loss 0.5887 Acc 0.9078 AUC 0.9797 Pre 0.9086 Rec 0.9078
2026-09-02 14:42:01 |   Val AUC improved to 0.9797, model saved
2026-09-02 14:42:28 | Epoch   8/100 | Train Loss 0.8539 Acc 0.8037 | Val Loss 0.5841 Acc 0.9085 AUC 0.9802 Pre 0.9089 Rec 0.9085
2026-09-02 14:42:28 |   Val AUC improved to 0.9802, model saved
2026-09-02 14:42:54 | Epoch   9/100 | Train Loss 0.8366 Acc 0.8061 | Val Loss 0.5644 Acc 0.9117 AUC 0.9810 Pre 0.9126 Rec 0.9117
2026-09-02 14:42:54 |   Val AUC improved to 0.9810, model saved
2026-09-02 14:43:20 | Epoch  10/100 | Train Loss 0.8169 Acc 0.8110 | Val Loss 0.5814 Acc 0.9101 AUC 0.9812 Pre 0.9118 Rec 0.9101
2026-09-02 14:43:20 |   Val AUC improved to 0.9812, model saved
2026-09-02 14:43:47 | Epoch  11/100 | Train Loss 0.7968 Acc 0.8163 | Val Loss 0.5874 Acc 0.9112 AUC 0.9806 Pre 0.9122 Rec 0.9112
2026-09-02 14:44:14 | Epoch  12/100 | Train Loss 0.7809 Acc 0.8220 | Val Loss 0.5753 Acc 0.9119 AUC 0.9804 Pre 0.9135 Rec 0.9119
2026-09-02 14:44:42 | Epoch  13/100 | Train Loss 0.7640 Acc 0.8266 | Val Loss 0.5958 Acc 0.9144 AUC 0.9801 Pre 0.9142 Rec 0.9144
2026-09-02 14:45:10 | Epoch  14/100 | Train Loss 0.7535 Acc 0.8289 | Val Loss 0.5655 Acc 0.9145 AUC 0.9817 Pre 0.9165 Rec 0.9145
2026-09-02 14:45:10 |   Val AUC improved to 0.9817, model saved
2026-09-02 14:45:36 | Epoch  15/100 | Train Loss 0.7373 Acc 0.8338 | Val Loss 0.5899 Acc 0.9125 AUC 0.9814 Pre 0.9144 Rec 0.9125
2026-09-02 14:46:05 | Epoch  16/100 | Train Loss 0.7255 Acc 0.8370 | Val Loss 0.5668 Acc 0.9179 AUC 0.9829 Pre 0.9183 Rec 0.9179
2026-09-02 14:46:05 |   Val AUC improved to 0.9829, model saved
2026-09-02 14:46:34 | Epoch  17/100 | Train Loss 0.7133 Acc 0.8403 | Val Loss 0.5759 Acc 0.9176 AUC 0.9824 Pre 0.9180 Rec 0.9176
2026-09-02 14:47:04 | Epoch  18/100 | Train Loss 0.7075 Acc 0.8446 | Val Loss 0.5882 Acc 0.9179 AUC 0.9824 Pre 0.9177 Rec 0.9179
2026-09-02 14:47:31 | Epoch  19/100 | Train Loss 0.6879 Acc 0.8481 | Val Loss 0.5824 Acc 0.9185 AUC 0.9828 Pre 0.9190 Rec 0.9185
2026-09-02 14:47:59 | Epoch  20/100 | Train Loss 0.6690 Acc 0.8535 | Val Loss 0.5807 Acc 0.9196 AUC 0.9838 Pre 0.9205 Rec 0.9196
2026-09-02 14:47:59 |   Val AUC improved to 0.9838, model saved
2026-09-02 14:48:27 | Epoch  21/100 | Train Loss 0.6592 Acc 0.8563 | Val Loss 0.5797 Acc 0.9192 AUC 0.9836 Pre 0.9199 Rec 0.9192
2026-09-02 14:48:55 | Epoch  22/100 | Train Loss 0.6405 Acc 0.8620 | Val Loss 0.5792 Acc 0.9207 AUC 0.9834 Pre 0.9215 Rec 0.9207
2026-09-02 14:49:25 | Epoch  23/100 | Train Loss 0.6330 Acc 0.8653 | Val Loss 0.5827 Acc 0.9205 AUC 0.9836 Pre 0.9221 Rec 0.9205
2026-09-02 14:49:53 | Epoch  24/100 | Train Loss 0.6183 Acc 0.8684 | Val Loss 0.6041 Acc 0.9205 AUC 0.9832 Pre 0.9212 Rec 0.9205
2026-09-02 14:50:19 | Epoch  25/100 | Train Loss 0.6112 Acc 0.8713 | Val Loss 0.5902 Acc 0.9195 AUC 0.9826 Pre 0.9204 Rec 0.9195
2026-09-02 14:50:45 | Epoch  26/100 | Train Loss 0.5974 Acc 0.8755 | Val Loss 0.6123 Acc 0.9210 AUC 0.9825 Pre 0.9215 Rec 0.9210
2026-09-02 14:51:13 | Epoch  27/100 | Train Loss 0.5857 Acc 0.8793 | Val Loss 0.6285 Acc 0.9185 AUC 0.9831 Pre 0.9197 Rec 0.9185
2026-09-02 14:51:42 | Epoch  28/100 | Train Loss 0.5724 Acc 0.8822 | Val Loss 0.6366 Acc 0.9194 AUC 0.9825 Pre 0.9201 Rec 0.9194
2026-09-02 14:52:11 | Epoch  29/100 | Train Loss 0.5557 Acc 0.8869 | Val Loss 0.6562 Acc 0.9194 AUC 0.9828 Pre 0.9200 Rec 0.9194
2026-09-02 14:52:41 | Epoch  30/100 | Train Loss 0.5362 Acc 0.8930 | Val Loss 0.6973 Acc 0.9214 AUC 0.9813 Pre 0.9218 Rec 0.9214
2026-09-02 14:52:41 | Val AUC did not improve for 10 consecutive epochs, early stopping at Epoch 30 (best AUC 0.9838 @ Epoch 20)
2026-09-02 14:52:46 | Run 3/5 | Test (best model @ Epoch 20) | Loss 0.5651 Acc 0.9241 AUC 0.9845 Pre 0.9247 Rec 0.9241
2026-09-02 14:52:46 | ===== Run 4/5 (seed 3) =====
2026-09-02 14:53:14 | Epoch   1/100 | Train Loss 1.7995 Acc 0.6746 | Val Loss 0.9805 Acc 0.8632 AUC 0.9508 Pre 0.8682 Rec 0.8632
2026-09-02 14:53:14 |   Val AUC improved to 0.9508, model saved
2026-09-02 14:53:42 | Epoch   2/100 | Train Loss 1.6099 Acc 0.6706 | Val Loss 2.3038 Acc 0.3842 AUC 0.7183 Pre 0.5522 Rec 0.3842
2026-09-02 14:54:11 | Epoch   3/100 | Train Loss 1.9889 Acc 0.5350 | Val Loss 0.9567 Acc 0.8574 AUC 0.9597 Pre 0.8585 Rec 0.8574
2026-09-02 14:54:11 |   Val AUC improved to 0.9597, model saved
2026-09-02 14:54:41 | Epoch   4/100 | Train Loss 1.0620 Acc 0.7489 | Val Loss 0.6437 Acc 0.8976 AUC 0.9769 Pre 0.9001 Rec 0.8976
2026-09-02 14:54:41 |   Val AUC improved to 0.9769, model saved
2026-09-02 14:55:09 | Epoch   5/100 | Train Loss 0.9544 Acc 0.7703 | Val Loss 0.6147 Acc 0.9031 AUC 0.9777 Pre 0.9059 Rec 0.9031
2026-09-02 14:55:09 |   Val AUC improved to 0.9777, model saved
2026-09-02 14:55:38 | Epoch   6/100 | Train Loss 0.9102 Acc 0.7840 | Val Loss 0.5794 Acc 0.9094 AUC 0.9796 Pre 0.9106 Rec 0.9094
2026-09-02 14:55:38 |   Val AUC improved to 0.9796, model saved
2026-09-02 14:56:07 | Epoch   7/100 | Train Loss 0.8715 Acc 0.7915 | Val Loss 0.6056 Acc 0.9076 AUC 0.9782 Pre 0.9072 Rec 0.9076
2026-09-02 14:56:34 | Epoch   8/100 | Train Loss 0.8459 Acc 0.8002 | Val Loss 0.5710 Acc 0.9129 AUC 0.9811 Pre 0.9139 Rec 0.9129
2026-09-02 14:56:34 |   Val AUC improved to 0.9811, model saved
2026-09-02 14:57:01 | Epoch   9/100 | Train Loss 0.8144 Acc 0.8080 | Val Loss 0.5699 Acc 0.9106 AUC 0.9821 Pre 0.9123 Rec 0.9106
2026-09-02 14:57:01 |   Val AUC improved to 0.9821, model saved
2026-09-02 14:57:28 | Epoch  10/100 | Train Loss 0.7925 Acc 0.8132 | Val Loss 0.5830 Acc 0.9125 AUC 0.9805 Pre 0.9121 Rec 0.9125
2026-09-02 14:57:54 | Epoch  11/100 | Train Loss 0.7761 Acc 0.8200 | Val Loss 0.5576 Acc 0.9166 AUC 0.9818 Pre 0.9169 Rec 0.9166
2026-09-02 14:58:22 | Epoch  12/100 | Train Loss 0.7516 Acc 0.8252 | Val Loss 0.5588 Acc 0.9176 AUC 0.9829 Pre 0.9180 Rec 0.9176
2026-09-02 14:58:22 |   Val AUC improved to 0.9829, model saved
2026-09-02 14:58:50 | Epoch  13/100 | Train Loss 0.7369 Acc 0.8315 | Val Loss 0.5735 Acc 0.9156 AUC 0.9836 Pre 0.9176 Rec 0.9156
2026-09-02 14:58:50 |   Val AUC improved to 0.9836, model saved
2026-09-02 14:59:17 | Epoch  14/100 | Train Loss 0.7130 Acc 0.8367 | Val Loss 0.5756 Acc 0.9182 AUC 0.9821 Pre 0.9179 Rec 0.9182
2026-09-02 14:59:45 | Epoch  15/100 | Train Loss 0.7040 Acc 0.8425 | Val Loss 0.5484 Acc 0.9214 AUC 0.9832 Pre 0.9217 Rec 0.9214
2026-09-02 15:00:12 | Epoch  16/100 | Train Loss 0.6811 Acc 0.8470 | Val Loss 0.5476 Acc 0.9215 AUC 0.9845 Pre 0.9226 Rec 0.9215
2026-09-02 15:00:12 |   Val AUC improved to 0.9845, model saved
2026-09-02 15:00:40 | Epoch  17/100 | Train Loss 0.6700 Acc 0.8503 | Val Loss 0.5637 Acc 0.9224 AUC 0.9838 Pre 0.9230 Rec 0.9224
2026-09-02 15:01:06 | Epoch  18/100 | Train Loss 0.6518 Acc 0.8568 | Val Loss 0.5716 Acc 0.9210 AUC 0.9832 Pre 0.9213 Rec 0.9210
2026-09-02 15:01:34 | Epoch  19/100 | Train Loss 0.6353 Acc 0.8610 | Val Loss 0.5503 Acc 0.9241 AUC 0.9838 Pre 0.9250 Rec 0.9241
2026-09-02 15:02:03 | Epoch  20/100 | Train Loss 0.6207 Acc 0.8664 | Val Loss 0.5751 Acc 0.9207 AUC 0.9842 Pre 0.9221 Rec 0.9207
2026-09-02 15:02:32 | Epoch  21/100 | Train Loss 0.6052 Acc 0.8700 | Val Loss 0.5758 Acc 0.9239 AUC 0.9838 Pre 0.9246 Rec 0.9239
2026-09-02 15:03:00 | Epoch  22/100 | Train Loss 0.5893 Acc 0.8758 | Val Loss 0.6115 Acc 0.9220 AUC 0.9832 Pre 0.9220 Rec 0.9220
2026-09-02 15:03:29 | Epoch  23/100 | Train Loss 0.5727 Acc 0.8806 | Val Loss 0.6162 Acc 0.9233 AUC 0.9828 Pre 0.9238 Rec 0.9233
2026-09-02 15:03:58 | Epoch  24/100 | Train Loss 0.5670 Acc 0.8825 | Val Loss 0.6071 Acc 0.9237 AUC 0.9826 Pre 0.9243 Rec 0.9237
2026-09-02 15:04:27 | Epoch  25/100 | Train Loss 0.5577 Acc 0.8868 | Val Loss 0.6693 Acc 0.9212 AUC 0.9817 Pre 0.9213 Rec 0.9212
2026-09-02 15:04:56 | Epoch  26/100 | Train Loss 0.5438 Acc 0.8917 | Val Loss 0.6498 Acc 0.9216 AUC 0.9832 Pre 0.9224 Rec 0.9216
2026-09-02 15:04:56 | Val AUC did not improve for 10 consecutive epochs, early stopping at Epoch 26 (best AUC 0.9845 @ Epoch 16)
2026-09-02 15:05:01 | Run 4/5 | Test (best model @ Epoch 16) | Loss 0.5293 Acc 0.9247 AUC 0.9853 Pre 0.9258 Rec 0.9247
2026-09-02 15:05:01 | ===== Run 5/5 (seed 4) =====
2026-09-02 15:05:30 | Epoch   1/100 | Train Loss 1.7575 Acc 0.6842 | Val Loss 0.8315 Acc 0.8817 AUC 0.9658 Pre 0.8841 Rec 0.8817
2026-09-02 15:05:30 |   Val AUC improved to 0.9658, model saved
2026-09-02 15:05:59 | Epoch   2/100 | Train Loss 1.4841 Acc 0.7022 | Val Loss 0.7339 Acc 0.8827 AUC 0.9715 Pre 0.8845 Rec 0.8827
2026-09-02 15:05:59 |   Val AUC improved to 0.9715, model saved
2026-09-02 15:06:28 | Epoch   3/100 | Train Loss 1.0821 Acc 0.7653 | Val Loss 0.6572 Acc 0.8964 AUC 0.9761 Pre 0.8964 Rec 0.8964
2026-09-02 15:06:28 |   Val AUC improved to 0.9761, model saved
2026-09-02 15:06:56 | Epoch   4/100 | Train Loss 0.9833 Acc 0.7820 | Val Loss 0.6202 Acc 0.9024 AUC 0.9775 Pre 0.9033 Rec 0.9024
2026-09-02 15:06:56 |   Val AUC improved to 0.9775, model saved
2026-09-02 15:07:25 | Epoch   5/100 | Train Loss 0.9422 Acc 0.7881 | Val Loss 0.6114 Acc 0.9046 AUC 0.9789 Pre 0.9060 Rec 0.9046
2026-09-02 15:07:25 |   Val AUC improved to 0.9789, model saved
2026-09-02 15:07:55 | Epoch   6/100 | Train Loss 0.8894 Acc 0.7995 | Val Loss 0.6015 Acc 0.9046 AUC 0.9800 Pre 0.9062 Rec 0.9046
2026-09-02 15:07:55 |   Val AUC improved to 0.9800, model saved
2026-09-02 15:08:24 | Epoch   7/100 | Train Loss 0.8681 Acc 0.8026 | Val Loss 0.5900 Acc 0.9103 AUC 0.9805 Pre 0.9118 Rec 0.9103
2026-09-02 15:08:24 |   Val AUC improved to 0.9805, model saved
2026-09-02 15:08:50 | Epoch   8/100 | Train Loss 0.8292 Acc 0.8146 | Val Loss 0.5642 Acc 0.9104 AUC 0.9812 Pre 0.9128 Rec 0.9104
2026-09-02 15:08:50 |   Val AUC improved to 0.9812, model saved
2026-09-02 15:09:20 | Epoch   9/100 | Train Loss 0.7962 Acc 0.8200 | Val Loss 0.5746 Acc 0.9128 AUC 0.9809 Pre 0.9152 Rec 0.9128
2026-09-02 15:09:49 | Epoch  10/100 | Train Loss 0.7828 Acc 0.8244 | Val Loss 0.5531 Acc 0.9167 AUC 0.9821 Pre 0.9184 Rec 0.9167
2026-09-02 15:09:49 |   Val AUC improved to 0.9821, model saved
2026-09-02 15:10:18 | Epoch  11/100 | Train Loss 0.7519 Acc 0.8334 | Val Loss 0.5683 Acc 0.9154 AUC 0.9822 Pre 0.9175 Rec 0.9154
2026-09-02 15:10:18 |   Val AUC improved to 0.9822, model saved
2026-09-02 15:10:46 | Epoch  12/100 | Train Loss 0.7340 Acc 0.8395 | Val Loss 0.5486 Acc 0.9199 AUC 0.9836 Pre 0.9207 Rec 0.9199
2026-09-02 15:10:46 |   Val AUC improved to 0.9836, model saved
2026-09-02 15:11:16 | Epoch  13/100 | Train Loss 0.7218 Acc 0.8450 | Val Loss 0.5595 Acc 0.9192 AUC 0.9836 Pre 0.9211 Rec 0.9192
2026-09-02 15:11:16 |   Val AUC improved to 0.9836, model saved
2026-09-02 15:11:44 | Epoch  14/100 | Train Loss 0.6905 Acc 0.8513 | Val Loss 0.5679 Acc 0.9192 AUC 0.9834 Pre 0.9205 Rec 0.9192
2026-09-02 15:12:12 | Epoch  15/100 | Train Loss 0.6711 Acc 0.8574 | Val Loss 0.5536 Acc 0.9209 AUC 0.9838 Pre 0.9229 Rec 0.9209
2026-09-02 15:12:12 |   Val AUC improved to 0.9838, model saved
2026-09-02 15:12:38 | Epoch  16/100 | Train Loss 0.6517 Acc 0.8633 | Val Loss 0.5900 Acc 0.9202 AUC 0.9830 Pre 0.9206 Rec 0.9202
2026-09-02 15:13:04 | Epoch  17/100 | Train Loss 0.6338 Acc 0.8691 | Val Loss 0.5939 Acc 0.9212 AUC 0.9841 Pre 0.9221 Rec 0.9212
2026-09-02 15:13:04 |   Val AUC improved to 0.9841, model saved
2026-09-02 15:13:30 | Epoch  18/100 | Train Loss 0.6180 Acc 0.8752 | Val Loss 0.5950 Acc 0.9217 AUC 0.9820 Pre 0.9216 Rec 0.9217
2026-09-02 15:13:58 | Epoch  19/100 | Train Loss 0.6016 Acc 0.8797 | Val Loss 0.6028 Acc 0.9221 AUC 0.9833 Pre 0.9224 Rec 0.9221
2026-09-02 15:14:26 | Epoch  20/100 | Train Loss 0.5871 Acc 0.8847 | Val Loss 0.6111 Acc 0.9236 AUC 0.9826 Pre 0.9253 Rec 0.9236
2026-09-02 15:14:53 | Epoch  21/100 | Train Loss 0.5582 Acc 0.8893 | Val Loss 0.6459 Acc 0.9220 AUC 0.9823 Pre 0.9227 Rec 0.9220
2026-09-02 15:15:20 | Epoch  22/100 | Train Loss 0.5436 Acc 0.8954 | Val Loss 0.6233 Acc 0.9247 AUC 0.9838 Pre 0.9254 Rec 0.9247
2026-09-02 15:15:48 | Epoch  23/100 | Train Loss 0.5242 Acc 0.9010 | Val Loss 0.6246 Acc 0.9235 AUC 0.9841 Pre 0.9248 Rec 0.9235
2026-09-02 15:15:48 |   Val AUC improved to 0.9841, model saved
2026-09-02 15:16:15 | Epoch  24/100 | Train Loss 0.5115 Acc 0.9040 | Val Loss 0.6773 Acc 0.9239 AUC 0.9828 Pre 0.9247 Rec 0.9239
2026-09-02 15:16:42 | Epoch  25/100 | Train Loss 0.5029 Acc 0.9070 | Val Loss 0.7020 Acc 0.9241 AUC 0.9822 Pre 0.9244 Rec 0.9241
2026-09-02 15:17:08 | Epoch  26/100 | Train Loss 0.4836 Acc 0.9125 | Val Loss 0.6897 Acc 0.9258 AUC 0.9830 Pre 0.9264 Rec 0.9258
2026-09-02 15:17:36 | Epoch  27/100 | Train Loss 0.4610 Acc 0.9176 | Val Loss 0.7227 Acc 0.9236 AUC 0.9829 Pre 0.9241 Rec 0.9236
2026-09-02 15:18:06 | Epoch  28/100 | Train Loss 0.4427 Acc 0.9224 | Val Loss 0.7728 Acc 0.9233 AUC 0.9812 Pre 0.9231 Rec 0.9233
2026-09-02 15:18:35 | Epoch  29/100 | Train Loss 0.4569 Acc 0.9214 | Val Loss 0.7492 Acc 0.9223 AUC 0.9824 Pre 0.9226 Rec 0.9223
2026-09-02 15:19:05 | Epoch  30/100 | Train Loss 0.4181 Acc 0.9288 | Val Loss 0.7914 Acc 0.9245 AUC 0.9802 Pre 0.9246 Rec 0.9245
2026-09-02 15:19:33 | Epoch  31/100 | Train Loss 0.4156 Acc 0.9311 | Val Loss 0.7907 Acc 0.9240 AUC 0.9802 Pre 0.9244 Rec 0.9240
2026-09-02 15:20:01 | Epoch  32/100 | Train Loss 0.4193 Acc 0.9318 | Val Loss 0.8064 Acc 0.9230 AUC 0.9808 Pre 0.9241 Rec 0.9230
2026-09-02 15:20:27 | Epoch  33/100 | Train Loss 0.4069 Acc 0.9327 | Val Loss 0.8087 Acc 0.9239 AUC 0.9815 Pre 0.9240 Rec 0.9239
2026-09-02 15:20:27 | Val AUC did not improve for 10 consecutive epochs, early stopping at Epoch 33 (best AUC 0.9841 @ Epoch 23)
2026-09-02 15:20:32 | Run 5/5 | Test (best model @ Epoch 23) | Loss 0.5995 Acc 0.9279 AUC 0.9849 Pre 0.9293 Rec 0.9279
2026-09-02 15:20:32 | Average over 5 runs | Test Loss 0.5716±0.0271 Acc 0.9248±0.0018 AUC 0.9848±0.0007 Pre 0.9261±0.0019 Rec 0.9248±0.0018
