2026-09-14 21:08:13 | Device: cuda
2026-09-14 21:08:13 | Args: {'model': 'opb-fixed-frame', 'backbone': 'mlp', 'task': 'imagenet100', 'epochs': 100, 'batch_size': 512, 'lr': 0.001, 'hidden_dims': [512, 256], 'dropout': 0.2, 'z_dim': 256, 'anchor_scale': 1.0, 'energy_classifier': False, 'tied_head': False, 'max_len': 250, 'random_labels': False, 'beta': 0.0001, 'patience': 10, 'runs': 5, 'seed': 0, 'data_dir': './data', 'save_path': 'output/imagenet100_mlp_opb-fixed-frame/imagenet100_mlp_opb-fixed-frame.pt', 'log_path': '/root/autodl-tmp/IB/output/ablation/imagenet100_mlp_opb-fixed-frame_beta_0.0001_anchor_1/train.log', 'no_save': True}
2026-09-14 21:08:13 | ImageNet-100 特征：使用 4×4 空间池化文件 ./data/imagenet100/imagenet100_resnet50_layer3_pool4_features.npz
2026-09-14 21:08:13 | ImageNet-100 预处理缓存：mmap 共享 ./data/imagenet100/preprocessed_pool4
2026-09-14 21:08:13 | ===== Run 1/5 (seed 0) =====
2026-09-14 21:08:20 | Epoch   1/100 | Train Loss 1.2629 Acc 0.6808 | Val Loss 0.6974 Acc 0.8157 AUC 0.9964 Pre 0.8213 Rec 0.8128
2026-09-14 21:08:20 |   Val AUC improved to 0.9964, model saved
2026-09-14 21:08:26 | Epoch   2/100 | Train Loss 0.4802 Acc 0.8770 | Val Loss 0.6625 Acc 0.8289 AUC 0.9963 Pre 0.8320 Rec 0.8265
2026-09-14 21:08:32 | Epoch   3/100 | Train Loss 0.2947 Acc 0.9276 | Val Loss 0.6742 Acc 0.8318 AUC 0.9960 Pre 0.8342 Rec 0.8293
2026-09-14 21:08:38 | Epoch   4/100 | Train Loss 0.2280 Acc 0.9482 | Val Loss 0.7297 Acc 0.8273 AUC 0.9957 Pre 0.8311 Rec 0.8254
2026-09-14 21:08:45 | Epoch   5/100 | Train Loss 0.1963 Acc 0.9577 | Val Loss 0.7395 Acc 0.8268 AUC 0.9952 Pre 0.8299 Rec 0.8243
2026-09-14 21:08:51 | Epoch   6/100 | Train Loss 0.2111 Acc 0.9542 | Val Loss 0.8090 Acc 0.8157 AUC 0.9943 Pre 0.8221 Rec 0.8131
2026-09-14 21:08:57 | Epoch   7/100 | Train Loss 3455.0289 Acc 0.6778 | Val Loss 2.2833 Acc 0.4961 AUC 0.9499 Pre 0.5243 Rec 0.4943
2026-09-14 21:09:03 | Epoch   8/100 | Train Loss 2.5165 Acc 0.5099 | Val Loss 1.5564 Acc 0.6116 AUC 0.9816 Pre 0.6565 Rec 0.6096
2026-09-14 21:09:09 | Epoch   9/100 | Train Loss 16.9589 Acc 0.4712 | Val Loss 3.3984 Acc 0.4835 AUC 0.9463 Pre 0.5425 Rec 0.4815
2026-09-14 21:09:17 | Epoch  10/100 | Train Loss 5.2899 Acc 0.4294 | Val Loss 1.8366 Acc 0.5720 AUC 0.9765 Pre 0.6104 Rec 0.5692
2026-09-14 21:09:24 | Epoch  11/100 | Train Loss 2.2393 Acc 0.5177 | Val Loss 1.6131 Acc 0.6137 AUC 0.9827 Pre 0.6411 Rec 0.6109
2026-09-14 21:09:24 | Val AUC did not improve for 10 consecutive epochs, early stopping at Epoch 11 (best AUC 0.9964 @ Epoch 1)
2026-09-14 21:09:25 | Run 1/5 | Test (best model @ Epoch 1) | Loss 0.6907 Acc 0.8207 AUC 0.9965 Pre 0.8251 Rec 0.8179
2026-09-14 21:09:25 | ===== Run 2/5 (seed 1) =====
2026-09-14 21:09:32 | Epoch   1/100 | Train Loss 1.2684 Acc 0.6768 | Val Loss 0.7054 Acc 0.8106 AUC 0.9965 Pre 0.8181 Rec 0.8073
2026-09-14 21:09:32 |   Val AUC improved to 0.9965, model saved
2026-09-14 21:09:39 | Epoch   2/100 | Train Loss 0.4848 Acc 0.8750 | Val Loss 0.6525 Acc 0.8287 AUC 0.9966 Pre 0.8324 Rec 0.8254
2026-09-14 21:09:39 |   Val AUC improved to 0.9966, model saved
2026-09-14 21:09:46 | Epoch   3/100 | Train Loss 0.2950 Acc 0.9274 | Val Loss 0.6935 Acc 0.8251 AUC 0.9962 Pre 0.8297 Rec 0.8222
2026-09-14 21:09:53 | Epoch   4/100 | Train Loss 0.2240 Acc 0.9484 | Val Loss 0.7179 Acc 0.8282 AUC 0.9958 Pre 0.8310 Rec 0.8250
2026-09-14 21:10:00 | Epoch   5/100 | Train Loss 0.2004 Acc 0.9558 | Val Loss 0.7316 Acc 0.8281 AUC 0.9953 Pre 0.8299 Rec 0.8256
2026-09-14 21:10:08 | Epoch   6/100 | Train Loss 0.1814 Acc 0.9615 | Val Loss 0.7760 Acc 0.8246 AUC 0.9947 Pre 0.8270 Rec 0.8220
2026-09-14 21:10:15 | Epoch   7/100 | Train Loss 0.1921 Acc 0.9588 | Val Loss 0.8093 Acc 0.8206 AUC 0.9941 Pre 0.8244 Rec 0.8174
2026-09-14 21:10:22 | Epoch   8/100 | Train Loss 0.1987 Acc 0.9591 | Val Loss 0.8842 Acc 0.8054 AUC 0.9931 Pre 0.8113 Rec 0.8016
2026-09-14 21:10:29 | Epoch   9/100 | Train Loss 565185076354319.7500 Acc 0.5115 | Val Loss 2.0866 Acc 0.5467 AUC 0.9614 Pre 0.5816 Rec 0.5446
2026-09-14 21:10:36 | Epoch  10/100 | Train Loss 3.5954 Acc 0.5318 | Val Loss 1.6928 Acc 0.6215 AUC 0.9761 Pre 0.6472 Rec 0.6183
2026-09-14 21:10:44 | Epoch  11/100 | Train Loss 565219.9303 Acc 0.5282 | Val Loss 3.7605 Acc 0.5345 AUC 0.9319 Pre 0.5880 Rec 0.5322
2026-09-14 21:10:51 | Epoch  12/100 | Train Loss 42.9762 Acc 0.5074 | Val Loss 2.0793 Acc 0.5837 AUC 0.9686 Pre 0.6244 Rec 0.5827
2026-09-14 21:10:51 | Val AUC did not improve for 10 consecutive epochs, early stopping at Epoch 12 (best AUC 0.9966 @ Epoch 2)
2026-09-14 21:10:54 | Run 2/5 | Test (best model @ Epoch 2) | Loss 0.6475 Acc 0.8280 AUC 0.9968 Pre 0.8316 Rec 0.8249
2026-09-14 21:10:54 | ===== Run 3/5 (seed 2) =====
2026-09-14 21:11:01 | Epoch   1/100 | Train Loss 1.2671 Acc 0.6779 | Val Loss 0.6993 Acc 0.8112 AUC 0.9966 Pre 0.8179 Rec 0.8084
2026-09-14 21:11:01 |   Val AUC improved to 0.9966, model saved
2026-09-14 21:11:09 | Epoch   2/100 | Train Loss 0.4792 Acc 0.8752 | Val Loss 0.6655 Acc 0.8265 AUC 0.9965 Pre 0.8321 Rec 0.8225
2026-09-14 21:11:16 | Epoch   3/100 | Train Loss 0.2961 Acc 0.9274 | Val Loss 0.6965 Acc 0.8272 AUC 0.9960 Pre 0.8308 Rec 0.8245
2026-09-14 21:11:24 | Epoch   4/100 | Train Loss 0.2203 Acc 0.9507 | Val Loss 0.7234 Acc 0.8265 AUC 0.9957 Pre 0.8295 Rec 0.8246
2026-09-14 21:11:32 | Epoch   5/100 | Train Loss 0.1947 Acc 0.9566 | Val Loss 0.7625 Acc 0.8245 AUC 0.9949 Pre 0.8293 Rec 0.8221
2026-09-14 21:11:39 | Epoch   6/100 | Train Loss 0.1966 Acc 0.9565 | Val Loss 0.7530 Acc 0.8283 AUC 0.9949 Pre 0.8300 Rec 0.8257
2026-09-14 21:11:47 | Epoch   7/100 | Train Loss 0.1885 Acc 0.9600 | Val Loss 0.8028 Acc 0.8213 AUC 0.9943 Pre 0.8230 Rec 0.8190
2026-09-14 21:11:55 | Epoch   8/100 | Train Loss 0.1809 Acc 0.9629 | Val Loss 0.8404 Acc 0.8190 AUC 0.9939 Pre 0.8226 Rec 0.8166
2026-09-14 21:12:03 | Epoch   9/100 | Train Loss 28.7344 Acc 0.9554 | Val Loss 2.0829 Acc 0.7185 AUC 0.9776 Pre 0.7648 Rec 0.7159
2026-09-14 21:12:10 | Epoch  10/100 | Train Loss 863491747570.7913 Acc 0.4081 | Val Loss 1.9662 Acc 0.5601 AUC 0.9663 Pre 0.5885 Rec 0.5572
2026-09-14 21:12:18 | Epoch  11/100 | Train Loss 25149.6397 Acc 0.4957 | Val Loss 3.7155 Acc 0.5505 AUC 0.9335 Pre 0.5894 Rec 0.5484
2026-09-14 21:12:18 | Val AUC did not improve for 10 consecutive epochs, early stopping at Epoch 11 (best AUC 0.9966 @ Epoch 1)
2026-09-14 21:12:20 | Run 3/5 | Test (best model @ Epoch 1) | Loss 0.7036 Acc 0.8113 AUC 0.9966 Pre 0.8179 Rec 0.8086
2026-09-14 21:12:20 | ===== Run 4/5 (seed 3) =====
2026-09-14 21:12:28 | Epoch   1/100 | Train Loss 1.2635 Acc 0.6776 | Val Loss 0.6965 Acc 0.8145 AUC 0.9965 Pre 0.8202 Rec 0.8114
2026-09-14 21:12:28 |   Val AUC improved to 0.9965, model saved
2026-09-14 21:12:36 | Epoch   2/100 | Train Loss 0.4876 Acc 0.8727 | Val Loss 0.6623 Acc 0.8279 AUC 0.9966 Pre 0.8338 Rec 0.8237
2026-09-14 21:12:36 |   Val AUC improved to 0.9966, model saved
2026-09-14 21:12:44 | Epoch   3/100 | Train Loss 0.2995 Acc 0.9274 | Val Loss 0.6814 Acc 0.8290 AUC 0.9961 Pre 0.8311 Rec 0.8263
2026-09-14 21:12:52 | Epoch   4/100 | Train Loss 0.2232 Acc 0.9484 | Val Loss 0.7047 Acc 0.8251 AUC 0.9957 Pre 0.8277 Rec 0.8227
2026-09-14 21:13:00 | Epoch   5/100 | Train Loss 0.1925 Acc 0.9581 | Val Loss 0.7483 Acc 0.8267 AUC 0.9950 Pre 0.8307 Rec 0.8241
2026-09-14 21:13:08 | Epoch   6/100 | Train Loss 0.1858 Acc 0.9597 | Val Loss 0.8047 Acc 0.8213 AUC 0.9943 Pre 0.8272 Rec 0.8182
2026-09-14 21:13:16 | Epoch   7/100 | Train Loss 0.1793 Acc 0.9624 | Val Loss 0.8239 Acc 0.8162 AUC 0.9939 Pre 0.8222 Rec 0.8135
2026-09-14 21:13:24 | Epoch   8/100 | Train Loss 0.2009 Acc 0.9564 | Val Loss 0.8308 Acc 0.8136 AUC 0.9935 Pre 0.8203 Rec 0.8099
2026-09-14 21:13:33 | Epoch   9/100 | Train Loss 0.3067 Acc 0.9337 | Val Loss 0.9161 Acc 0.7919 AUC 0.9921 Pre 0.7982 Rec 0.7892
2026-09-14 21:13:41 | Epoch  10/100 | Train Loss 5918.8837 Acc 0.7609 | Val Loss 8.7932 Acc 0.3310 AUC 0.8159 Pre 0.4170 Rec 0.3267
2026-09-14 21:13:49 | Epoch  11/100 | Train Loss 2683.1891 Acc 0.3511 | Val Loss 2.3121 Acc 0.5086 AUC 0.9514 Pre 0.5449 Rec 0.5052
2026-09-14 21:13:57 | Epoch  12/100 | Train Loss 4.3076 Acc 0.4545 | Val Loss 1.8715 Acc 0.5584 AUC 0.9718 Pre 0.5950 Rec 0.5530
2026-09-14 21:13:57 | Val AUC did not improve for 10 consecutive epochs, early stopping at Epoch 12 (best AUC 0.9966 @ Epoch 2)
2026-09-14 21:13:59 | Run 4/5 | Test (best model @ Epoch 2) | Loss 0.6608 Acc 0.8258 AUC 0.9968 Pre 0.8321 Rec 0.8215
2026-09-14 21:13:59 | ===== Run 5/5 (seed 4) =====
2026-09-14 21:14:08 | Epoch   1/100 | Train Loss 1.2568 Acc 0.6800 | Val Loss 0.7030 Acc 0.8153 AUC 0.9965 Pre 0.8212 Rec 0.8126
2026-09-14 21:14:08 |   Val AUC improved to 0.9965, model saved
2026-09-14 21:14:16 | Epoch   2/100 | Train Loss 0.4805 Acc 0.8767 | Val Loss 0.6550 Acc 0.8299 AUC 0.9965 Pre 0.8349 Rec 0.8267
2026-09-14 21:14:16 |   Val AUC improved to 0.9965, model saved
2026-09-14 21:14:24 | Epoch   3/100 | Train Loss 0.2981 Acc 0.9279 | Val Loss 0.6895 Acc 0.8263 AUC 0.9961 Pre 0.8350 Rec 0.8220
2026-09-14 21:14:32 | Epoch   4/100 | Train Loss 0.2297 Acc 0.9476 | Val Loss 0.7451 Acc 0.8230 AUC 0.9955 Pre 0.8260 Rec 0.8204
2026-09-14 21:14:40 | Epoch   5/100 | Train Loss 6350639.8407 Acc 0.8308 | Val Loss 7.3522 Acc 0.5382 AUC 0.9204 Pre 0.6204 Rec 0.5364
2026-09-14 21:14:48 | Epoch   6/100 | Train Loss 3.9460 Acc 0.5988 | Val Loss 1.1729 Acc 0.7190 AUC 0.9888 Pre 0.7314 Rec 0.7163
2026-09-14 21:14:56 | Epoch   7/100 | Train Loss 125117.7708 Acc 0.5248 | Val Loss 2.7323 Acc 0.5434 AUC 0.9491 Pre 0.5679 Rec 0.5403
2026-09-14 21:15:05 | Epoch   8/100 | Train Loss 9590014210310125568.0000 Acc 0.4938 | Val Loss 1.9112 Acc 0.6160 AUC 0.9706 Pre 0.6307 Rec 0.6134
2026-09-14 21:15:13 | Epoch   9/100 | Train Loss 13.8759 Acc 0.5703 | Val Loss 1.7563 Acc 0.6365 AUC 0.9750 Pre 0.6682 Rec 0.6336
2026-09-14 21:15:21 | Epoch  10/100 | Train Loss 6.9929 Acc 0.5509 | Val Loss 1.6183 Acc 0.6337 AUC 0.9801 Pre 0.6509 Rec 0.6307
2026-09-14 21:15:29 | Epoch  11/100 | Train Loss 10283.0700 Acc 0.4962 | Val Loss 1.9397 Acc 0.6052 AUC 0.9695 Pre 0.6436 Rec 0.6023
2026-09-14 21:15:37 | Epoch  12/100 | Train Loss 7707.7432 Acc 0.5091 | Val Loss 2.3559 Acc 0.5662 AUC 0.9596 Pre 0.6205 Rec 0.5632
2026-09-14 21:15:37 | Val AUC did not improve for 10 consecutive epochs, early stopping at Epoch 12 (best AUC 0.9965 @ Epoch 2)
2026-09-14 21:15:39 | Run 5/5 | Test (best model @ Epoch 2) | Loss 0.6537 Acc 0.8280 AUC 0.9967 Pre 0.8317 Rec 0.8244
2026-09-14 21:15:39 | Average over 5 runs | Test Loss 0.6713±0.0245 Acc 0.8227±0.0071 AUC 0.9967±0.0001 Pre 0.8277±0.0062 Rec 0.8195±0.0067
