2026-09-18 11:39:43 | Device: cuda
2026-09-18 11:39:43 | Args: {'model': 'opb-fixedvar', 'backbone': 'mlp', 'task': 'imagenet100', 'epochs': 100, 'batch_size': 512, 'lr': 0.001, 'hidden_dims': [512, 256], 'dropout': 0.2, 'z_dim': 256, 'anchor_scale': 8.0, 'energy_classifier': False, 'tied_head': False, 'max_len': 250, 'random_labels': False, 'beta': 10.0, 'patience': 10, 'runs': 5, 'seed': 0, 'data_dir': './data', 'save_path': 'output/imagenet100_mlp_opb-fixedvar/imagenet100_mlp_opb-fixedvar.pt', 'log_path': '/root/autodl-tmp/IB/output/ablation/imagenet100_mlp_opb-fixedvar_beta_10_anchor_8/train.log', 'no_save': True}
2026-09-18 11:39:43 | ImageNet-100 特征：使用 4×4 空间池化文件 ./data/imagenet100/imagenet100_resnet50_layer3_pool4_features.npz
2026-09-18 11:39:43 | ImageNet-100 预处理缓存：mmap 共享 ./data/imagenet100/preprocessed_pool4
2026-09-18 11:39:43 | ===== Run 1/5 (seed 0) =====
2026-09-18 11:39:54 | Epoch   1/100 | Train Loss 244.7162 Acc 0.3390 | Val Loss 148.3372 Acc 0.7447 AUC 0.9772 Pre 0.7302 Rec 0.7362
2026-09-18 11:39:54 |   Val AUC improved to 0.9772, model saved
2026-09-18 11:40:03 | Epoch   2/100 | Train Loss 144.8493 Acc 0.6588 | Val Loss 121.9459 Acc 0.7900 AUC 0.9806 Pre 0.7622 Rec 0.7798
2026-09-18 11:40:03 |   Val AUC improved to 0.9806, model saved
2026-09-18 11:40:11 | Epoch   3/100 | Train Loss 112.1015 Acc 0.7422 | Val Loss 114.1338 Acc 0.8022 AUC 0.9816 Pre 0.7776 Rec 0.7922
2026-09-18 11:40:11 |   Val AUC improved to 0.9816, model saved
2026-09-18 11:40:21 | Epoch   4/100 | Train Loss 97.5295 Acc 0.7790 | Val Loss 112.6197 Acc 0.8039 AUC 0.9807 Pre 0.7811 Rec 0.7944
2026-09-18 11:40:29 | Epoch   5/100 | Train Loss 89.9565 Acc 0.8004 | Val Loss 111.3929 Acc 0.8076 AUC 0.9802 Pre 0.7826 Rec 0.7984
2026-09-18 11:40:37 | Epoch   6/100 | Train Loss 85.4920 Acc 0.8110 | Val Loss 110.5757 Acc 0.8075 AUC 0.9808 Pre 0.7880 Rec 0.7981
2026-09-18 11:40:46 | Epoch   7/100 | Train Loss 82.3019 Acc 0.8186 | Val Loss 110.7698 Acc 0.8069 AUC 0.9797 Pre 0.7893 Rec 0.7975
2026-09-18 11:40:54 | Epoch   8/100 | Train Loss 79.8796 Acc 0.8232 | Val Loss 109.6542 Acc 0.8070 AUC 0.9808 Pre 0.7980 Rec 0.7978
2026-09-18 11:41:03 | Epoch   9/100 | Train Loss 78.7755 Acc 0.8248 | Val Loss 108.3610 Acc 0.8087 AUC 0.9812 Pre 0.7927 Rec 0.7981
2026-09-18 11:41:11 | Epoch  10/100 | Train Loss 77.1688 Acc 0.8299 | Val Loss 108.7900 Acc 0.8084 AUC 0.9803 Pre 0.7957 Rec 0.7978
2026-09-18 11:41:19 | Epoch  11/100 | Train Loss 75.7055 Acc 0.8327 | Val Loss 108.8489 Acc 0.8111 AUC 0.9807 Pre 0.7986 Rec 0.8003
2026-09-18 11:41:28 | Epoch  12/100 | Train Loss 74.6471 Acc 0.8355 | Val Loss 108.0339 Acc 0.8089 AUC 0.9806 Pre 0.7953 Rec 0.7983
2026-09-18 11:41:36 | Epoch  13/100 | Train Loss 74.5000 Acc 0.8363 | Val Loss 108.0198 Acc 0.8084 AUC 0.9808 Pre 0.7983 Rec 0.7977
2026-09-18 11:41:36 | Val AUC did not improve for 10 consecutive epochs, early stopping at Epoch 13 (best AUC 0.9816 @ Epoch 3)
2026-09-18 11:41:39 | Run 1/5 | Test (best model @ Epoch 3) | Loss 113.5532 Acc 0.7991 AUC 0.9813 Pre 0.7726 Rec 0.7893
2026-09-18 11:41:39 | ===== Run 2/5 (seed 1) =====
2026-09-18 11:41:49 | Epoch   1/100 | Train Loss 247.7671 Acc 0.3273 | Val Loss 151.0206 Acc 0.7508 AUC 0.9795 Pre 0.7453 Rec 0.7430
2026-09-18 11:41:49 |   Val AUC improved to 0.9795, model saved
2026-09-18 11:41:56 | Epoch   2/100 | Train Loss 145.3157 Acc 0.6537 | Val Loss 120.5720 Acc 0.8070 AUC 0.9819 Pre 0.7933 Rec 0.7981
2026-09-18 11:41:56 |   Val AUC improved to 0.9819, model saved
2026-09-18 11:42:05 | Epoch   3/100 | Train Loss 111.5179 Acc 0.7436 | Val Loss 110.5136 Acc 0.8242 AUC 0.9818 Pre 0.8125 Rec 0.8151
2026-09-18 11:42:12 | Epoch   4/100 | Train Loss 94.2868 Acc 0.7910 | Val Loss 107.3902 Acc 0.8283 AUC 0.9818 Pre 0.8168 Rec 0.8205
2026-09-18 11:42:21 | Epoch   5/100 | Train Loss 85.2667 Acc 0.8145 | Val Loss 105.8464 Acc 0.8344 AUC 0.9818 Pre 0.8209 Rec 0.8269
2026-09-18 11:42:29 | Epoch   6/100 | Train Loss 78.5188 Acc 0.8320 | Val Loss 104.7249 Acc 0.8377 AUC 0.9822 Pre 0.8297 Rec 0.8289
2026-09-18 11:42:29 |   Val AUC improved to 0.9822, model saved
2026-09-18 11:42:38 | Epoch   7/100 | Train Loss 75.4578 Acc 0.8384 | Val Loss 103.2437 Acc 0.8366 AUC 0.9825 Pre 0.8291 Rec 0.8291
2026-09-18 11:42:38 |   Val AUC improved to 0.9825, model saved
2026-09-18 11:42:46 | Epoch   8/100 | Train Loss 72.5532 Acc 0.8466 | Val Loss 103.0853 Acc 0.8367 AUC 0.9817 Pre 0.8305 Rec 0.8283
2026-09-18 11:42:53 | Epoch   9/100 | Train Loss 70.4676 Acc 0.8519 | Val Loss 101.7184 Acc 0.8404 AUC 0.9822 Pre 0.8307 Rec 0.8317
2026-09-18 11:43:01 | Epoch  10/100 | Train Loss 68.7937 Acc 0.8554 | Val Loss 101.4757 Acc 0.8399 AUC 0.9826 Pre 0.8335 Rec 0.8315
2026-09-18 11:43:01 |   Val AUC improved to 0.9826, model saved
2026-09-18 11:43:08 | Epoch  11/100 | Train Loss 68.0019 Acc 0.8555 | Val Loss 102.4372 Acc 0.8399 AUC 0.9819 Pre 0.8352 Rec 0.8313
2026-09-18 11:43:16 | Epoch  12/100 | Train Loss 67.2632 Acc 0.8594 | Val Loss 102.1773 Acc 0.8362 AUC 0.9818 Pre 0.8291 Rec 0.8275
2026-09-18 11:43:23 | Epoch  13/100 | Train Loss 65.9594 Acc 0.8630 | Val Loss 101.6693 Acc 0.8386 AUC 0.9823 Pre 0.8348 Rec 0.8300
2026-09-18 11:43:31 | Epoch  14/100 | Train Loss 66.1845 Acc 0.8607 | Val Loss 100.5627 Acc 0.8423 AUC 0.9822 Pre 0.8360 Rec 0.8338
2026-09-18 11:43:39 | Epoch  15/100 | Train Loss 65.6598 Acc 0.8608 | Val Loss 100.9119 Acc 0.8414 AUC 0.9821 Pre 0.8385 Rec 0.8327
2026-09-18 11:43:46 | Epoch  16/100 | Train Loss 65.1337 Acc 0.8630 | Val Loss 102.0232 Acc 0.8425 AUC 0.9820 Pre 0.8398 Rec 0.8340
2026-09-18 11:43:54 | Epoch  17/100 | Train Loss 65.0087 Acc 0.8642 | Val Loss 101.1134 Acc 0.8440 AUC 0.9820 Pre 0.8428 Rec 0.8366
2026-09-18 11:44:02 | Epoch  18/100 | Train Loss 64.6055 Acc 0.8637 | Val Loss 101.6186 Acc 0.8409 AUC 0.9820 Pre 0.8375 Rec 0.8324
2026-09-18 11:44:09 | Epoch  19/100 | Train Loss 64.2446 Acc 0.8632 | Val Loss 101.1422 Acc 0.8423 AUC 0.9822 Pre 0.8377 Rec 0.8335
2026-09-18 11:44:16 | Epoch  20/100 | Train Loss 63.9756 Acc 0.8644 | Val Loss 100.8907 Acc 0.8411 AUC 0.9821 Pre 0.8363 Rec 0.8326
2026-09-18 11:44:16 | Val AUC did not improve for 10 consecutive epochs, early stopping at Epoch 20 (best AUC 0.9826 @ Epoch 10)
2026-09-18 11:44:18 | Run 2/5 | Test (best model @ Epoch 10) | Loss 101.4130 Acc 0.8392 AUC 0.9820 Pre 0.8330 Rec 0.8309
2026-09-18 11:44:18 | ===== Run 3/5 (seed 2) =====
2026-09-18 11:44:25 | Epoch   1/100 | Train Loss 245.1723 Acc 0.3342 | Val Loss 147.8809 Acc 0.7595 AUC 0.9781 Pre 0.7496 Rec 0.7512
2026-09-18 11:44:25 |   Val AUC improved to 0.9781, model saved
2026-09-18 11:44:33 | Epoch   2/100 | Train Loss 144.5796 Acc 0.6578 | Val Loss 120.3029 Acc 0.7981 AUC 0.9821 Pre 0.7735 Rec 0.7895
2026-09-18 11:44:33 |   Val AUC improved to 0.9821, model saved
2026-09-18 11:44:40 | Epoch   3/100 | Train Loss 111.7876 Acc 0.7415 | Val Loss 111.6729 Acc 0.8109 AUC 0.9821 Pre 0.7928 Rec 0.8022
2026-09-18 11:44:40 |   Val AUC improved to 0.9821, model saved
2026-09-18 11:44:48 | Epoch   4/100 | Train Loss 97.4544 Acc 0.7795 | Val Loss 110.5159 Acc 0.8180 AUC 0.9814 Pre 0.7938 Rec 0.8087
2026-09-18 11:44:55 | Epoch   5/100 | Train Loss 89.3315 Acc 0.8012 | Val Loss 108.8576 Acc 0.8167 AUC 0.9805 Pre 0.7984 Rec 0.8075
2026-09-18 11:45:02 | Epoch   6/100 | Train Loss 84.5972 Acc 0.8132 | Val Loss 107.4687 Acc 0.8214 AUC 0.9817 Pre 0.8041 Rec 0.8124
2026-09-18 11:45:09 | Epoch   7/100 | Train Loss 80.2489 Acc 0.8243 | Val Loss 107.5603 Acc 0.8191 AUC 0.9807 Pre 0.8057 Rec 0.8100
2026-09-18 11:45:15 | Epoch   8/100 | Train Loss 78.5167 Acc 0.8290 | Val Loss 107.3691 Acc 0.8207 AUC 0.9803 Pre 0.8096 Rec 0.8114
2026-09-18 11:45:21 | Epoch   9/100 | Train Loss 76.8996 Acc 0.8319 | Val Loss 107.5991 Acc 0.8217 AUC 0.9804 Pre 0.8123 Rec 0.8126
2026-09-18 11:45:28 | Epoch  10/100 | Train Loss 75.7237 Acc 0.8347 | Val Loss 106.5328 Acc 0.8226 AUC 0.9805 Pre 0.8102 Rec 0.8135
2026-09-18 11:45:34 | Epoch  11/100 | Train Loss 74.5395 Acc 0.8374 | Val Loss 106.7060 Acc 0.8193 AUC 0.9804 Pre 0.8066 Rec 0.8102
2026-09-18 11:45:41 | Epoch  12/100 | Train Loss 73.5818 Acc 0.8396 | Val Loss 106.7843 Acc 0.8213 AUC 0.9809 Pre 0.8147 Rec 0.8121
2026-09-18 11:45:48 | Epoch  13/100 | Train Loss 73.1416 Acc 0.8402 | Val Loss 105.4858 Acc 0.8228 AUC 0.9809 Pre 0.8152 Rec 0.8136
2026-09-18 11:45:48 | Val AUC did not improve for 10 consecutive epochs, early stopping at Epoch 13 (best AUC 0.9821 @ Epoch 3)
2026-09-18 11:45:49 | Run 3/5 | Test (best model @ Epoch 3) | Loss 111.5252 Acc 0.8113 AUC 0.9815 Pre 0.7946 Rec 0.8024
2026-09-18 11:45:49 | ===== Run 4/5 (seed 3) =====
2026-09-18 11:45:56 | Epoch   1/100 | Train Loss 245.9715 Acc 0.3311 | Val Loss 150.8116 Acc 0.7501 AUC 0.9783 Pre 0.7381 Rec 0.7431
2026-09-18 11:45:56 |   Val AUC improved to 0.9783, model saved
2026-09-18 11:46:02 | Epoch   2/100 | Train Loss 146.4198 Acc 0.6525 | Val Loss 118.5939 Acc 0.8075 AUC 0.9827 Pre 0.7907 Rec 0.7983
2026-09-18 11:46:02 |   Val AUC improved to 0.9827, model saved
2026-09-18 11:46:08 | Epoch   3/100 | Train Loss 112.9642 Acc 0.7397 | Val Loss 112.9164 Acc 0.8177 AUC 0.9822 Pre 0.8031 Rec 0.8093
2026-09-18 11:46:15 | Epoch   4/100 | Train Loss 98.6723 Acc 0.7784 | Val Loss 109.9027 Acc 0.8237 AUC 0.9824 Pre 0.8100 Rec 0.8149
2026-09-18 11:46:21 | Epoch   5/100 | Train Loss 89.1808 Acc 0.8035 | Val Loss 108.5309 Acc 0.8241 AUC 0.9819 Pre 0.8139 Rec 0.8155
2026-09-18 11:46:28 | Epoch   6/100 | Train Loss 84.4342 Acc 0.8161 | Val Loss 107.5493 Acc 0.8221 AUC 0.9815 Pre 0.8161 Rec 0.8114
2026-09-18 11:46:34 | Epoch   7/100 | Train Loss 80.4607 Acc 0.8259 | Val Loss 106.5405 Acc 0.8269 AUC 0.9800 Pre 0.8128 Rec 0.8159
2026-09-18 11:46:40 | Epoch   8/100 | Train Loss 77.7969 Acc 0.8319 | Val Loss 105.3313 Acc 0.8283 AUC 0.9801 Pre 0.8196 Rec 0.8172
2026-09-18 11:46:46 | Epoch   9/100 | Train Loss 75.0319 Acc 0.8380 | Val Loss 105.4698 Acc 0.8307 AUC 0.9804 Pre 0.8239 Rec 0.8195
2026-09-18 11:46:52 | Epoch  10/100 | Train Loss 73.7482 Acc 0.8405 | Val Loss 104.8627 Acc 0.8284 AUC 0.9802 Pre 0.8212 Rec 0.8173
2026-09-18 11:46:57 | Epoch  11/100 | Train Loss 72.2831 Acc 0.8443 | Val Loss 105.0083 Acc 0.8282 AUC 0.9806 Pre 0.8232 Rec 0.8172
2026-09-18 11:47:03 | Epoch  12/100 | Train Loss 72.0503 Acc 0.8434 | Val Loss 105.0540 Acc 0.8303 AUC 0.9804 Pre 0.8242 Rec 0.8193
2026-09-18 11:47:03 | Val AUC did not improve for 10 consecutive epochs, early stopping at Epoch 12 (best AUC 0.9827 @ Epoch 2)
2026-09-18 11:47:05 | Run 4/5 | Test (best model @ Epoch 2) | Loss 118.5978 Acc 0.8051 AUC 0.9822 Pre 0.7896 Rec 0.7959
2026-09-18 11:47:05 | ===== Run 5/5 (seed 4) =====
2026-09-18 11:47:11 | Epoch   1/100 | Train Loss 248.5175 Acc 0.3257 | Val Loss 152.5875 Acc 0.7597 AUC 0.9799 Pre 0.7429 Rec 0.7511
2026-09-18 11:47:11 |   Val AUC improved to 0.9799, model saved
2026-09-18 11:47:17 | Epoch   2/100 | Train Loss 147.3302 Acc 0.6533 | Val Loss 118.8084 Acc 0.8168 AUC 0.9836 Pre 0.8024 Rec 0.8076
2026-09-18 11:47:17 |   Val AUC improved to 0.9836, model saved
2026-09-18 11:47:23 | Epoch   3/100 | Train Loss 112.5504 Acc 0.7426 | Val Loss 110.6323 Acc 0.8226 AUC 0.9824 Pre 0.8052 Rec 0.8132
2026-09-18 11:47:29 | Epoch   4/100 | Train Loss 95.4391 Acc 0.7880 | Val Loss 106.2294 Acc 0.8320 AUC 0.9830 Pre 0.8182 Rec 0.8226
2026-09-18 11:47:35 | Epoch   5/100 | Train Loss 85.7550 Acc 0.8150 | Val Loss 106.4625 Acc 0.8310 AUC 0.9817 Pre 0.8235 Rec 0.8222
2026-09-18 11:47:41 | Epoch   6/100 | Train Loss 79.8532 Acc 0.8312 | Val Loss 104.6154 Acc 0.8344 AUC 0.9817 Pre 0.8247 Rec 0.8256
2026-09-18 11:47:47 | Epoch   7/100 | Train Loss 76.1867 Acc 0.8402 | Val Loss 103.1329 Acc 0.8358 AUC 0.9812 Pre 0.8277 Rec 0.8270
2026-09-18 11:47:53 | Epoch   8/100 | Train Loss 73.6724 Acc 0.8460 | Val Loss 103.1032 Acc 0.8357 AUC 0.9809 Pre 0.8293 Rec 0.8268
2026-09-18 11:47:59 | Epoch   9/100 | Train Loss 70.9540 Acc 0.8510 | Val Loss 103.1925 Acc 0.8376 AUC 0.9815 Pre 0.8303 Rec 0.8287
2026-09-18 11:48:04 | Epoch  10/100 | Train Loss 69.4839 Acc 0.8566 | Val Loss 102.2102 Acc 0.8378 AUC 0.9815 Pre 0.8348 Rec 0.8295
2026-09-18 11:48:09 | Epoch  11/100 | Train Loss 69.0165 Acc 0.8557 | Val Loss 102.2367 Acc 0.8405 AUC 0.9819 Pre 0.8342 Rec 0.8320
2026-09-18 11:48:15 | Epoch  12/100 | Train Loss 67.9715 Acc 0.8593 | Val Loss 101.7394 Acc 0.8401 AUC 0.9818 Pre 0.8343 Rec 0.8317
2026-09-18 11:48:15 | Val AUC did not improve for 10 consecutive epochs, early stopping at Epoch 12 (best AUC 0.9836 @ Epoch 2)
2026-09-18 11:48:16 | Run 5/5 | Test (best model @ Epoch 2) | Loss 119.0571 Acc 0.8110 AUC 0.9832 Pre 0.7952 Rec 0.8017
2026-09-18 11:48:16 | Average over 5 runs | Test Loss 112.8292±7.1522 Acc 0.8131±0.0154 AUC 0.9820±0.0007 Pre 0.7970±0.0221 Rec 0.8040±0.0159
