2026-09-02 01:49:37 | Device: cuda
2026-09-02 01:49:37 | Args: {'model': 'opb', 'backbone': 'rnn', 'task': 'stsb', 'epochs': 100, 'batch_size': 512, 'lr': 0.001, 'hidden_dims': [512, 256], 'dropout': 0.2, 'z_dim': 256, 'anchor_scale': 6.0, 'energy_classifier': False, 'max_len': 250, 'random_labels': False, 'beta': 0.0001, 'patience': 10, 'runs': 5, 'seed': 0, 'data_dir': './data', 'save_path': 'output/stsb_rnn_opb/stsb_rnn_opb.pt', 'log_path': '/root/autodl-tmp/IB/tune_results/stsb_rnn_opb_beta_0.0001_anchor_6/train.log', 'no_save': True}
2026-09-02 01:49:37 | STS-B 预处理缓存：mmap 共享 ./data/stsb/stsb_processed_maxlen250
2026-09-02 01:49:37 | ===== Run 1/5 (seed 0) =====
2026-09-02 01:49:42 | Epoch   1/100 | Train Loss 0.4420 | Val Loss 0.1114 MAE 1.4326 R2 -0.2996
2026-09-02 01:49:42 |   Val R2 improved to -0.2996, model saved
2026-09-02 01:49:44 | Epoch   2/100 | Train Loss 0.2818 | Val Loss 0.0927 MAE 1.2417 R2 -0.0781
2026-09-02 01:49:44 |   Val R2 improved to -0.0781, model saved
2026-09-02 01:49:46 | Epoch   3/100 | Train Loss 0.2011 | Val Loss 0.0918 MAE 1.2853 R2 -0.0659
2026-09-02 01:49:46 |   Val R2 improved to -0.0659, model saved
2026-09-02 01:49:48 | Epoch   4/100 | Train Loss 0.1553 | Val Loss 0.0884 MAE 1.2351 R2 -0.0216
2026-09-02 01:49:48 |   Val R2 improved to -0.0216, model saved
2026-09-02 01:49:49 | Epoch   5/100 | Train Loss 0.1276 | Val Loss 0.0891 MAE 1.2474 R2 -0.0228
2026-09-02 01:49:51 | Epoch   6/100 | Train Loss 0.1085 | Val Loss 0.0890 MAE 1.2223 R2 -0.0086
2026-09-02 01:49:51 |   Val R2 improved to -0.0086, model saved
2026-09-02 01:49:53 | Epoch   7/100 | Train Loss 0.1036 | Val Loss 0.0896 MAE 1.2320 R2 -0.0013
2026-09-02 01:49:53 |   Val R2 improved to -0.0013, model saved
2026-09-02 01:49:54 | Epoch   8/100 | Train Loss 0.0966 | Val Loss 0.0893 MAE 1.2084 R2 0.0185
2026-09-02 01:49:54 |   Val R2 improved to 0.0185, model saved
2026-09-02 01:49:56 | Epoch   9/100 | Train Loss 0.0942 | Val Loss 0.0879 MAE 1.2046 R2 0.0348
2026-09-02 01:49:56 |   Val R2 improved to 0.0348, model saved
2026-09-02 01:49:58 | Epoch  10/100 | Train Loss 0.0914 | Val Loss 0.0869 MAE 1.2080 R2 0.0413
2026-09-02 01:49:58 |   Val R2 improved to 0.0413, model saved
2026-09-02 01:50:00 | Epoch  11/100 | Train Loss 0.0896 | Val Loss 0.0848 MAE 1.1915 R2 0.0584
2026-09-02 01:50:00 |   Val R2 improved to 0.0584, model saved
2026-09-02 01:50:02 | Epoch  12/100 | Train Loss 0.0879 | Val Loss 0.0872 MAE 1.2310 R2 0.0205
2026-09-02 01:50:04 | Epoch  13/100 | Train Loss 0.0892 | Val Loss 0.0831 MAE 1.1656 R2 0.0711
2026-09-02 01:50:04 |   Val R2 improved to 0.0711, model saved
2026-09-02 01:50:06 | Epoch  14/100 | Train Loss 0.0863 | Val Loss 0.0822 MAE 1.1590 R2 0.0784
2026-09-02 01:50:06 |   Val R2 improved to 0.0784, model saved
2026-09-02 01:50:08 | Epoch  15/100 | Train Loss 0.0848 | Val Loss 0.0810 MAE 1.1504 R2 0.0918
2026-09-02 01:50:08 |   Val R2 improved to 0.0918, model saved
2026-09-02 01:50:10 | Epoch  16/100 | Train Loss 0.0835 | Val Loss 0.0817 MAE 1.1775 R2 0.0792
2026-09-02 01:50:11 | Epoch  17/100 | Train Loss 0.0808 | Val Loss 0.0803 MAE 1.1389 R2 0.1004
2026-09-02 01:50:11 |   Val R2 improved to 0.1004, model saved
2026-09-02 01:50:13 | Epoch  18/100 | Train Loss 0.0802 | Val Loss 0.0788 MAE 1.1321 R2 0.1160
2026-09-02 01:50:13 |   Val R2 improved to 0.1160, model saved
2026-09-02 01:50:15 | Epoch  19/100 | Train Loss 0.0785 | Val Loss 0.0790 MAE 1.1546 R2 0.1079
2026-09-02 01:50:17 | Epoch  20/100 | Train Loss 0.0751 | Val Loss 0.0774 MAE 1.1184 R2 0.1287
2026-09-02 01:50:17 |   Val R2 improved to 0.1287, model saved
2026-09-02 01:50:18 | Epoch  21/100 | Train Loss 0.0750 | Val Loss 0.0765 MAE 1.1361 R2 0.1330
2026-09-02 01:50:18 |   Val R2 improved to 0.1330, model saved
2026-09-02 01:50:20 | Epoch  22/100 | Train Loss 0.0735 | Val Loss 0.0766 MAE 1.1088 R2 0.1362
2026-09-02 01:50:20 |   Val R2 improved to 0.1362, model saved
2026-09-02 01:50:22 | Epoch  23/100 | Train Loss 0.0731 | Val Loss 0.0743 MAE 1.1046 R2 0.1590
2026-09-02 01:50:22 |   Val R2 improved to 0.1590, model saved
2026-09-02 01:50:24 | Epoch  24/100 | Train Loss 0.0735 | Val Loss 0.0758 MAE 1.1035 R2 0.1419
2026-09-02 01:50:26 | Epoch  25/100 | Train Loss 0.0697 | Val Loss 0.0730 MAE 1.0915 R2 0.1729
2026-09-02 01:50:26 |   Val R2 improved to 0.1729, model saved
2026-09-02 01:50:28 | Epoch  26/100 | Train Loss 0.0670 | Val Loss 0.0721 MAE 1.0839 R2 0.1833
2026-09-02 01:50:28 |   Val R2 improved to 0.1833, model saved
2026-09-02 01:50:30 | Epoch  27/100 | Train Loss 0.0646 | Val Loss 0.0717 MAE 1.0804 R2 0.1871
2026-09-02 01:50:30 |   Val R2 improved to 0.1871, model saved
2026-09-02 01:50:31 | Epoch  28/100 | Train Loss 0.0635 | Val Loss 0.0710 MAE 1.0853 R2 0.1950
2026-09-02 01:50:31 |   Val R2 improved to 0.1950, model saved
2026-09-02 01:50:33 | Epoch  29/100 | Train Loss 0.0617 | Val Loss 0.0711 MAE 1.0839 R2 0.1937
2026-09-02 01:50:35 | Epoch  30/100 | Train Loss 0.0620 | Val Loss 0.0705 MAE 1.0744 R2 0.2004
2026-09-02 01:50:35 |   Val R2 improved to 0.2004, model saved
2026-09-02 01:50:37 | Epoch  31/100 | Train Loss 0.0587 | Val Loss 0.0692 MAE 1.0648 R2 0.2173
2026-09-02 01:50:37 |   Val R2 improved to 0.2173, model saved
2026-09-02 01:50:38 | Epoch  32/100 | Train Loss 0.0574 | Val Loss 0.0683 MAE 1.0661 R2 0.2242
2026-09-02 01:50:38 |   Val R2 improved to 0.2242, model saved
2026-09-02 01:50:40 | Epoch  33/100 | Train Loss 0.0559 | Val Loss 0.0692 MAE 1.0613 R2 0.2177
2026-09-02 01:50:42 | Epoch  34/100 | Train Loss 0.0548 | Val Loss 0.0686 MAE 1.0556 R2 0.2229
2026-09-02 01:50:43 | Epoch  35/100 | Train Loss 0.0531 | Val Loss 0.0677 MAE 1.0571 R2 0.2312
2026-09-02 01:50:43 |   Val R2 improved to 0.2312, model saved
2026-09-02 01:50:45 | Epoch  36/100 | Train Loss 0.0515 | Val Loss 0.0675 MAE 1.0462 R2 0.2368
2026-09-02 01:50:45 |   Val R2 improved to 0.2368, model saved
2026-09-02 01:50:46 | Epoch  37/100 | Train Loss 0.0473 | Val Loss 0.0680 MAE 1.0503 R2 0.2297
2026-09-02 01:50:47 | Epoch  38/100 | Train Loss 0.0459 | Val Loss 0.0711 MAE 1.0672 R2 0.1947
2026-09-02 01:50:49 | Epoch  39/100 | Train Loss 0.0467 | Val Loss 0.0657 MAE 1.0347 R2 0.2558
2026-09-02 01:50:49 |   Val R2 improved to 0.2558, model saved
2026-09-02 01:50:51 | Epoch  40/100 | Train Loss 0.0471 | Val Loss 0.0661 MAE 1.0415 R2 0.2471
2026-09-02 01:50:52 | Epoch  41/100 | Train Loss 0.0440 | Val Loss 0.0672 MAE 1.0396 R2 0.2380
2026-09-02 01:50:53 | Epoch  42/100 | Train Loss 0.0411 | Val Loss 0.0685 MAE 1.0462 R2 0.2246
2026-09-02 01:50:55 | Epoch  43/100 | Train Loss 0.0420 | Val Loss 0.0677 MAE 1.0426 R2 0.2317
2026-09-02 01:50:56 | Epoch  44/100 | Train Loss 0.0404 | Val Loss 0.0735 MAE 1.0768 R2 0.1666
2026-09-02 01:50:58 | Epoch  45/100 | Train Loss 0.0391 | Val Loss 0.0699 MAE 1.0578 R2 0.2085
2026-09-02 01:51:00 | Epoch  46/100 | Train Loss 0.0371 | Val Loss 0.0656 MAE 1.0233 R2 0.2566
2026-09-02 01:51:00 |   Val R2 improved to 0.2566, model saved
2026-09-02 01:51:02 | Epoch  47/100 | Train Loss 0.0380 | Val Loss 0.0700 MAE 1.0564 R2 0.2069
2026-09-02 01:51:03 | Epoch  48/100 | Train Loss 0.0363 | Val Loss 0.0747 MAE 1.0827 R2 0.1531
2026-09-02 01:51:04 | Epoch  49/100 | Train Loss 0.0365 | Val Loss 0.0693 MAE 1.0515 R2 0.2126
2026-09-02 01:51:06 | Epoch  50/100 | Train Loss 0.0358 | Val Loss 0.0644 MAE 1.0142 R2 0.2692
2026-09-02 01:51:06 |   Val R2 improved to 0.2692, model saved
2026-09-02 01:51:08 | Epoch  51/100 | Train Loss 0.0343 | Val Loss 0.0655 MAE 1.0260 R2 0.2550
2026-09-02 01:51:10 | Epoch  52/100 | Train Loss 0.0329 | Val Loss 0.0659 MAE 1.0272 R2 0.2505
2026-09-02 01:51:11 | Epoch  53/100 | Train Loss 0.0301 | Val Loss 0.0685 MAE 1.0430 R2 0.2203
2026-09-02 01:51:13 | Epoch  54/100 | Train Loss 0.0301 | Val Loss 0.0694 MAE 1.0493 R2 0.2095
2026-09-02 01:51:15 | Epoch  55/100 | Train Loss 0.0307 | Val Loss 0.0676 MAE 1.0393 R2 0.2305
2026-09-02 01:51:17 | Epoch  56/100 | Train Loss 0.0280 | Val Loss 0.0677 MAE 1.0384 R2 0.2295
2026-09-02 01:51:19 | Epoch  57/100 | Train Loss 0.0283 | Val Loss 0.0668 MAE 1.0302 R2 0.2393
2026-09-02 01:51:21 | Epoch  58/100 | Train Loss 0.0277 | Val Loss 0.0659 MAE 1.0256 R2 0.2509
2026-09-02 01:51:22 | Epoch  59/100 | Train Loss 0.0279 | Val Loss 0.0647 MAE 1.0189 R2 0.2629
2026-09-02 01:51:24 | Epoch  60/100 | Train Loss 0.0279 | Val Loss 0.0668 MAE 1.0289 R2 0.2397
2026-09-02 01:51:24 | Val R2 did not improve for 10 consecutive epochs, early stopping at Epoch 60 (best R2 0.2692 @ Epoch 50)
2026-09-02 01:51:25 | Run 1/5 | Test (best model @ Epoch 50) | Loss 0.0678 MAE 1.0382 R2 0.2766
2026-09-02 01:51:25 | ===== Run 2/5 (seed 1) =====
2026-09-02 01:51:27 | Epoch   1/100 | Train Loss 0.4241 | Val Loss 0.1008 MAE 1.3601 R2 -0.1747
2026-09-02 01:51:27 |   Val R2 improved to -0.1747, model saved
2026-09-02 01:51:28 | Epoch   2/100 | Train Loss 0.2676 | Val Loss 0.0912 MAE 1.2348 R2 -0.0603
2026-09-02 01:51:28 |   Val R2 improved to -0.0603, model saved
2026-09-02 01:51:30 | Epoch   3/100 | Train Loss 0.1902 | Val Loss 0.0898 MAE 1.2700 R2 -0.0430
2026-09-02 01:51:30 |   Val R2 improved to -0.0430, model saved
2026-09-02 01:51:32 | Epoch   4/100 | Train Loss 0.1505 | Val Loss 0.0881 MAE 1.2226 R2 -0.0162
2026-09-02 01:51:32 |   Val R2 improved to -0.0162, model saved
2026-09-02 01:51:34 | Epoch   5/100 | Train Loss 0.1173 | Val Loss 0.0885 MAE 1.2403 R2 -0.0087
2026-09-02 01:51:34 |   Val R2 improved to -0.0087, model saved
2026-09-02 01:51:35 | Epoch   6/100 | Train Loss 0.1017 | Val Loss 0.0917 MAE 1.2591 R2 -0.0199
2026-09-02 01:51:37 | Epoch   7/100 | Train Loss 0.0985 | Val Loss 0.0918 MAE 1.1983 R2 0.0061
2026-09-02 01:51:37 |   Val R2 improved to 0.0061, model saved
2026-09-02 01:51:39 | Epoch   8/100 | Train Loss 0.0950 | Val Loss 0.0874 MAE 1.1935 R2 0.0440
2026-09-02 01:51:39 |   Val R2 improved to 0.0440, model saved
2026-09-02 01:51:41 | Epoch   9/100 | Train Loss 0.0917 | Val Loss 0.0857 MAE 1.1882 R2 0.0544
2026-09-02 01:51:41 |   Val R2 improved to 0.0544, model saved
2026-09-02 01:51:43 | Epoch  10/100 | Train Loss 0.0886 | Val Loss 0.0871 MAE 1.1756 R2 0.0370
2026-09-02 01:51:44 | Epoch  11/100 | Train Loss 0.0884 | Val Loss 0.0864 MAE 1.2221 R2 0.0329
2026-09-02 01:51:45 | Epoch  12/100 | Train Loss 0.0874 | Val Loss 0.0842 MAE 1.2005 R2 0.0555
2026-09-02 01:51:46 |   Val R2 improved to 0.0555, model saved
2026-09-02 01:51:47 | Epoch  13/100 | Train Loss 0.0858 | Val Loss 0.0820 MAE 1.1580 R2 0.0819
2026-09-02 01:51:47 |   Val R2 improved to 0.0819, model saved
2026-09-02 01:51:49 | Epoch  14/100 | Train Loss 0.0831 | Val Loss 0.0812 MAE 1.1535 R2 0.0891
2026-09-02 01:51:49 |   Val R2 improved to 0.0891, model saved
2026-09-02 01:51:51 | Epoch  15/100 | Train Loss 0.0821 | Val Loss 0.0800 MAE 1.1526 R2 0.1010
2026-09-02 01:51:51 |   Val R2 improved to 0.1010, model saved
2026-09-02 01:51:53 | Epoch  16/100 | Train Loss 0.0809 | Val Loss 0.0793 MAE 1.1485 R2 0.1098
2026-09-02 01:51:53 |   Val R2 improved to 0.1098, model saved
2026-09-02 01:51:55 | Epoch  17/100 | Train Loss 0.0778 | Val Loss 0.0783 MAE 1.1349 R2 0.1183
2026-09-02 01:51:55 |   Val R2 improved to 0.1183, model saved
2026-09-02 01:51:57 | Epoch  18/100 | Train Loss 0.0762 | Val Loss 0.0768 MAE 1.1287 R2 0.1327
2026-09-02 01:51:57 |   Val R2 improved to 0.1327, model saved
2026-09-02 01:51:59 | Epoch  19/100 | Train Loss 0.0749 | Val Loss 0.0756 MAE 1.1137 R2 0.1472
2026-09-02 01:51:59 |   Val R2 improved to 0.1472, model saved
2026-09-02 01:52:00 | Epoch  20/100 | Train Loss 0.0739 | Val Loss 0.0748 MAE 1.1068 R2 0.1554
2026-09-02 01:52:00 |   Val R2 improved to 0.1554, model saved
2026-09-02 01:52:02 | Epoch  21/100 | Train Loss 0.0702 | Val Loss 0.0757 MAE 1.1039 R2 0.1466
2026-09-02 01:52:04 | Epoch  22/100 | Train Loss 0.0665 | Val Loss 0.0725 MAE 1.0973 R2 0.1807
2026-09-02 01:52:04 |   Val R2 improved to 0.1807, model saved
2026-09-02 01:52:06 | Epoch  23/100 | Train Loss 0.0664 | Val Loss 0.0720 MAE 1.0862 R2 0.1868
2026-09-02 01:52:06 |   Val R2 improved to 0.1868, model saved
2026-09-02 01:52:08 | Epoch  24/100 | Train Loss 0.0636 | Val Loss 0.0708 MAE 1.0775 R2 0.1981
2026-09-02 01:52:08 |   Val R2 improved to 0.1981, model saved
2026-09-02 01:52:09 | Epoch  25/100 | Train Loss 0.0613 | Val Loss 0.0824 MAE 1.1406 R2 0.0661
2026-09-02 01:52:11 | Epoch  26/100 | Train Loss 0.0611 | Val Loss 0.0717 MAE 1.0779 R2 0.1885
2026-09-02 01:52:13 | Epoch  27/100 | Train Loss 0.0577 | Val Loss 0.0711 MAE 1.0672 R2 0.1959
2026-09-02 01:52:14 | Epoch  28/100 | Train Loss 0.0544 | Val Loss 0.0678 MAE 1.0553 R2 0.2316
2026-09-02 01:52:14 |   Val R2 improved to 0.2316, model saved
2026-09-02 01:52:15 | Epoch  29/100 | Train Loss 0.0516 | Val Loss 0.0767 MAE 1.1057 R2 0.1305
2026-09-02 01:52:17 | Epoch  30/100 | Train Loss 0.0507 | Val Loss 0.0706 MAE 1.0639 R2 0.2021
2026-09-02 01:52:18 | Epoch  31/100 | Train Loss 0.0498 | Val Loss 0.0659 MAE 1.0350 R2 0.2541
2026-09-02 01:52:18 |   Val R2 improved to 0.2541, model saved
2026-09-02 01:52:19 | Epoch  32/100 | Train Loss 0.0479 | Val Loss 0.0669 MAE 1.0429 R2 0.2438
2026-09-02 01:52:21 | Epoch  33/100 | Train Loss 0.0464 | Val Loss 0.0715 MAE 1.0662 R2 0.1908
2026-09-02 01:52:22 | Epoch  34/100 | Train Loss 0.0460 | Val Loss 0.0868 MAE 1.1714 R2 0.0142
2026-09-02 01:52:24 | Epoch  35/100 | Train Loss 0.0461 | Val Loss 0.0825 MAE 1.1388 R2 0.0635
2026-09-02 01:52:25 | Epoch  36/100 | Train Loss 0.0438 | Val Loss 0.0754 MAE 1.0910 R2 0.1450
2026-09-02 01:52:26 | Epoch  37/100 | Train Loss 0.0413 | Val Loss 0.0711 MAE 1.0639 R2 0.1943
2026-09-02 01:52:28 | Epoch  38/100 | Train Loss 0.0391 | Val Loss 0.0673 MAE 1.0391 R2 0.2363
2026-09-02 01:52:29 | Epoch  39/100 | Train Loss 0.0381 | Val Loss 0.0660 MAE 1.0311 R2 0.2522
2026-09-02 01:52:31 | Epoch  40/100 | Train Loss 0.0377 | Val Loss 0.0651 MAE 1.0275 R2 0.2629
2026-09-02 01:52:31 |   Val R2 improved to 0.2629, model saved
2026-09-02 01:52:32 | Epoch  41/100 | Train Loss 0.0386 | Val Loss 0.0707 MAE 1.0684 R2 0.1959
2026-09-02 01:52:33 | Epoch  42/100 | Train Loss 0.0402 | Val Loss 0.0669 MAE 1.0412 R2 0.2397
2026-09-02 01:52:35 | Epoch  43/100 | Train Loss 0.0359 | Val Loss 0.0673 MAE 1.0384 R2 0.2367
2026-09-02 01:52:36 | Epoch  44/100 | Train Loss 0.0337 | Val Loss 0.0754 MAE 1.0889 R2 0.1412
2026-09-02 01:52:38 | Epoch  45/100 | Train Loss 0.0318 | Val Loss 0.0730 MAE 1.0706 R2 0.1694
2026-09-02 01:52:40 | Epoch  46/100 | Train Loss 0.0310 | Val Loss 0.0747 MAE 1.0812 R2 0.1500
2026-09-02 01:52:41 | Epoch  47/100 | Train Loss 0.0299 | Val Loss 0.0738 MAE 1.0797 R2 0.1596
2026-09-02 01:52:44 | Epoch  48/100 | Train Loss 0.0299 | Val Loss 0.0844 MAE 1.1457 R2 0.0378
2026-09-02 01:52:46 | Epoch  49/100 | Train Loss 0.0303 | Val Loss 0.0734 MAE 1.0767 R2 0.1640
2026-09-02 01:52:47 | Epoch  50/100 | Train Loss 0.0285 | Val Loss 0.0743 MAE 1.0828 R2 0.1538
2026-09-02 01:52:47 | Val R2 did not improve for 10 consecutive epochs, early stopping at Epoch 50 (best R2 0.2629 @ Epoch 40)
2026-09-02 01:52:48 | Run 2/5 | Test (best model @ Epoch 40) | Loss 0.0681 MAE 1.0400 R2 0.2754
2026-09-02 01:52:48 | ===== Run 3/5 (seed 2) =====
2026-09-02 01:52:49 | Epoch   1/100 | Train Loss 0.4177 | Val Loss 0.1105 MAE 1.4247 R2 -0.2886
2026-09-02 01:52:49 |   Val R2 improved to -0.2886, model saved
2026-09-02 01:52:51 | Epoch   2/100 | Train Loss 0.2692 | Val Loss 0.0981 MAE 1.2618 R2 -0.1399
2026-09-02 01:52:51 |   Val R2 improved to -0.1399, model saved
2026-09-02 01:52:53 | Epoch   3/100 | Train Loss 0.1950 | Val Loss 0.0965 MAE 1.3244 R2 -0.1202
2026-09-02 01:52:53 |   Val R2 improved to -0.1202, model saved
2026-09-02 01:52:55 | Epoch   4/100 | Train Loss 0.1518 | Val Loss 0.0911 MAE 1.2304 R2 -0.0472
2026-09-02 01:52:55 |   Val R2 improved to -0.0472, model saved
2026-09-02 01:52:56 | Epoch   5/100 | Train Loss 0.1258 | Val Loss 0.0900 MAE 1.2499 R2 -0.0247
2026-09-02 01:52:56 |   Val R2 improved to -0.0247, model saved
2026-09-02 01:52:57 | Epoch   6/100 | Train Loss 0.1076 | Val Loss 0.0912 MAE 1.2514 R2 -0.0207
2026-09-02 01:52:57 |   Val R2 improved to -0.0207, model saved
2026-09-02 01:52:58 | Epoch   7/100 | Train Loss 0.0982 | Val Loss 0.0904 MAE 1.2237 R2 0.0114
2026-09-02 01:52:58 |   Val R2 improved to 0.0114, model saved
2026-09-02 01:53:00 | Epoch   8/100 | Train Loss 0.0952 | Val Loss 0.0887 MAE 1.2029 R2 0.0332
2026-09-02 01:53:00 |   Val R2 improved to 0.0332, model saved
2026-09-02 01:53:02 | Epoch   9/100 | Train Loss 0.0934 | Val Loss 0.0889 MAE 1.2262 R2 0.0210
2026-09-02 01:53:03 | Epoch  10/100 | Train Loss 0.0915 | Val Loss 0.0865 MAE 1.1721 R2 0.0519
2026-09-02 01:53:03 |   Val R2 improved to 0.0519, model saved
2026-09-02 01:53:05 | Epoch  11/100 | Train Loss 0.0879 | Val Loss 0.0841 MAE 1.1656 R2 0.0721
2026-09-02 01:53:05 |   Val R2 improved to 0.0721, model saved
2026-09-02 01:53:07 | Epoch  12/100 | Train Loss 0.0869 | Val Loss 0.0831 MAE 1.1601 R2 0.0808
2026-09-02 01:53:07 |   Val R2 improved to 0.0808, model saved
2026-09-02 01:53:09 | Epoch  13/100 | Train Loss 0.0857 | Val Loss 0.0824 MAE 1.1553 R2 0.0864
2026-09-02 01:53:09 |   Val R2 improved to 0.0864, model saved
2026-09-02 01:53:10 | Epoch  14/100 | Train Loss 0.0836 | Val Loss 0.0840 MAE 1.1932 R2 0.0597
2026-09-02 01:53:12 | Epoch  15/100 | Train Loss 0.0860 | Val Loss 0.0852 MAE 1.1574 R2 0.0503
2026-09-02 01:53:13 | Epoch  16/100 | Train Loss 0.0838 | Val Loss 0.0836 MAE 1.1940 R2 0.0571
2026-09-02 01:53:15 | Epoch  17/100 | Train Loss 0.0807 | Val Loss 0.0802 MAE 1.1374 R2 0.1013
2026-09-02 01:53:15 |   Val R2 improved to 0.1013, model saved
2026-09-02 01:53:17 | Epoch  18/100 | Train Loss 0.0782 | Val Loss 0.0790 MAE 1.1455 R2 0.1111
2026-09-02 01:53:17 |   Val R2 improved to 0.1111, model saved
2026-09-02 01:53:18 | Epoch  19/100 | Train Loss 0.0762 | Val Loss 0.0783 MAE 1.1231 R2 0.1215
2026-09-02 01:53:18 |   Val R2 improved to 0.1215, model saved
2026-09-02 01:53:20 | Epoch  20/100 | Train Loss 0.0745 | Val Loss 0.0766 MAE 1.1193 R2 0.1384
2026-09-02 01:53:20 |   Val R2 improved to 0.1384, model saved
2026-09-02 01:53:22 | Epoch  21/100 | Train Loss 0.0742 | Val Loss 0.0754 MAE 1.1157 R2 0.1498
2026-09-02 01:53:22 |   Val R2 improved to 0.1498, model saved
2026-09-02 01:53:24 | Epoch  22/100 | Train Loss 0.0724 | Val Loss 0.0755 MAE 1.1202 R2 0.1461
2026-09-02 01:53:26 | Epoch  23/100 | Train Loss 0.0703 | Val Loss 0.0755 MAE 1.1197 R2 0.1458
2026-09-02 01:53:27 | Epoch  24/100 | Train Loss 0.0726 | Val Loss 0.0773 MAE 1.1104 R2 0.1278
2026-09-02 01:53:30 | Epoch  25/100 | Train Loss 0.0675 | Val Loss 0.0751 MAE 1.0969 R2 0.1533
2026-09-02 01:53:30 |   Val R2 improved to 0.1533, model saved
2026-09-02 01:53:32 | Epoch  26/100 | Train Loss 0.0677 | Val Loss 0.0723 MAE 1.0990 R2 0.1801
2026-09-02 01:53:32 |   Val R2 improved to 0.1801, model saved
2026-09-02 01:53:33 | Epoch  27/100 | Train Loss 0.0626 | Val Loss 0.0719 MAE 1.0774 R2 0.1872
2026-09-02 01:53:33 |   Val R2 improved to 0.1872, model saved
2026-09-02 01:53:35 | Epoch  28/100 | Train Loss 0.0601 | Val Loss 0.0711 MAE 1.0678 R2 0.1978
2026-09-02 01:53:35 |   Val R2 improved to 0.1978, model saved
2026-09-02 01:53:37 | Epoch  29/100 | Train Loss 0.0575 | Val Loss 0.0694 MAE 1.0664 R2 0.2160
2026-09-02 01:53:37 |   Val R2 improved to 0.2160, model saved
2026-09-02 01:53:39 | Epoch  30/100 | Train Loss 0.0575 | Val Loss 0.0685 MAE 1.0678 R2 0.2241
2026-09-02 01:53:39 |   Val R2 improved to 0.2241, model saved
2026-09-02 01:53:41 | Epoch  31/100 | Train Loss 0.0554 | Val Loss 0.0683 MAE 1.0569 R2 0.2269
2026-09-02 01:53:41 |   Val R2 improved to 0.2269, model saved
2026-09-02 01:53:43 | Epoch  32/100 | Train Loss 0.0542 | Val Loss 0.0688 MAE 1.0648 R2 0.2195
2026-09-02 01:53:45 | Epoch  33/100 | Train Loss 0.0521 | Val Loss 0.0684 MAE 1.0545 R2 0.2282
2026-09-02 01:53:45 |   Val R2 improved to 0.2282, model saved
2026-09-02 01:53:46 | Epoch  34/100 | Train Loss 0.0507 | Val Loss 0.0697 MAE 1.0710 R2 0.2085
2026-09-02 01:53:48 | Epoch  35/100 | Train Loss 0.0536 | Val Loss 0.0710 MAE 1.0667 R2 0.1954
2026-09-02 01:53:50 | Epoch  36/100 | Train Loss 0.0472 | Val Loss 0.0728 MAE 1.0679 R2 0.1795
2026-09-02 01:53:52 | Epoch  37/100 | Train Loss 0.0449 | Val Loss 0.0676 MAE 1.0474 R2 0.2339
2026-09-02 01:53:52 |   Val R2 improved to 0.2339, model saved
2026-09-02 01:53:54 | Epoch  38/100 | Train Loss 0.0446 | Val Loss 0.0673 MAE 1.0378 R2 0.2399
2026-09-02 01:53:54 |   Val R2 improved to 0.2399, model saved
2026-09-02 01:53:55 | Epoch  39/100 | Train Loss 0.0422 | Val Loss 0.0776 MAE 1.0990 R2 0.1240
2026-09-02 01:53:57 | Epoch  40/100 | Train Loss 0.0453 | Val Loss 0.0669 MAE 1.0370 R2 0.2441
2026-09-02 01:53:57 |   Val R2 improved to 0.2441, model saved
2026-09-02 01:53:59 | Epoch  41/100 | Train Loss 0.0406 | Val Loss 0.0712 MAE 1.0598 R2 0.1949
2026-09-02 01:54:01 | Epoch  42/100 | Train Loss 0.0382 | Val Loss 0.0658 MAE 1.0332 R2 0.2544
2026-09-02 01:54:01 |   Val R2 improved to 0.2544, model saved
2026-09-02 01:54:04 | Epoch  43/100 | Train Loss 0.0380 | Val Loss 0.0659 MAE 1.0277 R2 0.2528
2026-09-02 01:54:05 | Epoch  44/100 | Train Loss 0.0368 | Val Loss 0.0695 MAE 1.0555 R2 0.2115
2026-09-02 01:54:07 | Epoch  45/100 | Train Loss 0.0357 | Val Loss 0.0662 MAE 1.0275 R2 0.2496
2026-09-02 01:54:09 | Epoch  46/100 | Train Loss 0.0355 | Val Loss 0.0778 MAE 1.0993 R2 0.1160
2026-09-02 01:54:11 | Epoch  47/100 | Train Loss 0.0362 | Val Loss 0.0652 MAE 1.0252 R2 0.2606
2026-09-02 01:54:11 |   Val R2 improved to 0.2606, model saved
2026-09-02 01:54:13 | Epoch  48/100 | Train Loss 0.0360 | Val Loss 0.0649 MAE 1.0203 R2 0.2641
2026-09-02 01:54:13 |   Val R2 improved to 0.2641, model saved
2026-09-02 01:54:15 | Epoch  49/100 | Train Loss 0.0342 | Val Loss 0.0675 MAE 1.0293 R2 0.2353
2026-09-02 01:54:16 | Epoch  50/100 | Train Loss 0.0310 | Val Loss 0.0770 MAE 1.0903 R2 0.1247
2026-09-02 01:54:19 | Epoch  51/100 | Train Loss 0.0306 | Val Loss 0.0711 MAE 1.0554 R2 0.1934
2026-09-02 01:54:20 | Epoch  52/100 | Train Loss 0.0302 | Val Loss 0.0728 MAE 1.0668 R2 0.1744
2026-09-02 01:54:22 | Epoch  53/100 | Train Loss 0.0288 | Val Loss 0.0831 MAE 1.1333 R2 0.0554
2026-09-02 01:54:23 | Epoch  54/100 | Train Loss 0.0303 | Val Loss 0.0678 MAE 1.0339 R2 0.2303
2026-09-02 01:54:25 | Epoch  55/100 | Train Loss 0.0292 | Val Loss 0.0658 MAE 1.0195 R2 0.2540
2026-09-02 01:54:27 | Epoch  56/100 | Train Loss 0.0277 | Val Loss 0.0653 MAE 1.0211 R2 0.2576
2026-09-02 01:54:29 | Epoch  57/100 | Train Loss 0.0263 | Val Loss 0.0701 MAE 1.0526 R2 0.2026
2026-09-02 01:54:31 | Epoch  58/100 | Train Loss 0.0253 | Val Loss 0.0674 MAE 1.0364 R2 0.2321
2026-09-02 01:54:31 | Val R2 did not improve for 10 consecutive epochs, early stopping at Epoch 58 (best R2 0.2641 @ Epoch 48)
2026-09-02 01:54:31 | Run 3/5 | Test (best model @ Epoch 48) | Loss 0.0695 MAE 1.0577 R2 0.2596
2026-09-02 01:54:31 | ===== Run 4/5 (seed 3) =====
2026-09-02 01:54:33 | Epoch   1/100 | Train Loss 0.4147 | Val Loss 0.1053 MAE 1.3961 R2 -0.2281
2026-09-02 01:54:33 |   Val R2 improved to -0.2281, model saved
2026-09-02 01:54:35 | Epoch   2/100 | Train Loss 0.2689 | Val Loss 0.0901 MAE 1.2320 R2 -0.0481
2026-09-02 01:54:35 |   Val R2 improved to -0.0481, model saved
2026-09-02 01:54:36 | Epoch   3/100 | Train Loss 0.2007 | Val Loss 0.0890 MAE 1.2631 R2 -0.0337
2026-09-02 01:54:36 |   Val R2 improved to -0.0337, model saved
2026-09-02 01:54:38 | Epoch   4/100 | Train Loss 0.1475 | Val Loss 0.0876 MAE 1.2284 R2 -0.0115
2026-09-02 01:54:38 |   Val R2 improved to -0.0115, model saved
2026-09-02 01:54:39 | Epoch   5/100 | Train Loss 0.1212 | Val Loss 0.0885 MAE 1.2474 R2 -0.0142
2026-09-02 01:54:40 | Epoch   6/100 | Train Loss 0.1059 | Val Loss 0.0893 MAE 1.2159 R2 0.0001
2026-09-02 01:54:40 |   Val R2 improved to 0.0001, model saved
2026-09-02 01:54:42 | Epoch   7/100 | Train Loss 0.0983 | Val Loss 0.0907 MAE 1.2393 R2 0.0044
2026-09-02 01:54:42 |   Val R2 improved to 0.0044, model saved
2026-09-02 01:54:44 | Epoch   8/100 | Train Loss 0.0941 | Val Loss 0.0929 MAE 1.2024 R2 -0.0081
2026-09-02 01:54:45 | Epoch   9/100 | Train Loss 0.0940 | Val Loss 0.0871 MAE 1.2181 R2 0.0313
2026-09-02 01:54:45 |   Val R2 improved to 0.0313, model saved
2026-09-02 01:54:47 | Epoch  10/100 | Train Loss 0.0906 | Val Loss 0.0852 MAE 1.1921 R2 0.0471
2026-09-02 01:54:47 |   Val R2 improved to 0.0471, model saved
2026-09-02 01:54:49 | Epoch  11/100 | Train Loss 0.0880 | Val Loss 0.0840 MAE 1.1826 R2 0.0588
2026-09-02 01:54:49 |   Val R2 improved to 0.0588, model saved
2026-09-02 01:54:50 | Epoch  12/100 | Train Loss 0.0876 | Val Loss 0.0846 MAE 1.2036 R2 0.0474
2026-09-02 01:54:52 | Epoch  13/100 | Train Loss 0.0854 | Val Loss 0.0829 MAE 1.1596 R2 0.0731
2026-09-02 01:54:52 |   Val R2 improved to 0.0731, model saved
2026-09-02 01:54:54 | Epoch  14/100 | Train Loss 0.0839 | Val Loss 0.0821 MAE 1.1798 R2 0.0759
2026-09-02 01:54:54 |   Val R2 improved to 0.0759, model saved
2026-09-02 01:54:56 | Epoch  15/100 | Train Loss 0.0815 | Val Loss 0.0808 MAE 1.1514 R2 0.0916
2026-09-02 01:54:56 |   Val R2 improved to 0.0916, model saved
2026-09-02 01:54:57 | Epoch  16/100 | Train Loss 0.0821 | Val Loss 0.0814 MAE 1.1467 R2 0.0828
2026-09-02 01:54:59 | Epoch  17/100 | Train Loss 0.0804 | Val Loss 0.0787 MAE 1.1552 R2 0.1069
2026-09-02 01:54:59 |   Val R2 improved to 0.1069, model saved
2026-09-02 01:55:01 | Epoch  18/100 | Train Loss 0.0786 | Val Loss 0.0828 MAE 1.2047 R2 0.0533
2026-09-02 01:55:03 | Epoch  19/100 | Train Loss 0.0799 | Val Loss 0.0793 MAE 1.1755 R2 0.0945
2026-09-02 01:55:04 | Epoch  20/100 | Train Loss 0.0760 | Val Loss 0.0767 MAE 1.1251 R2 0.1278
2026-09-02 01:55:04 |   Val R2 improved to 0.1278, model saved
2026-09-02 01:55:05 | Epoch  21/100 | Train Loss 0.0749 | Val Loss 0.0821 MAE 1.1418 R2 0.0683
2026-09-02 01:55:07 | Epoch  22/100 | Train Loss 0.0742 | Val Loss 0.0757 MAE 1.1173 R2 0.1382
2026-09-02 01:55:07 |   Val R2 improved to 0.1382, model saved
2026-09-02 01:55:08 | Epoch  23/100 | Train Loss 0.0709 | Val Loss 0.0733 MAE 1.1185 R2 0.1626
2026-09-02 01:55:08 |   Val R2 improved to 0.1626, model saved
2026-09-02 01:55:10 | Epoch  24/100 | Train Loss 0.0685 | Val Loss 0.0751 MAE 1.1054 R2 0.1473
2026-09-02 01:55:12 | Epoch  25/100 | Train Loss 0.0666 | Val Loss 0.0727 MAE 1.0888 R2 0.1744
2026-09-02 01:55:12 |   Val R2 improved to 0.1744, model saved
2026-09-02 01:55:13 | Epoch  26/100 | Train Loss 0.0646 | Val Loss 0.0707 MAE 1.0805 R2 0.1974
2026-09-02 01:55:13 |   Val R2 improved to 0.1974, model saved
2026-09-02 01:55:15 | Epoch  27/100 | Train Loss 0.0612 | Val Loss 0.0701 MAE 1.0749 R2 0.2044
2026-09-02 01:55:15 |   Val R2 improved to 0.2044, model saved
2026-09-02 01:55:17 | Epoch  28/100 | Train Loss 0.0583 | Val Loss 0.0713 MAE 1.1001 R2 0.1861
2026-09-02 01:55:19 | Epoch  29/100 | Train Loss 0.0600 | Val Loss 0.0677 MAE 1.0590 R2 0.2290
2026-09-02 01:55:19 |   Val R2 improved to 0.2290, model saved
2026-09-02 01:55:21 | Epoch  30/100 | Train Loss 0.0552 | Val Loss 0.0774 MAE 1.1111 R2 0.1219
2026-09-02 01:55:22 | Epoch  31/100 | Train Loss 0.0530 | Val Loss 0.0742 MAE 1.0949 R2 0.1564
2026-09-02 01:55:24 | Epoch  32/100 | Train Loss 0.0532 | Val Loss 0.0685 MAE 1.0567 R2 0.2235
2026-09-02 01:55:26 | Epoch  33/100 | Train Loss 0.0495 | Val Loss 0.0695 MAE 1.0614 R2 0.2119
2026-09-02 01:55:27 | Epoch  34/100 | Train Loss 0.0490 | Val Loss 0.0721 MAE 1.0760 R2 0.1825
2026-09-02 01:55:29 | Epoch  35/100 | Train Loss 0.0459 | Val Loss 0.0671 MAE 1.0477 R2 0.2392
2026-09-02 01:55:29 |   Val R2 improved to 0.2392, model saved
2026-09-02 01:55:31 | Epoch  36/100 | Train Loss 0.0457 | Val Loss 0.0691 MAE 1.0574 R2 0.2144
2026-09-02 01:55:33 | Epoch  37/100 | Train Loss 0.0441 | Val Loss 0.0838 MAE 1.1430 R2 0.0472
2026-09-02 01:55:34 | Epoch  38/100 | Train Loss 0.0472 | Val Loss 0.0754 MAE 1.0941 R2 0.1410
2026-09-02 01:55:36 | Epoch  39/100 | Train Loss 0.0427 | Val Loss 0.0735 MAE 1.0860 R2 0.1649
2026-09-02 01:55:37 | Epoch  40/100 | Train Loss 0.0400 | Val Loss 0.0665 MAE 1.0364 R2 0.2430
2026-09-02 01:55:37 |   Val R2 improved to 0.2430, model saved
2026-09-02 01:55:39 | Epoch  41/100 | Train Loss 0.0385 | Val Loss 0.0667 MAE 1.0381 R2 0.2414
2026-09-02 01:55:40 | Epoch  42/100 | Train Loss 0.0377 | Val Loss 0.0868 MAE 1.1667 R2 0.0088
2026-09-02 01:55:41 | Epoch  43/100 | Train Loss 0.0427 | Val Loss 0.0727 MAE 1.0763 R2 0.1718
2026-09-02 01:55:42 | Epoch  44/100 | Train Loss 0.0377 | Val Loss 0.0670 MAE 1.0405 R2 0.2355
2026-09-02 01:55:44 | Epoch  45/100 | Train Loss 0.0355 | Val Loss 0.0679 MAE 1.0429 R2 0.2261
2026-09-02 01:55:45 | Epoch  46/100 | Train Loss 0.0340 | Val Loss 0.0729 MAE 1.0768 R2 0.1678
2026-09-02 01:55:47 | Epoch  47/100 | Train Loss 0.0333 | Val Loss 0.0709 MAE 1.0618 R2 0.1927
2026-09-02 01:55:48 | Epoch  48/100 | Train Loss 0.0324 | Val Loss 0.0706 MAE 1.0583 R2 0.1963
2026-09-02 01:55:50 | Epoch  49/100 | Train Loss 0.0303 | Val Loss 0.0746 MAE 1.0842 R2 0.1503
2026-09-02 01:55:51 | Epoch  50/100 | Train Loss 0.0296 | Val Loss 0.0705 MAE 1.0585 R2 0.1965
2026-09-02 01:55:51 | Val R2 did not improve for 10 consecutive epochs, early stopping at Epoch 50 (best R2 0.2430 @ Epoch 40)
2026-09-02 01:55:51 | Run 4/5 | Test (best model @ Epoch 40) | Loss 0.0725 MAE 1.0809 R2 0.2242
2026-09-02 01:55:51 | ===== Run 5/5 (seed 4) =====
2026-09-02 01:55:53 | Epoch   1/100 | Train Loss 0.4299 | Val Loss 0.1029 MAE 1.3735 R2 -0.1999
2026-09-02 01:55:53 |   Val R2 improved to -0.1999, model saved
2026-09-02 01:55:55 | Epoch   2/100 | Train Loss 0.2741 | Val Loss 0.0909 MAE 1.2363 R2 -0.0571
2026-09-02 01:55:55 |   Val R2 improved to -0.0571, model saved
2026-09-02 01:55:56 | Epoch   3/100 | Train Loss 0.1944 | Val Loss 0.0896 MAE 1.2643 R2 -0.0392
2026-09-02 01:55:56 |   Val R2 improved to -0.0392, model saved
2026-09-02 01:55:57 | Epoch   4/100 | Train Loss 0.1489 | Val Loss 0.0885 MAE 1.2276 R2 -0.0191
2026-09-02 01:55:57 |   Val R2 improved to -0.0191, model saved
2026-09-02 01:55:59 | Epoch   5/100 | Train Loss 0.1203 | Val Loss 0.0907 MAE 1.2637 R2 -0.0321
2026-09-02 01:56:00 | Epoch   6/100 | Train Loss 0.1055 | Val Loss 0.0911 MAE 1.2483 R2 -0.0115
2026-09-02 01:56:00 |   Val R2 improved to -0.0115, model saved
2026-09-02 01:56:01 | Epoch   7/100 | Train Loss 0.0979 | Val Loss 0.0902 MAE 1.2091 R2 0.0198
2026-09-02 01:56:01 |   Val R2 improved to 0.0198, model saved
2026-09-02 01:56:03 | Epoch   8/100 | Train Loss 0.0943 | Val Loss 0.0889 MAE 1.1989 R2 0.0329
2026-09-02 01:56:03 |   Val R2 improved to 0.0329, model saved
2026-09-02 01:56:04 | Epoch   9/100 | Train Loss 0.0913 | Val Loss 0.0876 MAE 1.2076 R2 0.0402
2026-09-02 01:56:04 |   Val R2 improved to 0.0402, model saved
2026-09-02 01:56:05 | Epoch  10/100 | Train Loss 0.0914 | Val Loss 0.0887 MAE 1.1783 R2 0.0252
2026-09-02 01:56:07 | Epoch  11/100 | Train Loss 0.0888 | Val Loss 0.0839 MAE 1.1706 R2 0.0692
2026-09-02 01:56:07 |   Val R2 improved to 0.0692, model saved
2026-09-02 01:56:08 | Epoch  12/100 | Train Loss 0.0867 | Val Loss 0.0830 MAE 1.1600 R2 0.0789
2026-09-02 01:56:08 |   Val R2 improved to 0.0789, model saved
2026-09-02 01:56:09 | Epoch  13/100 | Train Loss 0.0858 | Val Loss 0.0832 MAE 1.1529 R2 0.0769
2026-09-02 01:56:11 | Epoch  14/100 | Train Loss 0.0832 | Val Loss 0.0814 MAE 1.1508 R2 0.0926
2026-09-02 01:56:11 |   Val R2 improved to 0.0926, model saved
2026-09-02 01:56:12 | Epoch  15/100 | Train Loss 0.0819 | Val Loss 0.0805 MAE 1.1574 R2 0.0977
2026-09-02 01:56:12 |   Val R2 improved to 0.0977, model saved
2026-09-02 01:56:14 | Epoch  16/100 | Train Loss 0.0809 | Val Loss 0.0797 MAE 1.1459 R2 0.1047
2026-09-02 01:56:14 |   Val R2 improved to 0.1047, model saved
2026-09-02 01:56:15 | Epoch  17/100 | Train Loss 0.0780 | Val Loss 0.0799 MAE 1.1342 R2 0.1036
2026-09-02 01:56:17 | Epoch  18/100 | Train Loss 0.0794 | Val Loss 0.0785 MAE 1.1299 R2 0.1182
2026-09-02 01:56:17 |   Val R2 improved to 0.1182, model saved
2026-09-02 01:56:18 | Epoch  19/100 | Train Loss 0.0783 | Val Loss 0.0810 MAE 1.1379 R2 0.0864
2026-09-02 01:56:20 | Epoch  20/100 | Train Loss 0.0759 | Val Loss 0.0782 MAE 1.1466 R2 0.1139
2026-09-02 01:56:21 | Epoch  21/100 | Train Loss 0.0747 | Val Loss 0.0818 MAE 1.1343 R2 0.0770
2026-09-02 01:56:22 | Epoch  22/100 | Train Loss 0.0720 | Val Loss 0.0747 MAE 1.1114 R2 0.1550
2026-09-02 01:56:22 |   Val R2 improved to 0.1550, model saved
2026-09-02 01:56:24 | Epoch  23/100 | Train Loss 0.0698 | Val Loss 0.0782 MAE 1.1145 R2 0.1179
2026-09-02 01:56:25 | Epoch  24/100 | Train Loss 0.0677 | Val Loss 0.0732 MAE 1.1000 R2 0.1722
2026-09-02 01:56:25 |   Val R2 improved to 0.1722, model saved
2026-09-02 01:56:27 | Epoch  25/100 | Train Loss 0.0651 | Val Loss 0.0742 MAE 1.1089 R2 0.1597
2026-09-02 01:56:28 | Epoch  26/100 | Train Loss 0.0659 | Val Loss 0.0836 MAE 1.1489 R2 0.0535
2026-09-02 01:56:29 | Epoch  27/100 | Train Loss 0.0646 | Val Loss 0.0722 MAE 1.0967 R2 0.1808
2026-09-02 01:56:30 |   Val R2 improved to 0.1808, model saved
2026-09-02 01:56:31 | Epoch  28/100 | Train Loss 0.0626 | Val Loss 0.0705 MAE 1.0725 R2 0.2029
2026-09-02 01:56:31 |   Val R2 improved to 0.2029, model saved
2026-09-02 01:56:32 | Epoch  29/100 | Train Loss 0.0592 | Val Loss 0.0701 MAE 1.0664 R2 0.2090
2026-09-02 01:56:32 |   Val R2 improved to 0.2090, model saved
2026-09-02 01:56:34 | Epoch  30/100 | Train Loss 0.0553 | Val Loss 0.0704 MAE 1.0663 R2 0.2065
2026-09-02 01:56:35 | Epoch  31/100 | Train Loss 0.0550 | Val Loss 0.0688 MAE 1.0555 R2 0.2246
2026-09-02 01:56:35 |   Val R2 improved to 0.2246, model saved
2026-09-02 01:56:36 | Epoch  32/100 | Train Loss 0.0527 | Val Loss 0.0692 MAE 1.0572 R2 0.2224
2026-09-02 01:56:38 | Epoch  33/100 | Train Loss 0.0520 | Val Loss 0.0701 MAE 1.0601 R2 0.2098
2026-09-02 01:56:39 | Epoch  34/100 | Train Loss 0.0529 | Val Loss 0.0685 MAE 1.0559 R2 0.2269
2026-09-02 01:56:39 |   Val R2 improved to 0.2269, model saved
2026-09-02 01:56:41 | Epoch  35/100 | Train Loss 0.0491 | Val Loss 0.0684 MAE 1.0485 R2 0.2274
2026-09-02 01:56:41 |   Val R2 improved to 0.2274, model saved
2026-09-02 01:56:42 | Epoch  36/100 | Train Loss 0.0468 | Val Loss 0.0679 MAE 1.0530 R2 0.2319
2026-09-02 01:56:42 |   Val R2 improved to 0.2319, model saved
2026-09-02 01:56:44 | Epoch  37/100 | Train Loss 0.0466 | Val Loss 0.0681 MAE 1.0495 R2 0.2305
2026-09-02 01:56:45 | Epoch  38/100 | Train Loss 0.0438 | Val Loss 0.0695 MAE 1.0531 R2 0.2178
2026-09-02 01:56:46 | Epoch  39/100 | Train Loss 0.0438 | Val Loss 0.0682 MAE 1.0507 R2 0.2301
2026-09-02 01:56:48 | Epoch  40/100 | Train Loss 0.0422 | Val Loss 0.0739 MAE 1.0779 R2 0.1659
2026-09-02 01:56:49 | Epoch  41/100 | Train Loss 0.0415 | Val Loss 0.0762 MAE 1.0928 R2 0.1387
2026-09-02 01:56:51 | Epoch  42/100 | Train Loss 0.0415 | Val Loss 0.0707 MAE 1.0584 R2 0.2007
2026-09-02 01:56:52 | Epoch  43/100 | Train Loss 0.0386 | Val Loss 0.0704 MAE 1.0572 R2 0.2029
2026-09-02 01:56:54 | Epoch  44/100 | Train Loss 0.0378 | Val Loss 0.0697 MAE 1.0516 R2 0.2136
2026-09-02 01:56:55 | Epoch  45/100 | Train Loss 0.0368 | Val Loss 0.0698 MAE 1.0548 R2 0.2101
2026-09-02 01:56:56 | Epoch  46/100 | Train Loss 0.0363 | Val Loss 0.0765 MAE 1.0888 R2 0.1329
2026-09-02 01:56:56 | Val R2 did not improve for 10 consecutive epochs, early stopping at Epoch 46 (best R2 0.2319 @ Epoch 36)
2026-09-02 01:56:57 | Run 5/5 | Test (best model @ Epoch 36) | Loss 0.0719 MAE 1.0787 R2 0.2356
2026-09-02 01:56:57 | Average over 5 runs | Test Loss 0.0700±0.0021 MAE 1.0591±0.0204 R2 0.2543±0.0236
