2026-08-27 17:26:15 | Device: cuda
2026-08-27 17:26:15 | Args: {'model': 'fgib', 'backbone': 'rnn', 'task': 'stsb', 'epochs': 100, 'batch_size': 512, 'lr': 0.001, 'hidden_dims': [512, 256], 'dropout': 0.2, 'z_dim': 256, 'anchor_scale': 14.0, 'max_len': 250, 'random_labels': False, 'beta': 1.0, 'patience': 10, 'runs': 5, 'seed': 0, 'data_dir': './data', 'save_path': 'output/stsb_rnn_fgib/stsb_rnn_fgib.pt', 'log_path': '/root/autodl-tmp/FGIB/tune_results/stsb_rnn_fgib_beta_1_anchor_14/train.log', 'no_save': True}
2026-08-27 17:26:15 | STS-B 预处理缓存：mmap 共享 ./data/stsb/stsb_processed_maxlen250
2026-08-27 17:26:16 | ===== Run 1/5 (seed 0) =====
2026-08-27 17:26:38 | Epoch   1/100 | Train Loss 90.7113 | Val Loss 81.1313 MAE 1.5197 R2 -0.7089
2026-08-27 17:26:39 |   Val R2 improved to -0.7089, model saved
2026-08-27 17:26:55 | Epoch   2/100 | Train Loss 81.2003 | Val Loss 79.5142 MAE 1.3495 R2 -0.1498
2026-08-27 17:26:57 |   Val R2 improved to -0.1498, model saved
2026-08-27 17:27:12 | Epoch   3/100 | Train Loss 80.1575 | Val Loss 78.9394 MAE 1.2737 R2 -0.0476
2026-08-27 17:27:14 |   Val R2 improved to -0.0476, model saved
2026-08-27 17:27:30 | Epoch   4/100 | Train Loss 79.5922 | Val Loss 78.7725 MAE 1.2312 R2 -0.0312
2026-08-27 17:27:31 |   Val R2 improved to -0.0312, model saved
2026-08-27 17:27:47 | Epoch   5/100 | Train Loss 79.1101 | Val Loss 78.4791 MAE 1.2509 R2 -0.0329
2026-08-27 17:28:03 | Epoch   6/100 | Train Loss 78.5021 | Val Loss 78.1927 MAE 1.2573 R2 -0.0456
2026-08-27 17:28:19 | Epoch   7/100 | Train Loss 78.0379 | Val Loss 77.7143 MAE 1.2199 R2 -0.0011
2026-08-27 17:28:21 |   Val R2 improved to -0.0011, model saved
2026-08-27 17:28:37 | Epoch   8/100 | Train Loss 77.5938 | Val Loss 77.4671 MAE 1.2124 R2 -0.0062
2026-08-27 17:28:52 | Epoch   9/100 | Train Loss 77.0600 | Val Loss 77.2900 MAE 1.2172 R2 0.0020
2026-08-27 17:28:54 |   Val R2 improved to 0.0020, model saved
2026-08-27 17:29:09 | Epoch  10/100 | Train Loss 76.6042 | Val Loss 77.1063 MAE 1.2092 R2 0.0118
2026-08-27 17:29:10 |   Val R2 improved to 0.0118, model saved
2026-08-27 17:29:27 | Epoch  11/100 | Train Loss 76.3848 | Val Loss 77.0515 MAE 1.2030 R2 0.0135
2026-08-27 17:29:28 |   Val R2 improved to 0.0135, model saved
2026-08-27 17:29:45 | Epoch  12/100 | Train Loss 75.8045 | Val Loss 76.8549 MAE 1.2152 R2 0.0155
2026-08-27 17:29:46 |   Val R2 improved to 0.0155, model saved
2026-08-27 17:30:02 | Epoch  13/100 | Train Loss 75.4366 | Val Loss 76.9453 MAE 1.1926 R2 0.0259
2026-08-27 17:30:03 |   Val R2 improved to 0.0259, model saved
2026-08-27 17:30:19 | Epoch  14/100 | Train Loss 75.1085 | Val Loss 76.6404 MAE 1.1976 R2 0.0376
2026-08-27 17:30:20 |   Val R2 improved to 0.0376, model saved
2026-08-27 17:30:35 | Epoch  15/100 | Train Loss 74.6324 | Val Loss 76.6585 MAE 1.2146 R2 0.0134
2026-08-27 17:30:52 | Epoch  16/100 | Train Loss 74.2901 | Val Loss 76.7148 MAE 1.1900 R2 0.0432
2026-08-27 17:30:53 |   Val R2 improved to 0.0432, model saved
2026-08-27 17:31:08 | Epoch  17/100 | Train Loss 73.7900 | Val Loss 76.4460 MAE 1.1693 R2 0.0610
2026-08-27 17:31:10 |   Val R2 improved to 0.0610, model saved
2026-08-27 17:31:25 | Epoch  18/100 | Train Loss 73.0381 | Val Loss 76.8488 MAE 1.1663 R2 0.0465
2026-08-27 17:31:40 | Epoch  19/100 | Train Loss 72.5484 | Val Loss 76.2642 MAE 1.1641 R2 0.0782
2026-08-27 17:31:41 |   Val R2 improved to 0.0782, model saved
2026-08-27 17:31:58 | Epoch  20/100 | Train Loss 71.8666 | Val Loss 76.6134 MAE 1.1686 R2 0.0624
2026-08-27 17:32:15 | Epoch  21/100 | Train Loss 71.2691 | Val Loss 76.0295 MAE 1.1576 R2 0.0918
2026-08-27 17:32:16 |   Val R2 improved to 0.0918, model saved
2026-08-27 17:32:32 | Epoch  22/100 | Train Loss 70.6794 | Val Loss 75.8926 MAE 1.1376 R2 0.1165
2026-08-27 17:32:33 |   Val R2 improved to 0.1165, model saved
2026-08-27 17:32:49 | Epoch  23/100 | Train Loss 69.7453 | Val Loss 76.3947 MAE 1.1263 R2 0.1162
2026-08-27 17:33:05 | Epoch  24/100 | Train Loss 68.9503 | Val Loss 76.3254 MAE 1.1236 R2 0.1167
2026-08-27 17:33:06 |   Val R2 improved to 0.1167, model saved
2026-08-27 17:33:22 | Epoch  25/100 | Train Loss 68.4874 | Val Loss 76.3630 MAE 1.1179 R2 0.1318
2026-08-27 17:33:23 |   Val R2 improved to 0.1318, model saved
2026-08-27 17:33:39 | Epoch  26/100 | Train Loss 67.9377 | Val Loss 76.2050 MAE 1.1162 R2 0.1254
2026-08-27 17:33:55 | Epoch  27/100 | Train Loss 66.7102 | Val Loss 75.9417 MAE 1.1153 R2 0.1415
2026-08-27 17:33:56 |   Val R2 improved to 0.1415, model saved
2026-08-27 17:34:12 | Epoch  28/100 | Train Loss 66.5860 | Val Loss 76.0228 MAE 1.1092 R2 0.1494
2026-08-27 17:34:14 |   Val R2 improved to 0.1494, model saved
2026-08-27 17:34:29 | Epoch  29/100 | Train Loss 65.3347 | Val Loss 76.4641 MAE 1.0973 R2 0.1640
2026-08-27 17:34:31 |   Val R2 improved to 0.1640, model saved
2026-08-27 17:34:46 | Epoch  30/100 | Train Loss 64.3197 | Val Loss 76.1352 MAE 1.1081 R2 0.1457
2026-08-27 17:35:02 | Epoch  31/100 | Train Loss 63.6540 | Val Loss 76.8420 MAE 1.0998 R2 0.1548
2026-08-27 17:35:17 | Epoch  32/100 | Train Loss 62.6319 | Val Loss 77.8596 MAE 1.0957 R2 0.1504
2026-08-27 17:35:32 | Epoch  33/100 | Train Loss 62.0040 | Val Loss 76.8611 MAE 1.0931 R2 0.1636
2026-08-27 17:35:48 | Epoch  34/100 | Train Loss 61.1777 | Val Loss 76.8803 MAE 1.1006 R2 0.1579
2026-08-27 17:36:04 | Epoch  35/100 | Train Loss 60.0211 | Val Loss 77.1518 MAE 1.0933 R2 0.1642
2026-08-27 17:36:05 |   Val R2 improved to 0.1642, model saved
2026-08-27 17:36:21 | Epoch  36/100 | Train Loss 59.1171 | Val Loss 77.1548 MAE 1.0840 R2 0.1692
2026-08-27 17:36:22 |   Val R2 improved to 0.1692, model saved
2026-08-27 17:36:38 | Epoch  37/100 | Train Loss 57.8500 | Val Loss 77.2896 MAE 1.0869 R2 0.1672
2026-08-27 17:36:53 | Epoch  38/100 | Train Loss 56.7432 | Val Loss 78.4648 MAE 1.0912 R2 0.1537
2026-08-27 17:37:09 | Epoch  39/100 | Train Loss 56.4335 | Val Loss 79.1080 MAE 1.1030 R2 0.1405
2026-08-27 17:37:24 | Epoch  40/100 | Train Loss 55.4307 | Val Loss 78.3146 MAE 1.0835 R2 0.1588
2026-08-27 17:37:41 | Epoch  41/100 | Train Loss 54.1167 | Val Loss 78.6433 MAE 1.1007 R2 0.1387
2026-08-27 17:37:57 | Epoch  42/100 | Train Loss 53.2283 | Val Loss 80.1217 MAE 1.1126 R2 0.1041
2026-08-27 17:38:13 | Epoch  43/100 | Train Loss 52.3522 | Val Loss 80.0858 MAE 1.0805 R2 0.1677
2026-08-27 17:38:29 | Epoch  44/100 | Train Loss 51.6061 | Val Loss 79.5987 MAE 1.1033 R2 0.1286
2026-08-27 17:38:46 | Epoch  45/100 | Train Loss 50.3779 | Val Loss 80.6699 MAE 1.0927 R2 0.1494
2026-08-27 17:39:02 | Epoch  46/100 | Train Loss 50.7402 | Val Loss 80.2961 MAE 1.1016 R2 0.1268
2026-08-27 17:39:02 | Val R2 did not improve for 10 consecutive epochs, early stopping at Epoch 46 (best R2 0.1692 @ Epoch 36)
2026-08-27 17:39:05 | Run 1/5 | Test (best model @ Epoch 36) | Loss 77.9009 MAE 1.1369 R2 0.1525
2026-08-27 17:39:05 | ===== Run 2/5 (seed 1) =====
2026-08-27 17:39:22 | Epoch   1/100 | Train Loss 89.1977 | Val Loss 78.7780 MAE 1.8303 R2 -1.3928
2026-08-27 17:39:23 |   Val R2 improved to -1.3928, model saved
2026-08-27 17:39:38 | Epoch   2/100 | Train Loss 78.7732 | Val Loss 76.9855 MAE 1.4385 R2 -0.3055
2026-08-27 17:39:39 |   Val R2 improved to -0.3055, model saved
2026-08-27 17:39:55 | Epoch   3/100 | Train Loss 77.4424 | Val Loss 76.2349 MAE 1.2874 R2 -0.0657
2026-08-27 17:39:56 |   Val R2 improved to -0.0657, model saved
2026-08-27 17:40:12 | Epoch   4/100 | Train Loss 76.8630 | Val Loss 76.0597 MAE 1.2368 R2 -0.0413
2026-08-27 17:40:14 |   Val R2 improved to -0.0413, model saved
2026-08-27 17:40:29 | Epoch   5/100 | Train Loss 76.3190 | Val Loss 75.8303 MAE 1.2481 R2 -0.0250
2026-08-27 17:40:31 |   Val R2 improved to -0.0250, model saved
2026-08-27 17:40:46 | Epoch   6/100 | Train Loss 75.7458 | Val Loss 75.2287 MAE 1.2349 R2 -0.0117
2026-08-27 17:40:48 |   Val R2 improved to -0.0117, model saved
2026-08-27 17:41:03 | Epoch   7/100 | Train Loss 75.2681 | Val Loss 75.1315 MAE 1.2338 R2 -0.0092
2026-08-27 17:41:04 |   Val R2 improved to -0.0092, model saved
2026-08-27 17:41:20 | Epoch   8/100 | Train Loss 74.8512 | Val Loss 74.8289 MAE 1.2196 R2 -0.0051
2026-08-27 17:41:21 |   Val R2 improved to -0.0051, model saved
2026-08-27 17:41:39 | Epoch   9/100 | Train Loss 74.3848 | Val Loss 74.6968 MAE 1.2184 R2 -0.0004
2026-08-27 17:41:40 |   Val R2 improved to -0.0004, model saved
2026-08-27 17:41:55 | Epoch  10/100 | Train Loss 74.0938 | Val Loss 74.7530 MAE 1.2317 R2 0.0005
2026-08-27 17:41:57 |   Val R2 improved to 0.0005, model saved
2026-08-27 17:42:13 | Epoch  11/100 | Train Loss 73.8297 | Val Loss 74.2814 MAE 1.2055 R2 0.0251
2026-08-27 17:42:15 |   Val R2 improved to 0.0251, model saved
2026-08-27 17:42:31 | Epoch  12/100 | Train Loss 73.2799 | Val Loss 74.4048 MAE 1.2042 R2 0.0306
2026-08-27 17:42:33 |   Val R2 improved to 0.0306, model saved
2026-08-27 17:42:48 | Epoch  13/100 | Train Loss 72.8247 | Val Loss 74.0822 MAE 1.2015 R2 0.0341
2026-08-27 17:42:50 |   Val R2 improved to 0.0341, model saved
2026-08-27 17:43:05 | Epoch  14/100 | Train Loss 72.4418 | Val Loss 74.1901 MAE 1.1960 R2 0.0466
2026-08-27 17:43:06 |   Val R2 improved to 0.0466, model saved
2026-08-27 17:43:22 | Epoch  15/100 | Train Loss 72.0542 | Val Loss 73.8744 MAE 1.2000 R2 0.0424
2026-08-27 17:43:38 | Epoch  16/100 | Train Loss 71.7125 | Val Loss 74.1276 MAE 1.1794 R2 0.0514
2026-08-27 17:43:40 |   Val R2 improved to 0.0514, model saved
2026-08-27 17:43:55 | Epoch  17/100 | Train Loss 71.3022 | Val Loss 73.6629 MAE 1.1795 R2 0.0716
2026-08-27 17:43:56 |   Val R2 improved to 0.0716, model saved
2026-08-27 17:44:12 | Epoch  18/100 | Train Loss 70.7140 | Val Loss 73.3120 MAE 1.1718 R2 0.0846
2026-08-27 17:44:13 |   Val R2 improved to 0.0846, model saved
2026-08-27 17:44:30 | Epoch  19/100 | Train Loss 70.2908 | Val Loss 73.3096 MAE 1.1613 R2 0.0938
2026-08-27 17:44:31 |   Val R2 improved to 0.0938, model saved
2026-08-27 17:44:47 | Epoch  20/100 | Train Loss 69.3723 | Val Loss 73.4347 MAE 1.1409 R2 0.1132
2026-08-27 17:44:48 |   Val R2 improved to 0.1132, model saved
2026-08-27 17:45:04 | Epoch  21/100 | Train Loss 68.6638 | Val Loss 73.0414 MAE 1.1336 R2 0.1281
2026-08-27 17:45:05 |   Val R2 improved to 0.1281, model saved
2026-08-27 17:45:21 | Epoch  22/100 | Train Loss 67.8215 | Val Loss 73.2176 MAE 1.1352 R2 0.1127
2026-08-27 17:45:37 | Epoch  23/100 | Train Loss 67.4405 | Val Loss 73.0405 MAE 1.1213 R2 0.1379
2026-08-27 17:45:38 |   Val R2 improved to 0.1379, model saved
2026-08-27 17:45:54 | Epoch  24/100 | Train Loss 66.6502 | Val Loss 72.9994 MAE 1.1313 R2 0.1169
2026-08-27 17:46:10 | Epoch  25/100 | Train Loss 65.8400 | Val Loss 73.5246 MAE 1.1064 R2 0.1579
2026-08-27 17:46:11 |   Val R2 improved to 0.1579, model saved
2026-08-27 17:46:26 | Epoch  26/100 | Train Loss 65.5288 | Val Loss 73.4159 MAE 1.1044 R2 0.1572
2026-08-27 17:46:42 | Epoch  27/100 | Train Loss 64.4875 | Val Loss 73.4399 MAE 1.1394 R2 0.1030
2026-08-27 17:46:59 | Epoch  28/100 | Train Loss 64.3230 | Val Loss 72.7744 MAE 1.0932 R2 0.1783
2026-08-27 17:47:00 |   Val R2 improved to 0.1783, model saved
2026-08-27 17:47:17 | Epoch  29/100 | Train Loss 63.1648 | Val Loss 73.3601 MAE 1.1206 R2 0.1321
2026-08-27 17:47:33 | Epoch  30/100 | Train Loss 62.4545 | Val Loss 73.0180 MAE 1.0876 R2 0.1747
2026-08-27 17:47:49 | Epoch  31/100 | Train Loss 61.3639 | Val Loss 73.1095 MAE 1.0809 R2 0.1911
2026-08-27 17:47:50 |   Val R2 improved to 0.1911, model saved
2026-08-27 17:48:05 | Epoch  32/100 | Train Loss 60.8128 | Val Loss 73.6726 MAE 1.0892 R2 0.1767
2026-08-27 17:48:21 | Epoch  33/100 | Train Loss 60.4495 | Val Loss 74.7303 MAE 1.1202 R2 0.1199
2026-08-27 17:48:37 | Epoch  34/100 | Train Loss 59.7161 | Val Loss 73.6676 MAE 1.0800 R2 0.1965
2026-08-27 17:48:38 |   Val R2 improved to 0.1965, model saved
2026-08-27 17:48:55 | Epoch  35/100 | Train Loss 58.8549 | Val Loss 74.6053 MAE 1.1090 R2 0.1380
2026-08-27 17:49:11 | Epoch  36/100 | Train Loss 57.7910 | Val Loss 75.9649 MAE 1.1060 R2 0.1291
2026-08-27 17:49:27 | Epoch  37/100 | Train Loss 57.2559 | Val Loss 74.2147 MAE 1.0857 R2 0.1790
2026-08-27 17:49:42 | Epoch  38/100 | Train Loss 56.6263 | Val Loss 74.4450 MAE 1.0704 R2 0.1934
2026-08-27 17:49:57 | Epoch  39/100 | Train Loss 55.5365 | Val Loss 74.6866 MAE 1.0726 R2 0.1975
2026-08-27 17:49:59 |   Val R2 improved to 0.1975, model saved
2026-08-27 17:50:14 | Epoch  40/100 | Train Loss 54.8251 | Val Loss 76.7000 MAE 1.0823 R2 0.1738
2026-08-27 17:50:31 | Epoch  41/100 | Train Loss 54.5966 | Val Loss 75.4850 MAE 1.0836 R2 0.1676
2026-08-27 17:50:47 | Epoch  42/100 | Train Loss 53.3773 | Val Loss 76.1217 MAE 1.0874 R2 0.1779
2026-08-27 17:51:04 | Epoch  43/100 | Train Loss 52.8639 | Val Loss 76.3995 MAE 1.0808 R2 0.1789
2026-08-27 17:51:20 | Epoch  44/100 | Train Loss 51.8929 | Val Loss 76.3138 MAE 1.0738 R2 0.1855
2026-08-27 17:51:36 | Epoch  45/100 | Train Loss 51.6706 | Val Loss 76.9388 MAE 1.0721 R2 0.1917
2026-08-27 17:51:53 | Epoch  46/100 | Train Loss 50.4342 | Val Loss 77.8613 MAE 1.0894 R2 0.1497
2026-08-27 17:52:10 | Epoch  47/100 | Train Loss 49.9067 | Val Loss 76.9266 MAE 1.0849 R2 0.1755
2026-08-27 17:52:26 | Epoch  48/100 | Train Loss 49.0356 | Val Loss 78.0306 MAE 1.0797 R2 0.1716
2026-08-27 17:52:42 | Epoch  49/100 | Train Loss 47.8069 | Val Loss 77.9382 MAE 1.0719 R2 0.1814
2026-08-27 17:52:42 | Val R2 did not improve for 10 consecutive epochs, early stopping at Epoch 49 (best R2 0.1975 @ Epoch 39)
2026-08-27 17:52:47 | Run 2/5 | Test (best model @ Epoch 39) | Loss 75.1818 MAE 1.1100 R2 0.1803
2026-08-27 17:52:47 | ===== Run 3/5 (seed 2) =====
2026-08-27 17:53:03 | Epoch   1/100 | Train Loss 92.1909 | Val Loss 83.1257 MAE 1.3107 R2 -0.1181
2026-08-27 17:53:05 |   Val R2 improved to -0.1181, model saved
2026-08-27 17:53:21 | Epoch   2/100 | Train Loss 83.4152 | Val Loss 81.8022 MAE 1.2511 R2 -0.0852
2026-08-27 17:53:22 |   Val R2 improved to -0.0852, model saved
2026-08-27 17:53:38 | Epoch   3/100 | Train Loss 82.3048 | Val Loss 81.2555 MAE 1.2963 R2 -0.0785
2026-08-27 17:53:39 |   Val R2 improved to -0.0785, model saved
2026-08-27 17:53:55 | Epoch   4/100 | Train Loss 81.7556 | Val Loss 81.0711 MAE 1.2499 R2 -0.0393
2026-08-27 17:53:57 |   Val R2 improved to -0.0393, model saved
2026-08-27 17:54:14 | Epoch   5/100 | Train Loss 81.3955 | Val Loss 80.8731 MAE 1.2520 R2 -0.0395
2026-08-27 17:54:29 | Epoch   6/100 | Train Loss 80.9701 | Val Loss 80.6663 MAE 1.2445 R2 -0.0341
2026-08-27 17:54:31 |   Val R2 improved to -0.0341, model saved
2026-08-27 17:54:46 | Epoch   7/100 | Train Loss 80.4848 | Val Loss 80.5960 MAE 1.2548 R2 -0.0354
2026-08-27 17:55:02 | Epoch   8/100 | Train Loss 80.0535 | Val Loss 80.1065 MAE 1.2285 R2 -0.0240
2026-08-27 17:55:04 |   Val R2 improved to -0.0240, model saved
2026-08-27 17:55:21 | Epoch   9/100 | Train Loss 79.6293 | Val Loss 79.8082 MAE 1.2300 R2 -0.0218
2026-08-27 17:55:22 |   Val R2 improved to -0.0218, model saved
2026-08-27 17:55:38 | Epoch  10/100 | Train Loss 79.1160 | Val Loss 79.9381 MAE 1.2382 R2 -0.0218
2026-08-27 17:55:54 | Epoch  11/100 | Train Loss 78.9851 | Val Loss 79.7412 MAE 1.2324 R2 -0.0121
2026-08-27 17:55:56 |   Val R2 improved to -0.0121, model saved
2026-08-27 17:56:12 | Epoch  12/100 | Train Loss 78.5549 | Val Loss 79.5767 MAE 1.2251 R2 -0.0003
2026-08-27 17:56:13 |   Val R2 improved to -0.0003, model saved
2026-08-27 17:56:28 | Epoch  13/100 | Train Loss 77.7497 | Val Loss 79.2894 MAE 1.2026 R2 0.0236
2026-08-27 17:56:29 |   Val R2 improved to 0.0236, model saved
2026-08-27 17:56:45 | Epoch  14/100 | Train Loss 77.4692 | Val Loss 79.1567 MAE 1.2087 R2 0.0277
2026-08-27 17:56:46 |   Val R2 improved to 0.0277, model saved
2026-08-27 17:57:01 | Epoch  15/100 | Train Loss 76.8028 | Val Loss 79.3191 MAE 1.1830 R2 0.0511
2026-08-27 17:57:03 |   Val R2 improved to 0.0511, model saved
2026-08-27 17:57:19 | Epoch  16/100 | Train Loss 76.2660 | Val Loss 79.0637 MAE 1.1828 R2 0.0610
2026-08-27 17:57:20 |   Val R2 improved to 0.0610, model saved
2026-08-27 17:57:36 | Epoch  17/100 | Train Loss 75.6100 | Val Loss 79.0734 MAE 1.1871 R2 0.0507
2026-08-27 17:57:53 | Epoch  18/100 | Train Loss 75.5177 | Val Loss 78.8795 MAE 1.1625 R2 0.0814
2026-08-27 17:57:54 |   Val R2 improved to 0.0814, model saved
2026-08-27 17:58:11 | Epoch  19/100 | Train Loss 74.8936 | Val Loss 78.6247 MAE 1.1719 R2 0.0775
2026-08-27 17:58:28 | Epoch  20/100 | Train Loss 73.9987 | Val Loss 78.6760 MAE 1.1439 R2 0.1048
2026-08-27 17:58:29 |   Val R2 improved to 0.1048, model saved
2026-08-27 17:58:45 | Epoch  21/100 | Train Loss 73.1568 | Val Loss 78.8440 MAE 1.1415 R2 0.1113
2026-08-27 17:58:46 |   Val R2 improved to 0.1113, model saved
2026-08-27 17:59:03 | Epoch  22/100 | Train Loss 72.3660 | Val Loss 78.8541 MAE 1.1335 R2 0.1197
2026-08-27 17:59:04 |   Val R2 improved to 0.1197, model saved
2026-08-27 17:59:19 | Epoch  23/100 | Train Loss 71.9795 | Val Loss 78.9924 MAE 1.1666 R2 0.0747
2026-08-27 17:59:35 | Epoch  24/100 | Train Loss 71.0183 | Val Loss 78.6548 MAE 1.1380 R2 0.1216
2026-08-27 17:59:36 |   Val R2 improved to 0.1216, model saved
2026-08-27 17:59:52 | Epoch  25/100 | Train Loss 70.2434 | Val Loss 78.6798 MAE 1.1189 R2 0.1455
2026-08-27 17:59:53 |   Val R2 improved to 0.1455, model saved
2026-08-27 18:00:10 | Epoch  26/100 | Train Loss 69.3250 | Val Loss 78.8580 MAE 1.1137 R2 0.1497
2026-08-27 18:00:12 |   Val R2 improved to 0.1497, model saved
2026-08-27 18:00:28 | Epoch  27/100 | Train Loss 68.4906 | Val Loss 79.5026 MAE 1.1178 R2 0.1332
2026-08-27 18:00:44 | Epoch  28/100 | Train Loss 68.2196 | Val Loss 80.3240 MAE 1.1289 R2 0.1344
2026-08-27 18:01:01 | Epoch  29/100 | Train Loss 67.4893 | Val Loss 79.0452 MAE 1.1083 R2 0.1508
2026-08-27 18:01:03 |   Val R2 improved to 0.1508, model saved
2026-08-27 18:01:19 | Epoch  30/100 | Train Loss 66.0839 | Val Loss 80.2964 MAE 1.1063 R2 0.1488
2026-08-27 18:01:35 | Epoch  31/100 | Train Loss 65.1946 | Val Loss 80.7014 MAE 1.1333 R2 0.0903
2026-08-27 18:01:51 | Epoch  32/100 | Train Loss 64.4301 | Val Loss 79.4718 MAE 1.0871 R2 0.1863
2026-08-27 18:01:52 |   Val R2 improved to 0.1863, model saved
2026-08-27 18:02:09 | Epoch  33/100 | Train Loss 63.1314 | Val Loss 79.6946 MAE 1.0823 R2 0.1826
2026-08-27 18:02:25 | Epoch  34/100 | Train Loss 62.0519 | Val Loss 80.7283 MAE 1.1105 R2 0.1353
2026-08-27 18:02:41 | Epoch  35/100 | Train Loss 62.3080 | Val Loss 80.3255 MAE 1.0957 R2 0.1708
2026-08-27 18:02:57 | Epoch  36/100 | Train Loss 61.6577 | Val Loss 80.8658 MAE 1.0867 R2 0.1844
2026-08-27 18:03:12 | Epoch  37/100 | Train Loss 59.8791 | Val Loss 81.7221 MAE 1.0908 R2 0.1703
2026-08-27 18:03:29 | Epoch  38/100 | Train Loss 59.2263 | Val Loss 81.7271 MAE 1.1090 R2 0.1326
2026-08-27 18:03:45 | Epoch  39/100 | Train Loss 58.5919 | Val Loss 82.1014 MAE 1.1041 R2 0.1379
2026-08-27 18:04:00 | Epoch  40/100 | Train Loss 57.0424 | Val Loss 82.0817 MAE 1.0728 R2 0.1846
2026-08-27 18:04:15 | Epoch  41/100 | Train Loss 55.4960 | Val Loss 81.7438 MAE 1.0707 R2 0.1893
2026-08-27 18:04:16 |   Val R2 improved to 0.1893, model saved
2026-08-27 18:04:33 | Epoch  42/100 | Train Loss 55.5871 | Val Loss 81.8861 MAE 1.0927 R2 0.1640
2026-08-27 18:04:49 | Epoch  43/100 | Train Loss 54.4664 | Val Loss 82.6272 MAE 1.0679 R2 0.1957
2026-08-27 18:04:51 |   Val R2 improved to 0.1957, model saved
2026-08-27 18:05:06 | Epoch  44/100 | Train Loss 53.1308 | Val Loss 83.9726 MAE 1.0658 R2 0.1860
2026-08-27 18:05:22 | Epoch  45/100 | Train Loss 52.2595 | Val Loss 84.4778 MAE 1.1097 R2 0.1303
2026-08-27 18:05:37 | Epoch  46/100 | Train Loss 52.0925 | Val Loss 83.2970 MAE 1.0706 R2 0.1857
2026-08-27 18:05:53 | Epoch  47/100 | Train Loss 51.0695 | Val Loss 84.9654 MAE 1.0820 R2 0.1733
2026-08-27 18:06:07 | Epoch  48/100 | Train Loss 49.7864 | Val Loss 86.2419 MAE 1.0919 R2 0.1379
2026-08-27 18:06:23 | Epoch  49/100 | Train Loss 48.2957 | Val Loss 86.0271 MAE 1.0890 R2 0.1515
2026-08-27 18:06:39 | Epoch  50/100 | Train Loss 47.5161 | Val Loss 85.7423 MAE 1.0885 R2 0.1428
2026-08-27 18:06:56 | Epoch  51/100 | Train Loss 47.8733 | Val Loss 84.5932 MAE 1.0755 R2 0.1669
2026-08-27 18:07:12 | Epoch  52/100 | Train Loss 45.8639 | Val Loss 88.6445 MAE 1.0797 R2 0.1592
2026-08-27 18:07:29 | Epoch  53/100 | Train Loss 45.9651 | Val Loss 87.9728 MAE 1.1242 R2 0.0773
2026-08-27 18:07:29 | Val R2 did not improve for 10 consecutive epochs, early stopping at Epoch 53 (best R2 0.1957 @ Epoch 43)
2026-08-27 18:07:33 | Run 3/5 | Test (best model @ Epoch 43) | Loss 82.0265 MAE 1.1191 R2 0.1733
2026-08-27 18:07:33 | ===== Run 4/5 (seed 3) =====
2026-08-27 18:07:51 | Epoch   1/100 | Train Loss 92.4996 | Val Loss 83.4129 MAE 1.3074 R2 -0.2469
2026-08-27 18:07:52 |   Val R2 improved to -0.2469, model saved
2026-08-27 18:08:09 | Epoch   2/100 | Train Loss 83.6543 | Val Loss 82.0672 MAE 1.2696 R2 -0.0471
2026-08-27 18:08:10 |   Val R2 improved to -0.0471, model saved
2026-08-27 18:08:28 | Epoch   3/100 | Train Loss 82.6810 | Val Loss 81.5469 MAE 1.2516 R2 -0.0294
2026-08-27 18:08:29 |   Val R2 improved to -0.0294, model saved
2026-08-27 18:08:46 | Epoch   4/100 | Train Loss 82.1774 | Val Loss 81.2984 MAE 1.2357 R2 -0.0222
2026-08-27 18:08:48 |   Val R2 improved to -0.0222, model saved
2026-08-27 18:09:04 | Epoch   5/100 | Train Loss 81.7031 | Val Loss 80.9981 MAE 1.2428 R2 -0.0218
2026-08-27 18:09:06 |   Val R2 improved to -0.0218, model saved
2026-08-27 18:09:21 | Epoch   6/100 | Train Loss 81.1103 | Val Loss 80.7820 MAE 1.2371 R2 -0.0104
2026-08-27 18:09:22 |   Val R2 improved to -0.0104, model saved
2026-08-27 18:09:38 | Epoch   7/100 | Train Loss 80.6181 | Val Loss 80.3574 MAE 1.2223 R2 0.0028
2026-08-27 18:09:40 |   Val R2 improved to 0.0028, model saved
2026-08-27 18:09:57 | Epoch   8/100 | Train Loss 80.0198 | Val Loss 79.9612 MAE 1.2146 R2 0.0090
2026-08-27 18:09:58 |   Val R2 improved to 0.0090, model saved
2026-08-27 18:10:14 | Epoch   9/100 | Train Loss 79.5912 | Val Loss 79.9362 MAE 1.2145 R2 0.0134
2026-08-27 18:10:15 |   Val R2 improved to 0.0134, model saved
2026-08-27 18:10:32 | Epoch  10/100 | Train Loss 79.1262 | Val Loss 79.6309 MAE 1.1981 R2 0.0240
2026-08-27 18:10:33 |   Val R2 improved to 0.0240, model saved
2026-08-27 18:10:49 | Epoch  11/100 | Train Loss 78.6883 | Val Loss 79.4415 MAE 1.1896 R2 0.0334
2026-08-27 18:10:51 |   Val R2 improved to 0.0334, model saved
2026-08-27 18:11:06 | Epoch  12/100 | Train Loss 78.3814 | Val Loss 79.4621 MAE 1.2273 R2 0.0072
2026-08-27 18:11:22 | Epoch  13/100 | Train Loss 78.1451 | Val Loss 79.5327 MAE 1.1834 R2 0.0463
2026-08-27 18:11:24 |   Val R2 improved to 0.0463, model saved
2026-08-27 18:11:40 | Epoch  14/100 | Train Loss 77.3861 | Val Loss 79.3904 MAE 1.1750 R2 0.0558
2026-08-27 18:11:41 |   Val R2 improved to 0.0558, model saved
2026-08-27 18:11:57 | Epoch  15/100 | Train Loss 77.0461 | Val Loss 79.2479 MAE 1.1843 R2 0.0568
2026-08-27 18:11:59 |   Val R2 improved to 0.0568, model saved
2026-08-27 18:12:16 | Epoch  16/100 | Train Loss 76.4950 | Val Loss 79.3621 MAE 1.1610 R2 0.0519
2026-08-27 18:12:33 | Epoch  17/100 | Train Loss 76.0837 | Val Loss 79.1073 MAE 1.1782 R2 0.0643
2026-08-27 18:12:35 |   Val R2 improved to 0.0643, model saved
2026-08-27 18:12:52 | Epoch  18/100 | Train Loss 75.2961 | Val Loss 78.9217 MAE 1.1784 R2 0.0634
2026-08-27 18:13:08 | Epoch  19/100 | Train Loss 74.7272 | Val Loss 79.0659 MAE 1.1545 R2 0.0761
2026-08-27 18:13:09 |   Val R2 improved to 0.0761, model saved
2026-08-27 18:13:26 | Epoch  20/100 | Train Loss 73.8195 | Val Loss 79.6546 MAE 1.1542 R2 0.0631
2026-08-27 18:13:42 | Epoch  21/100 | Train Loss 73.2778 | Val Loss 79.9766 MAE 1.1455 R2 0.0831
2026-08-27 18:13:43 |   Val R2 improved to 0.0831, model saved
2026-08-27 18:14:00 | Epoch  22/100 | Train Loss 72.7704 | Val Loss 78.8954 MAE 1.1454 R2 0.0957
2026-08-27 18:14:02 |   Val R2 improved to 0.0957, model saved
2026-08-27 18:14:18 | Epoch  23/100 | Train Loss 72.2981 | Val Loss 79.0515 MAE 1.1438 R2 0.0985
2026-08-27 18:14:19 |   Val R2 improved to 0.0985, model saved
2026-08-27 18:14:36 | Epoch  24/100 | Train Loss 71.3958 | Val Loss 79.4494 MAE 1.1349 R2 0.1071
2026-08-27 18:14:37 |   Val R2 improved to 0.1071, model saved
2026-08-27 18:14:54 | Epoch  25/100 | Train Loss 70.9741 | Val Loss 80.2605 MAE 1.1510 R2 0.0568
2026-08-27 18:15:11 | Epoch  26/100 | Train Loss 69.8586 | Val Loss 79.3120 MAE 1.1231 R2 0.1034
2026-08-27 18:15:27 | Epoch  27/100 | Train Loss 69.1221 | Val Loss 79.3188 MAE 1.1255 R2 0.1110
2026-08-27 18:15:28 |   Val R2 improved to 0.1110, model saved
2026-08-27 18:15:45 | Epoch  28/100 | Train Loss 67.6701 | Val Loss 79.5401 MAE 1.1497 R2 0.0921
2026-08-27 18:16:01 | Epoch  29/100 | Train Loss 67.2819 | Val Loss 80.2559 MAE 1.1334 R2 0.0846
2026-08-27 18:16:19 | Epoch  30/100 | Train Loss 65.8969 | Val Loss 81.2579 MAE 1.1249 R2 0.1174
2026-08-27 18:16:20 |   Val R2 improved to 0.1174, model saved
2026-08-27 18:16:38 | Epoch  31/100 | Train Loss 65.7624 | Val Loss 81.7207 MAE 1.2304 R2 -0.1040
2026-08-27 18:16:54 | Epoch  32/100 | Train Loss 65.1571 | Val Loss 79.5997 MAE 1.1180 R2 0.1380
2026-08-27 18:16:56 |   Val R2 improved to 0.1380, model saved
2026-08-27 18:17:12 | Epoch  33/100 | Train Loss 64.1447 | Val Loss 81.5688 MAE 1.1182 R2 0.0958
2026-08-27 18:17:28 | Epoch  34/100 | Train Loss 62.4914 | Val Loss 80.8159 MAE 1.1049 R2 0.1401
2026-08-27 18:17:29 |   Val R2 improved to 0.1401, model saved
2026-08-27 18:17:44 | Epoch  35/100 | Train Loss 60.9788 | Val Loss 81.3358 MAE 1.1148 R2 0.1147
2026-08-27 18:18:00 | Epoch  36/100 | Train Loss 60.2174 | Val Loss 81.5801 MAE 1.1039 R2 0.1417
2026-08-27 18:18:02 |   Val R2 improved to 0.1417, model saved
2026-08-27 18:18:18 | Epoch  37/100 | Train Loss 59.2032 | Val Loss 81.5037 MAE 1.1079 R2 0.1240
2026-08-27 18:18:35 | Epoch  38/100 | Train Loss 58.1729 | Val Loss 82.9109 MAE 1.1174 R2 0.1106
2026-08-27 18:18:51 | Epoch  39/100 | Train Loss 60.1117 | Val Loss 82.1543 MAE 1.1091 R2 0.1437
2026-08-27 18:18:52 |   Val R2 improved to 0.1437, model saved
2026-08-27 18:19:08 | Epoch  40/100 | Train Loss 58.6350 | Val Loss 81.8998 MAE 1.1008 R2 0.1553
2026-08-27 18:19:10 |   Val R2 improved to 0.1553, model saved
2026-08-27 18:19:27 | Epoch  41/100 | Train Loss 57.3607 | Val Loss 82.0077 MAE 1.0966 R2 0.1408
2026-08-27 18:19:44 | Epoch  42/100 | Train Loss 55.1856 | Val Loss 83.5261 MAE 1.1028 R2 0.1366
2026-08-27 18:19:59 | Epoch  43/100 | Train Loss 54.0499 | Val Loss 85.7395 MAE 1.1452 R2 0.0534
2026-08-27 18:20:15 | Epoch  44/100 | Train Loss 54.1853 | Val Loss 86.1918 MAE 1.1344 R2 0.0498
2026-08-27 18:20:30 | Epoch  45/100 | Train Loss 53.3379 | Val Loss 83.4752 MAE 1.1123 R2 0.1192
2026-08-27 18:20:46 | Epoch  46/100 | Train Loss 51.7337 | Val Loss 86.2083 MAE 1.1094 R2 0.1220
2026-08-27 18:21:02 | Epoch  47/100 | Train Loss 50.0430 | Val Loss 89.1682 MAE 1.1491 R2 0.0315
2026-08-27 18:21:18 | Epoch  48/100 | Train Loss 49.6054 | Val Loss 87.0644 MAE 1.1228 R2 0.0963
2026-08-27 18:21:34 | Epoch  49/100 | Train Loss 48.8775 | Val Loss 84.9680 MAE 1.1233 R2 0.1041
2026-08-27 18:21:51 | Epoch  50/100 | Train Loss 47.7649 | Val Loss 87.3275 MAE 1.1110 R2 0.1165
2026-08-27 18:21:51 | Val R2 did not improve for 10 consecutive epochs, early stopping at Epoch 50 (best R2 0.1553 @ Epoch 40)
2026-08-27 18:21:55 | Run 4/5 | Test (best model @ Epoch 40) | Loss 82.8785 MAE 1.1201 R2 0.1784
2026-08-27 18:21:55 | ===== Run 5/5 (seed 4) =====
2026-08-27 18:22:13 | Epoch   1/100 | Train Loss 92.3837 | Val Loss 82.5545 MAE 1.3294 R2 -0.3223
2026-08-27 18:22:14 |   Val R2 improved to -0.3223, model saved
2026-08-27 18:22:31 | Epoch   2/100 | Train Loss 82.2357 | Val Loss 80.6360 MAE 1.2936 R2 -0.0676
2026-08-27 18:22:33 |   Val R2 improved to -0.0676, model saved
2026-08-27 18:22:49 | Epoch   3/100 | Train Loss 81.0974 | Val Loss 80.0723 MAE 1.2734 R2 -0.0423
2026-08-27 18:22:51 |   Val R2 improved to -0.0423, model saved
2026-08-27 18:23:08 | Epoch   4/100 | Train Loss 80.5213 | Val Loss 79.7957 MAE 1.2310 R2 -0.0301
2026-08-27 18:23:09 |   Val R2 improved to -0.0301, model saved
2026-08-27 18:23:25 | Epoch   5/100 | Train Loss 80.0720 | Val Loss 79.5405 MAE 1.2337 R2 -0.0173
2026-08-27 18:23:27 |   Val R2 improved to -0.0173, model saved
2026-08-27 18:23:45 | Epoch   6/100 | Train Loss 79.5835 | Val Loss 79.4166 MAE 1.2631 R2 -0.0404
2026-08-27 18:24:01 | Epoch   7/100 | Train Loss 79.0003 | Val Loss 78.8006 MAE 1.2327 R2 -0.0274
2026-08-27 18:24:18 | Epoch   8/100 | Train Loss 78.6031 | Val Loss 78.6264 MAE 1.2176 R2 -0.0134
2026-08-27 18:24:20 |   Val R2 improved to -0.0134, model saved
2026-08-27 18:24:36 | Epoch   9/100 | Train Loss 78.2393 | Val Loss 78.4333 MAE 1.2270 R2 -0.0025
2026-08-27 18:24:37 |   Val R2 improved to -0.0025, model saved
2026-08-27 18:24:53 | Epoch  10/100 | Train Loss 77.8496 | Val Loss 78.3797 MAE 1.2152 R2 0.0100
2026-08-27 18:24:54 |   Val R2 improved to 0.0100, model saved
2026-08-27 18:25:10 | Epoch  11/100 | Train Loss 77.3951 | Val Loss 78.3281 MAE 1.2113 R2 0.0170
2026-08-27 18:25:11 |   Val R2 improved to 0.0170, model saved
2026-08-27 18:25:27 | Epoch  12/100 | Train Loss 77.0118 | Val Loss 77.8280 MAE 1.1980 R2 0.0316
2026-08-27 18:25:29 |   Val R2 improved to 0.0316, model saved
2026-08-27 18:25:46 | Epoch  13/100 | Train Loss 76.6960 | Val Loss 78.0503 MAE 1.1996 R2 0.0368
2026-08-27 18:25:47 |   Val R2 improved to 0.0368, model saved
2026-08-27 18:26:03 | Epoch  14/100 | Train Loss 76.1504 | Val Loss 78.3014 MAE 1.1804 R2 0.0471
2026-08-27 18:26:04 |   Val R2 improved to 0.0471, model saved
2026-08-27 18:26:20 | Epoch  15/100 | Train Loss 75.9611 | Val Loss 77.6859 MAE 1.1726 R2 0.0459
2026-08-27 18:26:36 | Epoch  16/100 | Train Loss 75.4109 | Val Loss 77.5879 MAE 1.1806 R2 0.0477
2026-08-27 18:26:38 |   Val R2 improved to 0.0477, model saved
2026-08-27 18:26:55 | Epoch  17/100 | Train Loss 74.8476 | Val Loss 77.2994 MAE 1.1713 R2 0.0738
2026-08-27 18:26:56 |   Val R2 improved to 0.0738, model saved
2026-08-27 18:27:13 | Epoch  18/100 | Train Loss 74.1998 | Val Loss 77.1929 MAE 1.1685 R2 0.0837
2026-08-27 18:27:14 |   Val R2 improved to 0.0837, model saved
2026-08-27 18:27:32 | Epoch  19/100 | Train Loss 73.6226 | Val Loss 77.1850 MAE 1.1468 R2 0.0943
2026-08-27 18:27:33 |   Val R2 improved to 0.0943, model saved
2026-08-27 18:27:49 | Epoch  20/100 | Train Loss 73.0244 | Val Loss 77.7285 MAE 1.1532 R2 0.0973
2026-08-27 18:27:51 |   Val R2 improved to 0.0973, model saved
2026-08-27 18:28:07 | Epoch  21/100 | Train Loss 72.7341 | Val Loss 77.6158 MAE 1.1371 R2 0.1050
2026-08-27 18:28:08 |   Val R2 improved to 0.1050, model saved
2026-08-27 18:28:24 | Epoch  22/100 | Train Loss 71.8229 | Val Loss 77.7128 MAE 1.1350 R2 0.1071
2026-08-27 18:28:25 |   Val R2 improved to 0.1071, model saved
2026-08-27 18:28:41 | Epoch  23/100 | Train Loss 71.2918 | Val Loss 77.5005 MAE 1.1385 R2 0.1123
2026-08-27 18:28:43 |   Val R2 improved to 0.1123, model saved
2026-08-27 18:28:59 | Epoch  24/100 | Train Loss 70.4794 | Val Loss 77.8113 MAE 1.1505 R2 0.0976
2026-08-27 18:29:15 | Epoch  25/100 | Train Loss 69.6949 | Val Loss 78.1740 MAE 1.1332 R2 0.1037
2026-08-27 18:29:32 | Epoch  26/100 | Train Loss 69.0498 | Val Loss 78.1119 MAE 1.1481 R2 0.1120
2026-08-27 18:29:49 | Epoch  27/100 | Train Loss 68.3852 | Val Loss 78.1930 MAE 1.1182 R2 0.1330
2026-08-27 18:29:50 |   Val R2 improved to 0.1330, model saved
2026-08-27 18:30:07 | Epoch  28/100 | Train Loss 67.7759 | Val Loss 78.3826 MAE 1.1338 R2 0.1334
2026-08-27 18:30:08 |   Val R2 improved to 0.1334, model saved
2026-08-27 18:30:24 | Epoch  29/100 | Train Loss 66.6029 | Val Loss 77.5443 MAE 1.1136 R2 0.1485
2026-08-27 18:30:25 |   Val R2 improved to 0.1485, model saved
2026-08-27 18:30:41 | Epoch  30/100 | Train Loss 65.5065 | Val Loss 78.2279 MAE 1.1205 R2 0.1143
2026-08-27 18:30:56 | Epoch  31/100 | Train Loss 64.7959 | Val Loss 77.8958 MAE 1.1266 R2 0.1313
2026-08-27 18:31:12 | Epoch  32/100 | Train Loss 63.9533 | Val Loss 78.5893 MAE 1.1164 R2 0.1291
2026-08-27 18:31:28 | Epoch  33/100 | Train Loss 63.0775 | Val Loss 78.5453 MAE 1.1151 R2 0.1313
2026-08-27 18:31:45 | Epoch  34/100 | Train Loss 61.9351 | Val Loss 78.6518 MAE 1.1182 R2 0.1373
2026-08-27 18:32:01 | Epoch  35/100 | Train Loss 60.8127 | Val Loss 79.4291 MAE 1.1120 R2 0.1444
2026-08-27 18:32:18 | Epoch  36/100 | Train Loss 59.7316 | Val Loss 79.5978 MAE 1.1173 R2 0.1219
2026-08-27 18:32:34 | Epoch  37/100 | Train Loss 58.9930 | Val Loss 79.4849 MAE 1.1124 R2 0.1398
2026-08-27 18:32:50 | Epoch  38/100 | Train Loss 59.1554 | Val Loss 78.8632 MAE 1.1222 R2 0.1293
2026-08-27 18:33:06 | Epoch  39/100 | Train Loss 59.2159 | Val Loss 79.7273 MAE 1.0990 R2 0.1584
2026-08-27 18:33:07 |   Val R2 improved to 0.1584, model saved
2026-08-27 18:33:24 | Epoch  40/100 | Train Loss 57.6288 | Val Loss 80.2473 MAE 1.1054 R2 0.1371
2026-08-27 18:33:40 | Epoch  41/100 | Train Loss 55.3873 | Val Loss 80.1462 MAE 1.1144 R2 0.1274
2026-08-27 18:33:56 | Epoch  42/100 | Train Loss 54.4347 | Val Loss 80.4769 MAE 1.1054 R2 0.1415
2026-08-27 18:34:13 | Epoch  43/100 | Train Loss 53.4326 | Val Loss 80.7667 MAE 1.1076 R2 0.1464
2026-08-27 18:34:29 | Epoch  44/100 | Train Loss 53.1138 | Val Loss 82.0756 MAE 1.1164 R2 0.1047
2026-08-27 18:34:45 | Epoch  45/100 | Train Loss 51.8590 | Val Loss 82.7263 MAE 1.1195 R2 0.1154
2026-08-27 18:35:02 | Epoch  46/100 | Train Loss 51.1571 | Val Loss 81.5414 MAE 1.1293 R2 0.0935
2026-08-27 18:35:19 | Epoch  47/100 | Train Loss 50.3437 | Val Loss 84.1105 MAE 1.1373 R2 0.0530
2026-08-27 18:35:35 | Epoch  48/100 | Train Loss 49.0892 | Val Loss 84.1187 MAE 1.1168 R2 0.1096
2026-08-27 18:35:52 | Epoch  49/100 | Train Loss 47.6116 | Val Loss 84.0534 MAE 1.1028 R2 0.1236
2026-08-27 18:35:52 | Val R2 did not improve for 10 consecutive epochs, early stopping at Epoch 49 (best R2 0.1584 @ Epoch 39)
2026-08-27 18:35:56 | Run 5/5 | Test (best model @ Epoch 39) | Loss 80.4459 MAE 1.1519 R2 0.1506
2026-08-27 18:35:56 | Average over 5 runs | Test Loss 79.6867±3.1512 MAE 1.1276±0.0167 R2 0.1670±0.0144
