2026-09-14 20:58:57 | Device: cuda
2026-09-14 20:58:57 | Args: {'model': 'opb-fixed-frame', 'backbone': 'mlp', 'task': 'mnist', 'epochs': 100, 'batch_size': 512, 'lr': 0.001, 'hidden_dims': [512, 256], 'dropout': 0.2, 'z_dim': 256, 'anchor_scale': 12.0, 'energy_classifier': False, 'tied_head': False, 'max_len': 250, 'random_labels': False, 'beta': 0.1, 'patience': 10, 'runs': 5, 'seed': 0, 'data_dir': './data', 'save_path': 'output/mnist_mlp_opb-fixed-frame/mnist_mlp_opb-fixed-frame.pt', 'log_path': '/root/autodl-tmp/IB/output/ablation/mnist_mlp_opb-fixed-frame_beta_0.1_anchor_12/train.log', 'no_save': True}
2026-09-14 20:58:57 | ===== Run 1/5 (seed 0) =====
2026-09-14 20:59:06 | Epoch   1/100 | Train Loss 6.5957 Acc 0.8371 | Val Loss 3.1385 Acc 0.9449 AUC 0.9968 Pre 0.9444 Rec 0.9446
2026-09-14 20:59:06 |   Val AUC improved to 0.9968, model saved
2026-09-14 20:59:11 | Epoch   2/100 | Train Loss 2.9416 Acc 0.9433 | Val Loss 2.0341 Acc 0.9584 AUC 0.9979 Pre 0.9582 Rec 0.9580
2026-09-14 20:59:11 |   Val AUC improved to 0.9979, model saved
2026-09-14 20:59:15 | Epoch   3/100 | Train Loss 1.9737 Acc 0.9605 | Val Loss 1.5037 Acc 0.9685 AUC 0.9985 Pre 0.9683 Rec 0.9682
2026-09-14 20:59:15 |   Val AUC improved to 0.9985, model saved
2026-09-14 20:59:20 | Epoch   4/100 | Train Loss 1.4817 Acc 0.9693 | Val Loss 1.3042 Acc 0.9711 AUC 0.9987 Pre 0.9708 Rec 0.9711
2026-09-14 20:59:20 |   Val AUC improved to 0.9987, model saved
2026-09-14 20:59:25 | Epoch   5/100 | Train Loss 1.2491 Acc 0.9734 | Val Loss 1.1420 Acc 0.9734 AUC 0.9989 Pre 0.9733 Rec 0.9732
2026-09-14 20:59:25 |   Val AUC improved to 0.9989, model saved
2026-09-14 20:59:29 | Epoch   6/100 | Train Loss 1.0331 Acc 0.9781 | Val Loss 1.0005 Acc 0.9763 AUC 0.9990 Pre 0.9762 Rec 0.9761
2026-09-14 20:59:29 |   Val AUC improved to 0.9990, model saved
2026-09-14 20:59:34 | Epoch   7/100 | Train Loss 0.9206 Acc 0.9810 | Val Loss 1.0052 Acc 0.9747 AUC 0.9990 Pre 0.9744 Rec 0.9744
2026-09-14 20:59:39 | Epoch   8/100 | Train Loss 0.8070 Acc 0.9829 | Val Loss 0.8997 Acc 0.9768 AUC 0.9990 Pre 0.9768 Rec 0.9764
2026-09-14 20:59:39 |   Val AUC improved to 0.9990, model saved
2026-09-14 20:59:44 | Epoch   9/100 | Train Loss 0.7111 Acc 0.9858 | Val Loss 0.8080 Acc 0.9774 AUC 0.9991 Pre 0.9774 Rec 0.9770
2026-09-14 20:59:44 |   Val AUC improved to 0.9991, model saved
2026-09-14 20:59:48 | Epoch  10/100 | Train Loss 0.6462 Acc 0.9864 | Val Loss 0.7591 Acc 0.9785 AUC 0.9991 Pre 0.9785 Rec 0.9782
2026-09-14 20:59:48 |   Val AUC improved to 0.9991, model saved
2026-09-14 20:59:53 | Epoch  11/100 | Train Loss 0.5788 Acc 0.9878 | Val Loss 0.7379 Acc 0.9786 AUC 0.9992 Pre 0.9785 Rec 0.9784
2026-09-14 20:59:53 |   Val AUC improved to 0.9992, model saved
2026-09-14 20:59:58 | Epoch  12/100 | Train Loss 0.5301 Acc 0.9893 | Val Loss 0.6607 Acc 0.9804 AUC 0.9992 Pre 0.9803 Rec 0.9802
2026-09-14 21:00:03 | Epoch  13/100 | Train Loss 0.4929 Acc 0.9897 | Val Loss 0.6579 Acc 0.9798 AUC 0.9993 Pre 0.9798 Rec 0.9795
2026-09-14 21:00:03 |   Val AUC improved to 0.9993, model saved
2026-09-14 21:00:08 | Epoch  14/100 | Train Loss 0.4438 Acc 0.9912 | Val Loss 0.6378 Acc 0.9792 AUC 0.9993 Pre 0.9792 Rec 0.9789
2026-09-14 21:00:08 |   Val AUC improved to 0.9993, model saved
2026-09-14 21:00:13 | Epoch  15/100 | Train Loss 0.4108 Acc 0.9916 | Val Loss 0.5829 Acc 0.9798 AUC 0.9993 Pre 0.9796 Rec 0.9796
2026-09-14 21:00:13 |   Val AUC improved to 0.9993, model saved
2026-09-14 21:00:17 | Epoch  16/100 | Train Loss 0.3852 Acc 0.9920 | Val Loss 0.6083 Acc 0.9795 AUC 0.9992 Pre 0.9796 Rec 0.9791
2026-09-14 21:00:22 | Epoch  17/100 | Train Loss 0.3841 Acc 0.9913 | Val Loss 0.5895 Acc 0.9801 AUC 0.9993 Pre 0.9802 Rec 0.9798
2026-09-14 21:00:27 | Epoch  18/100 | Train Loss 0.3231 Acc 0.9939 | Val Loss 0.5330 Acc 0.9816 AUC 0.9993 Pre 0.9815 Rec 0.9813
2026-09-14 21:00:32 | Epoch  19/100 | Train Loss 0.3112 Acc 0.9937 | Val Loss 0.5203 Acc 0.9811 AUC 0.9993 Pre 0.9809 Rec 0.9809
2026-09-14 21:00:37 | Epoch  20/100 | Train Loss 0.2936 Acc 0.9940 | Val Loss 0.4964 Acc 0.9807 AUC 0.9994 Pre 0.9807 Rec 0.9803
2026-09-14 21:00:37 |   Val AUC improved to 0.9994, model saved
2026-09-14 21:00:42 | Epoch  21/100 | Train Loss 0.2914 Acc 0.9940 | Val Loss 0.4844 Acc 0.9813 AUC 0.9993 Pre 0.9813 Rec 0.9809
2026-09-14 21:00:47 | Epoch  22/100 | Train Loss 0.2625 Acc 0.9946 | Val Loss 0.4658 Acc 0.9828 AUC 0.9994 Pre 0.9829 Rec 0.9825
2026-09-14 21:00:51 | Epoch  23/100 | Train Loss 0.2494 Acc 0.9949 | Val Loss 0.4526 Acc 0.9819 AUC 0.9994 Pre 0.9818 Rec 0.9816
2026-09-14 21:00:56 | Epoch  24/100 | Train Loss 0.2389 Acc 0.9952 | Val Loss 0.4557 Acc 0.9824 AUC 0.9993 Pre 0.9823 Rec 0.9823
2026-09-14 21:01:00 | Epoch  25/100 | Train Loss 0.2280 Acc 0.9950 | Val Loss 0.4309 Acc 0.9820 AUC 0.9994 Pre 0.9818 Rec 0.9819
2026-09-14 21:01:05 | Epoch  26/100 | Train Loss 0.2206 Acc 0.9953 | Val Loss 0.4597 Acc 0.9817 AUC 0.9993 Pre 0.9816 Rec 0.9815
2026-09-14 21:01:10 | Epoch  27/100 | Train Loss 0.2139 Acc 0.9957 | Val Loss 0.4373 Acc 0.9810 AUC 0.9993 Pre 0.9810 Rec 0.9808
2026-09-14 21:01:15 | Epoch  28/100 | Train Loss 0.2045 Acc 0.9951 | Val Loss 0.4229 Acc 0.9827 AUC 0.9993 Pre 0.9826 Rec 0.9825
2026-09-14 21:01:20 | Epoch  29/100 | Train Loss 0.2012 Acc 0.9953 | Val Loss 0.3833 Acc 0.9821 AUC 0.9994 Pre 0.9820 Rec 0.9819
2026-09-14 21:01:20 |   Val AUC improved to 0.9994, model saved
2026-09-14 21:01:25 | Epoch  30/100 | Train Loss 0.1931 Acc 0.9954 | Val Loss 0.3945 Acc 0.9824 AUC 0.9993 Pre 0.9824 Rec 0.9821
2026-09-14 21:01:30 | Epoch  31/100 | Train Loss 0.1883 Acc 0.9955 | Val Loss 0.3861 Acc 0.9823 AUC 0.9994 Pre 0.9821 Rec 0.9821
2026-09-14 21:01:30 |   Val AUC improved to 0.9994, model saved
2026-09-14 21:01:35 | Epoch  32/100 | Train Loss 0.1707 Acc 0.9960 | Val Loss 0.3589 Acc 0.9829 AUC 0.9995 Pre 0.9829 Rec 0.9827
2026-09-14 21:01:35 |   Val AUC improved to 0.9995, model saved
2026-09-14 21:01:40 | Epoch  33/100 | Train Loss 0.1703 Acc 0.9961 | Val Loss 0.3374 Acc 0.9841 AUC 0.9995 Pre 0.9841 Rec 0.9838
2026-09-14 21:01:40 |   Val AUC improved to 0.9995, model saved
2026-09-14 21:01:45 | Epoch  34/100 | Train Loss 0.1630 Acc 0.9962 | Val Loss 0.3321 Acc 0.9827 AUC 0.9995 Pre 0.9827 Rec 0.9825
2026-09-14 21:01:49 | Epoch  35/100 | Train Loss 0.1645 Acc 0.9958 | Val Loss 0.3546 Acc 0.9825 AUC 0.9994 Pre 0.9825 Rec 0.9822
2026-09-14 21:01:54 | Epoch  36/100 | Train Loss 0.1611 Acc 0.9957 | Val Loss 0.3361 Acc 0.9838 AUC 0.9994 Pre 0.9837 Rec 0.9836
2026-09-14 21:01:59 | Epoch  37/100 | Train Loss 0.1583 Acc 0.9959 | Val Loss 0.3302 Acc 0.9814 AUC 0.9994 Pre 0.9813 Rec 0.9812
2026-09-14 21:02:04 | Epoch  38/100 | Train Loss 0.1506 Acc 0.9955 | Val Loss 0.3311 Acc 0.9818 AUC 0.9994 Pre 0.9816 Rec 0.9817
2026-09-14 21:02:09 | Epoch  39/100 | Train Loss 0.1447 Acc 0.9957 | Val Loss 0.3109 Acc 0.9832 AUC 0.9995 Pre 0.9831 Rec 0.9830
2026-09-14 21:02:13 | Epoch  40/100 | Train Loss 0.1303 Acc 0.9966 | Val Loss 0.3077 Acc 0.9826 AUC 0.9995 Pre 0.9825 Rec 0.9824
2026-09-14 21:02:18 | Epoch  41/100 | Train Loss 0.1354 Acc 0.9961 | Val Loss 0.2966 Acc 0.9833 AUC 0.9994 Pre 0.9833 Rec 0.9830
2026-09-14 21:02:22 | Epoch  42/100 | Train Loss 0.1293 Acc 0.9963 | Val Loss 0.2787 Acc 0.9845 AUC 0.9996 Pre 0.9844 Rec 0.9843
2026-09-14 21:02:22 |   Val AUC improved to 0.9996, model saved
2026-09-14 21:02:27 | Epoch  43/100 | Train Loss 0.1217 Acc 0.9964 | Val Loss 0.2783 Acc 0.9842 AUC 0.9995 Pre 0.9841 Rec 0.9840
2026-09-14 21:02:31 | Epoch  44/100 | Train Loss 0.1219 Acc 0.9962 | Val Loss 0.2799 Acc 0.9831 AUC 0.9995 Pre 0.9830 Rec 0.9830
2026-09-14 21:02:36 | Epoch  45/100 | Train Loss 0.1260 Acc 0.9957 | Val Loss 0.2817 Acc 0.9829 AUC 0.9995 Pre 0.9828 Rec 0.9827
2026-09-14 21:02:41 | Epoch  46/100 | Train Loss 0.1226 Acc 0.9961 | Val Loss 0.2748 Acc 0.9820 AUC 0.9995 Pre 0.9818 Rec 0.9817
2026-09-14 21:02:45 | Epoch  47/100 | Train Loss 0.1265 Acc 0.9953 | Val Loss 0.2866 Acc 0.9819 AUC 0.9994 Pre 0.9817 Rec 0.9818
2026-09-14 21:02:50 | Epoch  48/100 | Train Loss 0.1219 Acc 0.9955 | Val Loss 0.2576 Acc 0.9823 AUC 0.9995 Pre 0.9823 Rec 0.9821
2026-09-14 21:02:54 | Epoch  49/100 | Train Loss 0.1156 Acc 0.9957 | Val Loss 0.2603 Acc 0.9826 AUC 0.9995 Pre 0.9825 Rec 0.9824
2026-09-14 21:02:59 | Epoch  50/100 | Train Loss 0.1165 Acc 0.9957 | Val Loss 0.2720 Acc 0.9818 AUC 0.9994 Pre 0.9817 Rec 0.9815
2026-09-14 21:03:03 | Epoch  51/100 | Train Loss 0.1143 Acc 0.9956 | Val Loss 0.2542 Acc 0.9829 AUC 0.9995 Pre 0.9828 Rec 0.9826
2026-09-14 21:03:07 | Epoch  52/100 | Train Loss 0.1088 Acc 0.9959 | Val Loss 0.2560 Acc 0.9828 AUC 0.9995 Pre 0.9827 Rec 0.9826
2026-09-14 21:03:07 | Val AUC did not improve for 10 consecutive epochs, early stopping at Epoch 52 (best AUC 0.9996 @ Epoch 42)
2026-09-14 21:03:08 | Run 1/5 | Test (best model @ Epoch 42) | Loss 0.2529 Acc 0.9860 AUC 0.9995 Pre 0.9860 Rec 0.9859
2026-09-14 21:03:08 | ===== Run 2/5 (seed 1) =====
2026-09-14 21:03:13 | Epoch   1/100 | Train Loss 6.4987 Acc 0.8401 | Val Loss 3.1962 Acc 0.9395 AUC 0.9965 Pre 0.9404 Rec 0.9385
2026-09-14 21:03:13 |   Val AUC improved to 0.9965, model saved
2026-09-14 21:03:17 | Epoch   2/100 | Train Loss 2.9209 Acc 0.9436 | Val Loss 2.0192 Acc 0.9595 AUC 0.9978 Pre 0.9594 Rec 0.9591
2026-09-14 21:03:17 |   Val AUC improved to 0.9978, model saved
2026-09-14 21:03:22 | Epoch   3/100 | Train Loss 1.9813 Acc 0.9597 | Val Loss 1.6040 Acc 0.9673 AUC 0.9983 Pre 0.9670 Rec 0.9672
2026-09-14 21:03:22 |   Val AUC improved to 0.9983, model saved
2026-09-14 21:03:26 | Epoch   4/100 | Train Loss 1.5089 Acc 0.9694 | Val Loss 1.3596 Acc 0.9691 AUC 0.9986 Pre 0.9689 Rec 0.9688
2026-09-14 21:03:26 |   Val AUC improved to 0.9986, model saved
2026-09-14 21:03:31 | Epoch   5/100 | Train Loss 1.2401 Acc 0.9747 | Val Loss 1.1981 Acc 0.9711 AUC 0.9987 Pre 0.9710 Rec 0.9712
2026-09-14 21:03:31 |   Val AUC improved to 0.9987, model saved
2026-09-14 21:03:35 | Epoch   6/100 | Train Loss 1.0329 Acc 0.9783 | Val Loss 1.0066 Acc 0.9753 AUC 0.9990 Pre 0.9751 Rec 0.9751
2026-09-14 21:03:35 |   Val AUC improved to 0.9990, model saved
2026-09-14 21:03:39 | Epoch   7/100 | Train Loss 0.9118 Acc 0.9802 | Val Loss 0.9532 Acc 0.9760 AUC 0.9990 Pre 0.9759 Rec 0.9758
2026-09-14 21:03:39 |   Val AUC improved to 0.9990, model saved
2026-09-14 21:03:44 | Epoch   8/100 | Train Loss 0.8117 Acc 0.9827 | Val Loss 0.8719 Acc 0.9760 AUC 0.9991 Pre 0.9758 Rec 0.9759
2026-09-14 21:03:44 |   Val AUC improved to 0.9991, model saved
2026-09-14 21:03:48 | Epoch   9/100 | Train Loss 0.7137 Acc 0.9850 | Val Loss 0.8076 Acc 0.9776 AUC 0.9992 Pre 0.9776 Rec 0.9773
2026-09-14 21:03:48 |   Val AUC improved to 0.9992, model saved
2026-09-14 21:03:52 | Epoch  10/100 | Train Loss 0.6497 Acc 0.9862 | Val Loss 0.7886 Acc 0.9785 AUC 0.9991 Pre 0.9784 Rec 0.9782
2026-09-14 21:03:56 | Epoch  11/100 | Train Loss 0.5771 Acc 0.9880 | Val Loss 0.7295 Acc 0.9779 AUC 0.9991 Pre 0.9779 Rec 0.9777
2026-09-14 21:04:01 | Epoch  12/100 | Train Loss 0.5249 Acc 0.9892 | Val Loss 0.7362 Acc 0.9783 AUC 0.9991 Pre 0.9783 Rec 0.9780
2026-09-14 21:04:05 | Epoch  13/100 | Train Loss 0.4772 Acc 0.9900 | Val Loss 0.6465 Acc 0.9800 AUC 0.9993 Pre 0.9798 Rec 0.9798
2026-09-14 21:04:05 |   Val AUC improved to 0.9993, model saved
2026-09-14 21:04:10 | Epoch  14/100 | Train Loss 0.4374 Acc 0.9910 | Val Loss 0.6408 Acc 0.9800 AUC 0.9992 Pre 0.9799 Rec 0.9798
2026-09-14 21:04:14 | Epoch  15/100 | Train Loss 0.4148 Acc 0.9910 | Val Loss 0.5910 Acc 0.9786 AUC 0.9993 Pre 0.9783 Rec 0.9785
2026-09-14 21:04:19 | Epoch  16/100 | Train Loss 0.3757 Acc 0.9928 | Val Loss 0.6012 Acc 0.9801 AUC 0.9992 Pre 0.9800 Rec 0.9798
2026-09-14 21:04:24 | Epoch  17/100 | Train Loss 0.3740 Acc 0.9916 | Val Loss 0.5593 Acc 0.9796 AUC 0.9993 Pre 0.9794 Rec 0.9795
2026-09-14 21:04:29 | Epoch  18/100 | Train Loss 0.3303 Acc 0.9932 | Val Loss 0.5573 Acc 0.9810 AUC 0.9993 Pre 0.9808 Rec 0.9808
2026-09-14 21:04:34 | Epoch  19/100 | Train Loss 0.3179 Acc 0.9935 | Val Loss 0.5671 Acc 0.9799 AUC 0.9992 Pre 0.9798 Rec 0.9797
2026-09-14 21:04:39 | Epoch  20/100 | Train Loss 0.3030 Acc 0.9934 | Val Loss 0.5112 Acc 0.9821 AUC 0.9993 Pre 0.9821 Rec 0.9818
2026-09-14 21:04:44 | Epoch  21/100 | Train Loss 0.2749 Acc 0.9946 | Val Loss 0.4750 Acc 0.9828 AUC 0.9993 Pre 0.9826 Rec 0.9827
2026-09-14 21:04:44 |   Val AUC improved to 0.9993, model saved
2026-09-14 21:04:49 | Epoch  22/100 | Train Loss 0.2696 Acc 0.9941 | Val Loss 0.4818 Acc 0.9810 AUC 0.9994 Pre 0.9810 Rec 0.9807
2026-09-14 21:04:49 |   Val AUC improved to 0.9994, model saved
2026-09-14 21:04:54 | Epoch  23/100 | Train Loss 0.2469 Acc 0.9952 | Val Loss 0.4763 Acc 0.9814 AUC 0.9993 Pre 0.9812 Rec 0.9813
2026-09-14 21:04:59 | Epoch  24/100 | Train Loss 0.2318 Acc 0.9952 | Val Loss 0.4525 Acc 0.9818 AUC 0.9993 Pre 0.9818 Rec 0.9815
2026-09-14 21:05:04 | Epoch  25/100 | Train Loss 0.2377 Acc 0.9948 | Val Loss 0.4461 Acc 0.9814 AUC 0.9993 Pre 0.9814 Rec 0.9812
2026-09-14 21:05:10 | Epoch  26/100 | Train Loss 0.2260 Acc 0.9951 | Val Loss 0.4358 Acc 0.9815 AUC 0.9993 Pre 0.9814 Rec 0.9814
2026-09-14 21:05:15 | Epoch  27/100 | Train Loss 0.2112 Acc 0.9956 | Val Loss 0.3955 Acc 0.9821 AUC 0.9994 Pre 0.9819 Rec 0.9820
2026-09-14 21:05:15 |   Val AUC improved to 0.9994, model saved
2026-09-14 21:05:19 | Epoch  28/100 | Train Loss 0.1981 Acc 0.9959 | Val Loss 0.3986 Acc 0.9828 AUC 0.9994 Pre 0.9826 Rec 0.9827
2026-09-14 21:05:25 | Epoch  29/100 | Train Loss 0.1971 Acc 0.9955 | Val Loss 0.3902 Acc 0.9814 AUC 0.9993 Pre 0.9812 Rec 0.9812
2026-09-14 21:05:30 | Epoch  30/100 | Train Loss 0.1947 Acc 0.9953 | Val Loss 0.3800 Acc 0.9825 AUC 0.9994 Pre 0.9823 Rec 0.9823
2026-09-14 21:05:30 |   Val AUC improved to 0.9994, model saved
2026-09-14 21:05:34 | Epoch  31/100 | Train Loss 0.1688 Acc 0.9964 | Val Loss 0.3823 Acc 0.9815 AUC 0.9993 Pre 0.9813 Rec 0.9813
2026-09-14 21:05:39 | Epoch  32/100 | Train Loss 0.1608 Acc 0.9969 | Val Loss 0.3617 Acc 0.9820 AUC 0.9993 Pre 0.9819 Rec 0.9818
2026-09-14 21:05:44 | Epoch  33/100 | Train Loss 0.1655 Acc 0.9960 | Val Loss 0.3562 Acc 0.9830 AUC 0.9994 Pre 0.9828 Rec 0.9828
2026-09-14 21:05:48 | Epoch  34/100 | Train Loss 0.1574 Acc 0.9964 | Val Loss 0.3520 Acc 0.9821 AUC 0.9993 Pre 0.9820 Rec 0.9819
2026-09-14 21:05:53 | Epoch  35/100 | Train Loss 0.1608 Acc 0.9957 | Val Loss 0.3384 Acc 0.9826 AUC 0.9994 Pre 0.9825 Rec 0.9823
2026-09-14 21:05:58 | Epoch  36/100 | Train Loss 0.1494 Acc 0.9963 | Val Loss 0.3401 Acc 0.9822 AUC 0.9994 Pre 0.9820 Rec 0.9820
2026-09-14 21:06:03 | Epoch  37/100 | Train Loss 0.1548 Acc 0.9959 | Val Loss 0.3349 Acc 0.9820 AUC 0.9994 Pre 0.9821 Rec 0.9817
2026-09-14 21:06:08 | Epoch  38/100 | Train Loss 0.1582 Acc 0.9955 | Val Loss 0.3451 Acc 0.9801 AUC 0.9994 Pre 0.9800 Rec 0.9799
2026-09-14 21:06:12 | Epoch  39/100 | Train Loss 0.1414 Acc 0.9962 | Val Loss 0.3218 Acc 0.9825 AUC 0.9993 Pre 0.9825 Rec 0.9822
2026-09-14 21:06:17 | Epoch  40/100 | Train Loss 0.1400 Acc 0.9962 | Val Loss 0.3088 Acc 0.9834 AUC 0.9994 Pre 0.9833 Rec 0.9831
2026-09-14 21:06:17 | Val AUC did not improve for 10 consecutive epochs, early stopping at Epoch 40 (best AUC 0.9994 @ Epoch 30)
2026-09-14 21:06:18 | Run 2/5 | Test (best model @ Epoch 30) | Loss 0.3322 Acc 0.9855 AUC 0.9995 Pre 0.9855 Rec 0.9853
2026-09-14 21:06:18 | ===== Run 3/5 (seed 2) =====
2026-09-14 21:06:22 | Epoch   1/100 | Train Loss 6.4850 Acc 0.8390 | Val Loss 3.0364 Acc 0.9442 AUC 0.9967 Pre 0.9442 Rec 0.9432
2026-09-14 21:06:22 |   Val AUC improved to 0.9967, model saved
2026-09-14 21:06:27 | Epoch   2/100 | Train Loss 2.8593 Acc 0.9435 | Val Loss 2.0139 Acc 0.9592 AUC 0.9979 Pre 0.9595 Rec 0.9584
2026-09-14 21:06:27 |   Val AUC improved to 0.9979, model saved
2026-09-14 21:06:32 | Epoch   3/100 | Train Loss 1.9223 Acc 0.9618 | Val Loss 1.6114 Acc 0.9665 AUC 0.9983 Pre 0.9662 Rec 0.9666
2026-09-14 21:06:32 |   Val AUC improved to 0.9983, model saved
2026-09-14 21:06:36 | Epoch   4/100 | Train Loss 1.4590 Acc 0.9696 | Val Loss 1.2503 Acc 0.9723 AUC 0.9988 Pre 0.9721 Rec 0.9719
2026-09-14 21:06:36 |   Val AUC improved to 0.9988, model saved
2026-09-14 21:06:41 | Epoch   5/100 | Train Loss 1.2020 Acc 0.9748 | Val Loss 1.1243 Acc 0.9735 AUC 0.9988 Pre 0.9733 Rec 0.9733
2026-09-14 21:06:41 |   Val AUC improved to 0.9988, model saved
2026-09-14 21:06:45 | Epoch   6/100 | Train Loss 0.9975 Acc 0.9792 | Val Loss 0.9934 Acc 0.9760 AUC 0.9990 Pre 0.9757 Rec 0.9759
2026-09-14 21:06:45 |   Val AUC improved to 0.9990, model saved
2026-09-14 21:06:49 | Epoch   7/100 | Train Loss 0.8769 Acc 0.9819 | Val Loss 0.9383 Acc 0.9755 AUC 0.9990 Pre 0.9753 Rec 0.9754
2026-09-14 21:06:54 | Epoch   8/100 | Train Loss 0.7863 Acc 0.9842 | Val Loss 0.8187 Acc 0.9769 AUC 0.9991 Pre 0.9770 Rec 0.9765
2026-09-14 21:06:54 |   Val AUC improved to 0.9991, model saved
2026-09-14 21:06:58 | Epoch   9/100 | Train Loss 0.6944 Acc 0.9850 | Val Loss 0.7758 Acc 0.9793 AUC 0.9992 Pre 0.9792 Rec 0.9791
2026-09-14 21:06:58 |   Val AUC improved to 0.9992, model saved
2026-09-14 21:07:03 | Epoch  10/100 | Train Loss 0.6002 Acc 0.9880 | Val Loss 0.7215 Acc 0.9796 AUC 0.9992 Pre 0.9795 Rec 0.9792
2026-09-14 21:07:03 |   Val AUC improved to 0.9992, model saved
2026-09-14 21:07:07 | Epoch  11/100 | Train Loss 0.5622 Acc 0.9884 | Val Loss 0.7143 Acc 0.9793 AUC 0.9991 Pre 0.9793 Rec 0.9790
2026-09-14 21:07:12 | Epoch  12/100 | Train Loss 0.5033 Acc 0.9899 | Val Loss 0.6588 Acc 0.9805 AUC 0.9992 Pre 0.9804 Rec 0.9803
2026-09-14 21:07:16 | Epoch  13/100 | Train Loss 0.4654 Acc 0.9904 | Val Loss 0.6742 Acc 0.9798 AUC 0.9992 Pre 0.9798 Rec 0.9795
2026-09-14 21:07:21 | Epoch  14/100 | Train Loss 0.4368 Acc 0.9909 | Val Loss 0.6321 Acc 0.9804 AUC 0.9993 Pre 0.9804 Rec 0.9801
2026-09-14 21:07:21 |   Val AUC improved to 0.9993, model saved
2026-09-14 21:07:25 | Epoch  15/100 | Train Loss 0.4151 Acc 0.9911 | Val Loss 0.6071 Acc 0.9806 AUC 0.9992 Pre 0.9805 Rec 0.9804
2026-09-14 21:07:30 | Epoch  16/100 | Train Loss 0.3876 Acc 0.9916 | Val Loss 0.5603 Acc 0.9806 AUC 0.9993 Pre 0.9806 Rec 0.9803
2026-09-14 21:07:30 |   Val AUC improved to 0.9993, model saved
2026-09-14 21:07:34 | Epoch  17/100 | Train Loss 0.3541 Acc 0.9926 | Val Loss 0.5265 Acc 0.9812 AUC 0.9994 Pre 0.9811 Rec 0.9810
2026-09-14 21:07:34 |   Val AUC improved to 0.9994, model saved
2026-09-14 21:07:39 | Epoch  18/100 | Train Loss 0.3217 Acc 0.9934 | Val Loss 0.5322 Acc 0.9813 AUC 0.9993 Pre 0.9813 Rec 0.9811
2026-09-14 21:07:43 | Epoch  19/100 | Train Loss 0.3196 Acc 0.9933 | Val Loss 0.5031 Acc 0.9819 AUC 0.9994 Pre 0.9817 Rec 0.9817
2026-09-14 21:07:43 |   Val AUC improved to 0.9994, model saved
2026-09-14 21:07:48 | Epoch  20/100 | Train Loss 0.2833 Acc 0.9943 | Val Loss 0.4786 Acc 0.9815 AUC 0.9993 Pre 0.9814 Rec 0.9813
2026-09-14 21:07:53 | Epoch  21/100 | Train Loss 0.2765 Acc 0.9943 | Val Loss 0.4643 Acc 0.9822 AUC 0.9993 Pre 0.9821 Rec 0.9820
2026-09-14 21:07:57 | Epoch  22/100 | Train Loss 0.2707 Acc 0.9940 | Val Loss 0.4598 Acc 0.9830 AUC 0.9994 Pre 0.9829 Rec 0.9828
2026-09-14 21:08:01 | Epoch  23/100 | Train Loss 0.2510 Acc 0.9947 | Val Loss 0.4648 Acc 0.9808 AUC 0.9993 Pre 0.9809 Rec 0.9805
2026-09-14 21:08:06 | Epoch  24/100 | Train Loss 0.2378 Acc 0.9945 | Val Loss 0.4357 Acc 0.9824 AUC 0.9993 Pre 0.9824 Rec 0.9821
2026-09-14 21:08:11 | Epoch  25/100 | Train Loss 0.2242 Acc 0.9950 | Val Loss 0.4066 Acc 0.9828 AUC 0.9994 Pre 0.9827 Rec 0.9826
2026-09-14 21:08:11 |   Val AUC improved to 0.9994, model saved
2026-09-14 21:08:16 | Epoch  26/100 | Train Loss 0.2113 Acc 0.9955 | Val Loss 0.3980 Acc 0.9836 AUC 0.9994 Pre 0.9836 Rec 0.9834
2026-09-14 21:08:20 | Epoch  27/100 | Train Loss 0.2085 Acc 0.9952 | Val Loss 0.3765 Acc 0.9831 AUC 0.9994 Pre 0.9831 Rec 0.9829
2026-09-14 21:08:20 |   Val AUC improved to 0.9994, model saved
2026-09-14 21:08:25 | Epoch  28/100 | Train Loss 0.1965 Acc 0.9955 | Val Loss 0.3810 Acc 0.9824 AUC 0.9994 Pre 0.9824 Rec 0.9822
2026-09-14 21:08:29 | Epoch  29/100 | Train Loss 0.1851 Acc 0.9959 | Val Loss 0.3683 Acc 0.9830 AUC 0.9995 Pre 0.9829 Rec 0.9827
2026-09-14 21:08:29 |   Val AUC improved to 0.9995, model saved
2026-09-14 21:08:34 | Epoch  30/100 | Train Loss 0.1799 Acc 0.9956 | Val Loss 0.3585 Acc 0.9829 AUC 0.9995 Pre 0.9829 Rec 0.9826
2026-09-14 21:08:34 |   Val AUC improved to 0.9995, model saved
2026-09-14 21:08:38 | Epoch  31/100 | Train Loss 0.1812 Acc 0.9955 | Val Loss 0.3430 Acc 0.9836 AUC 0.9995 Pre 0.9835 Rec 0.9835
2026-09-14 21:08:43 | Epoch  32/100 | Train Loss 0.1604 Acc 0.9963 | Val Loss 0.3390 Acc 0.9827 AUC 0.9995 Pre 0.9827 Rec 0.9824
2026-09-14 21:08:47 | Epoch  33/100 | Train Loss 0.1607 Acc 0.9961 | Val Loss 0.3449 Acc 0.9820 AUC 0.9994 Pre 0.9820 Rec 0.9817
2026-09-14 21:08:52 | Epoch  34/100 | Train Loss 0.1624 Acc 0.9958 | Val Loss 0.3277 Acc 0.9831 AUC 0.9994 Pre 0.9831 Rec 0.9828
2026-09-14 21:08:57 | Epoch  35/100 | Train Loss 0.1563 Acc 0.9962 | Val Loss 0.3235 Acc 0.9827 AUC 0.9994 Pre 0.9828 Rec 0.9824
2026-09-14 21:09:01 | Epoch  36/100 | Train Loss 0.1357 Acc 0.9969 | Val Loss 0.3195 Acc 0.9815 AUC 0.9995 Pre 0.9814 Rec 0.9813
2026-09-14 21:09:06 | Epoch  37/100 | Train Loss 0.1345 Acc 0.9968 | Val Loss 0.3086 Acc 0.9835 AUC 0.9995 Pre 0.9835 Rec 0.9832
2026-09-14 21:09:11 | Epoch  38/100 | Train Loss 0.1415 Acc 0.9958 | Val Loss 0.3019 Acc 0.9837 AUC 0.9994 Pre 0.9837 Rec 0.9834
2026-09-14 21:09:15 | Epoch  39/100 | Train Loss 0.1361 Acc 0.9961 | Val Loss 0.3012 Acc 0.9833 AUC 0.9994 Pre 0.9832 Rec 0.9831
2026-09-14 21:09:20 | Epoch  40/100 | Train Loss 0.1393 Acc 0.9958 | Val Loss 0.3136 Acc 0.9830 AUC 0.9994 Pre 0.9829 Rec 0.9827
2026-09-14 21:09:20 | Val AUC did not improve for 10 consecutive epochs, early stopping at Epoch 40 (best AUC 0.9995 @ Epoch 30)
2026-09-14 21:09:21 | Run 3/5 | Test (best model @ Epoch 30) | Loss 0.3145 Acc 0.9845 AUC 0.9996 Pre 0.9845 Rec 0.9844
2026-09-14 21:09:21 | ===== Run 4/5 (seed 3) =====
2026-09-14 21:09:25 | Epoch   1/100 | Train Loss 6.5735 Acc 0.8383 | Val Loss 3.1298 Acc 0.9425 AUC 0.9965 Pre 0.9424 Rec 0.9416
2026-09-14 21:09:25 |   Val AUC improved to 0.9965, model saved
2026-09-14 21:09:30 | Epoch   2/100 | Train Loss 2.8532 Acc 0.9451 | Val Loss 2.0928 Acc 0.9574 AUC 0.9976 Pre 0.9575 Rec 0.9568
2026-09-14 21:09:30 |   Val AUC improved to 0.9976, model saved
2026-09-14 21:09:35 | Epoch   3/100 | Train Loss 1.9537 Acc 0.9608 | Val Loss 1.5863 Acc 0.9678 AUC 0.9984 Pre 0.9681 Rec 0.9673
2026-09-14 21:09:35 |   Val AUC improved to 0.9984, model saved
2026-09-14 21:09:40 | Epoch   4/100 | Train Loss 1.4859 Acc 0.9692 | Val Loss 1.2795 Acc 0.9705 AUC 0.9987 Pre 0.9702 Rec 0.9704
2026-09-14 21:09:40 |   Val AUC improved to 0.9987, model saved
2026-09-14 21:09:45 | Epoch   5/100 | Train Loss 1.2061 Acc 0.9747 | Val Loss 1.1808 Acc 0.9722 AUC 0.9988 Pre 0.9722 Rec 0.9718
2026-09-14 21:09:45 |   Val AUC improved to 0.9988, model saved
2026-09-14 21:09:50 | Epoch   6/100 | Train Loss 1.0079 Acc 0.9791 | Val Loss 1.0205 Acc 0.9763 AUC 0.9990 Pre 0.9761 Rec 0.9760
2026-09-14 21:09:50 |   Val AUC improved to 0.9990, model saved
2026-09-14 21:09:55 | Epoch   7/100 | Train Loss 0.8802 Acc 0.9818 | Val Loss 0.9133 Acc 0.9785 AUC 0.9991 Pre 0.9783 Rec 0.9784
2026-09-14 21:09:55 |   Val AUC improved to 0.9991, model saved
2026-09-14 21:09:59 | Epoch   8/100 | Train Loss 0.7635 Acc 0.9835 | Val Loss 0.8280 Acc 0.9785 AUC 0.9992 Pre 0.9783 Rec 0.9784
2026-09-14 21:09:59 |   Val AUC improved to 0.9992, model saved
2026-09-14 21:10:04 | Epoch   9/100 | Train Loss 0.7018 Acc 0.9857 | Val Loss 0.8498 Acc 0.9791 AUC 0.9990 Pre 0.9790 Rec 0.9788
2026-09-14 21:10:09 | Epoch  10/100 | Train Loss 0.6226 Acc 0.9870 | Val Loss 0.7640 Acc 0.9800 AUC 0.9991 Pre 0.9800 Rec 0.9797
2026-09-14 21:10:14 | Epoch  11/100 | Train Loss 0.5546 Acc 0.9889 | Val Loss 0.6947 Acc 0.9804 AUC 0.9993 Pre 0.9802 Rec 0.9803
2026-09-14 21:10:14 |   Val AUC improved to 0.9993, model saved
2026-09-14 21:10:19 | Epoch  12/100 | Train Loss 0.5140 Acc 0.9897 | Val Loss 0.6875 Acc 0.9800 AUC 0.9992 Pre 0.9800 Rec 0.9797
2026-09-14 21:10:24 | Epoch  13/100 | Train Loss 0.4667 Acc 0.9903 | Val Loss 0.6355 Acc 0.9795 AUC 0.9993 Pre 0.9795 Rec 0.9791
2026-09-14 21:10:24 |   Val AUC improved to 0.9993, model saved
2026-09-14 21:10:28 | Epoch  14/100 | Train Loss 0.4511 Acc 0.9913 | Val Loss 0.6602 Acc 0.9797 AUC 0.9992 Pre 0.9796 Rec 0.9795
2026-09-14 21:10:33 | Epoch  15/100 | Train Loss 0.4116 Acc 0.9918 | Val Loss 0.5854 Acc 0.9811 AUC 0.9993 Pre 0.9811 Rec 0.9809
2026-09-14 21:10:33 |   Val AUC improved to 0.9993, model saved
2026-09-14 21:10:38 | Epoch  16/100 | Train Loss 0.3774 Acc 0.9924 | Val Loss 0.5577 Acc 0.9814 AUC 0.9993 Pre 0.9812 Rec 0.9812
2026-09-14 21:10:38 |   Val AUC improved to 0.9993, model saved
2026-09-14 21:10:43 | Epoch  17/100 | Train Loss 0.3506 Acc 0.9930 | Val Loss 0.5630 Acc 0.9818 AUC 0.9993 Pre 0.9817 Rec 0.9816
2026-09-14 21:10:48 | Epoch  18/100 | Train Loss 0.3481 Acc 0.9925 | Val Loss 0.5235 Acc 0.9814 AUC 0.9993 Pre 0.9813 Rec 0.9812
2026-09-14 21:10:48 |   Val AUC improved to 0.9993, model saved
2026-09-14 21:10:53 | Epoch  19/100 | Train Loss 0.3295 Acc 0.9931 | Val Loss 0.5230 Acc 0.9801 AUC 0.9993 Pre 0.9801 Rec 0.9799
2026-09-14 21:10:53 |   Val AUC improved to 0.9993, model saved
2026-09-14 21:10:58 | Epoch  20/100 | Train Loss 0.3070 Acc 0.9935 | Val Loss 0.4953 Acc 0.9825 AUC 0.9994 Pre 0.9823 Rec 0.9824
2026-09-14 21:10:58 |   Val AUC improved to 0.9994, model saved
2026-09-14 21:11:03 | Epoch  21/100 | Train Loss 0.2772 Acc 0.9948 | Val Loss 0.4441 Acc 0.9821 AUC 0.9994 Pre 0.9820 Rec 0.9819
2026-09-14 21:11:03 |   Val AUC improved to 0.9994, model saved
2026-09-14 21:11:08 | Epoch  22/100 | Train Loss 0.2532 Acc 0.9953 | Val Loss 0.4586 Acc 0.9817 AUC 0.9994 Pre 0.9816 Rec 0.9814
2026-09-14 21:11:13 | Epoch  23/100 | Train Loss 0.2592 Acc 0.9945 | Val Loss 0.4451 Acc 0.9815 AUC 0.9994 Pre 0.9813 Rec 0.9813
2026-09-14 21:11:18 | Epoch  24/100 | Train Loss 0.2403 Acc 0.9949 | Val Loss 0.4195 Acc 0.9826 AUC 0.9995 Pre 0.9824 Rec 0.9825
2026-09-14 21:11:18 |   Val AUC improved to 0.9995, model saved
2026-09-14 21:11:23 | Epoch  25/100 | Train Loss 0.2327 Acc 0.9952 | Val Loss 0.4054 Acc 0.9829 AUC 0.9994 Pre 0.9827 Rec 0.9828
2026-09-14 21:11:28 | Epoch  26/100 | Train Loss 0.2137 Acc 0.9955 | Val Loss 0.3853 Acc 0.9839 AUC 0.9995 Pre 0.9838 Rec 0.9836
2026-09-14 21:11:28 |   Val AUC improved to 0.9995, model saved
2026-09-14 21:11:33 | Epoch  27/100 | Train Loss 0.2043 Acc 0.9960 | Val Loss 0.3926 Acc 0.9829 AUC 0.9994 Pre 0.9829 Rec 0.9827
2026-09-14 21:11:38 | Epoch  28/100 | Train Loss 0.1985 Acc 0.9958 | Val Loss 0.3849 Acc 0.9822 AUC 0.9995 Pre 0.9820 Rec 0.9820
2026-09-14 21:11:43 | Epoch  29/100 | Train Loss 0.1977 Acc 0.9957 | Val Loss 0.3729 Acc 0.9834 AUC 0.9995 Pre 0.9834 Rec 0.9831
2026-09-14 21:11:48 | Epoch  30/100 | Train Loss 0.1856 Acc 0.9961 | Val Loss 0.3618 Acc 0.9827 AUC 0.9994 Pre 0.9826 Rec 0.9825
2026-09-14 21:11:53 | Epoch  31/100 | Train Loss 0.1785 Acc 0.9959 | Val Loss 0.3665 Acc 0.9828 AUC 0.9995 Pre 0.9827 Rec 0.9827
2026-09-14 21:11:58 | Epoch  32/100 | Train Loss 0.1879 Acc 0.9951 | Val Loss 0.3759 Acc 0.9823 AUC 0.9994 Pre 0.9821 Rec 0.9820
2026-09-14 21:12:03 | Epoch  33/100 | Train Loss 0.1784 Acc 0.9953 | Val Loss 0.3489 Acc 0.9843 AUC 0.9994 Pre 0.9843 Rec 0.9841
2026-09-14 21:12:08 | Epoch  34/100 | Train Loss 0.1665 Acc 0.9958 | Val Loss 0.3468 Acc 0.9828 AUC 0.9993 Pre 0.9828 Rec 0.9827
2026-09-14 21:12:13 | Epoch  35/100 | Train Loss 0.1643 Acc 0.9954 | Val Loss 0.3351 Acc 0.9829 AUC 0.9994 Pre 0.9828 Rec 0.9827
2026-09-14 21:12:19 | Epoch  36/100 | Train Loss 0.1552 Acc 0.9963 | Val Loss 0.3320 Acc 0.9835 AUC 0.9994 Pre 0.9836 Rec 0.9833
2026-09-14 21:12:19 | Val AUC did not improve for 10 consecutive epochs, early stopping at Epoch 36 (best AUC 0.9995 @ Epoch 26)
2026-09-14 21:12:19 | Run 4/5 | Test (best model @ Epoch 26) | Loss 0.3756 Acc 0.9842 AUC 0.9995 Pre 0.9841 Rec 0.9840
2026-09-14 21:12:19 | ===== Run 5/5 (seed 4) =====
2026-09-14 21:12:25 | Epoch   1/100 | Train Loss 6.6104 Acc 0.8362 | Val Loss 3.1961 Acc 0.9417 AUC 0.9960 Pre 0.9425 Rec 0.9407
2026-09-14 21:12:25 |   Val AUC improved to 0.9960, model saved
2026-09-14 21:12:30 | Epoch   2/100 | Train Loss 2.8999 Acc 0.9446 | Val Loss 2.1017 Acc 0.9596 AUC 0.9977 Pre 0.9596 Rec 0.9593
2026-09-14 21:12:30 |   Val AUC improved to 0.9977, model saved
2026-09-14 21:12:35 | Epoch   3/100 | Train Loss 1.9482 Acc 0.9613 | Val Loss 1.6378 Acc 0.9668 AUC 0.9981 Pre 0.9666 Rec 0.9665
2026-09-14 21:12:35 |   Val AUC improved to 0.9981, model saved
2026-09-14 21:12:40 | Epoch   4/100 | Train Loss 1.5406 Acc 0.9683 | Val Loss 1.3443 Acc 0.9706 AUC 0.9986 Pre 0.9703 Rec 0.9702
2026-09-14 21:12:40 |   Val AUC improved to 0.9986, model saved
2026-09-14 21:12:45 | Epoch   5/100 | Train Loss 1.2243 Acc 0.9748 | Val Loss 1.1712 Acc 0.9723 AUC 0.9988 Pre 0.9720 Rec 0.9722
2026-09-14 21:12:45 |   Val AUC improved to 0.9988, model saved
2026-09-14 21:12:50 | Epoch   6/100 | Train Loss 1.0483 Acc 0.9784 | Val Loss 1.1024 Acc 0.9742 AUC 0.9988 Pre 0.9744 Rec 0.9736
2026-09-14 21:12:50 |   Val AUC improved to 0.9988, model saved
2026-09-14 21:12:55 | Epoch   7/100 | Train Loss 0.9250 Acc 0.9811 | Val Loss 0.9456 Acc 0.9765 AUC 0.9990 Pre 0.9763 Rec 0.9763
2026-09-14 21:12:55 |   Val AUC improved to 0.9990, model saved
2026-09-14 21:13:00 | Epoch   8/100 | Train Loss 0.7872 Acc 0.9838 | Val Loss 0.9091 Acc 0.9776 AUC 0.9989 Pre 0.9773 Rec 0.9775
2026-09-14 21:13:05 | Epoch   9/100 | Train Loss 0.7145 Acc 0.9858 | Val Loss 0.8761 Acc 0.9774 AUC 0.9989 Pre 0.9773 Rec 0.9772
2026-09-14 21:13:10 | Epoch  10/100 | Train Loss 0.6544 Acc 0.9861 | Val Loss 0.7781 Acc 0.9790 AUC 0.9992 Pre 0.9787 Rec 0.9789
2026-09-14 21:13:10 |   Val AUC improved to 0.9992, model saved
2026-09-14 21:13:15 | Epoch  11/100 | Train Loss 0.5851 Acc 0.9880 | Val Loss 0.7581 Acc 0.9794 AUC 0.9991 Pre 0.9793 Rec 0.9791
2026-09-14 21:13:21 | Epoch  12/100 | Train Loss 0.5624 Acc 0.9881 | Val Loss 0.6913 Acc 0.9799 AUC 0.9992 Pre 0.9797 Rec 0.9798
2026-09-14 21:13:21 |   Val AUC improved to 0.9992, model saved
2026-09-14 21:13:26 | Epoch  13/100 | Train Loss 0.4833 Acc 0.9901 | Val Loss 0.6507 Acc 0.9802 AUC 0.9993 Pre 0.9801 Rec 0.9801
2026-09-14 21:13:26 |   Val AUC improved to 0.9993, model saved
2026-09-14 21:13:31 | Epoch  14/100 | Train Loss 0.4465 Acc 0.9912 | Val Loss 0.6171 Acc 0.9810 AUC 0.9993 Pre 0.9808 Rec 0.9809
2026-09-14 21:13:37 | Epoch  15/100 | Train Loss 0.4130 Acc 0.9919 | Val Loss 0.5969 Acc 0.9810 AUC 0.9992 Pre 0.9809 Rec 0.9808
2026-09-14 21:13:42 | Epoch  16/100 | Train Loss 0.3983 Acc 0.9915 | Val Loss 0.5841 Acc 0.9812 AUC 0.9993 Pre 0.9810 Rec 0.9810
2026-09-14 21:13:42 |   Val AUC improved to 0.9993, model saved
2026-09-14 21:13:47 | Epoch  17/100 | Train Loss 0.3795 Acc 0.9920 | Val Loss 0.5628 Acc 0.9825 AUC 0.9992 Pre 0.9823 Rec 0.9823
2026-09-14 21:13:52 | Epoch  18/100 | Train Loss 0.3415 Acc 0.9935 | Val Loss 0.5277 Acc 0.9817 AUC 0.9993 Pre 0.9816 Rec 0.9814
2026-09-14 21:13:52 |   Val AUC improved to 0.9993, model saved
2026-09-14 21:13:58 | Epoch  19/100 | Train Loss 0.3176 Acc 0.9934 | Val Loss 0.5375 Acc 0.9812 AUC 0.9993 Pre 0.9811 Rec 0.9810
2026-09-14 21:14:03 | Epoch  20/100 | Train Loss 0.3037 Acc 0.9936 | Val Loss 0.4696 Acc 0.9829 AUC 0.9994 Pre 0.9828 Rec 0.9827
2026-09-14 21:14:03 |   Val AUC improved to 0.9994, model saved
2026-09-14 21:14:08 | Epoch  21/100 | Train Loss 0.2897 Acc 0.9937 | Val Loss 0.4866 Acc 0.9811 AUC 0.9994 Pre 0.9809 Rec 0.9809
2026-09-14 21:14:13 | Epoch  22/100 | Train Loss 0.2773 Acc 0.9945 | Val Loss 0.4660 Acc 0.9825 AUC 0.9993 Pre 0.9824 Rec 0.9823
2026-09-14 21:14:18 | Epoch  23/100 | Train Loss 0.2531 Acc 0.9951 | Val Loss 0.4577 Acc 0.9828 AUC 0.9993 Pre 0.9827 Rec 0.9826
2026-09-14 21:14:24 | Epoch  24/100 | Train Loss 0.2521 Acc 0.9944 | Val Loss 0.4312 Acc 0.9810 AUC 0.9994 Pre 0.9807 Rec 0.9809
2026-09-14 21:14:24 |   Val AUC improved to 0.9994, model saved
2026-09-14 21:14:29 | Epoch  25/100 | Train Loss 0.2399 Acc 0.9950 | Val Loss 0.4231 Acc 0.9819 AUC 0.9994 Pre 0.9817 Rec 0.9817
2026-09-14 21:14:34 | Epoch  26/100 | Train Loss 0.2286 Acc 0.9950 | Val Loss 0.4117 Acc 0.9822 AUC 0.9994 Pre 0.9822 Rec 0.9820
2026-09-14 21:14:34 |   Val AUC improved to 0.9994, model saved
2026-09-14 21:14:40 | Epoch  27/100 | Train Loss 0.2084 Acc 0.9957 | Val Loss 0.4003 Acc 0.9832 AUC 0.9993 Pre 0.9831 Rec 0.9830
2026-09-14 21:14:45 | Epoch  28/100 | Train Loss 0.2104 Acc 0.9951 | Val Loss 0.4045 Acc 0.9815 AUC 0.9994 Pre 0.9815 Rec 0.9812
2026-09-14 21:14:50 | Epoch  29/100 | Train Loss 0.1986 Acc 0.9954 | Val Loss 0.3888 Acc 0.9824 AUC 0.9994 Pre 0.9825 Rec 0.9821
2026-09-14 21:14:55 | Epoch  30/100 | Train Loss 0.1939 Acc 0.9954 | Val Loss 0.3573 Acc 0.9830 AUC 0.9995 Pre 0.9830 Rec 0.9827
2026-09-14 21:14:55 |   Val AUC improved to 0.9995, model saved
2026-09-14 21:15:00 | Epoch  31/100 | Train Loss 0.1795 Acc 0.9960 | Val Loss 0.3408 Acc 0.9827 AUC 0.9995 Pre 0.9826 Rec 0.9825
2026-09-14 21:15:00 |   Val AUC improved to 0.9995, model saved
2026-09-14 21:15:05 | Epoch  32/100 | Train Loss 0.1782 Acc 0.9957 | Val Loss 0.3623 Acc 0.9834 AUC 0.9993 Pre 0.9834 Rec 0.9831
2026-09-14 21:15:10 | Epoch  33/100 | Train Loss 0.1803 Acc 0.9958 | Val Loss 0.3350 Acc 0.9829 AUC 0.9995 Pre 0.9828 Rec 0.9827
2026-09-14 21:15:15 | Epoch  34/100 | Train Loss 0.1618 Acc 0.9963 | Val Loss 0.3307 Acc 0.9831 AUC 0.9994 Pre 0.9830 Rec 0.9828
2026-09-14 21:15:21 | Epoch  35/100 | Train Loss 0.1606 Acc 0.9959 | Val Loss 0.3396 Acc 0.9823 AUC 0.9994 Pre 0.9823 Rec 0.9820
2026-09-14 21:15:26 | Epoch  36/100 | Train Loss 0.1578 Acc 0.9959 | Val Loss 0.3191 Acc 0.9845 AUC 0.9995 Pre 0.9844 Rec 0.9843
2026-09-14 21:15:31 | Epoch  37/100 | Train Loss 0.1519 Acc 0.9960 | Val Loss 0.3167 Acc 0.9838 AUC 0.9995 Pre 0.9838 Rec 0.9836
2026-09-14 21:15:36 | Epoch  38/100 | Train Loss 0.1540 Acc 0.9954 | Val Loss 0.3249 Acc 0.9832 AUC 0.9995 Pre 0.9833 Rec 0.9830
2026-09-14 21:15:41 | Epoch  39/100 | Train Loss 0.1480 Acc 0.9958 | Val Loss 0.2979 Acc 0.9840 AUC 0.9995 Pre 0.9839 Rec 0.9838
2026-09-14 21:15:46 | Epoch  40/100 | Train Loss 0.1471 Acc 0.9956 | Val Loss 0.3055 Acc 0.9820 AUC 0.9995 Pre 0.9819 Rec 0.9818
2026-09-14 21:15:51 | Epoch  41/100 | Train Loss 0.1361 Acc 0.9960 | Val Loss 0.3066 Acc 0.9822 AUC 0.9994 Pre 0.9823 Rec 0.9819
2026-09-14 21:15:51 | Val AUC did not improve for 10 consecutive epochs, early stopping at Epoch 41 (best AUC 0.9995 @ Epoch 31)
2026-09-14 21:15:52 | Run 5/5 | Test (best model @ Epoch 31) | Loss 0.3148 Acc 0.9858 AUC 0.9996 Pre 0.9858 Rec 0.9856
2026-09-14 21:15:52 | Average over 5 runs | Test Loss 0.3180±0.0441 Acc 0.9852±0.0008 AUC 0.9995±0.0001 Pre 0.9852±0.0008 Rec 0.9850±0.0008
