2026-09-02 16:45:04 | Device: cuda
2026-09-02 16:45:04 | Args: {'model': 'opb', 'backbone': 'rnn', 'task': 'agnews', 'epochs': 100, 'batch_size': 512, 'lr': 0.001, 'hidden_dims': [512, 256], 'dropout': 0.2, 'z_dim': 256, 'anchor_scale': 6.0, 'energy_classifier': True, 'tied_head': False, 'max_len': 250, 'random_labels': False, 'beta': 0.01, 'patience': 10, 'runs': 5, 'seed': 0, 'data_dir': './data', 'save_path': 'output/agnews_rnn_opb/agnews_rnn_opb.pt', 'log_path': '/root/autodl-tmp/IB/tune_results/agnews_rnn_opb_beta_0.01_anchor_6/train.log', 'no_save': True}
2026-09-02 16:45:04 | AG News 特征文件：agnews_bert_base_layer10_pca50_features.npy（input_dim=50）
2026-09-02 16:45:04 | AG News 预处理缓存：mmap 共享 ./data/agnews/agnews_bert_base_layer10_pca50_features_fp32.npy
2026-09-02 16:45:04 | AG News BERT 特征划分（60/20/20 分层）：train 76560 / val 25520 / test 25520（共 127600 条）
2026-09-02 16:45:04 | ===== Run 1/5 (seed 0) =====
2026-09-02 16:45:37 | Epoch   1/100 | Train Loss 1.3012 Acc 0.7759 | Val Loss 0.5327 Acc 0.8842 AUC 0.9712 Pre 0.8877 Rec 0.8842
2026-09-02 16:45:37 |   Val AUC improved to 0.9712, model saved
2026-09-02 16:46:04 | Epoch   2/100 | Train Loss 0.5928 Acc 0.8748 | Val Loss 0.4920 Acc 0.8935 AUC 0.9750 Pre 0.8959 Rec 0.8935
2026-09-02 16:46:04 |   Val AUC improved to 0.9750, model saved
2026-09-02 16:46:32 | Epoch   3/100 | Train Loss 0.5132 Acc 0.8891 | Val Loss 0.4454 Acc 0.9001 AUC 0.9817 Pre 0.9027 Rec 0.9001
2026-09-02 16:46:32 |   Val AUC improved to 0.9817, model saved
2026-09-02 16:47:02 | Epoch   4/100 | Train Loss 0.4658 Acc 0.8953 | Val Loss 0.4178 Acc 0.9047 AUC 0.9831 Pre 0.9041 Rec 0.9047
2026-09-02 16:47:02 |   Val AUC improved to 0.9831, model saved
2026-09-02 16:47:35 | Epoch   5/100 | Train Loss 0.4205 Acc 0.9043 | Val Loss 0.4133 Acc 0.9092 AUC 0.9835 Pre 0.9088 Rec 0.9092
2026-09-02 16:47:35 |   Val AUC improved to 0.9835, model saved
2026-09-02 16:48:09 | Epoch   6/100 | Train Loss 0.3971 Acc 0.9085 | Val Loss 0.3893 Acc 0.9107 AUC 0.9859 Pre 0.9133 Rec 0.9107
2026-09-02 16:48:09 |   Val AUC improved to 0.9859, model saved
2026-09-02 16:48:42 | Epoch   7/100 | Train Loss 0.3660 Acc 0.9142 | Val Loss 0.3749 Acc 0.9120 AUC 0.9867 Pre 0.9129 Rec 0.9120
2026-09-02 16:48:42 |   Val AUC improved to 0.9867, model saved
2026-09-02 16:49:15 | Epoch   8/100 | Train Loss 0.3350 Acc 0.9194 | Val Loss 0.3586 Acc 0.9156 AUC 0.9872 Pre 0.9164 Rec 0.9156
2026-09-02 16:49:15 |   Val AUC improved to 0.9872, model saved
2026-09-02 16:49:48 | Epoch   9/100 | Train Loss 0.3187 Acc 0.9219 | Val Loss 0.3513 Acc 0.9163 AUC 0.9876 Pre 0.9174 Rec 0.9163
2026-09-02 16:49:48 |   Val AUC improved to 0.9876, model saved
2026-09-02 16:50:18 | Epoch  10/100 | Train Loss 0.2875 Acc 0.9291 | Val Loss 0.3654 Acc 0.9141 AUC 0.9878 Pre 0.9162 Rec 0.9141
2026-09-02 16:50:18 |   Val AUC improved to 0.9878, model saved
2026-09-02 16:50:44 | Epoch  11/100 | Train Loss 0.2673 Acc 0.9321 | Val Loss 0.3319 Acc 0.9160 AUC 0.9883 Pre 0.9188 Rec 0.9160
2026-09-02 16:50:44 |   Val AUC improved to 0.9883, model saved
2026-09-02 16:51:11 | Epoch  12/100 | Train Loss 0.2509 Acc 0.9350 | Val Loss 0.3211 Acc 0.9188 AUC 0.9885 Pre 0.9203 Rec 0.9188
2026-09-02 16:51:11 |   Val AUC improved to 0.9885, model saved
2026-09-02 16:51:39 | Epoch  13/100 | Train Loss 0.2327 Acc 0.9390 | Val Loss 0.3497 Acc 0.9176 AUC 0.9879 Pre 0.9195 Rec 0.9176
2026-09-02 16:52:08 | Epoch  14/100 | Train Loss 0.2128 Acc 0.9435 | Val Loss 0.3578 Acc 0.9185 AUC 0.9883 Pre 0.9200 Rec 0.9185
2026-09-02 16:52:36 | Epoch  15/100 | Train Loss 0.1965 Acc 0.9471 | Val Loss 0.3527 Acc 0.9188 AUC 0.9875 Pre 0.9191 Rec 0.9188
2026-09-02 16:53:04 | Epoch  16/100 | Train Loss 0.1836 Acc 0.9519 | Val Loss 0.3743 Acc 0.9213 AUC 0.9877 Pre 0.9230 Rec 0.9213
2026-09-02 16:53:30 | Epoch  17/100 | Train Loss 0.1668 Acc 0.9542 | Val Loss 0.3956 Acc 0.9213 AUC 0.9870 Pre 0.9216 Rec 0.9213
2026-09-02 16:53:59 | Epoch  18/100 | Train Loss 0.1573 Acc 0.9567 | Val Loss 0.4151 Acc 0.9193 AUC 0.9865 Pre 0.9216 Rec 0.9193
2026-09-02 16:54:27 | Epoch  19/100 | Train Loss 0.1394 Acc 0.9616 | Val Loss 0.4064 Acc 0.9200 AUC 0.9867 Pre 0.9198 Rec 0.9200
2026-09-02 16:54:54 | Epoch  20/100 | Train Loss 0.1299 Acc 0.9637 | Val Loss 0.4309 Acc 0.9164 AUC 0.9870 Pre 0.9193 Rec 0.9164
2026-09-02 16:55:22 | Epoch  21/100 | Train Loss 0.1186 Acc 0.9672 | Val Loss 0.5075 Acc 0.9183 AUC 0.9865 Pre 0.9211 Rec 0.9183
2026-09-02 16:55:50 | Epoch  22/100 | Train Loss 0.1043 Acc 0.9714 | Val Loss 0.4813 Acc 0.9184 AUC 0.9860 Pre 0.9181 Rec 0.9184
2026-09-02 16:55:50 | Val AUC did not improve for 10 consecutive epochs, early stopping at Epoch 22 (best AUC 0.9885 @ Epoch 12)
2026-09-02 16:55:55 | Run 1/5 | Test (best model @ Epoch 12) | Loss 0.3184 Acc 0.9214 AUC 0.9889 Pre 0.9225 Rec 0.9214
2026-09-02 16:55:55 | ===== Run 2/5 (seed 1) =====
2026-09-02 16:56:24 | Epoch   1/100 | Train Loss 1.2901 Acc 0.7728 | Val Loss 0.7942 Acc 0.7723 AUC 0.9431 Pre 0.7885 Rec 0.7723
2026-09-02 16:56:24 |   Val AUC improved to 0.9431, model saved
2026-09-02 16:56:50 | Epoch   2/100 | Train Loss 0.6404 Acc 0.8475 | Val Loss 0.4801 Acc 0.8868 AUC 0.9769 Pre 0.8883 Rec 0.8868
2026-09-02 16:56:51 |   Val AUC improved to 0.9769, model saved
2026-09-02 16:57:18 | Epoch   3/100 | Train Loss 0.5097 Acc 0.8829 | Val Loss 0.4614 Acc 0.8896 AUC 0.9784 Pre 0.8954 Rec 0.8896
2026-09-02 16:57:18 |   Val AUC improved to 0.9784, model saved
2026-09-02 16:57:45 | Epoch   4/100 | Train Loss 0.4791 Acc 0.8896 | Val Loss 0.4187 Acc 0.8998 AUC 0.9813 Pre 0.9012 Rec 0.8998
2026-09-02 16:57:45 |   Val AUC improved to 0.9813, model saved
2026-09-02 16:58:13 | Epoch   5/100 | Train Loss 0.4441 Acc 0.8955 | Val Loss 0.4024 Acc 0.9029 AUC 0.9832 Pre 0.9053 Rec 0.9029
2026-09-02 16:58:13 |   Val AUC improved to 0.9832, model saved
2026-09-02 16:58:38 | Epoch   6/100 | Train Loss 0.4129 Acc 0.9009 | Val Loss 0.4002 Acc 0.9057 AUC 0.9843 Pre 0.9094 Rec 0.9057
2026-09-02 16:58:38 |   Val AUC improved to 0.9843, model saved
2026-09-02 16:59:05 | Epoch   7/100 | Train Loss 0.3917 Acc 0.9066 | Val Loss 0.3681 Acc 0.9109 AUC 0.9857 Pre 0.9120 Rec 0.9109
2026-09-02 16:59:05 |   Val AUC improved to 0.9857, model saved
2026-09-02 16:59:33 | Epoch   8/100 | Train Loss 0.3725 Acc 0.9086 | Val Loss 0.3506 Acc 0.9151 AUC 0.9864 Pre 0.9166 Rec 0.9151
2026-09-02 16:59:33 |   Val AUC improved to 0.9864, model saved
2026-09-02 17:00:02 | Epoch   9/100 | Train Loss 0.3473 Acc 0.9126 | Val Loss 0.3454 Acc 0.9162 AUC 0.9871 Pre 0.9172 Rec 0.9162
2026-09-02 17:00:02 |   Val AUC improved to 0.9871, model saved
2026-09-02 17:00:31 | Epoch  10/100 | Train Loss 0.3285 Acc 0.9161 | Val Loss 0.3668 Acc 0.9110 AUC 0.9873 Pre 0.9117 Rec 0.9110
2026-09-02 17:00:31 |   Val AUC improved to 0.9873, model saved
2026-09-02 17:01:01 | Epoch  11/100 | Train Loss 0.3098 Acc 0.9191 | Val Loss 0.3258 Acc 0.9176 AUC 0.9883 Pre 0.9190 Rec 0.9176
2026-09-02 17:01:01 |   Val AUC improved to 0.9883, model saved
2026-09-02 17:01:33 | Epoch  12/100 | Train Loss 0.2917 Acc 0.9229 | Val Loss 0.3219 Acc 0.9170 AUC 0.9886 Pre 0.9194 Rec 0.9170
2026-09-02 17:01:34 |   Val AUC improved to 0.9886, model saved
2026-09-02 17:02:07 | Epoch  13/100 | Train Loss 0.2776 Acc 0.9260 | Val Loss 0.3196 Acc 0.9205 AUC 0.9886 Pre 0.9212 Rec 0.9205
2026-09-02 17:02:39 | Epoch  14/100 | Train Loss 0.2622 Acc 0.9295 | Val Loss 0.3161 Acc 0.9205 AUC 0.9884 Pre 0.9207 Rec 0.9205
2026-09-02 17:03:12 | Epoch  15/100 | Train Loss 0.2553 Acc 0.9298 | Val Loss 0.2991 Acc 0.9252 AUC 0.9890 Pre 0.9251 Rec 0.9252
2026-09-02 17:03:12 |   Val AUC improved to 0.9890, model saved
2026-09-02 17:03:46 | Epoch  16/100 | Train Loss 0.2444 Acc 0.9340 | Val Loss 0.2963 Acc 0.9227 AUC 0.9891 Pre 0.9254 Rec 0.9227
2026-09-02 17:03:46 |   Val AUC improved to 0.9891, model saved
2026-09-02 17:04:19 | Epoch  17/100 | Train Loss 0.2319 Acc 0.9351 | Val Loss 0.2920 Acc 0.9251 AUC 0.9893 Pre 0.9266 Rec 0.9251
2026-09-02 17:04:19 |   Val AUC improved to 0.9893, model saved
2026-09-02 17:04:53 | Epoch  18/100 | Train Loss 0.2199 Acc 0.9385 | Val Loss 0.3276 Acc 0.9221 AUC 0.9888 Pre 0.9240 Rec 0.9221
2026-09-02 17:05:25 | Epoch  19/100 | Train Loss 0.2121 Acc 0.9395 | Val Loss 0.3049 Acc 0.9270 AUC 0.9889 Pre 0.9280 Rec 0.9270
2026-09-02 17:05:54 | Epoch  20/100 | Train Loss 0.1980 Acc 0.9424 | Val Loss 0.3012 Acc 0.9248 AUC 0.9886 Pre 0.9254 Rec 0.9248
2026-09-02 17:06:21 | Epoch  21/100 | Train Loss 0.1871 Acc 0.9453 | Val Loss 0.3019 Acc 0.9270 AUC 0.9890 Pre 0.9276 Rec 0.9270
2026-09-02 17:06:50 | Epoch  22/100 | Train Loss 0.1743 Acc 0.9486 | Val Loss 0.3371 Acc 0.9232 AUC 0.9882 Pre 0.9258 Rec 0.9232
2026-09-02 17:07:18 | Epoch  23/100 | Train Loss 0.1657 Acc 0.9504 | Val Loss 0.3511 Acc 0.9246 AUC 0.9880 Pre 0.9255 Rec 0.9246
2026-09-02 17:07:46 | Epoch  24/100 | Train Loss 0.1583 Acc 0.9525 | Val Loss 0.3352 Acc 0.9259 AUC 0.9881 Pre 0.9259 Rec 0.9259
2026-09-02 17:08:14 | Epoch  25/100 | Train Loss 0.1459 Acc 0.9560 | Val Loss 0.3651 Acc 0.9245 AUC 0.9875 Pre 0.9248 Rec 0.9245
2026-09-02 17:08:42 | Epoch  26/100 | Train Loss 0.1338 Acc 0.9596 | Val Loss 0.3640 Acc 0.9234 AUC 0.9875 Pre 0.9247 Rec 0.9234
2026-09-02 17:09:11 | Epoch  27/100 | Train Loss 0.1283 Acc 0.9612 | Val Loss 0.3659 Acc 0.9243 AUC 0.9877 Pre 0.9245 Rec 0.9243
2026-09-02 17:09:11 | Val AUC did not improve for 10 consecutive epochs, early stopping at Epoch 27 (best AUC 0.9893 @ Epoch 17)
2026-09-02 17:09:16 | Run 2/5 | Test (best model @ Epoch 17) | Loss 0.2776 Acc 0.9279 AUC 0.9902 Pre 0.9293 Rec 0.9279
2026-09-02 17:09:16 | ===== Run 3/5 (seed 2) =====
2026-09-02 17:09:43 | Epoch   1/100 | Train Loss 1.4033 Acc 0.7187 | Val Loss 1.6782 Acc 0.2621 AUC 0.5856 Pre 0.5212 Rec 0.2621
2026-09-02 17:09:43 |   Val AUC improved to 0.5856, model saved
2026-09-02 17:10:12 | Epoch   2/100 | Train Loss 1.1402 Acc 0.5819 | Val Loss 0.6280 Acc 0.8434 AUC 0.9607 Pre 0.8549 Rec 0.8434
2026-09-02 17:10:12 |   Val AUC improved to 0.9607, model saved
2026-09-02 17:10:40 | Epoch   3/100 | Train Loss 0.5960 Acc 0.8653 | Val Loss 0.4729 Acc 0.8960 AUC 0.9778 Pre 0.8980 Rec 0.8960
2026-09-02 17:10:40 |   Val AUC improved to 0.9778, model saved
2026-09-02 17:11:05 | Epoch   4/100 | Train Loss 0.5037 Acc 0.8871 | Val Loss 0.4437 Acc 0.8980 AUC 0.9807 Pre 0.9001 Rec 0.8980
2026-09-02 17:11:05 |   Val AUC improved to 0.9807, model saved
2026-09-02 17:11:33 | Epoch   5/100 | Train Loss 0.4640 Acc 0.8939 | Val Loss 0.4290 Acc 0.9026 AUC 0.9814 Pre 0.9037 Rec 0.9026
2026-09-02 17:11:34 |   Val AUC improved to 0.9814, model saved
2026-09-02 17:12:02 | Epoch   6/100 | Train Loss 0.4363 Acc 0.8983 | Val Loss 0.4004 Acc 0.9066 AUC 0.9837 Pre 0.9080 Rec 0.9066
2026-09-02 17:12:02 |   Val AUC improved to 0.9837, model saved
2026-09-02 17:12:30 | Epoch   7/100 | Train Loss 0.4122 Acc 0.9009 | Val Loss 0.3944 Acc 0.9070 AUC 0.9837 Pre 0.9088 Rec 0.9070
2026-09-02 17:12:30 |   Val AUC improved to 0.9837, model saved
2026-09-02 17:12:57 | Epoch   8/100 | Train Loss 0.3910 Acc 0.9042 | Val Loss 0.3762 Acc 0.9061 AUC 0.9856 Pre 0.9082 Rec 0.9061
2026-09-02 17:12:57 |   Val AUC improved to 0.9856, model saved
2026-09-02 17:13:25 | Epoch   9/100 | Train Loss 0.3733 Acc 0.9066 | Val Loss 0.3789 Acc 0.9043 AUC 0.9863 Pre 0.9076 Rec 0.9043
2026-09-02 17:13:25 |   Val AUC improved to 0.9863, model saved
2026-09-02 17:13:53 | Epoch  10/100 | Train Loss 0.3524 Acc 0.9089 | Val Loss 0.3679 Acc 0.9064 AUC 0.9868 Pre 0.9103 Rec 0.9064
2026-09-02 17:13:53 |   Val AUC improved to 0.9868, model saved
2026-09-02 17:14:19 | Epoch  11/100 | Train Loss 0.3355 Acc 0.9132 | Val Loss 0.3582 Acc 0.9047 AUC 0.9869 Pre 0.9089 Rec 0.9047
2026-09-02 17:14:19 |   Val AUC improved to 0.9869, model saved
2026-09-02 17:14:49 | Epoch  12/100 | Train Loss 0.3260 Acc 0.9141 | Val Loss 0.3354 Acc 0.9102 AUC 0.9877 Pre 0.9147 Rec 0.9102
2026-09-02 17:14:49 |   Val AUC improved to 0.9877, model saved
2026-09-02 17:15:16 | Epoch  13/100 | Train Loss 0.3169 Acc 0.9173 | Val Loss 0.3340 Acc 0.9162 AUC 0.9877 Pre 0.9181 Rec 0.9162
2026-09-02 17:15:44 | Epoch  14/100 | Train Loss 0.2998 Acc 0.9198 | Val Loss 0.3189 Acc 0.9138 AUC 0.9881 Pre 0.9165 Rec 0.9138
2026-09-02 17:15:44 |   Val AUC improved to 0.9881, model saved
2026-09-02 17:16:10 | Epoch  15/100 | Train Loss 0.2876 Acc 0.9230 | Val Loss 0.3428 Acc 0.9063 AUC 0.9880 Pre 0.9121 Rec 0.9063
2026-09-02 17:16:39 | Epoch  16/100 | Train Loss 0.2793 Acc 0.9247 | Val Loss 0.3204 Acc 0.9179 AUC 0.9881 Pre 0.9200 Rec 0.9179
2026-09-02 17:16:39 |   Val AUC improved to 0.9881, model saved
2026-09-02 17:17:11 | Epoch  17/100 | Train Loss 0.2679 Acc 0.9268 | Val Loss 0.3130 Acc 0.9186 AUC 0.9882 Pre 0.9206 Rec 0.9186
2026-09-02 17:17:11 |   Val AUC improved to 0.9882, model saved
2026-09-02 17:17:43 | Epoch  18/100 | Train Loss 0.2602 Acc 0.9282 | Val Loss 0.3039 Acc 0.9187 AUC 0.9886 Pre 0.9195 Rec 0.9187
2026-09-02 17:17:43 |   Val AUC improved to 0.9886, model saved
2026-09-02 17:18:14 | Epoch  19/100 | Train Loss 0.2470 Acc 0.9316 | Val Loss 0.3360 Acc 0.9164 AUC 0.9877 Pre 0.9177 Rec 0.9164
2026-09-02 17:18:49 | Epoch  20/100 | Train Loss 0.2430 Acc 0.9317 | Val Loss 0.3001 Acc 0.9241 AUC 0.9887 Pre 0.9245 Rec 0.9241
2026-09-02 17:18:49 |   Val AUC improved to 0.9887, model saved
2026-09-02 17:19:23 | Epoch  21/100 | Train Loss 0.2317 Acc 0.9343 | Val Loss 0.2989 Acc 0.9216 AUC 0.9889 Pre 0.9232 Rec 0.9216
2026-09-02 17:19:23 |   Val AUC improved to 0.9889, model saved
2026-09-02 17:19:56 | Epoch  22/100 | Train Loss 0.2175 Acc 0.9381 | Val Loss 0.3115 Acc 0.9241 AUC 0.9887 Pre 0.9249 Rec 0.9241
2026-09-02 17:20:29 | Epoch  23/100 | Train Loss 0.2144 Acc 0.9378 | Val Loss 0.3212 Acc 0.9225 AUC 0.9884 Pre 0.9244 Rec 0.9225
2026-09-02 17:20:58 | Epoch  24/100 | Train Loss 0.2011 Acc 0.9421 | Val Loss 0.3059 Acc 0.9250 AUC 0.9887 Pre 0.9265 Rec 0.9250
2026-09-02 17:21:26 | Epoch  25/100 | Train Loss 0.1895 Acc 0.9448 | Val Loss 0.3196 Acc 0.9214 AUC 0.9883 Pre 0.9224 Rec 0.9214
2026-09-02 17:21:54 | Epoch  26/100 | Train Loss 0.1804 Acc 0.9468 | Val Loss 0.3373 Acc 0.9206 AUC 0.9882 Pre 0.9237 Rec 0.9206
2026-09-02 17:22:22 | Epoch  27/100 | Train Loss 0.1711 Acc 0.9499 | Val Loss 0.3260 Acc 0.9221 AUC 0.9878 Pre 0.9239 Rec 0.9221
2026-09-02 17:22:48 | Epoch  28/100 | Train Loss 0.1599 Acc 0.9529 | Val Loss 0.3470 Acc 0.9217 AUC 0.9877 Pre 0.9240 Rec 0.9217
2026-09-02 17:23:15 | Epoch  29/100 | Train Loss 0.1494 Acc 0.9552 | Val Loss 0.3630 Acc 0.9251 AUC 0.9878 Pre 0.9263 Rec 0.9251
2026-09-02 17:23:44 | Epoch  30/100 | Train Loss 0.1374 Acc 0.9592 | Val Loss 0.3838 Acc 0.9237 AUC 0.9872 Pre 0.9247 Rec 0.9237
2026-09-02 17:24:12 | Epoch  31/100 | Train Loss 0.1352 Acc 0.9599 | Val Loss 0.3584 Acc 0.9227 AUC 0.9869 Pre 0.9240 Rec 0.9227
2026-09-02 17:24:12 | Val AUC did not improve for 10 consecutive epochs, early stopping at Epoch 31 (best AUC 0.9889 @ Epoch 21)
2026-09-02 17:24:18 | Run 3/5 | Test (best model @ Epoch 21) | Loss 0.2863 Acc 0.9267 AUC 0.9898 Pre 0.9279 Rec 0.9267
2026-09-02 17:24:18 | ===== Run 4/5 (seed 3) =====
2026-09-02 17:24:46 | Epoch   1/100 | Train Loss 1.2390 Acc 0.7807 | Val Loss 0.5274 Acc 0.8822 AUC 0.9728 Pre 0.8822 Rec 0.8822
2026-09-02 17:24:46 |   Val AUC improved to 0.9728, model saved
2026-09-02 17:25:14 | Epoch   2/100 | Train Loss 0.5736 Acc 0.8726 | Val Loss 0.4996 Acc 0.8863 AUC 0.9756 Pre 0.8867 Rec 0.8863
2026-09-02 17:25:14 |   Val AUC improved to 0.9756, model saved
2026-09-02 17:25:42 | Epoch   3/100 | Train Loss 0.5353 Acc 0.8738 | Val Loss 0.4528 Acc 0.8976 AUC 0.9810 Pre 0.9004 Rec 0.8976
2026-09-02 17:25:42 |   Val AUC improved to 0.9810, model saved
2026-09-02 17:26:10 | Epoch   4/100 | Train Loss 0.4528 Acc 0.8948 | Val Loss 0.4545 Acc 0.8911 AUC 0.9814 Pre 0.8975 Rec 0.8911
2026-09-02 17:26:10 |   Val AUC improved to 0.9814, model saved
2026-09-02 17:26:38 | Epoch   5/100 | Train Loss 0.4201 Acc 0.9012 | Val Loss 0.4004 Acc 0.9016 AUC 0.9849 Pre 0.9058 Rec 0.9016
2026-09-02 17:26:38 |   Val AUC improved to 0.9849, model saved
2026-09-02 17:27:06 | Epoch   6/100 | Train Loss 0.3895 Acc 0.9052 | Val Loss 0.3956 Acc 0.9031 AUC 0.9853 Pre 0.9076 Rec 0.9031
2026-09-02 17:27:06 |   Val AUC improved to 0.9853, model saved
2026-09-02 17:27:35 | Epoch   7/100 | Train Loss 0.3638 Acc 0.9104 | Val Loss 0.4070 Acc 0.9056 AUC 0.9855 Pre 0.9072 Rec 0.9056
2026-09-02 17:27:35 |   Val AUC improved to 0.9855, model saved
2026-09-02 17:28:02 | Epoch   8/100 | Train Loss 0.3396 Acc 0.9160 | Val Loss 0.3660 Acc 0.9090 AUC 0.9873 Pre 0.9117 Rec 0.9090
2026-09-02 17:28:02 |   Val AUC improved to 0.9873, model saved
2026-09-02 17:28:28 | Epoch   9/100 | Train Loss 0.3117 Acc 0.9203 | Val Loss 0.3286 Acc 0.9174 AUC 0.9883 Pre 0.9192 Rec 0.9174
2026-09-02 17:28:28 |   Val AUC improved to 0.9883, model saved
2026-09-02 17:28:55 | Epoch  10/100 | Train Loss 0.2995 Acc 0.9236 | Val Loss 0.3477 Acc 0.9159 AUC 0.9875 Pre 0.9164 Rec 0.9159
2026-09-02 17:29:22 | Epoch  11/100 | Train Loss 0.2825 Acc 0.9279 | Val Loss 0.3246 Acc 0.9180 AUC 0.9882 Pre 0.9177 Rec 0.9180
2026-09-02 17:29:49 | Epoch  12/100 | Train Loss 0.2641 Acc 0.9301 | Val Loss 0.3281 Acc 0.9203 AUC 0.9883 Pre 0.9214 Rec 0.9203
2026-09-02 17:29:49 |   Val AUC improved to 0.9883, model saved
2026-09-02 17:30:16 | Epoch  13/100 | Train Loss 0.2493 Acc 0.9335 | Val Loss 0.3505 Acc 0.9173 AUC 0.9878 Pre 0.9193 Rec 0.9173
2026-09-02 17:30:43 | Epoch  14/100 | Train Loss 0.2357 Acc 0.9356 | Val Loss 0.3457 Acc 0.9176 AUC 0.9881 Pre 0.9185 Rec 0.9176
2026-09-02 17:31:12 | Epoch  15/100 | Train Loss 0.2238 Acc 0.9388 | Val Loss 0.3312 Acc 0.9193 AUC 0.9879 Pre 0.9196 Rec 0.9193
2026-09-02 17:31:41 | Epoch  16/100 | Train Loss 0.2045 Acc 0.9421 | Val Loss 0.3687 Acc 0.9174 AUC 0.9880 Pre 0.9202 Rec 0.9174
2026-09-02 17:32:09 | Epoch  17/100 | Train Loss 0.1930 Acc 0.9472 | Val Loss 0.3562 Acc 0.9219 AUC 0.9877 Pre 0.9233 Rec 0.9219
2026-09-02 17:32:38 | Epoch  18/100 | Train Loss 0.1772 Acc 0.9509 | Val Loss 0.3647 Acc 0.9223 AUC 0.9877 Pre 0.9221 Rec 0.9223
2026-09-02 17:33:03 | Epoch  19/100 | Train Loss 0.1682 Acc 0.9524 | Val Loss 0.3623 Acc 0.9160 AUC 0.9874 Pre 0.9195 Rec 0.9160
2026-09-02 17:33:30 | Epoch  20/100 | Train Loss 0.1560 Acc 0.9566 | Val Loss 0.3441 Acc 0.9203 AUC 0.9877 Pre 0.9205 Rec 0.9203
2026-09-02 17:33:57 | Epoch  21/100 | Train Loss 0.1439 Acc 0.9599 | Val Loss 0.3778 Acc 0.9225 AUC 0.9875 Pre 0.9229 Rec 0.9225
2026-09-02 17:34:24 | Epoch  22/100 | Train Loss 0.1268 Acc 0.9648 | Val Loss 0.4017 Acc 0.9209 AUC 0.9866 Pre 0.9225 Rec 0.9209
2026-09-02 17:34:24 | Val AUC did not improve for 10 consecutive epochs, early stopping at Epoch 22 (best AUC 0.9883 @ Epoch 12)
2026-09-02 17:34:28 | Run 4/5 | Test (best model @ Epoch 12) | Loss 0.3181 Acc 0.9236 AUC 0.9890 Pre 0.9246 Rec 0.9236
2026-09-02 17:34:28 | ===== Run 5/5 (seed 4) =====
2026-09-02 17:34:53 | Epoch   1/100 | Train Loss 1.3554 Acc 0.7722 | Val Loss 0.6335 Acc 0.8591 AUC 0.9630 Pre 0.8670 Rec 0.8591
2026-09-02 17:34:53 |   Val AUC improved to 0.9630, model saved
2026-09-02 17:35:20 | Epoch   2/100 | Train Loss 0.6208 Acc 0.8657 | Val Loss 0.5344 Acc 0.8764 AUC 0.9737 Pre 0.8778 Rec 0.8764
2026-09-02 17:35:20 |   Val AUC improved to 0.9737, model saved
2026-09-02 17:35:45 | Epoch   3/100 | Train Loss 0.5176 Acc 0.8830 | Val Loss 0.4306 Acc 0.9013 AUC 0.9813 Pre 0.9014 Rec 0.9013
2026-09-02 17:35:45 |   Val AUC improved to 0.9813, model saved
2026-09-02 17:36:12 | Epoch   4/100 | Train Loss 0.4573 Acc 0.8950 | Val Loss 0.4118 Acc 0.9032 AUC 0.9827 Pre 0.9046 Rec 0.9032
2026-09-02 17:36:12 |   Val AUC improved to 0.9827, model saved
2026-09-02 17:36:40 | Epoch   5/100 | Train Loss 0.4232 Acc 0.9004 | Val Loss 0.3963 Acc 0.9051 AUC 0.9843 Pre 0.9071 Rec 0.9051
2026-09-02 17:36:40 |   Val AUC improved to 0.9843, model saved
2026-09-02 17:37:10 | Epoch   6/100 | Train Loss 0.3909 Acc 0.9068 | Val Loss 0.3883 Acc 0.9089 AUC 0.9860 Pre 0.9103 Rec 0.9089
2026-09-02 17:37:10 |   Val AUC improved to 0.9860, model saved
2026-09-02 17:37:39 | Epoch   7/100 | Train Loss 0.3651 Acc 0.9109 | Val Loss 0.3887 Acc 0.9071 AUC 0.9857 Pre 0.9089 Rec 0.9071
2026-09-02 17:38:08 | Epoch   8/100 | Train Loss 0.3351 Acc 0.9171 | Val Loss 0.3469 Acc 0.9142 AUC 0.9876 Pre 0.9161 Rec 0.9142
2026-09-02 17:38:08 |   Val AUC improved to 0.9876, model saved
2026-09-02 17:38:38 | Epoch   9/100 | Train Loss 0.3140 Acc 0.9214 | Val Loss 0.3387 Acc 0.9155 AUC 0.9879 Pre 0.9168 Rec 0.9155
2026-09-02 17:38:38 |   Val AUC improved to 0.9879, model saved
2026-09-02 17:39:07 | Epoch  10/100 | Train Loss 0.2967 Acc 0.9249 | Val Loss 0.3324 Acc 0.9165 AUC 0.9881 Pre 0.9174 Rec 0.9165
2026-09-02 17:39:07 |   Val AUC improved to 0.9881, model saved
2026-09-02 17:39:34 | Epoch  11/100 | Train Loss 0.2821 Acc 0.9272 | Val Loss 0.3173 Acc 0.9210 AUC 0.9885 Pre 0.9225 Rec 0.9210
2026-09-02 17:39:34 |   Val AUC improved to 0.9885, model saved
2026-09-02 17:40:03 | Epoch  12/100 | Train Loss 0.2628 Acc 0.9313 | Val Loss 0.3195 Acc 0.9232 AUC 0.9888 Pre 0.9248 Rec 0.9232
2026-09-02 17:40:04 |   Val AUC improved to 0.9888, model saved
2026-09-02 17:40:32 | Epoch  13/100 | Train Loss 0.2454 Acc 0.9351 | Val Loss 0.3207 Acc 0.9210 AUC 0.9886 Pre 0.9217 Rec 0.9210
2026-09-02 17:41:01 | Epoch  14/100 | Train Loss 0.2307 Acc 0.9374 | Val Loss 0.3361 Acc 0.9224 AUC 0.9886 Pre 0.9235 Rec 0.9224
2026-09-02 17:41:30 | Epoch  15/100 | Train Loss 0.2153 Acc 0.9417 | Val Loss 0.3308 Acc 0.9249 AUC 0.9883 Pre 0.9256 Rec 0.9249
2026-09-02 17:42:00 | Epoch  16/100 | Train Loss 0.2142 Acc 0.9414 | Val Loss 0.3197 Acc 0.9264 AUC 0.9886 Pre 0.9266 Rec 0.9264
2026-09-02 17:42:30 | Epoch  17/100 | Train Loss 0.1888 Acc 0.9484 | Val Loss 0.3363 Acc 0.9224 AUC 0.9877 Pre 0.9233 Rec 0.9224
2026-09-02 17:43:00 | Epoch  18/100 | Train Loss 0.1770 Acc 0.9503 | Val Loss 0.3531 Acc 0.9228 AUC 0.9879 Pre 0.9236 Rec 0.9228
2026-09-02 17:43:30 | Epoch  19/100 | Train Loss 0.1586 Acc 0.9549 | Val Loss 0.3781 Acc 0.9211 AUC 0.9870 Pre 0.9229 Rec 0.9211
2026-09-02 17:43:59 | Epoch  20/100 | Train Loss 0.1559 Acc 0.9568 | Val Loss 0.3557 Acc 0.9244 AUC 0.9877 Pre 0.9249 Rec 0.9244
2026-09-02 17:44:29 | Epoch  21/100 | Train Loss 0.1434 Acc 0.9595 | Val Loss 0.3678 Acc 0.9234 AUC 0.9877 Pre 0.9246 Rec 0.9234
2026-09-02 17:44:58 | Epoch  22/100 | Train Loss 0.1284 Acc 0.9637 | Val Loss 0.3829 Acc 0.9237 AUC 0.9874 Pre 0.9249 Rec 0.9237
2026-09-02 17:44:58 | Val AUC did not improve for 10 consecutive epochs, early stopping at Epoch 22 (best AUC 0.9888 @ Epoch 12)
2026-09-02 17:45:03 | Run 5/5 | Test (best model @ Epoch 12) | Loss 0.3069 Acc 0.9250 AUC 0.9896 Pre 0.9263 Rec 0.9250
2026-09-02 17:45:03 | Average over 5 runs | Test Loss 0.3015±0.0186 Acc 0.9249±0.0026 AUC 0.9895±0.0005 Pre 0.9261±0.0027 Rec 0.9249±0.0026
