2026-09-02 08:03:20 | Device: cuda
2026-09-02 08:03:20 | Args: {'model': 'opb', 'backbone': 'mlp', 'task': 'housing', 'epochs': 100, 'batch_size': 512, 'lr': 0.001, 'hidden_dims': [512, 256], 'dropout': 0.2, 'z_dim': 256, 'anchor_scale': 4.0, 'energy_classifier': False, 'tied_head': True, 'max_len': 250, 'random_labels': False, 'beta': 0.0001, 'patience': 10, 'runs': 5, 'seed': 0, 'data_dir': './data', 'save_path': 'output/california_mlp_opb/california_mlp_opb.pt', 'log_path': '/root/autodl-tmp/IB/tune_results/california_mlp_opb_beta_0.0001_anchor_4/train.log', 'no_save': True}
2026-09-02 08:03:20 | ===== Run 1/5 (seed 0) =====
2026-09-02 08:03:21 | Epoch   1/100 | Train Loss 0.0964 | Val Loss 0.0326 MAE 0.6217 R2 0.4672
2026-09-02 08:03:21 |   Val R2 improved to 0.4672, model saved
2026-09-02 08:03:21 | Epoch   2/100 | Train Loss 0.0336 | Val Loss 0.0252 MAE 0.5300 R2 0.6149
2026-09-02 08:03:21 |   Val R2 improved to 0.6149, model saved
2026-09-02 08:03:21 | Epoch   3/100 | Train Loss 0.0263 | Val Loss 0.0211 MAE 0.4777 R2 0.6740
2026-09-02 08:03:21 |   Val R2 improved to 0.6740, model saved
2026-09-02 08:03:21 | Epoch   4/100 | Train Loss 0.0225 | Val Loss 0.0195 MAE 0.4512 R2 0.6963
2026-09-02 08:03:21 |   Val R2 improved to 0.6963, model saved
2026-09-02 08:03:22 | Epoch   5/100 | Train Loss 0.0211 | Val Loss 0.0184 MAE 0.4505 R2 0.7107
2026-09-02 08:03:22 |   Val R2 improved to 0.7107, model saved
2026-09-02 08:03:22 | Epoch   6/100 | Train Loss 0.0200 | Val Loss 0.0184 MAE 0.4375 R2 0.7006
2026-09-02 08:03:22 | Epoch   7/100 | Train Loss 0.0193 | Val Loss 0.0169 MAE 0.4348 R2 0.7184
2026-09-02 08:03:22 |   Val R2 improved to 0.7184, model saved
2026-09-02 08:03:22 | Epoch   8/100 | Train Loss 0.0187 | Val Loss 0.0172 MAE 0.4526 R2 0.7123
2026-09-02 08:03:23 | Epoch   9/100 | Train Loss 0.0185 | Val Loss 0.0163 MAE 0.4241 R2 0.7292
2026-09-02 08:03:23 |   Val R2 improved to 0.7292, model saved
2026-09-02 08:03:23 | Epoch  10/100 | Train Loss 0.0181 | Val Loss 0.0156 MAE 0.4219 R2 0.7428
2026-09-02 08:03:23 |   Val R2 improved to 0.7428, model saved
2026-09-02 08:03:23 | Epoch  11/100 | Train Loss 0.0177 | Val Loss 0.0159 MAE 0.4251 R2 0.7337
2026-09-02 08:03:23 | Epoch  12/100 | Train Loss 0.0179 | Val Loss 0.0156 MAE 0.4133 R2 0.7386
2026-09-02 08:03:24 | Epoch  13/100 | Train Loss 0.0172 | Val Loss 0.0158 MAE 0.4177 R2 0.7349
2026-09-02 08:03:24 | Epoch  14/100 | Train Loss 0.0174 | Val Loss 0.0159 MAE 0.4153 R2 0.7345
2026-09-02 08:03:24 | Epoch  15/100 | Train Loss 0.0180 | Val Loss 0.0174 MAE 0.4210 R2 0.7362
2026-09-02 08:03:24 | Epoch  16/100 | Train Loss 0.0173 | Val Loss 0.0180 MAE 0.4225 R2 0.7299
2026-09-02 08:03:25 | Epoch  17/100 | Train Loss 0.0172 | Val Loss 0.0151 MAE 0.4034 R2 0.7567
2026-09-02 08:03:25 |   Val R2 improved to 0.7567, model saved
2026-09-02 08:03:25 | Epoch  18/100 | Train Loss 0.0166 | Val Loss 0.0148 MAE 0.4039 R2 0.7549
2026-09-02 08:03:25 | Epoch  19/100 | Train Loss 0.0161 | Val Loss 0.0150 MAE 0.4015 R2 0.7499
2026-09-02 08:03:25 | Epoch  20/100 | Train Loss 0.0161 | Val Loss 0.0143 MAE 0.4045 R2 0.7611
2026-09-02 08:03:25 |   Val R2 improved to 0.7611, model saved
2026-09-02 08:03:26 | Epoch  21/100 | Train Loss 0.0158 | Val Loss 0.0144 MAE 0.3960 R2 0.7597
2026-09-02 08:03:26 | Epoch  22/100 | Train Loss 0.0158 | Val Loss 0.0144 MAE 0.3936 R2 0.7599
2026-09-02 08:03:26 | Epoch  23/100 | Train Loss 0.0157 | Val Loss 0.0142 MAE 0.3952 R2 0.7625
2026-09-02 08:03:26 |   Val R2 improved to 0.7625, model saved
2026-09-02 08:03:26 | Epoch  24/100 | Train Loss 0.0155 | Val Loss 0.0141 MAE 0.4016 R2 0.7639
2026-09-02 08:03:26 |   Val R2 improved to 0.7639, model saved
2026-09-02 08:03:27 | Epoch  25/100 | Train Loss 0.0153 | Val Loss 0.0146 MAE 0.3929 R2 0.7557
2026-09-02 08:03:27 | Epoch  26/100 | Train Loss 0.0155 | Val Loss 0.0151 MAE 0.3925 R2 0.7547
2026-09-02 08:03:27 | Epoch  27/100 | Train Loss 0.0154 | Val Loss 0.0145 MAE 0.3911 R2 0.7618
2026-09-02 08:03:28 | Epoch  28/100 | Train Loss 0.0152 | Val Loss 0.0145 MAE 0.3884 R2 0.7595
2026-09-02 08:03:28 | Epoch  29/100 | Train Loss 0.0153 | Val Loss 0.0147 MAE 0.3863 R2 0.7543
2026-09-02 08:03:28 | Epoch  30/100 | Train Loss 0.0148 | Val Loss 0.0143 MAE 0.3860 R2 0.7608
2026-09-02 08:03:28 | Epoch  31/100 | Train Loss 0.0151 | Val Loss 0.0137 MAE 0.3804 R2 0.7715
2026-09-02 08:03:28 |   Val R2 improved to 0.7715, model saved
2026-09-02 08:03:28 | Epoch  32/100 | Train Loss 0.0148 | Val Loss 0.0136 MAE 0.3892 R2 0.7727
2026-09-02 08:03:28 |   Val R2 improved to 0.7727, model saved
2026-09-02 08:03:29 | Epoch  33/100 | Train Loss 0.0146 | Val Loss 0.0135 MAE 0.3833 R2 0.7745
2026-09-02 08:03:29 |   Val R2 improved to 0.7745, model saved
2026-09-02 08:03:29 | Epoch  34/100 | Train Loss 0.0149 | Val Loss 0.0135 MAE 0.3921 R2 0.7750
2026-09-02 08:03:29 |   Val R2 improved to 0.7750, model saved
2026-09-02 08:03:29 | Epoch  35/100 | Train Loss 0.0147 | Val Loss 0.0141 MAE 0.3825 R2 0.7645
2026-09-02 08:03:30 | Epoch  36/100 | Train Loss 0.0148 | Val Loss 0.0139 MAE 0.3846 R2 0.7690
2026-09-02 08:03:30 | Epoch  37/100 | Train Loss 0.0143 | Val Loss 0.0149 MAE 0.3940 R2 0.7514
2026-09-02 08:03:30 | Epoch  38/100 | Train Loss 0.0145 | Val Loss 0.0136 MAE 0.3805 R2 0.7743
2026-09-02 08:03:30 | Epoch  39/100 | Train Loss 0.0146 | Val Loss 0.0148 MAE 0.3842 R2 0.7582
2026-09-02 08:03:31 | Epoch  40/100 | Train Loss 0.0146 | Val Loss 0.0138 MAE 0.3739 R2 0.7765
2026-09-02 08:03:31 |   Val R2 improved to 0.7765, model saved
2026-09-02 08:03:31 | Epoch  41/100 | Train Loss 0.0152 | Val Loss 0.0144 MAE 0.3792 R2 0.7599
2026-09-02 08:03:31 | Epoch  42/100 | Train Loss 0.0143 | Val Loss 0.0138 MAE 0.3765 R2 0.7768
2026-09-02 08:03:31 |   Val R2 improved to 0.7768, model saved
2026-09-02 08:03:31 | Epoch  43/100 | Train Loss 0.0141 | Val Loss 0.0135 MAE 0.3760 R2 0.7787
2026-09-02 08:03:31 |   Val R2 improved to 0.7787, model saved
2026-09-02 08:03:32 | Epoch  44/100 | Train Loss 0.0142 | Val Loss 0.0139 MAE 0.3810 R2 0.7701
2026-09-02 08:03:32 | Epoch  45/100 | Train Loss 0.0146 | Val Loss 0.0142 MAE 0.3723 R2 0.7810
2026-09-02 08:03:32 |   Val R2 improved to 0.7810, model saved
2026-09-02 08:03:32 | Epoch  46/100 | Train Loss 0.0144 | Val Loss 0.0141 MAE 0.3823 R2 0.7681
2026-09-02 08:03:32 | Epoch  47/100 | Train Loss 0.0142 | Val Loss 0.0132 MAE 0.3711 R2 0.7795
2026-09-02 08:03:33 | Epoch  48/100 | Train Loss 0.0139 | Val Loss 0.0130 MAE 0.3704 R2 0.7841
2026-09-02 08:03:33 |   Val R2 improved to 0.7841, model saved
2026-09-02 08:03:33 | Epoch  49/100 | Train Loss 0.0140 | Val Loss 0.0131 MAE 0.3817 R2 0.7819
2026-09-02 08:03:33 | Epoch  50/100 | Train Loss 0.0139 | Val Loss 0.0133 MAE 0.3725 R2 0.7778
2026-09-02 08:03:33 | Epoch  51/100 | Train Loss 0.0142 | Val Loss 0.0134 MAE 0.3730 R2 0.7764
2026-09-02 08:03:34 | Epoch  52/100 | Train Loss 0.0139 | Val Loss 0.0130 MAE 0.3840 R2 0.7825
2026-09-02 08:03:34 | Epoch  53/100 | Train Loss 0.0140 | Val Loss 0.0130 MAE 0.3762 R2 0.7829
2026-09-02 08:03:34 | Epoch  54/100 | Train Loss 0.0138 | Val Loss 0.0131 MAE 0.3781 R2 0.7808
2026-09-02 08:03:34 | Epoch  55/100 | Train Loss 0.0137 | Val Loss 0.0130 MAE 0.3757 R2 0.7822
2026-09-02 08:03:35 | Epoch  56/100 | Train Loss 0.0136 | Val Loss 0.0129 MAE 0.3726 R2 0.7845
2026-09-02 08:03:35 |   Val R2 improved to 0.7845, model saved
2026-09-02 08:03:35 | Epoch  57/100 | Train Loss 0.0135 | Val Loss 0.0128 MAE 0.3666 R2 0.7859
2026-09-02 08:03:35 |   Val R2 improved to 0.7859, model saved
2026-09-02 08:03:35 | Epoch  58/100 | Train Loss 0.0137 | Val Loss 0.0128 MAE 0.3694 R2 0.7861
2026-09-02 08:03:35 |   Val R2 improved to 0.7861, model saved
2026-09-02 08:03:35 | Epoch  59/100 | Train Loss 0.0136 | Val Loss 0.0128 MAE 0.3748 R2 0.7873
2026-09-02 08:03:35 |   Val R2 improved to 0.7873, model saved
2026-09-02 08:03:36 | Epoch  60/100 | Train Loss 0.0136 | Val Loss 0.0130 MAE 0.3667 R2 0.7833
2026-09-02 08:03:36 | Epoch  61/100 | Train Loss 0.0136 | Val Loss 0.0130 MAE 0.3659 R2 0.7869
2026-09-02 08:03:36 | Epoch  62/100 | Train Loss 0.0137 | Val Loss 0.0126 MAE 0.3651 R2 0.7903
2026-09-02 08:03:36 |   Val R2 improved to 0.7903, model saved
2026-09-02 08:03:36 | Epoch  63/100 | Train Loss 0.0135 | Val Loss 0.0128 MAE 0.3687 R2 0.7862
2026-09-02 08:03:37 | Epoch  64/100 | Train Loss 0.0133 | Val Loss 0.0127 MAE 0.3672 R2 0.7889
2026-09-02 08:03:37 | Epoch  65/100 | Train Loss 0.0134 | Val Loss 0.0131 MAE 0.3832 R2 0.7810
2026-09-02 08:03:37 | Epoch  66/100 | Train Loss 0.0132 | Val Loss 0.0129 MAE 0.3652 R2 0.7874
2026-09-02 08:03:37 | Epoch  67/100 | Train Loss 0.0135 | Val Loss 0.0127 MAE 0.3661 R2 0.7893
2026-09-02 08:03:38 | Epoch  68/100 | Train Loss 0.0133 | Val Loss 0.0128 MAE 0.3649 R2 0.7868
2026-09-02 08:03:38 | Epoch  69/100 | Train Loss 0.0129 | Val Loss 0.0127 MAE 0.3793 R2 0.7883
2026-09-02 08:03:38 | Epoch  70/100 | Train Loss 0.0132 | Val Loss 0.0127 MAE 0.3679 R2 0.7884
2026-09-02 08:03:38 | Epoch  71/100 | Train Loss 0.0135 | Val Loss 0.0130 MAE 0.3815 R2 0.7827
2026-09-02 08:03:39 | Epoch  72/100 | Train Loss 0.0134 | Val Loss 0.0129 MAE 0.3743 R2 0.7849
2026-09-02 08:03:39 | Val R2 did not improve for 10 consecutive epochs, early stopping at Epoch 72 (best R2 0.7903 @ Epoch 62)
2026-09-02 08:03:39 | Run 1/5 | Test (best model @ Epoch 62) | Loss 0.0126 MAE 0.3639 R2 0.7804
2026-09-02 08:03:39 | ===== Run 2/5 (seed 1) =====
2026-09-02 08:03:39 | Epoch   1/100 | Train Loss 0.1105 | Val Loss 0.0350 MAE 0.6204 R2 0.4293
2026-09-02 08:03:39 |   Val R2 improved to 0.4293, model saved
2026-09-02 08:03:39 | Epoch   2/100 | Train Loss 0.0332 | Val Loss 0.0255 MAE 0.5171 R2 0.6116
2026-09-02 08:03:39 |   Val R2 improved to 0.6116, model saved
2026-09-02 08:03:39 | Epoch   3/100 | Train Loss 0.0253 | Val Loss 0.0226 MAE 0.5060 R2 0.6440
2026-09-02 08:03:39 |   Val R2 improved to 0.6440, model saved
2026-09-02 08:03:40 | Epoch   4/100 | Train Loss 0.0223 | Val Loss 0.0180 MAE 0.4555 R2 0.6986
2026-09-02 08:03:40 |   Val R2 improved to 0.6986, model saved
2026-09-02 08:03:40 | Epoch   5/100 | Train Loss 0.0211 | Val Loss 0.0174 MAE 0.4502 R2 0.7094
2026-09-02 08:03:40 |   Val R2 improved to 0.7094, model saved
2026-09-02 08:03:40 | Epoch   6/100 | Train Loss 0.0198 | Val Loss 0.0168 MAE 0.4412 R2 0.7196
2026-09-02 08:03:40 |   Val R2 improved to 0.7196, model saved
2026-09-02 08:03:41 | Epoch   7/100 | Train Loss 0.0192 | Val Loss 0.0169 MAE 0.4392 R2 0.7172
2026-09-02 08:03:41 | Epoch   8/100 | Train Loss 0.0190 | Val Loss 0.0165 MAE 0.4280 R2 0.7242
2026-09-02 08:03:41 |   Val R2 improved to 0.7242, model saved
2026-09-02 08:03:41 | Epoch   9/100 | Train Loss 0.0184 | Val Loss 0.0166 MAE 0.4277 R2 0.7218
2026-09-02 08:03:41 | Epoch  10/100 | Train Loss 0.0185 | Val Loss 0.0163 MAE 0.4236 R2 0.7262
2026-09-02 08:03:41 |   Val R2 improved to 0.7262, model saved
2026-09-02 08:03:42 | Epoch  11/100 | Train Loss 0.0178 | Val Loss 0.0159 MAE 0.4261 R2 0.7336
2026-09-02 08:03:42 |   Val R2 improved to 0.7336, model saved
2026-09-02 08:03:42 | Epoch  12/100 | Train Loss 0.0176 | Val Loss 0.0160 MAE 0.4183 R2 0.7329
2026-09-02 08:03:42 | Epoch  13/100 | Train Loss 0.0174 | Val Loss 0.0165 MAE 0.4192 R2 0.7238
2026-09-02 08:03:42 | Epoch  14/100 | Train Loss 0.0171 | Val Loss 0.0157 MAE 0.4183 R2 0.7376
2026-09-02 08:03:42 |   Val R2 improved to 0.7376, model saved
2026-09-02 08:03:43 | Epoch  15/100 | Train Loss 0.0172 | Val Loss 0.0156 MAE 0.4216 R2 0.7442
2026-09-02 08:03:43 |   Val R2 improved to 0.7442, model saved
2026-09-02 08:03:43 | Epoch  16/100 | Train Loss 0.0170 | Val Loss 0.0151 MAE 0.4174 R2 0.7475
2026-09-02 08:03:43 |   Val R2 improved to 0.7475, model saved
2026-09-02 08:03:43 | Epoch  17/100 | Train Loss 0.0166 | Val Loss 0.0147 MAE 0.4058 R2 0.7551
2026-09-02 08:03:43 |   Val R2 improved to 0.7551, model saved
2026-09-02 08:03:43 | Epoch  18/100 | Train Loss 0.0161 | Val Loss 0.0151 MAE 0.4028 R2 0.7481
2026-09-02 08:03:44 | Epoch  19/100 | Train Loss 0.0164 | Val Loss 0.0153 MAE 0.4069 R2 0.7444
2026-09-02 08:03:44 | Epoch  20/100 | Train Loss 0.0162 | Val Loss 0.0144 MAE 0.3989 R2 0.7593
2026-09-02 08:03:44 |   Val R2 improved to 0.7593, model saved
2026-09-02 08:03:44 | Epoch  21/100 | Train Loss 0.0161 | Val Loss 0.0144 MAE 0.3988 R2 0.7592
2026-09-02 08:03:44 | Epoch  22/100 | Train Loss 0.0160 | Val Loss 0.0149 MAE 0.3963 R2 0.7511
2026-09-02 08:03:45 | Epoch  23/100 | Train Loss 0.0156 | Val Loss 0.0149 MAE 0.4159 R2 0.7518
2026-09-02 08:03:45 | Epoch  24/100 | Train Loss 0.0156 | Val Loss 0.0144 MAE 0.3946 R2 0.7596
2026-09-02 08:03:45 |   Val R2 improved to 0.7596, model saved
2026-09-02 08:03:45 | Epoch  25/100 | Train Loss 0.0155 | Val Loss 0.0143 MAE 0.3919 R2 0.7649
2026-09-02 08:03:45 |   Val R2 improved to 0.7649, model saved
2026-09-02 08:03:45 | Epoch  26/100 | Train Loss 0.0155 | Val Loss 0.0137 MAE 0.3890 R2 0.7710
2026-09-02 08:03:45 |   Val R2 improved to 0.7710, model saved
2026-09-02 08:03:46 | Epoch  27/100 | Train Loss 0.0154 | Val Loss 0.0141 MAE 0.3877 R2 0.7651
2026-09-02 08:03:46 | Epoch  28/100 | Train Loss 0.0153 | Val Loss 0.0141 MAE 0.3841 R2 0.7685
2026-09-02 08:03:46 | Epoch  29/100 | Train Loss 0.0149 | Val Loss 0.0137 MAE 0.3927 R2 0.7716
2026-09-02 08:03:46 |   Val R2 improved to 0.7716, model saved
2026-09-02 08:03:47 | Epoch  30/100 | Train Loss 0.0148 | Val Loss 0.0137 MAE 0.3939 R2 0.7721
2026-09-02 08:03:47 |   Val R2 improved to 0.7721, model saved
2026-09-02 08:03:47 | Epoch  31/100 | Train Loss 0.0148 | Val Loss 0.0137 MAE 0.3864 R2 0.7719
2026-09-02 08:03:47 | Epoch  32/100 | Train Loss 0.0146 | Val Loss 0.0134 MAE 0.3794 R2 0.7763
2026-09-02 08:03:47 |   Val R2 improved to 0.7763, model saved
2026-09-02 08:03:47 | Epoch  33/100 | Train Loss 0.0146 | Val Loss 0.0133 MAE 0.3825 R2 0.7787
2026-09-02 08:03:47 |   Val R2 improved to 0.7787, model saved
2026-09-02 08:03:48 | Epoch  34/100 | Train Loss 0.0144 | Val Loss 0.0133 MAE 0.3840 R2 0.7786
2026-09-02 08:03:48 | Epoch  35/100 | Train Loss 0.0146 | Val Loss 0.0134 MAE 0.3749 R2 0.7772
2026-09-02 08:03:48 | Epoch  36/100 | Train Loss 0.0145 | Val Loss 0.0135 MAE 0.3782 R2 0.7748
2026-09-02 08:03:48 | Epoch  37/100 | Train Loss 0.0144 | Val Loss 0.0135 MAE 0.3824 R2 0.7741
2026-09-02 08:03:48 | Epoch  38/100 | Train Loss 0.0144 | Val Loss 0.0141 MAE 0.3806 R2 0.7645
2026-09-02 08:03:49 | Epoch  39/100 | Train Loss 0.0144 | Val Loss 0.0132 MAE 0.3720 R2 0.7792
2026-09-02 08:03:49 |   Val R2 improved to 0.7792, model saved
2026-09-02 08:03:49 | Epoch  40/100 | Train Loss 0.0140 | Val Loss 0.0134 MAE 0.3756 R2 0.7765
2026-09-02 08:03:49 | Epoch  41/100 | Train Loss 0.0138 | Val Loss 0.0135 MAE 0.3979 R2 0.7749
2026-09-02 08:03:50 | Epoch  42/100 | Train Loss 0.0143 | Val Loss 0.0134 MAE 0.3906 R2 0.7761
2026-09-02 08:03:50 | Epoch  43/100 | Train Loss 0.0142 | Val Loss 0.0129 MAE 0.3704 R2 0.7848
2026-09-02 08:03:50 |   Val R2 improved to 0.7848, model saved
2026-09-02 08:03:50 | Epoch  44/100 | Train Loss 0.0140 | Val Loss 0.0132 MAE 0.3703 R2 0.7806
2026-09-02 08:03:50 | Epoch  45/100 | Train Loss 0.0137 | Val Loss 0.0132 MAE 0.3718 R2 0.7799
2026-09-02 08:03:51 | Epoch  46/100 | Train Loss 0.0138 | Val Loss 0.0130 MAE 0.3762 R2 0.7836
2026-09-02 08:03:51 | Epoch  47/100 | Train Loss 0.0137 | Val Loss 0.0129 MAE 0.3830 R2 0.7853
2026-09-02 08:03:51 |   Val R2 improved to 0.7853, model saved
2026-09-02 08:03:51 | Epoch  48/100 | Train Loss 0.0140 | Val Loss 0.0130 MAE 0.3728 R2 0.7830
2026-09-02 08:03:51 | Epoch  49/100 | Train Loss 0.0144 | Val Loss 0.0161 MAE 0.3899 R2 0.7668
2026-09-02 08:03:51 | Epoch  50/100 | Train Loss 0.0141 | Val Loss 0.0133 MAE 0.3854 R2 0.7777
2026-09-02 08:03:52 | Epoch  51/100 | Train Loss 0.0136 | Val Loss 0.0129 MAE 0.3761 R2 0.7847
2026-09-02 08:03:52 | Epoch  52/100 | Train Loss 0.0141 | Val Loss 0.0127 MAE 0.3708 R2 0.7886
2026-09-02 08:03:52 |   Val R2 improved to 0.7886, model saved
2026-09-02 08:03:52 | Epoch  53/100 | Train Loss 0.0136 | Val Loss 0.0130 MAE 0.3676 R2 0.7827
2026-09-02 08:03:52 | Epoch  54/100 | Train Loss 0.0137 | Val Loss 0.0130 MAE 0.3701 R2 0.7823
2026-09-02 08:03:53 | Epoch  55/100 | Train Loss 0.0135 | Val Loss 0.0128 MAE 0.3643 R2 0.7869
2026-09-02 08:03:53 | Epoch  56/100 | Train Loss 0.0134 | Val Loss 0.0129 MAE 0.3640 R2 0.7847
2026-09-02 08:03:53 | Epoch  57/100 | Train Loss 0.0134 | Val Loss 0.0127 MAE 0.3789 R2 0.7873
2026-09-02 08:03:53 | Epoch  58/100 | Train Loss 0.0135 | Val Loss 0.0127 MAE 0.3717 R2 0.7875
2026-09-02 08:03:54 | Epoch  59/100 | Train Loss 0.0133 | Val Loss 0.0127 MAE 0.3668 R2 0.7885
2026-09-02 08:03:54 | Epoch  60/100 | Train Loss 0.0133 | Val Loss 0.0125 MAE 0.3638 R2 0.7917
2026-09-02 08:03:54 |   Val R2 improved to 0.7917, model saved
2026-09-02 08:03:54 | Epoch  61/100 | Train Loss 0.0132 | Val Loss 0.0126 MAE 0.3630 R2 0.7901
2026-09-02 08:03:54 | Epoch  62/100 | Train Loss 0.0132 | Val Loss 0.0125 MAE 0.3633 R2 0.7918
2026-09-02 08:03:54 |   Val R2 improved to 0.7918, model saved
2026-09-02 08:03:55 | Epoch  63/100 | Train Loss 0.0130 | Val Loss 0.0125 MAE 0.3666 R2 0.7917
2026-09-02 08:03:55 | Epoch  64/100 | Train Loss 0.0133 | Val Loss 0.0125 MAE 0.3634 R2 0.7916
2026-09-02 08:03:55 | Epoch  65/100 | Train Loss 0.0132 | Val Loss 0.0130 MAE 0.3715 R2 0.7839
2026-09-02 08:03:56 | Epoch  66/100 | Train Loss 0.0132 | Val Loss 0.0126 MAE 0.3627 R2 0.7900
2026-09-02 08:03:56 | Epoch  67/100 | Train Loss 0.0132 | Val Loss 0.0127 MAE 0.3644 R2 0.7882
2026-09-02 08:03:56 | Epoch  68/100 | Train Loss 0.0132 | Val Loss 0.0127 MAE 0.3666 R2 0.7872
2026-09-02 08:03:56 | Epoch  69/100 | Train Loss 0.0130 | Val Loss 0.0125 MAE 0.3691 R2 0.7910
2026-09-02 08:03:57 | Epoch  70/100 | Train Loss 0.0129 | Val Loss 0.0126 MAE 0.3600 R2 0.7888
2026-09-02 08:03:57 | Epoch  71/100 | Train Loss 0.0130 | Val Loss 0.0127 MAE 0.3722 R2 0.7881
2026-09-02 08:03:57 | Epoch  72/100 | Train Loss 0.0129 | Val Loss 0.0125 MAE 0.3631 R2 0.7914
2026-09-02 08:03:57 | Val R2 did not improve for 10 consecutive epochs, early stopping at Epoch 72 (best R2 0.7918 @ Epoch 62)
2026-09-02 08:03:57 | Run 2/5 | Test (best model @ Epoch 62) | Loss 0.0124 MAE 0.3620 R2 0.7834
2026-09-02 08:03:57 | ===== Run 3/5 (seed 2) =====
2026-09-02 08:03:57 | Epoch   1/100 | Train Loss 0.1056 | Val Loss 0.0358 MAE 0.5876 R2 0.4488
2026-09-02 08:03:57 |   Val R2 improved to 0.4488, model saved
2026-09-02 08:03:58 | Epoch   2/100 | Train Loss 0.0315 | Val Loss 0.0286 MAE 0.5161 R2 0.6311
2026-09-02 08:03:58 |   Val R2 improved to 0.6311, model saved
2026-09-02 08:03:58 | Epoch   3/100 | Train Loss 0.0247 | Val Loss 0.0199 MAE 0.4663 R2 0.6784
2026-09-02 08:03:58 |   Val R2 improved to 0.6784, model saved
2026-09-02 08:03:58 | Epoch   4/100 | Train Loss 0.0221 | Val Loss 0.0202 MAE 0.4558 R2 0.6641
2026-09-02 08:03:58 | Epoch   5/100 | Train Loss 0.0209 | Val Loss 0.0178 MAE 0.4606 R2 0.7033
2026-09-02 08:03:58 |   Val R2 improved to 0.7033, model saved
2026-09-02 08:03:59 | Epoch   6/100 | Train Loss 0.0204 | Val Loss 0.0178 MAE 0.4470 R2 0.7071
2026-09-02 08:03:59 |   Val R2 improved to 0.7071, model saved
2026-09-02 08:03:59 | Epoch   7/100 | Train Loss 0.0194 | Val Loss 0.0166 MAE 0.4298 R2 0.7218
2026-09-02 08:03:59 |   Val R2 improved to 0.7218, model saved
2026-09-02 08:03:59 | Epoch   8/100 | Train Loss 0.0187 | Val Loss 0.0167 MAE 0.4386 R2 0.7206
2026-09-02 08:03:59 | Epoch   9/100 | Train Loss 0.0186 | Val Loss 0.0158 MAE 0.4248 R2 0.7355
2026-09-02 08:03:59 |   Val R2 improved to 0.7355, model saved
2026-09-02 08:04:00 | Epoch  10/100 | Train Loss 0.0183 | Val Loss 0.0158 MAE 0.4183 R2 0.7359
2026-09-02 08:04:00 |   Val R2 improved to 0.7359, model saved
2026-09-02 08:04:00 | Epoch  11/100 | Train Loss 0.0179 | Val Loss 0.0158 MAE 0.4199 R2 0.7433
2026-09-02 08:04:00 |   Val R2 improved to 0.7433, model saved
2026-09-02 08:04:00 | Epoch  12/100 | Train Loss 0.0174 | Val Loss 0.0153 MAE 0.4187 R2 0.7451
2026-09-02 08:04:00 |   Val R2 improved to 0.7451, model saved
2026-09-02 08:04:00 | Epoch  13/100 | Train Loss 0.0171 | Val Loss 0.0156 MAE 0.4152 R2 0.7396
2026-09-02 08:04:01 | Epoch  14/100 | Train Loss 0.0170 | Val Loss 0.0158 MAE 0.4126 R2 0.7390
2026-09-02 08:04:01 | Epoch  15/100 | Train Loss 0.0168 | Val Loss 0.0151 MAE 0.4084 R2 0.7491
2026-09-02 08:04:01 |   Val R2 improved to 0.7491, model saved
2026-09-02 08:04:01 | Epoch  16/100 | Train Loss 0.0170 | Val Loss 0.0173 MAE 0.4377 R2 0.7106
2026-09-02 08:04:01 | Epoch  17/100 | Train Loss 0.0169 | Val Loss 0.0146 MAE 0.4058 R2 0.7579
2026-09-02 08:04:01 |   Val R2 improved to 0.7579, model saved
2026-09-02 08:04:02 | Epoch  18/100 | Train Loss 0.0163 | Val Loss 0.0170 MAE 0.4074 R2 0.7179
2026-09-02 08:04:02 | Epoch  19/100 | Train Loss 0.0164 | Val Loss 0.0148 MAE 0.3984 R2 0.7532
2026-09-02 08:04:02 | Epoch  20/100 | Train Loss 0.0160 | Val Loss 0.0144 MAE 0.4026 R2 0.7603
2026-09-02 08:04:02 |   Val R2 improved to 0.7603, model saved
2026-09-02 08:04:02 | Epoch  21/100 | Train Loss 0.0158 | Val Loss 0.0144 MAE 0.4056 R2 0.7597
2026-09-02 08:04:03 | Epoch  22/100 | Train Loss 0.0161 | Val Loss 0.0143 MAE 0.3935 R2 0.7659
2026-09-02 08:04:03 |   Val R2 improved to 0.7659, model saved
2026-09-02 08:04:03 | Epoch  23/100 | Train Loss 0.0157 | Val Loss 0.0149 MAE 0.4120 R2 0.7527
2026-09-02 08:04:03 | Epoch  24/100 | Train Loss 0.0159 | Val Loss 0.0140 MAE 0.3920 R2 0.7659
2026-09-02 08:04:03 |   Val R2 improved to 0.7659, model saved
2026-09-02 08:04:03 | Epoch  25/100 | Train Loss 0.0155 | Val Loss 0.0144 MAE 0.3906 R2 0.7598
2026-09-02 08:04:04 | Epoch  26/100 | Train Loss 0.0154 | Val Loss 0.0141 MAE 0.3884 R2 0.7680
2026-09-02 08:04:04 |   Val R2 improved to 0.7680, model saved
2026-09-02 08:04:04 | Epoch  27/100 | Train Loss 0.0153 | Val Loss 0.0141 MAE 0.3911 R2 0.7642
2026-09-02 08:04:04 | Epoch  28/100 | Train Loss 0.0157 | Val Loss 0.0147 MAE 0.3952 R2 0.7540
2026-09-02 08:04:04 | Epoch  29/100 | Train Loss 0.0150 | Val Loss 0.0145 MAE 0.3884 R2 0.7576
2026-09-02 08:04:05 | Epoch  30/100 | Train Loss 0.0150 | Val Loss 0.0136 MAE 0.3837 R2 0.7723
2026-09-02 08:04:05 |   Val R2 improved to 0.7723, model saved
2026-09-02 08:04:05 | Epoch  31/100 | Train Loss 0.0149 | Val Loss 0.0136 MAE 0.3813 R2 0.7730
2026-09-02 08:04:05 |   Val R2 improved to 0.7730, model saved
2026-09-02 08:04:05 | Epoch  32/100 | Train Loss 0.0146 | Val Loss 0.0140 MAE 0.3810 R2 0.7661
2026-09-02 08:04:05 | Epoch  33/100 | Train Loss 0.0153 | Val Loss 0.0141 MAE 0.3866 R2 0.7654
2026-09-02 08:04:06 | Epoch  34/100 | Train Loss 0.0149 | Val Loss 0.0138 MAE 0.3811 R2 0.7701
2026-09-02 08:04:06 | Epoch  35/100 | Train Loss 0.0148 | Val Loss 0.0134 MAE 0.3800 R2 0.7769
2026-09-02 08:04:06 |   Val R2 improved to 0.7769, model saved
2026-09-02 08:04:06 | Epoch  36/100 | Train Loss 0.0147 | Val Loss 0.0134 MAE 0.3750 R2 0.7766
2026-09-02 08:04:06 | Epoch  37/100 | Train Loss 0.0147 | Val Loss 0.0140 MAE 0.3790 R2 0.7658
2026-09-02 08:04:07 | Epoch  38/100 | Train Loss 0.0146 | Val Loss 0.0135 MAE 0.3949 R2 0.7746
2026-09-02 08:04:07 | Epoch  39/100 | Train Loss 0.0144 | Val Loss 0.0144 MAE 0.3776 R2 0.7597
2026-09-02 08:04:07 | Epoch  40/100 | Train Loss 0.0144 | Val Loss 0.0135 MAE 0.3866 R2 0.7756
2026-09-02 08:04:07 | Epoch  41/100 | Train Loss 0.0144 | Val Loss 0.0140 MAE 0.3821 R2 0.7668
2026-09-02 08:04:08 | Epoch  42/100 | Train Loss 0.0145 | Val Loss 0.0137 MAE 0.3784 R2 0.7716
2026-09-02 08:04:08 | Epoch  43/100 | Train Loss 0.0143 | Val Loss 0.0137 MAE 0.3762 R2 0.7706
2026-09-02 08:04:08 | Epoch  44/100 | Train Loss 0.0143 | Val Loss 0.0139 MAE 0.3826 R2 0.7682
2026-09-02 08:04:08 | Epoch  45/100 | Train Loss 0.0143 | Val Loss 0.0137 MAE 0.3768 R2 0.7719
2026-09-02 08:04:08 | Val R2 did not improve for 10 consecutive epochs, early stopping at Epoch 45 (best R2 0.7769 @ Epoch 35)
2026-09-02 08:04:08 | Run 3/5 | Test (best model @ Epoch 35) | Loss 0.0133 MAE 0.3791 R2 0.7670
2026-09-02 08:04:08 | ===== Run 4/5 (seed 3) =====
2026-09-02 08:04:08 | Epoch   1/100 | Train Loss 0.1083 | Val Loss 0.0341 MAE 0.6218 R2 0.4451
2026-09-02 08:04:08 |   Val R2 improved to 0.4451, model saved
2026-09-02 08:04:08 | Epoch   2/100 | Train Loss 0.0343 | Val Loss 0.0248 MAE 0.5288 R2 0.5878
2026-09-02 08:04:08 |   Val R2 improved to 0.5878, model saved
2026-09-02 08:04:09 | Epoch   3/100 | Train Loss 0.0254 | Val Loss 0.0220 MAE 0.4873 R2 0.6475
2026-09-02 08:04:09 |   Val R2 improved to 0.6475, model saved
2026-09-02 08:04:09 | Epoch   4/100 | Train Loss 0.0230 | Val Loss 0.0202 MAE 0.4627 R2 0.6630
2026-09-02 08:04:09 |   Val R2 improved to 0.6630, model saved
2026-09-02 08:04:09 | Epoch   5/100 | Train Loss 0.0217 | Val Loss 0.0187 MAE 0.4520 R2 0.6984
2026-09-02 08:04:09 |   Val R2 improved to 0.6984, model saved
2026-09-02 08:04:09 | Epoch   6/100 | Train Loss 0.0202 | Val Loss 0.0173 MAE 0.4495 R2 0.7149
2026-09-02 08:04:09 |   Val R2 improved to 0.7149, model saved
2026-09-02 08:04:09 | Epoch   7/100 | Train Loss 0.0198 | Val Loss 0.0171 MAE 0.4370 R2 0.7131
2026-09-02 08:04:09 | Epoch   8/100 | Train Loss 0.0194 | Val Loss 0.0164 MAE 0.4309 R2 0.7250
2026-09-02 08:04:09 |   Val R2 improved to 0.7250, model saved
2026-09-02 08:04:10 | Epoch   9/100 | Train Loss 0.0186 | Val Loss 0.0161 MAE 0.4279 R2 0.7298
2026-09-02 08:04:10 |   Val R2 improved to 0.7298, model saved
2026-09-02 08:04:10 | Epoch  10/100 | Train Loss 0.0182 | Val Loss 0.0166 MAE 0.4252 R2 0.7224
2026-09-02 08:04:10 | Epoch  11/100 | Train Loss 0.0180 | Val Loss 0.0157 MAE 0.4180 R2 0.7365
2026-09-02 08:04:10 |   Val R2 improved to 0.7365, model saved
2026-09-02 08:04:10 | Epoch  12/100 | Train Loss 0.0178 | Val Loss 0.0153 MAE 0.4178 R2 0.7447
2026-09-02 08:04:10 |   Val R2 improved to 0.7447, model saved
2026-09-02 08:04:10 | Epoch  13/100 | Train Loss 0.0174 | Val Loss 0.0154 MAE 0.4129 R2 0.7416
2026-09-02 08:04:10 | Epoch  14/100 | Train Loss 0.0170 | Val Loss 0.0150 MAE 0.4106 R2 0.7496
2026-09-02 08:04:10 |   Val R2 improved to 0.7496, model saved
2026-09-02 08:04:10 | Epoch  15/100 | Train Loss 0.0171 | Val Loss 0.0156 MAE 0.4117 R2 0.7395
2026-09-02 08:04:11 | Epoch  16/100 | Train Loss 0.0166 | Val Loss 0.0147 MAE 0.4076 R2 0.7542
2026-09-02 08:04:11 |   Val R2 improved to 0.7542, model saved
2026-09-02 08:04:11 | Epoch  17/100 | Train Loss 0.0164 | Val Loss 0.0147 MAE 0.4073 R2 0.7537
2026-09-02 08:04:11 | Epoch  18/100 | Train Loss 0.0169 | Val Loss 0.0147 MAE 0.4154 R2 0.7541
2026-09-02 08:04:11 | Epoch  19/100 | Train Loss 0.0161 | Val Loss 0.0145 MAE 0.4021 R2 0.7584
2026-09-02 08:04:11 |   Val R2 improved to 0.7584, model saved
2026-09-02 08:04:11 | Epoch  20/100 | Train Loss 0.0156 | Val Loss 0.0147 MAE 0.3980 R2 0.7547
2026-09-02 08:04:12 | Epoch  21/100 | Train Loss 0.0160 | Val Loss 0.0144 MAE 0.4080 R2 0.7599
2026-09-02 08:04:12 |   Val R2 improved to 0.7599, model saved
2026-09-02 08:04:12 | Epoch  22/100 | Train Loss 0.0160 | Val Loss 0.0140 MAE 0.3958 R2 0.7662
2026-09-02 08:04:12 |   Val R2 improved to 0.7662, model saved
2026-09-02 08:04:12 | Epoch  23/100 | Train Loss 0.0155 | Val Loss 0.0138 MAE 0.3903 R2 0.7692
2026-09-02 08:04:12 |   Val R2 improved to 0.7692, model saved
2026-09-02 08:04:12 | Epoch  24/100 | Train Loss 0.0154 | Val Loss 0.0140 MAE 0.3874 R2 0.7666
2026-09-02 08:04:12 | Epoch  25/100 | Train Loss 0.0153 | Val Loss 0.0140 MAE 0.3814 R2 0.7664
2026-09-02 08:04:12 | Epoch  26/100 | Train Loss 0.0153 | Val Loss 0.0146 MAE 0.3899 R2 0.7562
2026-09-02 08:04:12 | Epoch  27/100 | Train Loss 0.0149 | Val Loss 0.0137 MAE 0.3810 R2 0.7719
2026-09-02 08:04:12 |   Val R2 improved to 0.7719, model saved
2026-09-02 08:04:13 | Epoch  28/100 | Train Loss 0.0150 | Val Loss 0.0135 MAE 0.3786 R2 0.7744
2026-09-02 08:04:13 |   Val R2 improved to 0.7744, model saved
2026-09-02 08:04:13 | Epoch  29/100 | Train Loss 0.0148 | Val Loss 0.0139 MAE 0.3802 R2 0.7676
2026-09-02 08:04:13 | Epoch  30/100 | Train Loss 0.0148 | Val Loss 0.0139 MAE 0.3965 R2 0.7685
2026-09-02 08:04:13 | Epoch  31/100 | Train Loss 0.0151 | Val Loss 0.0134 MAE 0.3875 R2 0.7768
2026-09-02 08:04:13 |   Val R2 improved to 0.7768, model saved
2026-09-02 08:04:13 | Epoch  32/100 | Train Loss 0.0147 | Val Loss 0.0137 MAE 0.3922 R2 0.7722
2026-09-02 08:04:13 | Epoch  33/100 | Train Loss 0.0148 | Val Loss 0.0133 MAE 0.3869 R2 0.7778
2026-09-02 08:04:13 |   Val R2 improved to 0.7778, model saved
2026-09-02 08:04:14 | Epoch  34/100 | Train Loss 0.0144 | Val Loss 0.0133 MAE 0.3755 R2 0.7783
2026-09-02 08:04:14 |   Val R2 improved to 0.7783, model saved
2026-09-02 08:04:14 | Epoch  35/100 | Train Loss 0.0145 | Val Loss 0.0134 MAE 0.3765 R2 0.7775
2026-09-02 08:04:14 | Epoch  36/100 | Train Loss 0.0144 | Val Loss 0.0132 MAE 0.3758 R2 0.7821
2026-09-02 08:04:14 |   Val R2 improved to 0.7821, model saved
2026-09-02 08:04:14 | Epoch  37/100 | Train Loss 0.0142 | Val Loss 0.0130 MAE 0.3734 R2 0.7833
2026-09-02 08:04:14 |   Val R2 improved to 0.7833, model saved
2026-09-02 08:04:14 | Epoch  38/100 | Train Loss 0.0141 | Val Loss 0.0149 MAE 0.3782 R2 0.7516
2026-09-02 08:04:15 | Epoch  39/100 | Train Loss 0.0143 | Val Loss 0.0130 MAE 0.3714 R2 0.7829
2026-09-02 08:04:15 | Epoch  40/100 | Train Loss 0.0141 | Val Loss 0.0129 MAE 0.3725 R2 0.7845
2026-09-02 08:04:15 |   Val R2 improved to 0.7845, model saved
2026-09-02 08:04:15 | Epoch  41/100 | Train Loss 0.0140 | Val Loss 0.0137 MAE 0.3832 R2 0.7715
2026-09-02 08:04:15 | Epoch  42/100 | Train Loss 0.0139 | Val Loss 0.0134 MAE 0.3763 R2 0.7758
2026-09-02 08:04:15 | Epoch  43/100 | Train Loss 0.0139 | Val Loss 0.0136 MAE 0.3902 R2 0.7738
2026-09-02 08:04:15 | Epoch  44/100 | Train Loss 0.0144 | Val Loss 0.0131 MAE 0.3717 R2 0.7808
2026-09-02 08:04:15 | Epoch  45/100 | Train Loss 0.0137 | Val Loss 0.0151 MAE 0.3984 R2 0.7478
2026-09-02 08:04:16 | Epoch  46/100 | Train Loss 0.0146 | Val Loss 0.0129 MAE 0.3703 R2 0.7844
2026-09-02 08:04:16 | Epoch  47/100 | Train Loss 0.0140 | Val Loss 0.0129 MAE 0.3692 R2 0.7844
2026-09-02 08:04:16 | Epoch  48/100 | Train Loss 0.0137 | Val Loss 0.0133 MAE 0.3759 R2 0.7781
2026-09-02 08:04:16 | Epoch  49/100 | Train Loss 0.0137 | Val Loss 0.0133 MAE 0.3763 R2 0.7868
2026-09-02 08:04:16 |   Val R2 improved to 0.7868, model saved
2026-09-02 08:04:16 | Epoch  50/100 | Train Loss 0.0136 | Val Loss 0.0130 MAE 0.3653 R2 0.7852
2026-09-02 08:04:16 | Epoch  51/100 | Train Loss 0.0137 | Val Loss 0.0127 MAE 0.3661 R2 0.7889
2026-09-02 08:04:16 |   Val R2 improved to 0.7889, model saved
2026-09-02 08:04:17 | Epoch  52/100 | Train Loss 0.0135 | Val Loss 0.0128 MAE 0.3691 R2 0.7867
2026-09-02 08:04:17 | Epoch  53/100 | Train Loss 0.0137 | Val Loss 0.0126 MAE 0.3732 R2 0.7901
2026-09-02 08:04:17 |   Val R2 improved to 0.7901, model saved
2026-09-02 08:04:17 | Epoch  54/100 | Train Loss 0.0137 | Val Loss 0.0126 MAE 0.3650 R2 0.7891
2026-09-02 08:04:17 | Epoch  55/100 | Train Loss 0.0133 | Val Loss 0.0126 MAE 0.3657 R2 0.7897
2026-09-02 08:04:17 | Epoch  56/100 | Train Loss 0.0135 | Val Loss 0.0129 MAE 0.3665 R2 0.7849
2026-09-02 08:04:17 | Epoch  57/100 | Train Loss 0.0133 | Val Loss 0.0125 MAE 0.3617 R2 0.7909
2026-09-02 08:04:17 |   Val R2 improved to 0.7909, model saved
2026-09-02 08:04:18 | Epoch  58/100 | Train Loss 0.0137 | Val Loss 0.0131 MAE 0.3665 R2 0.7819
2026-09-02 08:04:18 | Epoch  59/100 | Train Loss 0.0133 | Val Loss 0.0132 MAE 0.3670 R2 0.7802
2026-09-02 08:04:18 | Epoch  60/100 | Train Loss 0.0135 | Val Loss 0.0135 MAE 0.3834 R2 0.7752
2026-09-02 08:04:18 | Epoch  61/100 | Train Loss 0.0134 | Val Loss 0.0129 MAE 0.3644 R2 0.7853
2026-09-02 08:04:18 | Epoch  62/100 | Train Loss 0.0131 | Val Loss 0.0126 MAE 0.3606 R2 0.7892
2026-09-02 08:04:18 | Epoch  63/100 | Train Loss 0.0135 | Val Loss 0.0137 MAE 0.3736 R2 0.7703
2026-09-02 08:04:19 | Epoch  64/100 | Train Loss 0.0133 | Val Loss 0.0124 MAE 0.3572 R2 0.7934
2026-09-02 08:04:19 |   Val R2 improved to 0.7934, model saved
2026-09-02 08:04:19 | Epoch  65/100 | Train Loss 0.0129 | Val Loss 0.0125 MAE 0.3636 R2 0.7909
2026-09-02 08:04:19 | Epoch  66/100 | Train Loss 0.0132 | Val Loss 0.0128 MAE 0.3828 R2 0.7858
2026-09-02 08:04:19 | Epoch  67/100 | Train Loss 0.0133 | Val Loss 0.0124 MAE 0.3604 R2 0.7933
2026-09-02 08:04:19 | Epoch  68/100 | Train Loss 0.0129 | Val Loss 0.0123 MAE 0.3593 R2 0.7939
2026-09-02 08:04:19 |   Val R2 improved to 0.7939, model saved
2026-09-02 08:04:19 | Epoch  69/100 | Train Loss 0.0131 | Val Loss 0.0127 MAE 0.3693 R2 0.7880
2026-09-02 08:04:19 | Epoch  70/100 | Train Loss 0.0132 | Val Loss 0.0134 MAE 0.3660 R2 0.7759
2026-09-02 08:04:20 | Epoch  71/100 | Train Loss 0.0135 | Val Loss 0.0131 MAE 0.3612 R2 0.7810
2026-09-02 08:04:20 | Epoch  72/100 | Train Loss 0.0129 | Val Loss 0.0124 MAE 0.3599 R2 0.7925
2026-09-02 08:04:20 | Epoch  73/100 | Train Loss 0.0128 | Val Loss 0.0125 MAE 0.3739 R2 0.7910
2026-09-02 08:04:20 | Epoch  74/100 | Train Loss 0.0129 | Val Loss 0.0125 MAE 0.3632 R2 0.7921
2026-09-02 08:04:20 | Epoch  75/100 | Train Loss 0.0129 | Val Loss 0.0126 MAE 0.3604 R2 0.7895
2026-09-02 08:04:20 | Epoch  76/100 | Train Loss 0.0128 | Val Loss 0.0127 MAE 0.3614 R2 0.7880
2026-09-02 08:04:21 | Epoch  77/100 | Train Loss 0.0126 | Val Loss 0.0122 MAE 0.3606 R2 0.7959
2026-09-02 08:04:21 |   Val R2 improved to 0.7959, model saved
2026-09-02 08:04:21 | Epoch  78/100 | Train Loss 0.0127 | Val Loss 0.0123 MAE 0.3608 R2 0.7956
2026-09-02 08:04:21 | Epoch  79/100 | Train Loss 0.0128 | Val Loss 0.0125 MAE 0.3569 R2 0.7921
2026-09-02 08:04:21 | Epoch  80/100 | Train Loss 0.0128 | Val Loss 0.0125 MAE 0.3576 R2 0.7907
2026-09-02 08:04:21 | Epoch  81/100 | Train Loss 0.0128 | Val Loss 0.0129 MAE 0.3631 R2 0.7842
2026-09-02 08:04:21 | Epoch  82/100 | Train Loss 0.0124 | Val Loss 0.0125 MAE 0.3590 R2 0.7910
2026-09-02 08:04:21 | Epoch  83/100 | Train Loss 0.0125 | Val Loss 0.0126 MAE 0.3605 R2 0.7895
2026-09-02 08:04:22 | Epoch  84/100 | Train Loss 0.0126 | Val Loss 0.0120 MAE 0.3587 R2 0.7996
2026-09-02 08:04:22 |   Val R2 improved to 0.7996, model saved
2026-09-02 08:04:22 | Epoch  85/100 | Train Loss 0.0125 | Val Loss 0.0121 MAE 0.3578 R2 0.7985
2026-09-02 08:04:22 | Epoch  86/100 | Train Loss 0.0125 | Val Loss 0.0122 MAE 0.3666 R2 0.7965
2026-09-02 08:04:22 | Epoch  87/100 | Train Loss 0.0127 | Val Loss 0.0127 MAE 0.3785 R2 0.7885
2026-09-02 08:04:22 | Epoch  88/100 | Train Loss 0.0128 | Val Loss 0.0125 MAE 0.3727 R2 0.7921
2026-09-02 08:04:22 | Epoch  89/100 | Train Loss 0.0126 | Val Loss 0.0123 MAE 0.3633 R2 0.7948
2026-09-02 08:04:23 | Epoch  90/100 | Train Loss 0.0125 | Val Loss 0.0120 MAE 0.3570 R2 0.7998
2026-09-02 08:04:23 |   Val R2 improved to 0.7998, model saved
2026-09-02 08:04:23 | Epoch  91/100 | Train Loss 0.0123 | Val Loss 0.0122 MAE 0.3556 R2 0.7964
2026-09-02 08:04:23 | Epoch  92/100 | Train Loss 0.0125 | Val Loss 0.0120 MAE 0.3545 R2 0.7999
2026-09-02 08:04:23 |   Val R2 improved to 0.7999, model saved
2026-09-02 08:04:23 | Epoch  93/100 | Train Loss 0.0123 | Val Loss 0.0119 MAE 0.3545 R2 0.8017
2026-09-02 08:04:23 |   Val R2 improved to 0.8017, model saved
2026-09-02 08:04:23 | Epoch  94/100 | Train Loss 0.0123 | Val Loss 0.0129 MAE 0.3632 R2 0.7848
2026-09-02 08:04:23 | Epoch  95/100 | Train Loss 0.0127 | Val Loss 0.0121 MAE 0.3600 R2 0.7986
2026-09-02 08:04:23 | Epoch  96/100 | Train Loss 0.0125 | Val Loss 0.0119 MAE 0.3529 R2 0.8003
2026-09-02 08:04:24 | Epoch  97/100 | Train Loss 0.0123 | Val Loss 0.0120 MAE 0.3611 R2 0.7991
2026-09-02 08:04:24 | Epoch  98/100 | Train Loss 0.0122 | Val Loss 0.0121 MAE 0.3536 R2 0.7983
2026-09-02 08:04:24 | Epoch  99/100 | Train Loss 0.0122 | Val Loss 0.0122 MAE 0.3643 R2 0.7955
2026-09-02 08:04:24 | Epoch 100/100 | Train Loss 0.0123 | Val Loss 0.0121 MAE 0.3509 R2 0.7987
2026-09-02 08:04:24 | Run 4/5 | Test (best model @ Epoch 93) | Loss 0.0118 MAE 0.3534 R2 0.7930
2026-09-02 08:04:24 | ===== Run 5/5 (seed 4) =====
2026-09-02 08:04:24 | Epoch   1/100 | Train Loss 0.1005 | Val Loss 0.0439 MAE 0.5848 R2 0.3022
2026-09-02 08:04:24 |   Val R2 improved to 0.3022, model saved
2026-09-02 08:04:24 | Epoch   2/100 | Train Loss 0.0336 | Val Loss 0.0292 MAE 0.5156 R2 0.5856
2026-09-02 08:04:24 |   Val R2 improved to 0.5856, model saved
2026-09-02 08:04:25 | Epoch   3/100 | Train Loss 0.0244 | Val Loss 0.0270 MAE 0.4763 R2 0.6458
2026-09-02 08:04:25 |   Val R2 improved to 0.6458, model saved
2026-09-02 08:04:25 | Epoch   4/100 | Train Loss 0.0227 | Val Loss 0.0220 MAE 0.4555 R2 0.6848
2026-09-02 08:04:25 |   Val R2 improved to 0.6848, model saved
2026-09-02 08:04:25 | Epoch   5/100 | Train Loss 116.0934 | Val Loss 0.0253 MAE 0.4695 R2 0.6866
2026-09-02 08:04:25 |   Val R2 improved to 0.6866, model saved
2026-09-02 08:04:25 | Epoch   6/100 | Train Loss 0.0254 | Val Loss 0.0185 MAE 0.4493 R2 0.7119
2026-09-02 08:04:25 |   Val R2 improved to 0.7119, model saved
2026-09-02 08:04:25 | Epoch   7/100 | Train Loss 0.0239 | Val Loss 0.0244 MAE 0.4495 R2 0.6110
2026-09-02 08:04:25 | Epoch   8/100 | Train Loss 0.0237 | Val Loss 0.0176 MAE 0.4315 R2 0.7199
2026-09-02 08:04:25 |   Val R2 improved to 0.7199, model saved
2026-09-02 08:04:26 | Epoch   9/100 | Train Loss 0.0220 | Val Loss 0.0181 MAE 0.4414 R2 0.7258
2026-09-02 08:04:26 |   Val R2 improved to 0.7258, model saved
2026-09-02 08:04:26 | Epoch  10/100 | Train Loss 0.0218 | Val Loss 0.0171 MAE 0.4213 R2 0.7372
2026-09-02 08:04:26 |   Val R2 improved to 0.7372, model saved
2026-09-02 08:04:26 | Epoch  11/100 | Train Loss 0.0211 | Val Loss 0.0175 MAE 0.4154 R2 0.7298
2026-09-02 08:04:26 | Epoch  12/100 | Train Loss 0.0209 | Val Loss 0.0165 MAE 0.4124 R2 0.7371
2026-09-02 08:04:26 | Epoch  13/100 | Train Loss 0.0198 | Val Loss 0.0156 MAE 0.4180 R2 0.7475
2026-09-02 08:04:26 |   Val R2 improved to 0.7475, model saved
2026-09-02 08:04:26 | Epoch  14/100 | Train Loss 0.0195 | Val Loss 0.0175 MAE 0.4256 R2 0.7168
2026-09-02 08:04:27 | Epoch  15/100 | Train Loss 0.0198 | Val Loss 0.0157 MAE 0.4332 R2 0.7417
2026-09-02 08:04:27 | Epoch  16/100 | Train Loss 0.0190 | Val Loss 0.0148 MAE 0.4157 R2 0.7555
2026-09-02 08:04:27 |   Val R2 improved to 0.7555, model saved
2026-09-02 08:04:27 | Epoch  17/100 | Train Loss 0.0193 | Val Loss 0.0154 MAE 0.4239 R2 0.7450
2026-09-02 08:04:27 | Epoch  18/100 | Train Loss 0.0186 | Val Loss 0.0155 MAE 0.4185 R2 0.7435
2026-09-02 08:04:27 | Epoch  19/100 | Train Loss 0.0182 | Val Loss 0.0152 MAE 0.4013 R2 0.7479
2026-09-02 08:04:27 | Epoch  20/100 | Train Loss 0.0180 | Val Loss 0.0162 MAE 0.3980 R2 0.7309
2026-09-02 08:04:28 | Epoch  21/100 | Train Loss 0.0181 | Val Loss 0.0144 MAE 0.3989 R2 0.7624
2026-09-02 08:04:28 |   Val R2 improved to 0.7624, model saved
2026-09-02 08:04:28 | Epoch  22/100 | Train Loss 0.0174 | Val Loss 0.0149 MAE 0.4009 R2 0.7543
2026-09-02 08:04:28 | Epoch  23/100 | Train Loss 0.0174 | Val Loss 0.0141 MAE 0.3884 R2 0.7669
2026-09-02 08:04:28 |   Val R2 improved to 0.7669, model saved
2026-09-02 08:04:28 | Epoch  24/100 | Train Loss 0.0171 | Val Loss 0.0139 MAE 0.3988 R2 0.7703
2026-09-02 08:04:28 |   Val R2 improved to 0.7703, model saved
2026-09-02 08:04:28 | Epoch  25/100 | Train Loss 0.0171 | Val Loss 0.0140 MAE 0.3970 R2 0.7695
2026-09-02 08:04:28 | Epoch  26/100 | Train Loss 0.0170 | Val Loss 0.0138 MAE 0.3894 R2 0.7720
2026-09-02 08:04:28 |   Val R2 improved to 0.7720, model saved
2026-09-02 08:04:28 | Epoch  27/100 | Train Loss 0.0170 | Val Loss 0.0147 MAE 0.4195 R2 0.7584
2026-09-02 08:04:29 | Epoch  28/100 | Train Loss 0.0169 | Val Loss 0.0146 MAE 0.4168 R2 0.7592
2026-09-02 08:04:29 | Epoch  29/100 | Train Loss 0.0166 | Val Loss 0.0138 MAE 0.3812 R2 0.7720
2026-09-02 08:04:29 |   Val R2 improved to 0.7720, model saved
2026-09-02 08:04:29 | Epoch  30/100 | Train Loss 0.0166 | Val Loss 0.0141 MAE 0.4107 R2 0.7663
2026-09-02 08:04:29 | Epoch  31/100 | Train Loss 0.0167 | Val Loss 0.0134 MAE 0.3793 R2 0.7784
2026-09-02 08:04:29 |   Val R2 improved to 0.7784, model saved
2026-09-02 08:04:29 | Epoch  32/100 | Train Loss 0.0161 | Val Loss 0.0136 MAE 0.3866 R2 0.7744
2026-09-02 08:04:29 | Epoch  33/100 | Train Loss 0.0162 | Val Loss 0.0137 MAE 0.3786 R2 0.7731
2026-09-02 08:04:30 | Epoch  34/100 | Train Loss 0.0162 | Val Loss 0.0133 MAE 0.3770 R2 0.7798
2026-09-02 08:04:30 |   Val R2 improved to 0.7798, model saved
2026-09-02 08:04:30 | Epoch  35/100 | Train Loss 0.0161 | Val Loss 0.0135 MAE 0.3874 R2 0.7764
2026-09-02 08:04:30 | Epoch  36/100 | Train Loss 0.0156 | Val Loss 0.0134 MAE 0.3870 R2 0.7782
2026-09-02 08:04:30 | Epoch  37/100 | Train Loss 0.0158 | Val Loss 0.0135 MAE 0.3761 R2 0.7773
2026-09-02 08:04:30 | Epoch  38/100 | Train Loss 0.0155 | Val Loss 0.0132 MAE 0.3773 R2 0.7810
2026-09-02 08:04:30 |   Val R2 improved to 0.7810, model saved
2026-09-02 08:04:30 | Epoch  39/100 | Train Loss 0.0153 | Val Loss 0.0133 MAE 0.3830 R2 0.7807
2026-09-02 08:04:31 | Epoch  40/100 | Train Loss 0.0153 | Val Loss 0.0136 MAE 0.3750 R2 0.7742
2026-09-02 08:04:31 | Epoch  41/100 | Train Loss 0.0154 | Val Loss 0.0133 MAE 0.3721 R2 0.7794
2026-09-02 08:04:31 | Epoch  42/100 | Train Loss 0.0152 | Val Loss 0.0132 MAE 0.3718 R2 0.7822
2026-09-02 08:04:31 |   Val R2 improved to 0.7822, model saved
2026-09-02 08:04:31 | Epoch  43/100 | Train Loss 0.0153 | Val Loss 0.0142 MAE 0.3813 R2 0.7647
2026-09-02 08:04:31 | Epoch  44/100 | Train Loss 0.0150 | Val Loss 0.0131 MAE 0.3808 R2 0.7832
2026-09-02 08:04:31 |   Val R2 improved to 0.7832, model saved
2026-09-02 08:04:31 | Epoch  45/100 | Train Loss 0.0150 | Val Loss 0.0132 MAE 0.3726 R2 0.7817
2026-09-02 08:04:32 | Epoch  46/100 | Train Loss 0.0152 | Val Loss 0.0131 MAE 0.3821 R2 0.7830
2026-09-02 08:04:32 | Epoch  47/100 | Train Loss 0.0149 | Val Loss 0.0134 MAE 0.3928 R2 0.7783
2026-09-02 08:04:32 | Epoch  48/100 | Train Loss 0.0154 | Val Loss 0.0130 MAE 0.3798 R2 0.7851
2026-09-02 08:04:32 |   Val R2 improved to 0.7851, model saved
2026-09-02 08:04:32 | Epoch  49/100 | Train Loss 0.0148 | Val Loss 0.0134 MAE 0.3705 R2 0.7786
2026-09-02 08:04:32 | Epoch  50/100 | Train Loss 0.0150 | Val Loss 0.0135 MAE 0.3720 R2 0.7765
2026-09-02 08:04:32 | Epoch  51/100 | Train Loss 0.0149 | Val Loss 0.0129 MAE 0.3746 R2 0.7861
2026-09-02 08:04:32 |   Val R2 improved to 0.7861, model saved
2026-09-02 08:04:33 | Epoch  52/100 | Train Loss 0.0152 | Val Loss 0.0131 MAE 0.3703 R2 0.7832
2026-09-02 08:04:33 | Epoch  53/100 | Train Loss 0.0149 | Val Loss 0.0128 MAE 0.3738 R2 0.7878
2026-09-02 08:04:33 |   Val R2 improved to 0.7878, model saved
2026-09-02 08:04:33 | Epoch  54/100 | Train Loss 0.0145 | Val Loss 0.0133 MAE 0.3751 R2 0.7796
2026-09-02 08:04:33 | Epoch  55/100 | Train Loss 0.0143 | Val Loss 0.0131 MAE 0.3721 R2 0.7829
2026-09-02 08:04:33 | Epoch  56/100 | Train Loss 0.0145 | Val Loss 0.0134 MAE 0.3708 R2 0.7775
2026-09-02 08:04:33 | Epoch  57/100 | Train Loss 0.0145 | Val Loss 0.0128 MAE 0.3706 R2 0.7877
2026-09-02 08:04:33 | Epoch  58/100 | Train Loss 0.0142 | Val Loss 0.0128 MAE 0.3691 R2 0.7873
2026-09-02 08:04:34 | Epoch  59/100 | Train Loss 0.0144 | Val Loss 0.0131 MAE 0.3669 R2 0.7822
2026-09-02 08:04:34 | Epoch  60/100 | Train Loss 0.0142 | Val Loss 0.0127 MAE 0.3678 R2 0.7901
2026-09-02 08:04:34 |   Val R2 improved to 0.7901, model saved
2026-09-02 08:04:34 | Epoch  61/100 | Train Loss 0.0145 | Val Loss 0.0143 MAE 0.3719 R2 0.7632
2026-09-02 08:04:34 | Epoch  62/100 | Train Loss 0.0145 | Val Loss 0.0143 MAE 0.3694 R2 0.7627
2026-09-02 08:04:34 | Epoch  63/100 | Train Loss 0.0153 | Val Loss 0.0134 MAE 0.3789 R2 0.7783
2026-09-02 08:04:34 | Epoch  64/100 | Train Loss 0.0148 | Val Loss 0.0131 MAE 0.3698 R2 0.7825
2026-09-02 08:04:35 | Epoch  65/100 | Train Loss 0.0143 | Val Loss 0.0142 MAE 0.3815 R2 0.7639
2026-09-02 08:04:35 | Epoch  66/100 | Train Loss 0.0145 | Val Loss 0.0126 MAE 0.3656 R2 0.7911
2026-09-02 08:04:35 |   Val R2 improved to 0.7911, model saved
2026-09-02 08:04:35 | Epoch  67/100 | Train Loss 0.0141 | Val Loss 0.0128 MAE 0.3687 R2 0.7884
2026-09-02 08:04:35 | Epoch  68/100 | Train Loss 0.0143 | Val Loss 0.0126 MAE 0.3718 R2 0.7907
2026-09-02 08:04:35 | Epoch  69/100 | Train Loss 0.0140 | Val Loss 0.0131 MAE 0.3619 R2 0.7828
2026-09-02 08:04:35 | Epoch  70/100 | Train Loss 0.0139 | Val Loss 0.0125 MAE 0.3680 R2 0.7933
2026-09-02 08:04:35 |   Val R2 improved to 0.7933, model saved
2026-09-02 08:04:36 | Epoch  71/100 | Train Loss 0.0140 | Val Loss 0.0126 MAE 0.3660 R2 0.7917
2026-09-02 08:04:36 | Epoch  72/100 | Train Loss 0.0140 | Val Loss 0.0126 MAE 0.3669 R2 0.7911
2026-09-02 08:04:36 | Epoch  73/100 | Train Loss 0.0138 | Val Loss 0.0127 MAE 0.3613 R2 0.7902
2026-09-02 08:04:36 | Epoch  74/100 | Train Loss 0.0140 | Val Loss 0.0125 MAE 0.3650 R2 0.7939
2026-09-02 08:04:36 |   Val R2 improved to 0.7939, model saved
2026-09-02 08:04:36 | Epoch  75/100 | Train Loss 0.0137 | Val Loss 0.0127 MAE 0.3768 R2 0.7894
2026-09-02 08:04:36 | Epoch  76/100 | Train Loss 0.0142 | Val Loss 0.0131 MAE 0.3657 R2 0.7830
2026-09-02 08:04:36 | Epoch  77/100 | Train Loss 0.0141 | Val Loss 0.0128 MAE 0.3711 R2 0.7885
2026-09-02 08:04:37 | Epoch  78/100 | Train Loss 0.0138 | Val Loss 0.0125 MAE 0.3694 R2 0.7932
2026-09-02 08:04:37 | Epoch  79/100 | Train Loss 0.0137 | Val Loss 0.0129 MAE 0.3665 R2 0.7863
2026-09-02 08:04:37 | Epoch  80/100 | Train Loss 0.0138 | Val Loss 0.0125 MAE 0.3710 R2 0.7932
2026-09-02 08:04:37 | Epoch  81/100 | Train Loss 0.0139 | Val Loss 0.0122 MAE 0.3629 R2 0.7973
2026-09-02 08:04:37 |   Val R2 improved to 0.7973, model saved
2026-09-02 08:04:37 | Epoch  82/100 | Train Loss 0.0136 | Val Loss 0.0139 MAE 0.3754 R2 0.7696
2026-09-02 08:04:37 | Epoch  83/100 | Train Loss 0.0137 | Val Loss 0.0128 MAE 0.3628 R2 0.7876
2026-09-02 08:04:38 | Epoch  84/100 | Train Loss 0.0133 | Val Loss 0.0125 MAE 0.3582 R2 0.7918
2026-09-02 08:04:38 | Epoch  85/100 | Train Loss 0.0135 | Val Loss 0.0134 MAE 0.3718 R2 0.7772
2026-09-02 08:04:38 | Epoch  86/100 | Train Loss 0.0136 | Val Loss 0.0124 MAE 0.3594 R2 0.7938
2026-09-02 08:04:38 | Epoch  87/100 | Train Loss 0.0132 | Val Loss 0.0126 MAE 0.3630 R2 0.7901
2026-09-02 08:04:38 | Epoch  88/100 | Train Loss 0.0132 | Val Loss 0.0123 MAE 0.3591 R2 0.7962
2026-09-02 08:04:38 | Epoch  89/100 | Train Loss 0.0134 | Val Loss 0.0137 MAE 0.3722 R2 0.7717
2026-09-02 08:04:39 | Epoch  90/100 | Train Loss 0.0138 | Val Loss 0.0130 MAE 0.3616 R2 0.7845
2026-09-02 08:04:39 | Epoch  91/100 | Train Loss 0.0137 | Val Loss 0.0129 MAE 0.3587 R2 0.7876
2026-09-02 08:04:39 | Val R2 did not improve for 10 consecutive epochs, early stopping at Epoch 91 (best R2 0.7973 @ Epoch 81)
2026-09-02 08:04:39 | Run 5/5 | Test (best model @ Epoch 81) | Loss 0.0123 MAE 0.3638 R2 0.7857
2026-09-02 08:04:39 | Average over 5 runs | Test Loss 0.0125±0.0005 MAE 0.3645±0.0093 R2 0.7819±0.0095
