2026-09-01 01:06:16 | Device: cuda
2026-09-01 01:06:16 | Args: {'model': 'opb', 'backbone': 'mlp', 'task': 'mnist', 'epochs': 100, 'batch_size': 512, 'lr': 0.001, 'hidden_dims': [512, 256], 'dropout': 0.2, 'z_dim': 256, 'anchor_scale': 2.0, 'max_len': 250, 'random_labels': False, 'beta': 0.1, 'patience': 10, 'runs': 5, 'seed': 0, 'data_dir': './data', 'save_path': 'output/mnist_mlp_opb/mnist_mlp_opb.pt', 'log_path': '/root/autodl-tmp/IB/tune_results/mnist_mlp_opb_beta_0.1_anchor_2/train.log', 'no_save': True}
2026-09-01 01:06:16 | ===== Run 1/5 (seed 0) =====
2026-09-01 01:06:21 | Epoch   1/100 | Train Loss 1.4658 Acc 0.7166 | Val Loss 0.5569 Acc 0.9589 AUC 0.9979 Pre 0.9584 Rec 0.9586
2026-09-01 01:06:21 |   Val AUC improved to 0.9979, model saved
2026-09-01 01:06:25 | Epoch   2/100 | Train Loss 0.7205 Acc 0.8956 | Val Loss 0.3750 Acc 0.9664 AUC 0.9988 Pre 0.9663 Rec 0.9660
2026-09-01 01:06:25 |   Val AUC improved to 0.9988, model saved
2026-09-01 01:06:30 | Epoch   3/100 | Train Loss 0.5942 Acc 0.9119 | Val Loss 0.3027 Acc 0.9712 AUC 0.9990 Pre 0.9713 Rec 0.9707
2026-09-01 01:06:30 |   Val AUC improved to 0.9990, model saved
2026-09-01 01:06:34 | Epoch   4/100 | Train Loss 0.5346 Acc 0.9199 | Val Loss 0.2965 Acc 0.9737 AUC 0.9991 Pre 0.9736 Rec 0.9733
2026-09-01 01:06:34 |   Val AUC improved to 0.9991, model saved
2026-09-01 01:06:38 | Epoch   5/100 | Train Loss 0.4966 Acc 0.9239 | Val Loss 0.2772 Acc 0.9736 AUC 0.9993 Pre 0.9735 Rec 0.9732
2026-09-01 01:06:38 |   Val AUC improved to 0.9993, model saved
2026-09-01 01:06:43 | Epoch   6/100 | Train Loss 0.4671 Acc 0.9267 | Val Loss 0.2674 Acc 0.9765 AUC 0.9994 Pre 0.9763 Rec 0.9764
2026-09-01 01:06:43 |   Val AUC improved to 0.9994, model saved
2026-09-01 01:06:47 | Epoch   7/100 | Train Loss 0.4448 Acc 0.9311 | Val Loss 0.2524 Acc 0.9774 AUC 0.9992 Pre 0.9772 Rec 0.9771
2026-09-01 01:06:51 | Epoch   8/100 | Train Loss 0.4290 Acc 0.9345 | Val Loss 0.2491 Acc 0.9771 AUC 0.9992 Pre 0.9769 Rec 0.9768
2026-09-01 01:06:56 | Epoch   9/100 | Train Loss 0.4081 Acc 0.9381 | Val Loss 0.2377 Acc 0.9780 AUC 0.9993 Pre 0.9779 Rec 0.9777
2026-09-01 01:07:00 | Epoch  10/100 | Train Loss 0.3875 Acc 0.9406 | Val Loss 0.2049 Acc 0.9792 AUC 0.9993 Pre 0.9790 Rec 0.9790
2026-09-01 01:07:04 | Epoch  11/100 | Train Loss 0.3804 Acc 0.9404 | Val Loss 0.2188 Acc 0.9790 AUC 0.9994 Pre 0.9789 Rec 0.9788
2026-09-01 01:07:08 | Epoch  12/100 | Train Loss 0.3641 Acc 0.9439 | Val Loss 0.2221 Acc 0.9798 AUC 0.9993 Pre 0.9796 Rec 0.9797
2026-09-01 01:07:13 | Epoch  13/100 | Train Loss 0.3493 Acc 0.9451 | Val Loss 0.1949 Acc 0.9799 AUC 0.9995 Pre 0.9799 Rec 0.9796
2026-09-01 01:07:13 |   Val AUC improved to 0.9995, model saved
2026-09-01 01:07:17 | Epoch  14/100 | Train Loss 0.3407 Acc 0.9480 | Val Loss 0.1992 Acc 0.9797 AUC 0.9993 Pre 0.9797 Rec 0.9793
2026-09-01 01:07:22 | Epoch  15/100 | Train Loss 0.3335 Acc 0.9479 | Val Loss 0.1948 Acc 0.9798 AUC 0.9994 Pre 0.9796 Rec 0.9796
2026-09-01 01:07:26 | Epoch  16/100 | Train Loss 0.3161 Acc 0.9524 | Val Loss 0.1904 Acc 0.9807 AUC 0.9992 Pre 0.9807 Rec 0.9804
2026-09-01 01:07:30 | Epoch  17/100 | Train Loss 0.3133 Acc 0.9514 | Val Loss 0.1882 Acc 0.9796 AUC 0.9992 Pre 0.9796 Rec 0.9793
2026-09-01 01:07:35 | Epoch  18/100 | Train Loss 0.3039 Acc 0.9540 | Val Loss 0.1981 Acc 0.9790 AUC 0.9995 Pre 0.9789 Rec 0.9787
2026-09-01 01:07:39 | Epoch  19/100 | Train Loss 0.2901 Acc 0.9558 | Val Loss 0.1893 Acc 0.9797 AUC 0.9992 Pre 0.9796 Rec 0.9795
2026-09-01 01:07:43 | Epoch  20/100 | Train Loss 0.2816 Acc 0.9583 | Val Loss 0.1694 Acc 0.9801 AUC 0.9993 Pre 0.9799 Rec 0.9799
2026-09-01 01:07:48 | Epoch  21/100 | Train Loss 0.2681 Acc 0.9595 | Val Loss 0.1600 Acc 0.9804 AUC 0.9994 Pre 0.9803 Rec 0.9802
2026-09-01 01:07:52 | Epoch  22/100 | Train Loss 0.2594 Acc 0.9600 | Val Loss 0.1716 Acc 0.9817 AUC 0.9992 Pre 0.9816 Rec 0.9814
2026-09-01 01:07:56 | Epoch  23/100 | Train Loss 0.2500 Acc 0.9624 | Val Loss 0.1521 Acc 0.9811 AUC 0.9994 Pre 0.9809 Rec 0.9809
2026-09-01 01:07:56 | Val AUC did not improve for 10 consecutive epochs, early stopping at Epoch 23 (best AUC 0.9995 @ Epoch 13)
2026-09-01 01:07:57 | Run 1/5 | Test (best model @ Epoch 13) | Loss 0.1927 Acc 0.9810 AUC 0.9994 Pre 0.9810 Rec 0.9809
2026-09-01 01:07:57 | ===== Run 2/5 (seed 1) =====
2026-09-01 01:08:01 | Epoch   1/100 | Train Loss 1.4783 Acc 0.7112 | Val Loss 0.5863 Acc 0.9536 AUC 0.9977 Pre 0.9533 Rec 0.9534
2026-09-01 01:08:01 |   Val AUC improved to 0.9977, model saved
2026-09-01 01:08:06 | Epoch   2/100 | Train Loss 0.7232 Acc 0.8974 | Val Loss 0.3770 Acc 0.9659 AUC 0.9987 Pre 0.9656 Rec 0.9658
2026-09-01 01:08:06 |   Val AUC improved to 0.9987, model saved
2026-09-01 01:08:10 | Epoch   3/100 | Train Loss 0.5937 Acc 0.9110 | Val Loss 0.3290 Acc 0.9727 AUC 0.9991 Pre 0.9724 Rec 0.9726
2026-09-01 01:08:10 |   Val AUC improved to 0.9991, model saved
2026-09-01 01:08:14 | Epoch   4/100 | Train Loss 0.5341 Acc 0.9177 | Val Loss 0.2890 Acc 0.9777 AUC 0.9993 Pre 0.9775 Rec 0.9775
2026-09-01 01:08:14 |   Val AUC improved to 0.9993, model saved
2026-09-01 01:08:19 | Epoch   5/100 | Train Loss 0.4940 Acc 0.9245 | Val Loss 0.2771 Acc 0.9761 AUC 0.9991 Pre 0.9760 Rec 0.9758
2026-09-01 01:08:23 | Epoch   6/100 | Train Loss 0.4657 Acc 0.9290 | Val Loss 0.2545 Acc 0.9772 AUC 0.9993 Pre 0.9769 Rec 0.9770
2026-09-01 01:08:23 |   Val AUC improved to 0.9993, model saved
2026-09-01 01:08:27 | Epoch   7/100 | Train Loss 0.4436 Acc 0.9323 | Val Loss 0.2697 Acc 0.9778 AUC 0.9992 Pre 0.9776 Rec 0.9776
2026-09-01 01:08:32 | Epoch   8/100 | Train Loss 0.4247 Acc 0.9353 | Val Loss 0.2249 Acc 0.9794 AUC 0.9992 Pre 0.9791 Rec 0.9793
2026-09-01 01:08:36 | Epoch   9/100 | Train Loss 0.4038 Acc 0.9376 | Val Loss 0.2215 Acc 0.9792 AUC 0.9993 Pre 0.9790 Rec 0.9791
2026-09-01 01:08:41 | Epoch  10/100 | Train Loss 0.3930 Acc 0.9394 | Val Loss 0.2219 Acc 0.9793 AUC 0.9992 Pre 0.9792 Rec 0.9791
2026-09-01 01:08:45 | Epoch  11/100 | Train Loss 0.3891 Acc 0.9392 | Val Loss 0.2136 Acc 0.9805 AUC 0.9993 Pre 0.9804 Rec 0.9803
2026-09-01 01:08:49 | Epoch  12/100 | Train Loss 0.3634 Acc 0.9441 | Val Loss 0.1979 Acc 0.9792 AUC 0.9993 Pre 0.9792 Rec 0.9789
2026-09-01 01:08:54 | Epoch  13/100 | Train Loss 0.3538 Acc 0.9449 | Val Loss 0.2200 Acc 0.9798 AUC 0.9993 Pre 0.9794 Rec 0.9798
2026-09-01 01:08:58 | Epoch  14/100 | Train Loss 0.3381 Acc 0.9484 | Val Loss 0.2034 Acc 0.9803 AUC 0.9993 Pre 0.9800 Rec 0.9801
2026-09-01 01:08:58 |   Val AUC improved to 0.9993, model saved
2026-09-01 01:09:02 | Epoch  15/100 | Train Loss 0.3271 Acc 0.9496 | Val Loss 0.1905 Acc 0.9794 AUC 0.9993 Pre 0.9792 Rec 0.9792
2026-09-01 01:09:07 | Epoch  16/100 | Train Loss 0.3175 Acc 0.9518 | Val Loss 0.1904 Acc 0.9795 AUC 0.9992 Pre 0.9793 Rec 0.9794
2026-09-01 01:09:11 | Epoch  17/100 | Train Loss 0.3140 Acc 0.9513 | Val Loss 0.1915 Acc 0.9805 AUC 0.9993 Pre 0.9804 Rec 0.9803
2026-09-01 01:09:15 | Epoch  18/100 | Train Loss 0.2959 Acc 0.9552 | Val Loss 0.1923 Acc 0.9786 AUC 0.9992 Pre 0.9784 Rec 0.9785
2026-09-01 01:09:20 | Epoch  19/100 | Train Loss 0.2862 Acc 0.9574 | Val Loss 0.1801 Acc 0.9803 AUC 0.9994 Pre 0.9801 Rec 0.9801
2026-09-01 01:09:20 |   Val AUC improved to 0.9994, model saved
2026-09-01 01:09:24 | Epoch  20/100 | Train Loss 0.2777 Acc 0.9576 | Val Loss 0.1699 Acc 0.9814 AUC 0.9994 Pre 0.9812 Rec 0.9812
2026-09-01 01:09:24 |   Val AUC improved to 0.9994, model saved
2026-09-01 01:09:29 | Epoch  21/100 | Train Loss 0.2724 Acc 0.9580 | Val Loss 0.1673 Acc 0.9807 AUC 0.9992 Pre 0.9805 Rec 0.9805
2026-09-01 01:09:33 | Epoch  22/100 | Train Loss 0.2627 Acc 0.9607 | Val Loss 0.1716 Acc 0.9808 AUC 0.9993 Pre 0.9806 Rec 0.9806
2026-09-01 01:09:38 | Epoch  23/100 | Train Loss 0.2497 Acc 0.9632 | Val Loss 0.1739 Acc 0.9800 AUC 0.9993 Pre 0.9798 Rec 0.9798
2026-09-01 01:09:42 | Epoch  24/100 | Train Loss 0.2446 Acc 0.9646 | Val Loss 0.1652 Acc 0.9800 AUC 0.9992 Pre 0.9800 Rec 0.9796
2026-09-01 01:09:47 | Epoch  25/100 | Train Loss 0.2414 Acc 0.9629 | Val Loss 0.1678 Acc 0.9784 AUC 0.9992 Pre 0.9782 Rec 0.9782
2026-09-01 01:09:51 | Epoch  26/100 | Train Loss 0.2345 Acc 0.9654 | Val Loss 0.1626 Acc 0.9804 AUC 0.9991 Pre 0.9802 Rec 0.9801
2026-09-01 01:09:55 | Epoch  27/100 | Train Loss 0.2199 Acc 0.9687 | Val Loss 0.1494 Acc 0.9817 AUC 0.9993 Pre 0.9815 Rec 0.9815
2026-09-01 01:10:00 | Epoch  28/100 | Train Loss 0.2123 Acc 0.9690 | Val Loss 0.1693 Acc 0.9796 AUC 0.9992 Pre 0.9795 Rec 0.9793
2026-09-01 01:10:04 | Epoch  29/100 | Train Loss 0.2084 Acc 0.9693 | Val Loss 0.1613 Acc 0.9802 AUC 0.9991 Pre 0.9800 Rec 0.9799
2026-09-01 01:10:09 | Epoch  30/100 | Train Loss 0.1990 Acc 0.9710 | Val Loss 0.1449 Acc 0.9796 AUC 0.9992 Pre 0.9793 Rec 0.9794
2026-09-01 01:10:09 | Val AUC did not improve for 10 consecutive epochs, early stopping at Epoch 30 (best AUC 0.9994 @ Epoch 20)
2026-09-01 01:10:09 | Run 2/5 | Test (best model @ Epoch 20) | Loss 0.1630 Acc 0.9826 AUC 0.9996 Pre 0.9825 Rec 0.9824
2026-09-01 01:10:09 | ===== Run 3/5 (seed 2) =====
2026-09-01 01:10:14 | Epoch   1/100 | Train Loss 1.4670 Acc 0.7191 | Val Loss 0.5566 Acc 0.9588 AUC 0.9982 Pre 0.9585 Rec 0.9584
2026-09-01 01:10:14 |   Val AUC improved to 0.9982, model saved
2026-09-01 01:10:18 | Epoch   2/100 | Train Loss 0.7166 Acc 0.8980 | Val Loss 0.3653 Acc 0.9667 AUC 0.9990 Pre 0.9664 Rec 0.9665
2026-09-01 01:10:18 |   Val AUC improved to 0.9990, model saved
2026-09-01 01:10:23 | Epoch   3/100 | Train Loss 0.5863 Acc 0.9138 | Val Loss 0.3076 Acc 0.9729 AUC 0.9993 Pre 0.9725 Rec 0.9728
2026-09-01 01:10:23 |   Val AUC improved to 0.9993, model saved
2026-09-01 01:10:27 | Epoch   4/100 | Train Loss 0.5336 Acc 0.9187 | Val Loss 0.2922 Acc 0.9736 AUC 0.9992 Pre 0.9732 Rec 0.9735
2026-09-01 01:10:31 | Epoch   5/100 | Train Loss 0.4908 Acc 0.9252 | Val Loss 0.2834 Acc 0.9765 AUC 0.9994 Pre 0.9763 Rec 0.9763
2026-09-01 01:10:31 |   Val AUC improved to 0.9994, model saved
2026-09-01 01:10:36 | Epoch   6/100 | Train Loss 0.4627 Acc 0.9294 | Val Loss 0.2767 Acc 0.9758 AUC 0.9994 Pre 0.9756 Rec 0.9755
2026-09-01 01:10:36 |   Val AUC improved to 0.9994, model saved
2026-09-01 01:10:40 | Epoch   7/100 | Train Loss 0.4450 Acc 0.9309 | Val Loss 0.2693 Acc 0.9769 AUC 0.9994 Pre 0.9767 Rec 0.9766
2026-09-01 01:10:44 | Epoch   8/100 | Train Loss 0.4214 Acc 0.9348 | Val Loss 0.2309 Acc 0.9777 AUC 0.9995 Pre 0.9775 Rec 0.9774
2026-09-01 01:10:44 |   Val AUC improved to 0.9995, model saved
2026-09-01 01:10:49 | Epoch   9/100 | Train Loss 0.4047 Acc 0.9378 | Val Loss 0.2409 Acc 0.9785 AUC 0.9994 Pre 0.9783 Rec 0.9783
2026-09-01 01:10:53 | Epoch  10/100 | Train Loss 0.3905 Acc 0.9402 | Val Loss 0.2078 Acc 0.9776 AUC 0.9993 Pre 0.9775 Rec 0.9772
2026-09-01 01:10:57 | Epoch  11/100 | Train Loss 0.3806 Acc 0.9415 | Val Loss 0.2317 Acc 0.9773 AUC 0.9993 Pre 0.9771 Rec 0.9771
2026-09-01 01:11:02 | Epoch  12/100 | Train Loss 0.3619 Acc 0.9439 | Val Loss 0.2094 Acc 0.9799 AUC 0.9991 Pre 0.9799 Rec 0.9796
2026-09-01 01:11:06 | Epoch  13/100 | Train Loss 0.3497 Acc 0.9466 | Val Loss 0.2061 Acc 0.9785 AUC 0.9993 Pre 0.9784 Rec 0.9782
2026-09-01 01:11:10 | Epoch  14/100 | Train Loss 0.3430 Acc 0.9464 | Val Loss 0.1950 Acc 0.9776 AUC 0.9993 Pre 0.9776 Rec 0.9772
2026-09-01 01:11:15 | Epoch  15/100 | Train Loss 0.3256 Acc 0.9510 | Val Loss 0.1817 Acc 0.9786 AUC 0.9994 Pre 0.9783 Rec 0.9783
2026-09-01 01:11:19 | Epoch  16/100 | Train Loss 0.3176 Acc 0.9514 | Val Loss 0.1898 Acc 0.9792 AUC 0.9995 Pre 0.9790 Rec 0.9788
2026-09-01 01:11:23 | Epoch  17/100 | Train Loss 0.3050 Acc 0.9547 | Val Loss 0.1966 Acc 0.9801 AUC 0.9994 Pre 0.9800 Rec 0.9799
2026-09-01 01:11:28 | Epoch  18/100 | Train Loss 0.2957 Acc 0.9549 | Val Loss 0.1832 Acc 0.9798 AUC 0.9993 Pre 0.9795 Rec 0.9796
2026-09-01 01:11:28 | Val AUC did not improve for 10 consecutive epochs, early stopping at Epoch 18 (best AUC 0.9995 @ Epoch 8)
2026-09-01 01:11:28 | Run 3/5 | Test (best model @ Epoch 8) | Loss 0.2328 Acc 0.9798 AUC 0.9994 Pre 0.9797 Rec 0.9796
2026-09-01 01:11:28 | ===== Run 4/5 (seed 3) =====
2026-09-01 01:11:33 | Epoch   1/100 | Train Loss 1.4713 Acc 0.7147 | Val Loss 0.5716 Acc 0.9565 AUC 0.9978 Pre 0.9561 Rec 0.9562
2026-09-01 01:11:33 |   Val AUC improved to 0.9978, model saved
2026-09-01 01:11:37 | Epoch   2/100 | Train Loss 0.7211 Acc 0.8959 | Val Loss 0.3620 Acc 0.9689 AUC 0.9990 Pre 0.9686 Rec 0.9688
2026-09-01 01:11:37 |   Val AUC improved to 0.9990, model saved
2026-09-01 01:11:41 | Epoch   3/100 | Train Loss 0.5897 Acc 0.9107 | Val Loss 0.3199 Acc 0.9712 AUC 0.9992 Pre 0.9712 Rec 0.9709
2026-09-01 01:11:41 |   Val AUC improved to 0.9992, model saved
2026-09-01 01:11:46 | Epoch   4/100 | Train Loss 0.5257 Acc 0.9211 | Val Loss 0.2736 Acc 0.9738 AUC 0.9992 Pre 0.9739 Rec 0.9734
2026-09-01 01:11:50 | Epoch   5/100 | Train Loss 0.4959 Acc 0.9246 | Val Loss 0.2628 Acc 0.9766 AUC 0.9991 Pre 0.9765 Rec 0.9763
2026-09-01 01:11:54 | Epoch   6/100 | Train Loss 0.4590 Acc 0.9303 | Val Loss 0.2488 Acc 0.9789 AUC 0.9993 Pre 0.9786 Rec 0.9787
2026-09-01 01:11:54 |   Val AUC improved to 0.9993, model saved
2026-09-01 01:11:59 | Epoch   7/100 | Train Loss 0.4445 Acc 0.9308 | Val Loss 0.2619 Acc 0.9767 AUC 0.9993 Pre 0.9766 Rec 0.9764
2026-09-01 01:12:03 | Epoch   8/100 | Train Loss 0.4227 Acc 0.9351 | Val Loss 0.2435 Acc 0.9790 AUC 0.9992 Pre 0.9788 Rec 0.9787
2026-09-01 01:12:07 | Epoch   9/100 | Train Loss 0.4023 Acc 0.9392 | Val Loss 0.2164 Acc 0.9786 AUC 0.9993 Pre 0.9785 Rec 0.9782
2026-09-01 01:12:12 | Epoch  10/100 | Train Loss 0.3900 Acc 0.9404 | Val Loss 0.2215 Acc 0.9789 AUC 0.9993 Pre 0.9789 Rec 0.9786
2026-09-01 01:12:12 |   Val AUC improved to 0.9993, model saved
2026-09-01 01:12:16 | Epoch  11/100 | Train Loss 0.3755 Acc 0.9420 | Val Loss 0.2084 Acc 0.9791 AUC 0.9992 Pre 0.9789 Rec 0.9789
2026-09-01 01:12:20 | Epoch  12/100 | Train Loss 0.3609 Acc 0.9460 | Val Loss 0.2172 Acc 0.9766 AUC 0.9991 Pre 0.9765 Rec 0.9763
2026-09-01 01:12:25 | Epoch  13/100 | Train Loss 0.3562 Acc 0.9436 | Val Loss 0.2170 Acc 0.9787 AUC 0.9994 Pre 0.9785 Rec 0.9784
2026-09-01 01:12:25 |   Val AUC improved to 0.9994, model saved
2026-09-01 01:12:29 | Epoch  14/100 | Train Loss 0.3445 Acc 0.9471 | Val Loss 0.1924 Acc 0.9786 AUC 0.9993 Pre 0.9784 Rec 0.9783
2026-09-01 01:12:34 | Epoch  15/100 | Train Loss 0.3267 Acc 0.9490 | Val Loss 0.2245 Acc 0.9785 AUC 0.9993 Pre 0.9784 Rec 0.9783
2026-09-01 01:12:38 | Epoch  16/100 | Train Loss 0.3197 Acc 0.9510 | Val Loss 0.2005 Acc 0.9793 AUC 0.9991 Pre 0.9792 Rec 0.9790
2026-09-01 01:12:42 | Epoch  17/100 | Train Loss 0.3071 Acc 0.9544 | Val Loss 0.1743 Acc 0.9803 AUC 0.9993 Pre 0.9801 Rec 0.9801
2026-09-01 01:12:47 | Epoch  18/100 | Train Loss 0.2966 Acc 0.9554 | Val Loss 0.1869 Acc 0.9791 AUC 0.9993 Pre 0.9788 Rec 0.9790
2026-09-01 01:12:51 | Epoch  19/100 | Train Loss 0.2840 Acc 0.9585 | Val Loss 0.1767 Acc 0.9795 AUC 0.9995 Pre 0.9794 Rec 0.9793
2026-09-01 01:12:51 |   Val AUC improved to 0.9995, model saved
2026-09-01 01:12:55 | Epoch  20/100 | Train Loss 0.2793 Acc 0.9576 | Val Loss 0.1704 Acc 0.9796 AUC 0.9992 Pre 0.9795 Rec 0.9794
2026-09-01 01:13:00 | Epoch  21/100 | Train Loss 0.2706 Acc 0.9594 | Val Loss 0.1765 Acc 0.9810 AUC 0.9992 Pre 0.9808 Rec 0.9808
2026-09-01 01:13:04 | Epoch  22/100 | Train Loss 0.2623 Acc 0.9596 | Val Loss 0.1745 Acc 0.9792 AUC 0.9992 Pre 0.9790 Rec 0.9790
2026-09-01 01:13:08 | Epoch  23/100 | Train Loss 0.2477 Acc 0.9628 | Val Loss 0.1697 Acc 0.9817 AUC 0.9993 Pre 0.9816 Rec 0.9816
2026-09-01 01:13:13 | Epoch  24/100 | Train Loss 0.2433 Acc 0.9633 | Val Loss 0.1695 Acc 0.9799 AUC 0.9992 Pre 0.9798 Rec 0.9797
2026-09-01 01:13:17 | Epoch  25/100 | Train Loss 0.2347 Acc 0.9656 | Val Loss 0.1672 Acc 0.9789 AUC 0.9993 Pre 0.9789 Rec 0.9786
2026-09-01 01:13:22 | Epoch  26/100 | Train Loss 0.2345 Acc 0.9652 | Val Loss 0.1547 Acc 0.9798 AUC 0.9991 Pre 0.9795 Rec 0.9797
2026-09-01 01:13:26 | Epoch  27/100 | Train Loss 0.2184 Acc 0.9689 | Val Loss 0.1489 Acc 0.9799 AUC 0.9992 Pre 0.9797 Rec 0.9797
2026-09-01 01:13:31 | Epoch  28/100 | Train Loss 0.2085 Acc 0.9702 | Val Loss 0.1551 Acc 0.9800 AUC 0.9994 Pre 0.9800 Rec 0.9797
2026-09-01 01:13:35 | Epoch  29/100 | Train Loss 0.2063 Acc 0.9695 | Val Loss 0.1650 Acc 0.9794 AUC 0.9992 Pre 0.9792 Rec 0.9792
2026-09-01 01:13:35 | Val AUC did not improve for 10 consecutive epochs, early stopping at Epoch 29 (best AUC 0.9995 @ Epoch 19)
2026-09-01 01:13:36 | Run 4/5 | Test (best model @ Epoch 19) | Loss 0.1733 Acc 0.9804 AUC 0.9993 Pre 0.9804 Rec 0.9803
2026-09-01 01:13:36 | ===== Run 5/5 (seed 4) =====
2026-09-01 01:13:40 | Epoch   1/100 | Train Loss 1.4450 Acc 0.7238 | Val Loss 0.5735 Acc 0.9541 AUC 0.9979 Pre 0.9536 Rec 0.9535
2026-09-01 01:13:40 |   Val AUC improved to 0.9979, model saved
2026-09-01 01:13:44 | Epoch   2/100 | Train Loss 0.7122 Acc 0.9019 | Val Loss 0.3918 Acc 0.9670 AUC 0.9987 Pre 0.9672 Rec 0.9665
2026-09-01 01:13:44 |   Val AUC improved to 0.9987, model saved
2026-09-01 01:13:49 | Epoch   3/100 | Train Loss 0.5792 Acc 0.9138 | Val Loss 0.3209 Acc 0.9725 AUC 0.9991 Pre 0.9725 Rec 0.9720
2026-09-01 01:13:49 |   Val AUC improved to 0.9991, model saved
2026-09-01 01:13:53 | Epoch   4/100 | Train Loss 0.5237 Acc 0.9237 | Val Loss 0.2862 Acc 0.9744 AUC 0.9993 Pre 0.9743 Rec 0.9742
2026-09-01 01:13:53 |   Val AUC improved to 0.9993, model saved
2026-09-01 01:13:57 | Epoch   5/100 | Train Loss 0.4876 Acc 0.9249 | Val Loss 0.2740 Acc 0.9773 AUC 0.9994 Pre 0.9771 Rec 0.9771
2026-09-01 01:13:57 |   Val AUC improved to 0.9994, model saved
2026-09-01 01:14:02 | Epoch   6/100 | Train Loss 0.4665 Acc 0.9274 | Val Loss 0.2619 Acc 0.9756 AUC 0.9992 Pre 0.9757 Rec 0.9751
2026-09-01 01:14:06 | Epoch   7/100 | Train Loss 0.4374 Acc 0.9328 | Val Loss 0.2394 Acc 0.9772 AUC 0.9993 Pre 0.9769 Rec 0.9770
2026-09-01 01:14:11 | Epoch   8/100 | Train Loss 0.4185 Acc 0.9354 | Val Loss 0.2270 Acc 0.9759 AUC 0.9992 Pre 0.9755 Rec 0.9757
2026-09-01 01:14:15 | Epoch   9/100 | Train Loss 0.4011 Acc 0.9378 | Val Loss 0.2328 Acc 0.9773 AUC 0.9993 Pre 0.9770 Rec 0.9771
2026-09-01 01:14:19 | Epoch  10/100 | Train Loss 0.3890 Acc 0.9405 | Val Loss 0.2392 Acc 0.9772 AUC 0.9993 Pre 0.9771 Rec 0.9770
2026-09-01 01:14:24 | Epoch  11/100 | Train Loss 0.3805 Acc 0.9420 | Val Loss 0.2269 Acc 0.9791 AUC 0.9995 Pre 0.9789 Rec 0.9789
2026-09-01 01:14:24 |   Val AUC improved to 0.9995, model saved
2026-09-01 01:14:28 | Epoch  12/100 | Train Loss 0.3660 Acc 0.9446 | Val Loss 0.2201 Acc 0.9783 AUC 0.9992 Pre 0.9782 Rec 0.9780
2026-09-01 01:14:33 | Epoch  13/100 | Train Loss 0.3499 Acc 0.9471 | Val Loss 0.2025 Acc 0.9782 AUC 0.9994 Pre 0.9781 Rec 0.9779
2026-09-01 01:14:37 | Epoch  14/100 | Train Loss 0.3334 Acc 0.9500 | Val Loss 0.2148 Acc 0.9785 AUC 0.9993 Pre 0.9782 Rec 0.9782
2026-09-01 01:14:41 | Epoch  15/100 | Train Loss 0.3225 Acc 0.9504 | Val Loss 0.1927 Acc 0.9790 AUC 0.9993 Pre 0.9789 Rec 0.9787
2026-09-01 01:14:46 | Epoch  16/100 | Train Loss 0.3141 Acc 0.9528 | Val Loss 0.2003 Acc 0.9791 AUC 0.9994 Pre 0.9787 Rec 0.9789
2026-09-01 01:14:50 | Epoch  17/100 | Train Loss 0.3072 Acc 0.9536 | Val Loss 0.1845 Acc 0.9785 AUC 0.9995 Pre 0.9784 Rec 0.9783
2026-09-01 01:14:55 | Epoch  18/100 | Train Loss 0.2932 Acc 0.9558 | Val Loss 0.1909 Acc 0.9786 AUC 0.9994 Pre 0.9784 Rec 0.9783
2026-09-01 01:14:59 | Epoch  19/100 | Train Loss 0.2837 Acc 0.9586 | Val Loss 0.1851 Acc 0.9797 AUC 0.9992 Pre 0.9797 Rec 0.9794
2026-09-01 01:15:03 | Epoch  20/100 | Train Loss 0.2693 Acc 0.9609 | Val Loss 0.1710 Acc 0.9790 AUC 0.9994 Pre 0.9789 Rec 0.9787
2026-09-01 01:15:08 | Epoch  21/100 | Train Loss 0.2629 Acc 0.9611 | Val Loss 0.1759 Acc 0.9795 AUC 0.9993 Pre 0.9792 Rec 0.9793
2026-09-01 01:15:08 | Val AUC did not improve for 10 consecutive epochs, early stopping at Epoch 21 (best AUC 0.9995 @ Epoch 11)
2026-09-01 01:15:09 | Run 5/5 | Test (best model @ Epoch 11) | Loss 0.2246 Acc 0.9803 AUC 0.9994 Pre 0.9803 Rec 0.9801
2026-09-01 01:15:09 | Average over 5 runs | Test Loss 0.1973±0.0307 Acc 0.9808±0.0011 AUC 0.9994±0.0001 Pre 0.9808±0.0011 Rec 0.9806±0.0011
