2026-09-01 11:36:12 | Device: cuda
2026-09-01 11:36:12 | Args: {'model': 'opb', 'backbone': 'cnn', 'task': 'mnist', 'epochs': 100, 'batch_size': 512, 'lr': 0.001, 'hidden_dims': [512, 256], 'dropout': 0.2, 'z_dim': 256, 'anchor_scale': 8.0, 'energy_classifier': False, 'max_len': 250, 'random_labels': False, 'beta': 0.1, 'patience': 10, 'runs': 5, 'seed': 0, 'data_dir': './data', 'save_path': 'output/mnist_cnn_opb/mnist_cnn_opb.pt', 'log_path': '/root/autodl-tmp/IB/tune_results/mnist_cnn_opb_beta_0.1_anchor_8/train.log', 'no_save': True}
2026-09-01 11:36:12 | ===== Run 1/5 (seed 0) =====
2026-09-01 11:36:17 | Epoch   1/100 | Train Loss 2.4149 Acc 0.7492 | Val Loss 0.4548 Acc 0.9767 AUC 0.9995 Pre 0.9765 Rec 0.9767
2026-09-01 11:36:17 |   Val AUC improved to 0.9995, model saved
2026-09-01 11:36:22 | Epoch   2/100 | Train Loss 0.5075 Acc 0.9660 | Val Loss 0.2456 Acc 0.9854 AUC 0.9998 Pre 0.9853 Rec 0.9854
2026-09-01 11:36:22 |   Val AUC improved to 0.9998, model saved
2026-09-01 11:36:27 | Epoch   3/100 | Train Loss 0.3463 Acc 0.9778 | Val Loss 0.1860 Acc 0.9887 AUC 0.9999 Pre 0.9887 Rec 0.9886
2026-09-01 11:36:27 |   Val AUC improved to 0.9999, model saved
2026-09-01 11:36:32 | Epoch   4/100 | Train Loss 0.2876 Acc 0.9824 | Val Loss 0.1654 Acc 0.9894 AUC 0.9999 Pre 0.9893 Rec 0.9893
2026-09-01 11:36:32 |   Val AUC improved to 0.9999, model saved
2026-09-01 11:36:37 | Epoch   5/100 | Train Loss 0.2523 Acc 0.9846 | Val Loss 0.1466 Acc 0.9904 AUC 0.9999 Pre 0.9903 Rec 0.9903
2026-09-01 11:36:37 |   Val AUC improved to 0.9999, model saved
2026-09-01 11:36:41 | Epoch   6/100 | Train Loss 0.2271 Acc 0.9860 | Val Loss 0.1345 Acc 0.9913 AUC 0.9999 Pre 0.9913 Rec 0.9913
2026-09-01 11:36:41 |   Val AUC improved to 0.9999, model saved
2026-09-01 11:36:45 | Epoch   7/100 | Train Loss 0.2105 Acc 0.9874 | Val Loss 0.1286 Acc 0.9921 AUC 0.9999 Pre 0.9922 Rec 0.9920
2026-09-01 11:36:50 | Epoch   8/100 | Train Loss 0.1962 Acc 0.9880 | Val Loss 0.1228 Acc 0.9917 AUC 0.9999 Pre 0.9917 Rec 0.9916
2026-09-01 11:36:55 | Epoch   9/100 | Train Loss 0.1822 Acc 0.9889 | Val Loss 0.1191 Acc 0.9923 AUC 0.9999 Pre 0.9923 Rec 0.9922
2026-09-01 11:37:00 | Epoch  10/100 | Train Loss 0.1682 Acc 0.9906 | Val Loss 0.1141 Acc 0.9919 AUC 0.9999 Pre 0.9919 Rec 0.9918
2026-09-01 11:37:05 | Epoch  11/100 | Train Loss 0.1606 Acc 0.9905 | Val Loss 0.1096 Acc 0.9931 AUC 0.9999 Pre 0.9931 Rec 0.9931
2026-09-01 11:37:05 |   Val AUC improved to 0.9999, model saved
2026-09-01 11:37:09 | Epoch  12/100 | Train Loss 0.1551 Acc 0.9902 | Val Loss 0.1047 Acc 0.9935 AUC 0.9999 Pre 0.9935 Rec 0.9934
2026-09-01 11:37:13 | Epoch  13/100 | Train Loss 0.1483 Acc 0.9910 | Val Loss 0.1067 Acc 0.9919 AUC 0.9999 Pre 0.9918 Rec 0.9919
2026-09-01 11:37:19 | Epoch  14/100 | Train Loss 0.1424 Acc 0.9917 | Val Loss 0.1097 Acc 0.9924 AUC 0.9998 Pre 0.9924 Rec 0.9923
2026-09-01 11:37:23 | Epoch  15/100 | Train Loss 0.1380 Acc 0.9912 | Val Loss 0.0987 Acc 0.9932 AUC 0.9999 Pre 0.9932 Rec 0.9931
2026-09-01 11:37:28 | Epoch  16/100 | Train Loss 0.1311 Acc 0.9921 | Val Loss 0.0965 Acc 0.9927 AUC 0.9999 Pre 0.9927 Rec 0.9927
2026-09-01 11:37:32 | Epoch  17/100 | Train Loss 0.1272 Acc 0.9920 | Val Loss 0.0967 Acc 0.9936 AUC 0.9999 Pre 0.9936 Rec 0.9936
2026-09-01 11:37:37 | Epoch  18/100 | Train Loss 0.1274 Acc 0.9915 | Val Loss 0.0976 Acc 0.9928 AUC 0.9999 Pre 0.9929 Rec 0.9926
2026-09-01 11:37:42 | Epoch  19/100 | Train Loss 0.1233 Acc 0.9914 | Val Loss 0.0984 Acc 0.9929 AUC 0.9999 Pre 0.9929 Rec 0.9928
2026-09-01 11:37:47 | Epoch  20/100 | Train Loss 0.1197 Acc 0.9915 | Val Loss 0.0948 Acc 0.9929 AUC 0.9999 Pre 0.9929 Rec 0.9928
2026-09-01 11:37:52 | Epoch  21/100 | Train Loss 0.1171 Acc 0.9917 | Val Loss 0.0960 Acc 0.9928 AUC 0.9999 Pre 0.9928 Rec 0.9928
2026-09-01 11:37:52 | Val AUC did not improve for 10 consecutive epochs, early stopping at Epoch 21 (best AUC 0.9999 @ Epoch 11)
2026-09-01 11:37:52 | Run 1/5 | Test (best model @ Epoch 11) | Loss 0.1012 Acc 0.9932 AUC 1.0000 Pre 0.9932 Rec 0.9931
2026-09-01 11:37:52 | ===== Run 2/5 (seed 1) =====
2026-09-01 11:37:57 | Epoch   1/100 | Train Loss 2.3576 Acc 0.7627 | Val Loss 0.4185 Acc 0.9779 AUC 0.9996 Pre 0.9776 Rec 0.9779
2026-09-01 11:37:57 |   Val AUC improved to 0.9996, model saved
2026-09-01 11:38:02 | Epoch   2/100 | Train Loss 0.4984 Acc 0.9680 | Val Loss 0.2556 Acc 0.9843 AUC 0.9998 Pre 0.9843 Rec 0.9842
2026-09-01 11:38:02 |   Val AUC improved to 0.9998, model saved
2026-09-01 11:38:06 | Epoch   3/100 | Train Loss 0.3566 Acc 0.9776 | Val Loss 0.1948 Acc 0.9883 AUC 0.9999 Pre 0.9883 Rec 0.9883
2026-09-01 11:38:06 |   Val AUC improved to 0.9999, model saved
2026-09-01 11:38:11 | Epoch   4/100 | Train Loss 0.2959 Acc 0.9814 | Val Loss 0.1690 Acc 0.9889 AUC 0.9999 Pre 0.9889 Rec 0.9889
2026-09-01 11:38:11 |   Val AUC improved to 0.9999, model saved
2026-09-01 11:38:16 | Epoch   5/100 | Train Loss 0.2581 Acc 0.9842 | Val Loss 0.1500 Acc 0.9909 AUC 0.9999 Pre 0.9910 Rec 0.9908
2026-09-01 11:38:16 |   Val AUC improved to 0.9999, model saved
2026-09-01 11:38:21 | Epoch   6/100 | Train Loss 0.2328 Acc 0.9872 | Val Loss 0.1361 Acc 0.9908 AUC 0.9999 Pre 0.9908 Rec 0.9907
2026-09-01 11:38:21 |   Val AUC improved to 0.9999, model saved
2026-09-01 11:38:26 | Epoch   7/100 | Train Loss 0.2147 Acc 0.9875 | Val Loss 0.1350 Acc 0.9908 AUC 0.9999 Pre 0.9908 Rec 0.9907
2026-09-01 11:38:26 |   Val AUC improved to 0.9999, model saved
2026-09-01 11:38:31 | Epoch   8/100 | Train Loss 0.1983 Acc 0.9878 | Val Loss 0.1289 Acc 0.9917 AUC 0.9999 Pre 0.9917 Rec 0.9916
2026-09-01 11:38:35 | Epoch   9/100 | Train Loss 0.1870 Acc 0.9895 | Val Loss 0.1191 Acc 0.9922 AUC 0.9999 Pre 0.9922 Rec 0.9921
2026-09-01 11:38:40 | Epoch  10/100 | Train Loss 0.1749 Acc 0.9893 | Val Loss 0.1191 Acc 0.9916 AUC 0.9999 Pre 0.9916 Rec 0.9915
2026-09-01 11:38:45 | Epoch  11/100 | Train Loss 0.1638 Acc 0.9906 | Val Loss 0.1119 Acc 0.9917 AUC 0.9999 Pre 0.9917 Rec 0.9916
2026-09-01 11:38:49 | Epoch  12/100 | Train Loss 0.1580 Acc 0.9908 | Val Loss 0.1124 Acc 0.9917 AUC 0.9999 Pre 0.9918 Rec 0.9916
2026-09-01 11:38:53 | Epoch  13/100 | Train Loss 0.1549 Acc 0.9906 | Val Loss 0.1043 Acc 0.9927 AUC 0.9999 Pre 0.9928 Rec 0.9926
2026-09-01 11:38:58 | Epoch  14/100 | Train Loss 0.1457 Acc 0.9913 | Val Loss 0.1072 Acc 0.9926 AUC 0.9998 Pre 0.9926 Rec 0.9926
2026-09-01 11:39:03 | Epoch  15/100 | Train Loss 0.1441 Acc 0.9907 | Val Loss 0.1063 Acc 0.9925 AUC 0.9998 Pre 0.9925 Rec 0.9924
2026-09-01 11:39:07 | Epoch  16/100 | Train Loss 0.1378 Acc 0.9911 | Val Loss 0.0985 Acc 0.9922 AUC 0.9999 Pre 0.9922 Rec 0.9922
2026-09-01 11:39:11 | Epoch  17/100 | Train Loss 0.1355 Acc 0.9912 | Val Loss 0.1006 Acc 0.9922 AUC 0.9998 Pre 0.9922 Rec 0.9921
2026-09-01 11:39:11 | Val AUC did not improve for 10 consecutive epochs, early stopping at Epoch 17 (best AUC 0.9999 @ Epoch 7)
2026-09-01 11:39:12 | Run 2/5 | Test (best model @ Epoch 7) | Loss 0.1240 Acc 0.9919 AUC 1.0000 Pre 0.9919 Rec 0.9918
2026-09-01 11:39:12 | ===== Run 3/5 (seed 2) =====
2026-09-01 11:39:17 | Epoch   1/100 | Train Loss 2.4185 Acc 0.7433 | Val Loss 0.4450 Acc 0.9782 AUC 0.9995 Pre 0.9781 Rec 0.9782
2026-09-01 11:39:17 |   Val AUC improved to 0.9995, model saved
2026-09-01 11:39:22 | Epoch   2/100 | Train Loss 0.5030 Acc 0.9672 | Val Loss 0.2412 Acc 0.9856 AUC 0.9998 Pre 0.9856 Rec 0.9856
2026-09-01 11:39:22 |   Val AUC improved to 0.9998, model saved
2026-09-01 11:39:26 | Epoch   3/100 | Train Loss 0.3477 Acc 0.9773 | Val Loss 0.1882 Acc 0.9881 AUC 0.9999 Pre 0.9881 Rec 0.9881
2026-09-01 11:39:26 |   Val AUC improved to 0.9999, model saved
2026-09-01 11:39:31 | Epoch   4/100 | Train Loss 0.2861 Acc 0.9820 | Val Loss 0.1725 Acc 0.9900 AUC 0.9999 Pre 0.9900 Rec 0.9899
2026-09-01 11:39:31 |   Val AUC improved to 0.9999, model saved
2026-09-01 11:39:35 | Epoch   5/100 | Train Loss 0.2476 Acc 0.9849 | Val Loss 0.1531 Acc 0.9906 AUC 0.9999 Pre 0.9905 Rec 0.9905
2026-09-01 11:39:40 | Epoch   6/100 | Train Loss 0.2230 Acc 0.9866 | Val Loss 0.1362 Acc 0.9912 AUC 0.9998 Pre 0.9911 Rec 0.9911
2026-09-01 11:39:44 | Epoch   7/100 | Train Loss 0.2023 Acc 0.9884 | Val Loss 0.1284 Acc 0.9912 AUC 0.9999 Pre 0.9912 Rec 0.9911
2026-09-01 11:39:44 |   Val AUC improved to 0.9999, model saved
2026-09-01 11:39:49 | Epoch   8/100 | Train Loss 0.1888 Acc 0.9885 | Val Loss 0.1294 Acc 0.9917 AUC 0.9999 Pre 0.9917 Rec 0.9916
2026-09-01 11:39:54 | Epoch   9/100 | Train Loss 0.1749 Acc 0.9902 | Val Loss 0.1243 Acc 0.9910 AUC 0.9999 Pre 0.9910 Rec 0.9909
2026-09-01 11:39:59 | Epoch  10/100 | Train Loss 0.1653 Acc 0.9908 | Val Loss 0.1120 Acc 0.9923 AUC 0.9999 Pre 0.9923 Rec 0.9922
2026-09-01 11:40:03 | Epoch  11/100 | Train Loss 0.1555 Acc 0.9909 | Val Loss 0.1100 Acc 0.9925 AUC 0.9999 Pre 0.9925 Rec 0.9924
2026-09-01 11:40:08 | Epoch  12/100 | Train Loss 0.1490 Acc 0.9913 | Val Loss 0.1068 Acc 0.9926 AUC 0.9998 Pre 0.9926 Rec 0.9925
2026-09-01 11:40:13 | Epoch  13/100 | Train Loss 0.1447 Acc 0.9917 | Val Loss 0.1095 Acc 0.9917 AUC 0.9998 Pre 0.9917 Rec 0.9916
2026-09-01 11:40:18 | Epoch  14/100 | Train Loss 0.1381 Acc 0.9918 | Val Loss 0.1077 Acc 0.9928 AUC 0.9998 Pre 0.9929 Rec 0.9927
2026-09-01 11:40:23 | Epoch  15/100 | Train Loss 0.1348 Acc 0.9917 | Val Loss 0.1000 Acc 0.9932 AUC 0.9999 Pre 0.9932 Rec 0.9931
2026-09-01 11:40:28 | Epoch  16/100 | Train Loss 0.1242 Acc 0.9931 | Val Loss 0.0988 Acc 0.9922 AUC 0.9999 Pre 0.9922 Rec 0.9921
2026-09-01 11:40:32 | Epoch  17/100 | Train Loss 0.1249 Acc 0.9920 | Val Loss 0.0944 Acc 0.9930 AUC 0.9998 Pre 0.9930 Rec 0.9929
2026-09-01 11:40:32 | Val AUC did not improve for 10 consecutive epochs, early stopping at Epoch 17 (best AUC 0.9999 @ Epoch 7)
2026-09-01 11:40:33 | Run 3/5 | Test (best model @ Epoch 7) | Loss 0.1214 Acc 0.9915 AUC 0.9999 Pre 0.9915 Rec 0.9914
2026-09-01 11:40:33 | ===== Run 4/5 (seed 3) =====
2026-09-01 11:40:37 | Epoch   1/100 | Train Loss 2.3278 Acc 0.7609 | Val Loss 0.4161 Acc 0.9795 AUC 0.9996 Pre 0.9794 Rec 0.9796
2026-09-01 11:40:37 |   Val AUC improved to 0.9996, model saved
2026-09-01 11:40:42 | Epoch   2/100 | Train Loss 0.4843 Acc 0.9694 | Val Loss 0.2333 Acc 0.9871 AUC 0.9998 Pre 0.9870 Rec 0.9871
2026-09-01 11:40:42 |   Val AUC improved to 0.9998, model saved
2026-09-01 11:40:47 | Epoch   3/100 | Train Loss 0.3336 Acc 0.9786 | Val Loss 0.1835 Acc 0.9894 AUC 0.9999 Pre 0.9894 Rec 0.9894
2026-09-01 11:40:47 |   Val AUC improved to 0.9999, model saved
2026-09-01 11:40:51 | Epoch   4/100 | Train Loss 0.2742 Acc 0.9831 | Val Loss 0.1658 Acc 0.9892 AUC 0.9999 Pre 0.9892 Rec 0.9891
2026-09-01 11:40:51 |   Val AUC improved to 0.9999, model saved
2026-09-01 11:40:56 | Epoch   5/100 | Train Loss 0.2420 Acc 0.9860 | Val Loss 0.1438 Acc 0.9910 AUC 0.9999 Pre 0.9911 Rec 0.9909
2026-09-01 11:40:56 |   Val AUC improved to 0.9999, model saved
2026-09-01 11:41:01 | Epoch   6/100 | Train Loss 0.2176 Acc 0.9871 | Val Loss 0.1381 Acc 0.9909 AUC 0.9999 Pre 0.9909 Rec 0.9908
2026-09-01 11:41:06 | Epoch   7/100 | Train Loss 0.2025 Acc 0.9882 | Val Loss 0.1314 Acc 0.9914 AUC 0.9999 Pre 0.9914 Rec 0.9913
2026-09-01 11:41:10 | Epoch   8/100 | Train Loss 0.1848 Acc 0.9895 | Val Loss 0.1241 Acc 0.9908 AUC 0.9999 Pre 0.9908 Rec 0.9907
2026-09-01 11:41:15 | Epoch   9/100 | Train Loss 0.1741 Acc 0.9901 | Val Loss 0.1167 Acc 0.9918 AUC 0.9999 Pre 0.9918 Rec 0.9918
2026-09-01 11:41:20 | Epoch  10/100 | Train Loss 0.1657 Acc 0.9905 | Val Loss 0.1153 Acc 0.9918 AUC 0.9999 Pre 0.9918 Rec 0.9917
2026-09-01 11:41:25 | Epoch  11/100 | Train Loss 0.1531 Acc 0.9914 | Val Loss 0.1073 Acc 0.9923 AUC 0.9999 Pre 0.9923 Rec 0.9923
2026-09-01 11:41:30 | Epoch  12/100 | Train Loss 0.1432 Acc 0.9919 | Val Loss 0.1052 Acc 0.9919 AUC 0.9998 Pre 0.9919 Rec 0.9918
2026-09-01 11:41:35 | Epoch  13/100 | Train Loss 0.1376 Acc 0.9926 | Val Loss 0.1039 Acc 0.9917 AUC 0.9999 Pre 0.9917 Rec 0.9916
2026-09-01 11:41:40 | Epoch  14/100 | Train Loss 0.1373 Acc 0.9916 | Val Loss 0.1036 Acc 0.9924 AUC 0.9998 Pre 0.9924 Rec 0.9923
2026-09-01 11:41:44 | Epoch  15/100 | Train Loss 0.1299 Acc 0.9915 | Val Loss 0.1000 Acc 0.9924 AUC 0.9999 Pre 0.9924 Rec 0.9923
2026-09-01 11:41:44 | Val AUC did not improve for 10 consecutive epochs, early stopping at Epoch 15 (best AUC 0.9999 @ Epoch 5)
2026-09-01 11:41:45 | Run 4/5 | Test (best model @ Epoch 5) | Loss 0.1328 Acc 0.9924 AUC 1.0000 Pre 0.9924 Rec 0.9923
2026-09-01 11:41:45 | ===== Run 5/5 (seed 4) =====
2026-09-01 11:41:50 | Epoch   1/100 | Train Loss 2.1902 Acc 0.7830 | Val Loss 0.3972 Acc 0.9794 AUC 0.9996 Pre 0.9793 Rec 0.9795
2026-09-01 11:41:50 |   Val AUC improved to 0.9996, model saved
2026-09-01 11:41:55 | Epoch   2/100 | Train Loss 0.4509 Acc 0.9724 | Val Loss 0.2340 Acc 0.9880 AUC 0.9998 Pre 0.9880 Rec 0.9879
2026-09-01 11:41:55 |   Val AUC improved to 0.9998, model saved
2026-09-01 11:41:59 | Epoch   3/100 | Train Loss 0.3165 Acc 0.9802 | Val Loss 0.1838 Acc 0.9890 AUC 0.9999 Pre 0.9891 Rec 0.9889
2026-09-01 11:41:59 |   Val AUC improved to 0.9999, model saved
2026-09-01 11:42:04 | Epoch   4/100 | Train Loss 0.2561 Acc 0.9844 | Val Loss 0.1591 Acc 0.9902 AUC 0.9999 Pre 0.9903 Rec 0.9901
2026-09-01 11:42:04 |   Val AUC improved to 0.9999, model saved
2026-09-01 11:42:08 | Epoch   5/100 | Train Loss 0.2259 Acc 0.9867 | Val Loss 0.1385 Acc 0.9907 AUC 0.9999 Pre 0.9907 Rec 0.9906
2026-09-01 11:42:08 |   Val AUC improved to 0.9999, model saved
2026-09-01 11:42:13 | Epoch   6/100 | Train Loss 0.2020 Acc 0.9881 | Val Loss 0.1307 Acc 0.9919 AUC 0.9999 Pre 0.9919 Rec 0.9918
2026-09-01 11:42:17 | Epoch   7/100 | Train Loss 0.1843 Acc 0.9902 | Val Loss 0.1223 Acc 0.9916 AUC 0.9999 Pre 0.9916 Rec 0.9915
2026-09-01 11:42:22 | Epoch   8/100 | Train Loss 0.1709 Acc 0.9905 | Val Loss 0.1309 Acc 0.9926 AUC 0.9999 Pre 0.9927 Rec 0.9925
2026-09-01 11:42:27 | Epoch   9/100 | Train Loss 0.1620 Acc 0.9910 | Val Loss 0.1172 Acc 0.9913 AUC 0.9999 Pre 0.9913 Rec 0.9913
2026-09-01 11:42:32 | Epoch  10/100 | Train Loss 0.1495 Acc 0.9920 | Val Loss 0.1099 Acc 0.9925 AUC 0.9999 Pre 0.9924 Rec 0.9925
2026-09-01 11:42:37 | Epoch  11/100 | Train Loss 0.1397 Acc 0.9926 | Val Loss 0.1033 Acc 0.9917 AUC 0.9999 Pre 0.9917 Rec 0.9916
2026-09-01 11:42:42 | Epoch  12/100 | Train Loss 0.1328 Acc 0.9928 | Val Loss 0.1042 Acc 0.9923 AUC 0.9999 Pre 0.9923 Rec 0.9922
2026-09-01 11:42:46 | Epoch  13/100 | Train Loss 0.1292 Acc 0.9928 | Val Loss 0.1134 Acc 0.9919 AUC 0.9999 Pre 0.9919 Rec 0.9919
2026-09-01 11:42:51 | Epoch  14/100 | Train Loss 0.1233 Acc 0.9935 | Val Loss 0.0977 Acc 0.9931 AUC 0.9999 Pre 0.9931 Rec 0.9931
2026-09-01 11:42:56 | Epoch  15/100 | Train Loss 0.1191 Acc 0.9933 | Val Loss 0.1020 Acc 0.9928 AUC 0.9997 Pre 0.9928 Rec 0.9927
2026-09-01 11:42:56 | Val AUC did not improve for 10 consecutive epochs, early stopping at Epoch 15 (best AUC 0.9999 @ Epoch 5)
2026-09-01 11:42:56 | Run 5/5 | Test (best model @ Epoch 5) | Loss 0.1286 Acc 0.9926 AUC 1.0000 Pre 0.9926 Rec 0.9925
2026-09-01 11:42:56 | Average over 5 runs | Test Loss 0.1216±0.0122 Acc 0.9923±0.0007 AUC 1.0000±0.0000 Pre 0.9923±0.0007 Rec 0.9922±0.0007
