2026-09-02 16:19:38 | Device: cuda
2026-09-02 16:19:38 | Args: {'model': 'opb', 'backbone': 'rnn', 'task': 'agnews', 'epochs': 100, 'batch_size': 512, 'lr': 0.001, 'hidden_dims': [512, 256], 'dropout': 0.2, 'z_dim': 256, 'anchor_scale': 16.0, 'energy_classifier': True, 'tied_head': False, 'max_len': 250, 'random_labels': False, 'beta': 0.1, 'patience': 10, 'runs': 5, 'seed': 0, 'data_dir': './data', 'save_path': 'output/agnews_rnn_opb/agnews_rnn_opb.pt', 'log_path': '/root/autodl-tmp/IB/tune_results/agnews_rnn_opb_beta_0.1_anchor_16/train.log', 'no_save': True}
2026-09-02 16:19:38 | AG News 特征文件：agnews_bert_base_layer10_pca50_features.npy（input_dim=50）
2026-09-02 16:19:38 | AG News 预处理缓存：mmap 共享 ./data/agnews/agnews_bert_base_layer10_pca50_features_fp32.npy
2026-09-02 16:19:39 | AG News BERT 特征划分（60/20/20 分层）：train 76560 / val 25520 / test 25520（共 127600 条）
2026-09-02 16:19:39 | ===== Run 1/5 (seed 0) =====
2026-09-02 16:20:11 | Epoch   1/100 | Train Loss 11.5668 Acc 0.7333 | Val Loss 7.4658 Acc 0.8716 AUC 0.9707 Pre 0.8803 Rec 0.8716
2026-09-02 16:20:11 |   Val AUC improved to 0.9707, model saved
2026-09-02 16:20:39 | Epoch   2/100 | Train Loss 7.0501 Acc 0.8556 | Val Loss 5.9629 Acc 0.8782 AUC 0.9722 Pre 0.8845 Rec 0.8782
2026-09-02 16:20:39 |   Val AUC improved to 0.9722, model saved
2026-09-02 16:21:07 | Epoch   3/100 | Train Loss 5.7271 Acc 0.8583 | Val Loss 5.1211 Acc 0.8849 AUC 0.9738 Pre 0.8880 Rec 0.8849
2026-09-02 16:21:07 |   Val AUC improved to 0.9738, model saved
2026-09-02 16:21:37 | Epoch   4/100 | Train Loss 4.8503 Acc 0.8667 | Val Loss 4.2580 Acc 0.8815 AUC 0.9768 Pre 0.8916 Rec 0.8815
2026-09-02 16:21:37 |   Val AUC improved to 0.9768, model saved
2026-09-02 16:22:06 | Epoch   5/100 | Train Loss 3.7430 Acc 0.8764 | Val Loss 3.7842 Acc 0.8652 AUC 0.9767 Pre 0.8821 Rec 0.8652
2026-09-02 16:22:35 | Epoch   6/100 | Train Loss 3.1228 Acc 0.8799 | Val Loss 3.5470 Acc 0.8558 AUC 0.9766 Pre 0.8757 Rec 0.8558
2026-09-02 16:23:03 | Epoch   7/100 | Train Loss 2.6173 Acc 0.8854 | Val Loss 3.4544 Acc 0.8417 AUC 0.9760 Pre 0.8661 Rec 0.8417
2026-09-02 16:23:31 | Epoch   8/100 | Train Loss 2.3937 Acc 0.8797 | Val Loss 2.7801 Acc 0.8676 AUC 0.9779 Pre 0.8848 Rec 0.8676
2026-09-02 16:23:31 |   Val AUC improved to 0.9779, model saved
2026-09-02 16:24:00 | Epoch   9/100 | Train Loss 1.9764 Acc 0.8905 | Val Loss 2.6789 Acc 0.8569 AUC 0.9784 Pre 0.8770 Rec 0.8569
2026-09-02 16:24:00 |   Val AUC improved to 0.9784, model saved
2026-09-02 16:24:29 | Epoch  10/100 | Train Loss 1.6641 Acc 0.8951 | Val Loss 2.3918 Acc 0.8605 AUC 0.9798 Pre 0.8777 Rec 0.8605
2026-09-02 16:24:29 |   Val AUC improved to 0.9798, model saved
2026-09-02 16:24:56 | Epoch  11/100 | Train Loss 1.4770 Acc 0.8976 | Val Loss 2.2189 Acc 0.8560 AUC 0.9807 Pre 0.8794 Rec 0.8560
2026-09-02 16:24:56 |   Val AUC improved to 0.9807, model saved
2026-09-02 16:25:24 | Epoch  12/100 | Train Loss 1.3370 Acc 0.8993 | Val Loss 1.9231 Acc 0.8638 AUC 0.9814 Pre 0.8829 Rec 0.8638
2026-09-02 16:25:24 |   Val AUC improved to 0.9814, model saved
2026-09-02 16:25:54 | Epoch  13/100 | Train Loss 1.2120 Acc 0.9031 | Val Loss 1.7343 Acc 0.8752 AUC 0.9825 Pre 0.8919 Rec 0.8752
2026-09-02 16:25:54 |   Val AUC improved to 0.9825, model saved
2026-09-02 16:26:22 | Epoch  14/100 | Train Loss 1.1107 Acc 0.9041 | Val Loss 1.6068 Acc 0.8679 AUC 0.9830 Pre 0.8877 Rec 0.8679
2026-09-02 16:26:22 |   Val AUC improved to 0.9830, model saved
2026-09-02 16:26:51 | Epoch  15/100 | Train Loss 1.0016 Acc 0.9067 | Val Loss 1.4221 Acc 0.8789 AUC 0.9842 Pre 0.8949 Rec 0.8789
2026-09-02 16:26:51 |   Val AUC improved to 0.9842, model saved
2026-09-02 16:27:20 | Epoch  16/100 | Train Loss 0.9001 Acc 0.9111 | Val Loss 1.2868 Acc 0.8859 AUC 0.9849 Pre 0.9000 Rec 0.8859
2026-09-02 16:27:20 |   Val AUC improved to 0.9849, model saved
2026-09-02 16:27:50 | Epoch  17/100 | Train Loss 0.8360 Acc 0.9115 | Val Loss 1.2689 Acc 0.8870 AUC 0.9837 Pre 0.8973 Rec 0.8870
2026-09-02 16:28:19 | Epoch  18/100 | Train Loss 0.7679 Acc 0.9152 | Val Loss 1.0988 Acc 0.8913 AUC 0.9859 Pre 0.9047 Rec 0.8913
2026-09-02 16:28:19 |   Val AUC improved to 0.9859, model saved
2026-09-02 16:28:49 | Epoch  19/100 | Train Loss 0.7281 Acc 0.9151 | Val Loss 1.0389 Acc 0.9016 AUC 0.9850 Pre 0.9073 Rec 0.9016
2026-09-02 16:29:18 | Epoch  20/100 | Train Loss 0.6648 Acc 0.9182 | Val Loss 1.0127 Acc 0.9080 AUC 0.9857 Pre 0.9136 Rec 0.9080
2026-09-02 16:29:48 | Epoch  21/100 | Train Loss 0.6197 Acc 0.9200 | Val Loss 1.0352 Acc 0.8970 AUC 0.9848 Pre 0.9053 Rec 0.8970
2026-09-02 16:30:16 | Epoch  22/100 | Train Loss 0.5668 Acc 0.9233 | Val Loss 0.8794 Acc 0.9053 AUC 0.9858 Pre 0.9118 Rec 0.9053
2026-09-02 16:30:43 | Epoch  23/100 | Train Loss 0.5487 Acc 0.9239 | Val Loss 0.9415 Acc 0.9129 AUC 0.9849 Pre 0.9165 Rec 0.9129
2026-09-02 16:31:07 | Epoch  24/100 | Train Loss 0.5177 Acc 0.9251 | Val Loss 0.8539 Acc 0.9076 AUC 0.9860 Pre 0.9131 Rec 0.9076
2026-09-02 16:31:08 |   Val AUC improved to 0.9860, model saved
2026-09-02 16:31:32 | Epoch  25/100 | Train Loss 0.4870 Acc 0.9280 | Val Loss 0.8464 Acc 0.9138 AUC 0.9858 Pre 0.9186 Rec 0.9138
2026-09-02 16:31:57 | Epoch  26/100 | Train Loss 0.4546 Acc 0.9294 | Val Loss 0.7890 Acc 0.9069 AUC 0.9854 Pre 0.9128 Rec 0.9069
2026-09-02 16:32:23 | Epoch  27/100 | Train Loss 0.4476 Acc 0.9293 | Val Loss 0.7186 Acc 0.9124 AUC 0.9861 Pre 0.9166 Rec 0.9124
2026-09-02 16:32:23 |   Val AUC improved to 0.9861, model saved
2026-09-02 16:32:48 | Epoch  28/100 | Train Loss 0.4056 Acc 0.9334 | Val Loss 0.7333 Acc 0.9087 AUC 0.9858 Pre 0.9161 Rec 0.9087
2026-09-02 16:33:14 | Epoch  29/100 | Train Loss 0.3801 Acc 0.9351 | Val Loss 0.7406 Acc 0.9187 AUC 0.9847 Pre 0.9210 Rec 0.9187
2026-09-02 16:33:40 | Epoch  30/100 | Train Loss 0.3635 Acc 0.9366 | Val Loss 0.6957 Acc 0.9222 AUC 0.9850 Pre 0.9229 Rec 0.9222
2026-09-02 16:34:06 | Epoch  31/100 | Train Loss 0.3343 Acc 0.9395 | Val Loss 0.6772 Acc 0.9198 AUC 0.9853 Pre 0.9214 Rec 0.9198
2026-09-02 16:34:28 | Epoch  32/100 | Train Loss 0.3441 Acc 0.9380 | Val Loss 0.6488 Acc 0.9186 AUC 0.9854 Pre 0.9198 Rec 0.9186
2026-09-02 16:34:51 | Epoch  33/100 | Train Loss 0.3036 Acc 0.9432 | Val Loss 0.6445 Acc 0.9198 AUC 0.9850 Pre 0.9221 Rec 0.9198
2026-09-02 16:35:20 | Epoch  34/100 | Train Loss 0.2711 Acc 0.9486 | Val Loss 0.6703 Acc 0.9210 AUC 0.9840 Pre 0.9223 Rec 0.9210
2026-09-02 16:35:48 | Epoch  35/100 | Train Loss 0.2630 Acc 0.9479 | Val Loss 0.6391 Acc 0.9204 AUC 0.9838 Pre 0.9209 Rec 0.9204
2026-09-02 16:36:16 | Epoch  36/100 | Train Loss 0.2667 Acc 0.9476 | Val Loss 0.6032 Acc 0.9211 AUC 0.9848 Pre 0.9217 Rec 0.9211
2026-09-02 16:36:45 | Epoch  37/100 | Train Loss 0.2424 Acc 0.9523 | Val Loss 0.6239 Acc 0.9203 AUC 0.9836 Pre 0.9205 Rec 0.9203
2026-09-02 16:36:45 | Val AUC did not improve for 10 consecutive epochs, early stopping at Epoch 37 (best AUC 0.9861 @ Epoch 27)
2026-09-02 16:36:50 | Run 1/5 | Test (best model @ Epoch 27) | Loss 0.6845 Acc 0.9165 AUC 0.9871 Pre 0.9205 Rec 0.9165
2026-09-02 16:36:50 | ===== Run 2/5 (seed 1) =====
2026-09-02 16:37:20 | Epoch   1/100 | Train Loss 10.6653 Acc 0.7647 | Val Loss 7.0935 Acc 0.8686 AUC 0.9717 Pre 0.8794 Rec 0.8686
2026-09-02 16:37:20 |   Val AUC improved to 0.9717, model saved
2026-09-02 16:37:48 | Epoch   2/100 | Train Loss 6.6591 Acc 0.8557 | Val Loss 5.8896 Acc 0.8730 AUC 0.9720 Pre 0.8795 Rec 0.8730
2026-09-02 16:37:48 |   Val AUC improved to 0.9720, model saved
2026-09-02 16:38:18 | Epoch   3/100 | Train Loss 5.2089 Acc 0.8658 | Val Loss 4.9498 Acc 0.8645 AUC 0.9758 Pre 0.8789 Rec 0.8645
2026-09-02 16:38:18 |   Val AUC improved to 0.9758, model saved
2026-09-02 16:38:47 | Epoch   4/100 | Train Loss 4.2171 Acc 0.8725 | Val Loss 3.9826 Acc 0.8767 AUC 0.9798 Pre 0.8894 Rec 0.8767
2026-09-02 16:38:47 |   Val AUC improved to 0.9798, model saved
2026-09-02 16:39:16 | Epoch   5/100 | Train Loss 3.5068 Acc 0.8762 | Val Loss 3.8367 Acc 0.8486 AUC 0.9767 Pre 0.8742 Rec 0.8486
2026-09-02 16:39:44 | Epoch   6/100 | Train Loss 2.9053 Acc 0.8825 | Val Loss 3.3436 Acc 0.8650 AUC 0.9787 Pre 0.8832 Rec 0.8650
2026-09-02 16:40:14 | Epoch   7/100 | Train Loss 2.3830 Acc 0.8873 | Val Loss 2.9586 Acc 0.8583 AUC 0.9802 Pre 0.8766 Rec 0.8583
2026-09-02 16:40:14 |   Val AUC improved to 0.9802, model saved
2026-09-02 16:40:43 | Epoch   8/100 | Train Loss 2.0526 Acc 0.8909 | Val Loss 2.5582 Acc 0.8617 AUC 0.9825 Pre 0.8868 Rec 0.8617
2026-09-02 16:40:43 |   Val AUC improved to 0.9825, model saved
2026-09-02 16:41:12 | Epoch   9/100 | Train Loss 1.7420 Acc 0.8965 | Val Loss 2.2574 Acc 0.8834 AUC 0.9831 Pre 0.8962 Rec 0.8834
2026-09-02 16:41:12 |   Val AUC improved to 0.9831, model saved
2026-09-02 16:41:41 | Epoch  10/100 | Train Loss 1.5455 Acc 0.8997 | Val Loss 2.2678 Acc 0.8643 AUC 0.9824 Pre 0.8865 Rec 0.8643
2026-09-02 16:42:11 | Epoch  11/100 | Train Loss 1.3652 Acc 0.9036 | Val Loss 1.8729 Acc 0.8820 AUC 0.9837 Pre 0.8956 Rec 0.8820
2026-09-02 16:42:11 |   Val AUC improved to 0.9837, model saved
2026-09-02 16:42:39 | Epoch  12/100 | Train Loss 1.2286 Acc 0.9065 | Val Loss 1.7476 Acc 0.8860 AUC 0.9840 Pre 0.8974 Rec 0.8860
2026-09-02 16:42:39 |   Val AUC improved to 0.9840, model saved
2026-09-02 16:43:08 | Epoch  13/100 | Train Loss 1.1127 Acc 0.9089 | Val Loss 1.6692 Acc 0.8781 AUC 0.9839 Pre 0.8943 Rec 0.8781
2026-09-02 16:43:37 | Epoch  14/100 | Train Loss 1.0090 Acc 0.9101 | Val Loss 1.4844 Acc 0.8900 AUC 0.9844 Pre 0.9017 Rec 0.8900
2026-09-02 16:43:37 |   Val AUC improved to 0.9844, model saved
2026-09-02 16:44:04 | Epoch  15/100 | Train Loss 0.9264 Acc 0.9113 | Val Loss 1.3704 Acc 0.8931 AUC 0.9851 Pre 0.9037 Rec 0.8931
2026-09-02 16:44:04 |   Val AUC improved to 0.9851, model saved
2026-09-02 16:44:33 | Epoch  16/100 | Train Loss 0.8242 Acc 0.9166 | Val Loss 1.2985 Acc 0.8926 AUC 0.9850 Pre 0.9047 Rec 0.8926
2026-09-02 16:45:00 | Epoch  17/100 | Train Loss 0.7745 Acc 0.9154 | Val Loss 1.2253 Acc 0.8871 AUC 0.9850 Pre 0.9015 Rec 0.8871
2026-09-02 16:45:27 | Epoch  18/100 | Train Loss 0.7012 Acc 0.9191 | Val Loss 1.1800 Acc 0.8991 AUC 0.9854 Pre 0.9080 Rec 0.8991
2026-09-02 16:45:27 |   Val AUC improved to 0.9854, model saved
2026-09-02 16:45:54 | Epoch  19/100 | Train Loss 0.6413 Acc 0.9231 | Val Loss 1.0351 Acc 0.8992 AUC 0.9858 Pre 0.9077 Rec 0.8992
2026-09-02 16:45:54 |   Val AUC improved to 0.9858, model saved
2026-09-02 16:46:21 | Epoch  20/100 | Train Loss 0.6003 Acc 0.9230 | Val Loss 0.9906 Acc 0.8961 AUC 0.9857 Pre 0.9081 Rec 0.8961
2026-09-02 16:46:48 | Epoch  21/100 | Train Loss 0.5644 Acc 0.9254 | Val Loss 0.9699 Acc 0.9124 AUC 0.9859 Pre 0.9169 Rec 0.9124
2026-09-02 16:46:48 |   Val AUC improved to 0.9859, model saved
2026-09-02 16:47:13 | Epoch  22/100 | Train Loss 0.5100 Acc 0.9290 | Val Loss 0.9161 Acc 0.9139 AUC 0.9858 Pre 0.9182 Rec 0.9139
2026-09-02 16:47:38 | Epoch  23/100 | Train Loss 0.5183 Acc 0.9269 | Val Loss 0.8733 Acc 0.9112 AUC 0.9864 Pre 0.9175 Rec 0.9112
2026-09-02 16:47:38 |   Val AUC improved to 0.9864, model saved
2026-09-02 16:48:03 | Epoch  24/100 | Train Loss 0.4676 Acc 0.9303 | Val Loss 0.8367 Acc 0.9157 AUC 0.9862 Pre 0.9200 Rec 0.9157
2026-09-02 16:48:28 | Epoch  25/100 | Train Loss 0.4173 Acc 0.9342 | Val Loss 0.8414 Acc 0.9186 AUC 0.9853 Pre 0.9208 Rec 0.9186
2026-09-02 16:48:53 | Epoch  26/100 | Train Loss 0.3937 Acc 0.9361 | Val Loss 0.7945 Acc 0.9179 AUC 0.9858 Pre 0.9196 Rec 0.9179
2026-09-02 16:49:19 | Epoch  27/100 | Train Loss 0.3659 Acc 0.9387 | Val Loss 0.7961 Acc 0.9189 AUC 0.9851 Pre 0.9208 Rec 0.9189
2026-09-02 16:49:46 | Epoch  28/100 | Train Loss 0.3424 Acc 0.9413 | Val Loss 0.7673 Acc 0.9187 AUC 0.9853 Pre 0.9212 Rec 0.9187
2026-09-02 16:50:10 | Epoch  29/100 | Train Loss 0.3196 Acc 0.9443 | Val Loss 0.7685 Acc 0.9166 AUC 0.9851 Pre 0.9202 Rec 0.9166
2026-09-02 16:50:35 | Epoch  30/100 | Train Loss 0.3085 Acc 0.9444 | Val Loss 0.7343 Acc 0.9199 AUC 0.9855 Pre 0.9222 Rec 0.9199
2026-09-02 16:51:02 | Epoch  31/100 | Train Loss 0.2951 Acc 0.9467 | Val Loss 0.7396 Acc 0.9232 AUC 0.9846 Pre 0.9242 Rec 0.9232
2026-09-02 16:51:32 | Epoch  32/100 | Train Loss 0.2690 Acc 0.9497 | Val Loss 0.7797 Acc 0.9188 AUC 0.9836 Pre 0.9214 Rec 0.9188
2026-09-02 16:52:01 | Epoch  33/100 | Train Loss 0.2437 Acc 0.9536 | Val Loss 0.7917 Acc 0.9224 AUC 0.9828 Pre 0.9227 Rec 0.9224
2026-09-02 16:52:01 | Val AUC did not improve for 10 consecutive epochs, early stopping at Epoch 33 (best AUC 0.9864 @ Epoch 23)
2026-09-02 16:52:07 | Run 2/5 | Test (best model @ Epoch 23) | Loss 0.8287 Acc 0.9130 AUC 0.9877 Pre 0.9193 Rec 0.9130
2026-09-02 16:52:07 | ===== Run 3/5 (seed 2) =====
2026-09-02 16:52:36 | Epoch   1/100 | Train Loss 10.7435 Acc 0.7614 | Val Loss 7.2788 Acc 0.8642 AUC 0.9683 Pre 0.8726 Rec 0.8642
2026-09-02 16:52:36 |   Val AUC improved to 0.9683, model saved
2026-09-02 16:53:04 | Epoch   2/100 | Train Loss 6.6037 Acc 0.8555 | Val Loss 5.9047 Acc 0.8662 AUC 0.9730 Pre 0.8808 Rec 0.8662
2026-09-02 16:53:04 |   Val AUC improved to 0.9730, model saved
2026-09-02 16:53:32 | Epoch   3/100 | Train Loss 5.1442 Acc 0.8682 | Val Loss 4.9351 Acc 0.8705 AUC 0.9752 Pre 0.8867 Rec 0.8705
2026-09-02 16:53:32 |   Val AUC improved to 0.9752, model saved
2026-09-02 16:54:00 | Epoch   4/100 | Train Loss 4.1682 Acc 0.8731 | Val Loss 4.1956 Acc 0.8878 AUC 0.9763 Pre 0.8948 Rec 0.8878
2026-09-02 16:54:00 |   Val AUC improved to 0.9763, model saved
2026-09-02 16:54:29 | Epoch   5/100 | Train Loss 3.4589 Acc 0.8770 | Val Loss 3.7689 Acc 0.8534 AUC 0.9770 Pre 0.8754 Rec 0.8534
2026-09-02 16:54:29 |   Val AUC improved to 0.9770, model saved
2026-09-02 16:54:58 | Epoch   6/100 | Train Loss 2.9161 Acc 0.8794 | Val Loss 3.4168 Acc 0.8639 AUC 0.9786 Pre 0.8807 Rec 0.8639
2026-09-02 16:54:58 |   Val AUC improved to 0.9786, model saved
2026-09-02 16:55:27 | Epoch   7/100 | Train Loss 2.4064 Acc 0.8869 | Val Loss 3.0698 Acc 0.8629 AUC 0.9799 Pre 0.8848 Rec 0.8629
2026-09-02 16:55:27 |   Val AUC improved to 0.9799, model saved
2026-09-02 16:55:56 | Epoch   8/100 | Train Loss 2.0129 Acc 0.8924 | Val Loss 2.6922 Acc 0.8566 AUC 0.9826 Pre 0.8819 Rec 0.8566
2026-09-02 16:55:56 |   Val AUC improved to 0.9826, model saved
2026-09-02 16:56:25 | Epoch   9/100 | Train Loss 1.7443 Acc 0.8974 | Val Loss 2.3790 Acc 0.8645 AUC 0.9826 Pre 0.8885 Rec 0.8645
2026-09-02 16:56:25 |   Val AUC improved to 0.9826, model saved
2026-09-02 16:56:54 | Epoch  10/100 | Train Loss 1.5024 Acc 0.9021 | Val Loss 2.0423 Acc 0.8725 AUC 0.9834 Pre 0.8901 Rec 0.8725
2026-09-02 16:56:54 |   Val AUC improved to 0.9834, model saved
2026-09-02 16:57:23 | Epoch  11/100 | Train Loss 1.3466 Acc 0.9039 | Val Loss 2.0901 Acc 0.8614 AUC 0.9825 Pre 0.8821 Rec 0.8614
2026-09-02 16:57:53 | Epoch  12/100 | Train Loss 1.1957 Acc 0.9059 | Val Loss 1.8631 Acc 0.8775 AUC 0.9835 Pre 0.8952 Rec 0.8775
2026-09-02 16:57:53 |   Val AUC improved to 0.9835, model saved
2026-09-02 16:58:21 | Epoch  13/100 | Train Loss 1.0998 Acc 0.9092 | Val Loss 1.6076 Acc 0.8855 AUC 0.9847 Pre 0.9010 Rec 0.8855
2026-09-02 16:58:21 |   Val AUC improved to 0.9847, model saved
2026-09-02 16:58:51 | Epoch  14/100 | Train Loss 0.9679 Acc 0.9120 | Val Loss 1.4674 Acc 0.8905 AUC 0.9855 Pre 0.9032 Rec 0.8905
2026-09-02 16:58:51 |   Val AUC improved to 0.9855, model saved
2026-09-02 16:59:19 | Epoch  15/100 | Train Loss 0.8881 Acc 0.9142 | Val Loss 1.3498 Acc 0.8947 AUC 0.9850 Pre 0.9063 Rec 0.8947
2026-09-02 16:59:48 | Epoch  16/100 | Train Loss 0.8191 Acc 0.9161 | Val Loss 1.2786 Acc 0.8936 AUC 0.9855 Pre 0.9055 Rec 0.8936
2026-09-02 17:00:17 | Epoch  17/100 | Train Loss 0.7606 Acc 0.9173 | Val Loss 1.2093 Acc 0.9024 AUC 0.9858 Pre 0.9113 Rec 0.9024
2026-09-02 17:00:17 |   Val AUC improved to 0.9858, model saved
2026-09-02 17:00:46 | Epoch  18/100 | Train Loss 0.7159 Acc 0.9190 | Val Loss 1.0925 Acc 0.8988 AUC 0.9861 Pre 0.9081 Rec 0.8988
2026-09-02 17:00:46 |   Val AUC improved to 0.9861, model saved
2026-09-02 17:01:12 | Epoch  19/100 | Train Loss 0.6483 Acc 0.9216 | Val Loss 1.0274 Acc 0.9027 AUC 0.9861 Pre 0.9104 Rec 0.9027
2026-09-02 17:01:12 |   Val AUC improved to 0.9861, model saved
2026-09-02 17:01:37 | Epoch  20/100 | Train Loss 0.6055 Acc 0.9240 | Val Loss 1.0190 Acc 0.9026 AUC 0.9860 Pre 0.9107 Rec 0.9026
2026-09-02 17:02:03 | Epoch  21/100 | Train Loss 0.5706 Acc 0.9241 | Val Loss 0.9309 Acc 0.9075 AUC 0.9865 Pre 0.9142 Rec 0.9075
2026-09-02 17:02:03 |   Val AUC improved to 0.9865, model saved
2026-09-02 17:02:28 | Epoch  22/100 | Train Loss 0.5072 Acc 0.9303 | Val Loss 0.9435 Acc 0.9049 AUC 0.9857 Pre 0.9116 Rec 0.9049
2026-09-02 17:02:52 | Epoch  23/100 | Train Loss 0.4696 Acc 0.9308 | Val Loss 0.9500 Acc 0.9080 AUC 0.9855 Pre 0.9156 Rec 0.9080
2026-09-02 17:03:17 | Epoch  24/100 | Train Loss 0.4539 Acc 0.9308 | Val Loss 0.8530 Acc 0.9178 AUC 0.9862 Pre 0.9211 Rec 0.9178
2026-09-02 17:03:43 | Epoch  25/100 | Train Loss 0.4205 Acc 0.9343 | Val Loss 0.8561 Acc 0.9121 AUC 0.9858 Pre 0.9160 Rec 0.9121
2026-09-02 17:04:07 | Epoch  26/100 | Train Loss 0.4133 Acc 0.9335 | Val Loss 0.8306 Acc 0.9202 AUC 0.9857 Pre 0.9235 Rec 0.9202
2026-09-02 17:04:32 | Epoch  27/100 | Train Loss 0.3754 Acc 0.9366 | Val Loss 0.7865 Acc 0.9199 AUC 0.9857 Pre 0.9218 Rec 0.9199
2026-09-02 17:04:56 | Epoch  28/100 | Train Loss 0.3357 Acc 0.9402 | Val Loss 0.7698 Acc 0.9157 AUC 0.9856 Pre 0.9196 Rec 0.9157
2026-09-02 17:05:20 | Epoch  29/100 | Train Loss 0.3474 Acc 0.9400 | Val Loss 0.7263 Acc 0.9207 AUC 0.9860 Pre 0.9228 Rec 0.9207
2026-09-02 17:05:48 | Epoch  30/100 | Train Loss 0.3157 Acc 0.9414 | Val Loss 0.7425 Acc 0.9207 AUC 0.9854 Pre 0.9214 Rec 0.9207
2026-09-02 17:06:19 | Epoch  31/100 | Train Loss 0.2827 Acc 0.9470 | Val Loss 0.7178 Acc 0.9212 AUC 0.9850 Pre 0.9217 Rec 0.9212
2026-09-02 17:06:19 | Val AUC did not improve for 10 consecutive epochs, early stopping at Epoch 31 (best AUC 0.9865 @ Epoch 21)
2026-09-02 17:06:24 | Run 3/5 | Test (best model @ Epoch 21) | Loss 0.8897 Acc 0.9100 AUC 0.9875 Pre 0.9166 Rec 0.9100
2026-09-02 17:06:24 | ===== Run 4/5 (seed 3) =====
2026-09-02 17:06:54 | Epoch   1/100 | Train Loss 11.5523 Acc 0.7118 | Val Loss 9.0939 Acc 0.7952 AUC 0.9541 Pre 0.8158 Rec 0.7952
2026-09-02 17:06:54 |   Val AUC improved to 0.9541, model saved
2026-09-02 17:07:23 | Epoch   2/100 | Train Loss 7.3342 Acc 0.8431 | Val Loss 6.1357 Acc 0.8877 AUC 0.9721 Pre 0.8904 Rec 0.8877
2026-09-02 17:07:23 |   Val AUC improved to 0.9721, model saved
2026-09-02 17:07:52 | Epoch   3/100 | Train Loss 5.6779 Acc 0.8658 | Val Loss 5.1083 Acc 0.8707 AUC 0.9742 Pre 0.8818 Rec 0.8707
2026-09-02 17:07:52 |   Val AUC improved to 0.9742, model saved
2026-09-02 17:08:21 | Epoch   4/100 | Train Loss 4.6532 Acc 0.8724 | Val Loss 4.7013 Acc 0.8469 AUC 0.9740 Pre 0.8660 Rec 0.8469
2026-09-02 17:08:50 | Epoch   5/100 | Train Loss 3.8707 Acc 0.8771 | Val Loss 3.9563 Acc 0.8795 AUC 0.9772 Pre 0.8906 Rec 0.8795
2026-09-02 17:08:50 |   Val AUC improved to 0.9772, model saved
2026-09-02 17:09:19 | Epoch   6/100 | Train Loss 3.2905 Acc 0.8758 | Val Loss 3.8695 Acc 0.8434 AUC 0.9761 Pre 0.8712 Rec 0.8434
2026-09-02 17:09:49 | Epoch   7/100 | Train Loss 2.7276 Acc 0.8796 | Val Loss 3.1780 Acc 0.8748 AUC 0.9794 Pre 0.8889 Rec 0.8748
2026-09-02 17:09:49 |   Val AUC improved to 0.9794, model saved
2026-09-02 17:10:19 | Epoch   8/100 | Train Loss 2.3566 Acc 0.8827 | Val Loss 3.3679 Acc 0.8351 AUC 0.9785 Pre 0.8634 Rec 0.8351
2026-09-02 17:10:47 | Epoch   9/100 | Train Loss 2.1058 Acc 0.8811 | Val Loss 2.7066 Acc 0.8529 AUC 0.9797 Pre 0.8764 Rec 0.8529
2026-09-02 17:10:47 |   Val AUC improved to 0.9797, model saved
2026-09-02 17:11:14 | Epoch  10/100 | Train Loss 1.7677 Acc 0.8884 | Val Loss 2.8248 Acc 0.8145 AUC 0.9749 Pre 0.8632 Rec 0.8145
2026-09-02 17:11:42 | Epoch  11/100 | Train Loss 1.5744 Acc 0.8927 | Val Loss 2.4280 Acc 0.8366 AUC 0.9786 Pre 0.8664 Rec 0.8366
2026-09-02 17:12:10 | Epoch  12/100 | Train Loss 1.4335 Acc 0.8940 | Val Loss 1.8764 Acc 0.8725 AUC 0.9830 Pre 0.8895 Rec 0.8725
2026-09-02 17:12:10 |   Val AUC improved to 0.9830, model saved
2026-09-02 17:12:40 | Epoch  13/100 | Train Loss 1.3037 Acc 0.8970 | Val Loss 1.7999 Acc 0.8805 AUC 0.9827 Pre 0.8957 Rec 0.8805
2026-09-02 17:13:08 | Epoch  14/100 | Train Loss 1.1467 Acc 0.9007 | Val Loss 1.6151 Acc 0.8709 AUC 0.9825 Pre 0.8894 Rec 0.8709
2026-09-02 17:13:38 | Epoch  15/100 | Train Loss 1.0416 Acc 0.9044 | Val Loss 1.4608 Acc 0.8839 AUC 0.9836 Pre 0.8960 Rec 0.8839
2026-09-02 17:13:38 |   Val AUC improved to 0.9836, model saved
2026-09-02 17:14:07 | Epoch  16/100 | Train Loss 0.9431 Acc 0.9065 | Val Loss 1.3094 Acc 0.8937 AUC 0.9848 Pre 0.9042 Rec 0.8937
2026-09-02 17:14:07 |   Val AUC improved to 0.9848, model saved
2026-09-02 17:14:36 | Epoch  17/100 | Train Loss 0.8781 Acc 0.9066 | Val Loss 1.2872 Acc 0.8903 AUC 0.9840 Pre 0.8996 Rec 0.8903
2026-09-02 17:15:05 | Epoch  18/100 | Train Loss 0.8459 Acc 0.9079 | Val Loss 1.2430 Acc 0.8896 AUC 0.9837 Pre 0.8987 Rec 0.8896
2026-09-02 17:15:33 | Epoch  19/100 | Train Loss 0.7673 Acc 0.9109 | Val Loss 1.0562 Acc 0.8986 AUC 0.9854 Pre 0.9073 Rec 0.8986
2026-09-02 17:15:33 |   Val AUC improved to 0.9854, model saved
2026-09-02 17:16:02 | Epoch  20/100 | Train Loss 0.7149 Acc 0.9116 | Val Loss 0.9999 Acc 0.8990 AUC 0.9857 Pre 0.9081 Rec 0.8990
2026-09-02 17:16:02 |   Val AUC improved to 0.9857, model saved
2026-09-02 17:16:29 | Epoch  21/100 | Train Loss 0.6714 Acc 0.9143 | Val Loss 0.9283 Acc 0.9003 AUC 0.9859 Pre 0.9089 Rec 0.9003
2026-09-02 17:16:29 |   Val AUC improved to 0.9859, model saved
2026-09-02 17:16:55 | Epoch  22/100 | Train Loss 0.6132 Acc 0.9155 | Val Loss 0.8953 Acc 0.9033 AUC 0.9858 Pre 0.9111 Rec 0.9033
2026-09-02 17:17:21 | Epoch  23/100 | Train Loss 0.5777 Acc 0.9194 | Val Loss 0.8361 Acc 0.9109 AUC 0.9865 Pre 0.9155 Rec 0.9109
2026-09-02 17:17:21 |   Val AUC improved to 0.9865, model saved
2026-09-02 17:17:48 | Epoch  24/100 | Train Loss 0.5481 Acc 0.9210 | Val Loss 0.8508 Acc 0.8943 AUC 0.9856 Pre 0.9037 Rec 0.8943
2026-09-02 17:18:13 | Epoch  25/100 | Train Loss 0.5254 Acc 0.9217 | Val Loss 0.7462 Acc 0.9056 AUC 0.9864 Pre 0.9116 Rec 0.9056
2026-09-02 17:18:38 | Epoch  26/100 | Train Loss 0.5128 Acc 0.9204 | Val Loss 0.7379 Acc 0.9074 AUC 0.9864 Pre 0.9140 Rec 0.9074
2026-09-02 17:19:03 | Epoch  27/100 | Train Loss 0.4618 Acc 0.9241 | Val Loss 0.6976 Acc 0.9145 AUC 0.9867 Pre 0.9186 Rec 0.9145
2026-09-02 17:19:03 |   Val AUC improved to 0.9867, model saved
2026-09-02 17:19:29 | Epoch  28/100 | Train Loss 0.4365 Acc 0.9263 | Val Loss 0.6875 Acc 0.9168 AUC 0.9862 Pre 0.9197 Rec 0.9168
2026-09-02 17:19:53 | Epoch  29/100 | Train Loss 0.4034 Acc 0.9289 | Val Loss 0.6677 Acc 0.9199 AUC 0.9858 Pre 0.9221 Rec 0.9199
2026-09-02 17:20:16 | Epoch  30/100 | Train Loss 0.3805 Acc 0.9326 | Val Loss 0.6302 Acc 0.9169 AUC 0.9861 Pre 0.9192 Rec 0.9169
2026-09-02 17:20:44 | Epoch  31/100 | Train Loss 0.3564 Acc 0.9336 | Val Loss 0.6593 Acc 0.9143 AUC 0.9853 Pre 0.9178 Rec 0.9143
2026-09-02 17:21:13 | Epoch  32/100 | Train Loss 0.3499 Acc 0.9347 | Val Loss 0.6252 Acc 0.9208 AUC 0.9859 Pre 0.9218 Rec 0.9208
2026-09-02 17:21:43 | Epoch  33/100 | Train Loss 0.3285 Acc 0.9380 | Val Loss 0.6414 Acc 0.9211 AUC 0.9852 Pre 0.9220 Rec 0.9211
2026-09-02 17:22:12 | Epoch  34/100 | Train Loss 0.3138 Acc 0.9388 | Val Loss 0.5892 Acc 0.9201 AUC 0.9858 Pre 0.9216 Rec 0.9201
2026-09-02 17:22:39 | Epoch  35/100 | Train Loss 0.3051 Acc 0.9397 | Val Loss 0.5874 Acc 0.9234 AUC 0.9853 Pre 0.9239 Rec 0.9234
2026-09-02 17:23:06 | Epoch  36/100 | Train Loss 0.2783 Acc 0.9454 | Val Loss 0.6095 Acc 0.9218 AUC 0.9849 Pre 0.9228 Rec 0.9218
2026-09-02 17:23:35 | Epoch  37/100 | Train Loss 0.2754 Acc 0.9455 | Val Loss 0.6007 Acc 0.9208 AUC 0.9839 Pre 0.9211 Rec 0.9208
2026-09-02 17:23:35 | Val AUC did not improve for 10 consecutive epochs, early stopping at Epoch 37 (best AUC 0.9867 @ Epoch 27)
2026-09-02 17:23:41 | Run 4/5 | Test (best model @ Epoch 27) | Loss 0.6735 Acc 0.9181 AUC 0.9877 Pre 0.9218 Rec 0.9181
2026-09-02 17:23:41 | ===== Run 5/5 (seed 4) =====
2026-09-02 17:24:10 | Epoch   1/100 | Train Loss 10.7926 Acc 0.7664 | Val Loss 7.0333 Acc 0.8826 AUC 0.9712 Pre 0.8855 Rec 0.8826
2026-09-02 17:24:10 |   Val AUC improved to 0.9712, model saved
2026-09-02 17:24:38 | Epoch   2/100 | Train Loss 6.5274 Acc 0.8589 | Val Loss 5.3763 Acc 0.8879 AUC 0.9766 Pre 0.8925 Rec 0.8879
2026-09-02 17:24:38 |   Val AUC improved to 0.9766, model saved
2026-09-02 17:25:08 | Epoch   3/100 | Train Loss 4.9679 Acc 0.8712 | Val Loss 4.6009 Acc 0.8791 AUC 0.9776 Pre 0.8921 Rec 0.8791
2026-09-02 17:25:08 |   Val AUC improved to 0.9776, model saved
2026-09-02 17:25:37 | Epoch   4/100 | Train Loss 4.0566 Acc 0.8796 | Val Loss 3.9996 Acc 0.8678 AUC 0.9788 Pre 0.8839 Rec 0.8678
2026-09-02 17:25:37 |   Val AUC improved to 0.9788, model saved
2026-09-02 17:26:06 | Epoch   5/100 | Train Loss 3.3577 Acc 0.8812 | Val Loss 3.4987 Acc 0.8710 AUC 0.9793 Pre 0.8865 Rec 0.8710
2026-09-02 17:26:06 |   Val AUC improved to 0.9793, model saved
2026-09-02 17:26:35 | Epoch   6/100 | Train Loss 2.6924 Acc 0.8869 | Val Loss 3.3312 Acc 0.8583 AUC 0.9814 Pre 0.8847 Rec 0.8583
2026-09-02 17:26:35 |   Val AUC improved to 0.9814, model saved
2026-09-02 17:27:04 | Epoch   7/100 | Train Loss 2.2821 Acc 0.8930 | Val Loss 2.9585 Acc 0.8653 AUC 0.9805 Pre 0.8844 Rec 0.8653
2026-09-02 17:27:33 | Epoch   8/100 | Train Loss 1.9337 Acc 0.8972 | Val Loss 2.6233 Acc 0.8625 AUC 0.9815 Pre 0.8822 Rec 0.8625
2026-09-02 17:27:33 |   Val AUC improved to 0.9815, model saved
2026-09-02 17:28:02 | Epoch   9/100 | Train Loss 1.6643 Acc 0.9001 | Val Loss 2.5341 Acc 0.8364 AUC 0.9793 Pre 0.8692 Rec 0.8364
2026-09-02 17:28:30 | Epoch  10/100 | Train Loss 1.4747 Acc 0.9034 | Val Loss 2.1116 Acc 0.8702 AUC 0.9833 Pre 0.8884 Rec 0.8702
2026-09-02 17:28:30 |   Val AUC improved to 0.9833, model saved
2026-09-02 17:28:57 | Epoch  11/100 | Train Loss 1.2803 Acc 0.9081 | Val Loss 2.0583 Acc 0.8679 AUC 0.9829 Pre 0.8864 Rec 0.8679
2026-09-02 17:29:26 | Epoch  12/100 | Train Loss 1.1824 Acc 0.9077 | Val Loss 1.9338 Acc 0.8613 AUC 0.9817 Pre 0.8799 Rec 0.8613
2026-09-02 17:29:55 | Epoch  13/100 | Train Loss 1.0842 Acc 0.9104 | Val Loss 1.5382 Acc 0.8823 AUC 0.9849 Pre 0.8975 Rec 0.8823
2026-09-02 17:29:55 |   Val AUC improved to 0.9849, model saved
2026-09-02 17:30:23 | Epoch  14/100 | Train Loss 0.9615 Acc 0.9123 | Val Loss 1.4675 Acc 0.8893 AUC 0.9854 Pre 0.9024 Rec 0.8893
2026-09-02 17:30:23 |   Val AUC improved to 0.9854, model saved
2026-09-02 17:30:53 | Epoch  15/100 | Train Loss 0.8729 Acc 0.9157 | Val Loss 1.3682 Acc 0.8942 AUC 0.9856 Pre 0.9042 Rec 0.8942
2026-09-02 17:30:53 |   Val AUC improved to 0.9856, model saved
2026-09-02 17:31:22 | Epoch  16/100 | Train Loss 0.7873 Acc 0.9199 | Val Loss 1.3387 Acc 0.8928 AUC 0.9853 Pre 0.9028 Rec 0.8928
2026-09-02 17:31:48 | Epoch  17/100 | Train Loss 0.7560 Acc 0.9168 | Val Loss 1.1971 Acc 0.8961 AUC 0.9853 Pre 0.9033 Rec 0.8961
2026-09-02 17:32:17 | Epoch  18/100 | Train Loss 0.6727 Acc 0.9219 | Val Loss 1.0994 Acc 0.9025 AUC 0.9859 Pre 0.9106 Rec 0.9025
2026-09-02 17:32:17 |   Val AUC improved to 0.9859, model saved
2026-09-02 17:32:45 | Epoch  19/100 | Train Loss 0.6318 Acc 0.9228 | Val Loss 1.0629 Acc 0.9018 AUC 0.9861 Pre 0.9118 Rec 0.9018
2026-09-02 17:32:45 |   Val AUC improved to 0.9861, model saved
2026-09-02 17:33:10 | Epoch  20/100 | Train Loss 0.5723 Acc 0.9260 | Val Loss 0.9859 Acc 0.9111 AUC 0.9862 Pre 0.9159 Rec 0.9111
2026-09-02 17:33:10 |   Val AUC improved to 0.9862, model saved
2026-09-02 17:33:37 | Epoch  21/100 | Train Loss 0.5408 Acc 0.9263 | Val Loss 0.9865 Acc 0.9125 AUC 0.9859 Pre 0.9173 Rec 0.9125
2026-09-02 17:34:05 | Epoch  22/100 | Train Loss 0.4936 Acc 0.9302 | Val Loss 0.9670 Acc 0.9165 AUC 0.9852 Pre 0.9195 Rec 0.9165
2026-09-02 17:34:30 | Epoch  23/100 | Train Loss 0.4678 Acc 0.9320 | Val Loss 0.9027 Acc 0.9163 AUC 0.9863 Pre 0.9204 Rec 0.9163
2026-09-02 17:34:30 |   Val AUC improved to 0.9863, model saved
2026-09-02 17:34:55 | Epoch  24/100 | Train Loss 0.4748 Acc 0.9315 | Val Loss 0.8857 Acc 0.9182 AUC 0.9858 Pre 0.9202 Rec 0.9182
2026-09-02 17:35:22 | Epoch  25/100 | Train Loss 0.4286 Acc 0.9342 | Val Loss 0.8523 Acc 0.9161 AUC 0.9856 Pre 0.9198 Rec 0.9161
2026-09-02 17:35:49 | Epoch  26/100 | Train Loss 0.3828 Acc 0.9375 | Val Loss 0.8570 Acc 0.9183 AUC 0.9852 Pre 0.9200 Rec 0.9183
2026-09-02 17:36:16 | Epoch  27/100 | Train Loss 0.3824 Acc 0.9379 | Val Loss 0.7589 Acc 0.9232 AUC 0.9859 Pre 0.9247 Rec 0.9232
2026-09-02 17:36:44 | Epoch  28/100 | Train Loss 0.3260 Acc 0.9432 | Val Loss 0.7623 Acc 0.9233 AUC 0.9859 Pre 0.9245 Rec 0.9233
2026-09-02 17:37:14 | Epoch  29/100 | Train Loss 0.3081 Acc 0.9459 | Val Loss 0.7668 Acc 0.9226 AUC 0.9858 Pre 0.9234 Rec 0.9226
2026-09-02 17:37:44 | Epoch  30/100 | Train Loss 0.3029 Acc 0.9463 | Val Loss 0.7605 Acc 0.9227 AUC 0.9854 Pre 0.9239 Rec 0.9227
2026-09-02 17:38:13 | Epoch  31/100 | Train Loss 0.2718 Acc 0.9504 | Val Loss 0.7186 Acc 0.9231 AUC 0.9857 Pre 0.9241 Rec 0.9231
2026-09-02 17:38:42 | Epoch  32/100 | Train Loss 0.2508 Acc 0.9534 | Val Loss 0.6980 Acc 0.9228 AUC 0.9853 Pre 0.9233 Rec 0.9228
2026-09-02 17:39:12 | Epoch  33/100 | Train Loss 0.2530 Acc 0.9532 | Val Loss 0.7380 Acc 0.9241 AUC 0.9851 Pre 0.9241 Rec 0.9241
2026-09-02 17:39:12 | Val AUC did not improve for 10 consecutive epochs, early stopping at Epoch 33 (best AUC 0.9863 @ Epoch 23)
2026-09-02 17:39:18 | Run 5/5 | Test (best model @ Epoch 23) | Loss 0.8760 Acc 0.9196 AUC 0.9873 Pre 0.9235 Rec 0.9196
2026-09-02 17:39:18 | Average over 5 runs | Test Loss 0.7905±0.1043 Acc 0.9155±0.0039 AUC 0.9874±0.0002 Pre 0.9203±0.0026 Rec 0.9155±0.0039
