2026-09-14 22:52:27 | Device: cuda
2026-09-14 22:52:27 | Args: {'model': 'opb-fixed-frame-randvar', 'backbone': 'mlp', 'task': 'mnist', 'epochs': 100, 'batch_size': 512, 'lr': 0.001, 'hidden_dims': [512, 256], 'dropout': 0.2, 'z_dim': 256, 'anchor_scale': 6.0, 'energy_classifier': False, 'tied_head': False, 'max_len': 250, 'random_labels': False, 'beta': 10.0, 'patience': 10, 'runs': 5, 'seed': 0, 'data_dir': './data', 'save_path': 'output/mnist_mlp_opb-fixed-frame-randvar/mnist_mlp_opb-fixed-frame-randvar.pt', 'log_path': '/root/autodl-tmp/IB/output/ablation/mnist_mlp_opb-fixed-frame-randvar_beta_10_anchor_6/train.log', 'no_save': True}
2026-09-14 22:52:27 | ===== Run 1/5 (seed 0) =====
2026-09-14 22:52:35 | Epoch   1/100 | Train Loss 82.4757 Acc 0.7126 | Val Loss 24.8815 Acc 0.9455 AUC 0.9962 Pre 0.9452 Rec 0.9447
2026-09-14 22:52:35 |   Val AUC improved to 0.9962, model saved
2026-09-14 22:52:39 | Epoch   2/100 | Train Loss 25.7785 Acc 0.9379 | Val Loss 16.0637 Acc 0.9641 AUC 0.9984 Pre 0.9638 Rec 0.9638
2026-09-14 22:52:39 |   Val AUC improved to 0.9984, model saved
2026-09-14 22:52:44 | Epoch   3/100 | Train Loss 19.3529 Acc 0.9558 | Val Loss 13.6672 Acc 0.9709 AUC 0.9987 Pre 0.9706 Rec 0.9707
2026-09-14 22:52:44 |   Val AUC improved to 0.9987, model saved
2026-09-14 22:52:48 | Epoch   4/100 | Train Loss 16.3725 Acc 0.9655 | Val Loss 12.1645 Acc 0.9751 AUC 0.9990 Pre 0.9748 Rec 0.9749
2026-09-14 22:52:48 |   Val AUC improved to 0.9990, model saved
2026-09-14 22:52:52 | Epoch   5/100 | Train Loss 14.5978 Acc 0.9704 | Val Loss 10.9905 Acc 0.9757 AUC 0.9990 Pre 0.9756 Rec 0.9754
2026-09-14 22:52:52 |   Val AUC improved to 0.9990, model saved
2026-09-14 22:52:57 | Epoch   6/100 | Train Loss 13.3674 Acc 0.9751 | Val Loss 10.1381 Acc 0.9786 AUC 0.9992 Pre 0.9784 Rec 0.9785
2026-09-14 22:52:57 |   Val AUC improved to 0.9992, model saved
2026-09-14 22:53:01 | Epoch   7/100 | Train Loss 12.2559 Acc 0.9784 | Val Loss 9.8773 Acc 0.9789 AUC 0.9992 Pre 0.9787 Rec 0.9787
2026-09-14 22:53:05 | Epoch   8/100 | Train Loss 11.5875 Acc 0.9795 | Val Loss 9.6489 Acc 0.9799 AUC 0.9992 Pre 0.9796 Rec 0.9798
2026-09-14 22:53:10 | Epoch   9/100 | Train Loss 10.7431 Acc 0.9822 | Val Loss 9.2465 Acc 0.9794 AUC 0.9993 Pre 0.9792 Rec 0.9792
2026-09-14 22:53:10 |   Val AUC improved to 0.9993, model saved
2026-09-14 22:53:14 | Epoch  10/100 | Train Loss 10.2954 Acc 0.9836 | Val Loss 8.9548 Acc 0.9805 AUC 0.9993 Pre 0.9804 Rec 0.9804
2026-09-14 22:53:14 |   Val AUC improved to 0.9993, model saved
2026-09-14 22:53:18 | Epoch  11/100 | Train Loss 9.8075 Acc 0.9849 | Val Loss 9.0432 Acc 0.9800 AUC 0.9992 Pre 0.9799 Rec 0.9798
2026-09-14 22:53:22 | Epoch  12/100 | Train Loss 9.1971 Acc 0.9866 | Val Loss 8.8130 Acc 0.9803 AUC 0.9993 Pre 0.9801 Rec 0.9801
2026-09-14 22:53:27 | Epoch  13/100 | Train Loss 8.7415 Acc 0.9885 | Val Loss 8.6733 Acc 0.9801 AUC 0.9993 Pre 0.9799 Rec 0.9798
2026-09-14 22:53:31 | Epoch  14/100 | Train Loss 8.4873 Acc 0.9879 | Val Loss 8.4554 Acc 0.9810 AUC 0.9991 Pre 0.9808 Rec 0.9809
2026-09-14 22:53:35 | Epoch  15/100 | Train Loss 8.1933 Acc 0.9892 | Val Loss 8.2902 Acc 0.9816 AUC 0.9991 Pre 0.9814 Rec 0.9814
2026-09-14 22:53:40 | Epoch  16/100 | Train Loss 7.7196 Acc 0.9904 | Val Loss 8.3526 Acc 0.9805 AUC 0.9992 Pre 0.9803 Rec 0.9804
2026-09-14 22:53:44 | Epoch  17/100 | Train Loss 7.3813 Acc 0.9913 | Val Loss 8.3750 Acc 0.9798 AUC 0.9989 Pre 0.9795 Rec 0.9797
2026-09-14 22:53:49 | Epoch  18/100 | Train Loss 7.3225 Acc 0.9909 | Val Loss 8.2292 Acc 0.9816 AUC 0.9992 Pre 0.9813 Rec 0.9815
2026-09-14 22:53:53 | Epoch  19/100 | Train Loss 7.1217 Acc 0.9920 | Val Loss 8.3836 Acc 0.9805 AUC 0.9990 Pre 0.9803 Rec 0.9803
2026-09-14 22:53:57 | Epoch  20/100 | Train Loss 7.0106 Acc 0.9911 | Val Loss 8.7535 Acc 0.9807 AUC 0.9990 Pre 0.9805 Rec 0.9805
2026-09-14 22:53:57 | Val AUC did not improve for 10 consecutive epochs, early stopping at Epoch 20 (best AUC 0.9993 @ Epoch 10)
2026-09-14 22:53:58 | Run 1/5 | Test (best model @ Epoch 10) | Loss 8.6377 Acc 0.9814 AUC 0.9994 Pre 0.9812 Rec 0.9812
2026-09-14 22:53:58 | ===== Run 2/5 (seed 1) =====
2026-09-14 22:54:02 | Epoch   1/100 | Train Loss 87.4868 Acc 0.7434 | Val Loss 26.1353 Acc 0.9492 AUC 0.9966 Pre 0.9490 Rec 0.9486
2026-09-14 22:54:02 |   Val AUC improved to 0.9966, model saved
2026-09-14 22:54:06 | Epoch   2/100 | Train Loss 28.2104 Acc 0.9427 | Val Loss 17.6317 Acc 0.9654 AUC 0.9984 Pre 0.9653 Rec 0.9650
2026-09-14 22:54:06 |   Val AUC improved to 0.9984, model saved
2026-09-14 22:54:11 | Epoch   3/100 | Train Loss 20.9388 Acc 0.9610 | Val Loss 14.5190 Acc 0.9718 AUC 0.9986 Pre 0.9718 Rec 0.9716
2026-09-14 22:54:11 |   Val AUC improved to 0.9986, model saved
2026-09-14 22:54:15 | Epoch   4/100 | Train Loss 17.9184 Acc 0.9692 | Val Loss 12.9374 Acc 0.9753 AUC 0.9989 Pre 0.9752 Rec 0.9752
2026-09-14 22:54:15 |   Val AUC improved to 0.9989, model saved
2026-09-14 22:54:19 | Epoch   5/100 | Train Loss 16.0106 Acc 0.9744 | Val Loss 12.1652 Acc 0.9780 AUC 0.9990 Pre 0.9779 Rec 0.9779
2026-09-14 22:54:19 |   Val AUC improved to 0.9990, model saved
2026-09-14 22:54:24 | Epoch   6/100 | Train Loss 14.4704 Acc 0.9775 | Val Loss 11.6625 Acc 0.9778 AUC 0.9989 Pre 0.9776 Rec 0.9777
2026-09-14 22:54:28 | Epoch   7/100 | Train Loss 13.3818 Acc 0.9805 | Val Loss 10.9659 Acc 0.9789 AUC 0.9990 Pre 0.9787 Rec 0.9786
2026-09-14 22:54:28 |   Val AUC improved to 0.9990, model saved
2026-09-14 22:54:32 | Epoch   8/100 | Train Loss 12.4342 Acc 0.9832 | Val Loss 10.6034 Acc 0.9806 AUC 0.9991 Pre 0.9804 Rec 0.9804
2026-09-14 22:54:32 |   Val AUC improved to 0.9991, model saved
2026-09-14 22:54:36 | Epoch   9/100 | Train Loss 11.7412 Acc 0.9845 | Val Loss 10.4322 Acc 0.9791 AUC 0.9991 Pre 0.9789 Rec 0.9789
2026-09-14 22:54:40 | Epoch  10/100 | Train Loss 11.1183 Acc 0.9862 | Val Loss 9.8121 Acc 0.9798 AUC 0.9991 Pre 0.9796 Rec 0.9796
2026-09-14 22:54:40 |   Val AUC improved to 0.9991, model saved
2026-09-14 22:54:45 | Epoch  11/100 | Train Loss 10.5274 Acc 0.9876 | Val Loss 9.5569 Acc 0.9804 AUC 0.9992 Pre 0.9802 Rec 0.9802
2026-09-14 22:54:45 |   Val AUC improved to 0.9992, model saved
2026-09-14 22:54:49 | Epoch  12/100 | Train Loss 9.9616 Acc 0.9897 | Val Loss 9.1502 Acc 0.9823 AUC 0.9991 Pre 0.9821 Rec 0.9822
2026-09-14 22:54:53 | Epoch  13/100 | Train Loss 9.6700 Acc 0.9894 | Val Loss 9.2853 Acc 0.9811 AUC 0.9991 Pre 0.9809 Rec 0.9808
2026-09-14 22:54:57 | Epoch  14/100 | Train Loss 9.2066 Acc 0.9909 | Val Loss 9.1641 Acc 0.9823 AUC 0.9992 Pre 0.9822 Rec 0.9821
2026-09-14 22:54:57 |   Val AUC improved to 0.9992, model saved
2026-09-14 22:55:01 | Epoch  15/100 | Train Loss 8.7829 Acc 0.9913 | Val Loss 9.0482 Acc 0.9821 AUC 0.9991 Pre 0.9819 Rec 0.9819
2026-09-14 22:55:06 | Epoch  16/100 | Train Loss 8.5132 Acc 0.9921 | Val Loss 9.1099 Acc 0.9806 AUC 0.9991 Pre 0.9806 Rec 0.9803
2026-09-14 22:55:10 | Epoch  17/100 | Train Loss 8.1681 Acc 0.9921 | Val Loss 9.0076 Acc 0.9811 AUC 0.9992 Pre 0.9810 Rec 0.9808
2026-09-14 22:55:10 |   Val AUC improved to 0.9992, model saved
2026-09-14 22:55:14 | Epoch  18/100 | Train Loss 7.8731 Acc 0.9934 | Val Loss 8.9529 Acc 0.9803 AUC 0.9992 Pre 0.9803 Rec 0.9800
2026-09-14 22:55:19 | Epoch  19/100 | Train Loss 7.6329 Acc 0.9939 | Val Loss 8.6098 Acc 0.9807 AUC 0.9992 Pre 0.9806 Rec 0.9804
2026-09-14 22:55:23 | Epoch  20/100 | Train Loss 7.4769 Acc 0.9943 | Val Loss 8.6333 Acc 0.9822 AUC 0.9992 Pre 0.9821 Rec 0.9820
2026-09-14 22:55:28 | Epoch  21/100 | Train Loss 7.2240 Acc 0.9945 | Val Loss 8.7331 Acc 0.9807 AUC 0.9991 Pre 0.9807 Rec 0.9805
2026-09-14 22:55:32 | Epoch  22/100 | Train Loss 7.0215 Acc 0.9949 | Val Loss 8.8626 Acc 0.9812 AUC 0.9991 Pre 0.9810 Rec 0.9810
2026-09-14 22:55:36 | Epoch  23/100 | Train Loss 6.8717 Acc 0.9946 | Val Loss 8.9124 Acc 0.9804 AUC 0.9992 Pre 0.9802 Rec 0.9801
2026-09-14 22:55:41 | Epoch  24/100 | Train Loss 6.8339 Acc 0.9951 | Val Loss 9.0223 Acc 0.9812 AUC 0.9992 Pre 0.9811 Rec 0.9809
2026-09-14 22:55:45 | Epoch  25/100 | Train Loss 6.6051 Acc 0.9954 | Val Loss 8.9170 Acc 0.9793 AUC 0.9990 Pre 0.9792 Rec 0.9790
2026-09-14 22:55:49 | Epoch  26/100 | Train Loss 6.5618 Acc 0.9954 | Val Loss 8.8848 Acc 0.9807 AUC 0.9990 Pre 0.9806 Rec 0.9804
2026-09-14 22:55:53 | Epoch  27/100 | Train Loss 6.1927 Acc 0.9965 | Val Loss 8.5736 Acc 0.9811 AUC 0.9991 Pre 0.9812 Rec 0.9808
2026-09-14 22:55:53 | Val AUC did not improve for 10 consecutive epochs, early stopping at Epoch 27 (best AUC 0.9992 @ Epoch 17)
2026-09-14 22:55:54 | Run 2/5 | Test (best model @ Epoch 17) | Loss 8.3955 Acc 0.9841 AUC 0.9995 Pre 0.9841 Rec 0.9840
2026-09-14 22:55:54 | ===== Run 3/5 (seed 2) =====
2026-09-14 22:55:58 | Epoch   1/100 | Train Loss 82.6980 Acc 0.7229 | Val Loss 24.4347 Acc 0.9469 AUC 0.9962 Pre 0.9467 Rec 0.9464
2026-09-14 22:55:58 |   Val AUC improved to 0.9962, model saved
2026-09-14 22:56:03 | Epoch   2/100 | Train Loss 25.9405 Acc 0.9390 | Val Loss 16.1357 Acc 0.9662 AUC 0.9983 Pre 0.9660 Rec 0.9660
2026-09-14 22:56:03 |   Val AUC improved to 0.9983, model saved
2026-09-14 22:56:07 | Epoch   3/100 | Train Loss 19.4943 Acc 0.9572 | Val Loss 13.5807 Acc 0.9700 AUC 0.9986 Pre 0.9699 Rec 0.9698
2026-09-14 22:56:07 |   Val AUC improved to 0.9986, model saved
2026-09-14 22:56:11 | Epoch   4/100 | Train Loss 16.5432 Acc 0.9655 | Val Loss 12.1161 Acc 0.9741 AUC 0.9989 Pre 0.9738 Rec 0.9739
2026-09-14 22:56:11 |   Val AUC improved to 0.9989, model saved
2026-09-14 22:56:15 | Epoch   5/100 | Train Loss 14.6068 Acc 0.9716 | Val Loss 11.7973 Acc 0.9766 AUC 0.9991 Pre 0.9764 Rec 0.9764
2026-09-14 22:56:15 |   Val AUC improved to 0.9991, model saved
2026-09-14 22:56:19 | Epoch   6/100 | Train Loss 13.3123 Acc 0.9755 | Val Loss 10.3291 Acc 0.9789 AUC 0.9990 Pre 0.9787 Rec 0.9788
2026-09-14 22:56:24 | Epoch   7/100 | Train Loss 12.2988 Acc 0.9785 | Val Loss 9.9337 Acc 0.9787 AUC 0.9991 Pre 0.9785 Rec 0.9786
2026-09-14 22:56:24 |   Val AUC improved to 0.9991, model saved
2026-09-14 22:56:28 | Epoch   8/100 | Train Loss 11.3903 Acc 0.9819 | Val Loss 9.5551 Acc 0.9799 AUC 0.9991 Pre 0.9798 Rec 0.9797
2026-09-14 22:56:32 | Epoch   9/100 | Train Loss 10.8176 Acc 0.9832 | Val Loss 9.5932 Acc 0.9796 AUC 0.9992 Pre 0.9794 Rec 0.9796
2026-09-14 22:56:32 |   Val AUC improved to 0.9992, model saved
2026-09-14 22:56:37 | Epoch  10/100 | Train Loss 10.1689 Acc 0.9842 | Val Loss 9.2978 Acc 0.9794 AUC 0.9991 Pre 0.9792 Rec 0.9792
2026-09-14 22:56:41 | Epoch  11/100 | Train Loss 9.6151 Acc 0.9869 | Val Loss 8.9945 Acc 0.9819 AUC 0.9992 Pre 0.9817 Rec 0.9818
2026-09-14 22:56:45 | Epoch  12/100 | Train Loss 9.2143 Acc 0.9874 | Val Loss 8.7355 Acc 0.9810 AUC 0.9992 Pre 0.9809 Rec 0.9809
2026-09-14 22:56:49 | Epoch  13/100 | Train Loss 8.8549 Acc 0.9885 | Val Loss 8.4697 Acc 0.9812 AUC 0.9992 Pre 0.9810 Rec 0.9810
2026-09-14 22:56:49 |   Val AUC improved to 0.9992, model saved
2026-09-14 22:56:54 | Epoch  14/100 | Train Loss 8.3858 Acc 0.9904 | Val Loss 8.1508 Acc 0.9809 AUC 0.9993 Pre 0.9808 Rec 0.9807
2026-09-14 22:56:54 |   Val AUC improved to 0.9993, model saved
2026-09-14 22:56:58 | Epoch  15/100 | Train Loss 8.0090 Acc 0.9904 | Val Loss 8.5149 Acc 0.9810 AUC 0.9993 Pre 0.9808 Rec 0.9808
2026-09-14 22:56:58 |   Val AUC improved to 0.9993, model saved
2026-09-14 22:57:03 | Epoch  16/100 | Train Loss 7.9495 Acc 0.9904 | Val Loss 8.0871 Acc 0.9811 AUC 0.9992 Pre 0.9809 Rec 0.9809
2026-09-14 22:57:07 | Epoch  17/100 | Train Loss 7.6595 Acc 0.9916 | Val Loss 8.0914 Acc 0.9818 AUC 0.9991 Pre 0.9817 Rec 0.9816
2026-09-14 22:57:11 | Epoch  18/100 | Train Loss 7.3535 Acc 0.9914 | Val Loss 8.0850 Acc 0.9798 AUC 0.9992 Pre 0.9796 Rec 0.9796
2026-09-14 22:57:15 | Epoch  19/100 | Train Loss 7.0113 Acc 0.9928 | Val Loss 7.8893 Acc 0.9823 AUC 0.9993 Pre 0.9822 Rec 0.9821
2026-09-14 22:57:19 | Epoch  20/100 | Train Loss 6.8805 Acc 0.9924 | Val Loss 7.8207 Acc 0.9817 AUC 0.9991 Pre 0.9815 Rec 0.9815
2026-09-14 22:57:24 | Epoch  21/100 | Train Loss 6.7397 Acc 0.9935 | Val Loss 7.7921 Acc 0.9813 AUC 0.9991 Pre 0.9812 Rec 0.9811
2026-09-14 22:57:28 | Epoch  22/100 | Train Loss 6.4810 Acc 0.9941 | Val Loss 7.7982 Acc 0.9814 AUC 0.9991 Pre 0.9813 Rec 0.9812
2026-09-14 22:57:32 | Epoch  23/100 | Train Loss 6.3249 Acc 0.9935 | Val Loss 7.8229 Acc 0.9821 AUC 0.9991 Pre 0.9821 Rec 0.9819
2026-09-14 22:57:37 | Epoch  24/100 | Train Loss 6.3267 Acc 0.9938 | Val Loss 8.0180 Acc 0.9813 AUC 0.9991 Pre 0.9812 Rec 0.9811
2026-09-14 22:57:41 | Epoch  25/100 | Train Loss 6.0794 Acc 0.9941 | Val Loss 7.4220 Acc 0.9828 AUC 0.9992 Pre 0.9827 Rec 0.9827
2026-09-14 22:57:41 | Val AUC did not improve for 10 consecutive epochs, early stopping at Epoch 25 (best AUC 0.9993 @ Epoch 15)
2026-09-14 22:57:42 | Run 3/5 | Test (best model @ Epoch 15) | Loss 8.4432 Acc 0.9833 AUC 0.9992 Pre 0.9833 Rec 0.9832
2026-09-14 22:57:42 | ===== Run 4/5 (seed 3) =====
2026-09-14 22:57:46 | Epoch   1/100 | Train Loss 91.5755 Acc 0.7313 | Val Loss 26.4867 Acc 0.9479 AUC 0.9964 Pre 0.9475 Rec 0.9474
2026-09-14 22:57:46 |   Val AUC improved to 0.9964, model saved
2026-09-14 22:57:50 | Epoch   2/100 | Train Loss 28.2365 Acc 0.9423 | Val Loss 17.6362 Acc 0.9664 AUC 0.9981 Pre 0.9662 Rec 0.9661
2026-09-14 22:57:50 |   Val AUC improved to 0.9981, model saved
2026-09-14 22:57:54 | Epoch   3/100 | Train Loss 20.8452 Acc 0.9620 | Val Loss 14.4613 Acc 0.9727 AUC 0.9987 Pre 0.9726 Rec 0.9725
2026-09-14 22:57:54 |   Val AUC improved to 0.9987, model saved
2026-09-14 22:57:58 | Epoch   4/100 | Train Loss 17.7297 Acc 0.9690 | Val Loss 12.7518 Acc 0.9744 AUC 0.9989 Pre 0.9742 Rec 0.9743
2026-09-14 22:57:58 |   Val AUC improved to 0.9989, model saved
2026-09-14 22:58:03 | Epoch   5/100 | Train Loss 15.9086 Acc 0.9737 | Val Loss 12.2028 Acc 0.9770 AUC 0.9990 Pre 0.9768 Rec 0.9768
2026-09-14 22:58:03 |   Val AUC improved to 0.9990, model saved
2026-09-14 22:58:07 | Epoch   6/100 | Train Loss 14.1395 Acc 0.9782 | Val Loss 11.3450 Acc 0.9789 AUC 0.9992 Pre 0.9788 Rec 0.9788
2026-09-14 22:58:07 |   Val AUC improved to 0.9992, model saved
2026-09-14 22:58:11 | Epoch   7/100 | Train Loss 13.1806 Acc 0.9812 | Val Loss 10.6344 Acc 0.9798 AUC 0.9991 Pre 0.9796 Rec 0.9797
2026-09-14 22:58:15 | Epoch   8/100 | Train Loss 12.4899 Acc 0.9827 | Val Loss 10.3068 Acc 0.9805 AUC 0.9991 Pre 0.9804 Rec 0.9804
2026-09-14 22:58:20 | Epoch   9/100 | Train Loss 11.6244 Acc 0.9849 | Val Loss 9.8439 Acc 0.9814 AUC 0.9992 Pre 0.9812 Rec 0.9813
2026-09-14 22:58:20 |   Val AUC improved to 0.9992, model saved
2026-09-14 22:58:24 | Epoch  10/100 | Train Loss 10.8585 Acc 0.9869 | Val Loss 9.9912 Acc 0.9799 AUC 0.9991 Pre 0.9797 Rec 0.9798
2026-09-14 22:58:28 | Epoch  11/100 | Train Loss 10.4471 Acc 0.9877 | Val Loss 9.3290 Acc 0.9822 AUC 0.9992 Pre 0.9821 Rec 0.9821
2026-09-14 22:58:32 | Epoch  12/100 | Train Loss 9.9172 Acc 0.9892 | Val Loss 9.6071 Acc 0.9806 AUC 0.9992 Pre 0.9805 Rec 0.9804
2026-09-14 22:58:37 | Epoch  13/100 | Train Loss 9.5388 Acc 0.9901 | Val Loss 9.1639 Acc 0.9812 AUC 0.9993 Pre 0.9810 Rec 0.9811
2026-09-14 22:58:37 |   Val AUC improved to 0.9993, model saved
2026-09-14 22:58:41 | Epoch  14/100 | Train Loss 9.2287 Acc 0.9906 | Val Loss 9.1489 Acc 0.9807 AUC 0.9992 Pre 0.9805 Rec 0.9805
2026-09-14 22:58:45 | Epoch  15/100 | Train Loss 8.8428 Acc 0.9915 | Val Loss 9.2958 Acc 0.9812 AUC 0.9993 Pre 0.9810 Rec 0.9810
2026-09-14 22:58:45 |   Val AUC improved to 0.9993, model saved
2026-09-14 22:58:49 | Epoch  16/100 | Train Loss 8.3856 Acc 0.9925 | Val Loss 8.6745 Acc 0.9813 AUC 0.9993 Pre 0.9812 Rec 0.9811
2026-09-14 22:58:54 | Epoch  17/100 | Train Loss 8.0256 Acc 0.9931 | Val Loss 8.9329 Acc 0.9809 AUC 0.9993 Pre 0.9808 Rec 0.9807
2026-09-14 22:58:58 | Epoch  18/100 | Train Loss 7.8907 Acc 0.9930 | Val Loss 8.7022 Acc 0.9811 AUC 0.9994 Pre 0.9809 Rec 0.9810
2026-09-14 22:58:58 |   Val AUC improved to 0.9994, model saved
2026-09-14 22:59:02 | Epoch  19/100 | Train Loss 7.5089 Acc 0.9935 | Val Loss 8.6345 Acc 0.9816 AUC 0.9993 Pre 0.9814 Rec 0.9814
2026-09-14 22:59:07 | Epoch  20/100 | Train Loss 7.4369 Acc 0.9940 | Val Loss 8.3978 Acc 0.9823 AUC 0.9993 Pre 0.9821 Rec 0.9822
2026-09-14 22:59:11 | Epoch  21/100 | Train Loss 7.2005 Acc 0.9947 | Val Loss 8.8508 Acc 0.9799 AUC 0.9993 Pre 0.9797 Rec 0.9797
2026-09-14 22:59:15 | Epoch  22/100 | Train Loss 7.0864 Acc 0.9948 | Val Loss 8.5418 Acc 0.9817 AUC 0.9992 Pre 0.9815 Rec 0.9815
2026-09-14 22:59:19 | Epoch  23/100 | Train Loss 6.8583 Acc 0.9947 | Val Loss 8.4495 Acc 0.9809 AUC 0.9992 Pre 0.9807 Rec 0.9807
2026-09-14 22:59:24 | Epoch  24/100 | Train Loss 6.5634 Acc 0.9957 | Val Loss 8.2809 Acc 0.9805 AUC 0.9993 Pre 0.9804 Rec 0.9803
2026-09-14 22:59:28 | Epoch  25/100 | Train Loss 6.5443 Acc 0.9958 | Val Loss 8.5272 Acc 0.9810 AUC 0.9992 Pre 0.9809 Rec 0.9807
2026-09-14 22:59:32 | Epoch  26/100 | Train Loss 6.4172 Acc 0.9961 | Val Loss 8.5242 Acc 0.9806 AUC 0.9992 Pre 0.9805 Rec 0.9803
2026-09-14 22:59:36 | Epoch  27/100 | Train Loss 6.3503 Acc 0.9956 | Val Loss 8.5373 Acc 0.9801 AUC 0.9992 Pre 0.9800 Rec 0.9799
2026-09-14 22:59:41 | Epoch  28/100 | Train Loss 6.2040 Acc 0.9961 | Val Loss 8.3944 Acc 0.9812 AUC 0.9991 Pre 0.9810 Rec 0.9810
2026-09-14 22:59:41 | Val AUC did not improve for 10 consecutive epochs, early stopping at Epoch 28 (best AUC 0.9994 @ Epoch 18)
2026-09-14 22:59:41 | Run 4/5 | Test (best model @ Epoch 18) | Loss 8.5835 Acc 0.9812 AUC 0.9992 Pre 0.9811 Rec 0.9811
2026-09-14 22:59:41 | ===== Run 5/5 (seed 4) =====
2026-09-14 22:59:45 | Epoch   1/100 | Train Loss 84.0812 Acc 0.7193 | Val Loss 24.4126 Acc 0.9464 AUC 0.9965 Pre 0.9466 Rec 0.9457
2026-09-14 22:59:45 |   Val AUC improved to 0.9965, model saved
2026-09-14 22:59:50 | Epoch   2/100 | Train Loss 26.7832 Acc 0.9367 | Val Loss 16.7467 Acc 0.9643 AUC 0.9983 Pre 0.9645 Rec 0.9639
2026-09-14 22:59:50 |   Val AUC improved to 0.9983, model saved
2026-09-14 22:59:54 | Epoch   3/100 | Train Loss 20.1791 Acc 0.9569 | Val Loss 15.1563 Acc 0.9683 AUC 0.9986 Pre 0.9685 Rec 0.9680
2026-09-14 22:59:54 |   Val AUC improved to 0.9986, model saved
2026-09-14 22:59:58 | Epoch   4/100 | Train Loss 17.0189 Acc 0.9655 | Val Loss 12.2135 Acc 0.9748 AUC 0.9989 Pre 0.9747 Rec 0.9746
2026-09-14 22:59:58 |   Val AUC improved to 0.9989, model saved
2026-09-14 23:00:02 | Epoch   5/100 | Train Loss 15.1864 Acc 0.9710 | Val Loss 11.3869 Acc 0.9765 AUC 0.9989 Pre 0.9764 Rec 0.9763
2026-09-14 23:00:02 |   Val AUC improved to 0.9989, model saved
2026-09-14 23:00:06 | Epoch   6/100 | Train Loss 13.6084 Acc 0.9748 | Val Loss 11.1447 Acc 0.9759 AUC 0.9990 Pre 0.9757 Rec 0.9757
2026-09-14 23:00:06 |   Val AUC improved to 0.9990, model saved
2026-09-14 23:00:11 | Epoch   7/100 | Train Loss 12.5431 Acc 0.9778 | Val Loss 10.7046 Acc 0.9796 AUC 0.9991 Pre 0.9797 Rec 0.9793
2026-09-14 23:00:11 |   Val AUC improved to 0.9991, model saved
2026-09-14 23:00:15 | Epoch   8/100 | Train Loss 11.8292 Acc 0.9799 | Val Loss 10.1249 Acc 0.9792 AUC 0.9990 Pre 0.9791 Rec 0.9791
2026-09-14 23:00:19 | Epoch   9/100 | Train Loss 11.1047 Acc 0.9826 | Val Loss 9.6210 Acc 0.9801 AUC 0.9991 Pre 0.9800 Rec 0.9799
2026-09-14 23:00:19 |   Val AUC improved to 0.9991, model saved
2026-09-14 23:00:23 | Epoch  10/100 | Train Loss 10.3175 Acc 0.9846 | Val Loss 9.2265 Acc 0.9798 AUC 0.9991 Pre 0.9798 Rec 0.9796
2026-09-14 23:00:28 | Epoch  11/100 | Train Loss 9.6858 Acc 0.9866 | Val Loss 9.2933 Acc 0.9795 AUC 0.9991 Pre 0.9796 Rec 0.9792
2026-09-14 23:00:28 |   Val AUC improved to 0.9991, model saved
2026-09-14 23:00:32 | Epoch  12/100 | Train Loss 9.3798 Acc 0.9859 | Val Loss 9.0189 Acc 0.9803 AUC 0.9991 Pre 0.9803 Rec 0.9801
2026-09-14 23:00:36 | Epoch  13/100 | Train Loss 8.9338 Acc 0.9879 | Val Loss 8.9969 Acc 0.9803 AUC 0.9991 Pre 0.9803 Rec 0.9801
2026-09-14 23:00:41 | Epoch  14/100 | Train Loss 8.5883 Acc 0.9886 | Val Loss 8.5265 Acc 0.9815 AUC 0.9992 Pre 0.9815 Rec 0.9813
2026-09-14 23:00:41 |   Val AUC improved to 0.9992, model saved
2026-09-14 23:00:45 | Epoch  15/100 | Train Loss 8.1320 Acc 0.9901 | Val Loss 8.4785 Acc 0.9812 AUC 0.9991 Pre 0.9813 Rec 0.9809
2026-09-14 23:00:49 | Epoch  16/100 | Train Loss 7.8755 Acc 0.9915 | Val Loss 8.7919 Acc 0.9803 AUC 0.9992 Pre 0.9804 Rec 0.9800
2026-09-14 23:00:49 |   Val AUC improved to 0.9992, model saved
2026-09-14 23:00:53 | Epoch  17/100 | Train Loss 7.6302 Acc 0.9914 | Val Loss 8.2416 Acc 0.9812 AUC 0.9991 Pre 0.9814 Rec 0.9809
2026-09-14 23:00:58 | Epoch  18/100 | Train Loss 7.5179 Acc 0.9907 | Val Loss 8.2387 Acc 0.9817 AUC 0.9990 Pre 0.9818 Rec 0.9814
2026-09-14 23:01:02 | Epoch  19/100 | Train Loss 7.2350 Acc 0.9914 | Val Loss 8.4759 Acc 0.9798 AUC 0.9992 Pre 0.9799 Rec 0.9795
2026-09-14 23:01:02 |   Val AUC improved to 0.9992, model saved
2026-09-14 23:01:06 | Epoch  20/100 | Train Loss 7.0988 Acc 0.9919 | Val Loss 8.6478 Acc 0.9790 AUC 0.9991 Pre 0.9792 Rec 0.9786
2026-09-14 23:01:10 | Epoch  21/100 | Train Loss 6.6979 Acc 0.9931 | Val Loss 8.1444 Acc 0.9817 AUC 0.9990 Pre 0.9818 Rec 0.9815
2026-09-14 23:01:14 | Epoch  22/100 | Train Loss 6.6605 Acc 0.9926 | Val Loss 8.2601 Acc 0.9811 AUC 0.9991 Pre 0.9811 Rec 0.9809
2026-09-14 23:01:19 | Epoch  23/100 | Train Loss 6.4882 Acc 0.9932 | Val Loss 8.0962 Acc 0.9807 AUC 0.9991 Pre 0.9808 Rec 0.9804
2026-09-14 23:01:23 | Epoch  24/100 | Train Loss 6.3417 Acc 0.9936 | Val Loss 8.0625 Acc 0.9805 AUC 0.9990 Pre 0.9804 Rec 0.9803
2026-09-14 23:01:28 | Epoch  25/100 | Train Loss 6.1604 Acc 0.9940 | Val Loss 8.2021 Acc 0.9797 AUC 0.9990 Pre 0.9797 Rec 0.9795
2026-09-14 23:01:32 | Epoch  26/100 | Train Loss 6.0173 Acc 0.9940 | Val Loss 8.0536 Acc 0.9806 AUC 0.9990 Pre 0.9806 Rec 0.9804
2026-09-14 23:01:37 | Epoch  27/100 | Train Loss 5.9385 Acc 0.9942 | Val Loss 8.1599 Acc 0.9803 AUC 0.9989 Pre 0.9803 Rec 0.9801
2026-09-14 23:01:41 | Epoch  28/100 | Train Loss 5.8926 Acc 0.9942 | Val Loss 8.2222 Acc 0.9814 AUC 0.9989 Pre 0.9814 Rec 0.9812
2026-09-14 23:01:46 | Epoch  29/100 | Train Loss 5.7253 Acc 0.9946 | Val Loss 8.1080 Acc 0.9803 AUC 0.9989 Pre 0.9805 Rec 0.9800
2026-09-14 23:01:46 | Val AUC did not improve for 10 consecutive epochs, early stopping at Epoch 29 (best AUC 0.9992 @ Epoch 19)
2026-09-14 23:01:47 | Run 5/5 | Test (best model @ Epoch 19) | Loss 8.4335 Acc 0.9828 AUC 0.9993 Pre 0.9829 Rec 0.9826
2026-09-14 23:01:47 | Average over 5 runs | Test Loss 8.4987±0.1055 Acc 0.9826±0.0012 AUC 0.9993±0.0001 Pre 0.9825±0.0013 Rec 0.9824±0.0013
