2026-08-30 02:56:04 | Device: cuda
2026-08-30 02:56:04 | Args: {'model': 'fgib', 'backbone': 'cnn', 'task': 'mnist', 'epochs': 100, 'batch_size': 512, 'lr': 0.001, 'hidden_dims': [512, 256], 'dropout': 0.2, 'z_dim': 256, 'anchor_scale': 4.0, 'max_len': 250, 'random_labels': False, 'beta': 0.0001, 'patience': 10, 'runs': 5, 'seed': 0, 'data_dir': './data', 'save_path': 'output/mnist_cnn_fgib/mnist_cnn_fgib.pt', 'log_path': '/root/autodl-tmp/FGIB/tune_results_ablation/hdirect_a48/mnist_cnn_fgib_beta_0.0001_anchor_4/train.log', 'no_save': True, 'freeze_a': False, 'a_identity': True, 'cosine_classifier': False, 'log_variance_stats': False, 'subject_disjoint': False}
2026-08-30 02:56:04 | ===== Run 1/5 (seed 0) =====
2026-08-30 02:56:10 | Epoch   1/100 | Train Loss 0.3790 Acc 0.9017 | Val Loss 0.1226 Acc 0.9746 AUC 0.9994 Pre 0.9746 Rec 0.9746
2026-08-30 02:56:10 |   Val AUC improved to 0.9994, model saved
2026-08-30 02:56:14 | Epoch   2/100 | Train Loss 0.1066 Acc 0.9789 | Val Loss 0.0820 Acc 0.9827 AUC 0.9997 Pre 0.9824 Rec 0.9827
2026-08-30 02:56:14 |   Val AUC improved to 0.9997, model saved
2026-08-30 02:56:18 | Epoch   3/100 | Train Loss 0.0770 Acc 0.9861 | Val Loss 0.0662 Acc 0.9870 AUC 0.9998 Pre 0.9869 Rec 0.9868
2026-08-30 02:56:18 |   Val AUC improved to 0.9998, model saved
2026-08-30 02:56:21 | Epoch   4/100 | Train Loss 0.0609 Acc 0.9895 | Val Loss 0.0581 Acc 0.9882 AUC 0.9998 Pre 0.9883 Rec 0.9881
2026-08-30 02:56:21 |   Val AUC improved to 0.9998, model saved
2026-08-30 02:56:25 | Epoch   5/100 | Train Loss 0.0497 Acc 0.9924 | Val Loss 0.0544 Acc 0.9881 AUC 0.9999 Pre 0.9879 Rec 0.9881
2026-08-30 02:56:25 |   Val AUC improved to 0.9999, model saved
2026-08-30 02:56:29 | Epoch   6/100 | Train Loss 0.0417 Acc 0.9943 | Val Loss 0.0478 Acc 0.9893 AUC 0.9999 Pre 0.9891 Rec 0.9892
2026-08-30 02:56:29 |   Val AUC improved to 0.9999, model saved
2026-08-30 02:56:33 | Epoch   7/100 | Train Loss 0.0357 Acc 0.9955 | Val Loss 0.0462 Acc 0.9895 AUC 0.9999 Pre 0.9894 Rec 0.9894
2026-08-30 02:56:33 |   Val AUC improved to 0.9999, model saved
2026-08-30 02:56:36 | Epoch   8/100 | Train Loss 0.0319 Acc 0.9962 | Val Loss 0.0456 Acc 0.9896 AUC 0.9999 Pre 0.9896 Rec 0.9895
2026-08-30 02:56:36 |   Val AUC improved to 0.9999, model saved
2026-08-30 02:56:40 | Epoch   9/100 | Train Loss 0.0278 Acc 0.9970 | Val Loss 0.0402 Acc 0.9908 AUC 0.9999 Pre 0.9908 Rec 0.9907
2026-08-30 02:56:40 |   Val AUC improved to 0.9999, model saved
2026-08-30 02:56:44 | Epoch  10/100 | Train Loss 0.0236 Acc 0.9983 | Val Loss 0.0388 Acc 0.9908 AUC 0.9999 Pre 0.9908 Rec 0.9908
2026-08-30 02:56:48 | Epoch  11/100 | Train Loss 0.0210 Acc 0.9986 | Val Loss 0.0380 Acc 0.9912 AUC 0.9999 Pre 0.9912 Rec 0.9912
2026-08-30 02:56:51 | Epoch  12/100 | Train Loss 0.0193 Acc 0.9987 | Val Loss 0.0370 Acc 0.9917 AUC 0.9999 Pre 0.9917 Rec 0.9916
2026-08-30 02:56:55 | Epoch  13/100 | Train Loss 0.0165 Acc 0.9994 | Val Loss 0.0350 Acc 0.9919 AUC 0.9999 Pre 0.9919 Rec 0.9919
2026-08-30 02:56:55 |   Val AUC improved to 0.9999, model saved
2026-08-30 02:56:59 | Epoch  14/100 | Train Loss 0.0147 Acc 0.9996 | Val Loss 0.0370 Acc 0.9909 AUC 0.9999 Pre 0.9908 Rec 0.9909
2026-08-30 02:57:03 | Epoch  15/100 | Train Loss 0.0144 Acc 0.9995 | Val Loss 0.0352 Acc 0.9907 AUC 0.9999 Pre 0.9907 Rec 0.9907
2026-08-30 02:57:07 | Epoch  16/100 | Train Loss 0.0129 Acc 0.9997 | Val Loss 0.0346 Acc 0.9910 AUC 0.9999 Pre 0.9910 Rec 0.9909
2026-08-30 02:57:10 | Epoch  17/100 | Train Loss 0.0118 Acc 0.9998 | Val Loss 0.0325 Acc 0.9903 AUC 0.9999 Pre 0.9902 Rec 0.9903
2026-08-30 02:57:10 |   Val AUC improved to 0.9999, model saved
2026-08-30 02:57:14 | Epoch  18/100 | Train Loss 0.0112 Acc 0.9997 | Val Loss 0.0344 Acc 0.9916 AUC 0.9999 Pre 0.9916 Rec 0.9916
2026-08-30 02:57:18 | Epoch  19/100 | Train Loss 0.0106 Acc 0.9998 | Val Loss 0.0309 Acc 0.9922 AUC 0.9999 Pre 0.9922 Rec 0.9922
2026-08-30 02:57:22 | Epoch  20/100 | Train Loss 0.0099 Acc 0.9999 | Val Loss 0.0316 Acc 0.9918 AUC 0.9999 Pre 0.9918 Rec 0.9918
2026-08-30 02:57:26 | Epoch  21/100 | Train Loss 0.0090 Acc 1.0000 | Val Loss 0.0324 Acc 0.9922 AUC 0.9999 Pre 0.9922 Rec 0.9921
2026-08-30 02:57:30 | Epoch  22/100 | Train Loss 0.0084 Acc 1.0000 | Val Loss 0.0329 Acc 0.9911 AUC 0.9999 Pre 0.9911 Rec 0.9911
2026-08-30 02:57:33 | Epoch  23/100 | Train Loss 0.0079 Acc 1.0000 | Val Loss 0.0299 Acc 0.9924 AUC 0.9999 Pre 0.9924 Rec 0.9924
2026-08-30 02:57:37 | Epoch  24/100 | Train Loss 0.0075 Acc 1.0000 | Val Loss 0.0296 Acc 0.9922 AUC 0.9999 Pre 0.9923 Rec 0.9921
2026-08-30 02:57:41 | Epoch  25/100 | Train Loss 0.0071 Acc 1.0000 | Val Loss 0.0296 Acc 0.9923 AUC 0.9999 Pre 0.9924 Rec 0.9923
2026-08-30 02:57:45 | Epoch  26/100 | Train Loss 0.0069 Acc 1.0000 | Val Loss 0.0305 Acc 0.9920 AUC 0.9999 Pre 0.9920 Rec 0.9920
2026-08-30 02:57:48 | Epoch  27/100 | Train Loss 0.0069 Acc 0.9999 | Val Loss 0.0298 Acc 0.9922 AUC 0.9999 Pre 0.9922 Rec 0.9922
2026-08-30 02:57:48 | Val AUC did not improve for 10 consecutive epochs, early stopping at Epoch 27 (best AUC 0.9999 @ Epoch 17)
2026-08-30 02:57:49 | Run 1/5 | Test (best model @ Epoch 17) | Loss 0.0278 Acc 0.9925 AUC 1.0000 Pre 0.9924 Rec 0.9924
2026-08-30 02:57:49 | ===== Run 2/5 (seed 1) =====
2026-08-30 02:57:53 | Epoch   1/100 | Train Loss 0.3750 Acc 0.9033 | Val Loss 0.1187 Acc 0.9737 AUC 0.9994 Pre 0.9738 Rec 0.9736
2026-08-30 02:57:53 |   Val AUC improved to 0.9994, model saved
2026-08-30 02:57:56 | Epoch   2/100 | Train Loss 0.1030 Acc 0.9801 | Val Loss 0.0800 Acc 0.9850 AUC 0.9998 Pre 0.9849 Rec 0.9849
2026-08-30 02:57:56 |   Val AUC improved to 0.9998, model saved
2026-08-30 02:58:00 | Epoch   3/100 | Train Loss 0.0732 Acc 0.9873 | Val Loss 0.0647 Acc 0.9861 AUC 0.9999 Pre 0.9860 Rec 0.9860
2026-08-30 02:58:00 |   Val AUC improved to 0.9999, model saved
2026-08-30 02:58:04 | Epoch   4/100 | Train Loss 0.0570 Acc 0.9906 | Val Loss 0.0545 Acc 0.9886 AUC 0.9999 Pre 0.9885 Rec 0.9886
2026-08-30 02:58:04 |   Val AUC improved to 0.9999, model saved
2026-08-30 02:58:08 | Epoch   5/100 | Train Loss 0.0471 Acc 0.9928 | Val Loss 0.0544 Acc 0.9880 AUC 0.9999 Pre 0.9881 Rec 0.9878
2026-08-30 02:58:08 |   Val AUC improved to 0.9999, model saved
2026-08-30 02:58:11 | Epoch   6/100 | Train Loss 0.0399 Acc 0.9947 | Val Loss 0.0468 Acc 0.9895 AUC 0.9999 Pre 0.9895 Rec 0.9893
2026-08-30 02:58:11 |   Val AUC improved to 0.9999, model saved
2026-08-30 02:58:15 | Epoch   7/100 | Train Loss 0.0340 Acc 0.9959 | Val Loss 0.0431 Acc 0.9901 AUC 0.9999 Pre 0.9901 Rec 0.9900
2026-08-30 02:58:15 |   Val AUC improved to 0.9999, model saved
2026-08-30 02:58:19 | Epoch   8/100 | Train Loss 0.0290 Acc 0.9970 | Val Loss 0.0412 Acc 0.9908 AUC 0.9999 Pre 0.9908 Rec 0.9908
2026-08-30 02:58:19 |   Val AUC improved to 0.9999, model saved
2026-08-30 02:58:23 | Epoch   9/100 | Train Loss 0.0256 Acc 0.9980 | Val Loss 0.0397 Acc 0.9908 AUC 0.9999 Pre 0.9909 Rec 0.9907
2026-08-30 02:58:23 |   Val AUC improved to 0.9999, model saved
2026-08-30 02:58:26 | Epoch  10/100 | Train Loss 0.0220 Acc 0.9986 | Val Loss 0.0379 Acc 0.9912 AUC 0.9999 Pre 0.9913 Rec 0.9911
2026-08-30 02:58:30 | Epoch  11/100 | Train Loss 0.0203 Acc 0.9988 | Val Loss 0.0369 Acc 0.9914 AUC 0.9999 Pre 0.9914 Rec 0.9913
2026-08-30 02:58:34 | Epoch  12/100 | Train Loss 0.0176 Acc 0.9992 | Val Loss 0.0346 Acc 0.9917 AUC 0.9999 Pre 0.9917 Rec 0.9917
2026-08-30 02:58:34 |   Val AUC improved to 0.9999, model saved
2026-08-30 02:58:37 | Epoch  13/100 | Train Loss 0.0160 Acc 0.9995 | Val Loss 0.0352 Acc 0.9918 AUC 0.9999 Pre 0.9919 Rec 0.9917
2026-08-30 02:58:41 | Epoch  14/100 | Train Loss 0.0145 Acc 0.9997 | Val Loss 0.0363 Acc 0.9914 AUC 0.9999 Pre 0.9914 Rec 0.9914
2026-08-30 02:58:45 | Epoch  15/100 | Train Loss 0.0134 Acc 0.9997 | Val Loss 0.0330 Acc 0.9912 AUC 0.9999 Pre 0.9912 Rec 0.9911
2026-08-30 02:58:48 | Epoch  16/100 | Train Loss 0.0124 Acc 0.9998 | Val Loss 0.0330 Acc 0.9919 AUC 0.9999 Pre 0.9919 Rec 0.9918
2026-08-30 02:58:52 | Epoch  17/100 | Train Loss 0.0114 Acc 0.9998 | Val Loss 0.0325 Acc 0.9919 AUC 0.9999 Pre 0.9919 Rec 0.9918
2026-08-30 02:58:56 | Epoch  18/100 | Train Loss 0.0107 Acc 0.9999 | Val Loss 0.0317 Acc 0.9919 AUC 0.9999 Pre 0.9918 Rec 0.9919
2026-08-30 02:58:59 | Epoch  19/100 | Train Loss 0.0099 Acc 1.0000 | Val Loss 0.0317 Acc 0.9917 AUC 0.9999 Pre 0.9917 Rec 0.9916
2026-08-30 02:59:03 | Epoch  20/100 | Train Loss 0.0093 Acc 1.0000 | Val Loss 0.0306 Acc 0.9924 AUC 0.9999 Pre 0.9924 Rec 0.9923
2026-08-30 02:59:07 | Epoch  21/100 | Train Loss 0.0089 Acc 1.0000 | Val Loss 0.0318 Acc 0.9921 AUC 0.9999 Pre 0.9921 Rec 0.9921
2026-08-30 02:59:11 | Epoch  22/100 | Train Loss 0.0085 Acc 1.0000 | Val Loss 0.0313 Acc 0.9925 AUC 0.9999 Pre 0.9926 Rec 0.9924
2026-08-30 02:59:11 | Val AUC did not improve for 10 consecutive epochs, early stopping at Epoch 22 (best AUC 0.9999 @ Epoch 12)
2026-08-30 02:59:11 | Run 2/5 | Test (best model @ Epoch 12) | Loss 0.0304 Acc 0.9932 AUC 1.0000 Pre 0.9932 Rec 0.9931
2026-08-30 02:59:11 | ===== Run 3/5 (seed 2) =====
2026-08-30 02:59:15 | Epoch   1/100 | Train Loss 0.4101 Acc 0.8924 | Val Loss 0.1273 Acc 0.9740 AUC 0.9993 Pre 0.9737 Rec 0.9741
2026-08-30 02:59:15 |   Val AUC improved to 0.9993, model saved
2026-08-30 02:59:19 | Epoch   2/100 | Train Loss 0.1085 Acc 0.9797 | Val Loss 0.0803 Acc 0.9843 AUC 0.9997 Pre 0.9843 Rec 0.9841
2026-08-30 02:59:19 |   Val AUC improved to 0.9997, model saved
2026-08-30 02:59:23 | Epoch   3/100 | Train Loss 0.0785 Acc 0.9857 | Val Loss 0.0673 Acc 0.9866 AUC 0.9998 Pre 0.9866 Rec 0.9865
2026-08-30 02:59:23 |   Val AUC improved to 0.9998, model saved
2026-08-30 02:59:27 | Epoch   4/100 | Train Loss 0.0615 Acc 0.9898 | Val Loss 0.0565 Acc 0.9896 AUC 0.9998 Pre 0.9896 Rec 0.9895
2026-08-30 02:59:27 |   Val AUC improved to 0.9998, model saved
2026-08-30 02:59:31 | Epoch   5/100 | Train Loss 0.0510 Acc 0.9922 | Val Loss 0.0518 Acc 0.9887 AUC 0.9999 Pre 0.9887 Rec 0.9886
2026-08-30 02:59:31 |   Val AUC improved to 0.9999, model saved
2026-08-30 02:59:34 | Epoch   6/100 | Train Loss 0.0438 Acc 0.9937 | Val Loss 0.0499 Acc 0.9897 AUC 0.9999 Pre 0.9897 Rec 0.9896
2026-08-30 02:59:38 | Epoch   7/100 | Train Loss 0.0365 Acc 0.9953 | Val Loss 0.0459 Acc 0.9913 AUC 0.9999 Pre 0.9913 Rec 0.9912
2026-08-30 02:59:38 |   Val AUC improved to 0.9999, model saved
2026-08-30 02:59:42 | Epoch   8/100 | Train Loss 0.0332 Acc 0.9960 | Val Loss 0.0434 Acc 0.9908 AUC 0.9999 Pre 0.9908 Rec 0.9907
2026-08-30 02:59:42 |   Val AUC improved to 0.9999, model saved
2026-08-30 02:59:46 | Epoch   9/100 | Train Loss 0.0281 Acc 0.9972 | Val Loss 0.0412 Acc 0.9917 AUC 0.9999 Pre 0.9917 Rec 0.9917
2026-08-30 02:59:50 | Epoch  10/100 | Train Loss 0.0250 Acc 0.9978 | Val Loss 0.0408 Acc 0.9907 AUC 0.9999 Pre 0.9906 Rec 0.9906
2026-08-30 02:59:50 |   Val AUC improved to 0.9999, model saved
2026-08-30 02:59:54 | Epoch  11/100 | Train Loss 0.0219 Acc 0.9984 | Val Loss 0.0377 Acc 0.9916 AUC 0.9999 Pre 0.9916 Rec 0.9915
2026-08-30 02:59:54 |   Val AUC improved to 0.9999, model saved
2026-08-30 02:59:57 | Epoch  12/100 | Train Loss 0.0196 Acc 0.9988 | Val Loss 0.0401 Acc 0.9900 AUC 0.9999 Pre 0.9900 Rec 0.9899
2026-08-30 03:00:01 | Epoch  13/100 | Train Loss 0.0178 Acc 0.9991 | Val Loss 0.0344 Acc 0.9919 AUC 0.9999 Pre 0.9919 Rec 0.9919
2026-08-30 03:00:01 |   Val AUC improved to 0.9999, model saved
2026-08-30 03:00:05 | Epoch  14/100 | Train Loss 0.0158 Acc 0.9995 | Val Loss 0.0345 Acc 0.9912 AUC 0.9999 Pre 0.9912 Rec 0.9912
2026-08-30 03:00:05 |   Val AUC improved to 0.9999, model saved
2026-08-30 03:00:09 | Epoch  15/100 | Train Loss 0.0149 Acc 0.9995 | Val Loss 0.0333 Acc 0.9922 AUC 0.9999 Pre 0.9922 Rec 0.9921
2026-08-30 03:00:12 | Epoch  16/100 | Train Loss 0.0135 Acc 0.9997 | Val Loss 0.0319 Acc 0.9927 AUC 0.9999 Pre 0.9927 Rec 0.9926
2026-08-30 03:00:16 | Epoch  17/100 | Train Loss 0.0127 Acc 0.9996 | Val Loss 0.0329 Acc 0.9925 AUC 0.9999 Pre 0.9925 Rec 0.9925
2026-08-30 03:00:20 | Epoch  18/100 | Train Loss 0.0117 Acc 0.9999 | Val Loss 0.0317 Acc 0.9922 AUC 0.9999 Pre 0.9922 Rec 0.9922
2026-08-30 03:00:24 | Epoch  19/100 | Train Loss 0.0104 Acc 0.9999 | Val Loss 0.0306 Acc 0.9926 AUC 0.9999 Pre 0.9927 Rec 0.9925
2026-08-30 03:00:28 | Epoch  20/100 | Train Loss 0.0102 Acc 0.9999 | Val Loss 0.0351 Acc 0.9919 AUC 0.9999 Pre 0.9919 Rec 0.9918
2026-08-30 03:00:31 | Epoch  21/100 | Train Loss 0.0100 Acc 0.9999 | Val Loss 0.0320 Acc 0.9920 AUC 0.9999 Pre 0.9920 Rec 0.9919
2026-08-30 03:00:35 | Epoch  22/100 | Train Loss 0.0090 Acc 1.0000 | Val Loss 0.0307 Acc 0.9924 AUC 0.9999 Pre 0.9924 Rec 0.9924
2026-08-30 03:00:39 | Epoch  23/100 | Train Loss 0.0088 Acc 0.9999 | Val Loss 0.0301 Acc 0.9923 AUC 0.9999 Pre 0.9923 Rec 0.9922
2026-08-30 03:00:43 | Epoch  24/100 | Train Loss 0.0082 Acc 1.0000 | Val Loss 0.0290 Acc 0.9931 AUC 0.9999 Pre 0.9931 Rec 0.9931
2026-08-30 03:00:43 | Val AUC did not improve for 10 consecutive epochs, early stopping at Epoch 24 (best AUC 0.9999 @ Epoch 14)
2026-08-30 03:00:43 | Run 3/5 | Test (best model @ Epoch 14) | Loss 0.0297 Acc 0.9919 AUC 1.0000 Pre 0.9918 Rec 0.9918
2026-08-30 03:00:43 | ===== Run 4/5 (seed 3) =====
2026-08-30 03:00:47 | Epoch   1/100 | Train Loss 0.3852 Acc 0.8983 | Val Loss 0.1264 Acc 0.9726 AUC 0.9994 Pre 0.9729 Rec 0.9723
2026-08-30 03:00:47 |   Val AUC improved to 0.9994, model saved
2026-08-30 03:00:51 | Epoch   2/100 | Train Loss 0.1083 Acc 0.9787 | Val Loss 0.0814 Acc 0.9835 AUC 0.9998 Pre 0.9836 Rec 0.9832
2026-08-30 03:00:51 |   Val AUC improved to 0.9998, model saved
2026-08-30 03:00:54 | Epoch   3/100 | Train Loss 0.0764 Acc 0.9864 | Val Loss 0.0673 Acc 0.9872 AUC 0.9998 Pre 0.9871 Rec 0.9871
2026-08-30 03:00:54 |   Val AUC improved to 0.9998, model saved
2026-08-30 03:00:58 | Epoch   4/100 | Train Loss 0.0609 Acc 0.9897 | Val Loss 0.0561 Acc 0.9883 AUC 0.9999 Pre 0.9883 Rec 0.9882
2026-08-30 03:00:58 |   Val AUC improved to 0.9999, model saved
2026-08-30 03:01:02 | Epoch   5/100 | Train Loss 0.0485 Acc 0.9929 | Val Loss 0.0506 Acc 0.9900 AUC 0.9999 Pre 0.9901 Rec 0.9899
2026-08-30 03:01:05 | Epoch   6/100 | Train Loss 0.0426 Acc 0.9939 | Val Loss 0.0479 Acc 0.9896 AUC 0.9999 Pre 0.9896 Rec 0.9895
2026-08-30 03:01:05 |   Val AUC improved to 0.9999, model saved
2026-08-30 03:01:09 | Epoch   7/100 | Train Loss 0.0361 Acc 0.9954 | Val Loss 0.0450 Acc 0.9914 AUC 0.9999 Pre 0.9914 Rec 0.9914
2026-08-30 03:01:09 |   Val AUC improved to 0.9999, model saved
2026-08-30 03:01:13 | Epoch   8/100 | Train Loss 0.0327 Acc 0.9960 | Val Loss 0.0431 Acc 0.9907 AUC 0.9999 Pre 0.9907 Rec 0.9906
2026-08-30 03:01:13 |   Val AUC improved to 0.9999, model saved
2026-08-30 03:01:16 | Epoch   9/100 | Train Loss 0.0270 Acc 0.9974 | Val Loss 0.0383 Acc 0.9919 AUC 0.9999 Pre 0.9919 Rec 0.9918
2026-08-30 03:01:16 |   Val AUC improved to 0.9999, model saved
2026-08-30 03:01:20 | Epoch  10/100 | Train Loss 0.0247 Acc 0.9977 | Val Loss 0.0378 Acc 0.9916 AUC 0.9999 Pre 0.9916 Rec 0.9915
2026-08-30 03:01:20 |   Val AUC improved to 0.9999, model saved
2026-08-30 03:01:24 | Epoch  11/100 | Train Loss 0.0220 Acc 0.9981 | Val Loss 0.0377 Acc 0.9914 AUC 0.9999 Pre 0.9913 Rec 0.9913
2026-08-30 03:01:28 | Epoch  12/100 | Train Loss 0.0189 Acc 0.9990 | Val Loss 0.0346 Acc 0.9920 AUC 0.9999 Pre 0.9919 Rec 0.9919
2026-08-30 03:01:28 |   Val AUC improved to 0.9999, model saved
2026-08-30 03:01:31 | Epoch  13/100 | Train Loss 0.0173 Acc 0.9992 | Val Loss 0.0355 Acc 0.9922 AUC 0.9999 Pre 0.9922 Rec 0.9921
2026-08-30 03:01:35 | Epoch  14/100 | Train Loss 0.0156 Acc 0.9995 | Val Loss 0.0348 Acc 0.9923 AUC 0.9999 Pre 0.9922 Rec 0.9922
2026-08-30 03:01:39 | Epoch  15/100 | Train Loss 0.0145 Acc 0.9994 | Val Loss 0.0373 Acc 0.9910 AUC 0.9999 Pre 0.9911 Rec 0.9909
2026-08-30 03:01:43 | Epoch  16/100 | Train Loss 0.0132 Acc 0.9998 | Val Loss 0.0352 Acc 0.9914 AUC 0.9999 Pre 0.9914 Rec 0.9913
2026-08-30 03:01:46 | Epoch  17/100 | Train Loss 0.0123 Acc 0.9998 | Val Loss 0.0341 Acc 0.9925 AUC 0.9999 Pre 0.9925 Rec 0.9925
2026-08-30 03:01:50 | Epoch  18/100 | Train Loss 0.0110 Acc 0.9998 | Val Loss 0.0326 Acc 0.9928 AUC 0.9999 Pre 0.9928 Rec 0.9927
2026-08-30 03:01:54 | Epoch  19/100 | Train Loss 0.0107 Acc 0.9999 | Val Loss 0.0327 Acc 0.9923 AUC 0.9999 Pre 0.9923 Rec 0.9923
2026-08-30 03:01:57 | Epoch  20/100 | Train Loss 0.0100 Acc 0.9999 | Val Loss 0.0321 Acc 0.9928 AUC 0.9999 Pre 0.9928 Rec 0.9927
2026-08-30 03:02:01 | Epoch  21/100 | Train Loss 0.0093 Acc 0.9999 | Val Loss 0.0332 Acc 0.9915 AUC 0.9999 Pre 0.9915 Rec 0.9914
2026-08-30 03:02:05 | Epoch  22/100 | Train Loss 0.0091 Acc 1.0000 | Val Loss 0.0313 Acc 0.9926 AUC 0.9999 Pre 0.9926 Rec 0.9925
2026-08-30 03:02:05 | Val AUC did not improve for 10 consecutive epochs, early stopping at Epoch 22 (best AUC 0.9999 @ Epoch 12)
2026-08-30 03:02:05 | Run 4/5 | Test (best model @ Epoch 12) | Loss 0.0284 Acc 0.9934 AUC 1.0000 Pre 0.9933 Rec 0.9934
2026-08-30 03:02:05 | ===== Run 5/5 (seed 4) =====
2026-08-30 03:02:09 | Epoch   1/100 | Train Loss 0.3602 Acc 0.9075 | Val Loss 0.1205 Acc 0.9728 AUC 0.9994 Pre 0.9726 Rec 0.9727
2026-08-30 03:02:09 |   Val AUC improved to 0.9994, model saved
2026-08-30 03:02:13 | Epoch   2/100 | Train Loss 0.1026 Acc 0.9801 | Val Loss 0.0786 Acc 0.9843 AUC 0.9998 Pre 0.9843 Rec 0.9841
2026-08-30 03:02:13 |   Val AUC improved to 0.9998, model saved
2026-08-30 03:02:17 | Epoch   3/100 | Train Loss 0.0722 Acc 0.9874 | Val Loss 0.0656 Acc 0.9861 AUC 0.9998 Pre 0.9861 Rec 0.9859
2026-08-30 03:02:17 |   Val AUC improved to 0.9998, model saved
2026-08-30 03:02:20 | Epoch   4/100 | Train Loss 0.0568 Acc 0.9908 | Val Loss 0.0574 Acc 0.9882 AUC 0.9999 Pre 0.9882 Rec 0.9881
2026-08-30 03:02:20 |   Val AUC improved to 0.9999, model saved
2026-08-30 03:02:24 | Epoch   5/100 | Train Loss 0.0469 Acc 0.9930 | Val Loss 0.0473 Acc 0.9910 AUC 0.9999 Pre 0.9909 Rec 0.9909
2026-08-30 03:02:24 |   Val AUC improved to 0.9999, model saved
2026-08-30 03:02:28 | Epoch   6/100 | Train Loss 0.0396 Acc 0.9952 | Val Loss 0.0506 Acc 0.9880 AUC 0.9999 Pre 0.9880 Rec 0.9879
2026-08-30 03:02:32 | Epoch   7/100 | Train Loss 0.0344 Acc 0.9955 | Val Loss 0.0429 Acc 0.9904 AUC 0.9999 Pre 0.9903 Rec 0.9903
2026-08-30 03:02:32 |   Val AUC improved to 0.9999, model saved
2026-08-30 03:02:35 | Epoch   8/100 | Train Loss 0.0289 Acc 0.9970 | Val Loss 0.0408 Acc 0.9904 AUC 0.9999 Pre 0.9902 Rec 0.9904
2026-08-30 03:02:35 |   Val AUC improved to 0.9999, model saved
2026-08-30 03:02:39 | Epoch   9/100 | Train Loss 0.0257 Acc 0.9976 | Val Loss 0.0393 Acc 0.9900 AUC 0.9999 Pre 0.9900 Rec 0.9899
2026-08-30 03:02:43 | Epoch  10/100 | Train Loss 0.0229 Acc 0.9980 | Val Loss 0.0365 Acc 0.9910 AUC 0.9999 Pre 0.9910 Rec 0.9909
2026-08-30 03:02:43 |   Val AUC improved to 0.9999, model saved
2026-08-30 03:02:47 | Epoch  11/100 | Train Loss 0.0202 Acc 0.9988 | Val Loss 0.0351 Acc 0.9911 AUC 0.9999 Pre 0.9911 Rec 0.9910
2026-08-30 03:02:50 | Epoch  12/100 | Train Loss 0.0183 Acc 0.9990 | Val Loss 0.0338 Acc 0.9920 AUC 0.9999 Pre 0.9920 Rec 0.9920
2026-08-30 03:02:54 | Epoch  13/100 | Train Loss 0.0162 Acc 0.9993 | Val Loss 0.0342 Acc 0.9922 AUC 0.9999 Pre 0.9923 Rec 0.9921
2026-08-30 03:02:58 | Epoch  14/100 | Train Loss 0.0148 Acc 0.9995 | Val Loss 0.0334 Acc 0.9920 AUC 0.9999 Pre 0.9920 Rec 0.9919
2026-08-30 03:03:02 | Epoch  15/100 | Train Loss 0.0135 Acc 0.9998 | Val Loss 0.0331 Acc 0.9925 AUC 0.9999 Pre 0.9925 Rec 0.9924
2026-08-30 03:03:05 | Epoch  16/100 | Train Loss 0.0120 Acc 0.9999 | Val Loss 0.0318 Acc 0.9909 AUC 0.9999 Pre 0.9909 Rec 0.9908
2026-08-30 03:03:09 | Epoch  17/100 | Train Loss 0.0114 Acc 0.9998 | Val Loss 0.0321 Acc 0.9920 AUC 0.9999 Pre 0.9920 Rec 0.9919
2026-08-30 03:03:13 | Epoch  18/100 | Train Loss 0.0105 Acc 0.9999 | Val Loss 0.0289 Acc 0.9920 AUC 1.0000 Pre 0.9920 Rec 0.9919
2026-08-30 03:03:13 |   Val AUC improved to 1.0000, model saved
2026-08-30 03:03:17 | Epoch  19/100 | Train Loss 0.0101 Acc 0.9999 | Val Loss 0.0298 Acc 0.9924 AUC 0.9999 Pre 0.9924 Rec 0.9923
2026-08-30 03:03:20 | Epoch  20/100 | Train Loss 0.0094 Acc 0.9999 | Val Loss 0.0299 Acc 0.9923 AUC 0.9999 Pre 0.9923 Rec 0.9922
2026-08-30 03:03:24 | Epoch  21/100 | Train Loss 0.0089 Acc 0.9999 | Val Loss 0.0286 Acc 0.9922 AUC 0.9999 Pre 0.9922 Rec 0.9921
2026-08-30 03:03:28 | Epoch  22/100 | Train Loss 0.0083 Acc 1.0000 | Val Loss 0.0281 Acc 0.9921 AUC 0.9999 Pre 0.9921 Rec 0.9920
2026-08-30 03:03:31 | Epoch  23/100 | Train Loss 0.0080 Acc 1.0000 | Val Loss 0.0283 Acc 0.9923 AUC 0.9999 Pre 0.9922 Rec 0.9922
2026-08-30 03:03:35 | Epoch  24/100 | Train Loss 0.0076 Acc 1.0000 | Val Loss 0.0282 Acc 0.9925 AUC 0.9999 Pre 0.9925 Rec 0.9924
2026-08-30 03:03:39 | Epoch  25/100 | Train Loss 0.0072 Acc 1.0000 | Val Loss 0.0277 Acc 0.9925 AUC 0.9999 Pre 0.9925 Rec 0.9924
2026-08-30 03:03:43 | Epoch  26/100 | Train Loss 0.0071 Acc 1.0000 | Val Loss 0.0286 Acc 0.9926 AUC 0.9999 Pre 0.9926 Rec 0.9925
2026-08-30 03:03:46 | Epoch  27/100 | Train Loss 0.0072 Acc 0.9999 | Val Loss 0.0315 Acc 0.9915 AUC 0.9999 Pre 0.9914 Rec 0.9914
2026-08-30 03:03:50 | Epoch  28/100 | Train Loss 0.0076 Acc 0.9999 | Val Loss 0.0294 Acc 0.9920 AUC 0.9999 Pre 0.9920 Rec 0.9919
2026-08-30 03:03:50 | Val AUC did not improve for 10 consecutive epochs, early stopping at Epoch 28 (best AUC 1.0000 @ Epoch 18)
2026-08-30 03:03:51 | Run 5/5 | Test (best model @ Epoch 18) | Loss 0.0285 Acc 0.9927 AUC 1.0000 Pre 0.9926 Rec 0.9926
2026-08-30 03:03:51 | Average over 5 runs | Test Loss 0.0289±0.0011 Acc 0.9927±0.0006 AUC 1.0000±0.0000 Pre 0.9927±0.0006 Rec 0.9927±0.0006
