2026-09-02 06:53:18 | Device: cuda
2026-09-02 06:53:18 | Args: {'model': 'opb', 'backbone': 'mlp', 'task': 'agedb', 'epochs': 100, 'batch_size': 512, 'lr': 0.001, 'hidden_dims': [512, 256], 'dropout': 0.2, 'z_dim': 256, 'anchor_scale': 4.0, 'energy_classifier': False, 'tied_head': True, 'max_len': 250, 'random_labels': False, 'beta': 0.001, 'patience': 10, 'runs': 5, 'seed': 0, 'data_dir': './data', 'save_path': 'output/agedb_mlp_opb/agedb_mlp_opb.pt', 'log_path': '/root/autodl-tmp/IB/tune_results/agedb_mlp_opb_beta_0.001_anchor_4/train.log', 'no_save': True}
2026-09-02 06:53:18 | AgeDB 图像：16488 张，年龄 1~101 岁
2026-09-02 06:53:18 | AgeDB 划分（60/20/20）：train 9892 / val 3298 / test 3298（共 16488 张）
2026-09-02 06:53:18 | AgeDB 预解码缓存命中：./data/agedb/agedb_64x64_uint8.npy
2026-09-02 06:53:18 | AgeDB 加载完成：9892/3298/3298（batch 512，RGB 64x64，ImageNet 归一化），年龄 MinMax 归一化到 [0,1]（1~101 岁）
2026-09-02 06:53:18 | ===== Run 1/5 (seed 0) =====
2026-09-02 06:53:20 | Epoch   1/100 | Train Loss 0.4406 | Val Loss 0.0766 MAE 21.3386 R2 -1.2873
2026-09-02 06:53:20 |   Val R2 improved to -1.2873, model saved
2026-09-02 06:53:21 | Epoch   2/100 | Train Loss 0.0884 | Val Loss 0.0488 MAE 16.4918 R2 -0.4657
2026-09-02 06:53:21 |   Val R2 improved to -0.4657, model saved
2026-09-02 06:53:22 | Epoch   3/100 | Train Loss 0.0632 | Val Loss 0.0394 MAE 14.9431 R2 -0.2131
2026-09-02 06:53:22 |   Val R2 improved to -0.2131, model saved
2026-09-02 06:53:23 | Epoch   4/100 | Train Loss 0.0486 | Val Loss 0.0362 MAE 14.3727 R2 -0.1277
2026-09-02 06:53:23 |   Val R2 improved to -0.1277, model saved
2026-09-02 06:53:24 | Epoch   5/100 | Train Loss 0.0407 | Val Loss 0.0325 MAE 13.5760 R2 -0.0063
2026-09-02 06:53:24 |   Val R2 improved to -0.0063, model saved
2026-09-02 06:53:26 | Epoch   6/100 | Train Loss 0.0374 | Val Loss 0.0289 MAE 12.6977 R2 0.1178
2026-09-02 06:53:26 |   Val R2 improved to 0.1178, model saved
2026-09-02 06:53:27 | Epoch   7/100 | Train Loss 0.0350 | Val Loss 0.0309 MAE 13.1698 R2 0.0468
2026-09-02 06:53:28 | Epoch   8/100 | Train Loss 0.0339 | Val Loss 0.0285 MAE 12.5689 R2 0.1305
2026-09-02 06:53:28 |   Val R2 improved to 0.1305, model saved
2026-09-02 06:53:29 | Epoch   9/100 | Train Loss 0.0319 | Val Loss 0.0296 MAE 12.8300 R2 0.0904
2026-09-02 06:53:30 | Epoch  10/100 | Train Loss 0.0305 | Val Loss 0.0300 MAE 12.9655 R2 0.0734
2026-09-02 06:53:31 | Epoch  11/100 | Train Loss 0.0292 | Val Loss 0.0316 MAE 13.3598 R2 0.0152
2026-09-02 06:53:33 | Epoch  12/100 | Train Loss 0.0290 | Val Loss 0.0277 MAE 12.4109 R2 0.1549
2026-09-02 06:53:33 |   Val R2 improved to 0.1549, model saved
2026-09-02 06:53:34 | Epoch  13/100 | Train Loss 0.0276 | Val Loss 0.0315 MAE 13.3661 R2 0.0216
2026-09-02 06:53:35 | Epoch  14/100 | Train Loss 0.0269 | Val Loss 0.0279 MAE 12.4081 R2 0.1442
2026-09-02 06:53:36 | Epoch  15/100 | Train Loss 0.0261 | Val Loss 0.0267 MAE 12.1921 R2 0.1868
2026-09-02 06:53:36 |   Val R2 improved to 0.1868, model saved
2026-09-02 06:53:37 | Epoch  16/100 | Train Loss 0.0247 | Val Loss 0.0278 MAE 12.3790 R2 0.1494
2026-09-02 06:53:38 | Epoch  17/100 | Train Loss 0.0247 | Val Loss 0.0274 MAE 12.3177 R2 0.1610
2026-09-02 06:53:39 | Epoch  18/100 | Train Loss 0.0244 | Val Loss 0.0267 MAE 12.1727 R2 0.1853
2026-09-02 06:53:41 | Epoch  19/100 | Train Loss 0.0235 | Val Loss 0.0269 MAE 12.1641 R2 0.1827
2026-09-02 06:53:42 | Epoch  20/100 | Train Loss 0.0229 | Val Loss 0.0268 MAE 12.1935 R2 0.1847
2026-09-02 06:53:43 | Epoch  21/100 | Train Loss 0.0222 | Val Loss 0.0269 MAE 12.1363 R2 0.1801
2026-09-02 06:53:44 | Epoch  22/100 | Train Loss 0.0215 | Val Loss 0.0278 MAE 12.3663 R2 0.1481
2026-09-02 06:53:45 | Epoch  23/100 | Train Loss 0.0210 | Val Loss 0.0267 MAE 12.1079 R2 0.1886
2026-09-02 06:53:45 |   Val R2 improved to 0.1886, model saved
2026-09-02 06:53:46 | Epoch  24/100 | Train Loss 0.0210 | Val Loss 0.0270 MAE 12.2008 R2 0.1809
2026-09-02 06:53:47 | Epoch  25/100 | Train Loss 0.0206 | Val Loss 0.0270 MAE 12.1302 R2 0.1778
2026-09-02 06:53:49 | Epoch  26/100 | Train Loss 0.0203 | Val Loss 0.0274 MAE 12.3069 R2 0.1648
2026-09-02 06:53:50 | Epoch  27/100 | Train Loss 0.0197 | Val Loss 0.0296 MAE 12.8646 R2 0.0858
2026-09-02 06:53:51 | Epoch  28/100 | Train Loss 0.0193 | Val Loss 0.0274 MAE 12.2682 R2 0.1653
2026-09-02 06:53:52 | Epoch  29/100 | Train Loss 0.0189 | Val Loss 0.0265 MAE 12.0386 R2 0.1956
2026-09-02 06:53:52 |   Val R2 improved to 0.1956, model saved
2026-09-02 06:53:53 | Epoch  30/100 | Train Loss 0.0190 | Val Loss 0.0295 MAE 12.7918 R2 0.0900
2026-09-02 06:53:54 | Epoch  31/100 | Train Loss 0.0190 | Val Loss 0.0281 MAE 12.4386 R2 0.1417
2026-09-02 06:53:55 | Epoch  32/100 | Train Loss 0.0179 | Val Loss 0.0272 MAE 12.2450 R2 0.1717
2026-09-02 06:53:57 | Epoch  33/100 | Train Loss 0.0176 | Val Loss 0.0280 MAE 12.4094 R2 0.1413
2026-09-02 06:53:58 | Epoch  34/100 | Train Loss 0.0171 | Val Loss 0.0271 MAE 12.2405 R2 0.1709
2026-09-02 06:53:59 | Epoch  35/100 | Train Loss 0.0169 | Val Loss 0.0287 MAE 12.5805 R2 0.1171
2026-09-02 06:54:00 | Epoch  36/100 | Train Loss 0.0173 | Val Loss 0.0267 MAE 12.1472 R2 0.1841
2026-09-02 06:54:01 | Epoch  37/100 | Train Loss 0.0171 | Val Loss 0.0268 MAE 12.1091 R2 0.1858
2026-09-02 06:54:02 | Epoch  38/100 | Train Loss 0.0164 | Val Loss 0.0278 MAE 12.4481 R2 0.1459
2026-09-02 06:54:04 | Epoch  39/100 | Train Loss 0.0161 | Val Loss 0.0263 MAE 11.9955 R2 0.2013
2026-09-02 06:54:04 |   Val R2 improved to 0.2013, model saved
2026-09-02 06:54:05 | Epoch  40/100 | Train Loss 0.0156 | Val Loss 0.0278 MAE 12.4085 R2 0.1457
2026-09-02 06:54:06 | Epoch  41/100 | Train Loss 0.0156 | Val Loss 0.0268 MAE 12.1513 R2 0.1819
2026-09-02 06:54:07 | Epoch  42/100 | Train Loss 0.0153 | Val Loss 0.0264 MAE 12.0481 R2 0.1964
2026-09-02 06:54:08 | Epoch  43/100 | Train Loss 0.0155 | Val Loss 0.0275 MAE 12.3005 R2 0.1556
2026-09-02 06:54:09 | Epoch  44/100 | Train Loss 0.0154 | Val Loss 0.0280 MAE 12.3817 R2 0.1415
2026-09-02 06:54:10 | Epoch  45/100 | Train Loss 0.0147 | Val Loss 0.0272 MAE 12.1901 R2 0.1664
2026-09-02 06:54:12 | Epoch  46/100 | Train Loss 0.0148 | Val Loss 0.0277 MAE 12.3418 R2 0.1499
2026-09-02 06:54:13 | Epoch  47/100 | Train Loss 0.0150 | Val Loss 0.0283 MAE 12.4917 R2 0.1265
2026-09-02 06:54:14 | Epoch  48/100 | Train Loss 0.0143 | Val Loss 0.0281 MAE 12.5285 R2 0.1350
2026-09-02 06:54:15 | Epoch  49/100 | Train Loss 0.0142 | Val Loss 0.0266 MAE 12.1343 R2 0.1891
2026-09-02 06:54:15 | Val R2 did not improve for 10 consecutive epochs, early stopping at Epoch 49 (best R2 0.2013 @ Epoch 39)
2026-09-02 06:54:15 | Run 1/5 | Test (best model @ Epoch 39) | Loss 0.0252 MAE 11.7764 R2 0.2631
2026-09-02 06:54:15 | ===== Run 2/5 (seed 1) =====
2026-09-02 06:54:16 | Epoch   1/100 | Train Loss 0.3672 | Val Loss 0.0591 MAE 17.5705 R2 -0.6537
2026-09-02 06:54:16 |   Val R2 improved to -0.6537, model saved
2026-09-02 06:54:18 | Epoch   2/100 | Train Loss 0.0855 | Val Loss 0.0443 MAE 15.5200 R2 -0.3083
2026-09-02 06:54:18 |   Val R2 improved to -0.3083, model saved
2026-09-02 06:54:19 | Epoch   3/100 | Train Loss 0.0616 | Val Loss 0.0412 MAE 15.3926 R2 -0.2792
2026-09-02 06:54:19 |   Val R2 improved to -0.2792, model saved
2026-09-02 06:54:20 | Epoch   4/100 | Train Loss 0.0461 | Val Loss 0.0346 MAE 14.0340 R2 -0.0737
2026-09-02 06:54:20 |   Val R2 improved to -0.0737, model saved
2026-09-02 06:54:21 | Epoch   5/100 | Train Loss 0.0389 | Val Loss 0.0325 MAE 13.5534 R2 -0.0025
2026-09-02 06:54:21 |   Val R2 improved to -0.0025, model saved
2026-09-02 06:54:22 | Epoch   6/100 | Train Loss 0.0348 | Val Loss 0.0291 MAE 12.7595 R2 0.1121
2026-09-02 06:54:22 |   Val R2 improved to 0.1121, model saved
2026-09-02 06:54:23 | Epoch   7/100 | Train Loss 0.0329 | Val Loss 0.0307 MAE 13.1081 R2 0.0562
2026-09-02 06:54:25 | Epoch   8/100 | Train Loss 0.0324 | Val Loss 0.0272 MAE 12.2988 R2 0.1766
2026-09-02 06:54:25 |   Val R2 improved to 0.1766, model saved
2026-09-02 06:54:26 | Epoch   9/100 | Train Loss 0.0305 | Val Loss 0.0288 MAE 12.7011 R2 0.1185
2026-09-02 06:54:27 | Epoch  10/100 | Train Loss 0.0289 | Val Loss 0.0280 MAE 12.5050 R2 0.1397
2026-09-02 06:54:28 | Epoch  11/100 | Train Loss 0.0285 | Val Loss 0.0289 MAE 12.6924 R2 0.1130
2026-09-02 06:54:29 | Epoch  12/100 | Train Loss 0.0275 | Val Loss 0.0271 MAE 12.3052 R2 0.1734
2026-09-02 06:54:30 | Epoch  13/100 | Train Loss 0.0255 | Val Loss 0.0300 MAE 12.9513 R2 0.0695
2026-09-02 06:54:31 | Epoch  14/100 | Train Loss 0.0255 | Val Loss 0.0284 MAE 12.5741 R2 0.1269
2026-09-02 06:54:32 | Epoch  15/100 | Train Loss 0.0251 | Val Loss 0.0282 MAE 12.4802 R2 0.1326
2026-09-02 06:54:34 | Epoch  16/100 | Train Loss 0.0250 | Val Loss 0.0288 MAE 12.7198 R2 0.1082
2026-09-02 06:54:35 | Epoch  17/100 | Train Loss 0.0240 | Val Loss 0.0264 MAE 12.0944 R2 0.1936
2026-09-02 06:54:35 |   Val R2 improved to 0.1936, model saved
2026-09-02 06:54:36 | Epoch  18/100 | Train Loss 0.0233 | Val Loss 0.0268 MAE 12.1404 R2 0.1818
2026-09-02 06:54:37 | Epoch  19/100 | Train Loss 0.0229 | Val Loss 0.0277 MAE 12.3506 R2 0.1514
2026-09-02 06:54:38 | Epoch  20/100 | Train Loss 0.0224 | Val Loss 0.0274 MAE 12.3759 R2 0.1606
2026-09-02 06:54:40 | Epoch  21/100 | Train Loss 0.0220 | Val Loss 0.0299 MAE 12.9242 R2 0.0725
2026-09-02 06:54:41 | Epoch  22/100 | Train Loss 0.0219 | Val Loss 0.0262 MAE 12.0433 R2 0.2005
2026-09-02 06:54:41 |   Val R2 improved to 0.2005, model saved
2026-09-02 06:54:42 | Epoch  23/100 | Train Loss 0.0210 | Val Loss 0.0273 MAE 12.2695 R2 0.1633
2026-09-02 06:54:43 | Epoch  24/100 | Train Loss 0.0202 | Val Loss 0.0270 MAE 12.2102 R2 0.1729
2026-09-02 06:54:44 | Epoch  25/100 | Train Loss 0.0199 | Val Loss 0.0261 MAE 12.0871 R2 0.2081
2026-09-02 06:54:44 |   Val R2 improved to 0.2081, model saved
2026-09-02 06:54:46 | Epoch  26/100 | Train Loss 0.0193 | Val Loss 0.0261 MAE 11.9869 R2 0.2045
2026-09-02 06:54:47 | Epoch  27/100 | Train Loss 0.0190 | Val Loss 0.0263 MAE 12.0721 R2 0.1947
2026-09-02 06:54:48 | Epoch  28/100 | Train Loss 0.0189 | Val Loss 0.0262 MAE 12.0251 R2 0.1999
2026-09-02 06:54:49 | Epoch  29/100 | Train Loss 0.0184 | Val Loss 0.0262 MAE 11.9885 R2 0.2043
2026-09-02 06:54:50 | Epoch  30/100 | Train Loss 0.0184 | Val Loss 0.0268 MAE 12.1583 R2 0.1777
2026-09-02 06:54:51 | Epoch  31/100 | Train Loss 0.0179 | Val Loss 0.0267 MAE 12.1670 R2 0.1840
2026-09-02 06:54:52 | Epoch  32/100 | Train Loss 0.0174 | Val Loss 0.0266 MAE 12.1561 R2 0.1847
2026-09-02 06:54:53 | Epoch  33/100 | Train Loss 0.0171 | Val Loss 0.0260 MAE 11.9961 R2 0.2041
2026-09-02 06:54:55 | Epoch  34/100 | Train Loss 0.0170 | Val Loss 0.0267 MAE 12.1924 R2 0.1792
2026-09-02 06:54:56 | Epoch  35/100 | Train Loss 0.0163 | Val Loss 0.0269 MAE 12.2503 R2 0.1739
2026-09-02 06:54:56 | Val R2 did not improve for 10 consecutive epochs, early stopping at Epoch 35 (best R2 0.2081 @ Epoch 25)
2026-09-02 06:54:56 | Run 2/5 | Test (best model @ Epoch 25) | Loss 0.0255 MAE 11.9199 R2 0.2542
2026-09-02 06:54:56 | ===== Run 3/5 (seed 2) =====
2026-09-02 06:54:57 | Epoch   1/100 | Train Loss 0.4661 | Val Loss 0.0690 MAE 19.5181 R2 -0.9875
2026-09-02 06:54:57 |   Val R2 improved to -0.9875, model saved
2026-09-02 06:54:58 | Epoch   2/100 | Train Loss 0.0890 | Val Loss 0.0495 MAE 16.5371 R2 -0.4927
2026-09-02 06:54:58 |   Val R2 improved to -0.4927, model saved
2026-09-02 06:54:59 | Epoch   3/100 | Train Loss 0.0653 | Val Loss 0.0382 MAE 14.6311 R2 -0.1693
2026-09-02 06:54:59 |   Val R2 improved to -0.1693, model saved
2026-09-02 06:55:00 | Epoch   4/100 | Train Loss 0.0517 | Val Loss 0.0326 MAE 13.5986 R2 -0.0136
2026-09-02 06:55:00 |   Val R2 improved to -0.0136, model saved
2026-09-02 06:55:01 | Epoch   5/100 | Train Loss 0.0447 | Val Loss 0.0330 MAE 13.7208 R2 -0.0360
2026-09-02 06:55:03 | Epoch   6/100 | Train Loss 0.0387 | Val Loss 0.0336 MAE 13.8343 R2 -0.0558
2026-09-02 06:55:04 | Epoch   7/100 | Train Loss 0.0355 | Val Loss 0.0306 MAE 13.1422 R2 0.0478
2026-09-02 06:55:04 |   Val R2 improved to 0.0478, model saved
2026-09-02 06:55:05 | Epoch   8/100 | Train Loss 0.0334 | Val Loss 0.0287 MAE 12.6669 R2 0.1162
2026-09-02 06:55:05 |   Val R2 improved to 0.1162, model saved
2026-09-02 06:55:06 | Epoch   9/100 | Train Loss 0.0319 | Val Loss 0.0305 MAE 13.0457 R2 0.0596
2026-09-02 06:55:07 | Epoch  10/100 | Train Loss 0.0308 | Val Loss 0.0288 MAE 12.6489 R2 0.1144
2026-09-02 06:55:08 | Epoch  11/100 | Train Loss 0.0294 | Val Loss 0.0283 MAE 12.5748 R2 0.1325
2026-09-02 06:55:08 |   Val R2 improved to 0.1325, model saved
2026-09-02 06:55:09 | Epoch  12/100 | Train Loss 0.0288 | Val Loss 0.0283 MAE 12.6186 R2 0.1292
2026-09-02 06:55:10 | Epoch  13/100 | Train Loss 0.0282 | Val Loss 0.0279 MAE 12.4870 R2 0.1435
2026-09-02 06:55:10 |   Val R2 improved to 0.1435, model saved
2026-09-02 06:55:11 | Epoch  14/100 | Train Loss 0.0273 | Val Loss 0.0286 MAE 12.6727 R2 0.1173
2026-09-02 06:55:13 | Epoch  15/100 | Train Loss 0.0263 | Val Loss 0.0280 MAE 12.4757 R2 0.1373
2026-09-02 06:55:14 | Epoch  16/100 | Train Loss 0.0256 | Val Loss 0.0283 MAE 12.5826 R2 0.1270
2026-09-02 06:55:15 | Epoch  17/100 | Train Loss 0.0250 | Val Loss 0.0313 MAE 13.3274 R2 0.0228
2026-09-02 06:55:16 | Epoch  18/100 | Train Loss 0.0244 | Val Loss 0.0265 MAE 12.0901 R2 0.1933
2026-09-02 06:55:16 |   Val R2 improved to 0.1933, model saved
2026-09-02 06:55:17 | Epoch  19/100 | Train Loss 0.0241 | Val Loss 0.0278 MAE 12.4242 R2 0.1442
2026-09-02 06:55:18 | Epoch  20/100 | Train Loss 0.0235 | Val Loss 0.0273 MAE 12.2856 R2 0.1611
2026-09-02 06:55:19 | Epoch  21/100 | Train Loss 0.0230 | Val Loss 0.0287 MAE 12.5658 R2 0.1141
2026-09-02 06:55:20 | Epoch  22/100 | Train Loss 0.0226 | Val Loss 0.0280 MAE 12.4626 R2 0.1425
2026-09-02 06:55:21 | Epoch  23/100 | Train Loss 0.0222 | Val Loss 0.0272 MAE 12.2431 R2 0.1671
2026-09-02 06:55:23 | Epoch  24/100 | Train Loss 0.0215 | Val Loss 0.0296 MAE 12.8694 R2 0.0832
2026-09-02 06:55:24 | Epoch  25/100 | Train Loss 0.0213 | Val Loss 0.0270 MAE 12.1981 R2 0.1711
2026-09-02 06:55:25 | Epoch  26/100 | Train Loss 0.0204 | Val Loss 0.0272 MAE 12.2943 R2 0.1652
2026-09-02 06:55:26 | Epoch  27/100 | Train Loss 0.0199 | Val Loss 0.0258 MAE 11.8624 R2 0.2177
2026-09-02 06:55:26 |   Val R2 improved to 0.2177, model saved
2026-09-02 06:55:27 | Epoch  28/100 | Train Loss 0.0200 | Val Loss 0.0267 MAE 12.1134 R2 0.1879
2026-09-02 06:55:28 | Epoch  29/100 | Train Loss 0.0197 | Val Loss 0.0278 MAE 12.3989 R2 0.1444
2026-09-02 06:55:29 | Epoch  30/100 | Train Loss 0.0193 | Val Loss 0.0273 MAE 12.3110 R2 0.1598
2026-09-02 06:55:30 | Epoch  31/100 | Train Loss 0.0192 | Val Loss 0.0267 MAE 12.1108 R2 0.1849
2026-09-02 06:55:31 | Epoch  32/100 | Train Loss 0.0184 | Val Loss 0.0268 MAE 12.1961 R2 0.1805
2026-09-02 06:55:32 | Epoch  33/100 | Train Loss 0.0175 | Val Loss 0.0271 MAE 12.2188 R2 0.1694
2026-09-02 06:55:33 | Epoch  34/100 | Train Loss 0.0174 | Val Loss 0.0258 MAE 11.9564 R2 0.2173
2026-09-02 06:55:35 | Epoch  35/100 | Train Loss 0.0171 | Val Loss 0.0273 MAE 12.2448 R2 0.1678
2026-09-02 06:55:36 | Epoch  36/100 | Train Loss 0.0173 | Val Loss 0.0279 MAE 12.4939 R2 0.1424
2026-09-02 06:55:37 | Epoch  37/100 | Train Loss 0.0171 | Val Loss 0.0268 MAE 12.1588 R2 0.1834
2026-09-02 06:55:37 | Val R2 did not improve for 10 consecutive epochs, early stopping at Epoch 37 (best R2 0.2177 @ Epoch 27)
2026-09-02 06:55:37 | Run 3/5 | Test (best model @ Epoch 27) | Loss 0.0255 MAE 11.9338 R2 0.2530
2026-09-02 06:55:37 | ===== Run 4/5 (seed 3) =====
2026-09-02 06:55:38 | Epoch   1/100 | Train Loss 0.4820 | Val Loss 0.0732 MAE 20.6025 R2 -1.1430
2026-09-02 06:55:38 |   Val R2 improved to -1.1430, model saved
2026-09-02 06:55:39 | Epoch   2/100 | Train Loss 0.0897 | Val Loss 0.0489 MAE 16.3291 R2 -0.4343
2026-09-02 06:55:39 |   Val R2 improved to -0.4343, model saved
2026-09-02 06:55:40 | Epoch   3/100 | Train Loss 0.0654 | Val Loss 0.0402 MAE 14.9377 R2 -0.2154
2026-09-02 06:55:40 |   Val R2 improved to -0.2154, model saved
2026-09-02 06:55:42 | Epoch   4/100 | Train Loss 0.0513 | Val Loss 0.0351 MAE 14.0974 R2 -0.0785
2026-09-02 06:55:42 |   Val R2 improved to -0.0785, model saved
2026-09-02 06:55:43 | Epoch   5/100 | Train Loss 0.0426 | Val Loss 0.0336 MAE 13.8364 R2 -0.0415
2026-09-02 06:55:43 |   Val R2 improved to -0.0415, model saved
2026-09-02 06:55:44 | Epoch   6/100 | Train Loss 0.0386 | Val Loss 0.0338 MAE 13.7911 R2 -0.0485
2026-09-02 06:55:45 | Epoch   7/100 | Train Loss 0.0360 | Val Loss 0.0321 MAE 13.4869 R2 0.0070
2026-09-02 06:55:45 |   Val R2 improved to 0.0070, model saved
2026-09-02 06:55:46 | Epoch   8/100 | Train Loss 0.0331 | Val Loss 0.0286 MAE 12.6236 R2 0.1261
2026-09-02 06:55:46 |   Val R2 improved to 0.1261, model saved
2026-09-02 06:55:47 | Epoch   9/100 | Train Loss 0.0331 | Val Loss 0.0352 MAE 14.1968 R2 -0.1016
2026-09-02 06:55:48 | Epoch  10/100 | Train Loss 0.0311 | Val Loss 0.0299 MAE 12.9403 R2 0.0811
2026-09-02 06:55:49 | Epoch  11/100 | Train Loss 0.0299 | Val Loss 0.0283 MAE 12.5140 R2 0.1357
2026-09-02 06:55:49 |   Val R2 improved to 0.1357, model saved
2026-09-02 06:55:50 | Epoch  12/100 | Train Loss 0.0292 | Val Loss 0.0299 MAE 12.9186 R2 0.0813
2026-09-02 06:55:52 | Epoch  13/100 | Train Loss 0.0280 | Val Loss 0.0293 MAE 12.8303 R2 0.0979
2026-09-02 06:55:53 | Epoch  14/100 | Train Loss 0.0271 | Val Loss 0.0299 MAE 12.9682 R2 0.0744
2026-09-02 06:55:54 | Epoch  15/100 | Train Loss 0.0270 | Val Loss 0.0302 MAE 13.0313 R2 0.0632
2026-09-02 06:55:55 | Epoch  16/100 | Train Loss 0.0257 | Val Loss 0.0285 MAE 12.5860 R2 0.1251
2026-09-02 06:55:56 | Epoch  17/100 | Train Loss 0.0250 | Val Loss 0.0280 MAE 12.4530 R2 0.1440
2026-09-02 06:55:56 |   Val R2 improved to 0.1440, model saved
2026-09-02 06:55:57 | Epoch  18/100 | Train Loss 0.0244 | Val Loss 0.0269 MAE 12.2273 R2 0.1791
2026-09-02 06:55:57 |   Val R2 improved to 0.1791, model saved
2026-09-02 06:55:58 | Epoch  19/100 | Train Loss 0.0237 | Val Loss 0.0283 MAE 12.4934 R2 0.1328
2026-09-02 06:55:59 | Epoch  20/100 | Train Loss 0.0230 | Val Loss 0.0282 MAE 12.4722 R2 0.1369
2026-09-02 06:56:00 | Epoch  21/100 | Train Loss 0.0228 | Val Loss 0.0285 MAE 12.5401 R2 0.1221
2026-09-02 06:56:01 | Epoch  22/100 | Train Loss 0.0225 | Val Loss 0.0292 MAE 12.6740 R2 0.1019
2026-09-02 06:56:02 | Epoch  23/100 | Train Loss 0.0216 | Val Loss 0.0274 MAE 12.3057 R2 0.1611
2026-09-02 06:56:04 | Epoch  24/100 | Train Loss 0.0216 | Val Loss 0.0264 MAE 12.0655 R2 0.1969
2026-09-02 06:56:04 |   Val R2 improved to 0.1969, model saved
2026-09-02 06:56:05 | Epoch  25/100 | Train Loss 0.0207 | Val Loss 0.0285 MAE 12.6071 R2 0.1202
2026-09-02 06:56:06 | Epoch  26/100 | Train Loss 0.0207 | Val Loss 0.0275 MAE 12.3440 R2 0.1534
2026-09-02 06:56:07 | Epoch  27/100 | Train Loss 0.0205 | Val Loss 0.0300 MAE 12.9656 R2 0.0681
2026-09-02 06:56:08 | Epoch  28/100 | Train Loss 0.0201 | Val Loss 0.0267 MAE 12.1062 R2 0.1870
2026-09-02 06:56:09 | Epoch  29/100 | Train Loss 0.0192 | Val Loss 0.0269 MAE 12.1883 R2 0.1771
2026-09-02 06:56:10 | Epoch  30/100 | Train Loss 0.0182 | Val Loss 0.0285 MAE 12.5481 R2 0.1220
2026-09-02 06:56:11 | Epoch  31/100 | Train Loss 0.0184 | Val Loss 0.0270 MAE 12.1923 R2 0.1736
2026-09-02 06:56:12 | Epoch  32/100 | Train Loss 0.0186 | Val Loss 0.0272 MAE 12.2284 R2 0.1648
2026-09-02 06:56:14 | Epoch  33/100 | Train Loss 0.0178 | Val Loss 0.0290 MAE 12.7401 R2 0.1031
2026-09-02 06:56:15 | Epoch  34/100 | Train Loss 0.0181 | Val Loss 0.0269 MAE 12.2334 R2 0.1748
2026-09-02 06:56:15 | Val R2 did not improve for 10 consecutive epochs, early stopping at Epoch 34 (best R2 0.1969 @ Epoch 24)
2026-09-02 06:56:15 | Run 4/5 | Test (best model @ Epoch 24) | Loss 0.0254 MAE 11.7952 R2 0.2552
2026-09-02 06:56:15 | ===== Run 5/5 (seed 4) =====
2026-09-02 06:56:16 | Epoch   1/100 | Train Loss 0.4504 | Val Loss 0.0658 MAE 19.1378 R2 -0.8868
2026-09-02 06:56:16 |   Val R2 improved to -0.8868, model saved
2026-09-02 06:56:17 | Epoch   2/100 | Train Loss 0.0875 | Val Loss 0.0462 MAE 16.0224 R2 -0.3808
2026-09-02 06:56:17 |   Val R2 improved to -0.3808, model saved
2026-09-02 06:56:18 | Epoch   3/100 | Train Loss 0.0629 | Val Loss 0.0347 MAE 13.9108 R2 -0.0521
2026-09-02 06:56:18 |   Val R2 improved to -0.0521, model saved
2026-09-02 06:56:19 | Epoch   4/100 | Train Loss 0.0485 | Val Loss 0.0336 MAE 13.7521 R2 -0.0347
2026-09-02 06:56:19 |   Val R2 improved to -0.0347, model saved
2026-09-02 06:56:20 | Epoch   5/100 | Train Loss 0.0409 | Val Loss 0.0337 MAE 13.8100 R2 -0.0462
2026-09-02 06:56:22 | Epoch   6/100 | Train Loss 0.0386 | Val Loss 0.0329 MAE 13.6483 R2 -0.0186
2026-09-02 06:56:22 |   Val R2 improved to -0.0186, model saved
2026-09-02 06:56:23 | Epoch   7/100 | Train Loss 0.0350 | Val Loss 0.0291 MAE 12.7416 R2 0.1102
2026-09-02 06:56:23 |   Val R2 improved to 0.1102, model saved
2026-09-02 06:56:24 | Epoch   8/100 | Train Loss 0.0337 | Val Loss 0.0302 MAE 13.0633 R2 0.0699
2026-09-02 06:56:25 | Epoch   9/100 | Train Loss 0.0324 | Val Loss 0.0279 MAE 12.4366 R2 0.1540
2026-09-02 06:56:25 |   Val R2 improved to 0.1540, model saved
2026-09-02 06:56:26 | Epoch  10/100 | Train Loss 0.0315 | Val Loss 0.0292 MAE 12.7361 R2 0.1060
2026-09-02 06:56:27 | Epoch  11/100 | Train Loss 0.0306 | Val Loss 0.0299 MAE 12.9176 R2 0.0776
2026-09-02 06:56:28 | Epoch  12/100 | Train Loss 0.0288 | Val Loss 0.0277 MAE 12.4473 R2 0.1530
2026-09-02 06:56:29 | Epoch  13/100 | Train Loss 0.0279 | Val Loss 0.0278 MAE 12.4188 R2 0.1506
2026-09-02 06:56:30 | Epoch  14/100 | Train Loss 0.0273 | Val Loss 0.0291 MAE 12.6979 R2 0.1017
2026-09-02 06:56:32 | Epoch  15/100 | Train Loss 0.0265 | Val Loss 0.0303 MAE 12.9873 R2 0.0625
2026-09-02 06:56:33 | Epoch  16/100 | Train Loss 0.0258 | Val Loss 0.0286 MAE 12.6091 R2 0.1213
2026-09-02 06:56:34 | Epoch  17/100 | Train Loss 0.0250 | Val Loss 0.0276 MAE 12.3368 R2 0.1555
2026-09-02 06:56:34 |   Val R2 improved to 0.1555, model saved
2026-09-02 06:56:35 | Epoch  18/100 | Train Loss 0.0240 | Val Loss 0.0284 MAE 12.5434 R2 0.1298
2026-09-02 06:56:36 | Epoch  19/100 | Train Loss 0.0238 | Val Loss 0.0274 MAE 12.2659 R2 0.1656
2026-09-02 06:56:36 |   Val R2 improved to 0.1656, model saved
2026-09-02 06:56:37 | Epoch  20/100 | Train Loss 0.0227 | Val Loss 0.0287 MAE 12.6047 R2 0.1137
2026-09-02 06:56:38 | Epoch  21/100 | Train Loss 0.0226 | Val Loss 0.0271 MAE 12.1974 R2 0.1718
2026-09-02 06:56:38 |   Val R2 improved to 0.1718, model saved
2026-09-02 06:56:39 | Epoch  22/100 | Train Loss 0.0219 | Val Loss 0.0289 MAE 12.6720 R2 0.1054
2026-09-02 06:56:40 | Epoch  23/100 | Train Loss 0.0221 | Val Loss 0.0271 MAE 12.2534 R2 0.1727
2026-09-02 06:56:40 |   Val R2 improved to 0.1727, model saved
2026-09-02 06:56:42 | Epoch  24/100 | Train Loss 0.0212 | Val Loss 0.0269 MAE 12.1276 R2 0.1783
2026-09-02 06:56:42 |   Val R2 improved to 0.1783, model saved
2026-09-02 06:56:43 | Epoch  25/100 | Train Loss 0.0203 | Val Loss 0.0283 MAE 12.5445 R2 0.1299
2026-09-02 06:56:44 | Epoch  26/100 | Train Loss 0.0201 | Val Loss 0.0273 MAE 12.2671 R2 0.1640
2026-09-02 06:56:45 | Epoch  27/100 | Train Loss 0.0197 | Val Loss 0.0278 MAE 12.4098 R2 0.1434
2026-09-02 06:56:46 | Epoch  28/100 | Train Loss 0.0195 | Val Loss 0.0267 MAE 12.1544 R2 0.1857
2026-09-02 06:56:46 |   Val R2 improved to 0.1857, model saved
2026-09-02 06:56:47 | Epoch  29/100 | Train Loss 0.0195 | Val Loss 0.0277 MAE 12.3639 R2 0.1502
2026-09-02 06:56:48 | Epoch  30/100 | Train Loss 0.0186 | Val Loss 0.0276 MAE 12.3379 R2 0.1549
2026-09-02 06:56:49 | Epoch  31/100 | Train Loss 0.0186 | Val Loss 0.0272 MAE 12.2194 R2 0.1725
2026-09-02 06:56:50 | Epoch  32/100 | Train Loss 0.0183 | Val Loss 0.0274 MAE 12.2845 R2 0.1633
2026-09-02 06:56:51 | Epoch  33/100 | Train Loss 0.0183 | Val Loss 0.0280 MAE 12.4092 R2 0.1453
2026-09-02 06:56:53 | Epoch  34/100 | Train Loss 0.0183 | Val Loss 0.0279 MAE 12.3763 R2 0.1489
2026-09-02 06:56:54 | Epoch  35/100 | Train Loss 0.0175 | Val Loss 0.0268 MAE 12.1781 R2 0.1823
2026-09-02 06:56:55 | Epoch  36/100 | Train Loss 0.0168 | Val Loss 0.0268 MAE 12.0788 R2 0.1815
2026-09-02 06:56:56 | Epoch  37/100 | Train Loss 0.0172 | Val Loss 0.0280 MAE 12.4934 R2 0.1401
2026-09-02 06:56:57 | Epoch  38/100 | Train Loss 0.0172 | Val Loss 0.0260 MAE 11.9665 R2 0.2107
2026-09-02 06:56:57 |   Val R2 improved to 0.2107, model saved
2026-09-02 06:56:58 | Epoch  39/100 | Train Loss 0.0171 | Val Loss 0.0302 MAE 13.0186 R2 0.0632
2026-09-02 06:56:59 | Epoch  40/100 | Train Loss 0.0168 | Val Loss 0.0262 MAE 11.9858 R2 0.2044
2026-09-02 06:57:00 | Epoch  41/100 | Train Loss 0.0164 | Val Loss 0.0269 MAE 12.2038 R2 0.1804
2026-09-02 06:57:01 | Epoch  42/100 | Train Loss 0.0160 | Val Loss 0.0262 MAE 12.0104 R2 0.2034
2026-09-02 06:57:02 | Epoch  43/100 | Train Loss 0.0158 | Val Loss 0.0272 MAE 12.2451 R2 0.1673
2026-09-02 06:57:04 | Epoch  44/100 | Train Loss 0.0152 | Val Loss 0.0272 MAE 12.3071 R2 0.1640
2026-09-02 06:57:05 | Epoch  45/100 | Train Loss 0.0152 | Val Loss 0.0276 MAE 12.3169 R2 0.1556
2026-09-02 06:57:06 | Epoch  46/100 | Train Loss 0.0154 | Val Loss 0.0262 MAE 11.9767 R2 0.2017
2026-09-02 06:57:07 | Epoch  47/100 | Train Loss 0.0146 | Val Loss 0.0274 MAE 12.2854 R2 0.1578
2026-09-02 06:57:08 | Epoch  48/100 | Train Loss 0.0146 | Val Loss 0.0276 MAE 12.3230 R2 0.1567
2026-09-02 06:57:08 | Val R2 did not improve for 10 consecutive epochs, early stopping at Epoch 48 (best R2 0.2107 @ Epoch 38)
2026-09-02 06:57:08 | Run 5/5 | Test (best model @ Epoch 38) | Loss 0.0256 MAE 11.9139 R2 0.2497
2026-09-02 06:57:08 | Average over 5 runs | Test Loss 0.0255±0.0001 MAE 11.8679±0.0755 R2 0.2550±0.0050
