2026-09-02 21:47:22 | Device: cuda
2026-09-02 21:47:22 | Args: {'model': 'opb', 'backbone': 'rnn', 'task': 'imdb', 'epochs': 100, 'batch_size': 512, 'lr': 0.001, 'hidden_dims': [512, 256], 'dropout': 0.2, 'z_dim': 256, 'anchor_scale': 4.0, 'energy_classifier': True, 'tied_head': False, 'max_len': 250, 'random_labels': False, 'beta': 0.01, 'patience': 10, 'runs': 5, 'seed': 0, 'data_dir': './data', 'save_path': 'output/imdb_rnn_opb/imdb_rnn_opb.pt', 'log_path': '/root/autodl-tmp/IB/tune_results/imdb_rnn_opb_beta_0.01_anchor_4/train.log', 'no_save': True}
2026-09-02 21:47:22 | IMDb 预处理缓存：mmap 共享 ./data/imdb/imdb_processed_maxlen250
2026-09-02 21:47:22 | ===== Run 1/5 (seed 0) =====
2026-09-02 21:47:34 | Epoch   1/100 | Train Loss 1.2406 Acc 0.5747 | Val Loss 0.6568 Acc 0.6981 AUC 0.7807 Pre 0.7077 Rec 0.6981
2026-09-02 21:47:34 |   Val AUC improved to 0.7807, model saved
2026-09-02 21:47:44 | Epoch   2/100 | Train Loss 0.7194 Acc 0.6849 | Val Loss 0.6422 Acc 0.7094 AUC 0.8264 Pre 0.7487 Rec 0.7094
2026-09-02 21:47:45 |   Val AUC improved to 0.8264, model saved
2026-09-02 21:47:55 | Epoch   3/100 | Train Loss 0.4837 Acc 0.8303 | Val Loss 0.4858 Acc 0.8141 AUC 0.9161 Pre 0.8328 Rec 0.8141
2026-09-02 21:47:55 |   Val AUC improved to 0.9161, model saved
2026-09-02 21:48:06 | Epoch   4/100 | Train Loss 0.3567 Acc 0.8918 | Val Loss 0.4005 Acc 0.8618 AUC 0.9320 Pre 0.8628 Rec 0.8618
2026-09-02 21:48:06 |   Val AUC improved to 0.9320, model saved
2026-09-02 21:48:16 | Epoch   5/100 | Train Loss 0.2666 Acc 0.9263 | Val Loss 0.4574 Acc 0.8658 AUC 0.9333 Pre 0.8659 Rec 0.8658
2026-09-02 21:48:16 |   Val AUC improved to 0.9333, model saved
2026-09-02 21:48:27 | Epoch   6/100 | Train Loss 0.1931 Acc 0.9507 | Val Loss 0.5169 Acc 0.8672 AUC 0.9347 Pre 0.8682 Rec 0.8672
2026-09-02 21:48:27 |   Val AUC improved to 0.9347, model saved
2026-09-02 21:48:37 | Epoch   7/100 | Train Loss 0.1160 Acc 0.9765 | Val Loss 0.6112 Acc 0.8619 AUC 0.9316 Pre 0.8619 Rec 0.8619
2026-09-02 21:48:48 | Epoch   8/100 | Train Loss 0.0848 Acc 0.9831 | Val Loss 0.7459 Acc 0.8603 AUC 0.9288 Pre 0.8609 Rec 0.8603
2026-09-02 21:48:58 | Epoch   9/100 | Train Loss 0.0662 Acc 0.9870 | Val Loss 0.8514 Acc 0.8560 AUC 0.9293 Pre 0.8577 Rec 0.8560
2026-09-02 21:49:09 | Epoch  10/100 | Train Loss 0.0653 Acc 0.9854 | Val Loss 0.8608 Acc 0.8644 AUC 0.9306 Pre 0.8651 Rec 0.8644
2026-09-02 21:49:19 | Epoch  11/100 | Train Loss 0.0445 Acc 0.9915 | Val Loss 0.9339 Acc 0.8621 AUC 0.9329 Pre 0.8624 Rec 0.8621
2026-09-02 21:49:30 | Epoch  12/100 | Train Loss 0.0300 Acc 0.9950 | Val Loss 0.9875 Acc 0.8652 AUC 0.9335 Pre 0.8658 Rec 0.8652
2026-09-02 21:49:40 | Epoch  13/100 | Train Loss 0.0242 Acc 0.9960 | Val Loss 1.1183 Acc 0.8696 AUC 0.9336 Pre 0.8697 Rec 0.8696
2026-09-02 21:49:51 | Epoch  14/100 | Train Loss 0.0225 Acc 0.9961 | Val Loss 1.1015 Acc 0.8618 AUC 0.9304 Pre 0.8621 Rec 0.8618
2026-09-02 21:50:02 | Epoch  15/100 | Train Loss 0.0259 Acc 0.9956 | Val Loss 1.1150 Acc 0.8542 AUC 0.9304 Pre 0.8579 Rec 0.8542
2026-09-02 21:50:12 | Epoch  16/100 | Train Loss 0.0173 Acc 0.9969 | Val Loss 1.2033 Acc 0.8631 AUC 0.9313 Pre 0.8638 Rec 0.8631
2026-09-02 21:50:12 | Val AUC did not improve for 10 consecutive epochs, early stopping at Epoch 16 (best AUC 0.9347 @ Epoch 6)
2026-09-02 21:50:13 | Run 1/5 | Test (best model @ Epoch 6) | Loss 0.5080 Acc 0.8680 AUC 0.9369 Pre 0.8695 Rec 0.8680
2026-09-02 21:50:13 | ===== Run 2/5 (seed 1) =====
2026-09-02 21:50:24 | Epoch   1/100 | Train Loss 1.2417 Acc 0.5737 | Val Loss 0.7814 Acc 0.5402 AUC 0.6528 Pre 0.6755 Rec 0.5402
2026-09-02 21:50:24 |   Val AUC improved to 0.6528, model saved
2026-09-02 21:50:35 | Epoch   2/100 | Train Loss 0.7673 Acc 0.6397 | Val Loss 0.6977 Acc 0.6529 AUC 0.7194 Pre 0.6538 Rec 0.6529
2026-09-02 21:50:35 |   Val AUC improved to 0.7194, model saved
2026-09-02 21:50:46 | Epoch   3/100 | Train Loss 0.6409 Acc 0.7329 | Val Loss 0.6107 Acc 0.7547 AUC 0.8323 Pre 0.7588 Rec 0.7547
2026-09-02 21:50:46 |   Val AUC improved to 0.8323, model saved
2026-09-02 21:50:56 | Epoch   4/100 | Train Loss 0.5558 Acc 0.7894 | Val Loss 0.5342 Acc 0.7866 AUC 0.8674 Pre 0.7869 Rec 0.7866
2026-09-02 21:50:56 |   Val AUC improved to 0.8674, model saved
2026-09-02 21:51:05 | Epoch   5/100 | Train Loss 0.4267 Acc 0.8550 | Val Loss 0.5238 Acc 0.8040 AUC 0.8925 Pre 0.8094 Rec 0.8040
2026-09-02 21:51:05 |   Val AUC improved to 0.8925, model saved
2026-09-02 21:51:15 | Epoch   6/100 | Train Loss 0.3752 Acc 0.8759 | Val Loss 0.5031 Acc 0.8230 AUC 0.9072 Pre 0.8299 Rec 0.8230
2026-09-02 21:51:16 |   Val AUC improved to 0.9072, model saved
2026-09-02 21:51:26 | Epoch   7/100 | Train Loss 0.2740 Acc 0.9187 | Val Loss 0.5473 Acc 0.8100 AUC 0.8940 Pre 0.8109 Rec 0.8100
2026-09-02 21:51:37 | Epoch   8/100 | Train Loss 0.2179 Acc 0.9391 | Val Loss 0.5615 Acc 0.8328 AUC 0.9085 Pre 0.8328 Rec 0.8328
2026-09-02 21:51:37 |   Val AUC improved to 0.9085, model saved
2026-09-02 21:51:47 | Epoch   9/100 | Train Loss 0.1593 Acc 0.9583 | Val Loss 0.6334 Acc 0.8224 AUC 0.8983 Pre 0.8225 Rec 0.8224
2026-09-02 21:51:58 | Epoch  10/100 | Train Loss 0.1264 Acc 0.9689 | Val Loss 0.8640 Acc 0.8159 AUC 0.9079 Pre 0.8278 Rec 0.8159
2026-09-02 21:52:09 | Epoch  11/100 | Train Loss 0.0790 Acc 0.9828 | Val Loss 1.0761 Acc 0.8208 AUC 0.9099 Pre 0.8310 Rec 0.8208
2026-09-02 21:52:09 |   Val AUC improved to 0.9099, model saved
2026-09-02 21:52:19 | Epoch  12/100 | Train Loss 0.0638 Acc 0.9857 | Val Loss 1.0016 Acc 0.8318 AUC 0.9116 Pre 0.8324 Rec 0.8318
2026-09-02 21:52:19 |   Val AUC improved to 0.9116, model saved
2026-09-02 21:52:30 | Epoch  13/100 | Train Loss 0.0511 Acc 0.9895 | Val Loss 1.1247 Acc 0.8285 AUC 0.9080 Pre 0.8293 Rec 0.8285
2026-09-02 21:52:41 | Epoch  14/100 | Train Loss 0.0347 Acc 0.9931 | Val Loss 1.3209 Acc 0.8276 AUC 0.9123 Pre 0.8356 Rec 0.8276
2026-09-02 21:52:41 |   Val AUC improved to 0.9123, model saved
2026-09-02 21:52:51 | Epoch  15/100 | Train Loss 0.0386 Acc 0.9917 | Val Loss 1.2723 Acc 0.8216 AUC 0.9073 Pre 0.8302 Rec 0.8216
2026-09-02 21:53:02 | Epoch  16/100 | Train Loss 0.0389 Acc 0.9918 | Val Loss 1.2278 Acc 0.8298 AUC 0.9084 Pre 0.8344 Rec 0.8298
2026-09-02 21:53:12 | Epoch  17/100 | Train Loss 0.0270 Acc 0.9949 | Val Loss 1.4141 Acc 0.8303 AUC 0.9083 Pre 0.8358 Rec 0.8303
2026-09-02 21:53:22 | Epoch  18/100 | Train Loss 0.0323 Acc 0.9927 | Val Loss 1.2701 Acc 0.8369 AUC 0.9119 Pre 0.8378 Rec 0.8369
2026-09-02 21:53:32 | Epoch  19/100 | Train Loss 0.0320 Acc 0.9933 | Val Loss 1.2586 Acc 0.8308 AUC 0.9113 Pre 0.8341 Rec 0.8308
2026-09-02 21:53:42 | Epoch  20/100 | Train Loss 0.0271 Acc 0.9949 | Val Loss 1.3154 Acc 0.8380 AUC 0.9153 Pre 0.8403 Rec 0.8380
2026-09-02 21:53:42 |   Val AUC improved to 0.9153, model saved
2026-09-02 21:53:52 | Epoch  21/100 | Train Loss 0.0154 Acc 0.9974 | Val Loss 1.4277 Acc 0.8389 AUC 0.9141 Pre 0.8417 Rec 0.8389
2026-09-02 21:54:01 | Epoch  22/100 | Train Loss 0.0118 Acc 0.9982 | Val Loss 1.4259 Acc 0.8411 AUC 0.9147 Pre 0.8427 Rec 0.8411
2026-09-02 21:54:11 | Epoch  23/100 | Train Loss 0.0224 Acc 0.9962 | Val Loss 1.3744 Acc 0.8285 AUC 0.9111 Pre 0.8327 Rec 0.8285
2026-09-02 21:54:21 | Epoch  24/100 | Train Loss 0.0197 Acc 0.9966 | Val Loss 1.3364 Acc 0.8421 AUC 0.9166 Pre 0.8421 Rec 0.8421
2026-09-02 21:54:21 |   Val AUC improved to 0.9166, model saved
2026-09-02 21:54:32 | Epoch  25/100 | Train Loss 0.0107 Acc 0.9985 | Val Loss 1.3603 Acc 0.8452 AUC 0.9168 Pre 0.8452 Rec 0.8452
2026-09-02 21:54:32 |   Val AUC improved to 0.9168, model saved
2026-09-02 21:54:42 | Epoch  26/100 | Train Loss 0.0115 Acc 0.9983 | Val Loss 1.3443 Acc 0.8339 AUC 0.9121 Pre 0.8345 Rec 0.8339
2026-09-02 21:54:52 | Epoch  27/100 | Train Loss 0.0106 Acc 0.9987 | Val Loss 1.4394 Acc 0.8340 AUC 0.9118 Pre 0.8369 Rec 0.8340
2026-09-02 21:55:02 | Epoch  28/100 | Train Loss 0.0078 Acc 0.9990 | Val Loss 1.4641 Acc 0.8351 AUC 0.9112 Pre 0.8351 Rec 0.8351
2026-09-02 21:55:12 | Epoch  29/100 | Train Loss 0.0095 Acc 0.9987 | Val Loss 1.5307 Acc 0.8443 AUC 0.9161 Pre 0.8461 Rec 0.8443
2026-09-02 21:55:22 | Epoch  30/100 | Train Loss 0.0067 Acc 0.9993 | Val Loss 1.6724 Acc 0.8311 AUC 0.9137 Pre 0.8387 Rec 0.8311
2026-09-02 21:55:33 | Epoch  31/100 | Train Loss 0.0082 Acc 0.9986 | Val Loss 1.5220 Acc 0.8352 AUC 0.9135 Pre 0.8378 Rec 0.8352
2026-09-02 21:55:43 | Epoch  32/100 | Train Loss 0.0094 Acc 0.9985 | Val Loss 1.5639 Acc 0.8310 AUC 0.9106 Pre 0.8337 Rec 0.8310
2026-09-02 21:55:53 | Epoch  33/100 | Train Loss 0.0774 Acc 0.9826 | Val Loss 0.9699 Acc 0.8473 AUC 0.9145 Pre 0.8473 Rec 0.8473
2026-09-02 21:56:03 | Epoch  34/100 | Train Loss 0.0407 Acc 0.9906 | Val Loss 1.2095 Acc 0.8207 AUC 0.9060 Pre 0.8284 Rec 0.8207
2026-09-02 21:56:13 | Epoch  35/100 | Train Loss 0.0215 Acc 0.9957 | Val Loss 1.2886 Acc 0.8393 AUC 0.9148 Pre 0.8397 Rec 0.8393
2026-09-02 21:56:13 | Val AUC did not improve for 10 consecutive epochs, early stopping at Epoch 35 (best AUC 0.9168 @ Epoch 25)
2026-09-02 21:56:14 | Run 2/5 | Test (best model @ Epoch 25) | Loss 1.4164 Acc 0.8388 AUC 0.9113 Pre 0.8388 Rec 0.8388
2026-09-02 21:56:14 | ===== Run 3/5 (seed 2) =====
2026-09-02 21:56:25 | Epoch   1/100 | Train Loss 1.1994 Acc 0.5982 | Val Loss 0.6477 Acc 0.7331 AUC 0.8161 Pre 0.7558 Rec 0.7331
2026-09-02 21:56:25 |   Val AUC improved to 0.8161, model saved
2026-09-02 21:56:35 | Epoch   2/100 | Train Loss 0.6343 Acc 0.7550 | Val Loss 0.5606 Acc 0.7713 AUC 0.8482 Pre 0.7713 Rec 0.7713
2026-09-02 21:56:35 |   Val AUC improved to 0.8482, model saved
2026-09-02 21:56:45 | Epoch   3/100 | Train Loss 0.5206 Acc 0.8146 | Val Loss 0.4654 Acc 0.8286 AUC 0.9040 Pre 0.8288 Rec 0.8286
2026-09-02 21:56:45 |   Val AUC improved to 0.9040, model saved
2026-09-02 21:56:54 | Epoch   4/100 | Train Loss 0.4037 Acc 0.8717 | Val Loss 0.5487 Acc 0.8359 AUC 0.9128 Pre 0.8485 Rec 0.8359
2026-09-02 21:56:55 |   Val AUC improved to 0.9128, model saved
2026-09-02 21:57:05 | Epoch   5/100 | Train Loss 0.3030 Acc 0.9109 | Val Loss 0.4546 Acc 0.8516 AUC 0.9213 Pre 0.8517 Rec 0.8516
2026-09-02 21:57:05 |   Val AUC improved to 0.9213, model saved
2026-09-02 21:57:15 | Epoch   6/100 | Train Loss 0.2091 Acc 0.9435 | Val Loss 0.5378 Acc 0.8398 AUC 0.9120 Pre 0.8455 Rec 0.8398
2026-09-02 21:57:23 | Epoch   7/100 | Train Loss 0.1951 Acc 0.9471 | Val Loss 0.6987 Acc 0.8342 AUC 0.9159 Pre 0.8443 Rec 0.8342
2026-09-02 21:57:32 | Epoch   8/100 | Train Loss 0.1235 Acc 0.9698 | Val Loss 0.7204 Acc 0.8549 AUC 0.9192 Pre 0.8550 Rec 0.8549
2026-09-02 21:57:42 | Epoch   9/100 | Train Loss 0.0814 Acc 0.9822 | Val Loss 0.8648 Acc 0.8493 AUC 0.9205 Pre 0.8493 Rec 0.8493
2026-09-02 21:57:53 | Epoch  10/100 | Train Loss 0.0737 Acc 0.9841 | Val Loss 0.9003 Acc 0.8471 AUC 0.9163 Pre 0.8484 Rec 0.8471
2026-09-02 21:58:03 | Epoch  11/100 | Train Loss 0.0593 Acc 0.9871 | Val Loss 1.0123 Acc 0.8441 AUC 0.9147 Pre 0.8471 Rec 0.8441
2026-09-02 21:58:13 | Epoch  12/100 | Train Loss 0.0524 Acc 0.9887 | Val Loss 0.9608 Acc 0.8435 AUC 0.9134 Pre 0.8445 Rec 0.8435
2026-09-02 21:58:23 | Epoch  13/100 | Train Loss 0.0300 Acc 0.9947 | Val Loss 1.2291 Acc 0.8518 AUC 0.9166 Pre 0.8518 Rec 0.8518
2026-09-02 21:58:34 | Epoch  14/100 | Train Loss 0.0266 Acc 0.9952 | Val Loss 1.2820 Acc 0.8434 AUC 0.9131 Pre 0.8478 Rec 0.8434
2026-09-02 21:58:44 | Epoch  15/100 | Train Loss 0.0628 Acc 0.9863 | Val Loss 0.9143 Acc 0.8337 AUC 0.9068 Pre 0.8338 Rec 0.8337
2026-09-02 21:58:44 | Val AUC did not improve for 10 consecutive epochs, early stopping at Epoch 15 (best AUC 0.9213 @ Epoch 5)
2026-09-02 21:58:46 | Run 3/5 | Test (best model @ Epoch 5) | Loss 0.4642 Acc 0.8438 AUC 0.9189 Pre 0.8440 Rec 0.8438
2026-09-02 21:58:46 | ===== Run 4/5 (seed 3) =====
2026-09-02 21:58:56 | Epoch   1/100 | Train Loss 1.2091 Acc 0.5878 | Val Loss 0.7225 Acc 0.6256 AUC 0.7140 Pre 0.6712 Rec 0.6256
2026-09-02 21:58:57 |   Val AUC improved to 0.7140, model saved
2026-09-02 21:59:07 | Epoch   2/100 | Train Loss 0.7135 Acc 0.6866 | Val Loss 0.6437 Acc 0.7050 AUC 0.8404 Pre 0.7415 Rec 0.7050
2026-09-02 21:59:07 |   Val AUC improved to 0.8404, model saved
2026-09-02 21:59:18 | Epoch   3/100 | Train Loss 0.5361 Acc 0.8023 | Val Loss 0.5390 Acc 0.7876 AUC 0.8848 Pre 0.7958 Rec 0.7876
2026-09-02 21:59:18 |   Val AUC improved to 0.8848, model saved
2026-09-02 21:59:29 | Epoch   4/100 | Train Loss 0.4533 Acc 0.8387 | Val Loss 0.4867 Acc 0.8251 AUC 0.9016 Pre 0.8252 Rec 0.8251
2026-09-02 21:59:29 |   Val AUC improved to 0.9016, model saved
2026-09-02 21:59:40 | Epoch   5/100 | Train Loss 0.3415 Acc 0.8921 | Val Loss 0.4574 Acc 0.8325 AUC 0.9187 Pre 0.8369 Rec 0.8325
2026-09-02 21:59:40 |   Val AUC improved to 0.9187, model saved
2026-09-02 21:59:50 | Epoch   6/100 | Train Loss 0.2501 Acc 0.9302 | Val Loss 0.4863 Acc 0.8392 AUC 0.9177 Pre 0.8396 Rec 0.8392
2026-09-02 22:00:01 | Epoch   7/100 | Train Loss 0.1905 Acc 0.9502 | Val Loss 0.5430 Acc 0.8492 AUC 0.9206 Pre 0.8499 Rec 0.8492
2026-09-02 22:00:01 |   Val AUC improved to 0.9206, model saved
2026-09-02 22:00:12 | Epoch   8/100 | Train Loss 0.1320 Acc 0.9681 | Val Loss 0.7051 Acc 0.8423 AUC 0.9205 Pre 0.8464 Rec 0.8423
2026-09-02 22:00:22 | Epoch   9/100 | Train Loss 0.0696 Acc 0.9864 | Val Loss 0.7366 Acc 0.8495 AUC 0.9220 Pre 0.8499 Rec 0.8495
2026-09-02 22:00:22 |   Val AUC improved to 0.9220, model saved
2026-09-02 22:00:32 | Epoch  10/100 | Train Loss 0.0492 Acc 0.9916 | Val Loss 1.0161 Acc 0.8392 AUC 0.9195 Pre 0.8449 Rec 0.8392
2026-09-02 22:00:43 | Epoch  11/100 | Train Loss 0.0445 Acc 0.9911 | Val Loss 1.0150 Acc 0.8557 AUC 0.9248 Pre 0.8570 Rec 0.8557
2026-09-02 22:00:43 |   Val AUC improved to 0.9248, model saved
2026-09-02 22:00:54 | Epoch  12/100 | Train Loss 0.0524 Acc 0.9885 | Val Loss 0.9497 Acc 0.8499 AUC 0.9205 Pre 0.8499 Rec 0.8499
2026-09-02 22:01:04 | Epoch  13/100 | Train Loss 0.0498 Acc 0.9891 | Val Loss 1.0258 Acc 0.8535 AUC 0.9279 Pre 0.8548 Rec 0.8535
2026-09-02 22:01:04 |   Val AUC improved to 0.9279, model saved
2026-09-02 22:01:14 | Epoch  14/100 | Train Loss 0.0274 Acc 0.9956 | Val Loss 0.9823 Acc 0.8511 AUC 0.9259 Pre 0.8524 Rec 0.8511
2026-09-02 22:01:24 | Epoch  15/100 | Train Loss 0.0193 Acc 0.9970 | Val Loss 1.1710 Acc 0.8547 AUC 0.9238 Pre 0.8553 Rec 0.8547
2026-09-02 22:01:34 | Epoch  16/100 | Train Loss 0.0215 Acc 0.9957 | Val Loss 1.0645 Acc 0.8540 AUC 0.9255 Pre 0.8540 Rec 0.8540
2026-09-02 22:01:44 | Epoch  17/100 | Train Loss 0.0191 Acc 0.9967 | Val Loss 1.1803 Acc 0.8619 AUC 0.9256 Pre 0.8623 Rec 0.8619
2026-09-02 22:01:55 | Epoch  18/100 | Train Loss 0.0163 Acc 0.9975 | Val Loss 1.1197 Acc 0.8527 AUC 0.9265 Pre 0.8532 Rec 0.8527
2026-09-02 22:02:06 | Epoch  19/100 | Train Loss 0.0168 Acc 0.9973 | Val Loss 1.1849 Acc 0.8515 AUC 0.9246 Pre 0.8516 Rec 0.8515
2026-09-02 22:02:16 | Epoch  20/100 | Train Loss 0.0142 Acc 0.9976 | Val Loss 1.2708 Acc 0.8579 AUC 0.9250 Pre 0.8586 Rec 0.8579
2026-09-02 22:02:27 | Epoch  21/100 | Train Loss 0.0124 Acc 0.9981 | Val Loss 1.3497 Acc 0.8595 AUC 0.9272 Pre 0.8595 Rec 0.8595
2026-09-02 22:02:37 | Epoch  22/100 | Train Loss 0.0115 Acc 0.9982 | Val Loss 1.3296 Acc 0.8532 AUC 0.9254 Pre 0.8533 Rec 0.8532
2026-09-02 22:02:48 | Epoch  23/100 | Train Loss 0.0105 Acc 0.9981 | Val Loss 1.2355 Acc 0.8624 AUC 0.9277 Pre 0.8625 Rec 0.8624
2026-09-02 22:02:48 | Val AUC did not improve for 10 consecutive epochs, early stopping at Epoch 23 (best AUC 0.9279 @ Epoch 13)
2026-09-02 22:02:49 | Run 4/5 | Test (best model @ Epoch 13) | Loss 1.0752 Acc 0.8503 AUC 0.9246 Pre 0.8515 Rec 0.8503
2026-09-02 22:02:49 | ===== Run 5/5 (seed 4) =====
2026-09-02 22:03:00 | Epoch   1/100 | Train Loss 1.2077 Acc 0.5955 | Val Loss 0.6042 Acc 0.7382 AUC 0.8187 Pre 0.7477 Rec 0.7382
2026-09-02 22:03:00 |   Val AUC improved to 0.8187, model saved
2026-09-02 22:03:11 | Epoch   2/100 | Train Loss 0.7209 Acc 0.6782 | Val Loss 0.6364 Acc 0.7005 AUC 0.7815 Pre 0.7024 Rec 0.7005
2026-09-02 22:03:21 | Epoch   3/100 | Train Loss 0.6421 Acc 0.7341 | Val Loss 0.5534 Acc 0.7823 AUC 0.8765 Pre 0.8011 Rec 0.7823
2026-09-02 22:03:21 |   Val AUC improved to 0.8765, model saved
2026-09-02 22:03:32 | Epoch   4/100 | Train Loss 0.4820 Acc 0.8293 | Val Loss 0.5000 Acc 0.8186 AUC 0.8988 Pre 0.8202 Rec 0.8186
2026-09-02 22:03:32 |   Val AUC improved to 0.8988, model saved
2026-09-02 22:03:42 | Epoch   5/100 | Train Loss 0.3596 Acc 0.8839 | Val Loss 0.4566 Acc 0.8336 AUC 0.9106 Pre 0.8338 Rec 0.8336
2026-09-02 22:03:43 |   Val AUC improved to 0.9106, model saved
2026-09-02 22:03:53 | Epoch   6/100 | Train Loss 0.2784 Acc 0.9194 | Val Loss 0.4751 Acc 0.8402 AUC 0.9185 Pre 0.8418 Rec 0.8402
2026-09-02 22:03:53 |   Val AUC improved to 0.9185, model saved
2026-09-02 22:04:04 | Epoch   7/100 | Train Loss 0.2030 Acc 0.9450 | Val Loss 0.5853 Acc 0.8451 AUC 0.9208 Pre 0.8485 Rec 0.8451
2026-09-02 22:04:04 |   Val AUC improved to 0.9208, model saved
2026-09-02 22:04:14 | Epoch   8/100 | Train Loss 0.1394 Acc 0.9661 | Val Loss 0.6717 Acc 0.8497 AUC 0.9237 Pre 0.8500 Rec 0.8497
2026-09-02 22:04:15 |   Val AUC improved to 0.9237, model saved
2026-09-02 22:04:25 | Epoch   9/100 | Train Loss 0.0917 Acc 0.9805 | Val Loss 0.7573 Acc 0.8549 AUC 0.9232 Pre 0.8564 Rec 0.8549
2026-09-02 22:04:35 | Epoch  10/100 | Train Loss 0.0648 Acc 0.9858 | Val Loss 0.9926 Acc 0.8500 AUC 0.9215 Pre 0.8505 Rec 0.8500
2026-09-02 22:04:46 | Epoch  11/100 | Train Loss 0.0756 Acc 0.9830 | Val Loss 0.8805 Acc 0.8414 AUC 0.9185 Pre 0.8414 Rec 0.8414
2026-09-02 22:04:56 | Epoch  12/100 | Train Loss 0.0313 Acc 0.9949 | Val Loss 1.0749 Acc 0.8474 AUC 0.9193 Pre 0.8480 Rec 0.8474
2026-09-02 22:05:07 | Epoch  13/100 | Train Loss 0.0329 Acc 0.9936 | Val Loss 1.1281 Acc 0.8420 AUC 0.9170 Pre 0.8448 Rec 0.8420
2026-09-02 22:05:18 | Epoch  14/100 | Train Loss 0.0302 Acc 0.9946 | Val Loss 1.1532 Acc 0.8554 AUC 0.9237 Pre 0.8554 Rec 0.8554
2026-09-02 22:05:28 | Epoch  15/100 | Train Loss 0.0279 Acc 0.9941 | Val Loss 1.1600 Acc 0.8554 AUC 0.9234 Pre 0.8556 Rec 0.8554
2026-09-02 22:05:39 | Epoch  16/100 | Train Loss 0.0213 Acc 0.9965 | Val Loss 1.2404 Acc 0.8469 AUC 0.9207 Pre 0.8473 Rec 0.8469
2026-09-02 22:05:49 | Epoch  17/100 | Train Loss 0.0193 Acc 0.9965 | Val Loss 1.1778 Acc 0.8503 AUC 0.9220 Pre 0.8519 Rec 0.8503
2026-09-02 22:06:00 | Epoch  18/100 | Train Loss 0.0124 Acc 0.9984 | Val Loss 1.3692 Acc 0.8499 AUC 0.9237 Pre 0.8519 Rec 0.8499
2026-09-02 22:06:00 |   Val AUC improved to 0.9237, model saved
2026-09-02 22:06:10 | Epoch  19/100 | Train Loss 0.0181 Acc 0.9968 | Val Loss 1.3510 Acc 0.8529 AUC 0.9212 Pre 0.8539 Rec 0.8529
2026-09-02 22:06:21 | Epoch  20/100 | Train Loss 0.0178 Acc 0.9965 | Val Loss 1.2167 Acc 0.8530 AUC 0.9232 Pre 0.8544 Rec 0.8530
2026-09-02 22:06:31 | Epoch  21/100 | Train Loss 0.0194 Acc 0.9961 | Val Loss 1.2090 Acc 0.8509 AUC 0.9215 Pre 0.8514 Rec 0.8509
2026-09-02 22:06:42 | Epoch  22/100 | Train Loss 0.0137 Acc 0.9980 | Val Loss 1.3171 Acc 0.8532 AUC 0.9217 Pre 0.8567 Rec 0.8532
2026-09-02 22:06:52 | Epoch  23/100 | Train Loss 0.0264 Acc 0.9940 | Val Loss 1.1441 Acc 0.8370 AUC 0.9204 Pre 0.8403 Rec 0.8370
2026-09-02 22:07:03 | Epoch  24/100 | Train Loss 0.0191 Acc 0.9964 | Val Loss 1.2387 Acc 0.8598 AUC 0.9272 Pre 0.8598 Rec 0.8598
2026-09-02 22:07:03 |   Val AUC improved to 0.9272, model saved
2026-09-02 22:07:14 | Epoch  25/100 | Train Loss 0.0144 Acc 0.9970 | Val Loss 1.2789 Acc 0.8550 AUC 0.9272 Pre 0.8560 Rec 0.8550
2026-09-02 22:07:14 |   Val AUC improved to 0.9272, model saved
2026-09-02 22:07:24 | Epoch  26/100 | Train Loss 0.0127 Acc 0.9977 | Val Loss 1.2842 Acc 0.8619 AUC 0.9284 Pre 0.8621 Rec 0.8619
2026-09-02 22:07:24 |   Val AUC improved to 0.9284, model saved
2026-09-02 22:07:35 | Epoch  27/100 | Train Loss 0.0086 Acc 0.9989 | Val Loss 1.3875 Acc 0.8589 AUC 0.9270 Pre 0.8590 Rec 0.8589
2026-09-02 22:07:46 | Epoch  28/100 | Train Loss 0.0094 Acc 0.9985 | Val Loss 1.3612 Acc 0.8550 AUC 0.9246 Pre 0.8561 Rec 0.8550
2026-09-02 22:07:56 | Epoch  29/100 | Train Loss 0.0089 Acc 0.9987 | Val Loss 1.3734 Acc 0.8531 AUC 0.9242 Pre 0.8547 Rec 0.8531
2026-09-02 22:08:06 | Epoch  30/100 | Train Loss 0.0064 Acc 0.9994 | Val Loss 1.4499 Acc 0.8583 AUC 0.9253 Pre 0.8589 Rec 0.8583
2026-09-02 22:08:16 | Epoch  31/100 | Train Loss 0.0088 Acc 0.9988 | Val Loss 1.3421 Acc 0.8597 AUC 0.9287 Pre 0.8598 Rec 0.8597
2026-09-02 22:08:16 |   Val AUC improved to 0.9287, model saved
2026-09-02 22:08:27 | Epoch  32/100 | Train Loss 0.0099 Acc 0.9983 | Val Loss 1.2971 Acc 0.8595 AUC 0.9221 Pre 0.8601 Rec 0.8595
2026-09-02 22:08:37 | Epoch  33/100 | Train Loss 0.0127 Acc 0.9976 | Val Loss 1.2401 Acc 0.8603 AUC 0.9268 Pre 0.8607 Rec 0.8603
2026-09-02 22:08:48 | Epoch  34/100 | Train Loss 0.0107 Acc 0.9980 | Val Loss 1.3739 Acc 0.8559 AUC 0.9256 Pre 0.8591 Rec 0.8559
2026-09-02 22:08:58 | Epoch  35/100 | Train Loss 0.0090 Acc 0.9983 | Val Loss 1.3667 Acc 0.8542 AUC 0.9277 Pre 0.8572 Rec 0.8542
2026-09-02 22:09:09 | Epoch  36/100 | Train Loss 0.0077 Acc 0.9987 | Val Loss 1.3752 Acc 0.8538 AUC 0.9252 Pre 0.8538 Rec 0.8538
2026-09-02 22:09:19 | Epoch  37/100 | Train Loss 0.0068 Acc 0.9992 | Val Loss 1.4061 Acc 0.8516 AUC 0.9253 Pre 0.8526 Rec 0.8516
2026-09-02 22:09:30 | Epoch  38/100 | Train Loss 0.0063 Acc 0.9992 | Val Loss 1.4657 Acc 0.8585 AUC 0.9244 Pre 0.8603 Rec 0.8585
2026-09-02 22:09:40 | Epoch  39/100 | Train Loss 0.0086 Acc 0.9988 | Val Loss 1.4188 Acc 0.8546 AUC 0.9217 Pre 0.8567 Rec 0.8546
2026-09-02 22:09:50 | Epoch  40/100 | Train Loss 0.0100 Acc 0.9985 | Val Loss 1.3497 Acc 0.8597 AUC 0.9269 Pre 0.8605 Rec 0.8597
2026-09-02 22:10:01 | Epoch  41/100 | Train Loss 0.0062 Acc 0.9992 | Val Loss 1.3880 Acc 0.8566 AUC 0.9269 Pre 0.8568 Rec 0.8566
2026-09-02 22:10:01 | Val AUC did not improve for 10 consecutive epochs, early stopping at Epoch 41 (best AUC 0.9287 @ Epoch 31)
2026-09-02 22:10:02 | Run 5/5 | Test (best model @ Epoch 31) | Loss 1.3696 Acc 0.8585 AUC 0.9272 Pre 0.8587 Rec 0.8585
2026-09-02 22:10:02 | Average over 5 runs | Test Loss 0.9667±0.4581 Acc 0.8519±0.0116 AUC 0.9238±0.0095 Pre 0.8525±0.0121 Rec 0.8519±0.0116
