2026-09-01 11:17:00 | Device: cuda
2026-09-01 11:17:00 | Args: {'model': 'opb', 'backbone': 'cnn', 'task': 'mnist', 'epochs': 100, 'batch_size': 512, 'lr': 0.001, 'hidden_dims': [512, 256], 'dropout': 0.2, 'z_dim': 256, 'anchor_scale': 6.0, 'energy_classifier': False, 'max_len': 250, 'random_labels': False, 'beta': 10.0, 'patience': 10, 'runs': 5, 'seed': 0, 'data_dir': './data', 'save_path': 'output/mnist_cnn_opb/mnist_cnn_opb.pt', 'log_path': '/root/autodl-tmp/IB/tune_results/mnist_cnn_opb_beta_10_anchor_6/train.log', 'no_save': True}
2026-09-01 11:17:01 | ===== Run 1/5 (seed 0) =====
2026-09-01 11:17:07 | Epoch   1/100 | Train Loss 84.7667 Acc 0.3820 | Val Loss 19.1247 Acc 0.9729 AUC 0.9990 Pre 0.9728 Rec 0.9728
2026-09-01 11:17:07 |   Val AUC improved to 0.9990, model saved
2026-09-01 11:17:11 | Epoch   2/100 | Train Loss 20.3045 Acc 0.8884 | Val Loss 10.6413 Acc 0.9830 AUC 0.9997 Pre 0.9829 Rec 0.9831
2026-09-01 11:17:11 |   Val AUC improved to 0.9997, model saved
2026-09-01 11:17:16 | Epoch   3/100 | Train Loss 14.7847 Acc 0.9321 | Val Loss 8.0180 Acc 0.9869 AUC 0.9998 Pre 0.9869 Rec 0.9869
2026-09-01 11:17:16 |   Val AUC improved to 0.9998, model saved
2026-09-01 11:17:21 | Epoch   4/100 | Train Loss 12.2285 Acc 0.9426 | Val Loss 7.0157 Acc 0.9892 AUC 0.9999 Pre 0.9891 Rec 0.9892
2026-09-01 11:17:21 |   Val AUC improved to 0.9999, model saved
2026-09-01 11:17:25 | Epoch   5/100 | Train Loss 10.5701 Acc 0.9469 | Val Loss 5.6972 Acc 0.9896 AUC 0.9999 Pre 0.9895 Rec 0.9895
2026-09-01 11:17:25 |   Val AUC improved to 0.9999, model saved
2026-09-01 11:17:30 | Epoch   6/100 | Train Loss 9.1286 Acc 0.9459 | Val Loss 4.6910 Acc 0.9901 AUC 0.9999 Pre 0.9901 Rec 0.9900
2026-09-01 11:17:30 |   Val AUC improved to 0.9999, model saved
2026-09-01 11:17:35 | Epoch   7/100 | Train Loss 7.9515 Acc 0.9434 | Val Loss 4.1595 Acc 0.9909 AUC 0.9999 Pre 0.9909 Rec 0.9908
2026-09-01 11:17:35 |   Val AUC improved to 0.9999, model saved
2026-09-01 11:17:40 | Epoch   8/100 | Train Loss 6.8311 Acc 0.9371 | Val Loss 3.3900 Acc 0.9906 AUC 0.9999 Pre 0.9906 Rec 0.9905
2026-09-01 11:17:45 | Epoch   9/100 | Train Loss 5.9338 Acc 0.9256 | Val Loss 2.9073 Acc 0.9912 AUC 0.9999 Pre 0.9912 Rec 0.9911
2026-09-01 11:17:49 | Epoch  10/100 | Train Loss 5.1816 Acc 0.9110 | Val Loss 2.4899 Acc 0.9917 AUC 0.9999 Pre 0.9917 Rec 0.9916
2026-09-01 11:17:49 |   Val AUC improved to 0.9999, model saved
2026-09-01 11:17:54 | Epoch  11/100 | Train Loss 4.5759 Acc 0.8982 | Val Loss 2.2618 Acc 0.9922 AUC 0.9999 Pre 0.9922 Rec 0.9922
2026-09-01 11:17:54 |   Val AUC improved to 0.9999, model saved
2026-09-01 11:17:59 | Epoch  12/100 | Train Loss 4.0921 Acc 0.8836 | Val Loss 1.9908 Acc 0.9909 AUC 0.9999 Pre 0.9909 Rec 0.9908
2026-09-01 11:18:03 | Epoch  13/100 | Train Loss 3.7521 Acc 0.8676 | Val Loss 1.8320 Acc 0.9916 AUC 0.9998 Pre 0.9916 Rec 0.9915
2026-09-01 11:18:08 | Epoch  14/100 | Train Loss 3.4467 Acc 0.8486 | Val Loss 1.5841 Acc 0.9919 AUC 0.9999 Pre 0.9919 Rec 0.9918
2026-09-01 11:18:12 | Epoch  15/100 | Train Loss 3.1874 Acc 0.8378 | Val Loss 1.5819 Acc 0.9920 AUC 0.9998 Pre 0.9920 Rec 0.9919
2026-09-01 11:18:17 | Epoch  16/100 | Train Loss 3.0006 Acc 0.8231 | Val Loss 1.3092 Acc 0.9915 AUC 0.9999 Pre 0.9915 Rec 0.9914
2026-09-01 11:18:21 | Epoch  17/100 | Train Loss 2.8434 Acc 0.8082 | Val Loss 1.1977 Acc 0.9921 AUC 0.9999 Pre 0.9921 Rec 0.9920
2026-09-01 11:18:26 | Epoch  18/100 | Train Loss 2.7044 Acc 0.7968 | Val Loss 1.1353 Acc 0.9920 AUC 0.9998 Pre 0.9921 Rec 0.9919
2026-09-01 11:18:31 | Epoch  19/100 | Train Loss 2.5921 Acc 0.7863 | Val Loss 1.1082 Acc 0.9918 AUC 0.9998 Pre 0.9919 Rec 0.9917
2026-09-01 11:18:35 | Epoch  20/100 | Train Loss 2.5243 Acc 0.7759 | Val Loss 1.0672 Acc 0.9921 AUC 0.9998 Pre 0.9922 Rec 0.9920
2026-09-01 11:18:40 | Epoch  21/100 | Train Loss 2.4370 Acc 0.7663 | Val Loss 1.0305 Acc 0.9919 AUC 0.9998 Pre 0.9919 Rec 0.9918
2026-09-01 11:18:40 | Val AUC did not improve for 10 consecutive epochs, early stopping at Epoch 21 (best AUC 0.9999 @ Epoch 11)
2026-09-01 11:18:40 | Run 1/5 | Test (best model @ Epoch 11) | Loss 2.1229 Acc 0.9931 AUC 1.0000 Pre 0.9931 Rec 0.9931
2026-09-01 11:18:40 | ===== Run 2/5 (seed 1) =====
2026-09-01 11:18:45 | Epoch   1/100 | Train Loss 87.9540 Acc 0.3852 | Val Loss 19.4808 Acc 0.9700 AUC 0.9990 Pre 0.9702 Rec 0.9698
2026-09-01 11:18:45 |   Val AUC improved to 0.9990, model saved
2026-09-01 11:18:50 | Epoch   2/100 | Train Loss 22.1132 Acc 0.8838 | Val Loss 11.5327 Acc 0.9812 AUC 0.9997 Pre 0.9813 Rec 0.9811
2026-09-01 11:18:50 |   Val AUC improved to 0.9997, model saved
2026-09-01 11:18:55 | Epoch   3/100 | Train Loss 16.3182 Acc 0.9261 | Val Loss 8.7309 Acc 0.9862 AUC 0.9998 Pre 0.9862 Rec 0.9863
2026-09-01 11:18:55 |   Val AUC improved to 0.9998, model saved
2026-09-01 11:18:59 | Epoch   4/100 | Train Loss 13.4880 Acc 0.9369 | Val Loss 7.0633 Acc 0.9873 AUC 0.9998 Pre 0.9873 Rec 0.9873
2026-09-01 11:18:59 |   Val AUC improved to 0.9998, model saved
2026-09-01 11:19:04 | Epoch   5/100 | Train Loss 11.4413 Acc 0.9397 | Val Loss 6.0370 Acc 0.9897 AUC 0.9999 Pre 0.9897 Rec 0.9896
2026-09-01 11:19:04 |   Val AUC improved to 0.9999, model saved
2026-09-01 11:19:08 | Epoch   6/100 | Train Loss 9.7114 Acc 0.9360 | Val Loss 4.6734 Acc 0.9901 AUC 0.9999 Pre 0.9901 Rec 0.9900
2026-09-01 11:19:08 |   Val AUC improved to 0.9999, model saved
2026-09-01 11:19:12 | Epoch   7/100 | Train Loss 8.1951 Acc 0.9284 | Val Loss 3.9215 Acc 0.9905 AUC 0.9999 Pre 0.9905 Rec 0.9904
2026-09-01 11:19:12 |   Val AUC improved to 0.9999, model saved
2026-09-01 11:19:17 | Epoch   8/100 | Train Loss 7.0019 Acc 0.9167 | Val Loss 3.3659 Acc 0.9905 AUC 0.9999 Pre 0.9905 Rec 0.9904
2026-09-01 11:19:21 | Epoch   9/100 | Train Loss 6.0475 Acc 0.9005 | Val Loss 2.7520 Acc 0.9912 AUC 0.9999 Pre 0.9912 Rec 0.9911
2026-09-01 11:19:21 |   Val AUC improved to 0.9999, model saved
2026-09-01 11:19:26 | Epoch  10/100 | Train Loss 5.2671 Acc 0.8874 | Val Loss 2.3613 Acc 0.9917 AUC 0.9999 Pre 0.9917 Rec 0.9916
2026-09-01 11:19:31 | Epoch  11/100 | Train Loss 4.7001 Acc 0.8736 | Val Loss 2.1295 Acc 0.9914 AUC 0.9999 Pre 0.9914 Rec 0.9913
2026-09-01 11:19:35 | Epoch  12/100 | Train Loss 4.2826 Acc 0.8572 | Val Loss 2.0874 Acc 0.9922 AUC 0.9999 Pre 0.9923 Rec 0.9921
2026-09-01 11:19:40 | Epoch  13/100 | Train Loss 3.9186 Acc 0.8410 | Val Loss 1.6686 Acc 0.9922 AUC 0.9999 Pre 0.9923 Rec 0.9922
2026-09-01 11:19:45 | Epoch  14/100 | Train Loss 3.6379 Acc 0.8284 | Val Loss 1.5643 Acc 0.9924 AUC 0.9999 Pre 0.9924 Rec 0.9923
2026-09-01 11:19:49 | Epoch  15/100 | Train Loss 3.3899 Acc 0.8134 | Val Loss 1.4134 Acc 0.9924 AUC 0.9999 Pre 0.9925 Rec 0.9923
2026-09-01 11:19:54 | Epoch  16/100 | Train Loss 3.1976 Acc 0.8014 | Val Loss 1.3045 Acc 0.9928 AUC 0.9999 Pre 0.9929 Rec 0.9927
2026-09-01 11:19:58 | Epoch  17/100 | Train Loss 3.0426 Acc 0.7870 | Val Loss 1.2287 Acc 0.9933 AUC 0.9999 Pre 0.9934 Rec 0.9932
2026-09-01 11:20:03 | Epoch  18/100 | Train Loss 2.9289 Acc 0.7793 | Val Loss 1.1995 Acc 0.9931 AUC 0.9999 Pre 0.9931 Rec 0.9931
2026-09-01 11:20:07 | Epoch  19/100 | Train Loss 2.8288 Acc 0.7657 | Val Loss 1.1095 Acc 0.9927 AUC 0.9999 Pre 0.9928 Rec 0.9926
2026-09-01 11:20:07 | Val AUC did not improve for 10 consecutive epochs, early stopping at Epoch 19 (best AUC 0.9999 @ Epoch 9)
2026-09-01 11:20:08 | Run 2/5 | Test (best model @ Epoch 9) | Loss 2.5859 Acc 0.9921 AUC 1.0000 Pre 0.9921 Rec 0.9920
2026-09-01 11:20:08 | ===== Run 3/5 (seed 2) =====
2026-09-01 11:20:12 | Epoch   1/100 | Train Loss 84.9551 Acc 0.3769 | Val Loss 19.4074 Acc 0.9721 AUC 0.9989 Pre 0.9722 Rec 0.9720
2026-09-01 11:20:12 |   Val AUC improved to 0.9989, model saved
2026-09-01 11:20:17 | Epoch   2/100 | Train Loss 21.1972 Acc 0.8815 | Val Loss 11.6152 Acc 0.9823 AUC 0.9997 Pre 0.9822 Rec 0.9823
2026-09-01 11:20:17 |   Val AUC improved to 0.9997, model saved
2026-09-01 11:20:22 | Epoch   3/100 | Train Loss 15.2641 Acc 0.9295 | Val Loss 8.4512 Acc 0.9860 AUC 0.9998 Pre 0.9860 Rec 0.9860
2026-09-01 11:20:22 |   Val AUC improved to 0.9998, model saved
2026-09-01 11:20:26 | Epoch   4/100 | Train Loss 12.5912 Acc 0.9406 | Val Loss 7.5715 Acc 0.9876 AUC 0.9998 Pre 0.9876 Rec 0.9876
2026-09-01 11:20:26 |   Val AUC improved to 0.9998, model saved
2026-09-01 11:20:31 | Epoch   5/100 | Train Loss 10.7025 Acc 0.9469 | Val Loss 5.8642 Acc 0.9894 AUC 0.9999 Pre 0.9893 Rec 0.9894
2026-09-01 11:20:31 |   Val AUC improved to 0.9999, model saved
2026-09-01 11:20:36 | Epoch   6/100 | Train Loss 9.2541 Acc 0.9462 | Val Loss 5.3787 Acc 0.9897 AUC 0.9999 Pre 0.9897 Rec 0.9896
2026-09-01 11:20:40 | Epoch   7/100 | Train Loss 7.9619 Acc 0.9418 | Val Loss 4.1167 Acc 0.9902 AUC 0.9999 Pre 0.9902 Rec 0.9901
2026-09-01 11:20:40 |   Val AUC improved to 0.9999, model saved
2026-09-01 11:20:45 | Epoch   8/100 | Train Loss 6.9008 Acc 0.9359 | Val Loss 3.8004 Acc 0.9904 AUC 0.9999 Pre 0.9903 Rec 0.9903
2026-09-01 11:20:45 |   Val AUC improved to 0.9999, model saved
2026-09-01 11:20:49 | Epoch   9/100 | Train Loss 5.9613 Acc 0.9244 | Val Loss 3.0852 Acc 0.9910 AUC 0.9999 Pre 0.9910 Rec 0.9909
2026-09-01 11:20:54 | Epoch  10/100 | Train Loss 5.1544 Acc 0.9110 | Val Loss 2.5372 Acc 0.9913 AUC 0.9999 Pre 0.9913 Rec 0.9912
2026-09-01 11:20:54 |   Val AUC improved to 0.9999, model saved
2026-09-01 11:20:59 | Epoch  11/100 | Train Loss 4.5964 Acc 0.8954 | Val Loss 2.4112 Acc 0.9912 AUC 0.9999 Pre 0.9912 Rec 0.9911
2026-09-01 11:21:04 | Epoch  12/100 | Train Loss 4.0920 Acc 0.8793 | Val Loss 1.9866 Acc 0.9918 AUC 0.9999 Pre 0.9918 Rec 0.9917
2026-09-01 11:21:08 | Epoch  13/100 | Train Loss 3.6777 Acc 0.8601 | Val Loss 1.8756 Acc 0.9920 AUC 0.9999 Pre 0.9920 Rec 0.9919
2026-09-01 11:21:13 | Epoch  14/100 | Train Loss 3.3936 Acc 0.8438 | Val Loss 1.5884 Acc 0.9920 AUC 0.9999 Pre 0.9920 Rec 0.9919
2026-09-01 11:21:17 | Epoch  15/100 | Train Loss 3.1383 Acc 0.8284 | Val Loss 1.4135 Acc 0.9922 AUC 0.9999 Pre 0.9922 Rec 0.9921
2026-09-01 11:21:22 | Epoch  16/100 | Train Loss 2.9244 Acc 0.8160 | Val Loss 1.3109 Acc 0.9923 AUC 0.9999 Pre 0.9923 Rec 0.9922
2026-09-01 11:21:26 | Epoch  17/100 | Train Loss 2.7817 Acc 0.8002 | Val Loss 1.2239 Acc 0.9920 AUC 0.9999 Pre 0.9920 Rec 0.9919
2026-09-01 11:21:31 | Epoch  18/100 | Train Loss 2.6885 Acc 0.7866 | Val Loss 1.1713 Acc 0.9922 AUC 0.9999 Pre 0.9922 Rec 0.9921
2026-09-01 11:21:35 | Epoch  19/100 | Train Loss 2.5528 Acc 0.7782 | Val Loss 1.1012 Acc 0.9926 AUC 0.9999 Pre 0.9926 Rec 0.9925
2026-09-01 11:21:40 | Epoch  20/100 | Train Loss 2.4847 Acc 0.7719 | Val Loss 1.0327 Acc 0.9920 AUC 0.9999 Pre 0.9920 Rec 0.9919
2026-09-01 11:21:40 | Val AUC did not improve for 10 consecutive epochs, early stopping at Epoch 20 (best AUC 0.9999 @ Epoch 10)
2026-09-01 11:21:41 | Run 3/5 | Test (best model @ Epoch 10) | Loss 2.4158 Acc 0.9922 AUC 1.0000 Pre 0.9922 Rec 0.9921
2026-09-01 11:21:41 | ===== Run 4/5 (seed 3) =====
2026-09-01 11:21:45 | Epoch   1/100 | Train Loss 83.3410 Acc 0.3828 | Val Loss 19.2085 Acc 0.9716 AUC 0.9991 Pre 0.9717 Rec 0.9715
2026-09-01 11:21:45 |   Val AUC improved to 0.9991, model saved
2026-09-01 11:21:50 | Epoch   2/100 | Train Loss 21.0491 Acc 0.8831 | Val Loss 11.1563 Acc 0.9817 AUC 0.9997 Pre 0.9817 Rec 0.9818
2026-09-01 11:21:50 |   Val AUC improved to 0.9997, model saved
2026-09-01 11:21:54 | Epoch   3/100 | Train Loss 15.2687 Acc 0.9293 | Val Loss 8.8378 Acc 0.9858 AUC 0.9998 Pre 0.9857 Rec 0.9858
2026-09-01 11:21:54 |   Val AUC improved to 0.9998, model saved
2026-09-01 11:21:58 | Epoch   4/100 | Train Loss 12.6257 Acc 0.9409 | Val Loss 7.0412 Acc 0.9872 AUC 0.9998 Pre 0.9871 Rec 0.9871
2026-09-01 11:21:58 |   Val AUC improved to 0.9998, model saved
2026-09-01 11:22:03 | Epoch   5/100 | Train Loss 10.6630 Acc 0.9471 | Val Loss 5.8363 Acc 0.9883 AUC 0.9999 Pre 0.9882 Rec 0.9882
2026-09-01 11:22:03 |   Val AUC improved to 0.9999, model saved
2026-09-01 11:22:08 | Epoch   6/100 | Train Loss 9.1879 Acc 0.9435 | Val Loss 4.7580 Acc 0.9892 AUC 0.9999 Pre 0.9891 Rec 0.9891
2026-09-01 11:22:08 |   Val AUC improved to 0.9999, model saved
2026-09-01 11:22:13 | Epoch   7/100 | Train Loss 7.8162 Acc 0.9385 | Val Loss 4.2343 Acc 0.9892 AUC 0.9999 Pre 0.9891 Rec 0.9891
2026-09-01 11:22:18 | Epoch   8/100 | Train Loss 6.7065 Acc 0.9305 | Val Loss 3.3977 Acc 0.9898 AUC 0.9999 Pre 0.9897 Rec 0.9897
2026-09-01 11:22:18 |   Val AUC improved to 0.9999, model saved
2026-09-01 11:22:23 | Epoch   9/100 | Train Loss 5.8322 Acc 0.9185 | Val Loss 2.8441 Acc 0.9906 AUC 0.9999 Pre 0.9906 Rec 0.9905
2026-09-01 11:22:28 | Epoch  10/100 | Train Loss 5.0933 Acc 0.9052 | Val Loss 2.6183 Acc 0.9910 AUC 0.9998 Pre 0.9910 Rec 0.9909
2026-09-01 11:22:32 | Epoch  11/100 | Train Loss 4.5184 Acc 0.8904 | Val Loss 2.1856 Acc 0.9906 AUC 0.9999 Pre 0.9906 Rec 0.9905
2026-09-01 11:22:37 | Epoch  12/100 | Train Loss 4.0525 Acc 0.8759 | Val Loss 1.8627 Acc 0.9908 AUC 0.9998 Pre 0.9908 Rec 0.9908
2026-09-01 11:22:42 | Epoch  13/100 | Train Loss 3.7186 Acc 0.8614 | Val Loss 1.6899 Acc 0.9915 AUC 0.9998 Pre 0.9915 Rec 0.9914
2026-09-01 11:22:46 | Epoch  14/100 | Train Loss 3.4455 Acc 0.8453 | Val Loss 1.6250 Acc 0.9911 AUC 0.9998 Pre 0.9911 Rec 0.9910
2026-09-01 11:22:51 | Epoch  15/100 | Train Loss 3.2384 Acc 0.8337 | Val Loss 1.4331 Acc 0.9918 AUC 0.9998 Pre 0.9918 Rec 0.9917
2026-09-01 11:22:56 | Epoch  16/100 | Train Loss 3.0439 Acc 0.8244 | Val Loss 1.3718 Acc 0.9920 AUC 0.9998 Pre 0.9920 Rec 0.9919
2026-09-01 11:23:01 | Epoch  17/100 | Train Loss 2.8798 Acc 0.8102 | Val Loss 1.3510 Acc 0.9914 AUC 0.9998 Pre 0.9914 Rec 0.9913
2026-09-01 11:23:05 | Epoch  18/100 | Train Loss 2.7685 Acc 0.7970 | Val Loss 1.2130 Acc 0.9920 AUC 0.9998 Pre 0.9920 Rec 0.9919
2026-09-01 11:23:05 | Val AUC did not improve for 10 consecutive epochs, early stopping at Epoch 18 (best AUC 0.9999 @ Epoch 8)
2026-09-01 11:23:06 | Run 4/5 | Test (best model @ Epoch 8) | Loss 3.2075 Acc 0.9917 AUC 1.0000 Pre 0.9916 Rec 0.9916
2026-09-01 11:23:06 | ===== Run 5/5 (seed 4) =====
2026-09-01 11:23:11 | Epoch   1/100 | Train Loss 79.9545 Acc 0.4038 | Val Loss 18.0306 Acc 0.9736 AUC 0.9992 Pre 0.9735 Rec 0.9735
2026-09-01 11:23:11 |   Val AUC improved to 0.9992, model saved
2026-09-01 11:23:15 | Epoch   2/100 | Train Loss 19.5331 Acc 0.8974 | Val Loss 10.6473 Acc 0.9831 AUC 0.9998 Pre 0.9830 Rec 0.9831
2026-09-01 11:23:15 |   Val AUC improved to 0.9998, model saved
2026-09-01 11:23:19 | Epoch   3/100 | Train Loss 14.1495 Acc 0.9371 | Val Loss 8.1518 Acc 0.9856 AUC 0.9998 Pre 0.9856 Rec 0.9856
2026-09-01 11:23:19 |   Val AUC improved to 0.9998, model saved
2026-09-01 11:23:24 | Epoch   4/100 | Train Loss 11.6968 Acc 0.9478 | Val Loss 6.8352 Acc 0.9889 AUC 0.9999 Pre 0.9888 Rec 0.9888
2026-09-01 11:23:24 |   Val AUC improved to 0.9999, model saved
2026-09-01 11:23:29 | Epoch   5/100 | Train Loss 10.0748 Acc 0.9522 | Val Loss 5.8446 Acc 0.9906 AUC 0.9999 Pre 0.9906 Rec 0.9905
2026-09-01 11:23:29 |   Val AUC improved to 0.9999, model saved
2026-09-01 11:23:33 | Epoch   6/100 | Train Loss 8.7594 Acc 0.9530 | Val Loss 5.0652 Acc 0.9900 AUC 0.9999 Pre 0.9901 Rec 0.9899
2026-09-01 11:23:38 | Epoch   7/100 | Train Loss 7.5710 Acc 0.9517 | Val Loss 4.2402 Acc 0.9909 AUC 0.9998 Pre 0.9910 Rec 0.9908
2026-09-01 11:23:42 | Epoch   8/100 | Train Loss 6.6065 Acc 0.9476 | Val Loss 3.6334 Acc 0.9923 AUC 0.9999 Pre 0.9923 Rec 0.9922
2026-09-01 11:23:46 | Epoch   9/100 | Train Loss 5.8149 Acc 0.9371 | Val Loss 3.2142 Acc 0.9911 AUC 0.9998 Pre 0.9911 Rec 0.9910
2026-09-01 11:23:51 | Epoch  10/100 | Train Loss 5.1064 Acc 0.9297 | Val Loss 2.9175 Acc 0.9917 AUC 0.9998 Pre 0.9917 Rec 0.9916
2026-09-01 11:23:55 | Epoch  11/100 | Train Loss 4.5415 Acc 0.9208 | Val Loss 2.4598 Acc 0.9918 AUC 0.9998 Pre 0.9919 Rec 0.9917
2026-09-01 11:24:00 | Epoch  12/100 | Train Loss 4.0584 Acc 0.9079 | Val Loss 2.2882 Acc 0.9919 AUC 0.9998 Pre 0.9919 Rec 0.9918
2026-09-01 11:24:04 | Epoch  13/100 | Train Loss 3.7562 Acc 0.8912 | Val Loss 2.0323 Acc 0.9919 AUC 0.9998 Pre 0.9919 Rec 0.9918
2026-09-01 11:24:09 | Epoch  14/100 | Train Loss 3.4152 Acc 0.8837 | Val Loss 1.7950 Acc 0.9931 AUC 0.9998 Pre 0.9931 Rec 0.9930
2026-09-01 11:24:14 | Epoch  15/100 | Train Loss 3.1693 Acc 0.8710 | Val Loss 1.6174 Acc 0.9921 AUC 0.9997 Pre 0.9921 Rec 0.9920
2026-09-01 11:24:14 | Val AUC did not improve for 10 consecutive epochs, early stopping at Epoch 15 (best AUC 0.9999 @ Epoch 5)
2026-09-01 11:24:14 | Run 5/5 | Test (best model @ Epoch 5) | Loss 5.5705 Acc 0.9914 AUC 0.9999 Pre 0.9914 Rec 0.9913
2026-09-01 11:24:14 | Average over 5 runs | Test Loss 3.1805±1.3937 Acc 0.9921±0.0006 AUC 1.0000±0.0000 Pre 0.9921±0.0007 Rec 0.9920±0.0007
