2026-09-06 01:53:36 | Device: cuda
2026-09-06 01:53:36 | Args: {'model': 'ceb-energy', 'backbone': 'mlp', 'task': 'mnist', 'epochs': 100, 'batch_size': 512, 'lr': 0.001, 'hidden_dims': [512, 256], 'dropout': 0.2, 'z_dim': 256, 'anchor_scale': 4.0, 'energy_classifier': False, 'tied_head': False, 'max_len': 250, 'random_labels': False, 'beta': 0.1, 'patience': 10, 'runs': 5, 'seed': 0, 'data_dir': './data', 'save_path': 'output/mnist_mlp_ceb-energy/mnist_mlp_ceb-energy.pt', 'log_path': '/root/autodl-tmp/IB/output/ablation/mnist_mlp_ceb-energy_beta_0.1/train.log', 'no_save': True}
2026-09-06 01:53:36 | ===== Run 1/5 (seed 0) =====
2026-09-06 01:53:42 | Epoch   1/100 | Train Loss 2.2790 Acc 0.1639 | Val Loss 2.1107 Acc 0.5022 AUC 0.8590 Pre 0.4364 Rec 0.4836
2026-09-06 01:53:42 |   Val AUC improved to 0.8590, model saved
2026-09-06 01:53:47 | Epoch   2/100 | Train Loss 1.8754 Acc 0.4007 | Val Loss 1.4390 Acc 0.6939 AUC 0.9389 Pre 0.6884 Rec 0.6777
2026-09-06 01:53:47 |   Val AUC improved to 0.9389, model saved
2026-09-06 01:53:51 | Epoch   3/100 | Train Loss 1.4153 Acc 0.5895 | Val Loss 0.9412 Acc 0.9236 AUC 0.9867 Pre 0.9218 Rec 0.9212
2026-09-06 01:53:51 |   Val AUC improved to 0.9867, model saved
2026-09-06 01:53:55 | Epoch   4/100 | Train Loss 1.0155 Acc 0.7851 | Val Loss 0.5056 Acc 0.9566 AUC 0.9968 Pre 0.9560 Rec 0.9559
2026-09-06 01:53:55 |   Val AUC improved to 0.9968, model saved
2026-09-06 01:54:00 | Epoch   5/100 | Train Loss 0.7797 Acc 0.8444 | Val Loss 0.3490 Acc 0.9650 AUC 0.9981 Pre 0.9644 Rec 0.9646
2026-09-06 01:54:00 |   Val AUC improved to 0.9981, model saved
2026-09-06 01:54:04 | Epoch   6/100 | Train Loss 0.6685 Acc 0.8684 | Val Loss 0.3087 Acc 0.9657 AUC 0.9986 Pre 0.9649 Rec 0.9655
2026-09-06 01:54:04 |   Val AUC improved to 0.9986, model saved
2026-09-06 01:54:08 | Epoch   7/100 | Train Loss 0.6005 Acc 0.8830 | Val Loss 0.2636 Acc 0.9694 AUC 0.9989 Pre 0.9688 Rec 0.9691
2026-09-06 01:54:08 |   Val AUC improved to 0.9989, model saved
2026-09-06 01:54:12 | Epoch   8/100 | Train Loss 0.5536 Acc 0.8921 | Val Loss 0.2367 Acc 0.9699 AUC 0.9986 Pre 0.9694 Rec 0.9697
2026-09-06 01:54:16 | Epoch   9/100 | Train Loss 0.5110 Acc 0.9015 | Val Loss 0.2104 Acc 0.9724 AUC 0.9990 Pre 0.9720 Rec 0.9723
2026-09-06 01:54:16 |   Val AUC improved to 0.9990, model saved
2026-09-06 01:54:21 | Epoch  10/100 | Train Loss 0.4735 Acc 0.9113 | Val Loss 0.2100 Acc 0.9733 AUC 0.9990 Pre 0.9729 Rec 0.9731
2026-09-06 01:54:21 |   Val AUC improved to 0.9990, model saved
2026-09-06 01:54:25 | Epoch  11/100 | Train Loss 0.4545 Acc 0.9143 | Val Loss 0.2261 Acc 0.9714 AUC 0.9991 Pre 0.9710 Rec 0.9712
2026-09-06 01:54:25 |   Val AUC improved to 0.9991, model saved
2026-09-06 01:54:29 | Epoch  12/100 | Train Loss 0.4348 Acc 0.9195 | Val Loss 0.2129 Acc 0.9723 AUC 0.9991 Pre 0.9718 Rec 0.9721
2026-09-06 01:54:29 |   Val AUC improved to 0.9991, model saved
2026-09-06 01:54:33 | Epoch  13/100 | Train Loss 0.4158 Acc 0.9255 | Val Loss 0.2075 Acc 0.9748 AUC 0.9991 Pre 0.9744 Rec 0.9745
2026-09-06 01:54:37 | Epoch  14/100 | Train Loss 0.3962 Acc 0.9292 | Val Loss 0.1899 Acc 0.9728 AUC 0.9990 Pre 0.9723 Rec 0.9727
2026-09-06 01:54:41 | Epoch  15/100 | Train Loss 0.3824 Acc 0.9324 | Val Loss 0.2124 Acc 0.9716 AUC 0.9990 Pre 0.9711 Rec 0.9714
2026-09-06 01:54:46 | Epoch  16/100 | Train Loss 0.3749 Acc 0.9355 | Val Loss 0.2067 Acc 0.9763 AUC 0.9992 Pre 0.9760 Rec 0.9760
2026-09-06 01:54:46 |   Val AUC improved to 0.9992, model saved
2026-09-06 01:54:50 | Epoch  17/100 | Train Loss 0.3637 Acc 0.9387 | Val Loss 0.1972 Acc 0.9732 AUC 0.9993 Pre 0.9729 Rec 0.9729
2026-09-06 01:54:50 |   Val AUC improved to 0.9993, model saved
2026-09-06 01:54:54 | Epoch  18/100 | Train Loss 0.3614 Acc 0.9402 | Val Loss 0.2012 Acc 0.9746 AUC 0.9991 Pre 0.9741 Rec 0.9744
2026-09-06 01:54:58 | Epoch  19/100 | Train Loss 0.3393 Acc 0.9438 | Val Loss 0.2019 Acc 0.9761 AUC 0.9994 Pre 0.9758 Rec 0.9758
2026-09-06 01:54:58 |   Val AUC improved to 0.9994, model saved
2026-09-06 01:55:02 | Epoch  20/100 | Train Loss 0.3317 Acc 0.9458 | Val Loss 0.1884 Acc 0.9761 AUC 0.9994 Pre 0.9759 Rec 0.9759
2026-09-06 01:55:02 |   Val AUC improved to 0.9994, model saved
2026-09-06 01:55:07 | Epoch  21/100 | Train Loss 0.3311 Acc 0.9468 | Val Loss 0.1956 Acc 0.9762 AUC 0.9992 Pre 0.9758 Rec 0.9759
2026-09-06 01:55:11 | Epoch  22/100 | Train Loss 0.3149 Acc 0.9505 | Val Loss 0.1990 Acc 0.9753 AUC 0.9991 Pre 0.9750 Rec 0.9751
2026-09-06 01:55:15 | Epoch  23/100 | Train Loss 0.3114 Acc 0.9513 | Val Loss 0.2002 Acc 0.9767 AUC 0.9990 Pre 0.9764 Rec 0.9765
2026-09-06 01:55:19 | Epoch  24/100 | Train Loss 0.3080 Acc 0.9525 | Val Loss 0.2190 Acc 0.9747 AUC 0.9993 Pre 0.9742 Rec 0.9745
2026-09-06 01:55:24 | Epoch  25/100 | Train Loss 0.3053 Acc 0.9543 | Val Loss 0.2031 Acc 0.9763 AUC 0.9992 Pre 0.9759 Rec 0.9761
2026-09-06 01:55:28 | Epoch  26/100 | Train Loss 0.3041 Acc 0.9553 | Val Loss 0.1928 Acc 0.9788 AUC 0.9994 Pre 0.9785 Rec 0.9786
2026-09-06 01:55:32 | Epoch  27/100 | Train Loss 0.2895 Acc 0.9562 | Val Loss 0.2117 Acc 0.9763 AUC 0.9992 Pre 0.9759 Rec 0.9761
2026-09-06 01:55:36 | Epoch  28/100 | Train Loss 0.2833 Acc 0.9590 | Val Loss 0.2148 Acc 0.9757 AUC 0.9991 Pre 0.9754 Rec 0.9756
2026-09-06 01:55:40 | Epoch  29/100 | Train Loss 0.2816 Acc 0.9588 | Val Loss 0.2162 Acc 0.9752 AUC 0.9991 Pre 0.9749 Rec 0.9751
2026-09-06 01:55:44 | Epoch  30/100 | Train Loss 0.2791 Acc 0.9602 | Val Loss 0.2191 Acc 0.9751 AUC 0.9992 Pre 0.9748 Rec 0.9749
2026-09-06 01:55:44 | Val AUC did not improve for 10 consecutive epochs, early stopping at Epoch 30 (best AUC 0.9994 @ Epoch 20)
2026-09-06 01:55:45 | Run 1/5 | Test (best model @ Epoch 20) | Loss 0.1683 Acc 0.9802 AUC 0.9995 Pre 0.9800 Rec 0.9801
2026-09-06 01:55:45 | ===== Run 2/5 (seed 1) =====
2026-09-06 01:55:49 | Epoch   1/100 | Train Loss 2.2762 Acc 0.1796 | Val Loss 2.0650 Acc 0.6222 AUC 0.9324 Pre 0.6830 Rec 0.6031
2026-09-06 01:55:49 |   Val AUC improved to 0.9324, model saved
2026-09-06 01:55:53 | Epoch   2/100 | Train Loss 1.6294 Acc 0.5992 | Val Loss 0.9619 Acc 0.9270 AUC 0.9922 Pre 0.9287 Rec 0.9244
2026-09-06 01:55:53 |   Val AUC improved to 0.9922, model saved
2026-09-06 01:55:58 | Epoch   3/100 | Train Loss 1.0088 Acc 0.8086 | Val Loss 0.5055 Acc 0.9587 AUC 0.9978 Pre 0.9582 Rec 0.9584
2026-09-06 01:55:58 |   Val AUC improved to 0.9978, model saved
2026-09-06 01:56:02 | Epoch   4/100 | Train Loss 0.7619 Acc 0.8573 | Val Loss 0.3776 Acc 0.9656 AUC 0.9984 Pre 0.9653 Rec 0.9653
2026-09-06 01:56:02 |   Val AUC improved to 0.9984, model saved
2026-09-06 01:56:06 | Epoch   5/100 | Train Loss 0.6444 Acc 0.8807 | Val Loss 0.2804 Acc 0.9694 AUC 0.9987 Pre 0.9691 Rec 0.9692
2026-09-06 01:56:06 |   Val AUC improved to 0.9987, model saved
2026-09-06 01:56:10 | Epoch   6/100 | Train Loss 0.5739 Acc 0.8930 | Val Loss 0.2474 Acc 0.9722 AUC 0.9990 Pre 0.9722 Rec 0.9718
2026-09-06 01:56:10 |   Val AUC improved to 0.9990, model saved
2026-09-06 01:56:14 | Epoch   7/100 | Train Loss 0.5272 Acc 0.9006 | Val Loss 0.2497 Acc 0.9718 AUC 0.9991 Pre 0.9718 Rec 0.9714
2026-09-06 01:56:14 |   Val AUC improved to 0.9991, model saved
2026-09-06 01:56:19 | Epoch   8/100 | Train Loss 0.4743 Acc 0.9115 | Val Loss 0.2243 Acc 0.9739 AUC 0.9991 Pre 0.9736 Rec 0.9737
2026-09-06 01:56:23 | Epoch   9/100 | Train Loss 0.4513 Acc 0.9165 | Val Loss 0.2227 Acc 0.9734 AUC 0.9990 Pre 0.9732 Rec 0.9730
2026-09-06 01:56:27 | Epoch  10/100 | Train Loss 0.4272 Acc 0.9220 | Val Loss 0.2188 Acc 0.9736 AUC 0.9989 Pre 0.9735 Rec 0.9732
2026-09-06 01:56:31 | Epoch  11/100 | Train Loss 0.4093 Acc 0.9271 | Val Loss 0.2005 Acc 0.9765 AUC 0.9991 Pre 0.9763 Rec 0.9762
2026-09-06 01:56:35 | Epoch  12/100 | Train Loss 0.3858 Acc 0.9322 | Val Loss 0.1764 Acc 0.9760 AUC 0.9990 Pre 0.9758 Rec 0.9757
2026-09-06 01:56:39 | Epoch  13/100 | Train Loss 0.3727 Acc 0.9351 | Val Loss 0.2059 Acc 0.9756 AUC 0.9992 Pre 0.9753 Rec 0.9753
2026-09-06 01:56:39 |   Val AUC improved to 0.9992, model saved
2026-09-06 01:56:44 | Epoch  14/100 | Train Loss 0.3599 Acc 0.9369 | Val Loss 0.1895 Acc 0.9769 AUC 0.9993 Pre 0.9766 Rec 0.9768
2026-09-06 01:56:44 |   Val AUC improved to 0.9993, model saved
2026-09-06 01:56:48 | Epoch  15/100 | Train Loss 0.3466 Acc 0.9412 | Val Loss 0.1895 Acc 0.9779 AUC 0.9992 Pre 0.9777 Rec 0.9777
2026-09-06 01:56:52 | Epoch  16/100 | Train Loss 0.3389 Acc 0.9432 | Val Loss 0.2003 Acc 0.9782 AUC 0.9992 Pre 0.9780 Rec 0.9780
2026-09-06 01:56:56 | Epoch  17/100 | Train Loss 0.3243 Acc 0.9471 | Val Loss 0.1725 Acc 0.9788 AUC 0.9994 Pre 0.9786 Rec 0.9787
2026-09-06 01:56:56 |   Val AUC improved to 0.9994, model saved
2026-09-06 01:57:00 | Epoch  18/100 | Train Loss 0.3130 Acc 0.9494 | Val Loss 0.1838 Acc 0.9783 AUC 0.9994 Pre 0.9782 Rec 0.9781
2026-09-06 01:57:05 | Epoch  19/100 | Train Loss 0.3192 Acc 0.9496 | Val Loss 0.1903 Acc 0.9777 AUC 0.9994 Pre 0.9773 Rec 0.9776
2026-09-06 01:57:05 |   Val AUC improved to 0.9994, model saved
2026-09-06 01:57:09 | Epoch  20/100 | Train Loss 0.2996 Acc 0.9534 | Val Loss 0.1975 Acc 0.9782 AUC 0.9990 Pre 0.9780 Rec 0.9779
2026-09-06 01:57:13 | Epoch  21/100 | Train Loss 0.2810 Acc 0.9573 | Val Loss 0.1965 Acc 0.9782 AUC 0.9993 Pre 0.9780 Rec 0.9778
2026-09-06 01:57:17 | Epoch  22/100 | Train Loss 0.2893 Acc 0.9569 | Val Loss 0.1910 Acc 0.9795 AUC 0.9993 Pre 0.9793 Rec 0.9792
2026-09-06 01:57:21 | Epoch  23/100 | Train Loss 0.2841 Acc 0.9581 | Val Loss 0.1950 Acc 0.9789 AUC 0.9993 Pre 0.9786 Rec 0.9786
2026-09-06 01:57:26 | Epoch  24/100 | Train Loss 0.2807 Acc 0.9586 | Val Loss 0.2067 Acc 0.9786 AUC 0.9992 Pre 0.9783 Rec 0.9784
2026-09-06 01:57:30 | Epoch  25/100 | Train Loss 0.2666 Acc 0.9610 | Val Loss 0.2029 Acc 0.9781 AUC 0.9994 Pre 0.9779 Rec 0.9778
2026-09-06 01:57:34 | Epoch  26/100 | Train Loss 0.2652 Acc 0.9616 | Val Loss 0.2065 Acc 0.9780 AUC 0.9992 Pre 0.9777 Rec 0.9778
2026-09-06 01:57:38 | Epoch  27/100 | Train Loss 0.2669 Acc 0.9625 | Val Loss 0.1945 Acc 0.9789 AUC 0.9993 Pre 0.9787 Rec 0.9786
2026-09-06 01:57:42 | Epoch  28/100 | Train Loss 0.2515 Acc 0.9645 | Val Loss 0.2090 Acc 0.9790 AUC 0.9991 Pre 0.9787 Rec 0.9787
2026-09-06 01:57:47 | Epoch  29/100 | Train Loss 0.2639 Acc 0.9633 | Val Loss 0.2301 Acc 0.9775 AUC 0.9990 Pre 0.9775 Rec 0.9772
2026-09-06 01:57:47 | Val AUC did not improve for 10 consecutive epochs, early stopping at Epoch 29 (best AUC 0.9994 @ Epoch 19)
2026-09-06 01:57:47 | Run 2/5 | Test (best model @ Epoch 19) | Loss 0.1786 Acc 0.9787 AUC 0.9993 Pre 0.9784 Rec 0.9786
2026-09-06 01:57:47 | ===== Run 3/5 (seed 2) =====
2026-09-06 01:57:52 | Epoch   1/100 | Train Loss 2.2432 Acc 0.2232 | Val Loss 1.8999 Acc 0.7670 AUC 0.9600 Pre 0.7617 Rec 0.7569
2026-09-06 01:57:52 |   Val AUC improved to 0.9600, model saved
2026-09-06 01:57:56 | Epoch   2/100 | Train Loss 1.5308 Acc 0.6135 | Val Loss 0.9155 Acc 0.8560 AUC 0.9857 Pre 0.8707 Rec 0.8512
2026-09-06 01:57:56 |   Val AUC improved to 0.9857, model saved
2026-09-06 01:58:00 | Epoch   3/100 | Train Loss 1.0131 Acc 0.7924 | Val Loss 0.4986 Acc 0.9560 AUC 0.9974 Pre 0.9553 Rec 0.9558
2026-09-06 01:58:00 |   Val AUC improved to 0.9974, model saved
2026-09-06 01:58:04 | Epoch   4/100 | Train Loss 0.7646 Acc 0.8547 | Val Loss 0.3676 Acc 0.9641 AUC 0.9984 Pre 0.9637 Rec 0.9638
2026-09-06 01:58:04 |   Val AUC improved to 0.9984, model saved
2026-09-06 01:58:08 | Epoch   5/100 | Train Loss 0.6524 Acc 0.8752 | Val Loss 0.3039 Acc 0.9687 AUC 0.9987 Pre 0.9687 Rec 0.9682
2026-09-06 01:58:08 |   Val AUC improved to 0.9987, model saved
2026-09-06 01:58:13 | Epoch   6/100 | Train Loss 0.5791 Acc 0.8881 | Val Loss 0.2680 Acc 0.9704 AUC 0.9989 Pre 0.9700 Rec 0.9701
2026-09-06 01:58:13 |   Val AUC improved to 0.9989, model saved
2026-09-06 01:58:17 | Epoch   7/100 | Train Loss 0.5310 Acc 0.8972 | Val Loss 0.2403 Acc 0.9709 AUC 0.9989 Pre 0.9705 Rec 0.9705
2026-09-06 01:58:17 |   Val AUC improved to 0.9989, model saved
2026-09-06 01:58:21 | Epoch   8/100 | Train Loss 0.4991 Acc 0.9044 | Val Loss 0.2482 Acc 0.9724 AUC 0.9990 Pre 0.9722 Rec 0.9723
2026-09-06 01:58:21 |   Val AUC improved to 0.9990, model saved
2026-09-06 01:58:25 | Epoch   9/100 | Train Loss 0.4651 Acc 0.9125 | Val Loss 0.2124 Acc 0.9715 AUC 0.9989 Pre 0.9712 Rec 0.9713
2026-09-06 01:58:29 | Epoch  10/100 | Train Loss 0.4524 Acc 0.9164 | Val Loss 0.2183 Acc 0.9734 AUC 0.9992 Pre 0.9730 Rec 0.9732
2026-09-06 01:58:29 |   Val AUC improved to 0.9992, model saved
2026-09-06 01:58:33 | Epoch  11/100 | Train Loss 0.4215 Acc 0.9232 | Val Loss 0.1881 Acc 0.9754 AUC 0.9990 Pre 0.9751 Rec 0.9751
2026-09-06 01:58:37 | Epoch  12/100 | Train Loss 0.3934 Acc 0.9283 | Val Loss 0.2041 Acc 0.9750 AUC 0.9991 Pre 0.9747 Rec 0.9747
2026-09-06 01:58:42 | Epoch  13/100 | Train Loss 0.3857 Acc 0.9323 | Val Loss 0.2001 Acc 0.9752 AUC 0.9991 Pre 0.9748 Rec 0.9750
2026-09-06 01:58:46 | Epoch  14/100 | Train Loss 0.3708 Acc 0.9352 | Val Loss 0.1769 Acc 0.9773 AUC 0.9992 Pre 0.9770 Rec 0.9771
2026-09-06 01:58:50 | Epoch  15/100 | Train Loss 0.3591 Acc 0.9386 | Val Loss 0.1874 Acc 0.9741 AUC 0.9990 Pre 0.9737 Rec 0.9741
2026-09-06 01:58:54 | Epoch  16/100 | Train Loss 0.3503 Acc 0.9408 | Val Loss 0.1747 Acc 0.9774 AUC 0.9992 Pre 0.9771 Rec 0.9772
2026-09-06 01:58:54 |   Val AUC improved to 0.9992, model saved
2026-09-06 01:58:59 | Epoch  17/100 | Train Loss 0.3325 Acc 0.9443 | Val Loss 0.1846 Acc 0.9777 AUC 0.9992 Pre 0.9774 Rec 0.9776
2026-09-06 01:59:03 | Epoch  18/100 | Train Loss 0.3184 Acc 0.9474 | Val Loss 0.1928 Acc 0.9764 AUC 0.9994 Pre 0.9761 Rec 0.9763
2026-09-06 01:59:03 |   Val AUC improved to 0.9994, model saved
2026-09-06 01:59:07 | Epoch  19/100 | Train Loss 0.3235 Acc 0.9475 | Val Loss 0.1834 Acc 0.9765 AUC 0.9993 Pre 0.9761 Rec 0.9764
2026-09-06 01:59:11 | Epoch  20/100 | Train Loss 0.3048 Acc 0.9514 | Val Loss 0.1969 Acc 0.9769 AUC 0.9991 Pre 0.9765 Rec 0.9768
2026-09-06 01:59:16 | Epoch  21/100 | Train Loss 0.3044 Acc 0.9529 | Val Loss 0.1913 Acc 0.9766 AUC 0.9992 Pre 0.9762 Rec 0.9764
2026-09-06 01:59:20 | Epoch  22/100 | Train Loss 0.2902 Acc 0.9554 | Val Loss 0.2049 Acc 0.9773 AUC 0.9991 Pre 0.9770 Rec 0.9771
2026-09-06 01:59:24 | Epoch  23/100 | Train Loss 0.2872 Acc 0.9570 | Val Loss 0.2082 Acc 0.9772 AUC 0.9992 Pre 0.9769 Rec 0.9771
2026-09-06 01:59:28 | Epoch  24/100 | Train Loss 0.2734 Acc 0.9588 | Val Loss 0.2080 Acc 0.9777 AUC 0.9993 Pre 0.9774 Rec 0.9776
2026-09-06 01:59:32 | Epoch  25/100 | Train Loss 0.2827 Acc 0.9577 | Val Loss 0.2091 Acc 0.9786 AUC 0.9993 Pre 0.9783 Rec 0.9785
2026-09-06 01:59:36 | Epoch  26/100 | Train Loss 0.2754 Acc 0.9603 | Val Loss 0.2111 Acc 0.9769 AUC 0.9992 Pre 0.9767 Rec 0.9766
2026-09-06 01:59:41 | Epoch  27/100 | Train Loss 0.2654 Acc 0.9618 | Val Loss 0.2184 Acc 0.9780 AUC 0.9992 Pre 0.9776 Rec 0.9779
2026-09-06 01:59:45 | Epoch  28/100 | Train Loss 0.2664 Acc 0.9622 | Val Loss 0.2121 Acc 0.9780 AUC 0.9991 Pre 0.9777 Rec 0.9778
2026-09-06 01:59:45 | Val AUC did not improve for 10 consecutive epochs, early stopping at Epoch 28 (best AUC 0.9994 @ Epoch 18)
2026-09-06 01:59:45 | Run 3/5 | Test (best model @ Epoch 18) | Loss 0.1854 Acc 0.9806 AUC 0.9991 Pre 0.9806 Rec 0.9804
2026-09-06 01:59:45 | ===== Run 4/5 (seed 3) =====
2026-09-06 01:59:49 | Epoch   1/100 | Train Loss 2.2187 Acc 0.2506 | Val Loss 1.7908 Acc 0.7499 AUC 0.9625 Pre 0.7481 Rec 0.7375
2026-09-06 01:59:49 |   Val AUC improved to 0.9625, model saved
2026-09-06 01:59:53 | Epoch   2/100 | Train Loss 1.3950 Acc 0.6960 | Val Loss 0.7630 Acc 0.9486 AUC 0.9951 Pre 0.9486 Rec 0.9474
2026-09-06 01:59:53 |   Val AUC improved to 0.9951, model saved
2026-09-06 01:59:57 | Epoch   3/100 | Train Loss 0.9007 Acc 0.8352 | Val Loss 0.4400 Acc 0.9600 AUC 0.9977 Pre 0.9597 Rec 0.9593
2026-09-06 01:59:57 |   Val AUC improved to 0.9977, model saved
2026-09-06 02:00:01 | Epoch   4/100 | Train Loss 0.7146 Acc 0.8694 | Val Loss 0.3081 Acc 0.9682 AUC 0.9987 Pre 0.9677 Rec 0.9679
2026-09-06 02:00:01 |   Val AUC improved to 0.9987, model saved
2026-09-06 02:00:05 | Epoch   5/100 | Train Loss 0.6111 Acc 0.8856 | Val Loss 0.2664 Acc 0.9701 AUC 0.9989 Pre 0.9697 Rec 0.9697
2026-09-06 02:00:05 |   Val AUC improved to 0.9989, model saved
2026-09-06 02:00:09 | Epoch   6/100 | Train Loss 0.5489 Acc 0.8977 | Val Loss 0.2748 Acc 0.9715 AUC 0.9989 Pre 0.9713 Rec 0.9713
2026-09-06 02:00:13 | Epoch   7/100 | Train Loss 0.5016 Acc 0.9067 | Val Loss 0.2001 Acc 0.9711 AUC 0.9990 Pre 0.9707 Rec 0.9708
2026-09-06 02:00:13 |   Val AUC improved to 0.9990, model saved
2026-09-06 02:00:17 | Epoch   8/100 | Train Loss 0.4649 Acc 0.9142 | Val Loss 0.2034 Acc 0.9722 AUC 0.9992 Pre 0.9719 Rec 0.9718
2026-09-06 02:00:17 |   Val AUC improved to 0.9992, model saved
2026-09-06 02:00:21 | Epoch   9/100 | Train Loss 0.4484 Acc 0.9177 | Val Loss 0.2042 Acc 0.9727 AUC 0.9991 Pre 0.9724 Rec 0.9725
2026-09-06 02:00:26 | Epoch  10/100 | Train Loss 0.4300 Acc 0.9229 | Val Loss 0.2040 Acc 0.9762 AUC 0.9990 Pre 0.9759 Rec 0.9759
2026-09-06 02:00:30 | Epoch  11/100 | Train Loss 0.3972 Acc 0.9281 | Val Loss 0.2023 Acc 0.9742 AUC 0.9991 Pre 0.9739 Rec 0.9740
2026-09-06 02:00:34 | Epoch  12/100 | Train Loss 0.3889 Acc 0.9307 | Val Loss 0.2070 Acc 0.9727 AUC 0.9990 Pre 0.9723 Rec 0.9725
2026-09-06 02:00:38 | Epoch  13/100 | Train Loss 0.3771 Acc 0.9339 | Val Loss 0.1973 Acc 0.9743 AUC 0.9992 Pre 0.9740 Rec 0.9742
2026-09-06 02:00:43 | Epoch  14/100 | Train Loss 0.3582 Acc 0.9384 | Val Loss 0.1881 Acc 0.9771 AUC 0.9992 Pre 0.9769 Rec 0.9768
2026-09-06 02:00:43 |   Val AUC improved to 0.9992, model saved
2026-09-06 02:00:47 | Epoch  15/100 | Train Loss 0.3389 Acc 0.9408 | Val Loss 0.1933 Acc 0.9773 AUC 0.9993 Pre 0.9770 Rec 0.9772
2026-09-06 02:00:47 |   Val AUC improved to 0.9993, model saved
2026-09-06 02:00:51 | Epoch  16/100 | Train Loss 0.3318 Acc 0.9441 | Val Loss 0.2004 Acc 0.9752 AUC 0.9992 Pre 0.9750 Rec 0.9750
2026-09-06 02:00:55 | Epoch  17/100 | Train Loss 0.3232 Acc 0.9460 | Val Loss 0.1779 Acc 0.9774 AUC 0.9992 Pre 0.9770 Rec 0.9772
2026-09-06 02:00:59 | Epoch  18/100 | Train Loss 0.3273 Acc 0.9476 | Val Loss 0.1848 Acc 0.9757 AUC 0.9992 Pre 0.9753 Rec 0.9756
2026-09-06 02:01:04 | Epoch  19/100 | Train Loss 0.3158 Acc 0.9499 | Val Loss 0.1971 Acc 0.9755 AUC 0.9992 Pre 0.9752 Rec 0.9754
2026-09-06 02:01:08 | Epoch  20/100 | Train Loss 0.3030 Acc 0.9522 | Val Loss 0.2115 Acc 0.9749 AUC 0.9993 Pre 0.9745 Rec 0.9746
2026-09-06 02:01:08 |   Val AUC improved to 0.9993, model saved
2026-09-06 02:01:12 | Epoch  21/100 | Train Loss 0.3041 Acc 0.9536 | Val Loss 0.1990 Acc 0.9738 AUC 0.9991 Pre 0.9736 Rec 0.9736
2026-09-06 02:01:16 | Epoch  22/100 | Train Loss 0.2966 Acc 0.9543 | Val Loss 0.1944 Acc 0.9783 AUC 0.9994 Pre 0.9781 Rec 0.9782
2026-09-06 02:01:16 |   Val AUC improved to 0.9994, model saved
2026-09-06 02:01:20 | Epoch  23/100 | Train Loss 0.2896 Acc 0.9568 | Val Loss 0.2021 Acc 0.9763 AUC 0.9992 Pre 0.9759 Rec 0.9761
2026-09-06 02:01:24 | Epoch  24/100 | Train Loss 0.2802 Acc 0.9585 | Val Loss 0.1986 Acc 0.9770 AUC 0.9992 Pre 0.9767 Rec 0.9769
2026-09-06 02:01:29 | Epoch  25/100 | Train Loss 0.2748 Acc 0.9595 | Val Loss 0.2101 Acc 0.9761 AUC 0.9992 Pre 0.9758 Rec 0.9758
2026-09-06 02:01:33 | Epoch  26/100 | Train Loss 0.2913 Acc 0.9588 | Val Loss 0.1985 Acc 0.9762 AUC 0.9994 Pre 0.9760 Rec 0.9759
2026-09-06 02:01:37 | Epoch  27/100 | Train Loss 0.2753 Acc 0.9606 | Val Loss 0.2097 Acc 0.9775 AUC 0.9992 Pre 0.9773 Rec 0.9773
2026-09-06 02:01:41 | Epoch  28/100 | Train Loss 0.2614 Acc 0.9634 | Val Loss 0.2019 Acc 0.9778 AUC 0.9993 Pre 0.9775 Rec 0.9775
2026-09-06 02:01:45 | Epoch  29/100 | Train Loss 0.2538 Acc 0.9645 | Val Loss 0.1991 Acc 0.9790 AUC 0.9992 Pre 0.9788 Rec 0.9789
2026-09-06 02:01:49 | Epoch  30/100 | Train Loss 0.2500 Acc 0.9653 | Val Loss 0.2032 Acc 0.9772 AUC 0.9992 Pre 0.9770 Rec 0.9770
2026-09-06 02:01:54 | Epoch  31/100 | Train Loss 0.2461 Acc 0.9664 | Val Loss 0.1936 Acc 0.9791 AUC 0.9995 Pre 0.9789 Rec 0.9789
2026-09-06 02:01:54 |   Val AUC improved to 0.9995, model saved
2026-09-06 02:01:58 | Epoch  32/100 | Train Loss 0.2451 Acc 0.9670 | Val Loss 0.2197 Acc 0.9780 AUC 0.9992 Pre 0.9778 Rec 0.9778
2026-09-06 02:02:02 | Epoch  33/100 | Train Loss 0.2480 Acc 0.9664 | Val Loss 0.2000 Acc 0.9786 AUC 0.9993 Pre 0.9783 Rec 0.9785
2026-09-06 02:02:06 | Epoch  34/100 | Train Loss 0.2423 Acc 0.9684 | Val Loss 0.2068 Acc 0.9771 AUC 0.9993 Pre 0.9769 Rec 0.9769
2026-09-06 02:02:10 | Epoch  35/100 | Train Loss 0.2349 Acc 0.9683 | Val Loss 0.2255 Acc 0.9784 AUC 0.9989 Pre 0.9782 Rec 0.9782
2026-09-06 02:02:14 | Epoch  36/100 | Train Loss 0.2411 Acc 0.9684 | Val Loss 0.2126 Acc 0.9784 AUC 0.9993 Pre 0.9781 Rec 0.9782
2026-09-06 02:02:19 | Epoch  37/100 | Train Loss 0.2345 Acc 0.9705 | Val Loss 0.2237 Acc 0.9778 AUC 0.9992 Pre 0.9776 Rec 0.9776
2026-09-06 02:02:23 | Epoch  38/100 | Train Loss 0.2098 Acc 0.9731 | Val Loss 0.2180 Acc 0.9787 AUC 0.9993 Pre 0.9784 Rec 0.9785
2026-09-06 02:02:27 | Epoch  39/100 | Train Loss 0.2204 Acc 0.9719 | Val Loss 0.2220 Acc 0.9786 AUC 0.9993 Pre 0.9785 Rec 0.9783
2026-09-06 02:02:31 | Epoch  40/100 | Train Loss 0.2324 Acc 0.9701 | Val Loss 0.2185 Acc 0.9769 AUC 0.9991 Pre 0.9767 Rec 0.9767
2026-09-06 02:02:35 | Epoch  41/100 | Train Loss 0.2285 Acc 0.9709 | Val Loss 0.2132 Acc 0.9769 AUC 0.9991 Pre 0.9766 Rec 0.9767
2026-09-06 02:02:35 | Val AUC did not improve for 10 consecutive epochs, early stopping at Epoch 41 (best AUC 0.9995 @ Epoch 31)
2026-09-06 02:02:36 | Run 4/5 | Test (best model @ Epoch 31) | Loss 0.1866 Acc 0.9803 AUC 0.9993 Pre 0.9801 Rec 0.9802
2026-09-06 02:02:36 | ===== Run 5/5 (seed 4) =====
2026-09-06 02:02:40 | Epoch   1/100 | Train Loss 2.2418 Acc 0.2200 | Val Loss 1.9423 Acc 0.6527 AUC 0.9525 Pre 0.6077 Rec 0.6345
2026-09-06 02:02:40 |   Val AUC improved to 0.9525, model saved
2026-09-06 02:02:45 | Epoch   2/100 | Train Loss 1.5988 Acc 0.5776 | Val Loss 0.9868 Acc 0.8737 AUC 0.9788 Pre 0.8889 Rec 0.8690
2026-09-06 02:02:45 |   Val AUC improved to 0.9788, model saved
2026-09-06 02:02:49 | Epoch   3/100 | Train Loss 1.0571 Acc 0.7710 | Val Loss 0.5506 Acc 0.9563 AUC 0.9965 Pre 0.9560 Rec 0.9556
2026-09-06 02:02:49 |   Val AUC improved to 0.9965, model saved
2026-09-06 02:02:53 | Epoch   4/100 | Train Loss 0.7846 Acc 0.8490 | Val Loss 0.3655 Acc 0.9648 AUC 0.9982 Pre 0.9642 Rec 0.9645
2026-09-06 02:02:53 |   Val AUC improved to 0.9982, model saved
2026-09-06 02:02:57 | Epoch   5/100 | Train Loss 0.6504 Acc 0.8757 | Val Loss 0.2964 Acc 0.9682 AUC 0.9986 Pre 0.9679 Rec 0.9678
2026-09-06 02:02:57 |   Val AUC improved to 0.9986, model saved
2026-09-06 02:03:01 | Epoch   6/100 | Train Loss 0.5786 Acc 0.8898 | Val Loss 0.2637 Acc 0.9710 AUC 0.9989 Pre 0.9708 Rec 0.9705
2026-09-06 02:03:01 |   Val AUC improved to 0.9989, model saved
2026-09-06 02:03:05 | Epoch   7/100 | Train Loss 0.5287 Acc 0.8999 | Val Loss 0.2448 Acc 0.9704 AUC 0.9989 Pre 0.9700 Rec 0.9700
2026-09-06 02:03:10 | Epoch   8/100 | Train Loss 0.4904 Acc 0.9079 | Val Loss 0.2218 Acc 0.9721 AUC 0.9992 Pre 0.9717 Rec 0.9719
2026-09-06 02:03:10 |   Val AUC improved to 0.9992, model saved
2026-09-06 02:03:14 | Epoch   9/100 | Train Loss 0.4548 Acc 0.9171 | Val Loss 0.2070 Acc 0.9728 AUC 0.9991 Pre 0.9724 Rec 0.9725
2026-09-06 02:03:18 | Epoch  10/100 | Train Loss 0.4317 Acc 0.9200 | Val Loss 0.1887 Acc 0.9759 AUC 0.9991 Pre 0.9756 Rec 0.9757
2026-09-06 02:03:22 | Epoch  11/100 | Train Loss 0.4116 Acc 0.9253 | Val Loss 0.1990 Acc 0.9744 AUC 0.9992 Pre 0.9740 Rec 0.9742
2026-09-06 02:03:22 |   Val AUC improved to 0.9992, model saved
2026-09-06 02:03:26 | Epoch  12/100 | Train Loss 0.4035 Acc 0.9280 | Val Loss 0.1970 Acc 0.9735 AUC 0.9991 Pre 0.9733 Rec 0.9732
2026-09-06 02:03:31 | Epoch  13/100 | Train Loss 0.3770 Acc 0.9336 | Val Loss 0.1981 Acc 0.9749 AUC 0.9992 Pre 0.9747 Rec 0.9747
2026-09-06 02:03:35 | Epoch  14/100 | Train Loss 0.3568 Acc 0.9375 | Val Loss 0.1869 Acc 0.9754 AUC 0.9992 Pre 0.9751 Rec 0.9752
2026-09-06 02:03:39 | Epoch  15/100 | Train Loss 0.3472 Acc 0.9409 | Val Loss 0.1957 Acc 0.9760 AUC 0.9992 Pre 0.9756 Rec 0.9758
2026-09-06 02:03:39 |   Val AUC improved to 0.9992, model saved
2026-09-06 02:03:43 | Epoch  16/100 | Train Loss 0.3364 Acc 0.9436 | Val Loss 0.1836 Acc 0.9769 AUC 0.9994 Pre 0.9767 Rec 0.9767
2026-09-06 02:03:43 |   Val AUC improved to 0.9994, model saved
2026-09-06 02:03:48 | Epoch  17/100 | Train Loss 0.3245 Acc 0.9465 | Val Loss 0.1903 Acc 0.9764 AUC 0.9992 Pre 0.9763 Rec 0.9761
2026-09-06 02:03:52 | Epoch  18/100 | Train Loss 0.3324 Acc 0.9455 | Val Loss 0.1876 Acc 0.9753 AUC 0.9992 Pre 0.9749 Rec 0.9751
2026-09-06 02:03:57 | Epoch  19/100 | Train Loss 0.3145 Acc 0.9498 | Val Loss 0.2021 Acc 0.9753 AUC 0.9991 Pre 0.9750 Rec 0.9750
2026-09-06 02:04:01 | Epoch  20/100 | Train Loss 0.3045 Acc 0.9523 | Val Loss 0.1786 Acc 0.9778 AUC 0.9992 Pre 0.9777 Rec 0.9775
2026-09-06 02:04:05 | Epoch  21/100 | Train Loss 0.2973 Acc 0.9526 | Val Loss 0.2166 Acc 0.9753 AUC 0.9991 Pre 0.9750 Rec 0.9751
2026-09-06 02:04:10 | Epoch  22/100 | Train Loss 0.2990 Acc 0.9547 | Val Loss 0.2031 Acc 0.9751 AUC 0.9991 Pre 0.9748 Rec 0.9751
2026-09-06 02:04:14 | Epoch  23/100 | Train Loss 0.2853 Acc 0.9574 | Val Loss 0.2003 Acc 0.9761 AUC 0.9991 Pre 0.9757 Rec 0.9759
2026-09-06 02:04:18 | Epoch  24/100 | Train Loss 0.2792 Acc 0.9583 | Val Loss 0.1814 Acc 0.9775 AUC 0.9994 Pre 0.9772 Rec 0.9774
2026-09-06 02:04:18 |   Val AUC improved to 0.9994, model saved
2026-09-06 02:04:22 | Epoch  25/100 | Train Loss 0.2718 Acc 0.9594 | Val Loss 0.2048 Acc 0.9783 AUC 0.9993 Pre 0.9780 Rec 0.9781
2026-09-06 02:04:27 | Epoch  26/100 | Train Loss 0.2794 Acc 0.9599 | Val Loss 0.1934 Acc 0.9764 AUC 0.9994 Pre 0.9762 Rec 0.9762
2026-09-06 02:04:27 |   Val AUC improved to 0.9994, model saved
2026-09-06 02:04:31 | Epoch  27/100 | Train Loss 0.2551 Acc 0.9627 | Val Loss 0.1934 Acc 0.9780 AUC 0.9995 Pre 0.9778 Rec 0.9778
2026-09-06 02:04:31 |   Val AUC improved to 0.9995, model saved
2026-09-06 02:04:35 | Epoch  28/100 | Train Loss 0.2610 Acc 0.9625 | Val Loss 0.2156 Acc 0.9756 AUC 0.9993 Pre 0.9753 Rec 0.9754
2026-09-06 02:04:39 | Epoch  29/100 | Train Loss 0.2579 Acc 0.9642 | Val Loss 0.2024 Acc 0.9764 AUC 0.9994 Pre 0.9761 Rec 0.9761
2026-09-06 02:04:44 | Epoch  30/100 | Train Loss 0.2564 Acc 0.9650 | Val Loss 0.2081 Acc 0.9768 AUC 0.9993 Pre 0.9765 Rec 0.9765
2026-09-06 02:04:48 | Epoch  31/100 | Train Loss 0.2467 Acc 0.9658 | Val Loss 0.1976 Acc 0.9773 AUC 0.9993 Pre 0.9771 Rec 0.9771
2026-09-06 02:04:52 | Epoch  32/100 | Train Loss 0.2521 Acc 0.9659 | Val Loss 0.2205 Acc 0.9763 AUC 0.9993 Pre 0.9762 Rec 0.9761
2026-09-06 02:04:57 | Epoch  33/100 | Train Loss 0.2389 Acc 0.9673 | Val Loss 0.2041 Acc 0.9778 AUC 0.9992 Pre 0.9775 Rec 0.9776
2026-09-06 02:05:01 | Epoch  34/100 | Train Loss 0.2383 Acc 0.9685 | Val Loss 0.2157 Acc 0.9771 AUC 0.9994 Pre 0.9768 Rec 0.9769
2026-09-06 02:05:05 | Epoch  35/100 | Train Loss 0.2418 Acc 0.9683 | Val Loss 0.2198 Acc 0.9777 AUC 0.9992 Pre 0.9775 Rec 0.9775
2026-09-06 02:05:09 | Epoch  36/100 | Train Loss 0.2239 Acc 0.9704 | Val Loss 0.2174 Acc 0.9784 AUC 0.9991 Pre 0.9782 Rec 0.9782
2026-09-06 02:05:13 | Epoch  37/100 | Train Loss 0.2422 Acc 0.9685 | Val Loss 0.2169 Acc 0.9788 AUC 0.9993 Pre 0.9786 Rec 0.9785
2026-09-06 02:05:13 | Val AUC did not improve for 10 consecutive epochs, early stopping at Epoch 37 (best AUC 0.9995 @ Epoch 27)
2026-09-06 02:05:14 | Run 5/5 | Test (best model @ Epoch 27) | Loss 0.1813 Acc 0.9800 AUC 0.9993 Pre 0.9799 Rec 0.9798
2026-09-06 02:05:14 | Average over 5 runs | Test Loss 0.1800±0.0073 Acc 0.9800±0.0007 AUC 0.9993±0.0001 Pre 0.9798±0.0008 Rec 0.9798±0.0007
