2026-09-02 01:31:41 | Device: cuda
2026-09-02 01:31:41 | Args: {'model': 'opb', 'backbone': 'rnn', 'task': 'stsb', 'epochs': 100, 'batch_size': 512, 'lr': 0.001, 'hidden_dims': [512, 256], 'dropout': 0.2, 'z_dim': 256, 'anchor_scale': 8.0, 'energy_classifier': False, 'max_len': 250, 'random_labels': False, 'beta': 0.01, 'patience': 10, 'runs': 5, 'seed': 0, 'data_dir': './data', 'save_path': 'output/stsb_rnn_opb/stsb_rnn_opb.pt', 'log_path': '/root/autodl-tmp/IB/tune_results/stsb_rnn_opb_beta_0.01_anchor_8/train.log', 'no_save': True}
2026-09-02 01:31:41 | STS-B 预处理缓存：mmap 共享 ./data/stsb/stsb_processed_maxlen250
2026-09-02 01:31:41 | ===== Run 1/5 (seed 0) =====
2026-09-02 01:31:46 | Epoch   1/100 | Train Loss 0.5635 | Val Loss 0.2248 MAE 1.4473 R2 -0.3277
2026-09-02 01:31:46 |   Val R2 improved to -0.3277, model saved
2026-09-02 01:31:48 | Epoch   2/100 | Train Loss 0.3944 | Val Loss 0.1970 MAE 1.2401 R2 -0.0763
2026-09-02 01:31:48 |   Val R2 improved to -0.0763, model saved
2026-09-02 01:31:50 | Epoch   3/100 | Train Loss 0.3064 | Val Loss 0.1825 MAE 1.3143 R2 -0.1018
2026-09-02 01:31:51 | Epoch   4/100 | Train Loss 0.2476 | Val Loss 0.1563 MAE 1.2245 R2 -0.0186
2026-09-02 01:31:51 |   Val R2 improved to -0.0186, model saved
2026-09-02 01:31:53 | Epoch   5/100 | Train Loss 0.2004 | Val Loss 0.1273 MAE 1.2262 R2 0.0003
2026-09-02 01:31:53 |   Val R2 improved to 0.0003, model saved
2026-09-02 01:31:54 | Epoch   6/100 | Train Loss 0.1629 | Val Loss 0.1155 MAE 1.2232 R2 0.0141
2026-09-02 01:31:54 |   Val R2 improved to 0.0141, model saved
2026-09-02 01:31:56 | Epoch   7/100 | Train Loss 0.1544 | Val Loss 0.1179 MAE 1.2747 R2 -0.0372
2026-09-02 01:31:57 | Epoch   8/100 | Train Loss 0.1419 | Val Loss 0.1136 MAE 1.2132 R2 0.0289
2026-09-02 01:31:57 |   Val R2 improved to 0.0289, model saved
2026-09-02 01:31:59 | Epoch   9/100 | Train Loss 0.1365 | Val Loss 0.1114 MAE 1.1940 R2 0.0449
2026-09-02 01:31:59 |   Val R2 improved to 0.0449, model saved
2026-09-02 01:32:00 | Epoch  10/100 | Train Loss 0.1325 | Val Loss 0.1099 MAE 1.2110 R2 0.0399
2026-09-02 01:32:02 | Epoch  11/100 | Train Loss 0.1245 | Val Loss 0.1100 MAE 1.2273 R2 0.0236
2026-09-02 01:32:04 | Epoch  12/100 | Train Loss 0.1237 | Val Loss 0.1081 MAE 1.2048 R2 0.0466
2026-09-02 01:32:04 |   Val R2 improved to 0.0466, model saved
2026-09-02 01:32:06 | Epoch  13/100 | Train Loss 0.1233 | Val Loss 0.1098 MAE 1.1626 R2 0.0621
2026-09-02 01:32:06 |   Val R2 improved to 0.0621, model saved
2026-09-02 01:32:07 | Epoch  14/100 | Train Loss 0.1224 | Val Loss 0.1067 MAE 1.1650 R2 0.0790
2026-09-02 01:32:07 |   Val R2 improved to 0.0790, model saved
2026-09-02 01:32:09 | Epoch  15/100 | Train Loss 0.1199 | Val Loss 0.1079 MAE 1.1532 R2 0.0783
2026-09-02 01:32:10 | Epoch  16/100 | Train Loss 0.1182 | Val Loss 0.1050 MAE 1.1678 R2 0.0847
2026-09-02 01:32:10 |   Val R2 improved to 0.0847, model saved
2026-09-02 01:32:11 | Epoch  17/100 | Train Loss 0.1137 | Val Loss 0.1038 MAE 1.1600 R2 0.0955
2026-09-02 01:32:11 |   Val R2 improved to 0.0955, model saved
2026-09-02 01:32:13 | Epoch  18/100 | Train Loss 0.1137 | Val Loss 0.1035 MAE 1.1410 R2 0.1104
2026-09-02 01:32:13 |   Val R2 improved to 0.1104, model saved
2026-09-02 01:32:15 | Epoch  19/100 | Train Loss 0.1109 | Val Loss 0.1016 MAE 1.1413 R2 0.1179
2026-09-02 01:32:15 |   Val R2 improved to 0.1179, model saved
2026-09-02 01:32:16 | Epoch  20/100 | Train Loss 0.1077 | Val Loss 0.1026 MAE 1.1670 R2 0.0937
2026-09-02 01:32:18 | Epoch  21/100 | Train Loss 0.1072 | Val Loss 0.0999 MAE 1.1310 R2 0.1317
2026-09-02 01:32:18 |   Val R2 improved to 0.1317, model saved
2026-09-02 01:32:19 | Epoch  22/100 | Train Loss 0.1047 | Val Loss 0.1027 MAE 1.1227 R2 0.1218
2026-09-02 01:32:21 | Epoch  23/100 | Train Loss 0.1045 | Val Loss 0.1008 MAE 1.1599 R2 0.1114
2026-09-02 01:32:22 | Epoch  24/100 | Train Loss 0.1040 | Val Loss 0.1011 MAE 1.1147 R2 0.1347
2026-09-02 01:32:22 |   Val R2 improved to 0.1347, model saved
2026-09-02 01:32:24 | Epoch  25/100 | Train Loss 0.0991 | Val Loss 0.1005 MAE 1.1096 R2 0.1380
2026-09-02 01:32:24 |   Val R2 improved to 0.1380, model saved
2026-09-02 01:32:25 | Epoch  26/100 | Train Loss 0.0963 | Val Loss 0.0961 MAE 1.1157 R2 0.1597
2026-09-02 01:32:25 |   Val R2 improved to 0.1597, model saved
2026-09-02 01:32:27 | Epoch  27/100 | Train Loss 0.0953 | Val Loss 0.0961 MAE 1.0940 R2 0.1690
2026-09-02 01:32:27 |   Val R2 improved to 0.1690, model saved
2026-09-02 01:32:29 | Epoch  28/100 | Train Loss 0.0936 | Val Loss 0.0952 MAE 1.0920 R2 0.1797
2026-09-02 01:32:29 |   Val R2 improved to 0.1797, model saved
2026-09-02 01:32:31 | Epoch  29/100 | Train Loss 0.0927 | Val Loss 0.0953 MAE 1.0903 R2 0.1779
2026-09-02 01:32:32 | Epoch  30/100 | Train Loss 0.0898 | Val Loss 0.0960 MAE 1.0870 R2 0.1758
2026-09-02 01:32:34 | Epoch  31/100 | Train Loss 0.0863 | Val Loss 0.0970 MAE 1.0857 R2 0.1715
2026-09-02 01:32:36 | Epoch  32/100 | Train Loss 0.0851 | Val Loss 0.0944 MAE 1.0747 R2 0.1884
2026-09-02 01:32:36 |   Val R2 improved to 0.1884, model saved
2026-09-02 01:32:39 | Epoch  33/100 | Train Loss 0.0835 | Val Loss 0.0924 MAE 1.0809 R2 0.1965
2026-09-02 01:32:39 |   Val R2 improved to 0.1965, model saved
2026-09-02 01:32:40 | Epoch  34/100 | Train Loss 0.0836 | Val Loss 0.0927 MAE 1.0843 R2 0.1918
2026-09-02 01:32:43 | Epoch  35/100 | Train Loss 0.0826 | Val Loss 0.0926 MAE 1.0733 R2 0.2023
2026-09-02 01:32:43 |   Val R2 improved to 0.2023, model saved
2026-09-02 01:32:45 | Epoch  36/100 | Train Loss 0.0808 | Val Loss 0.1015 MAE 1.0999 R2 0.1364
2026-09-02 01:32:46 | Epoch  37/100 | Train Loss 0.0783 | Val Loss 0.0918 MAE 1.0750 R2 0.2032
2026-09-02 01:32:46 |   Val R2 improved to 0.2032, model saved
2026-09-02 01:32:48 | Epoch  38/100 | Train Loss 0.0756 | Val Loss 0.0950 MAE 1.0757 R2 0.1880
2026-09-02 01:32:50 | Epoch  39/100 | Train Loss 0.0749 | Val Loss 0.0923 MAE 1.0675 R2 0.2046
2026-09-02 01:32:50 |   Val R2 improved to 0.2046, model saved
2026-09-02 01:32:52 | Epoch  40/100 | Train Loss 0.0728 | Val Loss 0.0908 MAE 1.0660 R2 0.2103
2026-09-02 01:32:52 |   Val R2 improved to 0.2103, model saved
2026-09-02 01:32:54 | Epoch  41/100 | Train Loss 0.0708 | Val Loss 0.0939 MAE 1.0675 R2 0.1915
2026-09-02 01:32:56 | Epoch  42/100 | Train Loss 0.0665 | Val Loss 0.0980 MAE 1.0841 R2 0.1606
2026-09-02 01:32:58 | Epoch  43/100 | Train Loss 0.0676 | Val Loss 0.0980 MAE 1.0834 R2 0.1616
2026-09-02 01:33:00 | Epoch  44/100 | Train Loss 0.0649 | Val Loss 0.0953 MAE 1.0691 R2 0.1878
2026-09-02 01:33:02 | Epoch  45/100 | Train Loss 0.0639 | Val Loss 0.0918 MAE 1.0598 R2 0.2087
2026-09-02 01:33:03 | Epoch  46/100 | Train Loss 0.0627 | Val Loss 0.0921 MAE 1.0559 R2 0.2076
2026-09-02 01:33:06 | Epoch  47/100 | Train Loss 0.0628 | Val Loss 0.0894 MAE 1.0618 R2 0.2222
2026-09-02 01:33:06 |   Val R2 improved to 0.2222, model saved
2026-09-02 01:33:08 | Epoch  48/100 | Train Loss 0.0587 | Val Loss 0.0945 MAE 1.0642 R2 0.1909
2026-09-02 01:33:09 | Epoch  49/100 | Train Loss 0.0591 | Val Loss 0.0917 MAE 1.0531 R2 0.2080
2026-09-02 01:33:11 | Epoch  50/100 | Train Loss 0.0586 | Val Loss 0.0894 MAE 1.0566 R2 0.2202
2026-09-02 01:33:13 | Epoch  51/100 | Train Loss 0.0568 | Val Loss 0.0910 MAE 1.0576 R2 0.2105
2026-09-02 01:33:15 | Epoch  52/100 | Train Loss 0.0572 | Val Loss 0.0915 MAE 1.0589 R2 0.2097
2026-09-02 01:33:17 | Epoch  53/100 | Train Loss 0.0531 | Val Loss 0.0967 MAE 1.0710 R2 0.1738
2026-09-02 01:33:19 | Epoch  54/100 | Train Loss 0.0552 | Val Loss 0.1089 MAE 1.1252 R2 0.0808
2026-09-02 01:33:20 | Epoch  55/100 | Train Loss 0.0554 | Val Loss 0.0923 MAE 1.0550 R2 0.2061
2026-09-02 01:33:22 | Epoch  56/100 | Train Loss 0.0509 | Val Loss 0.0903 MAE 1.0476 R2 0.2181
2026-09-02 01:33:23 | Epoch  57/100 | Train Loss 0.0498 | Val Loss 0.0947 MAE 1.0636 R2 0.1862
2026-09-02 01:33:23 | Val R2 did not improve for 10 consecutive epochs, early stopping at Epoch 57 (best R2 0.2222 @ Epoch 47)
2026-09-02 01:33:24 | Run 1/5 | Test (best model @ Epoch 47) | Loss 0.0954 MAE 1.0929 R2 0.2195
2026-09-02 01:33:24 | ===== Run 2/5 (seed 1) =====
2026-09-02 01:33:26 | Epoch   1/100 | Train Loss 0.5425 | Val Loss 0.2104 MAE 1.3723 R2 -0.1943
2026-09-02 01:33:26 |   Val R2 improved to -0.1943, model saved
2026-09-02 01:33:27 | Epoch   2/100 | Train Loss 0.3753 | Val Loss 0.1899 MAE 1.2341 R2 -0.0583
2026-09-02 01:33:27 |   Val R2 improved to -0.0583, model saved
2026-09-02 01:33:29 | Epoch   3/100 | Train Loss 0.2888 | Val Loss 0.1712 MAE 1.2680 R2 -0.0385
2026-09-02 01:33:29 |   Val R2 improved to -0.0385, model saved
2026-09-02 01:33:30 | Epoch   4/100 | Train Loss 0.2351 | Val Loss 0.1418 MAE 1.2540 R2 -0.0165
2026-09-02 01:33:30 |   Val R2 improved to -0.0165, model saved
2026-09-02 01:33:32 | Epoch   5/100 | Train Loss 0.1818 | Val Loss 0.1172 MAE 1.2491 R2 -0.0040
2026-09-02 01:33:32 |   Val R2 improved to -0.0040, model saved
2026-09-02 01:33:34 | Epoch   6/100 | Train Loss 0.1567 | Val Loss 0.1156 MAE 1.2562 R2 -0.0090
2026-09-02 01:33:35 | Epoch   7/100 | Train Loss 0.1463 | Val Loss 0.1137 MAE 1.2345 R2 0.0136
2026-09-02 01:33:35 |   Val R2 improved to 0.0136, model saved
2026-09-02 01:33:37 | Epoch   8/100 | Train Loss 0.1352 | Val Loss 0.1116 MAE 1.2247 R2 0.0248
2026-09-02 01:33:37 |   Val R2 improved to 0.0248, model saved
2026-09-02 01:33:38 | Epoch   9/100 | Train Loss 0.1292 | Val Loss 0.1091 MAE 1.1889 R2 0.0536
2026-09-02 01:33:38 |   Val R2 improved to 0.0536, model saved
2026-09-02 01:33:40 | Epoch  10/100 | Train Loss 0.1234 | Val Loss 0.1108 MAE 1.1714 R2 0.0512
2026-09-02 01:33:42 | Epoch  11/100 | Train Loss 0.1233 | Val Loss 0.1078 MAE 1.2115 R2 0.0439
2026-09-02 01:33:43 | Epoch  12/100 | Train Loss 0.1215 | Val Loss 0.1106 MAE 1.2406 R2 0.0119
2026-09-02 01:33:45 | Epoch  13/100 | Train Loss 0.1209 | Val Loss 0.1103 MAE 1.2356 R2 0.0156
2026-09-02 01:33:47 | Epoch  14/100 | Train Loss 0.1164 | Val Loss 0.1097 MAE 1.2320 R2 0.0194
2026-09-02 01:33:49 | Epoch  15/100 | Train Loss 0.1172 | Val Loss 0.1077 MAE 1.2153 R2 0.0405
2026-09-02 01:33:50 | Epoch  16/100 | Train Loss 0.1145 | Val Loss 0.1041 MAE 1.1708 R2 0.0852
2026-09-02 01:33:50 |   Val R2 improved to 0.0852, model saved
2026-09-02 01:33:52 | Epoch  17/100 | Train Loss 0.1088 | Val Loss 0.1044 MAE 1.1810 R2 0.0763
2026-09-02 01:33:54 | Epoch  18/100 | Train Loss 0.1095 | Val Loss 0.1025 MAE 1.1581 R2 0.0983
2026-09-02 01:33:54 |   Val R2 improved to 0.0983, model saved
2026-09-02 01:33:55 | Epoch  19/100 | Train Loss 0.1070 | Val Loss 0.1012 MAE 1.1401 R2 0.1139
2026-09-02 01:33:55 |   Val R2 improved to 0.1139, model saved
2026-09-02 01:33:58 | Epoch  20/100 | Train Loss 0.1066 | Val Loss 0.1056 MAE 1.1358 R2 0.0923
2026-09-02 01:33:59 | Epoch  21/100 | Train Loss 0.1074 | Val Loss 0.1013 MAE 1.1606 R2 0.1053
2026-09-02 01:34:01 | Epoch  22/100 | Train Loss 0.1016 | Val Loss 0.0996 MAE 1.1417 R2 0.1242
2026-09-02 01:34:01 |   Val R2 improved to 0.1242, model saved
2026-09-02 01:34:03 | Epoch  23/100 | Train Loss 0.0993 | Val Loss 0.0975 MAE 1.1136 R2 0.1495
2026-09-02 01:34:03 |   Val R2 improved to 0.1495, model saved
2026-09-02 01:34:04 | Epoch  24/100 | Train Loss 0.0954 | Val Loss 0.0973 MAE 1.1057 R2 0.1540
2026-09-02 01:34:04 |   Val R2 improved to 0.1540, model saved
2026-09-02 01:34:06 | Epoch  25/100 | Train Loss 0.0932 | Val Loss 0.0957 MAE 1.1013 R2 0.1646
2026-09-02 01:34:06 |   Val R2 improved to 0.1646, model saved
2026-09-02 01:34:07 | Epoch  26/100 | Train Loss 0.0923 | Val Loss 0.0943 MAE 1.0967 R2 0.1770
2026-09-02 01:34:07 |   Val R2 improved to 0.1770, model saved
2026-09-02 01:34:09 | Epoch  27/100 | Train Loss 0.0892 | Val Loss 0.0965 MAE 1.0931 R2 0.1622
2026-09-02 01:34:11 | Epoch  28/100 | Train Loss 0.0847 | Val Loss 0.0920 MAE 1.0874 R2 0.1954
2026-09-02 01:34:11 |   Val R2 improved to 0.1954, model saved
2026-09-02 01:34:13 | Epoch  29/100 | Train Loss 0.0840 | Val Loss 0.0922 MAE 1.0786 R2 0.1969
2026-09-02 01:34:13 |   Val R2 improved to 0.1969, model saved
2026-09-02 01:34:15 | Epoch  30/100 | Train Loss 0.0814 | Val Loss 0.0917 MAE 1.0833 R2 0.1994
2026-09-02 01:34:15 |   Val R2 improved to 0.1994, model saved
2026-09-02 01:34:16 | Epoch  31/100 | Train Loss 0.0808 | Val Loss 0.0900 MAE 1.0678 R2 0.2144
2026-09-02 01:34:16 |   Val R2 improved to 0.2144, model saved
2026-09-02 01:34:18 | Epoch  32/100 | Train Loss 0.0779 | Val Loss 0.0927 MAE 1.0707 R2 0.1969
2026-09-02 01:34:19 | Epoch  33/100 | Train Loss 0.0748 | Val Loss 0.0888 MAE 1.0567 R2 0.2257
2026-09-02 01:34:19 |   Val R2 improved to 0.2257, model saved
2026-09-02 01:34:21 | Epoch  34/100 | Train Loss 0.0739 | Val Loss 0.0914 MAE 1.0624 R2 0.2104
2026-09-02 01:34:22 | Epoch  35/100 | Train Loss 0.0718 | Val Loss 0.0975 MAE 1.0818 R2 0.1649
2026-09-02 01:34:24 | Epoch  36/100 | Train Loss 0.0721 | Val Loss 0.0951 MAE 1.0726 R2 0.1801
2026-09-02 01:34:26 | Epoch  37/100 | Train Loss 0.0675 | Val Loss 0.0945 MAE 1.0703 R2 0.1853
2026-09-02 01:34:28 | Epoch  38/100 | Train Loss 0.0665 | Val Loss 0.0879 MAE 1.0458 R2 0.2344
2026-09-02 01:34:28 |   Val R2 improved to 0.2344, model saved
2026-09-02 01:34:30 | Epoch  39/100 | Train Loss 0.0658 | Val Loss 0.0881 MAE 1.0542 R2 0.2313
2026-09-02 01:34:32 | Epoch  40/100 | Train Loss 0.0662 | Val Loss 0.0904 MAE 1.0493 R2 0.2202
2026-09-02 01:34:34 | Epoch  41/100 | Train Loss 0.0633 | Val Loss 0.0919 MAE 1.0577 R2 0.2044
2026-09-02 01:34:35 | Epoch  42/100 | Train Loss 0.0625 | Val Loss 0.0880 MAE 1.0552 R2 0.2289
2026-09-02 01:34:36 | Epoch  43/100 | Train Loss 0.0595 | Val Loss 0.0880 MAE 1.0451 R2 0.2331
2026-09-02 01:34:38 | Epoch  44/100 | Train Loss 0.0582 | Val Loss 0.0918 MAE 1.0535 R2 0.2049
2026-09-02 01:34:39 | Epoch  45/100 | Train Loss 0.0548 | Val Loss 0.0907 MAE 1.0482 R2 0.2148
2026-09-02 01:34:41 | Epoch  46/100 | Train Loss 0.0555 | Val Loss 0.0891 MAE 1.0433 R2 0.2265
2026-09-02 01:34:42 | Epoch  47/100 | Train Loss 0.0544 | Val Loss 0.0892 MAE 1.0413 R2 0.2264
2026-09-02 01:34:44 | Epoch  48/100 | Train Loss 0.0545 | Val Loss 0.1079 MAE 1.1183 R2 0.0862
2026-09-02 01:34:44 | Val R2 did not improve for 10 consecutive epochs, early stopping at Epoch 48 (best R2 0.2344 @ Epoch 38)
2026-09-02 01:34:44 | Run 2/5 | Test (best model @ Epoch 38) | Loss 0.0948 MAE 1.0815 R2 0.2234
2026-09-02 01:34:44 | ===== Run 3/5 (seed 2) =====
2026-09-02 01:34:46 | Epoch   1/100 | Train Loss 0.5445 | Val Loss 0.2277 MAE 1.4453 R2 -0.3265
2026-09-02 01:34:46 |   Val R2 improved to -0.3265, model saved
2026-09-02 01:34:47 | Epoch   2/100 | Train Loss 0.3867 | Val Loss 0.2043 MAE 1.2520 R2 -0.1135
2026-09-02 01:34:47 |   Val R2 improved to -0.1135, model saved
2026-09-02 01:34:49 | Epoch   3/100 | Train Loss 0.3050 | Val Loss 0.1857 MAE 1.3351 R2 -0.1348
2026-09-02 01:34:51 | Epoch   4/100 | Train Loss 0.2469 | Val Loss 0.1528 MAE 1.2429 R2 -0.0170
2026-09-02 01:34:51 |   Val R2 improved to -0.0170, model saved
2026-09-02 01:34:52 | Epoch   5/100 | Train Loss 0.2004 | Val Loss 0.1270 MAE 1.2145 R2 -0.0008
2026-09-02 01:34:52 |   Val R2 improved to -0.0008, model saved
2026-09-02 01:34:54 | Epoch   6/100 | Train Loss 0.1675 | Val Loss 0.1168 MAE 1.2239 R2 0.0162
2026-09-02 01:34:54 |   Val R2 improved to 0.0162, model saved
2026-09-02 01:34:56 | Epoch   7/100 | Train Loss 0.1485 | Val Loss 0.1157 MAE 1.2290 R2 0.0167
2026-09-02 01:34:56 |   Val R2 improved to 0.0167, model saved
2026-09-02 01:34:58 | Epoch   8/100 | Train Loss 0.1399 | Val Loss 0.1153 MAE 1.2563 R2 -0.0123
2026-09-02 01:35:00 | Epoch   9/100 | Train Loss 0.1366 | Val Loss 0.1139 MAE 1.2509 R2 -0.0074
2026-09-02 01:35:01 | Epoch  10/100 | Train Loss 0.1343 | Val Loss 0.1106 MAE 1.2190 R2 0.0310
2026-09-02 01:35:02 |   Val R2 improved to 0.0310, model saved
2026-09-02 01:35:03 | Epoch  11/100 | Train Loss 0.1245 | Val Loss 0.1090 MAE 1.1721 R2 0.0650
2026-09-02 01:35:03 |   Val R2 improved to 0.0650, model saved
2026-09-02 01:35:05 | Epoch  12/100 | Train Loss 0.1254 | Val Loss 0.1070 MAE 1.1796 R2 0.0692
2026-09-02 01:35:05 |   Val R2 improved to 0.0692, model saved
2026-09-02 01:35:07 | Epoch  13/100 | Train Loss 0.1231 | Val Loss 0.1077 MAE 1.1978 R2 0.0519
2026-09-02 01:35:09 | Epoch  14/100 | Train Loss 0.1183 | Val Loss 0.1058 MAE 1.1789 R2 0.0741
2026-09-02 01:35:09 |   Val R2 improved to 0.0741, model saved
2026-09-02 01:35:11 | Epoch  15/100 | Train Loss 0.1191 | Val Loss 0.1071 MAE 1.1498 R2 0.0841
2026-09-02 01:35:11 |   Val R2 improved to 0.0841, model saved
2026-09-02 01:35:13 | Epoch  16/100 | Train Loss 0.1166 | Val Loss 0.1078 MAE 1.2116 R2 0.0402
2026-09-02 01:35:15 | Epoch  17/100 | Train Loss 0.1132 | Val Loss 0.1053 MAE 1.1430 R2 0.0950
2026-09-02 01:35:15 |   Val R2 improved to 0.0950, model saved
2026-09-02 01:35:16 | Epoch  18/100 | Train Loss 0.1102 | Val Loss 0.1026 MAE 1.1543 R2 0.1042
2026-09-02 01:35:16 |   Val R2 improved to 0.1042, model saved
2026-09-02 01:35:18 | Epoch  19/100 | Train Loss 0.1085 | Val Loss 0.1016 MAE 1.1295 R2 0.1217
2026-09-02 01:35:18 |   Val R2 improved to 0.1217, model saved
2026-09-02 01:35:20 | Epoch  20/100 | Train Loss 0.1049 | Val Loss 0.1007 MAE 1.1435 R2 0.1197
2026-09-02 01:35:21 | Epoch  21/100 | Train Loss 0.1047 | Val Loss 0.0995 MAE 1.1368 R2 0.1294
2026-09-02 01:35:21 |   Val R2 improved to 0.1294, model saved
2026-09-02 01:35:23 | Epoch  22/100 | Train Loss 0.1020 | Val Loss 0.0982 MAE 1.1257 R2 0.1437
2026-09-02 01:35:23 |   Val R2 improved to 0.1437, model saved
2026-09-02 01:35:24 | Epoch  23/100 | Train Loss 0.1009 | Val Loss 0.0990 MAE 1.1034 R2 0.1542
2026-09-02 01:35:24 |   Val R2 improved to 0.1542, model saved
2026-09-02 01:35:26 | Epoch  24/100 | Train Loss 0.1000 | Val Loss 0.0967 MAE 1.1089 R2 0.1621
2026-09-02 01:35:26 |   Val R2 improved to 0.1621, model saved
2026-09-02 01:35:27 | Epoch  25/100 | Train Loss 0.0937 | Val Loss 0.0969 MAE 1.0926 R2 0.1662
2026-09-02 01:35:27 |   Val R2 improved to 0.1662, model saved
2026-09-02 01:35:29 | Epoch  26/100 | Train Loss 0.0922 | Val Loss 0.0941 MAE 1.0993 R2 0.1834
2026-09-02 01:35:29 |   Val R2 improved to 0.1834, model saved
2026-09-02 01:35:31 | Epoch  27/100 | Train Loss 0.0888 | Val Loss 0.0941 MAE 1.0783 R2 0.1927
2026-09-02 01:35:31 |   Val R2 improved to 0.1927, model saved
2026-09-02 01:35:32 | Epoch  28/100 | Train Loss 0.0857 | Val Loss 0.0961 MAE 1.0815 R2 0.1791
2026-09-02 01:35:34 | Epoch  29/100 | Train Loss 0.0820 | Val Loss 0.0920 MAE 1.0753 R2 0.2052
2026-09-02 01:35:34 |   Val R2 improved to 0.2052, model saved
2026-09-02 01:35:36 | Epoch  30/100 | Train Loss 0.0829 | Val Loss 0.0917 MAE 1.0872 R2 0.1976
2026-09-02 01:35:37 | Epoch  31/100 | Train Loss 0.0796 | Val Loss 0.0920 MAE 1.0763 R2 0.2006
2026-09-02 01:35:39 | Epoch  32/100 | Train Loss 0.0787 | Val Loss 0.0923 MAE 1.0818 R2 0.1970
2026-09-02 01:35:41 | Epoch  33/100 | Train Loss 0.0757 | Val Loss 0.0896 MAE 1.0634 R2 0.2236
2026-09-02 01:35:41 |   Val R2 improved to 0.2236, model saved
2026-09-02 01:35:42 | Epoch  34/100 | Train Loss 0.0729 | Val Loss 0.0912 MAE 1.0739 R2 0.2048
2026-09-02 01:35:44 | Epoch  35/100 | Train Loss 0.0758 | Val Loss 0.0909 MAE 1.0556 R2 0.2241
2026-09-02 01:35:44 |   Val R2 improved to 0.2241, model saved
2026-09-02 01:35:46 | Epoch  36/100 | Train Loss 0.0697 | Val Loss 0.0925 MAE 1.0577 R2 0.2102
2026-09-02 01:35:48 | Epoch  37/100 | Train Loss 0.0662 | Val Loss 0.0897 MAE 1.0542 R2 0.2264
2026-09-02 01:35:48 |   Val R2 improved to 0.2264, model saved
2026-09-02 01:35:49 | Epoch  38/100 | Train Loss 0.0665 | Val Loss 0.0890 MAE 1.0530 R2 0.2291
2026-09-02 01:35:49 |   Val R2 improved to 0.2291, model saved
2026-09-02 01:35:51 | Epoch  39/100 | Train Loss 0.0642 | Val Loss 0.0921 MAE 1.0583 R2 0.2128
2026-09-02 01:35:53 | Epoch  40/100 | Train Loss 0.0655 | Val Loss 0.0894 MAE 1.0618 R2 0.2168
2026-09-02 01:35:55 | Epoch  41/100 | Train Loss 0.0634 | Val Loss 0.0901 MAE 1.0562 R2 0.2225
2026-09-02 01:35:56 | Epoch  42/100 | Train Loss 0.0605 | Val Loss 0.0912 MAE 1.0688 R2 0.2016
2026-09-02 01:35:58 | Epoch  43/100 | Train Loss 0.0607 | Val Loss 0.0909 MAE 1.0557 R2 0.2193
2026-09-02 01:35:59 | Epoch  44/100 | Train Loss 0.0589 | Val Loss 0.0957 MAE 1.0673 R2 0.1860
2026-09-02 01:36:01 | Epoch  45/100 | Train Loss 0.0601 | Val Loss 0.0959 MAE 1.0729 R2 0.1832
2026-09-02 01:36:03 | Epoch  46/100 | Train Loss 0.0584 | Val Loss 0.0961 MAE 1.0696 R2 0.1869
2026-09-02 01:36:05 | Epoch  47/100 | Train Loss 0.0561 | Val Loss 0.0939 MAE 1.0601 R2 0.2012
2026-09-02 01:36:06 | Epoch  48/100 | Train Loss 0.0542 | Val Loss 0.0920 MAE 1.0565 R2 0.2102
2026-09-02 01:36:06 | Val R2 did not improve for 10 consecutive epochs, early stopping at Epoch 48 (best R2 0.2291 @ Epoch 38)
2026-09-02 01:36:07 | Run 3/5 | Test (best model @ Epoch 38) | Loss 0.0940 MAE 1.0814 R2 0.2338
2026-09-02 01:36:07 | ===== Run 4/5 (seed 3) =====
2026-09-02 01:36:08 | Epoch   1/100 | Train Loss 0.5313 | Val Loss 0.2135 MAE 1.4116 R2 -0.2563
2026-09-02 01:36:09 |   Val R2 improved to -0.2563, model saved
2026-09-02 01:36:10 | Epoch   2/100 | Train Loss 0.3737 | Val Loss 0.1901 MAE 1.2324 R2 -0.0683
2026-09-02 01:36:10 |   Val R2 improved to -0.0683, model saved
2026-09-02 01:36:12 | Epoch   3/100 | Train Loss 0.2998 | Val Loss 0.1738 MAE 1.2896 R2 -0.0605
2026-09-02 01:36:12 |   Val R2 improved to -0.0605, model saved
2026-09-02 01:36:14 | Epoch   4/100 | Train Loss 0.2326 | Val Loss 0.1455 MAE 1.2485 R2 -0.0109
2026-09-02 01:36:14 |   Val R2 improved to -0.0109, model saved
2026-09-02 01:36:16 | Epoch   5/100 | Train Loss 0.1867 | Val Loss 0.1183 MAE 1.2414 R2 0.0027
2026-09-02 01:36:16 |   Val R2 improved to 0.0027, model saved
2026-09-02 01:36:18 | Epoch   6/100 | Train Loss 0.1578 | Val Loss 0.1132 MAE 1.2214 R2 0.0225
2026-09-02 01:36:18 |   Val R2 improved to 0.0225, model saved
2026-09-02 01:36:20 | Epoch   7/100 | Train Loss 0.1443 | Val Loss 0.1129 MAE 1.2291 R2 0.0185
2026-09-02 01:36:22 | Epoch   8/100 | Train Loss 0.1338 | Val Loss 0.1119 MAE 1.2004 R2 0.0371
2026-09-02 01:36:22 |   Val R2 improved to 0.0371, model saved
2026-09-02 01:36:23 | Epoch   9/100 | Train Loss 0.1280 | Val Loss 0.1108 MAE 1.2304 R2 0.0201
2026-09-02 01:36:25 | Epoch  10/100 | Train Loss 0.1239 | Val Loss 0.1091 MAE 1.2188 R2 0.0337
2026-09-02 01:36:27 | Epoch  11/100 | Train Loss 0.1212 | Val Loss 0.1085 MAE 1.2166 R2 0.0368
2026-09-02 01:36:28 | Epoch  12/100 | Train Loss 0.1198 | Val Loss 0.1074 MAE 1.2029 R2 0.0494
2026-09-02 01:36:28 |   Val R2 improved to 0.0494, model saved
2026-09-02 01:36:30 | Epoch  13/100 | Train Loss 0.1175 | Val Loss 0.1063 MAE 1.1871 R2 0.0636
2026-09-02 01:36:30 |   Val R2 improved to 0.0636, model saved
2026-09-02 01:36:32 | Epoch  14/100 | Train Loss 0.1164 | Val Loss 0.1078 MAE 1.2158 R2 0.0413
2026-09-02 01:36:34 | Epoch  15/100 | Train Loss 0.1130 | Val Loss 0.1051 MAE 1.1718 R2 0.0770
2026-09-02 01:36:34 |   Val R2 improved to 0.0770, model saved
2026-09-02 01:36:36 | Epoch  16/100 | Train Loss 0.1132 | Val Loss 0.1056 MAE 1.1561 R2 0.0828
2026-09-02 01:36:36 |   Val R2 improved to 0.0828, model saved
2026-09-02 01:36:38 | Epoch  17/100 | Train Loss 0.1112 | Val Loss 0.1051 MAE 1.1922 R2 0.0690
2026-09-02 01:36:40 | Epoch  18/100 | Train Loss 0.1087 | Val Loss 0.1063 MAE 1.2022 R2 0.0567
2026-09-02 01:36:41 | Epoch  19/100 | Train Loss 0.1105 | Val Loss 0.1029 MAE 1.1713 R2 0.0916
2026-09-02 01:36:41 |   Val R2 improved to 0.0916, model saved
2026-09-02 01:36:43 | Epoch  20/100 | Train Loss 0.1058 | Val Loss 0.1033 MAE 1.1381 R2 0.1052
2026-09-02 01:36:43 |   Val R2 improved to 0.1052, model saved
2026-09-02 01:36:45 | Epoch  21/100 | Train Loss 0.1053 | Val Loss 0.1013 MAE 1.1360 R2 0.1175
2026-09-02 01:36:45 |   Val R2 improved to 0.1175, model saved
2026-09-02 01:36:47 | Epoch  22/100 | Train Loss 0.1021 | Val Loss 0.1008 MAE 1.1587 R2 0.1108
2026-09-02 01:36:48 | Epoch  23/100 | Train Loss 0.0989 | Val Loss 0.1000 MAE 1.1232 R2 0.1269
2026-09-02 01:36:48 |   Val R2 improved to 0.1269, model saved
2026-09-02 01:36:50 | Epoch  24/100 | Train Loss 0.1005 | Val Loss 0.0985 MAE 1.1334 R2 0.1354
2026-09-02 01:36:50 |   Val R2 improved to 0.1354, model saved
2026-09-02 01:36:52 | Epoch  25/100 | Train Loss 0.0994 | Val Loss 0.0976 MAE 1.1367 R2 0.1399
2026-09-02 01:36:52 |   Val R2 improved to 0.1399, model saved
2026-09-02 01:36:53 | Epoch  26/100 | Train Loss 0.0962 | Val Loss 0.1016 MAE 1.1193 R2 0.1202
2026-09-02 01:36:55 | Epoch  27/100 | Train Loss 0.0944 | Val Loss 0.0954 MAE 1.1188 R2 0.1617
2026-09-02 01:36:55 |   Val R2 improved to 0.1617, model saved
2026-09-02 01:36:57 | Epoch  28/100 | Train Loss 0.0903 | Val Loss 0.0968 MAE 1.1010 R2 0.1571
2026-09-02 01:36:58 | Epoch  29/100 | Train Loss 0.0888 | Val Loss 0.0952 MAE 1.1116 R2 0.1648
2026-09-02 01:36:58 |   Val R2 improved to 0.1648, model saved
2026-09-02 01:37:00 | Epoch  30/100 | Train Loss 0.0870 | Val Loss 0.0967 MAE 1.0988 R2 0.1598
2026-09-02 01:37:02 | Epoch  31/100 | Train Loss 0.0833 | Val Loss 0.0929 MAE 1.0945 R2 0.1868
2026-09-02 01:37:02 |   Val R2 improved to 0.1868, model saved
2026-09-02 01:37:03 | Epoch  32/100 | Train Loss 0.0832 | Val Loss 0.0933 MAE 1.1023 R2 0.1805
2026-09-02 01:37:05 | Epoch  33/100 | Train Loss 0.0805 | Val Loss 0.0942 MAE 1.0868 R2 0.1828
2026-09-02 01:37:07 | Epoch  34/100 | Train Loss 0.0782 | Val Loss 0.0970 MAE 1.0951 R2 0.1576
2026-09-02 01:37:09 | Epoch  35/100 | Train Loss 0.0771 | Val Loss 0.0924 MAE 1.0800 R2 0.1939
2026-09-02 01:37:09 |   Val R2 improved to 0.1939, model saved
2026-09-02 01:37:10 | Epoch  36/100 | Train Loss 0.0733 | Val Loss 0.0933 MAE 1.0796 R2 0.1888
2026-09-02 01:37:12 | Epoch  37/100 | Train Loss 0.0721 | Val Loss 0.1033 MAE 1.1069 R2 0.1151
2026-09-02 01:37:14 | Epoch  38/100 | Train Loss 0.0719 | Val Loss 0.0925 MAE 1.0759 R2 0.1942
2026-09-02 01:37:14 |   Val R2 improved to 0.1942, model saved
2026-09-02 01:37:15 | Epoch  39/100 | Train Loss 0.0690 | Val Loss 0.0908 MAE 1.0691 R2 0.2077
2026-09-02 01:37:15 |   Val R2 improved to 0.2077, model saved
2026-09-02 01:37:17 | Epoch  40/100 | Train Loss 0.0686 | Val Loss 0.0893 MAE 1.0728 R2 0.2127
2026-09-02 01:37:17 |   Val R2 improved to 0.2127, model saved
2026-09-02 01:37:18 | Epoch  41/100 | Train Loss 0.0674 | Val Loss 0.0920 MAE 1.0852 R2 0.1902
2026-09-02 01:37:20 | Epoch  42/100 | Train Loss 0.0653 | Val Loss 0.0910 MAE 1.0645 R2 0.2066
2026-09-02 01:37:21 | Epoch  43/100 | Train Loss 0.0624 | Val Loss 0.0918 MAE 1.0619 R2 0.1992
2026-09-02 01:37:23 | Epoch  44/100 | Train Loss 0.0605 | Val Loss 0.0902 MAE 1.0591 R2 0.2148
2026-09-02 01:37:23 |   Val R2 improved to 0.2148, model saved
2026-09-02 01:37:25 | Epoch  45/100 | Train Loss 0.0594 | Val Loss 0.0924 MAE 1.0644 R2 0.1961
2026-09-02 01:37:26 | Epoch  46/100 | Train Loss 0.0596 | Val Loss 0.0888 MAE 1.0536 R2 0.2220
2026-09-02 01:37:26 |   Val R2 improved to 0.2220, model saved
2026-09-02 01:37:28 | Epoch  47/100 | Train Loss 0.0563 | Val Loss 0.0892 MAE 1.0611 R2 0.2153
2026-09-02 01:37:29 | Epoch  48/100 | Train Loss 0.0594 | Val Loss 0.0891 MAE 1.0630 R2 0.2159
2026-09-02 01:37:31 | Epoch  49/100 | Train Loss 0.0555 | Val Loss 0.0877 MAE 1.0460 R2 0.2294
2026-09-02 01:37:31 |   Val R2 improved to 0.2294, model saved
2026-09-02 01:37:32 | Epoch  50/100 | Train Loss 0.0537 | Val Loss 0.0880 MAE 1.0483 R2 0.2282
2026-09-02 01:37:34 | Epoch  51/100 | Train Loss 0.0521 | Val Loss 0.0999 MAE 1.0950 R2 0.1406
2026-09-02 01:37:36 | Epoch  52/100 | Train Loss 0.0517 | Val Loss 0.0986 MAE 1.0820 R2 0.1520
2026-09-02 01:37:38 | Epoch  53/100 | Train Loss 0.0509 | Val Loss 0.0959 MAE 1.0764 R2 0.1706
2026-09-02 01:37:40 | Epoch  54/100 | Train Loss 0.0505 | Val Loss 0.0922 MAE 1.0607 R2 0.1976
2026-09-02 01:37:42 | Epoch  55/100 | Train Loss 0.0474 | Val Loss 0.0916 MAE 1.0539 R2 0.2008
2026-09-02 01:37:44 | Epoch  56/100 | Train Loss 0.0466 | Val Loss 0.0886 MAE 1.0481 R2 0.2242
2026-09-02 01:37:45 | Epoch  57/100 | Train Loss 0.0453 | Val Loss 0.0918 MAE 1.0643 R2 0.1987
2026-09-02 01:37:47 | Epoch  58/100 | Train Loss 0.0462 | Val Loss 0.0933 MAE 1.0636 R2 0.1925
2026-09-02 01:37:50 | Epoch  59/100 | Train Loss 0.0436 | Val Loss 0.0932 MAE 1.0612 R2 0.1935
2026-09-02 01:37:50 | Val R2 did not improve for 10 consecutive epochs, early stopping at Epoch 59 (best R2 0.2294 @ Epoch 49)
2026-09-02 01:37:50 | Run 4/5 | Test (best model @ Epoch 49) | Loss 0.0918 MAE 1.0734 R2 0.2412
2026-09-02 01:37:50 | ===== Run 5/5 (seed 4) =====
2026-09-02 01:37:52 | Epoch   1/100 | Train Loss 0.5495 | Val Loss 0.2128 MAE 1.3894 R2 -0.2286
2026-09-02 01:37:52 |   Val R2 improved to -0.2286, model saved
2026-09-02 01:37:54 | Epoch   2/100 | Train Loss 0.3817 | Val Loss 0.1903 MAE 1.2342 R2 -0.0587
2026-09-02 01:37:54 |   Val R2 improved to -0.0587, model saved
2026-09-02 01:37:56 | Epoch   3/100 | Train Loss 0.2937 | Val Loss 0.1714 MAE 1.2603 R2 -0.0307
2026-09-02 01:37:56 |   Val R2 improved to -0.0307, model saved
2026-09-02 01:37:58 | Epoch   4/100 | Train Loss 0.2351 | Val Loss 0.1421 MAE 1.2412 R2 -0.0052
2026-09-02 01:37:58 |   Val R2 improved to -0.0052, model saved
2026-09-02 01:37:59 | Epoch   5/100 | Train Loss 0.1883 | Val Loss 0.1187 MAE 1.2513 R2 -0.0055
2026-09-02 01:38:01 | Epoch   6/100 | Train Loss 0.1636 | Val Loss 0.1152 MAE 1.2523 R2 -0.0035
2026-09-02 01:38:01 |   Val R2 improved to -0.0035, model saved
2026-09-02 01:38:03 | Epoch   7/100 | Train Loss 0.1473 | Val Loss 0.1158 MAE 1.2610 R2 -0.0136
2026-09-02 01:38:05 | Epoch   8/100 | Train Loss 0.1398 | Val Loss 0.1141 MAE 1.2493 R2 -0.0003
2026-09-02 01:38:05 |   Val R2 improved to -0.0003, model saved
2026-09-02 01:38:07 | Epoch   9/100 | Train Loss 0.1336 | Val Loss 0.1120 MAE 1.2317 R2 0.0186
2026-09-02 01:38:07 |   Val R2 improved to 0.0186, model saved
2026-09-02 01:38:09 | Epoch  10/100 | Train Loss 0.1291 | Val Loss 0.1098 MAE 1.1989 R2 0.0449
2026-09-02 01:38:09 |   Val R2 improved to 0.0449, model saved
2026-09-02 01:38:11 | Epoch  11/100 | Train Loss 0.1270 | Val Loss 0.1094 MAE 1.1834 R2 0.0531
2026-09-02 01:38:11 |   Val R2 improved to 0.0531, model saved
2026-09-02 01:38:13 | Epoch  12/100 | Train Loss 0.1246 | Val Loss 0.1090 MAE 1.1763 R2 0.0587
2026-09-02 01:38:13 |   Val R2 improved to 0.0587, model saved
2026-09-02 01:38:14 | Epoch  13/100 | Train Loss 0.1224 | Val Loss 0.1077 MAE 1.1958 R2 0.0553
2026-09-02 01:38:16 | Epoch  14/100 | Train Loss 0.1199 | Val Loss 0.1070 MAE 1.1757 R2 0.0682
2026-09-02 01:38:16 |   Val R2 improved to 0.0682, model saved
2026-09-02 01:38:18 | Epoch  15/100 | Train Loss 0.1159 | Val Loss 0.1072 MAE 1.1659 R2 0.0710
2026-09-02 01:38:18 |   Val R2 improved to 0.0710, model saved
2026-09-02 01:38:20 | Epoch  16/100 | Train Loss 0.1165 | Val Loss 0.1063 MAE 1.1881 R2 0.0655
2026-09-02 01:38:22 | Epoch  17/100 | Train Loss 0.1143 | Val Loss 0.1071 MAE 1.1553 R2 0.0794
2026-09-02 01:38:22 |   Val R2 improved to 0.0794, model saved
2026-09-02 01:38:24 | Epoch  18/100 | Train Loss 0.1145 | Val Loss 0.1061 MAE 1.1971 R2 0.0626
2026-09-02 01:38:26 | Epoch  19/100 | Train Loss 0.1113 | Val Loss 0.1037 MAE 1.1671 R2 0.0915
2026-09-02 01:38:26 |   Val R2 improved to 0.0915, model saved
2026-09-02 01:38:28 | Epoch  20/100 | Train Loss 0.1083 | Val Loss 0.1029 MAE 1.1599 R2 0.0974
2026-09-02 01:38:28 |   Val R2 improved to 0.0974, model saved
2026-09-02 01:38:29 | Epoch  21/100 | Train Loss 0.1078 | Val Loss 0.1045 MAE 1.1378 R2 0.0996
2026-09-02 01:38:29 |   Val R2 improved to 0.0996, model saved
2026-09-02 01:38:32 | Epoch  22/100 | Train Loss 0.1050 | Val Loss 0.1012 MAE 1.1395 R2 0.1209
2026-09-02 01:38:32 |   Val R2 improved to 0.1209, model saved
2026-09-02 01:38:34 | Epoch  23/100 | Train Loss 0.1036 | Val Loss 0.1007 MAE 1.1295 R2 0.1293
2026-09-02 01:38:34 |   Val R2 improved to 0.1293, model saved
2026-09-02 01:38:35 | Epoch  24/100 | Train Loss 0.1003 | Val Loss 0.0996 MAE 1.1320 R2 0.1337
2026-09-02 01:38:35 |   Val R2 improved to 0.1337, model saved
2026-09-02 01:38:37 | Epoch  25/100 | Train Loss 0.0988 | Val Loss 0.0981 MAE 1.1222 R2 0.1471
2026-09-02 01:38:37 |   Val R2 improved to 0.1471, model saved
2026-09-02 01:38:39 | Epoch  26/100 | Train Loss 0.0954 | Val Loss 0.1019 MAE 1.1176 R2 0.1275
2026-09-02 01:38:41 | Epoch  27/100 | Train Loss 0.0946 | Val Loss 0.0962 MAE 1.1081 R2 0.1672
2026-09-02 01:38:41 |   Val R2 improved to 0.1672, model saved
2026-09-02 01:38:43 | Epoch  28/100 | Train Loss 0.0933 | Val Loss 0.0982 MAE 1.1273 R2 0.1407
2026-09-02 01:38:45 | Epoch  29/100 | Train Loss 0.0934 | Val Loss 0.0961 MAE 1.0984 R2 0.1740
2026-09-02 01:38:45 |   Val R2 improved to 0.1740, model saved
2026-09-02 01:38:47 | Epoch  30/100 | Train Loss 0.0869 | Val Loss 0.0940 MAE 1.0923 R2 0.1835
2026-09-02 01:38:47 |   Val R2 improved to 0.1835, model saved
2026-09-02 01:38:49 | Epoch  31/100 | Train Loss 0.0863 | Val Loss 0.0932 MAE 1.0866 R2 0.1937
2026-09-02 01:38:49 |   Val R2 improved to 0.1937, model saved
2026-09-02 01:38:50 | Epoch  32/100 | Train Loss 0.0846 | Val Loss 0.0945 MAE 1.0832 R2 0.1884
2026-09-02 01:38:52 | Epoch  33/100 | Train Loss 0.0812 | Val Loss 0.0921 MAE 1.0762 R2 0.2037
2026-09-02 01:38:52 |   Val R2 improved to 0.2037, model saved
2026-09-02 01:38:53 | Epoch  34/100 | Train Loss 0.0841 | Val Loss 0.0920 MAE 1.0820 R2 0.2001
2026-09-02 01:38:55 | Epoch  35/100 | Train Loss 0.0789 | Val Loss 0.0934 MAE 1.0750 R2 0.1951
2026-09-02 01:38:56 | Epoch  36/100 | Train Loss 0.0755 | Val Loss 0.0933 MAE 1.0739 R2 0.1930
2026-09-02 01:38:58 | Epoch  37/100 | Train Loss 0.0750 | Val Loss 0.0898 MAE 1.0681 R2 0.2181
2026-09-02 01:38:58 |   Val R2 improved to 0.2181, model saved
2026-09-02 01:39:00 | Epoch  38/100 | Train Loss 0.0723 | Val Loss 0.0905 MAE 1.0670 R2 0.2152
2026-09-02 01:39:01 | Epoch  39/100 | Train Loss 0.0729 | Val Loss 0.0901 MAE 1.0815 R2 0.2113
2026-09-02 01:39:03 | Epoch  40/100 | Train Loss 0.0728 | Val Loss 0.0905 MAE 1.0653 R2 0.2154
2026-09-02 01:39:05 | Epoch  41/100 | Train Loss 0.0682 | Val Loss 0.0890 MAE 1.0551 R2 0.2277
2026-09-02 01:39:05 |   Val R2 improved to 0.2277, model saved
2026-09-02 01:39:06 | Epoch  42/100 | Train Loss 0.0663 | Val Loss 0.0917 MAE 1.0642 R2 0.2064
2026-09-02 01:39:08 | Epoch  43/100 | Train Loss 0.0648 | Val Loss 0.0938 MAE 1.0735 R2 0.1904
2026-09-02 01:39:09 | Epoch  44/100 | Train Loss 0.0645 | Val Loss 0.0911 MAE 1.0648 R2 0.2125
2026-09-02 01:39:11 | Epoch  45/100 | Train Loss 0.0643 | Val Loss 0.0888 MAE 1.0607 R2 0.2234
2026-09-02 01:39:12 | Epoch  46/100 | Train Loss 0.0613 | Val Loss 0.0904 MAE 1.0561 R2 0.2180
2026-09-02 01:39:14 | Epoch  47/100 | Train Loss 0.0607 | Val Loss 0.0957 MAE 1.0767 R2 0.1798
2026-09-02 01:39:15 | Epoch  48/100 | Train Loss 0.0592 | Val Loss 0.0936 MAE 1.0698 R2 0.1943
2026-09-02 01:39:17 | Epoch  49/100 | Train Loss 0.0595 | Val Loss 0.0892 MAE 1.0498 R2 0.2253
2026-09-02 01:39:19 | Epoch  50/100 | Train Loss 0.0567 | Val Loss 0.0881 MAE 1.0541 R2 0.2288
2026-09-02 01:39:19 |   Val R2 improved to 0.2288, model saved
2026-09-02 01:39:20 | Epoch  51/100 | Train Loss 0.0592 | Val Loss 0.0877 MAE 1.0610 R2 0.2268
2026-09-02 01:39:22 | Epoch  52/100 | Train Loss 0.0559 | Val Loss 0.0881 MAE 1.0456 R2 0.2336
2026-09-02 01:39:22 |   Val R2 improved to 0.2336, model saved
2026-09-02 01:39:24 | Epoch  53/100 | Train Loss 0.0542 | Val Loss 0.0926 MAE 1.0625 R2 0.1973
2026-09-02 01:39:26 | Epoch  54/100 | Train Loss 0.0525 | Val Loss 0.0899 MAE 1.0523 R2 0.2209
2026-09-02 01:39:27 | Epoch  55/100 | Train Loss 0.0522 | Val Loss 0.0947 MAE 1.0713 R2 0.1874
2026-09-02 01:39:30 | Epoch  56/100 | Train Loss 0.0508 | Val Loss 0.0926 MAE 1.0599 R2 0.2021
2026-09-02 01:39:31 | Epoch  57/100 | Train Loss 0.0517 | Val Loss 0.0915 MAE 1.0582 R2 0.2116
2026-09-02 01:39:33 | Epoch  58/100 | Train Loss 0.0493 | Val Loss 0.0893 MAE 1.0520 R2 0.2217
2026-09-02 01:39:35 | Epoch  59/100 | Train Loss 0.0477 | Val Loss 0.0891 MAE 1.0543 R2 0.2217
2026-09-02 01:39:36 | Epoch  60/100 | Train Loss 0.0502 | Val Loss 0.0905 MAE 1.0514 R2 0.2194
2026-09-02 01:39:38 | Epoch  61/100 | Train Loss 0.0484 | Val Loss 0.0902 MAE 1.0490 R2 0.2197
2026-09-02 01:39:39 | Epoch  62/100 | Train Loss 0.0462 | Val Loss 0.0932 MAE 1.0612 R2 0.1998
2026-09-02 01:39:39 | Val R2 did not improve for 10 consecutive epochs, early stopping at Epoch 62 (best R2 0.2336 @ Epoch 52)
2026-09-02 01:39:40 | Run 5/5 | Test (best model @ Epoch 52) | Loss 0.0945 MAE 1.0875 R2 0.2252
2026-09-02 01:39:40 | Average over 5 runs | Test Loss 0.0941±0.0014 MAE 1.0833±0.0073 R2 0.2286±0.0088
