2026-09-18 11:28:43 | Device: cuda
2026-09-18 11:28:43 | Args: {'model': 'opb-fixedvar', 'backbone': 'mlp', 'task': 'imagenet100', 'epochs': 100, 'batch_size': 512, 'lr': 0.001, 'hidden_dims': [512, 256], 'dropout': 0.2, 'z_dim': 256, 'anchor_scale': 4.0, 'energy_classifier': False, 'tied_head': False, 'max_len': 250, 'random_labels': False, 'beta': 0.1, 'patience': 10, 'runs': 5, 'seed': 0, 'data_dir': './data', 'save_path': 'output/imagenet100_mlp_opb-fixedvar/imagenet100_mlp_opb-fixedvar.pt', 'log_path': '/root/autodl-tmp/IB/output/ablation/imagenet100_mlp_opb-fixedvar_beta_0.1_anchor_4/train.log', 'no_save': True}
2026-09-18 11:28:43 | ImageNet-100 特征：使用 4×4 空间池化文件 ./data/imagenet100/imagenet100_resnet50_layer3_pool4_features.npz
2026-09-18 11:28:43 | ImageNet-100 预处理缓存：mmap 共享 ./data/imagenet100/preprocessed_pool4
2026-09-18 11:28:43 | ===== Run 1/5 (seed 0) =====
2026-09-18 11:28:53 | Epoch   1/100 | Train Loss 5.1293 Acc 0.4670 | Val Loss 1.8651 Acc 0.8057 AUC 0.9942 Pre 0.8080 Rec 0.8023
2026-09-18 11:28:53 |   Val AUC improved to 0.9942, model saved
2026-09-18 11:29:02 | Epoch   2/100 | Train Loss 2.7764 Acc 0.7069 | Val Loss 1.6176 Acc 0.8285 AUC 0.9939 Pre 0.8318 Rec 0.8255
2026-09-18 11:29:11 | Epoch   3/100 | Train Loss 2.0860 Acc 0.7825 | Val Loss 1.4495 Acc 0.8377 AUC 0.9931 Pre 0.8388 Rec 0.8346
2026-09-18 11:29:19 | Epoch   4/100 | Train Loss 1.7048 Acc 0.8244 | Val Loss 1.4017 Acc 0.8370 AUC 0.9921 Pre 0.8404 Rec 0.8341
2026-09-18 11:29:29 | Epoch   5/100 | Train Loss 1.4646 Acc 0.8510 | Val Loss 1.3454 Acc 0.8406 AUC 0.9913 Pre 0.8442 Rec 0.8374
2026-09-18 11:29:39 | Epoch   6/100 | Train Loss 1.2980 Acc 0.8689 | Val Loss 1.3147 Acc 0.8409 AUC 0.9903 Pre 0.8435 Rec 0.8374
2026-09-18 11:29:47 | Epoch   7/100 | Train Loss 1.1814 Acc 0.8828 | Val Loss 1.3231 Acc 0.8401 AUC 0.9896 Pre 0.8422 Rec 0.8368
2026-09-18 11:29:56 | Epoch   8/100 | Train Loss 1.0906 Acc 0.8926 | Val Loss 1.3071 Acc 0.8430 AUC 0.9895 Pre 0.8452 Rec 0.8400
2026-09-18 11:30:06 | Epoch   9/100 | Train Loss 1.0295 Acc 0.8988 | Val Loss 1.2789 Acc 0.8454 AUC 0.9896 Pre 0.8474 Rec 0.8418
2026-09-18 11:30:15 | Epoch  10/100 | Train Loss 0.9770 Acc 0.9065 | Val Loss 1.2678 Acc 0.8465 AUC 0.9894 Pre 0.8485 Rec 0.8431
2026-09-18 11:30:24 | Epoch  11/100 | Train Loss 0.9233 Acc 0.9099 | Val Loss 1.2681 Acc 0.8466 AUC 0.9887 Pre 0.8488 Rec 0.8433
2026-09-18 11:30:24 | Val AUC did not improve for 10 consecutive epochs, early stopping at Epoch 11 (best AUC 0.9942 @ Epoch 1)
2026-09-18 11:30:26 | Run 1/5 | Test (best model @ Epoch 1) | Loss 1.8585 Acc 0.8112 AUC 0.9940 Pre 0.8130 Rec 0.8081
2026-09-18 11:30:26 | ===== Run 2/5 (seed 1) =====
2026-09-18 11:30:36 | Epoch   1/100 | Train Loss 5.1072 Acc 0.4682 | Val Loss 1.9331 Acc 0.8061 AUC 0.9939 Pre 0.8122 Rec 0.8022
2026-09-18 11:30:36 |   Val AUC improved to 0.9939, model saved
2026-09-18 11:30:45 | Epoch   2/100 | Train Loss 2.7552 Acc 0.7095 | Val Loss 1.5979 Acc 0.8257 AUC 0.9933 Pre 0.8317 Rec 0.8218
2026-09-18 11:30:54 | Epoch   3/100 | Train Loss 2.0827 Acc 0.7831 | Val Loss 1.4500 Acc 0.8334 AUC 0.9926 Pre 0.8392 Rec 0.8290
2026-09-18 11:31:03 | Epoch   4/100 | Train Loss 1.6989 Acc 0.8261 | Val Loss 1.4114 Acc 0.8375 AUC 0.9916 Pre 0.8417 Rec 0.8341
2026-09-18 11:31:13 | Epoch   5/100 | Train Loss 1.4620 Acc 0.8510 | Val Loss 1.3873 Acc 0.8391 AUC 0.9905 Pre 0.8420 Rec 0.8360
2026-09-18 11:31:23 | Epoch   6/100 | Train Loss 1.2933 Acc 0.8709 | Val Loss 1.3336 Acc 0.8391 AUC 0.9897 Pre 0.8449 Rec 0.8361
2026-09-18 11:31:31 | Epoch   7/100 | Train Loss 1.1746 Acc 0.8824 | Val Loss 1.3272 Acc 0.8398 AUC 0.9895 Pre 0.8438 Rec 0.8364
2026-09-18 11:31:40 | Epoch   8/100 | Train Loss 1.1015 Acc 0.8912 | Val Loss 1.3243 Acc 0.8430 AUC 0.9896 Pre 0.8455 Rec 0.8404
2026-09-18 11:31:50 | Epoch   9/100 | Train Loss 1.0206 Acc 0.9002 | Val Loss 1.3160 Acc 0.8426 AUC 0.9893 Pre 0.8434 Rec 0.8401
2026-09-18 11:32:00 | Epoch  10/100 | Train Loss 0.9724 Acc 0.9063 | Val Loss 1.2896 Acc 0.8456 AUC 0.9893 Pre 0.8475 Rec 0.8432
2026-09-18 11:32:09 | Epoch  11/100 | Train Loss 0.9259 Acc 0.9115 | Val Loss 1.2571 Acc 0.8473 AUC 0.9887 Pre 0.8478 Rec 0.8441
2026-09-18 11:32:09 | Val AUC did not improve for 10 consecutive epochs, early stopping at Epoch 11 (best AUC 0.9939 @ Epoch 1)
2026-09-18 11:32:11 | Run 2/5 | Test (best model @ Epoch 1) | Loss 1.9304 Acc 0.8060 AUC 0.9938 Pre 0.8116 Rec 0.8026
2026-09-18 11:32:11 | ===== Run 3/5 (seed 2) =====
2026-09-18 11:32:20 | Epoch   1/100 | Train Loss 5.1228 Acc 0.4668 | Val Loss 1.9578 Acc 0.8007 AUC 0.9938 Pre 0.8096 Rec 0.7955
2026-09-18 11:32:20 |   Val AUC improved to 0.9938, model saved
2026-09-18 11:32:29 | Epoch   2/100 | Train Loss 2.7829 Acc 0.7081 | Val Loss 1.6565 Acc 0.8305 AUC 0.9945 Pre 0.8339 Rec 0.8264
2026-09-18 11:32:29 |   Val AUC improved to 0.9945, model saved
2026-09-18 11:32:37 | Epoch   3/100 | Train Loss 2.0754 Acc 0.7835 | Val Loss 1.4481 Acc 0.8362 AUC 0.9928 Pre 0.8399 Rec 0.8327
2026-09-18 11:32:45 | Epoch   4/100 | Train Loss 1.7053 Acc 0.8244 | Val Loss 1.3974 Acc 0.8405 AUC 0.9924 Pre 0.8428 Rec 0.8366
2026-09-18 11:32:54 | Epoch   5/100 | Train Loss 1.4603 Acc 0.8531 | Val Loss 1.3671 Acc 0.8410 AUC 0.9918 Pre 0.8432 Rec 0.8384
2026-09-18 11:33:04 | Epoch   6/100 | Train Loss 1.2981 Acc 0.8699 | Val Loss 1.3732 Acc 0.8422 AUC 0.9906 Pre 0.8445 Rec 0.8395
2026-09-18 11:33:13 | Epoch   7/100 | Train Loss 1.1693 Acc 0.8843 | Val Loss 1.3006 Acc 0.8445 AUC 0.9908 Pre 0.8452 Rec 0.8416
2026-09-18 11:33:22 | Epoch   8/100 | Train Loss 1.0845 Acc 0.8939 | Val Loss 1.3050 Acc 0.8460 AUC 0.9895 Pre 0.8483 Rec 0.8432
2026-09-18 11:33:32 | Epoch   9/100 | Train Loss 1.0089 Acc 0.9012 | Val Loss 1.2756 Acc 0.8449 AUC 0.9895 Pre 0.8458 Rec 0.8419
2026-09-18 11:33:41 | Epoch  10/100 | Train Loss 0.9633 Acc 0.9065 | Val Loss 1.2900 Acc 0.8443 AUC 0.9889 Pre 0.8461 Rec 0.8414
2026-09-18 11:33:49 | Epoch  11/100 | Train Loss 0.9253 Acc 0.9108 | Val Loss 1.2797 Acc 0.8458 AUC 0.9889 Pre 0.8485 Rec 0.8430
2026-09-18 11:33:58 | Epoch  12/100 | Train Loss 0.8883 Acc 0.9156 | Val Loss 1.2988 Acc 0.8432 AUC 0.9881 Pre 0.8452 Rec 0.8401
2026-09-18 11:33:58 | Val AUC did not improve for 10 consecutive epochs, early stopping at Epoch 12 (best AUC 0.9945 @ Epoch 2)
2026-09-18 11:34:01 | Run 3/5 | Test (best model @ Epoch 2) | Loss 1.6642 Acc 0.8289 AUC 0.9943 Pre 0.8309 Rec 0.8249
2026-09-18 11:34:01 | ===== Run 4/5 (seed 3) =====
2026-09-18 11:34:09 | Epoch   1/100 | Train Loss 5.1102 Acc 0.4671 | Val Loss 1.8894 Acc 0.8050 AUC 0.9943 Pre 0.8098 Rec 0.8006
2026-09-18 11:34:09 |   Val AUC improved to 0.9943, model saved
2026-09-18 11:34:17 | Epoch   2/100 | Train Loss 2.7855 Acc 0.7064 | Val Loss 1.5757 Acc 0.8278 AUC 0.9942 Pre 0.8324 Rec 0.8237
2026-09-18 11:34:26 | Epoch   3/100 | Train Loss 2.0987 Acc 0.7805 | Val Loss 1.4771 Acc 0.8366 AUC 0.9930 Pre 0.8394 Rec 0.8336
2026-09-18 11:34:35 | Epoch   4/100 | Train Loss 1.7040 Acc 0.8235 | Val Loss 1.3884 Acc 0.8397 AUC 0.9927 Pre 0.8404 Rec 0.8363
2026-09-18 11:34:44 | Epoch   5/100 | Train Loss 1.4777 Acc 0.8502 | Val Loss 1.3832 Acc 0.8423 AUC 0.9914 Pre 0.8442 Rec 0.8391
2026-09-18 11:34:53 | Epoch   6/100 | Train Loss 1.2822 Acc 0.8720 | Val Loss 1.2757 Acc 0.8447 AUC 0.9911 Pre 0.8443 Rec 0.8416
2026-09-18 11:35:02 | Epoch   7/100 | Train Loss 1.1678 Acc 0.8839 | Val Loss 1.3222 Acc 0.8413 AUC 0.9899 Pre 0.8434 Rec 0.8383
2026-09-18 11:35:12 | Epoch   8/100 | Train Loss 1.1017 Acc 0.8908 | Val Loss 1.3138 Acc 0.8448 AUC 0.9897 Pre 0.8476 Rec 0.8417
2026-09-18 11:35:21 | Epoch   9/100 | Train Loss 1.0310 Acc 0.8994 | Val Loss 1.2461 Acc 0.8462 AUC 0.9898 Pre 0.8454 Rec 0.8426
2026-09-18 11:35:30 | Epoch  10/100 | Train Loss 0.9640 Acc 0.9066 | Val Loss 1.2812 Acc 0.8456 AUC 0.9891 Pre 0.8458 Rec 0.8424
2026-09-18 11:35:40 | Epoch  11/100 | Train Loss 0.9265 Acc 0.9106 | Val Loss 1.2807 Acc 0.8421 AUC 0.9887 Pre 0.8441 Rec 0.8389
2026-09-18 11:35:40 | Val AUC did not improve for 10 consecutive epochs, early stopping at Epoch 11 (best AUC 0.9943 @ Epoch 1)
2026-09-18 11:35:42 | Run 4/5 | Test (best model @ Epoch 1) | Loss 1.8843 Acc 0.8084 AUC 0.9941 Pre 0.8123 Rec 0.8042
2026-09-18 11:35:42 | ===== Run 5/5 (seed 4) =====
2026-09-18 11:35:52 | Epoch   1/100 | Train Loss 5.1217 Acc 0.4660 | Val Loss 1.8652 Acc 0.8086 AUC 0.9942 Pre 0.8133 Rec 0.8049
2026-09-18 11:35:52 |   Val AUC improved to 0.9942, model saved
2026-09-18 11:36:01 | Epoch   2/100 | Train Loss 2.7994 Acc 0.7061 | Val Loss 1.5319 Acc 0.8332 AUC 0.9940 Pre 0.8357 Rec 0.8299
2026-09-18 11:36:09 | Epoch   3/100 | Train Loss 2.1024 Acc 0.7811 | Val Loss 1.4751 Acc 0.8335 AUC 0.9930 Pre 0.8405 Rec 0.8296
2026-09-18 11:36:18 | Epoch   4/100 | Train Loss 1.7370 Acc 0.8204 | Val Loss 1.3927 Acc 0.8387 AUC 0.9923 Pre 0.8414 Rec 0.8358
2026-09-18 11:36:27 | Epoch   5/100 | Train Loss 1.4774 Acc 0.8494 | Val Loss 1.3489 Acc 0.8409 AUC 0.9912 Pre 0.8434 Rec 0.8379
2026-09-18 11:36:35 | Epoch   6/100 | Train Loss 1.3090 Acc 0.8695 | Val Loss 1.3118 Acc 0.8442 AUC 0.9905 Pre 0.8441 Rec 0.8414
2026-09-18 11:36:44 | Epoch   7/100 | Train Loss 1.1852 Acc 0.8818 | Val Loss 1.3062 Acc 0.8422 AUC 0.9900 Pre 0.8443 Rec 0.8394
2026-09-18 11:36:54 | Epoch   8/100 | Train Loss 1.1113 Acc 0.8894 | Val Loss 1.3323 Acc 0.8430 AUC 0.9897 Pre 0.8452 Rec 0.8404
2026-09-18 11:37:03 | Epoch   9/100 | Train Loss 1.0219 Acc 0.9000 | Val Loss 1.3139 Acc 0.8430 AUC 0.9888 Pre 0.8461 Rec 0.8405
2026-09-18 11:37:11 | Epoch  10/100 | Train Loss 0.9719 Acc 0.9057 | Val Loss 1.3179 Acc 0.8425 AUC 0.9880 Pre 0.8474 Rec 0.8389
2026-09-18 11:37:19 | Epoch  11/100 | Train Loss 0.9288 Acc 0.9102 | Val Loss 1.2929 Acc 0.8442 AUC 0.9887 Pre 0.8473 Rec 0.8411
2026-09-18 11:37:19 | Val AUC did not improve for 10 consecutive epochs, early stopping at Epoch 11 (best AUC 0.9942 @ Epoch 1)
2026-09-18 11:37:21 | Run 5/5 | Test (best model @ Epoch 1) | Loss 1.8634 Acc 0.8092 AUC 0.9940 Pre 0.8122 Rec 0.8054
2026-09-18 11:37:21 | Average over 5 runs | Test Loss 1.8402±0.1024 Acc 0.8127±0.0092 AUC 0.9941±0.0002 Pre 0.8160±0.0083 Rec 0.8090±0.0091
