2026-09-06 02:36:58 | Device: cuda
2026-09-06 02:36:58 | Args: {'model': 'ncmo', 'backbone': 'mlp', 'task': 'imagenet100', 'epochs': 100, 'batch_size': 512, 'lr': 0.001, 'hidden_dims': [512, 256], 'dropout': 0.2, 'z_dim': 256, 'anchor_scale': 12.0, 'energy_classifier': False, 'tied_head': False, 'max_len': 250, 'random_labels': False, 'beta': 0.001, 'patience': 10, 'runs': 5, 'seed': 0, 'data_dir': './data', 'save_path': 'output/imagenet100_mlp_ncmo/imagenet100_mlp_ncmo.pt', 'log_path': '/root/autodl-tmp/IB/output/ablation/imagenet100_mlp_ncmo_anchor_12/train.log', 'no_save': True}
2026-09-06 02:36:58 | ImageNet-100 特征：使用 4×4 空间池化文件 ./data/imagenet100/imagenet100_resnet50_layer3_pool4_features.npz
2026-09-06 02:36:58 | ImageNet-100 预处理缓存：mmap 共享 ./data/imagenet100/preprocessed_pool4
2026-09-06 02:36:58 | ===== Run 1/5 (seed 0) =====
2026-09-06 02:37:05 | Epoch   1/100 | Train Loss 1.7530 Acc 0.5761 | Val Loss 0.9397 Acc 0.7394 AUC 0.9924 Pre 0.7481 Rec 0.7364
2026-09-06 02:37:05 |   Val AUC improved to 0.9924, model saved
2026-09-06 02:37:10 | Epoch   2/100 | Train Loss 0.8187 Acc 0.7713 | Val Loss 0.8258 Acc 0.7746 AUC 0.9942 Pre 0.7805 Rec 0.7709
2026-09-06 02:37:10 |   Val AUC improved to 0.9942, model saved
2026-09-06 02:37:15 | Epoch   3/100 | Train Loss 0.6022 Acc 0.8264 | Val Loss 0.8289 Acc 0.7871 AUC 0.9946 Pre 0.7906 Rec 0.7837
2026-09-06 02:37:16 |   Val AUC improved to 0.9946, model saved
2026-09-06 02:37:21 | Epoch   4/100 | Train Loss 0.4750 Acc 0.8601 | Val Loss 0.8735 Acc 0.7913 AUC 0.9945 Pre 0.7962 Rec 0.7885
2026-09-06 02:37:26 | Epoch   5/100 | Train Loss 0.4186 Acc 0.8769 | Val Loss 0.9221 Acc 0.7880 AUC 0.9941 Pre 0.7939 Rec 0.7840
2026-09-06 02:37:31 | Epoch   6/100 | Train Loss 0.4064 Acc 0.8858 | Val Loss 0.9807 Acc 0.7902 AUC 0.9937 Pre 0.7936 Rec 0.7880
2026-09-06 02:37:37 | Epoch   7/100 | Train Loss 0.3811 Acc 0.8936 | Val Loss 1.0057 Acc 0.7978 AUC 0.9941 Pre 0.8044 Rec 0.7952
2026-09-06 02:37:43 | Epoch   8/100 | Train Loss 0.3709 Acc 0.9002 | Val Loss 1.0713 Acc 0.7946 AUC 0.9939 Pre 0.7985 Rec 0.7913
2026-09-06 02:37:49 | Epoch   9/100 | Train Loss 0.3630 Acc 0.9047 | Val Loss 1.1388 Acc 0.7875 AUC 0.9930 Pre 0.7928 Rec 0.7840
2026-09-06 02:37:55 | Epoch  10/100 | Train Loss 0.3773 Acc 0.9043 | Val Loss 1.1325 Acc 0.7946 AUC 0.9935 Pre 0.7977 Rec 0.7909
2026-09-06 02:38:00 | Epoch  11/100 | Train Loss 0.3607 Acc 0.9097 | Val Loss 1.2350 Acc 0.7993 AUC 0.9935 Pre 0.8037 Rec 0.7961
2026-09-06 02:38:06 | Epoch  12/100 | Train Loss 0.3530 Acc 0.9145 | Val Loss 1.2130 Acc 0.7957 AUC 0.9931 Pre 0.7974 Rec 0.7924
2026-09-06 02:38:12 | Epoch  13/100 | Train Loss 0.3447 Acc 0.9180 | Val Loss 1.2974 Acc 0.7947 AUC 0.9932 Pre 0.7989 Rec 0.7909
2026-09-06 02:38:12 | Val AUC did not improve for 10 consecutive epochs, early stopping at Epoch 13 (best AUC 0.9946 @ Epoch 3)
2026-09-06 02:38:14 | Run 1/5 | Test (best model @ Epoch 3) | Loss 0.8220 Acc 0.7897 AUC 0.9945 Pre 0.7928 Rec 0.7863
2026-09-06 02:38:14 | ===== Run 2/5 (seed 1) =====
2026-09-06 02:38:20 | Epoch   1/100 | Train Loss 1.7423 Acc 0.5787 | Val Loss 0.9332 Acc 0.7432 AUC 0.9924 Pre 0.7498 Rec 0.7397
2026-09-06 02:38:20 |   Val AUC improved to 0.9924, model saved
2026-09-06 02:38:26 | Epoch   2/100 | Train Loss 0.8347 Acc 0.7674 | Val Loss 0.8392 Acc 0.7700 AUC 0.9941 Pre 0.7772 Rec 0.7658
2026-09-06 02:38:26 |   Val AUC improved to 0.9941, model saved
2026-09-06 02:38:32 | Epoch   3/100 | Train Loss 0.5917 Acc 0.8278 | Val Loss 0.8198 Acc 0.7857 AUC 0.9945 Pre 0.7894 Rec 0.7821
2026-09-06 02:38:32 |   Val AUC improved to 0.9945, model saved
2026-09-06 02:38:39 | Epoch   4/100 | Train Loss 0.4829 Acc 0.8584 | Val Loss 0.8613 Acc 0.7917 AUC 0.9945 Pre 0.7972 Rec 0.7885
2026-09-06 02:38:39 |   Val AUC improved to 0.9945, model saved
2026-09-06 02:38:44 | Epoch   5/100 | Train Loss 0.4311 Acc 0.8749 | Val Loss 0.8973 Acc 0.7944 AUC 0.9945 Pre 0.7978 Rec 0.7918
2026-09-06 02:38:44 |   Val AUC improved to 0.9945, model saved
2026-09-06 02:38:50 | Epoch   6/100 | Train Loss 0.4044 Acc 0.8838 | Val Loss 0.9560 Acc 0.7927 AUC 0.9939 Pre 0.7969 Rec 0.7898
2026-09-06 02:38:56 | Epoch   7/100 | Train Loss 0.3875 Acc 0.8931 | Val Loss 1.0036 Acc 0.7930 AUC 0.9938 Pre 0.7966 Rec 0.7908
2026-09-06 02:39:02 | Epoch   8/100 | Train Loss 0.3744 Acc 0.8973 | Val Loss 1.0689 Acc 0.7950 AUC 0.9937 Pre 0.7977 Rec 0.7922
2026-09-06 02:39:09 | Epoch   9/100 | Train Loss 0.3625 Acc 0.9043 | Val Loss 1.1209 Acc 0.7973 AUC 0.9935 Pre 0.8030 Rec 0.7931
2026-09-06 02:39:15 | Epoch  10/100 | Train Loss 0.3664 Acc 0.9061 | Val Loss 1.1846 Acc 0.7883 AUC 0.9930 Pre 0.7929 Rec 0.7853
2026-09-06 02:39:21 | Epoch  11/100 | Train Loss 0.3665 Acc 0.9085 | Val Loss 1.2320 Acc 0.7928 AUC 0.9933 Pre 0.7958 Rec 0.7892
2026-09-06 02:39:27 | Epoch  12/100 | Train Loss 0.3649 Acc 0.9121 | Val Loss 1.2978 Acc 0.7984 AUC 0.9929 Pre 0.8017 Rec 0.7955
2026-09-06 02:39:33 | Epoch  13/100 | Train Loss 0.3641 Acc 0.9140 | Val Loss 1.3119 Acc 0.7944 AUC 0.9924 Pre 0.7985 Rec 0.7909
2026-09-06 02:39:39 | Epoch  14/100 | Train Loss 0.3542 Acc 0.9161 | Val Loss 1.4368 Acc 0.7937 AUC 0.9927 Pre 0.8026 Rec 0.7908
2026-09-06 02:39:45 | Epoch  15/100 | Train Loss 0.3546 Acc 0.9189 | Val Loss 1.4653 Acc 0.7908 AUC 0.9924 Pre 0.7959 Rec 0.7880
2026-09-06 02:39:45 | Val AUC did not improve for 10 consecutive epochs, early stopping at Epoch 15 (best AUC 0.9945 @ Epoch 5)
2026-09-06 02:39:47 | Run 2/5 | Test (best model @ Epoch 5) | Loss 0.8930 Acc 0.7975 AUC 0.9945 Pre 0.8005 Rec 0.7948
2026-09-06 02:39:47 | ===== Run 3/5 (seed 2) =====
2026-09-06 02:39:53 | Epoch   1/100 | Train Loss 1.7526 Acc 0.5735 | Val Loss 0.9468 Acc 0.7408 AUC 0.9921 Pre 0.7510 Rec 0.7375
2026-09-06 02:39:53 |   Val AUC improved to 0.9921, model saved
2026-09-06 02:40:00 | Epoch   2/100 | Train Loss 0.8353 Acc 0.7671 | Val Loss 0.8541 Acc 0.7664 AUC 0.9939 Pre 0.7736 Rec 0.7629
2026-09-06 02:40:00 |   Val AUC improved to 0.9939, model saved
2026-09-06 02:40:06 | Epoch   3/100 | Train Loss 0.6043 Acc 0.8250 | Val Loss 0.8448 Acc 0.7862 AUC 0.9942 Pre 0.7918 Rec 0.7824
2026-09-06 02:40:06 |   Val AUC improved to 0.9942, model saved
2026-09-06 02:40:13 | Epoch   4/100 | Train Loss 0.4739 Acc 0.8612 | Val Loss 0.8719 Acc 0.7909 AUC 0.9944 Pre 0.7963 Rec 0.7878
2026-09-06 02:40:13 |   Val AUC improved to 0.9944, model saved
2026-09-06 02:40:19 | Epoch   5/100 | Train Loss 0.4207 Acc 0.8762 | Val Loss 0.9113 Acc 0.7949 AUC 0.9942 Pre 0.7967 Rec 0.7920
2026-09-06 02:40:26 | Epoch   6/100 | Train Loss 0.3891 Acc 0.8871 | Val Loss 0.9803 Acc 0.7937 AUC 0.9940 Pre 0.7988 Rec 0.7909
2026-09-06 02:40:33 | Epoch   7/100 | Train Loss 0.3768 Acc 0.8950 | Val Loss 1.0379 Acc 0.7950 AUC 0.9940 Pre 0.7995 Rec 0.7923
2026-09-06 02:40:39 | Epoch   8/100 | Train Loss 0.3747 Acc 0.8983 | Val Loss 1.0634 Acc 0.7949 AUC 0.9939 Pre 0.8014 Rec 0.7915
2026-09-06 02:40:46 | Epoch   9/100 | Train Loss 0.3663 Acc 0.9021 | Val Loss 1.1541 Acc 0.7943 AUC 0.9934 Pre 0.7970 Rec 0.7911
2026-09-06 02:40:53 | Epoch  10/100 | Train Loss 0.3766 Acc 0.9045 | Val Loss 1.1477 Acc 0.7907 AUC 0.9930 Pre 0.7965 Rec 0.7875
2026-09-06 02:41:00 | Epoch  11/100 | Train Loss 0.3545 Acc 0.9114 | Val Loss 1.2087 Acc 0.7967 AUC 0.9932 Pre 0.8015 Rec 0.7941
2026-09-06 02:41:07 | Epoch  12/100 | Train Loss 0.3537 Acc 0.9139 | Val Loss 1.2682 Acc 0.7949 AUC 0.9929 Pre 0.8003 Rec 0.7919
2026-09-06 02:41:13 | Epoch  13/100 | Train Loss 0.3471 Acc 0.9167 | Val Loss 1.3855 Acc 0.7941 AUC 0.9926 Pre 0.7967 Rec 0.7908
2026-09-06 02:41:20 | Epoch  14/100 | Train Loss 0.3553 Acc 0.9185 | Val Loss 1.4244 Acc 0.7951 AUC 0.9925 Pre 0.8016 Rec 0.7923
2026-09-06 02:41:20 | Val AUC did not improve for 10 consecutive epochs, early stopping at Epoch 14 (best AUC 0.9944 @ Epoch 4)
2026-09-06 02:41:22 | Run 3/5 | Test (best model @ Epoch 4) | Loss 0.8556 Acc 0.7931 AUC 0.9946 Pre 0.7970 Rec 0.7900
2026-09-06 02:41:22 | ===== Run 4/5 (seed 3) =====
2026-09-06 02:41:29 | Epoch   1/100 | Train Loss 1.7558 Acc 0.5744 | Val Loss 0.9506 Acc 0.7395 AUC 0.9921 Pre 0.7451 Rec 0.7370
2026-09-06 02:41:29 |   Val AUC improved to 0.9921, model saved
2026-09-06 02:41:35 | Epoch   2/100 | Train Loss 0.8362 Acc 0.7672 | Val Loss 0.8448 Acc 0.7714 AUC 0.9939 Pre 0.7779 Rec 0.7670
2026-09-06 02:41:35 |   Val AUC improved to 0.9939, model saved
2026-09-06 02:41:42 | Epoch   3/100 | Train Loss 0.5991 Acc 0.8259 | Val Loss 0.8314 Acc 0.7847 AUC 0.9942 Pre 0.7896 Rec 0.7811
2026-09-06 02:41:42 |   Val AUC improved to 0.9942, model saved
2026-09-06 02:41:48 | Epoch   4/100 | Train Loss 0.4929 Acc 0.8544 | Val Loss 0.8684 Acc 0.7914 AUC 0.9943 Pre 0.7944 Rec 0.7878
2026-09-06 02:41:48 |   Val AUC improved to 0.9943, model saved
2026-09-06 02:41:55 | Epoch   5/100 | Train Loss 0.4263 Acc 0.8759 | Val Loss 0.9129 Acc 0.7933 AUC 0.9942 Pre 0.7973 Rec 0.7904
2026-09-06 02:42:02 | Epoch   6/100 | Train Loss 0.3991 Acc 0.8860 | Val Loss 0.9516 Acc 0.7960 AUC 0.9942 Pre 0.7995 Rec 0.7924
2026-09-06 02:42:09 | Epoch   7/100 | Train Loss 0.3619 Acc 0.8987 | Val Loss 1.0191 Acc 0.7973 AUC 0.9941 Pre 0.8000 Rec 0.7942
2026-09-06 02:42:16 | Epoch   8/100 | Train Loss 0.3676 Acc 0.9001 | Val Loss 1.0496 Acc 0.7940 AUC 0.9938 Pre 0.7977 Rec 0.7900
2026-09-06 02:42:22 | Epoch   9/100 | Train Loss 0.3680 Acc 0.9018 | Val Loss 1.0571 Acc 0.7966 AUC 0.9935 Pre 0.8007 Rec 0.7924
2026-09-06 02:42:29 | Epoch  10/100 | Train Loss 0.3652 Acc 0.9049 | Val Loss 1.1726 Acc 0.7945 AUC 0.9936 Pre 0.7986 Rec 0.7917
2026-09-06 02:42:36 | Epoch  11/100 | Train Loss 0.3487 Acc 0.9116 | Val Loss 1.2749 Acc 0.7916 AUC 0.9929 Pre 0.7977 Rec 0.7880
2026-09-06 02:42:43 | Epoch  12/100 | Train Loss 0.3521 Acc 0.9154 | Val Loss 1.2438 Acc 0.7929 AUC 0.9930 Pre 0.7963 Rec 0.7900
2026-09-06 02:42:50 | Epoch  13/100 | Train Loss 0.3380 Acc 0.9194 | Val Loss 1.3166 Acc 0.7962 AUC 0.9932 Pre 0.7991 Rec 0.7932
2026-09-06 02:42:57 | Epoch  14/100 | Train Loss 0.3474 Acc 0.9195 | Val Loss 1.4478 Acc 0.7899 AUC 0.9926 Pre 0.7917 Rec 0.7859
2026-09-06 02:42:57 | Val AUC did not improve for 10 consecutive epochs, early stopping at Epoch 14 (best AUC 0.9943 @ Epoch 4)
2026-09-06 02:42:59 | Run 4/5 | Test (best model @ Epoch 4) | Loss 0.8702 Acc 0.7899 AUC 0.9942 Pre 0.7935 Rec 0.7867
2026-09-06 02:42:59 | ===== Run 5/5 (seed 4) =====
2026-09-06 02:43:06 | Epoch   1/100 | Train Loss 1.7537 Acc 0.5760 | Val Loss 0.9375 Acc 0.7411 AUC 0.9922 Pre 0.7483 Rec 0.7372
2026-09-06 02:43:06 |   Val AUC improved to 0.9922, model saved
2026-09-06 02:43:13 | Epoch   2/100 | Train Loss 0.8332 Acc 0.7692 | Val Loss 0.8511 Acc 0.7701 AUC 0.9938 Pre 0.7773 Rec 0.7665
2026-09-06 02:43:13 |   Val AUC improved to 0.9938, model saved
2026-09-06 02:43:19 | Epoch   3/100 | Train Loss 0.5941 Acc 0.8269 | Val Loss 0.8504 Acc 0.7846 AUC 0.9944 Pre 0.7916 Rec 0.7813
2026-09-06 02:43:19 |   Val AUC improved to 0.9944, model saved
2026-09-06 02:43:27 | Epoch   4/100 | Train Loss 0.4881 Acc 0.8571 | Val Loss 0.8603 Acc 0.7967 AUC 0.9947 Pre 0.7989 Rec 0.7933
2026-09-06 02:43:27 |   Val AUC improved to 0.9947, model saved
2026-09-06 02:43:34 | Epoch   5/100 | Train Loss 0.4326 Acc 0.8749 | Val Loss 0.9351 Acc 0.7867 AUC 0.9940 Pre 0.7925 Rec 0.7831
2026-09-06 02:43:41 | Epoch   6/100 | Train Loss 0.3925 Acc 0.8867 | Val Loss 0.9819 Acc 0.7904 AUC 0.9941 Pre 0.7938 Rec 0.7875
2026-09-06 02:43:48 | Epoch   7/100 | Train Loss 0.3814 Acc 0.8935 | Val Loss 0.9912 Acc 0.7952 AUC 0.9940 Pre 0.8002 Rec 0.7922
2026-09-06 02:43:54 | Epoch   8/100 | Train Loss 0.3691 Acc 0.9003 | Val Loss 1.0755 Acc 0.7885 AUC 0.9936 Pre 0.7929 Rec 0.7848
2026-09-06 02:44:01 | Epoch   9/100 | Train Loss 0.3635 Acc 0.9026 | Val Loss 1.1266 Acc 0.7923 AUC 0.9935 Pre 0.7955 Rec 0.7893
2026-09-06 02:44:08 | Epoch  10/100 | Train Loss 0.3650 Acc 0.9061 | Val Loss 1.1636 Acc 0.7936 AUC 0.9933 Pre 0.7969 Rec 0.7908
2026-09-06 02:44:15 | Epoch  11/100 | Train Loss 0.3626 Acc 0.9098 | Val Loss 1.2579 Acc 0.7878 AUC 0.9929 Pre 0.7920 Rec 0.7844
2026-09-06 02:44:22 | Epoch  12/100 | Train Loss 0.3684 Acc 0.9111 | Val Loss 1.2971 Acc 0.7952 AUC 0.9930 Pre 0.7989 Rec 0.7922
2026-09-06 02:44:30 | Epoch  13/100 | Train Loss 0.3609 Acc 0.9165 | Val Loss 1.3858 Acc 0.7950 AUC 0.9930 Pre 0.7994 Rec 0.7906
2026-09-06 02:44:37 | Epoch  14/100 | Train Loss 0.3534 Acc 0.9187 | Val Loss 1.4020 Acc 0.7926 AUC 0.9923 Pre 0.7954 Rec 0.7888
2026-09-06 02:44:37 | Val AUC did not improve for 10 consecutive epochs, early stopping at Epoch 14 (best AUC 0.9947 @ Epoch 4)
2026-09-06 02:44:39 | Run 5/5 | Test (best model @ Epoch 4) | Loss 0.8540 Acc 0.7971 AUC 0.9948 Pre 0.8001 Rec 0.7947
2026-09-06 02:44:39 | Average over 5 runs | Test Loss 0.8589±0.0259 Acc 0.7935±0.0038 AUC 0.9945±0.0002 Pre 0.7968±0.0036 Rec 0.7905±0.0041
