2026-09-02 03:33:49 | Device: cuda
2026-09-02 03:33:49 | Args: {'model': 'opb', 'backbone': 'gnn', 'task': 'zinc', 'epochs': 100, 'batch_size': 128, 'lr': 0.001, 'hidden_dims': [512, 256], 'dropout': 0.2, 'z_dim': 256, 'anchor_scale': 16.0, 'energy_classifier': False, 'max_len': 250, 'random_labels': False, 'beta': 0.01, 'patience': 10, 'runs': 5, 'seed': 0, 'data_dir': './data', 'save_path': 'output/zinc_gnn_opb/zinc_gnn_opb.pt', 'log_path': '/root/autodl-tmp/IB/tune_results/zinc_gnn_opb_beta_0.01_anchor_16/train.log', 'no_save': True}
2026-09-02 03:33:49 | ZINC-12k 加载完成：10000/1000/1000 图（batch 128，官方划分），目标 MinMax 归一化到 [0,1]，节点特征 28 维
2026-09-02 03:33:50 | ===== Run 1/5 (seed 0) =====
2026-09-02 03:34:07 | Epoch   1/100 | Train Loss 0.7068 | Val Loss 0.0151 MAE 1.0173 R2 0.3439
2026-09-02 03:34:07 |   Val R2 improved to 0.3439, model saved
2026-09-02 03:34:19 | Epoch   2/100 | Train Loss 0.0170 | Val Loss 0.0025 MAE 0.8791 R2 0.4403
2026-09-02 03:34:19 |   Val R2 improved to 0.4403, model saved
2026-09-02 03:34:31 | Epoch   3/100 | Train Loss 0.0076 | Val Loss 0.0022 MAE 1.1114 R2 0.4362
2026-09-02 03:34:41 | Epoch   4/100 | Train Loss 0.0062 | Val Loss 0.0022 MAE 0.7869 R2 0.5065
2026-09-02 03:34:41 |   Val R2 improved to 0.5065, model saved
2026-09-02 03:34:52 | Epoch   5/100 | Train Loss 0.0061 | Val Loss 0.0020 MAE 0.8331 R2 0.5725
2026-09-02 03:34:52 |   Val R2 improved to 0.5725, model saved
2026-09-02 03:35:03 | Epoch   6/100 | Train Loss 0.0059 | Val Loss 0.0023 MAE 1.1197 R2 0.4483
2026-09-02 03:35:13 | Epoch   7/100 | Train Loss 0.0059 | Val Loss 0.0023 MAE 0.8195 R2 0.5821
2026-09-02 03:35:13 |   Val R2 improved to 0.5821, model saved
2026-09-02 03:35:24 | Epoch   8/100 | Train Loss 0.0058 | Val Loss 0.0020 MAE 0.8307 R2 0.5795
2026-09-02 03:35:36 | Epoch   9/100 | Train Loss 0.0057 | Val Loss 0.0022 MAE 0.7629 R2 0.5237
2026-09-02 03:35:47 | Epoch  10/100 | Train Loss 0.0059 | Val Loss 0.0034 MAE 1.8563 R2 -0.0826
2026-09-02 03:35:57 | Epoch  11/100 | Train Loss 0.0056 | Val Loss 0.0022 MAE 0.9125 R2 0.5502
2026-09-02 03:36:07 | Epoch  12/100 | Train Loss 0.0057 | Val Loss 0.0035 MAE 1.9200 R2 -0.1414
2026-09-02 03:36:16 | Epoch  13/100 | Train Loss 0.0060 | Val Loss 0.0021 MAE 0.6636 R2 0.6133
2026-09-02 03:36:16 |   Val R2 improved to 0.6133, model saved
2026-09-02 03:36:25 | Epoch  14/100 | Train Loss 0.0055 | Val Loss 0.0038 MAE 1.7160 R2 -0.1269
2026-09-02 03:36:33 | Epoch  15/100 | Train Loss 0.0057 | Val Loss 0.0021 MAE 0.6902 R2 0.6179
2026-09-02 03:36:33 |   Val R2 improved to 0.6179, model saved
2026-09-02 03:36:44 | Epoch  16/100 | Train Loss 0.0055 | Val Loss 0.0024 MAE 1.0967 R2 0.4672
2026-09-02 03:36:56 | Epoch  17/100 | Train Loss 0.0053 | Val Loss 0.0022 MAE 1.0557 R2 0.4880
2026-09-02 03:37:07 | Epoch  18/100 | Train Loss 0.0053 | Val Loss 0.0030 MAE 1.4907 R2 0.2256
2026-09-02 03:37:16 | Epoch  19/100 | Train Loss 0.0054 | Val Loss 0.0020 MAE 0.7291 R2 0.6118
2026-09-02 03:37:23 | Epoch  20/100 | Train Loss 0.0052 | Val Loss 0.0022 MAE 0.6514 R2 0.6007
2026-09-02 03:37:31 | Epoch  21/100 | Train Loss 0.0054 | Val Loss 0.0020 MAE 0.6555 R2 0.6207
2026-09-02 03:37:31 |   Val R2 improved to 0.6207, model saved
2026-09-02 03:37:39 | Epoch  22/100 | Train Loss 0.0052 | Val Loss 0.0037 MAE 1.9853 R2 -0.2068
2026-09-02 03:37:46 | Epoch  23/100 | Train Loss 0.0052 | Val Loss 0.0023 MAE 1.0424 R2 0.4948
2026-09-02 03:37:54 | Epoch  24/100 | Train Loss 0.0051 | Val Loss 0.0020 MAE 0.7186 R2 0.6152
2026-09-02 03:38:02 | Epoch  25/100 | Train Loss 0.0049 | Val Loss 0.0020 MAE 0.6608 R2 0.6214
2026-09-02 03:38:02 |   Val R2 improved to 0.6214, model saved
2026-09-02 03:38:10 | Epoch  26/100 | Train Loss 0.0050 | Val Loss 0.0034 MAE 1.4735 R2 0.0732
2026-09-02 03:38:19 | Epoch  27/100 | Train Loss 0.0049 | Val Loss 0.0022 MAE 1.1128 R2 0.4584
2026-09-02 03:38:26 | Epoch  28/100 | Train Loss 0.0048 | Val Loss 0.0026 MAE 1.0815 R2 0.3380
2026-09-02 03:38:34 | Epoch  29/100 | Train Loss 0.0049 | Val Loss 0.0028 MAE 1.3747 R2 0.3026
2026-09-02 03:38:43 | Epoch  30/100 | Train Loss 0.0048 | Val Loss 0.0020 MAE 0.6751 R2 0.6168
2026-09-02 03:38:52 | Epoch  31/100 | Train Loss 0.0046 | Val Loss 0.0020 MAE 0.8300 R2 0.5766
2026-09-02 03:39:01 | Epoch  32/100 | Train Loss 0.0047 | Val Loss 0.0029 MAE 1.3076 R2 0.1925
2026-09-02 03:39:07 | Epoch  33/100 | Train Loss 0.0045 | Val Loss 0.0020 MAE 0.7462 R2 0.6060
2026-09-02 03:39:15 | Epoch  34/100 | Train Loss 0.0046 | Val Loss 0.0041 MAE 2.0466 R2 -0.2800
2026-09-02 03:39:23 | Epoch  35/100 | Train Loss 0.0045 | Val Loss 0.0025 MAE 0.8891 R2 0.4525
2026-09-02 03:39:23 | Val R2 did not improve for 10 consecutive epochs, early stopping at Epoch 35 (best R2 0.6214 @ Epoch 25)
2026-09-02 03:39:24 | Run 1/5 | Test (best model @ Epoch 25) | Loss 0.0020 MAE 0.7281 R2 0.6288
2026-09-02 03:39:24 | ===== Run 2/5 (seed 1) =====
2026-09-02 03:39:31 | Epoch   1/100 | Train Loss 0.6897 | Val Loss 0.0202 MAE 4.2831 R2 -4.0869
2026-09-02 03:39:31 |   Val R2 improved to -4.0869, model saved
2026-09-02 03:39:38 | Epoch   2/100 | Train Loss 0.0193 | Val Loss 0.0040 MAE 2.1424 R2 -0.4311
2026-09-02 03:39:38 |   Val R2 improved to -0.4311, model saved
2026-09-02 03:39:45 | Epoch   3/100 | Train Loss 0.0085 | Val Loss 0.0026 MAE 1.4862 R2 0.1981
2026-09-02 03:39:45 |   Val R2 improved to 0.1981, model saved
2026-09-02 03:39:52 | Epoch   4/100 | Train Loss 0.0065 | Val Loss 0.0022 MAE 0.8303 R2 0.4792
2026-09-02 03:39:52 |   Val R2 improved to 0.4792, model saved
2026-09-02 03:40:01 | Epoch   5/100 | Train Loss 0.0057 | Val Loss 0.0019 MAE 0.7875 R2 0.5873
2026-09-02 03:40:01 |   Val R2 improved to 0.5873, model saved
2026-09-02 03:40:10 | Epoch   6/100 | Train Loss 0.0054 | Val Loss 0.0022 MAE 0.8582 R2 0.4622
2026-09-02 03:40:18 | Epoch   7/100 | Train Loss 0.0053 | Val Loss 0.0021 MAE 0.8581 R2 0.5664
2026-09-02 03:40:26 | Epoch   8/100 | Train Loss 0.0052 | Val Loss 0.0020 MAE 0.6832 R2 0.5832
2026-09-02 03:40:35 | Epoch   9/100 | Train Loss 0.0051 | Val Loss 0.0032 MAE 1.7716 R2 -0.0102
2026-09-02 03:40:44 | Epoch  10/100 | Train Loss 0.0054 | Val Loss 0.0020 MAE 0.7486 R2 0.6038
2026-09-02 03:40:44 |   Val R2 improved to 0.6038, model saved
2026-09-02 03:40:53 | Epoch  11/100 | Train Loss 0.0050 | Val Loss 0.0021 MAE 0.8578 R2 0.5681
2026-09-02 03:41:02 | Epoch  12/100 | Train Loss 0.0050 | Val Loss 0.0048 MAE 2.3102 R2 -0.5688
2026-09-02 03:41:11 | Epoch  13/100 | Train Loss 0.0052 | Val Loss 0.0020 MAE 0.6719 R2 0.5966
2026-09-02 03:41:20 | Epoch  14/100 | Train Loss 0.0048 | Val Loss 0.0026 MAE 1.0622 R2 0.3457
2026-09-02 03:41:30 | Epoch  15/100 | Train Loss 0.0051 | Val Loss 0.0023 MAE 0.8957 R2 0.4440
2026-09-02 03:41:39 | Epoch  16/100 | Train Loss 0.0049 | Val Loss 0.0020 MAE 0.6646 R2 0.6104
2026-09-02 03:41:39 |   Val R2 improved to 0.6104, model saved
2026-09-02 03:41:48 | Epoch  17/100 | Train Loss 0.0049 | Val Loss 0.0098 MAE 3.6790 R2 -2.6755
2026-09-02 03:41:58 | Epoch  18/100 | Train Loss 0.0056 | Val Loss 0.0025 MAE 1.0265 R2 0.3698
2026-09-02 03:42:06 | Epoch  19/100 | Train Loss 0.0047 | Val Loss 0.0028 MAE 1.5346 R2 0.1835
2026-09-02 03:42:15 | Epoch  20/100 | Train Loss 0.0050 | Val Loss 0.0021 MAE 0.7593 R2 0.5265
2026-09-02 03:42:23 | Epoch  21/100 | Train Loss 0.0046 | Val Loss 0.0020 MAE 0.7304 R2 0.6087
2026-09-02 03:42:32 | Epoch  22/100 | Train Loss 0.0047 | Val Loss 0.0019 MAE 0.6698 R2 0.6065
2026-09-02 03:42:41 | Epoch  23/100 | Train Loss 0.0046 | Val Loss 0.0027 MAE 1.2002 R2 0.2613
2026-09-02 03:42:50 | Epoch  24/100 | Train Loss 0.0047 | Val Loss 0.0019 MAE 0.7085 R2 0.6133
2026-09-02 03:42:50 |   Val R2 improved to 0.6133, model saved
2026-09-02 03:43:00 | Epoch  25/100 | Train Loss 0.0044 | Val Loss 0.0022 MAE 0.8632 R2 0.4667
2026-09-02 03:43:09 | Epoch  26/100 | Train Loss 0.0044 | Val Loss 0.0026 MAE 1.3953 R2 0.2827
2026-09-02 03:43:17 | Epoch  27/100 | Train Loss 0.0044 | Val Loss 0.0025 MAE 1.0400 R2 0.3630
2026-09-02 03:43:26 | Epoch  28/100 | Train Loss 0.0044 | Val Loss 0.0021 MAE 0.9575 R2 0.5206
2026-09-02 03:43:35 | Epoch  29/100 | Train Loss 0.0042 | Val Loss 0.0019 MAE 0.7096 R2 0.6025
2026-09-02 03:43:43 | Epoch  30/100 | Train Loss 0.0041 | Val Loss 0.0020 MAE 0.8131 R2 0.5775
2026-09-02 03:43:54 | Epoch  31/100 | Train Loss 0.0043 | Val Loss 0.0069 MAE 2.8388 R2 -1.4298
2026-09-02 03:44:04 | Epoch  32/100 | Train Loss 0.0045 | Val Loss 0.0027 MAE 1.4719 R2 0.2208
2026-09-02 03:44:13 | Epoch  33/100 | Train Loss 0.0043 | Val Loss 0.0023 MAE 1.2260 R2 0.3787
2026-09-02 03:44:22 | Epoch  34/100 | Train Loss 0.0041 | Val Loss 0.0024 MAE 0.8467 R2 0.4792
2026-09-02 03:44:22 | Val R2 did not improve for 10 consecutive epochs, early stopping at Epoch 34 (best R2 0.6133 @ Epoch 24)
2026-09-02 03:44:23 | Run 2/5 | Test (best model @ Epoch 24) | Loss 0.0019 MAE 0.7765 R2 0.6244
2026-09-02 03:44:23 | ===== Run 3/5 (seed 2) =====
2026-09-02 03:44:32 | Epoch   1/100 | Train Loss 0.7079 | Val Loss 0.0129 MAE 1.5658 R2 -0.1513
2026-09-02 03:44:32 |   Val R2 improved to -0.1513, model saved
2026-09-02 03:44:40 | Epoch   2/100 | Train Loss 0.0226 | Val Loss 0.0041 MAE 2.1113 R2 -0.3953
2026-09-02 03:44:49 | Epoch   3/100 | Train Loss 0.0106 | Val Loss 0.0021 MAE 0.9570 R2 0.5102
2026-09-02 03:44:50 |   Val R2 improved to 0.5102, model saved
2026-09-02 03:44:58 | Epoch   4/100 | Train Loss 0.0079 | Val Loss 0.0028 MAE 1.5671 R2 0.1468
2026-09-02 03:45:06 | Epoch   5/100 | Train Loss 0.0069 | Val Loss 0.0020 MAE 0.9594 R2 0.5211
2026-09-02 03:45:06 |   Val R2 improved to 0.5211, model saved
2026-09-02 03:45:14 | Epoch   6/100 | Train Loss 0.0062 | Val Loss 0.0020 MAE 0.6885 R2 0.5806
2026-09-02 03:45:14 |   Val R2 improved to 0.5806, model saved
2026-09-02 03:45:22 | Epoch   7/100 | Train Loss 0.0060 | Val Loss 0.0020 MAE 0.8879 R2 0.5551
2026-09-02 03:45:30 | Epoch   8/100 | Train Loss 0.0059 | Val Loss 0.0019 MAE 0.6950 R2 0.6103
2026-09-02 03:45:30 |   Val R2 improved to 0.6103, model saved
2026-09-02 03:45:38 | Epoch   9/100 | Train Loss 0.0058 | Val Loss 0.0049 MAE 2.2605 R2 -0.6872
2026-09-02 03:45:47 | Epoch  10/100 | Train Loss 0.0058 | Val Loss 0.0020 MAE 0.7350 R2 0.6084
2026-09-02 03:45:57 | Epoch  11/100 | Train Loss 0.0056 | Val Loss 0.0021 MAE 0.8614 R2 0.5689
2026-09-02 03:46:05 | Epoch  12/100 | Train Loss 0.0057 | Val Loss 0.0022 MAE 0.6582 R2 0.6026
2026-09-02 03:46:14 | Epoch  13/100 | Train Loss 0.0056 | Val Loss 0.0022 MAE 0.6759 R2 0.6159
2026-09-02 03:46:14 |   Val R2 improved to 0.6159, model saved
2026-09-02 03:46:25 | Epoch  14/100 | Train Loss 0.0057 | Val Loss 0.0051 MAE 2.6471 R2 -0.9961
2026-09-02 03:46:34 | Epoch  15/100 | Train Loss 0.0057 | Val Loss 0.0021 MAE 1.0041 R2 0.5105
2026-09-02 03:46:44 | Epoch  16/100 | Train Loss 0.0054 | Val Loss 0.0021 MAE 0.9181 R2 0.5497
2026-09-02 03:46:54 | Epoch  17/100 | Train Loss 0.0053 | Val Loss 0.0030 MAE 1.3148 R2 0.1870
2026-09-02 03:47:03 | Epoch  18/100 | Train Loss 0.0055 | Val Loss 0.0028 MAE 1.2483 R2 0.2306
2026-09-02 03:47:13 | Epoch  19/100 | Train Loss 0.0055 | Val Loss 0.0027 MAE 1.2944 R2 0.3556
2026-09-02 03:47:22 | Epoch  20/100 | Train Loss 0.0052 | Val Loss 0.0026 MAE 0.9798 R2 0.3962
2026-09-02 03:47:32 | Epoch  21/100 | Train Loss 0.0051 | Val Loss 0.0030 MAE 1.3815 R2 0.1408
2026-09-02 03:47:41 | Epoch  22/100 | Train Loss 0.0051 | Val Loss 0.0023 MAE 0.7611 R2 0.5236
2026-09-02 03:47:51 | Epoch  23/100 | Train Loss 0.0051 | Val Loss 0.0020 MAE 0.6629 R2 0.6222
2026-09-02 03:47:51 |   Val R2 improved to 0.6222, model saved
2026-09-02 03:48:01 | Epoch  24/100 | Train Loss 0.0050 | Val Loss 0.0024 MAE 1.2227 R2 0.3995
2026-09-02 03:48:10 | Epoch  25/100 | Train Loss 0.0049 | Val Loss 0.0026 MAE 1.1195 R2 0.3161
2026-09-02 03:48:20 | Epoch  26/100 | Train Loss 0.0048 | Val Loss 0.0036 MAE 1.9231 R2 -0.1472
2026-09-02 03:48:29 | Epoch  27/100 | Train Loss 0.0048 | Val Loss 0.0032 MAE 1.6808 R2 0.0727
2026-09-02 03:48:39 | Epoch  28/100 | Train Loss 0.0052 | Val Loss 0.0034 MAE 1.7783 R2 -0.0131
2026-09-02 03:48:50 | Epoch  29/100 | Train Loss 0.0048 | Val Loss 0.0023 MAE 1.0697 R2 0.4781
2026-09-02 03:48:58 | Epoch  30/100 | Train Loss 0.0045 | Val Loss 0.0019 MAE 0.6702 R2 0.6213
2026-09-02 03:49:09 | Epoch  31/100 | Train Loss 0.0046 | Val Loss 0.0052 MAE 2.1164 R2 -0.5161
2026-09-02 03:49:21 | Epoch  32/100 | Train Loss 0.0048 | Val Loss 0.0026 MAE 1.2850 R2 0.3573
2026-09-02 03:49:33 | Epoch  33/100 | Train Loss 0.0046 | Val Loss 0.0028 MAE 1.0306 R2 0.3707
2026-09-02 03:49:33 | Val R2 did not improve for 10 consecutive epochs, early stopping at Epoch 33 (best R2 0.6222 @ Epoch 23)
2026-09-02 03:49:34 | Run 3/5 | Test (best model @ Epoch 23) | Loss 0.0020 MAE 0.7217 R2 0.6312
2026-09-02 03:49:34 | ===== Run 4/5 (seed 3) =====
2026-09-02 03:49:45 | Epoch   1/100 | Train Loss 0.7524 | Val Loss 0.0109 MAE 1.7420 R2 -0.1346
2026-09-02 03:49:45 |   Val R2 improved to -0.1346, model saved
2026-09-02 03:49:56 | Epoch   2/100 | Train Loss 0.0192 | Val Loss 0.0028 MAE 1.4921 R2 0.1777
2026-09-02 03:49:56 |   Val R2 improved to 0.1777, model saved
2026-09-02 03:50:09 | Epoch   3/100 | Train Loss 0.0085 | Val Loss 0.0023 MAE 0.8451 R2 0.4664
2026-09-02 03:50:09 |   Val R2 improved to 0.4664, model saved
2026-09-02 03:50:22 | Epoch   4/100 | Train Loss 0.0068 | Val Loss 0.0020 MAE 0.8766 R2 0.5514
2026-09-02 03:50:22 |   Val R2 improved to 0.5514, model saved
2026-09-02 03:50:33 | Epoch   5/100 | Train Loss 0.0062 | Val Loss 0.0023 MAE 1.2873 R2 0.3483
2026-09-02 03:50:45 | Epoch   6/100 | Train Loss 0.0062 | Val Loss 0.0020 MAE 0.6817 R2 0.5905
2026-09-02 03:50:45 |   Val R2 improved to 0.5905, model saved
2026-09-02 03:50:56 | Epoch   7/100 | Train Loss 0.0059 | Val Loss 0.0022 MAE 0.8227 R2 0.4846
2026-09-02 03:51:07 | Epoch   8/100 | Train Loss 0.0059 | Val Loss 0.0020 MAE 0.6757 R2 0.6090
2026-09-02 03:51:07 |   Val R2 improved to 0.6090, model saved
2026-09-02 03:51:17 | Epoch   9/100 | Train Loss 0.0059 | Val Loss 0.0021 MAE 0.8888 R2 0.5586
2026-09-02 03:51:26 | Epoch  10/100 | Train Loss 0.0056 | Val Loss 0.0025 MAE 1.3093 R2 0.3453
2026-09-02 03:51:35 | Epoch  11/100 | Train Loss 0.0056 | Val Loss 0.0019 MAE 0.7337 R2 0.6089
2026-09-02 03:51:45 | Epoch  12/100 | Train Loss 0.0055 | Val Loss 0.0020 MAE 0.6725 R2 0.6166
2026-09-02 03:51:45 |   Val R2 improved to 0.6166, model saved
2026-09-02 03:51:55 | Epoch  13/100 | Train Loss 0.0057 | Val Loss 0.0022 MAE 0.7594 R2 0.5233
2026-09-02 03:52:05 | Epoch  14/100 | Train Loss 0.0056 | Val Loss 0.0020 MAE 0.7166 R2 0.6153
2026-09-02 03:52:17 | Epoch  15/100 | Train Loss 0.0057 | Val Loss 0.0029 MAE 1.6154 R2 0.1296
2026-09-02 03:52:28 | Epoch  16/100 | Train Loss 0.0055 | Val Loss 0.0020 MAE 0.7369 R2 0.6098
2026-09-02 03:52:39 | Epoch  17/100 | Train Loss 0.0053 | Val Loss 0.0022 MAE 1.0331 R2 0.4997
2026-09-02 03:52:50 | Epoch  18/100 | Train Loss 0.0054 | Val Loss 0.0020 MAE 0.6615 R2 0.5965
2026-09-02 03:53:01 | Epoch  19/100 | Train Loss 0.0054 | Val Loss 0.0020 MAE 0.6940 R2 0.6225
2026-09-02 03:53:01 |   Val R2 improved to 0.6225, model saved
2026-09-02 03:53:13 | Epoch  20/100 | Train Loss 0.0052 | Val Loss 0.0033 MAE 1.4845 R2 0.0645
2026-09-02 03:53:23 | Epoch  21/100 | Train Loss 0.0054 | Val Loss 0.0025 MAE 1.2307 R2 0.3919
2026-09-02 03:53:34 | Epoch  22/100 | Train Loss 0.0050 | Val Loss 0.0020 MAE 0.7538 R2 0.6054
2026-09-02 03:53:45 | Epoch  23/100 | Train Loss 0.0050 | Val Loss 0.0025 MAE 1.0066 R2 0.3831
2026-09-02 03:53:57 | Epoch  24/100 | Train Loss 0.0052 | Val Loss 0.0023 MAE 1.0972 R2 0.4676
2026-09-02 03:54:10 | Epoch  25/100 | Train Loss 0.0050 | Val Loss 0.0023 MAE 0.7450 R2 0.5349
2026-09-02 03:54:21 | Epoch  26/100 | Train Loss 0.0049 | Val Loss 0.0022 MAE 1.0099 R2 0.5102
2026-09-02 03:54:32 | Epoch  27/100 | Train Loss 0.0052 | Val Loss 0.0024 MAE 0.8069 R2 0.5028
2026-09-02 03:54:44 | Epoch  28/100 | Train Loss 0.0051 | Val Loss 0.0020 MAE 0.7195 R2 0.6141
2026-09-02 03:54:56 | Epoch  29/100 | Train Loss 0.0047 | Val Loss 0.0022 MAE 0.7027 R2 0.5617
2026-09-02 03:54:56 | Val R2 did not improve for 10 consecutive epochs, early stopping at Epoch 29 (best R2 0.6225 @ Epoch 19)
2026-09-02 03:54:57 | Run 4/5 | Test (best model @ Epoch 19) | Loss 0.0021 MAE 0.7548 R2 0.6289
2026-09-02 03:54:57 | ===== Run 5/5 (seed 4) =====
2026-09-02 03:55:08 | Epoch   1/100 | Train Loss 0.7201 | Val Loss 0.0185 MAE 3.3699 R2 -2.3059
2026-09-02 03:55:08 |   Val R2 improved to -2.3059, model saved
2026-09-02 03:55:20 | Epoch   2/100 | Train Loss 0.0175 | Val Loss 0.0021 MAE 0.8880 R2 0.5327
2026-09-02 03:55:20 |   Val R2 improved to 0.5327, model saved
2026-09-02 03:55:31 | Epoch   3/100 | Train Loss 0.0075 | Val Loss 0.0019 MAE 0.7750 R2 0.5806
2026-09-02 03:55:31 |   Val R2 improved to 0.5806, model saved
2026-09-02 03:55:42 | Epoch   4/100 | Train Loss 0.0064 | Val Loss 0.0021 MAE 1.0413 R2 0.4821
2026-09-02 03:55:54 | Epoch   5/100 | Train Loss 0.0059 | Val Loss 0.0024 MAE 0.9661 R2 0.3950
2026-09-02 03:56:06 | Epoch   6/100 | Train Loss 0.0059 | Val Loss 0.0021 MAE 0.9500 R2 0.5320
2026-09-02 03:56:18 | Epoch   7/100 | Train Loss 0.0057 | Val Loss 0.0019 MAE 0.7435 R2 0.6045
2026-09-02 03:56:18 |   Val R2 improved to 0.6045, model saved
2026-09-02 03:56:29 | Epoch   8/100 | Train Loss 0.0059 | Val Loss 0.0025 MAE 0.9758 R2 0.3927
2026-09-02 03:56:41 | Epoch   9/100 | Train Loss 0.0056 | Val Loss 0.0038 MAE 1.7411 R2 -0.1541
2026-09-02 03:56:53 | Epoch  10/100 | Train Loss 0.0058 | Val Loss 0.0021 MAE 0.8866 R2 0.5610
2026-09-02 03:57:05 | Epoch  11/100 | Train Loss 0.0059 | Val Loss 0.0031 MAE 1.2606 R2 0.2201
2026-09-02 03:57:18 | Epoch  12/100 | Train Loss 0.0057 | Val Loss 0.0030 MAE 1.5542 R2 0.1737
2026-09-02 03:57:29 | Epoch  13/100 | Train Loss 0.0055 | Val Loss 0.0020 MAE 0.7101 R2 0.6156
2026-09-02 03:57:29 |   Val R2 improved to 0.6156, model saved
2026-09-02 03:57:41 | Epoch  14/100 | Train Loss 0.0056 | Val Loss 0.0027 MAE 1.4591 R2 0.2446
2026-09-02 03:57:52 | Epoch  15/100 | Train Loss 0.0058 | Val Loss 0.0019 MAE 0.6647 R2 0.5990
2026-09-02 03:58:04 | Epoch  16/100 | Train Loss 0.0053 | Val Loss 0.0030 MAE 1.2312 R2 0.2416
2026-09-02 03:58:15 | Epoch  17/100 | Train Loss 0.0054 | Val Loss 0.0022 MAE 0.9317 R2 0.5415
2026-09-02 03:58:28 | Epoch  18/100 | Train Loss 0.0053 | Val Loss 0.0020 MAE 0.7206 R2 0.6131
2026-09-02 03:58:40 | Epoch  19/100 | Train Loss 0.0052 | Val Loss 0.0022 MAE 0.7697 R2 0.5210
2026-09-02 03:58:51 | Epoch  20/100 | Train Loss 0.0051 | Val Loss 0.0020 MAE 0.6897 R2 0.6190
2026-09-02 03:58:51 |   Val R2 improved to 0.6190, model saved
2026-09-02 03:59:02 | Epoch  21/100 | Train Loss 0.0055 | Val Loss 0.0021 MAE 0.6638 R2 0.5928
2026-09-02 03:59:14 | Epoch  22/100 | Train Loss 0.0049 | Val Loss 0.0022 MAE 0.9929 R2 0.5155
2026-09-02 03:59:25 | Epoch  23/100 | Train Loss 0.0050 | Val Loss 0.0019 MAE 0.6828 R2 0.6187
2026-09-02 03:59:37 | Epoch  24/100 | Train Loss 0.0048 | Val Loss 0.0025 MAE 0.9220 R2 0.4319
2026-09-02 03:59:49 | Epoch  25/100 | Train Loss 0.0049 | Val Loss 0.0020 MAE 0.6766 R2 0.6181
2026-09-02 04:00:01 | Epoch  26/100 | Train Loss 0.0047 | Val Loss 0.0021 MAE 0.7029 R2 0.5619
2026-09-02 04:00:12 | Epoch  27/100 | Train Loss 0.0047 | Val Loss 0.0023 MAE 1.1500 R2 0.4364
2026-09-02 04:00:24 | Epoch  28/100 | Train Loss 0.0046 | Val Loss 0.0044 MAE 2.1810 R2 -0.4203
2026-09-02 04:00:36 | Epoch  29/100 | Train Loss 0.0047 | Val Loss 0.0019 MAE 0.6779 R2 0.6205
2026-09-02 04:00:37 |   Val R2 improved to 0.6205, model saved
2026-09-02 04:00:48 | Epoch  30/100 | Train Loss 0.0045 | Val Loss 0.0020 MAE 0.7439 R2 0.6041
2026-09-02 04:00:58 | Epoch  31/100 | Train Loss 0.0046 | Val Loss 0.0020 MAE 0.6894 R2 0.6145
2026-09-02 04:01:09 | Epoch  32/100 | Train Loss 0.0044 | Val Loss 0.0020 MAE 0.6850 R2 0.6126
2026-09-02 04:01:21 | Epoch  33/100 | Train Loss 0.0045 | Val Loss 0.0027 MAE 1.1289 R2 0.3081
2026-09-02 04:01:32 | Epoch  34/100 | Train Loss 0.0046 | Val Loss 0.0038 MAE 1.5168 R2 0.0356
2026-09-02 04:01:44 | Epoch  35/100 | Train Loss 0.0045 | Val Loss 0.0020 MAE 0.6794 R2 0.6116
2026-09-02 04:01:56 | Epoch  36/100 | Train Loss 0.0041 | Val Loss 0.0022 MAE 1.0875 R2 0.4584
2026-09-02 04:02:07 | Epoch  37/100 | Train Loss 0.0042 | Val Loss 0.0037 MAE 1.5897 R2 -0.0245
2026-09-02 04:02:18 | Epoch  38/100 | Train Loss 0.0042 | Val Loss 0.0027 MAE 0.9850 R2 0.3951
2026-09-02 04:02:30 | Epoch  39/100 | Train Loss 0.0044 | Val Loss 0.0023 MAE 0.8978 R2 0.4471
2026-09-02 04:02:30 | Val R2 did not improve for 10 consecutive epochs, early stopping at Epoch 39 (best R2 0.6205 @ Epoch 29)
2026-09-02 04:02:31 | Run 5/5 | Test (best model @ Epoch 29) | Loss 0.0020 MAE 0.7410 R2 0.6306
2026-09-02 04:02:31 | Average over 5 runs | Test Loss 0.0020±0.0000 MAE 0.7444±0.0220 R2 0.6288±0.0027
