2026-08-26 21:13:23 | Device: cuda
2026-08-26 21:13:23 | Args: {'model': 'fgib', 'backbone': 'mlp', 'task': 'housing', 'epochs': 100, 'batch_size': 512, 'lr': 0.001, 'hidden_dims': [512, 256], 'dropout': 0.2, 'z_dim': 256, 'anchor_scale': 2.0, 'max_len': 250, 'random_labels': False, 'beta': 0.0001, 'patience': 10, 'runs': 5, 'seed': 0, 'data_dir': './data', 'save_path': 'output/california_mlp_fgib/california_mlp_fgib.pt', 'log_path': '/root/autodl-tmp/FGIB/tune_results/california_mlp_fgib_beta_0.0001_anchor_2/train.log', 'no_save': True}
2026-08-26 21:13:23 | ===== Run 1/5 (seed 0) =====
2026-08-26 21:13:24 | Epoch   1/100 | Train Loss 0.0748 | Val Loss 0.0527 MAE 0.5971 R2 0.1012
2026-08-26 21:13:24 |   Val R2 improved to 0.1012, model saved
2026-08-26 21:13:25 | Epoch   2/100 | Train Loss 0.0275 | Val Loss 0.0419 MAE 0.4984 R2 0.2847
2026-08-26 21:13:25 |   Val R2 improved to 0.2847, model saved
2026-08-26 21:13:25 | Epoch   3/100 | Train Loss 0.0229 | Val Loss 0.0655 MAE 0.4676 R2 -0.1198
2026-08-26 21:13:25 | Epoch   4/100 | Train Loss 0.0265 | Val Loss 0.0290 MAE 0.4461 R2 0.5064
2026-08-26 21:13:25 |   Val R2 improved to 0.5064, model saved
2026-08-26 21:13:25 | Epoch   5/100 | Train Loss 0.0204 | Val Loss 0.0236 MAE 0.4356 R2 0.5972
2026-08-26 21:13:25 |   Val R2 improved to 0.5972, model saved
2026-08-26 21:13:26 | Epoch   6/100 | Train Loss 0.0188 | Val Loss 0.0162 MAE 0.4234 R2 0.7241
2026-08-26 21:13:26 |   Val R2 improved to 0.7241, model saved
2026-08-26 21:13:26 | Epoch   7/100 | Train Loss 0.0186 | Val Loss 0.0167 MAE 0.4286 R2 0.7158
2026-08-26 21:13:26 | Epoch   8/100 | Train Loss 0.0176 | Val Loss 0.0153 MAE 0.4194 R2 0.7405
2026-08-26 21:13:26 |   Val R2 improved to 0.7405, model saved
2026-08-26 21:13:27 | Epoch   9/100 | Train Loss 0.0174 | Val Loss 0.0174 MAE 0.4193 R2 0.7038
2026-08-26 21:13:27 | Epoch  10/100 | Train Loss 0.0169 | Val Loss 0.0151 MAE 0.4079 R2 0.7433
2026-08-26 21:13:27 |   Val R2 improved to 0.7433, model saved
2026-08-26 21:13:27 | Epoch  11/100 | Train Loss 0.0168 | Val Loss 0.0158 MAE 0.4032 R2 0.7320
2026-08-26 21:13:27 | Epoch  12/100 | Train Loss 0.0172 | Val Loss 0.0165 MAE 0.4160 R2 0.7199
2026-08-26 21:13:28 | Epoch  13/100 | Train Loss 0.0174 | Val Loss 0.0232 MAE 0.4080 R2 0.6047
2026-08-26 21:13:28 | Epoch  14/100 | Train Loss 0.0168 | Val Loss 0.0139 MAE 0.3992 R2 0.7631
2026-08-26 21:13:28 |   Val R2 improved to 0.7631, model saved
2026-08-26 21:13:28 | Epoch  15/100 | Train Loss 0.0166 | Val Loss 0.0153 MAE 0.4086 R2 0.7398
2026-08-26 21:13:28 | Epoch  16/100 | Train Loss 0.0161 | Val Loss 0.0156 MAE 0.4069 R2 0.7339
2026-08-26 21:13:29 | Epoch  17/100 | Train Loss 0.0156 | Val Loss 0.0139 MAE 0.3916 R2 0.7640
2026-08-26 21:13:29 |   Val R2 improved to 0.7640, model saved
2026-08-26 21:13:29 | Epoch  18/100 | Train Loss 0.0153 | Val Loss 0.0139 MAE 0.3909 R2 0.7640
2026-08-26 21:13:29 | Epoch  19/100 | Train Loss 0.0152 | Val Loss 0.0149 MAE 0.3990 R2 0.7472
2026-08-26 21:13:29 | Epoch  20/100 | Train Loss 0.0150 | Val Loss 0.0146 MAE 0.3975 R2 0.7516
2026-08-26 21:13:30 | Epoch  21/100 | Train Loss 0.0154 | Val Loss 0.0153 MAE 0.3972 R2 0.7402
2026-08-26 21:13:30 | Epoch  22/100 | Train Loss 0.0149 | Val Loss 0.0155 MAE 0.3940 R2 0.7356
2026-08-26 21:13:30 | Epoch  23/100 | Train Loss 0.0150 | Val Loss 0.0139 MAE 0.3869 R2 0.7642
2026-08-26 21:13:30 |   Val R2 improved to 0.7642, model saved
2026-08-26 21:13:30 | Epoch  24/100 | Train Loss 0.0150 | Val Loss 0.0133 MAE 0.3827 R2 0.7737
2026-08-26 21:13:30 |   Val R2 improved to 0.7737, model saved
2026-08-26 21:13:31 | Epoch  25/100 | Train Loss 0.0143 | Val Loss 0.0141 MAE 0.3892 R2 0.7595
2026-08-26 21:13:31 | Epoch  26/100 | Train Loss 0.0145 | Val Loss 0.0140 MAE 0.3878 R2 0.7613
2026-08-26 21:13:31 | Epoch  27/100 | Train Loss 0.0145 | Val Loss 0.0130 MAE 0.3817 R2 0.7799
2026-08-26 21:13:31 |   Val R2 improved to 0.7799, model saved
2026-08-26 21:13:32 | Epoch  28/100 | Train Loss 0.0151 | Val Loss 0.0132 MAE 0.3809 R2 0.7755
2026-08-26 21:13:32 | Epoch  29/100 | Train Loss 0.0145 | Val Loss 0.0153 MAE 0.4049 R2 0.7403
2026-08-26 21:13:32 | Epoch  30/100 | Train Loss 0.0144 | Val Loss 0.0131 MAE 0.3772 R2 0.7766
2026-08-26 21:13:32 | Epoch  31/100 | Train Loss 0.0140 | Val Loss 0.0129 MAE 0.3761 R2 0.7813
2026-08-26 21:13:32 |   Val R2 improved to 0.7813, model saved
2026-08-26 21:13:33 | Epoch  32/100 | Train Loss 0.0138 | Val Loss 0.0137 MAE 0.3819 R2 0.7668
2026-08-26 21:13:33 | Epoch  33/100 | Train Loss 0.0139 | Val Loss 0.0131 MAE 0.3890 R2 0.7774
2026-08-26 21:13:33 | Epoch  34/100 | Train Loss 0.0140 | Val Loss 0.0130 MAE 0.3749 R2 0.7788
2026-08-26 21:13:33 | Epoch  35/100 | Train Loss 0.0138 | Val Loss 0.0127 MAE 0.3712 R2 0.7848
2026-08-26 21:13:34 |   Val R2 improved to 0.7848, model saved
2026-08-26 21:13:34 | Epoch  36/100 | Train Loss 0.0138 | Val Loss 0.0137 MAE 0.3801 R2 0.7668
2026-08-26 21:13:34 | Epoch  37/100 | Train Loss 0.0137 | Val Loss 0.0138 MAE 0.3863 R2 0.7648
2026-08-26 21:13:35 | Epoch  38/100 | Train Loss 0.0136 | Val Loss 0.0126 MAE 0.3705 R2 0.7864
2026-08-26 21:13:35 |   Val R2 improved to 0.7864, model saved
2026-08-26 21:13:35 | Epoch  39/100 | Train Loss 0.0133 | Val Loss 0.0127 MAE 0.3731 R2 0.7845
2026-08-26 21:13:35 | Epoch  40/100 | Train Loss 0.0133 | Val Loss 0.0127 MAE 0.3735 R2 0.7845
2026-08-26 21:13:35 | Epoch  41/100 | Train Loss 0.0132 | Val Loss 0.0128 MAE 0.3745 R2 0.7824
2026-08-26 21:13:36 | Epoch  42/100 | Train Loss 0.0131 | Val Loss 0.0126 MAE 0.3679 R2 0.7856
2026-08-26 21:13:36 | Epoch  43/100 | Train Loss 0.0131 | Val Loss 0.0128 MAE 0.3715 R2 0.7827
2026-08-26 21:13:36 | Epoch  44/100 | Train Loss 0.0132 | Val Loss 0.0133 MAE 0.3738 R2 0.7743
2026-08-26 21:13:36 | Epoch  45/100 | Train Loss 0.0133 | Val Loss 0.0126 MAE 0.3675 R2 0.7867
2026-08-26 21:13:36 |   Val R2 improved to 0.7867, model saved
2026-08-26 21:13:37 | Epoch  46/100 | Train Loss 0.0131 | Val Loss 0.0135 MAE 0.3784 R2 0.7707
2026-08-26 21:13:37 | Epoch  47/100 | Train Loss 0.0131 | Val Loss 0.0123 MAE 0.3656 R2 0.7912
2026-08-26 21:13:37 |   Val R2 improved to 0.7912, model saved
2026-08-26 21:13:37 | Epoch  48/100 | Train Loss 0.0128 | Val Loss 0.0131 MAE 0.3727 R2 0.7767
2026-08-26 21:13:38 | Epoch  49/100 | Train Loss 0.0131 | Val Loss 0.0123 MAE 0.3717 R2 0.7902
2026-08-26 21:13:38 | Epoch  50/100 | Train Loss 0.0129 | Val Loss 0.0127 MAE 0.3688 R2 0.7848
2026-08-26 21:13:38 | Epoch  51/100 | Train Loss 0.0129 | Val Loss 0.0133 MAE 0.3787 R2 0.7734
2026-08-26 21:13:38 | Epoch  52/100 | Train Loss 0.0130 | Val Loss 0.0124 MAE 0.3640 R2 0.7897
2026-08-26 21:13:39 | Epoch  53/100 | Train Loss 0.0129 | Val Loss 0.0125 MAE 0.3665 R2 0.7884
2026-08-26 21:13:39 | Epoch  54/100 | Train Loss 0.0127 | Val Loss 0.0124 MAE 0.3638 R2 0.7897
2026-08-26 21:13:39 | Epoch  55/100 | Train Loss 0.0128 | Val Loss 0.0123 MAE 0.3653 R2 0.7917
2026-08-26 21:13:40 |   Val R2 improved to 0.7917, model saved
2026-08-26 21:13:40 | Epoch  56/100 | Train Loss 0.0126 | Val Loss 0.0123 MAE 0.3634 R2 0.7909
2026-08-26 21:13:40 | Epoch  57/100 | Train Loss 0.0125 | Val Loss 0.0123 MAE 0.3642 R2 0.7903
2026-08-26 21:13:40 | Epoch  58/100 | Train Loss 0.0126 | Val Loss 0.0123 MAE 0.3618 R2 0.7918
2026-08-26 21:13:40 |   Val R2 improved to 0.7918, model saved
2026-08-26 21:13:41 | Epoch  59/100 | Train Loss 0.0125 | Val Loss 0.0124 MAE 0.3655 R2 0.7887
2026-08-26 21:13:41 | Epoch  60/100 | Train Loss 0.0125 | Val Loss 0.0121 MAE 0.3611 R2 0.7948
2026-08-26 21:13:41 |   Val R2 improved to 0.7948, model saved
2026-08-26 21:13:41 | Epoch  61/100 | Train Loss 0.0124 | Val Loss 0.0121 MAE 0.3587 R2 0.7944
2026-08-26 21:13:41 | Epoch  62/100 | Train Loss 0.0124 | Val Loss 0.0122 MAE 0.3599 R2 0.7920
2026-08-26 21:13:42 | Epoch  63/100 | Train Loss 0.0124 | Val Loss 0.0124 MAE 0.3631 R2 0.7895
2026-08-26 21:13:42 | Epoch  64/100 | Train Loss 0.0124 | Val Loss 0.0121 MAE 0.3582 R2 0.7952
2026-08-26 21:13:42 |   Val R2 improved to 0.7952, model saved
2026-08-26 21:13:42 | Epoch  65/100 | Train Loss 0.0125 | Val Loss 0.0126 MAE 0.3697 R2 0.7862
2026-08-26 21:13:42 | Epoch  66/100 | Train Loss 0.0122 | Val Loss 0.0122 MAE 0.3636 R2 0.7933
2026-08-26 21:13:43 | Epoch  67/100 | Train Loss 0.0122 | Val Loss 0.0121 MAE 0.3586 R2 0.7943
2026-08-26 21:13:43 | Epoch  68/100 | Train Loss 0.0124 | Val Loss 0.0128 MAE 0.3644 R2 0.7830
2026-08-26 21:13:43 | Epoch  69/100 | Train Loss 0.0124 | Val Loss 0.0124 MAE 0.3628 R2 0.7893
2026-08-26 21:13:44 | Epoch  70/100 | Train Loss 0.0122 | Val Loss 0.0125 MAE 0.3644 R2 0.7879
2026-08-26 21:13:44 | Epoch  71/100 | Train Loss 0.0121 | Val Loss 0.0127 MAE 0.3705 R2 0.7846
2026-08-26 21:13:44 | Epoch  72/100 | Train Loss 0.0121 | Val Loss 0.0122 MAE 0.3594 R2 0.7923
2026-08-26 21:13:44 | Epoch  73/100 | Train Loss 0.0122 | Val Loss 0.0120 MAE 0.3595 R2 0.7962
2026-08-26 21:13:44 |   Val R2 improved to 0.7962, model saved
2026-08-26 21:13:45 | Epoch  74/100 | Train Loss 0.0121 | Val Loss 0.0122 MAE 0.3605 R2 0.7927
2026-08-26 21:13:45 | Epoch  75/100 | Train Loss 0.0121 | Val Loss 0.0123 MAE 0.3600 R2 0.7916
2026-08-26 21:13:45 | Epoch  76/100 | Train Loss 0.0120 | Val Loss 0.0125 MAE 0.3632 R2 0.7877
2026-08-26 21:13:45 | Epoch  77/100 | Train Loss 0.0120 | Val Loss 0.0123 MAE 0.3692 R2 0.7903
2026-08-26 21:13:45 | Epoch  78/100 | Train Loss 0.0119 | Val Loss 0.0121 MAE 0.3549 R2 0.7952
2026-08-26 21:13:46 | Epoch  79/100 | Train Loss 0.0119 | Val Loss 0.0119 MAE 0.3572 R2 0.7979
2026-08-26 21:13:46 |   Val R2 improved to 0.7979, model saved
2026-08-26 21:13:46 | Epoch  80/100 | Train Loss 0.0119 | Val Loss 0.0131 MAE 0.3703 R2 0.7780
2026-08-26 21:13:47 | Epoch  81/100 | Train Loss 0.0121 | Val Loss 0.0122 MAE 0.3603 R2 0.7925
2026-08-26 21:13:47 | Epoch  82/100 | Train Loss 0.0119 | Val Loss 0.0118 MAE 0.3549 R2 0.8002
2026-08-26 21:13:47 |   Val R2 improved to 0.8002, model saved
2026-08-26 21:13:47 | Epoch  83/100 | Train Loss 0.0118 | Val Loss 0.0120 MAE 0.3557 R2 0.7965
2026-08-26 21:13:47 | Epoch  84/100 | Train Loss 0.0117 | Val Loss 0.0120 MAE 0.3629 R2 0.7968
2026-08-26 21:13:48 | Epoch  85/100 | Train Loss 0.0119 | Val Loss 0.0124 MAE 0.3632 R2 0.7893
2026-08-26 21:13:48 | Epoch  86/100 | Train Loss 0.0117 | Val Loss 0.0118 MAE 0.3552 R2 0.7997
2026-08-26 21:13:48 | Epoch  87/100 | Train Loss 0.0115 | Val Loss 0.0124 MAE 0.3608 R2 0.7895
2026-08-26 21:13:48 | Epoch  88/100 | Train Loss 0.0118 | Val Loss 0.0120 MAE 0.3660 R2 0.7956
2026-08-26 21:13:48 | Epoch  89/100 | Train Loss 0.0118 | Val Loss 0.0127 MAE 0.3651 R2 0.7845
2026-08-26 21:13:49 | Epoch  90/100 | Train Loss 0.0119 | Val Loss 0.0116 MAE 0.3539 R2 0.8030
2026-08-26 21:13:49 |   Val R2 improved to 0.8030, model saved
2026-08-26 21:13:49 | Epoch  91/100 | Train Loss 0.0117 | Val Loss 0.0117 MAE 0.3532 R2 0.8016
2026-08-26 21:13:49 | Epoch  92/100 | Train Loss 0.0116 | Val Loss 0.0117 MAE 0.3549 R2 0.8009
2026-08-26 21:13:49 | Epoch  93/100 | Train Loss 0.0117 | Val Loss 0.0119 MAE 0.3553 R2 0.7986
2026-08-26 21:13:50 | Epoch  94/100 | Train Loss 0.0116 | Val Loss 0.0116 MAE 0.3532 R2 0.8031
2026-08-26 21:13:50 |   Val R2 improved to 0.8031, model saved
2026-08-26 21:13:50 | Epoch  95/100 | Train Loss 0.0113 | Val Loss 0.0120 MAE 0.3588 R2 0.7965
2026-08-26 21:13:50 | Epoch  96/100 | Train Loss 0.0116 | Val Loss 0.0117 MAE 0.3514 R2 0.8012
2026-08-26 21:13:50 | Epoch  97/100 | Train Loss 0.0116 | Val Loss 0.0117 MAE 0.3523 R2 0.8020
2026-08-26 21:13:50 | Epoch  98/100 | Train Loss 0.0115 | Val Loss 0.0119 MAE 0.3568 R2 0.7973
2026-08-26 21:13:51 | Epoch  99/100 | Train Loss 0.0114 | Val Loss 0.0118 MAE 0.3553 R2 0.8004
2026-08-26 21:13:51 | Epoch 100/100 | Train Loss 0.0115 | Val Loss 0.0115 MAE 0.3506 R2 0.8042
2026-08-26 21:13:51 |   Val R2 improved to 0.8042, model saved
2026-08-26 21:13:51 | Run 1/5 | Test (best model @ Epoch 100) | Loss 0.0117 MAE 0.3518 R2 0.7924
2026-08-26 21:13:51 | ===== Run 2/5 (seed 1) =====
2026-08-26 21:13:51 | Epoch   1/100 | Train Loss 0.0622 | Val Loss 0.1737 MAE 0.5698 R2 -1.9711
2026-08-26 21:13:51 |   Val R2 improved to -1.9711, model saved
2026-08-26 21:13:52 | Epoch   2/100 | Train Loss 0.0438 | Val Loss 0.0553 MAE 0.5092 R2 0.0559
2026-08-26 21:13:52 |   Val R2 improved to 0.0559, model saved
2026-08-26 21:13:52 | Epoch   3/100 | Train Loss 0.0362 | Val Loss 0.0243 MAE 0.4603 R2 0.5871
2026-08-26 21:13:52 |   Val R2 improved to 0.5871, model saved
2026-08-26 21:13:52 | Epoch   4/100 | Train Loss 0.0208 | Val Loss 0.0280 MAE 0.4430 R2 0.5236
2026-08-26 21:13:52 | Epoch   5/100 | Train Loss 0.0218 | Val Loss 0.0190 MAE 0.4411 R2 0.6762
2026-08-26 21:13:52 |   Val R2 improved to 0.6762, model saved
2026-08-26 21:13:53 | Epoch   6/100 | Train Loss 0.0194 | Val Loss 0.0158 MAE 0.4266 R2 0.7316
2026-08-26 21:13:53 |   Val R2 improved to 0.7316, model saved
2026-08-26 21:13:53 | Epoch   7/100 | Train Loss 0.0185 | Val Loss 0.0182 MAE 0.4352 R2 0.6905
2026-08-26 21:13:53 | Epoch   8/100 | Train Loss 0.0180 | Val Loss 0.0215 MAE 0.4242 R2 0.6335
2026-08-26 21:13:53 | Epoch   9/100 | Train Loss 0.0177 | Val Loss 0.0157 MAE 0.4211 R2 0.7332
2026-08-26 21:13:53 |   Val R2 improved to 0.7332, model saved
2026-08-26 21:13:54 | Epoch  10/100 | Train Loss 0.0174 | Val Loss 0.0166 MAE 0.4227 R2 0.7177
2026-08-26 21:13:54 | Epoch  11/100 | Train Loss 0.0173 | Val Loss 0.0157 MAE 0.4091 R2 0.7323
2026-08-26 21:13:54 | Epoch  12/100 | Train Loss 0.0178 | Val Loss 0.0152 MAE 0.4146 R2 0.7420
2026-08-26 21:13:54 |   Val R2 improved to 0.7420, model saved
2026-08-26 21:13:55 | Epoch  13/100 | Train Loss 0.0165 | Val Loss 0.0142 MAE 0.4012 R2 0.7593
2026-08-26 21:13:55 |   Val R2 improved to 0.7593, model saved
2026-08-26 21:13:55 | Epoch  14/100 | Train Loss 0.0165 | Val Loss 0.0155 MAE 0.4090 R2 0.7357
2026-08-26 21:13:55 | Epoch  15/100 | Train Loss 0.0161 | Val Loss 0.0154 MAE 0.3984 R2 0.7379
2026-08-26 21:13:55 | Epoch  16/100 | Train Loss 0.0163 | Val Loss 0.0155 MAE 0.3997 R2 0.7359
2026-08-26 21:13:56 | Epoch  17/100 | Train Loss 0.0159 | Val Loss 0.0159 MAE 0.4022 R2 0.7294
2026-08-26 21:13:56 | Epoch  18/100 | Train Loss 0.0164 | Val Loss 0.0194 MAE 0.3973 R2 0.6699
2026-08-26 21:13:56 | Epoch  19/100 | Train Loss 0.0163 | Val Loss 0.0157 MAE 0.4059 R2 0.7336
2026-08-26 21:13:57 | Epoch  20/100 | Train Loss 0.0161 | Val Loss 0.0137 MAE 0.3945 R2 0.7665
2026-08-26 21:13:57 |   Val R2 improved to 0.7665, model saved
2026-08-26 21:13:57 | Epoch  21/100 | Train Loss 0.0154 | Val Loss 0.0140 MAE 0.3902 R2 0.7613
2026-08-26 21:13:57 | Epoch  22/100 | Train Loss 0.0148 | Val Loss 0.0147 MAE 0.3944 R2 0.7507
2026-08-26 21:13:57 | Epoch  23/100 | Train Loss 0.0148 | Val Loss 0.0148 MAE 0.3972 R2 0.7488
2026-08-26 21:13:58 | Epoch  24/100 | Train Loss 0.0150 | Val Loss 0.0177 MAE 0.3901 R2 0.6989
2026-08-26 21:13:58 | Epoch  25/100 | Train Loss 0.0155 | Val Loss 0.0134 MAE 0.3803 R2 0.7731
2026-08-26 21:13:58 |   Val R2 improved to 0.7731, model saved
2026-08-26 21:13:58 | Epoch  26/100 | Train Loss 0.0147 | Val Loss 0.0134 MAE 0.3814 R2 0.7724
2026-08-26 21:13:58 | Epoch  27/100 | Train Loss 0.0143 | Val Loss 0.0138 MAE 0.3832 R2 0.7660
2026-08-26 21:13:59 | Epoch  28/100 | Train Loss 0.0145 | Val Loss 0.0134 MAE 0.3772 R2 0.7729
2026-08-26 21:13:59 | Epoch  29/100 | Train Loss 0.0145 | Val Loss 0.0144 MAE 0.3913 R2 0.7556
2026-08-26 21:13:59 | Epoch  30/100 | Train Loss 0.0145 | Val Loss 0.0136 MAE 0.3806 R2 0.7685
2026-08-26 21:14:00 | Epoch  31/100 | Train Loss 0.0144 | Val Loss 0.0137 MAE 0.3841 R2 0.7664
2026-08-26 21:14:00 | Epoch  32/100 | Train Loss 0.0139 | Val Loss 0.0131 MAE 0.3748 R2 0.7778
2026-08-26 21:14:00 |   Val R2 improved to 0.7778, model saved
2026-08-26 21:14:00 | Epoch  33/100 | Train Loss 0.0140 | Val Loss 0.0137 MAE 0.3821 R2 0.7674
2026-08-26 21:14:00 | Epoch  34/100 | Train Loss 0.0140 | Val Loss 0.0137 MAE 0.3808 R2 0.7680
2026-08-26 21:14:00 | Epoch  35/100 | Train Loss 0.0137 | Val Loss 0.0129 MAE 0.3737 R2 0.7803
2026-08-26 21:14:00 |   Val R2 improved to 0.7803, model saved
2026-08-26 21:14:01 | Epoch  36/100 | Train Loss 0.0137 | Val Loss 0.0136 MAE 0.3802 R2 0.7694
2026-08-26 21:14:01 | Epoch  37/100 | Train Loss 0.0139 | Val Loss 0.0127 MAE 0.3811 R2 0.7835
2026-08-26 21:14:01 |   Val R2 improved to 0.7835, model saved
2026-08-26 21:14:01 | Epoch  38/100 | Train Loss 0.0137 | Val Loss 0.0149 MAE 0.4003 R2 0.7461
2026-08-26 21:14:01 | Epoch  39/100 | Train Loss 0.0137 | Val Loss 0.0139 MAE 0.3793 R2 0.7643
2026-08-26 21:14:01 | Epoch  40/100 | Train Loss 0.0134 | Val Loss 0.0127 MAE 0.3754 R2 0.7843
2026-08-26 21:14:01 |   Val R2 improved to 0.7843, model saved
2026-08-26 21:14:02 | Epoch  41/100 | Train Loss 0.0135 | Val Loss 0.0126 MAE 0.3693 R2 0.7860
2026-08-26 21:14:02 |   Val R2 improved to 0.7860, model saved
2026-08-26 21:14:02 | Epoch  42/100 | Train Loss 0.0133 | Val Loss 0.0131 MAE 0.3768 R2 0.7782
2026-08-26 21:14:02 | Epoch  43/100 | Train Loss 0.0132 | Val Loss 0.0129 MAE 0.3731 R2 0.7806
2026-08-26 21:14:03 | Epoch  44/100 | Train Loss 0.0136 | Val Loss 0.0132 MAE 0.3702 R2 0.7765
2026-08-26 21:14:03 | Epoch  45/100 | Train Loss 0.0132 | Val Loss 0.0133 MAE 0.3677 R2 0.7743
2026-08-26 21:14:03 | Epoch  46/100 | Train Loss 0.0131 | Val Loss 0.0127 MAE 0.3687 R2 0.7837
2026-08-26 21:14:03 | Epoch  47/100 | Train Loss 0.0132 | Val Loss 0.0140 MAE 0.3847 R2 0.7620
2026-08-26 21:14:04 | Epoch  48/100 | Train Loss 0.0133 | Val Loss 0.0133 MAE 0.3718 R2 0.7744
2026-08-26 21:14:04 | Epoch  49/100 | Train Loss 0.0130 | Val Loss 0.0124 MAE 0.3657 R2 0.7901
2026-08-26 21:14:04 |   Val R2 improved to 0.7901, model saved
2026-08-26 21:14:04 | Epoch  50/100 | Train Loss 0.0131 | Val Loss 0.0127 MAE 0.3670 R2 0.7839
2026-08-26 21:14:04 | Epoch  51/100 | Train Loss 0.0129 | Val Loss 0.0124 MAE 0.3658 R2 0.7897
2026-08-26 21:14:05 | Epoch  52/100 | Train Loss 0.0127 | Val Loss 0.0124 MAE 0.3656 R2 0.7889
2026-08-26 21:14:05 | Epoch  53/100 | Train Loss 0.0130 | Val Loss 0.0131 MAE 0.3704 R2 0.7777
2026-08-26 21:14:05 | Epoch  54/100 | Train Loss 0.0129 | Val Loss 0.0121 MAE 0.3646 R2 0.7942
2026-08-26 21:14:05 |   Val R2 improved to 0.7942, model saved
2026-08-26 21:14:05 | Epoch  55/100 | Train Loss 0.0127 | Val Loss 0.0131 MAE 0.3739 R2 0.7778
2026-08-26 21:14:06 | Epoch  56/100 | Train Loss 0.0127 | Val Loss 0.0137 MAE 0.3821 R2 0.7678
2026-08-26 21:14:06 | Epoch  57/100 | Train Loss 0.0129 | Val Loss 0.0124 MAE 0.3642 R2 0.7887
2026-08-26 21:14:06 | Epoch  58/100 | Train Loss 0.0127 | Val Loss 0.0123 MAE 0.3622 R2 0.7918
2026-08-26 21:14:06 | Epoch  59/100 | Train Loss 0.0125 | Val Loss 0.0133 MAE 0.3824 R2 0.7744
2026-08-26 21:14:06 | Epoch  60/100 | Train Loss 0.0128 | Val Loss 0.0130 MAE 0.3793 R2 0.7796
2026-08-26 21:14:07 | Epoch  61/100 | Train Loss 0.0128 | Val Loss 0.0132 MAE 0.3719 R2 0.7760
2026-08-26 21:14:07 | Epoch  62/100 | Train Loss 0.0125 | Val Loss 0.0130 MAE 0.3756 R2 0.7789
2026-08-26 21:14:07 | Epoch  63/100 | Train Loss 0.0125 | Val Loss 0.0126 MAE 0.3663 R2 0.7854
2026-08-26 21:14:07 | Epoch  64/100 | Train Loss 0.0124 | Val Loss 0.0122 MAE 0.3614 R2 0.7930
2026-08-26 21:14:07 | Val R2 did not improve for 10 consecutive epochs, early stopping at Epoch 64 (best R2 0.7942 @ Epoch 54)
2026-08-26 21:14:07 | Run 2/5 | Test (best model @ Epoch 54) | Loss 0.0121 MAE 0.3622 R2 0.7841
2026-08-26 21:14:07 | ===== Run 3/5 (seed 2) =====
2026-08-26 21:14:08 | Epoch   1/100 | Train Loss 0.0648 | Val Loss 0.0380 MAE 0.5916 R2 0.3518
2026-08-26 21:14:08 |   Val R2 improved to 0.3518, model saved
2026-08-26 21:14:08 | Epoch   2/100 | Train Loss 0.0266 | Val Loss 0.0213 MAE 0.4753 R2 0.6380
2026-08-26 21:14:08 |   Val R2 improved to 0.6380, model saved
2026-08-26 21:14:09 | Epoch   3/100 | Train Loss 0.0222 | Val Loss 0.0188 MAE 0.4508 R2 0.6805
2026-08-26 21:14:09 |   Val R2 improved to 0.6805, model saved
2026-08-26 21:14:09 | Epoch   4/100 | Train Loss 0.0202 | Val Loss 0.0197 MAE 0.4424 R2 0.6649
2026-08-26 21:14:09 | Epoch   5/100 | Train Loss 0.0197 | Val Loss 0.0196 MAE 0.4625 R2 0.6666
2026-08-26 21:14:09 | Epoch   6/100 | Train Loss 0.0197 | Val Loss 0.0178 MAE 0.4372 R2 0.6965
2026-08-26 21:14:09 |   Val R2 improved to 0.6965, model saved
2026-08-26 21:14:10 | Epoch   7/100 | Train Loss 0.0188 | Val Loss 0.0171 MAE 0.4324 R2 0.7088
2026-08-26 21:14:10 |   Val R2 improved to 0.7088, model saved
2026-08-26 21:14:10 | Epoch   8/100 | Train Loss 0.0178 | Val Loss 0.0168 MAE 0.4287 R2 0.7150
2026-08-26 21:14:10 |   Val R2 improved to 0.7150, model saved
2026-08-26 21:14:10 | Epoch   9/100 | Train Loss 0.0175 | Val Loss 0.0150 MAE 0.4155 R2 0.7445
2026-08-26 21:14:10 |   Val R2 improved to 0.7445, model saved
2026-08-26 21:14:10 | Epoch  10/100 | Train Loss 0.0175 | Val Loss 0.0150 MAE 0.4123 R2 0.7455
2026-08-26 21:14:11 |   Val R2 improved to 0.7455, model saved
2026-08-26 21:14:11 | Epoch  11/100 | Train Loss 0.0168 | Val Loss 0.0238 MAE 0.4211 R2 0.5937
2026-08-26 21:14:11 | Epoch  12/100 | Train Loss 0.0181 | Val Loss 0.0164 MAE 0.4190 R2 0.7216
2026-08-26 21:14:11 | Epoch  13/100 | Train Loss 0.0167 | Val Loss 0.0172 MAE 0.4123 R2 0.7081
2026-08-26 21:14:12 | Epoch  14/100 | Train Loss 0.0171 | Val Loss 0.0156 MAE 0.4120 R2 0.7351
2026-08-26 21:14:12 | Epoch  15/100 | Train Loss 0.0164 | Val Loss 0.0146 MAE 0.4000 R2 0.7524
2026-08-26 21:14:12 |   Val R2 improved to 0.7524, model saved
2026-08-26 21:14:12 | Epoch  16/100 | Train Loss 0.0157 | Val Loss 0.0146 MAE 0.3994 R2 0.7516
2026-08-26 21:14:12 | Epoch  17/100 | Train Loss 0.0153 | Val Loss 0.0144 MAE 0.3933 R2 0.7558
2026-08-26 21:14:12 |   Val R2 improved to 0.7558, model saved
2026-08-26 21:14:12 | Epoch  18/100 | Train Loss 0.0155 | Val Loss 0.0141 MAE 0.3889 R2 0.7601
2026-08-26 21:14:12 |   Val R2 improved to 0.7601, model saved
2026-08-26 21:14:12 | Epoch  19/100 | Train Loss 0.0155 | Val Loss 0.0159 MAE 0.3937 R2 0.7294
2026-08-26 21:14:12 | Epoch  20/100 | Train Loss 0.0164 | Val Loss 0.0313 MAE 0.3999 R2 0.4666
2026-08-26 21:14:13 | Epoch  21/100 | Train Loss 0.0180 | Val Loss 0.0194 MAE 0.4136 R2 0.6702
2026-08-26 21:14:13 | Epoch  22/100 | Train Loss 0.0155 | Val Loss 0.0143 MAE 0.3920 R2 0.7561
2026-08-26 21:14:13 | Epoch  23/100 | Train Loss 0.0152 | Val Loss 0.0138 MAE 0.3907 R2 0.7649
2026-08-26 21:14:13 |   Val R2 improved to 0.7649, model saved
2026-08-26 21:14:13 | Epoch  24/100 | Train Loss 0.0150 | Val Loss 0.0153 MAE 0.4087 R2 0.7393
2026-08-26 21:14:13 | Epoch  25/100 | Train Loss 0.0147 | Val Loss 0.0154 MAE 0.3866 R2 0.7382
2026-08-26 21:14:14 | Epoch  26/100 | Train Loss 0.0148 | Val Loss 0.0142 MAE 0.3905 R2 0.7592
2026-08-26 21:14:14 | Epoch  27/100 | Train Loss 0.0145 | Val Loss 0.0140 MAE 0.3880 R2 0.7625
2026-08-26 21:14:14 | Epoch  28/100 | Train Loss 0.0148 | Val Loss 0.0138 MAE 0.3864 R2 0.7662
2026-08-26 21:14:14 |   Val R2 improved to 0.7662, model saved
2026-08-26 21:14:14 | Epoch  29/100 | Train Loss 0.0145 | Val Loss 0.0136 MAE 0.3824 R2 0.7682
2026-08-26 21:14:14 |   Val R2 improved to 0.7682, model saved
2026-08-26 21:14:14 | Epoch  30/100 | Train Loss 0.0144 | Val Loss 0.0144 MAE 0.3921 R2 0.7559
2026-08-26 21:14:15 | Epoch  31/100 | Train Loss 0.0145 | Val Loss 0.0131 MAE 0.3784 R2 0.7774
2026-08-26 21:14:15 |   Val R2 improved to 0.7774, model saved
2026-08-26 21:14:15 | Epoch  32/100 | Train Loss 0.0140 | Val Loss 0.0132 MAE 0.3792 R2 0.7755
2026-08-26 21:14:15 | Epoch  33/100 | Train Loss 0.0142 | Val Loss 0.0130 MAE 0.3822 R2 0.7795
2026-08-26 21:14:15 |   Val R2 improved to 0.7795, model saved
2026-08-26 21:14:15 | Epoch  34/100 | Train Loss 0.0140 | Val Loss 0.0128 MAE 0.3818 R2 0.7822
2026-08-26 21:14:15 |   Val R2 improved to 0.7822, model saved
2026-08-26 21:14:16 | Epoch  35/100 | Train Loss 0.0139 | Val Loss 0.0131 MAE 0.3745 R2 0.7776
2026-08-26 21:14:16 | Epoch  36/100 | Train Loss 0.0138 | Val Loss 0.0134 MAE 0.3758 R2 0.7728
2026-08-26 21:14:16 | Epoch  37/100 | Train Loss 0.0138 | Val Loss 0.0128 MAE 0.3706 R2 0.7825
2026-08-26 21:14:16 |   Val R2 improved to 0.7825, model saved
2026-08-26 21:14:16 | Epoch  38/100 | Train Loss 0.0137 | Val Loss 0.0127 MAE 0.3712 R2 0.7841
2026-08-26 21:14:16 |   Val R2 improved to 0.7841, model saved
2026-08-26 21:14:16 | Epoch  39/100 | Train Loss 0.0136 | Val Loss 0.0163 MAE 0.3829 R2 0.7223
2026-08-26 21:14:17 | Epoch  40/100 | Train Loss 0.0144 | Val Loss 0.0145 MAE 0.3753 R2 0.7527
2026-08-26 21:14:17 | Epoch  41/100 | Train Loss 0.0137 | Val Loss 0.0131 MAE 0.3760 R2 0.7769
2026-08-26 21:14:17 | Epoch  42/100 | Train Loss 0.0137 | Val Loss 0.0133 MAE 0.3730 R2 0.7744
2026-08-26 21:14:17 | Epoch  43/100 | Train Loss 0.0136 | Val Loss 0.0133 MAE 0.3750 R2 0.7745
2026-08-26 21:14:17 | Epoch  44/100 | Train Loss 0.0135 | Val Loss 0.0137 MAE 0.3832 R2 0.7673
2026-08-26 21:14:18 | Epoch  45/100 | Train Loss 0.0132 | Val Loss 0.0132 MAE 0.3748 R2 0.7749
2026-08-26 21:14:18 | Epoch  46/100 | Train Loss 0.0134 | Val Loss 0.0128 MAE 0.3715 R2 0.7822
2026-08-26 21:14:18 | Epoch  47/100 | Train Loss 0.0138 | Val Loss 0.0134 MAE 0.3719 R2 0.7723
2026-08-26 21:14:18 | Epoch  48/100 | Train Loss 0.0133 | Val Loss 0.0130 MAE 0.3721 R2 0.7796
2026-08-26 21:14:18 | Val R2 did not improve for 10 consecutive epochs, early stopping at Epoch 48 (best R2 0.7841 @ Epoch 38)
2026-08-26 21:14:18 | Run 3/5 | Test (best model @ Epoch 38) | Loss 0.0128 MAE 0.3692 R2 0.7728
2026-08-26 21:14:18 | ===== Run 4/5 (seed 3) =====
2026-08-26 21:14:18 | Epoch   1/100 | Train Loss 0.0620 | Val Loss 0.0276 MAE 0.5597 R2 0.5299
2026-08-26 21:14:18 |   Val R2 improved to 0.5299, model saved
2026-08-26 21:14:19 | Epoch   2/100 | Train Loss 0.0269 | Val Loss 0.0217 MAE 0.4850 R2 0.6304
2026-08-26 21:14:19 |   Val R2 improved to 0.6304, model saved
2026-08-26 21:14:19 | Epoch   3/100 | Train Loss 0.0223 | Val Loss 0.0197 MAE 0.4509 R2 0.6645
2026-08-26 21:14:19 |   Val R2 improved to 0.6645, model saved
2026-08-26 21:14:19 | Epoch   4/100 | Train Loss 0.0208 | Val Loss 0.0185 MAE 0.4405 R2 0.6853
2026-08-26 21:14:19 |   Val R2 improved to 0.6853, model saved
2026-08-26 21:14:19 | Epoch   5/100 | Train Loss 0.0196 | Val Loss 0.0162 MAE 0.4286 R2 0.7251
2026-08-26 21:14:19 |   Val R2 improved to 0.7251, model saved
2026-08-26 21:14:20 | Epoch   6/100 | Train Loss 0.0191 | Val Loss 0.0173 MAE 0.4278 R2 0.7065
2026-08-26 21:14:20 | Epoch   7/100 | Train Loss 0.0185 | Val Loss 0.0207 MAE 0.4344 R2 0.6477
2026-08-26 21:14:20 | Epoch   8/100 | Train Loss 0.0184 | Val Loss 0.0182 MAE 0.4232 R2 0.6910
2026-08-26 21:14:20 | Epoch   9/100 | Train Loss 0.0177 | Val Loss 0.0175 MAE 0.4365 R2 0.7028
2026-08-26 21:14:20 | Epoch  10/100 | Train Loss 0.0176 | Val Loss 0.0153 MAE 0.4127 R2 0.7399
2026-08-26 21:14:20 |   Val R2 improved to 0.7399, model saved
2026-08-26 21:14:21 | Epoch  11/100 | Train Loss 0.0167 | Val Loss 0.0200 MAE 0.4091 R2 0.6600
2026-08-26 21:14:21 | Epoch  12/100 | Train Loss 0.0172 | Val Loss 0.0144 MAE 0.4013 R2 0.7548
2026-08-26 21:14:21 |   Val R2 improved to 0.7548, model saved
2026-08-26 21:14:21 | Epoch  13/100 | Train Loss 0.0165 | Val Loss 0.0145 MAE 0.3960 R2 0.7542
2026-08-26 21:14:21 | Epoch  14/100 | Train Loss 0.0167 | Val Loss 0.0227 MAE 0.4042 R2 0.6137
2026-08-26 21:14:21 | Epoch  15/100 | Train Loss 0.0166 | Val Loss 0.0164 MAE 0.4002 R2 0.7217
2026-08-26 21:14:21 | Epoch  16/100 | Train Loss 0.0163 | Val Loss 0.0252 MAE 0.3987 R2 0.5698
2026-08-26 21:14:22 | Epoch  17/100 | Train Loss 0.0173 | Val Loss 0.0167 MAE 0.3985 R2 0.7156
2026-08-26 21:14:22 | Epoch  18/100 | Train Loss 0.0160 | Val Loss 0.0150 MAE 0.3949 R2 0.7443
2026-08-26 21:14:22 | Epoch  19/100 | Train Loss 0.0158 | Val Loss 0.0166 MAE 0.3911 R2 0.7184
2026-08-26 21:14:22 | Epoch  20/100 | Train Loss 0.0161 | Val Loss 0.0184 MAE 0.3920 R2 0.6859
2026-08-26 21:14:23 | Epoch  21/100 | Train Loss 0.0151 | Val Loss 0.0138 MAE 0.3852 R2 0.7649
2026-08-26 21:14:23 |   Val R2 improved to 0.7649, model saved
2026-08-26 21:14:23 | Epoch  22/100 | Train Loss 0.0150 | Val Loss 0.0186 MAE 0.4014 R2 0.6828
2026-08-26 21:14:23 | Epoch  23/100 | Train Loss 0.0156 | Val Loss 0.0144 MAE 0.3835 R2 0.7547
2026-08-26 21:14:23 | Epoch  24/100 | Train Loss 0.0152 | Val Loss 0.0136 MAE 0.3799 R2 0.7683
2026-08-26 21:14:23 |   Val R2 improved to 0.7683, model saved
2026-08-26 21:14:23 | Epoch  25/100 | Train Loss 0.0146 | Val Loss 0.0153 MAE 0.4048 R2 0.7404
2026-08-26 21:14:24 | Epoch  26/100 | Train Loss 0.0147 | Val Loss 0.0137 MAE 0.3827 R2 0.7668
2026-08-26 21:14:24 | Epoch  27/100 | Train Loss 0.0142 | Val Loss 0.0134 MAE 0.3850 R2 0.7715
2026-08-26 21:14:24 |   Val R2 improved to 0.7715, model saved
2026-08-26 21:14:24 | Epoch  28/100 | Train Loss 0.0145 | Val Loss 0.0134 MAE 0.3830 R2 0.7729
2026-08-26 21:14:24 |   Val R2 improved to 0.7729, model saved
2026-08-26 21:14:24 | Epoch  29/100 | Train Loss 0.0144 | Val Loss 0.0131 MAE 0.3771 R2 0.7778
2026-08-26 21:14:24 |   Val R2 improved to 0.7778, model saved
2026-08-26 21:14:24 | Epoch  30/100 | Train Loss 0.0143 | Val Loss 0.0131 MAE 0.3745 R2 0.7768
2026-08-26 21:14:25 | Epoch  31/100 | Train Loss 0.0142 | Val Loss 0.0142 MAE 0.3761 R2 0.7590
2026-08-26 21:14:25 | Epoch  32/100 | Train Loss 0.0142 | Val Loss 0.0129 MAE 0.3733 R2 0.7811
2026-08-26 21:14:25 |   Val R2 improved to 0.7811, model saved
2026-08-26 21:14:25 | Epoch  33/100 | Train Loss 0.0138 | Val Loss 0.0127 MAE 0.3751 R2 0.7847
2026-08-26 21:14:25 |   Val R2 improved to 0.7847, model saved
2026-08-26 21:14:25 | Epoch  34/100 | Train Loss 0.0138 | Val Loss 0.0141 MAE 0.3903 R2 0.7611
2026-08-26 21:14:25 | Epoch  35/100 | Train Loss 0.0141 | Val Loss 0.0132 MAE 0.3767 R2 0.7752
2026-08-26 21:14:25 | Epoch  36/100 | Train Loss 0.0137 | Val Loss 0.0132 MAE 0.3761 R2 0.7763
2026-08-26 21:14:26 | Epoch  37/100 | Train Loss 0.0137 | Val Loss 0.0129 MAE 0.3717 R2 0.7809
2026-08-26 21:14:26 | Epoch  38/100 | Train Loss 0.0137 | Val Loss 0.0127 MAE 0.3680 R2 0.7846
2026-08-26 21:14:26 | Epoch  39/100 | Train Loss 0.0132 | Val Loss 0.0132 MAE 0.3705 R2 0.7756
2026-08-26 21:14:26 | Epoch  40/100 | Train Loss 0.0131 | Val Loss 0.0128 MAE 0.3709 R2 0.7823
2026-08-26 21:14:26 | Epoch  41/100 | Train Loss 0.0131 | Val Loss 0.0138 MAE 0.3733 R2 0.7658
2026-08-26 21:14:27 | Epoch  42/100 | Train Loss 0.0134 | Val Loss 0.0128 MAE 0.3692 R2 0.7834
2026-08-26 21:14:27 | Epoch  43/100 | Train Loss 0.0135 | Val Loss 0.0126 MAE 0.3657 R2 0.7861
2026-08-26 21:14:27 |   Val R2 improved to 0.7861, model saved
2026-08-26 21:14:27 | Epoch  44/100 | Train Loss 0.0134 | Val Loss 0.0139 MAE 0.3856 R2 0.7634
2026-08-26 21:14:27 | Epoch  45/100 | Train Loss 0.0133 | Val Loss 0.0127 MAE 0.3674 R2 0.7851
2026-08-26 21:14:27 | Epoch  46/100 | Train Loss 0.0131 | Val Loss 0.0128 MAE 0.3660 R2 0.7832
2026-08-26 21:14:27 | Epoch  47/100 | Train Loss 0.0140 | Val Loss 0.0134 MAE 0.3747 R2 0.7723
2026-08-26 21:14:28 | Epoch  48/100 | Train Loss 0.0132 | Val Loss 0.0132 MAE 0.3720 R2 0.7757
2026-08-26 21:14:28 | Epoch  49/100 | Train Loss 0.0133 | Val Loss 0.0123 MAE 0.3625 R2 0.7914
2026-08-26 21:14:28 |   Val R2 improved to 0.7914, model saved
2026-08-26 21:14:28 | Epoch  50/100 | Train Loss 0.0131 | Val Loss 0.0124 MAE 0.3676 R2 0.7899
2026-08-26 21:14:28 | Epoch  51/100 | Train Loss 0.0127 | Val Loss 0.0137 MAE 0.3706 R2 0.7673
2026-08-26 21:14:28 | Epoch  52/100 | Train Loss 0.0129 | Val Loss 0.0135 MAE 0.3705 R2 0.7701
2026-08-26 21:14:28 | Epoch  53/100 | Train Loss 0.0133 | Val Loss 0.0130 MAE 0.3706 R2 0.7787
2026-08-26 21:14:29 | Epoch  54/100 | Train Loss 0.0129 | Val Loss 0.0130 MAE 0.3665 R2 0.7784
2026-08-26 21:14:29 | Epoch  55/100 | Train Loss 0.0128 | Val Loss 0.0130 MAE 0.3699 R2 0.7798
2026-08-26 21:14:29 | Epoch  56/100 | Train Loss 0.0129 | Val Loss 0.0138 MAE 0.3822 R2 0.7651
2026-08-26 21:14:29 | Epoch  57/100 | Train Loss 0.0127 | Val Loss 0.0123 MAE 0.3644 R2 0.7903
2026-08-26 21:14:29 | Epoch  58/100 | Train Loss 0.0128 | Val Loss 0.0122 MAE 0.3672 R2 0.7930
2026-08-26 21:14:29 |   Val R2 improved to 0.7930, model saved
2026-08-26 21:14:30 | Epoch  59/100 | Train Loss 0.0125 | Val Loss 0.0123 MAE 0.3618 R2 0.7918
2026-08-26 21:14:30 | Epoch  60/100 | Train Loss 0.0126 | Val Loss 0.0132 MAE 0.3723 R2 0.7753
2026-08-26 21:14:30 | Epoch  61/100 | Train Loss 0.0127 | Val Loss 0.0126 MAE 0.3626 R2 0.7866
2026-08-26 21:14:30 | Epoch  62/100 | Train Loss 0.0125 | Val Loss 0.0134 MAE 0.3742 R2 0.7721
2026-08-26 21:14:30 | Epoch  63/100 | Train Loss 0.0133 | Val Loss 0.0133 MAE 0.3660 R2 0.7742
2026-08-26 21:14:31 | Epoch  64/100 | Train Loss 0.0125 | Val Loss 0.0123 MAE 0.3712 R2 0.7916
2026-08-26 21:14:31 | Epoch  65/100 | Train Loss 0.0124 | Val Loss 0.0128 MAE 0.3693 R2 0.7819
2026-08-26 21:14:31 | Epoch  66/100 | Train Loss 0.0123 | Val Loss 0.0122 MAE 0.3669 R2 0.7936
2026-08-26 21:14:31 |   Val R2 improved to 0.7936, model saved
2026-08-26 21:14:31 | Epoch  67/100 | Train Loss 0.0123 | Val Loss 0.0124 MAE 0.3622 R2 0.7886
2026-08-26 21:14:31 | Epoch  68/100 | Train Loss 0.0121 | Val Loss 0.0122 MAE 0.3585 R2 0.7928
2026-08-26 21:14:31 | Epoch  69/100 | Train Loss 0.0121 | Val Loss 0.0123 MAE 0.3668 R2 0.7907
2026-08-26 21:14:32 | Epoch  70/100 | Train Loss 0.0124 | Val Loss 0.0121 MAE 0.3650 R2 0.7951
2026-08-26 21:14:32 |   Val R2 improved to 0.7951, model saved
2026-08-26 21:14:32 | Epoch  71/100 | Train Loss 0.0121 | Val Loss 0.0123 MAE 0.3651 R2 0.7908
2026-08-26 21:14:32 | Epoch  72/100 | Train Loss 0.0121 | Val Loss 0.0123 MAE 0.3602 R2 0.7916
2026-08-26 21:14:32 | Epoch  73/100 | Train Loss 0.0120 | Val Loss 0.0159 MAE 0.3668 R2 0.7293
2026-08-26 21:14:33 | Epoch  74/100 | Train Loss 0.0121 | Val Loss 0.0123 MAE 0.3601 R2 0.7913
2026-08-26 21:14:33 | Epoch  75/100 | Train Loss 0.0120 | Val Loss 0.0125 MAE 0.3662 R2 0.7882
2026-08-26 21:14:33 | Epoch  76/100 | Train Loss 0.0121 | Val Loss 0.0119 MAE 0.3564 R2 0.7972
2026-08-26 21:14:33 |   Val R2 improved to 0.7972, model saved
2026-08-26 21:14:33 | Epoch  77/100 | Train Loss 0.0120 | Val Loss 0.0122 MAE 0.3578 R2 0.7924
2026-08-26 21:14:33 | Epoch  78/100 | Train Loss 0.0118 | Val Loss 0.0120 MAE 0.3595 R2 0.7956
2026-08-26 21:14:33 | Epoch  79/100 | Train Loss 0.0118 | Val Loss 0.0119 MAE 0.3633 R2 0.7982
2026-08-26 21:14:33 |   Val R2 improved to 0.7982, model saved
2026-08-26 21:14:34 | Epoch  80/100 | Train Loss 0.0119 | Val Loss 0.0121 MAE 0.3647 R2 0.7941
2026-08-26 21:14:34 | Epoch  81/100 | Train Loss 0.0120 | Val Loss 0.0120 MAE 0.3554 R2 0.7964
2026-08-26 21:14:34 | Epoch  82/100 | Train Loss 0.0117 | Val Loss 0.0120 MAE 0.3550 R2 0.7963
2026-08-26 21:14:34 | Epoch  83/100 | Train Loss 0.0117 | Val Loss 0.0120 MAE 0.3561 R2 0.7966
2026-08-26 21:14:34 | Epoch  84/100 | Train Loss 0.0115 | Val Loss 0.0117 MAE 0.3560 R2 0.8008
2026-08-26 21:14:34 |   Val R2 improved to 0.8008, model saved
2026-08-26 21:14:34 | Epoch  85/100 | Train Loss 0.0116 | Val Loss 0.0121 MAE 0.3604 R2 0.7942
2026-08-26 21:14:35 | Epoch  86/100 | Train Loss 0.0116 | Val Loss 0.0119 MAE 0.3552 R2 0.7979
2026-08-26 21:14:35 | Epoch  87/100 | Train Loss 0.0117 | Val Loss 0.0126 MAE 0.3632 R2 0.7867
2026-08-26 21:14:35 | Epoch  88/100 | Train Loss 0.0116 | Val Loss 0.0118 MAE 0.3536 R2 0.8000
2026-08-26 21:14:35 | Epoch  89/100 | Train Loss 0.0115 | Val Loss 0.0117 MAE 0.3571 R2 0.8008
2026-08-26 21:14:35 |   Val R2 improved to 0.8008, model saved
2026-08-26 21:14:35 | Epoch  90/100 | Train Loss 0.0113 | Val Loss 0.0120 MAE 0.3540 R2 0.7969
2026-08-26 21:14:36 | Epoch  91/100 | Train Loss 0.0117 | Val Loss 0.0126 MAE 0.3664 R2 0.7864
2026-08-26 21:14:36 | Epoch  92/100 | Train Loss 0.0118 | Val Loss 0.0118 MAE 0.3542 R2 0.7993
2026-08-26 21:14:36 | Epoch  93/100 | Train Loss 0.0116 | Val Loss 0.0118 MAE 0.3589 R2 0.7993
2026-08-26 21:14:36 | Epoch  94/100 | Train Loss 0.0119 | Val Loss 0.0124 MAE 0.3612 R2 0.7897
2026-08-26 21:14:36 | Epoch  95/100 | Train Loss 0.0123 | Val Loss 0.0119 MAE 0.3523 R2 0.7977
2026-08-26 21:14:36 | Epoch  96/100 | Train Loss 0.0113 | Val Loss 0.0122 MAE 0.3606 R2 0.7936
2026-08-26 21:14:37 | Epoch  97/100 | Train Loss 0.0113 | Val Loss 0.0119 MAE 0.3646 R2 0.7971
2026-08-26 21:14:37 | Epoch  98/100 | Train Loss 0.0112 | Val Loss 0.0117 MAE 0.3530 R2 0.8011
2026-08-26 21:14:37 |   Val R2 improved to 0.8011, model saved
2026-08-26 21:14:37 | Epoch  99/100 | Train Loss 0.0112 | Val Loss 0.0116 MAE 0.3503 R2 0.8026
2026-08-26 21:14:37 |   Val R2 improved to 0.8026, model saved
2026-08-26 21:14:37 | Epoch 100/100 | Train Loss 0.0112 | Val Loss 0.0120 MAE 0.3558 R2 0.7964
2026-08-26 21:14:37 | Run 4/5 | Test (best model @ Epoch 99) | Loss 0.0116 MAE 0.3505 R2 0.7937
2026-08-26 21:14:37 | ===== Run 5/5 (seed 4) =====
2026-08-26 21:14:37 | Epoch   1/100 | Train Loss 0.0728 | Val Loss 0.0660 MAE 0.5561 R2 -0.1259
2026-08-26 21:14:37 |   Val R2 improved to -0.1259, model saved
2026-08-26 21:14:38 | Epoch   2/100 | Train Loss 0.0276 | Val Loss 0.0609 MAE 0.4896 R2 -0.0391
2026-08-26 21:14:38 |   Val R2 improved to -0.0391, model saved
2026-08-26 21:14:38 | Epoch   3/100 | Train Loss 0.0248 | Val Loss 0.2252 MAE 0.5002 R2 -2.8540
2026-08-26 21:14:38 | Epoch   4/100 | Train Loss 0.0377 | Val Loss 0.3517 MAE 0.4983 R2 -5.0203
2026-08-26 21:14:38 | Epoch   5/100 | Train Loss 0.0492 | Val Loss 0.1749 MAE 0.4847 R2 -1.9921
2026-08-26 21:14:38 | Epoch   6/100 | Train Loss 0.0427 | Val Loss 0.0356 MAE 0.4492 R2 0.3942
2026-08-26 21:14:38 |   Val R2 improved to 0.3942, model saved
2026-08-26 21:14:39 | Epoch   7/100 | Train Loss 0.0232 | Val Loss 0.0177 MAE 0.4330 R2 0.6990
2026-08-26 21:14:39 |   Val R2 improved to 0.6990, model saved
2026-08-26 21:14:39 | Epoch   8/100 | Train Loss 0.0187 | Val Loss 0.0178 MAE 0.4393 R2 0.6978
2026-08-26 21:14:39 | Epoch   9/100 | Train Loss 0.0187 | Val Loss 0.0198 MAE 0.4189 R2 0.6632
2026-08-26 21:14:39 | Epoch  10/100 | Train Loss 0.0210 | Val Loss 0.0431 MAE 0.4288 R2 0.2638
2026-08-26 21:14:39 | Epoch  11/100 | Train Loss 0.0233 | Val Loss 0.0166 MAE 0.4286 R2 0.7180
2026-08-26 21:14:39 |   Val R2 improved to 0.7180, model saved
2026-08-26 21:14:40 | Epoch  12/100 | Train Loss 0.0172 | Val Loss 0.0202 MAE 0.4385 R2 0.6567
2026-08-26 21:14:40 | Epoch  13/100 | Train Loss 0.0170 | Val Loss 0.0146 MAE 0.4013 R2 0.7512
2026-08-26 21:14:40 |   Val R2 improved to 0.7512, model saved
2026-08-26 21:14:40 | Epoch  14/100 | Train Loss 0.0167 | Val Loss 0.0147 MAE 0.4016 R2 0.7509
2026-08-26 21:14:40 | Epoch  15/100 | Train Loss 0.0162 | Val Loss 0.0161 MAE 0.4059 R2 0.7261
2026-08-26 21:14:40 | Epoch  16/100 | Train Loss 0.0162 | Val Loss 0.0153 MAE 0.4060 R2 0.7401
2026-08-26 21:14:40 | Epoch  17/100 | Train Loss 0.0175 | Val Loss 0.0265 MAE 0.4069 R2 0.5483
2026-08-26 21:14:41 | Epoch  18/100 | Train Loss 0.0177 | Val Loss 0.0157 MAE 0.3983 R2 0.7323
2026-08-26 21:14:41 | Epoch  19/100 | Train Loss 0.0160 | Val Loss 0.0181 MAE 0.4116 R2 0.6923
2026-08-26 21:14:41 | Epoch  20/100 | Train Loss 0.0161 | Val Loss 0.0158 MAE 0.3945 R2 0.7315
2026-08-26 21:14:41 | Epoch  21/100 | Train Loss 0.0154 | Val Loss 0.0158 MAE 0.3969 R2 0.7308
2026-08-26 21:14:41 | Epoch  22/100 | Train Loss 0.0152 | Val Loss 0.0155 MAE 0.4031 R2 0.7368
2026-08-26 21:14:41 | Epoch  23/100 | Train Loss 0.0150 | Val Loss 0.0139 MAE 0.3864 R2 0.7642
2026-08-26 21:14:41 |   Val R2 improved to 0.7642, model saved
2026-08-26 21:14:42 | Epoch  24/100 | Train Loss 0.0158 | Val Loss 0.0201 MAE 0.3969 R2 0.6579
2026-08-26 21:14:42 | Epoch  25/100 | Train Loss 0.0146 | Val Loss 0.0165 MAE 0.3867 R2 0.7198
2026-08-26 21:14:42 | Epoch  26/100 | Train Loss 0.0152 | Val Loss 0.0148 MAE 0.3852 R2 0.7485
2026-08-26 21:14:42 | Epoch  27/100 | Train Loss 0.0166 | Val Loss 0.0154 MAE 0.4108 R2 0.7389
2026-08-26 21:14:42 | Epoch  28/100 | Train Loss 0.0146 | Val Loss 0.0139 MAE 0.3886 R2 0.7645
2026-08-26 21:14:42 |   Val R2 improved to 0.7645, model saved
2026-08-26 21:14:43 | Epoch  29/100 | Train Loss 0.0147 | Val Loss 0.0396 MAE 0.3968 R2 0.3231
2026-08-26 21:14:43 | Epoch  30/100 | Train Loss 0.0165 | Val Loss 0.0142 MAE 0.3838 R2 0.7593
2026-08-26 21:14:43 | Epoch  31/100 | Train Loss 0.0147 | Val Loss 0.0135 MAE 0.3821 R2 0.7701
2026-08-26 21:14:43 |   Val R2 improved to 0.7701, model saved
2026-08-26 21:14:43 | Epoch  32/100 | Train Loss 0.0145 | Val Loss 0.0137 MAE 0.3855 R2 0.7670
2026-08-26 21:14:43 | Epoch  33/100 | Train Loss 0.0142 | Val Loss 0.0141 MAE 0.3832 R2 0.7604
2026-08-26 21:14:44 | Epoch  34/100 | Train Loss 0.0141 | Val Loss 0.0132 MAE 0.3741 R2 0.7756
2026-08-26 21:14:44 |   Val R2 improved to 0.7756, model saved
2026-08-26 21:14:44 | Epoch  35/100 | Train Loss 0.0142 | Val Loss 0.0154 MAE 0.3991 R2 0.7384
2026-08-26 21:14:44 | Epoch  36/100 | Train Loss 0.0144 | Val Loss 0.0136 MAE 0.3814 R2 0.7685
2026-08-26 21:14:44 | Epoch  37/100 | Train Loss 0.0147 | Val Loss 0.0128 MAE 0.3809 R2 0.7817
2026-08-26 21:14:44 |   Val R2 improved to 0.7817, model saved
2026-08-26 21:14:44 | Epoch  38/100 | Train Loss 0.0139 | Val Loss 0.0133 MAE 0.3794 R2 0.7733
2026-08-26 21:14:45 | Epoch  39/100 | Train Loss 0.0138 | Val Loss 0.0139 MAE 0.3762 R2 0.7632
2026-08-26 21:14:45 | Epoch  40/100 | Train Loss 0.0137 | Val Loss 0.0133 MAE 0.3781 R2 0.7742
2026-08-26 21:14:45 | Epoch  41/100 | Train Loss 0.0137 | Val Loss 0.0134 MAE 0.3782 R2 0.7719
2026-08-26 21:14:45 | Epoch  42/100 | Train Loss 0.0139 | Val Loss 0.0132 MAE 0.3750 R2 0.7764
2026-08-26 21:14:45 | Epoch  43/100 | Train Loss 0.0135 | Val Loss 0.0141 MAE 0.3725 R2 0.7602
2026-08-26 21:14:45 | Epoch  44/100 | Train Loss 0.0140 | Val Loss 0.0136 MAE 0.3764 R2 0.7691
2026-08-26 21:14:46 | Epoch  45/100 | Train Loss 0.0137 | Val Loss 0.0128 MAE 0.3725 R2 0.7823
2026-08-26 21:14:46 |   Val R2 improved to 0.7823, model saved
2026-08-26 21:14:46 | Epoch  46/100 | Train Loss 0.0133 | Val Loss 0.0127 MAE 0.3680 R2 0.7844
2026-08-26 21:14:46 |   Val R2 improved to 0.7844, model saved
2026-08-26 21:14:46 | Epoch  47/100 | Train Loss 0.0131 | Val Loss 0.0130 MAE 0.3731 R2 0.7798
2026-08-26 21:14:46 | Epoch  48/100 | Train Loss 0.0131 | Val Loss 0.0133 MAE 0.3744 R2 0.7736
2026-08-26 21:14:46 | Epoch  49/100 | Train Loss 0.0132 | Val Loss 0.0132 MAE 0.3752 R2 0.7748
2026-08-26 21:14:46 | Epoch  50/100 | Train Loss 0.0131 | Val Loss 0.0135 MAE 0.3771 R2 0.7700
2026-08-26 21:14:47 | Epoch  51/100 | Train Loss 0.0132 | Val Loss 0.0135 MAE 0.3672 R2 0.7707
2026-08-26 21:14:47 | Epoch  52/100 | Train Loss 0.0132 | Val Loss 0.0125 MAE 0.3682 R2 0.7874
2026-08-26 21:14:47 |   Val R2 improved to 0.7874, model saved
2026-08-26 21:14:47 | Epoch  53/100 | Train Loss 0.0135 | Val Loss 0.0143 MAE 0.3715 R2 0.7566
2026-08-26 21:14:47 | Epoch  54/100 | Train Loss 0.0132 | Val Loss 0.0151 MAE 0.3769 R2 0.7426
2026-08-26 21:14:47 | Epoch  55/100 | Train Loss 0.0131 | Val Loss 0.0128 MAE 0.3671 R2 0.7825
2026-08-26 21:14:48 | Epoch  56/100 | Train Loss 0.0129 | Val Loss 0.0127 MAE 0.3682 R2 0.7839
2026-08-26 21:14:48 | Epoch  57/100 | Train Loss 0.0129 | Val Loss 0.0124 MAE 0.3710 R2 0.7895
2026-08-26 21:14:48 |   Val R2 improved to 0.7895, model saved
2026-08-26 21:14:48 | Epoch  58/100 | Train Loss 0.0129 | Val Loss 0.0128 MAE 0.3645 R2 0.7825
2026-08-26 21:14:48 | Epoch  59/100 | Train Loss 0.0127 | Val Loss 0.0124 MAE 0.3645 R2 0.7901
2026-08-26 21:14:48 |   Val R2 improved to 0.7901, model saved
2026-08-26 21:14:48 | Epoch  60/100 | Train Loss 0.0126 | Val Loss 0.0126 MAE 0.3672 R2 0.7858
2026-08-26 21:14:49 | Epoch  61/100 | Train Loss 0.0130 | Val Loss 0.0149 MAE 0.3733 R2 0.7467
2026-08-26 21:14:49 | Epoch  62/100 | Train Loss 0.0130 | Val Loss 0.0131 MAE 0.3726 R2 0.7776
2026-08-26 21:14:49 | Epoch  63/100 | Train Loss 0.0128 | Val Loss 0.0128 MAE 0.3712 R2 0.7821
2026-08-26 21:14:49 | Epoch  64/100 | Train Loss 0.0126 | Val Loss 0.0132 MAE 0.3718 R2 0.7753
2026-08-26 21:14:49 | Epoch  65/100 | Train Loss 0.0128 | Val Loss 0.0126 MAE 0.3676 R2 0.7854
2026-08-26 21:14:50 | Epoch  66/100 | Train Loss 0.0126 | Val Loss 0.0123 MAE 0.3608 R2 0.7914
2026-08-26 21:14:50 |   Val R2 improved to 0.7914, model saved
2026-08-26 21:14:50 | Epoch  67/100 | Train Loss 0.0128 | Val Loss 0.0122 MAE 0.3645 R2 0.7919
2026-08-26 21:14:50 |   Val R2 improved to 0.7919, model saved
2026-08-26 21:14:50 | Epoch  68/100 | Train Loss 0.0124 | Val Loss 0.0127 MAE 0.3683 R2 0.7833
2026-08-26 21:14:50 | Epoch  69/100 | Train Loss 0.0124 | Val Loss 0.0126 MAE 0.3659 R2 0.7851
2026-08-26 21:14:50 | Epoch  70/100 | Train Loss 0.0124 | Val Loss 0.0122 MAE 0.3626 R2 0.7932
2026-08-26 21:14:50 |   Val R2 improved to 0.7932, model saved
2026-08-26 21:14:50 | Epoch  71/100 | Train Loss 0.0124 | Val Loss 0.0124 MAE 0.3775 R2 0.7885
2026-08-26 21:14:50 | Epoch  72/100 | Train Loss 0.0127 | Val Loss 0.0126 MAE 0.3631 R2 0.7859
2026-08-26 21:14:51 | Epoch  73/100 | Train Loss 0.0121 | Val Loss 0.0120 MAE 0.3588 R2 0.7963
2026-08-26 21:14:51 |   Val R2 improved to 0.7963, model saved
2026-08-26 21:14:51 | Epoch  74/100 | Train Loss 0.0122 | Val Loss 0.0125 MAE 0.3654 R2 0.7874
2026-08-26 21:14:51 | Epoch  75/100 | Train Loss 0.0123 | Val Loss 0.0121 MAE 0.3590 R2 0.7947
2026-08-26 21:14:51 | Epoch  76/100 | Train Loss 0.0124 | Val Loss 0.0121 MAE 0.3598 R2 0.7946
2026-08-26 21:14:51 | Epoch  77/100 | Train Loss 0.0120 | Val Loss 0.0120 MAE 0.3597 R2 0.7952
2026-08-26 21:14:52 | Epoch  78/100 | Train Loss 0.0119 | Val Loss 0.0125 MAE 0.3640 R2 0.7872
2026-08-26 21:14:52 | Epoch  79/100 | Train Loss 0.0121 | Val Loss 0.0123 MAE 0.3605 R2 0.7905
2026-08-26 21:14:52 | Epoch  80/100 | Train Loss 0.0121 | Val Loss 0.0122 MAE 0.3614 R2 0.7932
2026-08-26 21:14:52 | Epoch  81/100 | Train Loss 0.0120 | Val Loss 0.0121 MAE 0.3591 R2 0.7936
2026-08-26 21:14:52 | Epoch  82/100 | Train Loss 0.0120 | Val Loss 0.0125 MAE 0.3638 R2 0.7874
2026-08-26 21:14:53 | Epoch  83/100 | Train Loss 0.0123 | Val Loss 0.0122 MAE 0.3676 R2 0.7918
2026-08-26 21:14:53 | Val R2 did not improve for 10 consecutive epochs, early stopping at Epoch 83 (best R2 0.7963 @ Epoch 73)
2026-08-26 21:14:53 | Run 5/5 | Test (best model @ Epoch 73) | Loss 0.0120 MAE 0.3585 R2 0.7856
2026-08-26 21:14:53 | Average over 5 runs | Test Loss 0.0120±0.0005 MAE 0.3584±0.0077 R2 0.7857±0.0083
