2026-08-26 20:55:06 | Device: cuda
2026-08-26 20:55:06 | Args: {'model': 'fgib', 'backbone': 'cnn', 'task': 'agedb', 'epochs': 100, 'batch_size': 512, 'lr': 0.001, 'hidden_dims': [512, 256], 'dropout': 0.2, 'z_dim': 256, 'anchor_scale': 6.0, 'max_len': 250, 'random_labels': False, 'beta': 0.0001, 'patience': 10, 'runs': 5, 'seed': 0, 'data_dir': './data', 'save_path': 'output/agedb_cnn_fgib/agedb_cnn_fgib.pt', 'log_path': '/root/autodl-tmp/FGIB/tune_results/agedb_cnn_fgib_beta_0.0001_anchor_6/train.log', 'no_save': True}
2026-08-26 20:55:06 | AgeDB 图像：16488 张，年龄 1~101 岁
2026-08-26 20:55:06 | AgeDB 划分（60/20/20）：train 9892 / val 3298 / test 3298（共 16488 张）
2026-08-26 20:55:06 | AgeDB 预解码缓存命中：./data/agedb/agedb_64x64_uint8.npy
2026-08-26 20:55:06 | AgeDB 加载完成：9892/3298/3298（batch 512，RGB 64x64，ImageNet 归一化），年龄 MinMax 归一化到 [0,1]（1~101 岁）
2026-08-26 20:55:06 | ===== Run 1/5 (seed 0) =====
2026-08-26 20:55:09 | Epoch   1/100 | Train Loss 3.4827 | Val Loss 0.0485 MAE 17.5523 R2 -0.5889
2026-08-26 20:55:09 |   Val R2 improved to -0.5889, model saved
2026-08-26 20:55:11 | Epoch   2/100 | Train Loss 0.0559 | Val Loss 0.0394 MAE 15.6337 R2 -0.2928
2026-08-26 20:55:11 |   Val R2 improved to -0.2928, model saved
2026-08-26 20:55:13 | Epoch   3/100 | Train Loss 0.0453 | Val Loss 0.0321 MAE 14.0064 R2 -0.0449
2026-08-26 20:55:13 |   Val R2 improved to -0.0449, model saved
2026-08-26 20:55:14 | Epoch   4/100 | Train Loss 0.0415 | Val Loss 0.0299 MAE 13.4760 R2 0.0285
2026-08-26 20:55:14 |   Val R2 improved to 0.0285, model saved
2026-08-26 20:55:16 | Epoch   5/100 | Train Loss 0.0391 | Val Loss 0.0286 MAE 13.1548 R2 0.0720
2026-08-26 20:55:16 |   Val R2 improved to 0.0720, model saved
2026-08-26 20:55:18 | Epoch   6/100 | Train Loss 0.0376 | Val Loss 0.0273 MAE 12.8224 R2 0.1164
2026-08-26 20:55:18 |   Val R2 improved to 0.1164, model saved
2026-08-26 20:55:19 | Epoch   7/100 | Train Loss 0.0374 | Val Loss 0.0263 MAE 12.5543 R2 0.1494
2026-08-26 20:55:19 |   Val R2 improved to 0.1494, model saved
2026-08-26 20:55:21 | Epoch   8/100 | Train Loss 0.0366 | Val Loss 0.0259 MAE 12.4180 R2 0.1634
2026-08-26 20:55:21 |   Val R2 improved to 0.1634, model saved
2026-08-26 20:55:23 | Epoch   9/100 | Train Loss 0.0346 | Val Loss 0.0250 MAE 12.1782 R2 0.1952
2026-08-26 20:55:23 |   Val R2 improved to 0.1952, model saved
2026-08-26 20:55:24 | Epoch  10/100 | Train Loss 0.0342 | Val Loss 0.0238 MAE 11.9187 R2 0.2328
2026-08-26 20:55:24 |   Val R2 improved to 0.2328, model saved
2026-08-26 20:55:26 | Epoch  11/100 | Train Loss 0.0339 | Val Loss 0.0230 MAE 11.7149 R2 0.2600
2026-08-26 20:55:26 |   Val R2 improved to 0.2600, model saved
2026-08-26 20:55:28 | Epoch  12/100 | Train Loss 0.0332 | Val Loss 0.0237 MAE 11.8201 R2 0.2361
2026-08-26 20:55:29 | Epoch  13/100 | Train Loss 0.0333 | Val Loss 0.0233 MAE 11.6957 R2 0.2503
2026-08-26 20:55:31 | Epoch  14/100 | Train Loss 0.0319 | Val Loss 0.0220 MAE 11.3839 R2 0.2946
2026-08-26 20:55:31 |   Val R2 improved to 0.2946, model saved
2026-08-26 20:55:33 | Epoch  15/100 | Train Loss 0.0312 | Val Loss 0.0216 MAE 11.2389 R2 0.3099
2026-08-26 20:55:33 |   Val R2 improved to 0.3099, model saved
2026-08-26 20:55:34 | Epoch  16/100 | Train Loss 0.0307 | Val Loss 0.0212 MAE 11.1428 R2 0.3220
2026-08-26 20:55:34 |   Val R2 improved to 0.3220, model saved
2026-08-26 20:55:36 | Epoch  17/100 | Train Loss 0.0297 | Val Loss 0.0205 MAE 10.9849 R2 0.3438
2026-08-26 20:55:36 |   Val R2 improved to 0.3438, model saved
2026-08-26 20:55:38 | Epoch  18/100 | Train Loss 0.0303 | Val Loss 0.0204 MAE 10.9494 R2 0.3478
2026-08-26 20:55:38 |   Val R2 improved to 0.3478, model saved
2026-08-26 20:55:39 | Epoch  19/100 | Train Loss 0.0297 | Val Loss 0.0217 MAE 11.2648 R2 0.3029
2026-08-26 20:55:41 | Epoch  20/100 | Train Loss 0.0285 | Val Loss 0.0202 MAE 10.8732 R2 0.3548
2026-08-26 20:55:41 |   Val R2 improved to 0.3548, model saved
2026-08-26 20:55:43 | Epoch  21/100 | Train Loss 0.0290 | Val Loss 0.0208 MAE 11.0023 R2 0.3351
2026-08-26 20:55:44 | Epoch  22/100 | Train Loss 0.0282 | Val Loss 0.0208 MAE 11.0233 R2 0.3338
2026-08-26 20:55:46 | Epoch  23/100 | Train Loss 0.0279 | Val Loss 0.0198 MAE 10.7384 R2 0.3689
2026-08-26 20:55:46 |   Val R2 improved to 0.3689, model saved
2026-08-26 20:55:48 | Epoch  24/100 | Train Loss 0.0278 | Val Loss 0.0194 MAE 10.6367 R2 0.3827
2026-08-26 20:55:48 |   Val R2 improved to 0.3827, model saved
2026-08-26 20:55:49 | Epoch  25/100 | Train Loss 0.0270 | Val Loss 0.0198 MAE 10.7451 R2 0.3681
2026-08-26 20:55:51 | Epoch  26/100 | Train Loss 0.0272 | Val Loss 0.0195 MAE 10.6745 R2 0.3787
2026-08-26 20:55:53 | Epoch  27/100 | Train Loss 0.0266 | Val Loss 0.0199 MAE 10.7617 R2 0.3650
2026-08-26 20:55:54 | Epoch  28/100 | Train Loss 0.0262 | Val Loss 0.0197 MAE 10.7238 R2 0.3696
2026-08-26 20:55:56 | Epoch  29/100 | Train Loss 0.0260 | Val Loss 0.0203 MAE 10.8895 R2 0.3492
2026-08-26 20:55:58 | Epoch  30/100 | Train Loss 0.0256 | Val Loss 0.0201 MAE 10.8296 R2 0.3574
2026-08-26 20:55:59 | Epoch  31/100 | Train Loss 0.0258 | Val Loss 0.0199 MAE 10.7766 R2 0.3627
2026-08-26 20:56:01 | Epoch  32/100 | Train Loss 0.0250 | Val Loss 0.0196 MAE 10.7194 R2 0.3726
2026-08-26 20:56:03 | Epoch  33/100 | Train Loss 0.0249 | Val Loss 0.0208 MAE 11.0153 R2 0.3331
2026-08-26 20:56:04 | Epoch  34/100 | Train Loss 0.0241 | Val Loss 0.0191 MAE 10.5805 R2 0.3904
2026-08-26 20:56:04 |   Val R2 improved to 0.3904, model saved
2026-08-26 20:56:06 | Epoch  35/100 | Train Loss 0.0247 | Val Loss 0.0188 MAE 10.4909 R2 0.4003
2026-08-26 20:56:06 |   Val R2 improved to 0.4003, model saved
2026-08-26 20:56:08 | Epoch  36/100 | Train Loss 0.0240 | Val Loss 0.0190 MAE 10.5410 R2 0.3940
2026-08-26 20:56:09 | Epoch  37/100 | Train Loss 0.0232 | Val Loss 0.0190 MAE 10.5471 R2 0.3943
2026-08-26 20:56:11 | Epoch  38/100 | Train Loss 0.0234 | Val Loss 0.0188 MAE 10.5116 R2 0.3992
2026-08-26 20:56:12 | Epoch  39/100 | Train Loss 0.0227 | Val Loss 0.0195 MAE 10.6705 R2 0.3776
2026-08-26 20:56:14 | Epoch  40/100 | Train Loss 0.0225 | Val Loss 0.0188 MAE 10.4862 R2 0.3998
2026-08-26 20:56:16 | Epoch  41/100 | Train Loss 0.0218 | Val Loss 0.0192 MAE 10.5843 R2 0.3859
2026-08-26 20:56:17 | Epoch  42/100 | Train Loss 0.0219 | Val Loss 0.0189 MAE 10.5176 R2 0.3968
2026-08-26 20:56:19 | Epoch  43/100 | Train Loss 0.0213 | Val Loss 0.0192 MAE 10.6139 R2 0.3864
2026-08-26 20:56:20 | Epoch  44/100 | Train Loss 0.0212 | Val Loss 0.0197 MAE 10.7538 R2 0.3687
2026-08-26 20:56:22 | Epoch  45/100 | Train Loss 0.0209 | Val Loss 0.0213 MAE 11.1273 R2 0.3173
2026-08-26 20:56:22 | Val R2 did not improve for 10 consecutive epochs, early stopping at Epoch 45 (best R2 0.4003 @ Epoch 35)
2026-08-26 20:56:22 | Run 1/5 | Test (best model @ Epoch 35) | Loss 0.0192 MAE 10.6613 R2 0.4098
2026-08-26 20:56:22 | ===== Run 2/5 (seed 1) =====
2026-08-26 20:56:24 | Epoch   1/100 | Train Loss 9.7178 | Val Loss 0.0771 MAE 22.2059 R2 -1.5561
2026-08-26 20:56:24 |   Val R2 improved to -1.5561, model saved
2026-08-26 20:56:26 | Epoch   2/100 | Train Loss 0.0872 | Val Loss 0.0431 MAE 16.0927 R2 -0.4136
2026-08-26 20:56:26 |   Val R2 improved to -0.4136, model saved
2026-08-26 20:56:27 | Epoch   3/100 | Train Loss 0.0822 | Val Loss 0.0432 MAE 16.0940 R2 -0.4202
2026-08-26 20:56:29 | Epoch   4/100 | Train Loss 0.0795 | Val Loss 0.0427 MAE 15.9989 R2 -0.4044
2026-08-26 20:56:29 |   Val R2 improved to -0.4044, model saved
2026-08-26 20:56:31 | Epoch   5/100 | Train Loss 0.0796 | Val Loss 0.0411 MAE 15.7034 R2 -0.3522
2026-08-26 20:56:31 |   Val R2 improved to -0.3522, model saved
2026-08-26 20:56:32 | Epoch   6/100 | Train Loss 0.0779 | Val Loss 0.0398 MAE 15.4553 R2 -0.3094
2026-08-26 20:56:32 |   Val R2 improved to -0.3094, model saved
2026-08-26 20:56:34 | Epoch   7/100 | Train Loss 0.0773 | Val Loss 0.0389 MAE 15.2793 R2 -0.2791
2026-08-26 20:56:34 |   Val R2 improved to -0.2791, model saved
2026-08-26 20:56:36 | Epoch   8/100 | Train Loss 0.0764 | Val Loss 0.0378 MAE 15.0465 R2 -0.2400
2026-08-26 20:56:36 |   Val R2 improved to -0.2400, model saved
2026-08-26 20:56:38 | Epoch   9/100 | Train Loss 0.0753 | Val Loss 0.0372 MAE 14.9194 R2 -0.2187
2026-08-26 20:56:38 |   Val R2 improved to -0.2187, model saved
2026-08-26 20:56:39 | Epoch  10/100 | Train Loss 0.0741 | Val Loss 0.0374 MAE 14.9787 R2 -0.2270
2026-08-26 20:56:41 | Epoch  11/100 | Train Loss 0.0729 | Val Loss 0.0363 MAE 14.7517 R2 -0.1903
2026-08-26 20:56:41 |   Val R2 improved to -0.1903, model saved
2026-08-26 20:56:43 | Epoch  12/100 | Train Loss 0.0703 | Val Loss 0.0357 MAE 14.6257 R2 -0.1704
2026-08-26 20:56:43 |   Val R2 improved to -0.1704, model saved
2026-08-26 20:56:44 | Epoch  13/100 | Train Loss 0.0718 | Val Loss 0.0348 MAE 14.4183 R2 -0.1385
2026-08-26 20:56:44 |   Val R2 improved to -0.1385, model saved
2026-08-26 20:56:46 | Epoch  14/100 | Train Loss 0.0687 | Val Loss 0.0358 MAE 14.6413 R2 -0.1718
2026-08-26 20:56:48 | Epoch  15/100 | Train Loss 0.0713 | Val Loss 0.0341 MAE 14.2702 R2 -0.1163
2026-08-26 20:56:48 |   Val R2 improved to -0.1163, model saved
2026-08-26 20:56:49 | Epoch  16/100 | Train Loss 0.0688 | Val Loss 0.0349 MAE 14.4533 R2 -0.1437
2026-08-26 20:56:51 | Epoch  17/100 | Train Loss 0.0689 | Val Loss 0.0351 MAE 14.5005 R2 -0.1509
2026-08-26 20:56:53 | Epoch  18/100 | Train Loss 0.0685 | Val Loss 0.0334 MAE 14.0878 R2 -0.0904
2026-08-26 20:56:53 |   Val R2 improved to -0.0904, model saved
2026-08-26 20:56:54 | Epoch  19/100 | Train Loss 0.0690 | Val Loss 0.0334 MAE 14.0915 R2 -0.0909
2026-08-26 20:56:56 | Epoch  20/100 | Train Loss 0.0666 | Val Loss 0.0332 MAE 14.0392 R2 -0.0835
2026-08-26 20:56:56 |   Val R2 improved to -0.0835, model saved
2026-08-26 20:56:58 | Epoch  21/100 | Train Loss 0.0656 | Val Loss 0.0324 MAE 13.8676 R2 -0.0593
2026-08-26 20:56:58 |   Val R2 improved to -0.0593, model saved
2026-08-26 20:57:00 | Epoch  22/100 | Train Loss 0.0640 | Val Loss 0.0318 MAE 13.7081 R2 -0.0370
2026-08-26 20:57:00 |   Val R2 improved to -0.0370, model saved
2026-08-26 20:57:01 | Epoch  23/100 | Train Loss 0.0638 | Val Loss 0.0313 MAE 13.5968 R2 -0.0212
2026-08-26 20:57:01 |   Val R2 improved to -0.0212, model saved
2026-08-26 20:57:03 | Epoch  24/100 | Train Loss 0.0635 | Val Loss 0.0317 MAE 13.6974 R2 -0.0357
2026-08-26 20:57:05 | Epoch  25/100 | Train Loss 0.0638 | Val Loss 0.0305 MAE 13.4028 R2 0.0068
2026-08-26 20:57:05 |   Val R2 improved to 0.0068, model saved
2026-08-26 20:57:06 | Epoch  26/100 | Train Loss 0.0622 | Val Loss 0.0299 MAE 13.2589 R2 0.0275
2026-08-26 20:57:06 |   Val R2 improved to 0.0275, model saved
2026-08-26 20:57:08 | Epoch  27/100 | Train Loss 0.0602 | Val Loss 0.0311 MAE 13.5527 R2 -0.0144
2026-08-26 20:57:10 | Epoch  28/100 | Train Loss 0.0608 | Val Loss 0.0311 MAE 13.5479 R2 -0.0139
2026-08-26 20:57:11 | Epoch  29/100 | Train Loss 0.0590 | Val Loss 0.0296 MAE 13.1903 R2 0.0366
2026-08-26 20:57:11 |   Val R2 improved to 0.0366, model saved
2026-08-26 20:57:13 | Epoch  30/100 | Train Loss 0.0576 | Val Loss 0.0296 MAE 13.1947 R2 0.0361
2026-08-26 20:57:15 | Epoch  31/100 | Train Loss 0.0594 | Val Loss 0.0294 MAE 13.1494 R2 0.0424
2026-08-26 20:57:15 |   Val R2 improved to 0.0424, model saved
2026-08-26 20:57:16 | Epoch  32/100 | Train Loss 0.0573 | Val Loss 0.0284 MAE 12.9093 R2 0.0765
2026-08-26 20:57:16 |   Val R2 improved to 0.0765, model saved
2026-08-26 20:57:18 | Epoch  33/100 | Train Loss 0.0553 | Val Loss 0.0303 MAE 13.3650 R2 0.0129
2026-08-26 20:57:19 | Epoch  34/100 | Train Loss 0.0552 | Val Loss 0.0297 MAE 13.2202 R2 0.0330
2026-08-26 20:57:21 | Epoch  35/100 | Train Loss 0.0550 | Val Loss 0.0291 MAE 13.0667 R2 0.0547
2026-08-26 20:57:23 | Epoch  36/100 | Train Loss 0.0528 | Val Loss 0.0287 MAE 12.9747 R2 0.0674
2026-08-26 20:57:24 | Epoch  37/100 | Train Loss 0.0538 | Val Loss 0.0271 MAE 12.5843 R2 0.1217
2026-08-26 20:57:24 |   Val R2 improved to 0.1217, model saved
2026-08-26 20:57:26 | Epoch  38/100 | Train Loss 0.0519 | Val Loss 0.0273 MAE 12.6371 R2 0.1146
2026-08-26 20:57:28 | Epoch  39/100 | Train Loss 0.0530 | Val Loss 0.0275 MAE 12.6957 R2 0.1072
2026-08-26 20:57:29 | Epoch  40/100 | Train Loss 0.0516 | Val Loss 0.0279 MAE 12.7833 R2 0.0948
2026-08-26 20:57:31 | Epoch  41/100 | Train Loss 0.0500 | Val Loss 0.0270 MAE 12.5704 R2 0.1240
2026-08-26 20:57:31 |   Val R2 improved to 0.1240, model saved
2026-08-26 20:57:32 | Epoch  42/100 | Train Loss 0.0497 | Val Loss 0.0267 MAE 12.5060 R2 0.1336
2026-08-26 20:57:32 |   Val R2 improved to 0.1336, model saved
2026-08-26 20:57:34 | Epoch  43/100 | Train Loss 0.0501 | Val Loss 0.0271 MAE 12.5997 R2 0.1206
2026-08-26 20:57:36 | Epoch  44/100 | Train Loss 0.0482 | Val Loss 0.0273 MAE 12.6534 R2 0.1133
2026-08-26 20:57:37 | Epoch  45/100 | Train Loss 0.0482 | Val Loss 0.0269 MAE 12.5508 R2 0.1276
2026-08-26 20:57:39 | Epoch  46/100 | Train Loss 0.0479 | Val Loss 0.0264 MAE 12.4441 R2 0.1427
2026-08-26 20:57:39 |   Val R2 improved to 0.1427, model saved
2026-08-26 20:57:40 | Epoch  47/100 | Train Loss 0.0466 | Val Loss 0.0257 MAE 12.2592 R2 0.1669
2026-08-26 20:57:40 |   Val R2 improved to 0.1669, model saved
2026-08-26 20:57:42 | Epoch  48/100 | Train Loss 0.0462 | Val Loss 0.0259 MAE 12.3074 R2 0.1610
2026-08-26 20:57:43 | Epoch  49/100 | Train Loss 0.0463 | Val Loss 0.0243 MAE 11.8915 R2 0.2167
2026-08-26 20:57:43 |   Val R2 improved to 0.2167, model saved
2026-08-26 20:57:45 | Epoch  50/100 | Train Loss 0.0453 | Val Loss 0.0245 MAE 11.9567 R2 0.2080
2026-08-26 20:57:46 | Epoch  51/100 | Train Loss 0.0443 | Val Loss 0.0258 MAE 12.3004 R2 0.1629
2026-08-26 20:57:48 | Epoch  52/100 | Train Loss 0.0437 | Val Loss 0.0239 MAE 11.8127 R2 0.2280
2026-08-26 20:57:48 |   Val R2 improved to 0.2280, model saved
2026-08-26 20:57:49 | Epoch  53/100 | Train Loss 0.0431 | Val Loss 0.0246 MAE 12.0034 R2 0.2032
2026-08-26 20:57:51 | Epoch  54/100 | Train Loss 0.0423 | Val Loss 0.0236 MAE 11.7489 R2 0.2373
2026-08-26 20:57:51 |   Val R2 improved to 0.2373, model saved
2026-08-26 20:57:52 | Epoch  55/100 | Train Loss 0.0419 | Val Loss 0.0230 MAE 11.5969 R2 0.2583
2026-08-26 20:57:52 |   Val R2 improved to 0.2583, model saved
2026-08-26 20:57:54 | Epoch  56/100 | Train Loss 0.0417 | Val Loss 0.0245 MAE 11.9839 R2 0.2069
2026-08-26 20:57:56 | Epoch  57/100 | Train Loss 0.0397 | Val Loss 0.0227 MAE 11.5238 R2 0.2682
2026-08-26 20:57:56 |   Val R2 improved to 0.2682, model saved
2026-08-26 20:57:57 | Epoch  58/100 | Train Loss 0.0400 | Val Loss 0.0233 MAE 11.6740 R2 0.2485
2026-08-26 20:57:59 | Epoch  59/100 | Train Loss 0.0382 | Val Loss 0.0243 MAE 11.9495 R2 0.2136
2026-08-26 20:58:00 | Epoch  60/100 | Train Loss 0.0394 | Val Loss 0.0234 MAE 11.7076 R2 0.2450
2026-08-26 20:58:02 | Epoch  61/100 | Train Loss 0.0378 | Val Loss 0.0234 MAE 11.7048 R2 0.2457
2026-08-26 20:58:03 | Epoch  62/100 | Train Loss 0.0370 | Val Loss 0.0234 MAE 11.7072 R2 0.2456
2026-08-26 20:58:05 | Epoch  63/100 | Train Loss 0.0362 | Val Loss 0.0227 MAE 11.5355 R2 0.2674
2026-08-26 20:58:06 | Epoch  64/100 | Train Loss 0.0356 | Val Loss 0.0230 MAE 11.6090 R2 0.2574
2026-08-26 20:58:08 | Epoch  65/100 | Train Loss 0.0364 | Val Loss 0.0226 MAE 11.5050 R2 0.2713
2026-08-26 20:58:08 |   Val R2 improved to 0.2713, model saved
2026-08-26 20:58:10 | Epoch  66/100 | Train Loss 0.0337 | Val Loss 0.0218 MAE 11.2914 R2 0.2996
2026-08-26 20:58:10 |   Val R2 improved to 0.2996, model saved
2026-08-26 20:58:11 | Epoch  67/100 | Train Loss 0.0357 | Val Loss 0.0224 MAE 11.4434 R2 0.2792
2026-08-26 20:58:13 | Epoch  68/100 | Train Loss 0.0350 | Val Loss 0.0208 MAE 11.0380 R2 0.3335
2026-08-26 20:58:13 |   Val R2 improved to 0.3335, model saved
2026-08-26 20:58:14 | Epoch  69/100 | Train Loss 0.0339 | Val Loss 0.0228 MAE 11.5686 R2 0.2636
2026-08-26 20:58:16 | Epoch  70/100 | Train Loss 0.0336 | Val Loss 0.0219 MAE 11.3207 R2 0.2962
2026-08-26 20:58:17 | Epoch  71/100 | Train Loss 0.0332 | Val Loss 0.0221 MAE 11.3734 R2 0.2889
2026-08-26 20:58:19 | Epoch  72/100 | Train Loss 0.0325 | Val Loss 0.0217 MAE 11.2647 R2 0.3034
2026-08-26 20:58:21 | Epoch  73/100 | Train Loss 0.0324 | Val Loss 0.0219 MAE 11.3330 R2 0.2946
2026-08-26 20:58:22 | Epoch  74/100 | Train Loss 0.0307 | Val Loss 0.0212 MAE 11.1497 R2 0.3183
2026-08-26 20:58:24 | Epoch  75/100 | Train Loss 0.0310 | Val Loss 0.0204 MAE 10.9463 R2 0.3465
2026-08-26 20:58:24 |   Val R2 improved to 0.3465, model saved
2026-08-26 20:58:25 | Epoch  76/100 | Train Loss 0.0298 | Val Loss 0.0226 MAE 11.5017 R2 0.2718
2026-08-26 20:58:27 | Epoch  77/100 | Train Loss 0.0287 | Val Loss 0.0223 MAE 11.4166 R2 0.2831
2026-08-26 20:58:28 | Epoch  78/100 | Train Loss 0.0293 | Val Loss 0.0229 MAE 11.5707 R2 0.2623
2026-08-26 20:58:30 | Epoch  79/100 | Train Loss 0.0292 | Val Loss 0.0209 MAE 11.0543 R2 0.3301
2026-08-26 20:58:31 | Epoch  80/100 | Train Loss 0.0288 | Val Loss 0.0208 MAE 11.0448 R2 0.3328
2026-08-26 20:58:32 | Epoch  81/100 | Train Loss 0.0286 | Val Loss 0.0204 MAE 10.9538 R2 0.3442
2026-08-26 20:58:34 | Epoch  82/100 | Train Loss 0.0276 | Val Loss 0.0208 MAE 11.0369 R2 0.3322
2026-08-26 20:58:35 | Epoch  83/100 | Train Loss 0.0274 | Val Loss 0.0207 MAE 11.0100 R2 0.3361
2026-08-26 20:58:37 | Epoch  84/100 | Train Loss 0.0260 | Val Loss 0.0208 MAE 11.0273 R2 0.3332
2026-08-26 20:58:38 | Epoch  85/100 | Train Loss 0.0266 | Val Loss 0.0210 MAE 11.1052 R2 0.3239
2026-08-26 20:58:38 | Val R2 did not improve for 10 consecutive epochs, early stopping at Epoch 85 (best R2 0.3465 @ Epoch 75)
2026-08-26 20:58:38 | Run 2/5 | Test (best model @ Epoch 75) | Loss 0.0207 MAE 11.0704 R2 0.3594
2026-08-26 20:58:38 | ===== Run 3/5 (seed 2) =====
2026-08-26 20:58:40 | Epoch   1/100 | Train Loss 3.1341 | Val Loss 0.2878 MAE 50.6489 R2 -8.7096
2026-08-26 20:58:40 |   Val R2 improved to -8.7096, model saved
2026-08-26 20:58:41 | Epoch   2/100 | Train Loss 0.2812 | Val Loss 0.2813 MAE 50.0133 R2 -8.4924
2026-08-26 20:58:41 |   Val R2 improved to -8.4924, model saved
2026-08-26 20:58:43 | Epoch   3/100 | Train Loss 0.2736 | Val Loss 0.2727 MAE 49.1503 R2 -8.2018
2026-08-26 20:58:43 |   Val R2 improved to -8.2018, model saved
2026-08-26 20:58:44 | Epoch   4/100 | Train Loss 0.2646 | Val Loss 0.2631 MAE 48.1704 R2 -7.8780
2026-08-26 20:58:44 |   Val R2 improved to -7.8780, model saved
2026-08-26 20:58:46 | Epoch   5/100 | Train Loss 0.2549 | Val Loss 0.2529 MAE 47.1089 R2 -7.5346
2026-08-26 20:58:46 |   Val R2 improved to -7.5346, model saved
2026-08-26 20:58:47 | Epoch   6/100 | Train Loss 0.2447 | Val Loss 0.2425 MAE 45.9907 R2 -7.1812
2026-08-26 20:58:47 |   Val R2 improved to -7.1812, model saved
2026-08-26 20:58:49 | Epoch   7/100 | Train Loss 0.2343 | Val Loss 0.2320 MAE 44.8331 R2 -6.8242
2026-08-26 20:58:49 |   Val R2 improved to -6.8242, model saved
2026-08-26 20:58:50 | Epoch   8/100 | Train Loss 0.2238 | Val Loss 0.2214 MAE 43.6422 R2 -6.4665
2026-08-26 20:58:50 |   Val R2 improved to -6.4665, model saved
2026-08-26 20:58:51 | Epoch   9/100 | Train Loss 0.2134 | Val Loss 0.2110 MAE 42.4365 R2 -6.1142
2026-08-26 20:58:52 |   Val R2 improved to -6.1142, model saved
2026-08-26 20:58:53 | Epoch  10/100 | Train Loss 0.2032 | Val Loss 0.2007 MAE 41.2148 R2 -5.7671
2026-08-26 20:58:53 |   Val R2 improved to -5.7671, model saved
2026-08-26 20:58:54 | Epoch  11/100 | Train Loss 0.1932 | Val Loss 0.1907 MAE 39.9872 R2 -5.4282
2026-08-26 20:58:54 |   Val R2 improved to -5.4282, model saved
2026-08-26 20:58:56 | Epoch  12/100 | Train Loss 0.1834 | Val Loss 0.1810 MAE 38.7584 R2 -5.0989
2026-08-26 20:58:56 |   Val R2 improved to -5.0989, model saved
2026-08-26 20:58:57 | Epoch  13/100 | Train Loss 0.1740 | Val Loss 0.1716 MAE 37.5336 R2 -4.7805
2026-08-26 20:58:57 |   Val R2 improved to -4.7805, model saved
2026-08-26 20:58:59 | Epoch  14/100 | Train Loss 0.1649 | Val Loss 0.1626 MAE 36.3202 R2 -4.4750
2026-08-26 20:58:59 |   Val R2 improved to -4.4750, model saved
2026-08-26 20:59:00 | Epoch  15/100 | Train Loss 0.1562 | Val Loss 0.1539 MAE 35.1148 R2 -4.1810
2026-08-26 20:59:00 |   Val R2 improved to -4.1810, model saved
2026-08-26 20:59:02 | Epoch  16/100 | Train Loss 0.1478 | Val Loss 0.1456 MAE 33.9248 R2 -3.8999
2026-08-26 20:59:02 |   Val R2 improved to -3.8999, model saved
2026-08-26 20:59:03 | Epoch  17/100 | Train Loss 0.1398 | Val Loss 0.1377 MAE 32.7532 R2 -3.6322
2026-08-26 20:59:03 |   Val R2 improved to -3.6322, model saved
2026-08-26 20:59:05 | Epoch  18/100 | Train Loss 0.1322 | Val Loss 0.1302 MAE 31.5997 R2 -3.3771
2026-08-26 20:59:05 |   Val R2 improved to -3.3771, model saved
2026-08-26 20:59:06 | Epoch  19/100 | Train Loss 0.1250 | Val Loss 0.1231 MAE 30.4711 R2 -3.1346
2026-08-26 20:59:06 |   Val R2 improved to -3.1346, model saved
2026-08-26 20:59:08 | Epoch  20/100 | Train Loss 0.1181 | Val Loss 0.1163 MAE 29.3705 R2 -2.9051
2026-08-26 20:59:08 |   Val R2 improved to -2.9051, model saved
2026-08-26 20:59:09 | Epoch  21/100 | Train Loss 0.1116 | Val Loss 0.1099 MAE 28.2994 R2 -2.6877
2026-08-26 20:59:09 |   Val R2 improved to -2.6877, model saved
2026-08-26 20:59:11 | Epoch  22/100 | Train Loss 0.1055 | Val Loss 0.1038 MAE 27.2629 R2 -2.4823
2026-08-26 20:59:11 |   Val R2 improved to -2.4823, model saved
2026-08-26 20:59:12 | Epoch  23/100 | Train Loss 0.0998 | Val Loss 0.0982 MAE 26.2684 R2 -2.2899
2026-08-26 20:59:12 |   Val R2 improved to -2.2899, model saved
2026-08-26 20:59:14 | Epoch  24/100 | Train Loss 0.0943 | Val Loss 0.0928 MAE 25.3111 R2 -2.1084
2026-08-26 20:59:14 |   Val R2 improved to -2.1084, model saved
2026-08-26 20:59:15 | Epoch  25/100 | Train Loss 0.0893 | Val Loss 0.0878 MAE 24.3990 R2 -1.9389
2026-08-26 20:59:15 |   Val R2 improved to -1.9389, model saved
2026-08-26 20:59:16 | Epoch  26/100 | Train Loss 0.0845 | Val Loss 0.0831 MAE 23.5272 R2 -1.7799
2026-08-26 20:59:16 |   Val R2 improved to -1.7799, model saved
2026-08-26 20:59:18 | Epoch  27/100 | Train Loss 0.0800 | Val Loss 0.0787 MAE 22.7004 R2 -1.6305
2026-08-26 20:59:18 |   Val R2 improved to -1.6305, model saved
2026-08-26 20:59:19 | Epoch  28/100 | Train Loss 0.0759 | Val Loss 0.0746 MAE 21.9248 R2 -1.4919
2026-08-26 20:59:19 |   Val R2 improved to -1.4919, model saved
2026-08-26 20:59:21 | Epoch  29/100 | Train Loss 0.0720 | Val Loss 0.0708 MAE 21.1945 R2 -1.3627
2026-08-26 20:59:21 |   Val R2 improved to -1.3627, model saved
2026-08-26 20:59:22 | Epoch  30/100 | Train Loss 0.0685 | Val Loss 0.0673 MAE 20.5152 R2 -1.2435
2026-08-26 20:59:22 |   Val R2 improved to -1.2435, model saved
2026-08-26 20:59:24 | Epoch  31/100 | Train Loss 0.0651 | Val Loss 0.0640 MAE 19.8767 R2 -1.1320
2026-08-26 20:59:24 |   Val R2 improved to -1.1320, model saved
2026-08-26 20:59:25 | Epoch  32/100 | Train Loss 0.0621 | Val Loss 0.0610 MAE 19.2870 R2 -1.0292
2026-08-26 20:59:25 |   Val R2 improved to -1.0292, model saved
2026-08-26 20:59:27 | Epoch  33/100 | Train Loss 0.0592 | Val Loss 0.0582 MAE 18.7407 R2 -0.9341
2026-08-26 20:59:27 |   Val R2 improved to -0.9341, model saved
2026-08-26 20:59:28 | Epoch  34/100 | Train Loss 0.0566 | Val Loss 0.0556 MAE 18.2429 R2 -0.8467
2026-08-26 20:59:28 |   Val R2 improved to -0.8467, model saved
2026-08-26 20:59:30 | Epoch  35/100 | Train Loss 0.0542 | Val Loss 0.0533 MAE 17.7923 R2 -0.7664
2026-08-26 20:59:30 |   Val R2 improved to -0.7664, model saved
2026-08-26 20:59:31 | Epoch  36/100 | Train Loss 0.0520 | Val Loss 0.0511 MAE 17.3765 R2 -0.6923
2026-08-26 20:59:31 |   Val R2 improved to -0.6923, model saved
2026-08-26 20:59:32 | Epoch  37/100 | Train Loss 0.0500 | Val Loss 0.0491 MAE 16.9973 R2 -0.6249
2026-08-26 20:59:32 |   Val R2 improved to -0.6249, model saved
2026-08-26 20:59:34 | Epoch  38/100 | Train Loss 0.0481 | Val Loss 0.0473 MAE 16.6482 R2 -0.5624
2026-08-26 20:59:34 |   Val R2 improved to -0.5624, model saved
2026-08-26 20:59:35 | Epoch  39/100 | Train Loss 0.0465 | Val Loss 0.0456 MAE 16.3405 R2 -0.5057
2026-08-26 20:59:35 |   Val R2 improved to -0.5057, model saved
2026-08-26 20:59:37 | Epoch  40/100 | Train Loss 0.0449 | Val Loss 0.0441 MAE 16.0599 R2 -0.4538
2026-08-26 20:59:37 |   Val R2 improved to -0.4538, model saved
2026-08-26 20:59:38 | Epoch  41/100 | Train Loss 0.0435 | Val Loss 0.0427 MAE 15.8152 R2 -0.4067
2026-08-26 20:59:38 |   Val R2 improved to -0.4067, model saved
2026-08-26 20:59:40 | Epoch  42/100 | Train Loss 0.0423 | Val Loss 0.0414 MAE 15.6004 R2 -0.3645
2026-08-26 20:59:40 |   Val R2 improved to -0.3645, model saved
2026-08-26 20:59:41 | Epoch  43/100 | Train Loss 0.0411 | Val Loss 0.0403 MAE 15.3966 R2 -0.3253
2026-08-26 20:59:42 |   Val R2 improved to -0.3253, model saved
2026-08-26 20:59:43 | Epoch  44/100 | Train Loss 0.0401 | Val Loss 0.0392 MAE 15.2273 R2 -0.2900
2026-08-26 20:59:43 |   Val R2 improved to -0.2900, model saved
2026-08-26 20:59:44 | Epoch  45/100 | Train Loss 0.0391 | Val Loss 0.0383 MAE 15.0693 R2 -0.2583
2026-08-26 20:59:44 |   Val R2 improved to -0.2583, model saved
2026-08-26 20:59:46 | Epoch  46/100 | Train Loss 0.0383 | Val Loss 0.0375 MAE 14.9444 R2 -0.2297
2026-08-26 20:59:46 |   Val R2 improved to -0.2297, model saved
2026-08-26 20:59:47 | Epoch  47/100 | Train Loss 0.0376 | Val Loss 0.0367 MAE 14.8257 R2 -0.2041
2026-08-26 20:59:47 |   Val R2 improved to -0.2041, model saved
2026-08-26 20:59:49 | Epoch  48/100 | Train Loss 0.0369 | Val Loss 0.0360 MAE 14.7292 R2 -0.1812
2026-08-26 20:59:49 |   Val R2 improved to -0.1812, model saved
2026-08-26 20:59:50 | Epoch  49/100 | Train Loss 0.0363 | Val Loss 0.0354 MAE 14.6377 R2 -0.1608
2026-08-26 20:59:50 |   Val R2 improved to -0.1608, model saved
2026-08-26 20:59:52 | Epoch  50/100 | Train Loss 0.0357 | Val Loss 0.0349 MAE 14.5613 R2 -0.1421
2026-08-26 20:59:52 |   Val R2 improved to -0.1421, model saved
2026-08-26 20:59:53 | Epoch  51/100 | Train Loss 0.0353 | Val Loss 0.0344 MAE 14.4949 R2 -0.1256
2026-08-26 20:59:53 |   Val R2 improved to -0.1256, model saved
2026-08-26 20:59:54 | Epoch  52/100 | Train Loss 0.0348 | Val Loss 0.0339 MAE 14.4327 R2 -0.1107
2026-08-26 20:59:54 |   Val R2 improved to -0.1107, model saved
2026-08-26 20:59:56 | Epoch  53/100 | Train Loss 0.0345 | Val Loss 0.0336 MAE 14.3872 R2 -0.0977
2026-08-26 20:59:56 |   Val R2 improved to -0.0977, model saved
2026-08-26 20:59:57 | Epoch  54/100 | Train Loss 0.0341 | Val Loss 0.0332 MAE 14.3441 R2 -0.0862
2026-08-26 20:59:57 |   Val R2 improved to -0.0862, model saved
2026-08-26 20:59:59 | Epoch  55/100 | Train Loss 0.0339 | Val Loss 0.0329 MAE 14.3045 R2 -0.0760
2026-08-26 20:59:59 |   Val R2 improved to -0.0760, model saved
2026-08-26 21:00:00 | Epoch  56/100 | Train Loss 0.0336 | Val Loss 0.0327 MAE 14.2777 R2 -0.0668
2026-08-26 21:00:00 |   Val R2 improved to -0.0668, model saved
2026-08-26 21:00:02 | Epoch  57/100 | Train Loss 0.0334 | Val Loss 0.0324 MAE 14.2523 R2 -0.0586
2026-08-26 21:00:02 |   Val R2 improved to -0.0586, model saved
2026-08-26 21:00:03 | Epoch  58/100 | Train Loss 0.0332 | Val Loss 0.0322 MAE 14.2286 R2 -0.0515
2026-08-26 21:00:03 |   Val R2 improved to -0.0515, model saved
2026-08-26 21:00:05 | Epoch  59/100 | Train Loss 0.0330 | Val Loss 0.0320 MAE 14.2109 R2 -0.0453
2026-08-26 21:00:05 |   Val R2 improved to -0.0453, model saved
2026-08-26 21:00:06 | Epoch  60/100 | Train Loss 0.0328 | Val Loss 0.0318 MAE 14.1988 R2 -0.0395
2026-08-26 21:00:06 |   Val R2 improved to -0.0395, model saved
2026-08-26 21:00:08 | Epoch  61/100 | Train Loss 0.0327 | Val Loss 0.0317 MAE 14.1883 R2 -0.0348
2026-08-26 21:00:08 |   Val R2 improved to -0.0348, model saved
2026-08-26 21:00:09 | Epoch  62/100 | Train Loss 0.0326 | Val Loss 0.0316 MAE 14.1779 R2 -0.0305
2026-08-26 21:00:09 |   Val R2 improved to -0.0305, model saved
2026-08-26 21:00:11 | Epoch  63/100 | Train Loss 0.0325 | Val Loss 0.0315 MAE 14.1681 R2 -0.0266
2026-08-26 21:00:11 |   Val R2 improved to -0.0266, model saved
2026-08-26 21:00:12 | Epoch  64/100 | Train Loss 0.0324 | Val Loss 0.0314 MAE 14.1635 R2 -0.0233
2026-08-26 21:00:12 |   Val R2 improved to -0.0233, model saved
2026-08-26 21:00:14 | Epoch  65/100 | Train Loss 0.0323 | Val Loss 0.0313 MAE 14.1604 R2 -0.0205
2026-08-26 21:00:14 |   Val R2 improved to -0.0205, model saved
2026-08-26 21:00:15 | Epoch  66/100 | Train Loss 0.0323 | Val Loss 0.0312 MAE 14.1574 R2 -0.0179
2026-08-26 21:00:15 |   Val R2 improved to -0.0179, model saved
2026-08-26 21:00:17 | Epoch  67/100 | Train Loss 0.0322 | Val Loss 0.0311 MAE 14.1546 R2 -0.0156
2026-08-26 21:00:17 |   Val R2 improved to -0.0156, model saved
2026-08-26 21:00:18 | Epoch  68/100 | Train Loss 0.0322 | Val Loss 0.0311 MAE 14.1520 R2 -0.0137
2026-08-26 21:00:18 |   Val R2 improved to -0.0137, model saved
2026-08-26 21:00:19 | Epoch  69/100 | Train Loss 0.0321 | Val Loss 0.0310 MAE 14.1496 R2 -0.0120
2026-08-26 21:00:19 |   Val R2 improved to -0.0120, model saved
2026-08-26 21:00:21 | Epoch  70/100 | Train Loss 0.0321 | Val Loss 0.0310 MAE 14.1474 R2 -0.0106
2026-08-26 21:00:21 |   Val R2 improved to -0.0106, model saved
2026-08-26 21:00:22 | Epoch  71/100 | Train Loss 0.0321 | Val Loss 0.0310 MAE 14.1499 R2 -0.0093
2026-08-26 21:00:22 |   Val R2 improved to -0.0093, model saved
2026-08-26 21:00:24 | Epoch  72/100 | Train Loss 0.0321 | Val Loss 0.0309 MAE 14.1521 R2 -0.0083
2026-08-26 21:00:24 |   Val R2 improved to -0.0083, model saved
2026-08-26 21:00:25 | Epoch  73/100 | Train Loss 0.0320 | Val Loss 0.0309 MAE 14.1544 R2 -0.0074
2026-08-26 21:00:25 |   Val R2 improved to -0.0074, model saved
2026-08-26 21:00:27 | Epoch  74/100 | Train Loss 0.0320 | Val Loss 0.0309 MAE 14.1567 R2 -0.0064
2026-08-26 21:00:27 |   Val R2 improved to -0.0064, model saved
2026-08-26 21:00:28 | Epoch  75/100 | Train Loss 0.0320 | Val Loss 0.0309 MAE 14.1584 R2 -0.0058
2026-08-26 21:00:28 |   Val R2 improved to -0.0058, model saved
2026-08-26 21:00:30 | Epoch  76/100 | Train Loss 0.0320 | Val Loss 0.0308 MAE 14.1603 R2 -0.0051
2026-08-26 21:00:30 |   Val R2 improved to -0.0051, model saved
2026-08-26 21:00:31 | Epoch  77/100 | Train Loss 0.0320 | Val Loss 0.0308 MAE 14.1619 R2 -0.0046
2026-08-26 21:00:31 |   Val R2 improved to -0.0046, model saved
2026-08-26 21:00:33 | Epoch  78/100 | Train Loss 0.0320 | Val Loss 0.0308 MAE 14.1633 R2 -0.0041
2026-08-26 21:00:33 |   Val R2 improved to -0.0041, model saved
2026-08-26 21:00:34 | Epoch  79/100 | Train Loss 0.0320 | Val Loss 0.0308 MAE 14.1645 R2 -0.0038
2026-08-26 21:00:34 |   Val R2 improved to -0.0038, model saved
2026-08-26 21:00:35 | Epoch  80/100 | Train Loss 0.0320 | Val Loss 0.0308 MAE 14.1658 R2 -0.0034
2026-08-26 21:00:35 |   Val R2 improved to -0.0034, model saved
2026-08-26 21:00:37 | Epoch  81/100 | Train Loss 0.0320 | Val Loss 0.0308 MAE 14.1671 R2 -0.0031
2026-08-26 21:00:37 |   Val R2 improved to -0.0031, model saved
2026-08-26 21:00:38 | Epoch  82/100 | Train Loss 0.0319 | Val Loss 0.0308 MAE 14.1681 R2 -0.0028
2026-08-26 21:00:38 |   Val R2 improved to -0.0028, model saved
2026-08-26 21:00:39 | Epoch  83/100 | Train Loss 0.0319 | Val Loss 0.0308 MAE 14.1690 R2 -0.0026
2026-08-26 21:00:39 |   Val R2 improved to -0.0026, model saved
2026-08-26 21:00:41 | Epoch  84/100 | Train Loss 0.0319 | Val Loss 0.0308 MAE 14.1702 R2 -0.0023
2026-08-26 21:00:41 |   Val R2 improved to -0.0023, model saved
2026-08-26 21:00:42 | Epoch  85/100 | Train Loss 0.0319 | Val Loss 0.0307 MAE 14.1707 R2 -0.0022
2026-08-26 21:00:42 |   Val R2 improved to -0.0022, model saved
2026-08-26 21:00:44 | Epoch  86/100 | Train Loss 0.0319 | Val Loss 0.0307 MAE 14.1715 R2 -0.0020
2026-08-26 21:00:44 |   Val R2 improved to -0.0020, model saved
2026-08-26 21:00:45 | Epoch  87/100 | Train Loss 0.0319 | Val Loss 0.0307 MAE 14.1727 R2 -0.0019
2026-08-26 21:00:45 |   Val R2 improved to -0.0019, model saved
2026-08-26 21:00:46 | Epoch  88/100 | Train Loss 0.0319 | Val Loss 0.0307 MAE 14.1745 R2 -0.0018
2026-08-26 21:00:46 |   Val R2 improved to -0.0018, model saved
2026-08-26 21:00:48 | Epoch  89/100 | Train Loss 0.0319 | Val Loss 0.0307 MAE 14.1769 R2 -0.0016
2026-08-26 21:00:48 |   Val R2 improved to -0.0016, model saved
2026-08-26 21:00:49 | Epoch  90/100 | Train Loss 0.0319 | Val Loss 0.0307 MAE 14.1779 R2 -0.0015
2026-08-26 21:00:49 |   Val R2 improved to -0.0015, model saved
2026-08-26 21:00:51 | Epoch  91/100 | Train Loss 0.0319 | Val Loss 0.0307 MAE 14.1790 R2 -0.0015
2026-08-26 21:00:51 |   Val R2 improved to -0.0015, model saved
2026-08-26 21:00:52 | Epoch  92/100 | Train Loss 0.0319 | Val Loss 0.0307 MAE 14.1802 R2 -0.0014
2026-08-26 21:00:52 |   Val R2 improved to -0.0014, model saved
2026-08-26 21:00:54 | Epoch  93/100 | Train Loss 0.0319 | Val Loss 0.0307 MAE 14.1817 R2 -0.0013
2026-08-26 21:00:54 |   Val R2 improved to -0.0013, model saved
2026-08-26 21:00:55 | Epoch  94/100 | Train Loss 0.0319 | Val Loss 0.0307 MAE 14.1821 R2 -0.0013
2026-08-26 21:00:55 |   Val R2 improved to -0.0013, model saved
2026-08-26 21:00:56 | Epoch  95/100 | Train Loss 0.0319 | Val Loss 0.0307 MAE 14.1819 R2 -0.0013
2026-08-26 21:00:58 | Epoch  96/100 | Train Loss 0.0319 | Val Loss 0.0307 MAE 14.1832 R2 -0.0012
2026-08-26 21:00:58 |   Val R2 improved to -0.0012, model saved
2026-08-26 21:00:59 | Epoch  97/100 | Train Loss 0.0319 | Val Loss 0.0307 MAE 14.1835 R2 -0.0012
2026-08-26 21:00:59 |   Val R2 improved to -0.0012, model saved
2026-08-26 21:01:00 | Epoch  98/100 | Train Loss 0.0319 | Val Loss 0.0307 MAE 14.1838 R2 -0.0012
2026-08-26 21:01:00 |   Val R2 improved to -0.0012, model saved
2026-08-26 21:01:02 | Epoch  99/100 | Train Loss 0.0319 | Val Loss 0.0307 MAE 14.1841 R2 -0.0011
2026-08-26 21:01:02 |   Val R2 improved to -0.0011, model saved
2026-08-26 21:01:03 | Epoch 100/100 | Train Loss 0.0319 | Val Loss 0.0307 MAE 14.1846 R2 -0.0011
2026-08-26 21:01:03 |   Val R2 improved to -0.0011, model saved
2026-08-26 21:01:03 | Run 3/5 | Test (best model @ Epoch 100) | Loss 0.0317 MAE 14.6353 R2 -0.0005
2026-08-26 21:01:03 | ===== Run 4/5 (seed 3) =====
2026-08-26 21:01:05 | Epoch   1/100 | Train Loss 6.2381 | Val Loss 0.1150 MAE 29.0132 R2 -2.8452
2026-08-26 21:01:05 |   Val R2 improved to -2.8452, model saved
2026-08-26 21:01:06 | Epoch   2/100 | Train Loss 0.1042 | Val Loss 0.0739 MAE 21.6215 R2 -1.4558
2026-08-26 21:01:06 |   Val R2 improved to -1.4558, model saved
2026-08-26 21:01:08 | Epoch   3/100 | Train Loss 0.0715 | Val Loss 0.0377 MAE 15.0416 R2 -0.2330
2026-08-26 21:01:08 |   Val R2 improved to -0.2330, model saved
2026-08-26 21:01:09 | Epoch   4/100 | Train Loss 0.0663 | Val Loss 0.0388 MAE 15.0828 R2 -0.2713
2026-08-26 21:01:10 | Epoch   5/100 | Train Loss 0.0631 | Val Loss 0.0368 MAE 14.6895 R2 -0.2038
2026-08-26 21:01:10 |   Val R2 improved to -0.2038, model saved
2026-08-26 21:01:12 | Epoch   6/100 | Train Loss 0.0601 | Val Loss 0.0349 MAE 14.3169 R2 -0.1388
2026-08-26 21:01:12 |   Val R2 improved to -0.1388, model saved
2026-08-26 21:01:13 | Epoch   7/100 | Train Loss 0.0599 | Val Loss 0.0341 MAE 14.1586 R2 -0.1127
2026-08-26 21:01:13 |   Val R2 improved to -0.1127, model saved
2026-08-26 21:01:15 | Epoch   8/100 | Train Loss 0.0606 | Val Loss 0.0333 MAE 13.9990 R2 -0.0870
2026-08-26 21:01:15 |   Val R2 improved to -0.0870, model saved
2026-08-26 21:01:16 | Epoch   9/100 | Train Loss 0.0577 | Val Loss 0.0327 MAE 13.8694 R2 -0.0661
2026-08-26 21:01:16 |   Val R2 improved to -0.0661, model saved
2026-08-26 21:01:17 | Epoch  10/100 | Train Loss 0.0573 | Val Loss 0.0324 MAE 13.7956 R2 -0.0543
2026-08-26 21:01:17 |   Val R2 improved to -0.0543, model saved
2026-08-26 21:01:19 | Epoch  11/100 | Train Loss 0.0561 | Val Loss 0.0314 MAE 13.5915 R2 -0.0213
2026-08-26 21:01:19 |   Val R2 improved to -0.0213, model saved
2026-08-26 21:01:20 | Epoch  12/100 | Train Loss 0.0562 | Val Loss 0.0311 MAE 13.5332 R2 -0.0123
2026-08-26 21:01:20 |   Val R2 improved to -0.0123, model saved
2026-08-26 21:01:21 | Epoch  13/100 | Train Loss 0.0567 | Val Loss 0.0308 MAE 13.4658 R2 -0.0018
2026-08-26 21:01:21 |   Val R2 improved to -0.0018, model saved
2026-08-26 21:01:23 | Epoch  14/100 | Train Loss 0.0549 | Val Loss 0.0301 MAE 13.3148 R2 0.0216
2026-08-26 21:01:23 |   Val R2 improved to 0.0216, model saved
2026-08-26 21:01:24 | Epoch  15/100 | Train Loss 0.0547 | Val Loss 0.0294 MAE 13.1611 R2 0.0449
2026-08-26 21:01:24 |   Val R2 improved to 0.0449, model saved
2026-08-26 21:01:25 | Epoch  16/100 | Train Loss 0.0529 | Val Loss 0.0298 MAE 13.2342 R2 0.0328
2026-08-26 21:01:26 | Epoch  17/100 | Train Loss 0.0520 | Val Loss 0.0288 MAE 13.0019 R2 0.0674
2026-08-26 21:01:26 |   Val R2 improved to 0.0674, model saved
2026-08-26 21:01:28 | Epoch  18/100 | Train Loss 0.0529 | Val Loss 0.0292 MAE 13.0878 R2 0.0538
2026-08-26 21:01:29 | Epoch  19/100 | Train Loss 0.0506 | Val Loss 0.0277 MAE 12.7528 R2 0.1032
2026-08-26 21:01:29 |   Val R2 improved to 0.1032, model saved
2026-08-26 21:01:31 | Epoch  20/100 | Train Loss 0.0520 | Val Loss 0.0286 MAE 12.9564 R2 0.0724
2026-08-26 21:01:32 | Epoch  21/100 | Train Loss 0.0511 | Val Loss 0.0284 MAE 12.8966 R2 0.0806
2026-08-26 21:01:33 | Epoch  22/100 | Train Loss 0.0489 | Val Loss 0.0278 MAE 12.7636 R2 0.0997
2026-08-26 21:01:35 | Epoch  23/100 | Train Loss 0.0487 | Val Loss 0.0273 MAE 12.6502 R2 0.1156
2026-08-26 21:01:35 |   Val R2 improved to 0.1156, model saved
2026-08-26 21:01:36 | Epoch  24/100 | Train Loss 0.0481 | Val Loss 0.0275 MAE 12.6861 R2 0.1098
2026-08-26 21:01:37 | Epoch  25/100 | Train Loss 0.0495 | Val Loss 0.0275 MAE 12.6930 R2 0.1081
2026-08-26 21:01:39 | Epoch  26/100 | Train Loss 0.0484 | Val Loss 0.0269 MAE 12.5391 R2 0.1299
2026-08-26 21:01:39 |   Val R2 improved to 0.1299, model saved
2026-08-26 21:01:40 | Epoch  27/100 | Train Loss 0.0475 | Val Loss 0.0268 MAE 12.5257 R2 0.1314
2026-08-26 21:01:40 |   Val R2 improved to 0.1314, model saved
2026-08-26 21:01:41 | Epoch  28/100 | Train Loss 0.0471 | Val Loss 0.0269 MAE 12.5374 R2 0.1292
2026-08-26 21:01:43 | Epoch  29/100 | Train Loss 0.0458 | Val Loss 0.0264 MAE 12.4279 R2 0.1448
2026-08-26 21:01:43 |   Val R2 improved to 0.1448, model saved
2026-08-26 21:01:44 | Epoch  30/100 | Train Loss 0.0453 | Val Loss 0.0268 MAE 12.5071 R2 0.1330
2026-08-26 21:01:45 | Epoch  31/100 | Train Loss 0.0436 | Val Loss 0.0263 MAE 12.3791 R2 0.1509
2026-08-26 21:01:45 |   Val R2 improved to 0.1509, model saved
2026-08-26 21:01:47 | Epoch  32/100 | Train Loss 0.0427 | Val Loss 0.0262 MAE 12.3762 R2 0.1513
2026-08-26 21:01:47 |   Val R2 improved to 0.1513, model saved
2026-08-26 21:01:48 | Epoch  33/100 | Train Loss 0.0439 | Val Loss 0.0251 MAE 12.1148 R2 0.1890
2026-08-26 21:01:48 |   Val R2 improved to 0.1890, model saved
2026-08-26 21:01:49 | Epoch  34/100 | Train Loss 0.0435 | Val Loss 0.0262 MAE 12.3656 R2 0.1523
2026-08-26 21:01:51 | Epoch  35/100 | Train Loss 0.0426 | Val Loss 0.0261 MAE 12.3422 R2 0.1552
2026-08-26 21:01:52 | Epoch  36/100 | Train Loss 0.0422 | Val Loss 0.0253 MAE 12.1384 R2 0.1845
2026-08-26 21:01:53 | Epoch  37/100 | Train Loss 0.0431 | Val Loss 0.0255 MAE 12.1843 R2 0.1777
2026-08-26 21:01:55 | Epoch  38/100 | Train Loss 0.0396 | Val Loss 0.0259 MAE 12.2862 R2 0.1632
2026-08-26 21:01:56 | Epoch  39/100 | Train Loss 0.0410 | Val Loss 0.0242 MAE 11.9020 R2 0.2185
2026-08-26 21:01:56 |   Val R2 improved to 0.2185, model saved
2026-08-26 21:01:58 | Epoch  40/100 | Train Loss 0.0403 | Val Loss 0.0244 MAE 11.9337 R2 0.2135
2026-08-26 21:01:59 | Epoch  41/100 | Train Loss 0.0400 | Val Loss 0.0251 MAE 12.1100 R2 0.1886
2026-08-26 21:02:00 | Epoch  42/100 | Train Loss 0.0378 | Val Loss 0.0240 MAE 11.8284 R2 0.2279
2026-08-26 21:02:00 |   Val R2 improved to 0.2279, model saved
2026-08-26 21:02:01 | Epoch  43/100 | Train Loss 0.0385 | Val Loss 0.0248 MAE 12.0322 R2 0.1994
2026-08-26 21:02:03 | Epoch  44/100 | Train Loss 0.0385 | Val Loss 0.0243 MAE 11.9179 R2 0.2154
2026-08-26 21:02:04 | Epoch  45/100 | Train Loss 0.0377 | Val Loss 0.0236 MAE 11.7430 R2 0.2394
2026-08-26 21:02:04 |   Val R2 improved to 0.2394, model saved
2026-08-26 21:02:05 | Epoch  46/100 | Train Loss 0.0364 | Val Loss 0.0236 MAE 11.7497 R2 0.2386
2026-08-26 21:02:07 | Epoch  47/100 | Train Loss 0.0359 | Val Loss 0.0236 MAE 11.7371 R2 0.2401
2026-08-26 21:02:07 |   Val R2 improved to 0.2401, model saved
2026-08-26 21:02:08 | Epoch  48/100 | Train Loss 0.0361 | Val Loss 0.0241 MAE 11.8586 R2 0.2234
2026-08-26 21:02:09 | Epoch  49/100 | Train Loss 0.0351 | Val Loss 0.0234 MAE 11.6928 R2 0.2455
2026-08-26 21:02:09 |   Val R2 improved to 0.2455, model saved
2026-08-26 21:02:11 | Epoch  50/100 | Train Loss 0.0346 | Val Loss 0.0228 MAE 11.5294 R2 0.2683
2026-08-26 21:02:11 |   Val R2 improved to 0.2683, model saved
2026-08-26 21:02:12 | Epoch  51/100 | Train Loss 0.0337 | Val Loss 0.0232 MAE 11.6481 R2 0.2522
2026-08-26 21:02:13 | Epoch  52/100 | Train Loss 0.0336 | Val Loss 0.0232 MAE 11.6347 R2 0.2540
2026-08-26 21:02:15 | Epoch  53/100 | Train Loss 0.0324 | Val Loss 0.0231 MAE 11.6197 R2 0.2560
2026-08-26 21:02:16 | Epoch  54/100 | Train Loss 0.0324 | Val Loss 0.0224 MAE 11.4273 R2 0.2810
2026-08-26 21:02:16 |   Val R2 improved to 0.2810, model saved
2026-08-26 21:02:17 | Epoch  55/100 | Train Loss 0.0327 | Val Loss 0.0222 MAE 11.3833 R2 0.2874
2026-08-26 21:02:17 |   Val R2 improved to 0.2874, model saved
2026-08-26 21:02:19 | Epoch  56/100 | Train Loss 0.0322 | Val Loss 0.0222 MAE 11.3862 R2 0.2876
2026-08-26 21:02:19 |   Val R2 improved to 0.2876, model saved
2026-08-26 21:02:20 | Epoch  57/100 | Train Loss 0.0312 | Val Loss 0.0217 MAE 11.2658 R2 0.3035
2026-08-26 21:02:20 |   Val R2 improved to 0.3035, model saved
2026-08-26 21:02:21 | Epoch  58/100 | Train Loss 0.0304 | Val Loss 0.0217 MAE 11.2530 R2 0.3046
2026-08-26 21:02:21 |   Val R2 improved to 0.3046, model saved
2026-08-26 21:02:23 | Epoch  59/100 | Train Loss 0.0307 | Val Loss 0.0223 MAE 11.4045 R2 0.2847
2026-08-26 21:02:24 | Epoch  60/100 | Train Loss 0.0300 | Val Loss 0.0218 MAE 11.3009 R2 0.2986
2026-08-26 21:02:25 | Epoch  61/100 | Train Loss 0.0301 | Val Loss 0.0215 MAE 11.1971 R2 0.3118
2026-08-26 21:02:25 |   Val R2 improved to 0.3118, model saved
2026-08-26 21:02:27 | Epoch  62/100 | Train Loss 0.0286 | Val Loss 0.0215 MAE 11.2241 R2 0.3086
2026-08-26 21:02:28 | Epoch  63/100 | Train Loss 0.0288 | Val Loss 0.0213 MAE 11.1759 R2 0.3152
2026-08-26 21:02:28 |   Val R2 improved to 0.3152, model saved
2026-08-26 21:02:29 | Epoch  64/100 | Train Loss 0.0281 | Val Loss 0.0214 MAE 11.1954 R2 0.3127
2026-08-26 21:02:31 | Epoch  65/100 | Train Loss 0.0283 | Val Loss 0.0214 MAE 11.1952 R2 0.3122
2026-08-26 21:02:32 | Epoch  66/100 | Train Loss 0.0280 | Val Loss 0.0219 MAE 11.2950 R2 0.2979
2026-08-26 21:02:33 | Epoch  67/100 | Train Loss 0.0274 | Val Loss 0.0213 MAE 11.1801 R2 0.3152
2026-08-26 21:02:33 |   Val R2 improved to 0.3152, model saved
2026-08-26 21:02:35 | Epoch  68/100 | Train Loss 0.0263 | Val Loss 0.0213 MAE 11.1717 R2 0.3160
2026-08-26 21:02:35 |   Val R2 improved to 0.3160, model saved
2026-08-26 21:02:36 | Epoch  69/100 | Train Loss 0.0259 | Val Loss 0.0205 MAE 10.9741 R2 0.3424
2026-08-26 21:02:36 |   Val R2 improved to 0.3424, model saved
2026-08-26 21:02:37 | Epoch  70/100 | Train Loss 0.0258 | Val Loss 0.0207 MAE 11.0257 R2 0.3362
2026-08-26 21:02:39 | Epoch  71/100 | Train Loss 0.0258 | Val Loss 0.0212 MAE 11.1320 R2 0.3213
2026-08-26 21:02:40 | Epoch  72/100 | Train Loss 0.0261 | Val Loss 0.0216 MAE 11.2481 R2 0.3062
2026-08-26 21:02:41 | Epoch  73/100 | Train Loss 0.0253 | Val Loss 0.0207 MAE 11.0384 R2 0.3352
2026-08-26 21:02:43 | Epoch  74/100 | Train Loss 0.0250 | Val Loss 0.0206 MAE 10.9676 R2 0.3416
2026-08-26 21:02:44 | Epoch  75/100 | Train Loss 0.0245 | Val Loss 0.0207 MAE 11.0119 R2 0.3380
2026-08-26 21:02:45 | Epoch  76/100 | Train Loss 0.0234 | Val Loss 0.0200 MAE 10.8632 R2 0.3588
2026-08-26 21:02:45 |   Val R2 improved to 0.3588, model saved
2026-08-26 21:02:47 | Epoch  77/100 | Train Loss 0.0239 | Val Loss 0.0203 MAE 10.9214 R2 0.3498
2026-08-26 21:02:48 | Epoch  78/100 | Train Loss 0.0229 | Val Loss 0.0212 MAE 11.1454 R2 0.3197
2026-08-26 21:02:49 | Epoch  79/100 | Train Loss 0.0236 | Val Loss 0.0194 MAE 10.7212 R2 0.3797
2026-08-26 21:02:49 |   Val R2 improved to 0.3797, model saved
2026-08-26 21:02:51 | Epoch  80/100 | Train Loss 0.0227 | Val Loss 0.0200 MAE 10.8501 R2 0.3615
2026-08-26 21:02:52 | Epoch  81/100 | Train Loss 0.0225 | Val Loss 0.0207 MAE 11.0346 R2 0.3366
2026-08-26 21:02:53 | Epoch  82/100 | Train Loss 0.0222 | Val Loss 0.0202 MAE 10.9021 R2 0.3549
2026-08-26 21:02:55 | Epoch  83/100 | Train Loss 0.0221 | Val Loss 0.0199 MAE 10.8586 R2 0.3618
2026-08-26 21:02:56 | Epoch  84/100 | Train Loss 0.0215 | Val Loss 0.0198 MAE 10.8171 R2 0.3684
2026-08-26 21:02:57 | Epoch  85/100 | Train Loss 0.0211 | Val Loss 0.0193 MAE 10.7157 R2 0.3829
2026-08-26 21:02:57 |   Val R2 improved to 0.3829, model saved
2026-08-26 21:02:58 | Epoch  86/100 | Train Loss 0.0209 | Val Loss 0.0190 MAE 10.6293 R2 0.3937
2026-08-26 21:02:58 |   Val R2 improved to 0.3937, model saved
2026-08-26 21:03:00 | Epoch  87/100 | Train Loss 0.0207 | Val Loss 0.0195 MAE 10.7649 R2 0.3753
2026-08-26 21:03:01 | Epoch  88/100 | Train Loss 0.0207 | Val Loss 0.0195 MAE 10.7612 R2 0.3776
2026-08-26 21:03:02 | Epoch  89/100 | Train Loss 0.0202 | Val Loss 0.0194 MAE 10.7201 R2 0.3794
2026-08-26 21:03:04 | Epoch  90/100 | Train Loss 0.0199 | Val Loss 0.0199 MAE 10.8575 R2 0.3630
2026-08-26 21:03:05 | Epoch  91/100 | Train Loss 0.0199 | Val Loss 0.0198 MAE 10.8476 R2 0.3659
2026-08-26 21:03:06 | Epoch  92/100 | Train Loss 0.0196 | Val Loss 0.0193 MAE 10.7181 R2 0.3833
2026-08-26 21:03:07 | Epoch  93/100 | Train Loss 0.0193 | Val Loss 0.0191 MAE 10.6705 R2 0.3895
2026-08-26 21:03:09 | Epoch  94/100 | Train Loss 0.0194 | Val Loss 0.0193 MAE 10.7020 R2 0.3849
2026-08-26 21:03:10 | Epoch  95/100 | Train Loss 0.0189 | Val Loss 0.0194 MAE 10.7546 R2 0.3793
2026-08-26 21:03:11 | Epoch  96/100 | Train Loss 0.0195 | Val Loss 0.0197 MAE 10.8333 R2 0.3692
2026-08-26 21:03:11 | Val R2 did not improve for 10 consecutive epochs, early stopping at Epoch 96 (best R2 0.3937 @ Epoch 86)
2026-08-26 21:03:12 | Run 4/5 | Test (best model @ Epoch 86) | Loss 0.0194 MAE 10.8551 R2 0.4018
2026-08-26 21:03:12 | ===== Run 5/5 (seed 4) =====
2026-08-26 21:03:13 | Epoch   1/100 | Train Loss 5.0849 | Val Loss 0.2731 MAE 49.1791 R2 -8.2114
2026-08-26 21:03:13 |   Val R2 improved to -8.2114, model saved
2026-08-26 21:03:14 | Epoch   2/100 | Train Loss 0.2674 | Val Loss 0.2684 MAE 48.7037 R2 -8.0534
2026-08-26 21:03:14 |   Val R2 improved to -8.0534, model saved
2026-08-26 21:03:15 | Epoch   3/100 | Train Loss 0.2617 | Val Loss 0.2617 MAE 48.0161 R2 -7.8276
2026-08-26 21:03:15 |   Val R2 improved to -7.8276, model saved
2026-08-26 21:03:17 | Epoch   4/100 | Train Loss 0.2546 | Val Loss 0.2540 MAE 47.2173 R2 -7.5694
2026-08-26 21:03:17 |   Val R2 improved to -7.5694, model saved
2026-08-26 21:03:18 | Epoch   5/100 | Train Loss 0.2467 | Val Loss 0.2458 MAE 46.3394 R2 -7.2905
2026-08-26 21:03:18 |   Val R2 improved to -7.2905, model saved
2026-08-26 21:03:20 | Epoch   6/100 | Train Loss 0.2384 | Val Loss 0.2371 MAE 45.4046 R2 -6.9993
2026-08-26 21:03:20 |   Val R2 improved to -6.9993, model saved
2026-08-26 21:03:21 | Epoch   7/100 | Train Loss 0.2298 | Val Loss 0.2283 MAE 44.4219 R2 -6.6996
2026-08-26 21:03:21 |   Val R2 improved to -6.6996, model saved
2026-08-26 21:03:22 | Epoch   8/100 | Train Loss 0.2209 | Val Loss 0.2193 MAE 43.4070 R2 -6.3970
2026-08-26 21:03:22 |   Val R2 improved to -6.3970, model saved
2026-08-26 21:03:23 | Epoch   9/100 | Train Loss 0.2121 | Val Loss 0.2104 MAE 42.3618 R2 -6.0926
2026-08-26 21:03:23 |   Val R2 improved to -6.0926, model saved
2026-08-26 21:03:25 | Epoch  10/100 | Train Loss 0.2032 | Val Loss 0.2014 MAE 41.2953 R2 -5.7897
2026-08-26 21:03:25 |   Val R2 improved to -5.7897, model saved
2026-08-26 21:03:26 | Epoch  11/100 | Train Loss 0.1944 | Val Loss 0.1926 MAE 40.2175 R2 -5.4910
2026-08-26 21:03:26 |   Val R2 improved to -5.4910, model saved
2026-08-26 21:03:27 | Epoch  12/100 | Train Loss 0.1858 | Val Loss 0.1839 MAE 39.1311 R2 -5.1977
2026-08-26 21:03:27 |   Val R2 improved to -5.1977, model saved
2026-08-26 21:03:29 | Epoch  13/100 | Train Loss 0.1773 | Val Loss 0.1754 MAE 38.0351 R2 -4.9097
2026-08-26 21:03:29 |   Val R2 improved to -4.9097, model saved
2026-08-26 21:03:30 | Epoch  14/100 | Train Loss 0.1690 | Val Loss 0.1672 MAE 36.9421 R2 -4.6304
2026-08-26 21:03:30 |   Val R2 improved to -4.6304, model saved
2026-08-26 21:03:31 | Epoch  15/100 | Train Loss 0.1610 | Val Loss 0.1592 MAE 35.8495 R2 -4.3592
2026-08-26 21:03:31 |   Val R2 improved to -4.3592, model saved
2026-08-26 21:03:33 | Epoch  16/100 | Train Loss 0.1533 | Val Loss 0.1515 MAE 34.7629 R2 -4.0970
2026-08-26 21:03:33 |   Val R2 improved to -4.0970, model saved
2026-08-26 21:03:34 | Epoch  17/100 | Train Loss 0.1458 | Val Loss 0.1440 MAE 33.6856 R2 -3.8445
2026-08-26 21:03:34 |   Val R2 improved to -3.8445, model saved
2026-08-26 21:03:35 | Epoch  18/100 | Train Loss 0.1386 | Val Loss 0.1368 MAE 32.6134 R2 -3.6009
2026-08-26 21:03:35 |   Val R2 improved to -3.6009, model saved
2026-08-26 21:03:36 | Epoch  19/100 | Train Loss 0.1316 | Val Loss 0.1300 MAE 31.5580 R2 -3.3680
2026-08-26 21:03:36 |   Val R2 improved to -3.3680, model saved
2026-08-26 21:03:38 | Epoch  20/100 | Train Loss 0.1250 | Val Loss 0.1234 MAE 30.5183 R2 -3.1446
2026-08-26 21:03:38 |   Val R2 improved to -3.1446, model saved
2026-08-26 21:03:39 | Epoch  21/100 | Train Loss 0.1187 | Val Loss 0.1171 MAE 29.5012 R2 -2.9320
2026-08-26 21:03:39 |   Val R2 improved to -2.9320, model saved
2026-08-26 21:03:40 | Epoch  22/100 | Train Loss 0.1127 | Val Loss 0.1111 MAE 28.5088 R2 -2.7298
2026-08-26 21:03:40 |   Val R2 improved to -2.7298, model saved
2026-08-26 21:03:41 | Epoch  23/100 | Train Loss 0.1069 | Val Loss 0.1055 MAE 27.5528 R2 -2.5392
2026-08-26 21:03:41 |   Val R2 improved to -2.5392, model saved
2026-08-26 21:03:43 | Epoch  24/100 | Train Loss 0.1015 | Val Loss 0.1002 MAE 26.6214 R2 -2.3576
2026-08-26 21:03:43 |   Val R2 improved to -2.3576, model saved
2026-08-26 21:03:44 | Epoch  25/100 | Train Loss 0.0964 | Val Loss 0.0951 MAE 25.7212 R2 -2.1855
2026-08-26 21:03:44 |   Val R2 improved to -2.1855, model saved
2026-08-26 21:03:45 | Epoch  26/100 | Train Loss 0.0916 | Val Loss 0.0903 MAE 24.8522 R2 -2.0225
2026-08-26 21:03:45 |   Val R2 improved to -2.0225, model saved
2026-08-26 21:03:46 | Epoch  27/100 | Train Loss 0.0870 | Val Loss 0.0858 MAE 24.0194 R2 -1.8691
2026-08-26 21:03:46 |   Val R2 improved to -1.8691, model saved
2026-08-26 21:03:48 | Epoch  28/100 | Train Loss 0.0827 | Val Loss 0.0815 MAE 23.2241 R2 -1.7248
2026-08-26 21:03:48 |   Val R2 improved to -1.7248, model saved
2026-08-26 21:03:49 | Epoch  29/100 | Train Loss 0.0787 | Val Loss 0.0776 MAE 22.4734 R2 -1.5898
2026-08-26 21:03:49 |   Val R2 improved to -1.5898, model saved
2026-08-26 21:03:50 | Epoch  30/100 | Train Loss 0.0749 | Val Loss 0.0738 MAE 21.7597 R2 -1.4631
2026-08-26 21:03:50 |   Val R2 improved to -1.4631, model saved
2026-08-26 21:03:51 | Epoch  31/100 | Train Loss 0.0714 | Val Loss 0.0703 MAE 21.0897 R2 -1.3445
2026-08-26 21:03:51 |   Val R2 improved to -1.3445, model saved
2026-08-26 21:03:53 | Epoch  32/100 | Train Loss 0.0681 | Val Loss 0.0670 MAE 20.4546 R2 -1.2330
2026-08-26 21:03:53 |   Val R2 improved to -1.2330, model saved
2026-08-26 21:03:54 | Epoch  33/100 | Train Loss 0.0650 | Val Loss 0.0640 MAE 19.8648 R2 -1.1299
2026-08-26 21:03:54 |   Val R2 improved to -1.1299, model saved
2026-08-26 21:03:55 | Epoch  34/100 | Train Loss 0.0621 | Val Loss 0.0612 MAE 19.3152 R2 -1.0342
2026-08-26 21:03:55 |   Val R2 improved to -1.0342, model saved
2026-08-26 21:03:57 | Epoch  35/100 | Train Loss 0.0595 | Val Loss 0.0585 MAE 18.7982 R2 -0.9445
2026-08-26 21:03:57 |   Val R2 improved to -0.9445, model saved
2026-08-26 21:03:58 | Epoch  36/100 | Train Loss 0.0570 | Val Loss 0.0561 MAE 18.3296 R2 -0.8616
2026-08-26 21:03:58 |   Val R2 improved to -0.8616, model saved
2026-08-26 21:03:59 | Epoch  37/100 | Train Loss 0.0547 | Val Loss 0.0538 MAE 17.8952 R2 -0.7844
2026-08-26 21:03:59 |   Val R2 improved to -0.7844, model saved
2026-08-26 21:04:01 | Epoch  38/100 | Train Loss 0.0526 | Val Loss 0.0517 MAE 17.4953 R2 -0.7137
2026-08-26 21:04:01 |   Val R2 improved to -0.7137, model saved
2026-08-26 21:04:02 | Epoch  39/100 | Train Loss 0.0506 | Val Loss 0.0498 MAE 17.1262 R2 -0.6484
2026-08-26 21:04:02 |   Val R2 improved to -0.6484, model saved
2026-08-26 21:04:03 | Epoch  40/100 | Train Loss 0.0489 | Val Loss 0.0480 MAE 16.7914 R2 -0.5877
2026-08-26 21:04:03 |   Val R2 improved to -0.5877, model saved
2026-08-26 21:04:04 | Epoch  41/100 | Train Loss 0.0472 | Val Loss 0.0464 MAE 16.4811 R2 -0.5317
2026-08-26 21:04:04 |   Val R2 improved to -0.5317, model saved
2026-08-26 21:04:06 | Epoch  42/100 | Train Loss 0.0457 | Val Loss 0.0449 MAE 16.2013 R2 -0.4806
2026-08-26 21:04:06 |   Val R2 improved to -0.4806, model saved
2026-08-26 21:04:07 | Epoch  43/100 | Train Loss 0.0443 | Val Loss 0.0435 MAE 15.9604 R2 -0.4343
2026-08-26 21:04:07 |   Val R2 improved to -0.4343, model saved
2026-08-26 21:04:08 | Epoch  44/100 | Train Loss 0.0431 | Val Loss 0.0422 MAE 15.7328 R2 -0.3912
2026-08-26 21:04:08 |   Val R2 improved to -0.3912, model saved
2026-08-26 21:04:09 | Epoch  45/100 | Train Loss 0.0419 | Val Loss 0.0411 MAE 15.5410 R2 -0.3528
2026-08-26 21:04:09 |   Val R2 improved to -0.3528, model saved
2026-08-26 21:04:11 | Epoch  46/100 | Train Loss 0.0409 | Val Loss 0.0401 MAE 15.3572 R2 -0.3171
2026-08-26 21:04:11 |   Val R2 improved to -0.3171, model saved
2026-08-26 21:04:12 | Epoch  47/100 | Train Loss 0.0399 | Val Loss 0.0391 MAE 15.2025 R2 -0.2850
2026-08-26 21:04:12 |   Val R2 improved to -0.2850, model saved
2026-08-26 21:04:13 | Epoch  48/100 | Train Loss 0.0391 | Val Loss 0.0383 MAE 15.0597 R2 -0.2560
2026-08-26 21:04:13 |   Val R2 improved to -0.2560, model saved
2026-08-26 21:04:14 | Epoch  49/100 | Train Loss 0.0383 | Val Loss 0.0375 MAE 14.9429 R2 -0.2294
2026-08-26 21:04:14 |   Val R2 improved to -0.2294, model saved
2026-08-26 21:04:16 | Epoch  50/100 | Train Loss 0.0376 | Val Loss 0.0368 MAE 14.8309 R2 -0.2052
2026-08-26 21:04:16 |   Val R2 improved to -0.2052, model saved
2026-08-26 21:04:17 | Epoch  51/100 | Train Loss 0.0369 | Val Loss 0.0361 MAE 14.7392 R2 -0.1835
2026-08-26 21:04:17 |   Val R2 improved to -0.1835, model saved
2026-08-26 21:04:18 | Epoch  52/100 | Train Loss 0.0364 | Val Loss 0.0355 MAE 14.6508 R2 -0.1636
2026-08-26 21:04:18 |   Val R2 improved to -0.1636, model saved
2026-08-26 21:04:19 | Epoch  53/100 | Train Loss 0.0359 | Val Loss 0.0350 MAE 14.5749 R2 -0.1455
2026-08-26 21:04:19 |   Val R2 improved to -0.1455, model saved
2026-08-26 21:04:21 | Epoch  54/100 | Train Loss 0.0354 | Val Loss 0.0345 MAE 14.5112 R2 -0.1296
2026-08-26 21:04:21 |   Val R2 improved to -0.1296, model saved
2026-08-26 21:04:22 | Epoch  55/100 | Train Loss 0.0350 | Val Loss 0.0341 MAE 14.4501 R2 -0.1151
2026-08-26 21:04:22 |   Val R2 improved to -0.1151, model saved
2026-08-26 21:04:23 | Epoch  56/100 | Train Loss 0.0346 | Val Loss 0.0337 MAE 14.4023 R2 -0.1020
2026-08-26 21:04:23 |   Val R2 improved to -0.1020, model saved
2026-08-26 21:04:24 | Epoch  57/100 | Train Loss 0.0343 | Val Loss 0.0334 MAE 14.3598 R2 -0.0903
2026-08-26 21:04:24 |   Val R2 improved to -0.0903, model saved
2026-08-26 21:04:26 | Epoch  58/100 | Train Loss 0.0340 | Val Loss 0.0331 MAE 14.3196 R2 -0.0800
2026-08-26 21:04:26 |   Val R2 improved to -0.0800, model saved
2026-08-26 21:04:27 | Epoch  59/100 | Train Loss 0.0337 | Val Loss 0.0328 MAE 14.2893 R2 -0.0707
2026-08-26 21:04:27 |   Val R2 improved to -0.0707, model saved
2026-08-26 21:04:28 | Epoch  60/100 | Train Loss 0.0335 | Val Loss 0.0326 MAE 14.2648 R2 -0.0626
2026-08-26 21:04:28 |   Val R2 improved to -0.0626, model saved
2026-08-26 21:04:29 | Epoch  61/100 | Train Loss 0.0333 | Val Loss 0.0323 MAE 14.2419 R2 -0.0555
2026-08-26 21:04:29 |   Val R2 improved to -0.0555, model saved
2026-08-26 21:04:31 | Epoch  62/100 | Train Loss 0.0331 | Val Loss 0.0322 MAE 14.2193 R2 -0.0488
2026-08-26 21:04:31 |   Val R2 improved to -0.0488, model saved
2026-08-26 21:04:32 | Epoch  63/100 | Train Loss 0.0330 | Val Loss 0.0320 MAE 14.2066 R2 -0.0431
2026-08-26 21:04:32 |   Val R2 improved to -0.0431, model saved
2026-08-26 21:04:33 | Epoch  64/100 | Train Loss 0.0328 | Val Loss 0.0318 MAE 14.1956 R2 -0.0380
2026-08-26 21:04:33 |   Val R2 improved to -0.0380, model saved
2026-08-26 21:04:34 | Epoch  65/100 | Train Loss 0.0327 | Val Loss 0.0317 MAE 14.1851 R2 -0.0334
2026-08-26 21:04:34 |   Val R2 improved to -0.0334, model saved
2026-08-26 21:04:36 | Epoch  66/100 | Train Loss 0.0326 | Val Loss 0.0316 MAE 14.1757 R2 -0.0296
2026-08-26 21:04:36 |   Val R2 improved to -0.0296, model saved
2026-08-26 21:04:37 | Epoch  67/100 | Train Loss 0.0325 | Val Loss 0.0315 MAE 14.1665 R2 -0.0260
2026-08-26 21:04:37 |   Val R2 improved to -0.0260, model saved
2026-08-26 21:04:38 | Epoch  68/100 | Train Loss 0.0324 | Val Loss 0.0314 MAE 14.1633 R2 -0.0231
2026-08-26 21:04:38 |   Val R2 improved to -0.0231, model saved
2026-08-26 21:04:39 | Epoch  69/100 | Train Loss 0.0324 | Val Loss 0.0313 MAE 14.1603 R2 -0.0204
2026-08-26 21:04:39 |   Val R2 improved to -0.0204, model saved
2026-08-26 21:04:41 | Epoch  70/100 | Train Loss 0.0323 | Val Loss 0.0312 MAE 14.1573 R2 -0.0178
2026-08-26 21:04:41 |   Val R2 improved to -0.0178, model saved
2026-08-26 21:04:42 | Epoch  71/100 | Train Loss 0.0322 | Val Loss 0.0312 MAE 14.1548 R2 -0.0158
2026-08-26 21:04:42 |   Val R2 improved to -0.0158, model saved
2026-08-26 21:04:43 | Epoch  72/100 | Train Loss 0.0322 | Val Loss 0.0311 MAE 14.1524 R2 -0.0140
2026-08-26 21:04:43 |   Val R2 improved to -0.0140, model saved
2026-08-26 21:04:45 | Epoch  73/100 | Train Loss 0.0322 | Val Loss 0.0311 MAE 14.1501 R2 -0.0123
2026-08-26 21:04:45 |   Val R2 improved to -0.0123, model saved
2026-08-26 21:04:46 | Epoch  74/100 | Train Loss 0.0321 | Val Loss 0.0310 MAE 14.1480 R2 -0.0109
2026-08-26 21:04:46 |   Val R2 improved to -0.0109, model saved
2026-08-26 21:04:47 | Epoch  75/100 | Train Loss 0.0321 | Val Loss 0.0310 MAE 14.1490 R2 -0.0098
2026-08-26 21:04:47 |   Val R2 improved to -0.0098, model saved
2026-08-26 21:04:48 | Epoch  76/100 | Train Loss 0.0321 | Val Loss 0.0310 MAE 14.1511 R2 -0.0088
2026-08-26 21:04:48 |   Val R2 improved to -0.0088, model saved
2026-08-26 21:04:50 | Epoch  77/100 | Train Loss 0.0321 | Val Loss 0.0309 MAE 14.1534 R2 -0.0078
2026-08-26 21:04:50 |   Val R2 improved to -0.0078, model saved
2026-08-26 21:04:51 | Epoch  78/100 | Train Loss 0.0320 | Val Loss 0.0309 MAE 14.1556 R2 -0.0069
2026-08-26 21:04:51 |   Val R2 improved to -0.0069, model saved
2026-08-26 21:04:52 | Epoch  79/100 | Train Loss 0.0320 | Val Loss 0.0309 MAE 14.1573 R2 -0.0062
2026-08-26 21:04:52 |   Val R2 improved to -0.0062, model saved
2026-08-26 21:04:53 | Epoch  80/100 | Train Loss 0.0320 | Val Loss 0.0309 MAE 14.1594 R2 -0.0054
2026-08-26 21:04:53 |   Val R2 improved to -0.0054, model saved
2026-08-26 21:04:54 | Epoch  81/100 | Train Loss 0.0320 | Val Loss 0.0309 MAE 14.1612 R2 -0.0048
2026-08-26 21:04:54 |   Val R2 improved to -0.0048, model saved
2026-08-26 21:04:56 | Epoch  82/100 | Train Loss 0.0320 | Val Loss 0.0308 MAE 14.1625 R2 -0.0044
2026-08-26 21:04:56 |   Val R2 improved to -0.0044, model saved
2026-08-26 21:04:57 | Epoch  83/100 | Train Loss 0.0320 | Val Loss 0.0308 MAE 14.1637 R2 -0.0040
2026-08-26 21:04:57 |   Val R2 improved to -0.0040, model saved
2026-08-26 21:04:58 | Epoch  84/100 | Train Loss 0.0320 | Val Loss 0.0308 MAE 14.1651 R2 -0.0036
2026-08-26 21:04:58 |   Val R2 improved to -0.0036, model saved
2026-08-26 21:04:59 | Epoch  85/100 | Train Loss 0.0320 | Val Loss 0.0308 MAE 14.1661 R2 -0.0033
2026-08-26 21:04:59 |   Val R2 improved to -0.0033, model saved
2026-08-26 21:05:01 | Epoch  86/100 | Train Loss 0.0320 | Val Loss 0.0308 MAE 14.1675 R2 -0.0030
2026-08-26 21:05:01 |   Val R2 improved to -0.0030, model saved
2026-08-26 21:05:02 | Epoch  87/100 | Train Loss 0.0320 | Val Loss 0.0308 MAE 14.1683 R2 -0.0027
2026-08-26 21:05:02 |   Val R2 improved to -0.0027, model saved
2026-08-26 21:05:03 | Epoch  88/100 | Train Loss 0.0320 | Val Loss 0.0308 MAE 14.1692 R2 -0.0025
2026-08-26 21:05:03 |   Val R2 improved to -0.0025, model saved
2026-08-26 21:05:04 | Epoch  89/100 | Train Loss 0.0320 | Val Loss 0.0308 MAE 14.1700 R2 -0.0023
2026-08-26 21:05:04 |   Val R2 improved to -0.0023, model saved
2026-08-26 21:05:06 | Epoch  90/100 | Train Loss 0.0320 | Val Loss 0.0308 MAE 14.1707 R2 -0.0022
2026-08-26 21:05:06 |   Val R2 improved to -0.0022, model saved
2026-08-26 21:05:07 | Epoch  91/100 | Train Loss 0.0320 | Val Loss 0.0308 MAE 14.1715 R2 -0.0020
2026-08-26 21:05:07 |   Val R2 improved to -0.0020, model saved
2026-08-26 21:05:08 | Epoch  92/100 | Train Loss 0.0320 | Val Loss 0.0308 MAE 14.1730 R2 -0.0019
2026-08-26 21:05:08 |   Val R2 improved to -0.0019, model saved
2026-08-26 21:05:09 | Epoch  93/100 | Train Loss 0.0320 | Val Loss 0.0308 MAE 14.1741 R2 -0.0018
2026-08-26 21:05:09 |   Val R2 improved to -0.0018, model saved
2026-08-26 21:05:10 | Epoch  94/100 | Train Loss 0.0320 | Val Loss 0.0308 MAE 14.1764 R2 -0.0016
2026-08-26 21:05:10 |   Val R2 improved to -0.0016, model saved
2026-08-26 21:05:12 | Epoch  95/100 | Train Loss 0.0320 | Val Loss 0.0308 MAE 14.1775 R2 -0.0016
2026-08-26 21:05:12 |   Val R2 improved to -0.0016, model saved
2026-08-26 21:05:13 | Epoch  96/100 | Train Loss 0.0320 | Val Loss 0.0308 MAE 14.1790 R2 -0.0015
2026-08-26 21:05:13 |   Val R2 improved to -0.0015, model saved
2026-08-26 21:05:14 | Epoch  97/100 | Train Loss 0.0320 | Val Loss 0.0308 MAE 14.1795 R2 -0.0014
2026-08-26 21:05:14 |   Val R2 improved to -0.0014, model saved
2026-08-26 21:05:15 | Epoch  98/100 | Train Loss 0.0320 | Val Loss 0.0308 MAE 14.1802 R2 -0.0014
2026-08-26 21:05:15 |   Val R2 improved to -0.0014, model saved
2026-08-26 21:05:17 | Epoch  99/100 | Train Loss 0.0320 | Val Loss 0.0308 MAE 14.1805 R2 -0.0014
2026-08-26 21:05:17 |   Val R2 improved to -0.0014, model saved
2026-08-26 21:05:18 | Epoch 100/100 | Train Loss 0.0320 | Val Loss 0.0308 MAE 14.1813 R2 -0.0013
2026-08-26 21:05:18 |   Val R2 improved to -0.0013, model saved
2026-08-26 21:05:18 | Run 5/5 | Test (best model @ Epoch 100) | Loss 0.0318 MAE 14.6300 R2 -0.0004
2026-08-26 21:05:18 | Average over 5 runs | Test Loss 0.0245±0.0066 MAE 12.3704±2.0702 R2 0.2340±0.2149
