2026-09-01 18:14:17 | Device: cuda
2026-09-01 18:14:17 | Args: {'model': 'opb', 'backbone': 'rnn', 'task': 'agnews', 'epochs': 100, 'batch_size': 512, 'lr': 0.001, 'hidden_dims': [512, 256], 'dropout': 0.2, 'z_dim': 256, 'anchor_scale': 8.0, 'energy_classifier': False, 'max_len': 250, 'random_labels': False, 'beta': 0.01, 'patience': 10, 'runs': 5, 'seed': 0, 'data_dir': './data', 'save_path': 'output/agnews_rnn_opb/agnews_rnn_opb.pt', 'log_path': '/root/autodl-tmp/IB/tune_results/agnews_rnn_opb_beta_0.01_anchor_8/train.log', 'no_save': True}
2026-09-01 18:14:17 | AG News 特征文件：agnews_bert_base_layer10_pca50_features.npy（input_dim=50）
2026-09-01 18:14:17 | AG News 预处理缓存：mmap 共享 ./data/agnews/agnews_bert_base_layer10_pca50_features_fp32.npy
2026-09-01 18:14:17 | AG News BERT 特征划分（60/20/20 分层）：train 76560 / val 25520 / test 25520（共 127600 条）
2026-09-01 18:14:17 | ===== Run 1/5 (seed 0) =====
2026-09-01 18:14:51 | Epoch   1/100 | Train Loss 0.8528 Acc 0.7569 | Val Loss 0.5599 Acc 0.8384 AUC 0.9623 Pre 0.8487 Rec 0.8384
2026-09-01 18:14:51 |   Val AUC improved to 0.9623, model saved
2026-09-01 18:15:20 | Epoch   2/100 | Train Loss 0.4866 Acc 0.8701 | Val Loss 0.3683 Acc 0.8941 AUC 0.9765 Pre 0.8959 Rec 0.8941
2026-09-01 18:15:20 |   Val AUC improved to 0.9765, model saved
2026-09-01 18:15:50 | Epoch   3/100 | Train Loss 0.3935 Acc 0.8922 | Val Loss 0.3491 Acc 0.8961 AUC 0.9792 Pre 0.9006 Rec 0.8961
2026-09-01 18:15:50 |   Val AUC improved to 0.9792, model saved
2026-09-01 18:16:15 | Epoch   4/100 | Train Loss 0.3622 Acc 0.8982 | Val Loss 0.3122 Acc 0.9059 AUC 0.9830 Pre 0.9065 Rec 0.9059
2026-09-01 18:16:15 |   Val AUC improved to 0.9830, model saved
2026-09-01 18:16:44 | Epoch   5/100 | Train Loss 0.3419 Acc 0.9021 | Val Loss 0.3108 Acc 0.9062 AUC 0.9841 Pre 0.9067 Rec 0.9062
2026-09-01 18:16:44 |   Val AUC improved to 0.9841, model saved
2026-09-01 18:17:10 | Epoch   6/100 | Train Loss 0.3255 Acc 0.9076 | Val Loss 0.2882 Acc 0.9127 AUC 0.9852 Pre 0.9138 Rec 0.9127
2026-09-01 18:17:10 |   Val AUC improved to 0.9852, model saved
2026-09-01 18:17:39 | Epoch   7/100 | Train Loss 0.3098 Acc 0.9135 | Val Loss 0.2844 Acc 0.9156 AUC 0.9852 Pre 0.9172 Rec 0.9156
2026-09-01 18:18:08 | Epoch   8/100 | Train Loss 0.2892 Acc 0.9168 | Val Loss 0.2607 Acc 0.9199 AUC 0.9876 Pre 0.9199 Rec 0.9199
2026-09-01 18:18:08 |   Val AUC improved to 0.9876, model saved
2026-09-01 18:18:37 | Epoch   9/100 | Train Loss 0.2757 Acc 0.9219 | Val Loss 0.2575 Acc 0.9225 AUC 0.9880 Pre 0.9237 Rec 0.9225
2026-09-01 18:18:37 |   Val AUC improved to 0.9880, model saved
2026-09-01 18:19:04 | Epoch  10/100 | Train Loss 0.2603 Acc 0.9255 | Val Loss 0.2592 Acc 0.9200 AUC 0.9887 Pre 0.9226 Rec 0.9200
2026-09-01 18:19:04 |   Val AUC improved to 0.9887, model saved
2026-09-01 18:19:32 | Epoch  11/100 | Train Loss 0.2498 Acc 0.9287 | Val Loss 0.2499 Acc 0.9239 AUC 0.9888 Pre 0.9247 Rec 0.9239
2026-09-01 18:19:32 |   Val AUC improved to 0.9888, model saved
2026-09-01 18:20:02 | Epoch  12/100 | Train Loss 0.2414 Acc 0.9298 | Val Loss 0.2420 Acc 0.9236 AUC 0.9888 Pre 0.9248 Rec 0.9236
2026-09-01 18:20:02 |   Val AUC improved to 0.9888, model saved
2026-09-01 18:20:29 | Epoch  13/100 | Train Loss 0.2290 Acc 0.9349 | Val Loss 0.2489 Acc 0.9269 AUC 0.9886 Pre 0.9271 Rec 0.9269
2026-09-01 18:20:59 | Epoch  14/100 | Train Loss 0.2217 Acc 0.9369 | Val Loss 0.2464 Acc 0.9289 AUC 0.9886 Pre 0.9292 Rec 0.9289
2026-09-01 18:21:28 | Epoch  15/100 | Train Loss 0.2126 Acc 0.9400 | Val Loss 0.2426 Acc 0.9277 AUC 0.9895 Pre 0.9283 Rec 0.9277
2026-09-01 18:21:28 |   Val AUC improved to 0.9895, model saved
2026-09-01 18:21:56 | Epoch  16/100 | Train Loss 0.1995 Acc 0.9437 | Val Loss 0.2452 Acc 0.9288 AUC 0.9891 Pre 0.9304 Rec 0.9288
2026-09-01 18:22:25 | Epoch  17/100 | Train Loss 0.1892 Acc 0.9462 | Val Loss 0.2530 Acc 0.9250 AUC 0.9880 Pre 0.9252 Rec 0.9250
2026-09-01 18:22:53 | Epoch  18/100 | Train Loss 0.1759 Acc 0.9521 | Val Loss 0.2627 Acc 0.9279 AUC 0.9887 Pre 0.9287 Rec 0.9279
2026-09-01 18:23:22 | Epoch  19/100 | Train Loss 0.1637 Acc 0.9548 | Val Loss 0.2651 Acc 0.9261 AUC 0.9878 Pre 0.9262 Rec 0.9261
2026-09-01 18:23:50 | Epoch  20/100 | Train Loss 0.1498 Acc 0.9596 | Val Loss 0.2795 Acc 0.9250 AUC 0.9873 Pre 0.9272 Rec 0.9250
2026-09-01 18:24:20 | Epoch  21/100 | Train Loss 0.1389 Acc 0.9630 | Val Loss 0.2884 Acc 0.9219 AUC 0.9870 Pre 0.9237 Rec 0.9219
2026-09-01 18:24:48 | Epoch  22/100 | Train Loss 0.1475 Acc 0.9599 | Val Loss 0.2724 Acc 0.9248 AUC 0.9876 Pre 0.9248 Rec 0.9248
2026-09-01 18:25:17 | Epoch  23/100 | Train Loss 0.1235 Acc 0.9675 | Val Loss 0.3051 Acc 0.9216 AUC 0.9861 Pre 0.9224 Rec 0.9216
2026-09-01 18:25:45 | Epoch  24/100 | Train Loss 0.1138 Acc 0.9712 | Val Loss 0.2898 Acc 0.9251 AUC 0.9860 Pre 0.9250 Rec 0.9251
2026-09-01 18:26:13 | Epoch  25/100 | Train Loss 0.1036 Acc 0.9742 | Val Loss 0.3207 Acc 0.9225 AUC 0.9856 Pre 0.9235 Rec 0.9225
2026-09-01 18:26:13 | Val AUC did not improve for 10 consecutive epochs, early stopping at Epoch 25 (best AUC 0.9895 @ Epoch 15)
2026-09-01 18:26:19 | Run 1/5 | Test (best model @ Epoch 15) | Loss 0.2384 Acc 0.9297 AUC 0.9901 Pre 0.9303 Rec 0.9297
2026-09-01 18:26:19 | ===== Run 2/5 (seed 1) =====
2026-09-01 18:26:48 | Epoch   1/100 | Train Loss 0.9894 Acc 0.6977 | Val Loss 1.2057 Acc 0.5392 AUC 0.7728 Pre 0.7471 Rec 0.5392
2026-09-01 18:26:48 |   Val AUC improved to 0.7728, model saved
2026-09-01 18:27:14 | Epoch   2/100 | Train Loss 0.6750 Acc 0.7904 | Val Loss 0.3790 Acc 0.8924 AUC 0.9770 Pre 0.8942 Rec 0.8924
2026-09-01 18:27:14 |   Val AUC improved to 0.9770, model saved
2026-09-01 18:27:42 | Epoch   3/100 | Train Loss 0.3884 Acc 0.8931 | Val Loss 0.3367 Acc 0.8995 AUC 0.9812 Pre 0.9034 Rec 0.8995
2026-09-01 18:27:42 |   Val AUC improved to 0.9812, model saved
2026-09-01 18:28:10 | Epoch   4/100 | Train Loss 0.3551 Acc 0.9007 | Val Loss 0.3090 Acc 0.9080 AUC 0.9833 Pre 0.9091 Rec 0.9080
2026-09-01 18:28:10 |   Val AUC improved to 0.9833, model saved
2026-09-01 18:28:39 | Epoch   5/100 | Train Loss 0.3338 Acc 0.9061 | Val Loss 0.2974 Acc 0.9130 AUC 0.9847 Pre 0.9144 Rec 0.9130
2026-09-01 18:28:39 |   Val AUC improved to 0.9847, model saved
2026-09-01 18:29:08 | Epoch   6/100 | Train Loss 0.3152 Acc 0.9094 | Val Loss 0.2793 Acc 0.9152 AUC 0.9858 Pre 0.9163 Rec 0.9152
2026-09-01 18:29:08 |   Val AUC improved to 0.9858, model saved
2026-09-01 18:29:36 | Epoch   7/100 | Train Loss 0.2961 Acc 0.9143 | Val Loss 0.2604 Acc 0.9191 AUC 0.9875 Pre 0.9191 Rec 0.9191
2026-09-01 18:29:36 |   Val AUC improved to 0.9875, model saved
2026-09-01 18:30:05 | Epoch   8/100 | Train Loss 0.2806 Acc 0.9188 | Val Loss 0.2552 Acc 0.9215 AUC 0.9880 Pre 0.9221 Rec 0.9215
2026-09-01 18:30:05 |   Val AUC improved to 0.9880, model saved
2026-09-01 18:30:34 | Epoch   9/100 | Train Loss 0.2670 Acc 0.9231 | Val Loss 0.2635 Acc 0.9213 AUC 0.9879 Pre 0.9215 Rec 0.9213
2026-09-01 18:31:02 | Epoch  10/100 | Train Loss 0.2558 Acc 0.9266 | Val Loss 0.2497 Acc 0.9232 AUC 0.9883 Pre 0.9235 Rec 0.9232
2026-09-01 18:31:02 |   Val AUC improved to 0.9883, model saved
2026-09-01 18:31:31 | Epoch  11/100 | Train Loss 0.2428 Acc 0.9307 | Val Loss 0.2512 Acc 0.9251 AUC 0.9881 Pre 0.9254 Rec 0.9251
2026-09-01 18:32:00 | Epoch  12/100 | Train Loss 0.2340 Acc 0.9328 | Val Loss 0.2487 Acc 0.9236 AUC 0.9880 Pre 0.9247 Rec 0.9236
2026-09-01 18:32:28 | Epoch  13/100 | Train Loss 0.2249 Acc 0.9349 | Val Loss 0.2446 Acc 0.9261 AUC 0.9885 Pre 0.9267 Rec 0.9261
2026-09-01 18:32:28 |   Val AUC improved to 0.9885, model saved
2026-09-01 18:32:57 | Epoch  14/100 | Train Loss 0.2108 Acc 0.9397 | Val Loss 0.2547 Acc 0.9226 AUC 0.9879 Pre 0.9224 Rec 0.9226
2026-09-01 18:33:26 | Epoch  15/100 | Train Loss 0.2065 Acc 0.9409 | Val Loss 0.2509 Acc 0.9231 AUC 0.9884 Pre 0.9235 Rec 0.9231
2026-09-01 18:33:54 | Epoch  16/100 | Train Loss 0.1898 Acc 0.9463 | Val Loss 0.2574 Acc 0.9201 AUC 0.9881 Pre 0.9223 Rec 0.9201
2026-09-01 18:34:23 | Epoch  17/100 | Train Loss 0.1810 Acc 0.9489 | Val Loss 0.2600 Acc 0.9230 AUC 0.9880 Pre 0.9243 Rec 0.9230
2026-09-01 18:34:51 | Epoch  18/100 | Train Loss 0.1688 Acc 0.9530 | Val Loss 0.2618 Acc 0.9244 AUC 0.9875 Pre 0.9242 Rec 0.9244
2026-09-01 18:35:19 | Epoch  19/100 | Train Loss 0.1627 Acc 0.9550 | Val Loss 0.2710 Acc 0.9233 AUC 0.9874 Pre 0.9234 Rec 0.9233
2026-09-01 18:35:48 | Epoch  20/100 | Train Loss 0.1451 Acc 0.9605 | Val Loss 0.2765 Acc 0.9247 AUC 0.9872 Pre 0.9248 Rec 0.9247
2026-09-01 18:36:16 | Epoch  21/100 | Train Loss 0.1408 Acc 0.9614 | Val Loss 0.2729 Acc 0.9233 AUC 0.9868 Pre 0.9241 Rec 0.9233
2026-09-01 18:36:45 | Epoch  22/100 | Train Loss 0.1307 Acc 0.9660 | Val Loss 0.2964 Acc 0.9223 AUC 0.9864 Pre 0.9220 Rec 0.9223
2026-09-01 18:37:12 | Epoch  23/100 | Train Loss 0.1180 Acc 0.9690 | Val Loss 0.3048 Acc 0.9210 AUC 0.9859 Pre 0.9214 Rec 0.9210
2026-09-01 18:37:12 | Val AUC did not improve for 10 consecutive epochs, early stopping at Epoch 23 (best AUC 0.9885 @ Epoch 13)
2026-09-01 18:37:17 | Run 2/5 | Test (best model @ Epoch 13) | Loss 0.2359 Acc 0.9288 AUC 0.9894 Pre 0.9293 Rec 0.9288
2026-09-01 18:37:17 | ===== Run 3/5 (seed 2) =====
2026-09-01 18:37:47 | Epoch   1/100 | Train Loss 0.9329 Acc 0.7375 | Val Loss 0.6611 Acc 0.8255 AUC 0.9454 Pre 0.8301 Rec 0.8255
2026-09-01 18:37:47 |   Val AUC improved to 0.9454, model saved
2026-09-01 18:38:16 | Epoch   2/100 | Train Loss 0.5032 Acc 0.8675 | Val Loss 0.3924 Acc 0.8898 AUC 0.9746 Pre 0.8901 Rec 0.8898
2026-09-01 18:38:16 |   Val AUC improved to 0.9746, model saved
2026-09-01 18:38:45 | Epoch   3/100 | Train Loss 0.4146 Acc 0.8859 | Val Loss 0.3381 Acc 0.9016 AUC 0.9801 Pre 0.9019 Rec 0.9016
2026-09-01 18:38:45 |   Val AUC improved to 0.9801, model saved
2026-09-01 18:39:13 | Epoch   4/100 | Train Loss 0.3638 Acc 0.8991 | Val Loss 0.3118 Acc 0.9071 AUC 0.9832 Pre 0.9072 Rec 0.9071
2026-09-01 18:39:13 |   Val AUC improved to 0.9832, model saved
2026-09-01 18:39:41 | Epoch   5/100 | Train Loss 0.3347 Acc 0.9055 | Val Loss 0.2939 Acc 0.9114 AUC 0.9850 Pre 0.9114 Rec 0.9114
2026-09-01 18:39:41 |   Val AUC improved to 0.9850, model saved
2026-09-01 18:40:09 | Epoch   6/100 | Train Loss 0.3145 Acc 0.9107 | Val Loss 0.2867 Acc 0.9129 AUC 0.9856 Pre 0.9134 Rec 0.9129
2026-09-01 18:40:09 |   Val AUC improved to 0.9856, model saved
2026-09-01 18:40:38 | Epoch   7/100 | Train Loss 0.2941 Acc 0.9160 | Val Loss 0.2807 Acc 0.9145 AUC 0.9866 Pre 0.9153 Rec 0.9145
2026-09-01 18:40:38 |   Val AUC improved to 0.9866, model saved
2026-09-01 18:41:05 | Epoch   8/100 | Train Loss 0.2724 Acc 0.9217 | Val Loss 0.2585 Acc 0.9197 AUC 0.9879 Pre 0.9201 Rec 0.9197
2026-09-01 18:41:05 |   Val AUC improved to 0.9879, model saved
2026-09-01 18:41:31 | Epoch   9/100 | Train Loss 0.2560 Acc 0.9265 | Val Loss 0.2557 Acc 0.9222 AUC 0.9884 Pre 0.9229 Rec 0.9222
2026-09-01 18:41:31 |   Val AUC improved to 0.9884, model saved
2026-09-01 18:41:58 | Epoch  10/100 | Train Loss 0.2414 Acc 0.9311 | Val Loss 0.2540 Acc 0.9238 AUC 0.9882 Pre 0.9238 Rec 0.9238
2026-09-01 18:42:27 | Epoch  11/100 | Train Loss 0.2283 Acc 0.9357 | Val Loss 0.2526 Acc 0.9212 AUC 0.9886 Pre 0.9222 Rec 0.9212
2026-09-01 18:42:27 |   Val AUC improved to 0.9886, model saved
2026-09-01 18:42:55 | Epoch  12/100 | Train Loss 0.2182 Acc 0.9384 | Val Loss 0.2533 Acc 0.9263 AUC 0.9886 Pre 0.9272 Rec 0.9263
2026-09-01 18:43:23 | Epoch  13/100 | Train Loss 0.2057 Acc 0.9427 | Val Loss 0.2788 Acc 0.9198 AUC 0.9876 Pre 0.9202 Rec 0.9198
2026-09-01 18:43:52 | Epoch  14/100 | Train Loss 0.1885 Acc 0.9477 | Val Loss 0.2692 Acc 0.9234 AUC 0.9875 Pre 0.9242 Rec 0.9234
2026-09-01 18:44:21 | Epoch  15/100 | Train Loss 0.1765 Acc 0.9516 | Val Loss 0.2785 Acc 0.9234 AUC 0.9877 Pre 0.9261 Rec 0.9234
2026-09-01 18:44:50 | Epoch  16/100 | Train Loss 0.1668 Acc 0.9540 | Val Loss 0.2651 Acc 0.9261 AUC 0.9876 Pre 0.9262 Rec 0.9261
2026-09-01 18:45:19 | Epoch  17/100 | Train Loss 0.1542 Acc 0.9593 | Val Loss 0.2775 Acc 0.9264 AUC 0.9880 Pre 0.9268 Rec 0.9264
2026-09-01 18:45:47 | Epoch  18/100 | Train Loss 0.1377 Acc 0.9644 | Val Loss 0.2819 Acc 0.9230 AUC 0.9872 Pre 0.9234 Rec 0.9230
2026-09-01 18:46:15 | Epoch  19/100 | Train Loss 0.1320 Acc 0.9658 | Val Loss 0.2948 Acc 0.9232 AUC 0.9870 Pre 0.9234 Rec 0.9232
2026-09-01 18:46:44 | Epoch  20/100 | Train Loss 0.1182 Acc 0.9700 | Val Loss 0.3001 Acc 0.9241 AUC 0.9868 Pre 0.9246 Rec 0.9241
2026-09-01 18:47:12 | Epoch  21/100 | Train Loss 0.1112 Acc 0.9718 | Val Loss 0.2990 Acc 0.9210 AUC 0.9859 Pre 0.9206 Rec 0.9210
2026-09-01 18:47:12 | Val AUC did not improve for 10 consecutive epochs, early stopping at Epoch 21 (best AUC 0.9886 @ Epoch 11)
2026-09-01 18:47:18 | Run 3/5 | Test (best model @ Epoch 11) | Loss 0.2476 Acc 0.9237 AUC 0.9893 Pre 0.9247 Rec 0.9237
2026-09-01 18:47:18 | ===== Run 4/5 (seed 3) =====
2026-09-01 18:47:48 | Epoch   1/100 | Train Loss 0.7396 Acc 0.7962 | Val Loss 0.4288 Acc 0.8816 AUC 0.9684 Pre 0.8833 Rec 0.8816
2026-09-01 18:47:48 |   Val AUC improved to 0.9684, model saved
2026-09-01 18:48:14 | Epoch   2/100 | Train Loss 0.4614 Acc 0.8780 | Val Loss 0.3750 Acc 0.8942 AUC 0.9764 Pre 0.8943 Rec 0.8942
2026-09-01 18:48:14 |   Val AUC improved to 0.9764, model saved
2026-09-01 18:48:44 | Epoch   3/100 | Train Loss 0.3964 Acc 0.8910 | Val Loss 0.3412 Acc 0.9009 AUC 0.9808 Pre 0.9027 Rec 0.9009
2026-09-01 18:48:44 |   Val AUC improved to 0.9808, model saved
2026-09-01 18:49:12 | Epoch   4/100 | Train Loss 0.3531 Acc 0.9008 | Val Loss 0.3266 Acc 0.8994 AUC 0.9836 Pre 0.9021 Rec 0.8994
2026-09-01 18:49:12 |   Val AUC improved to 0.9836, model saved
2026-09-01 18:49:41 | Epoch   5/100 | Train Loss 0.3262 Acc 0.9062 | Val Loss 0.2894 Acc 0.9119 AUC 0.9860 Pre 0.9126 Rec 0.9119
2026-09-01 18:49:41 |   Val AUC improved to 0.9860, model saved
2026-09-01 18:50:08 | Epoch   6/100 | Train Loss 0.3040 Acc 0.9125 | Val Loss 0.2757 Acc 0.9144 AUC 0.9865 Pre 0.9158 Rec 0.9144
2026-09-01 18:50:08 |   Val AUC improved to 0.9865, model saved
2026-09-01 18:50:37 | Epoch   7/100 | Train Loss 0.2856 Acc 0.9179 | Val Loss 0.2700 Acc 0.9166 AUC 0.9871 Pre 0.9171 Rec 0.9166
2026-09-01 18:50:37 |   Val AUC improved to 0.9871, model saved
2026-09-01 18:51:05 | Epoch   8/100 | Train Loss 0.2686 Acc 0.9231 | Val Loss 0.2646 Acc 0.9193 AUC 0.9881 Pre 0.9207 Rec 0.9193
2026-09-01 18:51:05 |   Val AUC improved to 0.9881, model saved
2026-09-01 18:51:33 | Epoch   9/100 | Train Loss 0.2482 Acc 0.9297 | Val Loss 0.2592 Acc 0.9191 AUC 0.9882 Pre 0.9203 Rec 0.9191
2026-09-01 18:51:33 |   Val AUC improved to 0.9882, model saved
2026-09-01 18:52:01 | Epoch  10/100 | Train Loss 0.2390 Acc 0.9316 | Val Loss 0.2577 Acc 0.9230 AUC 0.9878 Pre 0.9232 Rec 0.9230
2026-09-01 18:52:30 | Epoch  11/100 | Train Loss 0.2259 Acc 0.9366 | Val Loss 0.2545 Acc 0.9238 AUC 0.9880 Pre 0.9238 Rec 0.9238
2026-09-01 18:52:58 | Epoch  12/100 | Train Loss 0.2060 Acc 0.9426 | Val Loss 0.2637 Acc 0.9235 AUC 0.9882 Pre 0.9235 Rec 0.9235
2026-09-01 18:52:58 |   Val AUC improved to 0.9882, model saved
2026-09-01 18:53:27 | Epoch  13/100 | Train Loss 0.2004 Acc 0.9448 | Val Loss 0.2654 Acc 0.9246 AUC 0.9882 Pre 0.9247 Rec 0.9246
2026-09-01 18:53:56 | Epoch  14/100 | Train Loss 0.1817 Acc 0.9508 | Val Loss 0.2657 Acc 0.9235 AUC 0.9875 Pre 0.9234 Rec 0.9235
2026-09-01 18:54:26 | Epoch  15/100 | Train Loss 0.1728 Acc 0.9537 | Val Loss 0.2776 Acc 0.9238 AUC 0.9874 Pre 0.9247 Rec 0.9238
2026-09-01 18:54:55 | Epoch  16/100 | Train Loss 0.1581 Acc 0.9589 | Val Loss 0.2730 Acc 0.9239 AUC 0.9875 Pre 0.9239 Rec 0.9239
2026-09-01 18:55:24 | Epoch  17/100 | Train Loss 0.1467 Acc 0.9620 | Val Loss 0.2787 Acc 0.9252 AUC 0.9874 Pre 0.9254 Rec 0.9252
2026-09-01 18:55:54 | Epoch  18/100 | Train Loss 0.1325 Acc 0.9670 | Val Loss 0.3022 Acc 0.9213 AUC 0.9862 Pre 0.9215 Rec 0.9213
2026-09-01 18:56:23 | Epoch  19/100 | Train Loss 0.1167 Acc 0.9718 | Val Loss 0.3139 Acc 0.9234 AUC 0.9861 Pre 0.9235 Rec 0.9234
2026-09-01 18:56:51 | Epoch  20/100 | Train Loss 0.1129 Acc 0.9725 | Val Loss 0.3085 Acc 0.9226 AUC 0.9862 Pre 0.9226 Rec 0.9226
2026-09-01 18:57:19 | Epoch  21/100 | Train Loss 0.1039 Acc 0.9756 | Val Loss 0.3074 Acc 0.9229 AUC 0.9857 Pre 0.9238 Rec 0.9229
2026-09-01 18:57:48 | Epoch  22/100 | Train Loss 0.0923 Acc 0.9792 | Val Loss 0.3259 Acc 0.9238 AUC 0.9858 Pre 0.9236 Rec 0.9238
2026-09-01 18:57:48 | Val AUC did not improve for 10 consecutive epochs, early stopping at Epoch 22 (best AUC 0.9882 @ Epoch 12)
2026-09-01 18:57:53 | Run 4/5 | Test (best model @ Epoch 12) | Loss 0.2523 Acc 0.9268 AUC 0.9890 Pre 0.9268 Rec 0.9268
2026-09-01 18:57:53 | ===== Run 5/5 (seed 4) =====
2026-09-01 18:58:20 | Epoch   1/100 | Train Loss 1.0121 Acc 0.6824 | Val Loss 0.5800 Acc 0.8123 AUC 0.9552 Pre 0.8489 Rec 0.8123
2026-09-01 18:58:20 |   Val AUC improved to 0.9552, model saved
2026-09-01 18:58:50 | Epoch   2/100 | Train Loss 0.5042 Acc 0.8614 | Val Loss 0.3812 Acc 0.8900 AUC 0.9763 Pre 0.8921 Rec 0.8900
2026-09-01 18:58:50 |   Val AUC improved to 0.9763, model saved
2026-09-01 18:59:19 | Epoch   3/100 | Train Loss 0.3982 Acc 0.8885 | Val Loss 0.3332 Acc 0.8980 AUC 0.9807 Pre 0.8996 Rec 0.8980
2026-09-01 18:59:19 |   Val AUC improved to 0.9807, model saved
2026-09-01 18:59:47 | Epoch   4/100 | Train Loss 0.3572 Acc 0.9015 | Val Loss 0.3189 Acc 0.9060 AUC 0.9819 Pre 0.9068 Rec 0.9060
2026-09-01 18:59:47 |   Val AUC improved to 0.9819, model saved
2026-09-01 19:00:16 | Epoch   5/100 | Train Loss 0.3401 Acc 0.9052 | Val Loss 0.2967 Acc 0.9097 AUC 0.9840 Pre 0.9103 Rec 0.9097
2026-09-01 19:00:16 |   Val AUC improved to 0.9840, model saved
2026-09-01 19:00:41 | Epoch   6/100 | Train Loss 0.3175 Acc 0.9100 | Val Loss 0.2877 Acc 0.9141 AUC 0.9857 Pre 0.9151 Rec 0.9141
2026-09-01 19:00:41 |   Val AUC improved to 0.9857, model saved
2026-09-01 19:01:09 | Epoch   7/100 | Train Loss 0.2972 Acc 0.9147 | Val Loss 0.2791 Acc 0.9162 AUC 0.9864 Pre 0.9158 Rec 0.9162
2026-09-01 19:01:09 |   Val AUC improved to 0.9864, model saved
2026-09-01 19:01:38 | Epoch   8/100 | Train Loss 0.2759 Acc 0.9206 | Val Loss 0.2648 Acc 0.9162 AUC 0.9875 Pre 0.9190 Rec 0.9162
2026-09-01 19:01:38 |   Val AUC improved to 0.9875, model saved
2026-09-01 19:02:06 | Epoch   9/100 | Train Loss 0.2614 Acc 0.9256 | Val Loss 0.2535 Acc 0.9218 AUC 0.9879 Pre 0.9222 Rec 0.9218
2026-09-01 19:02:06 |   Val AUC improved to 0.9879, model saved
2026-09-01 19:02:34 | Epoch  10/100 | Train Loss 0.2481 Acc 0.9300 | Val Loss 0.2549 Acc 0.9220 AUC 0.9876 Pre 0.9221 Rec 0.9220
2026-09-01 19:03:03 | Epoch  11/100 | Train Loss 0.2364 Acc 0.9330 | Val Loss 0.2509 Acc 0.9233 AUC 0.9881 Pre 0.9244 Rec 0.9233
2026-09-01 19:03:03 |   Val AUC improved to 0.9881, model saved
2026-09-01 19:03:32 | Epoch  12/100 | Train Loss 0.2248 Acc 0.9370 | Val Loss 0.2570 Acc 0.9232 AUC 0.9882 Pre 0.9235 Rec 0.9232
2026-09-01 19:03:32 |   Val AUC improved to 0.9882, model saved
2026-09-01 19:04:01 | Epoch  13/100 | Train Loss 0.2110 Acc 0.9413 | Val Loss 0.2605 Acc 0.9232 AUC 0.9881 Pre 0.9242 Rec 0.9232
2026-09-01 19:04:29 | Epoch  14/100 | Train Loss 0.2014 Acc 0.9445 | Val Loss 0.2513 Acc 0.9255 AUC 0.9885 Pre 0.9267 Rec 0.9255
2026-09-01 19:04:29 |   Val AUC improved to 0.9885, model saved
2026-09-01 19:04:57 | Epoch  15/100 | Train Loss 0.1843 Acc 0.9496 | Val Loss 0.2598 Acc 0.9245 AUC 0.9884 Pre 0.9253 Rec 0.9245
2026-09-01 19:05:25 | Epoch  16/100 | Train Loss 0.1744 Acc 0.9520 | Val Loss 0.2633 Acc 0.9244 AUC 0.9879 Pre 0.9247 Rec 0.9244
2026-09-01 19:05:53 | Epoch  17/100 | Train Loss 0.1618 Acc 0.9573 | Val Loss 0.2810 Acc 0.9232 AUC 0.9865 Pre 0.9234 Rec 0.9232
2026-09-01 19:06:22 | Epoch  18/100 | Train Loss 0.1471 Acc 0.9616 | Val Loss 0.2713 Acc 0.9238 AUC 0.9868 Pre 0.9245 Rec 0.9238
2026-09-01 19:06:51 | Epoch  19/100 | Train Loss 0.1388 Acc 0.9648 | Val Loss 0.2872 Acc 0.9243 AUC 0.9868 Pre 0.9248 Rec 0.9243
2026-09-01 19:07:20 | Epoch  20/100 | Train Loss 0.1294 Acc 0.9678 | Val Loss 0.2946 Acc 0.9251 AUC 0.9864 Pre 0.9249 Rec 0.9251
2026-09-01 19:07:49 | Epoch  21/100 | Train Loss 0.1168 Acc 0.9712 | Val Loss 0.3044 Acc 0.9217 AUC 0.9856 Pre 0.9219 Rec 0.9217
2026-09-01 19:08:17 | Epoch  22/100 | Train Loss 0.1033 Acc 0.9761 | Val Loss 0.3237 Acc 0.9241 AUC 0.9855 Pre 0.9239 Rec 0.9241
2026-09-01 19:08:46 | Epoch  23/100 | Train Loss 0.1010 Acc 0.9762 | Val Loss 0.3199 Acc 0.9194 AUC 0.9847 Pre 0.9199 Rec 0.9194
2026-09-01 19:09:16 | Epoch  24/100 | Train Loss 0.0940 Acc 0.9789 | Val Loss 0.3279 Acc 0.9208 AUC 0.9857 Pre 0.9210 Rec 0.9208
2026-09-01 19:09:16 | Val AUC did not improve for 10 consecutive epochs, early stopping at Epoch 24 (best AUC 0.9885 @ Epoch 14)
2026-09-01 19:09:21 | Run 5/5 | Test (best model @ Epoch 14) | Loss 0.2433 Acc 0.9273 AUC 0.9896 Pre 0.9284 Rec 0.9273
2026-09-01 19:09:21 | Average over 5 runs | Test Loss 0.2435±0.0067 Acc 0.9273±0.0023 AUC 0.9895±0.0004 Pre 0.9279±0.0022 Rec 0.9273±0.0023
