2026-08-26 21:09:54 | Device: cuda
2026-08-26 21:09:54 | Args: {'model': 'fgib', 'backbone': 'mlp', 'task': 'housing', 'epochs': 100, 'batch_size': 512, 'lr': 0.001, 'hidden_dims': [512, 256], 'dropout': 0.2, 'z_dim': 256, 'anchor_scale': 8.0, 'max_len': 250, 'random_labels': False, 'beta': 1.0, 'patience': 10, 'runs': 5, 'seed': 0, 'data_dir': './data', 'save_path': 'output/california_mlp_fgib/california_mlp_fgib.pt', 'log_path': '/root/autodl-tmp/FGIB/tune_results/california_mlp_fgib_beta_1_anchor_8/train.log', 'no_save': True}
2026-08-26 21:09:54 | ===== Run 1/5 (seed 0) =====
2026-08-26 21:09:55 | Epoch   1/100 | Train Loss 25.7666 | Val Loss 20.8023 MAE 0.6766 R2 0.2200
2026-08-26 21:09:55 |   Val R2 improved to 0.2200, model saved
2026-08-26 21:09:56 | Epoch   2/100 | Train Loss 20.0944 | Val Loss 18.2412 MAE 0.5199 R2 0.5863
2026-08-26 21:09:56 |   Val R2 improved to 0.5863, model saved
2026-08-26 21:09:56 | Epoch   3/100 | Train Loss 18.5777 | Val Loss 17.3770 MAE 0.4852 R2 0.6646
2026-08-26 21:09:56 |   Val R2 improved to 0.6646, model saved
2026-08-26 21:09:56 | Epoch   4/100 | Train Loss 17.9094 | Val Loss 16.9378 MAE 0.4726 R2 0.6622
2026-08-26 21:09:56 | Epoch   5/100 | Train Loss 17.4527 | Val Loss 16.5803 MAE 0.4558 R2 0.6999
2026-08-26 21:09:57 |   Val R2 improved to 0.6999, model saved
2026-08-26 21:09:57 | Epoch   6/100 | Train Loss 17.0337 | Val Loss 16.1476 MAE 0.4425 R2 0.7049
2026-08-26 21:09:57 |   Val R2 improved to 0.7049, model saved
2026-08-26 21:09:57 | Epoch   7/100 | Train Loss 16.6596 | Val Loss 15.8861 MAE 0.4316 R2 0.7164
2026-08-26 21:09:57 |   Val R2 improved to 0.7164, model saved
2026-08-26 21:09:58 | Epoch   8/100 | Train Loss 16.4338 | Val Loss 15.6587 MAE 0.4413 R2 0.7281
2026-08-26 21:09:58 |   Val R2 improved to 0.7281, model saved
2026-08-26 21:09:58 | Epoch   9/100 | Train Loss 16.2776 | Val Loss 15.4736 MAE 0.4321 R2 0.7332
2026-08-26 21:09:58 |   Val R2 improved to 0.7332, model saved
2026-08-26 21:09:58 | Epoch  10/100 | Train Loss 16.0281 | Val Loss 15.2870 MAE 0.4210 R2 0.7447
2026-08-26 21:09:58 |   Val R2 improved to 0.7447, model saved
2026-08-26 21:09:59 | Epoch  11/100 | Train Loss 15.8332 | Val Loss 15.1804 MAE 0.4091 R2 0.7428
2026-08-26 21:09:59 | Epoch  12/100 | Train Loss 15.6828 | Val Loss 15.0264 MAE 0.4117 R2 0.7486
2026-08-26 21:09:59 |   Val R2 improved to 0.7486, model saved
2026-08-26 21:10:00 | Epoch  13/100 | Train Loss 15.5558 | Val Loss 14.9808 MAE 0.4031 R2 0.7494
2026-08-26 21:10:00 |   Val R2 improved to 0.7494, model saved
2026-08-26 21:10:00 | Epoch  14/100 | Train Loss 15.4040 | Val Loss 14.7990 MAE 0.4029 R2 0.7571
2026-08-26 21:10:00 |   Val R2 improved to 0.7571, model saved
2026-08-26 21:10:00 | Epoch  15/100 | Train Loss 15.2283 | Val Loss 14.6945 MAE 0.3988 R2 0.7569
2026-08-26 21:10:01 | Epoch  16/100 | Train Loss 15.1245 | Val Loss 14.6785 MAE 0.4062 R2 0.7581
2026-08-26 21:10:01 |   Val R2 improved to 0.7581, model saved
2026-08-26 21:10:01 | Epoch  17/100 | Train Loss 15.0431 | Val Loss 14.5695 MAE 0.3962 R2 0.7557
2026-08-26 21:10:01 | Epoch  18/100 | Train Loss 14.8957 | Val Loss 14.5750 MAE 0.3966 R2 0.7572
2026-08-26 21:10:02 | Epoch  19/100 | Train Loss 14.9310 | Val Loss 14.5187 MAE 0.4008 R2 0.7635
2026-08-26 21:10:02 |   Val R2 improved to 0.7635, model saved
2026-08-26 21:10:02 | Epoch  20/100 | Train Loss 14.7891 | Val Loss 14.4185 MAE 0.4059 R2 0.7408
2026-08-26 21:10:02 | Epoch  21/100 | Train Loss 14.7322 | Val Loss 14.2932 MAE 0.3953 R2 0.7633
2026-08-26 21:10:03 | Epoch  22/100 | Train Loss 14.6313 | Val Loss 14.3063 MAE 0.3948 R2 0.7658
2026-08-26 21:10:03 |   Val R2 improved to 0.7658, model saved
2026-08-26 21:10:03 | Epoch  23/100 | Train Loss 14.5216 | Val Loss 14.2446 MAE 0.3846 R2 0.7675
2026-08-26 21:10:03 |   Val R2 improved to 0.7675, model saved
2026-08-26 21:10:03 | Epoch  24/100 | Train Loss 14.4783 | Val Loss 14.1887 MAE 0.3952 R2 0.7679
2026-08-26 21:10:03 |   Val R2 improved to 0.7679, model saved
2026-08-26 21:10:04 | Epoch  25/100 | Train Loss 14.3814 | Val Loss 14.1912 MAE 0.3874 R2 0.7625
2026-08-26 21:10:04 | Epoch  26/100 | Train Loss 14.3562 | Val Loss 14.1364 MAE 0.3900 R2 0.7654
2026-08-26 21:10:04 | Epoch  27/100 | Train Loss 14.3246 | Val Loss 14.1451 MAE 0.3819 R2 0.7699
2026-08-26 21:10:04 |   Val R2 improved to 0.7699, model saved
2026-08-26 21:10:05 | Epoch  28/100 | Train Loss 14.2603 | Val Loss 14.0519 MAE 0.3812 R2 0.7717
2026-08-26 21:10:05 |   Val R2 improved to 0.7717, model saved
2026-08-26 21:10:05 | Epoch  29/100 | Train Loss 14.1887 | Val Loss 13.9418 MAE 0.3848 R2 0.7633
2026-08-26 21:10:05 | Epoch  30/100 | Train Loss 14.1911 | Val Loss 13.9466 MAE 0.3860 R2 0.7574
2026-08-26 21:10:05 | Epoch  31/100 | Train Loss 14.1020 | Val Loss 13.9200 MAE 0.3766 R2 0.7736
2026-08-26 21:10:05 |   Val R2 improved to 0.7736, model saved
2026-08-26 21:10:06 | Epoch  32/100 | Train Loss 14.0219 | Val Loss 13.8764 MAE 0.3755 R2 0.7708
2026-08-26 21:10:06 | Epoch  33/100 | Train Loss 14.0306 | Val Loss 13.8359 MAE 0.3821 R2 0.7750
2026-08-26 21:10:06 |   Val R2 improved to 0.7750, model saved
2026-08-26 21:10:06 | Epoch  34/100 | Train Loss 14.0139 | Val Loss 13.8222 MAE 0.3784 R2 0.7763
2026-08-26 21:10:06 |   Val R2 improved to 0.7763, model saved
2026-08-26 21:10:06 | Epoch  35/100 | Train Loss 13.9142 | Val Loss 13.8597 MAE 0.3751 R2 0.7746
2026-08-26 21:10:07 | Epoch  36/100 | Train Loss 13.8681 | Val Loss 13.8038 MAE 0.3721 R2 0.7795
2026-08-26 21:10:07 |   Val R2 improved to 0.7795, model saved
2026-08-26 21:10:07 | Epoch  37/100 | Train Loss 13.8412 | Val Loss 13.7144 MAE 0.3711 R2 0.7808
2026-08-26 21:10:07 |   Val R2 improved to 0.7808, model saved
2026-08-26 21:10:07 | Epoch  38/100 | Train Loss 13.8302 | Val Loss 13.7983 MAE 0.3715 R2 0.7731
2026-08-26 21:10:08 | Epoch  39/100 | Train Loss 13.7844 | Val Loss 13.7946 MAE 0.3773 R2 0.7710
2026-08-26 21:10:08 | Epoch  40/100 | Train Loss 13.7032 | Val Loss 13.7030 MAE 0.3714 R2 0.7794
2026-08-26 21:10:08 | Epoch  41/100 | Train Loss 13.6927 | Val Loss 13.6209 MAE 0.3675 R2 0.7834
2026-08-26 21:10:08 |   Val R2 improved to 0.7834, model saved
2026-08-26 21:10:08 | Epoch  42/100 | Train Loss 13.6852 | Val Loss 13.6205 MAE 0.3714 R2 0.7743
2026-08-26 21:10:09 | Epoch  43/100 | Train Loss 13.6273 | Val Loss 13.5884 MAE 0.3663 R2 0.7841
2026-08-26 21:10:09 |   Val R2 improved to 0.7841, model saved
2026-08-26 21:10:09 | Epoch  44/100 | Train Loss 13.5744 | Val Loss 13.5739 MAE 0.3783 R2 0.7818
2026-08-26 21:10:09 | Epoch  45/100 | Train Loss 13.5534 | Val Loss 13.6036 MAE 0.3712 R2 0.7766
2026-08-26 21:10:09 | Epoch  46/100 | Train Loss 13.5299 | Val Loss 13.5195 MAE 0.3638 R2 0.7867
2026-08-26 21:10:09 |   Val R2 improved to 0.7867, model saved
2026-08-26 21:10:10 | Epoch  47/100 | Train Loss 13.4979 | Val Loss 13.5479 MAE 0.3764 R2 0.7815
2026-08-26 21:10:10 | Epoch  48/100 | Train Loss 13.4222 | Val Loss 13.5011 MAE 0.3668 R2 0.7873
2026-08-26 21:10:10 |   Val R2 improved to 0.7873, model saved
2026-08-26 21:10:10 | Epoch  49/100 | Train Loss 13.4674 | Val Loss 13.5129 MAE 0.3675 R2 0.7860
2026-08-26 21:10:11 | Epoch  50/100 | Train Loss 13.4612 | Val Loss 13.4948 MAE 0.3718 R2 0.7788
2026-08-26 21:10:11 | Epoch  51/100 | Train Loss 13.3883 | Val Loss 13.5264 MAE 0.3628 R2 0.7864
2026-08-26 21:10:11 | Epoch  52/100 | Train Loss 13.4235 | Val Loss 13.4450 MAE 0.3631 R2 0.7891
2026-08-26 21:10:11 |   Val R2 improved to 0.7891, model saved
2026-08-26 21:10:12 | Epoch  53/100 | Train Loss 13.3145 | Val Loss 13.3942 MAE 0.3719 R2 0.7859
2026-08-26 21:10:12 | Epoch  54/100 | Train Loss 13.2694 | Val Loss 13.3966 MAE 0.3648 R2 0.7905
2026-08-26 21:10:12 |   Val R2 improved to 0.7905, model saved
2026-08-26 21:10:12 | Epoch  55/100 | Train Loss 13.3302 | Val Loss 13.4189 MAE 0.3740 R2 0.7865
2026-08-26 21:10:13 | Epoch  56/100 | Train Loss 13.2617 | Val Loss 13.3807 MAE 0.3662 R2 0.7909
2026-08-26 21:10:13 |   Val R2 improved to 0.7909, model saved
2026-08-26 21:10:13 | Epoch  57/100 | Train Loss 13.2789 | Val Loss 13.3530 MAE 0.3588 R2 0.7907
2026-08-26 21:10:14 | Epoch  58/100 | Train Loss 13.2366 | Val Loss 13.4188 MAE 0.3604 R2 0.7845
2026-08-26 21:10:14 | Epoch  59/100 | Train Loss 13.2310 | Val Loss 13.2974 MAE 0.3576 R2 0.7909
2026-08-26 21:10:14 | Epoch  60/100 | Train Loss 13.1871 | Val Loss 13.2490 MAE 0.3596 R2 0.7893
2026-08-26 21:10:15 | Epoch  61/100 | Train Loss 13.0987 | Val Loss 13.2508 MAE 0.3640 R2 0.7930
2026-08-26 21:10:15 |   Val R2 improved to 0.7930, model saved
2026-08-26 21:10:15 | Epoch  62/100 | Train Loss 13.1150 | Val Loss 13.2516 MAE 0.3634 R2 0.7937
2026-08-26 21:10:15 |   Val R2 improved to 0.7937, model saved
2026-08-26 21:10:16 | Epoch  63/100 | Train Loss 13.1129 | Val Loss 13.2901 MAE 0.3611 R2 0.7923
2026-08-26 21:10:16 | Epoch  64/100 | Train Loss 13.0825 | Val Loss 13.1867 MAE 0.3582 R2 0.7937
2026-08-26 21:10:16 |   Val R2 improved to 0.7937, model saved
2026-08-26 21:10:16 | Epoch  65/100 | Train Loss 13.0172 | Val Loss 13.2088 MAE 0.3639 R2 0.7948
2026-08-26 21:10:16 |   Val R2 improved to 0.7948, model saved
2026-08-26 21:10:17 | Epoch  66/100 | Train Loss 13.0089 | Val Loss 13.2157 MAE 0.3581 R2 0.7951
2026-08-26 21:10:17 |   Val R2 improved to 0.7951, model saved
2026-08-26 21:10:17 | Epoch  67/100 | Train Loss 13.0418 | Val Loss 13.1615 MAE 0.3571 R2 0.7953
2026-08-26 21:10:17 |   Val R2 improved to 0.7953, model saved
2026-08-26 21:10:18 | Epoch  68/100 | Train Loss 12.9932 | Val Loss 13.1807 MAE 0.3569 R2 0.7926
2026-08-26 21:10:18 | Epoch  69/100 | Train Loss 13.0111 | Val Loss 13.1081 MAE 0.3583 R2 0.7960
2026-08-26 21:10:18 |   Val R2 improved to 0.7960, model saved
2026-08-26 21:10:18 | Epoch  70/100 | Train Loss 12.9220 | Val Loss 13.1712 MAE 0.3561 R2 0.7948
2026-08-26 21:10:19 | Epoch  71/100 | Train Loss 12.9106 | Val Loss 13.1509 MAE 0.3623 R2 0.7935
2026-08-26 21:10:19 | Epoch  72/100 | Train Loss 12.9435 | Val Loss 13.0708 MAE 0.3555 R2 0.7980
2026-08-26 21:10:19 |   Val R2 improved to 0.7980, model saved
2026-08-26 21:10:19 | Epoch  73/100 | Train Loss 12.9022 | Val Loss 13.0860 MAE 0.3683 R2 0.7962
2026-08-26 21:10:19 | Epoch  74/100 | Train Loss 12.8510 | Val Loss 13.1052 MAE 0.3566 R2 0.7971
2026-08-26 21:10:20 | Epoch  75/100 | Train Loss 12.8596 | Val Loss 13.0570 MAE 0.3526 R2 0.7984
2026-08-26 21:10:20 |   Val R2 improved to 0.7984, model saved
2026-08-26 21:10:20 | Epoch  76/100 | Train Loss 12.8343 | Val Loss 13.0411 MAE 0.3567 R2 0.7934
2026-08-26 21:10:20 | Epoch  77/100 | Train Loss 12.8098 | Val Loss 13.3464 MAE 0.3598 R2 0.7992
2026-08-26 21:10:20 |   Val R2 improved to 0.7992, model saved
2026-08-26 21:10:20 | Epoch  78/100 | Train Loss 12.8419 | Val Loss 12.9853 MAE 0.3516 R2 0.8008
2026-08-26 21:10:20 |   Val R2 improved to 0.8008, model saved
2026-08-26 21:10:21 | Epoch  79/100 | Train Loss 12.8099 | Val Loss 12.9959 MAE 0.3509 R2 0.8017
2026-08-26 21:10:21 |   Val R2 improved to 0.8017, model saved
2026-08-26 21:10:21 | Epoch  80/100 | Train Loss 12.7794 | Val Loss 13.0454 MAE 0.3561 R2 0.8011
2026-08-26 21:10:21 | Epoch  81/100 | Train Loss 12.7040 | Val Loss 13.0119 MAE 0.3610 R2 0.7996
2026-08-26 21:10:22 | Epoch  82/100 | Train Loss 12.7170 | Val Loss 13.0030 MAE 0.3557 R2 0.7983
2026-08-26 21:10:22 | Epoch  83/100 | Train Loss 12.6853 | Val Loss 12.9502 MAE 0.3551 R2 0.8018
2026-08-26 21:10:22 |   Val R2 improved to 0.8018, model saved
2026-08-26 21:10:23 | Epoch  84/100 | Train Loss 12.7022 | Val Loss 12.9883 MAE 0.3568 R2 0.7986
2026-08-26 21:10:23 | Epoch  85/100 | Train Loss 12.6417 | Val Loss 12.9834 MAE 0.3597 R2 0.7998
2026-08-26 21:10:24 | Epoch  86/100 | Train Loss 12.6514 | Val Loss 12.9314 MAE 0.3568 R2 0.8024
2026-08-26 21:10:24 |   Val R2 improved to 0.8024, model saved
2026-08-26 21:10:24 | Epoch  87/100 | Train Loss 12.5962 | Val Loss 12.9783 MAE 0.3545 R2 0.7981
2026-08-26 21:10:24 | Epoch  88/100 | Train Loss 12.6262 | Val Loss 12.9816 MAE 0.3679 R2 0.7957
2026-08-26 21:10:24 | Epoch  89/100 | Train Loss 12.6039 | Val Loss 12.9970 MAE 0.3617 R2 0.7986
2026-08-26 21:10:25 | Epoch  90/100 | Train Loss 12.6324 | Val Loss 12.9623 MAE 0.3558 R2 0.7950
2026-08-26 21:10:25 | Epoch  91/100 | Train Loss 12.6258 | Val Loss 12.9351 MAE 0.3508 R2 0.8028
2026-08-26 21:10:25 |   Val R2 improved to 0.8028, model saved
2026-08-26 21:10:26 | Epoch  92/100 | Train Loss 12.5936 | Val Loss 12.9446 MAE 0.3560 R2 0.8019
2026-08-26 21:10:26 | Epoch  93/100 | Train Loss 12.5298 | Val Loss 12.8893 MAE 0.3525 R2 0.8036
2026-08-26 21:10:26 |   Val R2 improved to 0.8036, model saved
2026-08-26 21:10:26 | Epoch  94/100 | Train Loss 12.5234 | Val Loss 12.8976 MAE 0.3643 R2 0.7992
2026-08-26 21:10:27 | Epoch  95/100 | Train Loss 12.4844 | Val Loss 12.8407 MAE 0.3569 R2 0.8030
2026-08-26 21:10:27 | Epoch  96/100 | Train Loss 12.4784 | Val Loss 12.8342 MAE 0.3526 R2 0.8022
2026-08-26 21:10:27 | Epoch  97/100 | Train Loss 12.4490 | Val Loss 12.8161 MAE 0.3499 R2 0.8055
2026-08-26 21:10:27 |   Val R2 improved to 0.8055, model saved
2026-08-26 21:10:28 | Epoch  98/100 | Train Loss 12.4822 | Val Loss 12.8507 MAE 0.3489 R2 0.8032
2026-08-26 21:10:28 | Epoch  99/100 | Train Loss 12.4601 | Val Loss 12.8178 MAE 0.3543 R2 0.8042
2026-08-26 21:10:28 | Epoch 100/100 | Train Loss 12.4903 | Val Loss 12.8511 MAE 0.3522 R2 0.8020
2026-08-26 21:10:28 | Run 1/5 | Test (best model @ Epoch 97) | Loss 12.9621 MAE 0.3481 R2 0.7953
2026-08-26 21:10:28 | ===== Run 2/5 (seed 1) =====
2026-08-26 21:10:28 | Epoch   1/100 | Train Loss 25.2257 | Val Loss 20.1885 MAE 0.5911 R2 0.4475
2026-08-26 21:10:28 |   Val R2 improved to 0.4475, model saved
2026-08-26 21:10:29 | Epoch   2/100 | Train Loss 19.8512 | Val Loss 18.1781 MAE 0.5429 R2 0.5407
2026-08-26 21:10:29 |   Val R2 improved to 0.5407, model saved
2026-08-26 21:10:29 | Epoch   3/100 | Train Loss 18.5187 | Val Loss 17.2061 MAE 0.5013 R2 0.6310
2026-08-26 21:10:29 |   Val R2 improved to 0.6310, model saved
2026-08-26 21:10:29 | Epoch   4/100 | Train Loss 17.7626 | Val Loss 16.7023 MAE 0.4853 R2 0.6444
2026-08-26 21:10:29 |   Val R2 improved to 0.6444, model saved
2026-08-26 21:10:29 | Epoch   5/100 | Train Loss 17.3279 | Val Loss 16.2675 MAE 0.4523 R2 0.6949
2026-08-26 21:10:29 |   Val R2 improved to 0.6949, model saved
2026-08-26 21:10:29 | Epoch   6/100 | Train Loss 16.9391 | Val Loss 16.0384 MAE 0.4571 R2 0.6982
2026-08-26 21:10:29 |   Val R2 improved to 0.6982, model saved
2026-08-26 21:10:30 | Epoch   7/100 | Train Loss 16.6004 | Val Loss 15.8161 MAE 0.4412 R2 0.7147
2026-08-26 21:10:30 |   Val R2 improved to 0.7147, model saved
2026-08-26 21:10:30 | Epoch   8/100 | Train Loss 16.2971 | Val Loss 15.5045 MAE 0.4402 R2 0.7224
2026-08-26 21:10:30 |   Val R2 improved to 0.7224, model saved
2026-08-26 21:10:31 | Epoch   9/100 | Train Loss 16.1526 | Val Loss 15.4410 MAE 0.4443 R2 0.6898
2026-08-26 21:10:31 | Epoch  10/100 | Train Loss 15.9362 | Val Loss 15.3188 MAE 0.4254 R2 0.7226
2026-08-26 21:10:31 |   Val R2 improved to 0.7226, model saved
2026-08-26 21:10:31 | Epoch  11/100 | Train Loss 15.7884 | Val Loss 15.2029 MAE 0.4225 R2 0.7342
2026-08-26 21:10:32 |   Val R2 improved to 0.7342, model saved
2026-08-26 21:10:32 | Epoch  12/100 | Train Loss 15.6588 | Val Loss 15.1163 MAE 0.4477 R2 0.6795
2026-08-26 21:10:32 | Epoch  13/100 | Train Loss 15.3996 | Val Loss 14.7877 MAE 0.4152 R2 0.7425
2026-08-26 21:10:32 |   Val R2 improved to 0.7425, model saved
2026-08-26 21:10:32 | Epoch  14/100 | Train Loss 15.2566 | Val Loss 14.7873 MAE 0.4150 R2 0.7259
2026-08-26 21:10:33 | Epoch  15/100 | Train Loss 15.1886 | Val Loss 14.6114 MAE 0.4026 R2 0.7481
2026-08-26 21:10:33 |   Val R2 improved to 0.7481, model saved
2026-08-26 21:10:33 | Epoch  16/100 | Train Loss 14.9796 | Val Loss 14.4960 MAE 0.4126 R2 0.7547
2026-08-26 21:10:33 |   Val R2 improved to 0.7547, model saved
2026-08-26 21:10:34 | Epoch  17/100 | Train Loss 14.8921 | Val Loss 14.5703 MAE 0.4005 R2 0.7571
2026-08-26 21:10:34 |   Val R2 improved to 0.7571, model saved
2026-08-26 21:10:34 | Epoch  18/100 | Train Loss 14.8349 | Val Loss 14.5169 MAE 0.3966 R2 0.7555
2026-08-26 21:10:35 | Epoch  19/100 | Train Loss 14.7564 | Val Loss 14.3320 MAE 0.3994 R2 0.7568
2026-08-26 21:10:35 | Epoch  20/100 | Train Loss 14.6707 | Val Loss 14.2355 MAE 0.3912 R2 0.7598
2026-08-26 21:10:35 |   Val R2 improved to 0.7598, model saved
2026-08-26 21:10:35 | Epoch  21/100 | Train Loss 14.5376 | Val Loss 14.1727 MAE 0.3996 R2 0.7390
2026-08-26 21:10:35 | Epoch  22/100 | Train Loss 14.4136 | Val Loss 14.1169 MAE 0.3951 R2 0.7648
2026-08-26 21:10:35 |   Val R2 improved to 0.7648, model saved
2026-08-26 21:10:36 | Epoch  23/100 | Train Loss 14.4117 | Val Loss 14.0822 MAE 0.3843 R2 0.7632
2026-08-26 21:10:36 | Epoch  24/100 | Train Loss 14.3039 | Val Loss 14.0472 MAE 0.3861 R2 0.7633
2026-08-26 21:10:37 | Epoch  25/100 | Train Loss 14.2596 | Val Loss 13.9919 MAE 0.3823 R2 0.7635
2026-08-26 21:10:37 | Epoch  26/100 | Train Loss 14.1846 | Val Loss 13.9359 MAE 0.3853 R2 0.7689
2026-08-26 21:10:37 |   Val R2 improved to 0.7689, model saved
2026-08-26 21:10:37 | Epoch  27/100 | Train Loss 14.1192 | Val Loss 13.9917 MAE 0.3975 R2 0.7661
2026-08-26 21:10:37 | Epoch  28/100 | Train Loss 14.1073 | Val Loss 13.8773 MAE 0.3877 R2 0.7548
2026-08-26 21:10:37 | Epoch  29/100 | Train Loss 14.0740 | Val Loss 13.7721 MAE 0.3809 R2 0.7667
2026-08-26 21:10:38 | Epoch  30/100 | Train Loss 13.9454 | Val Loss 13.7277 MAE 0.3800 R2 0.7743
2026-08-26 21:10:38 |   Val R2 improved to 0.7743, model saved
2026-08-26 21:10:38 | Epoch  31/100 | Train Loss 13.9328 | Val Loss 13.8412 MAE 0.3750 R2 0.7696
2026-08-26 21:10:38 | Epoch  32/100 | Train Loss 13.8603 | Val Loss 13.7402 MAE 0.3785 R2 0.7717
2026-08-26 21:10:38 | Epoch  33/100 | Train Loss 13.8100 | Val Loss 13.6505 MAE 0.3809 R2 0.7756
2026-08-26 21:10:38 |   Val R2 improved to 0.7756, model saved
2026-08-26 21:10:39 | Epoch  34/100 | Train Loss 13.7743 | Val Loss 13.6037 MAE 0.3766 R2 0.7738
2026-08-26 21:10:39 | Epoch  35/100 | Train Loss 13.7066 | Val Loss 13.6893 MAE 0.3821 R2 0.7760
2026-08-26 21:10:39 |   Val R2 improved to 0.7760, model saved
2026-08-26 21:10:39 | Epoch  36/100 | Train Loss 13.7340 | Val Loss 13.6054 MAE 0.3805 R2 0.7778
2026-08-26 21:10:39 |   Val R2 improved to 0.7778, model saved
2026-08-26 21:10:39 | Epoch  37/100 | Train Loss 13.6566 | Val Loss 13.5452 MAE 0.3742 R2 0.7774
2026-08-26 21:10:39 | Epoch  38/100 | Train Loss 13.5788 | Val Loss 13.5217 MAE 0.3720 R2 0.7678
2026-08-26 21:10:40 | Epoch  39/100 | Train Loss 13.6033 | Val Loss 13.5116 MAE 0.3752 R2 0.7801
2026-08-26 21:10:40 |   Val R2 improved to 0.7801, model saved
2026-08-26 21:10:40 | Epoch  40/100 | Train Loss 13.5043 | Val Loss 13.4916 MAE 0.3814 R2 0.7792
2026-08-26 21:10:41 | Epoch  41/100 | Train Loss 13.6053 | Val Loss 13.4888 MAE 0.3711 R2 0.7834
2026-08-26 21:10:41 |   Val R2 improved to 0.7834, model saved
2026-08-26 21:10:41 | Epoch  42/100 | Train Loss 13.4420 | Val Loss 13.3987 MAE 0.3713 R2 0.7715
2026-08-26 21:10:41 | Epoch  43/100 | Train Loss 13.3717 | Val Loss 13.3996 MAE 0.3652 R2 0.7831
2026-08-26 21:10:42 | Epoch  44/100 | Train Loss 13.4017 | Val Loss 13.3513 MAE 0.3675 R2 0.7836
2026-08-26 21:10:42 |   Val R2 improved to 0.7836, model saved
2026-08-26 21:10:42 | Epoch  45/100 | Train Loss 13.3451 | Val Loss 13.3578 MAE 0.3655 R2 0.7827
2026-08-26 21:10:42 | Epoch  46/100 | Train Loss 13.2873 | Val Loss 13.3289 MAE 0.3648 R2 0.7804
2026-08-26 21:10:43 | Epoch  47/100 | Train Loss 13.3269 | Val Loss 13.3223 MAE 0.3685 R2 0.7806
2026-08-26 21:10:43 | Epoch  48/100 | Train Loss 13.2770 | Val Loss 13.3172 MAE 0.3620 R2 0.7854
2026-08-26 21:10:43 |   Val R2 improved to 0.7854, model saved
2026-08-26 21:10:43 | Epoch  49/100 | Train Loss 13.2051 | Val Loss 13.2658 MAE 0.3644 R2 0.7871
2026-08-26 21:10:43 |   Val R2 improved to 0.7871, model saved
2026-08-26 21:10:44 | Epoch  50/100 | Train Loss 13.2355 | Val Loss 13.2334 MAE 0.3692 R2 0.7854
2026-08-26 21:10:44 | Epoch  51/100 | Train Loss 13.1820 | Val Loss 13.2167 MAE 0.3645 R2 0.7868
2026-08-26 21:10:44 | Epoch  52/100 | Train Loss 13.1062 | Val Loss 13.2159 MAE 0.3621 R2 0.7864
2026-08-26 21:10:44 | Epoch  53/100 | Train Loss 13.1404 | Val Loss 13.2728 MAE 0.3653 R2 0.7800
2026-08-26 21:10:45 | Epoch  54/100 | Train Loss 13.1048 | Val Loss 13.1883 MAE 0.3642 R2 0.7854
2026-08-26 21:10:45 | Epoch  55/100 | Train Loss 13.0690 | Val Loss 13.2010 MAE 0.3676 R2 0.7875
2026-08-26 21:10:45 |   Val R2 improved to 0.7875, model saved
2026-08-26 21:10:45 | Epoch  56/100 | Train Loss 12.9943 | Val Loss 13.1713 MAE 0.3652 R2 0.7830
2026-08-26 21:10:46 | Epoch  57/100 | Train Loss 13.0317 | Val Loss 13.1555 MAE 0.3732 R2 0.7876
2026-08-26 21:10:46 |   Val R2 improved to 0.7876, model saved
2026-08-26 21:10:46 | Epoch  58/100 | Train Loss 12.9842 | Val Loss 13.1794 MAE 0.3686 R2 0.7884
2026-08-26 21:10:46 |   Val R2 improved to 0.7884, model saved
2026-08-26 21:10:47 | Epoch  59/100 | Train Loss 13.0595 | Val Loss 13.2136 MAE 0.3663 R2 0.7839
2026-08-26 21:10:47 | Epoch  60/100 | Train Loss 13.0344 | Val Loss 13.2048 MAE 0.3668 R2 0.7868
2026-08-26 21:10:47 | Epoch  61/100 | Train Loss 12.9640 | Val Loss 13.0965 MAE 0.3666 R2 0.7905
2026-08-26 21:10:47 |   Val R2 improved to 0.7905, model saved
2026-08-26 21:10:48 | Epoch  62/100 | Train Loss 12.8973 | Val Loss 13.1286 MAE 0.3666 R2 0.7885
2026-08-26 21:10:48 | Epoch  63/100 | Train Loss 12.8434 | Val Loss 13.0829 MAE 0.3662 R2 0.7879
2026-08-26 21:10:48 | Epoch  64/100 | Train Loss 12.9243 | Val Loss 13.0579 MAE 0.3602 R2 0.7901
2026-08-26 21:10:49 | Epoch  65/100 | Train Loss 12.8461 | Val Loss 13.1076 MAE 0.3660 R2 0.7860
2026-08-26 21:10:49 | Epoch  66/100 | Train Loss 12.8712 | Val Loss 13.0793 MAE 0.3594 R2 0.7916
2026-08-26 21:10:49 |   Val R2 improved to 0.7916, model saved
2026-08-26 21:10:49 | Epoch  67/100 | Train Loss 12.7636 | Val Loss 13.0219 MAE 0.3696 R2 0.7903
2026-08-26 21:10:50 | Epoch  68/100 | Train Loss 12.7754 | Val Loss 13.1514 MAE 0.3856 R2 0.7769
2026-08-26 21:10:50 | Epoch  69/100 | Train Loss 12.7491 | Val Loss 13.0542 MAE 0.3635 R2 0.7865
2026-08-26 21:10:50 | Epoch  70/100 | Train Loss 12.7458 | Val Loss 13.0287 MAE 0.3591 R2 0.7867
2026-08-26 21:10:51 | Epoch  71/100 | Train Loss 12.7380 | Val Loss 13.0749 MAE 0.3605 R2 0.7920
2026-08-26 21:10:51 |   Val R2 improved to 0.7920, model saved
2026-08-26 21:10:51 | Epoch  72/100 | Train Loss 12.7192 | Val Loss 13.0118 MAE 0.3609 R2 0.7873
2026-08-26 21:10:51 | Epoch  73/100 | Train Loss 12.6415 | Val Loss 12.9600 MAE 0.3550 R2 0.7926
2026-08-26 21:10:51 |   Val R2 improved to 0.7926, model saved
2026-08-26 21:10:52 | Epoch  74/100 | Train Loss 12.6620 | Val Loss 12.9241 MAE 0.3730 R2 0.7880
2026-08-26 21:10:52 | Epoch  75/100 | Train Loss 12.6833 | Val Loss 12.9253 MAE 0.3550 R2 0.7921
2026-08-26 21:10:52 | Epoch  76/100 | Train Loss 12.5690 | Val Loss 12.9491 MAE 0.3564 R2 0.7912
2026-08-26 21:10:52 | Epoch  77/100 | Train Loss 12.5772 | Val Loss 12.9078 MAE 0.3550 R2 0.7911
2026-08-26 21:10:53 | Epoch  78/100 | Train Loss 12.5867 | Val Loss 12.8945 MAE 0.3635 R2 0.7933
2026-08-26 21:10:53 |   Val R2 improved to 0.7933, model saved
2026-08-26 21:10:53 | Epoch  79/100 | Train Loss 12.5633 | Val Loss 12.9310 MAE 0.3564 R2 0.7922
2026-08-26 21:10:53 | Epoch  80/100 | Train Loss 12.6212 | Val Loss 12.9332 MAE 0.3571 R2 0.7929
2026-08-26 21:10:54 | Epoch  81/100 | Train Loss 12.5195 | Val Loss 12.9273 MAE 0.3565 R2 0.7947
2026-08-26 21:10:54 |   Val R2 improved to 0.7947, model saved
2026-08-26 21:10:54 | Epoch  82/100 | Train Loss 12.6058 | Val Loss 12.8753 MAE 0.3568 R2 0.7967
2026-08-26 21:10:54 |   Val R2 improved to 0.7967, model saved
2026-08-26 21:10:54 | Epoch  83/100 | Train Loss 12.4965 | Val Loss 12.8690 MAE 0.3554 R2 0.7977
2026-08-26 21:10:54 |   Val R2 improved to 0.7977, model saved
2026-08-26 21:10:55 | Epoch  84/100 | Train Loss 12.5205 | Val Loss 12.8648 MAE 0.3592 R2 0.7961
2026-08-26 21:10:55 | Epoch  85/100 | Train Loss 12.4686 | Val Loss 12.9118 MAE 0.3574 R2 0.7951
2026-08-26 21:10:55 | Epoch  86/100 | Train Loss 12.4939 | Val Loss 12.8695 MAE 0.3632 R2 0.7949
2026-08-26 21:10:56 | Epoch  87/100 | Train Loss 12.4466 | Val Loss 12.8259 MAE 0.3527 R2 0.7981
2026-08-26 21:10:56 |   Val R2 improved to 0.7981, model saved
2026-08-26 21:10:56 | Epoch  88/100 | Train Loss 12.4346 | Val Loss 12.8021 MAE 0.3585 R2 0.7953
2026-08-26 21:10:56 | Epoch  89/100 | Train Loss 12.4610 | Val Loss 12.8151 MAE 0.3547 R2 0.7939
2026-08-26 21:10:57 | Epoch  90/100 | Train Loss 12.4224 | Val Loss 12.7863 MAE 0.3596 R2 0.7977
2026-08-26 21:10:57 | Epoch  91/100 | Train Loss 12.3336 | Val Loss 12.7933 MAE 0.3557 R2 0.7961
2026-08-26 21:10:57 | Epoch  92/100 | Train Loss 12.3354 | Val Loss 12.7891 MAE 0.3540 R2 0.7979
2026-08-26 21:10:57 | Epoch  93/100 | Train Loss 12.3673 | Val Loss 12.8192 MAE 0.3525 R2 0.7985
2026-08-26 21:10:58 |   Val R2 improved to 0.7985, model saved
2026-08-26 21:10:58 | Epoch  94/100 | Train Loss 12.3968 | Val Loss 12.8241 MAE 0.3515 R2 0.7953
2026-08-26 21:10:58 | Epoch  95/100 | Train Loss 12.3000 | Val Loss 12.7751 MAE 0.3601 R2 0.7984
2026-08-26 21:10:58 | Epoch  96/100 | Train Loss 12.2808 | Val Loss 12.7835 MAE 0.3555 R2 0.7954
2026-08-26 21:10:59 | Epoch  97/100 | Train Loss 12.2733 | Val Loss 12.7723 MAE 0.3564 R2 0.7936
2026-08-26 21:10:59 | Epoch  98/100 | Train Loss 12.3301 | Val Loss 12.7804 MAE 0.3595 R2 0.7947
2026-08-26 21:11:00 | Epoch  99/100 | Train Loss 12.2463 | Val Loss 12.7641 MAE 0.3582 R2 0.7901
2026-08-26 21:11:00 | Epoch 100/100 | Train Loss 12.2436 | Val Loss 12.8023 MAE 0.3618 R2 0.7959
2026-08-26 21:11:00 | Run 2/5 | Test (best model @ Epoch 93) | Loss 12.9151 MAE 0.3487 R2 0.7923
2026-08-26 21:11:00 | ===== Run 3/5 (seed 2) =====
2026-08-26 21:11:00 | Epoch   1/100 | Train Loss 25.4308 | Val Loss 20.8284 MAE 0.6071 R2 0.5012
2026-08-26 21:11:00 |   Val R2 improved to 0.5012, model saved
2026-08-26 21:11:01 | Epoch   2/100 | Train Loss 20.2778 | Val Loss 18.6941 MAE 0.5338 R2 0.5702
2026-08-26 21:11:01 |   Val R2 improved to 0.5702, model saved
2026-08-26 21:11:01 | Epoch   3/100 | Train Loss 18.9188 | Val Loss 17.7509 MAE 0.5013 R2 0.6427
2026-08-26 21:11:01 |   Val R2 improved to 0.6427, model saved
2026-08-26 21:11:01 | Epoch   4/100 | Train Loss 18.1828 | Val Loss 17.1364 MAE 0.4836 R2 0.6743
2026-08-26 21:11:01 |   Val R2 improved to 0.6743, model saved
2026-08-26 21:11:01 | Epoch   5/100 | Train Loss 17.6449 | Val Loss 16.7608 MAE 0.4549 R2 0.6808
2026-08-26 21:11:01 |   Val R2 improved to 0.6808, model saved
2026-08-26 21:11:02 | Epoch   6/100 | Train Loss 17.3170 | Val Loss 16.5948 MAE 0.4722 R2 0.6541
2026-08-26 21:11:02 | Epoch   7/100 | Train Loss 17.0076 | Val Loss 16.2538 MAE 0.4368 R2 0.7066
2026-08-26 21:11:02 |   Val R2 improved to 0.7066, model saved
2026-08-26 21:11:02 | Epoch   8/100 | Train Loss 16.7541 | Val Loss 16.1134 MAE 0.4368 R2 0.7044
2026-08-26 21:11:03 | Epoch   9/100 | Train Loss 16.5266 | Val Loss 15.9440 MAE 0.4287 R2 0.7257
2026-08-26 21:11:03 |   Val R2 improved to 0.7257, model saved
2026-08-26 21:11:03 | Epoch  10/100 | Train Loss 16.3378 | Val Loss 15.7125 MAE 0.4215 R2 0.7304
2026-08-26 21:11:03 |   Val R2 improved to 0.7304, model saved
2026-08-26 21:11:03 | Epoch  11/100 | Train Loss 16.1111 | Val Loss 15.5968 MAE 0.4335 R2 0.7015
2026-08-26 21:11:04 | Epoch  12/100 | Train Loss 16.0073 | Val Loss 15.4497 MAE 0.4147 R2 0.7229
2026-08-26 21:11:04 | Epoch  13/100 | Train Loss 15.8595 | Val Loss 15.3038 MAE 0.4159 R2 0.7265
2026-08-26 21:11:04 | Epoch  14/100 | Train Loss 15.6919 | Val Loss 15.3228 MAE 0.4143 R2 0.7219
2026-08-26 21:11:04 | Epoch  15/100 | Train Loss 15.6844 | Val Loss 15.1449 MAE 0.4086 R2 0.7435
2026-08-26 21:11:04 |   Val R2 improved to 0.7435, model saved
2026-08-26 21:11:05 | Epoch  16/100 | Train Loss 15.5281 | Val Loss 15.1537 MAE 0.4117 R2 0.7474
2026-08-26 21:11:05 |   Val R2 improved to 0.7474, model saved
2026-08-26 21:11:05 | Epoch  17/100 | Train Loss 15.3799 | Val Loss 14.9610 MAE 0.4035 R2 0.7540
2026-08-26 21:11:05 |   Val R2 improved to 0.7540, model saved
2026-08-26 21:11:06 | Epoch  18/100 | Train Loss 15.2729 | Val Loss 15.0648 MAE 0.4014 R2 0.7372
2026-08-26 21:11:06 | Epoch  19/100 | Train Loss 15.3096 | Val Loss 14.8538 MAE 0.3965 R2 0.7513
2026-08-26 21:11:07 | Epoch  20/100 | Train Loss 15.1335 | Val Loss 14.8127 MAE 0.3921 R2 0.7466
2026-08-26 21:11:07 | Epoch  21/100 | Train Loss 15.0665 | Val Loss 14.6970 MAE 0.4035 R2 0.7490
2026-08-26 21:11:08 | Epoch  22/100 | Train Loss 15.0377 | Val Loss 14.8029 MAE 0.3971 R2 0.7624
2026-08-26 21:11:08 |   Val R2 improved to 0.7624, model saved
2026-08-26 21:11:08 | Epoch  23/100 | Train Loss 14.9679 | Val Loss 14.6565 MAE 0.3857 R2 0.7606
2026-08-26 21:11:08 | Epoch  24/100 | Train Loss 14.8642 | Val Loss 14.6591 MAE 0.3836 R2 0.7646
2026-08-26 21:11:08 |   Val R2 improved to 0.7646, model saved
2026-08-26 21:11:09 | Epoch  25/100 | Train Loss 14.8207 | Val Loss 14.5453 MAE 0.4065 R2 0.7248
2026-08-26 21:11:09 | Epoch  26/100 | Train Loss 14.7048 | Val Loss 14.5082 MAE 0.3869 R2 0.7599
2026-08-26 21:11:09 | Epoch  27/100 | Train Loss 14.6194 | Val Loss 14.4841 MAE 0.3869 R2 0.7708
2026-08-26 21:11:09 |   Val R2 improved to 0.7708, model saved
2026-08-26 21:11:10 | Epoch  28/100 | Train Loss 14.6505 | Val Loss 14.4329 MAE 0.3930 R2 0.7684
2026-08-26 21:11:10 | Epoch  29/100 | Train Loss 14.6440 | Val Loss 14.4341 MAE 0.3941 R2 0.7412
2026-08-26 21:11:10 | Epoch  30/100 | Train Loss 14.5234 | Val Loss 14.3842 MAE 0.3896 R2 0.7678
2026-08-26 21:11:10 | Epoch  31/100 | Train Loss 14.4210 | Val Loss 14.3261 MAE 0.3837 R2 0.7719
2026-08-26 21:11:11 |   Val R2 improved to 0.7719, model saved
2026-08-26 21:11:11 | Epoch  32/100 | Train Loss 14.4847 | Val Loss 14.4055 MAE 0.3894 R2 0.7603
2026-08-26 21:11:11 | Epoch  33/100 | Train Loss 14.3960 | Val Loss 14.2319 MAE 0.3939 R2 0.7726
2026-08-26 21:11:11 |   Val R2 improved to 0.7726, model saved
2026-08-26 21:11:11 | Epoch  34/100 | Train Loss 14.2643 | Val Loss 14.1753 MAE 0.3750 R2 0.7737
2026-08-26 21:11:12 |   Val R2 improved to 0.7737, model saved
2026-08-26 21:11:12 | Epoch  35/100 | Train Loss 14.3019 | Val Loss 14.2892 MAE 0.3720 R2 0.7760
2026-08-26 21:11:12 |   Val R2 improved to 0.7760, model saved
2026-08-26 21:11:12 | Epoch  36/100 | Train Loss 14.2595 | Val Loss 14.1675 MAE 0.3811 R2 0.7776
2026-08-26 21:11:12 |   Val R2 improved to 0.7776, model saved
2026-08-26 21:11:12 | Epoch  37/100 | Train Loss 14.2005 | Val Loss 14.1836 MAE 0.3759 R2 0.7762
2026-08-26 21:11:12 | Epoch  38/100 | Train Loss 14.1738 | Val Loss 14.1200 MAE 0.3724 R2 0.7793
2026-08-26 21:11:13 |   Val R2 improved to 0.7793, model saved
2026-08-26 21:11:13 | Epoch  39/100 | Train Loss 14.1017 | Val Loss 14.1294 MAE 0.3735 R2 0.7784
2026-08-26 21:11:13 | Epoch  40/100 | Train Loss 14.0969 | Val Loss 14.0631 MAE 0.3811 R2 0.7786
2026-08-26 21:11:13 | Epoch  41/100 | Train Loss 14.0353 | Val Loss 14.1126 MAE 0.3725 R2 0.7805
2026-08-26 21:11:13 |   Val R2 improved to 0.7805, model saved
2026-08-26 21:11:14 | Epoch  42/100 | Train Loss 13.9984 | Val Loss 14.0064 MAE 0.3889 R2 0.7713
2026-08-26 21:11:14 | Epoch  43/100 | Train Loss 13.9726 | Val Loss 13.9670 MAE 0.3720 R2 0.7822
2026-08-26 21:11:14 |   Val R2 improved to 0.7822, model saved
2026-08-26 21:11:14 | Epoch  44/100 | Train Loss 13.9550 | Val Loss 14.0020 MAE 0.3695 R2 0.7786
2026-08-26 21:11:15 | Epoch  45/100 | Train Loss 13.9959 | Val Loss 13.9698 MAE 0.3698 R2 0.7802
2026-08-26 21:11:15 | Epoch  46/100 | Train Loss 13.8692 | Val Loss 13.9908 MAE 0.3675 R2 0.7839
2026-08-26 21:11:15 |   Val R2 improved to 0.7839, model saved
2026-08-26 21:11:15 | Epoch  47/100 | Train Loss 13.8655 | Val Loss 13.8861 MAE 0.3637 R2 0.7807
2026-08-26 21:11:15 | Epoch  48/100 | Train Loss 13.8567 | Val Loss 13.9106 MAE 0.3842 R2 0.7798
2026-08-26 21:11:16 | Epoch  49/100 | Train Loss 13.8324 | Val Loss 13.9681 MAE 0.3835 R2 0.7759
2026-08-26 21:11:16 | Epoch  50/100 | Train Loss 13.8362 | Val Loss 13.8930 MAE 0.3719 R2 0.7838
2026-08-26 21:11:16 | Epoch  51/100 | Train Loss 13.7723 | Val Loss 13.9051 MAE 0.3662 R2 0.7874
2026-08-26 21:11:16 |   Val R2 improved to 0.7874, model saved
2026-08-26 21:11:17 | Epoch  52/100 | Train Loss 13.7727 | Val Loss 13.9065 MAE 0.3622 R2 0.7862
2026-08-26 21:11:17 | Epoch  53/100 | Train Loss 13.7472 | Val Loss 13.8392 MAE 0.3647 R2 0.7883
2026-08-26 21:11:17 |   Val R2 improved to 0.7883, model saved
2026-08-26 21:11:18 | Epoch  54/100 | Train Loss 13.7455 | Val Loss 13.8354 MAE 0.3694 R2 0.7833
2026-08-26 21:11:18 | Epoch  55/100 | Train Loss 13.6506 | Val Loss 13.7806 MAE 0.3690 R2 0.7874
2026-08-26 21:11:18 | Epoch  56/100 | Train Loss 13.6105 | Val Loss 13.8031 MAE 0.3684 R2 0.7815
2026-08-26 21:11:18 | Epoch  57/100 | Train Loss 13.6011 | Val Loss 13.7938 MAE 0.3669 R2 0.7843
2026-08-26 21:11:19 | Epoch  58/100 | Train Loss 13.6314 | Val Loss 13.7757 MAE 0.3646 R2 0.7872
2026-08-26 21:11:19 | Epoch  59/100 | Train Loss 13.5064 | Val Loss 13.7355 MAE 0.3621 R2 0.7871
2026-08-26 21:11:19 | Epoch  60/100 | Train Loss 13.4805 | Val Loss 13.7005 MAE 0.3639 R2 0.7902
2026-08-26 21:11:19 |   Val R2 improved to 0.7902, model saved
2026-08-26 21:11:19 | Epoch  61/100 | Train Loss 13.5682 | Val Loss 13.6932 MAE 0.3617 R2 0.7888
2026-08-26 21:11:20 | Epoch  62/100 | Train Loss 13.5035 | Val Loss 13.6837 MAE 0.3748 R2 0.7882
2026-08-26 21:11:20 | Epoch  63/100 | Train Loss 13.4839 | Val Loss 13.7115 MAE 0.3624 R2 0.7887
2026-08-26 21:11:21 | Epoch  64/100 | Train Loss 13.4846 | Val Loss 13.6277 MAE 0.3632 R2 0.7921
2026-08-26 21:11:21 |   Val R2 improved to 0.7921, model saved
2026-08-26 21:11:21 | Epoch  65/100 | Train Loss 13.4832 | Val Loss 13.6232 MAE 0.3659 R2 0.7903
2026-08-26 21:11:21 | Epoch  66/100 | Train Loss 13.4157 | Val Loss 13.6180 MAE 0.3648 R2 0.7894
2026-08-26 21:11:22 | Epoch  67/100 | Train Loss 13.3675 | Val Loss 13.6333 MAE 0.3658 R2 0.7932
2026-08-26 21:11:22 |   Val R2 improved to 0.7932, model saved
2026-08-26 21:11:22 | Epoch  68/100 | Train Loss 13.3527 | Val Loss 13.6062 MAE 0.3578 R2 0.7948
2026-08-26 21:11:22 |   Val R2 improved to 0.7948, model saved
2026-08-26 21:11:22 | Epoch  69/100 | Train Loss 13.3520 | Val Loss 13.5903 MAE 0.3618 R2 0.7878
2026-08-26 21:11:23 | Epoch  70/100 | Train Loss 13.3296 | Val Loss 13.5802 MAE 0.3567 R2 0.7926
2026-08-26 21:11:23 | Epoch  71/100 | Train Loss 13.3388 | Val Loss 13.6519 MAE 0.3584 R2 0.7943
2026-08-26 21:11:23 | Epoch  72/100 | Train Loss 13.2594 | Val Loss 13.5467 MAE 0.3536 R2 0.7965
2026-08-26 21:11:23 |   Val R2 improved to 0.7965, model saved
2026-08-26 21:11:24 | Epoch  73/100 | Train Loss 13.2403 | Val Loss 13.5981 MAE 0.3668 R2 0.7899
2026-08-26 21:11:24 | Epoch  74/100 | Train Loss 13.3129 | Val Loss 13.5290 MAE 0.3672 R2 0.7925
2026-08-26 21:11:25 | Epoch  75/100 | Train Loss 13.2437 | Val Loss 13.5354 MAE 0.3583 R2 0.7960
2026-08-26 21:11:25 | Epoch  76/100 | Train Loss 13.2908 | Val Loss 13.5540 MAE 0.3655 R2 0.7899
2026-08-26 21:11:25 | Epoch  77/100 | Train Loss 13.2231 | Val Loss 13.5421 MAE 0.3577 R2 0.7978
2026-08-26 21:11:25 |   Val R2 improved to 0.7978, model saved
2026-08-26 21:11:25 | Epoch  78/100 | Train Loss 13.2257 | Val Loss 13.5550 MAE 0.3694 R2 0.7937
2026-08-26 21:11:26 | Epoch  79/100 | Train Loss 13.1867 | Val Loss 13.5126 MAE 0.3552 R2 0.8004
2026-08-26 21:11:26 |   Val R2 improved to 0.8004, model saved
2026-08-26 21:11:26 | Epoch  80/100 | Train Loss 13.1535 | Val Loss 13.4849 MAE 0.3605 R2 0.7969
2026-08-26 21:11:27 | Epoch  81/100 | Train Loss 13.1243 | Val Loss 13.4635 MAE 0.3527 R2 0.7994
2026-08-26 21:11:27 | Epoch  82/100 | Train Loss 13.1349 | Val Loss 13.4475 MAE 0.3528 R2 0.8027
2026-08-26 21:11:27 |   Val R2 improved to 0.8027, model saved
2026-08-26 21:11:27 | Epoch  83/100 | Train Loss 13.1362 | Val Loss 13.4270 MAE 0.3542 R2 0.7985
2026-08-26 21:11:28 | Epoch  84/100 | Train Loss 13.0991 | Val Loss 13.4068 MAE 0.3604 R2 0.7995
2026-08-26 21:11:28 | Epoch  85/100 | Train Loss 13.0054 | Val Loss 13.3894 MAE 0.3568 R2 0.7962
2026-08-26 21:11:28 | Epoch  86/100 | Train Loss 13.0505 | Val Loss 13.3788 MAE 0.3555 R2 0.7976
2026-08-26 21:11:28 | Epoch  87/100 | Train Loss 12.9843 | Val Loss 13.3866 MAE 0.3558 R2 0.8000
2026-08-26 21:11:29 | Epoch  88/100 | Train Loss 13.0180 | Val Loss 13.3629 MAE 0.3508 R2 0.8000
2026-08-26 21:11:29 | Epoch  89/100 | Train Loss 12.9607 | Val Loss 13.3844 MAE 0.3581 R2 0.7979
2026-08-26 21:11:29 | Epoch  90/100 | Train Loss 13.0281 | Val Loss 13.4529 MAE 0.3575 R2 0.7985
2026-08-26 21:11:29 | Epoch  91/100 | Train Loss 12.9736 | Val Loss 13.3817 MAE 0.3533 R2 0.8007
2026-08-26 21:11:30 | Epoch  92/100 | Train Loss 12.9859 | Val Loss 13.3819 MAE 0.3687 R2 0.7989
2026-08-26 21:11:30 | Val R2 did not improve for 10 consecutive epochs, early stopping at Epoch 92 (best R2 0.8027 @ Epoch 82)
2026-08-26 21:11:30 | Run 3/5 | Test (best model @ Epoch 82) | Loss 13.5569 MAE 0.3529 R2 0.7911
2026-08-26 21:11:30 | ===== Run 4/5 (seed 3) =====
2026-08-26 21:11:30 | Epoch   1/100 | Train Loss 25.5495 | Val Loss 20.8284 MAE 0.6341 R2 0.3718
2026-08-26 21:11:30 |   Val R2 improved to 0.3718, model saved
2026-08-26 21:11:30 | Epoch   2/100 | Train Loss 20.0894 | Val Loss 18.3442 MAE 0.5626 R2 0.5441
2026-08-26 21:11:30 |   Val R2 improved to 0.5441, model saved
2026-08-26 21:11:31 | Epoch   3/100 | Train Loss 18.7831 | Val Loss 17.5935 MAE 0.5154 R2 0.6037
2026-08-26 21:11:31 |   Val R2 improved to 0.6037, model saved
2026-08-26 21:11:31 | Epoch   4/100 | Train Loss 18.0185 | Val Loss 16.9332 MAE 0.4963 R2 0.6346
2026-08-26 21:11:31 |   Val R2 improved to 0.6346, model saved
2026-08-26 21:11:31 | Epoch   5/100 | Train Loss 17.4350 | Val Loss 16.5075 MAE 0.4807 R2 0.6412
2026-08-26 21:11:31 |   Val R2 improved to 0.6412, model saved
2026-08-26 21:11:32 | Epoch   6/100 | Train Loss 17.0926 | Val Loss 16.1059 MAE 0.4647 R2 0.6632
2026-08-26 21:11:32 |   Val R2 improved to 0.6632, model saved
2026-08-26 21:11:32 | Epoch   7/100 | Train Loss 16.6876 | Val Loss 15.8336 MAE 0.4518 R2 0.6839
2026-08-26 21:11:32 |   Val R2 improved to 0.6839, model saved
2026-08-26 21:11:32 | Epoch   8/100 | Train Loss 16.3846 | Val Loss 15.7179 MAE 0.4521 R2 0.7096
2026-08-26 21:11:32 |   Val R2 improved to 0.7096, model saved
2026-08-26 21:11:33 | Epoch   9/100 | Train Loss 16.1611 | Val Loss 15.3983 MAE 0.4395 R2 0.7101
2026-08-26 21:11:33 |   Val R2 improved to 0.7101, model saved
2026-08-26 21:11:33 | Epoch  10/100 | Train Loss 16.0328 | Val Loss 15.2433 MAE 0.4343 R2 0.7070
2026-08-26 21:11:33 | Epoch  11/100 | Train Loss 15.7681 | Val Loss 15.1117 MAE 0.4288 R2 0.7230
2026-08-26 21:11:33 |   Val R2 improved to 0.7230, model saved
2026-08-26 21:11:34 | Epoch  12/100 | Train Loss 15.6017 | Val Loss 14.9833 MAE 0.4174 R2 0.7285
2026-08-26 21:11:34 |   Val R2 improved to 0.7285, model saved
2026-08-26 21:11:34 | Epoch  13/100 | Train Loss 15.4604 | Val Loss 14.8925 MAE 0.4223 R2 0.7282
2026-08-26 21:11:34 | Epoch  14/100 | Train Loss 15.3043 | Val Loss 14.8029 MAE 0.4292 R2 0.7055
2026-08-26 21:11:35 | Epoch  15/100 | Train Loss 15.2160 | Val Loss 14.7638 MAE 0.4254 R2 0.7227
2026-08-26 21:11:35 | Epoch  16/100 | Train Loss 15.1176 | Val Loss 14.5800 MAE 0.4070 R2 0.7463
2026-08-26 21:11:35 |   Val R2 improved to 0.7463, model saved
2026-08-26 21:11:35 | Epoch  17/100 | Train Loss 14.9452 | Val Loss 14.5882 MAE 0.4202 R2 0.7456
2026-08-26 21:11:36 | Epoch  18/100 | Train Loss 14.9230 | Val Loss 14.4634 MAE 0.4076 R2 0.7422
2026-08-26 21:11:36 | Epoch  19/100 | Train Loss 14.8394 | Val Loss 14.4067 MAE 0.4028 R2 0.7477
2026-08-26 21:11:36 |   Val R2 improved to 0.7477, model saved
2026-08-26 21:11:36 | Epoch  20/100 | Train Loss 14.7089 | Val Loss 14.3356 MAE 0.4091 R2 0.7271
2026-08-26 21:11:36 | Epoch  21/100 | Train Loss 14.6042 | Val Loss 14.3160 MAE 0.4066 R2 0.7363
2026-08-26 21:11:37 | Epoch  22/100 | Train Loss 14.5380 | Val Loss 14.2641 MAE 0.4069 R2 0.7528
2026-08-26 21:11:37 |   Val R2 improved to 0.7528, model saved
2026-08-26 21:11:37 | Epoch  23/100 | Train Loss 14.5471 | Val Loss 14.1752 MAE 0.3907 R2 0.7585
2026-08-26 21:11:37 |   Val R2 improved to 0.7585, model saved
2026-08-26 21:11:37 | Epoch  24/100 | Train Loss 14.3915 | Val Loss 14.0558 MAE 0.3876 R2 0.7611
2026-08-26 21:11:37 |   Val R2 improved to 0.7611, model saved
2026-08-26 21:11:38 | Epoch  25/100 | Train Loss 14.3239 | Val Loss 14.0013 MAE 0.3877 R2 0.7613
2026-08-26 21:11:38 |   Val R2 improved to 0.7613, model saved
2026-08-26 21:11:38 | Epoch  26/100 | Train Loss 14.2433 | Val Loss 14.0177 MAE 0.3934 R2 0.7550
2026-08-26 21:11:38 | Epoch  27/100 | Train Loss 14.1064 | Val Loss 14.0243 MAE 0.3877 R2 0.7620
2026-08-26 21:11:38 |   Val R2 improved to 0.7620, model saved
2026-08-26 21:11:38 | Epoch  28/100 | Train Loss 14.1646 | Val Loss 13.9780 MAE 0.3875 R2 0.7640
2026-08-26 21:11:38 |   Val R2 improved to 0.7640, model saved
2026-08-26 21:11:39 | Epoch  29/100 | Train Loss 14.1226 | Val Loss 13.8836 MAE 0.3906 R2 0.7684
2026-08-26 21:11:39 |   Val R2 improved to 0.7684, model saved
2026-08-26 21:11:39 | Epoch  30/100 | Train Loss 14.1232 | Val Loss 13.8782 MAE 0.3969 R2 0.7674
2026-08-26 21:11:39 | Epoch  31/100 | Train Loss 13.9928 | Val Loss 13.8098 MAE 0.4116 R2 0.7227
2026-08-26 21:11:40 | Epoch  32/100 | Train Loss 13.9855 | Val Loss 13.7571 MAE 0.3773 R2 0.7724
2026-08-26 21:11:40 |   Val R2 improved to 0.7724, model saved
2026-08-26 21:11:40 | Epoch  33/100 | Train Loss 13.9013 | Val Loss 13.8734 MAE 0.3823 R2 0.7668
2026-08-26 21:11:40 | Epoch  34/100 | Train Loss 13.9064 | Val Loss 13.7501 MAE 0.3783 R2 0.7736
2026-08-26 21:11:40 |   Val R2 improved to 0.7736, model saved
2026-08-26 21:11:40 | Epoch  35/100 | Train Loss 13.8095 | Val Loss 13.7137 MAE 0.3826 R2 0.7732
2026-08-26 21:11:40 | Epoch  36/100 | Train Loss 13.8070 | Val Loss 13.6694 MAE 0.3832 R2 0.7747
2026-08-26 21:11:41 |   Val R2 improved to 0.7747, model saved
2026-08-26 21:11:41 | Epoch  37/100 | Train Loss 13.7347 | Val Loss 13.6839 MAE 0.3884 R2 0.7486
2026-08-26 21:11:41 | Epoch  38/100 | Train Loss 13.7576 | Val Loss 13.6254 MAE 0.3770 R2 0.7774
2026-08-26 21:11:41 |   Val R2 improved to 0.7774, model saved
2026-08-26 21:11:41 | Epoch  39/100 | Train Loss 13.6492 | Val Loss 13.5683 MAE 0.3720 R2 0.7747
2026-08-26 21:11:42 | Epoch  40/100 | Train Loss 13.6148 | Val Loss 13.6103 MAE 0.3727 R2 0.7713
2026-08-26 21:11:42 | Epoch  41/100 | Train Loss 13.6353 | Val Loss 13.5460 MAE 0.3699 R2 0.7805
2026-08-26 21:11:42 |   Val R2 improved to 0.7805, model saved
2026-08-26 21:11:42 | Epoch  42/100 | Train Loss 13.6286 | Val Loss 13.5887 MAE 0.3738 R2 0.7773
2026-08-26 21:11:43 | Epoch  43/100 | Train Loss 13.5737 | Val Loss 13.5374 MAE 0.3717 R2 0.7763
2026-08-26 21:11:43 | Epoch  44/100 | Train Loss 13.5088 | Val Loss 13.5451 MAE 0.3727 R2 0.7805
2026-08-26 21:11:43 | Epoch  45/100 | Train Loss 13.4607 | Val Loss 13.5401 MAE 0.3693 R2 0.7787
2026-08-26 21:11:43 | Epoch  46/100 | Train Loss 13.4766 | Val Loss 13.4770 MAE 0.3736 R2 0.7805
2026-08-26 21:11:44 | Epoch  47/100 | Train Loss 13.4096 | Val Loss 13.4705 MAE 0.3768 R2 0.7769
2026-08-26 21:11:44 | Epoch  48/100 | Train Loss 13.3410 | Val Loss 13.4769 MAE 0.3744 R2 0.7828
2026-08-26 21:11:44 |   Val R2 improved to 0.7828, model saved
2026-08-26 21:11:44 | Epoch  49/100 | Train Loss 13.3389 | Val Loss 13.3902 MAE 0.3734 R2 0.7757
2026-08-26 21:11:44 | Epoch  50/100 | Train Loss 13.2936 | Val Loss 13.4317 MAE 0.3782 R2 0.7672
2026-08-26 21:11:45 | Epoch  51/100 | Train Loss 13.2857 | Val Loss 13.3580 MAE 0.3699 R2 0.7788
2026-08-26 21:11:45 | Epoch  52/100 | Train Loss 13.2233 | Val Loss 13.3186 MAE 0.3759 R2 0.7814
2026-08-26 21:11:45 | Epoch  53/100 | Train Loss 13.2571 | Val Loss 13.3505 MAE 0.3719 R2 0.7790
2026-08-26 21:11:45 | Epoch  54/100 | Train Loss 13.1950 | Val Loss 13.3413 MAE 0.3804 R2 0.7833
2026-08-26 21:11:45 |   Val R2 improved to 0.7833, model saved
2026-08-26 21:11:46 | Epoch  55/100 | Train Loss 13.1967 | Val Loss 13.3329 MAE 0.3735 R2 0.7804
2026-08-26 21:11:46 | Epoch  56/100 | Train Loss 13.1909 | Val Loss 13.3665 MAE 0.3691 R2 0.7797
2026-08-26 21:11:47 | Epoch  57/100 | Train Loss 13.1547 | Val Loss 13.3205 MAE 0.3635 R2 0.7900
2026-08-26 21:11:47 |   Val R2 improved to 0.7900, model saved
2026-08-26 21:11:47 | Epoch  58/100 | Train Loss 13.1765 | Val Loss 13.2770 MAE 0.3650 R2 0.7826
2026-08-26 21:11:47 | Epoch  59/100 | Train Loss 13.0843 | Val Loss 13.2514 MAE 0.3637 R2 0.7876
2026-08-26 21:11:48 | Epoch  60/100 | Train Loss 13.1088 | Val Loss 13.1936 MAE 0.3646 R2 0.7893
2026-08-26 21:11:48 | Epoch  61/100 | Train Loss 13.0229 | Val Loss 13.2495 MAE 0.3629 R2 0.7826
2026-08-26 21:11:48 | Epoch  62/100 | Train Loss 13.0107 | Val Loss 13.2735 MAE 0.3841 R2 0.7860
2026-08-26 21:11:48 | Epoch  63/100 | Train Loss 13.1048 | Val Loss 13.2385 MAE 0.3667 R2 0.7892
2026-08-26 21:11:49 | Epoch  64/100 | Train Loss 12.9900 | Val Loss 13.2237 MAE 0.3607 R2 0.7911
2026-08-26 21:11:49 |   Val R2 improved to 0.7911, model saved
2026-08-26 21:11:49 | Epoch  65/100 | Train Loss 12.9680 | Val Loss 13.1788 MAE 0.3583 R2 0.7924
2026-08-26 21:11:49 |   Val R2 improved to 0.7924, model saved
2026-08-26 21:11:50 | Epoch  66/100 | Train Loss 12.9837 | Val Loss 13.2571 MAE 0.3821 R2 0.7863
2026-08-26 21:11:50 | Epoch  67/100 | Train Loss 12.9433 | Val Loss 13.1976 MAE 0.3677 R2 0.7917
2026-08-26 21:11:50 | Epoch  68/100 | Train Loss 12.9268 | Val Loss 13.1627 MAE 0.3750 R2 0.7884
2026-08-26 21:11:51 | Epoch  69/100 | Train Loss 12.8666 | Val Loss 13.1385 MAE 0.3681 R2 0.7919
2026-08-26 21:11:51 | Epoch  70/100 | Train Loss 12.8705 | Val Loss 13.1111 MAE 0.3682 R2 0.7913
2026-08-26 21:11:51 | Epoch  71/100 | Train Loss 12.7990 | Val Loss 13.1143 MAE 0.3655 R2 0.7920
2026-08-26 21:11:52 | Epoch  72/100 | Train Loss 12.8482 | Val Loss 13.0734 MAE 0.3541 R2 0.7953
2026-08-26 21:11:52 |   Val R2 improved to 0.7953, model saved
2026-08-26 21:11:52 | Epoch  73/100 | Train Loss 12.8066 | Val Loss 13.1064 MAE 0.3616 R2 0.7835
2026-08-26 21:11:52 | Epoch  74/100 | Train Loss 12.7789 | Val Loss 13.1130 MAE 0.3585 R2 0.7952
2026-08-26 21:11:52 | Epoch  75/100 | Train Loss 12.7296 | Val Loss 13.0298 MAE 0.3595 R2 0.7974
2026-08-26 21:11:52 |   Val R2 improved to 0.7974, model saved
2026-08-26 21:11:53 | Epoch  76/100 | Train Loss 12.7332 | Val Loss 13.0254 MAE 0.3540 R2 0.7982
2026-08-26 21:11:53 |   Val R2 improved to 0.7982, model saved
2026-08-26 21:11:53 | Epoch  77/100 | Train Loss 12.7056 | Val Loss 13.0294 MAE 0.3523 R2 0.7969
2026-08-26 21:11:53 | Epoch  78/100 | Train Loss 12.6859 | Val Loss 12.9845 MAE 0.3538 R2 0.7964
2026-08-26 21:11:53 | Epoch  79/100 | Train Loss 12.7297 | Val Loss 13.0359 MAE 0.3573 R2 0.7927
2026-08-26 21:11:54 | Epoch  80/100 | Train Loss 12.7154 | Val Loss 12.9564 MAE 0.3574 R2 0.7981
2026-08-26 21:11:54 | Epoch  81/100 | Train Loss 12.6187 | Val Loss 12.9734 MAE 0.3571 R2 0.7943
2026-08-26 21:11:54 | Epoch  82/100 | Train Loss 12.6479 | Val Loss 13.0276 MAE 0.3564 R2 0.7953
2026-08-26 21:11:54 | Epoch  83/100 | Train Loss 12.6235 | Val Loss 12.9929 MAE 0.3569 R2 0.7970
2026-08-26 21:11:55 | Epoch  84/100 | Train Loss 12.6218 | Val Loss 12.9789 MAE 0.3522 R2 0.7996
2026-08-26 21:11:55 |   Val R2 improved to 0.7996, model saved
2026-08-26 21:11:55 | Epoch  85/100 | Train Loss 12.6184 | Val Loss 13.0533 MAE 0.3589 R2 0.7981
2026-08-26 21:11:55 | Epoch  86/100 | Train Loss 12.6138 | Val Loss 13.0027 MAE 0.3521 R2 0.7976
2026-08-26 21:11:56 | Epoch  87/100 | Train Loss 12.5802 | Val Loss 12.9688 MAE 0.3557 R2 0.7978
2026-08-26 21:11:56 | Epoch  88/100 | Train Loss 12.5068 | Val Loss 12.9095 MAE 0.3551 R2 0.7981
2026-08-26 21:11:56 | Epoch  89/100 | Train Loss 12.5022 | Val Loss 12.9285 MAE 0.3522 R2 0.7980
2026-08-26 21:11:56 | Epoch  90/100 | Train Loss 12.5482 | Val Loss 12.8973 MAE 0.3527 R2 0.8016
2026-08-26 21:11:57 |   Val R2 improved to 0.8016, model saved
2026-08-26 21:11:57 | Epoch  91/100 | Train Loss 12.4575 | Val Loss 13.0009 MAE 0.3697 R2 0.7908
2026-08-26 21:11:57 | Epoch  92/100 | Train Loss 12.4786 | Val Loss 12.9052 MAE 0.3551 R2 0.8001
2026-08-26 21:11:57 | Epoch  93/100 | Train Loss 12.4636 | Val Loss 12.9248 MAE 0.3608 R2 0.7993
2026-08-26 21:11:58 | Epoch  94/100 | Train Loss 12.4181 | Val Loss 12.8432 MAE 0.3526 R2 0.8017
2026-08-26 21:11:58 |   Val R2 improved to 0.8017, model saved
2026-08-26 21:11:58 | Epoch  95/100 | Train Loss 12.3532 | Val Loss 12.8488 MAE 0.3539 R2 0.7995
2026-08-26 21:11:58 | Epoch  96/100 | Train Loss 12.4091 | Val Loss 12.9386 MAE 0.3681 R2 0.7975
2026-08-26 21:11:59 | Epoch  97/100 | Train Loss 12.4421 | Val Loss 12.8809 MAE 0.3637 R2 0.7987
2026-08-26 21:11:59 | Epoch  98/100 | Train Loss 12.4129 | Val Loss 12.8800 MAE 0.3518 R2 0.8006
2026-08-26 21:11:59 | Epoch  99/100 | Train Loss 12.3879 | Val Loss 12.8408 MAE 0.3579 R2 0.8012
2026-08-26 21:11:59 | Epoch 100/100 | Train Loss 12.3157 | Val Loss 12.8404 MAE 0.3609 R2 0.7942
2026-08-26 21:11:59 | Run 4/5 | Test (best model @ Epoch 94) | Loss 12.9117 MAE 0.3516 R2 0.7933
2026-08-26 21:11:59 | ===== Run 5/5 (seed 4) =====
2026-08-26 21:12:00 | Epoch   1/100 | Train Loss 24.3539 | Val Loss 19.4697 MAE 0.5989 R2 0.4447
2026-08-26 21:12:00 |   Val R2 improved to 0.4447, model saved
2026-08-26 21:12:00 | Epoch   2/100 | Train Loss 18.9130 | Val Loss 17.1917 MAE 0.5205 R2 0.6154
2026-08-26 21:12:00 |   Val R2 improved to 0.6154, model saved
2026-08-26 21:12:01 | Epoch   3/100 | Train Loss 17.4551 | Val Loss 16.3884 MAE 0.4966 R2 0.6523
2026-08-26 21:12:01 |   Val R2 improved to 0.6523, model saved
2026-08-26 21:12:01 | Epoch   4/100 | Train Loss 16.7469 | Val Loss 15.8388 MAE 0.4774 R2 0.6542
2026-08-26 21:12:01 |   Val R2 improved to 0.6542, model saved
2026-08-26 21:12:01 | Epoch   5/100 | Train Loss 16.2534 | Val Loss 15.3162 MAE 0.4638 R2 0.6754
2026-08-26 21:12:01 |   Val R2 improved to 0.6754, model saved
2026-08-26 21:12:02 | Epoch   6/100 | Train Loss 15.8862 | Val Loss 15.1844 MAE 0.4528 R2 0.6885
2026-08-26 21:12:02 |   Val R2 improved to 0.6885, model saved
2026-08-26 21:12:02 | Epoch   7/100 | Train Loss 15.5883 | Val Loss 14.8496 MAE 0.4505 R2 0.6902
2026-08-26 21:12:02 |   Val R2 improved to 0.6902, model saved
2026-08-26 21:12:02 | Epoch   8/100 | Train Loss 15.3427 | Val Loss 14.7407 MAE 0.4461 R2 0.7019
2026-08-26 21:12:02 |   Val R2 improved to 0.7019, model saved
2026-08-26 21:12:02 | Epoch   9/100 | Train Loss 15.1968 | Val Loss 14.4654 MAE 0.4327 R2 0.7251
2026-08-26 21:12:02 |   Val R2 improved to 0.7251, model saved
2026-08-26 21:12:03 | Epoch  10/100 | Train Loss 14.9326 | Val Loss 14.3563 MAE 0.4215 R2 0.7340
2026-08-26 21:12:03 |   Val R2 improved to 0.7340, model saved
2026-08-26 21:12:03 | Epoch  11/100 | Train Loss 14.7755 | Val Loss 14.1692 MAE 0.4226 R2 0.7256
2026-08-26 21:12:03 | Epoch  12/100 | Train Loss 14.6145 | Val Loss 14.1184 MAE 0.4203 R2 0.7195
2026-08-26 21:12:03 | Epoch  13/100 | Train Loss 14.4607 | Val Loss 13.9980 MAE 0.4290 R2 0.7092
2026-08-26 21:12:04 | Epoch  14/100 | Train Loss 14.3198 | Val Loss 13.8942 MAE 0.4104 R2 0.7382
2026-08-26 21:12:04 |   Val R2 improved to 0.7382, model saved
2026-08-26 21:12:04 | Epoch  15/100 | Train Loss 14.2930 | Val Loss 13.9166 MAE 0.4126 R2 0.7365
2026-08-26 21:12:05 | Epoch  16/100 | Train Loss 14.1350 | Val Loss 13.7732 MAE 0.4048 R2 0.7486
2026-08-26 21:12:05 |   Val R2 improved to 0.7486, model saved
2026-08-26 21:12:05 | Epoch  17/100 | Train Loss 14.0484 | Val Loss 13.6550 MAE 0.4097 R2 0.7362
2026-08-26 21:12:05 | Epoch  18/100 | Train Loss 13.9820 | Val Loss 13.5963 MAE 0.4103 R2 0.7455
2026-08-26 21:12:06 | Epoch  19/100 | Train Loss 13.8969 | Val Loss 13.4926 MAE 0.3996 R2 0.7510
2026-08-26 21:12:06 |   Val R2 improved to 0.7510, model saved
2026-08-26 21:12:06 | Epoch  20/100 | Train Loss 13.7868 | Val Loss 13.4514 MAE 0.4004 R2 0.7547
2026-08-26 21:12:06 |   Val R2 improved to 0.7547, model saved
2026-08-26 21:12:06 | Epoch  21/100 | Train Loss 13.7784 | Val Loss 13.4987 MAE 0.3995 R2 0.7514
2026-08-26 21:12:07 | Epoch  22/100 | Train Loss 13.6929 | Val Loss 13.3370 MAE 0.3999 R2 0.7597
2026-08-26 21:12:07 |   Val R2 improved to 0.7597, model saved
2026-08-26 21:12:07 | Epoch  23/100 | Train Loss 13.6366 | Val Loss 13.2961 MAE 0.4002 R2 0.7517
2026-08-26 21:12:07 | Epoch  24/100 | Train Loss 13.5316 | Val Loss 13.2279 MAE 0.3960 R2 0.7574
2026-08-26 21:12:08 | Epoch  25/100 | Train Loss 13.4515 | Val Loss 13.2377 MAE 0.3898 R2 0.7599
2026-08-26 21:12:08 |   Val R2 improved to 0.7599, model saved
2026-08-26 21:12:08 | Epoch  26/100 | Train Loss 13.3826 | Val Loss 13.1557 MAE 0.3848 R2 0.7637
2026-08-26 21:12:08 |   Val R2 improved to 0.7637, model saved
2026-08-26 21:12:09 | Epoch  27/100 | Train Loss 13.3687 | Val Loss 13.1396 MAE 0.3848 R2 0.7690
2026-08-26 21:12:09 |   Val R2 improved to 0.7690, model saved
2026-08-26 21:12:09 | Epoch  28/100 | Train Loss 13.3030 | Val Loss 13.0906 MAE 0.3971 R2 0.7477
2026-08-26 21:12:09 | Epoch  29/100 | Train Loss 13.2358 | Val Loss 13.0424 MAE 0.3946 R2 0.7589
2026-08-26 21:12:10 | Epoch  30/100 | Train Loss 13.1823 | Val Loss 13.0861 MAE 0.3974 R2 0.7534
2026-08-26 21:12:10 | Epoch  31/100 | Train Loss 13.1929 | Val Loss 13.0104 MAE 0.3855 R2 0.7561
2026-08-26 21:12:10 | Epoch  32/100 | Train Loss 13.0698 | Val Loss 12.9930 MAE 0.3840 R2 0.7663
2026-08-26 21:12:10 | Epoch  33/100 | Train Loss 13.0459 | Val Loss 12.8888 MAE 0.3748 R2 0.7776
2026-08-26 21:12:11 |   Val R2 improved to 0.7776, model saved
2026-08-26 21:12:11 | Epoch  34/100 | Train Loss 13.0229 | Val Loss 12.8713 MAE 0.3747 R2 0.7761
2026-08-26 21:12:11 | Epoch  35/100 | Train Loss 12.9967 | Val Loss 12.9089 MAE 0.3818 R2 0.7744
2026-08-26 21:12:11 | Epoch  36/100 | Train Loss 12.9600 | Val Loss 12.8194 MAE 0.3772 R2 0.7769
2026-08-26 21:12:11 | Epoch  37/100 | Train Loss 12.8958 | Val Loss 12.7865 MAE 0.3733 R2 0.7786
2026-08-26 21:12:11 |   Val R2 improved to 0.7786, model saved
2026-08-26 21:12:12 | Epoch  38/100 | Train Loss 12.8592 | Val Loss 12.8845 MAE 0.3825 R2 0.7648
2026-08-26 21:12:12 | Epoch  39/100 | Train Loss 12.8546 | Val Loss 12.7882 MAE 0.3714 R2 0.7777
2026-08-26 21:12:12 | Epoch  40/100 | Train Loss 12.8144 | Val Loss 12.7863 MAE 0.3706 R2 0.7807
2026-08-26 21:12:12 |   Val R2 improved to 0.7807, model saved
2026-08-26 21:12:12 | Epoch  41/100 | Train Loss 12.8554 | Val Loss 12.7393 MAE 0.3730 R2 0.7732
2026-08-26 21:12:13 | Epoch  42/100 | Train Loss 12.7856 | Val Loss 12.7252 MAE 0.3693 R2 0.7832
2026-08-26 21:12:13 |   Val R2 improved to 0.7832, model saved
2026-08-26 21:12:13 | Epoch  43/100 | Train Loss 12.7653 | Val Loss 12.8208 MAE 0.3766 R2 0.7829
2026-08-26 21:12:13 | Epoch  44/100 | Train Loss 12.7333 | Val Loss 12.6778 MAE 0.3789 R2 0.7700
2026-08-26 21:12:14 | Epoch  45/100 | Train Loss 12.6742 | Val Loss 12.6205 MAE 0.3755 R2 0.7827
2026-08-26 21:12:14 | Epoch  46/100 | Train Loss 12.6331 | Val Loss 12.6228 MAE 0.3765 R2 0.7848
2026-08-26 21:12:14 |   Val R2 improved to 0.7848, model saved
2026-08-26 21:12:14 | Epoch  47/100 | Train Loss 12.6052 | Val Loss 12.6468 MAE 0.3753 R2 0.7847
2026-08-26 21:12:14 | Epoch  48/100 | Train Loss 12.6206 | Val Loss 12.6499 MAE 0.3666 R2 0.7814
2026-08-26 21:12:15 | Epoch  49/100 | Train Loss 12.5623 | Val Loss 12.5784 MAE 0.3634 R2 0.7818
2026-08-26 21:12:15 | Epoch  50/100 | Train Loss 12.5241 | Val Loss 12.5527 MAE 0.3639 R2 0.7844
2026-08-26 21:12:15 | Epoch  51/100 | Train Loss 12.5207 | Val Loss 12.5240 MAE 0.3633 R2 0.7883
2026-08-26 21:12:15 |   Val R2 improved to 0.7883, model saved
2026-08-26 21:12:15 | Epoch  52/100 | Train Loss 12.4624 | Val Loss 12.5370 MAE 0.3653 R2 0.7790
2026-08-26 21:12:16 | Epoch  53/100 | Train Loss 12.5131 | Val Loss 12.5295 MAE 0.3624 R2 0.7899
2026-08-26 21:12:16 |   Val R2 improved to 0.7899, model saved
2026-08-26 21:12:16 | Epoch  54/100 | Train Loss 12.4310 | Val Loss 12.5090 MAE 0.3668 R2 0.7909
2026-08-26 21:12:16 |   Val R2 improved to 0.7909, model saved
2026-08-26 21:12:16 | Epoch  55/100 | Train Loss 12.4234 | Val Loss 12.5110 MAE 0.3664 R2 0.7867
2026-08-26 21:12:16 | Epoch  56/100 | Train Loss 12.4005 | Val Loss 12.4958 MAE 0.3630 R2 0.7892
2026-08-26 21:12:17 | Epoch  57/100 | Train Loss 12.3730 | Val Loss 12.4637 MAE 0.3622 R2 0.7934
2026-08-26 21:12:17 |   Val R2 improved to 0.7934, model saved
2026-08-26 21:12:17 | Epoch  58/100 | Train Loss 12.3506 | Val Loss 12.4127 MAE 0.3598 R2 0.7920
2026-08-26 21:12:17 | Epoch  59/100 | Train Loss 12.3253 | Val Loss 12.3935 MAE 0.3606 R2 0.7854
2026-08-26 21:12:17 | Epoch  60/100 | Train Loss 12.3769 | Val Loss 12.4325 MAE 0.3637 R2 0.7913
2026-08-26 21:12:18 | Epoch  61/100 | Train Loss 12.2861 | Val Loss 12.4582 MAE 0.3653 R2 0.7888
2026-08-26 21:12:18 | Epoch  62/100 | Train Loss 12.2311 | Val Loss 12.3640 MAE 0.3676 R2 0.7923
2026-08-26 21:12:18 | Epoch  63/100 | Train Loss 12.2058 | Val Loss 12.3554 MAE 0.3613 R2 0.7893
2026-08-26 21:12:18 | Epoch  64/100 | Train Loss 12.1953 | Val Loss 12.3556 MAE 0.3608 R2 0.7940
2026-08-26 21:12:18 |   Val R2 improved to 0.7940, model saved
2026-08-26 21:12:19 | Epoch  65/100 | Train Loss 12.2124 | Val Loss 12.3784 MAE 0.3637 R2 0.7900
2026-08-26 21:12:19 | Epoch  66/100 | Train Loss 12.2174 | Val Loss 12.3569 MAE 0.3646 R2 0.7941
2026-08-26 21:12:19 |   Val R2 improved to 0.7941, model saved
2026-08-26 21:12:19 | Epoch  67/100 | Train Loss 12.2025 | Val Loss 12.3679 MAE 0.3635 R2 0.7838
2026-08-26 21:12:20 | Epoch  68/100 | Train Loss 12.1614 | Val Loss 12.3651 MAE 0.3573 R2 0.7920
2026-08-26 21:12:20 | Epoch  69/100 | Train Loss 12.2045 | Val Loss 12.3469 MAE 0.3567 R2 0.7956
2026-08-26 21:12:20 |   Val R2 improved to 0.7956, model saved
2026-08-26 21:12:20 | Epoch  70/100 | Train Loss 12.1136 | Val Loss 12.3440 MAE 0.3573 R2 0.7921
2026-08-26 21:12:20 | Epoch  71/100 | Train Loss 12.0748 | Val Loss 12.2848 MAE 0.3600 R2 0.7961
2026-08-26 21:12:20 |   Val R2 improved to 0.7961, model saved
2026-08-26 21:12:20 | Epoch  72/100 | Train Loss 12.0776 | Val Loss 12.3193 MAE 0.3645 R2 0.7935
2026-08-26 21:12:21 | Epoch  73/100 | Train Loss 12.0508 | Val Loss 12.2288 MAE 0.3605 R2 0.7963
2026-08-26 21:12:21 |   Val R2 improved to 0.7963, model saved
2026-08-26 21:12:21 | Epoch  74/100 | Train Loss 11.9982 | Val Loss 12.3159 MAE 0.3598 R2 0.7939
2026-08-26 21:12:21 | Epoch  75/100 | Train Loss 12.0628 | Val Loss 12.2427 MAE 0.3584 R2 0.7982
2026-08-26 21:12:21 |   Val R2 improved to 0.7982, model saved
2026-08-26 21:12:22 | Epoch  76/100 | Train Loss 12.0136 | Val Loss 12.2221 MAE 0.3683 R2 0.7950
2026-08-26 21:12:22 | Epoch  77/100 | Train Loss 11.9912 | Val Loss 12.2254 MAE 0.3620 R2 0.7971
2026-08-26 21:12:22 | Epoch  78/100 | Train Loss 11.9460 | Val Loss 12.2458 MAE 0.3609 R2 0.7904
2026-08-26 21:12:23 | Epoch  79/100 | Train Loss 11.9864 | Val Loss 12.2231 MAE 0.3579 R2 0.7965
2026-08-26 21:12:23 | Epoch  80/100 | Train Loss 11.9143 | Val Loss 12.2059 MAE 0.3593 R2 0.7987
2026-08-26 21:12:23 |   Val R2 improved to 0.7987, model saved
2026-08-26 21:12:23 | Epoch  81/100 | Train Loss 11.9358 | Val Loss 12.2180 MAE 0.3560 R2 0.7959
2026-08-26 21:12:24 | Epoch  82/100 | Train Loss 11.8989 | Val Loss 12.2017 MAE 0.3586 R2 0.7986
2026-08-26 21:12:24 | Epoch  83/100 | Train Loss 11.9090 | Val Loss 12.1565 MAE 0.3564 R2 0.8003
2026-08-26 21:12:24 |   Val R2 improved to 0.8003, model saved
2026-08-26 21:12:24 | Epoch  84/100 | Train Loss 11.8173 | Val Loss 12.1402 MAE 0.3541 R2 0.7988
2026-08-26 21:12:24 | Epoch  85/100 | Train Loss 11.8270 | Val Loss 12.1233 MAE 0.3550 R2 0.7960
2026-08-26 21:12:24 | Epoch  86/100 | Train Loss 11.8110 | Val Loss 12.1145 MAE 0.3553 R2 0.7992
2026-08-26 21:12:25 | Epoch  87/100 | Train Loss 11.8196 | Val Loss 12.1356 MAE 0.3545 R2 0.7993
2026-08-26 21:12:25 | Epoch  88/100 | Train Loss 11.8320 | Val Loss 12.0945 MAE 0.3528 R2 0.8006
2026-08-26 21:12:25 |   Val R2 improved to 0.8006, model saved
2026-08-26 21:12:25 | Epoch  89/100 | Train Loss 11.8082 | Val Loss 12.0893 MAE 0.3607 R2 0.7950
2026-08-26 21:12:26 | Epoch  90/100 | Train Loss 11.7522 | Val Loss 12.0559 MAE 0.3526 R2 0.8004
2026-08-26 21:12:26 | Epoch  91/100 | Train Loss 11.7402 | Val Loss 12.0716 MAE 0.3568 R2 0.7999
2026-08-26 21:12:26 | Epoch  92/100 | Train Loss 11.7726 | Val Loss 12.0850 MAE 0.3583 R2 0.7993
2026-08-26 21:12:26 | Epoch  93/100 | Train Loss 11.7555 | Val Loss 12.0520 MAE 0.3611 R2 0.7985
2026-08-26 21:12:26 | Epoch  94/100 | Train Loss 11.7307 | Val Loss 12.0487 MAE 0.3521 R2 0.8006
2026-08-26 21:12:27 | Epoch  95/100 | Train Loss 11.6631 | Val Loss 12.0596 MAE 0.3558 R2 0.7981
2026-08-26 21:12:27 | Epoch  96/100 | Train Loss 11.7145 | Val Loss 12.0799 MAE 0.3537 R2 0.7997
2026-08-26 21:12:27 | Epoch  97/100 | Train Loss 11.6421 | Val Loss 12.0519 MAE 0.3589 R2 0.8006
2026-08-26 21:12:27 | Epoch  98/100 | Train Loss 11.6418 | Val Loss 12.0484 MAE 0.3649 R2 0.7997
2026-08-26 21:12:27 | Val R2 did not improve for 10 consecutive epochs, early stopping at Epoch 98 (best R2 0.8006 @ Epoch 88)
2026-08-26 21:12:27 | Run 5/5 | Test (best model @ Epoch 88) | Loss 12.0929 MAE 0.3508 R2 0.7926
2026-08-26 21:12:27 | Average over 5 runs | Test Loss 12.8877±0.5212 MAE 0.3504±0.0020 R2 0.7929±0.0016
