2026-08-27 04:34:22 | Device: cuda
2026-08-27 04:34:22 | Args: {'model': 'fgib', 'backbone': 'rnn', 'task': 'agnews', 'epochs': 100, 'batch_size': 512, 'lr': 0.001, 'hidden_dims': [512, 256], 'dropout': 0.2, 'z_dim': 256, 'anchor_scale': 8.0, 'max_len': 250, 'random_labels': False, 'beta': 0.001, 'patience': 10, 'runs': 5, 'seed': 0, 'data_dir': './data', 'save_path': 'output/agnews_rnn_fgib/agnews_rnn_fgib.pt', 'log_path': '/root/autodl-tmp/FGIB/tune_results/agnews_rnn_fgib_beta_0.001_anchor_8/train.log', 'no_save': True}
2026-08-27 04:34:22 | AG News 特征文件：agnews_bert_base_layer10_pca50_features.npy（input_dim=50）
2026-08-27 04:34:22 | AG News 预处理缓存：mmap 共享 ./data/agnews/agnews_bert_base_layer10_pca50_features_fp32.npy
2026-08-27 04:34:22 | AG News BERT 特征划分（60/20/20 分层）：train 76560 / val 25520 / test 25520（共 127600 条）
2026-08-27 04:34:22 | ===== Run 1/5 (seed 0) =====
2026-08-27 04:35:20 | Epoch   1/100 | Train Loss 0.5790 Acc 0.8020 | Val Loss 0.3914 Acc 0.8706 AUC 0.9696 Pre 0.8729 Rec 0.8706
2026-08-27 04:35:21 |   Val AUC improved to 0.9696, model saved
2026-08-27 04:36:12 | Epoch   2/100 | Train Loss 0.3546 Acc 0.8840 | Val Loss 0.3137 Acc 0.8955 AUC 0.9781 Pre 0.8960 Rec 0.8955
2026-08-27 04:36:13 |   Val AUC improved to 0.9781, model saved
2026-08-27 04:37:03 | Epoch   3/100 | Train Loss 0.3112 Acc 0.8964 | Val Loss 0.2961 Acc 0.8993 AUC 0.9804 Pre 0.8994 Rec 0.8993
2026-08-27 04:37:04 |   Val AUC improved to 0.9804, model saved
2026-08-27 04:37:55 | Epoch   4/100 | Train Loss 0.2852 Acc 0.9033 | Val Loss 0.2787 Acc 0.9042 AUC 0.9829 Pre 0.9038 Rec 0.9042
2026-08-27 04:37:56 |   Val AUC improved to 0.9829, model saved
2026-08-27 04:38:48 | Epoch   5/100 | Train Loss 0.2635 Acc 0.9097 | Val Loss 0.2632 Acc 0.9098 AUC 0.9849 Pre 0.9105 Rec 0.9098
2026-08-27 04:38:50 |   Val AUC improved to 0.9849, model saved
2026-08-27 04:39:45 | Epoch   6/100 | Train Loss 0.2447 Acc 0.9162 | Val Loss 0.2540 Acc 0.9145 AUC 0.9862 Pre 0.9152 Rec 0.9145
2026-08-27 04:39:46 |   Val AUC improved to 0.9862, model saved
2026-08-27 04:40:39 | Epoch   7/100 | Train Loss 0.2239 Acc 0.9221 | Val Loss 0.2341 Acc 0.9183 AUC 0.9883 Pre 0.9183 Rec 0.9183
2026-08-27 04:40:40 |   Val AUC improved to 0.9883, model saved
2026-08-27 04:41:35 | Epoch   8/100 | Train Loss 0.2055 Acc 0.9294 | Val Loss 0.2232 Acc 0.9215 AUC 0.9889 Pre 0.9218 Rec 0.9215
2026-08-27 04:41:37 |   Val AUC improved to 0.9889, model saved
2026-08-27 04:42:28 | Epoch   9/100 | Train Loss 0.1942 Acc 0.9333 | Val Loss 0.2234 Acc 0.9214 AUC 0.9891 Pre 0.9231 Rec 0.9214
2026-08-27 04:42:30 |   Val AUC improved to 0.9891, model saved
2026-08-27 04:43:21 | Epoch  10/100 | Train Loss 0.1783 Acc 0.9385 | Val Loss 0.2157 Acc 0.9263 AUC 0.9896 Pre 0.9269 Rec 0.9263
2026-08-27 04:43:23 |   Val AUC improved to 0.9896, model saved
2026-08-27 04:44:18 | Epoch  11/100 | Train Loss 0.1676 Acc 0.9419 | Val Loss 0.2146 Acc 0.9258 AUC 0.9893 Pre 0.9261 Rec 0.9258
2026-08-27 04:45:10 | Epoch  12/100 | Train Loss 0.1534 Acc 0.9473 | Val Loss 0.2277 Acc 0.9234 AUC 0.9889 Pre 0.9243 Rec 0.9234
2026-08-27 04:46:04 | Epoch  13/100 | Train Loss 0.1419 Acc 0.9515 | Val Loss 0.2388 Acc 0.9232 AUC 0.9886 Pre 0.9242 Rec 0.9232
2026-08-27 04:47:00 | Epoch  14/100 | Train Loss 0.1313 Acc 0.9544 | Val Loss 0.2365 Acc 0.9242 AUC 0.9886 Pre 0.9248 Rec 0.9242
2026-08-27 04:47:55 | Epoch  15/100 | Train Loss 0.1207 Acc 0.9590 | Val Loss 0.2392 Acc 0.9250 AUC 0.9886 Pre 0.9254 Rec 0.9250
2026-08-27 04:48:50 | Epoch  16/100 | Train Loss 0.1075 Acc 0.9640 | Val Loss 0.2417 Acc 0.9237 AUC 0.9888 Pre 0.9243 Rec 0.9237
2026-08-27 04:49:46 | Epoch  17/100 | Train Loss 0.0966 Acc 0.9679 | Val Loss 0.2668 Acc 0.9196 AUC 0.9875 Pre 0.9198 Rec 0.9196
2026-08-27 04:50:42 | Epoch  18/100 | Train Loss 0.0853 Acc 0.9719 | Val Loss 0.2638 Acc 0.9224 AUC 0.9876 Pre 0.9226 Rec 0.9224
2026-08-27 04:51:37 | Epoch  19/100 | Train Loss 0.0704 Acc 0.9772 | Val Loss 0.2866 Acc 0.9223 AUC 0.9874 Pre 0.9227 Rec 0.9223
2026-08-27 04:52:30 | Epoch  20/100 | Train Loss 0.0665 Acc 0.9783 | Val Loss 0.2809 Acc 0.9200 AUC 0.9873 Pre 0.9203 Rec 0.9200
2026-08-27 04:52:30 | Val AUC did not improve for 10 consecutive epochs, early stopping at Epoch 20 (best AUC 0.9896 @ Epoch 10)
2026-08-27 04:52:42 | Run 1/5 | Test (best model @ Epoch 10) | Loss 0.2091 Acc 0.9279 AUC 0.9903 Pre 0.9283 Rec 0.9279
2026-08-27 04:52:42 | ===== Run 2/5 (seed 1) =====
2026-08-27 04:53:34 | Epoch   1/100 | Train Loss 0.6288 Acc 0.7905 | Val Loss 0.4287 Acc 0.8678 AUC 0.9641 Pre 0.8704 Rec 0.8678
2026-08-27 04:53:35 |   Val AUC improved to 0.9641, model saved
2026-08-27 04:54:27 | Epoch   2/100 | Train Loss 0.3950 Acc 0.8749 | Val Loss 0.3544 Acc 0.8844 AUC 0.9744 Pre 0.8848 Rec 0.8844
2026-08-27 04:54:28 |   Val AUC improved to 0.9744, model saved
2026-08-27 04:55:20 | Epoch   3/100 | Train Loss 0.3545 Acc 0.8824 | Val Loss 0.3316 Acc 0.8890 AUC 0.9773 Pre 0.8911 Rec 0.8890
2026-08-27 04:55:21 |   Val AUC improved to 0.9773, model saved
2026-08-27 04:56:12 | Epoch   4/100 | Train Loss 0.3111 Acc 0.8963 | Val Loss 0.3013 Acc 0.8955 AUC 0.9805 Pre 0.8987 Rec 0.8955
2026-08-27 04:56:13 |   Val AUC improved to 0.9805, model saved
2026-08-27 04:57:05 | Epoch   5/100 | Train Loss 0.2885 Acc 0.9033 | Val Loss 0.2781 Acc 0.9053 AUC 0.9832 Pre 0.9067 Rec 0.9053
2026-08-27 04:57:06 |   Val AUC improved to 0.9832, model saved
2026-08-27 04:57:58 | Epoch   6/100 | Train Loss 0.2777 Acc 0.9064 | Val Loss 0.3133 Acc 0.8930 AUC 0.9804 Pre 0.8945 Rec 0.8930
2026-08-27 04:58:49 | Epoch   7/100 | Train Loss 0.2650 Acc 0.9093 | Val Loss 0.2574 Acc 0.9098 AUC 0.9858 Pre 0.9095 Rec 0.9098
2026-08-27 04:58:50 |   Val AUC improved to 0.9858, model saved
2026-08-27 04:59:42 | Epoch   8/100 | Train Loss 0.2346 Acc 0.9183 | Val Loss 0.2389 Acc 0.9145 AUC 0.9874 Pre 0.9159 Rec 0.9145
2026-08-27 04:59:43 |   Val AUC improved to 0.9874, model saved
2026-08-27 05:00:34 | Epoch   9/100 | Train Loss 0.2177 Acc 0.9243 | Val Loss 0.2275 Acc 0.9191 AUC 0.9884 Pre 0.9189 Rec 0.9191
2026-08-27 05:00:36 |   Val AUC improved to 0.9884, model saved
2026-08-27 05:01:28 | Epoch  10/100 | Train Loss 0.2065 Acc 0.9283 | Val Loss 0.2247 Acc 0.9205 AUC 0.9888 Pre 0.9209 Rec 0.9205
2026-08-27 05:01:30 |   Val AUC improved to 0.9888, model saved
2026-08-27 05:02:21 | Epoch  11/100 | Train Loss 0.1937 Acc 0.9326 | Val Loss 0.2423 Acc 0.9171 AUC 0.9886 Pre 0.9201 Rec 0.9171
2026-08-27 05:03:12 | Epoch  12/100 | Train Loss 0.1848 Acc 0.9364 | Val Loss 0.2190 Acc 0.9238 AUC 0.9890 Pre 0.9240 Rec 0.9238
2026-08-27 05:03:13 |   Val AUC improved to 0.9890, model saved
2026-08-27 05:04:05 | Epoch  13/100 | Train Loss 0.1729 Acc 0.9400 | Val Loss 0.2305 Acc 0.9221 AUC 0.9890 Pre 0.9230 Rec 0.9221
2026-08-27 05:04:06 |   Val AUC improved to 0.9890, model saved
2026-08-27 05:05:00 | Epoch  14/100 | Train Loss 0.1616 Acc 0.9445 | Val Loss 0.2233 Acc 0.9240 AUC 0.9890 Pre 0.9249 Rec 0.9240
2026-08-27 05:05:01 |   Val AUC improved to 0.9890, model saved
2026-08-27 05:05:53 | Epoch  15/100 | Train Loss 0.1519 Acc 0.9468 | Val Loss 0.2311 Acc 0.9261 AUC 0.9889 Pre 0.9261 Rec 0.9261
2026-08-27 05:06:45 | Epoch  16/100 | Train Loss 0.1415 Acc 0.9515 | Val Loss 0.2388 Acc 0.9246 AUC 0.9888 Pre 0.9245 Rec 0.9246
2026-08-27 05:07:39 | Epoch  17/100 | Train Loss 0.1315 Acc 0.9543 | Val Loss 0.2416 Acc 0.9240 AUC 0.9885 Pre 0.9246 Rec 0.9240
2026-08-27 05:08:31 | Epoch  18/100 | Train Loss 0.1201 Acc 0.9586 | Val Loss 0.2491 Acc 0.9259 AUC 0.9887 Pre 0.9258 Rec 0.9259
2026-08-27 05:09:24 | Epoch  19/100 | Train Loss 0.1051 Acc 0.9646 | Val Loss 0.2570 Acc 0.9212 AUC 0.9876 Pre 0.9216 Rec 0.9212
2026-08-27 05:10:17 | Epoch  20/100 | Train Loss 0.0986 Acc 0.9666 | Val Loss 0.2694 Acc 0.9215 AUC 0.9875 Pre 0.9223 Rec 0.9215
2026-08-27 05:11:09 | Epoch  21/100 | Train Loss 0.0866 Acc 0.9712 | Val Loss 0.2839 Acc 0.9214 AUC 0.9869 Pre 0.9216 Rec 0.9214
2026-08-27 05:12:03 | Epoch  22/100 | Train Loss 0.0764 Acc 0.9750 | Val Loss 0.2906 Acc 0.9202 AUC 0.9869 Pre 0.9203 Rec 0.9202
2026-08-27 05:12:58 | Epoch  23/100 | Train Loss 0.0644 Acc 0.9795 | Val Loss 0.3238 Acc 0.9207 AUC 0.9864 Pre 0.9209 Rec 0.9207
2026-08-27 05:13:52 | Epoch  24/100 | Train Loss 0.0687 Acc 0.9778 | Val Loss 0.3053 Acc 0.9185 AUC 0.9865 Pre 0.9188 Rec 0.9185
2026-08-27 05:13:52 | Val AUC did not improve for 10 consecutive epochs, early stopping at Epoch 24 (best AUC 0.9890 @ Epoch 14)
2026-08-27 05:14:06 | Run 2/5 | Test (best model @ Epoch 14) | Loss 0.2114 Acc 0.9290 AUC 0.9901 Pre 0.9295 Rec 0.9290
2026-08-27 05:14:06 | ===== Run 3/5 (seed 2) =====
2026-08-27 05:14:58 | Epoch   1/100 | Train Loss 1.0946 Acc 0.5327 | Val Loss 0.6452 Acc 0.7969 AUC 0.9336 Pre 0.8137 Rec 0.7969
2026-08-27 05:14:59 |   Val AUC improved to 0.9336, model saved
2026-08-27 05:15:53 | Epoch   2/100 | Train Loss 0.4667 Acc 0.8523 | Val Loss 0.3584 Acc 0.8834 AUC 0.9735 Pre 0.8848 Rec 0.8834
2026-08-27 05:15:54 |   Val AUC improved to 0.9735, model saved
2026-08-27 05:16:48 | Epoch   3/100 | Train Loss 0.3411 Acc 0.8879 | Val Loss 0.3108 Acc 0.8958 AUC 0.9787 Pre 0.8970 Rec 0.8958
2026-08-27 05:16:49 |   Val AUC improved to 0.9787, model saved
2026-08-27 05:17:43 | Epoch   4/100 | Train Loss 0.3124 Acc 0.8959 | Val Loss 0.2977 Acc 0.8979 AUC 0.9808 Pre 0.9009 Rec 0.8979
2026-08-27 05:17:45 |   Val AUC improved to 0.9808, model saved
2026-08-27 05:18:36 | Epoch   5/100 | Train Loss 0.2928 Acc 0.9020 | Val Loss 0.2810 Acc 0.9027 AUC 0.9828 Pre 0.9033 Rec 0.9027
2026-08-27 05:18:37 |   Val AUC improved to 0.9828, model saved
2026-08-27 05:19:31 | Epoch   6/100 | Train Loss 0.2801 Acc 0.9048 | Val Loss 0.2646 Acc 0.9072 AUC 0.9842 Pre 0.9082 Rec 0.9072
2026-08-27 05:19:32 |   Val AUC improved to 0.9842, model saved
2026-08-27 05:20:25 | Epoch   7/100 | Train Loss 0.2657 Acc 0.9094 | Val Loss 0.2624 Acc 0.9093 AUC 0.9849 Pre 0.9093 Rec 0.9093
2026-08-27 05:20:27 |   Val AUC improved to 0.9849, model saved
2026-08-27 05:21:20 | Epoch   8/100 | Train Loss 0.2600 Acc 0.9101 | Val Loss 0.2521 Acc 0.9111 AUC 0.9858 Pre 0.9124 Rec 0.9111
2026-08-27 05:21:21 |   Val AUC improved to 0.9858, model saved
2026-08-27 05:22:14 | Epoch   9/100 | Train Loss 0.2452 Acc 0.9141 | Val Loss 0.2417 Acc 0.9145 AUC 0.9868 Pre 0.9151 Rec 0.9145
2026-08-27 05:22:15 |   Val AUC improved to 0.9868, model saved
2026-08-27 05:23:08 | Epoch  10/100 | Train Loss 0.2348 Acc 0.9179 | Val Loss 0.2426 Acc 0.9136 AUC 0.9871 Pre 0.9150 Rec 0.9136
2026-08-27 05:23:09 |   Val AUC improved to 0.9871, model saved
2026-08-27 05:24:04 | Epoch  11/100 | Train Loss 0.2246 Acc 0.9214 | Val Loss 0.2347 Acc 0.9183 AUC 0.9877 Pre 0.9184 Rec 0.9183
2026-08-27 05:24:05 |   Val AUC improved to 0.9877, model saved
2026-08-27 05:25:00 | Epoch  12/100 | Train Loss 0.2187 Acc 0.9234 | Val Loss 0.2374 Acc 0.9187 AUC 0.9879 Pre 0.9187 Rec 0.9187
2026-08-27 05:25:01 |   Val AUC improved to 0.9879, model saved
2026-08-27 05:25:53 | Epoch  13/100 | Train Loss 0.2101 Acc 0.9267 | Val Loss 0.2253 Acc 0.9221 AUC 0.9884 Pre 0.9225 Rec 0.9221
2026-08-27 05:25:54 |   Val AUC improved to 0.9884, model saved
2026-08-27 05:26:48 | Epoch  14/100 | Train Loss 0.2030 Acc 0.9289 | Val Loss 0.2288 Acc 0.9215 AUC 0.9886 Pre 0.9219 Rec 0.9215
2026-08-27 05:26:49 |   Val AUC improved to 0.9886, model saved
2026-08-27 05:27:41 | Epoch  15/100 | Train Loss 0.1977 Acc 0.9310 | Val Loss 0.2195 Acc 0.9234 AUC 0.9891 Pre 0.9238 Rec 0.9234
2026-08-27 05:27:42 |   Val AUC improved to 0.9891, model saved
2026-08-27 05:28:35 | Epoch  16/100 | Train Loss 0.1907 Acc 0.9338 | Val Loss 0.2214 Acc 0.9226 AUC 0.9889 Pre 0.9234 Rec 0.9226
2026-08-27 05:29:29 | Epoch  17/100 | Train Loss 0.1842 Acc 0.9360 | Val Loss 0.2161 Acc 0.9252 AUC 0.9891 Pre 0.9259 Rec 0.9252
2026-08-27 05:29:31 |   Val AUC improved to 0.9891, model saved
2026-08-27 05:30:24 | Epoch  18/100 | Train Loss 0.1769 Acc 0.9385 | Val Loss 0.2250 Acc 0.9237 AUC 0.9889 Pre 0.9242 Rec 0.9237
2026-08-27 05:31:18 | Epoch  19/100 | Train Loss 0.1714 Acc 0.9398 | Val Loss 0.2197 Acc 0.9240 AUC 0.9893 Pre 0.9241 Rec 0.9240
2026-08-27 05:31:19 |   Val AUC improved to 0.9893, model saved
2026-08-27 05:32:17 | Epoch  20/100 | Train Loss 0.1639 Acc 0.9432 | Val Loss 0.2245 Acc 0.9249 AUC 0.9891 Pre 0.9249 Rec 0.9249
2026-08-27 05:33:13 | Epoch  21/100 | Train Loss 0.1574 Acc 0.9461 | Val Loss 0.2263 Acc 0.9241 AUC 0.9889 Pre 0.9241 Rec 0.9241
2026-08-27 05:34:07 | Epoch  22/100 | Train Loss 0.1503 Acc 0.9483 | Val Loss 0.2306 Acc 0.9234 AUC 0.9885 Pre 0.9234 Rec 0.9234
2026-08-27 05:34:59 | Epoch  23/100 | Train Loss 0.1444 Acc 0.9498 | Val Loss 0.2344 Acc 0.9213 AUC 0.9882 Pre 0.9225 Rec 0.9213
2026-08-27 05:35:51 | Epoch  24/100 | Train Loss 0.1352 Acc 0.9530 | Val Loss 0.2634 Acc 0.9153 AUC 0.9872 Pre 0.9196 Rec 0.9153
2026-08-27 05:36:44 | Epoch  25/100 | Train Loss 0.1303 Acc 0.9554 | Val Loss 0.2464 Acc 0.9208 AUC 0.9880 Pre 0.9223 Rec 0.9208
2026-08-27 05:37:39 | Epoch  26/100 | Train Loss 0.1222 Acc 0.9578 | Val Loss 0.2387 Acc 0.9239 AUC 0.9879 Pre 0.9255 Rec 0.9239
2026-08-27 05:38:36 | Epoch  27/100 | Train Loss 0.1119 Acc 0.9627 | Val Loss 0.2608 Acc 0.9225 AUC 0.9877 Pre 0.9230 Rec 0.9225
2026-08-27 05:39:34 | Epoch  28/100 | Train Loss 0.1044 Acc 0.9649 | Val Loss 0.2583 Acc 0.9218 AUC 0.9876 Pre 0.9217 Rec 0.9218
2026-08-27 05:40:29 | Epoch  29/100 | Train Loss 0.1858 Acc 0.9345 | Val Loss 0.2422 Acc 0.9201 AUC 0.9876 Pre 0.9211 Rec 0.9201
2026-08-27 05:40:29 | Val AUC did not improve for 10 consecutive epochs, early stopping at Epoch 29 (best AUC 0.9893 @ Epoch 19)
2026-08-27 05:40:41 | Run 3/5 | Test (best model @ Epoch 19) | Loss 0.2118 Acc 0.9292 AUC 0.9900 Pre 0.9291 Rec 0.9292
2026-08-27 05:40:41 | ===== Run 4/5 (seed 3) =====
2026-08-27 05:41:35 | Epoch   1/100 | Train Loss 0.6955 Acc 0.7624 | Val Loss 0.5419 Acc 0.8231 AUC 0.9513 Pre 0.8306 Rec 0.8231
2026-08-27 05:41:36 |   Val AUC improved to 0.9513, model saved
2026-08-27 05:42:28 | Epoch   2/100 | Train Loss 0.4232 Acc 0.8674 | Val Loss 0.3845 Acc 0.8762 AUC 0.9706 Pre 0.8792 Rec 0.8762
2026-08-27 05:42:29 |   Val AUC improved to 0.9706, model saved
2026-08-27 05:43:23 | Epoch   3/100 | Train Loss 0.3897 Acc 0.8735 | Val Loss 0.3364 Acc 0.8887 AUC 0.9757 Pre 0.8894 Rec 0.8887
2026-08-27 05:43:24 |   Val AUC improved to 0.9757, model saved
2026-08-27 05:44:15 | Epoch   4/100 | Train Loss 0.3276 Acc 0.8914 | Val Loss 0.3024 Acc 0.8983 AUC 0.9799 Pre 0.8981 Rec 0.8983
2026-08-27 05:44:16 |   Val AUC improved to 0.9799, model saved
2026-08-27 05:45:06 | Epoch   5/100 | Train Loss 0.3043 Acc 0.8974 | Val Loss 0.2830 Acc 0.9022 AUC 0.9819 Pre 0.9037 Rec 0.9022
2026-08-27 05:45:07 |   Val AUC improved to 0.9819, model saved
2026-08-27 05:45:59 | Epoch   6/100 | Train Loss 0.3121 Acc 0.8956 | Val Loss 0.2871 Acc 0.9002 AUC 0.9816 Pre 0.8999 Rec 0.9002
2026-08-27 05:46:48 | Epoch   7/100 | Train Loss 0.2830 Acc 0.9046 | Val Loss 0.2886 Acc 0.9030 AUC 0.9830 Pre 0.9041 Rec 0.9030
2026-08-27 05:46:50 |   Val AUC improved to 0.9830, model saved
2026-08-27 05:47:41 | Epoch   8/100 | Train Loss 0.2682 Acc 0.9097 | Val Loss 0.2607 Acc 0.9112 AUC 0.9851 Pre 0.9128 Rec 0.9112
2026-08-27 05:47:42 |   Val AUC improved to 0.9851, model saved
2026-08-27 05:48:32 | Epoch   9/100 | Train Loss 0.2576 Acc 0.9124 | Val Loss 0.2808 Acc 0.9026 AUC 0.9841 Pre 0.9071 Rec 0.9026
2026-08-27 05:49:21 | Epoch  10/100 | Train Loss 0.2484 Acc 0.9162 | Val Loss 0.2475 Acc 0.9153 AUC 0.9862 Pre 0.9159 Rec 0.9153
2026-08-27 05:49:23 |   Val AUC improved to 0.9862, model saved
2026-08-27 05:50:15 | Epoch  11/100 | Train Loss 0.2373 Acc 0.9195 | Val Loss 0.2431 Acc 0.9163 AUC 0.9868 Pre 0.9169 Rec 0.9163
2026-08-27 05:50:16 |   Val AUC improved to 0.9868, model saved
2026-08-27 05:51:08 | Epoch  12/100 | Train Loss 0.2283 Acc 0.9224 | Val Loss 0.2492 Acc 0.9139 AUC 0.9867 Pre 0.9151 Rec 0.9139
2026-08-27 05:52:03 | Epoch  13/100 | Train Loss 0.2315 Acc 0.9211 | Val Loss 0.2401 Acc 0.9173 AUC 0.9877 Pre 0.9179 Rec 0.9173
2026-08-27 05:52:04 |   Val AUC improved to 0.9877, model saved
2026-08-27 05:52:55 | Epoch  14/100 | Train Loss 0.2164 Acc 0.9258 | Val Loss 0.2318 Acc 0.9207 AUC 0.9881 Pre 0.9212 Rec 0.9207
2026-08-27 05:52:56 |   Val AUC improved to 0.9881, model saved
2026-08-27 05:53:52 | Epoch  15/100 | Train Loss 0.2072 Acc 0.9286 | Val Loss 0.2468 Acc 0.9131 AUC 0.9871 Pre 0.9132 Rec 0.9131
2026-08-27 05:54:44 | Epoch  16/100 | Train Loss 0.2004 Acc 0.9316 | Val Loss 0.2226 Acc 0.9226 AUC 0.9890 Pre 0.9229 Rec 0.9226
2026-08-27 05:54:45 |   Val AUC improved to 0.9890, model saved
2026-08-27 05:55:41 | Epoch  17/100 | Train Loss 0.1857 Acc 0.9359 | Val Loss 0.2242 Acc 0.9221 AUC 0.9889 Pre 0.9243 Rec 0.9221
2026-08-27 05:56:36 | Epoch  18/100 | Train Loss 0.1748 Acc 0.9396 | Val Loss 0.2213 Acc 0.9241 AUC 0.9892 Pre 0.9244 Rec 0.9241
2026-08-27 05:56:37 |   Val AUC improved to 0.9892, model saved
2026-08-27 05:57:32 | Epoch  19/100 | Train Loss 0.1639 Acc 0.9438 | Val Loss 0.2244 Acc 0.9261 AUC 0.9892 Pre 0.9264 Rec 0.9261
2026-08-27 05:57:34 |   Val AUC improved to 0.9892, model saved
2026-08-27 05:58:30 | Epoch  20/100 | Train Loss 0.1519 Acc 0.9476 | Val Loss 0.2270 Acc 0.9247 AUC 0.9889 Pre 0.9255 Rec 0.9247
2026-08-27 05:59:25 | Epoch  21/100 | Train Loss 0.1421 Acc 0.9511 | Val Loss 0.2320 Acc 0.9258 AUC 0.9887 Pre 0.9260 Rec 0.9258
2026-08-27 06:00:22 | Epoch  22/100 | Train Loss 0.1310 Acc 0.9550 | Val Loss 0.2312 Acc 0.9249 AUC 0.9888 Pre 0.9248 Rec 0.9249
2026-08-27 06:01:17 | Epoch  23/100 | Train Loss 0.1195 Acc 0.9590 | Val Loss 0.2497 Acc 0.9217 AUC 0.9877 Pre 0.9222 Rec 0.9217
2026-08-27 06:02:10 | Epoch  24/100 | Train Loss 0.1080 Acc 0.9632 | Val Loss 0.2520 Acc 0.9235 AUC 0.9884 Pre 0.9239 Rec 0.9235
2026-08-27 06:03:04 | Epoch  25/100 | Train Loss 0.0991 Acc 0.9665 | Val Loss 0.2764 Acc 0.9179 AUC 0.9867 Pre 0.9180 Rec 0.9179
2026-08-27 06:03:58 | Epoch  26/100 | Train Loss 0.0899 Acc 0.9701 | Val Loss 0.2757 Acc 0.9213 AUC 0.9873 Pre 0.9220 Rec 0.9213
2026-08-27 06:04:50 | Epoch  27/100 | Train Loss 0.0786 Acc 0.9739 | Val Loss 0.2845 Acc 0.9198 AUC 0.9877 Pre 0.9207 Rec 0.9198
2026-08-27 06:05:42 | Epoch  28/100 | Train Loss 0.0732 Acc 0.9759 | Val Loss 0.3057 Acc 0.9224 AUC 0.9871 Pre 0.9222 Rec 0.9224
2026-08-27 06:06:37 | Epoch  29/100 | Train Loss 0.0641 Acc 0.9785 | Val Loss 0.3264 Acc 0.9194 AUC 0.9861 Pre 0.9194 Rec 0.9194
2026-08-27 06:06:37 | Val AUC did not improve for 10 consecutive epochs, early stopping at Epoch 29 (best AUC 0.9892 @ Epoch 19)
2026-08-27 06:06:51 | Run 4/5 | Test (best model @ Epoch 19) | Loss 0.2162 Acc 0.9270 AUC 0.9900 Pre 0.9271 Rec 0.9270
2026-08-27 06:06:51 | ===== Run 5/5 (seed 4) =====
2026-08-27 06:07:47 | Epoch   1/100 | Train Loss 0.8735 Acc 0.6635 | Val Loss 0.7783 Acc 0.7558 AUC 0.9078 Pre 0.7788 Rec 0.7558
2026-08-27 06:07:48 |   Val AUC improved to 0.9078, model saved
2026-08-27 06:08:43 | Epoch   2/100 | Train Loss 0.8467 Acc 0.6951 | Val Loss 0.6818 Acc 0.7700 AUC 0.9267 Pre 0.7789 Rec 0.7700
2026-08-27 06:08:45 |   Val AUC improved to 0.9267, model saved
2026-08-27 06:09:39 | Epoch   3/100 | Train Loss 0.5701 Acc 0.8077 | Val Loss 0.5267 Acc 0.8283 AUC 0.9516 Pre 0.8320 Rec 0.8283
2026-08-27 06:09:40 |   Val AUC improved to 0.9516, model saved
2026-08-27 06:10:37 | Epoch   4/100 | Train Loss 0.4817 Acc 0.8457 | Val Loss 0.4291 Acc 0.8520 AUC 0.9634 Pre 0.8565 Rec 0.8520
2026-08-27 06:10:38 |   Val AUC improved to 0.9634, model saved
2026-08-27 06:11:35 | Epoch   5/100 | Train Loss 0.4503 Acc 0.8446 | Val Loss 0.3843 Acc 0.8627 AUC 0.9711 Pre 0.8730 Rec 0.8627
2026-08-27 06:11:36 |   Val AUC improved to 0.9711, model saved
2026-08-27 06:12:30 | Epoch   6/100 | Train Loss 0.3644 Acc 0.8788 | Val Loss 0.3170 Acc 0.8931 AUC 0.9780 Pre 0.8926 Rec 0.8931
2026-08-27 06:12:32 |   Val AUC improved to 0.9780, model saved
2026-08-27 06:13:29 | Epoch   7/100 | Train Loss 0.3176 Acc 0.8938 | Val Loss 0.3031 Acc 0.8937 AUC 0.9799 Pre 0.8950 Rec 0.8937
2026-08-27 06:13:31 |   Val AUC improved to 0.9799, model saved
2026-08-27 06:14:25 | Epoch   8/100 | Train Loss 0.3020 Acc 0.8974 | Val Loss 0.2861 Acc 0.9011 AUC 0.9817 Pre 0.9025 Rec 0.9011
2026-08-27 06:14:27 |   Val AUC improved to 0.9817, model saved
2026-08-27 06:15:23 | Epoch   9/100 | Train Loss 0.2853 Acc 0.9033 | Val Loss 0.2748 Acc 0.9048 AUC 0.9832 Pre 0.9053 Rec 0.9048
2026-08-27 06:15:24 |   Val AUC improved to 0.9832, model saved
2026-08-27 06:16:19 | Epoch  10/100 | Train Loss 0.2758 Acc 0.9068 | Val Loss 0.2737 Acc 0.9054 AUC 0.9840 Pre 0.9079 Rec 0.9054
2026-08-27 06:16:20 |   Val AUC improved to 0.9840, model saved
2026-08-27 06:17:16 | Epoch  11/100 | Train Loss 0.2635 Acc 0.9089 | Val Loss 0.2626 Acc 0.9101 AUC 0.9852 Pre 0.9113 Rec 0.9101
2026-08-27 06:17:18 |   Val AUC improved to 0.9852, model saved
2026-08-27 06:18:11 | Epoch  12/100 | Train Loss 0.2513 Acc 0.9135 | Val Loss 0.2602 Acc 0.9093 AUC 0.9856 Pre 0.9092 Rec 0.9093
2026-08-27 06:18:13 |   Val AUC improved to 0.9856, model saved
2026-08-27 06:19:04 | Epoch  13/100 | Train Loss 0.2466 Acc 0.9143 | Val Loss 0.2435 Acc 0.9148 AUC 0.9868 Pre 0.9153 Rec 0.9148
2026-08-27 06:19:06 |   Val AUC improved to 0.9868, model saved
2026-08-27 06:19:57 | Epoch  14/100 | Train Loss 0.2346 Acc 0.9187 | Val Loss 0.2468 Acc 0.9153 AUC 0.9866 Pre 0.9163 Rec 0.9153
2026-08-27 06:20:50 | Epoch  15/100 | Train Loss 0.2285 Acc 0.9211 | Val Loss 0.2378 Acc 0.9165 AUC 0.9875 Pre 0.9168 Rec 0.9165
2026-08-27 06:20:51 |   Val AUC improved to 0.9875, model saved
2026-08-27 06:21:41 | Epoch  16/100 | Train Loss 0.2211 Acc 0.9232 | Val Loss 0.2338 Acc 0.9186 AUC 0.9877 Pre 0.9195 Rec 0.9186
2026-08-27 06:21:42 |   Val AUC improved to 0.9877, model saved
2026-08-27 06:22:33 | Epoch  17/100 | Train Loss 0.2121 Acc 0.9270 | Val Loss 0.2304 Acc 0.9196 AUC 0.9880 Pre 0.9198 Rec 0.9196
2026-08-27 06:22:34 |   Val AUC improved to 0.9880, model saved
2026-08-27 06:23:25 | Epoch  18/100 | Train Loss 0.2072 Acc 0.9285 | Val Loss 0.2336 Acc 0.9189 AUC 0.9879 Pre 0.9193 Rec 0.9189
2026-08-27 06:24:13 | Epoch  19/100 | Train Loss 0.2002 Acc 0.9306 | Val Loss 0.2307 Acc 0.9221 AUC 0.9884 Pre 0.9224 Rec 0.9221
2026-08-27 06:24:14 |   Val AUC improved to 0.9884, model saved
2026-08-27 06:25:00 | Epoch  20/100 | Train Loss 0.1930 Acc 0.9324 | Val Loss 0.2302 Acc 0.9210 AUC 0.9883 Pre 0.9211 Rec 0.9210
2026-08-27 06:25:45 | Epoch  21/100 | Train Loss 0.1874 Acc 0.9351 | Val Loss 0.2301 Acc 0.9215 AUC 0.9883 Pre 0.9233 Rec 0.9215
2026-08-27 06:26:30 | Epoch  22/100 | Train Loss 0.1806 Acc 0.9373 | Val Loss 0.2327 Acc 0.9225 AUC 0.9882 Pre 0.9237 Rec 0.9225
2026-08-27 06:27:13 | Epoch  23/100 | Train Loss 0.1981 Acc 0.9318 | Val Loss 0.2254 Acc 0.9229 AUC 0.9884 Pre 0.9240 Rec 0.9229
2026-08-27 06:27:13 |   Val AUC improved to 0.9884, model saved
2026-08-27 06:27:54 | Epoch  24/100 | Train Loss 0.1787 Acc 0.9386 | Val Loss 0.2323 Acc 0.9223 AUC 0.9885 Pre 0.9227 Rec 0.9223
2026-08-27 06:27:55 |   Val AUC improved to 0.9885, model saved
2026-08-27 06:28:36 | Epoch  25/100 | Train Loss 0.1688 Acc 0.9420 | Val Loss 0.2320 Acc 0.9217 AUC 0.9886 Pre 0.9237 Rec 0.9217
2026-08-27 06:28:37 |   Val AUC improved to 0.9886, model saved
2026-08-27 06:29:18 | Epoch  26/100 | Train Loss 0.1625 Acc 0.9442 | Val Loss 0.2288 Acc 0.9239 AUC 0.9887 Pre 0.9248 Rec 0.9239
2026-08-27 06:29:19 |   Val AUC improved to 0.9887, model saved
2026-08-27 06:30:01 | Epoch  27/100 | Train Loss 0.1543 Acc 0.9474 | Val Loss 0.2398 Acc 0.9217 AUC 0.9885 Pre 0.9229 Rec 0.9217
2026-08-27 06:30:42 | Epoch  28/100 | Train Loss 0.1930 Acc 0.9333 | Val Loss 0.2280 Acc 0.9243 AUC 0.9888 Pre 0.9244 Rec 0.9243
2026-08-27 06:30:43 |   Val AUC improved to 0.9888, model saved
2026-08-27 06:31:25 | Epoch  29/100 | Train Loss 0.1727 Acc 0.9411 | Val Loss 0.2309 Acc 0.9237 AUC 0.9888 Pre 0.9251 Rec 0.9237
2026-08-27 06:31:26 |   Val AUC improved to 0.9888, model saved
2026-08-27 06:32:04 | Epoch  30/100 | Train Loss 0.1596 Acc 0.9453 | Val Loss 0.2364 Acc 0.9192 AUC 0.9885 Pre 0.9202 Rec 0.9192
2026-08-27 06:32:41 | Epoch  31/100 | Train Loss 0.1509 Acc 0.9483 | Val Loss 0.2344 Acc 0.9211 AUC 0.9885 Pre 0.9213 Rec 0.9211
2026-08-27 06:33:18 | Epoch  32/100 | Train Loss 0.1829 Acc 0.9393 | Val Loss 0.2444 Acc 0.9183 AUC 0.9870 Pre 0.9193 Rec 0.9183
2026-08-27 06:33:56 | Epoch  33/100 | Train Loss 0.1698 Acc 0.9421 | Val Loss 0.2399 Acc 0.9218 AUC 0.9884 Pre 0.9220 Rec 0.9218
2026-08-27 06:34:34 | Epoch  34/100 | Train Loss 0.1462 Acc 0.9496 | Val Loss 0.2371 Acc 0.9243 AUC 0.9885 Pre 0.9243 Rec 0.9243
2026-08-27 06:35:11 | Epoch  35/100 | Train Loss 0.1320 Acc 0.9551 | Val Loss 0.2475 Acc 0.9230 AUC 0.9884 Pre 0.9235 Rec 0.9230
2026-08-27 06:35:48 | Epoch  36/100 | Train Loss 0.1227 Acc 0.9591 | Val Loss 0.2474 Acc 0.9223 AUC 0.9883 Pre 0.9232 Rec 0.9223
2026-08-27 06:36:27 | Epoch  37/100 | Train Loss 0.1142 Acc 0.9621 | Val Loss 0.2568 Acc 0.9225 AUC 0.9878 Pre 0.9227 Rec 0.9225
2026-08-27 06:37:05 | Epoch  38/100 | Train Loss 0.1088 Acc 0.9637 | Val Loss 0.2665 Acc 0.9196 AUC 0.9876 Pre 0.9197 Rec 0.9196
2026-08-27 06:37:43 | Epoch  39/100 | Train Loss 0.1000 Acc 0.9674 | Val Loss 0.2657 Acc 0.9173 AUC 0.9870 Pre 0.9173 Rec 0.9173
2026-08-27 06:37:43 | Val AUC did not improve for 10 consecutive epochs, early stopping at Epoch 39 (best AUC 0.9888 @ Epoch 29)
2026-08-27 06:37:52 | Run 5/5 | Test (best model @ Epoch 29) | Loss 0.2178 Acc 0.9284 AUC 0.9899 Pre 0.9296 Rec 0.9284
2026-08-27 06:37:52 | Average over 5 runs | Test Loss 0.2133±0.0036 Acc 0.9283±0.0009 AUC 0.9901±0.0002 Pre 0.9287±0.0011 Rec 0.9283±0.0009
