2026-09-02 01:28:06 | Device: cuda
2026-09-02 01:28:06 | Args: {'model': 'opb', 'backbone': 'rnn', 'task': 'stsb', 'epochs': 100, 'batch_size': 512, 'lr': 0.001, 'hidden_dims': [512, 256], 'dropout': 0.2, 'z_dim': 256, 'anchor_scale': 4.0, 'energy_classifier': False, 'max_len': 250, 'random_labels': False, 'beta': 0.01, 'patience': 10, 'runs': 5, 'seed': 0, 'data_dir': './data', 'save_path': 'output/stsb_rnn_opb/stsb_rnn_opb.pt', 'log_path': '/root/autodl-tmp/IB/tune_results/stsb_rnn_opb_beta_0.01_anchor_4/train.log', 'no_save': True}
2026-09-02 01:28:06 | STS-B 预处理缓存：mmap 共享 ./data/stsb/stsb_processed_maxlen250
2026-09-02 01:28:06 | ===== Run 1/5 (seed 0) =====
2026-09-02 01:28:12 | Epoch   1/100 | Train Loss 0.4811 | Val Loss 0.1485 MAE 1.4547 R2 -0.3416
2026-09-02 01:28:12 |   Val R2 improved to -0.3416, model saved
2026-09-02 01:28:14 | Epoch   2/100 | Train Loss 0.3236 | Val Loss 0.1303 MAE 1.2392 R2 -0.0573
2026-09-02 01:28:14 |   Val R2 improved to -0.0573, model saved
2026-09-02 01:28:16 | Epoch   3/100 | Train Loss 0.2480 | Val Loss 0.1285 MAE 1.3152 R2 -0.1044
2026-09-02 01:28:18 | Epoch   4/100 | Train Loss 0.2047 | Val Loss 0.1204 MAE 1.2612 R2 -0.0365
2026-09-02 01:28:18 |   Val R2 improved to -0.0365, model saved
2026-09-02 01:28:20 | Epoch   5/100 | Train Loss 0.1761 | Val Loss 0.1138 MAE 1.2737 R2 -0.0475
2026-09-02 01:28:22 | Epoch   6/100 | Train Loss 0.1519 | Val Loss 0.1077 MAE 1.2413 R2 -0.0119
2026-09-02 01:28:22 |   Val R2 improved to -0.0119, model saved
2026-09-02 01:28:24 | Epoch   7/100 | Train Loss 0.1458 | Val Loss 0.1060 MAE 1.2623 R2 -0.0291
2026-09-02 01:28:26 | Epoch   8/100 | Train Loss 0.1346 | Val Loss 0.1050 MAE 1.2319 R2 0.0047
2026-09-02 01:28:26 |   Val R2 improved to 0.0047, model saved
2026-09-02 01:28:27 | Epoch   9/100 | Train Loss 0.1323 | Val Loss 0.1027 MAE 1.2347 R2 0.0066
2026-09-02 01:28:27 |   Val R2 improved to 0.0066, model saved
2026-09-02 01:28:29 | Epoch  10/100 | Train Loss 0.1282 | Val Loss 0.1014 MAE 1.2536 R2 -0.0118
2026-09-02 01:28:31 | Epoch  11/100 | Train Loss 0.1206 | Val Loss 0.1002 MAE 1.2644 R2 -0.0242
2026-09-02 01:28:33 | Epoch  12/100 | Train Loss 0.1195 | Val Loss 0.0979 MAE 1.2458 R2 -0.0009
2026-09-02 01:28:34 | Epoch  13/100 | Train Loss 0.1175 | Val Loss 0.0956 MAE 1.2147 R2 0.0369
2026-09-02 01:28:34 |   Val R2 improved to 0.0369, model saved
2026-09-02 01:28:36 | Epoch  14/100 | Train Loss 0.1150 | Val Loss 0.0941 MAE 1.2025 R2 0.0543
2026-09-02 01:28:36 |   Val R2 improved to 0.0543, model saved
2026-09-02 01:28:38 | Epoch  15/100 | Train Loss 0.1123 | Val Loss 0.0927 MAE 1.1670 R2 0.0903
2026-09-02 01:28:38 |   Val R2 improved to 0.0903, model saved
2026-09-02 01:28:40 | Epoch  16/100 | Train Loss 0.1111 | Val Loss 0.0923 MAE 1.1820 R2 0.0754
2026-09-02 01:28:42 | Epoch  17/100 | Train Loss 0.1063 | Val Loss 0.0913 MAE 1.1394 R2 0.1206
2026-09-02 01:28:42 |   Val R2 improved to 0.1206, model saved
2026-09-02 01:28:44 | Epoch  18/100 | Train Loss 0.1070 | Val Loss 0.0897 MAE 1.1457 R2 0.1222
2026-09-02 01:28:44 |   Val R2 improved to 0.1222, model saved
2026-09-02 01:28:46 | Epoch  19/100 | Train Loss 0.1032 | Val Loss 0.0893 MAE 1.1300 R2 0.1367
2026-09-02 01:28:46 |   Val R2 improved to 0.1367, model saved
2026-09-02 01:28:47 | Epoch  20/100 | Train Loss 0.0979 | Val Loss 0.0886 MAE 1.1652 R2 0.1000
2026-09-02 01:28:49 | Epoch  21/100 | Train Loss 0.0976 | Val Loss 0.0861 MAE 1.1239 R2 0.1520
2026-09-02 01:28:49 |   Val R2 improved to 0.1520, model saved
2026-09-02 01:28:51 | Epoch  22/100 | Train Loss 0.0944 | Val Loss 0.0883 MAE 1.1043 R2 0.1603
2026-09-02 01:28:51 |   Val R2 improved to 0.1603, model saved
2026-09-02 01:28:52 | Epoch  23/100 | Train Loss 0.0943 | Val Loss 0.0859 MAE 1.1435 R2 0.1353
2026-09-02 01:28:54 | Epoch  24/100 | Train Loss 0.0936 | Val Loss 0.0916 MAE 1.1009 R2 0.1511
2026-09-02 01:28:56 | Epoch  25/100 | Train Loss 0.0893 | Val Loss 0.0838 MAE 1.0930 R2 0.1867
2026-09-02 01:28:56 |   Val R2 improved to 0.1867, model saved
2026-09-02 01:28:58 | Epoch  26/100 | Train Loss 0.0840 | Val Loss 0.0821 MAE 1.0908 R2 0.1935
2026-09-02 01:28:58 |   Val R2 improved to 0.1935, model saved
2026-09-02 01:29:00 | Epoch  27/100 | Train Loss 0.0837 | Val Loss 0.0812 MAE 1.0768 R2 0.2077
2026-09-02 01:29:00 |   Val R2 improved to 0.2077, model saved
2026-09-02 01:29:01 | Epoch  28/100 | Train Loss 0.0831 | Val Loss 0.0813 MAE 1.0756 R2 0.2135
2026-09-02 01:29:01 |   Val R2 improved to 0.2135, model saved
2026-09-02 01:29:03 | Epoch  29/100 | Train Loss 0.0808 | Val Loss 0.0809 MAE 1.0736 R2 0.2147
2026-09-02 01:29:03 |   Val R2 improved to 0.2147, model saved
2026-09-02 01:29:05 | Epoch  30/100 | Train Loss 0.0796 | Val Loss 0.0814 MAE 1.0645 R2 0.2223
2026-09-02 01:29:05 |   Val R2 improved to 0.2223, model saved
2026-09-02 01:29:07 | Epoch  31/100 | Train Loss 0.0756 | Val Loss 0.0814 MAE 1.0583 R2 0.2254
2026-09-02 01:29:07 |   Val R2 improved to 0.2254, model saved
2026-09-02 01:29:08 | Epoch  32/100 | Train Loss 0.0749 | Val Loss 0.0800 MAE 1.0562 R2 0.2330
2026-09-02 01:29:08 |   Val R2 improved to 0.2330, model saved
2026-09-02 01:29:10 | Epoch  33/100 | Train Loss 0.0726 | Val Loss 0.0798 MAE 1.0574 R2 0.2311
2026-09-02 01:29:12 | Epoch  34/100 | Train Loss 0.0731 | Val Loss 0.0783 MAE 1.0585 R2 0.2374
2026-09-02 01:29:12 |   Val R2 improved to 0.2374, model saved
2026-09-02 01:29:14 | Epoch  35/100 | Train Loss 0.0714 | Val Loss 0.0809 MAE 1.0917 R2 0.1991
2026-09-02 01:29:17 | Epoch  36/100 | Train Loss 0.0729 | Val Loss 0.0892 MAE 1.0743 R2 0.1789
2026-09-02 01:29:18 | Epoch  37/100 | Train Loss 0.0694 | Val Loss 0.0787 MAE 1.0632 R2 0.2313
2026-09-02 01:29:20 | Epoch  38/100 | Train Loss 0.0663 | Val Loss 0.0805 MAE 1.0471 R2 0.2378
2026-09-02 01:29:20 |   Val R2 improved to 0.2378, model saved
2026-09-02 01:29:22 | Epoch  39/100 | Train Loss 0.0650 | Val Loss 0.0791 MAE 1.0418 R2 0.2478
2026-09-02 01:29:22 |   Val R2 improved to 0.2478, model saved
2026-09-02 01:29:24 | Epoch  40/100 | Train Loss 0.0634 | Val Loss 0.0770 MAE 1.0385 R2 0.2549
2026-09-02 01:29:24 |   Val R2 improved to 0.2549, model saved
2026-09-02 01:29:26 | Epoch  41/100 | Train Loss 0.0619 | Val Loss 0.0782 MAE 1.0319 R2 0.2546
2026-09-02 01:29:28 | Epoch  42/100 | Train Loss 0.0576 | Val Loss 0.0790 MAE 1.0383 R2 0.2460
2026-09-02 01:29:30 | Epoch  43/100 | Train Loss 0.0591 | Val Loss 0.0798 MAE 1.0374 R2 0.2422
2026-09-02 01:29:32 | Epoch  44/100 | Train Loss 0.0577 | Val Loss 0.0833 MAE 1.0490 R2 0.2195
2026-09-02 01:29:34 | Epoch  45/100 | Train Loss 0.0577 | Val Loss 0.0774 MAE 1.0291 R2 0.2622
2026-09-02 01:29:34 |   Val R2 improved to 0.2622, model saved
2026-09-02 01:29:35 | Epoch  46/100 | Train Loss 0.0557 | Val Loss 0.0771 MAE 1.0267 R2 0.2622
2026-09-02 01:29:36 |   Val R2 improved to 0.2622, model saved
2026-09-02 01:29:37 | Epoch  47/100 | Train Loss 0.0565 | Val Loss 0.0770 MAE 1.0522 R2 0.2452
2026-09-02 01:29:39 | Epoch  48/100 | Train Loss 0.0529 | Val Loss 0.0781 MAE 1.0254 R2 0.2579
2026-09-02 01:29:40 | Epoch  49/100 | Train Loss 0.0529 | Val Loss 0.0784 MAE 1.0302 R2 0.2503
2026-09-02 01:29:42 | Epoch  50/100 | Train Loss 0.0523 | Val Loss 0.0757 MAE 1.0250 R2 0.2702
2026-09-02 01:29:42 |   Val R2 improved to 0.2702, model saved
2026-09-02 01:29:44 | Epoch  51/100 | Train Loss 0.0509 | Val Loss 0.0773 MAE 1.0268 R2 0.2596
2026-09-02 01:29:45 | Epoch  52/100 | Train Loss 0.0504 | Val Loss 0.0833 MAE 1.0452 R2 0.2174
2026-09-02 01:29:47 | Epoch  53/100 | Train Loss 0.0486 | Val Loss 0.0844 MAE 1.0496 R2 0.2048
2026-09-02 01:29:48 | Epoch  54/100 | Train Loss 0.0504 | Val Loss 0.0931 MAE 1.0919 R2 0.1328
2026-09-02 01:29:50 | Epoch  55/100 | Train Loss 0.0518 | Val Loss 0.0771 MAE 1.0232 R2 0.2607
2026-09-02 01:29:52 | Epoch  56/100 | Train Loss 0.0464 | Val Loss 0.0764 MAE 1.0291 R2 0.2624
2026-09-02 01:29:53 | Epoch  57/100 | Train Loss 0.0462 | Val Loss 0.0835 MAE 1.0467 R2 0.2111
2026-09-02 01:29:55 | Epoch  58/100 | Train Loss 0.0467 | Val Loss 0.0809 MAE 1.0340 R2 0.2315
2026-09-02 01:29:57 | Epoch  59/100 | Train Loss 0.0453 | Val Loss 0.0768 MAE 1.0242 R2 0.2614
2026-09-02 01:29:59 | Epoch  60/100 | Train Loss 0.0446 | Val Loss 0.0767 MAE 1.0308 R2 0.2561
2026-09-02 01:29:59 | Val R2 did not improve for 10 consecutive epochs, early stopping at Epoch 60 (best R2 0.2702 @ Epoch 50)
2026-09-02 01:29:59 | Run 1/5 | Test (best model @ Epoch 50) | Loss 0.0798 MAE 1.0552 R2 0.2724
2026-09-02 01:29:59 | ===== Run 2/5 (seed 1) =====
2026-09-02 01:30:01 | Epoch   1/100 | Train Loss 0.4607 | Val Loss 0.1343 MAE 1.3766 R2 -0.2014
2026-09-02 01:30:01 |   Val R2 improved to -0.2014, model saved
2026-09-02 01:30:02 | Epoch   2/100 | Train Loss 0.3056 | Val Loss 0.1248 MAE 1.2341 R2 -0.0435
2026-09-02 01:30:02 |   Val R2 improved to -0.0435, model saved
2026-09-02 01:30:04 | Epoch   3/100 | Train Loss 0.2331 | Val Loss 0.1226 MAE 1.2959 R2 -0.0746
2026-09-02 01:30:05 | Epoch   4/100 | Train Loss 0.1966 | Val Loss 0.1153 MAE 1.2377 R2 -0.0122
2026-09-02 01:30:05 |   Val R2 improved to -0.0122, model saved
2026-09-02 01:30:07 | Epoch   5/100 | Train Loss 0.1612 | Val Loss 0.1085 MAE 1.2760 R2 -0.0445
2026-09-02 01:30:09 | Epoch   6/100 | Train Loss 0.1422 | Val Loss 0.1029 MAE 1.2404 R2 -0.0046
2026-09-02 01:30:09 |   Val R2 improved to -0.0046, model saved
2026-09-02 01:30:11 | Epoch   7/100 | Train Loss 0.1337 | Val Loss 0.1019 MAE 1.2247 R2 0.0105
2026-09-02 01:30:11 |   Val R2 improved to 0.0105, model saved
2026-09-02 01:30:13 | Epoch   8/100 | Train Loss 0.1259 | Val Loss 0.1003 MAE 1.2380 R2 0.0042
2026-09-02 01:30:14 | Epoch   9/100 | Train Loss 0.1201 | Val Loss 0.0980 MAE 1.2274 R2 0.0187
2026-09-02 01:30:14 |   Val R2 improved to 0.0187, model saved
2026-09-02 01:30:16 | Epoch  10/100 | Train Loss 0.1153 | Val Loss 0.0958 MAE 1.2122 R2 0.0356
2026-09-02 01:30:16 |   Val R2 improved to 0.0356, model saved
2026-09-02 01:30:18 | Epoch  11/100 | Train Loss 0.1131 | Val Loss 0.0938 MAE 1.2121 R2 0.0402
2026-09-02 01:30:18 |   Val R2 improved to 0.0402, model saved
2026-09-02 01:30:20 | Epoch  12/100 | Train Loss 0.1110 | Val Loss 0.0939 MAE 1.2267 R2 0.0246
2026-09-02 01:30:22 | Epoch  13/100 | Train Loss 0.1100 | Val Loss 0.0933 MAE 1.2183 R2 0.0353
2026-09-02 01:30:24 | Epoch  14/100 | Train Loss 0.1057 | Val Loss 0.0923 MAE 1.2137 R2 0.0431
2026-09-02 01:30:24 |   Val R2 improved to 0.0431, model saved
2026-09-02 01:30:26 | Epoch  15/100 | Train Loss 0.1056 | Val Loss 0.0908 MAE 1.1986 R2 0.0601
2026-09-02 01:30:26 |   Val R2 improved to 0.0601, model saved
2026-09-02 01:30:28 | Epoch  16/100 | Train Loss 0.1035 | Val Loss 0.0897 MAE 1.1436 R2 0.1128
2026-09-02 01:30:28 |   Val R2 improved to 0.1128, model saved
2026-09-02 01:30:29 | Epoch  17/100 | Train Loss 0.0962 | Val Loss 0.0886 MAE 1.1724 R2 0.0891
2026-09-02 01:30:31 | Epoch  18/100 | Train Loss 0.0958 | Val Loss 0.0864 MAE 1.1252 R2 0.1385
2026-09-02 01:30:31 |   Val R2 improved to 0.1385, model saved
2026-09-02 01:30:33 | Epoch  19/100 | Train Loss 0.0926 | Val Loss 0.0851 MAE 1.1204 R2 0.1455
2026-09-02 01:30:34 |   Val R2 improved to 0.1455, model saved
2026-09-02 01:30:36 | Epoch  20/100 | Train Loss 0.0929 | Val Loss 0.0829 MAE 1.1194 R2 0.1619
2026-09-02 01:30:36 |   Val R2 improved to 0.1619, model saved
2026-09-02 01:30:37 | Epoch  21/100 | Train Loss 0.0902 | Val Loss 0.0829 MAE 1.1073 R2 0.1704
2026-09-02 01:30:38 |   Val R2 improved to 0.1704, model saved
2026-09-02 01:30:39 | Epoch  22/100 | Train Loss 0.0866 | Val Loss 0.0836 MAE 1.0953 R2 0.1803
2026-09-02 01:30:39 |   Val R2 improved to 0.1803, model saved
2026-09-02 01:30:41 | Epoch  23/100 | Train Loss 0.0855 | Val Loss 0.0819 MAE 1.1159 R2 0.1647
2026-09-02 01:30:43 | Epoch  24/100 | Train Loss 0.0809 | Val Loss 0.0835 MAE 1.0740 R2 0.1954
2026-09-02 01:30:43 |   Val R2 improved to 0.1954, model saved
2026-09-02 01:30:45 | Epoch  25/100 | Train Loss 0.0782 | Val Loss 0.0783 MAE 1.0723 R2 0.2177
2026-09-02 01:30:45 |   Val R2 improved to 0.2177, model saved
2026-09-02 01:30:47 | Epoch  26/100 | Train Loss 0.0772 | Val Loss 0.0776 MAE 1.0739 R2 0.2194
2026-09-02 01:30:47 |   Val R2 improved to 0.2194, model saved
2026-09-02 01:30:49 | Epoch  27/100 | Train Loss 0.0744 | Val Loss 0.0803 MAE 1.0541 R2 0.2248
2026-09-02 01:30:49 |   Val R2 improved to 0.2248, model saved
2026-09-02 01:30:51 | Epoch  28/100 | Train Loss 0.0713 | Val Loss 0.0774 MAE 1.0490 R2 0.2422
2026-09-02 01:30:51 |   Val R2 improved to 0.2422, model saved
2026-09-02 01:30:53 | Epoch  29/100 | Train Loss 0.0703 | Val Loss 0.0786 MAE 1.0504 R2 0.2346
2026-09-02 01:30:55 | Epoch  30/100 | Train Loss 0.0696 | Val Loss 0.0764 MAE 1.0634 R2 0.2309
2026-09-02 01:30:57 | Epoch  31/100 | Train Loss 0.0688 | Val Loss 0.0765 MAE 1.0327 R2 0.2549
2026-09-02 01:30:57 |   Val R2 improved to 0.2549, model saved
2026-09-02 01:30:59 | Epoch  32/100 | Train Loss 0.0671 | Val Loss 0.0800 MAE 1.0449 R2 0.2314
2026-09-02 01:31:01 | Epoch  33/100 | Train Loss 0.0650 | Val Loss 0.0745 MAE 1.0361 R2 0.2597
2026-09-02 01:31:01 |   Val R2 improved to 0.2597, model saved
2026-09-02 01:31:02 | Epoch  34/100 | Train Loss 0.0623 | Val Loss 0.0753 MAE 1.0347 R2 0.2602
2026-09-02 01:31:02 |   Val R2 improved to 0.2602, model saved
2026-09-02 01:31:04 | Epoch  35/100 | Train Loss 0.0603 | Val Loss 0.0776 MAE 1.0334 R2 0.2475
2026-09-02 01:31:06 | Epoch  36/100 | Train Loss 0.0608 | Val Loss 0.0794 MAE 1.0407 R2 0.2351
2026-09-02 01:31:08 | Epoch  37/100 | Train Loss 0.0591 | Val Loss 0.0795 MAE 1.0420 R2 0.2332
2026-09-02 01:31:10 | Epoch  38/100 | Train Loss 0.0585 | Val Loss 0.0757 MAE 1.0273 R2 0.2631
2026-09-02 01:31:10 |   Val R2 improved to 0.2631, model saved
2026-09-02 01:31:11 | Epoch  39/100 | Train Loss 0.0573 | Val Loss 0.0747 MAE 1.0291 R2 0.2666
2026-09-02 01:31:11 |   Val R2 improved to 0.2666, model saved
2026-09-02 01:31:13 | Epoch  40/100 | Train Loss 0.0588 | Val Loss 0.0829 MAE 1.0436 R2 0.2175
2026-09-02 01:31:15 | Epoch  41/100 | Train Loss 0.0556 | Val Loss 0.0753 MAE 1.0236 R2 0.2669
2026-09-02 01:31:15 |   Val R2 improved to 0.2669, model saved
2026-09-02 01:31:17 | Epoch  42/100 | Train Loss 0.0537 | Val Loss 0.0742 MAE 1.0302 R2 0.2654
2026-09-02 01:31:18 | Epoch  43/100 | Train Loss 0.0530 | Val Loss 0.0768 MAE 1.0289 R2 0.2519
2026-09-02 01:31:20 | Epoch  44/100 | Train Loss 0.0529 | Val Loss 0.0772 MAE 1.0256 R2 0.2538
2026-09-02 01:31:22 | Epoch  45/100 | Train Loss 0.0501 | Val Loss 0.0748 MAE 1.0230 R2 0.2682
2026-09-02 01:31:22 |   Val R2 improved to 0.2682, model saved
2026-09-02 01:31:23 | Epoch  46/100 | Train Loss 0.0501 | Val Loss 0.0737 MAE 1.0177 R2 0.2733
2026-09-02 01:31:23 |   Val R2 improved to 0.2733, model saved
2026-09-02 01:31:25 | Epoch  47/100 | Train Loss 0.0492 | Val Loss 0.0740 MAE 1.0175 R2 0.2733
2026-09-02 01:31:25 |   Val R2 improved to 0.2733, model saved
2026-09-02 01:31:27 | Epoch  48/100 | Train Loss 0.0498 | Val Loss 0.0797 MAE 1.0318 R2 0.2367
2026-09-02 01:31:28 | Epoch  49/100 | Train Loss 0.0462 | Val Loss 0.0797 MAE 1.0299 R2 0.2350
2026-09-02 01:31:30 | Epoch  50/100 | Train Loss 0.0464 | Val Loss 0.0751 MAE 1.0184 R2 0.2641
2026-09-02 01:31:31 | Epoch  51/100 | Train Loss 0.0450 | Val Loss 0.0754 MAE 1.0203 R2 0.2658
2026-09-02 01:31:33 | Epoch  52/100 | Train Loss 0.0448 | Val Loss 0.0796 MAE 1.0335 R2 0.2317
2026-09-02 01:31:34 | Epoch  53/100 | Train Loss 0.0433 | Val Loss 0.0766 MAE 1.0196 R2 0.2554
2026-09-02 01:31:35 | Epoch  54/100 | Train Loss 0.0434 | Val Loss 0.0750 MAE 1.0148 R2 0.2687
2026-09-02 01:31:36 | Epoch  55/100 | Train Loss 0.0432 | Val Loss 0.0903 MAE 1.0787 R2 0.1495
2026-09-02 01:31:38 | Epoch  56/100 | Train Loss 0.0452 | Val Loss 0.0789 MAE 1.0287 R2 0.2432
2026-09-02 01:31:39 | Epoch  57/100 | Train Loss 0.0423 | Val Loss 0.0817 MAE 1.0487 R2 0.2134
2026-09-02 01:31:39 | Val R2 did not improve for 10 consecutive epochs, early stopping at Epoch 57 (best R2 0.2733 @ Epoch 47)
2026-09-02 01:31:39 | Run 2/5 | Test (best model @ Epoch 47) | Loss 0.0779 MAE 1.0455 R2 0.2762
2026-09-02 01:31:39 | ===== Run 3/5 (seed 2) =====
2026-09-02 01:31:41 | Epoch   1/100 | Train Loss 0.4600 | Val Loss 0.1500 MAE 1.4493 R2 -0.3337
2026-09-02 01:31:41 |   Val R2 improved to -0.3337, model saved
2026-09-02 01:31:42 | Epoch   2/100 | Train Loss 0.3151 | Val Loss 0.1382 MAE 1.2460 R2 -0.0929
2026-09-02 01:31:42 |   Val R2 improved to -0.0929, model saved
2026-09-02 01:31:44 | Epoch   3/100 | Train Loss 0.2470 | Val Loss 0.1354 MAE 1.3629 R2 -0.1796
2026-09-02 01:31:45 | Epoch   4/100 | Train Loss 0.2062 | Val Loss 0.1226 MAE 1.2336 R2 -0.0200
2026-09-02 01:31:45 |   Val R2 improved to -0.0200, model saved
2026-09-02 01:31:46 | Epoch   5/100 | Train Loss 0.1786 | Val Loss 0.1168 MAE 1.3040 R2 -0.0873
2026-09-02 01:31:48 | Epoch   6/100 | Train Loss 0.1561 | Val Loss 0.1094 MAE 1.2472 R2 -0.0170
2026-09-02 01:31:48 |   Val R2 improved to -0.0170, model saved
2026-09-02 01:31:49 | Epoch   7/100 | Train Loss 0.1392 | Val Loss 0.1070 MAE 1.2517 R2 -0.0169
2026-09-02 01:31:49 |   Val R2 improved to -0.0169, model saved
2026-09-02 01:31:51 | Epoch   8/100 | Train Loss 0.1334 | Val Loss 0.1066 MAE 1.2897 R2 -0.0634
2026-09-02 01:31:53 | Epoch   9/100 | Train Loss 0.1319 | Val Loss 0.1026 MAE 1.2537 R2 -0.0154
2026-09-02 01:31:53 |   Val R2 improved to -0.0154, model saved
2026-09-02 01:31:54 | Epoch  10/100 | Train Loss 0.1304 | Val Loss 0.1006 MAE 1.2150 R2 0.0283
2026-09-02 01:31:54 |   Val R2 improved to 0.0283, model saved
2026-09-02 01:31:56 | Epoch  11/100 | Train Loss 0.1197 | Val Loss 0.0978 MAE 1.1987 R2 0.0483
2026-09-02 01:31:56 |   Val R2 improved to 0.0483, model saved
2026-09-02 01:31:57 | Epoch  12/100 | Train Loss 0.1194 | Val Loss 0.0954 MAE 1.2046 R2 0.0471
2026-09-02 01:31:59 | Epoch  13/100 | Train Loss 0.1178 | Val Loss 0.0947 MAE 1.1765 R2 0.0718
2026-09-02 01:31:59 |   Val R2 improved to 0.0718, model saved
2026-09-02 01:32:01 | Epoch  14/100 | Train Loss 0.1126 | Val Loss 0.0942 MAE 1.2144 R2 0.0404
2026-09-02 01:32:02 | Epoch  15/100 | Train Loss 0.1144 | Val Loss 0.0962 MAE 1.1470 R2 0.0927
2026-09-02 01:32:02 |   Val R2 improved to 0.0927, model saved
2026-09-02 01:32:04 | Epoch  16/100 | Train Loss 0.1109 | Val Loss 0.0922 MAE 1.1783 R2 0.0790
2026-09-02 01:32:06 | Epoch  17/100 | Train Loss 0.1060 | Val Loss 0.0908 MAE 1.1480 R2 0.1085
2026-09-02 01:32:06 |   Val R2 improved to 0.1085, model saved
2026-09-02 01:32:08 | Epoch  18/100 | Train Loss 0.1027 | Val Loss 0.0891 MAE 1.1507 R2 0.1119
2026-09-02 01:32:08 |   Val R2 improved to 0.1119, model saved
2026-09-02 01:32:09 | Epoch  19/100 | Train Loss 0.1004 | Val Loss 0.0876 MAE 1.1225 R2 0.1438
2026-09-02 01:32:09 |   Val R2 improved to 0.1438, model saved
2026-09-02 01:32:11 | Epoch  20/100 | Train Loss 0.0963 | Val Loss 0.0876 MAE 1.1169 R2 0.1423
2026-09-02 01:32:12 | Epoch  21/100 | Train Loss 0.0962 | Val Loss 0.0847 MAE 1.1144 R2 0.1609
2026-09-02 01:32:12 |   Val R2 improved to 0.1609, model saved
2026-09-02 01:32:13 | Epoch  22/100 | Train Loss 0.0932 | Val Loss 0.0844 MAE 1.1042 R2 0.1709
2026-09-02 01:32:13 |   Val R2 improved to 0.1709, model saved
2026-09-02 01:32:14 | Epoch  23/100 | Train Loss 0.0898 | Val Loss 0.0880 MAE 1.1492 R2 0.1015
2026-09-02 01:32:15 | Epoch  24/100 | Train Loss 0.0908 | Val Loss 0.0908 MAE 1.0937 R2 0.1544
2026-09-02 01:32:17 | Epoch  25/100 | Train Loss 0.0861 | Val Loss 0.0816 MAE 1.0700 R2 0.2080
2026-09-02 01:32:17 |   Val R2 improved to 0.2080, model saved
2026-09-02 01:32:19 | Epoch  26/100 | Train Loss 0.0860 | Val Loss 0.0813 MAE 1.0813 R2 0.2051
2026-09-02 01:32:21 | Epoch  27/100 | Train Loss 0.0805 | Val Loss 0.0804 MAE 1.0781 R2 0.2034
2026-09-02 01:32:22 | Epoch  28/100 | Train Loss 0.0777 | Val Loss 0.0817 MAE 1.0494 R2 0.2233
2026-09-02 01:32:22 |   Val R2 improved to 0.2233, model saved
2026-09-02 01:32:24 | Epoch  29/100 | Train Loss 0.0749 | Val Loss 0.0833 MAE 1.0559 R2 0.2140
2026-09-02 01:32:26 | Epoch  30/100 | Train Loss 0.0730 | Val Loss 0.0778 MAE 1.0435 R2 0.2423
2026-09-02 01:32:26 |   Val R2 improved to 0.2423, model saved
2026-09-02 01:32:28 | Epoch  31/100 | Train Loss 0.0708 | Val Loss 0.0796 MAE 1.0458 R2 0.2333
2026-09-02 01:32:30 | Epoch  32/100 | Train Loss 0.0697 | Val Loss 0.0793 MAE 1.0641 R2 0.2158
2026-09-02 01:32:31 | Epoch  33/100 | Train Loss 0.0672 | Val Loss 0.0783 MAE 1.0449 R2 0.2405
2026-09-02 01:32:33 | Epoch  34/100 | Train Loss 0.0663 | Val Loss 0.0792 MAE 1.0664 R2 0.2132
2026-09-02 01:32:35 | Epoch  35/100 | Train Loss 0.0700 | Val Loss 0.0801 MAE 1.0333 R2 0.2471
2026-09-02 01:32:35 |   Val R2 improved to 0.2471, model saved
2026-09-02 01:32:37 | Epoch  36/100 | Train Loss 0.0649 | Val Loss 0.0825 MAE 1.0386 R2 0.2295
2026-09-02 01:32:38 | Epoch  37/100 | Train Loss 0.0616 | Val Loss 0.0764 MAE 1.0334 R2 0.2564
2026-09-02 01:32:38 |   Val R2 improved to 0.2564, model saved
2026-09-02 01:32:40 | Epoch  38/100 | Train Loss 0.0623 | Val Loss 0.0774 MAE 1.0268 R2 0.2552
2026-09-02 01:32:42 | Epoch  39/100 | Train Loss 0.0607 | Val Loss 0.0908 MAE 1.0736 R2 0.1640
2026-09-02 01:32:44 | Epoch  40/100 | Train Loss 0.0625 | Val Loss 0.0768 MAE 1.0197 R2 0.2635
2026-09-02 01:32:44 |   Val R2 improved to 0.2635, model saved
2026-09-02 01:32:46 | Epoch  41/100 | Train Loss 0.0583 | Val Loss 0.0781 MAE 1.0317 R2 0.2494
2026-09-02 01:32:48 | Epoch  42/100 | Train Loss 0.0559 | Val Loss 0.0764 MAE 1.0137 R2 0.2674
2026-09-02 01:32:48 |   Val R2 improved to 0.2674, model saved
2026-09-02 01:32:49 | Epoch  43/100 | Train Loss 0.0556 | Val Loss 0.0868 MAE 1.0590 R2 0.1908
2026-09-02 01:32:51 | Epoch  44/100 | Train Loss 0.0555 | Val Loss 0.0812 MAE 1.0326 R2 0.2341
2026-09-02 01:32:53 | Epoch  45/100 | Train Loss 0.0551 | Val Loss 0.0777 MAE 1.0220 R2 0.2597
2026-09-02 01:32:55 | Epoch  46/100 | Train Loss 0.0541 | Val Loss 0.0761 MAE 1.0198 R2 0.2652
2026-09-02 01:32:57 | Epoch  47/100 | Train Loss 0.0532 | Val Loss 0.0760 MAE 1.0192 R2 0.2653
2026-09-02 01:32:59 | Epoch  48/100 | Train Loss 0.0520 | Val Loss 0.0787 MAE 1.0185 R2 0.2550
2026-09-02 01:33:01 | Epoch  49/100 | Train Loss 0.0494 | Val Loss 0.0862 MAE 1.0520 R2 0.1969
2026-09-02 01:33:02 | Epoch  50/100 | Train Loss 0.0485 | Val Loss 0.0854 MAE 1.0488 R2 0.2012
2026-09-02 01:33:04 | Epoch  51/100 | Train Loss 0.0505 | Val Loss 0.0804 MAE 1.0287 R2 0.2393
2026-09-02 01:33:06 | Epoch  52/100 | Train Loss 0.0483 | Val Loss 0.0751 MAE 1.0141 R2 0.2727
2026-09-02 01:33:06 |   Val R2 improved to 0.2727, model saved
2026-09-02 01:33:08 | Epoch  53/100 | Train Loss 0.0462 | Val Loss 0.0777 MAE 1.0193 R2 0.2548
2026-09-02 01:33:10 | Epoch  54/100 | Train Loss 0.0458 | Val Loss 0.0767 MAE 1.0141 R2 0.2608
2026-09-02 01:33:11 | Epoch  55/100 | Train Loss 0.0463 | Val Loss 0.0758 MAE 1.0092 R2 0.2724
2026-09-02 01:33:13 | Epoch  56/100 | Train Loss 0.0460 | Val Loss 0.0764 MAE 1.0092 R2 0.2683
2026-09-02 01:33:15 | Epoch  57/100 | Train Loss 0.0445 | Val Loss 0.0879 MAE 1.0678 R2 0.1784
2026-09-02 01:33:17 | Epoch  58/100 | Train Loss 0.0452 | Val Loss 0.0813 MAE 1.0326 R2 0.2297
2026-09-02 01:33:18 | Epoch  59/100 | Train Loss 0.0426 | Val Loss 0.0759 MAE 1.0057 R2 0.2737
2026-09-02 01:33:18 |   Val R2 improved to 0.2737, model saved
2026-09-02 01:33:20 | Epoch  60/100 | Train Loss 0.0426 | Val Loss 0.0772 MAE 1.0141 R2 0.2606
2026-09-02 01:33:21 | Epoch  61/100 | Train Loss 0.0413 | Val Loss 0.0789 MAE 1.0160 R2 0.2518
2026-09-02 01:33:22 | Epoch  62/100 | Train Loss 0.0417 | Val Loss 0.0826 MAE 1.0347 R2 0.2206
2026-09-02 01:33:24 | Epoch  63/100 | Train Loss 0.0415 | Val Loss 0.0821 MAE 1.0347 R2 0.2223
2026-09-02 01:33:26 | Epoch  64/100 | Train Loss 0.0395 | Val Loss 0.0812 MAE 1.0309 R2 0.2293
2026-09-02 01:33:28 | Epoch  65/100 | Train Loss 0.0390 | Val Loss 0.0753 MAE 1.0133 R2 0.2708
2026-09-02 01:33:29 | Epoch  66/100 | Train Loss 0.0394 | Val Loss 0.0757 MAE 1.0006 R2 0.2734
2026-09-02 01:33:31 | Epoch  67/100 | Train Loss 0.0379 | Val Loss 0.0776 MAE 1.0191 R2 0.2554
2026-09-02 01:33:33 | Epoch  68/100 | Train Loss 0.0380 | Val Loss 0.0798 MAE 1.0239 R2 0.2419
2026-09-02 01:33:35 | Epoch  69/100 | Train Loss 0.0379 | Val Loss 0.0773 MAE 1.0181 R2 0.2582
2026-09-02 01:33:35 | Val R2 did not improve for 10 consecutive epochs, early stopping at Epoch 69 (best R2 0.2737 @ Epoch 59)
2026-09-02 01:33:35 | Run 3/5 | Test (best model @ Epoch 59) | Loss 0.0813 MAE 1.0501 R2 0.2637
2026-09-02 01:33:35 | ===== Run 4/5 (seed 3) =====
2026-09-02 01:33:37 | Epoch   1/100 | Train Loss 0.4499 | Val Loss 0.1373 MAE 1.4115 R2 -0.2558
2026-09-02 01:33:37 |   Val R2 improved to -0.2558, model saved
2026-09-02 01:33:39 | Epoch   2/100 | Train Loss 0.3046 | Val Loss 0.1228 MAE 1.2322 R2 -0.0374
2026-09-02 01:33:39 |   Val R2 improved to -0.0374, model saved
2026-09-02 01:33:41 | Epoch   3/100 | Train Loss 0.2419 | Val Loss 0.1212 MAE 1.2920 R2 -0.0655
2026-09-02 01:33:42 | Epoch   4/100 | Train Loss 0.1914 | Val Loss 0.1145 MAE 1.2435 R2 -0.0139
2026-09-02 01:33:42 |   Val R2 improved to -0.0139, model saved
2026-09-02 01:33:44 | Epoch   5/100 | Train Loss 0.1629 | Val Loss 0.1081 MAE 1.2765 R2 -0.0431
2026-09-02 01:33:45 | Epoch   6/100 | Train Loss 0.1434 | Val Loss 0.1027 MAE 1.2257 R2 0.0072
2026-09-02 01:33:45 |   Val R2 improved to 0.0072, model saved
2026-09-02 01:33:47 | Epoch   7/100 | Train Loss 0.1318 | Val Loss 0.1013 MAE 1.2650 R2 -0.0258
2026-09-02 01:33:49 | Epoch   8/100 | Train Loss 0.1235 | Val Loss 0.0999 MAE 1.2280 R2 0.0137
2026-09-02 01:33:49 |   Val R2 improved to 0.0137, model saved
2026-09-02 01:33:51 | Epoch   9/100 | Train Loss 0.1178 | Val Loss 0.0977 MAE 1.2324 R2 0.0144
2026-09-02 01:33:51 |   Val R2 improved to 0.0144, model saved
2026-09-02 01:33:52 | Epoch  10/100 | Train Loss 0.1139 | Val Loss 0.0955 MAE 1.2105 R2 0.0381
2026-09-02 01:33:53 |   Val R2 improved to 0.0381, model saved
2026-09-02 01:33:54 | Epoch  11/100 | Train Loss 0.1109 | Val Loss 0.0935 MAE 1.2050 R2 0.0466
2026-09-02 01:33:54 |   Val R2 improved to 0.0466, model saved
2026-09-02 01:33:56 | Epoch  12/100 | Train Loss 0.1098 | Val Loss 0.0930 MAE 1.2217 R2 0.0314
2026-09-02 01:33:58 | Epoch  13/100 | Train Loss 0.1072 | Val Loss 0.0913 MAE 1.1872 R2 0.0690
2026-09-02 01:33:58 |   Val R2 improved to 0.0690, model saved
2026-09-02 01:33:59 | Epoch  14/100 | Train Loss 0.1050 | Val Loss 0.0917 MAE 1.2151 R2 0.0446
2026-09-02 01:34:01 | Epoch  15/100 | Train Loss 0.1013 | Val Loss 0.0894 MAE 1.1721 R2 0.0884
2026-09-02 01:34:01 |   Val R2 improved to 0.0884, model saved
2026-09-02 01:34:03 | Epoch  16/100 | Train Loss 0.1008 | Val Loss 0.0903 MAE 1.1406 R2 0.1111
2026-09-02 01:34:03 |   Val R2 improved to 0.1111, model saved
2026-09-02 01:34:05 | Epoch  17/100 | Train Loss 0.0984 | Val Loss 0.0878 MAE 1.1817 R2 0.0897
2026-09-02 01:34:06 | Epoch  18/100 | Train Loss 0.0948 | Val Loss 0.0901 MAE 1.2091 R2 0.0524
2026-09-02 01:34:08 | Epoch  19/100 | Train Loss 0.0973 | Val Loss 0.0885 MAE 1.1955 R2 0.0742
2026-09-02 01:34:10 | Epoch  20/100 | Train Loss 0.0924 | Val Loss 0.0843 MAE 1.1329 R2 0.1455
2026-09-02 01:34:10 |   Val R2 improved to 0.1455, model saved
2026-09-02 01:34:11 | Epoch  21/100 | Train Loss 0.0915 | Val Loss 0.0870 MAE 1.1065 R2 0.1542
2026-09-02 01:34:11 |   Val R2 improved to 0.1542, model saved
2026-09-02 01:34:13 | Epoch  22/100 | Train Loss 0.0883 | Val Loss 0.0877 MAE 1.1083 R2 0.1468
2026-09-02 01:34:14 | Epoch  23/100 | Train Loss 0.0854 | Val Loss 0.0816 MAE 1.0943 R2 0.1855
2026-09-02 01:34:15 |   Val R2 improved to 0.1855, model saved
2026-09-02 01:34:16 | Epoch  24/100 | Train Loss 0.0831 | Val Loss 0.0812 MAE 1.0855 R2 0.1958
2026-09-02 01:34:16 |   Val R2 improved to 0.1958, model saved
2026-09-02 01:34:18 | Epoch  25/100 | Train Loss 0.0812 | Val Loss 0.0796 MAE 1.0796 R2 0.2085
2026-09-02 01:34:18 |   Val R2 improved to 0.2085, model saved
2026-09-02 01:34:20 | Epoch  26/100 | Train Loss 0.0793 | Val Loss 0.0798 MAE 1.0707 R2 0.2164
2026-09-02 01:34:20 |   Val R2 improved to 0.2164, model saved
2026-09-02 01:34:22 | Epoch  27/100 | Train Loss 0.0758 | Val Loss 0.0793 MAE 1.0637 R2 0.2248
2026-09-02 01:34:22 |   Val R2 improved to 0.2248, model saved
2026-09-02 01:34:24 | Epoch  28/100 | Train Loss 0.0729 | Val Loss 0.0786 MAE 1.0951 R2 0.1993
2026-09-02 01:34:26 | Epoch  29/100 | Train Loss 0.0731 | Val Loss 0.0802 MAE 1.0658 R2 0.2141
2026-09-02 01:34:28 | Epoch  30/100 | Train Loss 0.0725 | Val Loss 0.0826 MAE 1.0699 R2 0.2019
2026-09-02 01:34:30 | Epoch  31/100 | Train Loss 0.0701 | Val Loss 0.0769 MAE 1.0555 R2 0.2399
2026-09-02 01:34:30 |   Val R2 improved to 0.2399, model saved
2026-09-02 01:34:32 | Epoch  32/100 | Train Loss 0.0680 | Val Loss 0.0749 MAE 1.0496 R2 0.2519
2026-09-02 01:34:32 |   Val R2 improved to 0.2519, model saved
2026-09-02 01:34:34 | Epoch  33/100 | Train Loss 0.0655 | Val Loss 0.0764 MAE 1.0405 R2 0.2497
2026-09-02 01:34:36 | Epoch  34/100 | Train Loss 0.0636 | Val Loss 0.0753 MAE 1.0385 R2 0.2593
2026-09-02 01:34:36 |   Val R2 improved to 0.2593, model saved
2026-09-02 01:34:37 | Epoch  35/100 | Train Loss 0.0639 | Val Loss 0.0774 MAE 1.0439 R2 0.2450
2026-09-02 01:34:39 | Epoch  36/100 | Train Loss 0.0603 | Val Loss 0.0766 MAE 1.0408 R2 0.2489
2026-09-02 01:34:41 | Epoch  37/100 | Train Loss 0.0591 | Val Loss 0.0773 MAE 1.0395 R2 0.2434
2026-09-02 01:34:43 | Epoch  38/100 | Train Loss 0.0581 | Val Loss 0.0762 MAE 1.0459 R2 0.2445
2026-09-02 01:34:44 | Epoch  39/100 | Train Loss 0.0575 | Val Loss 0.0744 MAE 1.0236 R2 0.2690
2026-09-02 01:34:44 |   Val R2 improved to 0.2690, model saved
2026-09-02 01:34:46 | Epoch  40/100 | Train Loss 0.0569 | Val Loss 0.0734 MAE 1.0344 R2 0.2670
2026-09-02 01:34:47 | Epoch  41/100 | Train Loss 0.0558 | Val Loss 0.0746 MAE 1.0328 R2 0.2618
2026-09-02 01:34:49 | Epoch  42/100 | Train Loss 0.0525 | Val Loss 0.0825 MAE 1.0562 R2 0.2047
2026-09-02 01:34:51 | Epoch  43/100 | Train Loss 0.0555 | Val Loss 0.0741 MAE 1.0240 R2 0.2685
2026-09-02 01:34:52 | Epoch  44/100 | Train Loss 0.0525 | Val Loss 0.0740 MAE 1.0285 R2 0.2680
2026-09-02 01:34:54 | Epoch  45/100 | Train Loss 0.0507 | Val Loss 0.0740 MAE 1.0195 R2 0.2712
2026-09-02 01:34:54 |   Val R2 improved to 0.2712, model saved
2026-09-02 01:34:56 | Epoch  46/100 | Train Loss 0.0514 | Val Loss 0.0751 MAE 1.0283 R2 0.2599
2026-09-02 01:34:57 | Epoch  47/100 | Train Loss 0.0498 | Val Loss 0.0740 MAE 1.0216 R2 0.2712
2026-09-02 01:34:59 | Epoch  48/100 | Train Loss 0.0493 | Val Loss 0.0744 MAE 1.0260 R2 0.2656
2026-09-02 01:35:01 | Epoch  49/100 | Train Loss 0.0472 | Val Loss 0.0768 MAE 1.0230 R2 0.2541
2026-09-02 01:35:02 | Epoch  50/100 | Train Loss 0.0474 | Val Loss 0.0738 MAE 1.0257 R2 0.2660
2026-09-02 01:35:04 | Epoch  51/100 | Train Loss 0.0466 | Val Loss 0.0753 MAE 1.0243 R2 0.2626
2026-09-02 01:35:06 | Epoch  52/100 | Train Loss 0.0453 | Val Loss 0.0780 MAE 1.0284 R2 0.2428
2026-09-02 01:35:08 | Epoch  53/100 | Train Loss 0.0437 | Val Loss 0.0793 MAE 1.0362 R2 0.2309
2026-09-02 01:35:09 | Epoch  54/100 | Train Loss 0.0451 | Val Loss 0.0742 MAE 1.0230 R2 0.2656
2026-09-02 01:35:11 | Epoch  55/100 | Train Loss 0.0449 | Val Loss 0.0755 MAE 1.0193 R2 0.2605
2026-09-02 01:35:11 | Val R2 did not improve for 10 consecutive epochs, early stopping at Epoch 55 (best R2 0.2712 @ Epoch 45)
2026-09-02 01:35:12 | Run 4/5 | Test (best model @ Epoch 45) | Loss 0.0805 MAE 1.0651 R2 0.2518
2026-09-02 01:35:12 | ===== Run 5/5 (seed 4) =====
2026-09-02 01:35:14 | Epoch   1/100 | Train Loss 0.4676 | Val Loss 0.1373 MAE 1.3915 R2 -0.2316
2026-09-02 01:35:14 |   Val R2 improved to -0.2316, model saved
2026-09-02 01:35:15 | Epoch   2/100 | Train Loss 0.3132 | Val Loss 0.1267 MAE 1.2356 R2 -0.0435
2026-09-02 01:35:16 |   Val R2 improved to -0.0435, model saved
2026-09-02 01:35:17 | Epoch   3/100 | Train Loss 0.2405 | Val Loss 0.1246 MAE 1.2921 R2 -0.0699
2026-09-02 01:35:19 | Epoch   4/100 | Train Loss 0.1988 | Val Loss 0.1177 MAE 1.2478 R2 -0.0188
2026-09-02 01:35:19 |   Val R2 improved to -0.0188, model saved
2026-09-02 01:35:21 | Epoch   5/100 | Train Loss 0.1690 | Val Loss 0.1122 MAE 1.2983 R2 -0.0723
2026-09-02 01:35:23 | Epoch   6/100 | Train Loss 0.1503 | Val Loss 0.1056 MAE 1.2358 R2 -0.0020
2026-09-02 01:35:23 |   Val R2 improved to -0.0020, model saved
2026-09-02 01:35:24 | Epoch   7/100 | Train Loss 0.1366 | Val Loss 0.1037 MAE 1.2540 R2 -0.0149
2026-09-02 01:35:26 | Epoch   8/100 | Train Loss 0.1314 | Val Loss 0.1028 MAE 1.2564 R2 -0.0146
2026-09-02 01:35:28 | Epoch   9/100 | Train Loss 0.1265 | Val Loss 0.1010 MAE 1.2449 R2 0.0001
2026-09-02 01:35:28 |   Val R2 improved to 0.0001, model saved
2026-09-02 01:35:30 | Epoch  10/100 | Train Loss 0.1217 | Val Loss 0.0984 MAE 1.2011 R2 0.0437
2026-09-02 01:35:30 |   Val R2 improved to 0.0437, model saved
2026-09-02 01:35:32 | Epoch  11/100 | Train Loss 0.1194 | Val Loss 0.0967 MAE 1.1880 R2 0.0571
2026-09-02 01:35:32 |   Val R2 improved to 0.0571, model saved
2026-09-02 01:35:33 | Epoch  12/100 | Train Loss 0.1166 | Val Loss 0.0949 MAE 1.1896 R2 0.0622
2026-09-02 01:35:33 |   Val R2 improved to 0.0622, model saved
2026-09-02 01:35:35 | Epoch  13/100 | Train Loss 0.1140 | Val Loss 0.0953 MAE 1.2280 R2 0.0275
2026-09-02 01:35:37 | Epoch  14/100 | Train Loss 0.1123 | Val Loss 0.0935 MAE 1.1933 R2 0.0637
2026-09-02 01:35:37 |   Val R2 improved to 0.0637, model saved
2026-09-02 01:35:39 | Epoch  15/100 | Train Loss 0.1065 | Val Loss 0.0926 MAE 1.1883 R2 0.0699
2026-09-02 01:35:39 |   Val R2 improved to 0.0699, model saved
2026-09-02 01:35:40 | Epoch  16/100 | Train Loss 0.1066 | Val Loss 0.0927 MAE 1.2028 R2 0.0564
2026-09-02 01:35:42 | Epoch  17/100 | Train Loss 0.1035 | Val Loss 0.0911 MAE 1.1517 R2 0.1076
2026-09-02 01:35:42 |   Val R2 improved to 0.1076, model saved
2026-09-02 01:35:44 | Epoch  18/100 | Train Loss 0.1010 | Val Loss 0.0897 MAE 1.1506 R2 0.1144
2026-09-02 01:35:44 |   Val R2 improved to 0.1144, model saved
2026-09-02 01:35:45 | Epoch  19/100 | Train Loss 0.0971 | Val Loss 0.0881 MAE 1.1377 R2 0.1292
2026-09-02 01:35:45 |   Val R2 improved to 0.1292, model saved
2026-09-02 01:35:47 | Epoch  20/100 | Train Loss 0.0946 | Val Loss 0.0865 MAE 1.1273 R2 0.1414
2026-09-02 01:35:47 |   Val R2 improved to 0.1414, model saved
2026-09-02 01:35:49 | Epoch  21/100 | Train Loss 0.0923 | Val Loss 0.0858 MAE 1.1192 R2 0.1548
2026-09-02 01:35:49 |   Val R2 improved to 0.1548, model saved
2026-09-02 01:35:50 | Epoch  22/100 | Train Loss 0.0899 | Val Loss 0.0848 MAE 1.1184 R2 0.1569
2026-09-02 01:35:50 |   Val R2 improved to 0.1569, model saved
2026-09-02 01:35:51 | Epoch  23/100 | Train Loss 0.0874 | Val Loss 0.0880 MAE 1.0940 R2 0.1673
2026-09-02 01:35:51 |   Val R2 improved to 0.1673, model saved
2026-09-02 01:35:53 | Epoch  24/100 | Train Loss 0.0850 | Val Loss 0.0846 MAE 1.0916 R2 0.1833
2026-09-02 01:35:53 |   Val R2 improved to 0.1833, model saved
2026-09-02 01:35:55 | Epoch  25/100 | Train Loss 0.0816 | Val Loss 0.0828 MAE 1.0954 R2 0.1849
2026-09-02 01:35:55 |   Val R2 improved to 0.1849, model saved
2026-09-02 01:35:57 | Epoch  26/100 | Train Loss 0.0811 | Val Loss 0.0898 MAE 1.0941 R2 0.1602
2026-09-02 01:35:59 | Epoch  27/100 | Train Loss 0.0784 | Val Loss 0.0809 MAE 1.0811 R2 0.2066
2026-09-02 01:35:59 |   Val R2 improved to 0.2066, model saved
2026-09-02 01:36:01 | Epoch  28/100 | Train Loss 0.0765 | Val Loss 0.0809 MAE 1.0833 R2 0.2002
2026-09-02 01:36:02 | Epoch  29/100 | Train Loss 0.0769 | Val Loss 0.0823 MAE 1.0652 R2 0.2156
2026-09-02 01:36:02 |   Val R2 improved to 0.2156, model saved
2026-09-02 01:36:04 | Epoch  30/100 | Train Loss 0.0705 | Val Loss 0.0836 MAE 1.0680 R2 0.2055
2026-09-02 01:36:05 | Epoch  31/100 | Train Loss 0.0704 | Val Loss 0.0819 MAE 1.0572 R2 0.2215
2026-09-02 01:36:05 |   Val R2 improved to 0.2215, model saved
2026-09-02 01:36:07 | Epoch  32/100 | Train Loss 0.0686 | Val Loss 0.0812 MAE 1.0570 R2 0.2237
2026-09-02 01:36:07 |   Val R2 improved to 0.2237, model saved
2026-09-02 01:36:09 | Epoch  33/100 | Train Loss 0.0657 | Val Loss 0.0819 MAE 1.0561 R2 0.2217
2026-09-02 01:36:10 | Epoch  34/100 | Train Loss 0.0687 | Val Loss 0.0803 MAE 1.0588 R2 0.2235
2026-09-02 01:36:12 | Epoch  35/100 | Train Loss 0.0634 | Val Loss 0.0811 MAE 1.0520 R2 0.2245
2026-09-02 01:36:12 |   Val R2 improved to 0.2245, model saved
2026-09-02 01:36:14 | Epoch  36/100 | Train Loss 0.0606 | Val Loss 0.0800 MAE 1.0507 R2 0.2286
2026-09-02 01:36:14 |   Val R2 improved to 0.2286, model saved
2026-09-02 01:36:16 | Epoch  37/100 | Train Loss 0.0616 | Val Loss 0.0799 MAE 1.0459 R2 0.2327
2026-09-02 01:36:16 |   Val R2 improved to 0.2327, model saved
2026-09-02 01:36:18 | Epoch  38/100 | Train Loss 0.0593 | Val Loss 0.0793 MAE 1.0501 R2 0.2336
2026-09-02 01:36:18 |   Val R2 improved to 0.2336, model saved
2026-09-02 01:36:20 | Epoch  39/100 | Train Loss 0.0617 | Val Loss 0.0792 MAE 1.0645 R2 0.2243
2026-09-02 01:36:21 | Epoch  40/100 | Train Loss 0.0611 | Val Loss 0.0799 MAE 1.0476 R2 0.2349
2026-09-02 01:36:22 |   Val R2 improved to 0.2349, model saved
2026-09-02 01:36:24 | Epoch  41/100 | Train Loss 0.0559 | Val Loss 0.0836 MAE 1.0550 R2 0.2094
2026-09-02 01:36:25 | Epoch  42/100 | Train Loss 0.0561 | Val Loss 0.0806 MAE 1.0484 R2 0.2273
2026-09-02 01:36:27 | Epoch  43/100 | Train Loss 0.0539 | Val Loss 0.0806 MAE 1.0479 R2 0.2272
2026-09-02 01:36:29 | Epoch  44/100 | Train Loss 0.0518 | Val Loss 0.0801 MAE 1.0429 R2 0.2303
2026-09-02 01:36:31 | Epoch  45/100 | Train Loss 0.0524 | Val Loss 0.0789 MAE 1.0371 R2 0.2405
2026-09-02 01:36:31 |   Val R2 improved to 0.2405, model saved
2026-09-02 01:36:33 | Epoch  46/100 | Train Loss 0.0515 | Val Loss 0.0866 MAE 1.0701 R2 0.1834
2026-09-02 01:36:35 | Epoch  47/100 | Train Loss 0.0513 | Val Loss 0.0881 MAE 1.0781 R2 0.1701
2026-09-02 01:36:37 | Epoch  48/100 | Train Loss 0.0501 | Val Loss 0.0854 MAE 1.0650 R2 0.1884
2026-09-02 01:36:39 | Epoch  49/100 | Train Loss 0.0496 | Val Loss 0.0826 MAE 1.0524 R2 0.2118
2026-09-02 01:36:41 | Epoch  50/100 | Train Loss 0.0473 | Val Loss 0.0800 MAE 1.0419 R2 0.2317
2026-09-02 01:36:43 | Epoch  51/100 | Train Loss 0.0474 | Val Loss 0.0808 MAE 1.0389 R2 0.2294
2026-09-02 01:36:45 | Epoch  52/100 | Train Loss 0.0461 | Val Loss 0.0814 MAE 1.0473 R2 0.2230
2026-09-02 01:36:46 | Epoch  53/100 | Train Loss 0.0456 | Val Loss 0.0804 MAE 1.0433 R2 0.2282
2026-09-02 01:36:48 | Epoch  54/100 | Train Loss 0.0448 | Val Loss 0.0871 MAE 1.0734 R2 0.1731
2026-09-02 01:36:50 | Epoch  55/100 | Train Loss 0.0453 | Val Loss 0.0916 MAE 1.0984 R2 0.1334
2026-09-02 01:36:50 | Val R2 did not improve for 10 consecutive epochs, early stopping at Epoch 55 (best R2 0.2405 @ Epoch 45)
2026-09-02 01:36:51 | Run 5/5 | Test (best model @ Epoch 45) | Loss 0.0808 MAE 1.0597 R2 0.2643
2026-09-02 01:36:51 | Average over 5 runs | Test Loss 0.0801±0.0013 MAE 1.0551±0.0077 R2 0.2657±0.0094
