2026-09-14 22:42:36 | Device: cuda
2026-09-14 22:42:36 | Args: {'model': 'opb-rand-var', 'backbone': 'mlp', 'task': 'housing', 'epochs': 100, 'batch_size': 512, 'lr': 0.001, 'hidden_dims': [512, 256], 'dropout': 0.2, 'z_dim': 256, 'anchor_scale': 6.0, 'energy_classifier': False, 'tied_head': False, 'max_len': 250, 'random_labels': False, 'beta': 1.0, 'patience': 10, 'runs': 5, 'seed': 0, 'data_dir': './data', 'save_path': 'output/california_mlp_opb-rand-var/california_mlp_opb-rand-var.pt', 'log_path': '/root/autodl-tmp/IB/output/ablation/california_mlp_opb-rand-var_beta_1_anchor_6/train.log', 'no_save': True}
2026-09-14 22:42:36 | ===== Run 1/5 (seed 0) =====
2026-09-14 22:42:40 | Epoch   1/100 | Train Loss 57.8581 | Val Loss 39.6986 MAE 0.8579 R2 -0.0168
2026-09-14 22:42:40 |   Val R2 improved to -0.0168, model saved
2026-09-14 22:42:40 | Epoch   2/100 | Train Loss 5.1901 | Val Loss 2.4168 MAE 0.6221 R2 0.4662
2026-09-14 22:42:40 |   Val R2 improved to 0.4662, model saved
2026-09-14 22:42:40 | Epoch   3/100 | Train Loss 2.9997 | Val Loss 1.6065 MAE 0.5226 R2 0.6035
2026-09-14 22:42:40 |   Val R2 improved to 0.6035, model saved
2026-09-14 22:42:41 | Epoch   4/100 | Train Loss 2.3346 | Val Loss 1.3595 MAE 0.4807 R2 0.6523
2026-09-14 22:42:41 |   Val R2 improved to 0.6523, model saved
2026-09-14 22:42:41 | Epoch   5/100 | Train Loss 2.0024 | Val Loss 1.2712 MAE 0.4637 R2 0.6759
2026-09-14 22:42:41 |   Val R2 improved to 0.6759, model saved
2026-09-14 22:42:41 | Epoch   6/100 | Train Loss 1.8418 | Val Loss 1.1914 MAE 0.4530 R2 0.6951
2026-09-14 22:42:41 |   Val R2 improved to 0.6951, model saved
2026-09-14 22:42:41 | Epoch   7/100 | Train Loss 1.7047 | Val Loss 1.1956 MAE 0.4444 R2 0.7032
2026-09-14 22:42:41 |   Val R2 improved to 0.7032, model saved
2026-09-14 22:42:42 | Epoch   8/100 | Train Loss 1.5464 | Val Loss 1.0847 MAE 0.4381 R2 0.7173
2026-09-14 22:42:42 |   Val R2 improved to 0.7173, model saved
2026-09-14 22:42:42 | Epoch   9/100 | Train Loss 1.5148 | Val Loss 1.0822 MAE 0.4335 R2 0.7165
2026-09-14 22:42:42 | Epoch  10/100 | Train Loss 1.4371 | Val Loss 1.0392 MAE 0.4314 R2 0.7255
2026-09-14 22:42:42 |   Val R2 improved to 0.7255, model saved
2026-09-14 22:42:43 | Epoch  11/100 | Train Loss 1.4060 | Val Loss 1.0153 MAE 0.4284 R2 0.7329
2026-09-14 22:42:43 |   Val R2 improved to 0.7329, model saved
2026-09-14 22:42:43 | Epoch  12/100 | Train Loss 1.3634 | Val Loss 0.9933 MAE 0.4246 R2 0.7350
2026-09-14 22:42:43 |   Val R2 improved to 0.7350, model saved
2026-09-14 22:42:43 | Epoch  13/100 | Train Loss 1.3020 | Val Loss 0.9806 MAE 0.4204 R2 0.7374
2026-09-14 22:42:43 |   Val R2 improved to 0.7374, model saved
2026-09-14 22:42:44 | Epoch  14/100 | Train Loss 1.2928 | Val Loss 0.9923 MAE 0.4177 R2 0.7347
2026-09-14 22:42:44 | Epoch  15/100 | Train Loss 1.2532 | Val Loss 0.9687 MAE 0.4143 R2 0.7426
2026-09-14 22:42:44 |   Val R2 improved to 0.7426, model saved
2026-09-14 22:42:44 | Epoch  16/100 | Train Loss 1.2455 | Val Loss 0.9722 MAE 0.4155 R2 0.7369
2026-09-14 22:42:45 | Epoch  17/100 | Train Loss 1.2296 | Val Loss 0.9370 MAE 0.4152 R2 0.7474
2026-09-14 22:42:45 |   Val R2 improved to 0.7474, model saved
2026-09-14 22:42:45 | Epoch  18/100 | Train Loss 1.2114 | Val Loss 0.9374 MAE 0.4109 R2 0.7462
2026-09-14 22:42:45 | Epoch  19/100 | Train Loss 1.1958 | Val Loss 0.9608 MAE 0.4093 R2 0.7414
2026-09-14 22:42:46 | Epoch  20/100 | Train Loss 1.1832 | Val Loss 0.9331 MAE 0.4057 R2 0.7501
2026-09-14 22:42:46 |   Val R2 improved to 0.7501, model saved
2026-09-14 22:42:46 | Epoch  21/100 | Train Loss 1.1664 | Val Loss 0.9352 MAE 0.4043 R2 0.7532
2026-09-14 22:42:46 |   Val R2 improved to 0.7532, model saved
2026-09-14 22:42:46 | Epoch  22/100 | Train Loss 1.1525 | Val Loss 0.9382 MAE 0.4076 R2 0.7499
2026-09-14 22:42:47 | Epoch  23/100 | Train Loss 1.1497 | Val Loss 0.9212 MAE 0.4089 R2 0.7565
2026-09-14 22:42:47 |   Val R2 improved to 0.7565, model saved
2026-09-14 22:42:47 | Epoch  24/100 | Train Loss 1.1284 | Val Loss 0.9241 MAE 0.4006 R2 0.7528
2026-09-14 22:42:47 | Epoch  25/100 | Train Loss 1.1227 | Val Loss 0.8856 MAE 0.3985 R2 0.7605
2026-09-14 22:42:47 |   Val R2 improved to 0.7605, model saved
2026-09-14 22:42:48 | Epoch  26/100 | Train Loss 1.1035 | Val Loss 0.9274 MAE 0.3977 R2 0.7555
2026-09-14 22:42:48 | Epoch  27/100 | Train Loss 1.1226 | Val Loss 0.8972 MAE 0.3959 R2 0.7563
2026-09-14 22:42:48 | Epoch  28/100 | Train Loss 1.0937 | Val Loss 0.8921 MAE 0.3940 R2 0.7613
2026-09-14 22:42:48 |   Val R2 improved to 0.7613, model saved
2026-09-14 22:42:49 | Epoch  29/100 | Train Loss 1.0788 | Val Loss 0.8841 MAE 0.3924 R2 0.7599
2026-09-14 22:42:49 | Epoch  30/100 | Train Loss 1.0898 | Val Loss 0.8866 MAE 0.3922 R2 0.7646
2026-09-14 22:42:49 |   Val R2 improved to 0.7646, model saved
2026-09-14 22:42:49 | Epoch  31/100 | Train Loss 1.0677 | Val Loss 0.8681 MAE 0.3909 R2 0.7641
2026-09-14 22:42:50 | Epoch  32/100 | Train Loss 1.0678 | Val Loss 0.8610 MAE 0.3900 R2 0.7682
2026-09-14 22:42:50 |   Val R2 improved to 0.7682, model saved
2026-09-14 22:42:50 | Epoch  33/100 | Train Loss 1.0722 | Val Loss 0.8703 MAE 0.3900 R2 0.7655
2026-09-14 22:42:50 | Epoch  34/100 | Train Loss 1.0451 | Val Loss 0.8529 MAE 0.3891 R2 0.7663
2026-09-14 22:42:51 | Epoch  35/100 | Train Loss 1.0399 | Val Loss 0.8577 MAE 0.3872 R2 0.7693
2026-09-14 22:42:51 |   Val R2 improved to 0.7693, model saved
2026-09-14 22:42:51 | Epoch  36/100 | Train Loss 1.0352 | Val Loss 0.8515 MAE 0.3825 R2 0.7717
2026-09-14 22:42:51 |   Val R2 improved to 0.7717, model saved
2026-09-14 22:42:52 | Epoch  37/100 | Train Loss 1.0308 | Val Loss 0.8739 MAE 0.3901 R2 0.7635
2026-09-14 22:42:52 | Epoch  38/100 | Train Loss 1.0368 | Val Loss 0.8448 MAE 0.3894 R2 0.7728
2026-09-14 22:42:52 |   Val R2 improved to 0.7728, model saved
2026-09-14 22:42:52 | Epoch  39/100 | Train Loss 1.0276 | Val Loss 0.8807 MAE 0.3886 R2 0.7616
2026-09-14 22:42:53 | Epoch  40/100 | Train Loss 1.0263 | Val Loss 0.8274 MAE 0.3802 R2 0.7758
2026-09-14 22:42:53 |   Val R2 improved to 0.7758, model saved
2026-09-14 22:42:53 | Epoch  41/100 | Train Loss 0.9937 | Val Loss 0.8364 MAE 0.3867 R2 0.7747
2026-09-14 22:42:53 | Epoch  42/100 | Train Loss 1.0079 | Val Loss 0.8526 MAE 0.3823 R2 0.7741
2026-09-14 22:42:54 | Epoch  43/100 | Train Loss 1.0030 | Val Loss 0.8436 MAE 0.3845 R2 0.7776
2026-09-14 22:42:54 |   Val R2 improved to 0.7776, model saved
2026-09-14 22:42:54 | Epoch  44/100 | Train Loss 0.9879 | Val Loss 0.8180 MAE 0.3823 R2 0.7793
2026-09-14 22:42:54 |   Val R2 improved to 0.7793, model saved
2026-09-14 22:42:54 | Epoch  45/100 | Train Loss 0.9794 | Val Loss 0.8316 MAE 0.3804 R2 0.7756
2026-09-14 22:42:55 | Epoch  46/100 | Train Loss 0.9917 | Val Loss 0.8199 MAE 0.3783 R2 0.7778
2026-09-14 22:42:55 | Epoch  47/100 | Train Loss 0.9691 | Val Loss 0.8298 MAE 0.3757 R2 0.7744
2026-09-14 22:42:55 | Epoch  48/100 | Train Loss 0.9852 | Val Loss 0.8112 MAE 0.3758 R2 0.7775
2026-09-14 22:42:56 | Epoch  49/100 | Train Loss 0.9770 | Val Loss 0.8000 MAE 0.3733 R2 0.7822
2026-09-14 22:42:56 |   Val R2 improved to 0.7822, model saved
2026-09-14 22:42:56 | Epoch  50/100 | Train Loss 0.9679 | Val Loss 0.8241 MAE 0.3746 R2 0.7756
2026-09-14 22:42:56 | Epoch  51/100 | Train Loss 0.9594 | Val Loss 0.8154 MAE 0.3713 R2 0.7802
2026-09-14 22:42:56 | Epoch  52/100 | Train Loss 0.9721 | Val Loss 0.8207 MAE 0.3727 R2 0.7817
2026-09-14 22:42:57 | Epoch  53/100 | Train Loss 0.9482 | Val Loss 0.8337 MAE 0.3809 R2 0.7727
2026-09-14 22:42:57 | Epoch  54/100 | Train Loss 0.9636 | Val Loss 0.8130 MAE 0.3727 R2 0.7786
2026-09-14 22:42:57 | Epoch  55/100 | Train Loss 0.9543 | Val Loss 0.8250 MAE 0.3717 R2 0.7796
2026-09-14 22:42:58 | Epoch  56/100 | Train Loss 0.9535 | Val Loss 0.7997 MAE 0.3700 R2 0.7840
2026-09-14 22:42:58 |   Val R2 improved to 0.7840, model saved
2026-09-14 22:42:58 | Epoch  57/100 | Train Loss 0.9368 | Val Loss 0.8223 MAE 0.3699 R2 0.7783
2026-09-14 22:42:58 | Epoch  58/100 | Train Loss 0.9431 | Val Loss 0.8008 MAE 0.3709 R2 0.7835
2026-09-14 22:42:59 | Epoch  59/100 | Train Loss 0.9302 | Val Loss 0.8233 MAE 0.3733 R2 0.7769
2026-09-14 22:42:59 | Epoch  60/100 | Train Loss 0.9413 | Val Loss 0.8020 MAE 0.3678 R2 0.7832
2026-09-14 22:42:59 | Epoch  61/100 | Train Loss 0.9285 | Val Loss 0.7839 MAE 0.3687 R2 0.7853
2026-09-14 22:42:59 |   Val R2 improved to 0.7853, model saved
2026-09-14 22:43:00 | Epoch  62/100 | Train Loss 0.9338 | Val Loss 0.7835 MAE 0.3733 R2 0.7853
2026-09-14 22:43:00 |   Val R2 improved to 0.7853, model saved
2026-09-14 22:43:00 | Epoch  63/100 | Train Loss 0.9191 | Val Loss 0.7981 MAE 0.3724 R2 0.7835
2026-09-14 22:43:00 | Epoch  64/100 | Train Loss 0.9126 | Val Loss 0.7883 MAE 0.3679 R2 0.7844
2026-09-14 22:43:01 | Epoch  65/100 | Train Loss 0.9081 | Val Loss 0.8094 MAE 0.3695 R2 0.7815
2026-09-14 22:43:01 | Epoch  66/100 | Train Loss 0.9212 | Val Loss 0.7855 MAE 0.3727 R2 0.7866
2026-09-14 22:43:01 |   Val R2 improved to 0.7866, model saved
2026-09-14 22:43:01 | Epoch  67/100 | Train Loss 0.9159 | Val Loss 0.7860 MAE 0.3667 R2 0.7867
2026-09-14 22:43:01 |   Val R2 improved to 0.7867, model saved
2026-09-14 22:43:02 | Epoch  68/100 | Train Loss 0.9009 | Val Loss 0.7870 MAE 0.3672 R2 0.7859
2026-09-14 22:43:02 | Epoch  69/100 | Train Loss 0.8950 | Val Loss 0.7866 MAE 0.3683 R2 0.7866
2026-09-14 22:43:02 | Epoch  70/100 | Train Loss 0.8962 | Val Loss 0.7934 MAE 0.3665 R2 0.7831
2026-09-14 22:43:03 | Epoch  71/100 | Train Loss 0.8901 | Val Loss 0.7801 MAE 0.3660 R2 0.7884
2026-09-14 22:43:03 |   Val R2 improved to 0.7884, model saved
2026-09-14 22:43:03 | Epoch  72/100 | Train Loss 0.9082 | Val Loss 0.7846 MAE 0.3675 R2 0.7876
2026-09-14 22:43:03 | Epoch  73/100 | Train Loss 0.9046 | Val Loss 0.7652 MAE 0.3645 R2 0.7915
2026-09-14 22:43:03 |   Val R2 improved to 0.7915, model saved
2026-09-14 22:43:04 | Epoch  74/100 | Train Loss 0.8969 | Val Loss 0.7717 MAE 0.3653 R2 0.7893
2026-09-14 22:43:04 | Epoch  75/100 | Train Loss 0.8873 | Val Loss 0.7786 MAE 0.3620 R2 0.7878
2026-09-14 22:43:04 | Epoch  76/100 | Train Loss 0.8755 | Val Loss 0.7645 MAE 0.3623 R2 0.7893
2026-09-14 22:43:05 | Epoch  77/100 | Train Loss 0.8806 | Val Loss 0.7680 MAE 0.3632 R2 0.7905
2026-09-14 22:43:05 | Epoch  78/100 | Train Loss 0.8887 | Val Loss 0.7779 MAE 0.3669 R2 0.7904
2026-09-14 22:43:05 | Epoch  79/100 | Train Loss 0.8793 | Val Loss 0.7965 MAE 0.3714 R2 0.7827
2026-09-14 22:43:06 | Epoch  80/100 | Train Loss 0.8876 | Val Loss 0.8028 MAE 0.3652 R2 0.7823
2026-09-14 22:43:06 | Epoch  81/100 | Train Loss 0.8856 | Val Loss 0.7663 MAE 0.3649 R2 0.7932
2026-09-14 22:43:06 |   Val R2 improved to 0.7932, model saved
2026-09-14 22:43:06 | Epoch  82/100 | Train Loss 0.8781 | Val Loss 0.7689 MAE 0.3634 R2 0.7913
2026-09-14 22:43:07 | Epoch  83/100 | Train Loss 0.8589 | Val Loss 0.7637 MAE 0.3627 R2 0.7926
2026-09-14 22:43:07 | Epoch  84/100 | Train Loss 0.8650 | Val Loss 0.7518 MAE 0.3602 R2 0.7946
2026-09-14 22:43:07 |   Val R2 improved to 0.7946, model saved
2026-09-14 22:43:07 | Epoch  85/100 | Train Loss 0.8596 | Val Loss 0.7536 MAE 0.3599 R2 0.7959
2026-09-14 22:43:07 |   Val R2 improved to 0.7959, model saved
2026-09-14 22:43:08 | Epoch  86/100 | Train Loss 0.8599 | Val Loss 0.8217 MAE 0.3711 R2 0.7770
2026-09-14 22:43:08 | Epoch  87/100 | Train Loss 0.8793 | Val Loss 0.7545 MAE 0.3626 R2 0.7950
2026-09-14 22:43:08 | Epoch  88/100 | Train Loss 0.8754 | Val Loss 0.7528 MAE 0.3569 R2 0.7933
2026-09-14 22:43:09 | Epoch  89/100 | Train Loss 0.8486 | Val Loss 0.7701 MAE 0.3621 R2 0.7890
2026-09-14 22:43:09 | Epoch  90/100 | Train Loss 0.8607 | Val Loss 0.7539 MAE 0.3602 R2 0.7946
2026-09-14 22:43:09 | Epoch  91/100 | Train Loss 0.8460 | Val Loss 0.7581 MAE 0.3614 R2 0.7929
2026-09-14 22:43:10 | Epoch  92/100 | Train Loss 0.8461 | Val Loss 0.7514 MAE 0.3659 R2 0.7961
2026-09-14 22:43:10 |   Val R2 improved to 0.7961, model saved
2026-09-14 22:43:10 | Epoch  93/100 | Train Loss 0.8607 | Val Loss 0.8056 MAE 0.3623 R2 0.7850
2026-09-14 22:43:10 | Epoch  94/100 | Train Loss 0.8510 | Val Loss 0.7508 MAE 0.3590 R2 0.7947
2026-09-14 22:43:11 | Epoch  95/100 | Train Loss 0.8341 | Val Loss 0.7550 MAE 0.3630 R2 0.7961
2026-09-14 22:43:11 | Epoch  96/100 | Train Loss 0.8550 | Val Loss 0.7801 MAE 0.3607 R2 0.7871
2026-09-14 22:43:11 | Epoch  97/100 | Train Loss 0.8324 | Val Loss 0.7529 MAE 0.3583 R2 0.7952
2026-09-14 22:43:12 | Epoch  98/100 | Train Loss 0.8275 | Val Loss 0.7459 MAE 0.3587 R2 0.7949
2026-09-14 22:43:12 | Epoch  99/100 | Train Loss 0.8400 | Val Loss 0.7549 MAE 0.3582 R2 0.7936
2026-09-14 22:43:12 | Epoch 100/100 | Train Loss 0.8350 | Val Loss 0.8661 MAE 0.3759 R2 0.7681
2026-09-14 22:43:13 | Run 1/5 | Test (best model @ Epoch 92) | Loss 0.7512 MAE 0.3648 R2 0.7852
2026-09-14 22:43:13 | ===== Run 2/5 (seed 1) =====
2026-09-14 22:43:13 | Epoch   1/100 | Train Loss 41.9418 | Val Loss 84.5350 MAE 0.7953 R2 0.0496
2026-09-14 22:43:13 |   Val R2 improved to 0.0496, model saved
2026-09-14 22:43:13 | Epoch   2/100 | Train Loss 4.1263 | Val Loss 1.7393 MAE 0.6156 R2 0.5202
2026-09-14 22:43:13 |   Val R2 improved to 0.5202, model saved
2026-09-14 22:43:14 | Epoch   3/100 | Train Loss 2.2969 | Val Loss 1.2088 MAE 0.5198 R2 0.6331
2026-09-14 22:43:14 |   Val R2 improved to 0.6331, model saved
2026-09-14 22:43:14 | Epoch   4/100 | Train Loss 1.7845 | Val Loss 1.0335 MAE 0.4803 R2 0.6816
2026-09-14 22:43:14 |   Val R2 improved to 0.6816, model saved
2026-09-14 22:43:14 | Epoch   5/100 | Train Loss 1.5330 | Val Loss 0.9992 MAE 0.4621 R2 0.6976
2026-09-14 22:43:14 |   Val R2 improved to 0.6976, model saved
2026-09-14 22:43:14 | Epoch   6/100 | Train Loss 1.3714 | Val Loss 0.8948 MAE 0.4504 R2 0.7112
2026-09-14 22:43:14 |   Val R2 improved to 0.7112, model saved
2026-09-14 22:43:15 | Epoch   7/100 | Train Loss 1.4731 | Val Loss 0.8947 MAE 0.4394 R2 0.7207
2026-09-14 22:43:15 |   Val R2 improved to 0.7207, model saved
2026-09-14 22:43:15 | Epoch   8/100 | Train Loss 1.2466 | Val Loss 0.8367 MAE 0.4472 R2 0.7214
2026-09-14 22:43:15 |   Val R2 improved to 0.7214, model saved
2026-09-14 22:43:15 | Epoch   9/100 | Train Loss 1.1629 | Val Loss 0.8185 MAE 0.4300 R2 0.7306
2026-09-14 22:43:15 |   Val R2 improved to 0.7306, model saved
2026-09-14 22:43:16 | Epoch  10/100 | Train Loss 1.1147 | Val Loss 0.7735 MAE 0.4345 R2 0.7340
2026-09-14 22:43:16 |   Val R2 improved to 0.7340, model saved
2026-09-14 22:43:16 | Epoch  11/100 | Train Loss 1.0890 | Val Loss 0.8040 MAE 0.4277 R2 0.7370
2026-09-14 22:43:16 |   Val R2 improved to 0.7370, model saved
2026-09-14 22:43:16 | Epoch  12/100 | Train Loss 1.0499 | Val Loss 0.7566 MAE 0.4223 R2 0.7411
2026-09-14 22:43:16 |   Val R2 improved to 0.7411, model saved
2026-09-14 22:43:17 | Epoch  13/100 | Train Loss 1.0181 | Val Loss 0.7369 MAE 0.4223 R2 0.7431
2026-09-14 22:43:17 |   Val R2 improved to 0.7431, model saved
2026-09-14 22:43:17 | Epoch  14/100 | Train Loss 0.9950 | Val Loss 0.7536 MAE 0.4195 R2 0.7461
2026-09-14 22:43:17 |   Val R2 improved to 0.7461, model saved
2026-09-14 22:43:17 | Epoch  15/100 | Train Loss 0.9834 | Val Loss 0.7528 MAE 0.4195 R2 0.7472
2026-09-14 22:43:17 |   Val R2 improved to 0.7472, model saved
2026-09-14 22:43:18 | Epoch  16/100 | Train Loss 0.9531 | Val Loss 0.7346 MAE 0.4151 R2 0.7475
2026-09-14 22:43:18 |   Val R2 improved to 0.7475, model saved
2026-09-14 22:43:18 | Epoch  17/100 | Train Loss 0.9527 | Val Loss 0.7919 MAE 0.4112 R2 0.7466
2026-09-14 22:43:18 | Epoch  18/100 | Train Loss 0.9520 | Val Loss 0.7072 MAE 0.4095 R2 0.7525
2026-09-14 22:43:18 |   Val R2 improved to 0.7525, model saved
2026-09-14 22:43:18 | Epoch  19/100 | Train Loss 0.9401 | Val Loss 0.6946 MAE 0.4129 R2 0.7526
2026-09-14 22:43:18 |   Val R2 improved to 0.7526, model saved
2026-09-14 22:43:19 | Epoch  20/100 | Train Loss 0.9072 | Val Loss 0.6975 MAE 0.4117 R2 0.7553
2026-09-14 22:43:19 |   Val R2 improved to 0.7553, model saved
2026-09-14 22:43:19 | Epoch  21/100 | Train Loss 0.9065 | Val Loss 0.6735 MAE 0.4114 R2 0.7568
2026-09-14 22:43:19 |   Val R2 improved to 0.7568, model saved
2026-09-14 22:43:19 | Epoch  22/100 | Train Loss 0.8959 | Val Loss 0.7009 MAE 0.4050 R2 0.7563
2026-09-14 22:43:20 | Epoch  23/100 | Train Loss 0.8856 | Val Loss 0.6648 MAE 0.4052 R2 0.7606
2026-09-14 22:43:20 |   Val R2 improved to 0.7606, model saved
2026-09-14 22:43:20 | Epoch  24/100 | Train Loss 0.8848 | Val Loss 0.6827 MAE 0.4018 R2 0.7607
2026-09-14 22:43:20 |   Val R2 improved to 0.7607, model saved
2026-09-14 22:43:20 | Epoch  25/100 | Train Loss 0.8506 | Val Loss 0.6716 MAE 0.4063 R2 0.7613
2026-09-14 22:43:20 |   Val R2 improved to 0.7613, model saved
2026-09-14 22:43:21 | Epoch  26/100 | Train Loss 0.8636 | Val Loss 0.6774 MAE 0.3984 R2 0.7646
2026-09-14 22:43:21 |   Val R2 improved to 0.7646, model saved
2026-09-14 22:43:21 | Epoch  27/100 | Train Loss 0.8472 | Val Loss 0.6630 MAE 0.4003 R2 0.7644
2026-09-14 22:43:22 | Epoch  28/100 | Train Loss 0.8421 | Val Loss 0.6655 MAE 0.3959 R2 0.7667
2026-09-14 22:43:22 |   Val R2 improved to 0.7667, model saved
2026-09-14 22:43:22 | Epoch  29/100 | Train Loss 0.8370 | Val Loss 0.6604 MAE 0.4115 R2 0.7603
2026-09-14 22:43:22 | Epoch  30/100 | Train Loss 0.8517 | Val Loss 0.6736 MAE 0.3902 R2 0.7696
2026-09-14 22:43:22 |   Val R2 improved to 0.7696, model saved
2026-09-14 22:43:23 | Epoch  31/100 | Train Loss 0.8344 | Val Loss 0.6630 MAE 0.4056 R2 0.7598
2026-09-14 22:43:23 | Epoch  32/100 | Train Loss 0.8183 | Val Loss 0.6564 MAE 0.3864 R2 0.7713
2026-09-14 22:43:23 |   Val R2 improved to 0.7713, model saved
2026-09-14 22:43:23 | Epoch  33/100 | Train Loss 0.8125 | Val Loss 0.6584 MAE 0.3945 R2 0.7659
2026-09-14 22:43:24 | Epoch  34/100 | Train Loss 0.8152 | Val Loss 0.6620 MAE 0.3931 R2 0.7698
2026-09-14 22:43:24 | Epoch  35/100 | Train Loss 0.8021 | Val Loss 0.6266 MAE 0.3941 R2 0.7739
2026-09-14 22:43:24 |   Val R2 improved to 0.7739, model saved
2026-09-14 22:43:24 | Epoch  36/100 | Train Loss 0.7887 | Val Loss 0.6335 MAE 0.3858 R2 0.7740
2026-09-14 22:43:24 |   Val R2 improved to 0.7740, model saved
2026-09-14 22:43:25 | Epoch  37/100 | Train Loss 0.7851 | Val Loss 0.6280 MAE 0.3880 R2 0.7744
2026-09-14 22:43:25 |   Val R2 improved to 0.7744, model saved
2026-09-14 22:43:25 | Epoch  38/100 | Train Loss 0.7890 | Val Loss 0.6506 MAE 0.3880 R2 0.7709
2026-09-14 22:43:25 | Epoch  39/100 | Train Loss 0.7785 | Val Loss 0.6161 MAE 0.3819 R2 0.7792
2026-09-14 22:43:25 |   Val R2 improved to 0.7792, model saved
2026-09-14 22:43:26 | Epoch  40/100 | Train Loss 0.7747 | Val Loss 0.6263 MAE 0.3874 R2 0.7765
2026-09-14 22:43:26 | Epoch  41/100 | Train Loss 0.7722 | Val Loss 0.6141 MAE 0.3860 R2 0.7791
2026-09-14 22:43:26 | Epoch  42/100 | Train Loss 0.7722 | Val Loss 0.6642 MAE 0.3838 R2 0.7757
2026-09-14 22:43:27 | Epoch  43/100 | Train Loss 0.7731 | Val Loss 0.6038 MAE 0.3920 R2 0.7765
2026-09-14 22:43:27 | Epoch  44/100 | Train Loss 0.7666 | Val Loss 0.6251 MAE 0.3813 R2 0.7790
2026-09-14 22:43:27 | Epoch  45/100 | Train Loss 0.7576 | Val Loss 0.6117 MAE 0.3820 R2 0.7802
2026-09-14 22:43:27 |   Val R2 improved to 0.7802, model saved
2026-09-14 22:43:28 | Epoch  46/100 | Train Loss 0.7472 | Val Loss 0.6091 MAE 0.3835 R2 0.7806
2026-09-14 22:43:28 |   Val R2 improved to 0.7806, model saved
2026-09-14 22:43:28 | Epoch  47/100 | Train Loss 0.7530 | Val Loss 0.6126 MAE 0.3843 R2 0.7787
2026-09-14 22:43:28 | Epoch  48/100 | Train Loss 0.7489 | Val Loss 0.6144 MAE 0.3786 R2 0.7835
2026-09-14 22:43:28 |   Val R2 improved to 0.7835, model saved
2026-09-14 22:43:29 | Epoch  49/100 | Train Loss 0.7316 | Val Loss 0.5992 MAE 0.3820 R2 0.7830
2026-09-14 22:43:29 | Epoch  50/100 | Train Loss 0.7246 | Val Loss 0.6018 MAE 0.3754 R2 0.7851
2026-09-14 22:43:29 |   Val R2 improved to 0.7851, model saved
2026-09-14 22:43:30 | Epoch  51/100 | Train Loss 0.7272 | Val Loss 0.5993 MAE 0.3870 R2 0.7756
2026-09-14 22:43:30 | Epoch  52/100 | Train Loss 0.7369 | Val Loss 0.5896 MAE 0.3781 R2 0.7848
2026-09-14 22:43:30 | Epoch  53/100 | Train Loss 0.7250 | Val Loss 0.6041 MAE 0.3776 R2 0.7824
2026-09-14 22:43:31 | Epoch  54/100 | Train Loss 0.7256 | Val Loss 0.5889 MAE 0.3774 R2 0.7833
2026-09-14 22:43:31 | Epoch  55/100 | Train Loss 0.7293 | Val Loss 0.6023 MAE 0.3740 R2 0.7843
2026-09-14 22:43:31 | Epoch  56/100 | Train Loss 0.7272 | Val Loss 0.6052 MAE 0.3893 R2 0.7789
2026-09-14 22:43:32 | Epoch  57/100 | Train Loss 0.7176 | Val Loss 0.5939 MAE 0.3724 R2 0.7871
2026-09-14 22:43:32 |   Val R2 improved to 0.7871, model saved
2026-09-14 22:43:32 | Epoch  58/100 | Train Loss 0.7115 | Val Loss 0.5850 MAE 0.3759 R2 0.7859
2026-09-14 22:43:32 | Epoch  59/100 | Train Loss 0.7129 | Val Loss 0.5954 MAE 0.3814 R2 0.7817
2026-09-14 22:43:33 | Epoch  60/100 | Train Loss 0.7060 | Val Loss 0.5774 MAE 0.3748 R2 0.7878
2026-09-14 22:43:33 |   Val R2 improved to 0.7878, model saved
2026-09-14 22:43:33 | Epoch  61/100 | Train Loss 0.7092 | Val Loss 0.5852 MAE 0.3727 R2 0.7882
2026-09-14 22:43:33 |   Val R2 improved to 0.7882, model saved
2026-09-14 22:43:33 | Epoch  62/100 | Train Loss 0.7193 | Val Loss 0.6014 MAE 0.3748 R2 0.7877
2026-09-14 22:43:34 | Epoch  63/100 | Train Loss 0.6962 | Val Loss 0.5816 MAE 0.3742 R2 0.7886
2026-09-14 22:43:34 |   Val R2 improved to 0.7886, model saved
2026-09-14 22:43:34 | Epoch  64/100 | Train Loss 0.6955 | Val Loss 0.6148 MAE 0.3751 R2 0.7856
2026-09-14 22:43:34 | Epoch  65/100 | Train Loss 0.6950 | Val Loss 0.5830 MAE 0.3791 R2 0.7856
2026-09-14 22:43:35 | Epoch  66/100 | Train Loss 0.6963 | Val Loss 0.5822 MAE 0.3707 R2 0.7884
2026-09-14 22:43:35 | Epoch  67/100 | Train Loss 0.6960 | Val Loss 0.6105 MAE 0.3682 R2 0.7866
2026-09-14 22:43:36 | Epoch  68/100 | Train Loss 0.6907 | Val Loss 0.6109 MAE 0.3801 R2 0.7832
2026-09-14 22:43:36 | Epoch  69/100 | Train Loss 0.6948 | Val Loss 0.5933 MAE 0.3699 R2 0.7888
2026-09-14 22:43:36 |   Val R2 improved to 0.7888, model saved
2026-09-14 22:43:36 | Epoch  70/100 | Train Loss 0.6918 | Val Loss 0.5667 MAE 0.3758 R2 0.7901
2026-09-14 22:43:36 |   Val R2 improved to 0.7901, model saved
2026-09-14 22:43:37 | Epoch  71/100 | Train Loss 0.6830 | Val Loss 0.5834 MAE 0.3689 R2 0.7903
2026-09-14 22:43:37 |   Val R2 improved to 0.7903, model saved
2026-09-14 22:43:37 | Epoch  72/100 | Train Loss 0.6755 | Val Loss 0.5867 MAE 0.3745 R2 0.7859
2026-09-14 22:43:37 | Epoch  73/100 | Train Loss 0.6797 | Val Loss 0.5766 MAE 0.3807 R2 0.7863
2026-09-14 22:43:38 | Epoch  74/100 | Train Loss 0.6886 | Val Loss 0.5692 MAE 0.3688 R2 0.7920
2026-09-14 22:43:38 |   Val R2 improved to 0.7920, model saved
2026-09-14 22:43:38 | Epoch  75/100 | Train Loss 0.6749 | Val Loss 0.5782 MAE 0.3764 R2 0.7885
2026-09-14 22:43:38 | Epoch  76/100 | Train Loss 0.6749 | Val Loss 0.5712 MAE 0.3654 R2 0.7937
2026-09-14 22:43:38 |   Val R2 improved to 0.7937, model saved
2026-09-14 22:43:39 | Epoch  77/100 | Train Loss 0.6758 | Val Loss 0.5609 MAE 0.3720 R2 0.7898
2026-09-14 22:43:39 | Epoch  78/100 | Train Loss 0.6714 | Val Loss 0.5687 MAE 0.3669 R2 0.7915
2026-09-14 22:43:39 | Epoch  79/100 | Train Loss 0.6688 | Val Loss 0.5737 MAE 0.3783 R2 0.7863
2026-09-14 22:43:40 | Epoch  80/100 | Train Loss 0.6664 | Val Loss 0.5798 MAE 0.3667 R2 0.7917
2026-09-14 22:43:40 | Epoch  81/100 | Train Loss 0.6810 | Val Loss 0.5627 MAE 0.3634 R2 0.7946
2026-09-14 22:43:40 |   Val R2 improved to 0.7946, model saved
2026-09-14 22:43:41 | Epoch  82/100 | Train Loss 0.6657 | Val Loss 0.5812 MAE 0.3640 R2 0.7930
2026-09-14 22:43:41 | Epoch  83/100 | Train Loss 0.6756 | Val Loss 0.5651 MAE 0.3686 R2 0.7918
2026-09-14 22:43:41 | Epoch  84/100 | Train Loss 0.6665 | Val Loss 0.5661 MAE 0.3742 R2 0.7914
2026-09-14 22:43:42 | Epoch  85/100 | Train Loss 0.6580 | Val Loss 0.5810 MAE 0.3719 R2 0.7907
2026-09-14 22:43:42 | Epoch  86/100 | Train Loss 0.6579 | Val Loss 0.5805 MAE 0.3672 R2 0.7920
2026-09-14 22:43:42 | Epoch  87/100 | Train Loss 0.6566 | Val Loss 0.5654 MAE 0.3782 R2 0.7891
2026-09-14 22:43:43 | Epoch  88/100 | Train Loss 0.6560 | Val Loss 0.5563 MAE 0.3670 R2 0.7948
2026-09-14 22:43:43 |   Val R2 improved to 0.7948, model saved
2026-09-14 22:43:43 | Epoch  89/100 | Train Loss 0.6529 | Val Loss 0.5747 MAE 0.3670 R2 0.7927
2026-09-14 22:43:43 | Epoch  90/100 | Train Loss 0.6462 | Val Loss 0.5554 MAE 0.3718 R2 0.7925
2026-09-14 22:43:44 | Epoch  91/100 | Train Loss 0.6532 | Val Loss 0.5709 MAE 0.3643 R2 0.7947
2026-09-14 22:43:44 | Epoch  92/100 | Train Loss 0.6388 | Val Loss 0.5569 MAE 0.3669 R2 0.7934
2026-09-14 22:43:44 | Epoch  93/100 | Train Loss 0.6549 | Val Loss 0.5531 MAE 0.3675 R2 0.7932
2026-09-14 22:43:45 | Epoch  94/100 | Train Loss 0.6407 | Val Loss 0.5678 MAE 0.3657 R2 0.7948
2026-09-14 22:43:45 | Epoch  95/100 | Train Loss 0.6415 | Val Loss 0.5866 MAE 0.3846 R2 0.7806
2026-09-14 22:43:45 | Epoch  96/100 | Train Loss 0.6414 | Val Loss 0.5624 MAE 0.3719 R2 0.7917
2026-09-14 22:43:46 | Epoch  97/100 | Train Loss 0.6432 | Val Loss 0.5667 MAE 0.3670 R2 0.7915
2026-09-14 22:43:46 | Epoch  98/100 | Train Loss 0.6426 | Val Loss 0.5571 MAE 0.3713 R2 0.7922
2026-09-14 22:43:46 | Val R2 did not improve for 10 consecutive epochs, early stopping at Epoch 98 (best R2 0.7948 @ Epoch 88)
2026-09-14 22:43:46 | Run 2/5 | Test (best model @ Epoch 88) | Loss 0.5544 MAE 0.3625 R2 0.7874
2026-09-14 22:43:46 | ===== Run 3/5 (seed 2) =====
2026-09-14 22:43:47 | Epoch   1/100 | Train Loss 66.5643 | Val Loss 26.4492 MAE 0.8367 R2 0.0435
2026-09-14 22:43:47 |   Val R2 improved to 0.0435, model saved
2026-09-14 22:43:47 | Epoch   2/100 | Train Loss 6.4753 | Val Loss 2.6066 MAE 0.6763 R2 0.4048
2026-09-14 22:43:47 |   Val R2 improved to 0.4048, model saved
2026-09-14 22:43:47 | Epoch   3/100 | Train Loss 2.8422 | Val Loss 1.2960 MAE 0.5770 R2 0.5234
2026-09-14 22:43:47 |   Val R2 improved to 0.5234, model saved
2026-09-14 22:43:47 | Epoch   4/100 | Train Loss 2.0180 | Val Loss 1.0090 MAE 0.5212 R2 0.6175
2026-09-14 22:43:47 |   Val R2 improved to 0.6175, model saved
2026-09-14 22:43:48 | Epoch   5/100 | Train Loss 1.7121 | Val Loss 0.9576 MAE 0.4946 R2 0.6407
2026-09-14 22:43:48 |   Val R2 improved to 0.6407, model saved
2026-09-14 22:43:48 | Epoch   6/100 | Train Loss 1.4953 | Val Loss 0.8182 MAE 0.4792 R2 0.6707
2026-09-14 22:43:48 |   Val R2 improved to 0.6707, model saved
2026-09-14 22:43:48 | Epoch   7/100 | Train Loss 1.3506 | Val Loss 0.8010 MAE 0.4639 R2 0.6803
2026-09-14 22:43:48 |   Val R2 improved to 0.6803, model saved
2026-09-14 22:43:49 | Epoch   8/100 | Train Loss 1.2516 | Val Loss 0.7197 MAE 0.4569 R2 0.6949
2026-09-14 22:43:49 |   Val R2 improved to 0.6949, model saved
2026-09-14 22:43:49 | Epoch   9/100 | Train Loss 1.1968 | Val Loss 0.7064 MAE 0.4497 R2 0.7008
2026-09-14 22:43:49 |   Val R2 improved to 0.7008, model saved
2026-09-14 22:43:50 | Epoch  10/100 | Train Loss 1.1499 | Val Loss 0.7289 MAE 0.4477 R2 0.7075
2026-09-14 22:43:50 |   Val R2 improved to 0.7075, model saved
2026-09-14 22:43:50 | Epoch  11/100 | Train Loss 1.0928 | Val Loss 0.6277 MAE 0.4434 R2 0.7179
2026-09-14 22:43:50 |   Val R2 improved to 0.7179, model saved
2026-09-14 22:43:50 | Epoch  12/100 | Train Loss 1.0728 | Val Loss 0.6320 MAE 0.4367 R2 0.7209
2026-09-14 22:43:50 |   Val R2 improved to 0.7209, model saved
2026-09-14 22:43:51 | Epoch  13/100 | Train Loss 1.0237 | Val Loss 0.6219 MAE 0.4382 R2 0.7211
2026-09-14 22:43:51 |   Val R2 improved to 0.7211, model saved
2026-09-14 22:43:51 | Epoch  14/100 | Train Loss 1.0054 | Val Loss 0.6361 MAE 0.4298 R2 0.7210
2026-09-14 22:43:51 | Epoch  15/100 | Train Loss 0.9844 | Val Loss 0.6154 MAE 0.4292 R2 0.7290
2026-09-14 22:43:51 |   Val R2 improved to 0.7290, model saved
2026-09-14 22:43:52 | Epoch  16/100 | Train Loss 0.9693 | Val Loss 0.6013 MAE 0.4267 R2 0.7316
2026-09-14 22:43:52 |   Val R2 improved to 0.7316, model saved
2026-09-14 22:43:52 | Epoch  17/100 | Train Loss 0.9392 | Val Loss 0.5809 MAE 0.4250 R2 0.7337
2026-09-14 22:43:52 |   Val R2 improved to 0.7337, model saved
2026-09-14 22:43:52 | Epoch  18/100 | Train Loss 0.9253 | Val Loss 0.5987 MAE 0.4261 R2 0.7317
2026-09-14 22:43:53 | Epoch  19/100 | Train Loss 0.9235 | Val Loss 0.5759 MAE 0.4205 R2 0.7405
2026-09-14 22:43:53 |   Val R2 improved to 0.7405, model saved
2026-09-14 22:43:53 | Epoch  20/100 | Train Loss 0.8984 | Val Loss 0.5714 MAE 0.4227 R2 0.7421
2026-09-14 22:43:53 |   Val R2 improved to 0.7421, model saved
2026-09-14 22:43:53 | Epoch  21/100 | Train Loss 0.9038 | Val Loss 0.5789 MAE 0.4216 R2 0.7405
2026-09-14 22:43:54 | Epoch  22/100 | Train Loss 0.8741 | Val Loss 0.5662 MAE 0.4146 R2 0.7453
2026-09-14 22:43:54 |   Val R2 improved to 0.7453, model saved
2026-09-14 22:43:54 | Epoch  23/100 | Train Loss 0.8733 | Val Loss 0.5442 MAE 0.4171 R2 0.7489
2026-09-14 22:43:54 |   Val R2 improved to 0.7489, model saved
2026-09-14 22:43:54 | Epoch  24/100 | Train Loss 0.8668 | Val Loss 0.5525 MAE 0.4151 R2 0.7499
2026-09-14 22:43:54 |   Val R2 improved to 0.7499, model saved
2026-09-14 22:43:55 | Epoch  25/100 | Train Loss 0.8545 | Val Loss 0.5729 MAE 0.4096 R2 0.7488
2026-09-14 22:43:55 | Epoch  26/100 | Train Loss 0.8383 | Val Loss 0.5469 MAE 0.4123 R2 0.7531
2026-09-14 22:43:55 |   Val R2 improved to 0.7531, model saved
2026-09-14 22:43:55 | Epoch  27/100 | Train Loss 0.8352 | Val Loss 0.5465 MAE 0.4108 R2 0.7530
2026-09-14 22:43:56 | Epoch  28/100 | Train Loss 0.8251 | Val Loss 0.6466 MAE 0.4103 R2 0.7456
2026-09-14 22:43:56 | Epoch  29/100 | Train Loss 0.8469 | Val Loss 0.5686 MAE 0.4070 R2 0.7496
2026-09-14 22:43:56 | Epoch  30/100 | Train Loss 0.8256 | Val Loss 0.5467 MAE 0.4105 R2 0.7562
2026-09-14 22:43:56 |   Val R2 improved to 0.7562, model saved
2026-09-14 22:43:57 | Epoch  31/100 | Train Loss 0.8150 | Val Loss 0.5372 MAE 0.4073 R2 0.7581
2026-09-14 22:43:57 |   Val R2 improved to 0.7581, model saved
2026-09-14 22:43:57 | Epoch  32/100 | Train Loss 0.8017 | Val Loss 0.5421 MAE 0.4056 R2 0.7555
2026-09-14 22:43:57 | Epoch  33/100 | Train Loss 0.7879 | Val Loss 0.5479 MAE 0.4019 R2 0.7545
2026-09-14 22:43:58 | Epoch  34/100 | Train Loss 0.7882 | Val Loss 0.5234 MAE 0.4023 R2 0.7603
2026-09-14 22:43:58 |   Val R2 improved to 0.7603, model saved
2026-09-14 22:43:58 | Epoch  35/100 | Train Loss 0.7874 | Val Loss 0.5194 MAE 0.3990 R2 0.7614
2026-09-14 22:43:58 |   Val R2 improved to 0.7614, model saved
2026-09-14 22:43:58 | Epoch  36/100 | Train Loss 0.7810 | Val Loss 0.5332 MAE 0.3983 R2 0.7615
2026-09-14 22:43:58 |   Val R2 improved to 0.7615, model saved
2026-09-14 22:43:59 | Epoch  37/100 | Train Loss 0.7749 | Val Loss 0.5242 MAE 0.4007 R2 0.7631
2026-09-14 22:43:59 |   Val R2 improved to 0.7631, model saved
2026-09-14 22:43:59 | Epoch  38/100 | Train Loss 0.7646 | Val Loss 0.5161 MAE 0.4018 R2 0.7631
2026-09-14 22:43:59 | Epoch  39/100 | Train Loss 0.7800 | Val Loss 0.5264 MAE 0.3971 R2 0.7620
2026-09-14 22:44:00 | Epoch  40/100 | Train Loss 0.7666 | Val Loss 0.5076 MAE 0.3953 R2 0.7644
2026-09-14 22:44:00 |   Val R2 improved to 0.7644, model saved
2026-09-14 22:44:00 | Epoch  41/100 | Train Loss 0.7633 | Val Loss 0.5194 MAE 0.3947 R2 0.7659
2026-09-14 22:44:00 |   Val R2 improved to 0.7659, model saved
2026-09-14 22:44:00 | Epoch  42/100 | Train Loss 0.7592 | Val Loss 0.5323 MAE 0.3946 R2 0.7659
2026-09-14 22:44:00 |   Val R2 improved to 0.7659, model saved
2026-09-14 22:44:01 | Epoch  43/100 | Train Loss 0.7494 | Val Loss 0.5081 MAE 0.3946 R2 0.7648
2026-09-14 22:44:01 | Epoch  44/100 | Train Loss 0.7403 | Val Loss 0.5064 MAE 0.3972 R2 0.7674
2026-09-14 22:44:01 |   Val R2 improved to 0.7674, model saved
2026-09-14 22:44:02 | Epoch  45/100 | Train Loss 0.7391 | Val Loss 0.4928 MAE 0.3920 R2 0.7704
2026-09-14 22:44:02 |   Val R2 improved to 0.7704, model saved
2026-09-14 22:44:02 | Epoch  46/100 | Train Loss 0.7445 | Val Loss 0.5014 MAE 0.3939 R2 0.7698
2026-09-14 22:44:02 | Epoch  47/100 | Train Loss 0.7273 | Val Loss 0.5039 MAE 0.3894 R2 0.7684
2026-09-14 22:44:02 | Epoch  48/100 | Train Loss 0.7442 | Val Loss 0.4925 MAE 0.3865 R2 0.7703
2026-09-14 22:44:03 | Epoch  49/100 | Train Loss 0.7138 | Val Loss 0.5007 MAE 0.3865 R2 0.7714
2026-09-14 22:44:03 |   Val R2 improved to 0.7714, model saved
2026-09-14 22:44:03 | Epoch  50/100 | Train Loss 0.7142 | Val Loss 0.5044 MAE 0.3862 R2 0.7681
2026-09-14 22:44:03 | Epoch  51/100 | Train Loss 0.7118 | Val Loss 0.5163 MAE 0.3844 R2 0.7725
2026-09-14 22:44:03 |   Val R2 improved to 0.7725, model saved
2026-09-14 22:44:04 | Epoch  52/100 | Train Loss 0.7039 | Val Loss 0.4882 MAE 0.3879 R2 0.7752
2026-09-14 22:44:04 |   Val R2 improved to 0.7752, model saved
2026-09-14 22:44:04 | Epoch  53/100 | Train Loss 0.6978 | Val Loss 0.4946 MAE 0.3879 R2 0.7747
2026-09-14 22:44:04 | Epoch  54/100 | Train Loss 0.7047 | Val Loss 0.5055 MAE 0.3839 R2 0.7709
2026-09-14 22:44:05 | Epoch  55/100 | Train Loss 0.6938 | Val Loss 0.4864 MAE 0.3853 R2 0.7768
2026-09-14 22:44:05 |   Val R2 improved to 0.7768, model saved
2026-09-14 22:44:05 | Epoch  56/100 | Train Loss 0.6984 | Val Loss 0.4934 MAE 0.3808 R2 0.7764
2026-09-14 22:44:05 | Epoch  57/100 | Train Loss 0.7030 | Val Loss 0.5253 MAE 0.3822 R2 0.7702
2026-09-14 22:44:06 | Epoch  58/100 | Train Loss 0.6968 | Val Loss 0.4900 MAE 0.3879 R2 0.7756
2026-09-14 22:44:06 | Epoch  59/100 | Train Loss 0.6855 | Val Loss 0.5144 MAE 0.3809 R2 0.7728
2026-09-14 22:44:06 | Epoch  60/100 | Train Loss 0.6901 | Val Loss 0.4957 MAE 0.3880 R2 0.7768
2026-09-14 22:44:06 |   Val R2 improved to 0.7768, model saved
2026-09-14 22:44:06 | Epoch  61/100 | Train Loss 0.6823 | Val Loss 0.5001 MAE 0.3780 R2 0.7768
2026-09-14 22:44:07 | Epoch  62/100 | Train Loss 0.6889 | Val Loss 0.4818 MAE 0.3815 R2 0.7779
2026-09-14 22:44:07 |   Val R2 improved to 0.7779, model saved
2026-09-14 22:44:07 | Epoch  63/100 | Train Loss 0.6801 | Val Loss 0.4922 MAE 0.3808 R2 0.7778
2026-09-14 22:44:07 | Epoch  64/100 | Train Loss 0.6814 | Val Loss 0.4747 MAE 0.3824 R2 0.7783
2026-09-14 22:44:07 |   Val R2 improved to 0.7783, model saved
2026-09-14 22:44:08 | Epoch  65/100 | Train Loss 0.6701 | Val Loss 0.4879 MAE 0.3763 R2 0.7803
2026-09-14 22:44:08 |   Val R2 improved to 0.7803, model saved
2026-09-14 22:44:08 | Epoch  66/100 | Train Loss 0.6700 | Val Loss 0.4760 MAE 0.3784 R2 0.7802
2026-09-14 22:44:08 | Epoch  67/100 | Train Loss 0.6572 | Val Loss 0.4785 MAE 0.3885 R2 0.7788
2026-09-14 22:44:09 | Epoch  68/100 | Train Loss 0.6614 | Val Loss 0.4715 MAE 0.3890 R2 0.7800
2026-09-14 22:44:09 | Epoch  69/100 | Train Loss 0.6540 | Val Loss 0.4689 MAE 0.3757 R2 0.7822
2026-09-14 22:44:09 |   Val R2 improved to 0.7822, model saved
2026-09-14 22:44:09 | Epoch  70/100 | Train Loss 0.6586 | Val Loss 0.4712 MAE 0.3802 R2 0.7813
2026-09-14 22:44:10 | Epoch  71/100 | Train Loss 0.6499 | Val Loss 0.4642 MAE 0.3785 R2 0.7835
2026-09-14 22:44:10 |   Val R2 improved to 0.7835, model saved
2026-09-14 22:44:10 | Epoch  72/100 | Train Loss 0.6478 | Val Loss 0.5133 MAE 0.3785 R2 0.7735
2026-09-14 22:44:10 | Epoch  73/100 | Train Loss 0.6492 | Val Loss 0.4715 MAE 0.3796 R2 0.7815
2026-09-14 22:44:11 | Epoch  74/100 | Train Loss 0.6404 | Val Loss 0.4704 MAE 0.3745 R2 0.7832
2026-09-14 22:44:11 | Epoch  75/100 | Train Loss 0.6427 | Val Loss 0.4641 MAE 0.3769 R2 0.7831
2026-09-14 22:44:11 | Epoch  76/100 | Train Loss 0.6519 | Val Loss 0.4623 MAE 0.3767 R2 0.7835
2026-09-14 22:44:12 | Epoch  77/100 | Train Loss 0.6527 | Val Loss 0.5213 MAE 0.3780 R2 0.7838
2026-09-14 22:44:12 |   Val R2 improved to 0.7838, model saved
2026-09-14 22:44:12 | Epoch  78/100 | Train Loss 0.6394 | Val Loss 0.4771 MAE 0.3761 R2 0.7856
2026-09-14 22:44:12 |   Val R2 improved to 0.7856, model saved
2026-09-14 22:44:12 | Epoch  79/100 | Train Loss 0.6438 | Val Loss 0.4730 MAE 0.3710 R2 0.7817
2026-09-14 22:44:13 | Epoch  80/100 | Train Loss 0.6364 | Val Loss 0.4731 MAE 0.3716 R2 0.7829
2026-09-14 22:44:13 | Epoch  81/100 | Train Loss 0.6451 | Val Loss 0.4824 MAE 0.3726 R2 0.7825
2026-09-14 22:44:13 | Epoch  82/100 | Train Loss 0.6321 | Val Loss 0.4707 MAE 0.3781 R2 0.7813
2026-09-14 22:44:14 | Epoch  83/100 | Train Loss 0.6338 | Val Loss 0.4598 MAE 0.3748 R2 0.7858
2026-09-14 22:44:14 |   Val R2 improved to 0.7858, model saved
2026-09-14 22:44:14 | Epoch  84/100 | Train Loss 0.6280 | Val Loss 0.4669 MAE 0.3708 R2 0.7861
2026-09-14 22:44:14 |   Val R2 improved to 0.7861, model saved
2026-09-14 22:44:14 | Epoch  85/100 | Train Loss 0.6240 | Val Loss 0.4587 MAE 0.3709 R2 0.7854
2026-09-14 22:44:14 | Epoch  86/100 | Train Loss 0.6228 | Val Loss 0.4583 MAE 0.3730 R2 0.7851
2026-09-14 22:44:15 | Epoch  87/100 | Train Loss 0.6178 | Val Loss 0.4563 MAE 0.3720 R2 0.7855
2026-09-14 22:44:15 | Epoch  88/100 | Train Loss 0.6182 | Val Loss 0.4772 MAE 0.3791 R2 0.7826
2026-09-14 22:44:15 | Epoch  89/100 | Train Loss 0.6218 | Val Loss 0.4667 MAE 0.3735 R2 0.7852
2026-09-14 22:44:16 | Epoch  90/100 | Train Loss 0.6253 | Val Loss 0.4608 MAE 0.3722 R2 0.7874
2026-09-14 22:44:16 |   Val R2 improved to 0.7874, model saved
2026-09-14 22:44:16 | Epoch  91/100 | Train Loss 0.6138 | Val Loss 0.4755 MAE 0.3686 R2 0.7862
2026-09-14 22:44:17 | Epoch  92/100 | Train Loss 0.6086 | Val Loss 0.4664 MAE 0.3748 R2 0.7846
2026-09-14 22:44:17 | Epoch  93/100 | Train Loss 0.6150 | Val Loss 0.4791 MAE 0.3725 R2 0.7849
2026-09-14 22:44:17 | Epoch  94/100 | Train Loss 0.6096 | Val Loss 0.4639 MAE 0.3739 R2 0.7863
2026-09-14 22:44:18 | Epoch  95/100 | Train Loss 0.6051 | Val Loss 0.4487 MAE 0.3699 R2 0.7881
2026-09-14 22:44:18 |   Val R2 improved to 0.7881, model saved
2026-09-14 22:44:18 | Epoch  96/100 | Train Loss 0.6012 | Val Loss 0.4561 MAE 0.3727 R2 0.7888
2026-09-14 22:44:18 |   Val R2 improved to 0.7888, model saved
2026-09-14 22:44:18 | Epoch  97/100 | Train Loss 0.5990 | Val Loss 0.4700 MAE 0.3684 R2 0.7853
2026-09-14 22:44:18 | Epoch  98/100 | Train Loss 0.6019 | Val Loss 0.4483 MAE 0.3699 R2 0.7892
2026-09-14 22:44:18 |   Val R2 improved to 0.7892, model saved
2026-09-14 22:44:19 | Epoch  99/100 | Train Loss 0.6011 | Val Loss 0.4544 MAE 0.3711 R2 0.7893
2026-09-14 22:44:19 |   Val R2 improved to 0.7893, model saved
2026-09-14 22:44:19 | Epoch 100/100 | Train Loss 0.6018 | Val Loss 0.4627 MAE 0.3701 R2 0.7861
2026-09-14 22:44:19 | Run 3/5 | Test (best model @ Epoch 99) | Loss 0.4527 MAE 0.3688 R2 0.7792
2026-09-14 22:44:19 | ===== Run 4/5 (seed 3) =====
2026-09-14 22:44:19 | Epoch   1/100 | Train Loss 482.8867 | Val Loss 61.2811 MAE 0.9713 R2 -0.3911
2026-09-14 22:44:19 |   Val R2 improved to -0.3911, model saved
2026-09-14 22:44:20 | Epoch   2/100 | Train Loss 2.9922 | Val Loss 1.1977 MAE 0.8013 R2 0.0618
2026-09-14 22:44:20 |   Val R2 improved to 0.0618, model saved
2026-09-14 22:44:20 | Epoch   3/100 | Train Loss 1.7381 | Val Loss 2.3159 MAE 0.6769 R2 0.3306
2026-09-14 22:44:20 |   Val R2 improved to 0.3306, model saved
2026-09-14 22:44:20 | Epoch   4/100 | Train Loss 1.9688 | Val Loss 0.8074 MAE 0.6030 R2 0.4691
2026-09-14 22:44:20 |   Val R2 improved to 0.4691, model saved
2026-09-14 22:44:21 | Epoch   5/100 | Train Loss 1.2592 | Val Loss 0.6299 MAE 0.5527 R2 0.5554
2026-09-14 22:44:21 |   Val R2 improved to 0.5554, model saved
2026-09-14 22:44:21 | Epoch   6/100 | Train Loss 1.0541 | Val Loss 0.6713 MAE 0.5156 R2 0.5928
2026-09-14 22:44:21 |   Val R2 improved to 0.5928, model saved
2026-09-14 22:44:22 | Epoch   7/100 | Train Loss 0.9669 | Val Loss 0.5927 MAE 0.4755 R2 0.6503
2026-09-14 22:44:22 |   Val R2 improved to 0.6503, model saved
2026-09-14 22:44:22 | Epoch   8/100 | Train Loss 0.8963 | Val Loss 0.5042 MAE 0.4563 R2 0.6800
2026-09-14 22:44:22 |   Val R2 improved to 0.6800, model saved
2026-09-14 22:44:22 | Epoch   9/100 | Train Loss 0.8421 | Val Loss 0.5124 MAE 0.4438 R2 0.6928
2026-09-14 22:44:22 |   Val R2 improved to 0.6928, model saved
2026-09-14 22:44:22 | Epoch  10/100 | Train Loss 0.8350 | Val Loss 0.5298 MAE 0.4385 R2 0.7099
2026-09-14 22:44:22 |   Val R2 improved to 0.7099, model saved
2026-09-14 22:44:23 | Epoch  11/100 | Train Loss 0.8311 | Val Loss 0.4496 MAE 0.4361 R2 0.7141
2026-09-14 22:44:23 |   Val R2 improved to 0.7141, model saved
2026-09-14 22:44:23 | Epoch  12/100 | Train Loss 0.7894 | Val Loss 0.4794 MAE 0.4316 R2 0.7111
2026-09-14 22:44:23 | Epoch  13/100 | Train Loss 0.7625 | Val Loss 0.4644 MAE 0.4268 R2 0.7222
2026-09-14 22:44:23 |   Val R2 improved to 0.7222, model saved
2026-09-14 22:44:24 | Epoch  14/100 | Train Loss 0.7398 | Val Loss 0.4602 MAE 0.4236 R2 0.7279
2026-09-14 22:44:24 |   Val R2 improved to 0.7279, model saved
2026-09-14 22:44:24 | Epoch  15/100 | Train Loss 0.7299 | Val Loss 0.4566 MAE 0.4207 R2 0.7302
2026-09-14 22:44:24 |   Val R2 improved to 0.7302, model saved
2026-09-14 22:44:24 | Epoch  16/100 | Train Loss 0.7170 | Val Loss 0.4523 MAE 0.4225 R2 0.7314
2026-09-14 22:44:24 |   Val R2 improved to 0.7314, model saved
2026-09-14 22:44:25 | Epoch  17/100 | Train Loss 0.7196 | Val Loss 0.4628 MAE 0.4193 R2 0.7316
2026-09-14 22:44:25 |   Val R2 improved to 0.7316, model saved
2026-09-14 22:44:25 | Epoch  18/100 | Train Loss 0.7003 | Val Loss 0.4135 MAE 0.4143 R2 0.7404
2026-09-14 22:44:25 |   Val R2 improved to 0.7404, model saved
2026-09-14 22:44:25 | Epoch  19/100 | Train Loss 0.6899 | Val Loss 0.4499 MAE 0.4129 R2 0.7377
2026-09-14 22:44:25 | Epoch  20/100 | Train Loss 0.6823 | Val Loss 0.4090 MAE 0.4111 R2 0.7438
2026-09-14 22:44:25 |   Val R2 improved to 0.7438, model saved
2026-09-14 22:44:26 | Epoch  21/100 | Train Loss 0.6778 | Val Loss 0.4102 MAE 0.4103 R2 0.7445
2026-09-14 22:44:26 |   Val R2 improved to 0.7445, model saved
2026-09-14 22:44:26 | Epoch  22/100 | Train Loss 0.6662 | Val Loss 0.4157 MAE 0.4072 R2 0.7461
2026-09-14 22:44:26 |   Val R2 improved to 0.7461, model saved
2026-09-14 22:44:26 | Epoch  23/100 | Train Loss 0.6588 | Val Loss 0.4051 MAE 0.4034 R2 0.7488
2026-09-14 22:44:26 |   Val R2 improved to 0.7488, model saved
2026-09-14 22:44:27 | Epoch  24/100 | Train Loss 0.6436 | Val Loss 0.3962 MAE 0.4031 R2 0.7499
2026-09-14 22:44:27 |   Val R2 improved to 0.7499, model saved
2026-09-14 22:44:27 | Epoch  25/100 | Train Loss 0.6506 | Val Loss 0.3951 MAE 0.3998 R2 0.7552
2026-09-14 22:44:27 |   Val R2 improved to 0.7552, model saved
2026-09-14 22:44:27 | Epoch  26/100 | Train Loss 0.6456 | Val Loss 0.4305 MAE 0.4027 R2 0.7443
2026-09-14 22:44:28 | Epoch  27/100 | Train Loss 0.6332 | Val Loss 0.4278 MAE 0.3978 R2 0.7514
2026-09-14 22:44:28 | Epoch  28/100 | Train Loss 0.6179 | Val Loss 0.4080 MAE 0.3941 R2 0.7610
2026-09-14 22:44:28 |   Val R2 improved to 0.7610, model saved
2026-09-14 22:44:28 | Epoch  29/100 | Train Loss 0.6158 | Val Loss 0.3716 MAE 0.3938 R2 0.7638
2026-09-14 22:44:28 |   Val R2 improved to 0.7638, model saved
2026-09-14 22:44:29 | Epoch  30/100 | Train Loss 0.6225 | Val Loss 0.3914 MAE 0.3949 R2 0.7639
2026-09-14 22:44:29 |   Val R2 improved to 0.7639, model saved
2026-09-14 22:44:29 | Epoch  31/100 | Train Loss 0.6307 | Val Loss 0.3904 MAE 0.3951 R2 0.7566
2026-09-14 22:44:29 | Epoch  32/100 | Train Loss 0.6286 | Val Loss 0.4108 MAE 0.3950 R2 0.7566
2026-09-14 22:44:29 | Epoch  33/100 | Train Loss 0.6240 | Val Loss 0.3942 MAE 0.3968 R2 0.7540
2026-09-14 22:44:30 | Epoch  34/100 | Train Loss 0.6111 | Val Loss 0.3988 MAE 0.3918 R2 0.7602
2026-09-14 22:44:30 | Epoch  35/100 | Train Loss 0.6035 | Val Loss 0.4211 MAE 0.3868 R2 0.7707
2026-09-14 22:44:30 |   Val R2 improved to 0.7707, model saved
2026-09-14 22:44:30 | Epoch  36/100 | Train Loss 0.6000 | Val Loss 0.4000 MAE 0.3851 R2 0.7648
2026-09-14 22:44:31 | Epoch  37/100 | Train Loss 0.5969 | Val Loss 0.4075 MAE 0.3841 R2 0.7638
2026-09-14 22:44:31 | Epoch  38/100 | Train Loss 0.5931 | Val Loss 0.3734 MAE 0.3851 R2 0.7709
2026-09-14 22:44:31 |   Val R2 improved to 0.7709, model saved
2026-09-14 22:44:31 | Epoch  39/100 | Train Loss 0.5855 | Val Loss 0.3682 MAE 0.3861 R2 0.7753
2026-09-14 22:44:31 |   Val R2 improved to 0.7753, model saved
2026-09-14 22:44:32 | Epoch  40/100 | Train Loss 0.5935 | Val Loss 0.3752 MAE 0.3850 R2 0.7696
2026-09-14 22:44:32 | Epoch  41/100 | Train Loss 0.5922 | Val Loss 0.3834 MAE 0.3828 R2 0.7674
2026-09-14 22:44:32 | Epoch  42/100 | Train Loss 0.5749 | Val Loss 0.3705 MAE 0.3795 R2 0.7731
2026-09-14 22:44:33 | Epoch  43/100 | Train Loss 0.5736 | Val Loss 0.3766 MAE 0.3788 R2 0.7715
2026-09-14 22:44:33 | Epoch  44/100 | Train Loss 0.5847 | Val Loss 0.3814 MAE 0.3824 R2 0.7667
2026-09-14 22:44:33 | Epoch  45/100 | Train Loss 0.5764 | Val Loss 0.3541 MAE 0.3780 R2 0.7769
2026-09-14 22:44:33 |   Val R2 improved to 0.7769, model saved
2026-09-14 22:44:33 | Epoch  46/100 | Train Loss 0.5703 | Val Loss 0.3793 MAE 0.3813 R2 0.7693
2026-09-14 22:44:34 | Epoch  47/100 | Train Loss 0.5736 | Val Loss 0.3661 MAE 0.3766 R2 0.7784
2026-09-14 22:44:34 |   Val R2 improved to 0.7784, model saved
2026-09-14 22:44:34 | Epoch  48/100 | Train Loss 0.5627 | Val Loss 0.3772 MAE 0.3787 R2 0.7694
2026-09-14 22:44:34 | Epoch  49/100 | Train Loss 0.5560 | Val Loss 0.3618 MAE 0.3784 R2 0.7741
2026-09-14 22:44:35 | Epoch  50/100 | Train Loss 0.5566 | Val Loss 0.3730 MAE 0.3773 R2 0.7704
2026-09-14 22:44:35 | Epoch  51/100 | Train Loss 0.5522 | Val Loss 0.3680 MAE 0.3768 R2 0.7726
2026-09-14 22:44:36 | Epoch  52/100 | Train Loss 0.5480 | Val Loss 0.3537 MAE 0.3709 R2 0.7796
2026-09-14 22:44:36 |   Val R2 improved to 0.7796, model saved
2026-09-14 22:44:36 | Epoch  53/100 | Train Loss 0.5540 | Val Loss 0.3639 MAE 0.3728 R2 0.7824
2026-09-14 22:44:36 |   Val R2 improved to 0.7824, model saved
2026-09-14 22:44:36 | Epoch  54/100 | Train Loss 0.5471 | Val Loss 0.3759 MAE 0.3819 R2 0.7657
2026-09-14 22:44:36 | Epoch  55/100 | Train Loss 0.5502 | Val Loss 0.3816 MAE 0.3740 R2 0.7763
2026-09-14 22:44:37 | Epoch  56/100 | Train Loss 0.5472 | Val Loss 0.3838 MAE 0.3798 R2 0.7666
2026-09-14 22:44:37 | Epoch  57/100 | Train Loss 0.5317 | Val Loss 0.3455 MAE 0.3705 R2 0.7850
2026-09-14 22:44:37 |   Val R2 improved to 0.7850, model saved
2026-09-14 22:44:37 | Epoch  58/100 | Train Loss 0.5333 | Val Loss 0.3508 MAE 0.3685 R2 0.7833
2026-09-14 22:44:38 | Epoch  59/100 | Train Loss 0.5379 | Val Loss 0.3568 MAE 0.3690 R2 0.7784
2026-09-14 22:44:38 | Epoch  60/100 | Train Loss 0.5307 | Val Loss 0.3613 MAE 0.3694 R2 0.7766
2026-09-14 22:44:38 | Epoch  61/100 | Train Loss 0.5252 | Val Loss 0.3422 MAE 0.3657 R2 0.7860
2026-09-14 22:44:38 |   Val R2 improved to 0.7860, model saved
2026-09-14 22:44:39 | Epoch  62/100 | Train Loss 0.5271 | Val Loss 0.3663 MAE 0.3725 R2 0.7759
2026-09-14 22:44:39 | Epoch  63/100 | Train Loss 0.5253 | Val Loss 0.3432 MAE 0.3653 R2 0.7859
2026-09-14 22:44:39 | Epoch  64/100 | Train Loss 0.5221 | Val Loss 0.3425 MAE 0.3678 R2 0.7822
2026-09-14 22:44:40 | Epoch  65/100 | Train Loss 0.5338 | Val Loss 0.3798 MAE 0.3677 R2 0.7880
2026-09-14 22:44:40 |   Val R2 improved to 0.7880, model saved
2026-09-14 22:44:40 | Epoch  66/100 | Train Loss 0.5271 | Val Loss 0.3458 MAE 0.3660 R2 0.7819
2026-09-14 22:44:40 | Epoch  67/100 | Train Loss 0.5180 | Val Loss 0.3636 MAE 0.3670 R2 0.7830
2026-09-14 22:44:41 | Epoch  68/100 | Train Loss 0.5257 | Val Loss 0.3537 MAE 0.3673 R2 0.7810
2026-09-14 22:44:41 | Epoch  69/100 | Train Loss 0.5181 | Val Loss 0.3488 MAE 0.3639 R2 0.7850
2026-09-14 22:44:41 | Epoch  70/100 | Train Loss 0.5091 | Val Loss 0.3990 MAE 0.3711 R2 0.7785
2026-09-14 22:44:42 | Epoch  71/100 | Train Loss 0.5348 | Val Loss 0.3438 MAE 0.3643 R2 0.7859
2026-09-14 22:44:42 | Epoch  72/100 | Train Loss 0.5245 | Val Loss 0.3757 MAE 0.3756 R2 0.7725
2026-09-14 22:44:42 | Epoch  73/100 | Train Loss 0.5209 | Val Loss 0.3471 MAE 0.3643 R2 0.7877
2026-09-14 22:44:42 | Epoch  74/100 | Train Loss 0.5114 | Val Loss 0.3592 MAE 0.3650 R2 0.7820
2026-09-14 22:44:43 | Epoch  75/100 | Train Loss 0.5128 | Val Loss 0.3733 MAE 0.3742 R2 0.7718
2026-09-14 22:44:43 | Val R2 did not improve for 10 consecutive epochs, early stopping at Epoch 75 (best R2 0.7880 @ Epoch 65)
2026-09-14 22:44:43 | Run 4/5 | Test (best model @ Epoch 65) | Loss 0.3782 MAE 0.3684 R2 0.7768
2026-09-14 22:44:43 | ===== Run 5/5 (seed 4) =====
2026-09-14 22:44:43 | Epoch   1/100 | Train Loss 42.7127 | Val Loss 145.1938 MAE 0.6937 R2 0.2779
2026-09-14 22:44:43 |   Val R2 improved to 0.2779, model saved
2026-09-14 22:44:44 | Epoch   2/100 | Train Loss 15.2720 | Val Loss 2.8069 MAE 0.5605 R2 0.5802
2026-09-14 22:44:44 |   Val R2 improved to 0.5802, model saved
2026-09-14 22:44:44 | Epoch   3/100 | Train Loss 3.4876 | Val Loss 2.0009 MAE 0.4909 R2 0.6612
2026-09-14 22:44:44 |   Val R2 improved to 0.6612, model saved
2026-09-14 22:44:44 | Epoch   4/100 | Train Loss 2.7950 | Val Loss 2.1077 MAE 0.4750 R2 0.6951
2026-09-14 22:44:44 |   Val R2 improved to 0.6951, model saved
2026-09-14 22:44:44 | Epoch   5/100 | Train Loss 2.4487 | Val Loss 1.6292 MAE 0.4508 R2 0.7068
2026-09-14 22:44:44 |   Val R2 improved to 0.7068, model saved
2026-09-14 22:44:45 | Epoch   6/100 | Train Loss 2.2371 | Val Loss 1.6282 MAE 0.4378 R2 0.7155
2026-09-14 22:44:45 |   Val R2 improved to 0.7155, model saved
2026-09-14 22:44:45 | Epoch   7/100 | Train Loss 2.0789 | Val Loss 1.4729 MAE 0.4313 R2 0.7268
2026-09-14 22:44:45 |   Val R2 improved to 0.7268, model saved
2026-09-14 22:44:45 | Epoch   8/100 | Train Loss 1.9693 | Val Loss 1.4627 MAE 0.4428 R2 0.7253
2026-09-14 22:44:46 | Epoch   9/100 | Train Loss 1.9639 | Val Loss 1.3790 MAE 0.4281 R2 0.7374
2026-09-14 22:44:46 |   Val R2 improved to 0.7374, model saved
2026-09-14 22:44:46 | Epoch  10/100 | Train Loss 1.9022 | Val Loss 1.4172 MAE 0.4273 R2 0.7346
2026-09-14 22:44:46 | Epoch  11/100 | Train Loss 1.8312 | Val Loss 1.3931 MAE 0.4204 R2 0.7410
2026-09-14 22:44:46 |   Val R2 improved to 0.7410, model saved
2026-09-14 22:44:47 | Epoch  12/100 | Train Loss 1.7783 | Val Loss 1.3573 MAE 0.4208 R2 0.7439
2026-09-14 22:44:47 |   Val R2 improved to 0.7439, model saved
2026-09-14 22:44:47 | Epoch  13/100 | Train Loss 1.7510 | Val Loss 1.3097 MAE 0.4240 R2 0.7450
2026-09-14 22:44:47 |   Val R2 improved to 0.7450, model saved
2026-09-14 22:44:47 | Epoch  14/100 | Train Loss 1.7207 | Val Loss 1.3958 MAE 0.4184 R2 0.7461
2026-09-14 22:44:47 |   Val R2 improved to 0.7461, model saved
2026-09-14 22:44:48 | Epoch  15/100 | Train Loss 1.7412 | Val Loss 1.4522 MAE 0.4153 R2 0.7397
2026-09-14 22:44:48 | Epoch  16/100 | Train Loss 1.6801 | Val Loss 1.3464 MAE 0.4167 R2 0.7475
2026-09-14 22:44:48 |   Val R2 improved to 0.7475, model saved
2026-09-14 22:44:48 | Epoch  17/100 | Train Loss 1.6501 | Val Loss 1.2867 MAE 0.4116 R2 0.7540
2026-09-14 22:44:48 |   Val R2 improved to 0.7540, model saved
2026-09-14 22:44:49 | Epoch  18/100 | Train Loss 1.6428 | Val Loss 1.2713 MAE 0.4137 R2 0.7534
2026-09-14 22:44:49 | Epoch  19/100 | Train Loss 1.6097 | Val Loss 1.2592 MAE 0.4119 R2 0.7562
2026-09-14 22:44:49 |   Val R2 improved to 0.7562, model saved
2026-09-14 22:44:49 | Epoch  20/100 | Train Loss 1.5935 | Val Loss 1.2532 MAE 0.4064 R2 0.7562
2026-09-14 22:44:49 |   Val R2 improved to 0.7562, model saved
2026-09-14 22:44:49 | Epoch  21/100 | Train Loss 1.5969 | Val Loss 1.3546 MAE 0.4101 R2 0.7523
2026-09-14 22:44:50 | Epoch  22/100 | Train Loss 1.5804 | Val Loss 1.2495 MAE 0.4033 R2 0.7584
2026-09-14 22:44:50 |   Val R2 improved to 0.7584, model saved
2026-09-14 22:44:50 | Epoch  23/100 | Train Loss 1.5449 | Val Loss 1.2838 MAE 0.3984 R2 0.7606
2026-09-14 22:44:50 |   Val R2 improved to 0.7606, model saved
2026-09-14 22:44:50 | Epoch  24/100 | Train Loss 1.5301 | Val Loss 1.2964 MAE 0.3986 R2 0.7602
2026-09-14 22:44:51 | Epoch  25/100 | Train Loss 1.5427 | Val Loss 1.2068 MAE 0.3949 R2 0.7656
2026-09-14 22:44:51 |   Val R2 improved to 0.7656, model saved
2026-09-14 22:44:51 | Epoch  26/100 | Train Loss 1.5001 | Val Loss 1.2218 MAE 0.3979 R2 0.7638
2026-09-14 22:44:51 | Epoch  27/100 | Train Loss 1.5030 | Val Loss 1.2077 MAE 0.4047 R2 0.7641
2026-09-14 22:44:51 | Epoch  28/100 | Train Loss 1.5275 | Val Loss 1.2482 MAE 0.3943 R2 0.7657
2026-09-14 22:44:51 |   Val R2 improved to 0.7657, model saved
2026-09-14 22:44:52 | Epoch  29/100 | Train Loss 1.5074 | Val Loss 1.1928 MAE 0.4019 R2 0.7663
2026-09-14 22:44:52 |   Val R2 improved to 0.7663, model saved
2026-09-14 22:44:52 | Epoch  30/100 | Train Loss 1.4734 | Val Loss 1.2016 MAE 0.3979 R2 0.7661
2026-09-14 22:44:52 | Epoch  31/100 | Train Loss 1.4732 | Val Loss 1.1663 MAE 0.3890 R2 0.7722
2026-09-14 22:44:52 |   Val R2 improved to 0.7722, model saved
2026-09-14 22:44:53 | Epoch  32/100 | Train Loss 1.4599 | Val Loss 1.1905 MAE 0.3862 R2 0.7714
2026-09-14 22:44:53 | Epoch  33/100 | Train Loss 1.4759 | Val Loss 1.1615 MAE 0.3908 R2 0.7725
2026-09-14 22:44:53 |   Val R2 improved to 0.7725, model saved
2026-09-14 22:44:53 | Epoch  34/100 | Train Loss 1.4655 | Val Loss 1.1572 MAE 0.3855 R2 0.7731
2026-09-14 22:44:53 |   Val R2 improved to 0.7731, model saved
2026-09-14 22:44:54 | Epoch  35/100 | Train Loss 1.4257 | Val Loss 1.1760 MAE 0.3929 R2 0.7717
2026-09-14 22:44:54 | Epoch  36/100 | Train Loss 1.4696 | Val Loss 1.2277 MAE 0.3825 R2 0.7722
2026-09-14 22:44:54 | Epoch  37/100 | Train Loss 1.4508 | Val Loss 1.1761 MAE 0.3826 R2 0.7760
2026-09-14 22:44:54 |   Val R2 improved to 0.7760, model saved
2026-09-14 22:44:55 | Epoch  38/100 | Train Loss 1.4155 | Val Loss 1.1687 MAE 0.4116 R2 0.7660
2026-09-14 22:44:55 | Epoch  39/100 | Train Loss 1.4222 | Val Loss 1.9897 MAE 0.3902 R2 0.7577
2026-09-14 22:44:55 | Epoch  40/100 | Train Loss 1.4528 | Val Loss 1.1812 MAE 0.4024 R2 0.7652
2026-09-14 22:44:55 | Epoch  41/100 | Train Loss 1.4521 | Val Loss 1.1650 MAE 0.3795 R2 0.7788
2026-09-14 22:44:55 |   Val R2 improved to 0.7788, model saved
2026-09-14 22:44:56 | Epoch  42/100 | Train Loss 1.4492 | Val Loss 1.1910 MAE 0.3997 R2 0.7680
2026-09-14 22:44:56 | Epoch  43/100 | Train Loss 1.4177 | Val Loss 1.1235 MAE 0.3812 R2 0.7806
2026-09-14 22:44:56 |   Val R2 improved to 0.7806, model saved
2026-09-14 22:44:56 | Epoch  44/100 | Train Loss 1.4031 | Val Loss 1.1411 MAE 0.3837 R2 0.7786
2026-09-14 22:44:57 | Epoch  45/100 | Train Loss 1.4075 | Val Loss 1.1289 MAE 0.3899 R2 0.7784
2026-09-14 22:44:57 | Epoch  46/100 | Train Loss 1.3889 | Val Loss 1.1195 MAE 0.3797 R2 0.7824
2026-09-14 22:44:57 |   Val R2 improved to 0.7824, model saved
2026-09-14 22:44:57 | Epoch  47/100 | Train Loss 1.3762 | Val Loss 1.1162 MAE 0.3775 R2 0.7834
2026-09-14 22:44:57 |   Val R2 improved to 0.7834, model saved
2026-09-14 22:44:58 | Epoch  48/100 | Train Loss 1.3496 | Val Loss 1.0943 MAE 0.3785 R2 0.7841
2026-09-14 22:44:58 |   Val R2 improved to 0.7841, model saved
2026-09-14 22:44:58 | Epoch  49/100 | Train Loss 1.3809 | Val Loss 1.1051 MAE 0.3882 R2 0.7810
2026-09-14 22:44:58 | Epoch  50/100 | Train Loss 1.3704 | Val Loss 1.1215 MAE 0.3806 R2 0.7809
2026-09-14 22:44:58 | Epoch  51/100 | Train Loss 1.3419 | Val Loss 1.1182 MAE 0.3749 R2 0.7837
2026-09-14 22:44:59 | Epoch  52/100 | Train Loss 1.3424 | Val Loss 1.1809 MAE 0.3821 R2 0.7762
2026-09-14 22:44:59 | Epoch  53/100 | Train Loss 1.3848 | Val Loss 1.1026 MAE 0.3737 R2 0.7851
2026-09-14 22:44:59 |   Val R2 improved to 0.7851, model saved
2026-09-14 22:44:59 | Epoch  54/100 | Train Loss 1.3418 | Val Loss 1.1144 MAE 0.3717 R2 0.7864
2026-09-14 22:44:59 |   Val R2 improved to 0.7864, model saved
2026-09-14 22:45:00 | Epoch  55/100 | Train Loss 1.3183 | Val Loss 1.1009 MAE 0.3830 R2 0.7839
2026-09-14 22:45:00 | Epoch  56/100 | Train Loss 1.3431 | Val Loss 1.1240 MAE 0.3723 R2 0.7838
2026-09-14 22:45:00 | Epoch  57/100 | Train Loss 1.3282 | Val Loss 1.0790 MAE 0.3765 R2 0.7861
2026-09-14 22:45:00 | Epoch  58/100 | Train Loss 1.2897 | Val Loss 1.0910 MAE 0.3692 R2 0.7886
2026-09-14 22:45:00 |   Val R2 improved to 0.7886, model saved
2026-09-14 22:45:01 | Epoch  59/100 | Train Loss 1.2940 | Val Loss 1.0722 MAE 0.3776 R2 0.7870
2026-09-14 22:45:01 | Epoch  60/100 | Train Loss 1.3066 | Val Loss 1.0908 MAE 0.3842 R2 0.7824
2026-09-14 22:45:01 | Epoch  61/100 | Train Loss 1.3082 | Val Loss 1.0674 MAE 0.3706 R2 0.7893
2026-09-14 22:45:01 |   Val R2 improved to 0.7893, model saved
2026-09-14 22:45:02 | Epoch  62/100 | Train Loss 1.3039 | Val Loss 1.1145 MAE 0.3687 R2 0.7846
2026-09-14 22:45:02 | Epoch  63/100 | Train Loss 1.3048 | Val Loss 1.0849 MAE 0.3728 R2 0.7876
2026-09-14 22:45:02 | Epoch  64/100 | Train Loss 1.2953 | Val Loss 1.0988 MAE 0.3687 R2 0.7883
2026-09-14 22:45:02 | Epoch  65/100 | Train Loss 1.2902 | Val Loss 1.0809 MAE 0.3840 R2 0.7829
2026-09-14 22:45:03 | Epoch  66/100 | Train Loss 1.2857 | Val Loss 1.0802 MAE 0.3685 R2 0.7887
2026-09-14 22:45:03 | Epoch  67/100 | Train Loss 1.2935 | Val Loss 1.0730 MAE 0.3800 R2 0.7869
2026-09-14 22:45:03 | Epoch  68/100 | Train Loss 1.2855 | Val Loss 1.0743 MAE 0.3706 R2 0.7875
2026-09-14 22:45:04 | Epoch  69/100 | Train Loss 1.2772 | Val Loss 1.0605 MAE 0.3720 R2 0.7912
2026-09-14 22:45:04 |   Val R2 improved to 0.7912, model saved
2026-09-14 22:45:04 | Epoch  70/100 | Train Loss 1.2683 | Val Loss 1.0623 MAE 0.3711 R2 0.7888
2026-09-14 22:45:04 | Epoch  71/100 | Train Loss 1.2814 | Val Loss 1.0745 MAE 0.3696 R2 0.7911
2026-09-14 22:45:04 | Epoch  72/100 | Train Loss 1.2528 | Val Loss 1.0622 MAE 0.3707 R2 0.7903
2026-09-14 22:45:05 | Epoch  73/100 | Train Loss 1.2914 | Val Loss 1.0899 MAE 0.3642 R2 0.7884
2026-09-14 22:45:05 | Epoch  74/100 | Train Loss 1.2783 | Val Loss 1.0763 MAE 0.3669 R2 0.7909
2026-09-14 22:45:05 | Epoch  75/100 | Train Loss 1.2731 | Val Loss 1.0641 MAE 0.3671 R2 0.7896
2026-09-14 22:45:05 | Epoch  76/100 | Train Loss 1.2614 | Val Loss 1.0511 MAE 0.3657 R2 0.7929
2026-09-14 22:45:05 |   Val R2 improved to 0.7929, model saved
2026-09-14 22:45:06 | Epoch  77/100 | Train Loss 1.2473 | Val Loss 1.0469 MAE 0.3676 R2 0.7923
2026-09-14 22:45:06 | Epoch  78/100 | Train Loss 1.2330 | Val Loss 1.0969 MAE 0.3683 R2 0.7907
2026-09-14 22:45:06 | Epoch  79/100 | Train Loss 1.2609 | Val Loss 1.0672 MAE 0.3705 R2 0.7897
2026-09-14 22:45:07 | Epoch  80/100 | Train Loss 1.2575 | Val Loss 1.0442 MAE 0.3677 R2 0.7928
2026-09-14 22:45:07 | Epoch  81/100 | Train Loss 1.2393 | Val Loss 1.0449 MAE 0.3674 R2 0.7932
2026-09-14 22:45:07 |   Val R2 improved to 0.7932, model saved
2026-09-14 22:45:07 | Epoch  82/100 | Train Loss 1.2443 | Val Loss 1.1040 MAE 0.3640 R2 0.7915
2026-09-14 22:45:08 | Epoch  83/100 | Train Loss 1.2390 | Val Loss 1.0630 MAE 0.3673 R2 0.7931
2026-09-14 22:45:08 | Epoch  84/100 | Train Loss 1.2229 | Val Loss 1.0588 MAE 0.3651 R2 0.7939
2026-09-14 22:45:08 |   Val R2 improved to 0.7939, model saved
2026-09-14 22:45:08 | Epoch  85/100 | Train Loss 1.2319 | Val Loss 1.0465 MAE 0.3690 R2 0.7921
2026-09-14 22:45:08 | Epoch  86/100 | Train Loss 1.2337 | Val Loss 1.1038 MAE 0.3681 R2 0.7897
2026-09-14 22:45:09 | Epoch  87/100 | Train Loss 1.2334 | Val Loss 1.0408 MAE 0.3631 R2 0.7958
2026-09-14 22:45:09 |   Val R2 improved to 0.7958, model saved
2026-09-14 22:45:09 | Epoch  88/100 | Train Loss 1.2274 | Val Loss 1.0621 MAE 0.3637 R2 0.7944
2026-09-14 22:45:09 | Epoch  89/100 | Train Loss 1.2416 | Val Loss 1.0607 MAE 0.3724 R2 0.7943
2026-09-14 22:45:10 | Epoch  90/100 | Train Loss 1.2190 | Val Loss 1.0682 MAE 0.3613 R2 0.7945
2026-09-14 22:45:10 | Epoch  91/100 | Train Loss 1.2284 | Val Loss 1.0685 MAE 0.3614 R2 0.7936
2026-09-14 22:45:10 | Epoch  92/100 | Train Loss 1.2274 | Val Loss 1.0692 MAE 0.3596 R2 0.7955
2026-09-14 22:45:10 | Epoch  93/100 | Train Loss 1.2180 | Val Loss 1.0505 MAE 0.3667 R2 0.7950
2026-09-14 22:45:11 | Epoch  94/100 | Train Loss 1.2034 | Val Loss 1.0286 MAE 0.3654 R2 0.7957
2026-09-14 22:45:11 | Epoch  95/100 | Train Loss 1.2069 | Val Loss 1.0207 MAE 0.3622 R2 0.7981
2026-09-14 22:45:11 |   Val R2 improved to 0.7981, model saved
2026-09-14 22:45:11 | Epoch  96/100 | Train Loss 1.2022 | Val Loss 1.2590 MAE 0.3651 R2 0.7900
2026-09-14 22:45:11 | Epoch  97/100 | Train Loss 1.2043 | Val Loss 1.0775 MAE 0.3776 R2 0.7884
2026-09-14 22:45:11 | Epoch  98/100 | Train Loss 1.2043 | Val Loss 1.0416 MAE 0.3602 R2 0.7963
2026-09-14 22:45:12 | Epoch  99/100 | Train Loss 1.2062 | Val Loss 1.0529 MAE 0.3589 R2 0.7955
2026-09-14 22:45:12 | Epoch 100/100 | Train Loss 1.1935 | Val Loss 1.0414 MAE 0.3687 R2 0.7958
2026-09-14 22:45:12 | Run 5/5 | Test (best model @ Epoch 95) | Loss 1.0341 MAE 0.3619 R2 0.7870
2026-09-14 22:45:12 | Average over 5 runs | Test Loss 0.6341±0.2638 MAE 0.3653±0.0032 R2 0.7831±0.0048
