2026-08-27 02:05:02 | Device: cuda
2026-08-27 02:05:02 | Args: {'model': 'fgib', 'backbone': 'rnn', 'task': 'agnews', 'epochs': 100, 'batch_size': 512, 'lr': 0.001, 'hidden_dims': [512, 256], 'dropout': 0.2, 'z_dim': 256, 'anchor_scale': 10.0, 'max_len': 250, 'random_labels': False, 'beta': 10.0, 'patience': 10, 'runs': 5, 'seed': 0, 'data_dir': './data', 'save_path': 'output/agnews_rnn_fgib/agnews_rnn_fgib.pt', 'log_path': '/root/autodl-tmp/FGIB/tune_results/agnews_rnn_fgib_beta_10_anchor_10/train.log', 'no_save': True}
2026-08-27 02:05:02 | AG News 特征文件：agnews_bert_base_layer10_pca50_features.npy（input_dim=50）
2026-08-27 02:05:02 | AG News 预处理缓存：mmap 共享 ./data/agnews/agnews_bert_base_layer10_pca50_features_fp32.npy
2026-08-27 02:05:02 | AG News BERT 特征划分（60/20/20 分层）：train 76560 / val 25520 / test 25520（共 127600 条）
2026-08-27 02:05:02 | ===== Run 1/5 (seed 0) =====
2026-08-27 02:06:11 | Epoch   1/100 | Train Loss 247.6350 Acc 0.6175 | Val Loss 112.7199 Acc 0.8612 AUC 0.9515 Pre 0.8630 Rec 0.8612
2026-08-27 02:06:13 |   Val AUC improved to 0.9515, model saved
2026-08-27 02:07:14 | Epoch   2/100 | Train Loss 96.4690 Acc 0.8853 | Val Loss 78.4616 Acc 0.8975 AUC 0.9780 Pre 0.8980 Rec 0.8975
2026-08-27 02:07:15 |   Val AUC improved to 0.9780, model saved
2026-08-27 02:08:16 | Epoch   3/100 | Train Loss 79.5908 Acc 0.9030 | Val Loss 72.1449 Acc 0.9055 AUC 0.9810 Pre 0.9058 Rec 0.9055
2026-08-27 02:08:17 |   Val AUC improved to 0.9810, model saved
2026-08-27 02:09:16 | Epoch   4/100 | Train Loss 73.0086 Acc 0.9101 | Val Loss 69.4082 Acc 0.9097 AUC 0.9822 Pre 0.9093 Rec 0.9097
2026-08-27 02:09:18 |   Val AUC improved to 0.9822, model saved
2026-08-27 02:10:18 | Epoch   5/100 | Train Loss 68.9501 Acc 0.9157 | Val Loss 69.5622 Acc 0.9088 AUC 0.9830 Pre 0.9086 Rec 0.9088
2026-08-27 02:10:20 |   Val AUC improved to 0.9830, model saved
2026-08-27 02:11:17 | Epoch   6/100 | Train Loss 65.0238 Acc 0.9206 | Val Loss 66.0636 Acc 0.9140 AUC 0.9838 Pre 0.9137 Rec 0.9140
2026-08-27 02:11:19 |   Val AUC improved to 0.9838, model saved
2026-08-27 02:12:19 | Epoch   7/100 | Train Loss 61.7695 Acc 0.9239 | Val Loss 61.6180 Acc 0.9187 AUC 0.9862 Pre 0.9187 Rec 0.9187
2026-08-27 02:12:20 |   Val AUC improved to 0.9862, model saved
2026-08-27 02:13:19 | Epoch   8/100 | Train Loss 58.5178 Acc 0.9284 | Val Loss 60.6912 Acc 0.9200 AUC 0.9857 Pre 0.9198 Rec 0.9200
2026-08-27 02:14:18 | Epoch   9/100 | Train Loss 55.1034 Acc 0.9330 | Val Loss 60.7480 Acc 0.9214 AUC 0.9858 Pre 0.9221 Rec 0.9214
2026-08-27 02:15:16 | Epoch  10/100 | Train Loss 51.8346 Acc 0.9371 | Val Loss 58.7790 Acc 0.9227 AUC 0.9867 Pre 0.9230 Rec 0.9227
2026-08-27 02:15:18 |   Val AUC improved to 0.9867, model saved
2026-08-27 02:16:14 | Epoch  11/100 | Train Loss 49.1465 Acc 0.9412 | Val Loss 59.1599 Acc 0.9243 AUC 0.9864 Pre 0.9242 Rec 0.9243
2026-08-27 02:17:13 | Epoch  12/100 | Train Loss 46.2713 Acc 0.9451 | Val Loss 58.3775 Acc 0.9246 AUC 0.9861 Pre 0.9250 Rec 0.9246
2026-08-27 02:18:13 | Epoch  13/100 | Train Loss 42.8471 Acc 0.9502 | Val Loss 61.2672 Acc 0.9224 AUC 0.9857 Pre 0.9235 Rec 0.9224
2026-08-27 02:19:13 | Epoch  14/100 | Train Loss 40.7105 Acc 0.9533 | Val Loss 65.3309 Acc 0.9176 AUC 0.9859 Pre 0.9197 Rec 0.9176
2026-08-27 02:20:13 | Epoch  15/100 | Train Loss 37.4431 Acc 0.9571 | Val Loss 60.3045 Acc 0.9242 AUC 0.9868 Pre 0.9251 Rec 0.9242
2026-08-27 02:20:14 |   Val AUC improved to 0.9868, model saved
2026-08-27 02:21:13 | Epoch  16/100 | Train Loss 34.4768 Acc 0.9615 | Val Loss 60.1544 Acc 0.9252 AUC 0.9858 Pre 0.9252 Rec 0.9252
2026-08-27 02:22:09 | Epoch  17/100 | Train Loss 33.7068 Acc 0.9623 | Val Loss 62.6057 Acc 0.9216 AUC 0.9857 Pre 0.9219 Rec 0.9216
2026-08-27 02:23:04 | Epoch  18/100 | Train Loss 30.9122 Acc 0.9659 | Val Loss 62.7344 Acc 0.9228 AUC 0.9854 Pre 0.9228 Rec 0.9228
2026-08-27 02:23:59 | Epoch  19/100 | Train Loss 29.5198 Acc 0.9679 | Val Loss 62.5642 Acc 0.9233 AUC 0.9851 Pre 0.9233 Rec 0.9233
2026-08-27 02:24:55 | Epoch  20/100 | Train Loss 27.4217 Acc 0.9705 | Val Loss 63.4181 Acc 0.9231 AUC 0.9850 Pre 0.9236 Rec 0.9231
2026-08-27 02:25:55 | Epoch  21/100 | Train Loss 26.0976 Acc 0.9724 | Val Loss 64.2929 Acc 0.9236 AUC 0.9848 Pre 0.9238 Rec 0.9236
2026-08-27 02:26:53 | Epoch  22/100 | Train Loss 25.3074 Acc 0.9731 | Val Loss 65.2472 Acc 0.9214 AUC 0.9849 Pre 0.9216 Rec 0.9214
2026-08-27 02:27:51 | Epoch  23/100 | Train Loss 23.9078 Acc 0.9747 | Val Loss 65.2385 Acc 0.9233 AUC 0.9846 Pre 0.9234 Rec 0.9233
2026-08-27 02:28:49 | Epoch  24/100 | Train Loss 22.6972 Acc 0.9767 | Val Loss 63.3791 Acc 0.9249 AUC 0.9851 Pre 0.9253 Rec 0.9249
2026-08-27 02:29:47 | Epoch  25/100 | Train Loss 22.2032 Acc 0.9769 | Val Loss 64.8723 Acc 0.9228 AUC 0.9847 Pre 0.9228 Rec 0.9228
2026-08-27 02:29:47 | Val AUC did not improve for 10 consecutive epochs, early stopping at Epoch 25 (best AUC 0.9868 @ Epoch 15)
2026-08-27 02:30:00 | Run 1/5 | Test (best model @ Epoch 15) | Loss 58.4358 Acc 0.9280 AUC 0.9871 Pre 0.9288 Rec 0.9280
2026-08-27 02:30:00 | ===== Run 2/5 (seed 1) =====
2026-08-27 02:30:59 | Epoch   1/100 | Train Loss 226.8812 Acc 0.6765 | Val Loss 239.0376 Acc 0.6295 AUC 0.8158 Pre 0.7694 Rec 0.6295
2026-08-27 02:31:00 |   Val AUC improved to 0.8158, model saved
2026-08-27 02:32:01 | Epoch   2/100 | Train Loss 162.2487 Acc 0.7739 | Val Loss 89.6839 Acc 0.8860 AUC 0.9700 Pre 0.8866 Rec 0.8860
2026-08-27 02:32:02 |   Val AUC improved to 0.9700, model saved
2026-08-27 02:33:04 | Epoch   3/100 | Train Loss 94.5943 Acc 0.8857 | Val Loss 78.7376 Acc 0.8993 AUC 0.9757 Pre 0.8990 Rec 0.8993
2026-08-27 02:33:05 |   Val AUC improved to 0.9757, model saved
2026-08-27 02:34:03 | Epoch   4/100 | Train Loss 79.8731 Acc 0.9008 | Val Loss 75.3218 Acc 0.9027 AUC 0.9795 Pre 0.9051 Rec 0.9027
2026-08-27 02:34:04 |   Val AUC improved to 0.9795, model saved
2026-08-27 02:35:02 | Epoch   5/100 | Train Loss 74.2753 Acc 0.9068 | Val Loss 71.5236 Acc 0.9081 AUC 0.9806 Pre 0.9094 Rec 0.9081
2026-08-27 02:35:03 |   Val AUC improved to 0.9806, model saved
2026-08-27 02:36:01 | Epoch   6/100 | Train Loss 70.5179 Acc 0.9121 | Val Loss 70.2929 Acc 0.9084 AUC 0.9818 Pre 0.9097 Rec 0.9084
2026-08-27 02:36:02 |   Val AUC improved to 0.9818, model saved
2026-08-27 02:37:02 | Epoch   7/100 | Train Loss 67.2201 Acc 0.9165 | Val Loss 66.3711 Acc 0.9134 AUC 0.9832 Pre 0.9136 Rec 0.9134
2026-08-27 02:37:03 |   Val AUC improved to 0.9832, model saved
2026-08-27 02:38:01 | Epoch   8/100 | Train Loss 64.0450 Acc 0.9206 | Val Loss 64.6465 Acc 0.9161 AUC 0.9839 Pre 0.9170 Rec 0.9161
2026-08-27 02:38:03 |   Val AUC improved to 0.9839, model saved
2026-08-27 02:39:00 | Epoch   9/100 | Train Loss 61.6296 Acc 0.9241 | Val Loss 64.7175 Acc 0.9141 AUC 0.9847 Pre 0.9139 Rec 0.9141
2026-08-27 02:39:02 |   Val AUC improved to 0.9847, model saved
2026-08-27 02:40:00 | Epoch  10/100 | Train Loss 58.0931 Acc 0.9288 | Val Loss 66.6161 Acc 0.9142 AUC 0.9852 Pre 0.9164 Rec 0.9142
2026-08-27 02:40:01 |   Val AUC improved to 0.9852, model saved
2026-08-27 02:41:00 | Epoch  11/100 | Train Loss 55.4469 Acc 0.9326 | Val Loss 66.2106 Acc 0.9159 AUC 0.9846 Pre 0.9180 Rec 0.9159
2026-08-27 02:41:57 | Epoch  12/100 | Train Loss 52.3447 Acc 0.9367 | Val Loss 60.7563 Acc 0.9211 AUC 0.9863 Pre 0.9216 Rec 0.9211
2026-08-27 02:41:58 |   Val AUC improved to 0.9863, model saved
2026-08-27 02:42:54 | Epoch  13/100 | Train Loss 48.8127 Acc 0.9413 | Val Loss 59.9193 Acc 0.9227 AUC 0.9858 Pre 0.9235 Rec 0.9227
2026-08-27 02:43:50 | Epoch  14/100 | Train Loss 46.4847 Acc 0.9442 | Val Loss 61.7190 Acc 0.9203 AUC 0.9859 Pre 0.9224 Rec 0.9203
2026-08-27 02:44:45 | Epoch  15/100 | Train Loss 44.0814 Acc 0.9479 | Val Loss 62.7240 Acc 0.9219 AUC 0.9848 Pre 0.9221 Rec 0.9219
2026-08-27 02:45:41 | Epoch  16/100 | Train Loss 42.6846 Acc 0.9504 | Val Loss 62.1107 Acc 0.9209 AUC 0.9848 Pre 0.9207 Rec 0.9209
2026-08-27 02:46:38 | Epoch  17/100 | Train Loss 39.1939 Acc 0.9549 | Val Loss 61.7930 Acc 0.9224 AUC 0.9856 Pre 0.9231 Rec 0.9224
2026-08-27 02:47:34 | Epoch  18/100 | Train Loss 39.1508 Acc 0.9550 | Val Loss 61.9442 Acc 0.9229 AUC 0.9849 Pre 0.9233 Rec 0.9229
2026-08-27 02:48:30 | Epoch  19/100 | Train Loss 36.0695 Acc 0.9592 | Val Loss 61.2738 Acc 0.9238 AUC 0.9853 Pre 0.9242 Rec 0.9238
2026-08-27 02:49:27 | Epoch  20/100 | Train Loss 33.4850 Acc 0.9623 | Val Loss 62.5848 Acc 0.9231 AUC 0.9847 Pre 0.9235 Rec 0.9231
2026-08-27 02:50:25 | Epoch  21/100 | Train Loss 31.8635 Acc 0.9646 | Val Loss 63.5144 Acc 0.9224 AUC 0.9840 Pre 0.9224 Rec 0.9224
2026-08-27 02:51:21 | Epoch  22/100 | Train Loss 30.6921 Acc 0.9666 | Val Loss 67.4185 Acc 0.9185 AUC 0.9838 Pre 0.9189 Rec 0.9185
2026-08-27 02:51:21 | Val AUC did not improve for 10 consecutive epochs, early stopping at Epoch 22 (best AUC 0.9863 @ Epoch 12)
2026-08-27 02:51:35 | Run 2/5 | Test (best model @ Epoch 12) | Loss 58.8477 Acc 0.9240 AUC 0.9869 Pre 0.9245 Rec 0.9240
2026-08-27 02:51:35 | ===== Run 3/5 (seed 2) =====
2026-08-27 02:52:31 | Epoch   1/100 | Train Loss 260.3602 Acc 0.5975 | Val Loss 152.0875 Acc 0.8076 AUC 0.9366 Pre 0.8111 Rec 0.8076
2026-08-27 02:52:32 |   Val AUC improved to 0.9366, model saved
2026-08-27 02:53:29 | Epoch   2/100 | Train Loss 233.3593 Acc 0.6433 | Val Loss 119.5301 Acc 0.8462 AUC 0.9619 Pre 0.8487 Rec 0.8462
2026-08-27 02:53:30 |   Val AUC improved to 0.9619, model saved
2026-08-27 02:54:24 | Epoch   3/100 | Train Loss 109.6953 Acc 0.8683 | Val Loss 95.6544 Acc 0.8680 AUC 0.9691 Pre 0.8669 Rec 0.8680
2026-08-27 02:54:25 |   Val AUC improved to 0.9691, model saved
2026-08-27 02:55:22 | Epoch   4/100 | Train Loss 92.7917 Acc 0.8885 | Val Loss 78.6031 Acc 0.8987 AUC 0.9764 Pre 0.8997 Rec 0.8987
2026-08-27 02:55:23 |   Val AUC improved to 0.9764, model saved
2026-08-27 02:56:18 | Epoch   5/100 | Train Loss 80.7910 Acc 0.8995 | Val Loss 77.5317 Acc 0.9002 AUC 0.9794 Pre 0.9022 Rec 0.9002
2026-08-27 02:56:20 |   Val AUC improved to 0.9794, model saved
2026-08-27 02:57:15 | Epoch   6/100 | Train Loss 75.8890 Acc 0.9060 | Val Loss 71.1696 Acc 0.9072 AUC 0.9811 Pre 0.9075 Rec 0.9072
2026-08-27 02:57:16 |   Val AUC improved to 0.9811, model saved
2026-08-27 02:58:12 | Epoch   7/100 | Train Loss 72.8098 Acc 0.9099 | Val Loss 69.9710 Acc 0.9078 AUC 0.9819 Pre 0.9091 Rec 0.9078
2026-08-27 02:58:14 |   Val AUC improved to 0.9819, model saved
2026-08-27 02:59:11 | Epoch   8/100 | Train Loss 70.4689 Acc 0.9122 | Val Loss 69.4428 Acc 0.9090 AUC 0.9832 Pre 0.9102 Rec 0.9090
2026-08-27 02:59:13 |   Val AUC improved to 0.9832, model saved
2026-08-27 03:00:11 | Epoch   9/100 | Train Loss 66.9202 Acc 0.9162 | Val Loss 64.9637 Acc 0.9149 AUC 0.9846 Pre 0.9151 Rec 0.9149
2026-08-27 03:00:12 |   Val AUC improved to 0.9846, model saved
2026-08-27 03:01:10 | Epoch  10/100 | Train Loss 64.3078 Acc 0.9193 | Val Loss 63.5112 Acc 0.9157 AUC 0.9854 Pre 0.9164 Rec 0.9157
2026-08-27 03:01:11 |   Val AUC improved to 0.9854, model saved
2026-08-27 03:02:10 | Epoch  11/100 | Train Loss 69.0695 Acc 0.9137 | Val Loss 74.7249 Acc 0.9032 AUC 0.9799 Pre 0.9043 Rec 0.9032
2026-08-27 03:03:10 | Epoch  12/100 | Train Loss 67.2536 Acc 0.9158 | Val Loss 64.6411 Acc 0.9150 AUC 0.9847 Pre 0.9155 Rec 0.9150
2026-08-27 03:04:07 | Epoch  13/100 | Train Loss 62.6883 Acc 0.9212 | Val Loss 63.4515 Acc 0.9169 AUC 0.9839 Pre 0.9170 Rec 0.9169
2026-08-27 03:05:06 | Epoch  14/100 | Train Loss 59.4189 Acc 0.9263 | Val Loss 62.6397 Acc 0.9189 AUC 0.9854 Pre 0.9194 Rec 0.9189
2026-08-27 03:05:07 |   Val AUC improved to 0.9854, model saved
2026-08-27 03:06:05 | Epoch  15/100 | Train Loss 60.6116 Acc 0.9244 | Val Loss 61.6264 Acc 0.9191 AUC 0.9863 Pre 0.9194 Rec 0.9191
2026-08-27 03:06:06 |   Val AUC improved to 0.9863, model saved
2026-08-27 03:07:04 | Epoch  16/100 | Train Loss 57.6405 Acc 0.9288 | Val Loss 60.9599 Acc 0.9193 AUC 0.9860 Pre 0.9204 Rec 0.9193
2026-08-27 03:08:05 | Epoch  17/100 | Train Loss 55.7771 Acc 0.9311 | Val Loss 60.1217 Acc 0.9215 AUC 0.9864 Pre 0.9217 Rec 0.9215
2026-08-27 03:08:06 |   Val AUC improved to 0.9864, model saved
2026-08-27 03:09:05 | Epoch  18/100 | Train Loss 54.5536 Acc 0.9325 | Val Loss 60.7243 Acc 0.9216 AUC 0.9856 Pre 0.9212 Rec 0.9216
2026-08-27 03:10:05 | Epoch  19/100 | Train Loss 53.6552 Acc 0.9335 | Val Loss 60.4535 Acc 0.9228 AUC 0.9861 Pre 0.9225 Rec 0.9228
2026-08-27 03:11:03 | Epoch  20/100 | Train Loss 52.1600 Acc 0.9363 | Val Loss 60.3752 Acc 0.9209 AUC 0.9862 Pre 0.9213 Rec 0.9209
2026-08-27 03:12:02 | Epoch  21/100 | Train Loss 50.1893 Acc 0.9393 | Val Loss 62.2155 Acc 0.9199 AUC 0.9864 Pre 0.9206 Rec 0.9199
2026-08-27 03:13:01 | Epoch  22/100 | Train Loss 49.1295 Acc 0.9405 | Val Loss 59.0375 Acc 0.9238 AUC 0.9866 Pre 0.9242 Rec 0.9238
2026-08-27 03:13:03 |   Val AUC improved to 0.9866, model saved
2026-08-27 03:14:03 | Epoch  23/100 | Train Loss 47.3433 Acc 0.9433 | Val Loss 59.0253 Acc 0.9224 AUC 0.9870 Pre 0.9234 Rec 0.9224
2026-08-27 03:14:05 |   Val AUC improved to 0.9870, model saved
2026-08-27 03:15:04 | Epoch  24/100 | Train Loss 45.3209 Acc 0.9454 | Val Loss 62.8847 Acc 0.9198 AUC 0.9864 Pre 0.9223 Rec 0.9198
2026-08-27 03:16:03 | Epoch  25/100 | Train Loss 44.5493 Acc 0.9470 | Val Loss 59.4717 Acc 0.9235 AUC 0.9867 Pre 0.9241 Rec 0.9235
2026-08-27 03:17:03 | Epoch  26/100 | Train Loss 41.9240 Acc 0.9503 | Val Loss 59.6927 Acc 0.9230 AUC 0.9867 Pre 0.9237 Rec 0.9230
2026-08-27 03:18:00 | Epoch  27/100 | Train Loss 40.5142 Acc 0.9527 | Val Loss 63.5705 Acc 0.9204 AUC 0.9860 Pre 0.9220 Rec 0.9204
2026-08-27 03:18:59 | Epoch  28/100 | Train Loss 38.1067 Acc 0.9560 | Val Loss 61.3079 Acc 0.9234 AUC 0.9862 Pre 0.9231 Rec 0.9234
2026-08-27 03:19:57 | Epoch  29/100 | Train Loss 36.7069 Acc 0.9584 | Val Loss 61.8757 Acc 0.9229 AUC 0.9863 Pre 0.9237 Rec 0.9229
2026-08-27 03:20:53 | Epoch  30/100 | Train Loss 34.8299 Acc 0.9608 | Val Loss 63.0294 Acc 0.9237 AUC 0.9864 Pre 0.9243 Rec 0.9237
2026-08-27 03:21:50 | Epoch  31/100 | Train Loss 33.9847 Acc 0.9620 | Val Loss 62.0207 Acc 0.9245 AUC 0.9858 Pre 0.9245 Rec 0.9245
2026-08-27 03:22:47 | Epoch  32/100 | Train Loss 32.0270 Acc 0.9640 | Val Loss 63.2419 Acc 0.9240 AUC 0.9857 Pre 0.9244 Rec 0.9240
2026-08-27 03:23:43 | Epoch  33/100 | Train Loss 30.7748 Acc 0.9663 | Val Loss 63.6676 Acc 0.9233 AUC 0.9853 Pre 0.9239 Rec 0.9233
2026-08-27 03:23:43 | Val AUC did not improve for 10 consecutive epochs, early stopping at Epoch 33 (best AUC 0.9870 @ Epoch 23)
2026-08-27 03:23:57 | Run 3/5 | Test (best model @ Epoch 23) | Loss 56.3641 Acc 0.9276 AUC 0.9880 Pre 0.9286 Rec 0.9276
2026-08-27 03:23:57 | ===== Run 4/5 (seed 3) =====
2026-08-27 03:24:55 | Epoch   1/100 | Train Loss 311.0569 Acc 0.4872 | Val Loss 208.2291 Acc 0.8063 AUC 0.9496 Pre 0.8285 Rec 0.8063
2026-08-27 03:24:56 |   Val AUC improved to 0.9496, model saved
2026-08-27 03:25:53 | Epoch   2/100 | Train Loss 106.7146 Acc 0.8820 | Val Loss 80.6988 Acc 0.8957 AUC 0.9760 Pre 0.8971 Rec 0.8957
2026-08-27 03:25:54 |   Val AUC improved to 0.9760, model saved
2026-08-27 03:26:53 | Epoch   3/100 | Train Loss 84.4326 Acc 0.8993 | Val Loss 74.9725 Acc 0.9031 AUC 0.9792 Pre 0.9041 Rec 0.9031
2026-08-27 03:26:54 |   Val AUC improved to 0.9792, model saved
2026-08-27 03:27:51 | Epoch   4/100 | Train Loss 76.3679 Acc 0.9068 | Val Loss 72.4248 Acc 0.9061 AUC 0.9805 Pre 0.9059 Rec 0.9061
2026-08-27 03:27:52 |   Val AUC improved to 0.9805, model saved
2026-08-27 03:28:53 | Epoch   5/100 | Train Loss 70.8982 Acc 0.9129 | Val Loss 69.9512 Acc 0.9100 AUC 0.9832 Pre 0.9118 Rec 0.9100
2026-08-27 03:28:55 |   Val AUC improved to 0.9832, model saved
2026-08-27 03:29:53 | Epoch   6/100 | Train Loss 74.2550 Acc 0.9093 | Val Loss 70.5831 Acc 0.9080 AUC 0.9826 Pre 0.9077 Rec 0.9080
2026-08-27 03:30:52 | Epoch   7/100 | Train Loss 68.8838 Acc 0.9143 | Val Loss 66.9970 Acc 0.9112 AUC 0.9836 Pre 0.9113 Rec 0.9112
2026-08-27 03:30:53 |   Val AUC improved to 0.9836, model saved
2026-08-27 03:31:52 | Epoch   8/100 | Train Loss 64.7247 Acc 0.9189 | Val Loss 64.0732 Acc 0.9157 AUC 0.9851 Pre 0.9165 Rec 0.9157
2026-08-27 03:31:54 |   Val AUC improved to 0.9851, model saved
2026-08-27 03:32:55 | Epoch   9/100 | Train Loss 62.0467 Acc 0.9229 | Val Loss 68.0215 Acc 0.9128 AUC 0.9839 Pre 0.9164 Rec 0.9128
2026-08-27 03:33:55 | Epoch  10/100 | Train Loss 59.1590 Acc 0.9274 | Val Loss 61.6101 Acc 0.9202 AUC 0.9861 Pre 0.9206 Rec 0.9202
2026-08-27 03:33:56 |   Val AUC improved to 0.9861, model saved
2026-08-27 03:34:57 | Epoch  11/100 | Train Loss 56.3030 Acc 0.9304 | Val Loss 61.4406 Acc 0.9198 AUC 0.9852 Pre 0.9201 Rec 0.9198
2026-08-27 03:35:57 | Epoch  12/100 | Train Loss 53.8879 Acc 0.9342 | Val Loss 61.6431 Acc 0.9188 AUC 0.9853 Pre 0.9202 Rec 0.9188
2026-08-27 03:36:59 | Epoch  13/100 | Train Loss 52.0000 Acc 0.9368 | Val Loss 61.5446 Acc 0.9205 AUC 0.9852 Pre 0.9203 Rec 0.9205
2026-08-27 03:37:59 | Epoch  14/100 | Train Loss 48.8200 Acc 0.9410 | Val Loss 60.0387 Acc 0.9236 AUC 0.9862 Pre 0.9239 Rec 0.9236
2026-08-27 03:38:01 |   Val AUC improved to 0.9862, model saved
2026-08-27 03:39:01 | Epoch  15/100 | Train Loss 46.5309 Acc 0.9446 | Val Loss 59.1367 Acc 0.9232 AUC 0.9863 Pre 0.9234 Rec 0.9232
2026-08-27 03:39:03 |   Val AUC improved to 0.9863, model saved
2026-08-27 03:40:00 | Epoch  16/100 | Train Loss 44.6097 Acc 0.9470 | Val Loss 60.0278 Acc 0.9225 AUC 0.9861 Pre 0.9233 Rec 0.9225
2026-08-27 03:41:00 | Epoch  17/100 | Train Loss 42.6889 Acc 0.9495 | Val Loss 61.2386 Acc 0.9213 AUC 0.9858 Pre 0.9216 Rec 0.9213
2026-08-27 03:41:59 | Epoch  18/100 | Train Loss 40.1358 Acc 0.9536 | Val Loss 61.5907 Acc 0.9219 AUC 0.9849 Pre 0.9218 Rec 0.9219
2026-08-27 03:43:00 | Epoch  19/100 | Train Loss 39.6686 Acc 0.9536 | Val Loss 60.6988 Acc 0.9237 AUC 0.9853 Pre 0.9239 Rec 0.9237
2026-08-27 03:43:58 | Epoch  20/100 | Train Loss 36.9567 Acc 0.9577 | Val Loss 61.8733 Acc 0.9226 AUC 0.9853 Pre 0.9231 Rec 0.9226
2026-08-27 03:44:57 | Epoch  21/100 | Train Loss 34.5941 Acc 0.9612 | Val Loss 61.1055 Acc 0.9232 AUC 0.9853 Pre 0.9239 Rec 0.9232
2026-08-27 03:45:57 | Epoch  22/100 | Train Loss 33.3122 Acc 0.9630 | Val Loss 61.2621 Acc 0.9239 AUC 0.9849 Pre 0.9240 Rec 0.9239
2026-08-27 03:47:00 | Epoch  23/100 | Train Loss 30.8809 Acc 0.9662 | Val Loss 64.1906 Acc 0.9213 AUC 0.9847 Pre 0.9216 Rec 0.9213
2026-08-27 03:48:01 | Epoch  24/100 | Train Loss 29.7807 Acc 0.9677 | Val Loss 65.4250 Acc 0.9197 AUC 0.9849 Pre 0.9213 Rec 0.9197
2026-08-27 03:49:01 | Epoch  25/100 | Train Loss 27.8983 Acc 0.9699 | Val Loss 65.6770 Acc 0.9210 AUC 0.9841 Pre 0.9210 Rec 0.9210
2026-08-27 03:49:01 | Val AUC did not improve for 10 consecutive epochs, early stopping at Epoch 25 (best AUC 0.9863 @ Epoch 15)
2026-08-27 03:49:14 | Run 4/5 | Test (best model @ Epoch 15) | Loss 56.0857 Acc 0.9275 AUC 0.9873 Pre 0.9276 Rec 0.9275
2026-08-27 03:49:14 | ===== Run 5/5 (seed 4) =====
2026-08-27 03:50:13 | Epoch   1/100 | Train Loss 193.0008 Acc 0.7310 | Val Loss 95.6940 Acc 0.8810 AUC 0.9601 Pre 0.8815 Rec 0.8810
2026-08-27 03:50:15 |   Val AUC improved to 0.9601, model saved
2026-08-27 03:51:10 | Epoch   2/100 | Train Loss 94.4040 Acc 0.8868 | Val Loss 79.6129 Acc 0.8969 AUC 0.9755 Pre 0.8998 Rec 0.8969
2026-08-27 03:51:11 |   Val AUC improved to 0.9755, model saved
2026-08-27 03:52:08 | Epoch   3/100 | Train Loss 81.1064 Acc 0.9011 | Val Loss 74.0781 Acc 0.9045 AUC 0.9791 Pre 0.9056 Rec 0.9045
2026-08-27 03:52:09 |   Val AUC improved to 0.9791, model saved
2026-08-27 03:53:05 | Epoch   4/100 | Train Loss 74.7853 Acc 0.9093 | Val Loss 71.3665 Acc 0.9070 AUC 0.9798 Pre 0.9067 Rec 0.9070
2026-08-27 03:53:07 |   Val AUC improved to 0.9798, model saved
2026-08-27 03:54:03 | Epoch   5/100 | Train Loss 71.2702 Acc 0.9128 | Val Loss 67.3253 Acc 0.9132 AUC 0.9822 Pre 0.9131 Rec 0.9132
2026-08-27 03:54:05 |   Val AUC improved to 0.9822, model saved
2026-08-27 03:55:02 | Epoch   6/100 | Train Loss 66.7476 Acc 0.9178 | Val Loss 67.9287 Acc 0.9118 AUC 0.9829 Pre 0.9113 Rec 0.9118
2026-08-27 03:55:03 |   Val AUC improved to 0.9829, model saved
2026-08-27 03:55:59 | Epoch   7/100 | Train Loss 62.9199 Acc 0.9231 | Val Loss 63.6163 Acc 0.9176 AUC 0.9851 Pre 0.9175 Rec 0.9176
2026-08-27 03:56:01 |   Val AUC improved to 0.9851, model saved
2026-08-27 03:56:58 | Epoch   8/100 | Train Loss 58.7389 Acc 0.9282 | Val Loss 60.9272 Acc 0.9219 AUC 0.9861 Pre 0.9223 Rec 0.9219
2026-08-27 03:56:59 |   Val AUC improved to 0.9861, model saved
2026-08-27 03:57:56 | Epoch   9/100 | Train Loss 55.8142 Acc 0.9321 | Val Loss 61.2699 Acc 0.9210 AUC 0.9860 Pre 0.9208 Rec 0.9210
2026-08-27 03:58:51 | Epoch  10/100 | Train Loss 53.0050 Acc 0.9356 | Val Loss 59.7179 Acc 0.9227 AUC 0.9868 Pre 0.9226 Rec 0.9227
2026-08-27 03:58:52 |   Val AUC improved to 0.9868, model saved
2026-08-27 03:59:47 | Epoch  11/100 | Train Loss 48.5923 Acc 0.9412 | Val Loss 58.1377 Acc 0.9245 AUC 0.9873 Pre 0.9257 Rec 0.9245
2026-08-27 03:59:49 |   Val AUC improved to 0.9873, model saved
2026-08-27 04:00:44 | Epoch  12/100 | Train Loss 45.4938 Acc 0.9461 | Val Loss 57.9686 Acc 0.9246 AUC 0.9864 Pre 0.9248 Rec 0.9246
2026-08-27 04:01:38 | Epoch  13/100 | Train Loss 42.3170 Acc 0.9504 | Val Loss 59.1874 Acc 0.9243 AUC 0.9863 Pre 0.9247 Rec 0.9243
2026-08-27 04:02:35 | Epoch  14/100 | Train Loss 40.2960 Acc 0.9533 | Val Loss 58.4388 Acc 0.9248 AUC 0.9864 Pre 0.9252 Rec 0.9248
2026-08-27 04:03:32 | Epoch  15/100 | Train Loss 37.3641 Acc 0.9572 | Val Loss 59.3150 Acc 0.9262 AUC 0.9858 Pre 0.9266 Rec 0.9262
2026-08-27 04:04:31 | Epoch  16/100 | Train Loss 35.2640 Acc 0.9600 | Val Loss 61.0577 Acc 0.9248 AUC 0.9854 Pre 0.9248 Rec 0.9248
2026-08-27 04:05:30 | Epoch  17/100 | Train Loss 33.4667 Acc 0.9623 | Val Loss 60.9285 Acc 0.9251 AUC 0.9859 Pre 0.9252 Rec 0.9251
2026-08-27 04:06:28 | Epoch  18/100 | Train Loss 31.5147 Acc 0.9648 | Val Loss 61.5146 Acc 0.9245 AUC 0.9854 Pre 0.9251 Rec 0.9245
2026-08-27 04:07:23 | Epoch  19/100 | Train Loss 30.3297 Acc 0.9667 | Val Loss 62.2487 Acc 0.9239 AUC 0.9858 Pre 0.9246 Rec 0.9239
2026-08-27 04:08:22 | Epoch  20/100 | Train Loss 27.6747 Acc 0.9702 | Val Loss 64.0182 Acc 0.9228 AUC 0.9843 Pre 0.9232 Rec 0.9228
2026-08-27 04:09:17 | Epoch  21/100 | Train Loss 26.8450 Acc 0.9713 | Val Loss 62.6668 Acc 0.9237 AUC 0.9854 Pre 0.9240 Rec 0.9237
2026-08-27 04:09:17 | Val AUC did not improve for 10 consecutive epochs, early stopping at Epoch 21 (best AUC 0.9873 @ Epoch 11)
2026-08-27 04:09:30 | Run 5/5 | Test (best model @ Epoch 11) | Loss 55.3985 Acc 0.9285 AUC 0.9882 Pre 0.9295 Rec 0.9285
2026-08-27 04:09:30 | Average over 5 runs | Test Loss 57.0264±1.5229 Acc 0.9271±0.0018 AUC 0.9875±0.0006 Pre 0.9278±0.0020 Rec 0.9271±0.0018
