2026-09-02 12:17:04 | Device: cuda
2026-09-02 12:17:04 | Args: {'model': 'opb', 'backbone': 'cnn', 'task': 'imagenet100', 'epochs': 100, 'batch_size': 512, 'lr': 0.001, 'hidden_dims': [512, 256], 'dropout': 0.2, 'z_dim': 256, 'anchor_scale': 12.0, 'energy_classifier': True, 'tied_head': False, 'max_len': 250, 'random_labels': False, 'beta': 1.0, 'patience': 10, 'runs': 5, 'seed': 0, 'data_dir': './data', 'save_path': 'output/imagenet100_cnn_opb/imagenet100_cnn_opb.pt', 'log_path': '/root/autodl-tmp/IB/tune_results/imagenet100_cnn_opb_beta_1_anchor_12/train.log', 'no_save': True}
2026-09-02 12:17:04 | ImageNet-100 特征：使用 4×4 空间池化文件 ./data/imagenet100/imagenet100_resnet50_layer3_pool4_features.npz
2026-09-02 12:17:04 | ImageNet-100 预处理缓存：mmap 共享 ./data/imagenet100/preprocessed_pool4
2026-09-02 12:17:04 | ===== Run 1/5 (seed 0) =====
2026-09-02 12:17:13 | Epoch   1/100 | Train Loss 58.5616 Acc 0.4874 | Val Loss 31.9497 Acc 0.8065 AUC 0.9891 Pre 0.8106 Rec 0.7992
2026-09-02 12:17:13 |   Val AUC improved to 0.9891, model saved
2026-09-02 12:17:21 | Epoch   2/100 | Train Loss 30.2194 Acc 0.7861 | Val Loss 22.4249 Acc 0.8381 AUC 0.9895 Pre 0.8407 Rec 0.8340
2026-09-02 12:17:21 |   Val AUC improved to 0.9895, model saved
2026-09-02 12:17:28 | Epoch   3/100 | Train Loss 21.0856 Acc 0.8559 | Val Loss 17.9751 Acc 0.8528 AUC 0.9908 Pre 0.8557 Rec 0.8480
2026-09-02 12:17:28 |   Val AUC improved to 0.9908, model saved
2026-09-02 12:17:36 | Epoch   4/100 | Train Loss 15.9390 Acc 0.8951 | Val Loss 15.5574 Acc 0.8596 AUC 0.9907 Pre 0.8550 Rec 0.8548
2026-09-02 12:17:44 | Epoch   5/100 | Train Loss 12.6899 Acc 0.9198 | Val Loss 13.9014 Acc 0.8627 AUC 0.9903 Pre 0.8590 Rec 0.8581
2026-09-02 12:17:52 | Epoch   6/100 | Train Loss 10.3238 Acc 0.9384 | Val Loss 12.5168 Acc 0.8659 AUC 0.9906 Pre 0.8608 Rec 0.8612
2026-09-02 12:18:00 | Epoch   7/100 | Train Loss 8.5938 Acc 0.9529 | Val Loss 11.7683 Acc 0.8653 AUC 0.9900 Pre 0.8605 Rec 0.8607
2026-09-02 12:18:07 | Epoch   8/100 | Train Loss 7.3035 Acc 0.9620 | Val Loss 10.9926 Acc 0.8664 AUC 0.9901 Pre 0.8629 Rec 0.8617
2026-09-02 12:18:15 | Epoch   9/100 | Train Loss 6.2990 Acc 0.9691 | Val Loss 10.4915 Acc 0.8647 AUC 0.9896 Pre 0.8625 Rec 0.8598
2026-09-02 12:18:23 | Epoch  10/100 | Train Loss 5.5676 Acc 0.9731 | Val Loss 9.9553 Acc 0.8640 AUC 0.9893 Pre 0.8618 Rec 0.8593
2026-09-02 12:18:31 | Epoch  11/100 | Train Loss 4.9768 Acc 0.9770 | Val Loss 9.5444 Acc 0.8623 AUC 0.9891 Pre 0.8621 Rec 0.8579
2026-09-02 12:18:39 | Epoch  12/100 | Train Loss 4.5111 Acc 0.9781 | Val Loss 9.2145 Acc 0.8610 AUC 0.9888 Pre 0.8638 Rec 0.8566
2026-09-02 12:18:47 | Epoch  13/100 | Train Loss 4.1391 Acc 0.9791 | Val Loss 8.8929 Acc 0.8599 AUC 0.9884 Pre 0.8621 Rec 0.8557
2026-09-02 12:18:47 | Val AUC did not improve for 10 consecutive epochs, early stopping at Epoch 13 (best AUC 0.9908 @ Epoch 3)
2026-09-02 12:18:49 | Run 1/5 | Test (best model @ Epoch 3) | Loss 18.0928 Acc 0.8508 AUC 0.9902 Pre 0.8546 Rec 0.8457
2026-09-02 12:18:49 | ===== Run 2/5 (seed 1) =====
2026-09-02 12:18:57 | Epoch   1/100 | Train Loss 58.5490 Acc 0.4864 | Val Loss 32.3330 Acc 0.7959 AUC 0.9877 Pre 0.8029 Rec 0.7889
2026-09-02 12:18:57 |   Val AUC improved to 0.9877, model saved
2026-09-02 12:19:05 | Epoch   2/100 | Train Loss 30.2007 Acc 0.7811 | Val Loss 22.4833 Acc 0.8347 AUC 0.9894 Pre 0.8375 Rec 0.8281
2026-09-02 12:19:05 |   Val AUC improved to 0.9894, model saved
2026-09-02 12:19:13 | Epoch   3/100 | Train Loss 21.0944 Acc 0.8534 | Val Loss 17.7268 Acc 0.8558 AUC 0.9903 Pre 0.8595 Rec 0.8507
2026-09-02 12:19:13 |   Val AUC improved to 0.9903, model saved
2026-09-02 12:19:20 | Epoch   4/100 | Train Loss 15.9298 Acc 0.8942 | Val Loss 15.5014 Acc 0.8572 AUC 0.9906 Pre 0.8531 Rec 0.8528
2026-09-02 12:19:20 |   Val AUC improved to 0.9906, model saved
2026-09-02 12:19:28 | Epoch   5/100 | Train Loss 12.4977 Acc 0.9229 | Val Loss 14.0386 Acc 0.8590 AUC 0.9896 Pre 0.8559 Rec 0.8541
2026-09-02 12:19:36 | Epoch   6/100 | Train Loss 10.1421 Acc 0.9430 | Val Loss 12.6412 Acc 0.8617 AUC 0.9899 Pre 0.8586 Rec 0.8565
2026-09-02 12:19:44 | Epoch   7/100 | Train Loss 8.4247 Acc 0.9555 | Val Loss 11.8327 Acc 0.8616 AUC 0.9895 Pre 0.8660 Rec 0.8566
2026-09-02 12:19:52 | Epoch   8/100 | Train Loss 7.1683 Acc 0.9648 | Val Loss 11.1833 Acc 0.8638 AUC 0.9887 Pre 0.8595 Rec 0.8590
2026-09-02 12:20:00 | Epoch   9/100 | Train Loss 6.2369 Acc 0.9709 | Val Loss 10.6079 Acc 0.8611 AUC 0.9891 Pre 0.8584 Rec 0.8566
2026-09-02 12:20:08 | Epoch  10/100 | Train Loss 5.4961 Acc 0.9751 | Val Loss 10.1441 Acc 0.8601 AUC 0.9882 Pre 0.8575 Rec 0.8555
2026-09-02 12:20:15 | Epoch  11/100 | Train Loss 4.9182 Acc 0.9772 | Val Loss 9.7481 Acc 0.8598 AUC 0.9882 Pre 0.8580 Rec 0.8551
2026-09-02 12:20:23 | Epoch  12/100 | Train Loss 4.4703 Acc 0.9795 | Val Loss 9.3904 Acc 0.8591 AUC 0.9878 Pre 0.8625 Rec 0.8548
2026-09-02 12:20:31 | Epoch  13/100 | Train Loss 4.1357 Acc 0.9790 | Val Loss 9.0546 Acc 0.8580 AUC 0.9876 Pre 0.8595 Rec 0.8537
2026-09-02 12:20:39 | Epoch  14/100 | Train Loss 3.8006 Acc 0.9801 | Val Loss 8.7263 Acc 0.8555 AUC 0.9873 Pre 0.8587 Rec 0.8515
2026-09-02 12:20:39 | Val AUC did not improve for 10 consecutive epochs, early stopping at Epoch 14 (best AUC 0.9906 @ Epoch 4)
2026-09-02 12:20:41 | Run 2/5 | Test (best model @ Epoch 4) | Loss 15.4165 Acc 0.8569 AUC 0.9907 Pre 0.8536 Rec 0.8525
2026-09-02 12:20:41 | ===== Run 3/5 (seed 2) =====
2026-09-02 12:20:49 | Epoch   1/100 | Train Loss 58.5021 Acc 0.4863 | Val Loss 31.9027 Acc 0.8074 AUC 0.9888 Pre 0.8167 Rec 0.8001
2026-09-02 12:20:49 |   Val AUC improved to 0.9888, model saved
2026-09-02 12:20:56 | Epoch   2/100 | Train Loss 30.0969 Acc 0.7870 | Val Loss 22.2553 Acc 0.8419 AUC 0.9902 Pre 0.8435 Rec 0.8364
2026-09-02 12:20:56 |   Val AUC improved to 0.9902, model saved
2026-09-02 12:21:04 | Epoch   3/100 | Train Loss 20.9567 Acc 0.8565 | Val Loss 17.7264 Acc 0.8544 AUC 0.9907 Pre 0.8603 Rec 0.8485
2026-09-02 12:21:04 |   Val AUC improved to 0.9907, model saved
2026-09-02 12:21:12 | Epoch   4/100 | Train Loss 15.8828 Acc 0.8959 | Val Loss 15.1877 Acc 0.8600 AUC 0.9909 Pre 0.8622 Rec 0.8551
2026-09-02 12:21:12 |   Val AUC improved to 0.9909, model saved
2026-09-02 12:21:20 | Epoch   5/100 | Train Loss 12.4901 Acc 0.9231 | Val Loss 13.7006 Acc 0.8605 AUC 0.9901 Pre 0.8581 Rec 0.8550
2026-09-02 12:21:28 | Epoch   6/100 | Train Loss 10.1771 Acc 0.9414 | Val Loss 12.7004 Acc 0.8628 AUC 0.9899 Pre 0.8645 Rec 0.8581
2026-09-02 12:21:35 | Epoch   7/100 | Train Loss 8.5399 Acc 0.9540 | Val Loss 11.8896 Acc 0.8623 AUC 0.9893 Pre 0.8575 Rec 0.8576
2026-09-02 12:21:43 | Epoch   8/100 | Train Loss 7.2709 Acc 0.9632 | Val Loss 11.0679 Acc 0.8636 AUC 0.9893 Pre 0.8587 Rec 0.8588
2026-09-02 12:21:51 | Epoch   9/100 | Train Loss 6.3276 Acc 0.9689 | Val Loss 10.5174 Acc 0.8625 AUC 0.9889 Pre 0.8636 Rec 0.8575
2026-09-02 12:21:59 | Epoch  10/100 | Train Loss 5.5658 Acc 0.9743 | Val Loss 10.0550 Acc 0.8627 AUC 0.9885 Pre 0.8669 Rec 0.8584
2026-09-02 12:22:07 | Epoch  11/100 | Train Loss 4.9736 Acc 0.9761 | Val Loss 9.6876 Acc 0.8610 AUC 0.9884 Pre 0.8625 Rec 0.8566
2026-09-02 12:22:14 | Epoch  12/100 | Train Loss 4.5170 Acc 0.9770 | Val Loss 9.3217 Acc 0.8599 AUC 0.9878 Pre 0.8666 Rec 0.8557
2026-09-02 12:22:22 | Epoch  13/100 | Train Loss 4.1645 Acc 0.9786 | Val Loss 8.9985 Acc 0.8559 AUC 0.9874 Pre 0.8656 Rec 0.8517
2026-09-02 12:22:29 | Epoch  14/100 | Train Loss 3.8544 Acc 0.9788 | Val Loss 8.6345 Acc 0.8572 AUC 0.9873 Pre 0.8651 Rec 0.8529
2026-09-02 12:22:29 | Val AUC did not improve for 10 consecutive epochs, early stopping at Epoch 14 (best AUC 0.9909 @ Epoch 4)
2026-09-02 12:22:31 | Run 3/5 | Test (best model @ Epoch 4) | Loss 15.0980 Acc 0.8608 AUC 0.9908 Pre 0.8632 Rec 0.8563
2026-09-02 12:22:31 | ===== Run 4/5 (seed 3) =====
2026-09-02 12:22:38 | Epoch   1/100 | Train Loss 58.6778 Acc 0.4874 | Val Loss 31.9002 Acc 0.8007 AUC 0.9885 Pre 0.8089 Rec 0.7927
2026-09-02 12:22:38 |   Val AUC improved to 0.9885, model saved
2026-09-02 12:22:46 | Epoch   2/100 | Train Loss 30.0758 Acc 0.7859 | Val Loss 22.2369 Acc 0.8395 AUC 0.9899 Pre 0.8424 Rec 0.8335
2026-09-02 12:22:46 |   Val AUC improved to 0.9899, model saved
2026-09-02 12:22:54 | Epoch   3/100 | Train Loss 20.9298 Acc 0.8561 | Val Loss 17.7855 Acc 0.8534 AUC 0.9902 Pre 0.8503 Rec 0.8480
2026-09-02 12:22:54 |   Val AUC improved to 0.9902, model saved
2026-09-02 12:23:01 | Epoch   4/100 | Train Loss 15.8184 Acc 0.8960 | Val Loss 15.3492 Acc 0.8616 AUC 0.9905 Pre 0.8563 Rec 0.8568
2026-09-02 12:23:01 |   Val AUC improved to 0.9905, model saved
2026-09-02 12:23:09 | Epoch   5/100 | Train Loss 12.4302 Acc 0.9243 | Val Loss 13.7664 Acc 0.8626 AUC 0.9903 Pre 0.8580 Rec 0.8575
2026-09-02 12:23:17 | Epoch   6/100 | Train Loss 10.1522 Acc 0.9429 | Val Loss 12.7358 Acc 0.8651 AUC 0.9897 Pre 0.8613 Rec 0.8602
2026-09-02 12:23:25 | Epoch   7/100 | Train Loss 8.4806 Acc 0.9555 | Val Loss 11.8752 Acc 0.8637 AUC 0.9894 Pre 0.8589 Rec 0.8592
2026-09-02 12:23:33 | Epoch   8/100 | Train Loss 7.2277 Acc 0.9648 | Val Loss 11.0777 Acc 0.8639 AUC 0.9894 Pre 0.8592 Rec 0.8594
2026-09-02 12:23:41 | Epoch   9/100 | Train Loss 6.2624 Acc 0.9705 | Val Loss 10.6794 Acc 0.8593 AUC 0.9886 Pre 0.8572 Rec 0.8546
2026-09-02 12:23:49 | Epoch  10/100 | Train Loss 5.5520 Acc 0.9752 | Val Loss 10.1231 Acc 0.8617 AUC 0.9886 Pre 0.8595 Rec 0.8570
2026-09-02 12:23:57 | Epoch  11/100 | Train Loss 4.9452 Acc 0.9774 | Val Loss 9.7571 Acc 0.8613 AUC 0.9885 Pre 0.8597 Rec 0.8569
2026-09-02 12:24:05 | Epoch  12/100 | Train Loss 4.5278 Acc 0.9784 | Val Loss 9.3881 Acc 0.8581 AUC 0.9879 Pre 0.8591 Rec 0.8536
2026-09-02 12:24:13 | Epoch  13/100 | Train Loss 4.1516 Acc 0.9805 | Val Loss 9.1467 Acc 0.8568 AUC 0.9879 Pre 0.8612 Rec 0.8525
2026-09-02 12:24:20 | Epoch  14/100 | Train Loss 3.8531 Acc 0.9795 | Val Loss 8.9064 Acc 0.8565 AUC 0.9873 Pre 0.8643 Rec 0.8524
2026-09-02 12:24:20 | Val AUC did not improve for 10 consecutive epochs, early stopping at Epoch 14 (best AUC 0.9905 @ Epoch 4)
2026-09-02 12:24:22 | Run 4/5 | Test (best model @ Epoch 4) | Loss 15.3136 Acc 0.8597 AUC 0.9905 Pre 0.8640 Rec 0.8547
2026-09-02 12:24:22 | ===== Run 5/5 (seed 4) =====
2026-09-02 12:24:27 | Epoch   1/100 | Train Loss 58.5506 Acc 0.4886 | Val Loss 31.9096 Acc 0.8050 AUC 0.9889 Pre 0.8078 Rec 0.7976
2026-09-02 12:24:27 |   Val AUC improved to 0.9889, model saved
2026-09-02 12:24:31 | Epoch   2/100 | Train Loss 30.1462 Acc 0.7857 | Val Loss 22.0113 Acc 0.8425 AUC 0.9903 Pre 0.8454 Rec 0.8374
2026-09-02 12:24:31 |   Val AUC improved to 0.9903, model saved
2026-09-02 12:24:36 | Epoch   3/100 | Train Loss 20.9273 Acc 0.8544 | Val Loss 17.8328 Acc 0.8519 AUC 0.9902 Pre 0.8580 Rec 0.8469
2026-09-02 12:24:40 | Epoch   4/100 | Train Loss 15.8165 Acc 0.8947 | Val Loss 15.1190 Acc 0.8605 AUC 0.9907 Pre 0.8605 Rec 0.8562
2026-09-02 12:24:40 |   Val AUC improved to 0.9907, model saved
2026-09-02 12:24:45 | Epoch   5/100 | Train Loss 12.4637 Acc 0.9224 | Val Loss 13.8049 Acc 0.8606 AUC 0.9899 Pre 0.8570 Rec 0.8557
2026-09-02 12:24:50 | Epoch   6/100 | Train Loss 10.1531 Acc 0.9405 | Val Loss 12.8175 Acc 0.8604 AUC 0.9894 Pre 0.8557 Rec 0.8556
2026-09-02 12:24:54 | Epoch   7/100 | Train Loss 8.5043 Acc 0.9535 | Val Loss 11.8349 Acc 0.8614 AUC 0.9894 Pre 0.8581 Rec 0.8562
2026-09-02 12:24:59 | Epoch   8/100 | Train Loss 7.2357 Acc 0.9638 | Val Loss 11.0553 Acc 0.8630 AUC 0.9891 Pre 0.8627 Rec 0.8584
2026-09-02 12:25:03 | Epoch   9/100 | Train Loss 6.2875 Acc 0.9691 | Val Loss 10.5012 Acc 0.8645 AUC 0.9889 Pre 0.8616 Rec 0.8601
2026-09-02 12:25:08 | Epoch  10/100 | Train Loss 5.5547 Acc 0.9735 | Val Loss 10.1795 Acc 0.8609 AUC 0.9882 Pre 0.8590 Rec 0.8566
2026-09-02 12:25:13 | Epoch  11/100 | Train Loss 4.9772 Acc 0.9753 | Val Loss 9.6784 Acc 0.8606 AUC 0.9878 Pre 0.8603 Rec 0.8563
2026-09-02 12:25:17 | Epoch  12/100 | Train Loss 4.5475 Acc 0.9762 | Val Loss 9.4061 Acc 0.8581 AUC 0.9875 Pre 0.8609 Rec 0.8538
2026-09-02 12:25:21 | Epoch  13/100 | Train Loss 4.1631 Acc 0.9784 | Val Loss 8.9847 Acc 0.8561 AUC 0.9875 Pre 0.8637 Rec 0.8519
2026-09-02 12:25:26 | Epoch  14/100 | Train Loss 3.8639 Acc 0.9783 | Val Loss 8.8087 Acc 0.8514 AUC 0.9869 Pre 0.8615 Rec 0.8475
2026-09-02 12:25:26 | Val AUC did not improve for 10 consecutive epochs, early stopping at Epoch 14 (best AUC 0.9907 @ Epoch 4)
2026-09-02 12:25:27 | Run 5/5 | Test (best model @ Epoch 4) | Loss 14.8924 Acc 0.8647 AUC 0.9909 Pre 0.8662 Rec 0.8606
2026-09-02 12:25:27 | Average over 5 runs | Test Loss 15.7626±1.3182 Acc 0.8586±0.0052 AUC 0.9906±0.0003 Pre 0.8603±0.0058 Rec 0.8540±0.0055
