2026-08-26 21:27:16 | Device: cuda
2026-08-26 21:27:16 | Args: {'model': 'fgib', 'backbone': 'mlp', 'task': 'mnist', 'epochs': 100, 'batch_size': 512, 'lr': 0.001, 'hidden_dims': [512, 256], 'dropout': 0.2, 'z_dim': 256, 'anchor_scale': 8.0, 'max_len': 250, 'random_labels': False, 'beta': 1.0, 'patience': 10, 'runs': 5, 'seed': 0, 'data_dir': './data', 'save_path': 'output/mnist_mlp_fgib/mnist_mlp_fgib.pt', 'log_path': '/root/autodl-tmp/FGIB/tune_results/mnist_mlp_fgib_beta_1_anchor_8/train.log', 'no_save': True}
2026-08-26 21:27:16 | ===== Run 1/5 (seed 0) =====
2026-08-26 21:27:21 | Epoch   1/100 | Train Loss 12.0822 Acc 0.8116 | Val Loss 3.8944 Acc 0.9512 AUC 0.9974 Pre 0.9509 Rec 0.9507
2026-08-26 21:27:21 |   Val AUC improved to 0.9974, model saved
2026-08-26 21:27:25 | Epoch   2/100 | Train Loss 4.1231 Acc 0.9638 | Val Loss 2.5260 Acc 0.9670 AUC 0.9990 Pre 0.9668 Rec 0.9667
2026-08-26 21:27:25 |   Val AUC improved to 0.9990, model saved
2026-08-26 21:27:29 | Epoch   3/100 | Train Loss 3.0102 Acc 0.9758 | Val Loss 2.2461 Acc 0.9739 AUC 0.9993 Pre 0.9740 Rec 0.9736
2026-08-26 21:27:29 |   Val AUC improved to 0.9993, model saved
2026-08-26 21:27:34 | Epoch   4/100 | Train Loss 2.5265 Acc 0.9816 | Val Loss 1.9602 Acc 0.9756 AUC 0.9993 Pre 0.9754 Rec 0.9755
2026-08-26 21:27:34 |   Val AUC improved to 0.9993, model saved
2026-08-26 21:27:38 | Epoch   5/100 | Train Loss 2.2156 Acc 0.9843 | Val Loss 1.6875 Acc 0.9781 AUC 0.9995 Pre 0.9778 Rec 0.9780
2026-08-26 21:27:38 |   Val AUC improved to 0.9995, model saved
2026-08-26 21:27:42 | Epoch   6/100 | Train Loss 1.9672 Acc 0.9880 | Val Loss 1.5977 Acc 0.9788 AUC 0.9994 Pre 0.9788 Rec 0.9786
2026-08-26 21:27:46 | Epoch   7/100 | Train Loss 1.7946 Acc 0.9896 | Val Loss 1.6166 Acc 0.9803 AUC 0.9996 Pre 0.9801 Rec 0.9801
2026-08-26 21:27:46 |   Val AUC improved to 0.9996, model saved
2026-08-26 21:27:50 | Epoch   8/100 | Train Loss 1.6774 Acc 0.9912 | Val Loss 1.4855 Acc 0.9804 AUC 0.9996 Pre 0.9801 Rec 0.9803
2026-08-26 21:27:50 |   Val AUC improved to 0.9996, model saved
2026-08-26 21:27:55 | Epoch   9/100 | Train Loss 1.5594 Acc 0.9926 | Val Loss 1.5004 Acc 0.9807 AUC 0.9996 Pre 0.9805 Rec 0.9805
2026-08-26 21:27:59 | Epoch  10/100 | Train Loss 1.5005 Acc 0.9932 | Val Loss 1.4559 Acc 0.9817 AUC 0.9996 Pre 0.9815 Rec 0.9815
2026-08-26 21:28:03 | Epoch  11/100 | Train Loss 1.4191 Acc 0.9943 | Val Loss 1.4940 Acc 0.9809 AUC 0.9995 Pre 0.9808 Rec 0.9806
2026-08-26 21:28:07 | Epoch  12/100 | Train Loss 1.3586 Acc 0.9949 | Val Loss 1.3861 Acc 0.9825 AUC 0.9995 Pre 0.9824 Rec 0.9824
2026-08-26 21:28:11 | Epoch  13/100 | Train Loss 1.3229 Acc 0.9952 | Val Loss 1.3987 Acc 0.9815 AUC 0.9996 Pre 0.9813 Rec 0.9813
2026-08-26 21:28:15 | Epoch  14/100 | Train Loss 1.2347 Acc 0.9960 | Val Loss 1.4342 Acc 0.9811 AUC 0.9995 Pre 0.9810 Rec 0.9809
2026-08-26 21:28:20 | Epoch  15/100 | Train Loss 1.1749 Acc 0.9963 | Val Loss 1.3738 Acc 0.9819 AUC 0.9996 Pre 0.9817 Rec 0.9817
2026-08-26 21:28:24 | Epoch  16/100 | Train Loss 1.1496 Acc 0.9967 | Val Loss 1.3692 Acc 0.9820 AUC 0.9996 Pre 0.9818 Rec 0.9818
2026-08-26 21:28:28 | Epoch  17/100 | Train Loss 1.1154 Acc 0.9969 | Val Loss 1.3720 Acc 0.9821 AUC 0.9994 Pre 0.9820 Rec 0.9819
2026-08-26 21:28:32 | Epoch  18/100 | Train Loss 1.0783 Acc 0.9973 | Val Loss 1.3126 Acc 0.9832 AUC 0.9996 Pre 0.9831 Rec 0.9831
2026-08-26 21:28:32 | Val AUC did not improve for 10 consecutive epochs, early stopping at Epoch 18 (best AUC 0.9996 @ Epoch 8)
2026-08-26 21:28:33 | Run 1/5 | Test (best model @ Epoch 8) | Loss 1.3989 Acc 0.9815 AUC 0.9996 Pre 0.9813 Rec 0.9814
2026-08-26 21:28:33 | ===== Run 2/5 (seed 1) =====
2026-08-26 21:28:37 | Epoch   1/100 | Train Loss 11.8696 Acc 0.8169 | Val Loss 3.8228 Acc 0.9541 AUC 0.9974 Pre 0.9537 Rec 0.9537
2026-08-26 21:28:37 |   Val AUC improved to 0.9974, model saved
2026-08-26 21:28:41 | Epoch   2/100 | Train Loss 4.0633 Acc 0.9645 | Val Loss 2.4830 Acc 0.9684 AUC 0.9989 Pre 0.9681 Rec 0.9682
2026-08-26 21:28:41 |   Val AUC improved to 0.9989, model saved
2026-08-26 21:28:45 | Epoch   3/100 | Train Loss 3.0118 Acc 0.9752 | Val Loss 2.0819 Acc 0.9745 AUC 0.9993 Pre 0.9742 Rec 0.9744
2026-08-26 21:28:45 |   Val AUC improved to 0.9993, model saved
2026-08-26 21:28:49 | Epoch   4/100 | Train Loss 2.4751 Acc 0.9811 | Val Loss 1.9606 Acc 0.9759 AUC 0.9993 Pre 0.9755 Rec 0.9758
2026-08-26 21:28:54 | Epoch   5/100 | Train Loss 2.1565 Acc 0.9851 | Val Loss 1.7526 Acc 0.9783 AUC 0.9994 Pre 0.9781 Rec 0.9780
2026-08-26 21:28:54 |   Val AUC improved to 0.9994, model saved
2026-08-26 21:28:58 | Epoch   6/100 | Train Loss 1.9246 Acc 0.9878 | Val Loss 1.6161 Acc 0.9793 AUC 0.9995 Pre 0.9791 Rec 0.9791
2026-08-26 21:28:58 |   Val AUC improved to 0.9995, model saved
2026-08-26 21:29:02 | Epoch   7/100 | Train Loss 1.7770 Acc 0.9899 | Val Loss 1.5414 Acc 0.9805 AUC 0.9995 Pre 0.9803 Rec 0.9803
2026-08-26 21:29:02 |   Val AUC improved to 0.9995, model saved
2026-08-26 21:29:06 | Epoch   8/100 | Train Loss 1.6339 Acc 0.9914 | Val Loss 1.5495 Acc 0.9814 AUC 0.9995 Pre 0.9812 Rec 0.9812
2026-08-26 21:29:06 |   Val AUC improved to 0.9995, model saved
2026-08-26 21:29:10 | Epoch   9/100 | Train Loss 1.5444 Acc 0.9921 | Val Loss 1.4513 Acc 0.9815 AUC 0.9995 Pre 0.9813 Rec 0.9813
2026-08-26 21:29:14 | Epoch  10/100 | Train Loss 1.4667 Acc 0.9933 | Val Loss 1.4385 Acc 0.9820 AUC 0.9995 Pre 0.9819 Rec 0.9818
2026-08-26 21:29:14 |   Val AUC improved to 0.9995, model saved
2026-08-26 21:29:18 | Epoch  11/100 | Train Loss 1.3875 Acc 0.9944 | Val Loss 1.4166 Acc 0.9822 AUC 0.9996 Pre 0.9821 Rec 0.9820
2026-08-26 21:29:18 |   Val AUC improved to 0.9996, model saved
2026-08-26 21:29:22 | Epoch  12/100 | Train Loss 1.2910 Acc 0.9952 | Val Loss 1.3748 Acc 0.9823 AUC 0.9996 Pre 0.9822 Rec 0.9820
2026-08-26 21:29:22 |   Val AUC improved to 0.9996, model saved
2026-08-26 21:29:27 | Epoch  13/100 | Train Loss 1.2636 Acc 0.9954 | Val Loss 1.3842 Acc 0.9817 AUC 0.9996 Pre 0.9815 Rec 0.9815
2026-08-26 21:29:31 | Epoch  14/100 | Train Loss 1.2182 Acc 0.9960 | Val Loss 1.3762 Acc 0.9818 AUC 0.9995 Pre 0.9815 Rec 0.9815
2026-08-26 21:29:35 | Epoch  15/100 | Train Loss 1.1694 Acc 0.9963 | Val Loss 1.3414 Acc 0.9824 AUC 0.9995 Pre 0.9822 Rec 0.9822
2026-08-26 21:29:39 | Epoch  16/100 | Train Loss 1.1398 Acc 0.9966 | Val Loss 1.2994 Acc 0.9815 AUC 0.9995 Pre 0.9814 Rec 0.9812
2026-08-26 21:29:43 | Epoch  17/100 | Train Loss 1.0856 Acc 0.9970 | Val Loss 1.2671 Acc 0.9821 AUC 0.9996 Pre 0.9821 Rec 0.9819
2026-08-26 21:29:48 | Epoch  18/100 | Train Loss 1.0643 Acc 0.9971 | Val Loss 1.2828 Acc 0.9831 AUC 0.9996 Pre 0.9830 Rec 0.9829
2026-08-26 21:29:48 |   Val AUC improved to 0.9996, model saved
2026-08-26 21:29:52 | Epoch  19/100 | Train Loss 1.0339 Acc 0.9972 | Val Loss 1.3215 Acc 0.9824 AUC 0.9995 Pre 0.9823 Rec 0.9822
2026-08-26 21:29:56 | Epoch  20/100 | Train Loss 0.9978 Acc 0.9976 | Val Loss 1.3158 Acc 0.9837 AUC 0.9995 Pre 0.9836 Rec 0.9835
2026-08-26 21:30:00 | Epoch  21/100 | Train Loss 0.9807 Acc 0.9974 | Val Loss 1.3036 Acc 0.9835 AUC 0.9995 Pre 0.9834 Rec 0.9833
2026-08-26 21:30:04 | Epoch  22/100 | Train Loss 0.9625 Acc 0.9977 | Val Loss 1.2830 Acc 0.9832 AUC 0.9996 Pre 0.9831 Rec 0.9830
2026-08-26 21:30:09 | Epoch  23/100 | Train Loss 0.9306 Acc 0.9982 | Val Loss 1.2732 Acc 0.9830 AUC 0.9995 Pre 0.9829 Rec 0.9828
2026-08-26 21:30:13 | Epoch  24/100 | Train Loss 0.9186 Acc 0.9982 | Val Loss 1.3402 Acc 0.9821 AUC 0.9994 Pre 0.9821 Rec 0.9819
2026-08-26 21:30:17 | Epoch  25/100 | Train Loss 0.9207 Acc 0.9980 | Val Loss 1.2938 Acc 0.9825 AUC 0.9994 Pre 0.9823 Rec 0.9823
2026-08-26 21:30:22 | Epoch  26/100 | Train Loss 0.9079 Acc 0.9979 | Val Loss 1.3576 Acc 0.9811 AUC 0.9995 Pre 0.9810 Rec 0.9809
2026-08-26 21:30:26 | Epoch  27/100 | Train Loss 0.8959 Acc 0.9982 | Val Loss 1.3357 Acc 0.9830 AUC 0.9993 Pre 0.9828 Rec 0.9828
2026-08-26 21:30:30 | Epoch  28/100 | Train Loss 0.8640 Acc 0.9984 | Val Loss 1.3055 Acc 0.9838 AUC 0.9993 Pre 0.9837 Rec 0.9836
2026-08-26 21:30:30 | Val AUC did not improve for 10 consecutive epochs, early stopping at Epoch 28 (best AUC 0.9996 @ Epoch 18)
2026-08-26 21:30:31 | Run 2/5 | Test (best model @ Epoch 18) | Loss 1.2941 Acc 0.9832 AUC 0.9996 Pre 0.9831 Rec 0.9830
2026-08-26 21:30:31 | ===== Run 3/5 (seed 2) =====
2026-08-26 21:30:35 | Epoch   1/100 | Train Loss 11.8542 Acc 0.8209 | Val Loss 3.7762 Acc 0.9552 AUC 0.9977 Pre 0.9550 Rec 0.9549
2026-08-26 21:30:35 |   Val AUC improved to 0.9977, model saved
2026-08-26 21:30:39 | Epoch   2/100 | Train Loss 4.0101 Acc 0.9662 | Val Loss 2.5151 Acc 0.9705 AUC 0.9989 Pre 0.9703 Rec 0.9703
2026-08-26 21:30:39 |   Val AUC improved to 0.9989, model saved
2026-08-26 21:30:43 | Epoch   3/100 | Train Loss 2.9894 Acc 0.9764 | Val Loss 2.0661 Acc 0.9746 AUC 0.9993 Pre 0.9745 Rec 0.9745
2026-08-26 21:30:43 |   Val AUC improved to 0.9993, model saved
2026-08-26 21:30:47 | Epoch   4/100 | Train Loss 2.4713 Acc 0.9830 | Val Loss 1.8666 Acc 0.9756 AUC 0.9994 Pre 0.9756 Rec 0.9753
2026-08-26 21:30:47 |   Val AUC improved to 0.9994, model saved
2026-08-26 21:30:52 | Epoch   5/100 | Train Loss 2.1520 Acc 0.9854 | Val Loss 1.7161 Acc 0.9793 AUC 0.9995 Pre 0.9791 Rec 0.9792
2026-08-26 21:30:52 |   Val AUC improved to 0.9995, model saved
2026-08-26 21:30:56 | Epoch   6/100 | Train Loss 1.9266 Acc 0.9887 | Val Loss 1.5841 Acc 0.9796 AUC 0.9995 Pre 0.9794 Rec 0.9794
2026-08-26 21:31:00 | Epoch   7/100 | Train Loss 1.7602 Acc 0.9902 | Val Loss 1.5422 Acc 0.9807 AUC 0.9996 Pre 0.9805 Rec 0.9806
2026-08-26 21:31:00 |   Val AUC improved to 0.9996, model saved
2026-08-26 21:31:04 | Epoch   8/100 | Train Loss 1.6365 Acc 0.9914 | Val Loss 1.5227 Acc 0.9808 AUC 0.9995 Pre 0.9806 Rec 0.9807
2026-08-26 21:31:09 | Epoch   9/100 | Train Loss 1.5492 Acc 0.9930 | Val Loss 1.4775 Acc 0.9810 AUC 0.9996 Pre 0.9808 Rec 0.9809
2026-08-26 21:31:09 |   Val AUC improved to 0.9996, model saved
2026-08-26 21:31:13 | Epoch  10/100 | Train Loss 1.4522 Acc 0.9942 | Val Loss 1.4114 Acc 0.9822 AUC 0.9996 Pre 0.9821 Rec 0.9820
2026-08-26 21:31:17 | Epoch  11/100 | Train Loss 1.3879 Acc 0.9950 | Val Loss 1.3350 Acc 0.9812 AUC 0.9996 Pre 0.9810 Rec 0.9811
2026-08-26 21:31:17 |   Val AUC improved to 0.9996, model saved
2026-08-26 21:31:21 | Epoch  12/100 | Train Loss 1.3000 Acc 0.9952 | Val Loss 1.3060 Acc 0.9828 AUC 0.9997 Pre 0.9826 Rec 0.9827
2026-08-26 21:31:21 |   Val AUC improved to 0.9997, model saved
2026-08-26 21:31:25 | Epoch  13/100 | Train Loss 1.2694 Acc 0.9957 | Val Loss 1.3057 Acc 0.9825 AUC 0.9997 Pre 0.9823 Rec 0.9824
2026-08-26 21:31:29 | Epoch  14/100 | Train Loss 1.1966 Acc 0.9965 | Val Loss 1.2712 Acc 0.9825 AUC 0.9997 Pre 0.9823 Rec 0.9824
2026-08-26 21:31:29 |   Val AUC improved to 0.9997, model saved
2026-08-26 21:31:33 | Epoch  15/100 | Train Loss 1.1779 Acc 0.9965 | Val Loss 1.2860 Acc 0.9825 AUC 0.9996 Pre 0.9824 Rec 0.9824
2026-08-26 21:31:37 | Epoch  16/100 | Train Loss 1.1407 Acc 0.9970 | Val Loss 1.3353 Acc 0.9828 AUC 0.9996 Pre 0.9828 Rec 0.9826
2026-08-26 21:31:42 | Epoch  17/100 | Train Loss 1.1021 Acc 0.9970 | Val Loss 1.2974 Acc 0.9826 AUC 0.9996 Pre 0.9824 Rec 0.9825
2026-08-26 21:31:46 | Epoch  18/100 | Train Loss 1.0560 Acc 0.9975 | Val Loss 1.3298 Acc 0.9823 AUC 0.9996 Pre 0.9821 Rec 0.9821
2026-08-26 21:31:50 | Epoch  19/100 | Train Loss 1.0392 Acc 0.9974 | Val Loss 1.3783 Acc 0.9822 AUC 0.9996 Pre 0.9820 Rec 0.9821
2026-08-26 21:31:54 | Epoch  20/100 | Train Loss 1.0045 Acc 0.9978 | Val Loss 1.3671 Acc 0.9824 AUC 0.9995 Pre 0.9821 Rec 0.9823
2026-08-26 21:31:58 | Epoch  21/100 | Train Loss 0.9701 Acc 0.9982 | Val Loss 1.2685 Acc 0.9831 AUC 0.9995 Pre 0.9830 Rec 0.9830
2026-08-26 21:32:02 | Epoch  22/100 | Train Loss 0.9846 Acc 0.9980 | Val Loss 1.2794 Acc 0.9847 AUC 0.9995 Pre 0.9847 Rec 0.9845
2026-08-26 21:32:06 | Epoch  23/100 | Train Loss 0.9404 Acc 0.9980 | Val Loss 1.3482 Acc 0.9832 AUC 0.9993 Pre 0.9831 Rec 0.9830
2026-08-26 21:32:11 | Epoch  24/100 | Train Loss 0.9191 Acc 0.9982 | Val Loss 1.2458 Acc 0.9846 AUC 0.9994 Pre 0.9845 Rec 0.9845
2026-08-26 21:32:11 | Val AUC did not improve for 10 consecutive epochs, early stopping at Epoch 24 (best AUC 0.9997 @ Epoch 14)
2026-08-26 21:32:11 | Run 3/5 | Test (best model @ Epoch 14) | Loss 1.2748 Acc 0.9836 AUC 0.9996 Pre 0.9836 Rec 0.9835
2026-08-26 21:32:11 | ===== Run 4/5 (seed 3) =====
2026-08-26 21:32:16 | Epoch   1/100 | Train Loss 11.9240 Acc 0.8257 | Val Loss 3.7133 Acc 0.9533 AUC 0.9977 Pre 0.9528 Rec 0.9529
2026-08-26 21:32:16 |   Val AUC improved to 0.9977, model saved
2026-08-26 21:32:20 | Epoch   2/100 | Train Loss 4.0814 Acc 0.9643 | Val Loss 2.5120 Acc 0.9680 AUC 0.9990 Pre 0.9675 Rec 0.9680
2026-08-26 21:32:20 |   Val AUC improved to 0.9990, model saved
2026-08-26 21:32:24 | Epoch   3/100 | Train Loss 3.0180 Acc 0.9752 | Val Loss 2.1530 Acc 0.9723 AUC 0.9993 Pre 0.9724 Rec 0.9720
2026-08-26 21:32:24 |   Val AUC improved to 0.9993, model saved
2026-08-26 21:32:28 | Epoch   4/100 | Train Loss 2.4831 Acc 0.9817 | Val Loss 1.8331 Acc 0.9764 AUC 0.9994 Pre 0.9762 Rec 0.9763
2026-08-26 21:32:28 |   Val AUC improved to 0.9994, model saved
2026-08-26 21:32:32 | Epoch   5/100 | Train Loss 2.1818 Acc 0.9854 | Val Loss 1.7299 Acc 0.9766 AUC 0.9995 Pre 0.9764 Rec 0.9763
2026-08-26 21:32:32 |   Val AUC improved to 0.9995, model saved
2026-08-26 21:32:37 | Epoch   6/100 | Train Loss 1.9567 Acc 0.9873 | Val Loss 1.6157 Acc 0.9791 AUC 0.9995 Pre 0.9790 Rec 0.9790
2026-08-26 21:32:37 |   Val AUC improved to 0.9995, model saved
2026-08-26 21:32:41 | Epoch   7/100 | Train Loss 1.8038 Acc 0.9897 | Val Loss 1.5891 Acc 0.9786 AUC 0.9995 Pre 0.9784 Rec 0.9784
2026-08-26 21:32:45 | Epoch   8/100 | Train Loss 1.6589 Acc 0.9910 | Val Loss 1.5488 Acc 0.9795 AUC 0.9996 Pre 0.9794 Rec 0.9792
2026-08-26 21:32:45 |   Val AUC improved to 0.9996, model saved
2026-08-26 21:32:49 | Epoch   9/100 | Train Loss 1.5340 Acc 0.9929 | Val Loss 1.5177 Acc 0.9813 AUC 0.9996 Pre 0.9812 Rec 0.9812
2026-08-26 21:32:53 | Epoch  10/100 | Train Loss 1.4600 Acc 0.9934 | Val Loss 1.4647 Acc 0.9809 AUC 0.9996 Pre 0.9807 Rec 0.9807
2026-08-26 21:32:53 |   Val AUC improved to 0.9996, model saved
2026-08-26 21:32:57 | Epoch  11/100 | Train Loss 1.3907 Acc 0.9945 | Val Loss 1.4045 Acc 0.9816 AUC 0.9996 Pre 0.9815 Rec 0.9814
2026-08-26 21:33:01 | Epoch  12/100 | Train Loss 1.3410 Acc 0.9949 | Val Loss 1.3931 Acc 0.9811 AUC 0.9996 Pre 0.9809 Rec 0.9809
2026-08-26 21:33:01 |   Val AUC improved to 0.9996, model saved
2026-08-26 21:33:05 | Epoch  13/100 | Train Loss 1.2685 Acc 0.9954 | Val Loss 1.4746 Acc 0.9814 AUC 0.9996 Pre 0.9812 Rec 0.9813
2026-08-26 21:33:10 | Epoch  14/100 | Train Loss 1.2159 Acc 0.9960 | Val Loss 1.4045 Acc 0.9819 AUC 0.9996 Pre 0.9817 Rec 0.9817
2026-08-26 21:33:14 | Epoch  15/100 | Train Loss 1.1541 Acc 0.9963 | Val Loss 1.3666 Acc 0.9814 AUC 0.9995 Pre 0.9813 Rec 0.9812
2026-08-26 21:33:18 | Epoch  16/100 | Train Loss 1.1302 Acc 0.9969 | Val Loss 1.3477 Acc 0.9816 AUC 0.9995 Pre 0.9815 Rec 0.9814
2026-08-26 21:33:22 | Epoch  17/100 | Train Loss 1.0938 Acc 0.9970 | Val Loss 1.3289 Acc 0.9827 AUC 0.9996 Pre 0.9826 Rec 0.9825
2026-08-26 21:33:26 | Epoch  18/100 | Train Loss 1.0673 Acc 0.9970 | Val Loss 1.3590 Acc 0.9817 AUC 0.9994 Pre 0.9816 Rec 0.9814
2026-08-26 21:33:31 | Epoch  19/100 | Train Loss 1.0349 Acc 0.9973 | Val Loss 1.3493 Acc 0.9830 AUC 0.9995 Pre 0.9829 Rec 0.9828
2026-08-26 21:33:35 | Epoch  20/100 | Train Loss 1.0103 Acc 0.9970 | Val Loss 1.3175 Acc 0.9825 AUC 0.9995 Pre 0.9824 Rec 0.9822
2026-08-26 21:33:39 | Epoch  21/100 | Train Loss 0.9856 Acc 0.9977 | Val Loss 1.3434 Acc 0.9812 AUC 0.9995 Pre 0.9810 Rec 0.9809
2026-08-26 21:33:43 | Epoch  22/100 | Train Loss 0.9643 Acc 0.9979 | Val Loss 1.3239 Acc 0.9823 AUC 0.9995 Pre 0.9822 Rec 0.9821
2026-08-26 21:33:43 | Val AUC did not improve for 10 consecutive epochs, early stopping at Epoch 22 (best AUC 0.9996 @ Epoch 12)
2026-08-26 21:33:44 | Run 4/5 | Test (best model @ Epoch 12) | Loss 1.3476 Acc 0.9826 AUC 0.9996 Pre 0.9826 Rec 0.9825
2026-08-26 21:33:44 | ===== Run 5/5 (seed 4) =====
2026-08-26 21:33:48 | Epoch   1/100 | Train Loss 11.6336 Acc 0.8211 | Val Loss 3.7617 Acc 0.9547 AUC 0.9977 Pre 0.9545 Rec 0.9543
2026-08-26 21:33:48 |   Val AUC improved to 0.9977, model saved
2026-08-26 21:33:52 | Epoch   2/100 | Train Loss 4.0112 Acc 0.9651 | Val Loss 2.5738 Acc 0.9688 AUC 0.9990 Pre 0.9689 Rec 0.9685
2026-08-26 21:33:52 |   Val AUC improved to 0.9990, model saved
2026-08-26 21:33:56 | Epoch   3/100 | Train Loss 2.9412 Acc 0.9767 | Val Loss 2.1317 Acc 0.9741 AUC 0.9993 Pre 0.9740 Rec 0.9739
2026-08-26 21:33:56 |   Val AUC improved to 0.9993, model saved
2026-08-26 21:34:00 | Epoch   4/100 | Train Loss 2.4361 Acc 0.9826 | Val Loss 1.8264 Acc 0.9777 AUC 0.9994 Pre 0.9775 Rec 0.9776
2026-08-26 21:34:00 |   Val AUC improved to 0.9994, model saved
2026-08-26 21:34:04 | Epoch   5/100 | Train Loss 2.1021 Acc 0.9862 | Val Loss 1.7573 Acc 0.9785 AUC 0.9995 Pre 0.9784 Rec 0.9783
2026-08-26 21:34:04 |   Val AUC improved to 0.9995, model saved
2026-08-26 21:34:08 | Epoch   6/100 | Train Loss 1.8958 Acc 0.9885 | Val Loss 1.5302 Acc 0.9805 AUC 0.9996 Pre 0.9803 Rec 0.9804
2026-08-26 21:34:08 |   Val AUC improved to 0.9996, model saved
2026-08-26 21:34:13 | Epoch   7/100 | Train Loss 1.7611 Acc 0.9905 | Val Loss 1.5728 Acc 0.9816 AUC 0.9995 Pre 0.9814 Rec 0.9815
2026-08-26 21:34:17 | Epoch   8/100 | Train Loss 1.6102 Acc 0.9918 | Val Loss 1.4786 Acc 0.9816 AUC 0.9996 Pre 0.9814 Rec 0.9815
2026-08-26 21:34:17 |   Val AUC improved to 0.9996, model saved
2026-08-26 21:34:21 | Epoch   9/100 | Train Loss 1.5295 Acc 0.9933 | Val Loss 1.4515 Acc 0.9822 AUC 0.9996 Pre 0.9821 Rec 0.9820
2026-08-26 21:34:25 | Epoch  10/100 | Train Loss 1.4228 Acc 0.9938 | Val Loss 1.3741 Acc 0.9836 AUC 0.9996 Pre 0.9836 Rec 0.9834
2026-08-26 21:34:29 | Epoch  11/100 | Train Loss 1.3502 Acc 0.9948 | Val Loss 1.3998 Acc 0.9833 AUC 0.9996 Pre 0.9832 Rec 0.9831
2026-08-26 21:34:33 | Epoch  12/100 | Train Loss 1.2749 Acc 0.9958 | Val Loss 1.3825 Acc 0.9816 AUC 0.9996 Pre 0.9814 Rec 0.9815
2026-08-26 21:34:38 | Epoch  13/100 | Train Loss 1.2413 Acc 0.9961 | Val Loss 1.3739 Acc 0.9818 AUC 0.9996 Pre 0.9817 Rec 0.9816
2026-08-26 21:34:42 | Epoch  14/100 | Train Loss 1.1913 Acc 0.9965 | Val Loss 1.3375 Acc 0.9823 AUC 0.9996 Pre 0.9821 Rec 0.9821
2026-08-26 21:34:46 | Epoch  15/100 | Train Loss 1.1522 Acc 0.9968 | Val Loss 1.4154 Acc 0.9826 AUC 0.9995 Pre 0.9825 Rec 0.9824
2026-08-26 21:34:50 | Epoch  16/100 | Train Loss 1.1194 Acc 0.9970 | Val Loss 1.3580 Acc 0.9825 AUC 0.9995 Pre 0.9824 Rec 0.9823
2026-08-26 21:34:54 | Epoch  17/100 | Train Loss 1.0753 Acc 0.9971 | Val Loss 1.3109 Acc 0.9831 AUC 0.9996 Pre 0.9829 Rec 0.9830
2026-08-26 21:34:58 | Epoch  18/100 | Train Loss 1.0370 Acc 0.9975 | Val Loss 1.3007 Acc 0.9828 AUC 0.9995 Pre 0.9827 Rec 0.9825
2026-08-26 21:34:58 | Val AUC did not improve for 10 consecutive epochs, early stopping at Epoch 18 (best AUC 0.9996 @ Epoch 8)
2026-08-26 21:34:59 | Run 5/5 | Test (best model @ Epoch 8) | Loss 1.4529 Acc 0.9814 AUC 0.9996 Pre 0.9813 Rec 0.9813
2026-08-26 21:34:59 | Average over 5 runs | Test Loss 1.3537±0.0737 Acc 0.9825±0.0010 AUC 0.9996±0.0000 Pre 0.9824±0.0010 Rec 0.9823±0.0010
