2026-09-02 17:33:05 | Device: cuda
2026-09-02 17:33:05 | Args: {'model': 'opb', 'backbone': 'rnn', 'task': 'agnews', 'epochs': 100, 'batch_size': 512, 'lr': 0.001, 'hidden_dims': [512, 256], 'dropout': 0.2, 'z_dim': 256, 'anchor_scale': 16.0, 'energy_classifier': True, 'tied_head': False, 'max_len': 250, 'random_labels': False, 'beta': 0.01, 'patience': 10, 'runs': 5, 'seed': 0, 'data_dir': './data', 'save_path': 'output/agnews_rnn_opb/agnews_rnn_opb.pt', 'log_path': '/root/autodl-tmp/IB/tune_results/agnews_rnn_opb_beta_0.01_anchor_16/train.log', 'no_save': True}
2026-09-02 17:33:05 | AG News 特征文件：agnews_bert_base_layer10_pca50_features.npy（input_dim=50）
2026-09-02 17:33:05 | AG News 预处理缓存：mmap 共享 ./data/agnews/agnews_bert_base_layer10_pca50_features_fp32.npy
2026-09-02 17:33:05 | AG News BERT 特征划分（60/20/20 分层）：train 76560 / val 25520 / test 25520（共 127600 条）
2026-09-02 17:33:05 | ===== Run 1/5 (seed 0) =====
2026-09-02 17:33:35 | Epoch   1/100 | Train Loss 3.3796 Acc 0.7584 | Val Loss 1.4156 Acc 0.8841 AUC 0.9728 Pre 0.8850 Rec 0.8841
2026-09-02 17:33:35 |   Val AUC improved to 0.9728, model saved
2026-09-02 17:34:03 | Epoch   2/100 | Train Loss 1.5318 Acc 0.8513 | Val Loss 1.3306 Acc 0.8804 AUC 0.9761 Pre 0.8840 Rec 0.8804
2026-09-02 17:34:03 |   Val AUC improved to 0.9761, model saved
2026-09-02 17:34:29 | Epoch   3/100 | Train Loss 1.3782 Acc 0.8668 | Val Loss 1.2172 Acc 0.8980 AUC 0.9809 Pre 0.8992 Rec 0.8980
2026-09-02 17:34:29 |   Val AUC improved to 0.9809, model saved
2026-09-02 17:34:52 | Epoch   4/100 | Train Loss 1.2643 Acc 0.8821 | Val Loss 1.1517 Acc 0.9020 AUC 0.9818 Pre 0.9025 Rec 0.9020
2026-09-02 17:34:53 |   Val AUC improved to 0.9818, model saved
2026-09-02 17:35:19 | Epoch   5/100 | Train Loss 1.1903 Acc 0.8906 | Val Loss 1.1178 Acc 0.9009 AUC 0.9821 Pre 0.9004 Rec 0.9009
2026-09-02 17:35:19 |   Val AUC improved to 0.9821, model saved
2026-09-02 17:35:45 | Epoch   6/100 | Train Loss 1.1232 Acc 0.8951 | Val Loss 1.1543 Acc 0.8894 AUC 0.9814 Pre 0.8936 Rec 0.8894
2026-09-02 17:36:12 | Epoch   7/100 | Train Loss 1.0909 Acc 0.8976 | Val Loss 1.0651 Acc 0.8966 AUC 0.9842 Pre 0.8980 Rec 0.8966
2026-09-02 17:36:12 |   Val AUC improved to 0.9842, model saved
2026-09-02 17:36:40 | Epoch   8/100 | Train Loss 1.0002 Acc 0.9027 | Val Loss 0.9884 Acc 0.9071 AUC 0.9854 Pre 0.9097 Rec 0.9071
2026-09-02 17:36:40 |   Val AUC improved to 0.9854, model saved
2026-09-02 17:37:09 | Epoch   9/100 | Train Loss 0.9490 Acc 0.9069 | Val Loss 0.9550 Acc 0.9090 AUC 0.9853 Pre 0.9118 Rec 0.9090
2026-09-02 17:37:38 | Epoch  10/100 | Train Loss 0.8791 Acc 0.9109 | Val Loss 0.9957 Acc 0.8929 AUC 0.9847 Pre 0.8985 Rec 0.8929
2026-09-02 17:38:07 | Epoch  11/100 | Train Loss 0.8482 Acc 0.9110 | Val Loss 0.8863 Acc 0.9094 AUC 0.9865 Pre 0.9120 Rec 0.9094
2026-09-02 17:38:07 |   Val AUC improved to 0.9865, model saved
2026-09-02 17:38:36 | Epoch  12/100 | Train Loss 0.7925 Acc 0.9138 | Val Loss 0.8570 Acc 0.9037 AUC 0.9864 Pre 0.9065 Rec 0.9037
2026-09-02 17:39:05 | Epoch  13/100 | Train Loss 0.7466 Acc 0.9154 | Val Loss 0.8494 Acc 0.9106 AUC 0.9864 Pre 0.9112 Rec 0.9106
2026-09-02 17:39:32 | Epoch  14/100 | Train Loss 0.6990 Acc 0.9173 | Val Loss 0.8558 Acc 0.9101 AUC 0.9865 Pre 0.9108 Rec 0.9101
2026-09-02 17:39:32 |   Val AUC improved to 0.9865, model saved
2026-09-02 17:39:58 | Epoch  15/100 | Train Loss 0.6464 Acc 0.9206 | Val Loss 0.7640 Acc 0.9097 AUC 0.9873 Pre 0.9123 Rec 0.9097
2026-09-02 17:39:58 |   Val AUC improved to 0.9873, model saved
2026-09-02 17:40:27 | Epoch  16/100 | Train Loss 0.6286 Acc 0.9207 | Val Loss 0.7951 Acc 0.9106 AUC 0.9872 Pre 0.9139 Rec 0.9106
2026-09-02 17:40:56 | Epoch  17/100 | Train Loss 0.6144 Acc 0.9211 | Val Loss 0.8470 Acc 0.9019 AUC 0.9857 Pre 0.9046 Rec 0.9019
2026-09-02 17:41:25 | Epoch  18/100 | Train Loss 0.6168 Acc 0.9161 | Val Loss 0.8451 Acc 0.9035 AUC 0.9859 Pre 0.9069 Rec 0.9035
2026-09-02 17:41:54 | Epoch  19/100 | Train Loss 0.5652 Acc 0.9231 | Val Loss 0.7209 Acc 0.9134 AUC 0.9873 Pre 0.9152 Rec 0.9134
2026-09-02 17:42:22 | Epoch  20/100 | Train Loss 0.5083 Acc 0.9262 | Val Loss 0.7074 Acc 0.9154 AUC 0.9873 Pre 0.9164 Rec 0.9154
2026-09-02 17:42:22 |   Val AUC improved to 0.9873, model saved
2026-09-02 17:42:51 | Epoch  21/100 | Train Loss 0.4683 Acc 0.9313 | Val Loss 0.7204 Acc 0.9130 AUC 0.9880 Pre 0.9160 Rec 0.9130
2026-09-02 17:42:51 |   Val AUC improved to 0.9880, model saved
2026-09-02 17:43:20 | Epoch  22/100 | Train Loss 0.4504 Acc 0.9303 | Val Loss 0.6771 Acc 0.9083 AUC 0.9861 Pre 0.9099 Rec 0.9083
2026-09-02 17:43:49 | Epoch  23/100 | Train Loss 0.4250 Acc 0.9330 | Val Loss 0.8250 Acc 0.9162 AUC 0.9870 Pre 0.9175 Rec 0.9162
2026-09-02 17:44:17 | Epoch  24/100 | Train Loss 0.4320 Acc 0.9307 | Val Loss 0.8191 Acc 0.9193 AUC 0.9875 Pre 0.9214 Rec 0.9193
2026-09-02 17:44:45 | Epoch  25/100 | Train Loss 0.3982 Acc 0.9340 | Val Loss 0.7773 Acc 0.9175 AUC 0.9877 Pre 0.9197 Rec 0.9175
2026-09-02 17:45:13 | Epoch  26/100 | Train Loss 0.3370 Acc 0.9415 | Val Loss 0.9276 Acc 0.9174 AUC 0.9875 Pre 0.9209 Rec 0.9174
2026-09-02 17:45:37 | Epoch  27/100 | Train Loss 0.3315 Acc 0.9413 | Val Loss 0.8162 Acc 0.9133 AUC 0.9873 Pre 0.9173 Rec 0.9133
2026-09-02 17:46:08 | Epoch  28/100 | Train Loss 0.3138 Acc 0.9437 | Val Loss 0.8146 Acc 0.9118 AUC 0.9872 Pre 0.9165 Rec 0.9118
2026-09-02 17:46:37 | Epoch  29/100 | Train Loss 0.2869 Acc 0.9471 | Val Loss 1.0697 Acc 0.9192 AUC 0.9864 Pre 0.9222 Rec 0.9192
2026-09-02 17:47:05 | Epoch  30/100 | Train Loss 0.2917 Acc 0.9454 | Val Loss 0.7358 Acc 0.9126 AUC 0.9868 Pre 0.9178 Rec 0.9126
2026-09-02 17:47:35 | Epoch  31/100 | Train Loss 0.2893 Acc 0.9437 | Val Loss 0.7169 Acc 0.9038 AUC 0.9848 Pre 0.9097 Rec 0.9038
2026-09-02 17:47:35 | Val AUC did not improve for 10 consecutive epochs, early stopping at Epoch 31 (best AUC 0.9880 @ Epoch 21)
2026-09-02 17:47:41 | Run 1/5 | Test (best model @ Epoch 21) | Loss 0.7170 Acc 0.9150 AUC 0.9886 Pre 0.9176 Rec 0.9150
2026-09-02 17:47:41 | ===== Run 2/5 (seed 1) =====
2026-09-02 17:48:08 | Epoch   1/100 | Train Loss 3.4167 Acc 0.7550 | Val Loss 1.4634 Acc 0.8816 AUC 0.9713 Pre 0.8823 Rec 0.8816
2026-09-02 17:48:08 |   Val AUC improved to 0.9713, model saved
2026-09-02 17:48:35 | Epoch   2/100 | Train Loss 1.5114 Acc 0.8586 | Val Loss 1.3084 Acc 0.8946 AUC 0.9764 Pre 0.8941 Rec 0.8946
2026-09-02 17:48:35 |   Val AUC improved to 0.9764, model saved
2026-09-02 17:49:02 | Epoch   3/100 | Train Loss 1.3482 Acc 0.8756 | Val Loss 1.2370 Acc 0.8928 AUC 0.9797 Pre 0.8976 Rec 0.8928
2026-09-02 17:49:02 |   Val AUC improved to 0.9797, model saved
2026-09-02 17:49:30 | Epoch   4/100 | Train Loss 1.2564 Acc 0.8854 | Val Loss 1.1276 Acc 0.9038 AUC 0.9833 Pre 0.9036 Rec 0.9038
2026-09-02 17:49:30 |   Val AUC improved to 0.9833, model saved
2026-09-02 17:49:57 | Epoch   5/100 | Train Loss 1.1938 Acc 0.8904 | Val Loss 1.1099 Acc 0.9036 AUC 0.9845 Pre 0.9044 Rec 0.9036
2026-09-02 17:49:58 |   Val AUC improved to 0.9845, model saved
2026-09-02 17:50:24 | Epoch   6/100 | Train Loss 1.1250 Acc 0.8954 | Val Loss 1.0693 Acc 0.9104 AUC 0.9836 Pre 0.9111 Rec 0.9104
2026-09-02 17:50:48 | Epoch   7/100 | Train Loss 1.0701 Acc 0.8973 | Val Loss 1.0229 Acc 0.9087 AUC 0.9846 Pre 0.9084 Rec 0.9087
2026-09-02 17:50:48 |   Val AUC improved to 0.9846, model saved
2026-09-02 17:51:13 | Epoch   8/100 | Train Loss 1.0260 Acc 0.9027 | Val Loss 0.9492 Acc 0.9092 AUC 0.9866 Pre 0.9132 Rec 0.9092
2026-09-02 17:51:13 |   Val AUC improved to 0.9866, model saved
2026-09-02 17:51:39 | Epoch   9/100 | Train Loss 0.9411 Acc 0.9075 | Val Loss 0.9649 Acc 0.9090 AUC 0.9860 Pre 0.9129 Rec 0.9090
2026-09-02 17:52:06 | Epoch  10/100 | Train Loss 0.9068 Acc 0.9069 | Val Loss 0.9487 Acc 0.9071 AUC 0.9856 Pre 0.9075 Rec 0.9071
2026-09-02 17:52:34 | Epoch  11/100 | Train Loss 0.8471 Acc 0.9136 | Val Loss 0.9117 Acc 0.9118 AUC 0.9871 Pre 0.9139 Rec 0.9118
2026-09-02 17:52:34 |   Val AUC improved to 0.9871, model saved
2026-09-02 17:53:01 | Epoch  12/100 | Train Loss 0.8185 Acc 0.9114 | Val Loss 0.9001 Acc 0.9107 AUC 0.9864 Pre 0.9112 Rec 0.9107
2026-09-02 17:53:30 | Epoch  13/100 | Train Loss 0.7572 Acc 0.9150 | Val Loss 0.8862 Acc 0.9092 AUC 0.9864 Pre 0.9111 Rec 0.9092
2026-09-02 17:53:58 | Epoch  14/100 | Train Loss 0.7037 Acc 0.9189 | Val Loss 0.8304 Acc 0.9096 AUC 0.9869 Pre 0.9105 Rec 0.9096
2026-09-02 17:54:26 | Epoch  15/100 | Train Loss 0.6633 Acc 0.9182 | Val Loss 0.7868 Acc 0.9132 AUC 0.9874 Pre 0.9157 Rec 0.9132
2026-09-02 17:54:26 |   Val AUC improved to 0.9874, model saved
2026-09-02 17:54:53 | Epoch  16/100 | Train Loss 0.6484 Acc 0.9191 | Val Loss 0.7670 Acc 0.9091 AUC 0.9870 Pre 0.9120 Rec 0.9091
2026-09-02 17:55:21 | Epoch  17/100 | Train Loss 0.6308 Acc 0.9196 | Val Loss 0.7652 Acc 0.9078 AUC 0.9872 Pre 0.9113 Rec 0.9078
2026-09-02 17:55:49 | Epoch  18/100 | Train Loss 0.5735 Acc 0.9245 | Val Loss 0.8384 Acc 0.9038 AUC 0.9860 Pre 0.9084 Rec 0.9038
2026-09-02 17:56:17 | Epoch  19/100 | Train Loss 0.5427 Acc 0.9221 | Val Loss 0.7750 Acc 0.9184 AUC 0.9880 Pre 0.9195 Rec 0.9184
2026-09-02 17:56:17 |   Val AUC improved to 0.9880, model saved
2026-09-02 17:56:45 | Epoch  20/100 | Train Loss 0.5254 Acc 0.9247 | Val Loss 0.7133 Acc 0.9147 AUC 0.9874 Pre 0.9145 Rec 0.9147
2026-09-02 17:57:13 | Epoch  21/100 | Train Loss 0.4801 Acc 0.9281 | Val Loss 0.7667 Acc 0.9205 AUC 0.9880 Pre 0.9208 Rec 0.9205
2026-09-02 17:57:41 | Epoch  22/100 | Train Loss 0.4471 Acc 0.9309 | Val Loss 0.7768 Acc 0.9178 AUC 0.9877 Pre 0.9199 Rec 0.9178
2026-09-02 17:58:09 | Epoch  23/100 | Train Loss 0.4093 Acc 0.9335 | Val Loss 0.8518 Acc 0.9164 AUC 0.9865 Pre 0.9173 Rec 0.9164
2026-09-02 17:58:38 | Epoch  24/100 | Train Loss 0.4160 Acc 0.9291 | Val Loss 0.6971 Acc 0.9147 AUC 0.9865 Pre 0.9157 Rec 0.9147
2026-09-02 17:59:06 | Epoch  25/100 | Train Loss 0.4047 Acc 0.9317 | Val Loss 0.7127 Acc 0.9114 AUC 0.9880 Pre 0.9161 Rec 0.9114
2026-09-02 17:59:06 |   Val AUC improved to 0.9880, model saved
2026-09-02 17:59:33 | Epoch  26/100 | Train Loss 0.3862 Acc 0.9348 | Val Loss 0.7364 Acc 0.9178 AUC 0.9879 Pre 0.9198 Rec 0.9178
2026-09-02 18:00:02 | Epoch  27/100 | Train Loss 0.3540 Acc 0.9373 | Val Loss 0.8090 Acc 0.9111 AUC 0.9870 Pre 0.9156 Rec 0.9111
2026-09-02 18:00:31 | Epoch  28/100 | Train Loss 0.3898 Acc 0.9315 | Val Loss 0.7289 Acc 0.9097 AUC 0.9880 Pre 0.9151 Rec 0.9097
2026-09-02 18:00:59 | Epoch  29/100 | Train Loss 0.3338 Acc 0.9371 | Val Loss 0.7421 Acc 0.9185 AUC 0.9878 Pre 0.9213 Rec 0.9185
2026-09-02 18:01:28 | Epoch  30/100 | Train Loss 0.3075 Acc 0.9417 | Val Loss 0.7540 Acc 0.9192 AUC 0.9882 Pre 0.9220 Rec 0.9192
2026-09-02 18:01:28 |   Val AUC improved to 0.9882, model saved
2026-09-02 18:01:56 | Epoch  31/100 | Train Loss 0.2781 Acc 0.9448 | Val Loss 0.8583 Acc 0.9123 AUC 0.9867 Pre 0.9169 Rec 0.9123
2026-09-02 18:02:25 | Epoch  32/100 | Train Loss 0.3053 Acc 0.9404 | Val Loss 0.8595 Acc 0.9121 AUC 0.9871 Pre 0.9184 Rec 0.9121
2026-09-02 18:02:54 | Epoch  33/100 | Train Loss 0.2593 Acc 0.9471 | Val Loss 0.8074 Acc 0.9182 AUC 0.9879 Pre 0.9224 Rec 0.9182
2026-09-02 18:03:22 | Epoch  34/100 | Train Loss 0.2498 Acc 0.9479 | Val Loss 0.7567 Acc 0.9172 AUC 0.9873 Pre 0.9199 Rec 0.9172
2026-09-02 18:03:50 | Epoch  35/100 | Train Loss 0.2515 Acc 0.9481 | Val Loss 0.8607 Acc 0.9179 AUC 0.9871 Pre 0.9213 Rec 0.9179
2026-09-02 18:04:19 | Epoch  36/100 | Train Loss 0.2195 Acc 0.9527 | Val Loss 0.9191 Acc 0.9233 AUC 0.9873 Pre 0.9254 Rec 0.9233
2026-09-02 18:04:46 | Epoch  37/100 | Train Loss 0.2288 Acc 0.9519 | Val Loss 0.8717 Acc 0.9155 AUC 0.9875 Pre 0.9218 Rec 0.9155
2026-09-02 18:05:12 | Epoch  38/100 | Train Loss 0.2106 Acc 0.9546 | Val Loss 0.8576 Acc 0.9187 AUC 0.9871 Pre 0.9220 Rec 0.9187
2026-09-02 18:05:40 | Epoch  39/100 | Train Loss 0.2128 Acc 0.9545 | Val Loss 0.8258 Acc 0.9169 AUC 0.9869 Pre 0.9214 Rec 0.9169
2026-09-02 18:06:06 | Epoch  40/100 | Train Loss 0.1968 Acc 0.9573 | Val Loss 0.8204 Acc 0.9201 AUC 0.9868 Pre 0.9214 Rec 0.9201
2026-09-02 18:06:06 | Val AUC did not improve for 10 consecutive epochs, early stopping at Epoch 40 (best AUC 0.9882 @ Epoch 30)
2026-09-02 18:06:11 | Run 2/5 | Test (best model @ Epoch 30) | Loss 0.6988 Acc 0.9215 AUC 0.9891 Pre 0.9240 Rec 0.9215
2026-09-02 18:06:11 | ===== Run 3/5 (seed 2) =====
2026-09-02 18:06:38 | Epoch   1/100 | Train Loss 3.5252 Acc 0.7492 | Val Loss 1.4825 Acc 0.8725 AUC 0.9704 Pre 0.8748 Rec 0.8725
2026-09-02 18:06:38 |   Val AUC improved to 0.9704, model saved
2026-09-02 18:07:04 | Epoch   2/100 | Train Loss 1.5263 Acc 0.8556 | Val Loss 1.3030 Acc 0.8907 AUC 0.9765 Pre 0.8932 Rec 0.8907
2026-09-02 18:07:04 |   Val AUC improved to 0.9765, model saved
2026-09-02 18:07:28 | Epoch   3/100 | Train Loss 1.3633 Acc 0.8773 | Val Loss 1.2802 Acc 0.8919 AUC 0.9783 Pre 0.8966 Rec 0.8919
2026-09-02 18:07:28 |   Val AUC improved to 0.9783, model saved
2026-09-02 18:07:54 | Epoch   4/100 | Train Loss 1.2881 Acc 0.8823 | Val Loss 1.1753 Acc 0.9014 AUC 0.9811 Pre 0.9035 Rec 0.9014
2026-09-02 18:07:54 |   Val AUC improved to 0.9811, model saved
2026-09-02 18:08:20 | Epoch   5/100 | Train Loss 1.2207 Acc 0.8885 | Val Loss 1.1359 Acc 0.9054 AUC 0.9824 Pre 0.9050 Rec 0.9054
2026-09-02 18:08:20 |   Val AUC improved to 0.9824, model saved
2026-09-02 18:08:45 | Epoch   6/100 | Train Loss 1.1448 Acc 0.8963 | Val Loss 1.0807 Acc 0.9079 AUC 0.9841 Pre 0.9098 Rec 0.9079
2026-09-02 18:08:45 |   Val AUC improved to 0.9841, model saved
2026-09-02 18:09:12 | Epoch   7/100 | Train Loss 1.0890 Acc 0.8977 | Val Loss 1.0787 Acc 0.9026 AUC 0.9834 Pre 0.9067 Rec 0.9026
2026-09-02 18:09:39 | Epoch   8/100 | Train Loss 1.0221 Acc 0.9017 | Val Loss 0.9966 Acc 0.9029 AUC 0.9848 Pre 0.9036 Rec 0.9029
2026-09-02 18:09:39 |   Val AUC improved to 0.9848, model saved
2026-09-02 18:10:06 | Epoch   9/100 | Train Loss 0.9663 Acc 0.9050 | Val Loss 0.9997 Acc 0.8998 AUC 0.9845 Pre 0.9034 Rec 0.8998
2026-09-02 18:10:34 | Epoch  10/100 | Train Loss 0.9236 Acc 0.9052 | Val Loss 0.9319 Acc 0.9086 AUC 0.9861 Pre 0.9105 Rec 0.9086
2026-09-02 18:10:34 |   Val AUC improved to 0.9861, model saved
2026-09-02 18:11:03 | Epoch  11/100 | Train Loss 0.8821 Acc 0.9097 | Val Loss 0.9228 Acc 0.9007 AUC 0.9851 Pre 0.9053 Rec 0.9007
2026-09-02 18:11:31 | Epoch  12/100 | Train Loss 0.8180 Acc 0.9105 | Val Loss 0.8921 Acc 0.9055 AUC 0.9865 Pre 0.9078 Rec 0.9055
2026-09-02 18:11:31 |   Val AUC improved to 0.9865, model saved
2026-09-02 18:12:00 | Epoch  13/100 | Train Loss 0.8072 Acc 0.9087 | Val Loss 0.9192 Acc 0.9058 AUC 0.9853 Pre 0.9084 Rec 0.9058
2026-09-02 18:12:29 | Epoch  14/100 | Train Loss 0.7657 Acc 0.9140 | Val Loss 0.8302 Acc 0.9097 AUC 0.9862 Pre 0.9130 Rec 0.9097
2026-09-02 18:12:58 | Epoch  15/100 | Train Loss 0.7203 Acc 0.9142 | Val Loss 0.9002 Acc 0.8957 AUC 0.9838 Pre 0.9002 Rec 0.8957
2026-09-02 18:13:27 | Epoch  16/100 | Train Loss 0.6958 Acc 0.9149 | Val Loss 0.8423 Acc 0.8999 AUC 0.9848 Pre 0.9032 Rec 0.8999
2026-09-02 18:13:55 | Epoch  17/100 | Train Loss 0.6593 Acc 0.9167 | Val Loss 0.8097 Acc 0.9110 AUC 0.9854 Pre 0.9122 Rec 0.9110
2026-09-02 18:14:20 | Epoch  18/100 | Train Loss 0.6400 Acc 0.9195 | Val Loss 0.7404 Acc 0.9107 AUC 0.9870 Pre 0.9123 Rec 0.9107
2026-09-02 18:14:20 |   Val AUC improved to 0.9870, model saved
2026-09-02 18:14:49 | Epoch  19/100 | Train Loss 0.5919 Acc 0.9193 | Val Loss 0.7784 Acc 0.9079 AUC 0.9853 Pre 0.9095 Rec 0.9079
2026-09-02 18:15:17 | Epoch  20/100 | Train Loss 0.5983 Acc 0.9195 | Val Loss 0.7625 Acc 0.9037 AUC 0.9855 Pre 0.9048 Rec 0.9037
2026-09-02 18:15:46 | Epoch  21/100 | Train Loss 0.5305 Acc 0.9231 | Val Loss 0.7421 Acc 0.9031 AUC 0.9859 Pre 0.9054 Rec 0.9031
2026-09-02 18:16:14 | Epoch  22/100 | Train Loss 0.4845 Acc 0.9274 | Val Loss 0.7708 Acc 0.9141 AUC 0.9869 Pre 0.9149 Rec 0.9141
2026-09-02 18:16:41 | Epoch  23/100 | Train Loss 0.4626 Acc 0.9280 | Val Loss 0.6716 Acc 0.9129 AUC 0.9872 Pre 0.9148 Rec 0.9129
2026-09-02 18:16:41 |   Val AUC improved to 0.9872, model saved
2026-09-02 18:17:09 | Epoch  24/100 | Train Loss 0.4512 Acc 0.9272 | Val Loss 0.6831 Acc 0.9120 AUC 0.9861 Pre 0.9127 Rec 0.9120
2026-09-02 18:17:38 | Epoch  25/100 | Train Loss 0.4910 Acc 0.9226 | Val Loss 0.7224 Acc 0.8991 AUC 0.9852 Pre 0.9008 Rec 0.8991
2026-09-02 18:18:06 | Epoch  26/100 | Train Loss 0.4224 Acc 0.9282 | Val Loss 0.7579 Acc 0.9116 AUC 0.9873 Pre 0.9153 Rec 0.9116
2026-09-02 18:18:06 |   Val AUC improved to 0.9873, model saved
2026-09-02 18:18:34 | Epoch  27/100 | Train Loss 0.3857 Acc 0.9327 | Val Loss 0.7086 Acc 0.9149 AUC 0.9878 Pre 0.9178 Rec 0.9149
2026-09-02 18:18:34 |   Val AUC improved to 0.9878, model saved
2026-09-02 18:19:02 | Epoch  28/100 | Train Loss 0.4031 Acc 0.9296 | Val Loss 0.6888 Acc 0.9118 AUC 0.9876 Pre 0.9170 Rec 0.9118
2026-09-02 18:19:31 | Epoch  29/100 | Train Loss 0.3617 Acc 0.9356 | Val Loss 0.6505 Acc 0.9181 AUC 0.9882 Pre 0.9212 Rec 0.9181
2026-09-02 18:19:31 |   Val AUC improved to 0.9882, model saved
2026-09-02 18:19:59 | Epoch  30/100 | Train Loss 0.3385 Acc 0.9373 | Val Loss 0.7803 Acc 0.9202 AUC 0.9877 Pre 0.9219 Rec 0.9202
2026-09-02 18:20:25 | Epoch  31/100 | Train Loss 0.3172 Acc 0.9399 | Val Loss 0.7288 Acc 0.9096 AUC 0.9872 Pre 0.9142 Rec 0.9096
2026-09-02 18:20:50 | Epoch  32/100 | Train Loss 0.3023 Acc 0.9399 | Val Loss 0.7484 Acc 0.9167 AUC 0.9871 Pre 0.9197 Rec 0.9167
2026-09-02 18:21:17 | Epoch  33/100 | Train Loss 0.2826 Acc 0.9422 | Val Loss 0.8922 Acc 0.9182 AUC 0.9871 Pre 0.9213 Rec 0.9182
2026-09-02 18:21:44 | Epoch  34/100 | Train Loss 0.2833 Acc 0.9401 | Val Loss 0.6355 Acc 0.9149 AUC 0.9876 Pre 0.9180 Rec 0.9149
2026-09-02 18:22:09 | Epoch  35/100 | Train Loss 0.2475 Acc 0.9471 | Val Loss 0.8083 Acc 0.9123 AUC 0.9870 Pre 0.9175 Rec 0.9123
2026-09-02 18:22:33 | Epoch  36/100 | Train Loss 0.2463 Acc 0.9479 | Val Loss 0.7396 Acc 0.9215 AUC 0.9877 Pre 0.9240 Rec 0.9215
2026-09-02 18:22:57 | Epoch  37/100 | Train Loss 0.2400 Acc 0.9476 | Val Loss 0.8125 Acc 0.9141 AUC 0.9870 Pre 0.9192 Rec 0.9141
2026-09-02 18:23:24 | Epoch  38/100 | Train Loss 0.2123 Acc 0.9519 | Val Loss 0.9991 Acc 0.9209 AUC 0.9862 Pre 0.9227 Rec 0.9209
2026-09-02 18:23:48 | Epoch  39/100 | Train Loss 0.2066 Acc 0.9537 | Val Loss 0.8865 Acc 0.9153 AUC 0.9867 Pre 0.9194 Rec 0.9153
2026-09-02 18:23:48 | Val AUC did not improve for 10 consecutive epochs, early stopping at Epoch 39 (best AUC 0.9882 @ Epoch 29)
2026-09-02 18:23:54 | Run 3/5 | Test (best model @ Epoch 29) | Loss 0.6307 Acc 0.9210 AUC 0.9890 Pre 0.9235 Rec 0.9210
2026-09-02 18:23:54 | ===== Run 4/5 (seed 3) =====
2026-09-02 18:24:18 | Epoch   1/100 | Train Loss 3.2906 Acc 0.7621 | Val Loss 1.4629 Acc 0.8765 AUC 0.9736 Pre 0.8785 Rec 0.8765
2026-09-02 18:24:19 |   Val AUC improved to 0.9736, model saved
2026-09-02 18:24:43 | Epoch   2/100 | Train Loss 1.5087 Acc 0.8580 | Val Loss 1.3025 Acc 0.8915 AUC 0.9766 Pre 0.8907 Rec 0.8915
2026-09-02 18:24:43 |   Val AUC improved to 0.9766, model saved
2026-09-02 18:25:07 | Epoch   3/100 | Train Loss 1.3460 Acc 0.8763 | Val Loss 1.2429 Acc 0.8973 AUC 0.9797 Pre 0.8998 Rec 0.8973
2026-09-02 18:25:07 |   Val AUC improved to 0.9797, model saved
2026-09-02 18:25:35 | Epoch   4/100 | Train Loss 1.2627 Acc 0.8852 | Val Loss 1.1561 Acc 0.9045 AUC 0.9811 Pre 0.9050 Rec 0.9045
2026-09-02 18:25:35 |   Val AUC improved to 0.9811, model saved
2026-09-02 18:26:04 | Epoch   5/100 | Train Loss 1.1845 Acc 0.8913 | Val Loss 1.1133 Acc 0.9005 AUC 0.9824 Pre 0.9002 Rec 0.9005
2026-09-02 18:26:04 |   Val AUC improved to 0.9824, model saved
2026-09-02 18:26:32 | Epoch   6/100 | Train Loss 1.1336 Acc 0.8961 | Val Loss 1.0541 Acc 0.9046 AUC 0.9844 Pre 0.9061 Rec 0.9046
2026-09-02 18:26:32 |   Val AUC improved to 0.9844, model saved
2026-09-02 18:27:01 | Epoch   7/100 | Train Loss 1.0647 Acc 0.8984 | Val Loss 1.0820 Acc 0.8948 AUC 0.9833 Pre 0.8964 Rec 0.8948
2026-09-02 18:27:30 | Epoch   8/100 | Train Loss 0.9931 Acc 0.9052 | Val Loss 1.0065 Acc 0.9000 AUC 0.9849 Pre 0.9041 Rec 0.9000
2026-09-02 18:27:30 |   Val AUC improved to 0.9849, model saved
2026-09-02 18:27:58 | Epoch   9/100 | Train Loss 0.9546 Acc 0.9060 | Val Loss 0.8944 Acc 0.9163 AUC 0.9871 Pre 0.9165 Rec 0.9163
2026-09-02 18:27:58 |   Val AUC improved to 0.9871, model saved
2026-09-02 18:28:27 | Epoch  10/100 | Train Loss 0.8961 Acc 0.9086 | Val Loss 0.9357 Acc 0.9052 AUC 0.9843 Pre 0.9062 Rec 0.9052
2026-09-02 18:28:56 | Epoch  11/100 | Train Loss 0.8377 Acc 0.9135 | Val Loss 0.8852 Acc 0.9037 AUC 0.9861 Pre 0.9052 Rec 0.9037
2026-09-02 18:29:25 | Epoch  12/100 | Train Loss 0.7897 Acc 0.9134 | Val Loss 0.8594 Acc 0.9089 AUC 0.9864 Pre 0.9099 Rec 0.9089
2026-09-02 18:29:53 | Epoch  13/100 | Train Loss 0.7513 Acc 0.9140 | Val Loss 0.8605 Acc 0.9015 AUC 0.9864 Pre 0.9053 Rec 0.9015
2026-09-02 18:30:19 | Epoch  14/100 | Train Loss 0.7218 Acc 0.9132 | Val Loss 0.8617 Acc 0.9014 AUC 0.9849 Pre 0.9041 Rec 0.9014
2026-09-02 18:30:46 | Epoch  15/100 | Train Loss 0.6797 Acc 0.9185 | Val Loss 0.8044 Acc 0.9041 AUC 0.9853 Pre 0.9046 Rec 0.9041
2026-09-02 18:31:14 | Epoch  16/100 | Train Loss 0.6903 Acc 0.9149 | Val Loss 0.7955 Acc 0.9042 AUC 0.9867 Pre 0.9078 Rec 0.9042
2026-09-02 18:31:42 | Epoch  17/100 | Train Loss 0.6044 Acc 0.9217 | Val Loss 0.7286 Acc 0.9102 AUC 0.9865 Pre 0.9110 Rec 0.9102
2026-09-02 18:32:10 | Epoch  18/100 | Train Loss 0.5681 Acc 0.9231 | Val Loss 0.8225 Acc 0.9081 AUC 0.9865 Pre 0.9094 Rec 0.9081
2026-09-02 18:32:38 | Epoch  19/100 | Train Loss 0.5293 Acc 0.9248 | Val Loss 0.7732 Acc 0.9078 AUC 0.9859 Pre 0.9089 Rec 0.9078
2026-09-02 18:32:38 | Val AUC did not improve for 10 consecutive epochs, early stopping at Epoch 19 (best AUC 0.9871 @ Epoch 9)
2026-09-02 18:32:43 | Run 4/5 | Test (best model @ Epoch 9) | Loss 0.8846 Acc 0.9186 AUC 0.9878 Pre 0.9186 Rec 0.9186
2026-09-02 18:32:43 | ===== Run 5/5 (seed 4) =====
2026-09-02 18:33:12 | Epoch   1/100 | Train Loss 3.5405 Acc 0.7634 | Val Loss 1.3981 Acc 0.8867 AUC 0.9747 Pre 0.8877 Rec 0.8867
2026-09-02 18:33:12 |   Val AUC improved to 0.9747, model saved
2026-09-02 18:33:38 | Epoch   2/100 | Train Loss 1.5031 Acc 0.8583 | Val Loss 1.3247 Acc 0.8869 AUC 0.9777 Pre 0.8888 Rec 0.8869
2026-09-02 18:33:38 |   Val AUC improved to 0.9777, model saved
2026-09-02 18:34:06 | Epoch   3/100 | Train Loss 1.3400 Acc 0.8780 | Val Loss 1.2068 Acc 0.9020 AUC 0.9819 Pre 0.9029 Rec 0.9020
2026-09-02 18:34:06 |   Val AUC improved to 0.9819, model saved
2026-09-02 18:34:36 | Epoch   4/100 | Train Loss 1.2559 Acc 0.8879 | Val Loss 1.1542 Acc 0.9049 AUC 0.9825 Pre 0.9063 Rec 0.9049
2026-09-02 18:34:36 |   Val AUC improved to 0.9825, model saved
2026-09-02 18:35:05 | Epoch   5/100 | Train Loss 1.1735 Acc 0.8927 | Val Loss 1.0749 Acc 0.9080 AUC 0.9845 Pre 0.9078 Rec 0.9080
2026-09-02 18:35:05 |   Val AUC improved to 0.9845, model saved
2026-09-02 18:35:34 | Epoch   6/100 | Train Loss 1.1153 Acc 0.8971 | Val Loss 1.0508 Acc 0.9089 AUC 0.9856 Pre 0.9097 Rec 0.9089
2026-09-02 18:35:34 |   Val AUC improved to 0.9856, model saved
2026-09-02 18:36:03 | Epoch   7/100 | Train Loss 1.0409 Acc 0.9035 | Val Loss 1.0360 Acc 0.9067 AUC 0.9850 Pre 0.9087 Rec 0.9067
2026-09-02 18:36:30 | Epoch   8/100 | Train Loss 1.0201 Acc 0.9057 | Val Loss 1.0495 Acc 0.9047 AUC 0.9857 Pre 0.9080 Rec 0.9047
2026-09-02 18:36:30 |   Val AUC improved to 0.9857, model saved
2026-09-02 18:36:56 | Epoch   9/100 | Train Loss 0.9570 Acc 0.9106 | Val Loss 0.9505 Acc 0.9125 AUC 0.9863 Pre 0.9151 Rec 0.9125
2026-09-02 18:36:56 |   Val AUC improved to 0.9863, model saved
2026-09-02 18:37:21 | Epoch  10/100 | Train Loss 0.9049 Acc 0.9107 | Val Loss 1.0377 Acc 0.8789 AUC 0.9811 Pre 0.8848 Rec 0.8789
2026-09-02 18:37:46 | Epoch  11/100 | Train Loss 0.8657 Acc 0.9115 | Val Loss 0.8844 Acc 0.9125 AUC 0.9863 Pre 0.9139 Rec 0.9125
2026-09-02 18:37:46 |   Val AUC improved to 0.9863, model saved
2026-09-02 18:38:11 | Epoch  12/100 | Train Loss 0.7876 Acc 0.9156 | Val Loss 0.8973 Acc 0.9152 AUC 0.9854 Pre 0.9155 Rec 0.9152
2026-09-02 18:38:38 | Epoch  13/100 | Train Loss 0.7535 Acc 0.9170 | Val Loss 0.9115 Acc 0.8957 AUC 0.9838 Pre 0.8981 Rec 0.8957
2026-09-02 18:39:05 | Epoch  14/100 | Train Loss 0.7227 Acc 0.9177 | Val Loss 0.8298 Acc 0.9082 AUC 0.9860 Pre 0.9098 Rec 0.9082
2026-09-02 18:39:33 | Epoch  15/100 | Train Loss 0.7190 Acc 0.9154 | Val Loss 0.8401 Acc 0.9112 AUC 0.9873 Pre 0.9128 Rec 0.9112
2026-09-02 18:39:33 |   Val AUC improved to 0.9873, model saved
2026-09-02 18:40:00 | Epoch  16/100 | Train Loss 0.6329 Acc 0.9225 | Val Loss 0.9339 Acc 0.9071 AUC 0.9857 Pre 0.9078 Rec 0.9071
2026-09-02 18:40:27 | Epoch  17/100 | Train Loss 0.6585 Acc 0.9172 | Val Loss 0.7699 Acc 0.9168 AUC 0.9873 Pre 0.9186 Rec 0.9168
2026-09-02 18:40:27 |   Val AUC improved to 0.9873, model saved
2026-09-02 18:40:54 | Epoch  18/100 | Train Loss 0.6238 Acc 0.9228 | Val Loss 0.8308 Acc 0.9063 AUC 0.9853 Pre 0.9089 Rec 0.9063
2026-09-02 18:41:20 | Epoch  19/100 | Train Loss 0.5587 Acc 0.9275 | Val Loss 0.7995 Acc 0.9181 AUC 0.9874 Pre 0.9188 Rec 0.9181
2026-09-02 18:41:20 |   Val AUC improved to 0.9874, model saved
2026-09-02 18:41:46 | Epoch  20/100 | Train Loss 0.5161 Acc 0.9293 | Val Loss 0.8040 Acc 0.9200 AUC 0.9867 Pre 0.9195 Rec 0.9200
2026-09-02 18:42:14 | Epoch  21/100 | Train Loss 0.4563 Acc 0.9324 | Val Loss 0.7247 Acc 0.9206 AUC 0.9879 Pre 0.9216 Rec 0.9206
2026-09-02 18:42:14 |   Val AUC improved to 0.9879, model saved
2026-09-02 18:42:42 | Epoch  22/100 | Train Loss 0.5053 Acc 0.9237 | Val Loss 0.7430 Acc 0.9119 AUC 0.9878 Pre 0.9169 Rec 0.9119
2026-09-02 18:43:12 | Epoch  23/100 | Train Loss 0.4344 Acc 0.9310 | Val Loss 0.7838 Acc 0.8979 AUC 0.9862 Pre 0.9049 Rec 0.8979
2026-09-02 18:43:40 | Epoch  24/100 | Train Loss 0.4025 Acc 0.9326 | Val Loss 0.7325 Acc 0.9158 AUC 0.9879 Pre 0.9191 Rec 0.9158
2026-09-02 18:43:40 |   Val AUC improved to 0.9879, model saved
2026-09-02 18:44:09 | Epoch  25/100 | Train Loss 0.3847 Acc 0.9354 | Val Loss 0.8568 Acc 0.9149 AUC 0.9874 Pre 0.9179 Rec 0.9149
2026-09-02 18:44:35 | Epoch  26/100 | Train Loss 0.4017 Acc 0.9333 | Val Loss 0.7402 Acc 0.9148 AUC 0.9867 Pre 0.9160 Rec 0.9148
2026-09-02 18:44:58 | Epoch  27/100 | Train Loss 0.3916 Acc 0.9347 | Val Loss 0.7690 Acc 0.9159 AUC 0.9875 Pre 0.9200 Rec 0.9159
2026-09-02 18:45:27 | Epoch  28/100 | Train Loss 0.3362 Acc 0.9384 | Val Loss 0.7489 Acc 0.9170 AUC 0.9877 Pre 0.9206 Rec 0.9170
2026-09-02 18:45:55 | Epoch  29/100 | Train Loss 0.2994 Acc 0.9460 | Val Loss 0.8867 Acc 0.9191 AUC 0.9868 Pre 0.9215 Rec 0.9191
2026-09-02 18:46:23 | Epoch  30/100 | Train Loss 0.3056 Acc 0.9440 | Val Loss 0.7970 Acc 0.9091 AUC 0.9870 Pre 0.9167 Rec 0.9091
2026-09-02 18:46:53 | Epoch  31/100 | Train Loss 0.2660 Acc 0.9498 | Val Loss 0.6895 Acc 0.9139 AUC 0.9868 Pre 0.9182 Rec 0.9139
2026-09-02 18:47:21 | Epoch  32/100 | Train Loss 0.2729 Acc 0.9478 | Val Loss 0.8064 Acc 0.9183 AUC 0.9863 Pre 0.9200 Rec 0.9183
2026-09-02 18:47:48 | Epoch  33/100 | Train Loss 0.2425 Acc 0.9536 | Val Loss 0.8395 Acc 0.9174 AUC 0.9870 Pre 0.9208 Rec 0.9174
2026-09-02 18:48:15 | Epoch  34/100 | Train Loss 0.2266 Acc 0.9558 | Val Loss 0.8772 Acc 0.9214 AUC 0.9865 Pre 0.9242 Rec 0.9214
2026-09-02 18:48:15 | Val AUC did not improve for 10 consecutive epochs, early stopping at Epoch 34 (best AUC 0.9879 @ Epoch 24)
2026-09-02 18:48:21 | Run 5/5 | Test (best model @ Epoch 24) | Loss 0.6842 Acc 0.9193 AUC 0.9888 Pre 0.9220 Rec 0.9193
2026-09-02 18:48:21 | Average over 5 runs | Test Loss 0.7231±0.0959 Acc 0.9191±0.0026 AUC 0.9887±0.0005 Pre 0.9211±0.0029 Rec 0.9191±0.0026
