2026-09-01 09:07:44 | Device: cuda
2026-09-01 09:07:44 | Args: {'model': 'opb', 'backbone': 'cnn', 'task': 'agedb', 'epochs': 100, 'batch_size': 512, 'lr': 0.001, 'hidden_dims': [512, 256], 'dropout': 0.2, 'z_dim': 256, 'anchor_scale': 16.0, 'energy_classifier': False, 'max_len': 250, 'random_labels': False, 'beta': 10.0, 'patience': 10, 'runs': 5, 'seed': 0, 'data_dir': './data', 'save_path': 'output/agedb_cnn_opb/agedb_cnn_opb.pt', 'log_path': '/root/autodl-tmp/IB/tune_results/agedb_cnn_opb_beta_10_anchor_16/train.log', 'no_save': True}
2026-09-01 09:07:44 | AgeDB 图像：16488 张，年龄 1~101 岁
2026-09-01 09:07:44 | AgeDB 划分（60/20/20）：train 9892 / val 3298 / test 3298（共 16488 张）
2026-09-01 09:07:44 | AgeDB 预解码缓存命中：./data/agedb/agedb_64x64_uint8.npy
2026-09-01 09:07:44 | AgeDB 加载完成：9892/3298/3298（batch 512，RGB 64x64，ImageNet 归一化），年龄 MinMax 归一化到 [0,1]（1~101 岁）
2026-09-01 09:07:44 | ===== Run 1/5 (seed 0) =====
2026-09-01 09:07:47 | Epoch   1/100 | Train Loss 310.6618 | Val Loss 218.1622 MAE 38.5632 R2 -5.0483
2026-09-01 09:07:47 |   Val R2 improved to -5.0483, model saved
2026-09-01 09:07:49 | Epoch   2/100 | Train Loss 162.6018 | Val Loss 67.6362 MAE 22.0100 R2 -1.4408
2026-09-01 09:07:49 |   Val R2 improved to -1.4408, model saved
2026-09-01 09:07:51 | Epoch   3/100 | Train Loss 91.3466 | Val Loss 41.2214 MAE 12.8462 R2 0.1549
2026-09-01 09:07:51 |   Val R2 improved to 0.1549, model saved
2026-09-01 09:07:52 | Epoch   4/100 | Train Loss 59.8235 | Val Loss 30.8127 MAE 12.6303 R2 0.1453
2026-09-01 09:07:54 | Epoch   5/100 | Train Loss 44.2539 | Val Loss 26.9473 MAE 11.9236 R2 0.2509
2026-09-01 09:07:54 |   Val R2 improved to 0.2509, model saved
2026-09-01 09:07:56 | Epoch   6/100 | Train Loss 36.9359 | Val Loss 24.7342 MAE 11.7098 R2 0.2736
2026-09-01 09:07:56 |   Val R2 improved to 0.2736, model saved
2026-09-01 09:07:58 | Epoch   7/100 | Train Loss 32.9189 | Val Loss 23.7071 MAE 11.3942 R2 0.3127
2026-09-01 09:07:58 |   Val R2 improved to 0.3127, model saved
2026-09-01 09:07:59 | Epoch   8/100 | Train Loss 30.5491 | Val Loss 22.1698 MAE 11.3179 R2 0.3250
2026-09-01 09:07:59 |   Val R2 improved to 0.3250, model saved
2026-09-01 09:08:01 | Epoch   9/100 | Train Loss 29.0634 | Val Loss 23.7571 MAE 11.3420 R2 0.3044
2026-09-01 09:08:02 | Epoch  10/100 | Train Loss 27.5254 | Val Loss 20.7254 MAE 11.0757 R2 0.3555
2026-09-01 09:08:02 |   Val R2 improved to 0.3555, model saved
2026-09-01 09:08:04 | Epoch  11/100 | Train Loss 25.5766 | Val Loss 20.5889 MAE 10.9780 R2 0.3541
2026-09-01 09:08:06 | Epoch  12/100 | Train Loss 24.9602 | Val Loss 19.4979 MAE 10.9281 R2 0.3737
2026-09-01 09:08:06 |   Val R2 improved to 0.3737, model saved
2026-09-01 09:08:07 | Epoch  13/100 | Train Loss 23.6045 | Val Loss 19.3083 MAE 10.9397 R2 0.3599
2026-09-01 09:08:09 | Epoch  14/100 | Train Loss 22.4341 | Val Loss 18.3833 MAE 10.7020 R2 0.3902
2026-09-01 09:08:09 |   Val R2 improved to 0.3902, model saved
2026-09-01 09:08:11 | Epoch  15/100 | Train Loss 21.4308 | Val Loss 18.2231 MAE 10.7465 R2 0.3814
2026-09-01 09:08:12 | Epoch  16/100 | Train Loss 20.9256 | Val Loss 17.7462 MAE 10.6659 R2 0.3973
2026-09-01 09:08:12 |   Val R2 improved to 0.3973, model saved
2026-09-01 09:08:14 | Epoch  17/100 | Train Loss 19.7816 | Val Loss 17.0313 MAE 10.6774 R2 0.3894
2026-09-01 09:08:16 | Epoch  18/100 | Train Loss 18.3019 | Val Loss 16.1264 MAE 10.4870 R2 0.4126
2026-09-01 09:08:16 |   Val R2 improved to 0.4126, model saved
2026-09-01 09:08:17 | Epoch  19/100 | Train Loss 17.3990 | Val Loss 15.7010 MAE 10.4176 R2 0.4198
2026-09-01 09:08:17 |   Val R2 improved to 0.4198, model saved
2026-09-01 09:08:19 | Epoch  20/100 | Train Loss 16.6767 | Val Loss 15.3374 MAE 10.6031 R2 0.4010
2026-09-01 09:08:20 | Epoch  21/100 | Train Loss 15.6561 | Val Loss 15.1622 MAE 10.5819 R2 0.3993
2026-09-01 09:08:22 | Epoch  22/100 | Train Loss 14.8292 | Val Loss 14.4997 MAE 10.5514 R2 0.4136
2026-09-01 09:08:24 | Epoch  23/100 | Train Loss 13.5390 | Val Loss 13.6415 MAE 10.4920 R2 0.4198
2026-09-01 09:08:24 |   Val R2 improved to 0.4198, model saved
2026-09-01 09:08:25 | Epoch  24/100 | Train Loss 12.8830 | Val Loss 13.2743 MAE 10.4510 R2 0.4174
2026-09-01 09:08:27 | Epoch  25/100 | Train Loss 11.9266 | Val Loss 13.5892 MAE 10.6122 R2 0.3910
2026-09-01 09:08:28 | Epoch  26/100 | Train Loss 11.2675 | Val Loss 12.8577 MAE 10.5404 R2 0.4173
2026-09-01 09:08:30 | Epoch  27/100 | Train Loss 11.4130 | Val Loss 12.0233 MAE 10.2781 R2 0.4301
2026-09-01 09:08:30 |   Val R2 improved to 0.4301, model saved
2026-09-01 09:08:32 | Epoch  28/100 | Train Loss 10.2381 | Val Loss 12.0337 MAE 10.4680 R2 0.4211
2026-09-01 09:08:33 | Epoch  29/100 | Train Loss 9.7866 | Val Loss 12.6148 MAE 10.5799 R2 0.3893
2026-09-01 09:08:35 | Epoch  30/100 | Train Loss 9.0782 | Val Loss 11.1411 MAE 10.3120 R2 0.4282
2026-09-01 09:08:36 | Epoch  31/100 | Train Loss 8.5166 | Val Loss 11.2549 MAE 10.4757 R2 0.4092
2026-09-01 09:08:38 | Epoch  32/100 | Train Loss 8.0773 | Val Loss 10.8966 MAE 10.3219 R2 0.4312
2026-09-01 09:08:38 |   Val R2 improved to 0.4312, model saved
2026-09-01 09:08:40 | Epoch  33/100 | Train Loss 7.6281 | Val Loss 10.6593 MAE 10.3455 R2 0.4217
2026-09-01 09:08:41 | Epoch  34/100 | Train Loss 7.4434 | Val Loss 10.6343 MAE 10.3159 R2 0.4226
2026-09-01 09:08:43 | Epoch  35/100 | Train Loss 6.6467 | Val Loss 10.3365 MAE 10.3368 R2 0.4264
2026-09-01 09:08:45 | Epoch  36/100 | Train Loss 6.3478 | Val Loss 10.2873 MAE 10.4718 R2 0.4128
2026-09-01 09:08:47 | Epoch  37/100 | Train Loss 6.2147 | Val Loss 11.3284 MAE 10.7532 R2 0.3932
2026-09-01 09:08:48 | Epoch  38/100 | Train Loss 6.3786 | Val Loss 9.8994 MAE 10.3143 R2 0.4247
2026-09-01 09:08:50 | Epoch  39/100 | Train Loss 5.5636 | Val Loss 9.9670 MAE 10.5148 R2 0.4156
2026-09-01 09:08:52 | Epoch  40/100 | Train Loss 5.3345 | Val Loss 9.6439 MAE 10.5337 R2 0.4012
2026-09-01 09:08:53 | Epoch  41/100 | Train Loss 5.0995 | Val Loss 10.0753 MAE 10.6254 R2 0.3857
2026-09-01 09:08:55 | Epoch  42/100 | Train Loss 5.0818 | Val Loss 9.5627 MAE 10.4863 R2 0.4022
2026-09-01 09:08:55 | Val R2 did not improve for 10 consecutive epochs, early stopping at Epoch 42 (best R2 0.4312 @ Epoch 32)
2026-09-01 09:08:55 | Run 1/5 | Test (best model @ Epoch 32) | Loss 11.2235 MAE 10.6201 R2 0.4278
2026-09-01 09:08:55 | ===== Run 2/5 (seed 1) =====
2026-09-01 09:08:57 | Epoch   1/100 | Train Loss 378.7777 | Val Loss 273.8982 MAE 31.3770 R2 -3.3153
2026-09-01 09:08:57 |   Val R2 improved to -3.3153, model saved
2026-09-01 09:08:59 | Epoch   2/100 | Train Loss 240.3680 | Val Loss 154.4304 MAE 20.2740 R2 -1.1878
2026-09-01 09:08:59 |   Val R2 improved to -1.1878, model saved
2026-09-01 09:09:00 | Epoch   3/100 | Train Loss 137.7096 | Val Loss 57.4479 MAE 14.0676 R2 -0.0471
2026-09-01 09:09:00 |   Val R2 improved to -0.0471, model saved
2026-09-01 09:09:02 | Epoch   4/100 | Train Loss 74.2563 | Val Loss 37.3749 MAE 13.3158 R2 0.0429
2026-09-01 09:09:02 |   Val R2 improved to 0.0429, model saved
2026-09-01 09:09:03 | Epoch   5/100 | Train Loss 56.4416 | Val Loss 32.4677 MAE 12.3279 R2 0.1928
2026-09-01 09:09:03 |   Val R2 improved to 0.1928, model saved
2026-09-01 09:09:05 | Epoch   6/100 | Train Loss 50.3810 | Val Loss 30.0067 MAE 12.5131 R2 0.1620
2026-09-01 09:09:07 | Epoch   7/100 | Train Loss 44.5643 | Val Loss 28.2665 MAE 12.3596 R2 0.1786
2026-09-01 09:09:08 | Epoch   8/100 | Train Loss 40.2798 | Val Loss 26.6726 MAE 12.0401 R2 0.2229
2026-09-01 09:09:08 |   Val R2 improved to 0.2229, model saved
2026-09-01 09:09:10 | Epoch   9/100 | Train Loss 36.8855 | Val Loss 24.4647 MAE 11.8383 R2 0.2586
2026-09-01 09:09:10 |   Val R2 improved to 0.2586, model saved
2026-09-01 09:09:12 | Epoch  10/100 | Train Loss 34.3939 | Val Loss 23.1833 MAE 11.6291 R2 0.2885
2026-09-01 09:09:12 |   Val R2 improved to 0.2885, model saved
2026-09-01 09:09:14 | Epoch  11/100 | Train Loss 32.2408 | Val Loss 23.6110 MAE 11.8265 R2 0.2465
2026-09-01 09:09:15 | Epoch  12/100 | Train Loss 30.2900 | Val Loss 21.6588 MAE 11.4843 R2 0.3088
2026-09-01 09:09:15 |   Val R2 improved to 0.3088, model saved
2026-09-01 09:09:17 | Epoch  13/100 | Train Loss 29.1868 | Val Loss 20.5335 MAE 11.3087 R2 0.3313
2026-09-01 09:09:17 |   Val R2 improved to 0.3313, model saved
2026-09-01 09:09:19 | Epoch  14/100 | Train Loss 27.6945 | Val Loss 19.7523 MAE 11.4546 R2 0.3280
2026-09-01 09:09:20 | Epoch  15/100 | Train Loss 27.1072 | Val Loss 19.2763 MAE 11.2257 R2 0.3414
2026-09-01 09:09:20 |   Val R2 improved to 0.3414, model saved
2026-09-01 09:09:22 | Epoch  16/100 | Train Loss 25.1929 | Val Loss 18.3980 MAE 11.2604 R2 0.3386
2026-09-01 09:09:24 | Epoch  17/100 | Train Loss 24.4857 | Val Loss 17.8578 MAE 11.1379 R2 0.3468
2026-09-01 09:09:24 |   Val R2 improved to 0.3468, model saved
2026-09-01 09:09:25 | Epoch  18/100 | Train Loss 23.3316 | Val Loss 18.4655 MAE 11.3863 R2 0.3092
2026-09-01 09:09:27 | Epoch  19/100 | Train Loss 22.1920 | Val Loss 16.7341 MAE 11.1869 R2 0.3381
2026-09-01 09:09:28 | Epoch  20/100 | Train Loss 21.6051 | Val Loss 16.7338 MAE 11.2029 R2 0.3368
2026-09-01 09:09:30 | Epoch  21/100 | Train Loss 20.5309 | Val Loss 16.9088 MAE 11.3682 R2 0.3058
2026-09-01 09:09:32 | Epoch  22/100 | Train Loss 19.2248 | Val Loss 15.4821 MAE 11.0456 R2 0.3524
2026-09-01 09:09:32 |   Val R2 improved to 0.3524, model saved
2026-09-01 09:09:33 | Epoch  23/100 | Train Loss 18.2171 | Val Loss 14.9511 MAE 10.9280 R2 0.3693
2026-09-01 09:09:33 |   Val R2 improved to 0.3693, model saved
2026-09-01 09:09:35 | Epoch  24/100 | Train Loss 17.5296 | Val Loss 13.8383 MAE 11.0118 R2 0.3670
2026-09-01 09:09:37 | Epoch  25/100 | Train Loss 17.0878 | Val Loss 13.4714 MAE 11.0133 R2 0.3653
2026-09-01 09:09:38 | Epoch  26/100 | Train Loss 15.8820 | Val Loss 12.7573 MAE 10.9015 R2 0.3800
2026-09-01 09:09:38 |   Val R2 improved to 0.3800, model saved
2026-09-01 09:09:40 | Epoch  27/100 | Train Loss 15.4794 | Val Loss 12.2276 MAE 10.9748 R2 0.3749
2026-09-01 09:09:41 | Epoch  28/100 | Train Loss 14.3952 | Val Loss 11.8150 MAE 11.0270 R2 0.3733
2026-09-01 09:09:43 | Epoch  29/100 | Train Loss 13.6503 | Val Loss 11.3714 MAE 10.9509 R2 0.3760
2026-09-01 09:09:45 | Epoch  30/100 | Train Loss 13.1111 | Val Loss 11.4814 MAE 11.0542 R2 0.3508
2026-09-01 09:09:46 | Epoch  31/100 | Train Loss 12.6131 | Val Loss 10.7630 MAE 10.9139 R2 0.3698
2026-09-01 09:09:48 | Epoch  32/100 | Train Loss 11.7156 | Val Loss 10.2414 MAE 10.9013 R2 0.3800
2026-09-01 09:09:48 |   Val R2 improved to 0.3800, model saved
2026-09-01 09:09:50 | Epoch  33/100 | Train Loss 11.2914 | Val Loss 10.3132 MAE 11.0126 R2 0.3567
2026-09-01 09:09:51 | Epoch  34/100 | Train Loss 10.9214 | Val Loss 9.6838 MAE 10.9815 R2 0.3688
2026-09-01 09:09:53 | Epoch  35/100 | Train Loss 10.3372 | Val Loss 9.4458 MAE 10.9110 R2 0.3721
2026-09-01 09:09:54 | Epoch  36/100 | Train Loss 9.8149 | Val Loss 9.6473 MAE 11.1000 R2 0.3406
2026-09-01 09:09:56 | Epoch  37/100 | Train Loss 9.5526 | Val Loss 8.7529 MAE 11.0605 R2 0.3721
2026-09-01 09:09:58 | Epoch  38/100 | Train Loss 9.1375 | Val Loss 9.6974 MAE 11.3546 R2 0.3093
2026-09-01 09:09:59 | Epoch  39/100 | Train Loss 8.7852 | Val Loss 8.2300 MAE 10.9115 R2 0.3755
2026-09-01 09:10:01 | Epoch  40/100 | Train Loss 8.1905 | Val Loss 7.9317 MAE 10.8367 R2 0.3866
2026-09-01 09:10:01 |   Val R2 improved to 0.3866, model saved
2026-09-01 09:10:03 | Epoch  41/100 | Train Loss 7.8703 | Val Loss 8.0012 MAE 10.9981 R2 0.3630
2026-09-01 09:10:04 | Epoch  42/100 | Train Loss 7.6199 | Val Loss 7.5324 MAE 10.9021 R2 0.3824
2026-09-01 09:10:06 | Epoch  43/100 | Train Loss 7.3772 | Val Loss 7.8031 MAE 11.1052 R2 0.3697
2026-09-01 09:10:08 | Epoch  44/100 | Train Loss 7.3612 | Val Loss 7.5129 MAE 11.1094 R2 0.3471
2026-09-01 09:10:09 | Epoch  45/100 | Train Loss 6.7062 | Val Loss 6.9747 MAE 10.8941 R2 0.3876
2026-09-01 09:10:09 |   Val R2 improved to 0.3876, model saved
2026-09-01 09:10:11 | Epoch  46/100 | Train Loss 6.6028 | Val Loss 6.9518 MAE 11.0285 R2 0.3601
2026-09-01 09:10:13 | Epoch  47/100 | Train Loss 6.2823 | Val Loss 6.6781 MAE 10.9613 R2 0.3777
2026-09-01 09:10:14 | Epoch  48/100 | Train Loss 6.1596 | Val Loss 6.6206 MAE 10.8673 R2 0.3822
2026-09-01 09:10:16 | Epoch  49/100 | Train Loss 5.8416 | Val Loss 6.7237 MAE 11.1826 R2 0.3409
2026-09-01 09:10:18 | Epoch  50/100 | Train Loss 5.5914 | Val Loss 6.6663 MAE 11.1470 R2 0.3650
2026-09-01 09:10:19 | Epoch  51/100 | Train Loss 5.7894 | Val Loss 6.4688 MAE 11.1281 R2 0.3495
2026-09-01 09:10:21 | Epoch  52/100 | Train Loss 5.3871 | Val Loss 6.1898 MAE 11.0037 R2 0.3682
2026-09-01 09:10:23 | Epoch  53/100 | Train Loss 5.1962 | Val Loss 5.9952 MAE 11.0112 R2 0.3722
2026-09-01 09:10:24 | Epoch  54/100 | Train Loss 4.9182 | Val Loss 6.1895 MAE 11.1730 R2 0.3404
2026-09-01 09:10:26 | Epoch  55/100 | Train Loss 4.6804 | Val Loss 5.8406 MAE 11.0800 R2 0.3562
2026-09-01 09:10:26 | Val R2 did not improve for 10 consecutive epochs, early stopping at Epoch 55 (best R2 0.3876 @ Epoch 45)
2026-09-01 09:10:26 | Run 2/5 | Test (best model @ Epoch 45) | Loss 7.1563 MAE 11.1934 R2 0.3868
2026-09-01 09:10:26 | ===== Run 3/5 (seed 2) =====
2026-09-01 09:10:28 | Epoch   1/100 | Train Loss 308.7771 | Val Loss 231.5707 MAE 32.7517 R2 -3.5886
2026-09-01 09:10:28 |   Val R2 improved to -3.5886, model saved
2026-09-01 09:10:30 | Epoch   2/100 | Train Loss 175.5236 | Val Loss 68.3287 MAE 13.3855 R2 0.0522
2026-09-01 09:10:30 |   Val R2 improved to 0.0522, model saved
2026-09-01 09:10:32 | Epoch   3/100 | Train Loss 95.3173 | Val Loss 40.1089 MAE 12.8502 R2 0.1340
2026-09-01 09:10:32 |   Val R2 improved to 0.1340, model saved
2026-09-01 09:10:33 | Epoch   4/100 | Train Loss 59.3832 | Val Loss 30.1750 MAE 12.1782 R2 0.2232
2026-09-01 09:10:33 |   Val R2 improved to 0.2232, model saved
2026-09-01 09:10:35 | Epoch   5/100 | Train Loss 43.6657 | Val Loss 27.0518 MAE 12.0517 R2 0.2133
2026-09-01 09:10:37 | Epoch   6/100 | Train Loss 36.2118 | Val Loss 24.0493 MAE 11.4484 R2 0.3099
2026-09-01 09:10:37 |   Val R2 improved to 0.3099, model saved
2026-09-01 09:10:39 | Epoch   7/100 | Train Loss 32.9304 | Val Loss 23.0552 MAE 11.3510 R2 0.3262
2026-09-01 09:10:39 |   Val R2 improved to 0.3262, model saved
2026-09-01 09:10:40 | Epoch   8/100 | Train Loss 31.2911 | Val Loss 23.0793 MAE 11.3087 R2 0.3144
2026-09-01 09:10:42 | Epoch   9/100 | Train Loss 29.2473 | Val Loss 22.1289 MAE 11.1613 R2 0.3350
2026-09-01 09:10:42 |   Val R2 improved to 0.3350, model saved
2026-09-01 09:10:44 | Epoch  10/100 | Train Loss 28.1774 | Val Loss 21.2728 MAE 11.0483 R2 0.3553
2026-09-01 09:10:44 |   Val R2 improved to 0.3553, model saved
2026-09-01 09:10:45 | Epoch  11/100 | Train Loss 27.1711 | Val Loss 21.6687 MAE 11.1337 R2 0.3253
2026-09-01 09:10:47 | Epoch  12/100 | Train Loss 25.1932 | Val Loss 20.1598 MAE 10.8906 R2 0.3690
2026-09-01 09:10:47 |   Val R2 improved to 0.3690, model saved
2026-09-01 09:10:49 | Epoch  13/100 | Train Loss 24.7004 | Val Loss 19.7617 MAE 10.8178 R2 0.3662
2026-09-01 09:10:51 | Epoch  14/100 | Train Loss 24.7725 | Val Loss 20.0132 MAE 11.0026 R2 0.3363
2026-09-01 09:10:52 | Epoch  15/100 | Train Loss 23.2816 | Val Loss 18.3873 MAE 10.6768 R2 0.3818
2026-09-01 09:10:52 |   Val R2 improved to 0.3818, model saved
2026-09-01 09:10:54 | Epoch  16/100 | Train Loss 21.6714 | Val Loss 17.9578 MAE 10.5999 R2 0.3879
2026-09-01 09:10:54 |   Val R2 improved to 0.3879, model saved
2026-09-01 09:10:56 | Epoch  17/100 | Train Loss 20.7262 | Val Loss 17.3809 MAE 10.5945 R2 0.3871
2026-09-01 09:10:58 | Epoch  18/100 | Train Loss 19.7871 | Val Loss 18.3156 MAE 11.0979 R2 0.3239
2026-09-01 09:10:59 | Epoch  19/100 | Train Loss 19.1065 | Val Loss 16.2528 MAE 10.5257 R2 0.4111
2026-09-01 09:10:59 |   Val R2 improved to 0.4111, model saved
2026-09-01 09:11:01 | Epoch  20/100 | Train Loss 17.9576 | Val Loss 16.7495 MAE 10.8536 R2 0.3539
2026-09-01 09:11:03 | Epoch  21/100 | Train Loss 17.0192 | Val Loss 16.0286 MAE 10.8165 R2 0.3579
2026-09-01 09:11:04 | Epoch  22/100 | Train Loss 16.2839 | Val Loss 14.3914 MAE 10.2848 R2 0.4261
2026-09-01 09:11:04 |   Val R2 improved to 0.4261, model saved
2026-09-01 09:11:06 | Epoch  23/100 | Train Loss 15.5749 | Val Loss 16.2359 MAE 11.1079 R2 0.3582
2026-09-01 09:11:08 | Epoch  24/100 | Train Loss 15.3301 | Val Loss 13.5750 MAE 10.3614 R2 0.4145
2026-09-01 09:11:09 | Epoch  25/100 | Train Loss 13.8866 | Val Loss 12.7973 MAE 10.2288 R2 0.4337
2026-09-01 09:11:09 |   Val R2 improved to 0.4337, model saved
2026-09-01 09:11:11 | Epoch  26/100 | Train Loss 13.0181 | Val Loss 12.3581 MAE 10.2619 R2 0.4315
2026-09-01 09:11:13 | Epoch  27/100 | Train Loss 12.6323 | Val Loss 11.8691 MAE 10.2585 R2 0.4314
2026-09-01 09:11:14 | Epoch  28/100 | Train Loss 11.8085 | Val Loss 11.5845 MAE 10.2796 R2 0.4245
2026-09-01 09:11:16 | Epoch  29/100 | Train Loss 11.5113 | Val Loss 11.1997 MAE 10.1678 R2 0.4403
2026-09-01 09:11:16 |   Val R2 improved to 0.4403, model saved
2026-09-01 09:11:18 | Epoch  30/100 | Train Loss 10.4745 | Val Loss 10.7653 MAE 10.2177 R2 0.4335
2026-09-01 09:11:19 | Epoch  31/100 | Train Loss 9.9882 | Val Loss 10.4403 MAE 10.3380 R2 0.4243
2026-09-01 09:11:21 | Epoch  32/100 | Train Loss 9.6370 | Val Loss 10.3888 MAE 10.3999 R2 0.4142
2026-09-01 09:11:23 | Epoch  33/100 | Train Loss 8.9068 | Val Loss 9.8856 MAE 10.4469 R2 0.4042
2026-09-01 09:11:25 | Epoch  34/100 | Train Loss 8.6483 | Val Loss 9.4621 MAE 10.2264 R2 0.4347
2026-09-01 09:11:26 | Epoch  35/100 | Train Loss 8.3252 | Val Loss 9.2087 MAE 10.2401 R2 0.4324
2026-09-01 09:11:28 | Epoch  36/100 | Train Loss 7.6797 | Val Loss 8.9339 MAE 10.2656 R2 0.4316
2026-09-01 09:11:30 | Epoch  37/100 | Train Loss 7.5262 | Val Loss 8.7317 MAE 10.2803 R2 0.4311
2026-09-01 09:11:32 | Epoch  38/100 | Train Loss 7.0980 | Val Loss 8.5150 MAE 10.1523 R2 0.4427
2026-09-01 09:11:32 |   Val R2 improved to 0.4427, model saved
2026-09-01 09:11:33 | Epoch  39/100 | Train Loss 7.0920 | Val Loss 8.3631 MAE 10.3668 R2 0.4178
2026-09-01 09:11:35 | Epoch  40/100 | Train Loss 6.5127 | Val Loss 8.3216 MAE 10.2877 R2 0.4359
2026-09-01 09:11:37 | Epoch  41/100 | Train Loss 6.1190 | Val Loss 8.0499 MAE 10.4971 R2 0.4016
2026-09-01 09:11:38 | Epoch  42/100 | Train Loss 5.8928 | Val Loss 8.2301 MAE 10.7849 R2 0.3604
2026-09-01 09:11:40 | Epoch  43/100 | Train Loss 5.5895 | Val Loss 7.8324 MAE 10.5584 R2 0.3919
2026-09-01 09:11:42 | Epoch  44/100 | Train Loss 5.2961 | Val Loss 7.5228 MAE 10.2624 R2 0.4308
2026-09-01 09:11:44 | Epoch  45/100 | Train Loss 5.1088 | Val Loss 7.4361 MAE 10.5049 R2 0.4035
2026-09-01 09:11:45 | Epoch  46/100 | Train Loss 4.9119 | Val Loss 7.4577 MAE 10.3174 R2 0.4332
2026-09-01 09:11:47 | Epoch  47/100 | Train Loss 4.6690 | Val Loss 7.4470 MAE 10.4989 R2 0.4168
2026-09-01 09:11:49 | Epoch  48/100 | Train Loss 4.5177 | Val Loss 7.2366 MAE 10.6889 R2 0.3780
2026-09-01 09:11:49 | Val R2 did not improve for 10 consecutive epochs, early stopping at Epoch 48 (best R2 0.4427 @ Epoch 38)
2026-09-01 09:11:49 | Run 3/5 | Test (best model @ Epoch 38) | Loss 8.5460 MAE 10.3326 R2 0.4555
2026-09-01 09:11:49 | ===== Run 4/5 (seed 3) =====
2026-09-01 09:11:51 | Epoch   1/100 | Train Loss 307.5608 | Val Loss 213.3166 MAE 19.3212 R2 -0.9922
2026-09-01 09:11:51 |   Val R2 improved to -0.9922, model saved
2026-09-01 09:11:53 | Epoch   2/100 | Train Loss 158.7848 | Val Loss 61.4777 MAE 13.5960 R2 0.0071
2026-09-01 09:11:53 |   Val R2 improved to 0.0071, model saved
2026-09-01 09:11:54 | Epoch   3/100 | Train Loss 89.1984 | Val Loss 36.4098 MAE 12.5058 R2 0.1948
2026-09-01 09:11:54 |   Val R2 improved to 0.1948, model saved
2026-09-01 09:11:56 | Epoch   4/100 | Train Loss 59.7727 | Val Loss 30.7880 MAE 11.8945 R2 0.2571
2026-09-01 09:11:56 |   Val R2 improved to 0.2571, model saved
2026-09-01 09:11:58 | Epoch   5/100 | Train Loss 46.4278 | Val Loss 27.4267 MAE 11.7310 R2 0.2562
2026-09-01 09:11:59 | Epoch   6/100 | Train Loss 39.7755 | Val Loss 25.8747 MAE 11.5179 R2 0.2828
2026-09-01 09:11:59 |   Val R2 improved to 0.2828, model saved
2026-09-01 09:12:01 | Epoch   7/100 | Train Loss 34.6338 | Val Loss 24.1607 MAE 11.3353 R2 0.3066
2026-09-01 09:12:01 |   Val R2 improved to 0.3066, model saved
2026-09-01 09:12:03 | Epoch   8/100 | Train Loss 31.2811 | Val Loss 22.3332 MAE 11.1935 R2 0.3411
2026-09-01 09:12:03 |   Val R2 improved to 0.3411, model saved
2026-09-01 09:12:05 | Epoch   9/100 | Train Loss 29.0874 | Val Loss 21.7892 MAE 11.0702 R2 0.3459
2026-09-01 09:12:05 |   Val R2 improved to 0.3459, model saved
2026-09-01 09:12:06 | Epoch  10/100 | Train Loss 27.1138 | Val Loss 21.1028 MAE 10.9305 R2 0.3593
2026-09-01 09:12:06 |   Val R2 improved to 0.3593, model saved
2026-09-01 09:12:08 | Epoch  11/100 | Train Loss 25.4518 | Val Loss 20.6547 MAE 10.8274 R2 0.3629
2026-09-01 09:12:08 |   Val R2 improved to 0.3629, model saved
2026-09-01 09:12:10 | Epoch  12/100 | Train Loss 24.5851 | Val Loss 21.8542 MAE 11.2136 R2 0.3089
2026-09-01 09:12:11 | Epoch  13/100 | Train Loss 23.3734 | Val Loss 21.6419 MAE 11.4025 R2 0.2827
2026-09-01 09:12:13 | Epoch  14/100 | Train Loss 21.8012 | Val Loss 19.5226 MAE 10.8320 R2 0.3571
2026-09-01 09:12:15 | Epoch  15/100 | Train Loss 20.6628 | Val Loss 17.9693 MAE 10.5899 R2 0.3944
2026-09-01 09:12:15 |   Val R2 improved to 0.3944, model saved
2026-09-01 09:12:17 | Epoch  16/100 | Train Loss 19.3694 | Val Loss 17.1995 MAE 10.4326 R2 0.4142
2026-09-01 09:12:17 |   Val R2 improved to 0.4142, model saved
2026-09-01 09:12:18 | Epoch  17/100 | Train Loss 18.4701 | Val Loss 16.6778 MAE 10.4027 R2 0.4155
2026-09-01 09:12:18 |   Val R2 improved to 0.4155, model saved
2026-09-01 09:12:20 | Epoch  18/100 | Train Loss 17.5873 | Val Loss 16.7338 MAE 10.3557 R2 0.4122
2026-09-01 09:12:22 | Epoch  19/100 | Train Loss 16.4171 | Val Loss 15.8459 MAE 10.3545 R2 0.4212
2026-09-01 09:12:22 |   Val R2 improved to 0.4212, model saved
2026-09-01 09:12:23 | Epoch  20/100 | Train Loss 15.8904 | Val Loss 15.3214 MAE 10.3295 R2 0.4237
2026-09-01 09:12:23 |   Val R2 improved to 0.4237, model saved
2026-09-01 09:12:25 | Epoch  21/100 | Train Loss 14.6956 | Val Loss 15.5441 MAE 10.3979 R2 0.4154
2026-09-01 09:12:27 | Epoch  22/100 | Train Loss 13.9028 | Val Loss 14.4117 MAE 10.2047 R2 0.4369
2026-09-01 09:12:27 |   Val R2 improved to 0.4369, model saved
2026-09-01 09:12:29 | Epoch  23/100 | Train Loss 13.4983 | Val Loss 14.3291 MAE 10.3028 R2 0.4219
2026-09-01 09:12:30 | Epoch  24/100 | Train Loss 12.5225 | Val Loss 13.5612 MAE 10.2349 R2 0.4397
2026-09-01 09:12:30 |   Val R2 improved to 0.4397, model saved
2026-09-01 09:12:32 | Epoch  25/100 | Train Loss 11.9717 | Val Loss 13.7544 MAE 10.2915 R2 0.4311
2026-09-01 09:12:34 | Epoch  26/100 | Train Loss 11.1345 | Val Loss 13.1973 MAE 10.3530 R2 0.4208
2026-09-01 09:12:35 | Epoch  27/100 | Train Loss 10.8757 | Val Loss 12.7168 MAE 10.1947 R2 0.4433
2026-09-01 09:12:35 |   Val R2 improved to 0.4433, model saved
2026-09-01 09:12:37 | Epoch  28/100 | Train Loss 10.1937 | Val Loss 12.6139 MAE 10.2910 R2 0.4270
2026-09-01 09:12:39 | Epoch  29/100 | Train Loss 9.2312 | Val Loss 12.2250 MAE 10.2258 R2 0.4391
2026-09-01 09:12:40 | Epoch  30/100 | Train Loss 9.1341 | Val Loss 12.2807 MAE 10.6379 R2 0.3882
2026-09-01 09:12:42 | Epoch  31/100 | Train Loss 8.8411 | Val Loss 13.0694 MAE 10.6089 R2 0.4020
2026-09-01 09:12:44 | Epoch  32/100 | Train Loss 8.1217 | Val Loss 12.2554 MAE 10.5563 R2 0.3927
2026-09-01 09:12:46 | Epoch  33/100 | Train Loss 7.5495 | Val Loss 11.3950 MAE 10.2018 R2 0.4365
2026-09-01 09:12:47 | Epoch  34/100 | Train Loss 7.0630 | Val Loss 11.3561 MAE 10.2835 R2 0.4348
2026-09-01 09:12:49 | Epoch  35/100 | Train Loss 6.8160 | Val Loss 10.9665 MAE 10.2092 R2 0.4393
2026-09-01 09:12:51 | Epoch  36/100 | Train Loss 6.2703 | Val Loss 11.4084 MAE 10.4735 R2 0.4175
2026-09-01 09:12:53 | Epoch  37/100 | Train Loss 6.2137 | Val Loss 10.6862 MAE 10.3438 R2 0.4283
2026-09-01 09:12:53 | Val R2 did not improve for 10 consecutive epochs, early stopping at Epoch 37 (best R2 0.4433 @ Epoch 27)
2026-09-01 09:12:53 | Run 4/5 | Test (best model @ Epoch 27) | Loss 12.5799 MAE 10.3695 R2 0.4599
2026-09-01 09:12:53 | ===== Run 5/5 (seed 4) =====
2026-09-01 09:12:55 | Epoch   1/100 | Train Loss 297.3612 | Val Loss 192.2112 MAE 30.2714 R2 -3.0969
2026-09-01 09:12:55 |   Val R2 improved to -3.0969, model saved
2026-09-01 09:12:56 | Epoch   2/100 | Train Loss 143.1813 | Val Loss 56.7975 MAE 16.7678 R2 -0.5315
2026-09-01 09:12:56 |   Val R2 improved to -0.5315, model saved
2026-09-01 09:12:58 | Epoch   3/100 | Train Loss 82.0594 | Val Loss 33.8799 MAE 13.0156 R2 0.1438
2026-09-01 09:12:58 |   Val R2 improved to 0.1438, model saved
2026-09-01 09:13:00 | Epoch   4/100 | Train Loss 57.8365 | Val Loss 29.1563 MAE 12.3193 R2 0.1821
2026-09-01 09:13:00 |   Val R2 improved to 0.1821, model saved
2026-09-01 09:13:02 | Epoch   5/100 | Train Loss 46.1622 | Val Loss 26.7431 MAE 11.6857 R2 0.2788
2026-09-01 09:13:02 |   Val R2 improved to 0.2788, model saved
2026-09-01 09:13:03 | Epoch   6/100 | Train Loss 39.0675 | Val Loss 24.0475 MAE 11.3968 R2 0.3141
2026-09-01 09:13:03 |   Val R2 improved to 0.3141, model saved
2026-09-01 09:13:05 | Epoch   7/100 | Train Loss 34.5002 | Val Loss 23.6115 MAE 11.3053 R2 0.3078
2026-09-01 09:13:07 | Epoch   8/100 | Train Loss 31.1522 | Val Loss 22.5710 MAE 11.3123 R2 0.3348
2026-09-01 09:13:07 |   Val R2 improved to 0.3348, model saved
2026-09-01 09:13:09 | Epoch   9/100 | Train Loss 29.5867 | Val Loss 23.2656 MAE 11.2991 R2 0.2978
2026-09-01 09:13:10 | Epoch  10/100 | Train Loss 27.4966 | Val Loss 20.5392 MAE 10.7286 R2 0.3791
2026-09-01 09:13:10 |   Val R2 improved to 0.3791, model saved
2026-09-01 09:13:12 | Epoch  11/100 | Train Loss 25.5452 | Val Loss 20.0217 MAE 10.6784 R2 0.3826
2026-09-01 09:13:12 |   Val R2 improved to 0.3826, model saved
2026-09-01 09:13:14 | Epoch  12/100 | Train Loss 24.1505 | Val Loss 20.2050 MAE 10.8731 R2 0.3484
2026-09-01 09:13:15 | Epoch  13/100 | Train Loss 23.1227 | Val Loss 19.9792 MAE 10.8955 R2 0.3479
2026-09-01 09:13:17 | Epoch  14/100 | Train Loss 22.1134 | Val Loss 19.3342 MAE 10.8796 R2 0.3463
2026-09-01 09:13:19 | Epoch  15/100 | Train Loss 20.8824 | Val Loss 18.1428 MAE 10.6591 R2 0.3764
2026-09-01 09:13:21 | Epoch  16/100 | Train Loss 19.6765 | Val Loss 17.4313 MAE 10.6395 R2 0.3982
2026-09-01 09:13:21 |   Val R2 improved to 0.3982, model saved
2026-09-01 09:13:22 | Epoch  17/100 | Train Loss 19.2306 | Val Loss 20.3761 MAE 11.9063 R2 0.2644
2026-09-01 09:13:24 | Epoch  18/100 | Train Loss 18.8927 | Val Loss 16.5132 MAE 10.6776 R2 0.3707
2026-09-01 09:13:26 | Epoch  19/100 | Train Loss 16.5635 | Val Loss 16.5367 MAE 10.9888 R2 0.3309
2026-09-01 09:13:28 | Epoch  20/100 | Train Loss 15.3430 | Val Loss 14.6644 MAE 10.3512 R2 0.4219
2026-09-01 09:13:28 |   Val R2 improved to 0.4219, model saved
2026-09-01 09:13:29 | Epoch  21/100 | Train Loss 14.8742 | Val Loss 14.2376 MAE 10.4125 R2 0.4172
2026-09-01 09:13:31 | Epoch  22/100 | Train Loss 14.0577 | Val Loss 14.3223 MAE 10.6878 R2 0.3951
2026-09-01 09:13:33 | Epoch  23/100 | Train Loss 13.1775 | Val Loss 12.7644 MAE 10.2267 R2 0.4311
2026-09-01 09:13:33 |   Val R2 improved to 0.4311, model saved
2026-09-01 09:13:34 | Epoch  24/100 | Train Loss 11.9625 | Val Loss 12.3968 MAE 10.2110 R2 0.4329
2026-09-01 09:13:34 |   Val R2 improved to 0.4329, model saved
2026-09-01 09:13:36 | Epoch  25/100 | Train Loss 11.5935 | Val Loss 12.6553 MAE 10.5176 R2 0.3877
2026-09-01 09:13:38 | Epoch  26/100 | Train Loss 10.7994 | Val Loss 11.5068 MAE 10.2362 R2 0.4341
2026-09-01 09:13:38 |   Val R2 improved to 0.4341, model saved
2026-09-01 09:13:40 | Epoch  27/100 | Train Loss 10.1760 | Val Loss 11.5458 MAE 10.3465 R2 0.4253
2026-09-01 09:13:41 | Epoch  28/100 | Train Loss 9.7121 | Val Loss 10.8337 MAE 10.2252 R2 0.4249
2026-09-01 09:13:43 | Epoch  29/100 | Train Loss 9.0922 | Val Loss 10.6859 MAE 10.2663 R2 0.4294
2026-09-01 09:13:45 | Epoch  30/100 | Train Loss 8.7726 | Val Loss 10.4772 MAE 10.4508 R2 0.3985
2026-09-01 09:13:46 | Epoch  31/100 | Train Loss 8.3342 | Val Loss 10.2112 MAE 10.2031 R2 0.4237
2026-09-01 09:13:48 | Epoch  32/100 | Train Loss 7.9595 | Val Loss 10.4054 MAE 10.3369 R2 0.4258
2026-09-01 09:13:50 | Epoch  33/100 | Train Loss 7.6237 | Val Loss 9.5783 MAE 10.3026 R2 0.4183
2026-09-01 09:13:51 | Epoch  34/100 | Train Loss 7.0452 | Val Loss 9.5532 MAE 10.4294 R2 0.4047
2026-09-01 09:13:53 | Epoch  35/100 | Train Loss 6.7640 | Val Loss 9.2438 MAE 10.2278 R2 0.4359
2026-09-01 09:13:53 |   Val R2 improved to 0.4359, model saved
2026-09-01 09:13:55 | Epoch  36/100 | Train Loss 6.3176 | Val Loss 10.1861 MAE 10.6096 R2 0.3994
2026-09-01 09:13:57 | Epoch  37/100 | Train Loss 6.1813 | Val Loss 8.8774 MAE 10.2912 R2 0.4257
2026-09-01 09:13:58 | Epoch  38/100 | Train Loss 5.8049 | Val Loss 8.9468 MAE 10.4976 R2 0.3894
2026-09-01 09:14:00 | Epoch  39/100 | Train Loss 5.3981 | Val Loss 8.7309 MAE 10.3412 R2 0.4189
2026-09-01 09:14:02 | Epoch  40/100 | Train Loss 5.0909 | Val Loss 8.7447 MAE 10.5277 R2 0.3900
2026-09-01 09:14:04 | Epoch  41/100 | Train Loss 5.0604 | Val Loss 8.4158 MAE 10.3626 R2 0.4192
2026-09-01 09:14:05 | Epoch  42/100 | Train Loss 4.6404 | Val Loss 8.5464 MAE 10.3245 R2 0.4182
2026-09-01 09:14:07 | Epoch  43/100 | Train Loss 4.2969 | Val Loss 8.2637 MAE 10.4160 R2 0.4076
2026-09-01 09:14:09 | Epoch  44/100 | Train Loss 4.2583 | Val Loss 8.9544 MAE 10.7025 R2 0.3903
2026-09-01 09:14:10 | Epoch  45/100 | Train Loss 4.0810 | Val Loss 8.1957 MAE 10.4362 R2 0.4096
2026-09-01 09:14:10 | Val R2 did not improve for 10 consecutive epochs, early stopping at Epoch 45 (best R2 0.4359 @ Epoch 35)
2026-09-01 09:14:11 | Run 5/5 | Test (best model @ Epoch 35) | Loss 9.4790 MAE 10.4575 R2 0.4391
2026-09-01 09:14:11 | Average over 5 runs | Test Loss 9.7970±2.1459 MAE 10.5946±0.3526 R2 0.4338±0.0292
