2026-08-26 23:37:24 | Device: cuda
2026-08-26 23:37:24 | Args: {'model': 'fgib', 'backbone': 'cnn', 'task': 'imagenet100', 'epochs': 100, 'batch_size': 512, 'lr': 0.001, 'hidden_dims': [512, 256], 'dropout': 0.2, 'z_dim': 256, 'anchor_scale': 10.0, 'max_len': 250, 'random_labels': False, 'beta': 1.0, 'patience': 10, 'runs': 5, 'seed': 0, 'data_dir': './data', 'save_path': 'output/imagenet100_cnn_fgib/imagenet100_cnn_fgib.pt', 'log_path': '/root/autodl-tmp/FGIB/tune_results/imagenet100_cnn_fgib_beta_1_anchor_10/train.log', 'no_save': True}
2026-08-26 23:37:24 | ImageNet-100 特征：使用 4×4 空间池化文件 ./data/imagenet100/imagenet100_resnet50_layer3_pool4_features.npz
2026-08-26 23:37:24 | ImageNet-100 预处理缓存：mmap 共享 ./data/imagenet100/preprocessed_pool4
2026-08-26 23:37:24 | ===== Run 1/5 (seed 0) =====
2026-08-26 23:37:32 | Epoch   1/100 | Train Loss 37.2574 Acc 0.5281 | Val Loss 22.5449 Acc 0.7670 AUC 0.9917 Pre 0.7533 Rec 0.7568
2026-08-26 23:37:32 |   Val AUC improved to 0.9917, model saved
2026-08-26 23:37:39 | Epoch   2/100 | Train Loss 21.3037 Acc 0.8270 | Val Loss 17.2986 Acc 0.8301 AUC 0.9950 Pre 0.8305 Rec 0.8230
2026-08-26 23:37:39 |   Val AUC improved to 0.9950, model saved
2026-08-26 23:37:45 | Epoch   3/100 | Train Loss 16.2570 Acc 0.8908 | Val Loss 15.2494 Acc 0.8480 AUC 0.9951 Pre 0.8481 Rec 0.8425
2026-08-26 23:37:45 |   Val AUC improved to 0.9951, model saved
2026-08-26 23:37:52 | Epoch   4/100 | Train Loss 13.6381 Acc 0.9260 | Val Loss 14.4424 Acc 0.8544 AUC 0.9951 Pre 0.8546 Rec 0.8494
2026-08-26 23:37:52 |   Val AUC improved to 0.9951, model saved
2026-08-26 23:37:58 | Epoch   5/100 | Train Loss 11.7842 Acc 0.9475 | Val Loss 14.2277 Acc 0.8548 AUC 0.9944 Pre 0.8550 Rec 0.8499
2026-08-26 23:38:05 | Epoch   6/100 | Train Loss 10.4365 Acc 0.9624 | Val Loss 14.1309 Acc 0.8547 AUC 0.9942 Pre 0.8544 Rec 0.8508
2026-08-26 23:38:12 | Epoch   7/100 | Train Loss 9.3916 Acc 0.9729 | Val Loss 13.9902 Acc 0.8544 AUC 0.9937 Pre 0.8539 Rec 0.8495
2026-08-26 23:38:19 | Epoch   8/100 | Train Loss 8.7299 Acc 0.9788 | Val Loss 14.0328 Acc 0.8571 AUC 0.9933 Pre 0.8578 Rec 0.8534
2026-08-26 23:38:26 | Epoch   9/100 | Train Loss 8.2741 Acc 0.9831 | Val Loss 13.9189 Acc 0.8557 AUC 0.9930 Pre 0.8561 Rec 0.8519
2026-08-26 23:38:32 | Epoch  10/100 | Train Loss 7.9204 Acc 0.9855 | Val Loss 14.3077 Acc 0.8523 AUC 0.9922 Pre 0.8533 Rec 0.8480
2026-08-26 23:38:39 | Epoch  11/100 | Train Loss 7.6759 Acc 0.9885 | Val Loss 14.0724 Acc 0.8529 AUC 0.9922 Pre 0.8546 Rec 0.8497
2026-08-26 23:38:46 | Epoch  12/100 | Train Loss 7.4829 Acc 0.9903 | Val Loss 14.2845 Acc 0.8511 AUC 0.9919 Pre 0.8523 Rec 0.8478
2026-08-26 23:38:53 | Epoch  13/100 | Train Loss 7.3022 Acc 0.9917 | Val Loss 14.1588 Acc 0.8537 AUC 0.9916 Pre 0.8545 Rec 0.8503
2026-08-26 23:39:00 | Epoch  14/100 | Train Loss 7.1787 Acc 0.9925 | Val Loss 14.1255 Acc 0.8549 AUC 0.9912 Pre 0.8560 Rec 0.8522
2026-08-26 23:39:00 | Val AUC did not improve for 10 consecutive epochs, early stopping at Epoch 14 (best AUC 0.9951 @ Epoch 4)
2026-08-26 23:39:02 | Run 1/5 | Test (best model @ Epoch 4) | Loss 14.3762 Acc 0.8529 AUC 0.9952 Pre 0.8518 Rec 0.8478
2026-08-26 23:39:02 | ===== Run 2/5 (seed 1) =====
2026-08-26 23:39:08 | Epoch   1/100 | Train Loss 36.8950 Acc 0.5415 | Val Loss 22.3848 Acc 0.7833 AUC 0.9920 Pre 0.7744 Rec 0.7735
2026-08-26 23:39:08 |   Val AUC improved to 0.9920, model saved
2026-08-26 23:39:15 | Epoch   2/100 | Train Loss 20.9775 Acc 0.8354 | Val Loss 16.7763 Acc 0.8324 AUC 0.9950 Pre 0.8347 Rec 0.8255
2026-08-26 23:39:15 |   Val AUC improved to 0.9950, model saved
2026-08-26 23:39:22 | Epoch   3/100 | Train Loss 16.0311 Acc 0.8958 | Val Loss 15.0783 Acc 0.8492 AUC 0.9952 Pre 0.8494 Rec 0.8444
2026-08-26 23:39:22 |   Val AUC improved to 0.9952, model saved
2026-08-26 23:39:29 | Epoch   4/100 | Train Loss 13.4622 Acc 0.9271 | Val Loss 14.3515 Acc 0.8549 AUC 0.9950 Pre 0.8565 Rec 0.8504
2026-08-26 23:39:36 | Epoch   5/100 | Train Loss 11.5782 Acc 0.9503 | Val Loss 13.9407 Acc 0.8555 AUC 0.9945 Pre 0.8572 Rec 0.8505
2026-08-26 23:39:43 | Epoch   6/100 | Train Loss 10.3445 Acc 0.9631 | Val Loss 13.8980 Acc 0.8579 AUC 0.9942 Pre 0.8598 Rec 0.8538
2026-08-26 23:39:50 | Epoch   7/100 | Train Loss 9.4230 Acc 0.9723 | Val Loss 13.9103 Acc 0.8589 AUC 0.9936 Pre 0.8593 Rec 0.8549
2026-08-26 23:39:57 | Epoch   8/100 | Train Loss 8.7324 Acc 0.9782 | Val Loss 13.7446 Acc 0.8583 AUC 0.9936 Pre 0.8597 Rec 0.8545
2026-08-26 23:40:04 | Epoch   9/100 | Train Loss 8.2465 Acc 0.9824 | Val Loss 14.1376 Acc 0.8564 AUC 0.9928 Pre 0.8579 Rec 0.8533
2026-08-26 23:40:11 | Epoch  10/100 | Train Loss 7.9557 Acc 0.9856 | Val Loss 13.9171 Acc 0.8569 AUC 0.9927 Pre 0.8571 Rec 0.8537
2026-08-26 23:40:18 | Epoch  11/100 | Train Loss 7.7479 Acc 0.9874 | Val Loss 13.9090 Acc 0.8584 AUC 0.9922 Pre 0.8586 Rec 0.8556
2026-08-26 23:40:25 | Epoch  12/100 | Train Loss 7.4880 Acc 0.9896 | Val Loss 14.2790 Acc 0.8518 AUC 0.9918 Pre 0.8527 Rec 0.8488
2026-08-26 23:40:31 | Epoch  13/100 | Train Loss 7.3907 Acc 0.9908 | Val Loss 14.0319 Acc 0.8561 AUC 0.9918 Pre 0.8576 Rec 0.8524
2026-08-26 23:40:31 | Val AUC did not improve for 10 consecutive epochs, early stopping at Epoch 13 (best AUC 0.9952 @ Epoch 3)
2026-08-26 23:40:33 | Run 2/5 | Test (best model @ Epoch 3) | Loss 14.8722 Acc 0.8512 AUC 0.9957 Pre 0.8508 Rec 0.8463
2026-08-26 23:40:33 | ===== Run 3/5 (seed 2) =====
2026-08-26 23:40:40 | Epoch   1/100 | Train Loss 37.3061 Acc 0.5300 | Val Loss 23.1052 Acc 0.7742 AUC 0.9922 Pre 0.7653 Rec 0.7644
2026-08-26 23:40:40 |   Val AUC improved to 0.9922, model saved
2026-08-26 23:40:47 | Epoch   2/100 | Train Loss 21.3736 Acc 0.8344 | Val Loss 16.8248 Acc 0.8345 AUC 0.9952 Pre 0.8365 Rec 0.8266
2026-08-26 23:40:47 |   Val AUC improved to 0.9952, model saved
2026-08-26 23:40:54 | Epoch   3/100 | Train Loss 16.3411 Acc 0.8941 | Val Loss 15.2544 Acc 0.8498 AUC 0.9954 Pre 0.8484 Rec 0.8439
2026-08-26 23:40:54 |   Val AUC improved to 0.9954, model saved
2026-08-26 23:41:00 | Epoch   4/100 | Train Loss 13.6429 Acc 0.9280 | Val Loss 14.4215 Acc 0.8553 AUC 0.9950 Pre 0.8548 Rec 0.8502
2026-08-26 23:41:07 | Epoch   5/100 | Train Loss 11.7930 Acc 0.9502 | Val Loss 14.0566 Acc 0.8558 AUC 0.9945 Pre 0.8569 Rec 0.8506
2026-08-26 23:41:13 | Epoch   6/100 | Train Loss 10.4767 Acc 0.9634 | Val Loss 14.0399 Acc 0.8593 AUC 0.9941 Pre 0.8610 Rec 0.8552
2026-08-26 23:41:20 | Epoch   7/100 | Train Loss 9.5097 Acc 0.9724 | Val Loss 14.0869 Acc 0.8573 AUC 0.9933 Pre 0.8591 Rec 0.8526
2026-08-26 23:41:27 | Epoch   8/100 | Train Loss 8.8230 Acc 0.9790 | Val Loss 14.1877 Acc 0.8565 AUC 0.9929 Pre 0.8587 Rec 0.8527
2026-08-26 23:41:33 | Epoch   9/100 | Train Loss 8.3931 Acc 0.9829 | Val Loss 14.2281 Acc 0.8558 AUC 0.9927 Pre 0.8564 Rec 0.8528
2026-08-26 23:41:40 | Epoch  10/100 | Train Loss 7.9664 Acc 0.9858 | Val Loss 14.1094 Acc 0.8548 AUC 0.9925 Pre 0.8552 Rec 0.8522
2026-08-26 23:41:47 | Epoch  11/100 | Train Loss 7.6973 Acc 0.9883 | Val Loss 14.2153 Acc 0.8555 AUC 0.9922 Pre 0.8558 Rec 0.8526
2026-08-26 23:41:54 | Epoch  12/100 | Train Loss 7.5447 Acc 0.9902 | Val Loss 14.0912 Acc 0.8567 AUC 0.9918 Pre 0.8580 Rec 0.8536
2026-08-26 23:42:01 | Epoch  13/100 | Train Loss 7.4335 Acc 0.9915 | Val Loss 14.2670 Acc 0.8548 AUC 0.9914 Pre 0.8571 Rec 0.8511
2026-08-26 23:42:01 | Val AUC did not improve for 10 consecutive epochs, early stopping at Epoch 13 (best AUC 0.9954 @ Epoch 3)
2026-08-26 23:42:03 | Run 3/5 | Test (best model @ Epoch 3) | Loss 15.1811 Acc 0.8489 AUC 0.9955 Pre 0.8519 Rec 0.8435
2026-08-26 23:42:03 | ===== Run 4/5 (seed 3) =====
2026-08-26 23:42:10 | Epoch   1/100 | Train Loss 37.3759 Acc 0.5183 | Val Loss 22.9460 Acc 0.7707 AUC 0.9922 Pre 0.7730 Rec 0.7610
2026-08-26 23:42:10 |   Val AUC improved to 0.9922, model saved
2026-08-26 23:42:17 | Epoch   2/100 | Train Loss 21.3627 Acc 0.8304 | Val Loss 16.7418 Acc 0.8306 AUC 0.9950 Pre 0.8290 Rec 0.8231
2026-08-26 23:42:17 |   Val AUC improved to 0.9950, model saved
2026-08-26 23:42:24 | Epoch   3/100 | Train Loss 16.1661 Acc 0.8930 | Val Loss 15.2257 Acc 0.8464 AUC 0.9949 Pre 0.8506 Rec 0.8404
2026-08-26 23:42:31 | Epoch   4/100 | Train Loss 13.4684 Acc 0.9270 | Val Loss 14.4033 Acc 0.8492 AUC 0.9945 Pre 0.8499 Rec 0.8447
2026-08-26 23:42:38 | Epoch   5/100 | Train Loss 11.5949 Acc 0.9489 | Val Loss 14.1307 Acc 0.8545 AUC 0.9942 Pre 0.8543 Rec 0.8505
2026-08-26 23:42:45 | Epoch   6/100 | Train Loss 10.3736 Acc 0.9632 | Val Loss 13.8567 Acc 0.8593 AUC 0.9940 Pre 0.8579 Rec 0.8553
2026-08-26 23:42:52 | Epoch   7/100 | Train Loss 9.3923 Acc 0.9720 | Val Loss 13.8500 Acc 0.8569 AUC 0.9938 Pre 0.8566 Rec 0.8536
2026-08-26 23:42:58 | Epoch   8/100 | Train Loss 8.7002 Acc 0.9779 | Val Loss 14.2391 Acc 0.8546 AUC 0.9930 Pre 0.8547 Rec 0.8509
2026-08-26 23:43:05 | Epoch   9/100 | Train Loss 8.3249 Acc 0.9820 | Val Loss 13.9857 Acc 0.8541 AUC 0.9927 Pre 0.8561 Rec 0.8505
2026-08-26 23:43:11 | Epoch  10/100 | Train Loss 7.9697 Acc 0.9848 | Val Loss 13.9835 Acc 0.8561 AUC 0.9925 Pre 0.8569 Rec 0.8526
2026-08-26 23:43:18 | Epoch  11/100 | Train Loss 7.6652 Acc 0.9879 | Val Loss 14.2140 Acc 0.8546 AUC 0.9917 Pre 0.8548 Rec 0.8516
2026-08-26 23:43:25 | Epoch  12/100 | Train Loss 7.4665 Acc 0.9890 | Val Loss 13.9685 Acc 0.8562 AUC 0.9918 Pre 0.8567 Rec 0.8531
2026-08-26 23:43:25 | Val AUC did not improve for 10 consecutive epochs, early stopping at Epoch 12 (best AUC 0.9950 @ Epoch 2)
2026-08-26 23:43:27 | Run 4/5 | Test (best model @ Epoch 2) | Loss 16.6480 Acc 0.8312 AUC 0.9951 Pre 0.8366 Rec 0.8238
2026-08-26 23:43:27 | ===== Run 5/5 (seed 4) =====
2026-08-26 23:43:34 | Epoch   1/100 | Train Loss 37.1172 Acc 0.5381 | Val Loss 22.4973 Acc 0.7763 AUC 0.9918 Pre 0.7679 Rec 0.7661
2026-08-26 23:43:34 |   Val AUC improved to 0.9918, model saved
2026-08-26 23:43:41 | Epoch   2/100 | Train Loss 21.3973 Acc 0.8302 | Val Loss 17.1916 Acc 0.8335 AUC 0.9950 Pre 0.8338 Rec 0.8253
2026-08-26 23:43:41 |   Val AUC improved to 0.9950, model saved
2026-08-26 23:43:48 | Epoch   3/100 | Train Loss 16.4320 Acc 0.8918 | Val Loss 15.4556 Acc 0.8472 AUC 0.9954 Pre 0.8476 Rec 0.8432
2026-08-26 23:43:48 |   Val AUC improved to 0.9954, model saved
2026-08-26 23:43:54 | Epoch   4/100 | Train Loss 13.7289 Acc 0.9236 | Val Loss 14.6278 Acc 0.8524 AUC 0.9949 Pre 0.8512 Rec 0.8480
2026-08-26 23:44:01 | Epoch   5/100 | Train Loss 11.9457 Acc 0.9455 | Val Loss 14.6062 Acc 0.8548 AUC 0.9945 Pre 0.8540 Rec 0.8508
2026-08-26 23:44:08 | Epoch   6/100 | Train Loss 10.6141 Acc 0.9603 | Val Loss 14.1047 Acc 0.8566 AUC 0.9943 Pre 0.8535 Rec 0.8523
2026-08-26 23:44:15 | Epoch   7/100 | Train Loss 9.6726 Acc 0.9697 | Val Loss 14.2081 Acc 0.8557 AUC 0.9936 Pre 0.8563 Rec 0.8523
2026-08-26 23:44:22 | Epoch   8/100 | Train Loss 8.9803 Acc 0.9758 | Val Loss 13.9786 Acc 0.8582 AUC 0.9934 Pre 0.8588 Rec 0.8549
2026-08-26 23:44:29 | Epoch   9/100 | Train Loss 8.4381 Acc 0.9805 | Val Loss 13.9376 Acc 0.8574 AUC 0.9935 Pre 0.8577 Rec 0.8538
2026-08-26 23:44:35 | Epoch  10/100 | Train Loss 8.1297 Acc 0.9841 | Val Loss 14.1963 Acc 0.8566 AUC 0.9927 Pre 0.8577 Rec 0.8530
2026-08-26 23:44:42 | Epoch  11/100 | Train Loss 7.8402 Acc 0.9859 | Val Loss 13.9599 Acc 0.8583 AUC 0.9926 Pre 0.8581 Rec 0.8551
2026-08-26 23:44:49 | Epoch  12/100 | Train Loss 7.5990 Acc 0.9875 | Val Loss 14.0638 Acc 0.8533 AUC 0.9921 Pre 0.8537 Rec 0.8502
2026-08-26 23:44:56 | Epoch  13/100 | Train Loss 7.4072 Acc 0.9894 | Val Loss 14.0678 Acc 0.8539 AUC 0.9921 Pre 0.8545 Rec 0.8500
2026-08-26 23:44:56 | Val AUC did not improve for 10 consecutive epochs, early stopping at Epoch 13 (best AUC 0.9954 @ Epoch 3)
2026-08-26 23:44:58 | Run 5/5 | Test (best model @ Epoch 3) | Loss 15.3644 Acc 0.8481 AUC 0.9955 Pre 0.8486 Rec 0.8444
2026-08-26 23:44:58 | Average over 5 runs | Test Loss 15.2884±0.8472 Acc 0.8465±0.0088 AUC 0.9954±0.0002 Pre 0.8479±0.0065 Rec 0.8412±0.0098
