2026-09-14 22:49:09 | Device: cuda
2026-09-14 22:49:09 | Args: {'model': 'opb-fixed-frame-randvar', 'backbone': 'gnn', 'task': 'cora', 'epochs': 100, 'batch_size': 512, 'lr': 0.01, 'hidden_dims': [512, 256], 'dropout': 0.2, 'z_dim': 256, 'anchor_scale': 4.0, 'energy_classifier': False, 'tied_head': False, 'max_len': 250, 'random_labels': False, 'beta': 1.0, 'patience': 10, 'runs': 5, 'seed': 0, 'data_dir': './data', 'save_path': 'output/cora_gnn_opb-fixed-frame-randvar/cora_gnn_opb-fixed-frame-randvar.pt', 'log_path': '/root/autodl-tmp/IB/output/ablation/cora_gnn_opb-fixed-frame-randvar_beta_1_anchor_4/train.log', 'no_save': True}
2026-09-14 22:49:11 | Cora 划分（60/20/20 分层）：train 1624 / val 542 / test 542（共 2708 节点，7 类）
2026-09-14 22:49:12 | ===== Run 1/5 (seed 0) =====
2026-09-14 22:49:13 | Epoch   1/100 | Train Loss 24.0741 Acc 0.1145 | Val Loss 17.4337 Acc 0.1292 AUC 0.8293 Pre 0.0185 Rec 0.1429
2026-09-14 22:49:13 |   Val AUC improved to 0.8293, model saved
2026-09-14 22:49:13 | Epoch   2/100 | Train Loss 23.0081 Acc 0.1213 | Val Loss 15.6461 Acc 0.1771 AUC 0.7187 Pre 0.3017 Rec 0.1652
2026-09-14 22:49:13 | Epoch   3/100 | Train Loss 20.3122 Acc 0.1429 | Val Loss 13.1237 Acc 0.2030 AUC 0.8056 Pre 0.2716 Rec 0.1621
2026-09-14 22:49:13 | Epoch   4/100 | Train Loss 17.3274 Acc 0.1736 | Val Loss 12.9529 Acc 0.3672 AUC 0.8549 Pre 0.1045 Rec 0.2138
2026-09-14 22:49:13 |   Val AUC improved to 0.8549, model saved
2026-09-14 22:49:13 | Epoch   5/100 | Train Loss 16.4022 Acc 0.2660 | Val Loss 11.6666 Acc 0.4096 AUC 0.8942 Pre 0.3549 Rec 0.2831
2026-09-14 22:49:13 |   Val AUC improved to 0.8942, model saved
2026-09-14 22:49:13 | Epoch   6/100 | Train Loss 15.2244 Acc 0.2512 | Val Loss 10.8700 Acc 0.5498 AUC 0.9221 Pre 0.4964 Rec 0.4223
2026-09-14 22:49:13 |   Val AUC improved to 0.9221, model saved
2026-09-14 22:49:13 | Epoch   7/100 | Train Loss 14.0725 Acc 0.2685 | Val Loss 10.2136 Acc 0.6476 AUC 0.9332 Pre 0.5067 Rec 0.5031
2026-09-14 22:49:13 |   Val AUC improved to 0.9332, model saved
2026-09-14 22:49:13 | Epoch   8/100 | Train Loss 12.8867 Acc 0.3873 | Val Loss 10.1743 Acc 0.6402 AUC 0.9280 Pre 0.4977 Rec 0.4927
2026-09-14 22:49:13 | Epoch   9/100 | Train Loss 12.2284 Acc 0.5043 | Val Loss 9.2974 Acc 0.6697 AUC 0.9425 Pre 0.4793 Rec 0.5256
2026-09-14 22:49:13 |   Val AUC improved to 0.9425, model saved
2026-09-14 22:49:13 | Epoch  10/100 | Train Loss 11.1755 Acc 0.5277 | Val Loss 8.5139 Acc 0.6827 AUC 0.9520 Pre 0.6682 Rec 0.5456
2026-09-14 22:49:13 |   Val AUC improved to 0.9520, model saved
2026-09-14 22:49:13 | Epoch  11/100 | Train Loss 10.1275 Acc 0.5443 | Val Loss 7.7922 Acc 0.6808 AUC 0.9534 Pre 0.6552 Rec 0.5526
2026-09-14 22:49:13 |   Val AUC improved to 0.9534, model saved
2026-09-14 22:49:13 | Epoch  12/100 | Train Loss 9.3311 Acc 0.5610 | Val Loss 7.3592 Acc 0.7048 AUC 0.9527 Pre 0.6834 Rec 0.5867
2026-09-14 22:49:13 | Epoch  13/100 | Train Loss 8.4925 Acc 0.6145 | Val Loss 7.2025 Acc 0.7325 AUC 0.9524 Pre 0.6815 Rec 0.6294
2026-09-14 22:49:13 | Epoch  14/100 | Train Loss 7.9301 Acc 0.6817 | Val Loss 6.7006 Acc 0.7546 AUC 0.9553 Pre 0.6845 Rec 0.6569
2026-09-14 22:49:13 |   Val AUC improved to 0.9553, model saved
2026-09-14 22:49:13 | Epoch  15/100 | Train Loss 7.1365 Acc 0.7075 | Val Loss 6.3605 Acc 0.7694 AUC 0.9588 Pre 0.6656 Rec 0.6741
2026-09-14 22:49:13 |   Val AUC improved to 0.9588, model saved
2026-09-14 22:49:13 | Epoch  16/100 | Train Loss 6.6995 Acc 0.7100 | Val Loss 6.1163 Acc 0.7731 AUC 0.9596 Pre 0.6566 Rec 0.6822
2026-09-14 22:49:13 |   Val AUC improved to 0.9596, model saved
2026-09-14 22:49:13 | Epoch  17/100 | Train Loss 6.3074 Acc 0.7352 | Val Loss 5.8790 Acc 0.7915 AUC 0.9594 Pre 0.8065 Rec 0.7073
2026-09-14 22:49:13 | Epoch  18/100 | Train Loss 5.6490 Acc 0.7752 | Val Loss 5.6676 Acc 0.7934 AUC 0.9591 Pre 0.8085 Rec 0.7112
2026-09-14 22:49:13 | Epoch  19/100 | Train Loss 5.3014 Acc 0.7777 | Val Loss 5.4482 Acc 0.7989 AUC 0.9593 Pre 0.8138 Rec 0.7238
2026-09-14 22:49:13 | Epoch  20/100 | Train Loss 4.8982 Acc 0.8017 | Val Loss 5.2855 Acc 0.8081 AUC 0.9609 Pre 0.8210 Rec 0.7336
2026-09-14 22:49:13 |   Val AUC improved to 0.9609, model saved
2026-09-14 22:49:13 | Epoch  21/100 | Train Loss 4.5520 Acc 0.8036 | Val Loss 5.1930 Acc 0.8173 AUC 0.9613 Pre 0.8281 Rec 0.7469
2026-09-14 22:49:13 |   Val AUC improved to 0.9613, model saved
2026-09-14 22:49:13 | Epoch  22/100 | Train Loss 4.2083 Acc 0.8202 | Val Loss 5.2117 Acc 0.8173 AUC 0.9598 Pre 0.8314 Rec 0.7435
2026-09-14 22:49:13 | Epoch  23/100 | Train Loss 4.0646 Acc 0.8368 | Val Loss 5.2437 Acc 0.8247 AUC 0.9587 Pre 0.8370 Rec 0.7580
2026-09-14 22:49:13 | Epoch  24/100 | Train Loss 3.8027 Acc 0.8553 | Val Loss 5.1931 Acc 0.8358 AUC 0.9587 Pre 0.8394 Rec 0.7840
2026-09-14 22:49:13 | Epoch  25/100 | Train Loss 3.6588 Acc 0.8534 | Val Loss 5.1255 Acc 0.8395 AUC 0.9589 Pre 0.8397 Rec 0.7942
2026-09-14 22:49:13 | Epoch  26/100 | Train Loss 3.3985 Acc 0.8701 | Val Loss 5.0765 Acc 0.8395 AUC 0.9588 Pre 0.8395 Rec 0.7993
2026-09-14 22:49:13 | Epoch  27/100 | Train Loss 3.2161 Acc 0.8762 | Val Loss 5.0245 Acc 0.8487 AUC 0.9587 Pre 0.8471 Rec 0.8195
2026-09-14 22:49:13 | Epoch  28/100 | Train Loss 3.0819 Acc 0.8879 | Val Loss 4.9505 Acc 0.8506 AUC 0.9586 Pre 0.8490 Rec 0.8235
2026-09-14 22:49:13 | Epoch  29/100 | Train Loss 2.8106 Acc 0.8941 | Val Loss 4.8654 Acc 0.8506 AUC 0.9584 Pre 0.8484 Rec 0.8241
2026-09-14 22:49:13 | Epoch  30/100 | Train Loss 2.5831 Acc 0.9015 | Val Loss 4.8222 Acc 0.8524 AUC 0.9583 Pre 0.8427 Rec 0.8277
2026-09-14 22:49:13 | Epoch  31/100 | Train Loss 2.5108 Acc 0.9046 | Val Loss 4.8370 Acc 0.8542 AUC 0.9578 Pre 0.8391 Rec 0.8302
2026-09-14 22:49:13 | Val AUC did not improve for 10 consecutive epochs, early stopping at Epoch 31 (best AUC 0.9613 @ Epoch 21)
2026-09-14 22:49:13 | Run 1/5 | Test (best model @ Epoch 21) | Loss 5.2924 Acc 0.8303 AUC 0.9637 Pre 0.8396 Rec 0.7812
2026-09-14 22:49:13 | ===== Run 2/5 (seed 1) =====
2026-09-14 22:49:13 | Epoch   1/100 | Train Loss 23.6466 Acc 0.1305 | Val Loss 19.0911 Acc 0.1550 AUC 0.8705 Pre 0.0221 Rec 0.1429
2026-09-14 22:49:13 |   Val AUC improved to 0.8705, model saved
2026-09-14 22:49:13 | Epoch   2/100 | Train Loss 22.1139 Acc 0.1281 | Val Loss 17.1253 Acc 0.1550 AUC 0.8370 Pre 0.0221 Rec 0.1429
2026-09-14 22:49:13 | Epoch   3/100 | Train Loss 19.8913 Acc 0.1576 | Val Loss 14.3950 Acc 0.1550 AUC 0.8633 Pre 0.0221 Rec 0.1429
2026-09-14 22:49:13 | Epoch   4/100 | Train Loss 17.0286 Acc 0.1890 | Val Loss 13.4456 Acc 0.2159 AUC 0.8762 Pre 0.1447 Rec 0.1716
2026-09-14 22:49:13 |   Val AUC improved to 0.8762, model saved
2026-09-14 22:49:13 | Epoch   5/100 | Train Loss 16.2412 Acc 0.2494 | Val Loss 12.8593 Acc 0.3100 AUC 0.9164 Pre 0.1558 Rec 0.2160
2026-09-14 22:49:13 |   Val AUC improved to 0.9164, model saved
2026-09-14 22:49:13 | Epoch   6/100 | Train Loss 15.5026 Acc 0.2913 | Val Loss 12.2164 Acc 0.3155 AUC 0.9103 Pre 0.3017 Rec 0.2195
2026-09-14 22:49:13 | Epoch   7/100 | Train Loss 14.3983 Acc 0.2906 | Val Loss 11.3461 Acc 0.3745 AUC 0.9327 Pre 0.4203 Rec 0.2517
2026-09-14 22:49:13 |   Val AUC improved to 0.9327, model saved
2026-09-14 22:49:13 | Epoch   8/100 | Train Loss 13.3102 Acc 0.3664 | Val Loss 10.5196 Acc 0.4779 AUC 0.9458 Pre 0.4270 Rec 0.3210
2026-09-14 22:49:13 |   Val AUC improved to 0.9458, model saved
2026-09-14 22:49:13 | Epoch   9/100 | Train Loss 12.2795 Acc 0.4298 | Val Loss 9.5003 Acc 0.5554 AUC 0.9497 Pre 0.4143 Rec 0.3936
2026-09-14 22:49:13 |   Val AUC improved to 0.9497, model saved
2026-09-14 22:49:13 | Epoch  10/100 | Train Loss 10.8590 Acc 0.5228 | Val Loss 8.6879 Acc 0.5941 AUC 0.9543 Pre 0.4136 Rec 0.4398
2026-09-14 22:49:13 |   Val AUC improved to 0.9543, model saved
2026-09-14 22:49:13 | Epoch  11/100 | Train Loss 9.8887 Acc 0.5597 | Val Loss 8.2735 Acc 0.6125 AUC 0.9533 Pre 0.4179 Rec 0.4598
2026-09-14 22:49:13 | Epoch  12/100 | Train Loss 8.9325 Acc 0.6342 | Val Loss 7.8705 Acc 0.6679 AUC 0.9555 Pre 0.5674 Rec 0.5187
2026-09-14 22:49:13 |   Val AUC improved to 0.9555, model saved
2026-09-14 22:49:13 | Epoch  13/100 | Train Loss 8.4209 Acc 0.6989 | Val Loss 7.2481 Acc 0.7269 AUC 0.9607 Pre 0.7063 Rec 0.6036
2026-09-14 22:49:13 |   Val AUC improved to 0.9607, model saved
2026-09-14 22:49:13 | Epoch  14/100 | Train Loss 7.6384 Acc 0.7254 | Val Loss 6.5290 Acc 0.7786 AUC 0.9660 Pre 0.7010 Rec 0.6949
2026-09-14 22:49:13 |   Val AUC improved to 0.9660, model saved
2026-09-14 22:49:13 | Epoch  15/100 | Train Loss 6.6700 Acc 0.7543 | Val Loss 6.0080 Acc 0.7897 AUC 0.9683 Pre 0.8457 Rec 0.7155
2026-09-14 22:49:13 |   Val AUC improved to 0.9683, model saved
2026-09-14 22:49:13 | Epoch  16/100 | Train Loss 5.7352 Acc 0.7820 | Val Loss 5.6528 Acc 0.8100 AUC 0.9683 Pre 0.8566 Rec 0.7497
2026-09-14 22:49:13 |   Val AUC improved to 0.9683, model saved
2026-09-14 22:49:13 | Epoch  17/100 | Train Loss 5.1654 Acc 0.8011 | Val Loss 5.4964 Acc 0.8358 AUC 0.9678 Pre 0.8612 Rec 0.7906
2026-09-14 22:49:13 | Epoch  18/100 | Train Loss 4.7357 Acc 0.8122 | Val Loss 5.3339 Acc 0.8450 AUC 0.9687 Pre 0.8426 Rec 0.8070
2026-09-14 22:49:13 |   Val AUC improved to 0.9687, model saved
2026-09-14 22:49:13 | Epoch  19/100 | Train Loss 4.4036 Acc 0.8282 | Val Loss 5.2463 Acc 0.8598 AUC 0.9694 Pre 0.8494 Rec 0.8338
2026-09-14 22:49:13 |   Val AUC improved to 0.9694, model saved
2026-09-14 22:49:13 | Epoch  20/100 | Train Loss 4.0175 Acc 0.8461 | Val Loss 5.1645 Acc 0.8598 AUC 0.9693 Pre 0.8513 Rec 0.8338
2026-09-14 22:49:14 | Epoch  21/100 | Train Loss 3.7570 Acc 0.8775 | Val Loss 5.0904 Acc 0.8635 AUC 0.9691 Pre 0.8570 Rec 0.8427
2026-09-14 22:49:14 | Epoch  22/100 | Train Loss 3.4914 Acc 0.8879 | Val Loss 5.0596 Acc 0.8690 AUC 0.9692 Pre 0.8576 Rec 0.8542
2026-09-14 22:49:14 | Epoch  23/100 | Train Loss 3.2253 Acc 0.9015 | Val Loss 5.0337 Acc 0.8672 AUC 0.9685 Pre 0.8537 Rec 0.8533
2026-09-14 22:49:14 | Epoch  24/100 | Train Loss 3.0535 Acc 0.9150 | Val Loss 4.9961 Acc 0.8690 AUC 0.9678 Pre 0.8529 Rec 0.8554
2026-09-14 22:49:14 | Epoch  25/100 | Train Loss 2.9030 Acc 0.9212 | Val Loss 4.9515 Acc 0.8635 AUC 0.9666 Pre 0.8511 Rec 0.8483
2026-09-14 22:49:14 | Epoch  26/100 | Train Loss 2.7316 Acc 0.9243 | Val Loss 4.8978 Acc 0.8690 AUC 0.9653 Pre 0.8563 Rec 0.8570
2026-09-14 22:49:14 | Epoch  27/100 | Train Loss 2.5606 Acc 0.9224 | Val Loss 4.8411 Acc 0.8616 AUC 0.9637 Pre 0.8492 Rec 0.8470
2026-09-14 22:49:14 | Epoch  28/100 | Train Loss 2.4385 Acc 0.9150 | Val Loss 4.8153 Acc 0.8616 AUC 0.9623 Pre 0.8486 Rec 0.8457
2026-09-14 22:49:14 | Epoch  29/100 | Train Loss 2.3806 Acc 0.9156 | Val Loss 4.7944 Acc 0.8616 AUC 0.9618 Pre 0.8518 Rec 0.8457
2026-09-14 22:49:14 | Val AUC did not improve for 10 consecutive epochs, early stopping at Epoch 29 (best AUC 0.9694 @ Epoch 19)
2026-09-14 22:49:14 | Run 2/5 | Test (best model @ Epoch 19) | Loss 5.3666 Acc 0.8598 AUC 0.9732 Pre 0.8585 Rec 0.8431
2026-09-14 22:49:14 | ===== Run 3/5 (seed 2) =====
2026-09-14 22:49:14 | Epoch   1/100 | Train Loss 20.1285 Acc 0.1355 | Val Loss 14.9378 Acc 0.3026 AUC 0.8219 Pre 0.0432 Rec 0.1429
2026-09-14 22:49:14 |   Val AUC improved to 0.8219, model saved
2026-09-14 22:49:14 | Epoch   2/100 | Train Loss 18.6605 Acc 0.1607 | Val Loss 14.1271 Acc 0.3026 AUC 0.7441 Pre 0.0432 Rec 0.1429
2026-09-14 22:49:14 | Epoch   3/100 | Train Loss 17.8574 Acc 0.1989 | Val Loss 11.9810 Acc 0.3026 AUC 0.8246 Pre 0.0432 Rec 0.1429
2026-09-14 22:49:14 |   Val AUC improved to 0.8246, model saved
2026-09-14 22:49:14 | Epoch   4/100 | Train Loss 15.1623 Acc 0.1767 | Val Loss 11.5888 Acc 0.3026 AUC 0.8492 Pre 0.0432 Rec 0.1429
2026-09-14 22:49:14 |   Val AUC improved to 0.8492, model saved
2026-09-14 22:49:14 | Epoch   5/100 | Train Loss 14.7763 Acc 0.1866 | Val Loss 11.6051 Acc 0.3026 AUC 0.8651 Pre 0.0432 Rec 0.1429
2026-09-14 22:49:14 |   Val AUC improved to 0.8651, model saved
2026-09-14 22:49:14 | Epoch   6/100 | Train Loss 14.2818 Acc 0.2395 | Val Loss 11.2722 Acc 0.3063 AUC 0.8901 Pre 0.1862 Rec 0.1469
2026-09-14 22:49:14 |   Val AUC improved to 0.8901, model saved
2026-09-14 22:49:14 | Epoch   7/100 | Train Loss 13.7317 Acc 0.2389 | Val Loss 10.4266 Acc 0.3100 AUC 0.9205 Pre 0.1864 Rec 0.1510
2026-09-14 22:49:14 |   Val AUC improved to 0.9205, model saved
2026-09-14 22:49:14 | Epoch   8/100 | Train Loss 12.8314 Acc 0.2512 | Val Loss 9.8059 Acc 0.3137 AUC 0.9376 Pre 0.3294 Rec 0.1548
2026-09-14 22:49:14 |   Val AUC improved to 0.9376, model saved
2026-09-14 22:49:14 | Epoch   9/100 | Train Loss 11.8503 Acc 0.3030 | Val Loss 9.0380 Acc 0.3579 AUC 0.9418 Pre 0.4497 Rec 0.2011
2026-09-14 22:49:14 |   Val AUC improved to 0.9418, model saved
2026-09-14 22:49:14 | Epoch  10/100 | Train Loss 10.4686 Acc 0.3990 | Val Loss 8.4252 Acc 0.5037 AUC 0.9363 Pre 0.4365 Rec 0.3448
2026-09-14 22:49:14 | Epoch  11/100 | Train Loss 9.5477 Acc 0.5216 | Val Loss 7.6055 Acc 0.6070 AUC 0.9390 Pre 0.4487 Rec 0.4416
2026-09-14 22:49:14 | Epoch  12/100 | Train Loss 8.6575 Acc 0.6034 | Val Loss 7.1945 Acc 0.6292 AUC 0.9438 Pre 0.4434 Rec 0.4650
2026-09-14 22:49:14 |   Val AUC improved to 0.9438, model saved
2026-09-14 22:49:14 | Epoch  13/100 | Train Loss 8.1028 Acc 0.6312 | Val Loss 7.0873 Acc 0.6439 AUC 0.9461 Pre 0.4439 Rec 0.4796
2026-09-14 22:49:14 |   Val AUC improved to 0.9461, model saved
2026-09-14 22:49:14 | Epoch  14/100 | Train Loss 7.6825 Acc 0.6712 | Val Loss 6.8507 Acc 0.6587 AUC 0.9459 Pre 0.5549 Rec 0.4962
2026-09-14 22:49:14 | Epoch  15/100 | Train Loss 7.4794 Acc 0.6853 | Val Loss 6.4419 Acc 0.6863 AUC 0.9471 Pre 0.6955 Rec 0.5296
2026-09-14 22:49:14 |   Val AUC improved to 0.9471, model saved
2026-09-14 22:49:14 | Epoch  16/100 | Train Loss 6.7275 Acc 0.7050 | Val Loss 5.9557 Acc 0.6974 AUC 0.9493 Pre 0.7115 Rec 0.5483
2026-09-14 22:49:14 |   Val AUC improved to 0.9493, model saved
2026-09-14 22:49:14 | Epoch  17/100 | Train Loss 6.2892 Acc 0.6946 | Val Loss 5.6282 Acc 0.7048 AUC 0.9506 Pre 0.7395 Rec 0.5589
2026-09-14 22:49:14 |   Val AUC improved to 0.9506, model saved
2026-09-14 22:49:14 | Epoch  18/100 | Train Loss 5.7307 Acc 0.6897 | Val Loss 5.4251 Acc 0.7251 AUC 0.9498 Pre 0.8836 Rec 0.5847
2026-09-14 22:49:14 | Epoch  19/100 | Train Loss 5.5328 Acc 0.6915 | Val Loss 5.2843 Acc 0.7583 AUC 0.9486 Pre 0.8869 Rec 0.6334
2026-09-14 22:49:14 | Epoch  20/100 | Train Loss 5.0653 Acc 0.7272 | Val Loss 5.1309 Acc 0.8173 AUC 0.9487 Pre 0.8740 Rec 0.7326
2026-09-14 22:49:14 | Epoch  21/100 | Train Loss 4.7758 Acc 0.7432 | Val Loss 4.9683 Acc 0.8635 AUC 0.9505 Pre 0.8854 Rec 0.8136
2026-09-14 22:49:14 | Epoch  22/100 | Train Loss 4.4066 Acc 0.7691 | Val Loss 4.7853 Acc 0.8690 AUC 0.9529 Pre 0.8840 Rec 0.8326
2026-09-14 22:49:14 |   Val AUC improved to 0.9529, model saved
2026-09-14 22:49:14 | Epoch  23/100 | Train Loss 4.0465 Acc 0.7882 | Val Loss 4.6353 Acc 0.8672 AUC 0.9565 Pre 0.8693 Rec 0.8337
2026-09-14 22:49:14 |   Val AUC improved to 0.9565, model saved
2026-09-14 22:49:14 | Epoch  24/100 | Train Loss 3.4558 Acc 0.8454 | Val Loss 4.5105 Acc 0.8745 AUC 0.9594 Pre 0.8765 Rec 0.8467
2026-09-14 22:49:14 |   Val AUC improved to 0.9594, model saved
2026-09-14 22:49:14 | Epoch  25/100 | Train Loss 3.2286 Acc 0.8559 | Val Loss 4.4528 Acc 0.8690 AUC 0.9607 Pre 0.8651 Rec 0.8433
2026-09-14 22:49:14 |   Val AUC improved to 0.9607, model saved
2026-09-14 22:49:14 | Epoch  26/100 | Train Loss 3.0756 Acc 0.8775 | Val Loss 4.4409 Acc 0.8708 AUC 0.9616 Pre 0.8621 Rec 0.8476
2026-09-14 22:49:14 |   Val AUC improved to 0.9616, model saved
2026-09-14 22:49:14 | Epoch  27/100 | Train Loss 2.8762 Acc 0.8898 | Val Loss 4.4074 Acc 0.8690 AUC 0.9627 Pre 0.8548 Rec 0.8462
2026-09-14 22:49:14 |   Val AUC improved to 0.9627, model saved
2026-09-14 22:49:14 | Epoch  28/100 | Train Loss 2.7371 Acc 0.9021 | Val Loss 4.3628 Acc 0.8635 AUC 0.9628 Pre 0.8498 Rec 0.8416
2026-09-14 22:49:14 |   Val AUC improved to 0.9628, model saved
2026-09-14 22:49:14 | Epoch  29/100 | Train Loss 2.6004 Acc 0.8978 | Val Loss 4.3007 Acc 0.8579 AUC 0.9619 Pre 0.8465 Rec 0.8385
2026-09-14 22:49:14 | Epoch  30/100 | Train Loss 2.4594 Acc 0.9095 | Val Loss 4.2251 Acc 0.8579 AUC 0.9609 Pre 0.8478 Rec 0.8385
2026-09-14 22:49:14 | Epoch  31/100 | Train Loss 2.3510 Acc 0.8990 | Val Loss 4.1544 Acc 0.8579 AUC 0.9591 Pre 0.8468 Rec 0.8394
2026-09-14 22:49:14 | Epoch  32/100 | Train Loss 2.1345 Acc 0.9009 | Val Loss 4.1039 Acc 0.8579 AUC 0.9571 Pre 0.8477 Rec 0.8397
2026-09-14 22:49:14 | Epoch  33/100 | Train Loss 2.0812 Acc 0.8916 | Val Loss 4.0761 Acc 0.8561 AUC 0.9560 Pre 0.8474 Rec 0.8364
2026-09-14 22:49:14 | Epoch  34/100 | Train Loss 1.9982 Acc 0.9070 | Val Loss 4.0571 Acc 0.8579 AUC 0.9567 Pre 0.8510 Rec 0.8391
2026-09-14 22:49:14 | Epoch  35/100 | Train Loss 1.9325 Acc 0.8990 | Val Loss 4.0871 Acc 0.8542 AUC 0.9570 Pre 0.8462 Rec 0.8325
2026-09-14 22:49:14 | Epoch  36/100 | Train Loss 1.8958 Acc 0.9002 | Val Loss 4.1464 Acc 0.8579 AUC 0.9560 Pre 0.8497 Rec 0.8375
2026-09-14 22:49:14 | Epoch  37/100 | Train Loss 1.8724 Acc 0.9119 | Val Loss 4.1885 Acc 0.8579 AUC 0.9563 Pre 0.8497 Rec 0.8378
2026-09-14 22:49:14 | Epoch  38/100 | Train Loss 1.7491 Acc 0.9273 | Val Loss 4.1979 Acc 0.8598 AUC 0.9571 Pre 0.8513 Rec 0.8424
2026-09-14 22:49:14 | Val AUC did not improve for 10 consecutive epochs, early stopping at Epoch 38 (best AUC 0.9628 @ Epoch 28)
2026-09-14 22:49:14 | Run 3/5 | Test (best model @ Epoch 28) | Loss 4.3509 Acc 0.8801 AUC 0.9669 Pre 0.8694 Rec 0.8768
2026-09-14 22:49:14 | ===== Run 4/5 (seed 3) =====
2026-09-14 22:49:14 | Epoch   1/100 | Train Loss 20.1083 Acc 0.1305 | Val Loss 14.2372 Acc 0.0701 AUC 0.8571 Pre 0.1048 Rec 0.1446
2026-09-14 22:49:14 |   Val AUC improved to 0.8571, model saved
2026-09-14 22:49:14 | Epoch   2/100 | Train Loss 19.0773 Acc 0.1336 | Val Loss 13.5136 Acc 0.3026 AUC 0.7763 Pre 0.0582 Rec 0.1521
2026-09-14 22:49:14 | Epoch   3/100 | Train Loss 17.5234 Acc 0.1583 | Val Loss 11.4755 Acc 0.3063 AUC 0.8295 Pre 0.0592 Rec 0.1508
2026-09-14 22:49:14 | Epoch   4/100 | Train Loss 15.1486 Acc 0.1619 | Val Loss 10.8525 Acc 0.3026 AUC 0.8473 Pre 0.0432 Rec 0.1429
2026-09-14 22:49:14 | Epoch   5/100 | Train Loss 14.0717 Acc 0.1872 | Val Loss 11.3041 Acc 0.3081 AUC 0.8788 Pre 0.1863 Rec 0.1480
2026-09-14 22:49:14 |   Val AUC improved to 0.8788, model saved
2026-09-14 22:49:14 | Epoch   6/100 | Train Loss 13.9078 Acc 0.2309 | Val Loss 9.9916 Acc 0.3118 AUC 0.9047 Pre 0.1871 Rec 0.1514
2026-09-14 22:49:14 |   Val AUC improved to 0.9047, model saved
2026-09-14 22:49:14 | Epoch   7/100 | Train Loss 12.4661 Acc 0.2586 | Val Loss 9.2284 Acc 0.3579 AUC 0.9306 Pre 0.1913 Rec 0.1961
2026-09-14 22:49:14 |   Val AUC improved to 0.9306, model saved
2026-09-14 22:49:14 | Epoch   8/100 | Train Loss 11.6494 Acc 0.2863 | Val Loss 8.5332 Acc 0.4483 AUC 0.9411 Pre 0.4818 Rec 0.2797
2026-09-14 22:49:14 |   Val AUC improved to 0.9411, model saved
2026-09-14 22:49:14 | Epoch   9/100 | Train Loss 10.3354 Acc 0.4150 | Val Loss 8.4067 Acc 0.5111 AUC 0.9399 Pre 0.4747 Rec 0.3373
2026-09-14 22:49:14 | Epoch  10/100 | Train Loss 9.8300 Acc 0.5191 | Val Loss 7.7758 Acc 0.5720 AUC 0.9439 Pre 0.5942 Rec 0.4028
2026-09-14 22:49:14 |   Val AUC improved to 0.9439, model saved
2026-09-14 22:49:14 | Epoch  11/100 | Train Loss 8.9841 Acc 0.5764 | Val Loss 6.9963 Acc 0.7030 AUC 0.9494 Pre 0.6580 Rec 0.5987
2026-09-14 22:49:14 |   Val AUC improved to 0.9494, model saved
2026-09-14 22:49:14 | Epoch  12/100 | Train Loss 7.9968 Acc 0.6139 | Val Loss 6.7116 Acc 0.7306 AUC 0.9521 Pre 0.6624 Rec 0.6362
2026-09-14 22:49:14 |   Val AUC improved to 0.9521, model saved
2026-09-14 22:49:14 | Epoch  13/100 | Train Loss 7.5768 Acc 0.6355 | Val Loss 6.5493 Acc 0.7417 AUC 0.9539 Pre 0.6499 Rec 0.6477
2026-09-14 22:49:14 |   Val AUC improved to 0.9539, model saved
2026-09-14 22:49:14 | Epoch  14/100 | Train Loss 7.0578 Acc 0.6767 | Val Loss 6.3526 Acc 0.7417 AUC 0.9560 Pre 0.6446 Rec 0.6503
2026-09-14 22:49:14 |   Val AUC improved to 0.9560, model saved
2026-09-14 22:49:14 | Epoch  15/100 | Train Loss 6.7860 Acc 0.6786 | Val Loss 5.8342 Acc 0.7620 AUC 0.9574 Pre 0.6499 Rec 0.6932
2026-09-14 22:49:14 |   Val AUC improved to 0.9574, model saved
2026-09-14 22:49:14 | Epoch  16/100 | Train Loss 6.3053 Acc 0.6706 | Val Loss 5.4442 Acc 0.7583 AUC 0.9587 Pre 0.6389 Rec 0.6903
2026-09-14 22:49:14 |   Val AUC improved to 0.9587, model saved
2026-09-14 22:49:14 | Epoch  17/100 | Train Loss 5.7929 Acc 0.6675 | Val Loss 5.2813 Acc 0.7565 AUC 0.9581 Pre 0.6269 Rec 0.6863
2026-09-14 22:49:14 | Epoch  18/100 | Train Loss 5.3245 Acc 0.7044 | Val Loss 5.1291 Acc 0.7565 AUC 0.9575 Pre 0.6301 Rec 0.6888
2026-09-14 22:49:14 | Epoch  19/100 | Train Loss 4.9393 Acc 0.7315 | Val Loss 4.8908 Acc 0.7694 AUC 0.9573 Pre 0.7829 Rec 0.7119
2026-09-14 22:49:14 | Epoch  20/100 | Train Loss 4.4913 Acc 0.7642 | Val Loss 4.7364 Acc 0.7934 AUC 0.9579 Pre 0.8007 Rec 0.7443
2026-09-14 22:49:15 | Epoch  21/100 | Train Loss 4.1912 Acc 0.7783 | Val Loss 4.5903 Acc 0.8266 AUC 0.9586 Pre 0.8145 Rec 0.7835
2026-09-14 22:49:15 | Epoch  22/100 | Train Loss 3.8765 Acc 0.8048 | Val Loss 4.5097 Acc 0.8395 AUC 0.9597 Pre 0.8253 Rec 0.8101
2026-09-14 22:49:15 |   Val AUC improved to 0.9597, model saved
2026-09-14 22:49:15 | Epoch  23/100 | Train Loss 3.6007 Acc 0.8257 | Val Loss 4.4453 Acc 0.8524 AUC 0.9613 Pre 0.8400 Rec 0.8284
2026-09-14 22:49:15 |   Val AUC improved to 0.9613, model saved
2026-09-14 22:49:15 | Epoch  24/100 | Train Loss 3.3797 Acc 0.8510 | Val Loss 4.3759 Acc 0.8524 AUC 0.9627 Pre 0.8394 Rec 0.8317
2026-09-14 22:49:15 |   Val AUC improved to 0.9627, model saved
2026-09-14 22:49:15 | Epoch  25/100 | Train Loss 3.0974 Acc 0.8676 | Val Loss 4.3375 Acc 0.8506 AUC 0.9626 Pre 0.8348 Rec 0.8264
2026-09-14 22:49:15 | Epoch  26/100 | Train Loss 2.8941 Acc 0.8787 | Val Loss 4.2445 Acc 0.8506 AUC 0.9627 Pre 0.8385 Rec 0.8310
2026-09-14 22:49:15 |   Val AUC improved to 0.9627, model saved
2026-09-14 22:49:15 | Epoch  27/100 | Train Loss 2.6168 Acc 0.9009 | Val Loss 4.1136 Acc 0.8561 AUC 0.9624 Pre 0.8424 Rec 0.8381
2026-09-14 22:49:15 | Epoch  28/100 | Train Loss 2.5278 Acc 0.8904 | Val Loss 4.0147 Acc 0.8561 AUC 0.9618 Pre 0.8431 Rec 0.8397
2026-09-14 22:49:15 | Epoch  29/100 | Train Loss 2.3859 Acc 0.8879 | Val Loss 3.9794 Acc 0.8635 AUC 0.9607 Pre 0.8506 Rec 0.8481
2026-09-14 22:49:15 | Epoch  30/100 | Train Loss 2.3149 Acc 0.8842 | Val Loss 3.9674 Acc 0.8635 AUC 0.9597 Pre 0.8506 Rec 0.8481
2026-09-14 22:49:15 | Epoch  31/100 | Train Loss 2.1857 Acc 0.8947 | Val Loss 3.9673 Acc 0.8616 AUC 0.9583 Pre 0.8487 Rec 0.8418
2026-09-14 22:49:15 | Epoch  32/100 | Train Loss 2.1821 Acc 0.8959 | Val Loss 3.9913 Acc 0.8598 AUC 0.9567 Pre 0.8496 Rec 0.8385
2026-09-14 22:49:15 | Epoch  33/100 | Train Loss 2.1068 Acc 0.9002 | Val Loss 4.0230 Acc 0.8653 AUC 0.9556 Pre 0.8550 Rec 0.8450
2026-09-14 22:49:15 | Epoch  34/100 | Train Loss 1.9586 Acc 0.9015 | Val Loss 4.0245 Acc 0.8635 AUC 0.9554 Pre 0.8515 Rec 0.8433
2026-09-14 22:49:15 | Epoch  35/100 | Train Loss 1.8485 Acc 0.9138 | Val Loss 4.0067 Acc 0.8653 AUC 0.9558 Pre 0.8501 Rec 0.8466
2026-09-14 22:49:15 | Epoch  36/100 | Train Loss 1.8088 Acc 0.9144 | Val Loss 4.0108 Acc 0.8653 AUC 0.9560 Pre 0.8501 Rec 0.8466
2026-09-14 22:49:15 | Val AUC did not improve for 10 consecutive epochs, early stopping at Epoch 36 (best AUC 0.9627 @ Epoch 26)
2026-09-14 22:49:15 | Run 4/5 | Test (best model @ Epoch 26) | Loss 4.0280 Acc 0.8930 AUC 0.9703 Pre 0.8848 Rec 0.8920
2026-09-14 22:49:15 | ===== Run 5/5 (seed 4) =====
2026-09-14 22:49:15 | Epoch   1/100 | Train Loss 23.2563 Acc 0.1422 | Val Loss 17.0308 Acc 0.1568 AUC 0.9157 Pre 0.0224 Rec 0.1429
2026-09-14 22:49:15 |   Val AUC improved to 0.9157, model saved
2026-09-14 22:49:15 | Epoch   2/100 | Train Loss 21.7889 Acc 0.1342 | Val Loss 15.3757 Acc 0.1605 AUC 0.8483 Pre 0.1178 Rec 0.1446
2026-09-14 22:49:15 | Epoch   3/100 | Train Loss 19.9704 Acc 0.1552 | Val Loss 13.0285 Acc 0.1642 AUC 0.9085 Pre 0.1369 Rec 0.1463
2026-09-14 22:49:15 | Epoch   4/100 | Train Loss 17.1193 Acc 0.1792 | Val Loss 12.0764 Acc 0.3450 AUC 0.9014 Pre 0.2804 Rec 0.2237
2026-09-14 22:49:15 | Epoch   5/100 | Train Loss 15.6580 Acc 0.2352 | Val Loss 12.1340 Acc 0.4815 AUC 0.9099 Pre 0.4103 Rec 0.3219
2026-09-14 22:49:15 | Epoch   6/100 | Train Loss 15.2907 Acc 0.3036 | Val Loss 10.7791 Acc 0.5111 AUC 0.9506 Pre 0.5471 Rec 0.3788
2026-09-14 22:49:15 |   Val AUC improved to 0.9506, model saved
2026-09-14 22:49:15 | Epoch   7/100 | Train Loss 13.6939 Acc 0.3171 | Val Loss 10.0410 Acc 0.6089 AUC 0.9596 Pre 0.5053 Rec 0.4923
2026-09-14 22:49:15 |   Val AUC improved to 0.9596, model saved
2026-09-14 22:49:15 | Epoch   8/100 | Train Loss 12.7254 Acc 0.3701 | Val Loss 9.3148 Acc 0.7011 AUC 0.9571 Pre 0.5077 Rec 0.5658
2026-09-14 22:49:15 | Epoch   9/100 | Train Loss 11.3205 Acc 0.4741 | Val Loss 9.1287 Acc 0.7232 AUC 0.9551 Pre 0.5033 Rec 0.5803
2026-09-14 22:49:15 | Epoch  10/100 | Train Loss 10.6127 Acc 0.5850 | Val Loss 8.0320 Acc 0.7454 AUC 0.9628 Pre 0.6562 Rec 0.6171
2026-09-14 22:49:15 |   Val AUC improved to 0.9628, model saved
2026-09-14 22:49:15 | Epoch  11/100 | Train Loss 9.2148 Acc 0.6225 | Val Loss 7.2207 Acc 0.7694 AUC 0.9663 Pre 0.6744 Rec 0.6733
2026-09-14 22:49:15 |   Val AUC improved to 0.9663, model saved
2026-09-14 22:49:15 | Epoch  12/100 | Train Loss 8.2872 Acc 0.6466 | Val Loss 6.6308 Acc 0.7878 AUC 0.9686 Pre 0.6708 Rec 0.7026
2026-09-14 22:49:15 |   Val AUC improved to 0.9686, model saved
2026-09-14 22:49:15 | Epoch  13/100 | Train Loss 7.3792 Acc 0.7026 | Val Loss 6.2293 Acc 0.8100 AUC 0.9697 Pre 0.6948 Rec 0.7250
2026-09-14 22:49:15 |   Val AUC improved to 0.9697, model saved
2026-09-14 22:49:15 | Epoch  14/100 | Train Loss 6.4605 Acc 0.7703 | Val Loss 5.9053 Acc 0.8173 AUC 0.9695 Pre 0.6991 Rec 0.7307
2026-09-14 22:49:15 | Epoch  15/100 | Train Loss 5.9465 Acc 0.8122 | Val Loss 5.5894 Acc 0.8266 AUC 0.9705 Pre 0.8432 Rec 0.7534
2026-09-14 22:49:15 |   Val AUC improved to 0.9705, model saved
2026-09-14 22:49:15 | Epoch  16/100 | Train Loss 5.4888 Acc 0.8091 | Val Loss 5.3726 Acc 0.8266 AUC 0.9709 Pre 0.8379 Rec 0.7573
2026-09-14 22:49:15 |   Val AUC improved to 0.9709, model saved
2026-09-14 22:49:15 | Epoch  17/100 | Train Loss 5.1270 Acc 0.8257 | Val Loss 5.1698 Acc 0.8266 AUC 0.9703 Pre 0.8377 Rec 0.7599
2026-09-14 22:49:15 | Epoch  18/100 | Train Loss 4.7023 Acc 0.8491 | Val Loss 5.0302 Acc 0.8432 AUC 0.9691 Pre 0.8504 Rec 0.7961
2026-09-14 22:49:15 | Epoch  19/100 | Train Loss 4.3196 Acc 0.8664 | Val Loss 4.8573 Acc 0.8506 AUC 0.9683 Pre 0.8547 Rec 0.8139
2026-09-14 22:49:15 | Epoch  20/100 | Train Loss 3.9698 Acc 0.8584 | Val Loss 4.7918 Acc 0.8635 AUC 0.9680 Pre 0.8660 Rec 0.8359
2026-09-14 22:49:15 | Epoch  21/100 | Train Loss 3.5394 Acc 0.8756 | Val Loss 4.7336 Acc 0.8616 AUC 0.9674 Pre 0.8640 Rec 0.8333
2026-09-14 22:49:15 | Epoch  22/100 | Train Loss 3.3072 Acc 0.8855 | Val Loss 4.6777 Acc 0.8598 AUC 0.9671 Pre 0.8559 Rec 0.8296
2026-09-14 22:49:15 | Epoch  23/100 | Train Loss 3.1112 Acc 0.8824 | Val Loss 4.6279 Acc 0.8598 AUC 0.9669 Pre 0.8498 Rec 0.8346
2026-09-14 22:49:15 | Epoch  24/100 | Train Loss 2.9731 Acc 0.8941 | Val Loss 4.6133 Acc 0.8579 AUC 0.9669 Pre 0.8477 Rec 0.8333
2026-09-14 22:49:15 | Epoch  25/100 | Train Loss 2.7646 Acc 0.9150 | Val Loss 4.6535 Acc 0.8579 AUC 0.9662 Pre 0.8477 Rec 0.8333
2026-09-14 22:49:15 | Epoch  26/100 | Train Loss 2.7058 Acc 0.8984 | Val Loss 4.7306 Acc 0.8542 AUC 0.9650 Pre 0.8403 Rec 0.8292
2026-09-14 22:49:15 | Val AUC did not improve for 10 consecutive epochs, early stopping at Epoch 26 (best AUC 0.9709 @ Epoch 16)
2026-09-14 22:49:15 | Run 5/5 | Test (best model @ Epoch 16) | Loss 5.5909 Acc 0.8376 AUC 0.9716 Pre 0.8467 Rec 0.7888
2026-09-14 22:49:15 | Average over 5 runs | Test Loss 4.9257±0.6906 Acc 0.8601±0.0268 AUC 0.9691±0.0039 Pre 0.8598±0.0180 Rec 0.8364±0.0502
