2026-08-26 21:54:48 | Device: cuda
2026-08-26 21:54:48 | Args: {'model': 'nib', 'backbone': 'cnn', 'task': 'mnist', 'epochs': 100, 'batch_size': 512, 'lr': 0.001, 'hidden_dims': [512, 256], 'dropout': 0.2, 'z_dim': 256, 'anchor_scale': 4.0, 'max_len': 250, 'random_labels': False, 'beta': 0.0001, 'patience': 10, 'runs': 5, 'seed': 0, 'data_dir': './data', 'save_path': 'output/mnist_cnn_nib/mnist_cnn_nib.pt', 'log_path': '/root/autodl-tmp/FGIB/tune_results/mnist_cnn_nib_beta_0.0001/train.log', 'no_save': True}
2026-08-26 21:54:48 | ===== Run 1/5 (seed 0) =====
2026-08-26 21:54:57 | Epoch   1/100 | Train Loss 0.4065 Acc 0.8676 | Val Loss 0.0964 Acc 0.9688 AUC 0.9993 Pre 0.9690 Rec 0.9686
2026-08-26 21:54:57 |   Val AUC improved to 0.9993, model saved
2026-08-26 21:55:02 | Epoch   2/100 | Train Loss 0.0865 Acc 0.9724 | Val Loss 0.0659 Acc 0.9788 AUC 0.9996 Pre 0.9786 Rec 0.9787
2026-08-26 21:55:02 |   Val AUC improved to 0.9996, model saved
2026-08-26 21:55:08 | Epoch   3/100 | Train Loss 0.0598 Acc 0.9814 | Val Loss 0.0518 Acc 0.9840 AUC 0.9998 Pre 0.9839 Rec 0.9839
2026-08-26 21:55:08 |   Val AUC improved to 0.9998, model saved
2026-08-26 21:55:13 | Epoch   4/100 | Train Loss 0.0466 Acc 0.9853 | Val Loss 0.0458 Acc 0.9873 AUC 0.9998 Pre 0.9871 Rec 0.9872
2026-08-26 21:55:13 |   Val AUC improved to 0.9998, model saved
2026-08-26 21:55:17 | Epoch   5/100 | Train Loss 0.0381 Acc 0.9879 | Val Loss 0.0447 Acc 0.9872 AUC 0.9999 Pre 0.9872 Rec 0.9872
2026-08-26 21:55:17 |   Val AUC improved to 0.9999, model saved
2026-08-26 21:55:22 | Epoch   6/100 | Train Loss 0.0312 Acc 0.9900 | Val Loss 0.0432 Acc 0.9873 AUC 0.9999 Pre 0.9873 Rec 0.9872
2026-08-26 21:55:22 |   Val AUC improved to 0.9999, model saved
2026-08-26 21:55:27 | Epoch   7/100 | Train Loss 0.0262 Acc 0.9918 | Val Loss 0.0410 Acc 0.9892 AUC 0.9999 Pre 0.9892 Rec 0.9892
2026-08-26 21:55:31 | Epoch   8/100 | Train Loss 0.0212 Acc 0.9930 | Val Loss 0.0376 Acc 0.9896 AUC 0.9999 Pre 0.9897 Rec 0.9895
2026-08-26 21:55:31 |   Val AUC improved to 0.9999, model saved
2026-08-26 21:55:36 | Epoch   9/100 | Train Loss 0.0195 Acc 0.9938 | Val Loss 0.0391 Acc 0.9898 AUC 0.9999 Pre 0.9898 Rec 0.9897
2026-08-26 21:55:36 |   Val AUC improved to 0.9999, model saved
2026-08-26 21:55:41 | Epoch  10/100 | Train Loss 0.0168 Acc 0.9946 | Val Loss 0.0452 Acc 0.9890 AUC 0.9999 Pre 0.9891 Rec 0.9888
2026-08-26 21:55:45 | Epoch  11/100 | Train Loss 0.0172 Acc 0.9944 | Val Loss 0.0480 Acc 0.9878 AUC 0.9999 Pre 0.9877 Rec 0.9879
2026-08-26 21:55:50 | Epoch  12/100 | Train Loss 0.0125 Acc 0.9959 | Val Loss 0.0384 Acc 0.9906 AUC 0.9999 Pre 0.9907 Rec 0.9905
2026-08-26 21:55:50 |   Val AUC improved to 0.9999, model saved
2026-08-26 21:55:54 | Epoch  13/100 | Train Loss 0.0096 Acc 0.9971 | Val Loss 0.0459 Acc 0.9893 AUC 0.9999 Pre 0.9894 Rec 0.9892
2026-08-26 21:55:59 | Epoch  14/100 | Train Loss 0.0101 Acc 0.9970 | Val Loss 0.0459 Acc 0.9892 AUC 0.9999 Pre 0.9892 Rec 0.9891
2026-08-26 21:56:04 | Epoch  15/100 | Train Loss 0.0077 Acc 0.9979 | Val Loss 0.0469 Acc 0.9895 AUC 0.9999 Pre 0.9895 Rec 0.9893
2026-08-26 21:56:08 | Epoch  16/100 | Train Loss 0.0101 Acc 0.9966 | Val Loss 0.0391 Acc 0.9903 AUC 0.9999 Pre 0.9902 Rec 0.9902
2026-08-26 21:56:13 | Epoch  17/100 | Train Loss 0.0095 Acc 0.9971 | Val Loss 0.0453 Acc 0.9909 AUC 0.9999 Pre 0.9909 Rec 0.9908
2026-08-26 21:56:18 | Epoch  18/100 | Train Loss 0.0083 Acc 0.9975 | Val Loss 0.0455 Acc 0.9906 AUC 0.9999 Pre 0.9905 Rec 0.9905
2026-08-26 21:56:22 | Epoch  19/100 | Train Loss 0.0072 Acc 0.9976 | Val Loss 0.0549 Acc 0.9881 AUC 0.9999 Pre 0.9881 Rec 0.9880
2026-08-26 21:56:27 | Epoch  20/100 | Train Loss 0.0095 Acc 0.9968 | Val Loss 0.0373 Acc 0.9913 AUC 0.9999 Pre 0.9914 Rec 0.9912
2026-08-26 21:56:27 |   Val AUC improved to 0.9999, model saved
2026-08-26 21:56:32 | Epoch  21/100 | Train Loss 0.0092 Acc 0.9968 | Val Loss 0.0454 Acc 0.9902 AUC 0.9999 Pre 0.9902 Rec 0.9901
2026-08-26 21:56:36 | Epoch  22/100 | Train Loss 0.0058 Acc 0.9982 | Val Loss 0.0472 Acc 0.9899 AUC 0.9999 Pre 0.9898 Rec 0.9898
2026-08-26 21:56:41 | Epoch  23/100 | Train Loss 0.0073 Acc 0.9979 | Val Loss 0.0512 Acc 0.9894 AUC 0.9999 Pre 0.9894 Rec 0.9894
2026-08-26 21:56:46 | Epoch  24/100 | Train Loss 0.0058 Acc 0.9982 | Val Loss 0.0402 Acc 0.9907 AUC 0.9999 Pre 0.9907 Rec 0.9906
2026-08-26 21:56:46 |   Val AUC improved to 0.9999, model saved
2026-08-26 21:56:50 | Epoch  25/100 | Train Loss 0.0057 Acc 0.9982 | Val Loss 0.0527 Acc 0.9893 AUC 0.9999 Pre 0.9893 Rec 0.9891
2026-08-26 21:56:55 | Epoch  26/100 | Train Loss 0.0059 Acc 0.9983 | Val Loss 0.0463 Acc 0.9902 AUC 0.9999 Pre 0.9902 Rec 0.9901
2026-08-26 21:57:00 | Epoch  27/100 | Train Loss 0.0045 Acc 0.9987 | Val Loss 0.0586 Acc 0.9903 AUC 0.9999 Pre 0.9903 Rec 0.9902
2026-08-26 21:57:04 | Epoch  28/100 | Train Loss 0.0053 Acc 0.9985 | Val Loss 0.0502 Acc 0.9910 AUC 0.9999 Pre 0.9910 Rec 0.9909
2026-08-26 21:57:09 | Epoch  29/100 | Train Loss 0.0048 Acc 0.9986 | Val Loss 0.0495 Acc 0.9905 AUC 0.9999 Pre 0.9906 Rec 0.9904
2026-08-26 21:57:14 | Epoch  30/100 | Train Loss 0.0043 Acc 0.9987 | Val Loss 0.0546 Acc 0.9906 AUC 0.9999 Pre 0.9906 Rec 0.9906
2026-08-26 21:57:18 | Epoch  31/100 | Train Loss 0.0067 Acc 0.9980 | Val Loss 0.0653 Acc 0.9885 AUC 0.9999 Pre 0.9887 Rec 0.9884
2026-08-26 21:57:23 | Epoch  32/100 | Train Loss 0.0065 Acc 0.9981 | Val Loss 0.0482 Acc 0.9911 AUC 0.9999 Pre 0.9910 Rec 0.9911
2026-08-26 21:57:28 | Epoch  33/100 | Train Loss 0.0057 Acc 0.9981 | Val Loss 0.0569 Acc 0.9902 AUC 0.9999 Pre 0.9901 Rec 0.9901
2026-08-26 21:57:32 | Epoch  34/100 | Train Loss 0.0073 Acc 0.9978 | Val Loss 0.0510 Acc 0.9902 AUC 0.9999 Pre 0.9901 Rec 0.9901
2026-08-26 21:57:32 | Val AUC did not improve for 10 consecutive epochs, early stopping at Epoch 34 (best AUC 0.9999 @ Epoch 24)
2026-08-26 21:57:33 | Run 1/5 | Test (best model @ Epoch 24) | Loss 0.0327 Acc 0.9911 AUC 1.0000 Pre 0.9910 Rec 0.9911
2026-08-26 21:57:33 | ===== Run 2/5 (seed 1) =====
2026-08-26 21:57:38 | Epoch   1/100 | Train Loss 0.3790 Acc 0.8758 | Val Loss 0.0933 Acc 0.9721 AUC 0.9993 Pre 0.9721 Rec 0.9719
2026-08-26 21:57:38 |   Val AUC improved to 0.9993, model saved
2026-08-26 21:57:42 | Epoch   2/100 | Train Loss 0.0865 Acc 0.9729 | Val Loss 0.0693 Acc 0.9796 AUC 0.9996 Pre 0.9796 Rec 0.9795
2026-08-26 21:57:42 |   Val AUC improved to 0.9996, model saved
2026-08-26 21:57:47 | Epoch   3/100 | Train Loss 0.0570 Acc 0.9823 | Val Loss 0.0539 Acc 0.9849 AUC 0.9997 Pre 0.9850 Rec 0.9848
2026-08-26 21:57:47 |   Val AUC improved to 0.9997, model saved
2026-08-26 21:57:52 | Epoch   4/100 | Train Loss 0.0441 Acc 0.9865 | Val Loss 0.0488 Acc 0.9856 AUC 0.9998 Pre 0.9858 Rec 0.9852
2026-08-26 21:57:52 |   Val AUC improved to 0.9998, model saved
2026-08-26 21:57:56 | Epoch   5/100 | Train Loss 0.0361 Acc 0.9886 | Val Loss 0.0425 Acc 0.9875 AUC 0.9998 Pre 0.9876 Rec 0.9873
2026-08-26 21:57:56 |   Val AUC improved to 0.9998, model saved
2026-08-26 21:58:01 | Epoch   6/100 | Train Loss 0.0283 Acc 0.9910 | Val Loss 0.0421 Acc 0.9885 AUC 0.9999 Pre 0.9884 Rec 0.9885
2026-08-26 21:58:01 |   Val AUC improved to 0.9999, model saved
2026-08-26 21:58:05 | Epoch   7/100 | Train Loss 0.0250 Acc 0.9918 | Val Loss 0.0414 Acc 0.9888 AUC 0.9999 Pre 0.9890 Rec 0.9887
2026-08-26 21:58:10 | Epoch   8/100 | Train Loss 0.0209 Acc 0.9931 | Val Loss 0.0388 Acc 0.9886 AUC 0.9999 Pre 0.9885 Rec 0.9886
2026-08-26 21:58:10 |   Val AUC improved to 0.9999, model saved
2026-08-26 21:58:15 | Epoch   9/100 | Train Loss 0.0195 Acc 0.9941 | Val Loss 0.0403 Acc 0.9888 AUC 0.9999 Pre 0.9888 Rec 0.9887
2026-08-26 21:58:15 |   Val AUC improved to 0.9999, model saved
2026-08-26 21:58:19 | Epoch  10/100 | Train Loss 0.0171 Acc 0.9946 | Val Loss 0.0418 Acc 0.9895 AUC 0.9999 Pre 0.9896 Rec 0.9894
2026-08-26 21:58:24 | Epoch  11/100 | Train Loss 0.0135 Acc 0.9956 | Val Loss 0.0432 Acc 0.9886 AUC 0.9999 Pre 0.9888 Rec 0.9885
2026-08-26 21:58:29 | Epoch  12/100 | Train Loss 0.0116 Acc 0.9960 | Val Loss 0.0417 Acc 0.9890 AUC 0.9999 Pre 0.9891 Rec 0.9889
2026-08-26 21:58:29 |   Val AUC improved to 0.9999, model saved
2026-08-26 21:58:33 | Epoch  13/100 | Train Loss 0.0101 Acc 0.9965 | Val Loss 0.0422 Acc 0.9891 AUC 0.9999 Pre 0.9892 Rec 0.9892
2026-08-26 21:58:33 |   Val AUC improved to 0.9999, model saved
2026-08-26 21:58:38 | Epoch  14/100 | Train Loss 0.0103 Acc 0.9968 | Val Loss 0.0430 Acc 0.9893 AUC 0.9999 Pre 0.9894 Rec 0.9892
2026-08-26 21:58:38 |   Val AUC improved to 0.9999, model saved
2026-08-26 21:58:43 | Epoch  15/100 | Train Loss 0.0099 Acc 0.9967 | Val Loss 0.0395 Acc 0.9906 AUC 0.9999 Pre 0.9906 Rec 0.9906
2026-08-26 21:58:43 |   Val AUC improved to 0.9999, model saved
2026-08-26 21:58:47 | Epoch  16/100 | Train Loss 0.0082 Acc 0.9975 | Val Loss 0.0424 Acc 0.9906 AUC 0.9999 Pre 0.9906 Rec 0.9905
2026-08-26 21:58:52 | Epoch  17/100 | Train Loss 0.0074 Acc 0.9975 | Val Loss 0.0464 Acc 0.9890 AUC 0.9999 Pre 0.9890 Rec 0.9890
2026-08-26 21:58:56 | Epoch  18/100 | Train Loss 0.0078 Acc 0.9974 | Val Loss 0.0421 Acc 0.9905 AUC 0.9999 Pre 0.9906 Rec 0.9904
2026-08-26 21:58:56 |   Val AUC improved to 0.9999, model saved
2026-08-26 21:59:01 | Epoch  19/100 | Train Loss 0.0075 Acc 0.9978 | Val Loss 0.0479 Acc 0.9905 AUC 0.9999 Pre 0.9905 Rec 0.9904
2026-08-26 21:59:05 | Epoch  20/100 | Train Loss 0.0095 Acc 0.9967 | Val Loss 0.0464 Acc 0.9897 AUC 0.9999 Pre 0.9897 Rec 0.9897
2026-08-26 21:59:10 | Epoch  21/100 | Train Loss 0.0082 Acc 0.9975 | Val Loss 0.0475 Acc 0.9897 AUC 0.9999 Pre 0.9899 Rec 0.9896
2026-08-26 21:59:15 | Epoch  22/100 | Train Loss 0.0060 Acc 0.9983 | Val Loss 0.0494 Acc 0.9908 AUC 0.9999 Pre 0.9909 Rec 0.9907
2026-08-26 21:59:19 | Epoch  23/100 | Train Loss 0.0073 Acc 0.9977 | Val Loss 0.0674 Acc 0.9887 AUC 0.9999 Pre 0.9889 Rec 0.9885
2026-08-26 21:59:24 | Epoch  24/100 | Train Loss 0.0067 Acc 0.9979 | Val Loss 0.0498 Acc 0.9902 AUC 0.9999 Pre 0.9903 Rec 0.9901
2026-08-26 21:59:28 | Epoch  25/100 | Train Loss 0.0066 Acc 0.9979 | Val Loss 0.0531 Acc 0.9893 AUC 0.9999 Pre 0.9893 Rec 0.9891
2026-08-26 21:59:33 | Epoch  26/100 | Train Loss 0.0055 Acc 0.9982 | Val Loss 0.0467 Acc 0.9908 AUC 0.9999 Pre 0.9908 Rec 0.9907
2026-08-26 21:59:38 | Epoch  27/100 | Train Loss 0.0042 Acc 0.9987 | Val Loss 0.0509 Acc 0.9903 AUC 0.9999 Pre 0.9903 Rec 0.9903
2026-08-26 21:59:42 | Epoch  28/100 | Train Loss 0.0045 Acc 0.9986 | Val Loss 0.0605 Acc 0.9894 AUC 0.9999 Pre 0.9896 Rec 0.9894
2026-08-26 21:59:42 | Val AUC did not improve for 10 consecutive epochs, early stopping at Epoch 28 (best AUC 0.9999 @ Epoch 18)
2026-08-26 21:59:43 | Run 2/5 | Test (best model @ Epoch 18) | Loss 0.0335 Acc 0.9913 AUC 1.0000 Pre 0.9913 Rec 0.9912
2026-08-26 21:59:43 | ===== Run 3/5 (seed 2) =====
2026-08-26 21:59:48 | Epoch   1/100 | Train Loss 0.4316 Acc 0.8554 | Val Loss 0.1040 Acc 0.9688 AUC 0.9992 Pre 0.9694 Rec 0.9684
2026-08-26 21:59:48 |   Val AUC improved to 0.9992, model saved
2026-08-26 21:59:52 | Epoch   2/100 | Train Loss 0.0877 Acc 0.9729 | Val Loss 0.0623 Acc 0.9800 AUC 0.9997 Pre 0.9799 Rec 0.9799
2026-08-26 21:59:52 |   Val AUC improved to 0.9997, model saved
2026-08-26 21:59:57 | Epoch   3/100 | Train Loss 0.0603 Acc 0.9809 | Val Loss 0.0508 Acc 0.9859 AUC 0.9998 Pre 0.9856 Rec 0.9859
2026-08-26 21:59:57 |   Val AUC improved to 0.9998, model saved
2026-08-26 22:00:02 | Epoch   4/100 | Train Loss 0.0455 Acc 0.9859 | Val Loss 0.0434 Acc 0.9872 AUC 0.9998 Pre 0.9872 Rec 0.9871
2026-08-26 22:00:02 |   Val AUC improved to 0.9998, model saved
2026-08-26 22:00:06 | Epoch   5/100 | Train Loss 0.0348 Acc 0.9892 | Val Loss 0.0451 Acc 0.9867 AUC 0.9998 Pre 0.9866 Rec 0.9866
2026-08-26 22:00:06 |   Val AUC improved to 0.9998, model saved
2026-08-26 22:00:11 | Epoch   6/100 | Train Loss 0.0297 Acc 0.9909 | Val Loss 0.0418 Acc 0.9876 AUC 0.9998 Pre 0.9877 Rec 0.9874
2026-08-26 22:00:15 | Epoch   7/100 | Train Loss 0.0266 Acc 0.9912 | Val Loss 0.0370 Acc 0.9899 AUC 0.9999 Pre 0.9898 Rec 0.9899
2026-08-26 22:00:15 |   Val AUC improved to 0.9999, model saved
2026-08-26 22:00:20 | Epoch   8/100 | Train Loss 0.0208 Acc 0.9931 | Val Loss 0.0401 Acc 0.9888 AUC 0.9999 Pre 0.9888 Rec 0.9887
2026-08-26 22:00:25 | Epoch   9/100 | Train Loss 0.0187 Acc 0.9937 | Val Loss 0.0375 Acc 0.9904 AUC 0.9999 Pre 0.9904 Rec 0.9903
2026-08-26 22:00:29 | Epoch  10/100 | Train Loss 0.0165 Acc 0.9947 | Val Loss 0.0366 Acc 0.9905 AUC 0.9999 Pre 0.9906 Rec 0.9904
2026-08-26 22:00:29 |   Val AUC improved to 0.9999, model saved
2026-08-26 22:00:34 | Epoch  11/100 | Train Loss 0.0133 Acc 0.9959 | Val Loss 0.0361 Acc 0.9911 AUC 0.9999 Pre 0.9911 Rec 0.9910
2026-08-26 22:00:39 | Epoch  12/100 | Train Loss 0.0132 Acc 0.9956 | Val Loss 0.0399 Acc 0.9913 AUC 0.9999 Pre 0.9913 Rec 0.9911
2026-08-26 22:00:39 |   Val AUC improved to 0.9999, model saved
2026-08-26 22:00:43 | Epoch  13/100 | Train Loss 0.0119 Acc 0.9961 | Val Loss 0.0397 Acc 0.9901 AUC 0.9999 Pre 0.9901 Rec 0.9901
2026-08-26 22:00:48 | Epoch  14/100 | Train Loss 0.0106 Acc 0.9967 | Val Loss 0.0413 Acc 0.9904 AUC 0.9999 Pre 0.9904 Rec 0.9903
2026-08-26 22:00:53 | Epoch  15/100 | Train Loss 0.0083 Acc 0.9974 | Val Loss 0.0440 Acc 0.9900 AUC 0.9999 Pre 0.9900 Rec 0.9899
2026-08-26 22:00:53 |   Val AUC improved to 0.9999, model saved
2026-08-26 22:00:58 | Epoch  16/100 | Train Loss 0.0077 Acc 0.9977 | Val Loss 0.0409 Acc 0.9906 AUC 0.9999 Pre 0.9905 Rec 0.9905
2026-08-26 22:01:02 | Epoch  17/100 | Train Loss 0.0067 Acc 0.9982 | Val Loss 0.0428 Acc 0.9901 AUC 0.9999 Pre 0.9900 Rec 0.9900
2026-08-26 22:01:02 |   Val AUC improved to 0.9999, model saved
2026-08-26 22:01:07 | Epoch  18/100 | Train Loss 0.0089 Acc 0.9973 | Val Loss 0.0440 Acc 0.9908 AUC 0.9999 Pre 0.9907 Rec 0.9908
2026-08-26 22:01:12 | Epoch  19/100 | Train Loss 0.0099 Acc 0.9967 | Val Loss 0.0504 Acc 0.9889 AUC 0.9999 Pre 0.9890 Rec 0.9888
2026-08-26 22:01:16 | Epoch  20/100 | Train Loss 0.0078 Acc 0.9975 | Val Loss 0.0450 Acc 0.9897 AUC 0.9999 Pre 0.9895 Rec 0.9897
2026-08-26 22:01:21 | Epoch  21/100 | Train Loss 0.0060 Acc 0.9981 | Val Loss 0.0443 Acc 0.9910 AUC 0.9999 Pre 0.9910 Rec 0.9909
2026-08-26 22:01:26 | Epoch  22/100 | Train Loss 0.0064 Acc 0.9982 | Val Loss 0.0500 Acc 0.9900 AUC 0.9999 Pre 0.9900 Rec 0.9900
2026-08-26 22:01:30 | Epoch  23/100 | Train Loss 0.0071 Acc 0.9979 | Val Loss 0.0496 Acc 0.9900 AUC 0.9999 Pre 0.9900 Rec 0.9899
2026-08-26 22:01:35 | Epoch  24/100 | Train Loss 0.0068 Acc 0.9980 | Val Loss 0.0468 Acc 0.9906 AUC 0.9999 Pre 0.9905 Rec 0.9905
2026-08-26 22:01:40 | Epoch  25/100 | Train Loss 0.0064 Acc 0.9981 | Val Loss 0.0501 Acc 0.9908 AUC 0.9999 Pre 0.9909 Rec 0.9907
2026-08-26 22:01:44 | Epoch  26/100 | Train Loss 0.0049 Acc 0.9986 | Val Loss 0.0533 Acc 0.9905 AUC 0.9999 Pre 0.9905 Rec 0.9904
2026-08-26 22:01:49 | Epoch  27/100 | Train Loss 0.0042 Acc 0.9986 | Val Loss 0.0548 Acc 0.9888 AUC 0.9999 Pre 0.9888 Rec 0.9886
2026-08-26 22:01:49 | Val AUC did not improve for 10 consecutive epochs, early stopping at Epoch 27 (best AUC 0.9999 @ Epoch 17)
2026-08-26 22:01:50 | Run 3/5 | Test (best model @ Epoch 17) | Loss 0.0315 Acc 0.9914 AUC 1.0000 Pre 0.9913 Rec 0.9913
2026-08-26 22:01:50 | ===== Run 4/5 (seed 3) =====
2026-08-26 22:01:55 | Epoch   1/100 | Train Loss 0.4100 Acc 0.8640 | Val Loss 0.1069 Acc 0.9682 AUC 0.9991 Pre 0.9685 Rec 0.9681
2026-08-26 22:01:55 |   Val AUC improved to 0.9991, model saved
2026-08-26 22:01:59 | Epoch   2/100 | Train Loss 0.0875 Acc 0.9732 | Val Loss 0.0678 Acc 0.9791 AUC 0.9997 Pre 0.9793 Rec 0.9790
2026-08-26 22:01:59 |   Val AUC improved to 0.9997, model saved
2026-08-26 22:02:04 | Epoch   3/100 | Train Loss 0.0578 Acc 0.9816 | Val Loss 0.0547 Acc 0.9839 AUC 0.9998 Pre 0.9840 Rec 0.9836
2026-08-26 22:02:04 |   Val AUC improved to 0.9998, model saved
2026-08-26 22:02:09 | Epoch   4/100 | Train Loss 0.0465 Acc 0.9847 | Val Loss 0.0519 Acc 0.9854 AUC 0.9998 Pre 0.9853 Rec 0.9852
2026-08-26 22:02:09 |   Val AUC improved to 0.9998, model saved
2026-08-26 22:02:14 | Epoch   5/100 | Train Loss 0.0369 Acc 0.9883 | Val Loss 0.0406 Acc 0.9870 AUC 0.9998 Pre 0.9868 Rec 0.9870
2026-08-26 22:02:14 |   Val AUC improved to 0.9998, model saved
2026-08-26 22:02:18 | Epoch   6/100 | Train Loss 0.0311 Acc 0.9901 | Val Loss 0.0354 Acc 0.9899 AUC 0.9999 Pre 0.9898 Rec 0.9897
2026-08-26 22:02:18 |   Val AUC improved to 0.9999, model saved
2026-08-26 22:02:23 | Epoch   7/100 | Train Loss 0.0253 Acc 0.9923 | Val Loss 0.0400 Acc 0.9885 AUC 0.9999 Pre 0.9885 Rec 0.9884
2026-08-26 22:02:28 | Epoch   8/100 | Train Loss 0.0221 Acc 0.9927 | Val Loss 0.0422 Acc 0.9891 AUC 0.9999 Pre 0.9892 Rec 0.9889
2026-08-26 22:02:32 | Epoch   9/100 | Train Loss 0.0202 Acc 0.9935 | Val Loss 0.0370 Acc 0.9894 AUC 0.9999 Pre 0.9895 Rec 0.9893
2026-08-26 22:02:32 |   Val AUC improved to 0.9999, model saved
2026-08-26 22:02:37 | Epoch  10/100 | Train Loss 0.0154 Acc 0.9951 | Val Loss 0.0362 Acc 0.9902 AUC 0.9999 Pre 0.9901 Rec 0.9902
2026-08-26 22:02:37 |   Val AUC improved to 0.9999, model saved
2026-08-26 22:02:42 | Epoch  11/100 | Train Loss 0.0154 Acc 0.9949 | Val Loss 0.0343 Acc 0.9907 AUC 0.9999 Pre 0.9907 Rec 0.9906
2026-08-26 22:02:46 | Epoch  12/100 | Train Loss 0.0133 Acc 0.9957 | Val Loss 0.0411 Acc 0.9902 AUC 0.9999 Pre 0.9903 Rec 0.9901
2026-08-26 22:02:51 | Epoch  13/100 | Train Loss 0.0111 Acc 0.9965 | Val Loss 0.0406 Acc 0.9899 AUC 0.9999 Pre 0.9898 Rec 0.9899
2026-08-26 22:02:56 | Epoch  14/100 | Train Loss 0.0088 Acc 0.9974 | Val Loss 0.0428 Acc 0.9890 AUC 0.9999 Pre 0.9890 Rec 0.9889
2026-08-26 22:03:00 | Epoch  15/100 | Train Loss 0.0105 Acc 0.9967 | Val Loss 0.0404 Acc 0.9893 AUC 0.9999 Pre 0.9893 Rec 0.9891
2026-08-26 22:03:00 |   Val AUC improved to 0.9999, model saved
2026-08-26 22:03:05 | Epoch  16/100 | Train Loss 0.0100 Acc 0.9965 | Val Loss 0.0525 Acc 0.9887 AUC 0.9999 Pre 0.9887 Rec 0.9885
2026-08-26 22:03:10 | Epoch  17/100 | Train Loss 0.0112 Acc 0.9962 | Val Loss 0.0373 Acc 0.9913 AUC 0.9999 Pre 0.9912 Rec 0.9912
2026-08-26 22:03:14 | Epoch  18/100 | Train Loss 0.0073 Acc 0.9975 | Val Loss 0.0394 Acc 0.9917 AUC 0.9999 Pre 0.9917 Rec 0.9917
2026-08-26 22:03:15 |   Val AUC improved to 0.9999, model saved
2026-08-26 22:03:19 | Epoch  19/100 | Train Loss 0.0084 Acc 0.9974 | Val Loss 0.0446 Acc 0.9906 AUC 0.9999 Pre 0.9906 Rec 0.9905
2026-08-26 22:03:24 | Epoch  20/100 | Train Loss 0.0077 Acc 0.9978 | Val Loss 0.0518 Acc 0.9901 AUC 0.9999 Pre 0.9904 Rec 0.9899
2026-08-26 22:03:28 | Epoch  21/100 | Train Loss 0.0068 Acc 0.9979 | Val Loss 0.0445 Acc 0.9902 AUC 0.9999 Pre 0.9902 Rec 0.9901
2026-08-26 22:03:33 | Epoch  22/100 | Train Loss 0.0049 Acc 0.9986 | Val Loss 0.0452 Acc 0.9905 AUC 0.9999 Pre 0.9906 Rec 0.9904
2026-08-26 22:03:33 |   Val AUC improved to 0.9999, model saved
2026-08-26 22:03:38 | Epoch  23/100 | Train Loss 0.0080 Acc 0.9973 | Val Loss 0.0470 Acc 0.9896 AUC 0.9999 Pre 0.9895 Rec 0.9895
2026-08-26 22:03:42 | Epoch  24/100 | Train Loss 0.0102 Acc 0.9966 | Val Loss 0.0429 Acc 0.9903 AUC 0.9999 Pre 0.9903 Rec 0.9902
2026-08-26 22:03:47 | Epoch  25/100 | Train Loss 0.0060 Acc 0.9981 | Val Loss 0.0484 Acc 0.9897 AUC 0.9999 Pre 0.9897 Rec 0.9895
2026-08-26 22:03:52 | Epoch  26/100 | Train Loss 0.0030 Acc 0.9992 | Val Loss 0.0507 Acc 0.9902 AUC 0.9999 Pre 0.9902 Rec 0.9901
2026-08-26 22:03:52 |   Val AUC improved to 0.9999, model saved
2026-08-26 22:03:56 | Epoch  27/100 | Train Loss 0.0041 Acc 0.9990 | Val Loss 0.0527 Acc 0.9912 AUC 0.9999 Pre 0.9912 Rec 0.9911
2026-08-26 22:04:01 | Epoch  28/100 | Train Loss 0.0066 Acc 0.9979 | Val Loss 0.0472 Acc 0.9909 AUC 0.9999 Pre 0.9909 Rec 0.9908
2026-08-26 22:04:06 | Epoch  29/100 | Train Loss 0.0073 Acc 0.9978 | Val Loss 0.0459 Acc 0.9908 AUC 0.9999 Pre 0.9909 Rec 0.9907
2026-08-26 22:04:10 | Epoch  30/100 | Train Loss 0.0069 Acc 0.9980 | Val Loss 0.0481 Acc 0.9908 AUC 0.9999 Pre 0.9908 Rec 0.9908
2026-08-26 22:04:15 | Epoch  31/100 | Train Loss 0.0044 Acc 0.9985 | Val Loss 0.0566 Acc 0.9899 AUC 0.9999 Pre 0.9900 Rec 0.9898
2026-08-26 22:04:20 | Epoch  32/100 | Train Loss 0.0050 Acc 0.9988 | Val Loss 0.0627 Acc 0.9890 AUC 0.9999 Pre 0.9889 Rec 0.9890
2026-08-26 22:04:24 | Epoch  33/100 | Train Loss 0.0076 Acc 0.9977 | Val Loss 0.0498 Acc 0.9906 AUC 0.9999 Pre 0.9905 Rec 0.9905
2026-08-26 22:04:29 | Epoch  34/100 | Train Loss 0.0044 Acc 0.9987 | Val Loss 0.0527 Acc 0.9903 AUC 0.9999 Pre 0.9902 Rec 0.9903
2026-08-26 22:04:34 | Epoch  35/100 | Train Loss 0.0041 Acc 0.9989 | Val Loss 0.0574 Acc 0.9908 AUC 0.9999 Pre 0.9910 Rec 0.9906
2026-08-26 22:04:39 | Epoch  36/100 | Train Loss 0.0039 Acc 0.9986 | Val Loss 0.0470 Acc 0.9919 AUC 0.9999 Pre 0.9919 Rec 0.9919
2026-08-26 22:04:39 |   Val AUC improved to 0.9999, model saved
2026-08-26 22:04:43 | Epoch  37/100 | Train Loss 0.0053 Acc 0.9986 | Val Loss 0.0672 Acc 0.9893 AUC 0.9998 Pre 0.9893 Rec 0.9892
2026-08-26 22:04:48 | Epoch  38/100 | Train Loss 0.0047 Acc 0.9987 | Val Loss 0.0577 Acc 0.9912 AUC 0.9999 Pre 0.9912 Rec 0.9911
2026-08-26 22:04:53 | Epoch  39/100 | Train Loss 0.0047 Acc 0.9986 | Val Loss 0.0563 Acc 0.9919 AUC 0.9999 Pre 0.9919 Rec 0.9919
2026-08-26 22:04:57 | Epoch  40/100 | Train Loss 0.0048 Acc 0.9985 | Val Loss 0.0593 Acc 0.9908 AUC 0.9999 Pre 0.9908 Rec 0.9907
2026-08-26 22:05:02 | Epoch  41/100 | Train Loss 0.0052 Acc 0.9986 | Val Loss 0.0536 Acc 0.9922 AUC 0.9999 Pre 0.9922 Rec 0.9921
2026-08-26 22:05:07 | Epoch  42/100 | Train Loss 0.0039 Acc 0.9990 | Val Loss 0.0581 Acc 0.9909 AUC 0.9999 Pre 0.9908 Rec 0.9909
2026-08-26 22:05:11 | Epoch  43/100 | Train Loss 0.0043 Acc 0.9988 | Val Loss 0.0580 Acc 0.9912 AUC 0.9999 Pre 0.9912 Rec 0.9910
2026-08-26 22:05:16 | Epoch  44/100 | Train Loss 0.0033 Acc 0.9990 | Val Loss 0.0640 Acc 0.9913 AUC 0.9999 Pre 0.9914 Rec 0.9912
2026-08-26 22:05:21 | Epoch  45/100 | Train Loss 0.0015 Acc 0.9997 | Val Loss 0.0512 Acc 0.9924 AUC 0.9999 Pre 0.9924 Rec 0.9924
2026-08-26 22:05:25 | Epoch  46/100 | Train Loss 0.0019 Acc 0.9997 | Val Loss 0.0598 Acc 0.9920 AUC 0.9999 Pre 0.9920 Rec 0.9919
2026-08-26 22:05:25 | Val AUC did not improve for 10 consecutive epochs, early stopping at Epoch 46 (best AUC 0.9999 @ Epoch 36)
2026-08-26 22:05:26 | Run 4/5 | Test (best model @ Epoch 36) | Loss 0.0412 Acc 0.9921 AUC 1.0000 Pre 0.9920 Rec 0.9920
2026-08-26 22:05:26 | ===== Run 5/5 (seed 4) =====
2026-08-26 22:05:31 | Epoch   1/100 | Train Loss 0.4079 Acc 0.8650 | Val Loss 0.1011 Acc 0.9691 AUC 0.9992 Pre 0.9688 Rec 0.9692
2026-08-26 22:05:31 |   Val AUC improved to 0.9992, model saved
2026-08-26 22:05:36 | Epoch   2/100 | Train Loss 0.0890 Acc 0.9723 | Val Loss 0.0644 Acc 0.9828 AUC 0.9996 Pre 0.9828 Rec 0.9827
2026-08-26 22:05:36 |   Val AUC improved to 0.9996, model saved
2026-08-26 22:05:40 | Epoch   3/100 | Train Loss 0.0577 Acc 0.9821 | Val Loss 0.0538 Acc 0.9841 AUC 0.9998 Pre 0.9841 Rec 0.9840
2026-08-26 22:05:40 |   Val AUC improved to 0.9998, model saved
2026-08-26 22:05:45 | Epoch   4/100 | Train Loss 0.0441 Acc 0.9862 | Val Loss 0.0444 Acc 0.9869 AUC 0.9998 Pre 0.9869 Rec 0.9868
2026-08-26 22:05:45 |   Val AUC improved to 0.9998, model saved
2026-08-26 22:05:49 | Epoch   5/100 | Train Loss 0.0354 Acc 0.9886 | Val Loss 0.0464 Acc 0.9868 AUC 0.9998 Pre 0.9869 Rec 0.9868
2026-08-26 22:05:49 |   Val AUC improved to 0.9998, model saved
2026-08-26 22:05:54 | Epoch   6/100 | Train Loss 0.0294 Acc 0.9902 | Val Loss 0.0413 Acc 0.9875 AUC 0.9999 Pre 0.9874 Rec 0.9874
2026-08-26 22:05:54 |   Val AUC improved to 0.9999, model saved
2026-08-26 22:05:59 | Epoch   7/100 | Train Loss 0.0262 Acc 0.9917 | Val Loss 0.0391 Acc 0.9894 AUC 0.9999 Pre 0.9894 Rec 0.9892
2026-08-26 22:06:04 | Epoch   8/100 | Train Loss 0.0221 Acc 0.9930 | Val Loss 0.0375 Acc 0.9894 AUC 0.9999 Pre 0.9894 Rec 0.9892
2026-08-26 22:06:04 |   Val AUC improved to 0.9999, model saved
2026-08-26 22:06:08 | Epoch   9/100 | Train Loss 0.0173 Acc 0.9947 | Val Loss 0.0429 Acc 0.9898 AUC 0.9999 Pre 0.9899 Rec 0.9897
2026-08-26 22:06:13 | Epoch  10/100 | Train Loss 0.0171 Acc 0.9946 | Val Loss 0.0335 Acc 0.9908 AUC 0.9999 Pre 0.9909 Rec 0.9906
2026-08-26 22:06:13 |   Val AUC improved to 0.9999, model saved
2026-08-26 22:06:17 | Epoch  11/100 | Train Loss 0.0141 Acc 0.9956 | Val Loss 0.0428 Acc 0.9898 AUC 0.9999 Pre 0.9899 Rec 0.9897
2026-08-26 22:06:22 | Epoch  12/100 | Train Loss 0.0126 Acc 0.9955 | Val Loss 0.0408 Acc 0.9902 AUC 0.9999 Pre 0.9902 Rec 0.9903
2026-08-26 22:06:27 | Epoch  13/100 | Train Loss 0.0123 Acc 0.9964 | Val Loss 0.0422 Acc 0.9890 AUC 0.9999 Pre 0.9891 Rec 0.9888
2026-08-26 22:06:31 | Epoch  14/100 | Train Loss 0.0099 Acc 0.9968 | Val Loss 0.0398 Acc 0.9907 AUC 0.9999 Pre 0.9907 Rec 0.9907
2026-08-26 22:06:36 | Epoch  15/100 | Train Loss 0.0113 Acc 0.9965 | Val Loss 0.0493 Acc 0.9901 AUC 0.9999 Pre 0.9902 Rec 0.9900
2026-08-26 22:06:41 | Epoch  16/100 | Train Loss 0.0095 Acc 0.9970 | Val Loss 0.0480 Acc 0.9903 AUC 0.9999 Pre 0.9903 Rec 0.9902
2026-08-26 22:06:46 | Epoch  17/100 | Train Loss 0.0098 Acc 0.9969 | Val Loss 0.0419 Acc 0.9911 AUC 0.9999 Pre 0.9910 Rec 0.9910
2026-08-26 22:06:50 | Epoch  18/100 | Train Loss 0.0069 Acc 0.9977 | Val Loss 0.0456 Acc 0.9898 AUC 0.9999 Pre 0.9898 Rec 0.9897
2026-08-26 22:06:55 | Epoch  19/100 | Train Loss 0.0070 Acc 0.9973 | Val Loss 0.0464 Acc 0.9888 AUC 0.9999 Pre 0.9888 Rec 0.9887
2026-08-26 22:06:55 |   Val AUC improved to 0.9999, model saved
2026-08-26 22:06:59 | Epoch  20/100 | Train Loss 0.0084 Acc 0.9972 | Val Loss 0.0380 Acc 0.9915 AUC 0.9999 Pre 0.9915 Rec 0.9914
2026-08-26 22:06:59 |   Val AUC improved to 0.9999, model saved
2026-08-26 22:07:04 | Epoch  21/100 | Train Loss 0.0073 Acc 0.9977 | Val Loss 0.0428 Acc 0.9909 AUC 0.9999 Pre 0.9909 Rec 0.9909
2026-08-26 22:07:08 | Epoch  22/100 | Train Loss 0.0053 Acc 0.9982 | Val Loss 0.0651 Acc 0.9861 AUC 0.9999 Pre 0.9862 Rec 0.9859
2026-08-26 22:07:13 | Epoch  23/100 | Train Loss 0.0090 Acc 0.9972 | Val Loss 0.0464 Acc 0.9903 AUC 0.9999 Pre 0.9903 Rec 0.9903
2026-08-26 22:07:18 | Epoch  24/100 | Train Loss 0.0073 Acc 0.9977 | Val Loss 0.0613 Acc 0.9896 AUC 0.9999 Pre 0.9897 Rec 0.9895
2026-08-26 22:07:22 | Epoch  25/100 | Train Loss 0.0069 Acc 0.9978 | Val Loss 0.0505 Acc 0.9906 AUC 0.9999 Pre 0.9905 Rec 0.9905
2026-08-26 22:07:27 | Epoch  26/100 | Train Loss 0.0076 Acc 0.9977 | Val Loss 0.0464 Acc 0.9901 AUC 0.9999 Pre 0.9901 Rec 0.9900
2026-08-26 22:07:31 | Epoch  27/100 | Train Loss 0.0043 Acc 0.9987 | Val Loss 0.0513 Acc 0.9900 AUC 0.9999 Pre 0.9901 Rec 0.9899
2026-08-26 22:07:36 | Epoch  28/100 | Train Loss 0.0056 Acc 0.9984 | Val Loss 0.0546 Acc 0.9895 AUC 0.9999 Pre 0.9897 Rec 0.9891
2026-08-26 22:07:41 | Epoch  29/100 | Train Loss 0.0057 Acc 0.9985 | Val Loss 0.0499 Acc 0.9900 AUC 0.9999 Pre 0.9901 Rec 0.9899
2026-08-26 22:07:45 | Epoch  30/100 | Train Loss 0.0074 Acc 0.9979 | Val Loss 0.0524 Acc 0.9903 AUC 0.9999 Pre 0.9903 Rec 0.9903
2026-08-26 22:07:45 | Val AUC did not improve for 10 consecutive epochs, early stopping at Epoch 30 (best AUC 0.9999 @ Epoch 20)
2026-08-26 22:07:46 | Run 5/5 | Test (best model @ Epoch 20) | Loss 0.0375 Acc 0.9910 AUC 0.9999 Pre 0.9910 Rec 0.9909
2026-08-26 22:07:46 | Average over 5 runs | Test Loss 0.0353±0.0040 Acc 0.9914±0.0004 AUC 1.0000±0.0000 Pre 0.9913±0.0004 Rec 0.9913±0.0004
