2026-09-02 08:03:17 | Device: cuda
2026-09-02 08:03:17 | Args: {'model': 'opb', 'backbone': 'mlp', 'task': 'housing', 'epochs': 100, 'batch_size': 512, 'lr': 0.001, 'hidden_dims': [512, 256], 'dropout': 0.2, 'z_dim': 256, 'anchor_scale': 2.0, 'energy_classifier': False, 'tied_head': True, 'max_len': 250, 'random_labels': False, 'beta': 0.0001, 'patience': 10, 'runs': 5, 'seed': 0, 'data_dir': './data', 'save_path': 'output/california_mlp_opb/california_mlp_opb.pt', 'log_path': '/root/autodl-tmp/IB/tune_results/california_mlp_opb_beta_0.0001_anchor_2/train.log', 'no_save': True}
2026-09-02 08:03:17 | ===== Run 1/5 (seed 0) =====
2026-09-02 08:03:18 | Epoch   1/100 | Train Loss 0.2284 | Val Loss 0.0438 MAE 0.6744 R2 0.3698
2026-09-02 08:03:18 |   Val R2 improved to 0.3698, model saved
2026-09-02 08:03:18 | Epoch   2/100 | Train Loss 0.0462 | Val Loss 0.0498 MAE 0.5389 R2 0.3965
2026-09-02 08:03:18 |   Val R2 improved to 0.3965, model saved
2026-09-02 08:03:19 | Epoch   3/100 | Train Loss 3.6507 | Val Loss 0.0732 MAE 0.5980 R2 0.1852
2026-09-02 08:03:19 | Epoch   4/100 | Train Loss 0.1886 | Val Loss 0.0392 MAE 0.5267 R2 0.6416
2026-09-02 08:03:19 |   Val R2 improved to 0.6416, model saved
2026-09-02 08:03:19 | Epoch   5/100 | Train Loss 392.1043 | Val Loss 0.1031 MAE 0.5095 R2 -0.5803
2026-09-02 08:03:19 | Epoch   6/100 | Train Loss 0.0715 | Val Loss 0.0249 MAE 0.4713 R2 0.6908
2026-09-02 08:03:19 |   Val R2 improved to 0.6908, model saved
2026-09-02 08:03:20 | Epoch   7/100 | Train Loss 0.0901 | Val Loss 0.0255 MAE 0.4445 R2 0.6659
2026-09-02 08:03:20 | Epoch   8/100 | Train Loss 0.0379 | Val Loss 0.0220 MAE 0.4544 R2 0.6945
2026-09-02 08:03:20 |   Val R2 improved to 0.6945, model saved
2026-09-02 08:03:20 | Epoch   9/100 | Train Loss 0.0349 | Val Loss 0.0210 MAE 0.4492 R2 0.7099
2026-09-02 08:03:20 |   Val R2 improved to 0.7099, model saved
2026-09-02 08:03:20 | Epoch  10/100 | Train Loss 0.0347 | Val Loss 0.0238 MAE 0.4477 R2 0.6693
2026-09-02 08:03:21 | Epoch  11/100 | Train Loss 0.0321 | Val Loss 0.0196 MAE 0.4249 R2 0.7284
2026-09-02 08:03:21 |   Val R2 improved to 0.7284, model saved
2026-09-02 08:03:21 | Epoch  12/100 | Train Loss 0.0304 | Val Loss 0.0196 MAE 0.4216 R2 0.7266
2026-09-02 08:03:21 | Epoch  13/100 | Train Loss 0.0294 | Val Loss 0.0619 MAE 0.4399 R2 0.0044
2026-09-02 08:03:21 | Epoch  14/100 | Train Loss 0.0325 | Val Loss 0.0219 MAE 0.4169 R2 0.6984
2026-09-02 08:03:22 | Epoch  15/100 | Train Loss 0.0319 | Val Loss 0.0255 MAE 0.4234 R2 0.6473
2026-09-02 08:03:22 | Epoch  16/100 | Train Loss 0.0339 | Val Loss 0.0225 MAE 0.4208 R2 0.7011
2026-09-02 08:03:22 | Epoch  17/100 | Train Loss 0.0282 | Val Loss 0.0188 MAE 0.4062 R2 0.7503
2026-09-02 08:03:22 |   Val R2 improved to 0.7503, model saved
2026-09-02 08:03:22 | Epoch  18/100 | Train Loss 0.0273 | Val Loss 0.0202 MAE 0.4102 R2 0.7167
2026-09-02 08:03:23 | Epoch  19/100 | Train Loss 0.0261 | Val Loss 0.0223 MAE 0.4096 R2 0.6812
2026-09-02 08:03:23 | Epoch  20/100 | Train Loss 0.0264 | Val Loss 0.0183 MAE 0.4224 R2 0.7497
2026-09-02 08:03:23 | Epoch  21/100 | Train Loss 0.0270 | Val Loss 0.0188 MAE 0.4053 R2 0.7408
2026-09-02 08:03:23 | Epoch  22/100 | Train Loss 0.0268 | Val Loss 0.0190 MAE 0.4004 R2 0.7352
2026-09-02 08:03:24 | Epoch  23/100 | Train Loss 0.6543 | Val Loss 0.0619 MAE 0.4309 R2 0.0353
2026-09-02 08:03:24 | Epoch  24/100 | Train Loss 0.0411 | Val Loss 0.0204 MAE 0.4122 R2 0.7450
2026-09-02 08:03:24 | Epoch  25/100 | Train Loss 0.0279 | Val Loss 0.0498 MAE 0.4172 R2 0.2374
2026-09-02 08:03:24 | Epoch  26/100 | Train Loss 0.0337 | Val Loss 0.0195 MAE 0.4254 R2 0.7368
2026-09-02 08:03:25 | Epoch  27/100 | Train Loss 2.5048 | Val Loss 0.0387 MAE 0.4873 R2 0.4197
2026-09-02 08:03:25 | Val R2 did not improve for 10 consecutive epochs, early stopping at Epoch 27 (best R2 0.7503 @ Epoch 17)
2026-09-02 08:03:25 | Run 1/5 | Test (best model @ Epoch 17) | Loss 0.0177 MAE 0.4081 R2 0.7338
2026-09-02 08:03:25 | ===== Run 2/5 (seed 1) =====
2026-09-02 08:03:25 | Epoch   1/100 | Train Loss 0.2443 | Val Loss 0.0581 MAE 0.6219 R2 0.1194
2026-09-02 08:03:25 |   Val R2 improved to 0.1194, model saved
2026-09-02 08:03:25 | Epoch   2/100 | Train Loss 0.0671 | Val Loss 0.0663 MAE 0.5692 R2 0.1852
2026-09-02 08:03:25 |   Val R2 improved to 0.1852, model saved
2026-09-02 08:03:25 | Epoch   3/100 | Train Loss 0.9455 | Val Loss 0.0450 MAE 0.6446 R2 0.4121
2026-09-02 08:03:25 |   Val R2 improved to 0.4121, model saved
2026-09-02 08:03:26 | Epoch   4/100 | Train Loss 0.0366 | Val Loss 0.0255 MAE 0.4727 R2 0.6572
2026-09-02 08:03:26 |   Val R2 improved to 0.6572, model saved
2026-09-02 08:03:26 | Epoch   5/100 | Train Loss 0.0936 | Val Loss 0.0338 MAE 0.4910 R2 0.4942
2026-09-02 08:03:26 | Epoch   6/100 | Train Loss 0.0290 | Val Loss 0.0243 MAE 0.4640 R2 0.6457
2026-09-02 08:03:26 | Epoch   7/100 | Train Loss 0.0264 | Val Loss 0.0201 MAE 0.4370 R2 0.7229
2026-09-02 08:03:26 |   Val R2 improved to 0.7229, model saved
2026-09-02 08:03:27 | Epoch   8/100 | Train Loss 0.0237 | Val Loss 0.0198 MAE 0.4316 R2 0.7169
2026-09-02 08:03:27 | Epoch   9/100 | Train Loss 0.0222 | Val Loss 0.0205 MAE 0.4401 R2 0.6967
2026-09-02 08:03:27 | Epoch  10/100 | Train Loss 0.0215 | Val Loss 0.0181 MAE 0.4242 R2 0.7308
2026-09-02 08:03:27 |   Val R2 improved to 0.7308, model saved
2026-09-02 08:03:27 | Epoch  11/100 | Train Loss 0.0206 | Val Loss 0.0172 MAE 0.4198 R2 0.7386
2026-09-02 08:03:27 |   Val R2 improved to 0.7386, model saved
2026-09-02 08:03:28 | Epoch  12/100 | Train Loss 0.0196 | Val Loss 0.0171 MAE 0.4186 R2 0.7368
2026-09-02 08:03:28 | Epoch  13/100 | Train Loss 0.0196 | Val Loss 0.0167 MAE 0.4198 R2 0.7397
2026-09-02 08:03:28 |   Val R2 improved to 0.7397, model saved
2026-09-02 08:03:28 | Epoch  14/100 | Train Loss 0.0190 | Val Loss 0.0163 MAE 0.4135 R2 0.7410
2026-09-02 08:03:28 |   Val R2 improved to 0.7410, model saved
2026-09-02 08:03:28 | Epoch  15/100 | Train Loss 0.0190 | Val Loss 0.0162 MAE 0.4173 R2 0.7417
2026-09-02 08:03:28 |   Val R2 improved to 0.7417, model saved
2026-09-02 08:03:29 | Epoch  16/100 | Train Loss 0.0187 | Val Loss 0.0158 MAE 0.4129 R2 0.7475
2026-09-02 08:03:29 |   Val R2 improved to 0.7475, model saved
2026-09-02 08:03:29 | Epoch  17/100 | Train Loss 0.0185 | Val Loss 0.0159 MAE 0.4034 R2 0.7459
2026-09-02 08:03:29 | Epoch  18/100 | Train Loss 0.0178 | Val Loss 0.0154 MAE 0.4011 R2 0.7539
2026-09-02 08:03:29 |   Val R2 improved to 0.7539, model saved
2026-09-02 08:03:29 | Epoch  19/100 | Train Loss 0.0178 | Val Loss 0.0152 MAE 0.4005 R2 0.7547
2026-09-02 08:03:29 |   Val R2 improved to 0.7547, model saved
2026-09-02 08:03:30 | Epoch  20/100 | Train Loss 0.0176 | Val Loss 0.0146 MAE 0.3994 R2 0.7599
2026-09-02 08:03:30 |   Val R2 improved to 0.7599, model saved
2026-09-02 08:03:30 | Epoch  21/100 | Train Loss 0.0175 | Val Loss 0.0146 MAE 0.3982 R2 0.7595
2026-09-02 08:03:30 | Epoch  22/100 | Train Loss 0.0174 | Val Loss 0.0144 MAE 0.3945 R2 0.7641
2026-09-02 08:03:30 |   Val R2 improved to 0.7641, model saved
2026-09-02 08:03:30 | Epoch  23/100 | Train Loss 0.0170 | Val Loss 0.0148 MAE 0.4161 R2 0.7562
2026-09-02 08:03:31 | Epoch  24/100 | Train Loss 0.0168 | Val Loss 0.0143 MAE 0.3917 R2 0.7658
2026-09-02 08:03:31 |   Val R2 improved to 0.7658, model saved
2026-09-02 08:03:31 | Epoch  25/100 | Train Loss 0.0167 | Val Loss 0.0142 MAE 0.3912 R2 0.7671
2026-09-02 08:03:31 |   Val R2 improved to 0.7671, model saved
2026-09-02 08:03:31 | Epoch  26/100 | Train Loss 0.0164 | Val Loss 0.0143 MAE 0.3917 R2 0.7658
2026-09-02 08:03:32 | Epoch  27/100 | Train Loss 0.0165 | Val Loss 0.0143 MAE 0.3867 R2 0.7680
2026-09-02 08:03:32 |   Val R2 improved to 0.7680, model saved
2026-09-02 08:03:32 | Epoch  28/100 | Train Loss 0.0162 | Val Loss 0.0140 MAE 0.3918 R2 0.7697
2026-09-02 08:03:32 |   Val R2 improved to 0.7697, model saved
2026-09-02 08:03:32 | Epoch  29/100 | Train Loss 0.0163 | Val Loss 0.0139 MAE 0.3895 R2 0.7709
2026-09-02 08:03:32 |   Val R2 improved to 0.7709, model saved
2026-09-02 08:03:32 | Epoch  30/100 | Train Loss 0.0158 | Val Loss 0.0137 MAE 0.3912 R2 0.7737
2026-09-02 08:03:32 |   Val R2 improved to 0.7737, model saved
2026-09-02 08:03:33 | Epoch  31/100 | Train Loss 0.0158 | Val Loss 0.0136 MAE 0.3807 R2 0.7754
2026-09-02 08:03:33 |   Val R2 improved to 0.7754, model saved
2026-09-02 08:03:33 | Epoch  32/100 | Train Loss 0.0156 | Val Loss 0.0137 MAE 0.3820 R2 0.7737
2026-09-02 08:03:33 | Epoch  33/100 | Train Loss 0.0155 | Val Loss 0.0134 MAE 0.3831 R2 0.7780
2026-09-02 08:03:33 |   Val R2 improved to 0.7780, model saved
2026-09-02 08:03:33 | Epoch  34/100 | Train Loss 0.0154 | Val Loss 0.0135 MAE 0.3812 R2 0.7766
2026-09-02 08:03:34 | Epoch  35/100 | Train Loss 0.0157 | Val Loss 0.0140 MAE 0.3796 R2 0.7686
2026-09-02 08:03:34 | Epoch  36/100 | Train Loss 0.0155 | Val Loss 0.0138 MAE 0.3775 R2 0.7711
2026-09-02 08:03:34 | Epoch  37/100 | Train Loss 0.0154 | Val Loss 0.0133 MAE 0.3752 R2 0.7799
2026-09-02 08:03:34 |   Val R2 improved to 0.7799, model saved
2026-09-02 08:03:34 | Epoch  38/100 | Train Loss 0.0152 | Val Loss 0.0144 MAE 0.3869 R2 0.7611
2026-09-02 08:03:35 | Epoch  39/100 | Train Loss 0.0151 | Val Loss 0.0138 MAE 0.3771 R2 0.7719
2026-09-02 08:03:35 | Epoch  40/100 | Train Loss 0.0148 | Val Loss 0.0142 MAE 0.3861 R2 0.7638
2026-09-02 08:03:35 | Epoch  41/100 | Train Loss 0.0151 | Val Loss 0.0139 MAE 0.4060 R2 0.7695
2026-09-02 08:03:35 | Epoch  42/100 | Train Loss 0.0152 | Val Loss 0.0134 MAE 0.3767 R2 0.7780
2026-09-02 08:03:36 | Epoch  43/100 | Train Loss 0.0148 | Val Loss 0.0134 MAE 0.3758 R2 0.7783
2026-09-02 08:03:36 | Epoch  44/100 | Train Loss 0.0148 | Val Loss 0.0133 MAE 0.3743 R2 0.7806
2026-09-02 08:03:36 |   Val R2 improved to 0.7806, model saved
2026-09-02 08:03:36 | Epoch  45/100 | Train Loss 0.0146 | Val Loss 0.0132 MAE 0.3733 R2 0.7815
2026-09-02 08:03:36 |   Val R2 improved to 0.7815, model saved
2026-09-02 08:03:36 | Epoch  46/100 | Train Loss 0.0146 | Val Loss 0.0132 MAE 0.3798 R2 0.7821
2026-09-02 08:03:36 |   Val R2 improved to 0.7821, model saved
2026-09-02 08:03:37 | Epoch  47/100 | Train Loss 0.0145 | Val Loss 0.0129 MAE 0.3801 R2 0.7859
2026-09-02 08:03:37 |   Val R2 improved to 0.7859, model saved
2026-09-02 08:03:37 | Epoch  48/100 | Train Loss 0.0148 | Val Loss 0.0133 MAE 0.3726 R2 0.7794
2026-09-02 08:03:37 | Epoch  49/100 | Train Loss 0.0146 | Val Loss 0.0140 MAE 0.3813 R2 0.7777
2026-09-02 08:03:37 | Epoch  50/100 | Train Loss 0.0146 | Val Loss 0.0133 MAE 0.3756 R2 0.7841
2026-09-02 08:03:38 | Epoch  51/100 | Train Loss 0.0141 | Val Loss 0.0131 MAE 0.3737 R2 0.7826
2026-09-02 08:03:38 | Epoch  52/100 | Train Loss 0.0146 | Val Loss 0.0130 MAE 0.3731 R2 0.7855
2026-09-02 08:03:38 | Epoch  53/100 | Train Loss 0.0141 | Val Loss 0.0131 MAE 0.3688 R2 0.7829
2026-09-02 08:03:38 | Epoch  54/100 | Train Loss 0.0144 | Val Loss 0.0131 MAE 0.3719 R2 0.7824
2026-09-02 08:03:39 | Epoch  55/100 | Train Loss 0.0140 | Val Loss 0.0128 MAE 0.3696 R2 0.7875
2026-09-02 08:03:39 |   Val R2 improved to 0.7875, model saved
2026-09-02 08:03:39 | Epoch  56/100 | Train Loss 0.0141 | Val Loss 0.0129 MAE 0.3661 R2 0.7862
2026-09-02 08:03:39 | Epoch  57/100 | Train Loss 0.0139 | Val Loss 0.0131 MAE 0.3806 R2 0.7822
2026-09-02 08:03:39 | Epoch  58/100 | Train Loss 0.0142 | Val Loss 0.0127 MAE 0.3709 R2 0.7889
2026-09-02 08:03:39 |   Val R2 improved to 0.7889, model saved
2026-09-02 08:03:40 | Epoch  59/100 | Train Loss 0.0139 | Val Loss 0.0130 MAE 0.3721 R2 0.7845
2026-09-02 08:03:40 | Epoch  60/100 | Train Loss 0.0140 | Val Loss 0.0128 MAE 0.3640 R2 0.7883
2026-09-02 08:03:40 | Epoch  61/100 | Train Loss 0.0139 | Val Loss 0.0126 MAE 0.3644 R2 0.7917
2026-09-02 08:03:40 |   Val R2 improved to 0.7917, model saved
2026-09-02 08:03:41 | Epoch  62/100 | Train Loss 0.0136 | Val Loss 0.0127 MAE 0.3682 R2 0.7888
2026-09-02 08:03:41 | Epoch  63/100 | Train Loss 0.0135 | Val Loss 0.0126 MAE 0.3675 R2 0.7904
2026-09-02 08:03:41 | Epoch  64/100 | Train Loss 0.0137 | Val Loss 0.0127 MAE 0.3647 R2 0.7902
2026-09-02 08:03:41 | Epoch  65/100 | Train Loss 0.0138 | Val Loss 0.0127 MAE 0.3672 R2 0.7891
2026-09-02 08:03:42 | Epoch  66/100 | Train Loss 0.0138 | Val Loss 0.0129 MAE 0.3680 R2 0.7856
2026-09-02 08:03:42 | Epoch  67/100 | Train Loss 0.0138 | Val Loss 0.0129 MAE 0.3663 R2 0.7858
2026-09-02 08:03:42 | Epoch  68/100 | Train Loss 0.0138 | Val Loss 0.0127 MAE 0.3680 R2 0.7894
2026-09-02 08:03:42 | Epoch  69/100 | Train Loss 0.0135 | Val Loss 0.0127 MAE 0.3718 R2 0.7893
2026-09-02 08:03:43 | Epoch  70/100 | Train Loss 0.0135 | Val Loss 0.0126 MAE 0.3611 R2 0.7908
2026-09-02 08:03:43 | Epoch  71/100 | Train Loss 0.0136 | Val Loss 0.0129 MAE 0.3751 R2 0.7855
2026-09-02 08:03:43 | Val R2 did not improve for 10 consecutive epochs, early stopping at Epoch 71 (best R2 0.7917 @ Epoch 61)
2026-09-02 08:03:43 | Run 2/5 | Test (best model @ Epoch 61) | Loss 0.0126 MAE 0.3644 R2 0.7808
2026-09-02 08:03:43 | ===== Run 3/5 (seed 2) =====
2026-09-02 08:03:43 | Epoch   1/100 | Train Loss 0.2308 | Val Loss 0.0446 MAE 0.6560 R2 0.3645
2026-09-02 08:03:43 |   Val R2 improved to 0.3645, model saved
2026-09-02 08:03:43 | Epoch   2/100 | Train Loss 0.0428 | Val Loss 0.0534 MAE 0.5766 R2 0.3165
2026-09-02 08:03:44 | Epoch   3/100 | Train Loss 0.0312 | Val Loss 0.0697 MAE 0.5188 R2 -0.0215
2026-09-02 08:03:44 | Epoch   4/100 | Train Loss 0.0542 | Val Loss 0.0357 MAE 0.4719 R2 0.6489
2026-09-02 08:03:44 |   Val R2 improved to 0.6489, model saved
2026-09-02 08:03:44 | Epoch   5/100 | Train Loss 0.0273 | Val Loss 0.0281 MAE 0.4912 R2 0.6175
2026-09-02 08:03:45 | Epoch   6/100 | Train Loss 1.8209 | Val Loss 0.0378 MAE 0.4495 R2 0.6879
2026-09-02 08:03:45 |   Val R2 improved to 0.6879, model saved
2026-09-02 08:03:45 | Epoch   7/100 | Train Loss 5.5764 | Val Loss 0.0447 MAE 0.5097 R2 0.5299
2026-09-02 08:03:45 | Epoch   8/100 | Train Loss 0.0378 | Val Loss 0.0330 MAE 0.4763 R2 0.6356
2026-09-02 08:03:45 | Epoch   9/100 | Train Loss 13.8463 | Val Loss 0.0422 MAE 0.4822 R2 0.3529
2026-09-02 08:03:46 | Epoch  10/100 | Train Loss 0.0406 | Val Loss 0.0265 MAE 0.4440 R2 0.6576
2026-09-02 08:03:46 | Epoch  11/100 | Train Loss 0.0365 | Val Loss 0.0258 MAE 0.4374 R2 0.6651
2026-09-02 08:03:46 | Epoch  12/100 | Train Loss 0.0354 | Val Loss 0.0246 MAE 0.4597 R2 0.6728
2026-09-02 08:03:46 | Epoch  13/100 | Train Loss 0.0318 | Val Loss 0.0242 MAE 0.4506 R2 0.6703
2026-09-02 08:03:47 | Epoch  14/100 | Train Loss 0.0302 | Val Loss 0.0200 MAE 0.4229 R2 0.7387
2026-09-02 08:03:47 |   Val R2 improved to 0.7387, model saved
2026-09-02 08:03:47 | Epoch  15/100 | Train Loss 0.0315 | Val Loss 0.0220 MAE 0.4214 R2 0.7092
2026-09-02 08:03:47 | Epoch  16/100 | Train Loss 0.0286 | Val Loss 0.0256 MAE 0.4601 R2 0.6472
2026-09-02 08:03:48 | Epoch  17/100 | Train Loss 0.0329 | Val Loss 0.0304 MAE 0.4332 R2 0.5499
2026-09-02 08:03:48 | Epoch  18/100 | Train Loss 0.0291 | Val Loss 0.0261 MAE 0.4159 R2 0.6409
2026-09-02 08:03:48 | Epoch  19/100 | Train Loss 0.0275 | Val Loss 0.0182 MAE 0.4126 R2 0.7488
2026-09-02 08:03:48 |   Val R2 improved to 0.7488, model saved
2026-09-02 08:03:48 | Epoch  20/100 | Train Loss 0.0269 | Val Loss 0.0187 MAE 0.4142 R2 0.7387
2026-09-02 08:03:48 | Epoch  21/100 | Train Loss 0.0257 | Val Loss 0.0191 MAE 0.4372 R2 0.7309
2026-09-02 08:03:49 | Epoch  22/100 | Train Loss 0.0265 | Val Loss 0.0198 MAE 0.4070 R2 0.7231
2026-09-02 08:03:49 | Epoch  23/100 | Train Loss 0.0264 | Val Loss 0.0191 MAE 0.4564 R2 0.7309
2026-09-02 08:03:49 | Epoch  24/100 | Train Loss 0.0254 | Val Loss 0.0172 MAE 0.4009 R2 0.7595
2026-09-02 08:03:49 |   Val R2 improved to 0.7595, model saved
2026-09-02 08:03:49 | Epoch  25/100 | Train Loss 0.0248 | Val Loss 0.0174 MAE 0.3957 R2 0.7575
2026-09-02 08:03:50 | Epoch  26/100 | Train Loss 0.0249 | Val Loss 0.0184 MAE 0.4077 R2 0.7339
2026-09-02 08:03:50 | Epoch  27/100 | Train Loss 0.0241 | Val Loss 0.0179 MAE 0.3994 R2 0.7424
2026-09-02 08:03:50 | Epoch  28/100 | Train Loss 0.0246 | Val Loss 0.0168 MAE 0.4092 R2 0.7591
2026-09-02 08:03:51 | Epoch  29/100 | Train Loss 0.0235 | Val Loss 0.0167 MAE 0.4037 R2 0.7588
2026-09-02 08:03:51 | Epoch  30/100 | Train Loss 0.0235 | Val Loss 0.0198 MAE 0.3950 R2 0.7077
2026-09-02 08:03:51 | Epoch  31/100 | Train Loss 0.0228 | Val Loss 0.0160 MAE 0.3990 R2 0.7675
2026-09-02 08:03:51 |   Val R2 improved to 0.7675, model saved
2026-09-02 08:03:51 | Epoch  32/100 | Train Loss 0.0222 | Val Loss 0.0160 MAE 0.3967 R2 0.7656
2026-09-02 08:03:52 | Epoch  33/100 | Train Loss 0.0221 | Val Loss 0.0159 MAE 0.3870 R2 0.7674
2026-09-02 08:03:52 | Epoch  34/100 | Train Loss 0.0222 | Val Loss 0.0158 MAE 0.4060 R2 0.7674
2026-09-02 08:03:52 | Epoch  35/100 | Train Loss 0.0219 | Val Loss 0.0157 MAE 0.3858 R2 0.7678
2026-09-02 08:03:52 |   Val R2 improved to 0.7678, model saved
2026-09-02 08:03:52 | Epoch  36/100 | Train Loss 0.0215 | Val Loss 0.0159 MAE 0.3836 R2 0.7615
2026-09-02 08:03:53 | Epoch  37/100 | Train Loss 0.0220 | Val Loss 0.0177 MAE 0.3956 R2 0.7294
2026-09-02 08:03:53 | Epoch  38/100 | Train Loss 0.0210 | Val Loss 0.0169 MAE 0.4275 R2 0.7434
2026-09-02 08:03:53 | Epoch  39/100 | Train Loss 0.0212 | Val Loss 0.0153 MAE 0.3813 R2 0.7686
2026-09-02 08:03:53 |   Val R2 improved to 0.7686, model saved
2026-09-02 08:03:53 | Epoch  40/100 | Train Loss 0.0211 | Val Loss 0.0173 MAE 0.4191 R2 0.7379
2026-09-02 08:03:54 | Epoch  41/100 | Train Loss 0.0212 | Val Loss 0.0163 MAE 0.3873 R2 0.7490
2026-09-02 08:03:54 | Epoch  42/100 | Train Loss 0.0202 | Val Loss 0.0145 MAE 0.3784 R2 0.7786
2026-09-02 08:03:54 |   Val R2 improved to 0.7786, model saved
2026-09-02 08:03:54 | Epoch  43/100 | Train Loss 0.0198 | Val Loss 0.0158 MAE 0.3819 R2 0.7586
2026-09-02 08:03:54 | Epoch  44/100 | Train Loss 0.0201 | Val Loss 0.0157 MAE 0.3804 R2 0.7585
2026-09-02 08:03:55 | Epoch  45/100 | Train Loss 0.0199 | Val Loss 0.0149 MAE 0.3793 R2 0.7701
2026-09-02 08:03:55 | Epoch  46/100 | Train Loss 0.0195 | Val Loss 0.0145 MAE 0.3890 R2 0.7781
2026-09-02 08:03:55 | Epoch  47/100 | Train Loss 0.0194 | Val Loss 0.0146 MAE 0.3768 R2 0.7751
2026-09-02 08:03:55 | Epoch  48/100 | Train Loss 0.0191 | Val Loss 0.0142 MAE 0.3759 R2 0.7827
2026-09-02 08:03:55 |   Val R2 improved to 0.7827, model saved
2026-09-02 08:03:56 | Epoch  49/100 | Train Loss 0.0187 | Val Loss 0.0142 MAE 0.3777 R2 0.7796
2026-09-02 08:03:56 | Epoch  50/100 | Train Loss 0.0185 | Val Loss 0.0144 MAE 0.3901 R2 0.7779
2026-09-02 08:03:56 | Epoch  51/100 | Train Loss 0.0189 | Val Loss 0.0144 MAE 0.3977 R2 0.7764
2026-09-02 08:03:56 | Epoch  52/100 | Train Loss 0.0190 | Val Loss 0.0141 MAE 0.3753 R2 0.7805
2026-09-02 08:03:57 | Epoch  53/100 | Train Loss 0.0188 | Val Loss 0.0139 MAE 0.3729 R2 0.7835
2026-09-02 08:03:57 |   Val R2 improved to 0.7835, model saved
2026-09-02 08:03:57 | Epoch  54/100 | Train Loss 0.0184 | Val Loss 0.0150 MAE 0.3948 R2 0.7648
2026-09-02 08:03:57 | Epoch  55/100 | Train Loss 0.0182 | Val Loss 0.0139 MAE 0.3844 R2 0.7832
2026-09-02 08:03:57 | Epoch  56/100 | Train Loss 0.0182 | Val Loss 0.0143 MAE 0.3913 R2 0.7776
2026-09-02 08:03:58 | Epoch  57/100 | Train Loss 0.0178 | Val Loss 0.0140 MAE 0.3802 R2 0.7807
2026-09-02 08:03:58 | Epoch  58/100 | Train Loss 0.0179 | Val Loss 0.0140 MAE 0.3728 R2 0.7820
2026-09-02 08:03:58 | Epoch  59/100 | Train Loss 0.0176 | Val Loss 0.0135 MAE 0.3710 R2 0.7877
2026-09-02 08:03:58 |   Val R2 improved to 0.7877, model saved
2026-09-02 08:03:58 | Epoch  60/100 | Train Loss 0.0175 | Val Loss 0.0150 MAE 0.3795 R2 0.7617
2026-09-02 08:03:59 | Epoch  61/100 | Train Loss 0.0176 | Val Loss 0.0147 MAE 0.3746 R2 0.7672
2026-09-02 08:03:59 | Epoch  62/100 | Train Loss 0.0182 | Val Loss 0.0156 MAE 0.4109 R2 0.7517
2026-09-02 08:03:59 | Epoch  63/100 | Train Loss 0.0174 | Val Loss 0.0142 MAE 0.3715 R2 0.7755
2026-09-02 08:03:59 | Epoch  64/100 | Train Loss 0.0179 | Val Loss 0.0135 MAE 0.3729 R2 0.7855
2026-09-02 08:04:00 | Epoch  65/100 | Train Loss 0.0170 | Val Loss 0.0135 MAE 0.3788 R2 0.7861
2026-09-02 08:04:00 | Epoch  66/100 | Train Loss 0.0170 | Val Loss 0.0134 MAE 0.3732 R2 0.7873
2026-09-02 08:04:00 | Epoch  67/100 | Train Loss 0.0170 | Val Loss 0.0134 MAE 0.3729 R2 0.7878
2026-09-02 08:04:00 |   Val R2 improved to 0.7878, model saved
2026-09-02 08:04:00 | Epoch  68/100 | Train Loss 0.0168 | Val Loss 0.0133 MAE 0.3664 R2 0.7882
2026-09-02 08:04:00 |   Val R2 improved to 0.7882, model saved
2026-09-02 08:04:01 | Epoch  69/100 | Train Loss 0.0166 | Val Loss 0.0134 MAE 0.3709 R2 0.7877
2026-09-02 08:04:01 | Epoch  70/100 | Train Loss 0.0166 | Val Loss 0.0136 MAE 0.3853 R2 0.7831
2026-09-02 08:04:01 | Epoch  71/100 | Train Loss 0.0166 | Val Loss 0.0133 MAE 0.3665 R2 0.7895
2026-09-02 08:04:01 |   Val R2 improved to 0.7895, model saved
2026-09-02 08:04:02 | Epoch  72/100 | Train Loss 0.0165 | Val Loss 0.0134 MAE 0.3769 R2 0.7867
2026-09-02 08:04:02 | Epoch  73/100 | Train Loss 0.0164 | Val Loss 0.0143 MAE 0.3757 R2 0.7698
2026-09-02 08:04:02 | Epoch  74/100 | Train Loss 0.0159 | Val Loss 0.0132 MAE 0.3802 R2 0.7885
2026-09-02 08:04:02 | Epoch  75/100 | Train Loss 0.0163 | Val Loss 0.0133 MAE 0.3742 R2 0.7873
2026-09-02 08:04:03 | Epoch  76/100 | Train Loss 0.0160 | Val Loss 0.0131 MAE 0.3727 R2 0.7904
2026-09-02 08:04:03 |   Val R2 improved to 0.7904, model saved
2026-09-02 08:04:03 | Epoch  77/100 | Train Loss 0.0159 | Val Loss 0.0132 MAE 0.3791 R2 0.7885
2026-09-02 08:04:03 | Epoch  78/100 | Train Loss 0.0156 | Val Loss 0.0129 MAE 0.3629 R2 0.7925
2026-09-02 08:04:03 |   Val R2 improved to 0.7925, model saved
2026-09-02 08:04:03 | Epoch  79/100 | Train Loss 0.0157 | Val Loss 0.0131 MAE 0.3615 R2 0.7895
2026-09-02 08:04:04 | Epoch  80/100 | Train Loss 0.0159 | Val Loss 0.0133 MAE 0.3672 R2 0.7855
2026-09-02 08:04:04 | Epoch  81/100 | Train Loss 0.0158 | Val Loss 0.0137 MAE 0.3723 R2 0.7788
2026-09-02 08:04:04 | Epoch  82/100 | Train Loss 0.0162 | Val Loss 0.0134 MAE 0.3654 R2 0.7840
2026-09-02 08:04:04 | Epoch  83/100 | Train Loss 0.0153 | Val Loss 0.0132 MAE 0.3801 R2 0.7888
2026-09-02 08:04:04 | Epoch  84/100 | Train Loss 0.0155 | Val Loss 0.0198 MAE 0.3718 R2 0.6757
2026-09-02 08:04:05 | Epoch  85/100 | Train Loss 0.0156 | Val Loss 0.0130 MAE 0.3646 R2 0.7907
2026-09-02 08:04:05 | Epoch  86/100 | Train Loss 0.0153 | Val Loss 0.0130 MAE 0.3729 R2 0.7914
2026-09-02 08:04:05 | Epoch  87/100 | Train Loss 0.0152 | Val Loss 0.0129 MAE 0.3667 R2 0.7925
2026-09-02 08:04:06 | Epoch  88/100 | Train Loss 0.0155 | Val Loss 0.0129 MAE 0.3620 R2 0.7922
2026-09-02 08:04:06 | Val R2 did not improve for 10 consecutive epochs, early stopping at Epoch 88 (best R2 0.7925 @ Epoch 78)
2026-09-02 08:04:06 | Run 3/5 | Test (best model @ Epoch 78) | Loss 0.0128 MAE 0.3605 R2 0.7829
2026-09-02 08:04:06 | ===== Run 4/5 (seed 3) =====
2026-09-02 08:04:06 | Epoch   1/100 | Train Loss 0.2031 | Val Loss 0.0633 MAE 0.6213 R2 0.2094
2026-09-02 08:04:06 |   Val R2 improved to 0.2094, model saved
2026-09-02 08:04:06 | Epoch   2/100 | Train Loss 0.0500 | Val Loss 0.0329 MAE 0.5444 R2 0.6085
2026-09-02 08:04:06 |   Val R2 improved to 0.6085, model saved
2026-09-02 08:04:06 | Epoch   3/100 | Train Loss 0.0296 | Val Loss 0.0209 MAE 0.4805 R2 0.6739
2026-09-02 08:04:06 |   Val R2 improved to 0.6739, model saved
2026-09-02 08:04:06 | Epoch   4/100 | Train Loss 0.0254 | Val Loss 0.0193 MAE 0.4536 R2 0.6894
2026-09-02 08:04:06 |   Val R2 improved to 0.6894, model saved
2026-09-02 08:04:07 | Epoch   5/100 | Train Loss 0.0233 | Val Loss 0.0202 MAE 0.4579 R2 0.6872
2026-09-02 08:04:07 | Epoch   6/100 | Train Loss 0.0217 | Val Loss 0.0187 MAE 0.4376 R2 0.7192
2026-09-02 08:04:07 |   Val R2 improved to 0.7192, model saved
2026-09-02 08:04:07 | Epoch   7/100 | Train Loss 0.0213 | Val Loss 0.0203 MAE 0.4495 R2 0.6767
2026-09-02 08:04:07 | Epoch   8/100 | Train Loss 0.0208 | Val Loss 0.0178 MAE 0.4351 R2 0.7059
2026-09-02 08:04:07 | Epoch   9/100 | Train Loss 0.0197 | Val Loss 0.0164 MAE 0.4221 R2 0.7292
2026-09-02 08:04:07 |   Val R2 improved to 0.7292, model saved
2026-09-02 08:04:08 | Epoch  10/100 | Train Loss 0.0191 | Val Loss 0.0169 MAE 0.4218 R2 0.7197
2026-09-02 08:04:08 | Epoch  11/100 | Train Loss 0.0189 | Val Loss 0.0158 MAE 0.4122 R2 0.7389
2026-09-02 08:04:08 |   Val R2 improved to 0.7389, model saved
2026-09-02 08:04:08 | Epoch  12/100 | Train Loss 0.0187 | Val Loss 0.0155 MAE 0.4108 R2 0.7497
2026-09-02 08:04:08 |   Val R2 improved to 0.7497, model saved
2026-09-02 08:04:08 | Epoch  13/100 | Train Loss 0.0181 | Val Loss 0.0158 MAE 0.4079 R2 0.7420
2026-09-02 08:04:09 | Epoch  14/100 | Train Loss 0.0177 | Val Loss 0.0147 MAE 0.4084 R2 0.7568
2026-09-02 08:04:09 |   Val R2 improved to 0.7568, model saved
2026-09-02 08:04:09 | Epoch  15/100 | Train Loss 0.0176 | Val Loss 0.0150 MAE 0.4066 R2 0.7515
2026-09-02 08:04:09 | Epoch  16/100 | Train Loss 0.0170 | Val Loss 0.0146 MAE 0.3955 R2 0.7576
2026-09-02 08:04:09 |   Val R2 improved to 0.7576, model saved
2026-09-02 08:04:09 | Epoch  17/100 | Train Loss 0.0169 | Val Loss 0.0147 MAE 0.3985 R2 0.7570
2026-09-02 08:04:09 | Epoch  18/100 | Train Loss 0.0172 | Val Loss 0.0155 MAE 0.3993 R2 0.7468
2026-09-02 08:04:09 | Epoch  19/100 | Train Loss 0.0168 | Val Loss 0.0143 MAE 0.3941 R2 0.7643
2026-09-02 08:04:09 |   Val R2 improved to 0.7643, model saved
2026-09-02 08:04:09 | Epoch  20/100 | Train Loss 0.0161 | Val Loss 0.0152 MAE 0.4005 R2 0.7489
2026-09-02 08:04:10 | Epoch  21/100 | Train Loss 0.0163 | Val Loss 0.0142 MAE 0.4035 R2 0.7651
2026-09-02 08:04:10 |   Val R2 improved to 0.7651, model saved
2026-09-02 08:04:10 | Epoch  22/100 | Train Loss 0.0162 | Val Loss 0.0139 MAE 0.3954 R2 0.7703
2026-09-02 08:04:10 |   Val R2 improved to 0.7703, model saved
2026-09-02 08:04:10 | Epoch  23/100 | Train Loss 0.0160 | Val Loss 0.0137 MAE 0.3884 R2 0.7732
2026-09-02 08:04:10 |   Val R2 improved to 0.7732, model saved
2026-09-02 08:04:10 | Epoch  24/100 | Train Loss 0.0159 | Val Loss 0.0139 MAE 0.3861 R2 0.7694
2026-09-02 08:04:10 | Epoch  25/100 | Train Loss 0.0159 | Val Loss 0.0139 MAE 0.3815 R2 0.7699
2026-09-02 08:04:10 | Epoch  26/100 | Train Loss 0.0156 | Val Loss 0.0143 MAE 0.3825 R2 0.7637
2026-09-02 08:04:11 | Epoch  27/100 | Train Loss 0.0154 | Val Loss 0.0142 MAE 0.3854 R2 0.7643
2026-09-02 08:04:11 | Epoch  28/100 | Train Loss 0.0155 | Val Loss 0.0134 MAE 0.3756 R2 0.7776
2026-09-02 08:04:11 |   Val R2 improved to 0.7776, model saved
2026-09-02 08:04:11 | Epoch  29/100 | Train Loss 0.0151 | Val Loss 0.0135 MAE 0.3782 R2 0.7758
2026-09-02 08:04:11 | Epoch  30/100 | Train Loss 0.0152 | Val Loss 0.0141 MAE 0.4056 R2 0.7655
2026-09-02 08:04:11 | Epoch  31/100 | Train Loss 0.0158 | Val Loss 0.0133 MAE 0.3791 R2 0.7800
2026-09-02 08:04:11 |   Val R2 improved to 0.7800, model saved
2026-09-02 08:04:11 | Epoch  32/100 | Train Loss 0.0151 | Val Loss 0.0132 MAE 0.3754 R2 0.7811
2026-09-02 08:04:11 |   Val R2 improved to 0.7811, model saved
2026-09-02 08:04:12 | Epoch  33/100 | Train Loss 0.0150 | Val Loss 0.0132 MAE 0.3739 R2 0.7814
2026-09-02 08:04:12 |   Val R2 improved to 0.7814, model saved
2026-09-02 08:04:12 | Epoch  34/100 | Train Loss 0.0148 | Val Loss 0.0134 MAE 0.3757 R2 0.7788
2026-09-02 08:04:12 | Epoch  35/100 | Train Loss 0.0148 | Val Loss 0.0136 MAE 0.3784 R2 0.7749
2026-09-02 08:04:12 | Epoch  36/100 | Train Loss 0.0148 | Val Loss 0.0135 MAE 0.3837 R2 0.7804
2026-09-02 08:04:12 | Epoch  37/100 | Train Loss 0.0146 | Val Loss 0.0130 MAE 0.3731 R2 0.7857
2026-09-02 08:04:12 |   Val R2 improved to 0.7857, model saved
2026-09-02 08:04:12 | Epoch  38/100 | Train Loss 0.0145 | Val Loss 0.0148 MAE 0.3759 R2 0.7637
2026-09-02 08:04:13 | Epoch  39/100 | Train Loss 0.0147 | Val Loss 0.0130 MAE 0.3691 R2 0.7840
2026-09-02 08:04:13 | Epoch  40/100 | Train Loss 0.0145 | Val Loss 0.0131 MAE 0.3689 R2 0.7825
2026-09-02 08:04:13 | Epoch  41/100 | Train Loss 0.0144 | Val Loss 0.0129 MAE 0.3739 R2 0.7855
2026-09-02 08:04:13 | Epoch  42/100 | Train Loss 0.0142 | Val Loss 0.0132 MAE 0.3752 R2 0.7804
2026-09-02 08:04:13 | Epoch  43/100 | Train Loss 0.0143 | Val Loss 0.0128 MAE 0.3719 R2 0.7876
2026-09-02 08:04:13 |   Val R2 improved to 0.7876, model saved
2026-09-02 08:04:13 | Epoch  44/100 | Train Loss 0.0143 | Val Loss 0.0134 MAE 0.3709 R2 0.7777
2026-09-02 08:04:14 | Epoch  45/100 | Train Loss 0.0139 | Val Loss 0.0138 MAE 0.4021 R2 0.7710
2026-09-02 08:04:14 | Epoch  46/100 | Train Loss 0.0146 | Val Loss 0.0135 MAE 0.3757 R2 0.7755
2026-09-02 08:04:14 | Epoch  47/100 | Train Loss 0.0142 | Val Loss 0.0133 MAE 0.3820 R2 0.7794
2026-09-02 08:04:14 | Epoch  48/100 | Train Loss 0.0140 | Val Loss 0.0131 MAE 0.3699 R2 0.7820
2026-09-02 08:04:14 | Epoch  49/100 | Train Loss 0.0138 | Val Loss 0.0129 MAE 0.3734 R2 0.7869
2026-09-02 08:04:14 | Epoch  50/100 | Train Loss 0.0139 | Val Loss 0.0127 MAE 0.3653 R2 0.7891
2026-09-02 08:04:14 |   Val R2 improved to 0.7891, model saved
2026-09-02 08:04:14 | Epoch  51/100 | Train Loss 0.0139 | Val Loss 0.0129 MAE 0.3650 R2 0.7866
2026-09-02 08:04:15 | Epoch  52/100 | Train Loss 0.0136 | Val Loss 0.0129 MAE 0.3727 R2 0.7864
2026-09-02 08:04:15 | Epoch  53/100 | Train Loss 0.0139 | Val Loss 0.0127 MAE 0.3654 R2 0.7898
2026-09-02 08:04:15 |   Val R2 improved to 0.7898, model saved
2026-09-02 08:04:15 | Epoch  54/100 | Train Loss 0.0140 | Val Loss 0.0129 MAE 0.3665 R2 0.7855
2026-09-02 08:04:15 | Epoch  55/100 | Train Loss 0.0135 | Val Loss 0.0126 MAE 0.3677 R2 0.7901
2026-09-02 08:04:15 |   Val R2 improved to 0.7901, model saved
2026-09-02 08:04:15 | Epoch  56/100 | Train Loss 0.0139 | Val Loss 0.0132 MAE 0.3692 R2 0.7814
2026-09-02 08:04:16 | Epoch  57/100 | Train Loss 0.0136 | Val Loss 0.0127 MAE 0.3668 R2 0.7892
2026-09-02 08:04:16 | Epoch  58/100 | Train Loss 0.0140 | Val Loss 0.0149 MAE 0.3944 R2 0.7519
2026-09-02 08:04:16 | Epoch  59/100 | Train Loss 0.0138 | Val Loss 0.0126 MAE 0.3659 R2 0.7902
2026-09-02 08:04:16 |   Val R2 improved to 0.7902, model saved
2026-09-02 08:04:16 | Epoch  60/100 | Train Loss 0.0135 | Val Loss 0.0129 MAE 0.3808 R2 0.7855
2026-09-02 08:04:16 | Epoch  61/100 | Train Loss 0.0136 | Val Loss 0.0131 MAE 0.3651 R2 0.7849
2026-09-02 08:04:16 | Epoch  62/100 | Train Loss 0.0133 | Val Loss 0.0132 MAE 0.3627 R2 0.7800
2026-09-02 08:04:16 | Epoch  63/100 | Train Loss 0.0136 | Val Loss 0.0133 MAE 0.3676 R2 0.7783
2026-09-02 08:04:17 | Epoch  64/100 | Train Loss 0.0133 | Val Loss 0.0126 MAE 0.3581 R2 0.7913
2026-09-02 08:04:17 |   Val R2 improved to 0.7913, model saved
2026-09-02 08:04:17 | Epoch  65/100 | Train Loss 0.0132 | Val Loss 0.0126 MAE 0.3654 R2 0.7913
2026-09-02 08:04:17 |   Val R2 improved to 0.7913, model saved
2026-09-02 08:04:17 | Epoch  66/100 | Train Loss 0.0132 | Val Loss 0.0127 MAE 0.3774 R2 0.7892
2026-09-02 08:04:17 | Epoch  67/100 | Train Loss 0.0134 | Val Loss 0.0129 MAE 0.3636 R2 0.7854
2026-09-02 08:04:17 | Epoch  68/100 | Train Loss 0.0132 | Val Loss 0.0125 MAE 0.3601 R2 0.7927
2026-09-02 08:04:17 |   Val R2 improved to 0.7927, model saved
2026-09-02 08:04:17 | Epoch  69/100 | Train Loss 0.0132 | Val Loss 0.0128 MAE 0.3675 R2 0.7866
2026-09-02 08:04:18 | Epoch  70/100 | Train Loss 0.0132 | Val Loss 0.0139 MAE 0.3794 R2 0.7688
2026-09-02 08:04:18 | Epoch  71/100 | Train Loss 0.0132 | Val Loss 0.0123 MAE 0.3588 R2 0.7962
2026-09-02 08:04:18 |   Val R2 improved to 0.7962, model saved
2026-09-02 08:04:18 | Epoch  72/100 | Train Loss 0.0128 | Val Loss 0.0124 MAE 0.3597 R2 0.7940
2026-09-02 08:04:18 | Epoch  73/100 | Train Loss 0.0129 | Val Loss 0.0127 MAE 0.3810 R2 0.7882
2026-09-02 08:04:18 | Epoch  74/100 | Train Loss 0.0131 | Val Loss 0.0123 MAE 0.3573 R2 0.7953
2026-09-02 08:04:18 | Epoch  75/100 | Train Loss 0.0129 | Val Loss 0.0126 MAE 0.3598 R2 0.7909
2026-09-02 08:04:19 | Epoch  76/100 | Train Loss 0.0128 | Val Loss 0.0122 MAE 0.3568 R2 0.7975
2026-09-02 08:04:19 |   Val R2 improved to 0.7975, model saved
2026-09-02 08:04:19 | Epoch  77/100 | Train Loss 0.0126 | Val Loss 0.0124 MAE 0.3578 R2 0.7943
2026-09-02 08:04:19 | Epoch  78/100 | Train Loss 0.0128 | Val Loss 0.0126 MAE 0.3636 R2 0.7911
2026-09-02 08:04:19 | Epoch  79/100 | Train Loss 0.0129 | Val Loss 0.0124 MAE 0.3575 R2 0.7945
2026-09-02 08:04:19 | Epoch  80/100 | Train Loss 0.0129 | Val Loss 0.0125 MAE 0.3571 R2 0.7915
2026-09-02 08:04:19 | Epoch  81/100 | Train Loss 0.0127 | Val Loss 0.0124 MAE 0.3582 R2 0.7937
2026-09-02 08:04:20 | Epoch  82/100 | Train Loss 0.0125 | Val Loss 0.0123 MAE 0.3581 R2 0.7953
2026-09-02 08:04:20 | Epoch  83/100 | Train Loss 0.0127 | Val Loss 0.0125 MAE 0.3602 R2 0.7917
2026-09-02 08:04:20 | Epoch  84/100 | Train Loss 0.0128 | Val Loss 0.0125 MAE 0.3767 R2 0.7923
2026-09-02 08:04:20 | Epoch  85/100 | Train Loss 0.0127 | Val Loss 0.0122 MAE 0.3596 R2 0.7968
2026-09-02 08:04:20 | Epoch  86/100 | Train Loss 0.0124 | Val Loss 0.0121 MAE 0.3538 R2 0.7985
2026-09-02 08:04:20 |   Val R2 improved to 0.7985, model saved
2026-09-02 08:04:20 | Epoch  87/100 | Train Loss 0.0124 | Val Loss 0.0123 MAE 0.3650 R2 0.7951
2026-09-02 08:04:21 | Epoch  88/100 | Train Loss 0.0127 | Val Loss 0.0121 MAE 0.3569 R2 0.7986
2026-09-02 08:04:21 |   Val R2 improved to 0.7986, model saved
2026-09-02 08:04:21 | Epoch  89/100 | Train Loss 0.0128 | Val Loss 0.0126 MAE 0.3747 R2 0.7898
2026-09-02 08:04:21 | Epoch  90/100 | Train Loss 0.0126 | Val Loss 0.0122 MAE 0.3603 R2 0.7965
2026-09-02 08:04:21 | Epoch  91/100 | Train Loss 0.0125 | Val Loss 0.0126 MAE 0.3588 R2 0.7899
2026-09-02 08:04:22 | Epoch  92/100 | Train Loss 0.0126 | Val Loss 0.0122 MAE 0.3585 R2 0.7967
2026-09-02 08:04:22 | Epoch  93/100 | Train Loss 0.0124 | Val Loss 0.0120 MAE 0.3561 R2 0.8010
2026-09-02 08:04:22 |   Val R2 improved to 0.8010, model saved
2026-09-02 08:04:22 | Epoch  94/100 | Train Loss 0.0122 | Val Loss 0.0138 MAE 0.3767 R2 0.7700
2026-09-02 08:04:22 | Epoch  95/100 | Train Loss 0.0125 | Val Loss 0.0124 MAE 0.3543 R2 0.7938
2026-09-02 08:04:23 | Epoch  96/100 | Train Loss 0.0124 | Val Loss 0.0121 MAE 0.3534 R2 0.7988
2026-09-02 08:04:23 | Epoch  97/100 | Train Loss 0.0123 | Val Loss 0.0120 MAE 0.3612 R2 0.8010
2026-09-02 08:04:23 | Epoch  98/100 | Train Loss 0.0122 | Val Loss 0.0121 MAE 0.3539 R2 0.7993
2026-09-02 08:04:23 | Epoch  99/100 | Train Loss 0.0121 | Val Loss 0.0124 MAE 0.3642 R2 0.7938
2026-09-02 08:04:23 | Epoch 100/100 | Train Loss 0.0122 | Val Loss 0.0123 MAE 0.3527 R2 0.7954
2026-09-02 08:04:24 | Run 4/5 | Test (best model @ Epoch 93) | Loss 0.0119 MAE 0.3542 R2 0.7934
2026-09-02 08:04:24 | ===== Run 5/5 (seed 4) =====
2026-09-02 08:04:24 | Epoch   1/100 | Train Loss 0.1904 | Val Loss 0.3004 MAE 0.5995 R2 -3.8508
2026-09-02 08:04:24 |   Val R2 improved to -3.8508, model saved
2026-09-02 08:04:24 | Epoch   2/100 | Train Loss 0.2269 | Val Loss 0.1245 MAE 0.5633 R2 -0.6375
2026-09-02 08:04:24 |   Val R2 improved to -0.6375, model saved
2026-09-02 08:04:24 | Epoch   3/100 | Train Loss 50.0604 | Val Loss 0.0579 MAE 0.6231 R2 0.3963
2026-09-02 08:04:24 |   Val R2 improved to 0.3963, model saved
2026-09-02 08:04:25 | Epoch   4/100 | Train Loss 0.1742 | Val Loss 0.0740 MAE 0.6371 R2 0.0811
2026-09-02 08:04:25 | Epoch   5/100 | Train Loss 253.4171 | Val Loss 0.0765 MAE 0.7822 R2 -0.2184
2026-09-02 08:04:25 | Epoch   6/100 | Train Loss 0.0583 | Val Loss 0.0225 MAE 0.4588 R2 0.6900
2026-09-02 08:04:25 |   Val R2 improved to 0.6900, model saved
2026-09-02 08:04:25 | Epoch   7/100 | Train Loss 0.0453 | Val Loss 0.0267 MAE 0.4572 R2 0.6341
2026-09-02 08:04:26 | Epoch   8/100 | Train Loss 0.0391 | Val Loss 0.0290 MAE 0.4464 R2 0.6027
2026-09-02 08:04:26 | Epoch   9/100 | Train Loss 0.0365 | Val Loss 0.0224 MAE 0.4669 R2 0.7089
2026-09-02 08:04:26 |   Val R2 improved to 0.7089, model saved
2026-09-02 08:04:26 | Epoch  10/100 | Train Loss 0.0353 | Val Loss 0.0252 MAE 0.4445 R2 0.6510
2026-09-02 08:04:26 | Epoch  11/100 | Train Loss 0.0338 | Val Loss 0.0213 MAE 0.4379 R2 0.7167
2026-09-02 08:04:26 |   Val R2 improved to 0.7167, model saved
2026-09-02 08:04:27 | Epoch  12/100 | Train Loss 0.0327 | Val Loss 0.0274 MAE 0.4344 R2 0.6085
2026-09-02 08:04:27 | Epoch  13/100 | Train Loss 0.0317 | Val Loss 0.0196 MAE 0.4184 R2 0.7371
2026-09-02 08:04:27 |   Val R2 improved to 0.7371, model saved
2026-09-02 08:04:27 | Epoch  14/100 | Train Loss 0.0322 | Val Loss 0.0266 MAE 0.4215 R2 0.6183
2026-09-02 08:04:27 | Epoch  15/100 | Train Loss 0.0303 | Val Loss 0.0228 MAE 0.4218 R2 0.6779
2026-09-02 08:04:28 | Epoch  16/100 | Train Loss 0.0289 | Val Loss 0.0222 MAE 0.4159 R2 0.6946
2026-09-02 08:04:28 | Epoch  17/100 | Train Loss 0.0290 | Val Loss 0.0231 MAE 0.4136 R2 0.6702
2026-09-02 08:04:28 | Epoch  18/100 | Train Loss 0.0289 | Val Loss 0.0190 MAE 0.4146 R2 0.7395
2026-09-02 08:04:28 |   Val R2 improved to 0.7395, model saved
2026-09-02 08:04:28 | Epoch  19/100 | Train Loss 0.0324 | Val Loss 0.0250 MAE 0.4505 R2 0.6382
2026-09-02 08:04:29 | Epoch  20/100 | Train Loss 0.0284 | Val Loss 0.0197 MAE 0.4041 R2 0.7330
2026-09-02 08:04:29 | Epoch  21/100 | Train Loss 0.0281 | Val Loss 0.0183 MAE 0.4031 R2 0.7560
2026-09-02 08:04:29 |   Val R2 improved to 0.7560, model saved
2026-09-02 08:04:29 | Epoch  22/100 | Train Loss 0.0273 | Val Loss 0.0429 MAE 0.4205 R2 0.3274
2026-09-02 08:04:29 | Epoch  23/100 | Train Loss 0.0298 | Val Loss 0.0203 MAE 0.4047 R2 0.7039
2026-09-02 08:04:30 | Epoch  24/100 | Train Loss 0.0265 | Val Loss 0.0192 MAE 0.4001 R2 0.7230
2026-09-02 08:04:30 | Epoch  25/100 | Train Loss 0.0262 | Val Loss 0.0181 MAE 0.4083 R2 0.7388
2026-09-02 08:04:30 | Epoch  26/100 | Train Loss 0.0255 | Val Loss 0.0168 MAE 0.3948 R2 0.7612
2026-09-02 08:04:30 |   Val R2 improved to 0.7612, model saved
2026-09-02 08:04:30 | Epoch  27/100 | Train Loss 0.0250 | Val Loss 0.0163 MAE 0.3895 R2 0.7680
2026-09-02 08:04:30 |   Val R2 improved to 0.7680, model saved
2026-09-02 08:04:31 | Epoch  28/100 | Train Loss 0.0255 | Val Loss 0.0182 MAE 0.4019 R2 0.7341
2026-09-02 08:04:31 | Epoch  29/100 | Train Loss 0.0247 | Val Loss 0.0162 MAE 0.3857 R2 0.7656
2026-09-02 08:04:31 | Epoch  30/100 | Train Loss 0.0248 | Val Loss 0.0164 MAE 0.3974 R2 0.7642
2026-09-02 08:04:31 | Epoch  31/100 | Train Loss 0.0244 | Val Loss 0.0173 MAE 0.4017 R2 0.7426
2026-09-02 08:04:32 | Epoch  32/100 | Train Loss 0.0233 | Val Loss 0.0162 MAE 0.3925 R2 0.7620
2026-09-02 08:04:32 | Epoch  33/100 | Train Loss 0.0240 | Val Loss 0.0156 MAE 0.3813 R2 0.7729
2026-09-02 08:04:32 |   Val R2 improved to 0.7729, model saved
2026-09-02 08:04:32 | Epoch  34/100 | Train Loss 0.0231 | Val Loss 0.0162 MAE 0.3929 R2 0.7580
2026-09-02 08:04:33 | Epoch  35/100 | Train Loss 0.0229 | Val Loss 0.0165 MAE 0.3958 R2 0.7528
2026-09-02 08:04:33 | Epoch  36/100 | Train Loss 0.0229 | Val Loss 0.0159 MAE 0.3829 R2 0.7653
2026-09-02 08:04:33 | Epoch  37/100 | Train Loss 0.0225 | Val Loss 0.0153 MAE 0.3808 R2 0.7731
2026-09-02 08:04:33 |   Val R2 improved to 0.7731, model saved
2026-09-02 08:04:33 | Epoch  38/100 | Train Loss 0.0224 | Val Loss 0.0154 MAE 0.3761 R2 0.7725
2026-09-02 08:04:34 | Epoch  39/100 | Train Loss 0.0221 | Val Loss 0.0157 MAE 0.3902 R2 0.7648
2026-09-02 08:04:34 | Epoch  40/100 | Train Loss 0.0224 | Val Loss 0.0152 MAE 0.3759 R2 0.7752
2026-09-02 08:04:34 |   Val R2 improved to 0.7752, model saved
2026-09-02 08:04:34 | Epoch  41/100 | Train Loss 0.0224 | Val Loss 0.0158 MAE 0.3794 R2 0.7634
2026-09-02 08:04:34 | Epoch  42/100 | Train Loss 0.0216 | Val Loss 0.0151 MAE 0.3791 R2 0.7728
2026-09-02 08:04:35 | Epoch  43/100 | Train Loss 0.0214 | Val Loss 0.0155 MAE 0.3862 R2 0.7640
2026-09-02 08:04:35 | Epoch  44/100 | Train Loss 0.0212 | Val Loss 0.0145 MAE 0.3766 R2 0.7823
2026-09-02 08:04:35 |   Val R2 improved to 0.7823, model saved
2026-09-02 08:04:35 | Epoch  45/100 | Train Loss 0.0212 | Val Loss 0.0154 MAE 0.3798 R2 0.7664
2026-09-02 08:04:35 | Epoch  46/100 | Train Loss 0.0211 | Val Loss 0.0150 MAE 0.3793 R2 0.7716
2026-09-02 08:04:36 | Epoch  47/100 | Train Loss 0.0204 | Val Loss 0.0149 MAE 0.4032 R2 0.7740
2026-09-02 08:04:36 | Epoch  48/100 | Train Loss 0.0213 | Val Loss 0.0148 MAE 0.3759 R2 0.7730
2026-09-02 08:04:36 | Epoch  49/100 | Train Loss 0.0204 | Val Loss 0.0160 MAE 0.3903 R2 0.7533
2026-09-02 08:04:36 | Epoch  50/100 | Train Loss 0.0204 | Val Loss 0.0150 MAE 0.3756 R2 0.7703
2026-09-02 08:04:37 | Epoch  51/100 | Train Loss 0.0204 | Val Loss 0.0145 MAE 0.3827 R2 0.7804
2026-09-02 08:04:37 | Epoch  52/100 | Train Loss 0.0204 | Val Loss 0.0142 MAE 0.3703 R2 0.7827
2026-09-02 08:04:37 |   Val R2 improved to 0.7827, model saved
2026-09-02 08:04:37 | Epoch  53/100 | Train Loss 0.0198 | Val Loss 0.0140 MAE 0.3684 R2 0.7859
2026-09-02 08:04:37 |   Val R2 improved to 0.7859, model saved
2026-09-02 08:04:37 | Epoch  54/100 | Train Loss 0.0198 | Val Loss 0.0145 MAE 0.3750 R2 0.7777
2026-09-02 08:04:38 | Epoch  55/100 | Train Loss 0.0200 | Val Loss 0.0146 MAE 0.3721 R2 0.7752
2026-09-02 08:04:38 | Epoch  56/100 | Train Loss 0.0201 | Val Loss 0.0157 MAE 0.3894 R2 0.7545
2026-09-02 08:04:38 | Epoch  57/100 | Train Loss 0.0192 | Val Loss 0.0146 MAE 0.3754 R2 0.7731
2026-09-02 08:04:38 | Epoch  58/100 | Train Loss 0.0192 | Val Loss 0.0140 MAE 0.3779 R2 0.7857
2026-09-02 08:04:39 | Epoch  59/100 | Train Loss 0.0194 | Val Loss 0.0151 MAE 0.3781 R2 0.7643
2026-09-02 08:04:39 | Epoch  60/100 | Train Loss 0.0189 | Val Loss 0.0141 MAE 0.3709 R2 0.7810
2026-09-02 08:04:39 | Epoch  61/100 | Train Loss 0.0189 | Val Loss 0.0140 MAE 0.3720 R2 0.7820
2026-09-02 08:04:39 | Epoch  62/100 | Train Loss 0.0190 | Val Loss 0.0150 MAE 0.3748 R2 0.7659
2026-09-02 08:04:40 | Epoch  63/100 | Train Loss 0.0192 | Val Loss 0.0140 MAE 0.3723 R2 0.7822
2026-09-02 08:04:40 | Val R2 did not improve for 10 consecutive epochs, early stopping at Epoch 63 (best R2 0.7859 @ Epoch 53)
2026-09-02 08:04:40 | Run 5/5 | Test (best model @ Epoch 53) | Loss 0.0139 MAE 0.3669 R2 0.7752
2026-09-02 08:04:40 | Average over 5 runs | Test Loss 0.0138±0.0023 MAE 0.3708±0.0214 R2 0.7732±0.0230
