2026-08-26 22:12:52 | Device: cuda
2026-08-26 22:12:52 | Args: {'model': 'fgib', 'backbone': 'cnn', 'task': 'mnist', 'epochs': 100, 'batch_size': 512, 'lr': 0.001, 'hidden_dims': [512, 256], 'dropout': 0.2, 'z_dim': 256, 'anchor_scale': 4.0, 'max_len': 250, 'random_labels': False, 'beta': 0.1, 'patience': 10, 'runs': 5, 'seed': 0, 'data_dir': './data', 'save_path': 'output/mnist_cnn_fgib/mnist_cnn_fgib.pt', 'log_path': '/root/autodl-tmp/FGIB/tune_results/mnist_cnn_fgib_beta_0.1_anchor_4/train.log', 'no_save': True}
2026-08-26 22:12:52 | ===== Run 1/5 (seed 0) =====
2026-08-26 22:12:58 | Epoch   1/100 | Train Loss 1.1674 Acc 0.8670 | Val Loss 0.2093 Acc 0.9763 AUC 0.9995 Pre 0.9763 Rec 0.9762
2026-08-26 22:12:58 |   Val AUC improved to 0.9995, model saved
2026-08-26 22:13:02 | Epoch   2/100 | Train Loss 0.2049 Acc 0.9808 | Val Loss 0.1216 Acc 0.9855 AUC 0.9998 Pre 0.9855 Rec 0.9853
2026-08-26 22:13:02 |   Val AUC improved to 0.9998, model saved
2026-08-26 22:13:07 | Epoch   3/100 | Train Loss 0.1393 Acc 0.9871 | Val Loss 0.1074 Acc 0.9873 AUC 0.9998 Pre 0.9873 Rec 0.9871
2026-08-26 22:13:07 |   Val AUC improved to 0.9998, model saved
2026-08-26 22:13:11 | Epoch   4/100 | Train Loss 0.1189 Acc 0.9901 | Val Loss 0.0917 Acc 0.9886 AUC 0.9999 Pre 0.9885 Rec 0.9885
2026-08-26 22:13:11 |   Val AUC improved to 0.9999, model saved
2026-08-26 22:13:15 | Epoch   5/100 | Train Loss 0.1037 Acc 0.9922 | Val Loss 0.0852 Acc 0.9902 AUC 0.9999 Pre 0.9902 Rec 0.9902
2026-08-26 22:13:15 |   Val AUC improved to 0.9999, model saved
2026-08-26 22:13:20 | Epoch   6/100 | Train Loss 0.0951 Acc 0.9937 | Val Loss 0.0765 Acc 0.9903 AUC 0.9999 Pre 0.9903 Rec 0.9902
2026-08-26 22:13:20 |   Val AUC improved to 0.9999, model saved
2026-08-26 22:13:24 | Epoch   7/100 | Train Loss 0.0875 Acc 0.9946 | Val Loss 0.0748 Acc 0.9910 AUC 0.9999 Pre 0.9909 Rec 0.9910
2026-08-26 22:13:29 | Epoch   8/100 | Train Loss 0.0825 Acc 0.9958 | Val Loss 0.0739 Acc 0.9906 AUC 0.9999 Pre 0.9907 Rec 0.9905
2026-08-26 22:13:33 | Epoch   9/100 | Train Loss 0.0772 Acc 0.9962 | Val Loss 0.0715 Acc 0.9922 AUC 0.9999 Pre 0.9922 Rec 0.9921
2026-08-26 22:13:38 | Epoch  10/100 | Train Loss 0.0738 Acc 0.9969 | Val Loss 0.0700 Acc 0.9912 AUC 0.9999 Pre 0.9912 Rec 0.9911
2026-08-26 22:13:38 |   Val AUC improved to 0.9999, model saved
2026-08-26 22:13:42 | Epoch  11/100 | Train Loss 0.0706 Acc 0.9976 | Val Loss 0.0689 Acc 0.9913 AUC 0.9999 Pre 0.9913 Rec 0.9913
2026-08-26 22:13:47 | Epoch  12/100 | Train Loss 0.0661 Acc 0.9978 | Val Loss 0.0656 Acc 0.9924 AUC 0.9999 Pre 0.9925 Rec 0.9923
2026-08-26 22:13:51 | Epoch  13/100 | Train Loss 0.0651 Acc 0.9981 | Val Loss 0.0623 Acc 0.9921 AUC 0.9999 Pre 0.9920 Rec 0.9920
2026-08-26 22:13:51 |   Val AUC improved to 0.9999, model saved
2026-08-26 22:13:56 | Epoch  14/100 | Train Loss 0.0610 Acc 0.9987 | Val Loss 0.0643 Acc 0.9918 AUC 0.9999 Pre 0.9919 Rec 0.9917
2026-08-26 22:14:00 | Epoch  15/100 | Train Loss 0.0596 Acc 0.9987 | Val Loss 0.0663 Acc 0.9922 AUC 0.9999 Pre 0.9922 Rec 0.9921
2026-08-26 22:14:04 | Epoch  16/100 | Train Loss 0.0588 Acc 0.9987 | Val Loss 0.0656 Acc 0.9925 AUC 0.9999 Pre 0.9925 Rec 0.9925
2026-08-26 22:14:09 | Epoch  17/100 | Train Loss 0.0570 Acc 0.9992 | Val Loss 0.0612 Acc 0.9922 AUC 0.9999 Pre 0.9922 Rec 0.9921
2026-08-26 22:14:13 | Epoch  18/100 | Train Loss 0.0552 Acc 0.9990 | Val Loss 0.0659 Acc 0.9924 AUC 0.9999 Pre 0.9924 Rec 0.9923
2026-08-26 22:14:18 | Epoch  19/100 | Train Loss 0.0548 Acc 0.9993 | Val Loss 0.0600 Acc 0.9927 AUC 0.9999 Pre 0.9927 Rec 0.9926
2026-08-26 22:14:18 |   Val AUC improved to 0.9999, model saved
2026-08-26 22:14:22 | Epoch  20/100 | Train Loss 0.0525 Acc 0.9994 | Val Loss 0.0616 Acc 0.9916 AUC 0.9999 Pre 0.9915 Rec 0.9915
2026-08-26 22:14:27 | Epoch  21/100 | Train Loss 0.0521 Acc 0.9994 | Val Loss 0.0652 Acc 0.9917 AUC 0.9999 Pre 0.9917 Rec 0.9916
2026-08-26 22:14:31 | Epoch  22/100 | Train Loss 0.0516 Acc 0.9993 | Val Loss 0.0643 Acc 0.9922 AUC 0.9999 Pre 0.9922 Rec 0.9921
2026-08-26 22:14:35 | Epoch  23/100 | Train Loss 0.0509 Acc 0.9993 | Val Loss 0.0599 Acc 0.9924 AUC 0.9999 Pre 0.9924 Rec 0.9923
2026-08-26 22:14:40 | Epoch  24/100 | Train Loss 0.0494 Acc 0.9993 | Val Loss 0.0606 Acc 0.9931 AUC 0.9999 Pre 0.9932 Rec 0.9930
2026-08-26 22:14:44 | Epoch  25/100 | Train Loss 0.0487 Acc 0.9994 | Val Loss 0.0611 Acc 0.9930 AUC 0.9999 Pre 0.9931 Rec 0.9929
2026-08-26 22:14:49 | Epoch  26/100 | Train Loss 0.0472 Acc 0.9998 | Val Loss 0.0607 Acc 0.9927 AUC 0.9999 Pre 0.9927 Rec 0.9926
2026-08-26 22:14:54 | Epoch  27/100 | Train Loss 0.0473 Acc 0.9996 | Val Loss 0.0597 Acc 0.9926 AUC 0.9999 Pre 0.9926 Rec 0.9925
2026-08-26 22:14:58 | Epoch  28/100 | Train Loss 0.0469 Acc 0.9996 | Val Loss 0.0621 Acc 0.9927 AUC 0.9999 Pre 0.9927 Rec 0.9926
2026-08-26 22:15:03 | Epoch  29/100 | Train Loss 0.0454 Acc 0.9998 | Val Loss 0.0617 Acc 0.9921 AUC 0.9999 Pre 0.9921 Rec 0.9920
2026-08-26 22:15:03 | Val AUC did not improve for 10 consecutive epochs, early stopping at Epoch 29 (best AUC 0.9999 @ Epoch 19)
2026-08-26 22:15:03 | Run 1/5 | Test (best model @ Epoch 19) | Loss 0.0534 Acc 0.9933 AUC 1.0000 Pre 0.9933 Rec 0.9933
2026-08-26 22:15:03 | ===== Run 2/5 (seed 1) =====
2026-08-26 22:15:08 | Epoch   1/100 | Train Loss 1.1516 Acc 0.8834 | Val Loss 0.1999 Acc 0.9765 AUC 0.9995 Pre 0.9763 Rec 0.9765
2026-08-26 22:15:08 |   Val AUC improved to 0.9995, model saved
2026-08-26 22:15:12 | Epoch   2/100 | Train Loss 0.1969 Acc 0.9804 | Val Loss 0.1207 Acc 0.9853 AUC 0.9998 Pre 0.9853 Rec 0.9851
2026-08-26 22:15:12 |   Val AUC improved to 0.9998, model saved
2026-08-26 22:15:17 | Epoch   3/100 | Train Loss 0.1365 Acc 0.9872 | Val Loss 0.0991 Acc 0.9876 AUC 0.9998 Pre 0.9876 Rec 0.9875
2026-08-26 22:15:17 |   Val AUC improved to 0.9998, model saved
2026-08-26 22:15:21 | Epoch   4/100 | Train Loss 0.1190 Acc 0.9899 | Val Loss 0.0971 Acc 0.9880 AUC 0.9999 Pre 0.9881 Rec 0.9879
2026-08-26 22:15:21 |   Val AUC improved to 0.9999, model saved
2026-08-26 22:15:26 | Epoch   5/100 | Train Loss 0.1083 Acc 0.9915 | Val Loss 0.0942 Acc 0.9883 AUC 0.9999 Pre 0.9883 Rec 0.9882
2026-08-26 22:15:26 |   Val AUC improved to 0.9999, model saved
2026-08-26 22:15:30 | Epoch   6/100 | Train Loss 0.0985 Acc 0.9932 | Val Loss 0.0832 Acc 0.9895 AUC 0.9999 Pre 0.9895 Rec 0.9894
2026-08-26 22:15:30 |   Val AUC improved to 0.9999, model saved
2026-08-26 22:15:34 | Epoch   7/100 | Train Loss 0.0906 Acc 0.9945 | Val Loss 0.0779 Acc 0.9900 AUC 0.9999 Pre 0.9900 Rec 0.9899
2026-08-26 22:15:34 |   Val AUC improved to 0.9999, model saved
2026-08-26 22:15:39 | Epoch   8/100 | Train Loss 0.0854 Acc 0.9951 | Val Loss 0.0755 Acc 0.9907 AUC 0.9999 Pre 0.9906 Rec 0.9907
2026-08-26 22:15:39 |   Val AUC improved to 0.9999, model saved
2026-08-26 22:15:43 | Epoch   9/100 | Train Loss 0.0797 Acc 0.9964 | Val Loss 0.0708 Acc 0.9903 AUC 0.9999 Pre 0.9903 Rec 0.9902
2026-08-26 22:15:43 |   Val AUC improved to 0.9999, model saved
2026-08-26 22:15:48 | Epoch  10/100 | Train Loss 0.0763 Acc 0.9967 | Val Loss 0.0696 Acc 0.9911 AUC 0.9999 Pre 0.9912 Rec 0.9911
2026-08-26 22:15:48 |   Val AUC improved to 0.9999, model saved
2026-08-26 22:15:52 | Epoch  11/100 | Train Loss 0.0723 Acc 0.9971 | Val Loss 0.0694 Acc 0.9912 AUC 0.9999 Pre 0.9912 Rec 0.9912
2026-08-26 22:15:57 | Epoch  12/100 | Train Loss 0.0697 Acc 0.9976 | Val Loss 0.0681 Acc 0.9909 AUC 0.9999 Pre 0.9910 Rec 0.9908
2026-08-26 22:16:01 | Epoch  13/100 | Train Loss 0.0688 Acc 0.9978 | Val Loss 0.0648 Acc 0.9926 AUC 0.9999 Pre 0.9927 Rec 0.9925
2026-08-26 22:16:06 | Epoch  14/100 | Train Loss 0.0645 Acc 0.9984 | Val Loss 0.0664 Acc 0.9919 AUC 0.9999 Pre 0.9919 Rec 0.9919
2026-08-26 22:16:10 | Epoch  15/100 | Train Loss 0.0631 Acc 0.9986 | Val Loss 0.0622 Acc 0.9919 AUC 0.9999 Pre 0.9919 Rec 0.9919
2026-08-26 22:16:15 | Epoch  16/100 | Train Loss 0.0607 Acc 0.9989 | Val Loss 0.0641 Acc 0.9924 AUC 0.9999 Pre 0.9925 Rec 0.9923
2026-08-26 22:16:19 | Epoch  17/100 | Train Loss 0.0594 Acc 0.9987 | Val Loss 0.0626 Acc 0.9917 AUC 0.9999 Pre 0.9917 Rec 0.9916
2026-08-26 22:16:23 | Epoch  18/100 | Train Loss 0.0594 Acc 0.9989 | Val Loss 0.0654 Acc 0.9910 AUC 0.9999 Pre 0.9910 Rec 0.9910
2026-08-26 22:16:28 | Epoch  19/100 | Train Loss 0.0579 Acc 0.9991 | Val Loss 0.0598 Acc 0.9925 AUC 0.9999 Pre 0.9925 Rec 0.9924
2026-08-26 22:16:32 | Epoch  20/100 | Train Loss 0.0540 Acc 0.9995 | Val Loss 0.0603 Acc 0.9921 AUC 0.9999 Pre 0.9921 Rec 0.9920
2026-08-26 22:16:32 | Val AUC did not improve for 10 consecutive epochs, early stopping at Epoch 20 (best AUC 0.9999 @ Epoch 10)
2026-08-26 22:16:33 | Run 2/5 | Test (best model @ Epoch 10) | Loss 0.0627 Acc 0.9916 AUC 1.0000 Pre 0.9916 Rec 0.9915
2026-08-26 22:16:33 | ===== Run 3/5 (seed 2) =====
2026-08-26 22:16:38 | Epoch   1/100 | Train Loss 1.1054 Acc 0.8860 | Val Loss 0.1950 Acc 0.9781 AUC 0.9996 Pre 0.9782 Rec 0.9779
2026-08-26 22:16:38 |   Val AUC improved to 0.9996, model saved
2026-08-26 22:16:42 | Epoch   2/100 | Train Loss 0.1956 Acc 0.9814 | Val Loss 0.1180 Acc 0.9852 AUC 0.9998 Pre 0.9851 Rec 0.9851
2026-08-26 22:16:42 |   Val AUC improved to 0.9998, model saved
2026-08-26 22:16:47 | Epoch   3/100 | Train Loss 0.1309 Acc 0.9878 | Val Loss 0.0996 Acc 0.9882 AUC 0.9998 Pre 0.9881 Rec 0.9881
2026-08-26 22:16:47 |   Val AUC improved to 0.9998, model saved
2026-08-26 22:16:51 | Epoch   4/100 | Train Loss 0.1107 Acc 0.9910 | Val Loss 0.0897 Acc 0.9888 AUC 0.9999 Pre 0.9888 Rec 0.9887
2026-08-26 22:16:51 |   Val AUC improved to 0.9999, model saved
2026-08-26 22:16:55 | Epoch   5/100 | Train Loss 0.0989 Acc 0.9928 | Val Loss 0.0838 Acc 0.9892 AUC 0.9999 Pre 0.9892 Rec 0.9891
2026-08-26 22:16:55 |   Val AUC improved to 0.9999, model saved
2026-08-26 22:17:00 | Epoch   6/100 | Train Loss 0.0878 Acc 0.9944 | Val Loss 0.0788 Acc 0.9897 AUC 0.9999 Pre 0.9897 Rec 0.9896
2026-08-26 22:17:00 |   Val AUC improved to 0.9999, model saved
2026-08-26 22:17:04 | Epoch   7/100 | Train Loss 0.0824 Acc 0.9957 | Val Loss 0.0752 Acc 0.9903 AUC 0.9999 Pre 0.9903 Rec 0.9902
2026-08-26 22:17:09 | Epoch   8/100 | Train Loss 0.0763 Acc 0.9960 | Val Loss 0.0717 Acc 0.9909 AUC 0.9999 Pre 0.9909 Rec 0.9908
2026-08-26 22:17:13 | Epoch   9/100 | Train Loss 0.0703 Acc 0.9969 | Val Loss 0.0713 Acc 0.9901 AUC 0.9999 Pre 0.9901 Rec 0.9900
2026-08-26 22:17:13 |   Val AUC improved to 0.9999, model saved
2026-08-26 22:17:17 | Epoch  10/100 | Train Loss 0.0679 Acc 0.9973 | Val Loss 0.0676 Acc 0.9911 AUC 0.9999 Pre 0.9910 Rec 0.9910
2026-08-26 22:17:22 | Epoch  11/100 | Train Loss 0.0636 Acc 0.9980 | Val Loss 0.0678 Acc 0.9904 AUC 0.9999 Pre 0.9903 Rec 0.9903
2026-08-26 22:17:26 | Epoch  12/100 | Train Loss 0.0602 Acc 0.9986 | Val Loss 0.0646 Acc 0.9910 AUC 0.9999 Pre 0.9909 Rec 0.9910
2026-08-26 22:17:31 | Epoch  13/100 | Train Loss 0.0578 Acc 0.9986 | Val Loss 0.0652 Acc 0.9913 AUC 0.9999 Pre 0.9912 Rec 0.9913
2026-08-26 22:17:35 | Epoch  14/100 | Train Loss 0.0565 Acc 0.9987 | Val Loss 0.0632 Acc 0.9914 AUC 0.9999 Pre 0.9914 Rec 0.9913
2026-08-26 22:17:40 | Epoch  15/100 | Train Loss 0.0544 Acc 0.9988 | Val Loss 0.0638 Acc 0.9914 AUC 0.9999 Pre 0.9914 Rec 0.9913
2026-08-26 22:17:44 | Epoch  16/100 | Train Loss 0.0535 Acc 0.9991 | Val Loss 0.0655 Acc 0.9916 AUC 0.9999 Pre 0.9916 Rec 0.9916
2026-08-26 22:17:48 | Epoch  17/100 | Train Loss 0.0519 Acc 0.9992 | Val Loss 0.0621 Acc 0.9916 AUC 0.9999 Pre 0.9916 Rec 0.9915
2026-08-26 22:17:53 | Epoch  18/100 | Train Loss 0.0500 Acc 0.9994 | Val Loss 0.0625 Acc 0.9915 AUC 0.9999 Pre 0.9916 Rec 0.9914
2026-08-26 22:17:58 | Epoch  19/100 | Train Loss 0.0485 Acc 0.9995 | Val Loss 0.0605 Acc 0.9920 AUC 0.9999 Pre 0.9920 Rec 0.9919
2026-08-26 22:17:58 |   Val AUC improved to 0.9999, model saved
2026-08-26 22:18:02 | Epoch  20/100 | Train Loss 0.0479 Acc 0.9995 | Val Loss 0.0595 Acc 0.9921 AUC 0.9999 Pre 0.9921 Rec 0.9921
2026-08-26 22:18:06 | Epoch  21/100 | Train Loss 0.0467 Acc 0.9996 | Val Loss 0.0586 Acc 0.9923 AUC 0.9999 Pre 0.9923 Rec 0.9922
2026-08-26 22:18:11 | Epoch  22/100 | Train Loss 0.0469 Acc 0.9995 | Val Loss 0.0624 Acc 0.9919 AUC 0.9999 Pre 0.9919 Rec 0.9918
2026-08-26 22:18:16 | Epoch  23/100 | Train Loss 0.0446 Acc 0.9997 | Val Loss 0.0583 Acc 0.9923 AUC 0.9999 Pre 0.9923 Rec 0.9922
2026-08-26 22:18:20 | Epoch  24/100 | Train Loss 0.0449 Acc 0.9997 | Val Loss 0.0608 Acc 0.9921 AUC 0.9999 Pre 0.9921 Rec 0.9920
2026-08-26 22:18:24 | Epoch  25/100 | Train Loss 0.0442 Acc 0.9996 | Val Loss 0.0598 Acc 0.9923 AUC 0.9999 Pre 0.9923 Rec 0.9922
2026-08-26 22:18:29 | Epoch  26/100 | Train Loss 0.0429 Acc 0.9998 | Val Loss 0.0575 Acc 0.9922 AUC 0.9999 Pre 0.9922 Rec 0.9922
2026-08-26 22:18:33 | Epoch  27/100 | Train Loss 0.0424 Acc 0.9998 | Val Loss 0.0589 Acc 0.9919 AUC 0.9999 Pre 0.9918 Rec 0.9918
2026-08-26 22:18:38 | Epoch  28/100 | Train Loss 0.0421 Acc 0.9998 | Val Loss 0.0576 Acc 0.9920 AUC 0.9999 Pre 0.9920 Rec 0.9920
2026-08-26 22:18:42 | Epoch  29/100 | Train Loss 0.0411 Acc 0.9998 | Val Loss 0.0606 Acc 0.9923 AUC 0.9999 Pre 0.9923 Rec 0.9922
2026-08-26 22:18:42 | Val AUC did not improve for 10 consecutive epochs, early stopping at Epoch 29 (best AUC 0.9999 @ Epoch 19)
2026-08-26 22:18:43 | Run 3/5 | Test (best model @ Epoch 19) | Loss 0.0538 Acc 0.9929 AUC 1.0000 Pre 0.9929 Rec 0.9928
2026-08-26 22:18:43 | ===== Run 4/5 (seed 3) =====
2026-08-26 22:18:48 | Epoch   1/100 | Train Loss 1.0835 Acc 0.8896 | Val Loss 0.1945 Acc 0.9788 AUC 0.9996 Pre 0.9788 Rec 0.9788
2026-08-26 22:18:48 |   Val AUC improved to 0.9996, model saved
2026-08-26 22:18:52 | Epoch   2/100 | Train Loss 0.1921 Acc 0.9823 | Val Loss 0.1146 Acc 0.9853 AUC 0.9998 Pre 0.9852 Rec 0.9852
2026-08-26 22:18:52 |   Val AUC improved to 0.9998, model saved
2026-08-26 22:18:56 | Epoch   3/100 | Train Loss 0.1252 Acc 0.9888 | Val Loss 0.0943 Acc 0.9889 AUC 0.9999 Pre 0.9889 Rec 0.9888
2026-08-26 22:18:56 |   Val AUC improved to 0.9999, model saved
2026-08-26 22:19:01 | Epoch   4/100 | Train Loss 0.1048 Acc 0.9914 | Val Loss 0.0859 Acc 0.9891 AUC 0.9999 Pre 0.9890 Rec 0.9890
2026-08-26 22:19:01 |   Val AUC improved to 0.9999, model saved
2026-08-26 22:19:05 | Epoch   5/100 | Train Loss 0.0956 Acc 0.9930 | Val Loss 0.0809 Acc 0.9903 AUC 0.9999 Pre 0.9904 Rec 0.9901
2026-08-26 22:19:05 |   Val AUC improved to 0.9999, model saved
2026-08-26 22:19:10 | Epoch   6/100 | Train Loss 0.0854 Acc 0.9946 | Val Loss 0.0732 Acc 0.9908 AUC 0.9999 Pre 0.9907 Rec 0.9908
2026-08-26 22:19:10 |   Val AUC improved to 0.9999, model saved
2026-08-26 22:19:14 | Epoch   7/100 | Train Loss 0.0797 Acc 0.9953 | Val Loss 0.0733 Acc 0.9915 AUC 0.9999 Pre 0.9915 Rec 0.9914
2026-08-26 22:19:18 | Epoch   8/100 | Train Loss 0.0745 Acc 0.9959 | Val Loss 0.0697 Acc 0.9905 AUC 0.9999 Pre 0.9905 Rec 0.9904
2026-08-26 22:19:18 |   Val AUC improved to 0.9999, model saved
2026-08-26 22:19:23 | Epoch   9/100 | Train Loss 0.0694 Acc 0.9974 | Val Loss 0.0676 Acc 0.9907 AUC 0.9999 Pre 0.9907 Rec 0.9906
2026-08-26 22:19:27 | Epoch  10/100 | Train Loss 0.0644 Acc 0.9978 | Val Loss 0.0659 Acc 0.9922 AUC 0.9999 Pre 0.9923 Rec 0.9922
2026-08-26 22:19:32 | Epoch  11/100 | Train Loss 0.0621 Acc 0.9981 | Val Loss 0.0650 Acc 0.9921 AUC 0.9999 Pre 0.9921 Rec 0.9921
2026-08-26 22:19:36 | Epoch  12/100 | Train Loss 0.0608 Acc 0.9981 | Val Loss 0.0655 Acc 0.9910 AUC 0.9999 Pre 0.9910 Rec 0.9909
2026-08-26 22:19:36 |   Val AUC improved to 0.9999, model saved
2026-08-26 22:19:40 | Epoch  13/100 | Train Loss 0.0575 Acc 0.9987 | Val Loss 0.0628 Acc 0.9918 AUC 0.9999 Pre 0.9917 Rec 0.9917
2026-08-26 22:19:45 | Epoch  14/100 | Train Loss 0.0542 Acc 0.9989 | Val Loss 0.0648 Acc 0.9918 AUC 0.9999 Pre 0.9918 Rec 0.9918
2026-08-26 22:19:45 |   Val AUC improved to 0.9999, model saved
2026-08-26 22:19:50 | Epoch  15/100 | Train Loss 0.0525 Acc 0.9992 | Val Loss 0.0622 Acc 0.9923 AUC 0.9999 Pre 0.9923 Rec 0.9923
2026-08-26 22:19:50 |   Val AUC improved to 0.9999, model saved
2026-08-26 22:19:54 | Epoch  16/100 | Train Loss 0.0520 Acc 0.9992 | Val Loss 0.0627 Acc 0.9924 AUC 0.9999 Pre 0.9924 Rec 0.9923
2026-08-26 22:19:59 | Epoch  17/100 | Train Loss 0.0495 Acc 0.9995 | Val Loss 0.0619 Acc 0.9918 AUC 0.9999 Pre 0.9918 Rec 0.9918
2026-08-26 22:20:03 | Epoch  18/100 | Train Loss 0.0491 Acc 0.9993 | Val Loss 0.0588 Acc 0.9927 AUC 0.9999 Pre 0.9927 Rec 0.9927
2026-08-26 22:20:08 | Epoch  19/100 | Train Loss 0.0477 Acc 0.9996 | Val Loss 0.0594 Acc 0.9921 AUC 0.9999 Pre 0.9921 Rec 0.9920
2026-08-26 22:20:12 | Epoch  20/100 | Train Loss 0.0473 Acc 0.9995 | Val Loss 0.0581 Acc 0.9930 AUC 0.9999 Pre 0.9930 Rec 0.9930
2026-08-26 22:20:17 | Epoch  21/100 | Train Loss 0.0451 Acc 0.9997 | Val Loss 0.0614 Acc 0.9919 AUC 0.9999 Pre 0.9919 Rec 0.9918
2026-08-26 22:20:21 | Epoch  22/100 | Train Loss 0.0448 Acc 0.9997 | Val Loss 0.0601 Acc 0.9927 AUC 0.9999 Pre 0.9927 Rec 0.9926
2026-08-26 22:20:25 | Epoch  23/100 | Train Loss 0.0439 Acc 0.9997 | Val Loss 0.0583 Acc 0.9924 AUC 0.9999 Pre 0.9923 Rec 0.9923
2026-08-26 22:20:30 | Epoch  24/100 | Train Loss 0.0434 Acc 0.9997 | Val Loss 0.0594 Acc 0.9932 AUC 0.9999 Pre 0.9932 Rec 0.9932
2026-08-26 22:20:34 | Epoch  25/100 | Train Loss 0.0432 Acc 0.9999 | Val Loss 0.0583 Acc 0.9928 AUC 0.9999 Pre 0.9928 Rec 0.9928
2026-08-26 22:20:34 | Val AUC did not improve for 10 consecutive epochs, early stopping at Epoch 25 (best AUC 0.9999 @ Epoch 15)
2026-08-26 22:20:35 | Run 4/5 | Test (best model @ Epoch 15) | Loss 0.0527 Acc 0.9935 AUC 1.0000 Pre 0.9935 Rec 0.9934
2026-08-26 22:20:35 | ===== Run 5/5 (seed 4) =====
2026-08-26 22:20:39 | Epoch   1/100 | Train Loss 1.0490 Acc 0.8969 | Val Loss 0.1996 Acc 0.9777 AUC 0.9995 Pre 0.9776 Rec 0.9776
2026-08-26 22:20:39 |   Val AUC improved to 0.9995, model saved
2026-08-26 22:20:44 | Epoch   2/100 | Train Loss 0.1967 Acc 0.9824 | Val Loss 0.1163 Acc 0.9855 AUC 0.9998 Pre 0.9854 Rec 0.9854
2026-08-26 22:20:44 |   Val AUC improved to 0.9998, model saved
2026-08-26 22:20:48 | Epoch   3/100 | Train Loss 0.1294 Acc 0.9877 | Val Loss 0.0972 Acc 0.9881 AUC 0.9999 Pre 0.9880 Rec 0.9881
2026-08-26 22:20:48 |   Val AUC improved to 0.9999, model saved
2026-08-26 22:20:52 | Epoch   4/100 | Train Loss 0.1074 Acc 0.9913 | Val Loss 0.0850 Acc 0.9891 AUC 0.9999 Pre 0.9890 Rec 0.9890
2026-08-26 22:20:52 |   Val AUC improved to 0.9999, model saved
2026-08-26 22:20:57 | Epoch   5/100 | Train Loss 0.0948 Acc 0.9932 | Val Loss 0.0773 Acc 0.9903 AUC 0.9999 Pre 0.9902 Rec 0.9903
2026-08-26 22:20:57 |   Val AUC improved to 0.9999, model saved
2026-08-26 22:21:01 | Epoch   6/100 | Train Loss 0.0859 Acc 0.9945 | Val Loss 0.0773 Acc 0.9891 AUC 0.9999 Pre 0.9892 Rec 0.9889
2026-08-26 22:21:05 | Epoch   7/100 | Train Loss 0.0780 Acc 0.9957 | Val Loss 0.0708 Acc 0.9909 AUC 0.9999 Pre 0.9909 Rec 0.9908
2026-08-26 22:21:05 |   Val AUC improved to 0.9999, model saved
2026-08-26 22:21:10 | Epoch   8/100 | Train Loss 0.0722 Acc 0.9967 | Val Loss 0.0682 Acc 0.9912 AUC 0.9999 Pre 0.9912 Rec 0.9911
2026-08-26 22:21:10 |   Val AUC improved to 0.9999, model saved
2026-08-26 22:21:14 | Epoch   9/100 | Train Loss 0.0667 Acc 0.9974 | Val Loss 0.0657 Acc 0.9913 AUC 0.9999 Pre 0.9913 Rec 0.9912
2026-08-26 22:21:14 |   Val AUC improved to 0.9999, model saved
2026-08-26 22:21:19 | Epoch  10/100 | Train Loss 0.0642 Acc 0.9976 | Val Loss 0.0651 Acc 0.9917 AUC 0.9999 Pre 0.9917 Rec 0.9916
2026-08-26 22:21:19 |   Val AUC improved to 0.9999, model saved
2026-08-26 22:21:23 | Epoch  11/100 | Train Loss 0.0599 Acc 0.9984 | Val Loss 0.0638 Acc 0.9916 AUC 0.9999 Pre 0.9916 Rec 0.9915
2026-08-26 22:21:23 |   Val AUC improved to 0.9999, model saved
2026-08-26 22:21:27 | Epoch  12/100 | Train Loss 0.0583 Acc 0.9985 | Val Loss 0.0632 Acc 0.9921 AUC 0.9999 Pre 0.9921 Rec 0.9921
2026-08-26 22:21:32 | Epoch  13/100 | Train Loss 0.0543 Acc 0.9989 | Val Loss 0.0599 Acc 0.9923 AUC 0.9999 Pre 0.9923 Rec 0.9922
2026-08-26 22:21:36 | Epoch  14/100 | Train Loss 0.0520 Acc 0.9991 | Val Loss 0.0601 Acc 0.9926 AUC 0.9999 Pre 0.9927 Rec 0.9925
2026-08-26 22:21:41 | Epoch  15/100 | Train Loss 0.0505 Acc 0.9994 | Val Loss 0.0646 Acc 0.9912 AUC 0.9999 Pre 0.9911 Rec 0.9911
2026-08-26 22:21:45 | Epoch  16/100 | Train Loss 0.0507 Acc 0.9993 | Val Loss 0.0592 Acc 0.9928 AUC 0.9999 Pre 0.9929 Rec 0.9927
2026-08-26 22:21:50 | Epoch  17/100 | Train Loss 0.0485 Acc 0.9994 | Val Loss 0.0574 Acc 0.9924 AUC 0.9999 Pre 0.9924 Rec 0.9923
2026-08-26 22:21:54 | Epoch  18/100 | Train Loss 0.0469 Acc 0.9995 | Val Loss 0.0595 Acc 0.9926 AUC 0.9999 Pre 0.9926 Rec 0.9925
2026-08-26 22:21:58 | Epoch  19/100 | Train Loss 0.0469 Acc 0.9994 | Val Loss 0.0561 Acc 0.9925 AUC 0.9999 Pre 0.9925 Rec 0.9925
2026-08-26 22:22:03 | Epoch  20/100 | Train Loss 0.0451 Acc 0.9997 | Val Loss 0.0569 Acc 0.9921 AUC 0.9999 Pre 0.9921 Rec 0.9921
2026-08-26 22:22:07 | Epoch  21/100 | Train Loss 0.0435 Acc 0.9997 | Val Loss 0.0563 Acc 0.9920 AUC 0.9999 Pre 0.9920 Rec 0.9919
2026-08-26 22:22:07 | Val AUC did not improve for 10 consecutive epochs, early stopping at Epoch 21 (best AUC 0.9999 @ Epoch 11)
2026-08-26 22:22:08 | Run 5/5 | Test (best model @ Epoch 11) | Loss 0.0603 Acc 0.9923 AUC 1.0000 Pre 0.9922 Rec 0.9922
2026-08-26 22:22:08 | Average over 5 runs | Test Loss 0.0566±0.0046 Acc 0.9927±0.0008 AUC 1.0000±0.0000 Pre 0.9927±0.0008 Rec 0.9926±0.0008
