2026-09-02 10:34:56 | Device: cuda
2026-09-02 10:34:56 | Args: {'model': 'opb', 'backbone': 'cnn', 'task': 'mnist', 'epochs': 100, 'batch_size': 512, 'lr': 0.001, 'hidden_dims': [512, 256], 'dropout': 0.2, 'z_dim': 256, 'anchor_scale': 1.0, 'energy_classifier': True, 'tied_head': False, 'max_len': 250, 'random_labels': False, 'beta': 0.0001, 'patience': 10, 'runs': 5, 'seed': 0, 'data_dir': './data', 'save_path': 'output/mnist_cnn_opb/mnist_cnn_opb.pt', 'log_path': '/root/autodl-tmp/IB/tune_results/mnist_cnn_opb_beta_0.0001_anchor_1/train.log', 'no_save': True}
2026-09-02 10:34:56 | ===== Run 1/5 (seed 0) =====
2026-09-02 10:35:02 | Epoch   1/100 | Train Loss 0.3986 Acc 0.8775 | Val Loss 0.1117 Acc 0.9720 AUC 0.9993 Pre 0.9718 Rec 0.9721
2026-09-02 10:35:02 |   Val AUC improved to 0.9993, model saved
2026-09-02 10:35:06 | Epoch   2/100 | Train Loss 0.0931 Acc 0.9774 | Val Loss 0.0705 Acc 0.9836 AUC 0.9997 Pre 0.9836 Rec 0.9834
2026-09-02 10:35:06 |   Val AUC improved to 0.9997, model saved
2026-09-02 10:35:11 | Epoch   3/100 | Train Loss 0.0663 Acc 0.9837 | Val Loss 0.0609 Acc 0.9860 AUC 0.9998 Pre 0.9859 Rec 0.9858
2026-09-02 10:35:11 |   Val AUC improved to 0.9998, model saved
2026-09-02 10:35:15 | Epoch   4/100 | Train Loss 0.0554 Acc 0.9871 | Val Loss 0.0571 Acc 0.9854 AUC 0.9998 Pre 0.9853 Rec 0.9852
2026-09-02 10:35:15 |   Val AUC improved to 0.9998, model saved
2026-09-02 10:35:19 | Epoch   5/100 | Train Loss 0.0426 Acc 0.9905 | Val Loss 0.0507 Acc 0.9872 AUC 0.9999 Pre 0.9870 Rec 0.9871
2026-09-02 10:35:19 |   Val AUC improved to 0.9999, model saved
2026-09-02 10:35:24 | Epoch   6/100 | Train Loss 0.0373 Acc 0.9917 | Val Loss 0.0443 Acc 0.9897 AUC 0.9999 Pre 0.9896 Rec 0.9897
2026-09-02 10:35:24 |   Val AUC improved to 0.9999, model saved
2026-09-02 10:35:28 | Epoch   7/100 | Train Loss 0.0317 Acc 0.9935 | Val Loss 0.0473 Acc 0.9880 AUC 0.9999 Pre 0.9881 Rec 0.9879
2026-09-02 10:35:33 | Epoch   8/100 | Train Loss 0.0293 Acc 0.9938 | Val Loss 0.0461 Acc 0.9878 AUC 0.9999 Pre 0.9878 Rec 0.9876
2026-09-02 10:35:38 | Epoch   9/100 | Train Loss 0.0254 Acc 0.9949 | Val Loss 0.0433 Acc 0.9888 AUC 0.9999 Pre 0.9888 Rec 0.9888
2026-09-02 10:35:38 |   Val AUC improved to 0.9999, model saved
2026-09-02 10:35:42 | Epoch  10/100 | Train Loss 0.0209 Acc 0.9964 | Val Loss 0.0413 Acc 0.9898 AUC 0.9999 Pre 0.9897 Rec 0.9897
2026-09-02 10:35:42 |   Val AUC improved to 0.9999, model saved
2026-09-02 10:35:46 | Epoch  11/100 | Train Loss 0.0174 Acc 0.9972 | Val Loss 0.0402 Acc 0.9892 AUC 0.9999 Pre 0.9891 Rec 0.9892
2026-09-02 10:35:46 |   Val AUC improved to 0.9999, model saved
2026-09-02 10:35:51 | Epoch  12/100 | Train Loss 0.0164 Acc 0.9973 | Val Loss 0.0404 Acc 0.9900 AUC 0.9999 Pre 0.9900 Rec 0.9899
2026-09-02 10:35:55 | Epoch  13/100 | Train Loss 0.0137 Acc 0.9982 | Val Loss 0.0407 Acc 0.9901 AUC 0.9999 Pre 0.9900 Rec 0.9900
2026-09-02 10:35:59 | Epoch  14/100 | Train Loss 0.0148 Acc 0.9975 | Val Loss 0.0383 Acc 0.9905 AUC 0.9999 Pre 0.9905 Rec 0.9904
2026-09-02 10:36:04 | Epoch  15/100 | Train Loss 0.0138 Acc 0.9978 | Val Loss 0.0391 Acc 0.9905 AUC 0.9999 Pre 0.9906 Rec 0.9904
2026-09-02 10:36:09 | Epoch  16/100 | Train Loss 0.0109 Acc 0.9989 | Val Loss 0.0381 Acc 0.9911 AUC 0.9999 Pre 0.9911 Rec 0.9911
2026-09-02 10:36:13 | Epoch  17/100 | Train Loss 0.0105 Acc 0.9988 | Val Loss 0.0385 Acc 0.9906 AUC 0.9999 Pre 0.9906 Rec 0.9905
2026-09-02 10:36:17 | Epoch  18/100 | Train Loss 0.0087 Acc 0.9993 | Val Loss 0.0344 Acc 0.9917 AUC 0.9999 Pre 0.9917 Rec 0.9916
2026-09-02 10:36:17 |   Val AUC improved to 0.9999, model saved
2026-09-02 10:36:22 | Epoch  19/100 | Train Loss 0.0085 Acc 0.9992 | Val Loss 0.0404 Acc 0.9910 AUC 0.9999 Pre 0.9909 Rec 0.9910
2026-09-02 10:36:26 | Epoch  20/100 | Train Loss 0.0079 Acc 0.9995 | Val Loss 0.0368 Acc 0.9909 AUC 0.9999 Pre 0.9908 Rec 0.9908
2026-09-02 10:36:30 | Epoch  21/100 | Train Loss 0.0073 Acc 0.9995 | Val Loss 0.0359 Acc 0.9912 AUC 0.9999 Pre 0.9912 Rec 0.9912
2026-09-02 10:36:35 | Epoch  22/100 | Train Loss 0.0073 Acc 0.9993 | Val Loss 0.0377 Acc 0.9907 AUC 0.9999 Pre 0.9907 Rec 0.9906
2026-09-02 10:36:40 | Epoch  23/100 | Train Loss 0.0065 Acc 0.9996 | Val Loss 0.0331 Acc 0.9919 AUC 0.9999 Pre 0.9919 Rec 0.9919
2026-09-02 10:36:40 |   Val AUC improved to 0.9999, model saved
2026-09-02 10:36:44 | Epoch  24/100 | Train Loss 0.0067 Acc 0.9995 | Val Loss 0.0358 Acc 0.9911 AUC 0.9999 Pre 0.9911 Rec 0.9910
2026-09-02 10:36:49 | Epoch  25/100 | Train Loss 0.0073 Acc 0.9992 | Val Loss 0.0416 Acc 0.9892 AUC 0.9999 Pre 0.9894 Rec 0.9890
2026-09-02 10:36:53 | Epoch  26/100 | Train Loss 0.0105 Acc 0.9981 | Val Loss 0.0447 Acc 0.9903 AUC 0.9999 Pre 0.9904 Rec 0.9902
2026-09-02 10:36:57 | Epoch  27/100 | Train Loss 0.0098 Acc 0.9985 | Val Loss 0.0488 Acc 0.9888 AUC 0.9999 Pre 0.9890 Rec 0.9884
2026-09-02 10:37:02 | Epoch  28/100 | Train Loss 0.0104 Acc 0.9982 | Val Loss 0.0411 Acc 0.9908 AUC 0.9999 Pre 0.9908 Rec 0.9907
2026-09-02 10:37:06 | Epoch  29/100 | Train Loss 0.0082 Acc 0.9987 | Val Loss 0.0427 Acc 0.9899 AUC 0.9999 Pre 0.9898 Rec 0.9899
2026-09-02 10:37:11 | Epoch  30/100 | Train Loss 0.0089 Acc 0.9987 | Val Loss 0.0387 Acc 0.9917 AUC 0.9999 Pre 0.9916 Rec 0.9917
2026-09-02 10:37:16 | Epoch  31/100 | Train Loss 0.0069 Acc 0.9994 | Val Loss 0.0334 Acc 0.9926 AUC 0.9999 Pre 0.9926 Rec 0.9926
2026-09-02 10:37:16 |   Val AUC improved to 0.9999, model saved
2026-09-02 10:37:20 | Epoch  32/100 | Train Loss 0.0052 Acc 0.9998 | Val Loss 0.0332 Acc 0.9919 AUC 0.9999 Pre 0.9919 Rec 0.9919
2026-09-02 10:37:25 | Epoch  33/100 | Train Loss 0.0046 Acc 0.9998 | Val Loss 0.0333 Acc 0.9919 AUC 0.9999 Pre 0.9919 Rec 0.9919
2026-09-02 10:37:29 | Epoch  34/100 | Train Loss 0.0044 Acc 0.9999 | Val Loss 0.0310 Acc 0.9926 AUC 0.9999 Pre 0.9926 Rec 0.9925
2026-09-02 10:37:34 | Epoch  35/100 | Train Loss 0.0042 Acc 0.9999 | Val Loss 0.0373 Acc 0.9919 AUC 0.9999 Pre 0.9919 Rec 0.9919
2026-09-02 10:37:39 | Epoch  36/100 | Train Loss 0.0049 Acc 0.9998 | Val Loss 0.0345 Acc 0.9918 AUC 0.9999 Pre 0.9918 Rec 0.9918
2026-09-02 10:37:43 | Epoch  37/100 | Train Loss 0.0047 Acc 0.9997 | Val Loss 0.0323 Acc 0.9924 AUC 0.9999 Pre 0.9925 Rec 0.9923
2026-09-02 10:37:43 |   Val AUC improved to 0.9999, model saved
2026-09-02 10:37:47 | Epoch  38/100 | Train Loss 0.0058 Acc 0.9994 | Val Loss 0.0462 Acc 0.9896 AUC 0.9999 Pre 0.9896 Rec 0.9895
2026-09-02 10:37:52 | Epoch  39/100 | Train Loss 0.0069 Acc 0.9990 | Val Loss 0.0445 Acc 0.9900 AUC 0.9999 Pre 0.9900 Rec 0.9900
2026-09-02 10:37:56 | Epoch  40/100 | Train Loss 0.0082 Acc 0.9989 | Val Loss 0.0470 Acc 0.9899 AUC 0.9997 Pre 0.9900 Rec 0.9898
2026-09-02 10:38:00 | Epoch  41/100 | Train Loss 0.0111 Acc 0.9978 | Val Loss 0.0527 Acc 0.9884 AUC 0.9998 Pre 0.9881 Rec 0.9885
2026-09-02 10:38:05 | Epoch  42/100 | Train Loss 0.0121 Acc 0.9977 | Val Loss 0.0456 Acc 0.9904 AUC 0.9999 Pre 0.9904 Rec 0.9903
2026-09-02 10:38:10 | Epoch  43/100 | Train Loss 0.0062 Acc 0.9994 | Val Loss 0.0400 Acc 0.9918 AUC 0.9999 Pre 0.9918 Rec 0.9918
2026-09-02 10:38:14 | Epoch  44/100 | Train Loss 0.0050 Acc 0.9996 | Val Loss 0.0342 Acc 0.9929 AUC 0.9999 Pre 0.9929 Rec 0.9928
2026-09-02 10:38:19 | Epoch  45/100 | Train Loss 0.0048 Acc 0.9996 | Val Loss 0.0374 Acc 0.9921 AUC 0.9999 Pre 0.9921 Rec 0.9920
2026-09-02 10:38:23 | Epoch  46/100 | Train Loss 0.0047 Acc 0.9996 | Val Loss 0.0290 Acc 0.9925 AUC 1.0000 Pre 0.9925 Rec 0.9925
2026-09-02 10:38:23 |   Val AUC improved to 1.0000, model saved
2026-09-02 10:38:28 | Epoch  47/100 | Train Loss 0.0039 Acc 0.9999 | Val Loss 0.0330 Acc 0.9926 AUC 0.9999 Pre 0.9927 Rec 0.9925
2026-09-02 10:38:32 | Epoch  48/100 | Train Loss 0.0036 Acc 0.9999 | Val Loss 0.0343 Acc 0.9917 AUC 0.9999 Pre 0.9917 Rec 0.9917
2026-09-02 10:38:37 | Epoch  49/100 | Train Loss 0.0032 Acc 1.0000 | Val Loss 0.0317 Acc 0.9921 AUC 0.9999 Pre 0.9921 Rec 0.9920
2026-09-02 10:38:41 | Epoch  50/100 | Train Loss 0.0035 Acc 0.9999 | Val Loss 0.0329 Acc 0.9923 AUC 0.9999 Pre 0.9923 Rec 0.9923
2026-09-02 10:38:46 | Epoch  51/100 | Train Loss 0.0038 Acc 0.9997 | Val Loss 0.0344 Acc 0.9921 AUC 0.9999 Pre 0.9922 Rec 0.9921
2026-09-02 10:38:50 | Epoch  52/100 | Train Loss 0.0053 Acc 0.9994 | Val Loss 0.0401 Acc 0.9919 AUC 0.9999 Pre 0.9920 Rec 0.9917
2026-09-02 10:38:54 | Epoch  53/100 | Train Loss 0.0088 Acc 0.9985 | Val Loss 0.0410 Acc 0.9894 AUC 0.9999 Pre 0.9894 Rec 0.9893
2026-09-02 10:38:59 | Epoch  54/100 | Train Loss 0.0081 Acc 0.9986 | Val Loss 0.0380 Acc 0.9914 AUC 0.9999 Pre 0.9914 Rec 0.9913
2026-09-02 10:39:03 | Epoch  55/100 | Train Loss 0.0050 Acc 0.9996 | Val Loss 0.0443 Acc 0.9913 AUC 0.9999 Pre 0.9913 Rec 0.9913
2026-09-02 10:39:08 | Epoch  56/100 | Train Loss 0.0057 Acc 0.9994 | Val Loss 0.0342 Acc 0.9920 AUC 0.9999 Pre 0.9920 Rec 0.9920
2026-09-02 10:39:08 | Val AUC did not improve for 10 consecutive epochs, early stopping at Epoch 56 (best AUC 1.0000 @ Epoch 46)
2026-09-02 10:39:08 | Run 1/5 | Test (best model @ Epoch 46) | Loss 0.0248 Acc 0.9934 AUC 0.9999 Pre 0.9933 Rec 0.9933
2026-09-02 10:39:08 | ===== Run 2/5 (seed 1) =====
2026-09-02 10:39:13 | Epoch   1/100 | Train Loss 0.3718 Acc 0.8874 | Val Loss 0.1067 Acc 0.9729 AUC 0.9993 Pre 0.9729 Rec 0.9730
2026-09-02 10:39:13 |   Val AUC improved to 0.9993, model saved
2026-09-02 10:39:17 | Epoch   2/100 | Train Loss 0.0900 Acc 0.9764 | Val Loss 0.0761 Acc 0.9793 AUC 0.9997 Pre 0.9793 Rec 0.9791
2026-09-02 10:39:17 |   Val AUC improved to 0.9997, model saved
2026-09-02 10:39:22 | Epoch   3/100 | Train Loss 0.0630 Acc 0.9848 | Val Loss 0.0576 Acc 0.9859 AUC 0.9998 Pre 0.9860 Rec 0.9857
2026-09-02 10:39:22 |   Val AUC improved to 0.9998, model saved
2026-09-02 10:39:27 | Epoch   4/100 | Train Loss 0.0474 Acc 0.9888 | Val Loss 0.0543 Acc 0.9861 AUC 0.9998 Pre 0.9861 Rec 0.9859
2026-09-02 10:39:27 |   Val AUC improved to 0.9998, model saved
2026-09-02 10:39:32 | Epoch   5/100 | Train Loss 0.0407 Acc 0.9908 | Val Loss 0.0447 Acc 0.9886 AUC 0.9999 Pre 0.9886 Rec 0.9885
2026-09-02 10:39:32 |   Val AUC improved to 0.9999, model saved
2026-09-02 10:39:36 | Epoch   6/100 | Train Loss 0.0348 Acc 0.9926 | Val Loss 0.0439 Acc 0.9895 AUC 0.9999 Pre 0.9896 Rec 0.9895
2026-09-02 10:39:41 | Epoch   7/100 | Train Loss 0.0290 Acc 0.9943 | Val Loss 0.0417 Acc 0.9887 AUC 0.9999 Pre 0.9885 Rec 0.9887
2026-09-02 10:39:41 |   Val AUC improved to 0.9999, model saved
2026-09-02 10:39:45 | Epoch   8/100 | Train Loss 0.0240 Acc 0.9959 | Val Loss 0.0421 Acc 0.9895 AUC 0.9999 Pre 0.9895 Rec 0.9894
2026-09-02 10:39:50 | Epoch   9/100 | Train Loss 0.0218 Acc 0.9961 | Val Loss 0.0389 Acc 0.9896 AUC 0.9999 Pre 0.9896 Rec 0.9895
2026-09-02 10:39:50 |   Val AUC improved to 0.9999, model saved
2026-09-02 10:39:55 | Epoch  10/100 | Train Loss 0.0189 Acc 0.9968 | Val Loss 0.0374 Acc 0.9899 AUC 0.9999 Pre 0.9898 Rec 0.9898
2026-09-02 10:39:55 |   Val AUC improved to 0.9999, model saved
2026-09-02 10:40:00 | Epoch  11/100 | Train Loss 0.0182 Acc 0.9969 | Val Loss 0.0411 Acc 0.9899 AUC 0.9999 Pre 0.9898 Rec 0.9898
2026-09-02 10:40:04 | Epoch  12/100 | Train Loss 0.0181 Acc 0.9970 | Val Loss 0.0414 Acc 0.9902 AUC 0.9999 Pre 0.9901 Rec 0.9902
2026-09-02 10:40:09 | Epoch  13/100 | Train Loss 0.0146 Acc 0.9978 | Val Loss 0.0383 Acc 0.9903 AUC 0.9999 Pre 0.9903 Rec 0.9902
2026-09-02 10:40:13 | Epoch  14/100 | Train Loss 0.0125 Acc 0.9981 | Val Loss 0.0371 Acc 0.9912 AUC 0.9999 Pre 0.9911 Rec 0.9911
2026-09-02 10:40:18 | Epoch  15/100 | Train Loss 0.0115 Acc 0.9985 | Val Loss 0.0401 Acc 0.9898 AUC 0.9999 Pre 0.9898 Rec 0.9897
2026-09-02 10:40:18 |   Val AUC improved to 0.9999, model saved
2026-09-02 10:40:23 | Epoch  16/100 | Train Loss 0.0111 Acc 0.9986 | Val Loss 0.0370 Acc 0.9912 AUC 0.9999 Pre 0.9912 Rec 0.9911
2026-09-02 10:40:23 |   Val AUC improved to 0.9999, model saved
2026-09-02 10:40:27 | Epoch  17/100 | Train Loss 0.0084 Acc 0.9994 | Val Loss 0.0354 Acc 0.9912 AUC 0.9999 Pre 0.9912 Rec 0.9911
2026-09-02 10:40:32 | Epoch  18/100 | Train Loss 0.0079 Acc 0.9996 | Val Loss 0.0359 Acc 0.9905 AUC 0.9999 Pre 0.9904 Rec 0.9904
2026-09-02 10:40:32 |   Val AUC improved to 0.9999, model saved
2026-09-02 10:40:37 | Epoch  19/100 | Train Loss 0.0074 Acc 0.9995 | Val Loss 0.0379 Acc 0.9907 AUC 0.9999 Pre 0.9907 Rec 0.9906
2026-09-02 10:40:41 | Epoch  20/100 | Train Loss 0.0089 Acc 0.9989 | Val Loss 0.0417 Acc 0.9905 AUC 0.9999 Pre 0.9904 Rec 0.9905
2026-09-02 10:40:46 | Epoch  21/100 | Train Loss 0.0086 Acc 0.9992 | Val Loss 0.0425 Acc 0.9903 AUC 0.9999 Pre 0.9903 Rec 0.9902
2026-09-02 10:40:51 | Epoch  22/100 | Train Loss 0.0084 Acc 0.9990 | Val Loss 0.0402 Acc 0.9910 AUC 0.9999 Pre 0.9910 Rec 0.9909
2026-09-02 10:40:55 | Epoch  23/100 | Train Loss 0.0127 Acc 0.9976 | Val Loss 0.0438 Acc 0.9901 AUC 0.9999 Pre 0.9901 Rec 0.9901
2026-09-02 10:41:00 | Epoch  24/100 | Train Loss 0.0110 Acc 0.9982 | Val Loss 0.0429 Acc 0.9911 AUC 0.9999 Pre 0.9909 Rec 0.9911
2026-09-02 10:41:04 | Epoch  25/100 | Train Loss 0.0086 Acc 0.9991 | Val Loss 0.0395 Acc 0.9918 AUC 0.9999 Pre 0.9918 Rec 0.9917
2026-09-02 10:41:09 | Epoch  26/100 | Train Loss 0.0083 Acc 0.9990 | Val Loss 0.0405 Acc 0.9907 AUC 0.9999 Pre 0.9908 Rec 0.9906
2026-09-02 10:41:13 | Epoch  27/100 | Train Loss 0.0095 Acc 0.9986 | Val Loss 0.0418 Acc 0.9912 AUC 0.9998 Pre 0.9912 Rec 0.9911
2026-09-02 10:41:18 | Epoch  28/100 | Train Loss 0.0064 Acc 0.9995 | Val Loss 0.0417 Acc 0.9895 AUC 0.9999 Pre 0.9893 Rec 0.9896
2026-09-02 10:41:18 | Val AUC did not improve for 10 consecutive epochs, early stopping at Epoch 28 (best AUC 0.9999 @ Epoch 18)
2026-09-02 10:41:19 | Run 2/5 | Test (best model @ Epoch 18) | Loss 0.0284 Acc 0.9927 AUC 0.9999 Pre 0.9927 Rec 0.9927
2026-09-02 10:41:19 | ===== Run 3/5 (seed 2) =====
2026-09-02 10:41:23 | Epoch   1/100 | Train Loss 0.4307 Acc 0.8675 | Val Loss 0.1247 Acc 0.9679 AUC 0.9992 Pre 0.9680 Rec 0.9681
2026-09-02 10:41:23 |   Val AUC improved to 0.9992, model saved
2026-09-02 10:41:28 | Epoch   2/100 | Train Loss 0.0964 Acc 0.9762 | Val Loss 0.0745 Acc 0.9823 AUC 0.9997 Pre 0.9822 Rec 0.9823
2026-09-02 10:41:28 |   Val AUC improved to 0.9997, model saved
2026-09-02 10:41:33 | Epoch   3/100 | Train Loss 0.0682 Acc 0.9830 | Val Loss 0.0593 Acc 0.9855 AUC 0.9998 Pre 0.9854 Rec 0.9854
2026-09-02 10:41:33 |   Val AUC improved to 0.9998, model saved
2026-09-02 10:41:37 | Epoch   4/100 | Train Loss 0.0529 Acc 0.9878 | Val Loss 0.0499 Acc 0.9890 AUC 0.9998 Pre 0.9889 Rec 0.9889
2026-09-02 10:41:37 |   Val AUC improved to 0.9998, model saved
2026-09-02 10:41:42 | Epoch   5/100 | Train Loss 0.0432 Acc 0.9899 | Val Loss 0.0476 Acc 0.9876 AUC 0.9998 Pre 0.9876 Rec 0.9874
2026-09-02 10:41:42 |   Val AUC improved to 0.9998, model saved
2026-09-02 10:41:47 | Epoch   6/100 | Train Loss 0.0365 Acc 0.9923 | Val Loss 0.0470 Acc 0.9872 AUC 0.9999 Pre 0.9871 Rec 0.9873
2026-09-02 10:41:47 |   Val AUC improved to 0.9999, model saved
2026-09-02 10:41:51 | Epoch   7/100 | Train Loss 0.0317 Acc 0.9932 | Val Loss 0.0419 Acc 0.9886 AUC 0.9999 Pre 0.9886 Rec 0.9885
2026-09-02 10:41:51 |   Val AUC improved to 0.9999, model saved
2026-09-02 10:41:56 | Epoch   8/100 | Train Loss 0.0285 Acc 0.9938 | Val Loss 0.0438 Acc 0.9897 AUC 0.9999 Pre 0.9896 Rec 0.9897
2026-09-02 10:42:00 | Epoch   9/100 | Train Loss 0.0241 Acc 0.9954 | Val Loss 0.0390 Acc 0.9907 AUC 0.9999 Pre 0.9906 Rec 0.9906
2026-09-02 10:42:00 |   Val AUC improved to 0.9999, model saved
2026-09-02 10:42:05 | Epoch  10/100 | Train Loss 0.0212 Acc 0.9961 | Val Loss 0.0392 Acc 0.9912 AUC 0.9999 Pre 0.9912 Rec 0.9912
2026-09-02 10:42:09 | Epoch  11/100 | Train Loss 0.0187 Acc 0.9967 | Val Loss 0.0418 Acc 0.9897 AUC 0.9999 Pre 0.9895 Rec 0.9897
2026-09-02 10:42:14 | Epoch  12/100 | Train Loss 0.0164 Acc 0.9974 | Val Loss 0.0365 Acc 0.9920 AUC 0.9999 Pre 0.9920 Rec 0.9919
2026-09-02 10:42:14 |   Val AUC improved to 0.9999, model saved
2026-09-02 10:42:19 | Epoch  13/100 | Train Loss 0.0152 Acc 0.9976 | Val Loss 0.0398 Acc 0.9912 AUC 0.9999 Pre 0.9912 Rec 0.9910
2026-09-02 10:42:24 | Epoch  14/100 | Train Loss 0.0137 Acc 0.9980 | Val Loss 0.0387 Acc 0.9906 AUC 0.9999 Pre 0.9906 Rec 0.9905
2026-09-02 10:42:29 | Epoch  15/100 | Train Loss 0.0129 Acc 0.9982 | Val Loss 0.0386 Acc 0.9914 AUC 0.9999 Pre 0.9914 Rec 0.9913
2026-09-02 10:42:34 | Epoch  16/100 | Train Loss 0.0108 Acc 0.9988 | Val Loss 0.0375 Acc 0.9909 AUC 0.9999 Pre 0.9908 Rec 0.9909
2026-09-02 10:42:39 | Epoch  17/100 | Train Loss 0.0103 Acc 0.9990 | Val Loss 0.0348 Acc 0.9918 AUC 0.9999 Pre 0.9918 Rec 0.9917
2026-09-02 10:42:44 | Epoch  18/100 | Train Loss 0.0098 Acc 0.9989 | Val Loss 0.0374 Acc 0.9918 AUC 0.9999 Pre 0.9917 Rec 0.9918
2026-09-02 10:42:49 | Epoch  19/100 | Train Loss 0.0095 Acc 0.9989 | Val Loss 0.0379 Acc 0.9907 AUC 0.9999 Pre 0.9907 Rec 0.9908
2026-09-02 10:42:54 | Epoch  20/100 | Train Loss 0.0084 Acc 0.9993 | Val Loss 0.0383 Acc 0.9905 AUC 0.9999 Pre 0.9906 Rec 0.9904
2026-09-02 10:42:58 | Epoch  21/100 | Train Loss 0.0099 Acc 0.9987 | Val Loss 0.0432 Acc 0.9903 AUC 0.9999 Pre 0.9903 Rec 0.9902
2026-09-02 10:43:03 | Epoch  22/100 | Train Loss 0.0131 Acc 0.9976 | Val Loss 0.0363 Acc 0.9917 AUC 0.9999 Pre 0.9917 Rec 0.9917
2026-09-02 10:43:03 | Val AUC did not improve for 10 consecutive epochs, early stopping at Epoch 22 (best AUC 0.9999 @ Epoch 12)
2026-09-02 10:43:04 | Run 3/5 | Test (best model @ Epoch 12) | Loss 0.0298 Acc 0.9922 AUC 0.9999 Pre 0.9922 Rec 0.9921
2026-09-02 10:43:04 | ===== Run 4/5 (seed 3) =====
2026-09-02 10:43:08 | Epoch   1/100 | Train Loss 0.3814 Acc 0.8811 | Val Loss 0.1105 Acc 0.9722 AUC 0.9994 Pre 0.9725 Rec 0.9720
2026-09-02 10:43:08 |   Val AUC improved to 0.9994, model saved
2026-09-02 10:43:13 | Epoch   2/100 | Train Loss 0.0914 Acc 0.9770 | Val Loss 0.0669 Acc 0.9832 AUC 0.9998 Pre 0.9833 Rec 0.9829
2026-09-02 10:43:13 |   Val AUC improved to 0.9998, model saved
2026-09-02 10:43:18 | Epoch   3/100 | Train Loss 0.0647 Acc 0.9843 | Val Loss 0.0586 Acc 0.9851 AUC 0.9998 Pre 0.9850 Rec 0.9850
2026-09-02 10:43:18 |   Val AUC improved to 0.9998, model saved
2026-09-02 10:43:22 | Epoch   4/100 | Train Loss 0.0508 Acc 0.9885 | Val Loss 0.0503 Acc 0.9873 AUC 0.9999 Pre 0.9873 Rec 0.9871
2026-09-02 10:43:22 |   Val AUC improved to 0.9999, model saved
2026-09-02 10:43:27 | Epoch   5/100 | Train Loss 0.0423 Acc 0.9902 | Val Loss 0.0460 Acc 0.9886 AUC 0.9999 Pre 0.9887 Rec 0.9885
2026-09-02 10:43:27 |   Val AUC improved to 0.9999, model saved
2026-09-02 10:43:32 | Epoch   6/100 | Train Loss 0.0353 Acc 0.9922 | Val Loss 0.0401 Acc 0.9897 AUC 0.9999 Pre 0.9896 Rec 0.9896
2026-09-02 10:43:32 |   Val AUC improved to 0.9999, model saved
2026-09-02 10:43:37 | Epoch   7/100 | Train Loss 0.0290 Acc 0.9942 | Val Loss 0.0376 Acc 0.9904 AUC 0.9999 Pre 0.9904 Rec 0.9903
2026-09-02 10:43:37 |   Val AUC improved to 0.9999, model saved
2026-09-02 10:43:41 | Epoch   8/100 | Train Loss 0.0247 Acc 0.9953 | Val Loss 0.0386 Acc 0.9903 AUC 0.9999 Pre 0.9903 Rec 0.9902
2026-09-02 10:43:41 |   Val AUC improved to 0.9999, model saved
2026-09-02 10:43:46 | Epoch   9/100 | Train Loss 0.0207 Acc 0.9965 | Val Loss 0.0406 Acc 0.9896 AUC 0.9999 Pre 0.9896 Rec 0.9895
2026-09-02 10:43:51 | Epoch  10/100 | Train Loss 0.0193 Acc 0.9963 | Val Loss 0.0361 Acc 0.9898 AUC 0.9999 Pre 0.9899 Rec 0.9896
2026-09-02 10:43:51 |   Val AUC improved to 0.9999, model saved
2026-09-02 10:43:56 | Epoch  11/100 | Train Loss 0.0173 Acc 0.9971 | Val Loss 0.0360 Acc 0.9904 AUC 0.9999 Pre 0.9903 Rec 0.9903
2026-09-02 10:44:01 | Epoch  12/100 | Train Loss 0.0150 Acc 0.9978 | Val Loss 0.0369 Acc 0.9903 AUC 0.9999 Pre 0.9903 Rec 0.9903
2026-09-02 10:44:06 | Epoch  13/100 | Train Loss 0.0140 Acc 0.9979 | Val Loss 0.0388 Acc 0.9906 AUC 0.9999 Pre 0.9906 Rec 0.9905
2026-09-02 10:44:11 | Epoch  14/100 | Train Loss 0.0125 Acc 0.9986 | Val Loss 0.0377 Acc 0.9909 AUC 0.9999 Pre 0.9909 Rec 0.9909
2026-09-02 10:44:16 | Epoch  15/100 | Train Loss 0.0117 Acc 0.9985 | Val Loss 0.0367 Acc 0.9914 AUC 0.9999 Pre 0.9914 Rec 0.9913
2026-09-02 10:44:21 | Epoch  16/100 | Train Loss 0.0112 Acc 0.9986 | Val Loss 0.0452 Acc 0.9905 AUC 0.9998 Pre 0.9905 Rec 0.9904
2026-09-02 10:44:26 | Epoch  17/100 | Train Loss 0.0099 Acc 0.9989 | Val Loss 0.0386 Acc 0.9906 AUC 0.9999 Pre 0.9906 Rec 0.9905
2026-09-02 10:44:32 | Epoch  18/100 | Train Loss 0.0106 Acc 0.9986 | Val Loss 0.0429 Acc 0.9892 AUC 0.9998 Pre 0.9892 Rec 0.9891
2026-09-02 10:44:37 | Epoch  19/100 | Train Loss 0.0120 Acc 0.9980 | Val Loss 0.0342 Acc 0.9916 AUC 0.9999 Pre 0.9915 Rec 0.9916
2026-09-02 10:44:41 | Epoch  20/100 | Train Loss 0.0098 Acc 0.9988 | Val Loss 0.0352 Acc 0.9917 AUC 0.9999 Pre 0.9916 Rec 0.9917
2026-09-02 10:44:41 | Val AUC did not improve for 10 consecutive epochs, early stopping at Epoch 20 (best AUC 0.9999 @ Epoch 10)
2026-09-02 10:44:42 | Run 4/5 | Test (best model @ Epoch 10) | Loss 0.0325 Acc 0.9917 AUC 0.9999 Pre 0.9918 Rec 0.9915
2026-09-02 10:44:42 | ===== Run 5/5 (seed 4) =====
2026-09-02 10:44:46 | Epoch   1/100 | Train Loss 0.3845 Acc 0.8820 | Val Loss 0.1059 Acc 0.9732 AUC 0.9993 Pre 0.9733 Rec 0.9730
2026-09-02 10:44:46 |   Val AUC improved to 0.9993, model saved
2026-09-02 10:44:51 | Epoch   2/100 | Train Loss 0.0931 Acc 0.9763 | Val Loss 0.0732 Acc 0.9825 AUC 0.9997 Pre 0.9827 Rec 0.9822
2026-09-02 10:44:51 |   Val AUC improved to 0.9997, model saved
2026-09-02 10:44:56 | Epoch   3/100 | Train Loss 0.0646 Acc 0.9848 | Val Loss 0.0593 Acc 0.9850 AUC 0.9998 Pre 0.9850 Rec 0.9849
2026-09-02 10:44:56 |   Val AUC improved to 0.9998, model saved
2026-09-02 10:45:01 | Epoch   4/100 | Train Loss 0.0501 Acc 0.9886 | Val Loss 0.0527 Acc 0.9871 AUC 0.9999 Pre 0.9871 Rec 0.9870
2026-09-02 10:45:01 |   Val AUC improved to 0.9999, model saved
2026-09-02 10:45:05 | Epoch   5/100 | Train Loss 0.0426 Acc 0.9904 | Val Loss 0.0483 Acc 0.9872 AUC 0.9999 Pre 0.9874 Rec 0.9870
2026-09-02 10:45:05 |   Val AUC improved to 0.9999, model saved
2026-09-02 10:45:10 | Epoch   6/100 | Train Loss 0.0363 Acc 0.9922 | Val Loss 0.0441 Acc 0.9897 AUC 0.9999 Pre 0.9897 Rec 0.9896
2026-09-02 10:45:10 |   Val AUC improved to 0.9999, model saved
2026-09-02 10:45:15 | Epoch   7/100 | Train Loss 0.0291 Acc 0.9945 | Val Loss 0.0442 Acc 0.9879 AUC 0.9999 Pre 0.9877 Rec 0.9879
2026-09-02 10:45:19 | Epoch   8/100 | Train Loss 0.0260 Acc 0.9952 | Val Loss 0.0380 Acc 0.9901 AUC 0.9999 Pre 0.9900 Rec 0.9901
2026-09-02 10:45:19 |   Val AUC improved to 0.9999, model saved
2026-09-02 10:45:24 | Epoch   9/100 | Train Loss 0.0212 Acc 0.9965 | Val Loss 0.0386 Acc 0.9903 AUC 0.9999 Pre 0.9903 Rec 0.9902
2026-09-02 10:45:28 | Epoch  10/100 | Train Loss 0.0201 Acc 0.9965 | Val Loss 0.0405 Acc 0.9893 AUC 0.9999 Pre 0.9892 Rec 0.9892
2026-09-02 10:45:33 | Epoch  11/100 | Train Loss 0.0168 Acc 0.9977 | Val Loss 0.0385 Acc 0.9905 AUC 0.9999 Pre 0.9906 Rec 0.9903
2026-09-02 10:45:37 | Epoch  12/100 | Train Loss 0.0162 Acc 0.9975 | Val Loss 0.0367 Acc 0.9904 AUC 0.9999 Pre 0.9904 Rec 0.9903
2026-09-02 10:45:42 | Epoch  13/100 | Train Loss 0.0158 Acc 0.9974 | Val Loss 0.0371 Acc 0.9905 AUC 0.9999 Pre 0.9904 Rec 0.9904
2026-09-02 10:45:42 |   Val AUC improved to 0.9999, model saved
2026-09-02 10:45:46 | Epoch  14/100 | Train Loss 0.0152 Acc 0.9975 | Val Loss 0.0354 Acc 0.9907 AUC 0.9999 Pre 0.9907 Rec 0.9906
2026-09-02 10:45:46 |   Val AUC improved to 0.9999, model saved
2026-09-02 10:45:51 | Epoch  15/100 | Train Loss 0.0118 Acc 0.9988 | Val Loss 0.0399 Acc 0.9902 AUC 0.9999 Pre 0.9901 Rec 0.9901
2026-09-02 10:45:56 | Epoch  16/100 | Train Loss 0.0108 Acc 0.9989 | Val Loss 0.0340 Acc 0.9912 AUC 0.9999 Pre 0.9912 Rec 0.9911
2026-09-02 10:46:01 | Epoch  17/100 | Train Loss 0.0097 Acc 0.9993 | Val Loss 0.0359 Acc 0.9914 AUC 0.9999 Pre 0.9915 Rec 0.9913
2026-09-02 10:46:05 | Epoch  18/100 | Train Loss 0.0088 Acc 0.9993 | Val Loss 0.0359 Acc 0.9914 AUC 0.9999 Pre 0.9913 Rec 0.9913
2026-09-02 10:46:10 | Epoch  19/100 | Train Loss 0.0088 Acc 0.9991 | Val Loss 0.0327 Acc 0.9918 AUC 0.9999 Pre 0.9918 Rec 0.9918
2026-09-02 10:46:15 | Epoch  20/100 | Train Loss 0.0100 Acc 0.9987 | Val Loss 0.0399 Acc 0.9901 AUC 0.9999 Pre 0.9902 Rec 0.9900
2026-09-02 10:46:20 | Epoch  21/100 | Train Loss 0.0099 Acc 0.9987 | Val Loss 0.0369 Acc 0.9917 AUC 0.9999 Pre 0.9918 Rec 0.9915
2026-09-02 10:46:24 | Epoch  22/100 | Train Loss 0.0094 Acc 0.9989 | Val Loss 0.0370 Acc 0.9916 AUC 0.9999 Pre 0.9915 Rec 0.9915
2026-09-02 10:46:29 | Epoch  23/100 | Train Loss 0.0081 Acc 0.9993 | Val Loss 0.0328 Acc 0.9917 AUC 0.9999 Pre 0.9916 Rec 0.9917
2026-09-02 10:46:34 | Epoch  24/100 | Train Loss 0.0091 Acc 0.9988 | Val Loss 0.0425 Acc 0.9908 AUC 0.9999 Pre 0.9909 Rec 0.9907
2026-09-02 10:46:34 | Val AUC did not improve for 10 consecutive epochs, early stopping at Epoch 24 (best AUC 0.9999 @ Epoch 14)
2026-09-02 10:46:35 | Run 5/5 | Test (best model @ Epoch 14) | Loss 0.0305 Acc 0.9916 AUC 1.0000 Pre 0.9916 Rec 0.9916
2026-09-02 10:46:35 | Average over 5 runs | Test Loss 0.0292±0.0029 Acc 0.9923±0.0007 AUC 0.9999±0.0000 Pre 0.9923±0.0007 Rec 0.9922±0.0008
