2026-09-06 05:53:12 | Device: cuda
2026-09-06 05:53:12 | Args: {'model': 'ncbd', 'backbone': 'mlp', 'task': 'imagenet100', 'epochs': 100, 'batch_size': 512, 'lr': 0.001, 'hidden_dims': [512, 256], 'dropout': 0.2, 'z_dim': 256, 'anchor_scale': 4.0, 'energy_classifier': False, 'tied_head': False, 'max_len': 250, 'random_labels': False, 'beta': 0.05, 'patience': 10, 'runs': 5, 'seed': 0, 'data_dir': './data', 'save_path': 'output/imagenet100_mlp_ncbd/imagenet100_mlp_ncbd.pt', 'log_path': '/root/autodl-tmp/IB/tune_results/imagenet100_mlp_ncbd_beta_0.05/train.log', 'no_save': True}
2026-09-06 05:53:12 | ImageNet-100 特征：使用 4×4 空间池化文件 ./data/imagenet100/imagenet100_resnet50_layer3_pool4_features.npz
2026-09-06 05:53:12 | ImageNet-100 预处理缓存：mmap 共享 ./data/imagenet100/preprocessed_pool4
2026-09-06 05:53:12 | ===== Run 1/5 (seed 0) =====
2026-09-06 05:53:18 | Epoch   1/100 | Train Loss 0.4041 Acc 0.6797 | Val Loss -2.6187 Acc 0.8061 AUC 0.9931 Pre 0.8087 Rec 0.8032
2026-09-06 05:53:18 |   Val AUC improved to 0.9931, model saved
2026-09-06 05:53:23 | Epoch   2/100 | Train Loss -3.1181 Acc 0.8477 | Val Loss -3.9929 Acc 0.8240 AUC 0.9919 Pre 0.8285 Rec 0.8208
2026-09-06 05:53:27 | Epoch   3/100 | Train Loss -4.9445 Acc 0.8943 | Val Loss -4.7591 Acc 0.8352 AUC 0.9908 Pre 0.8379 Rec 0.8320
2026-09-06 05:53:32 | Epoch   4/100 | Train Loss -6.1296 Acc 0.9228 | Val Loss -5.0877 Acc 0.8401 AUC 0.9899 Pre 0.8441 Rec 0.8372
2026-09-06 05:53:36 | Epoch   5/100 | Train Loss -6.9984 Acc 0.9422 | Val Loss -5.2864 Acc 0.8413 AUC 0.9890 Pre 0.8439 Rec 0.8382
2026-09-06 05:53:40 | Epoch   6/100 | Train Loss -7.6340 Acc 0.9552 | Val Loss -5.4004 Acc 0.8419 AUC 0.9880 Pre 0.8421 Rec 0.8398
2026-09-06 05:53:45 | Epoch   7/100 | Train Loss -8.1710 Acc 0.9659 | Val Loss -5.4354 Acc 0.8431 AUC 0.9874 Pre 0.8430 Rec 0.8412
2026-09-06 05:53:49 | Epoch   8/100 | Train Loss -8.5920 Acc 0.9727 | Val Loss -5.4465 Acc 0.8442 AUC 0.9865 Pre 0.8441 Rec 0.8422
2026-09-06 05:53:54 | Epoch   9/100 | Train Loss -8.8858 Acc 0.9776 | Val Loss -5.4457 Acc 0.8424 AUC 0.9861 Pre 0.8428 Rec 0.8404
2026-09-06 05:53:58 | Epoch  10/100 | Train Loss -9.1552 Acc 0.9803 | Val Loss -5.4657 Acc 0.8396 AUC 0.9854 Pre 0.8391 Rec 0.8372
2026-09-06 05:54:03 | Epoch  11/100 | Train Loss -9.3220 Acc 0.9817 | Val Loss -5.3651 Acc 0.8392 AUC 0.9838 Pre 0.8383 Rec 0.8368
2026-09-06 05:54:03 | Val AUC did not improve for 10 consecutive epochs, early stopping at Epoch 11 (best AUC 0.9931 @ Epoch 1)
2026-09-06 05:54:04 | Run 1/5 | Test (best model @ Epoch 1) | Loss -2.6619 Acc 0.8092 AUC 0.9932 Pre 0.8115 Rec 0.8064
2026-09-06 05:54:04 | ===== Run 2/5 (seed 1) =====
2026-09-06 05:54:09 | Epoch   1/100 | Train Loss 0.4054 Acc 0.6793 | Val Loss -2.6330 Acc 0.8071 AUC 0.9933 Pre 0.8092 Rec 0.8035
2026-09-06 05:54:09 |   Val AUC improved to 0.9933, model saved
2026-09-06 05:54:13 | Epoch   2/100 | Train Loss -3.1240 Acc 0.8480 | Val Loss -4.0203 Acc 0.8255 AUC 0.9919 Pre 0.8277 Rec 0.8228
2026-09-06 05:54:17 | Epoch   3/100 | Train Loss -4.9451 Acc 0.8948 | Val Loss -4.7559 Acc 0.8368 AUC 0.9908 Pre 0.8406 Rec 0.8336
2026-09-06 05:54:22 | Epoch   4/100 | Train Loss -6.1575 Acc 0.9223 | Val Loss -5.1744 Acc 0.8413 AUC 0.9903 Pre 0.8430 Rec 0.8386
2026-09-06 05:54:26 | Epoch   5/100 | Train Loss -6.9946 Acc 0.9415 | Val Loss -5.3574 Acc 0.8442 AUC 0.9896 Pre 0.8452 Rec 0.8416
2026-09-06 05:54:30 | Epoch   6/100 | Train Loss -7.5839 Acc 0.9538 | Val Loss -5.4077 Acc 0.8438 AUC 0.9887 Pre 0.8443 Rec 0.8411
2026-09-06 05:54:35 | Epoch   7/100 | Train Loss -8.0998 Acc 0.9645 | Val Loss -5.4536 Acc 0.8437 AUC 0.9878 Pre 0.8441 Rec 0.8407
2026-09-06 05:54:39 | Epoch   8/100 | Train Loss -8.5528 Acc 0.9705 | Val Loss -5.4917 Acc 0.8469 AUC 0.9870 Pre 0.8462 Rec 0.8445
2026-09-06 05:54:44 | Epoch   9/100 | Train Loss -8.8835 Acc 0.9769 | Val Loss -5.5276 Acc 0.8450 AUC 0.9868 Pre 0.8441 Rec 0.8421
2026-09-06 05:54:48 | Epoch  10/100 | Train Loss -9.0894 Acc 0.9795 | Val Loss -5.3530 Acc 0.8386 AUC 0.9853 Pre 0.8390 Rec 0.8358
2026-09-06 05:54:53 | Epoch  11/100 | Train Loss -9.2572 Acc 0.9815 | Val Loss -5.4680 Acc 0.8415 AUC 0.9854 Pre 0.8410 Rec 0.8393
2026-09-06 05:54:53 | Val AUC did not improve for 10 consecutive epochs, early stopping at Epoch 11 (best AUC 0.9933 @ Epoch 1)
2026-09-06 05:54:54 | Run 2/5 | Test (best model @ Epoch 1) | Loss -2.6688 Acc 0.8071 AUC 0.9934 Pre 0.8096 Rec 0.8039
2026-09-06 05:54:54 | ===== Run 3/5 (seed 2) =====
2026-09-06 05:54:58 | Epoch   1/100 | Train Loss 0.4264 Acc 0.6814 | Val Loss -2.6220 Acc 0.8087 AUC 0.9936 Pre 0.8144 Rec 0.8039
2026-09-06 05:54:59 |   Val AUC improved to 0.9936, model saved
2026-09-06 05:55:03 | Epoch   2/100 | Train Loss -3.0914 Acc 0.8482 | Val Loss -3.9985 Acc 0.8260 AUC 0.9920 Pre 0.8275 Rec 0.8227
2026-09-06 05:55:07 | Epoch   3/100 | Train Loss -4.9035 Acc 0.8943 | Val Loss -4.6942 Acc 0.8342 AUC 0.9910 Pre 0.8368 Rec 0.8311
2026-09-06 05:55:12 | Epoch   4/100 | Train Loss -6.1340 Acc 0.9239 | Val Loss -5.0540 Acc 0.8382 AUC 0.9897 Pre 0.8412 Rec 0.8356
2026-09-06 05:55:16 | Epoch   5/100 | Train Loss -7.0137 Acc 0.9428 | Val Loss -5.2925 Acc 0.8427 AUC 0.9892 Pre 0.8432 Rec 0.8406
2026-09-06 05:55:21 | Epoch   6/100 | Train Loss -7.6608 Acc 0.9560 | Val Loss -5.4424 Acc 0.8438 AUC 0.9887 Pre 0.8450 Rec 0.8414
2026-09-06 05:55:25 | Epoch   7/100 | Train Loss -8.1745 Acc 0.9657 | Val Loss -5.4687 Acc 0.8423 AUC 0.9875 Pre 0.8449 Rec 0.8403
2026-09-06 05:55:30 | Epoch   8/100 | Train Loss -8.5860 Acc 0.9723 | Val Loss -5.5149 Acc 0.8457 AUC 0.9872 Pre 0.8455 Rec 0.8429
2026-09-06 05:55:34 | Epoch   9/100 | Train Loss -8.9099 Acc 0.9763 | Val Loss -5.5130 Acc 0.8439 AUC 0.9862 Pre 0.8434 Rec 0.8419
2026-09-06 05:55:40 | Epoch  10/100 | Train Loss -9.1082 Acc 0.9792 | Val Loss -5.3523 Acc 0.8383 AUC 0.9850 Pre 0.8399 Rec 0.8361
2026-09-06 05:55:45 | Epoch  11/100 | Train Loss -9.2407 Acc 0.9809 | Val Loss -5.4801 Acc 0.8413 AUC 0.9849 Pre 0.8410 Rec 0.8390
2026-09-06 05:55:45 | Val AUC did not improve for 10 consecutive epochs, early stopping at Epoch 11 (best AUC 0.9936 @ Epoch 1)
2026-09-06 05:55:46 | Run 3/5 | Test (best model @ Epoch 1) | Loss -2.6469 Acc 0.8092 AUC 0.9934 Pre 0.8154 Rec 0.8050
2026-09-06 05:55:46 | ===== Run 4/5 (seed 3) =====
2026-09-06 05:55:51 | Epoch   1/100 | Train Loss 0.4005 Acc 0.6799 | Val Loss -2.6856 Acc 0.8101 AUC 0.9933 Pre 0.8129 Rec 0.8078
2026-09-06 05:55:51 |   Val AUC improved to 0.9933, model saved
2026-09-06 05:55:56 | Epoch   2/100 | Train Loss -3.1439 Acc 0.8481 | Val Loss -4.0326 Acc 0.8256 AUC 0.9919 Pre 0.8281 Rec 0.8224
2026-09-06 05:56:00 | Epoch   3/100 | Train Loss -4.9222 Acc 0.8937 | Val Loss -4.6897 Acc 0.8350 AUC 0.9906 Pre 0.8375 Rec 0.8320
2026-09-06 05:56:05 | Epoch   4/100 | Train Loss -6.1238 Acc 0.9224 | Val Loss -5.0660 Acc 0.8394 AUC 0.9896 Pre 0.8411 Rec 0.8366
2026-09-06 05:56:10 | Epoch   5/100 | Train Loss -7.0000 Acc 0.9419 | Val Loss -5.2299 Acc 0.8383 AUC 0.9882 Pre 0.8398 Rec 0.8355
2026-09-06 05:56:14 | Epoch   6/100 | Train Loss -7.6795 Acc 0.9554 | Val Loss -5.4285 Acc 0.8396 AUC 0.9880 Pre 0.8407 Rec 0.8370
2026-09-06 05:56:19 | Epoch   7/100 | Train Loss -8.1830 Acc 0.9650 | Val Loss -5.4410 Acc 0.8433 AUC 0.9872 Pre 0.8432 Rec 0.8410
2026-09-06 05:56:24 | Epoch   8/100 | Train Loss -8.5146 Acc 0.9707 | Val Loss -5.4603 Acc 0.8453 AUC 0.9867 Pre 0.8448 Rec 0.8423
2026-09-06 05:56:28 | Epoch   9/100 | Train Loss -8.8316 Acc 0.9756 | Val Loss -5.4142 Acc 0.8421 AUC 0.9860 Pre 0.8408 Rec 0.8391
2026-09-06 05:56:33 | Epoch  10/100 | Train Loss -9.1198 Acc 0.9798 | Val Loss -5.4455 Acc 0.8416 AUC 0.9854 Pre 0.8421 Rec 0.8394
2026-09-06 05:56:37 | Epoch  11/100 | Train Loss -9.2691 Acc 0.9805 | Val Loss -5.3276 Acc 0.8387 AUC 0.9838 Pre 0.8397 Rec 0.8363
2026-09-06 05:56:37 | Val AUC did not improve for 10 consecutive epochs, early stopping at Epoch 11 (best AUC 0.9933 @ Epoch 1)
2026-09-06 05:56:38 | Run 4/5 | Test (best model @ Epoch 1) | Loss -2.7448 Acc 0.8123 AUC 0.9934 Pre 0.8143 Rec 0.8099
2026-09-06 05:56:38 | ===== Run 5/5 (seed 4) =====
2026-09-06 05:56:43 | Epoch   1/100 | Train Loss 0.3865 Acc 0.6828 | Val Loss -2.6511 Acc 0.8114 AUC 0.9935 Pre 0.8144 Rec 0.8072
2026-09-06 05:56:43 |   Val AUC improved to 0.9935, model saved
2026-09-06 05:56:48 | Epoch   2/100 | Train Loss -3.1449 Acc 0.8508 | Val Loss -4.1172 Acc 0.8314 AUC 0.9924 Pre 0.8327 Rec 0.8281
2026-09-06 05:56:52 | Epoch   3/100 | Train Loss -4.9526 Acc 0.8968 | Val Loss -4.7458 Acc 0.8365 AUC 0.9910 Pre 0.8411 Rec 0.8333
2026-09-06 05:56:57 | Epoch   4/100 | Train Loss -6.1258 Acc 0.9242 | Val Loss -5.0896 Acc 0.8389 AUC 0.9900 Pre 0.8410 Rec 0.8353
2026-09-06 05:57:02 | Epoch   5/100 | Train Loss -7.0271 Acc 0.9446 | Val Loss -5.2258 Acc 0.8403 AUC 0.9890 Pre 0.8411 Rec 0.8379
2026-09-06 05:57:06 | Epoch   6/100 | Train Loss -7.6748 Acc 0.9578 | Val Loss -5.3847 Acc 0.8435 AUC 0.9882 Pre 0.8433 Rec 0.8410
2026-09-06 05:57:11 | Epoch   7/100 | Train Loss -8.2015 Acc 0.9675 | Val Loss -5.4704 Acc 0.8449 AUC 0.9879 Pre 0.8439 Rec 0.8422
2026-09-06 05:57:15 | Epoch   8/100 | Train Loss -8.6382 Acc 0.9747 | Val Loss -5.5288 Acc 0.8444 AUC 0.9867 Pre 0.8422 Rec 0.8424
2026-09-06 05:57:20 | Epoch   9/100 | Train Loss -8.9757 Acc 0.9794 | Val Loss -5.5314 Acc 0.8448 AUC 0.9860 Pre 0.8463 Rec 0.8425
2026-09-06 05:57:25 | Epoch  10/100 | Train Loss -9.1811 Acc 0.9815 | Val Loss -5.3870 Acc 0.8398 AUC 0.9851 Pre 0.8389 Rec 0.8375
2026-09-06 05:57:29 | Epoch  11/100 | Train Loss -9.3410 Acc 0.9826 | Val Loss -5.4334 Acc 0.8385 AUC 0.9844 Pre 0.8397 Rec 0.8366
2026-09-06 05:57:29 | Val AUC did not improve for 10 consecutive epochs, early stopping at Epoch 11 (best AUC 0.9935 @ Epoch 1)
2026-09-06 05:57:30 | Run 5/5 | Test (best model @ Epoch 1) | Loss -2.6658 Acc 0.8114 AUC 0.9934 Pre 0.8150 Rec 0.8074
2026-09-06 05:57:30 | Average over 5 runs | Test Loss -2.6776±0.0385 Acc 0.8098±0.0020 AUC 0.9934±0.0001 Pre 0.8131±0.0025 Rec 0.8065±0.0023
