2026-09-18 11:37:26 | Device: cuda
2026-09-18 11:37:26 | Args: {'model': 'opb-fixedvar', 'backbone': 'mlp', 'task': 'imagenet100', 'epochs': 100, 'batch_size': 512, 'lr': 0.001, 'hidden_dims': [512, 256], 'dropout': 0.2, 'z_dim': 256, 'anchor_scale': 1.0, 'energy_classifier': False, 'tied_head': False, 'max_len': 250, 'random_labels': False, 'beta': 10.0, 'patience': 10, 'runs': 5, 'seed': 0, 'data_dir': './data', 'save_path': 'output/imagenet100_mlp_opb-fixedvar/imagenet100_mlp_opb-fixedvar.pt', 'log_path': '/root/autodl-tmp/IB/output/ablation/imagenet100_mlp_opb-fixedvar_beta_10_anchor_1/train.log', 'no_save': True}
2026-09-18 11:37:26 | ImageNet-100 特征：使用 4×4 空间池化文件 ./data/imagenet100/imagenet100_resnet50_layer3_pool4_features.npz
2026-09-18 11:37:26 | ImageNet-100 预处理缓存：mmap 共享 ./data/imagenet100/preprocessed_pool4
2026-09-18 11:37:26 | ===== Run 1/5 (seed 0) =====
2026-09-18 11:37:37 | Epoch   1/100 | Train Loss 10.5755 Acc 0.0103 | Val Loss 9.5557 Acc 0.0103 AUC 0.5000 Pre 0.0001 Rec 0.0100
2026-09-18 11:37:37 |   Val AUC improved to 0.5000, model saved
2026-09-18 11:37:46 | Epoch   2/100 | Train Loss 10.0553 Acc 0.0102 | Val Loss 9.5561 Acc 0.0103 AUC 0.5000 Pre 0.0001 Rec 0.0100
2026-09-18 11:37:56 | Epoch   3/100 | Train Loss 10.0435 Acc 0.0105 | Val Loss 9.5562 Acc 0.0103 AUC 0.5000 Pre 0.0001 Rec 0.0100
2026-09-18 11:38:05 | Epoch   4/100 | Train Loss 10.0486 Acc 0.0098 | Val Loss 9.5562 Acc 0.0103 AUC 0.5000 Pre 0.0001 Rec 0.0100
2026-09-18 11:38:14 | Epoch   5/100 | Train Loss 10.0466 Acc 0.0103 | Val Loss 9.5561 Acc 0.0103 AUC 0.5000 Pre 0.0001 Rec 0.0100
2026-09-18 11:38:23 | Epoch   6/100 | Train Loss 10.0533 Acc 0.0096 | Val Loss 9.5561 Acc 0.0103 AUC 0.5000 Pre 0.0001 Rec 0.0100
2026-09-18 11:38:33 | Epoch   7/100 | Train Loss 10.0452 Acc 0.0102 | Val Loss 9.5566 Acc 0.0103 AUC 0.5000 Pre 0.0001 Rec 0.0100
2026-09-18 11:38:42 | Epoch   8/100 | Train Loss 10.0554 Acc 0.0096 | Val Loss 9.5565 Acc 0.0103 AUC 0.5000 Pre 0.0001 Rec 0.0100
2026-09-18 11:38:51 | Epoch   9/100 | Train Loss 10.0475 Acc 0.0097 | Val Loss 9.5561 Acc 0.0103 AUC 0.5000 Pre 0.0001 Rec 0.0100
2026-09-18 11:39:00 | Epoch  10/100 | Train Loss 10.0408 Acc 0.0100 | Val Loss 9.5566 Acc 0.0103 AUC 0.5000 Pre 0.0001 Rec 0.0100
2026-09-18 11:39:09 | Epoch  11/100 | Train Loss 10.0449 Acc 0.0102 | Val Loss 9.5563 Acc 0.0103 AUC 0.5000 Pre 0.0001 Rec 0.0100
2026-09-18 11:39:09 | Val AUC did not improve for 10 consecutive epochs, early stopping at Epoch 11 (best AUC 0.5000 @ Epoch 1)
2026-09-18 11:39:11 | Run 1/5 | Test (best model @ Epoch 1) | Loss 9.5557 Acc 0.0103 AUC 0.5000 Pre 0.0001 Rec 0.0100
2026-09-18 11:39:11 | ===== Run 2/5 (seed 1) =====
2026-09-18 11:39:21 | Epoch   1/100 | Train Loss 10.6159 Acc 0.0103 | Val Loss 9.5557 Acc 0.0103 AUC 0.5000 Pre 0.0001 Rec 0.0100
2026-09-18 11:39:21 |   Val AUC improved to 0.5000, model saved
2026-09-18 11:39:30 | Epoch   2/100 | Train Loss 10.0406 Acc 0.0104 | Val Loss 9.5558 Acc 0.0103 AUC 0.5000 Pre 0.0001 Rec 0.0100
2026-09-18 11:39:40 | Epoch   3/100 | Train Loss 10.0464 Acc 0.0098 | Val Loss 9.5561 Acc 0.0103 AUC 0.5000 Pre 0.0001 Rec 0.0100
2026-09-18 11:39:48 | Epoch   4/100 | Train Loss 10.0420 Acc 0.0104 | Val Loss 9.5562 Acc 0.0103 AUC 0.5000 Pre 0.0001 Rec 0.0100
2026-09-18 11:39:57 | Epoch   5/100 | Train Loss 10.0467 Acc 0.0099 | Val Loss 9.5564 Acc 0.0103 AUC 0.5000 Pre 0.0001 Rec 0.0100
2026-09-18 11:40:05 | Epoch   6/100 | Train Loss 10.0449 Acc 0.0095 | Val Loss 9.5560 Acc 0.0103 AUC 0.5000 Pre 0.0001 Rec 0.0100
2026-09-18 11:40:14 | Epoch   7/100 | Train Loss 10.0468 Acc 0.0101 | Val Loss 9.5567 Acc 0.0103 AUC 0.5000 Pre 0.0001 Rec 0.0100
2026-09-18 11:40:23 | Epoch   8/100 | Train Loss 10.0509 Acc 0.0105 | Val Loss 9.5564 Acc 0.0103 AUC 0.5000 Pre 0.0001 Rec 0.0100
2026-09-18 11:40:32 | Epoch   9/100 | Train Loss 10.0484 Acc 0.0103 | Val Loss 9.5562 Acc 0.0103 AUC 0.5000 Pre 0.0001 Rec 0.0100
2026-09-18 11:40:39 | Epoch  10/100 | Train Loss 10.0489 Acc 0.0095 | Val Loss 9.5561 Acc 0.0103 AUC 0.5000 Pre 0.0001 Rec 0.0100
2026-09-18 11:40:48 | Epoch  11/100 | Train Loss 10.0495 Acc 0.0107 | Val Loss 9.5564 Acc 0.0103 AUC 0.5000 Pre 0.0001 Rec 0.0100
2026-09-18 11:40:48 | Val AUC did not improve for 10 consecutive epochs, early stopping at Epoch 11 (best AUC 0.5000 @ Epoch 1)
2026-09-18 11:40:50 | Run 2/5 | Test (best model @ Epoch 1) | Loss 9.5557 Acc 0.0103 AUC 0.5000 Pre 0.0001 Rec 0.0100
2026-09-18 11:40:50 | ===== Run 3/5 (seed 2) =====
2026-09-18 11:40:58 | Epoch   1/100 | Train Loss 10.6286 Acc 0.0098 | Val Loss 9.5558 Acc 0.0103 AUC 0.5000 Pre 0.0001 Rec 0.0100
2026-09-18 11:40:58 |   Val AUC improved to 0.5000, model saved
2026-09-18 11:41:06 | Epoch   2/100 | Train Loss 10.0495 Acc 0.0097 | Val Loss 9.5557 Acc 0.0103 AUC 0.5000 Pre 0.0001 Rec 0.0100
2026-09-18 11:41:15 | Epoch   3/100 | Train Loss 10.0478 Acc 0.0101 | Val Loss 9.5562 Acc 0.0103 AUC 0.5000 Pre 0.0001 Rec 0.0100
2026-09-18 11:41:23 | Epoch   4/100 | Train Loss 10.0458 Acc 0.0100 | Val Loss 9.5561 Acc 0.0103 AUC 0.5000 Pre 0.0001 Rec 0.0100
2026-09-18 11:41:31 | Epoch   5/100 | Train Loss 10.0502 Acc 0.0090 | Val Loss 9.5562 Acc 0.0103 AUC 0.5000 Pre 0.0001 Rec 0.0100
2026-09-18 11:41:40 | Epoch   6/100 | Train Loss 10.0470 Acc 0.0101 | Val Loss 9.5564 Acc 0.0103 AUC 0.5000 Pre 0.0001 Rec 0.0100
2026-09-18 11:41:49 | Epoch   7/100 | Train Loss 10.0515 Acc 0.0096 | Val Loss 9.5564 Acc 0.0103 AUC 0.5000 Pre 0.0001 Rec 0.0100
2026-09-18 11:41:57 | Epoch   8/100 | Train Loss 10.0496 Acc 0.0097 | Val Loss 9.5560 Acc 0.0103 AUC 0.5000 Pre 0.0001 Rec 0.0100
2026-09-18 11:42:05 | Epoch   9/100 | Train Loss 10.0473 Acc 0.0100 | Val Loss 9.5563 Acc 0.0103 AUC 0.5000 Pre 0.0001 Rec 0.0100
2026-09-18 11:42:12 | Epoch  10/100 | Train Loss 10.0406 Acc 0.0098 | Val Loss 9.5562 Acc 0.0103 AUC 0.5000 Pre 0.0001 Rec 0.0100
2026-09-18 11:42:21 | Epoch  11/100 | Train Loss 10.0438 Acc 0.0107 | Val Loss 9.5562 Acc 0.0103 AUC 0.5000 Pre 0.0001 Rec 0.0100
2026-09-18 11:42:21 | Val AUC did not improve for 10 consecutive epochs, early stopping at Epoch 11 (best AUC 0.5000 @ Epoch 1)
2026-09-18 11:42:22 | Run 3/5 | Test (best model @ Epoch 1) | Loss 9.5558 Acc 0.0103 AUC 0.5000 Pre 0.0001 Rec 0.0100
2026-09-18 11:42:22 | ===== Run 4/5 (seed 3) =====
2026-09-18 11:42:30 | Epoch   1/100 | Train Loss 10.6120 Acc 0.0102 | Val Loss 9.5558 Acc 0.0103 AUC 0.5000 Pre 0.0001 Rec 0.0100
2026-09-18 11:42:30 |   Val AUC improved to 0.5000, model saved
2026-09-18 11:42:38 | Epoch   2/100 | Train Loss 10.0486 Acc 0.0104 | Val Loss 9.5558 Acc 0.0103 AUC 0.5000 Pre 0.0001 Rec 0.0100
2026-09-18 11:42:46 | Epoch   3/100 | Train Loss 10.0428 Acc 0.0104 | Val Loss 9.5562 Acc 0.0103 AUC 0.5000 Pre 0.0001 Rec 0.0100
2026-09-18 11:42:53 | Epoch   4/100 | Train Loss 10.0430 Acc 0.0103 | Val Loss 9.5560 Acc 0.0103 AUC 0.5000 Pre 0.0001 Rec 0.0100
2026-09-18 11:43:01 | Epoch   5/100 | Train Loss 10.0536 Acc 0.0102 | Val Loss 9.5561 Acc 0.0103 AUC 0.5000 Pre 0.0001 Rec 0.0100
2026-09-18 11:43:08 | Epoch   6/100 | Train Loss 10.0442 Acc 0.0096 | Val Loss 9.5562 Acc 0.0099 AUC 0.5000 Pre 0.0001 Rec 0.0100
2026-09-18 11:43:15 | Epoch   7/100 | Train Loss 10.0440 Acc 0.0100 | Val Loss 9.5564 Acc 0.0103 AUC 0.5000 Pre 0.0001 Rec 0.0100
2026-09-18 11:43:22 | Epoch   8/100 | Train Loss 10.0499 Acc 0.0098 | Val Loss 9.5566 Acc 0.0103 AUC 0.5000 Pre 0.0001 Rec 0.0100
2026-09-18 11:43:29 | Epoch   9/100 | Train Loss 10.0435 Acc 0.0097 | Val Loss 9.5562 Acc 0.0103 AUC 0.5000 Pre 0.0001 Rec 0.0100
2026-09-18 11:43:37 | Epoch  10/100 | Train Loss 10.0481 Acc 0.0100 | Val Loss 9.5565 Acc 0.0103 AUC 0.5000 Pre 0.0001 Rec 0.0100
2026-09-18 11:43:45 | Epoch  11/100 | Train Loss 10.0443 Acc 0.0104 | Val Loss 9.5563 Acc 0.0103 AUC 0.5000 Pre 0.0001 Rec 0.0100
2026-09-18 11:43:45 | Val AUC did not improve for 10 consecutive epochs, early stopping at Epoch 11 (best AUC 0.5000 @ Epoch 1)
2026-09-18 11:43:46 | Run 4/5 | Test (best model @ Epoch 1) | Loss 9.5558 Acc 0.0103 AUC 0.5000 Pre 0.0001 Rec 0.0100
2026-09-18 11:43:46 | ===== Run 5/5 (seed 4) =====
2026-09-18 11:43:54 | Epoch   1/100 | Train Loss 10.7278 Acc 0.0102 | Val Loss 9.5558 Acc 0.0103 AUC 0.5000 Pre 0.0001 Rec 0.0100
2026-09-18 11:43:54 |   Val AUC improved to 0.5000, model saved
2026-09-18 11:44:01 | Epoch   2/100 | Train Loss 10.0564 Acc 0.0096 | Val Loss 9.5559 Acc 0.0103 AUC 0.5000 Pre 0.0001 Rec 0.0100
2026-09-18 11:44:09 | Epoch   3/100 | Train Loss 10.0472 Acc 0.0098 | Val Loss 9.5560 Acc 0.0103 AUC 0.5000 Pre 0.0001 Rec 0.0100
2026-09-18 11:44:16 | Epoch   4/100 | Train Loss 10.0471 Acc 0.0104 | Val Loss 9.5564 Acc 0.0103 AUC 0.5000 Pre 0.0001 Rec 0.0100
2026-09-18 11:44:23 | Epoch   5/100 | Train Loss 10.0472 Acc 0.0094 | Val Loss 9.5562 Acc 0.0103 AUC 0.5000 Pre 0.0001 Rec 0.0100
2026-09-18 11:44:30 | Epoch   6/100 | Train Loss 10.0457 Acc 0.0101 | Val Loss 9.5559 Acc 0.0103 AUC 0.5000 Pre 0.0001 Rec 0.0100
2026-09-18 11:44:37 | Epoch   7/100 | Train Loss 10.0452 Acc 0.0097 | Val Loss 9.5563 Acc 0.0103 AUC 0.5000 Pre 0.0001 Rec 0.0100
2026-09-18 11:44:44 | Epoch   8/100 | Train Loss 10.0510 Acc 0.0100 | Val Loss 9.5561 Acc 0.0103 AUC 0.5000 Pre 0.0001 Rec 0.0100
2026-09-18 11:44:51 | Epoch   9/100 | Train Loss 10.0512 Acc 0.0093 | Val Loss 9.5566 Acc 0.0103 AUC 0.5000 Pre 0.0001 Rec 0.0100
2026-09-18 11:44:58 | Epoch  10/100 | Train Loss 10.0465 Acc 0.0105 | Val Loss 9.5563 Acc 0.0103 AUC 0.5000 Pre 0.0001 Rec 0.0100
2026-09-18 11:45:05 | Epoch  11/100 | Train Loss 10.0474 Acc 0.0102 | Val Loss 9.5567 Acc 0.0103 AUC 0.5000 Pre 0.0001 Rec 0.0100
2026-09-18 11:45:05 | Val AUC did not improve for 10 consecutive epochs, early stopping at Epoch 11 (best AUC 0.5000 @ Epoch 1)
2026-09-18 11:45:06 | Run 5/5 | Test (best model @ Epoch 1) | Loss 9.5558 Acc 0.0103 AUC 0.5000 Pre 0.0001 Rec 0.0100
2026-09-18 11:45:06 | Average over 5 runs | Test Loss 9.5558±0.0001 Acc 0.0103±0.0000 AUC 0.5000±0.0000 Pre 0.0001±0.0000 Rec 0.0100±0.0000
