2026-09-14 22:42:36 | Device: cuda
2026-09-14 22:42:36 | Args: {'model': 'opb-rand-var', 'backbone': 'mlp', 'task': 'housing', 'epochs': 100, 'batch_size': 512, 'lr': 0.001, 'hidden_dims': [512, 256], 'dropout': 0.2, 'z_dim': 256, 'anchor_scale': 1.0, 'energy_classifier': False, 'tied_head': False, 'max_len': 250, 'random_labels': False, 'beta': 0.001, 'patience': 10, 'runs': 5, 'seed': 0, 'data_dir': './data', 'save_path': 'output/california_mlp_opb-rand-var/california_mlp_opb-rand-var.pt', 'log_path': '/root/autodl-tmp/IB/output/ablation/california_mlp_opb-rand-var_beta_0.001_anchor_1/train.log', 'no_save': True}
2026-09-14 22:42:36 | ===== Run 1/5 (seed 0) =====
2026-09-14 22:42:40 | Epoch   1/100 | Train Loss 0.7602 | Val Loss 0.2361 MAE 0.5954 R2 0.5101
2026-09-14 22:42:40 |   Val R2 improved to 0.5101, model saved
2026-09-14 22:42:40 | Epoch   2/100 | Train Loss 0.1290 | Val Loss 0.0833 MAE 0.5214 R2 0.5676
2026-09-14 22:42:40 |   Val R2 improved to 0.5676, model saved
2026-09-14 22:42:40 | Epoch   3/100 | Train Loss 0.0581 | Val Loss 0.0479 MAE 0.5075 R2 0.3052
2026-09-14 22:42:41 | Epoch   4/100 | Train Loss 0.0466 | Val Loss 0.0241 MAE 0.4780 R2 0.6575
2026-09-14 22:42:41 |   Val R2 improved to 0.6575, model saved
2026-09-14 22:42:41 | Epoch   5/100 | Train Loss 0.0360 | Val Loss 0.0260 MAE 0.4635 R2 0.6196
2026-09-14 22:42:41 | Epoch   6/100 | Train Loss 0.0311 | Val Loss 0.0227 MAE 0.4553 R2 0.6755
2026-09-14 22:42:41 |   Val R2 improved to 0.6755, model saved
2026-09-14 22:42:42 | Epoch   7/100 | Train Loss 0.0291 | Val Loss 0.0199 MAE 0.4454 R2 0.7226
2026-09-14 22:42:42 |   Val R2 improved to 0.7226, model saved
2026-09-14 22:42:42 | Epoch   8/100 | Train Loss 0.0271 | Val Loss 0.0220 MAE 0.4504 R2 0.6878
2026-09-14 22:42:42 | Epoch   9/100 | Train Loss 0.0257 | Val Loss 0.0222 MAE 0.4288 R2 0.6831
2026-09-14 22:42:43 | Epoch  10/100 | Train Loss 0.0252 | Val Loss 0.0230 MAE 0.4303 R2 0.6710
2026-09-14 22:42:43 | Epoch  11/100 | Train Loss 0.0245 | Val Loss 0.0192 MAE 0.4489 R2 0.7335
2026-09-14 22:42:43 |   Val R2 improved to 0.7335, model saved
2026-09-14 22:42:43 | Epoch  12/100 | Train Loss 0.0240 | Val Loss 0.0191 MAE 0.4366 R2 0.7357
2026-09-14 22:42:43 |   Val R2 improved to 0.7357, model saved
2026-09-14 22:42:44 | Epoch  13/100 | Train Loss 0.0232 | Val Loss 0.0191 MAE 0.4163 R2 0.7361
2026-09-14 22:42:44 |   Val R2 improved to 0.7361, model saved
2026-09-14 22:42:44 | Epoch  14/100 | Train Loss 0.0221 | Val Loss 0.0187 MAE 0.4165 R2 0.7430
2026-09-14 22:42:44 |   Val R2 improved to 0.7430, model saved
2026-09-14 22:42:44 | Epoch  15/100 | Train Loss 0.0214 | Val Loss 0.0183 MAE 0.4071 R2 0.7493
2026-09-14 22:42:44 |   Val R2 improved to 0.7493, model saved
2026-09-14 22:42:45 | Epoch  16/100 | Train Loss 0.0214 | Val Loss 0.0186 MAE 0.4114 R2 0.7437
2026-09-14 22:42:45 | Epoch  17/100 | Train Loss 0.0214 | Val Loss 0.0188 MAE 0.4410 R2 0.7411
2026-09-14 22:42:45 | Epoch  18/100 | Train Loss 0.0212 | Val Loss 0.0191 MAE 0.4081 R2 0.7356
2026-09-14 22:42:46 | Epoch  19/100 | Train Loss 0.0208 | Val Loss 0.0181 MAE 0.4009 R2 0.7526
2026-09-14 22:42:46 |   Val R2 improved to 0.7526, model saved
2026-09-14 22:42:46 | Epoch  20/100 | Train Loss 0.0205 | Val Loss 0.0175 MAE 0.4053 R2 0.7619
2026-09-14 22:42:46 |   Val R2 improved to 0.7619, model saved
2026-09-14 22:42:47 | Epoch  21/100 | Train Loss 0.0204 | Val Loss 0.0177 MAE 0.4124 R2 0.7585
2026-09-14 22:42:47 | Epoch  22/100 | Train Loss 0.0201 | Val Loss 0.0177 MAE 0.4009 R2 0.7581
2026-09-14 22:42:47 | Epoch  23/100 | Train Loss 0.0207 | Val Loss 0.0177 MAE 0.3963 R2 0.7582
2026-09-14 22:42:48 | Epoch  24/100 | Train Loss 0.0196 | Val Loss 0.0178 MAE 0.3947 R2 0.7575
2026-09-14 22:42:48 | Epoch  25/100 | Train Loss 0.0195 | Val Loss 0.0174 MAE 0.3984 R2 0.7629
2026-09-14 22:42:48 |   Val R2 improved to 0.7629, model saved
2026-09-14 22:42:48 | Epoch  26/100 | Train Loss 0.0196 | Val Loss 0.0198 MAE 0.4238 R2 0.7222
2026-09-14 22:42:49 | Epoch  27/100 | Train Loss 0.0206 | Val Loss 0.0176 MAE 0.3928 R2 0.7594
2026-09-14 22:42:49 | Epoch  28/100 | Train Loss 0.0198 | Val Loss 0.0175 MAE 0.3927 R2 0.7608
2026-09-14 22:42:49 | Epoch  29/100 | Train Loss 0.0193 | Val Loss 0.0181 MAE 0.3871 R2 0.7512
2026-09-14 22:42:50 | Epoch  30/100 | Train Loss 0.0196 | Val Loss 0.0172 MAE 0.3866 R2 0.7660
2026-09-14 22:42:50 |   Val R2 improved to 0.7660, model saved
2026-09-14 22:42:50 | Epoch  31/100 | Train Loss 0.0191 | Val Loss 0.0171 MAE 0.3830 R2 0.7672
2026-09-14 22:42:50 |   Val R2 improved to 0.7672, model saved
2026-09-14 22:42:50 | Epoch  32/100 | Train Loss 0.0190 | Val Loss 0.0166 MAE 0.3835 R2 0.7751
2026-09-14 22:42:50 |   Val R2 improved to 0.7751, model saved
2026-09-14 22:42:51 | Epoch  33/100 | Train Loss 0.0189 | Val Loss 0.0167 MAE 0.3854 R2 0.7735
2026-09-14 22:42:51 | Epoch  34/100 | Train Loss 0.0185 | Val Loss 0.0164 MAE 0.3855 R2 0.7781
2026-09-14 22:42:51 |   Val R2 improved to 0.7781, model saved
2026-09-14 22:42:51 | Epoch  35/100 | Train Loss 0.0187 | Val Loss 0.0168 MAE 0.3847 R2 0.7719
2026-09-14 22:42:52 | Epoch  36/100 | Train Loss 0.0186 | Val Loss 0.0170 MAE 0.3812 R2 0.7691
2026-09-14 22:42:52 | Epoch  37/100 | Train Loss 0.0189 | Val Loss 0.0168 MAE 0.3979 R2 0.7720
2026-09-14 22:42:52 | Epoch  38/100 | Train Loss 0.0189 | Val Loss 0.0167 MAE 0.4007 R2 0.7723
2026-09-14 22:42:53 | Epoch  39/100 | Train Loss 0.0186 | Val Loss 0.0176 MAE 0.3948 R2 0.7568
2026-09-14 22:42:53 | Epoch  40/100 | Train Loss 0.0184 | Val Loss 0.0163 MAE 0.3885 R2 0.7793
2026-09-14 22:42:53 |   Val R2 improved to 0.7793, model saved
2026-09-14 22:42:53 | Epoch  41/100 | Train Loss 0.0179 | Val Loss 0.0164 MAE 0.3917 R2 0.7774
2026-09-14 22:42:54 | Epoch  42/100 | Train Loss 0.0184 | Val Loss 0.0163 MAE 0.3836 R2 0.7796
2026-09-14 22:42:54 |   Val R2 improved to 0.7796, model saved
2026-09-14 22:42:54 | Epoch  43/100 | Train Loss 0.0182 | Val Loss 0.0164 MAE 0.3858 R2 0.7771
2026-09-14 22:42:54 | Epoch  44/100 | Train Loss 0.0177 | Val Loss 0.0168 MAE 0.4088 R2 0.7698
2026-09-14 22:42:55 | Epoch  45/100 | Train Loss 0.0180 | Val Loss 0.0163 MAE 0.3865 R2 0.7787
2026-09-14 22:42:55 | Epoch  46/100 | Train Loss 0.0182 | Val Loss 0.0164 MAE 0.4000 R2 0.7767
2026-09-14 22:42:56 | Epoch  47/100 | Train Loss 0.0177 | Val Loss 0.0176 MAE 0.3923 R2 0.7574
2026-09-14 22:42:56 | Epoch  48/100 | Train Loss 0.0181 | Val Loss 0.0162 MAE 0.3739 R2 0.7803
2026-09-14 22:42:56 |   Val R2 improved to 0.7803, model saved
2026-09-14 22:42:56 | Epoch  49/100 | Train Loss 0.0179 | Val Loss 0.0159 MAE 0.3705 R2 0.7852
2026-09-14 22:42:56 |   Val R2 improved to 0.7852, model saved
2026-09-14 22:42:56 | Epoch  50/100 | Train Loss 0.0177 | Val Loss 0.0163 MAE 0.3734 R2 0.7787
2026-09-14 22:42:57 | Epoch  51/100 | Train Loss 0.0177 | Val Loss 0.0165 MAE 0.3734 R2 0.7760
2026-09-14 22:42:57 | Epoch  52/100 | Train Loss 0.0180 | Val Loss 0.0160 MAE 0.3707 R2 0.7826
2026-09-14 22:42:57 | Epoch  53/100 | Train Loss 0.0178 | Val Loss 0.0163 MAE 0.3791 R2 0.7776
2026-09-14 22:42:58 | Epoch  54/100 | Train Loss 0.0175 | Val Loss 0.0158 MAE 0.3703 R2 0.7868
2026-09-14 22:42:58 |   Val R2 improved to 0.7868, model saved
2026-09-14 22:42:58 | Epoch  55/100 | Train Loss 0.0177 | Val Loss 0.0171 MAE 0.3824 R2 0.7645
2026-09-14 22:42:59 | Epoch  56/100 | Train Loss 0.0175 | Val Loss 0.0162 MAE 0.3725 R2 0.7795
2026-09-14 22:42:59 | Epoch  57/100 | Train Loss 0.0172 | Val Loss 0.0166 MAE 0.3760 R2 0.7728
2026-09-14 22:42:59 | Epoch  58/100 | Train Loss 0.0174 | Val Loss 0.0163 MAE 0.3727 R2 0.7781
2026-09-14 22:43:00 | Epoch  59/100 | Train Loss 0.0174 | Val Loss 0.0163 MAE 0.3737 R2 0.7783
2026-09-14 22:43:00 | Epoch  60/100 | Train Loss 0.0171 | Val Loss 0.0163 MAE 0.3712 R2 0.7782
2026-09-14 22:43:01 | Epoch  61/100 | Train Loss 0.0171 | Val Loss 0.0157 MAE 0.3724 R2 0.7870
2026-09-14 22:43:01 |   Val R2 improved to 0.7870, model saved
2026-09-14 22:43:01 | Epoch  62/100 | Train Loss 0.0171 | Val Loss 0.0157 MAE 0.3741 R2 0.7878
2026-09-14 22:43:01 |   Val R2 improved to 0.7878, model saved
2026-09-14 22:43:01 | Epoch  63/100 | Train Loss 0.0170 | Val Loss 0.0159 MAE 0.3778 R2 0.7845
2026-09-14 22:43:02 | Epoch  64/100 | Train Loss 0.0170 | Val Loss 0.0167 MAE 0.3805 R2 0.7717
2026-09-14 22:43:02 | Epoch  65/100 | Train Loss 0.0169 | Val Loss 0.0163 MAE 0.3725 R2 0.7770
2026-09-14 22:43:02 | Epoch  66/100 | Train Loss 0.0169 | Val Loss 0.0159 MAE 0.3693 R2 0.7838
2026-09-14 22:43:03 | Epoch  67/100 | Train Loss 0.0171 | Val Loss 0.0160 MAE 0.3697 R2 0.7823
2026-09-14 22:43:03 | Epoch  68/100 | Train Loss 0.0169 | Val Loss 0.0161 MAE 0.3677 R2 0.7811
2026-09-14 22:43:03 | Epoch  69/100 | Train Loss 0.0167 | Val Loss 0.0160 MAE 0.3697 R2 0.7817
2026-09-14 22:43:04 | Epoch  70/100 | Train Loss 0.0167 | Val Loss 0.0160 MAE 0.3682 R2 0.7817
2026-09-14 22:43:04 | Epoch  71/100 | Train Loss 0.0168 | Val Loss 0.0162 MAE 0.3700 R2 0.7780
2026-09-14 22:43:04 | Epoch  72/100 | Train Loss 0.0170 | Val Loss 0.0155 MAE 0.3669 R2 0.7895
2026-09-14 22:43:04 |   Val R2 improved to 0.7895, model saved
2026-09-14 22:43:05 | Epoch  73/100 | Train Loss 0.0170 | Val Loss 0.0157 MAE 0.3799 R2 0.7866
2026-09-14 22:43:05 | Epoch  74/100 | Train Loss 0.0169 | Val Loss 0.0155 MAE 0.3707 R2 0.7904
2026-09-14 22:43:05 |   Val R2 improved to 0.7904, model saved
2026-09-14 22:43:05 | Epoch  75/100 | Train Loss 0.0165 | Val Loss 0.0153 MAE 0.3622 R2 0.7929
2026-09-14 22:43:05 |   Val R2 improved to 0.7929, model saved
2026-09-14 22:43:06 | Epoch  76/100 | Train Loss 0.0166 | Val Loss 0.0155 MAE 0.3644 R2 0.7915
2026-09-14 22:43:06 | Epoch  77/100 | Train Loss 0.0164 | Val Loss 0.0156 MAE 0.3661 R2 0.7885
2026-09-14 22:43:06 | Epoch  78/100 | Train Loss 0.0164 | Val Loss 0.0153 MAE 0.3684 R2 0.7937
2026-09-14 22:43:06 |   Val R2 improved to 0.7937, model saved
2026-09-14 22:43:07 | Epoch  79/100 | Train Loss 0.0166 | Val Loss 0.0155 MAE 0.3748 R2 0.7903
2026-09-14 22:43:07 | Epoch  80/100 | Train Loss 0.0163 | Val Loss 0.0159 MAE 0.3651 R2 0.7826
2026-09-14 22:43:08 | Epoch  81/100 | Train Loss 0.0163 | Val Loss 0.0151 MAE 0.3623 R2 0.7961
2026-09-14 22:43:08 |   Val R2 improved to 0.7961, model saved
2026-09-14 22:43:08 | Epoch  82/100 | Train Loss 0.0165 | Val Loss 0.0153 MAE 0.3658 R2 0.7928
2026-09-14 22:43:08 | Epoch  83/100 | Train Loss 0.0163 | Val Loss 0.0152 MAE 0.3604 R2 0.7953
2026-09-14 22:43:09 | Epoch  84/100 | Train Loss 0.0164 | Val Loss 0.0151 MAE 0.3597 R2 0.7964
2026-09-14 22:43:09 |   Val R2 improved to 0.7964, model saved
2026-09-14 22:43:09 | Epoch  85/100 | Train Loss 0.0165 | Val Loss 0.0154 MAE 0.3599 R2 0.7922
2026-09-14 22:43:09 | Epoch  86/100 | Train Loss 0.0163 | Val Loss 0.0173 MAE 0.3881 R2 0.7601
2026-09-14 22:43:10 | Epoch  87/100 | Train Loss 0.0165 | Val Loss 0.0152 MAE 0.3659 R2 0.7948
2026-09-14 22:43:10 | Epoch  88/100 | Train Loss 0.0165 | Val Loss 0.0155 MAE 0.3728 R2 0.7914
2026-09-14 22:43:10 | Epoch  89/100 | Train Loss 0.0163 | Val Loss 0.0155 MAE 0.3671 R2 0.7895
2026-09-14 22:43:11 | Epoch  90/100 | Train Loss 0.0163 | Val Loss 0.0154 MAE 0.3693 R2 0.7904
2026-09-14 22:43:11 | Epoch  91/100 | Train Loss 0.0162 | Val Loss 0.0154 MAE 0.3708 R2 0.7920
2026-09-14 22:43:11 | Epoch  92/100 | Train Loss 0.0161 | Val Loss 0.0153 MAE 0.3609 R2 0.7940
2026-09-14 22:43:12 | Epoch  93/100 | Train Loss 0.0164 | Val Loss 0.0161 MAE 0.3692 R2 0.7798
2026-09-14 22:43:12 | Epoch  94/100 | Train Loss 0.0161 | Val Loss 0.0157 MAE 0.3670 R2 0.7864
2026-09-14 22:43:12 | Val R2 did not improve for 10 consecutive epochs, early stopping at Epoch 94 (best R2 0.7964 @ Epoch 84)
2026-09-14 22:43:12 | Run 1/5 | Test (best model @ Epoch 84) | Loss 0.0152 MAE 0.3602 R2 0.7852
2026-09-14 22:43:12 | ===== Run 2/5 (seed 1) =====
2026-09-14 22:43:13 | Epoch   1/100 | Train Loss 0.7284 | Val Loss 0.2969 MAE 0.6411 R2 -0.9335
2026-09-14 22:43:13 |   Val R2 improved to -0.9335, model saved
2026-09-14 22:43:13 | Epoch   2/100 | Train Loss 0.0867 | Val Loss 0.0284 MAE 0.4941 R2 0.6424
2026-09-14 22:43:13 |   Val R2 improved to 0.6424, model saved
2026-09-14 22:43:13 | Epoch   3/100 | Train Loss 0.0433 | Val Loss 0.0255 MAE 0.4793 R2 0.6776
2026-09-14 22:43:13 |   Val R2 improved to 0.6776, model saved
2026-09-14 22:43:14 | Epoch   4/100 | Train Loss 0.0367 | Val Loss 0.0236 MAE 0.4603 R2 0.6797
2026-09-14 22:43:14 |   Val R2 improved to 0.6797, model saved
2026-09-14 22:43:14 | Epoch   5/100 | Train Loss 0.0332 | Val Loss 0.0504 MAE 0.4666 R2 0.2143
2026-09-14 22:43:14 | Epoch   6/100 | Train Loss 0.0301 | Val Loss 0.0532 MAE 0.4607 R2 0.1656
2026-09-14 22:43:15 | Epoch   7/100 | Train Loss 0.0347 | Val Loss 0.0449 MAE 0.4508 R2 0.3244
2026-09-14 22:43:15 | Epoch   8/100 | Train Loss 0.0273 | Val Loss 0.0233 MAE 0.4566 R2 0.6677
2026-09-14 22:43:15 | Epoch   9/100 | Train Loss 0.0253 | Val Loss 0.0200 MAE 0.4287 R2 0.7240
2026-09-14 22:43:15 |   Val R2 improved to 0.7240, model saved
2026-09-14 22:43:15 | Epoch  10/100 | Train Loss 0.0247 | Val Loss 0.0255 MAE 0.4738 R2 0.6326
2026-09-14 22:43:16 | Epoch  11/100 | Train Loss 0.0238 | Val Loss 0.0197 MAE 0.4182 R2 0.7301
2026-09-14 22:43:16 |   Val R2 improved to 0.7301, model saved
2026-09-14 22:43:16 | Epoch  12/100 | Train Loss 0.0227 | Val Loss 0.0191 MAE 0.4223 R2 0.7400
2026-09-14 22:43:16 |   Val R2 improved to 0.7400, model saved
2026-09-14 22:43:16 | Epoch  13/100 | Train Loss 0.0227 | Val Loss 0.0189 MAE 0.4109 R2 0.7444
2026-09-14 22:43:16 |   Val R2 improved to 0.7444, model saved
2026-09-14 22:43:17 | Epoch  14/100 | Train Loss 0.0219 | Val Loss 0.0185 MAE 0.4133 R2 0.7501
2026-09-14 22:43:17 |   Val R2 improved to 0.7501, model saved
2026-09-14 22:43:17 | Epoch  15/100 | Train Loss 0.0218 | Val Loss 0.0200 MAE 0.4251 R2 0.7254
2026-09-14 22:43:18 | Epoch  16/100 | Train Loss 0.0218 | Val Loss 0.0210 MAE 0.4138 R2 0.7079
2026-09-14 22:43:18 | Epoch  17/100 | Train Loss 0.0217 | Val Loss 0.0198 MAE 0.4202 R2 0.7287
2026-09-14 22:43:18 | Epoch  18/100 | Train Loss 0.0218 | Val Loss 0.0208 MAE 0.4169 R2 0.7121
2026-09-14 22:43:18 | Epoch  19/100 | Train Loss 0.0222 | Val Loss 0.0279 MAE 0.4107 R2 0.5976
2026-09-14 22:43:19 | Epoch  20/100 | Train Loss 0.0211 | Val Loss 0.0206 MAE 0.3999 R2 0.7151
2026-09-14 22:43:19 | Epoch  21/100 | Train Loss 0.0208 | Val Loss 0.0179 MAE 0.4045 R2 0.7595
2026-09-14 22:43:19 |   Val R2 improved to 0.7595, model saved
2026-09-14 22:43:19 | Epoch  22/100 | Train Loss 0.0205 | Val Loss 0.0198 MAE 0.4173 R2 0.7282
2026-09-14 22:43:20 | Epoch  23/100 | Train Loss 0.0215 | Val Loss 0.0214 MAE 0.4191 R2 0.7008
2026-09-14 22:43:20 | Epoch  24/100 | Train Loss 0.0211 | Val Loss 0.0184 MAE 0.4027 R2 0.7508
2026-09-14 22:43:20 | Epoch  25/100 | Train Loss 0.0200 | Val Loss 0.0177 MAE 0.3901 R2 0.7622
2026-09-14 22:43:21 |   Val R2 improved to 0.7622, model saved
2026-09-14 22:43:21 | Epoch  26/100 | Train Loss 0.0202 | Val Loss 0.0179 MAE 0.3884 R2 0.7596
2026-09-14 22:43:21 | Epoch  27/100 | Train Loss 0.0199 | Val Loss 0.0183 MAE 0.3961 R2 0.7520
2026-09-14 22:43:22 | Epoch  28/100 | Train Loss 0.0201 | Val Loss 0.0184 MAE 0.3970 R2 0.7502
2026-09-14 22:43:22 | Epoch  29/100 | Train Loss 0.0201 | Val Loss 0.0175 MAE 0.4080 R2 0.7664
2026-09-14 22:43:22 |   Val R2 improved to 0.7664, model saved
2026-09-14 22:43:22 | Epoch  30/100 | Train Loss 0.0197 | Val Loss 0.0177 MAE 0.3872 R2 0.7625
2026-09-14 22:43:23 | Epoch  31/100 | Train Loss 0.0195 | Val Loss 0.0171 MAE 0.3819 R2 0.7733
2026-09-14 22:43:23 |   Val R2 improved to 0.7733, model saved
2026-09-14 22:43:23 | Epoch  32/100 | Train Loss 0.0194 | Val Loss 0.0175 MAE 0.3837 R2 0.7660
2026-09-14 22:43:23 | Epoch  33/100 | Train Loss 0.0194 | Val Loss 0.0188 MAE 0.4020 R2 0.7430
2026-09-14 22:43:24 | Epoch  34/100 | Train Loss 0.0192 | Val Loss 0.0172 MAE 0.3830 R2 0.7705
2026-09-14 22:43:24 | Epoch  35/100 | Train Loss 0.0191 | Val Loss 0.0170 MAE 0.3798 R2 0.7733
2026-09-14 22:43:24 |   Val R2 improved to 0.7733, model saved
2026-09-14 22:43:24 | Epoch  36/100 | Train Loss 0.0189 | Val Loss 0.0171 MAE 0.3786 R2 0.7713
2026-09-14 22:43:25 | Epoch  37/100 | Train Loss 0.0187 | Val Loss 0.0170 MAE 0.3798 R2 0.7741
2026-09-14 22:43:25 |   Val R2 improved to 0.7741, model saved
2026-09-14 22:43:25 | Epoch  38/100 | Train Loss 0.0186 | Val Loss 0.0172 MAE 0.3820 R2 0.7694
2026-09-14 22:43:26 | Epoch  39/100 | Train Loss 0.0186 | Val Loss 0.0179 MAE 0.3885 R2 0.7576
2026-09-14 22:43:26 | Epoch  40/100 | Train Loss 0.0189 | Val Loss 0.0166 MAE 0.3789 R2 0.7791
2026-09-14 22:43:26 |   Val R2 improved to 0.7791, model saved
2026-09-14 22:43:26 | Epoch  41/100 | Train Loss 0.0186 | Val Loss 0.0167 MAE 0.3751 R2 0.7771
2026-09-14 22:43:27 | Epoch  42/100 | Train Loss 0.0187 | Val Loss 0.0187 MAE 0.3934 R2 0.7435
2026-09-14 22:43:27 | Epoch  43/100 | Train Loss 0.0191 | Val Loss 0.0172 MAE 0.3916 R2 0.7698
2026-09-14 22:43:27 | Epoch  44/100 | Train Loss 0.0185 | Val Loss 0.0167 MAE 0.3805 R2 0.7765
2026-09-14 22:43:28 | Epoch  45/100 | Train Loss 0.0183 | Val Loss 0.0168 MAE 0.3803 R2 0.7756
2026-09-14 22:43:28 | Epoch  46/100 | Train Loss 0.0180 | Val Loss 0.0164 MAE 0.3817 R2 0.7821
2026-09-14 22:43:28 |   Val R2 improved to 0.7821, model saved
2026-09-14 22:43:28 | Epoch  47/100 | Train Loss 0.0181 | Val Loss 0.0168 MAE 0.3768 R2 0.7763
2026-09-14 22:43:29 | Epoch  48/100 | Train Loss 0.0185 | Val Loss 0.0165 MAE 0.3880 R2 0.7810
2026-09-14 22:43:29 | Epoch  49/100 | Train Loss 0.0180 | Val Loss 0.0164 MAE 0.3766 R2 0.7808
2026-09-14 22:43:29 | Epoch  50/100 | Train Loss 0.0179 | Val Loss 0.0174 MAE 0.3809 R2 0.7657
2026-09-14 22:43:30 | Epoch  51/100 | Train Loss 0.0179 | Val Loss 0.0162 MAE 0.3725 R2 0.7863
2026-09-14 22:43:30 |   Val R2 improved to 0.7863, model saved
2026-09-14 22:43:30 | Epoch  52/100 | Train Loss 0.0180 | Val Loss 0.0163 MAE 0.3753 R2 0.7826
2026-09-14 22:43:30 | Epoch  53/100 | Train Loss 0.0179 | Val Loss 0.0172 MAE 0.3826 R2 0.7686
2026-09-14 22:43:31 | Epoch  54/100 | Train Loss 0.0180 | Val Loss 0.0161 MAE 0.3737 R2 0.7868
2026-09-14 22:43:31 |   Val R2 improved to 0.7868, model saved
2026-09-14 22:43:31 | Epoch  55/100 | Train Loss 0.0180 | Val Loss 0.0168 MAE 0.3756 R2 0.7745
2026-09-14 22:43:31 | Epoch  56/100 | Train Loss 0.0180 | Val Loss 0.0166 MAE 0.3881 R2 0.7791
2026-09-14 22:43:32 | Epoch  57/100 | Train Loss 0.0177 | Val Loss 0.0163 MAE 0.3703 R2 0.7849
2026-09-14 22:43:32 | Epoch  58/100 | Train Loss 0.0178 | Val Loss 0.0174 MAE 0.3832 R2 0.7641
2026-09-14 22:43:32 | Epoch  59/100 | Train Loss 0.0177 | Val Loss 0.0162 MAE 0.3758 R2 0.7846
2026-09-14 22:43:33 | Epoch  60/100 | Train Loss 0.0174 | Val Loss 0.0164 MAE 0.3873 R2 0.7814
2026-09-14 22:43:33 | Epoch  61/100 | Train Loss 0.0176 | Val Loss 0.0161 MAE 0.3815 R2 0.7861
2026-09-14 22:43:33 | Epoch  62/100 | Train Loss 0.0176 | Val Loss 0.0161 MAE 0.3729 R2 0.7870
2026-09-14 22:43:33 |   Val R2 improved to 0.7870, model saved
2026-09-14 22:43:34 | Epoch  63/100 | Train Loss 0.0172 | Val Loss 0.0161 MAE 0.3683 R2 0.7859
2026-09-14 22:43:34 | Epoch  64/100 | Train Loss 0.0174 | Val Loss 0.0162 MAE 0.3667 R2 0.7834
2026-09-14 22:43:34 | Epoch  65/100 | Train Loss 0.0172 | Val Loss 0.0161 MAE 0.3741 R2 0.7871
2026-09-14 22:43:34 |   Val R2 improved to 0.7871, model saved
2026-09-14 22:43:35 | Epoch  66/100 | Train Loss 0.0173 | Val Loss 0.0158 MAE 0.3749 R2 0.7899
2026-09-14 22:43:35 |   Val R2 improved to 0.7899, model saved
2026-09-14 22:43:35 | Epoch  67/100 | Train Loss 0.0176 | Val Loss 0.0159 MAE 0.3709 R2 0.7894
2026-09-14 22:43:35 | Epoch  68/100 | Train Loss 0.0172 | Val Loss 0.0165 MAE 0.3983 R2 0.7793
2026-09-14 22:43:36 | Epoch  69/100 | Train Loss 0.0176 | Val Loss 0.0161 MAE 0.3685 R2 0.7845
2026-09-14 22:43:36 | Epoch  70/100 | Train Loss 0.0170 | Val Loss 0.0160 MAE 0.3689 R2 0.7878
2026-09-14 22:43:36 | Epoch  71/100 | Train Loss 0.0169 | Val Loss 0.0159 MAE 0.3709 R2 0.7900
2026-09-14 22:43:36 |   Val R2 improved to 0.7900, model saved
2026-09-14 22:43:37 | Epoch  72/100 | Train Loss 0.0170 | Val Loss 0.0164 MAE 0.3703 R2 0.7817
2026-09-14 22:43:37 | Epoch  73/100 | Train Loss 0.0170 | Val Loss 0.0157 MAE 0.3670 R2 0.7929
2026-09-14 22:43:37 |   Val R2 improved to 0.7929, model saved
2026-09-14 22:43:37 | Epoch  74/100 | Train Loss 0.0170 | Val Loss 0.0158 MAE 0.3647 R2 0.7904
2026-09-14 22:43:38 | Epoch  75/100 | Train Loss 0.0169 | Val Loss 0.0161 MAE 0.3663 R2 0.7857
2026-09-14 22:43:38 | Epoch  76/100 | Train Loss 0.0170 | Val Loss 0.0164 MAE 0.3695 R2 0.7803
2026-09-14 22:43:38 | Epoch  77/100 | Train Loss 0.0174 | Val Loss 0.0157 MAE 0.3625 R2 0.7913
2026-09-14 22:43:39 | Epoch  78/100 | Train Loss 0.0169 | Val Loss 0.0156 MAE 0.3640 R2 0.7945
2026-09-14 22:43:39 |   Val R2 improved to 0.7945, model saved
2026-09-14 22:43:39 | Epoch  79/100 | Train Loss 0.0168 | Val Loss 0.0157 MAE 0.3691 R2 0.7918
2026-09-14 22:43:39 | Epoch  80/100 | Train Loss 0.0168 | Val Loss 0.0157 MAE 0.3656 R2 0.7922
2026-09-14 22:43:40 | Epoch  81/100 | Train Loss 0.0168 | Val Loss 0.0159 MAE 0.3624 R2 0.7889
2026-09-14 22:43:40 | Epoch  82/100 | Train Loss 0.0168 | Val Loss 0.0157 MAE 0.3615 R2 0.7936
2026-09-14 22:43:40 | Epoch  83/100 | Train Loss 0.0169 | Val Loss 0.0181 MAE 0.3621 R2 0.7545
2026-09-14 22:43:41 | Epoch  84/100 | Train Loss 0.0182 | Val Loss 0.0186 MAE 0.3739 R2 0.7446
2026-09-14 22:43:41 | Epoch  85/100 | Train Loss 0.0169 | Val Loss 0.0158 MAE 0.3658 R2 0.7910
2026-09-14 22:43:41 | Epoch  86/100 | Train Loss 0.0171 | Val Loss 0.0161 MAE 0.3686 R2 0.7846
2026-09-14 22:43:42 | Epoch  87/100 | Train Loss 0.0169 | Val Loss 0.0157 MAE 0.3717 R2 0.7919
2026-09-14 22:43:42 | Epoch  88/100 | Train Loss 0.0166 | Val Loss 0.0156 MAE 0.3715 R2 0.7929
2026-09-14 22:43:42 | Val R2 did not improve for 10 consecutive epochs, early stopping at Epoch 88 (best R2 0.7945 @ Epoch 78)
2026-09-14 22:43:42 | Run 2/5 | Test (best model @ Epoch 78) | Loss 0.0155 MAE 0.3635 R2 0.7850
2026-09-14 22:43:42 | ===== Run 3/5 (seed 2) =====
2026-09-14 22:43:43 | Epoch   1/100 | Train Loss 0.7357 | Val Loss 0.4124 MAE 0.7074 R2 -1.6127
2026-09-14 22:43:43 |   Val R2 improved to -1.6127, model saved
2026-09-14 22:43:43 | Epoch   2/100 | Train Loss 0.1134 | Val Loss 0.0553 MAE 0.7613 R2 0.2421
2026-09-14 22:43:43 |   Val R2 improved to 0.2421, model saved
2026-09-14 22:43:43 | Epoch   3/100 | Train Loss 0.0505 | Val Loss 0.0564 MAE 0.5202 R2 0.5359
2026-09-14 22:43:43 |   Val R2 improved to 0.5359, model saved
2026-09-14 22:43:44 | Epoch   4/100 | Train Loss 0.0389 | Val Loss 0.0278 MAE 0.4774 R2 0.6117
2026-09-14 22:43:44 |   Val R2 improved to 0.6117, model saved
2026-09-14 22:43:44 | Epoch   5/100 | Train Loss 0.0339 | Val Loss 0.0220 MAE 0.4532 R2 0.7049
2026-09-14 22:43:44 |   Val R2 improved to 0.7049, model saved
2026-09-14 22:43:44 | Epoch   6/100 | Train Loss 0.0309 | Val Loss 0.0224 MAE 0.4527 R2 0.6960
2026-09-14 22:43:45 | Epoch   7/100 | Train Loss 0.0290 | Val Loss 0.0208 MAE 0.4432 R2 0.7195
2026-09-14 22:43:45 |   Val R2 improved to 0.7195, model saved
2026-09-14 22:43:45 | Epoch   8/100 | Train Loss 0.0265 | Val Loss 0.0212 MAE 0.4407 R2 0.7120
2026-09-14 22:43:45 | Epoch   9/100 | Train Loss 0.0262 | Val Loss 0.0207 MAE 0.4412 R2 0.7207
2026-09-14 22:43:45 |   Val R2 improved to 0.7207, model saved
2026-09-14 22:43:46 | Epoch  10/100 | Train Loss 0.0249 | Val Loss 0.0205 MAE 0.4257 R2 0.7239
2026-09-14 22:43:46 |   Val R2 improved to 0.7239, model saved
2026-09-14 22:43:46 | Epoch  11/100 | Train Loss 0.0242 | Val Loss 0.0226 MAE 0.4325 R2 0.6885
2026-09-14 22:43:46 | Epoch  12/100 | Train Loss 0.0245 | Val Loss 0.0207 MAE 0.4201 R2 0.7202
2026-09-14 22:43:47 | Epoch  13/100 | Train Loss 0.0231 | Val Loss 0.0217 MAE 0.4160 R2 0.7030
2026-09-14 22:43:47 | Epoch  14/100 | Train Loss 0.0231 | Val Loss 0.0198 MAE 0.4126 R2 0.7355
2026-09-14 22:43:47 |   Val R2 improved to 0.7355, model saved
2026-09-14 22:43:47 | Epoch  15/100 | Train Loss 0.0227 | Val Loss 0.0192 MAE 0.4120 R2 0.7454
2026-09-14 22:43:47 |   Val R2 improved to 0.7454, model saved
2026-09-14 22:43:48 | Epoch  16/100 | Train Loss 0.0226 | Val Loss 0.0196 MAE 0.4105 R2 0.7393
2026-09-14 22:43:48 | Epoch  17/100 | Train Loss 0.0221 | Val Loss 0.0203 MAE 0.4142 R2 0.7273
2026-09-14 22:43:48 | Epoch  18/100 | Train Loss 0.0225 | Val Loss 0.0188 MAE 0.4060 R2 0.7527
2026-09-14 22:43:48 |   Val R2 improved to 0.7527, model saved
2026-09-14 22:43:49 | Epoch  19/100 | Train Loss 0.0220 | Val Loss 0.0187 MAE 0.4026 R2 0.7538
2026-09-14 22:43:49 |   Val R2 improved to 0.7538, model saved
2026-09-14 22:43:49 | Epoch  20/100 | Train Loss 0.0215 | Val Loss 0.0195 MAE 0.4042 R2 0.7409
2026-09-14 22:43:50 | Epoch  21/100 | Train Loss 0.0215 | Val Loss 0.0188 MAE 0.4045 R2 0.7526
2026-09-14 22:43:50 | Epoch  22/100 | Train Loss 0.0211 | Val Loss 0.0190 MAE 0.3994 R2 0.7488
2026-09-14 22:43:50 | Epoch  23/100 | Train Loss 0.0212 | Val Loss 0.0185 MAE 0.4052 R2 0.7574
2026-09-14 22:43:50 |   Val R2 improved to 0.7574, model saved
2026-09-14 22:43:50 | Epoch  24/100 | Train Loss 0.0214 | Val Loss 0.0189 MAE 0.4157 R2 0.7513
2026-09-14 22:43:51 | Epoch  25/100 | Train Loss 0.0210 | Val Loss 0.0195 MAE 0.4036 R2 0.7415
2026-09-14 22:43:51 | Epoch  26/100 | Train Loss 0.0212 | Val Loss 0.0190 MAE 0.3980 R2 0.7493
2026-09-14 22:43:51 | Epoch  27/100 | Train Loss 0.0209 | Val Loss 0.0182 MAE 0.3988 R2 0.7611
2026-09-14 22:43:51 |   Val R2 improved to 0.7611, model saved
2026-09-14 22:43:52 | Epoch  28/100 | Train Loss 0.0206 | Val Loss 0.0212 MAE 0.4399 R2 0.7122
2026-09-14 22:43:52 | Epoch  29/100 | Train Loss 0.0207 | Val Loss 0.0181 MAE 0.3898 R2 0.7634
2026-09-14 22:43:52 |   Val R2 improved to 0.7634, model saved
2026-09-14 22:43:52 | Epoch  30/100 | Train Loss 0.0204 | Val Loss 0.0179 MAE 0.3965 R2 0.7664
2026-09-14 22:43:52 |   Val R2 improved to 0.7664, model saved
2026-09-14 22:43:53 | Epoch  31/100 | Train Loss 0.0208 | Val Loss 0.0197 MAE 0.3942 R2 0.7356
2026-09-14 22:43:53 | Epoch  32/100 | Train Loss 0.0206 | Val Loss 0.0178 MAE 0.3971 R2 0.7678
2026-09-14 22:43:53 |   Val R2 improved to 0.7678, model saved
2026-09-14 22:43:53 | Epoch  33/100 | Train Loss 0.0204 | Val Loss 0.0193 MAE 0.3959 R2 0.7421
2026-09-14 22:43:54 | Epoch  34/100 | Train Loss 0.0201 | Val Loss 0.0177 MAE 0.3885 R2 0.7689
2026-09-14 22:43:54 |   Val R2 improved to 0.7689, model saved
2026-09-14 22:43:54 | Epoch  35/100 | Train Loss 0.0200 | Val Loss 0.0181 MAE 0.3875 R2 0.7625
2026-09-14 22:43:54 | Epoch  36/100 | Train Loss 0.0199 | Val Loss 0.0174 MAE 0.3882 R2 0.7746
2026-09-14 22:43:54 |   Val R2 improved to 0.7746, model saved
2026-09-14 22:43:55 | Epoch  37/100 | Train Loss 0.0206 | Val Loss 0.0220 MAE 0.4621 R2 0.6964
2026-09-14 22:43:55 | Epoch  38/100 | Train Loss 0.0242 | Val Loss 0.0288 MAE 0.3974 R2 0.6750
2026-09-14 22:43:55 | Epoch  39/100 | Train Loss 0.0218 | Val Loss 0.0175 MAE 0.3947 R2 0.7718
2026-09-14 22:43:56 | Epoch  40/100 | Train Loss 0.0207 | Val Loss 0.0184 MAE 0.3956 R2 0.7541
2026-09-14 22:43:56 | Epoch  41/100 | Train Loss 0.0196 | Val Loss 0.0183 MAE 0.3904 R2 0.7568
2026-09-14 22:43:56 | Epoch  42/100 | Train Loss 0.0197 | Val Loss 0.0176 MAE 0.3863 R2 0.7702
2026-09-14 22:43:57 | Epoch  43/100 | Train Loss 0.0198 | Val Loss 0.0187 MAE 0.3852 R2 0.7505
2026-09-14 22:43:57 | Epoch  44/100 | Train Loss 0.0195 | Val Loss 0.0180 MAE 0.3835 R2 0.7636
2026-09-14 22:43:57 | Epoch  45/100 | Train Loss 0.0193 | Val Loss 0.0172 MAE 0.3779 R2 0.7764
2026-09-14 22:43:57 |   Val R2 improved to 0.7764, model saved
2026-09-14 22:43:58 | Epoch  46/100 | Train Loss 0.0193 | Val Loss 0.0170 MAE 0.3852 R2 0.7789
2026-09-14 22:43:58 |   Val R2 improved to 0.7789, model saved
2026-09-14 22:43:58 | Epoch  47/100 | Train Loss 0.0189 | Val Loss 0.0174 MAE 0.3789 R2 0.7725
2026-09-14 22:43:58 | Epoch  48/100 | Train Loss 0.0196 | Val Loss 0.0169 MAE 0.3753 R2 0.7803
2026-09-14 22:43:58 |   Val R2 improved to 0.7803, model saved
2026-09-14 22:43:59 | Epoch  49/100 | Train Loss 0.0188 | Val Loss 0.0183 MAE 0.3902 R2 0.7565
2026-09-14 22:43:59 | Epoch  50/100 | Train Loss 0.0191 | Val Loss 0.0183 MAE 0.3848 R2 0.7568
2026-09-14 22:43:59 | Epoch  51/100 | Train Loss 0.0190 | Val Loss 0.0171 MAE 0.3759 R2 0.7768
2026-09-14 22:44:00 | Epoch  52/100 | Train Loss 0.0186 | Val Loss 0.0168 MAE 0.3746 R2 0.7816
2026-09-14 22:44:00 |   Val R2 improved to 0.7816, model saved
2026-09-14 22:44:00 | Epoch  53/100 | Train Loss 0.0187 | Val Loss 0.0171 MAE 0.3757 R2 0.7774
2026-09-14 22:44:00 | Epoch  54/100 | Train Loss 0.0190 | Val Loss 0.0188 MAE 0.4000 R2 0.7477
2026-09-14 22:44:01 | Epoch  55/100 | Train Loss 0.0189 | Val Loss 0.0169 MAE 0.3782 R2 0.7808
2026-09-14 22:44:01 | Epoch  56/100 | Train Loss 0.0186 | Val Loss 0.0170 MAE 0.3726 R2 0.7781
2026-09-14 22:44:01 | Epoch  57/100 | Train Loss 0.0184 | Val Loss 0.0179 MAE 0.3847 R2 0.7624
2026-09-14 22:44:02 | Epoch  58/100 | Train Loss 0.0183 | Val Loss 0.0170 MAE 0.3864 R2 0.7785
2026-09-14 22:44:02 | Epoch  59/100 | Train Loss 0.0183 | Val Loss 0.0167 MAE 0.3741 R2 0.7828
2026-09-14 22:44:02 |   Val R2 improved to 0.7828, model saved
2026-09-14 22:44:02 | Epoch  60/100 | Train Loss 0.0187 | Val Loss 0.0166 MAE 0.3685 R2 0.7857
2026-09-14 22:44:02 |   Val R2 improved to 0.7857, model saved
2026-09-14 22:44:03 | Epoch  61/100 | Train Loss 0.0182 | Val Loss 0.0177 MAE 0.3836 R2 0.7669
2026-09-14 22:44:03 | Epoch  62/100 | Train Loss 0.0183 | Val Loss 0.0170 MAE 0.3859 R2 0.7780
2026-09-14 22:44:03 | Epoch  63/100 | Train Loss 0.0183 | Val Loss 0.0171 MAE 0.3753 R2 0.7756
2026-09-14 22:44:03 | Epoch  64/100 | Train Loss 0.0183 | Val Loss 0.0178 MAE 0.4172 R2 0.7645
2026-09-14 22:44:04 | Epoch  65/100 | Train Loss 0.0181 | Val Loss 0.0175 MAE 0.3797 R2 0.7689
2026-09-14 22:44:04 | Epoch  66/100 | Train Loss 0.0179 | Val Loss 0.0164 MAE 0.3769 R2 0.7886
2026-09-14 22:44:04 |   Val R2 improved to 0.7886, model saved
2026-09-14 22:44:05 | Epoch  67/100 | Train Loss 0.0179 | Val Loss 0.0167 MAE 0.3883 R2 0.7823
2026-09-14 22:44:05 | Epoch  68/100 | Train Loss 0.0182 | Val Loss 0.0167 MAE 0.3879 R2 0.7834
2026-09-14 22:44:05 | Epoch  69/100 | Train Loss 0.0180 | Val Loss 0.0164 MAE 0.3715 R2 0.7889
2026-09-14 22:44:05 |   Val R2 improved to 0.7889, model saved
2026-09-14 22:44:05 | Epoch  70/100 | Train Loss 0.0179 | Val Loss 0.0176 MAE 0.3733 R2 0.7676
2026-09-14 22:44:06 | Epoch  71/100 | Train Loss 0.0179 | Val Loss 0.0170 MAE 0.3693 R2 0.7760
2026-09-14 22:44:06 | Epoch  72/100 | Train Loss 0.0178 | Val Loss 0.0181 MAE 0.3903 R2 0.7574
2026-09-14 22:44:06 | Epoch  73/100 | Train Loss 0.0180 | Val Loss 0.0166 MAE 0.3726 R2 0.7834
2026-09-14 22:44:07 | Epoch  74/100 | Train Loss 0.0178 | Val Loss 0.0163 MAE 0.3642 R2 0.7886
2026-09-14 22:44:07 | Epoch  75/100 | Train Loss 0.0176 | Val Loss 0.0168 MAE 0.3667 R2 0.7807
2026-09-14 22:44:07 | Epoch  76/100 | Train Loss 0.0179 | Val Loss 0.0167 MAE 0.3724 R2 0.7841
2026-09-14 22:44:08 | Epoch  77/100 | Train Loss 0.0177 | Val Loss 0.0161 MAE 0.3692 R2 0.7918
2026-09-14 22:44:08 |   Val R2 improved to 0.7918, model saved
2026-09-14 22:44:08 | Epoch  78/100 | Train Loss 0.0178 | Val Loss 0.0163 MAE 0.3680 R2 0.7886
2026-09-14 22:44:08 | Epoch  79/100 | Train Loss 0.0175 | Val Loss 0.0167 MAE 0.3678 R2 0.7838
2026-09-14 22:44:09 | Epoch  80/100 | Train Loss 0.0176 | Val Loss 0.0164 MAE 0.3655 R2 0.7876
2026-09-14 22:44:09 | Epoch  81/100 | Train Loss 0.0175 | Val Loss 0.0164 MAE 0.3662 R2 0.7877
2026-09-14 22:44:09 | Epoch  82/100 | Train Loss 0.0177 | Val Loss 0.0177 MAE 0.3844 R2 0.7662
2026-09-14 22:44:10 | Epoch  83/100 | Train Loss 0.0173 | Val Loss 0.0169 MAE 0.3929 R2 0.7792
2026-09-14 22:44:10 | Epoch  84/100 | Train Loss 0.0177 | Val Loss 0.0160 MAE 0.3652 R2 0.7938
2026-09-14 22:44:10 |   Val R2 improved to 0.7938, model saved
2026-09-14 22:44:10 | Epoch  85/100 | Train Loss 0.0174 | Val Loss 0.0166 MAE 0.3683 R2 0.7836
2026-09-14 22:44:11 | Epoch  86/100 | Train Loss 0.0172 | Val Loss 0.0159 MAE 0.3641 R2 0.7950
2026-09-14 22:44:11 |   Val R2 improved to 0.7950, model saved
2026-09-14 22:44:11 | Epoch  87/100 | Train Loss 0.0173 | Val Loss 0.0162 MAE 0.3689 R2 0.7908
2026-09-14 22:44:11 | Epoch  88/100 | Train Loss 0.0173 | Val Loss 0.0160 MAE 0.3622 R2 0.7934
2026-09-14 22:44:11 | Epoch  89/100 | Train Loss 0.0173 | Val Loss 0.0161 MAE 0.3737 R2 0.7932
2026-09-14 22:44:12 | Epoch  90/100 | Train Loss 0.0173 | Val Loss 0.0160 MAE 0.3601 R2 0.7954
2026-09-14 22:44:12 |   Val R2 improved to 0.7954, model saved
2026-09-14 22:44:12 | Epoch  91/100 | Train Loss 0.0173 | Val Loss 0.0172 MAE 0.3764 R2 0.7730
2026-09-14 22:44:12 | Epoch  92/100 | Train Loss 0.0176 | Val Loss 0.0165 MAE 0.3662 R2 0.7845
2026-09-14 22:44:13 | Epoch  93/100 | Train Loss 0.0174 | Val Loss 0.0164 MAE 0.3673 R2 0.7858
2026-09-14 22:44:13 | Epoch  94/100 | Train Loss 0.0170 | Val Loss 0.0160 MAE 0.3658 R2 0.7945
2026-09-14 22:44:13 | Epoch  95/100 | Train Loss 0.0171 | Val Loss 0.0161 MAE 0.3675 R2 0.7925
2026-09-14 22:44:14 | Epoch  96/100 | Train Loss 0.0170 | Val Loss 0.0158 MAE 0.3635 R2 0.7973
2026-09-14 22:44:14 |   Val R2 improved to 0.7973, model saved
2026-09-14 22:44:14 | Epoch  97/100 | Train Loss 0.0172 | Val Loss 0.0164 MAE 0.3646 R2 0.7869
2026-09-14 22:44:14 | Epoch  98/100 | Train Loss 0.0170 | Val Loss 0.0158 MAE 0.3630 R2 0.7968
2026-09-14 22:44:15 | Epoch  99/100 | Train Loss 0.0170 | Val Loss 0.0160 MAE 0.3619 R2 0.7948
2026-09-14 22:44:15 | Epoch 100/100 | Train Loss 0.0169 | Val Loss 0.0163 MAE 0.3724 R2 0.7890
2026-09-14 22:44:15 | Run 3/5 | Test (best model @ Epoch 96) | Loss 0.0160 MAE 0.3650 R2 0.7847
2026-09-14 22:44:15 | ===== Run 4/5 (seed 3) =====
2026-09-14 22:44:15 | Epoch   1/100 | Train Loss 0.6957 | Val Loss 0.1622 MAE 0.8210 R2 0.0629
2026-09-14 22:44:15 |   Val R2 improved to 0.0629, model saved
2026-09-14 22:44:16 | Epoch   2/100 | Train Loss 0.0879 | Val Loss 0.0489 MAE 0.5471 R2 0.5380
2026-09-14 22:44:16 |   Val R2 improved to 0.5380, model saved
2026-09-14 22:44:16 | Epoch   3/100 | Train Loss 0.0494 | Val Loss 0.0528 MAE 0.4919 R2 0.5388
2026-09-14 22:44:16 |   Val R2 improved to 0.5388, model saved
2026-09-14 22:44:16 | Epoch   4/100 | Train Loss 0.0493 | Val Loss 0.0545 MAE 0.5406 R2 0.1810
2026-09-14 22:44:17 | Epoch   5/100 | Train Loss 0.0384 | Val Loss 0.0540 MAE 0.4765 R2 0.5992
2026-09-14 22:44:17 |   Val R2 improved to 0.5992, model saved
2026-09-14 22:44:17 | Epoch   6/100 | Train Loss 0.0354 | Val Loss 0.0503 MAE 0.4862 R2 0.2283
2026-09-14 22:44:17 | Epoch   7/100 | Train Loss 0.0356 | Val Loss 0.0810 MAE 0.4764 R2 -0.2766
2026-09-14 22:44:18 | Epoch   8/100 | Train Loss 0.0355 | Val Loss 0.0466 MAE 0.4664 R2 0.2904
2026-09-14 22:44:18 | Epoch   9/100 | Train Loss 0.0284 | Val Loss 0.0271 MAE 0.4415 R2 0.6196
2026-09-14 22:44:18 |   Val R2 improved to 0.6196, model saved
2026-09-14 22:44:18 | Epoch  10/100 | Train Loss 0.0271 | Val Loss 0.0225 MAE 0.4806 R2 0.6972
2026-09-14 22:44:18 |   Val R2 improved to 0.6972, model saved
2026-09-14 22:44:19 | Epoch  11/100 | Train Loss 0.0258 | Val Loss 0.0208 MAE 0.4518 R2 0.7248
2026-09-14 22:44:19 |   Val R2 improved to 0.7248, model saved
2026-09-14 22:44:19 | Epoch  12/100 | Train Loss 0.0246 | Val Loss 0.0215 MAE 0.4240 R2 0.7135
2026-09-14 22:44:19 | Epoch  13/100 | Train Loss 0.0239 | Val Loss 0.0206 MAE 0.4177 R2 0.7280
2026-09-14 22:44:19 |   Val R2 improved to 0.7280, model saved
2026-09-14 22:44:20 | Epoch  14/100 | Train Loss 0.0238 | Val Loss 0.0205 MAE 0.4216 R2 0.7286
2026-09-14 22:44:20 |   Val R2 improved to 0.7286, model saved
2026-09-14 22:44:20 | Epoch  15/100 | Train Loss 0.0237 | Val Loss 0.0218 MAE 0.4174 R2 0.7074
2026-09-14 22:44:20 | Epoch  16/100 | Train Loss 0.0231 | Val Loss 0.0204 MAE 0.4131 R2 0.7310
2026-09-14 22:44:20 |   Val R2 improved to 0.7310, model saved
2026-09-14 22:44:21 | Epoch  17/100 | Train Loss 0.0226 | Val Loss 0.0192 MAE 0.4129 R2 0.7514
2026-09-14 22:44:21 |   Val R2 improved to 0.7514, model saved
2026-09-14 22:44:21 | Epoch  18/100 | Train Loss 0.0221 | Val Loss 0.0201 MAE 0.4135 R2 0.7362
2026-09-14 22:44:21 | Epoch  19/100 | Train Loss 0.0224 | Val Loss 0.0200 MAE 0.4030 R2 0.7366
2026-09-14 22:44:22 | Epoch  20/100 | Train Loss 0.0217 | Val Loss 0.0193 MAE 0.3989 R2 0.7493
2026-09-14 22:44:22 | Epoch  21/100 | Train Loss 0.0217 | Val Loss 0.0186 MAE 0.3985 R2 0.7607
2026-09-14 22:44:22 |   Val R2 improved to 0.7607, model saved
2026-09-14 22:44:22 | Epoch  22/100 | Train Loss 0.0219 | Val Loss 0.0219 MAE 0.4398 R2 0.7051
2026-09-14 22:44:22 | Epoch  23/100 | Train Loss 0.0215 | Val Loss 0.0208 MAE 0.4061 R2 0.7231
2026-09-14 22:44:23 | Epoch  24/100 | Train Loss 0.0216 | Val Loss 0.0191 MAE 0.3921 R2 0.7515
2026-09-14 22:44:23 | Epoch  25/100 | Train Loss 0.0212 | Val Loss 0.0183 MAE 0.4034 R2 0.7643
2026-09-14 22:44:23 |   Val R2 improved to 0.7643, model saved
2026-09-14 22:44:23 | Epoch  26/100 | Train Loss 0.0211 | Val Loss 0.0184 MAE 0.3874 R2 0.7625
2026-09-14 22:44:24 | Epoch  27/100 | Train Loss 0.0204 | Val Loss 0.0180 MAE 0.3854 R2 0.7694
2026-09-14 22:44:24 |   Val R2 improved to 0.7694, model saved
2026-09-14 22:44:24 | Epoch  28/100 | Train Loss 0.0204 | Val Loss 0.0179 MAE 0.3864 R2 0.7714
2026-09-14 22:44:24 |   Val R2 improved to 0.7714, model saved
2026-09-14 22:44:24 | Epoch  29/100 | Train Loss 0.0199 | Val Loss 0.0221 MAE 0.4071 R2 0.7011
2026-09-14 22:44:25 | Epoch  30/100 | Train Loss 0.0203 | Val Loss 0.0191 MAE 0.4346 R2 0.7502
2026-09-14 22:44:25 | Epoch  31/100 | Train Loss 0.0205 | Val Loss 0.0198 MAE 0.3849 R2 0.7414
2026-09-14 22:44:25 | Epoch  32/100 | Train Loss 0.0202 | Val Loss 0.0176 MAE 0.3820 R2 0.7755
2026-09-14 22:44:25 |   Val R2 improved to 0.7755, model saved
2026-09-14 22:44:26 | Epoch  33/100 | Train Loss 0.0203 | Val Loss 0.0179 MAE 0.4065 R2 0.7688
2026-09-14 22:44:26 | Epoch  34/100 | Train Loss 0.0197 | Val Loss 0.0203 MAE 0.4118 R2 0.7283
2026-09-14 22:44:26 | Epoch  35/100 | Train Loss 0.0200 | Val Loss 0.0174 MAE 0.3799 R2 0.7777
2026-09-14 22:44:26 |   Val R2 improved to 0.7777, model saved
2026-09-14 22:44:27 | Epoch  36/100 | Train Loss 0.0195 | Val Loss 0.0173 MAE 0.3764 R2 0.7798
2026-09-14 22:44:27 |   Val R2 improved to 0.7798, model saved
2026-09-14 22:44:27 | Epoch  37/100 | Train Loss 0.0195 | Val Loss 0.0174 MAE 0.3740 R2 0.7789
2026-09-14 22:44:27 | Epoch  38/100 | Train Loss 0.0194 | Val Loss 0.0181 MAE 0.4090 R2 0.7676
2026-09-14 22:44:28 | Epoch  39/100 | Train Loss 0.0198 | Val Loss 0.0193 MAE 0.3823 R2 0.7540
2026-09-14 22:44:28 | Epoch  40/100 | Train Loss 0.0192 | Val Loss 0.0172 MAE 0.3737 R2 0.7813
2026-09-14 22:44:28 |   Val R2 improved to 0.7813, model saved
2026-09-14 22:44:28 | Epoch  41/100 | Train Loss 0.0194 | Val Loss 0.0177 MAE 0.3862 R2 0.7730
2026-09-14 22:44:29 | Epoch  42/100 | Train Loss 0.0191 | Val Loss 0.0182 MAE 0.3822 R2 0.7644
2026-09-14 22:44:29 | Epoch  43/100 | Train Loss 0.0191 | Val Loss 0.0175 MAE 0.3783 R2 0.7756
2026-09-14 22:44:29 | Epoch  44/100 | Train Loss 0.0192 | Val Loss 0.0178 MAE 0.3798 R2 0.7702
2026-09-14 22:44:30 | Epoch  45/100 | Train Loss 0.0193 | Val Loss 0.0172 MAE 0.3880 R2 0.7798
2026-09-14 22:44:30 | Epoch  46/100 | Train Loss 0.0194 | Val Loss 0.0181 MAE 0.3828 R2 0.7656
2026-09-14 22:44:30 | Epoch  47/100 | Train Loss 0.0190 | Val Loss 0.0176 MAE 0.3931 R2 0.7736
2026-09-14 22:44:31 | Epoch  48/100 | Train Loss 0.0188 | Val Loss 0.0172 MAE 0.3744 R2 0.7812
2026-09-14 22:44:31 | Epoch  49/100 | Train Loss 0.0188 | Val Loss 0.0170 MAE 0.3761 R2 0.7850
2026-09-14 22:44:31 |   Val R2 improved to 0.7850, model saved
2026-09-14 22:44:31 | Epoch  50/100 | Train Loss 0.0185 | Val Loss 0.0169 MAE 0.3716 R2 0.7853
2026-09-14 22:44:31 |   Val R2 improved to 0.7853, model saved
2026-09-14 22:44:31 | Epoch  51/100 | Train Loss 0.0187 | Val Loss 0.0186 MAE 0.3934 R2 0.7559
2026-09-14 22:44:32 | Epoch  52/100 | Train Loss 0.0186 | Val Loss 0.0170 MAE 0.3803 R2 0.7834
2026-09-14 22:44:32 | Epoch  53/100 | Train Loss 0.0182 | Val Loss 0.0170 MAE 0.3890 R2 0.7838
2026-09-14 22:44:32 | Epoch  54/100 | Train Loss 0.0186 | Val Loss 0.0178 MAE 0.3794 R2 0.7690
2026-09-14 22:44:33 | Epoch  55/100 | Train Loss 0.0191 | Val Loss 0.0166 MAE 0.3688 R2 0.7884
2026-09-14 22:44:33 |   Val R2 improved to 0.7884, model saved
2026-09-14 22:44:33 | Epoch  56/100 | Train Loss 0.0188 | Val Loss 0.0170 MAE 0.3656 R2 0.7833
2026-09-14 22:44:33 | Epoch  57/100 | Train Loss 0.0184 | Val Loss 0.0168 MAE 0.3790 R2 0.7873
2026-09-14 22:44:34 | Epoch  58/100 | Train Loss 0.0184 | Val Loss 0.0168 MAE 0.3666 R2 0.7859
2026-09-14 22:44:34 | Epoch  59/100 | Train Loss 0.0183 | Val Loss 0.0167 MAE 0.3673 R2 0.7883
2026-09-14 22:44:34 | Epoch  60/100 | Train Loss 0.0182 | Val Loss 0.0166 MAE 0.3631 R2 0.7896
2026-09-14 22:44:34 |   Val R2 improved to 0.7896, model saved
2026-09-14 22:44:35 | Epoch  61/100 | Train Loss 0.0181 | Val Loss 0.0173 MAE 0.3662 R2 0.7777
2026-09-14 22:44:35 | Epoch  62/100 | Train Loss 0.0183 | Val Loss 0.0166 MAE 0.3716 R2 0.7907
2026-09-14 22:44:35 |   Val R2 improved to 0.7907, model saved
2026-09-14 22:44:35 | Epoch  63/100 | Train Loss 0.0185 | Val Loss 0.0167 MAE 0.3645 R2 0.7884
2026-09-14 22:44:36 | Epoch  64/100 | Train Loss 0.0181 | Val Loss 0.0168 MAE 0.3642 R2 0.7865
2026-09-14 22:44:36 | Epoch  65/100 | Train Loss 0.0181 | Val Loss 0.0168 MAE 0.3785 R2 0.7877
2026-09-14 22:44:36 | Epoch  66/100 | Train Loss 0.0180 | Val Loss 0.0165 MAE 0.3611 R2 0.7915
2026-09-14 22:44:36 |   Val R2 improved to 0.7915, model saved
2026-09-14 22:44:37 | Epoch  67/100 | Train Loss 0.0178 | Val Loss 0.0165 MAE 0.3658 R2 0.7917
2026-09-14 22:44:37 |   Val R2 improved to 0.7917, model saved
2026-09-14 22:44:37 | Epoch  68/100 | Train Loss 0.0178 | Val Loss 0.0170 MAE 0.3664 R2 0.7825
2026-09-14 22:44:37 | Epoch  69/100 | Train Loss 0.0178 | Val Loss 0.0163 MAE 0.3660 R2 0.7932
2026-09-14 22:44:37 |   Val R2 improved to 0.7932, model saved
2026-09-14 22:44:38 | Epoch  70/100 | Train Loss 0.0177 | Val Loss 0.0170 MAE 0.3688 R2 0.7837
2026-09-14 22:44:38 | Epoch  71/100 | Train Loss 0.0178 | Val Loss 0.0172 MAE 0.3663 R2 0.7793
2026-09-14 22:44:38 | Epoch  72/100 | Train Loss 0.0179 | Val Loss 0.0166 MAE 0.3612 R2 0.7909
2026-09-14 22:44:39 | Epoch  73/100 | Train Loss 0.0175 | Val Loss 0.0163 MAE 0.3649 R2 0.7940
2026-09-14 22:44:39 |   Val R2 improved to 0.7940, model saved
2026-09-14 22:44:39 | Epoch  74/100 | Train Loss 0.0176 | Val Loss 0.0166 MAE 0.3630 R2 0.7903
2026-09-14 22:44:39 | Epoch  75/100 | Train Loss 0.0174 | Val Loss 0.0163 MAE 0.3643 R2 0.7947
2026-09-14 22:44:39 |   Val R2 improved to 0.7947, model saved
2026-09-14 22:44:39 | Epoch  76/100 | Train Loss 0.0177 | Val Loss 0.0168 MAE 0.3642 R2 0.7864
2026-09-14 22:44:40 | Epoch  77/100 | Train Loss 0.0178 | Val Loss 0.0164 MAE 0.3631 R2 0.7936
2026-09-14 22:44:40 | Epoch  78/100 | Train Loss 0.0175 | Val Loss 0.0165 MAE 0.3704 R2 0.7926
2026-09-14 22:44:40 | Epoch  79/100 | Train Loss 0.0175 | Val Loss 0.0165 MAE 0.3735 R2 0.7928
2026-09-14 22:44:41 | Epoch  80/100 | Train Loss 0.0177 | Val Loss 0.0164 MAE 0.3601 R2 0.7924
2026-09-14 22:44:41 | Epoch  81/100 | Train Loss 0.0174 | Val Loss 0.0161 MAE 0.3594 R2 0.7974
2026-09-14 22:44:41 |   Val R2 improved to 0.7974, model saved
2026-09-14 22:44:41 | Epoch  82/100 | Train Loss 0.0173 | Val Loss 0.0167 MAE 0.3597 R2 0.7894
2026-09-14 22:44:42 | Epoch  83/100 | Train Loss 0.0172 | Val Loss 0.0164 MAE 0.3711 R2 0.7933
2026-09-14 22:44:42 | Epoch  84/100 | Train Loss 0.0175 | Val Loss 0.0162 MAE 0.3657 R2 0.7963
2026-09-14 22:44:42 | Epoch  85/100 | Train Loss 0.0174 | Val Loss 0.0167 MAE 0.3629 R2 0.7884
2026-09-14 22:44:43 | Epoch  86/100 | Train Loss 0.0174 | Val Loss 0.0164 MAE 0.3728 R2 0.7922
2026-09-14 22:44:43 | Epoch  87/100 | Train Loss 0.0172 | Val Loss 0.0162 MAE 0.3568 R2 0.7958
2026-09-14 22:44:43 | Epoch  88/100 | Train Loss 0.0169 | Val Loss 0.0161 MAE 0.3609 R2 0.7979
2026-09-14 22:44:43 |   Val R2 improved to 0.7979, model saved
2026-09-14 22:44:44 | Epoch  89/100 | Train Loss 0.0171 | Val Loss 0.0164 MAE 0.3678 R2 0.7930
2026-09-14 22:44:44 | Epoch  90/100 | Train Loss 0.0170 | Val Loss 0.0162 MAE 0.3598 R2 0.7963
2026-09-14 22:44:44 | Epoch  91/100 | Train Loss 0.0170 | Val Loss 0.0163 MAE 0.3675 R2 0.7955
2026-09-14 22:44:45 | Epoch  92/100 | Train Loss 0.0170 | Val Loss 0.0163 MAE 0.3676 R2 0.7955
2026-09-14 22:44:45 | Epoch  93/100 | Train Loss 0.0171 | Val Loss 0.0162 MAE 0.3575 R2 0.7957
2026-09-14 22:44:45 | Epoch  94/100 | Train Loss 0.0169 | Val Loss 0.0164 MAE 0.3776 R2 0.7937
2026-09-14 22:44:46 | Epoch  95/100 | Train Loss 0.0170 | Val Loss 0.0167 MAE 0.3584 R2 0.7881
2026-09-14 22:44:46 | Epoch  96/100 | Train Loss 0.0170 | Val Loss 0.0160 MAE 0.3560 R2 0.8007
2026-09-14 22:44:46 |   Val R2 improved to 0.8007, model saved
2026-09-14 22:44:46 | Epoch  97/100 | Train Loss 0.0169 | Val Loss 0.0160 MAE 0.3627 R2 0.7989
2026-09-14 22:44:47 | Epoch  98/100 | Train Loss 0.0172 | Val Loss 0.0164 MAE 0.3582 R2 0.7921
2026-09-14 22:44:47 | Epoch  99/100 | Train Loss 0.0170 | Val Loss 0.0161 MAE 0.3591 R2 0.7990
2026-09-14 22:44:47 | Epoch 100/100 | Train Loss 0.0169 | Val Loss 0.0163 MAE 0.3597 R2 0.7950
2026-09-14 22:44:47 | Run 4/5 | Test (best model @ Epoch 96) | Loss 0.0161 MAE 0.3589 R2 0.7892
2026-09-14 22:44:47 | ===== Run 5/5 (seed 4) =====
2026-09-14 22:44:48 | Epoch   1/100 | Train Loss 0.7057 | Val Loss 0.8574 MAE 0.7178 R2 -10.6683
2026-09-14 22:44:48 |   Val R2 improved to -10.6683, model saved
2026-09-14 22:44:48 | Epoch   2/100 | Train Loss 0.1658 | Val Loss 0.0417 MAE 0.5952 R2 0.4991
2026-09-14 22:44:48 |   Val R2 improved to 0.4991, model saved
2026-09-14 22:44:48 | Epoch   3/100 | Train Loss 0.0589 | Val Loss 0.0334 MAE 0.5133 R2 0.5350
2026-09-14 22:44:48 |   Val R2 improved to 0.5350, model saved
2026-09-14 22:44:48 | Epoch   4/100 | Train Loss 0.0462 | Val Loss 0.0507 MAE 0.4831 R2 0.2212
2026-09-14 22:44:49 | Epoch   5/100 | Train Loss 0.0436 | Val Loss 0.0790 MAE 0.5126 R2 -0.2758
2026-09-14 22:44:49 | Epoch   6/100 | Train Loss 0.0561 | Val Loss 0.2006 MAE 0.5168 R2 -2.0970
2026-09-14 22:44:49 | Epoch   7/100 | Train Loss 0.0951 | Val Loss 0.2056 MAE 0.6907 R2 -2.1777
2026-09-14 22:44:50 | Epoch   8/100 | Train Loss 0.0747 | Val Loss 0.0312 MAE 0.4873 R2 0.5498
2026-09-14 22:44:50 |   Val R2 improved to 0.5498, model saved
2026-09-14 22:44:50 | Epoch   9/100 | Train Loss 0.0343 | Val Loss 0.0241 MAE 0.4659 R2 0.6566
2026-09-14 22:44:50 |   Val R2 improved to 0.6566, model saved
2026-09-14 22:44:50 | Epoch  10/100 | Train Loss 0.0298 | Val Loss 0.0213 MAE 0.4456 R2 0.6993
2026-09-14 22:44:50 |   Val R2 improved to 0.6993, model saved
2026-09-14 22:44:51 | Epoch  11/100 | Train Loss 0.0258 | Val Loss 0.0200 MAE 0.4292 R2 0.7234
2026-09-14 22:44:51 |   Val R2 improved to 0.7234, model saved
2026-09-14 22:44:51 | Epoch  12/100 | Train Loss 0.0242 | Val Loss 0.0219 MAE 0.4289 R2 0.6902
2026-09-14 22:44:51 | Epoch  13/100 | Train Loss 0.0248 | Val Loss 0.0200 MAE 0.4327 R2 0.7211
2026-09-14 22:44:52 | Epoch  14/100 | Train Loss 0.0239 | Val Loss 0.0195 MAE 0.4389 R2 0.7316
2026-09-14 22:44:52 |   Val R2 improved to 0.7316, model saved
2026-09-14 22:44:52 | Epoch  15/100 | Train Loss 0.0236 | Val Loss 0.0200 MAE 0.4300 R2 0.7212
2026-09-14 22:44:52 | Epoch  16/100 | Train Loss 0.0239 | Val Loss 0.0196 MAE 0.4183 R2 0.7284
2026-09-14 22:44:53 | Epoch  17/100 | Train Loss 0.0224 | Val Loss 0.0210 MAE 0.4168 R2 0.7048
2026-09-14 22:44:53 | Epoch  18/100 | Train Loss 0.0238 | Val Loss 0.0254 MAE 0.4218 R2 0.6302
2026-09-14 22:44:53 | Epoch  19/100 | Train Loss 0.0239 | Val Loss 0.0190 MAE 0.4303 R2 0.7387
2026-09-14 22:44:53 |   Val R2 improved to 0.7387, model saved
2026-09-14 22:44:53 | Epoch  20/100 | Train Loss 0.0218 | Val Loss 0.0220 MAE 0.4155 R2 0.6852
2026-09-14 22:44:54 | Epoch  21/100 | Train Loss 0.0215 | Val Loss 0.0187 MAE 0.4111 R2 0.7419
2026-09-14 22:44:54 |   Val R2 improved to 0.7419, model saved
2026-09-14 22:44:54 | Epoch  22/100 | Train Loss 0.0213 | Val Loss 0.0186 MAE 0.4043 R2 0.7425
2026-09-14 22:44:54 |   Val R2 improved to 0.7425, model saved
2026-09-14 22:44:54 | Epoch  23/100 | Train Loss 0.0207 | Val Loss 0.0182 MAE 0.4013 R2 0.7491
2026-09-14 22:44:54 |   Val R2 improved to 0.7491, model saved
2026-09-14 22:44:55 | Epoch  24/100 | Train Loss 0.0205 | Val Loss 0.0184 MAE 0.4056 R2 0.7457
2026-09-14 22:44:55 | Epoch  25/100 | Train Loss 0.0204 | Val Loss 0.0175 MAE 0.4013 R2 0.7614
2026-09-14 22:44:55 |   Val R2 improved to 0.7614, model saved
2026-09-14 22:44:55 | Epoch  26/100 | Train Loss 0.0205 | Val Loss 0.0177 MAE 0.3945 R2 0.7567
2026-09-14 22:44:56 | Epoch  27/100 | Train Loss 0.0199 | Val Loss 0.0175 MAE 0.3950 R2 0.7616
2026-09-14 22:44:56 |   Val R2 improved to 0.7616, model saved
2026-09-14 22:44:56 | Epoch  28/100 | Train Loss 0.0201 | Val Loss 0.0184 MAE 0.3970 R2 0.7453
2026-09-14 22:44:56 | Epoch  29/100 | Train Loss 0.0203 | Val Loss 0.0180 MAE 0.3972 R2 0.7520
2026-09-14 22:44:57 | Epoch  30/100 | Train Loss 0.0218 | Val Loss 0.0191 MAE 0.4136 R2 0.7327
2026-09-14 22:44:57 | Epoch  31/100 | Train Loss 0.0200 | Val Loss 0.0209 MAE 0.3927 R2 0.7030
2026-09-14 22:44:57 | Epoch  32/100 | Train Loss 0.0202 | Val Loss 0.0175 MAE 0.3905 R2 0.7595
2026-09-14 22:44:57 | Epoch  33/100 | Train Loss 0.0199 | Val Loss 0.0181 MAE 0.3892 R2 0.7494
2026-09-14 22:44:58 | Epoch  34/100 | Train Loss 0.0194 | Val Loss 0.0177 MAE 0.3878 R2 0.7554
2026-09-14 22:44:58 | Epoch  35/100 | Train Loss 0.0193 | Val Loss 0.0183 MAE 0.3880 R2 0.7452
2026-09-14 22:44:58 | Epoch  36/100 | Train Loss 0.0194 | Val Loss 0.0167 MAE 0.3831 R2 0.7723
2026-09-14 22:44:58 |   Val R2 improved to 0.7723, model saved
2026-09-14 22:44:59 | Epoch  37/100 | Train Loss 0.0189 | Val Loss 0.0169 MAE 0.3825 R2 0.7689
2026-09-14 22:44:59 | Epoch  38/100 | Train Loss 0.0191 | Val Loss 0.0170 MAE 0.4027 R2 0.7684
2026-09-14 22:44:59 | Epoch  39/100 | Train Loss 0.0190 | Val Loss 0.0353 MAE 0.3851 R2 0.6986
2026-09-14 22:45:00 | Epoch  40/100 | Train Loss 0.0193 | Val Loss 0.0181 MAE 0.4001 R2 0.7497
2026-09-14 22:45:00 | Epoch  41/100 | Train Loss 0.0196 | Val Loss 0.0169 MAE 0.3821 R2 0.7695
2026-09-14 22:45:00 | Epoch  42/100 | Train Loss 0.0192 | Val Loss 0.0169 MAE 0.3962 R2 0.7697
2026-09-14 22:45:00 | Epoch  43/100 | Train Loss 0.0185 | Val Loss 0.0166 MAE 0.3826 R2 0.7737
2026-09-14 22:45:00 |   Val R2 improved to 0.7737, model saved
2026-09-14 22:45:01 | Epoch  44/100 | Train Loss 0.0185 | Val Loss 0.0171 MAE 0.3854 R2 0.7647
2026-09-14 22:45:01 | Epoch  45/100 | Train Loss 0.0188 | Val Loss 0.0166 MAE 0.3823 R2 0.7727
2026-09-14 22:45:01 | Epoch  46/100 | Train Loss 0.0183 | Val Loss 0.0164 MAE 0.3786 R2 0.7770
2026-09-14 22:45:01 |   Val R2 improved to 0.7770, model saved
2026-09-14 22:45:02 | Epoch  47/100 | Train Loss 0.0184 | Val Loss 0.0165 MAE 0.3769 R2 0.7746
2026-09-14 22:45:02 | Epoch  48/100 | Train Loss 0.0179 | Val Loss 0.0173 MAE 0.3762 R2 0.7600
2026-09-14 22:45:02 | Epoch  49/100 | Train Loss 0.0185 | Val Loss 0.0206 MAE 0.3830 R2 0.7057
2026-09-14 22:45:02 | Epoch  50/100 | Train Loss 0.0187 | Val Loss 0.0164 MAE 0.3775 R2 0.7758
2026-09-14 22:45:03 | Epoch  51/100 | Train Loss 0.0180 | Val Loss 0.0184 MAE 0.3790 R2 0.7424
2026-09-14 22:45:03 | Epoch  52/100 | Train Loss 0.0179 | Val Loss 0.0183 MAE 0.3941 R2 0.7437
2026-09-14 22:45:03 | Epoch  53/100 | Train Loss 0.0186 | Val Loss 0.0168 MAE 0.3805 R2 0.7688
2026-09-14 22:45:03 | Epoch  54/100 | Train Loss 0.0178 | Val Loss 0.0175 MAE 0.3782 R2 0.7557
2026-09-14 22:45:04 | Epoch  55/100 | Train Loss 0.0181 | Val Loss 0.0158 MAE 0.3810 R2 0.7845
2026-09-14 22:45:04 |   Val R2 improved to 0.7845, model saved
2026-09-14 22:45:04 | Epoch  56/100 | Train Loss 0.0178 | Val Loss 0.0165 MAE 0.3745 R2 0.7739
2026-09-14 22:45:04 | Epoch  57/100 | Train Loss 0.0176 | Val Loss 0.0159 MAE 0.3690 R2 0.7847
2026-09-14 22:45:04 |   Val R2 improved to 0.7847, model saved
2026-09-14 22:45:05 | Epoch  58/100 | Train Loss 0.0177 | Val Loss 0.0161 MAE 0.3703 R2 0.7803
2026-09-14 22:45:05 | Epoch  59/100 | Train Loss 0.0174 | Val Loss 0.0157 MAE 0.3734 R2 0.7858
2026-09-14 22:45:05 |   Val R2 improved to 0.7858, model saved
2026-09-14 22:45:05 | Epoch  60/100 | Train Loss 0.0173 | Val Loss 0.0163 MAE 0.3765 R2 0.7759
2026-09-14 22:45:05 | Epoch  61/100 | Train Loss 0.0178 | Val Loss 0.0176 MAE 0.3700 R2 0.7543
2026-09-14 22:45:06 | Epoch  62/100 | Train Loss 0.0179 | Val Loss 0.0166 MAE 0.3767 R2 0.7721
2026-09-14 22:45:06 | Epoch  63/100 | Train Loss 0.0176 | Val Loss 0.0169 MAE 0.3743 R2 0.7665
2026-09-14 22:45:06 | Epoch  64/100 | Train Loss 0.0175 | Val Loss 0.0162 MAE 0.3702 R2 0.7766
2026-09-14 22:45:06 | Epoch  65/100 | Train Loss 0.0172 | Val Loss 0.0161 MAE 0.3849 R2 0.7795
2026-09-14 22:45:07 | Epoch  66/100 | Train Loss 0.0173 | Val Loss 0.0156 MAE 0.3668 R2 0.7877
2026-09-14 22:45:07 |   Val R2 improved to 0.7877, model saved
2026-09-14 22:45:07 | Epoch  67/100 | Train Loss 0.0171 | Val Loss 0.0160 MAE 0.3704 R2 0.7806
2026-09-14 22:45:07 | Epoch  68/100 | Train Loss 0.0174 | Val Loss 0.0161 MAE 0.3673 R2 0.7797
2026-09-14 22:45:07 | Epoch  69/100 | Train Loss 0.0170 | Val Loss 0.0161 MAE 0.3712 R2 0.7799
2026-09-14 22:45:08 | Epoch  70/100 | Train Loss 0.0172 | Val Loss 0.0156 MAE 0.3743 R2 0.7874
2026-09-14 22:45:08 | Epoch  71/100 | Train Loss 0.0172 | Val Loss 0.0157 MAE 0.3661 R2 0.7869
2026-09-14 22:45:08 | Epoch  72/100 | Train Loss 0.0169 | Val Loss 0.0154 MAE 0.3663 R2 0.7908
2026-09-14 22:45:08 |   Val R2 improved to 0.7908, model saved
2026-09-14 22:45:09 | Epoch  73/100 | Train Loss 0.0170 | Val Loss 0.0156 MAE 0.3637 R2 0.7874
2026-09-14 22:45:09 | Epoch  74/100 | Train Loss 0.0169 | Val Loss 0.0156 MAE 0.3628 R2 0.7865
2026-09-14 22:45:09 | Epoch  75/100 | Train Loss 0.0169 | Val Loss 0.0156 MAE 0.3653 R2 0.7872
2026-09-14 22:45:09 | Epoch  76/100 | Train Loss 0.0169 | Val Loss 0.0152 MAE 0.3649 R2 0.7941
2026-09-14 22:45:09 |   Val R2 improved to 0.7941, model saved
2026-09-14 22:45:10 | Epoch  77/100 | Train Loss 0.0170 | Val Loss 0.0154 MAE 0.3677 R2 0.7915
2026-09-14 22:45:10 | Epoch  78/100 | Train Loss 0.0165 | Val Loss 0.0160 MAE 0.3720 R2 0.7794
2026-09-14 22:45:10 | Epoch  79/100 | Train Loss 0.0169 | Val Loss 0.0153 MAE 0.3653 R2 0.7925
2026-09-14 22:45:10 | Epoch  80/100 | Train Loss 0.0169 | Val Loss 0.0163 MAE 0.3693 R2 0.7750
2026-09-14 22:45:11 | Epoch  81/100 | Train Loss 0.0165 | Val Loss 0.0153 MAE 0.3636 R2 0.7920
2026-09-14 22:45:11 | Epoch  82/100 | Train Loss 0.0168 | Val Loss 0.0166 MAE 0.3766 R2 0.7691
2026-09-14 22:45:11 | Epoch  83/100 | Train Loss 0.0169 | Val Loss 0.0156 MAE 0.3692 R2 0.7859
2026-09-14 22:45:11 | Epoch  84/100 | Train Loss 0.0164 | Val Loss 0.0153 MAE 0.3650 R2 0.7911
2026-09-14 22:45:12 | Epoch  85/100 | Train Loss 0.0167 | Val Loss 0.0158 MAE 0.3642 R2 0.7831
2026-09-14 22:45:12 | Epoch  86/100 | Train Loss 0.0166 | Val Loss 0.0165 MAE 0.3770 R2 0.7705
2026-09-14 22:45:12 | Val R2 did not improve for 10 consecutive epochs, early stopping at Epoch 86 (best R2 0.7941 @ Epoch 76)
2026-09-14 22:45:12 | Run 5/5 | Test (best model @ Epoch 76) | Loss 0.0153 MAE 0.3673 R2 0.7821
2026-09-14 22:45:12 | Average over 5 runs | Test Loss 0.0156±0.0004 MAE 0.3630±0.0035 R2 0.7853±0.0025
