2026-09-02 22:10:06 | Device: cuda
2026-09-02 22:10:06 | Args: {'model': 'opb', 'backbone': 'rnn', 'task': 'imdb', 'epochs': 100, 'batch_size': 512, 'lr': 0.001, 'hidden_dims': [512, 256], 'dropout': 0.2, 'z_dim': 256, 'anchor_scale': 14.0, 'energy_classifier': True, 'tied_head': False, 'max_len': 250, 'random_labels': False, 'beta': 0.01, 'patience': 10, 'runs': 5, 'seed': 0, 'data_dir': './data', 'save_path': 'output/imdb_rnn_opb/imdb_rnn_opb.pt', 'log_path': '/root/autodl-tmp/IB/tune_results/imdb_rnn_opb_beta_0.01_anchor_14/train.log', 'no_save': True}
2026-09-02 22:10:06 | IMDb 预处理缓存：mmap 共享 ./data/imdb/imdb_processed_maxlen250
2026-09-02 22:10:06 | ===== Run 1/5 (seed 0) =====
2026-09-02 22:10:19 | Epoch   1/100 | Train Loss 3.9271 Acc 0.5571 | Val Loss 1.4462 Acc 0.6173 AUC 0.7286 Pre 0.6857 Rec 0.6173
2026-09-02 22:10:19 |   Val AUC improved to 0.7286, model saved
2026-09-02 22:10:30 | Epoch   2/100 | Train Loss 1.6755 Acc 0.6562 | Val Loss 1.4159 Acc 0.6947 AUC 0.8304 Pre 0.7517 Rec 0.6947
2026-09-02 22:10:31 |   Val AUC improved to 0.8304, model saved
2026-09-02 22:10:42 | Epoch   3/100 | Train Loss 1.3625 Acc 0.7287 | Val Loss 1.6635 Acc 0.5690 AUC 0.7276 Pre 0.7061 Rec 0.5690
2026-09-02 22:10:52 | Epoch   4/100 | Train Loss 1.2583 Acc 0.7266 | Val Loss 1.1085 Acc 0.7956 AUC 0.8790 Pre 0.7968 Rec 0.7956
2026-09-02 22:10:52 |   Val AUC improved to 0.8790, model saved
2026-09-02 22:11:02 | Epoch   5/100 | Train Loss 0.9955 Acc 0.8423 | Val Loss 0.9831 Acc 0.8357 AUC 0.9095 Pre 0.8359 Rec 0.8357
2026-09-02 22:11:03 |   Val AUC improved to 0.9095, model saved
2026-09-02 22:11:13 | Epoch   6/100 | Train Loss 0.8494 Acc 0.8966 | Val Loss 0.9758 Acc 0.8462 AUC 0.9217 Pre 0.8495 Rec 0.8462
2026-09-02 22:11:13 |   Val AUC improved to 0.9217, model saved
2026-09-02 22:11:24 | Epoch   7/100 | Train Loss 0.7410 Acc 0.9311 | Val Loss 0.9744 Acc 0.8519 AUC 0.9243 Pre 0.8526 Rec 0.8519
2026-09-02 22:11:24 |   Val AUC improved to 0.9243, model saved
2026-09-02 22:11:34 | Epoch   8/100 | Train Loss 0.6551 Acc 0.9540 | Val Loss 1.0490 Acc 0.8521 AUC 0.9272 Pre 0.8521 Rec 0.8521
2026-09-02 22:11:35 |   Val AUC improved to 0.9272, model saved
2026-09-02 22:11:45 | Epoch   9/100 | Train Loss 0.5991 Acc 0.9656 | Val Loss 1.1884 Acc 0.8571 AUC 0.9246 Pre 0.8580 Rec 0.8571
2026-09-02 22:11:56 | Epoch  10/100 | Train Loss 0.5294 Acc 0.9769 | Val Loss 1.8327 Acc 0.8597 AUC 0.9258 Pre 0.8606 Rec 0.8597
2026-09-02 22:12:06 | Epoch  11/100 | Train Loss 0.5003 Acc 0.9778 | Val Loss 1.9436 Acc 0.8486 AUC 0.9223 Pre 0.8495 Rec 0.8486
2026-09-02 22:12:17 | Epoch  12/100 | Train Loss 0.4578 Acc 0.9805 | Val Loss 2.2701 Acc 0.8414 AUC 0.9159 Pre 0.8414 Rec 0.8414
2026-09-02 22:12:27 | Epoch  13/100 | Train Loss 0.5042 Acc 0.9705 | Val Loss 1.6757 Acc 0.8505 AUC 0.9235 Pre 0.8538 Rec 0.8505
2026-09-02 22:12:38 | Epoch  14/100 | Train Loss 0.3806 Acc 0.9885 | Val Loss 3.1373 Acc 0.8405 AUC 0.9100 Pre 0.8408 Rec 0.8405
2026-09-02 22:12:49 | Epoch  15/100 | Train Loss 0.4049 Acc 0.9793 | Val Loss 2.0004 Acc 0.8384 AUC 0.9209 Pre 0.8471 Rec 0.8384
2026-09-02 22:12:59 | Epoch  16/100 | Train Loss 0.3486 Acc 0.9853 | Val Loss 3.6910 Acc 0.8571 AUC 0.9254 Pre 0.8594 Rec 0.8571
2026-09-02 22:13:10 | Epoch  17/100 | Train Loss 0.2652 Acc 0.9898 | Val Loss 4.7936 Acc 0.8495 AUC 0.9220 Pre 0.8534 Rec 0.8495
2026-09-02 22:13:21 | Epoch  18/100 | Train Loss 0.2096 Acc 0.9922 | Val Loss 5.2438 Acc 0.8572 AUC 0.9124 Pre 0.8573 Rec 0.8572
2026-09-02 22:13:21 | Val AUC did not improve for 10 consecutive epochs, early stopping at Epoch 18 (best AUC 0.9272 @ Epoch 8)
2026-09-02 22:13:22 | Run 1/5 | Test (best model @ Epoch 8) | Loss 1.0672 Acc 0.8533 AUC 0.9255 Pre 0.8533 Rec 0.8533
2026-09-02 22:13:22 | ===== Run 2/5 (seed 1) =====
2026-09-02 22:13:33 | Epoch   1/100 | Train Loss 3.9541 Acc 0.5421 | Val Loss 1.4205 Acc 0.6902 AUC 0.7613 Pre 0.6903 Rec 0.6902
2026-09-02 22:13:33 |   Val AUC improved to 0.7613, model saved
2026-09-02 22:13:44 | Epoch   2/100 | Train Loss 1.6220 Acc 0.6799 | Val Loss 1.2977 Acc 0.7380 AUC 0.8329 Pre 0.7570 Rec 0.7380
2026-09-02 22:13:44 |   Val AUC improved to 0.8329, model saved
2026-09-02 22:13:54 | Epoch   3/100 | Train Loss 1.4579 Acc 0.6467 | Val Loss 1.1738 Acc 0.7339 AUC 0.8199 Pre 0.7568 Rec 0.7339
2026-09-02 22:14:03 | Epoch   4/100 | Train Loss 1.1547 Acc 0.7831 | Val Loss 1.0260 Acc 0.8093 AUC 0.8976 Pre 0.8141 Rec 0.8093
2026-09-02 22:14:03 |   Val AUC improved to 0.8976, model saved
2026-09-02 22:14:14 | Epoch   5/100 | Train Loss 0.9368 Acc 0.8680 | Val Loss 0.9768 Acc 0.8381 AUC 0.9164 Pre 0.8413 Rec 0.8381
2026-09-02 22:14:14 |   Val AUC improved to 0.9164, model saved
2026-09-02 22:14:25 | Epoch   6/100 | Train Loss 0.7933 Acc 0.9186 | Val Loss 0.9851 Acc 0.8492 AUC 0.9238 Pre 0.8508 Rec 0.8492
2026-09-02 22:14:25 |   Val AUC improved to 0.9238, model saved
2026-09-02 22:14:35 | Epoch   7/100 | Train Loss 0.6876 Acc 0.9488 | Val Loss 1.1166 Acc 0.8332 AUC 0.9173 Pre 0.8451 Rec 0.8332
2026-09-02 22:14:46 | Epoch   8/100 | Train Loss 0.6068 Acc 0.9682 | Val Loss 1.4335 Acc 0.8477 AUC 0.9245 Pre 0.8534 Rec 0.8477
2026-09-02 22:14:46 |   Val AUC improved to 0.9245, model saved
2026-09-02 22:14:56 | Epoch   9/100 | Train Loss 0.5845 Acc 0.9675 | Val Loss 1.5053 Acc 0.8641 AUC 0.9281 Pre 0.8649 Rec 0.8641
2026-09-02 22:14:57 |   Val AUC improved to 0.9281, model saved
2026-09-02 22:15:07 | Epoch  10/100 | Train Loss 0.5318 Acc 0.9750 | Val Loss 2.2802 Acc 0.8521 AUC 0.9145 Pre 0.8590 Rec 0.8521
2026-09-02 22:15:18 | Epoch  11/100 | Train Loss 0.4959 Acc 0.9775 | Val Loss 2.4821 Acc 0.8471 AUC 0.9125 Pre 0.8513 Rec 0.8471
2026-09-02 22:15:28 | Epoch  12/100 | Train Loss 0.4273 Acc 0.9842 | Val Loss 3.1515 Acc 0.8558 AUC 0.9127 Pre 0.8584 Rec 0.8558
2026-09-02 22:15:39 | Epoch  13/100 | Train Loss 0.4601 Acc 0.9764 | Val Loss 2.5099 Acc 0.8585 AUC 0.9176 Pre 0.8605 Rec 0.8585
2026-09-02 22:15:49 | Epoch  14/100 | Train Loss 0.3546 Acc 0.9867 | Val Loss 4.4443 Acc 0.8636 AUC 0.9123 Pre 0.8649 Rec 0.8636
2026-09-02 22:16:00 | Epoch  15/100 | Train Loss 0.2552 Acc 0.9934 | Val Loss 5.4878 Acc 0.8391 AUC 0.8979 Pre 0.8513 Rec 0.8391
2026-09-02 22:16:11 | Epoch  16/100 | Train Loss 0.2584 Acc 0.9908 | Val Loss 5.3651 Acc 0.8414 AUC 0.9067 Pre 0.8505 Rec 0.8414
2026-09-02 22:16:21 | Epoch  17/100 | Train Loss 0.2793 Acc 0.9868 | Val Loss 7.4324 Acc 0.8054 AUC 0.8806 Pre 0.8346 Rec 0.8054
2026-09-02 22:16:32 | Epoch  18/100 | Train Loss 0.2677 Acc 0.9862 | Val Loss 6.1157 Acc 0.8577 AUC 0.9154 Pre 0.8577 Rec 0.8577
2026-09-02 22:16:43 | Epoch  19/100 | Train Loss 0.1796 Acc 0.9926 | Val Loss 4.4629 Acc 0.8352 AUC 0.9201 Pre 0.8408 Rec 0.8352
2026-09-02 22:16:43 | Val AUC did not improve for 10 consecutive epochs, early stopping at Epoch 19 (best AUC 0.9281 @ Epoch 9)
2026-09-02 22:16:44 | Run 2/5 | Test (best model @ Epoch 9) | Loss 1.5595 Acc 0.8580 AUC 0.9226 Pre 0.8587 Rec 0.8580
2026-09-02 22:16:44 | ===== Run 3/5 (seed 2) =====
2026-09-02 22:16:55 | Epoch   1/100 | Train Loss 3.8214 Acc 0.5634 | Val Loss 1.4300 Acc 0.6768 AUC 0.7715 Pre 0.7295 Rec 0.6768
2026-09-02 22:16:55 |   Val AUC improved to 0.7715, model saved
2026-09-02 22:17:05 | Epoch   2/100 | Train Loss 1.6080 Acc 0.6821 | Val Loss 1.3477 Acc 0.7148 AUC 0.8430 Pre 0.7631 Rec 0.7148
2026-09-02 22:17:06 |   Val AUC improved to 0.8430, model saved
2026-09-02 22:17:16 | Epoch   3/100 | Train Loss 1.2380 Acc 0.7748 | Val Loss 1.0246 Acc 0.8161 AUC 0.8939 Pre 0.8170 Rec 0.8161
2026-09-02 22:17:16 |   Val AUC improved to 0.8939, model saved
2026-09-02 22:17:27 | Epoch   4/100 | Train Loss 1.0043 Acc 0.8524 | Val Loss 0.9569 Acc 0.8468 AUC 0.9238 Pre 0.8470 Rec 0.8468
2026-09-02 22:17:27 |   Val AUC improved to 0.9238, model saved
2026-09-02 22:17:36 | Epoch   5/100 | Train Loss 0.8419 Acc 0.9025 | Val Loss 0.9929 Acc 0.8533 AUC 0.9300 Pre 0.8589 Rec 0.8533
2026-09-02 22:17:36 |   Val AUC improved to 0.9300, model saved
2026-09-02 22:17:46 | Epoch   6/100 | Train Loss 0.7405 Acc 0.9310 | Val Loss 0.9941 Acc 0.8618 AUC 0.9335 Pre 0.8627 Rec 0.8618
2026-09-02 22:17:47 |   Val AUC improved to 0.9335, model saved
2026-09-02 22:17:57 | Epoch   7/100 | Train Loss 0.6545 Acc 0.9560 | Val Loss 1.1680 Acc 0.8161 AUC 0.9033 Pre 0.8232 Rec 0.8161
2026-09-02 22:18:08 | Epoch   8/100 | Train Loss 0.6416 Acc 0.9523 | Val Loss 1.3317 Acc 0.8605 AUC 0.9268 Pre 0.8606 Rec 0.8605
2026-09-02 22:18:18 | Epoch   9/100 | Train Loss 0.5311 Acc 0.9790 | Val Loss 1.6313 Acc 0.8533 AUC 0.9259 Pre 0.8538 Rec 0.8533
2026-09-02 22:18:29 | Epoch  10/100 | Train Loss 0.4845 Acc 0.9818 | Val Loss 1.7198 Acc 0.8149 AUC 0.9014 Pre 0.8150 Rec 0.8149
2026-09-02 22:18:40 | Epoch  11/100 | Train Loss 0.5248 Acc 0.9714 | Val Loss 2.3166 Acc 0.8596 AUC 0.9195 Pre 0.8627 Rec 0.8596
2026-09-02 22:18:50 | Epoch  12/100 | Train Loss 0.4395 Acc 0.9819 | Val Loss 2.2712 Acc 0.8556 AUC 0.9226 Pre 0.8562 Rec 0.8556
2026-09-02 22:19:01 | Epoch  13/100 | Train Loss 0.3784 Acc 0.9864 | Val Loss 3.1443 Acc 0.8515 AUC 0.9205 Pre 0.8528 Rec 0.8515
2026-09-02 22:19:12 | Epoch  14/100 | Train Loss 0.3117 Acc 0.9890 | Val Loss 4.3236 Acc 0.8532 AUC 0.9113 Pre 0.8578 Rec 0.8532
2026-09-02 22:19:22 | Epoch  15/100 | Train Loss 0.3103 Acc 0.9860 | Val Loss 3.3845 Acc 0.8422 AUC 0.9220 Pre 0.8470 Rec 0.8422
2026-09-02 22:19:33 | Epoch  16/100 | Train Loss 0.2651 Acc 0.9881 | Val Loss 4.8647 Acc 0.8558 AUC 0.9167 Pre 0.8558 Rec 0.8558
2026-09-02 22:19:33 | Val AUC did not improve for 10 consecutive epochs, early stopping at Epoch 16 (best AUC 0.9335 @ Epoch 6)
2026-09-02 22:19:34 | Run 3/5 | Test (best model @ Epoch 6) | Loss 1.0162 Acc 0.8552 AUC 0.9295 Pre 0.8559 Rec 0.8552
2026-09-02 22:19:34 | ===== Run 4/5 (seed 3) =====
2026-09-02 22:19:45 | Epoch   1/100 | Train Loss 3.7178 Acc 0.5661 | Val Loss 1.3703 Acc 0.6858 AUC 0.7620 Pre 0.6860 Rec 0.6858
2026-09-02 22:19:45 |   Val AUC improved to 0.7620, model saved
2026-09-02 22:19:56 | Epoch   2/100 | Train Loss 1.5790 Acc 0.6796 | Val Loss 1.3896 Acc 0.7182 AUC 0.8456 Pre 0.7610 Rec 0.7182
2026-09-02 22:19:56 |   Val AUC improved to 0.8456, model saved
2026-09-02 22:20:07 | Epoch   3/100 | Train Loss 1.2575 Acc 0.7676 | Val Loss 1.0289 Acc 0.8247 AUC 0.8985 Pre 0.8279 Rec 0.8247
2026-09-02 22:20:07 |   Val AUC improved to 0.8985, model saved
2026-09-02 22:20:17 | Epoch   4/100 | Train Loss 0.9952 Acc 0.8530 | Val Loss 1.1243 Acc 0.8070 AUC 0.9194 Pre 0.8364 Rec 0.8070
2026-09-02 22:20:18 |   Val AUC improved to 0.9194, model saved
2026-09-02 22:20:28 | Epoch   5/100 | Train Loss 0.8764 Acc 0.8912 | Val Loss 0.9803 Acc 0.8316 AUC 0.9242 Pre 0.8406 Rec 0.8316
2026-09-02 22:20:28 |   Val AUC improved to 0.9242, model saved
2026-09-02 22:20:39 | Epoch   6/100 | Train Loss 0.7561 Acc 0.9267 | Val Loss 1.0083 Acc 0.8597 AUC 0.9327 Pre 0.8627 Rec 0.8597
2026-09-02 22:20:39 |   Val AUC improved to 0.9327, model saved
2026-09-02 22:20:50 | Epoch   7/100 | Train Loss 0.6609 Acc 0.9509 | Val Loss 1.0456 Acc 0.8623 AUC 0.9289 Pre 0.8623 Rec 0.8623
2026-09-02 22:21:00 | Epoch   8/100 | Train Loss 0.5897 Acc 0.9683 | Val Loss 1.2840 Acc 0.8616 AUC 0.9268 Pre 0.8624 Rec 0.8616
2026-09-02 22:21:11 | Epoch   9/100 | Train Loss 0.6025 Acc 0.9591 | Val Loss 1.6493 Acc 0.8365 AUC 0.9233 Pre 0.8503 Rec 0.8365
2026-09-02 22:21:21 | Epoch  10/100 | Train Loss 0.5012 Acc 0.9792 | Val Loss 1.8864 Acc 0.8599 AUC 0.9256 Pre 0.8610 Rec 0.8599
2026-09-02 22:21:32 | Epoch  11/100 | Train Loss 0.4897 Acc 0.9789 | Val Loss 2.0064 Acc 0.8643 AUC 0.9274 Pre 0.8643 Rec 0.8643
2026-09-02 22:21:42 | Epoch  12/100 | Train Loss 0.4465 Acc 0.9828 | Val Loss 2.5168 Acc 0.8575 AUC 0.9246 Pre 0.8595 Rec 0.8575
2026-09-02 22:21:53 | Epoch  13/100 | Train Loss 0.4407 Acc 0.9785 | Val Loss 2.6682 Acc 0.8595 AUC 0.9209 Pre 0.8599 Rec 0.8595
2026-09-02 22:22:04 | Epoch  14/100 | Train Loss 0.3330 Acc 0.9890 | Val Loss 4.3205 Acc 0.8545 AUC 0.9248 Pre 0.8583 Rec 0.8545
2026-09-02 22:22:14 | Epoch  15/100 | Train Loss 0.3006 Acc 0.9884 | Val Loss 4.0391 Acc 0.8572 AUC 0.9166 Pre 0.8579 Rec 0.8572
2026-09-02 22:22:25 | Epoch  16/100 | Train Loss 0.2710 Acc 0.9881 | Val Loss 3.5973 Acc 0.8537 AUC 0.9157 Pre 0.8541 Rec 0.8537
2026-09-02 22:22:25 | Val AUC did not improve for 10 consecutive epochs, early stopping at Epoch 16 (best AUC 0.9327 @ Epoch 6)
2026-09-02 22:22:26 | Run 4/5 | Test (best model @ Epoch 6) | Loss 1.0214 Acc 0.8531 AUC 0.9320 Pre 0.8567 Rec 0.8531
2026-09-02 22:22:26 | ===== Run 5/5 (seed 4) =====
2026-09-02 22:22:37 | Epoch   1/100 | Train Loss 3.8009 Acc 0.5636 | Val Loss 1.4133 Acc 0.6829 AUC 0.7869 Pre 0.7004 Rec 0.6829
2026-09-02 22:22:37 |   Val AUC improved to 0.7869, model saved
2026-09-02 22:22:48 | Epoch   2/100 | Train Loss 1.6128 Acc 0.6715 | Val Loss 1.3517 Acc 0.7265 AUC 0.8286 Pre 0.7618 Rec 0.7265
2026-09-02 22:22:48 |   Val AUC improved to 0.8286, model saved
2026-09-02 22:22:58 | Epoch   3/100 | Train Loss 1.2699 Acc 0.7667 | Val Loss 1.4072 Acc 0.5133 AUC 0.6711 Pre 0.6871 Rec 0.5133
2026-09-02 22:23:07 | Epoch   4/100 | Train Loss 1.4461 Acc 0.6045 | Val Loss 1.1676 Acc 0.7282 AUC 0.8155 Pre 0.7558 Rec 0.7282
2026-09-02 22:23:18 | Epoch   5/100 | Train Loss 1.0980 Acc 0.7921 | Val Loss 0.9943 Acc 0.8262 AUC 0.9036 Pre 0.8305 Rec 0.8262
2026-09-02 22:23:18 |   Val AUC improved to 0.9036, model saved
2026-09-02 22:23:28 | Epoch   6/100 | Train Loss 0.8873 Acc 0.8784 | Val Loss 0.9664 Acc 0.8295 AUC 0.9171 Pre 0.8343 Rec 0.8295
2026-09-02 22:23:29 |   Val AUC improved to 0.9171, model saved
2026-09-02 22:23:39 | Epoch   7/100 | Train Loss 0.7897 Acc 0.9133 | Val Loss 0.9448 Acc 0.8585 AUC 0.9264 Pre 0.8588 Rec 0.8585
2026-09-02 22:23:39 |   Val AUC improved to 0.9264, model saved
2026-09-02 22:23:50 | Epoch   8/100 | Train Loss 0.6870 Acc 0.9461 | Val Loss 1.0643 Acc 0.8313 AUC 0.9169 Pre 0.8409 Rec 0.8313
2026-09-02 22:24:00 | Epoch   9/100 | Train Loss 0.6280 Acc 0.9591 | Val Loss 1.0707 Acc 0.8530 AUC 0.9217 Pre 0.8530 Rec 0.8530
2026-09-02 22:24:11 | Epoch  10/100 | Train Loss 0.5718 Acc 0.9705 | Val Loss 1.5237 Acc 0.8468 AUC 0.9221 Pre 0.8547 Rec 0.8468
2026-09-02 22:24:22 | Epoch  11/100 | Train Loss 0.5254 Acc 0.9769 | Val Loss 1.6288 Acc 0.8525 AUC 0.9206 Pre 0.8530 Rec 0.8525
2026-09-02 22:24:32 | Epoch  12/100 | Train Loss 0.5099 Acc 0.9752 | Val Loss 1.8564 Acc 0.8604 AUC 0.9226 Pre 0.8604 Rec 0.8604
2026-09-02 22:24:43 | Epoch  13/100 | Train Loss 0.4697 Acc 0.9781 | Val Loss 2.5451 Acc 0.8224 AUC 0.9154 Pre 0.8382 Rec 0.8224
2026-09-02 22:24:53 | Epoch  14/100 | Train Loss 0.4287 Acc 0.9823 | Val Loss 3.2241 Acc 0.8562 AUC 0.9117 Pre 0.8585 Rec 0.8562
2026-09-02 22:25:04 | Epoch  15/100 | Train Loss 0.3441 Acc 0.9867 | Val Loss 4.2382 Acc 0.8595 AUC 0.9122 Pre 0.8612 Rec 0.8595
2026-09-02 22:25:14 | Epoch  16/100 | Train Loss 0.3087 Acc 0.9869 | Val Loss 3.2429 Acc 0.8496 AUC 0.9142 Pre 0.8520 Rec 0.8496
2026-09-02 22:25:25 | Epoch  17/100 | Train Loss 0.4473 Acc 0.9704 | Val Loss 3.0275 Acc 0.8573 AUC 0.9226 Pre 0.8577 Rec 0.8573
2026-09-02 22:25:25 | Val AUC did not improve for 10 consecutive epochs, early stopping at Epoch 17 (best AUC 0.9264 @ Epoch 7)
2026-09-02 22:25:26 | Run 5/5 | Test (best model @ Epoch 7) | Loss 0.9313 Acc 0.8595 AUC 0.9297 Pre 0.8600 Rec 0.8595
2026-09-02 22:25:26 | Average over 5 runs | Test Loss 1.1191±0.2510 Acc 0.8558±0.0028 AUC 0.9279±0.0038 Pre 0.8569±0.0026 Rec 0.8558±0.0028
