2026-08-29 23:28:46 | Device: cuda
2026-08-29 23:28:46 | Args: {'model': 'ceb', 'backbone': 'mlp', 'task': 'mnist', 'epochs': 100, 'batch_size': 512, 'lr': 0.001, 'hidden_dims': [512, 256], 'dropout': 0.2, 'z_dim': 256, 'anchor_scale': 4.0, 'max_len': 250, 'random_labels': False, 'beta': 1.0, 'patience': 10, 'runs': 5, 'seed': 0, 'data_dir': './data', 'save_path': 'output/mnist_mlp_ceb/mnist_mlp_ceb.pt', 'log_path': '/root/autodl-tmp/FGIB/tune_results_ablation/p3_diag_full/mnist_mlp_ceb_beta_1/train.log', 'no_save': True, 'freeze_a': False, 'a_identity': False, 'cosine_classifier': False, 'log_variance_stats': True, 'subject_disjoint': False}
2026-08-29 23:28:46 | ===== Run 1/5 (seed 0) =====
2026-08-29 23:28:50 | Epoch   1/100 | Train Loss 2.4292 Acc 0.0988 | Val Loss 2.3015 Acc 0.1061 AUC 0.5000 Pre 0.0106 Rec 0.1000
2026-08-29 23:28:50 | Diag logvar_q_mean=-0.0107 logvar_q_clamp=0.0000 logvar_p_mean=-0.0105 logvar_p_clamp=0.0000
2026-08-29 23:28:50 |   Val AUC improved to 0.5000, model saved
2026-08-29 23:28:53 | Epoch   2/100 | Train Loss 2.3283 Acc 0.0996 | Val Loss 2.3010 Acc 0.1129 AUC 0.5000 Pre 0.0113 Rec 0.1000
2026-08-29 23:28:54 | Diag logvar_q_mean=-0.0210 logvar_q_clamp=0.0000 logvar_p_mean=-0.0209 logvar_p_clamp=0.0000
2026-08-29 23:28:57 | Epoch   3/100 | Train Loss 2.3133 Acc 0.1013 | Val Loss 2.3008 Acc 0.1129 AUC 0.5000 Pre 0.0113 Rec 0.1000
2026-08-29 23:28:58 | Diag logvar_q_mean=-0.0269 logvar_q_clamp=0.0000 logvar_p_mean=-0.0269 logvar_p_clamp=0.0000
2026-08-29 23:29:01 | Epoch   4/100 | Train Loss 2.3096 Acc 0.1047 | Val Loss 2.3008 Acc 0.1129 AUC 0.5000 Pre 0.0113 Rec 0.1000
2026-08-29 23:29:02 | Diag logvar_q_mean=-0.0319 logvar_q_clamp=0.0000 logvar_p_mean=-0.0319 logvar_p_clamp=0.0000
2026-08-29 23:29:05 | Epoch   5/100 | Train Loss 2.3106 Acc 0.1005 | Val Loss 2.3008 Acc 0.1129 AUC 0.5000 Pre 0.0113 Rec 0.1000
2026-08-29 23:29:06 | Diag logvar_q_mean=-0.0376 logvar_q_clamp=0.0000 logvar_p_mean=-0.0375 logvar_p_clamp=0.0000
2026-08-29 23:29:09 | Epoch   6/100 | Train Loss 2.3097 Acc 0.1031 | Val Loss 2.3008 Acc 0.1129 AUC 0.5000 Pre 0.0113 Rec 0.1000
2026-08-29 23:29:09 | Diag logvar_q_mean=-0.0434 logvar_q_clamp=0.0000 logvar_p_mean=-0.0434 logvar_p_clamp=0.0000
2026-08-29 23:29:13 | Epoch   7/100 | Train Loss 2.3095 Acc 0.1019 | Val Loss 2.3008 Acc 0.1129 AUC 0.5000 Pre 0.0113 Rec 0.1000
2026-08-29 23:29:13 | Diag logvar_q_mean=-0.0497 logvar_q_clamp=0.0000 logvar_p_mean=-0.0497 logvar_p_clamp=0.0000
2026-08-29 23:29:17 | Epoch   8/100 | Train Loss 2.3095 Acc 0.1047 | Val Loss 2.3008 Acc 0.1129 AUC 0.5000 Pre 0.0113 Rec 0.1000
2026-08-29 23:29:17 | Diag logvar_q_mean=-0.0563 logvar_q_clamp=0.0000 logvar_p_mean=-0.0563 logvar_p_clamp=0.0000
2026-08-29 23:29:20 | Epoch   9/100 | Train Loss 2.3090 Acc 0.1055 | Val Loss 2.3008 Acc 0.1129 AUC 0.5000 Pre 0.0113 Rec 0.1000
2026-08-29 23:29:21 | Diag logvar_q_mean=-0.0632 logvar_q_clamp=0.0000 logvar_p_mean=-0.0632 logvar_p_clamp=0.0000
2026-08-29 23:29:24 | Epoch  10/100 | Train Loss 2.3088 Acc 0.1030 | Val Loss 2.3008 Acc 0.1129 AUC 0.5000 Pre 0.0113 Rec 0.1000
2026-08-29 23:29:25 | Diag logvar_q_mean=-0.0705 logvar_q_clamp=0.0000 logvar_p_mean=-0.0705 logvar_p_clamp=0.0000
2026-08-29 23:29:28 | Epoch  11/100 | Train Loss 2.3090 Acc 0.1023 | Val Loss 2.3008 Acc 0.1129 AUC 0.5000 Pre 0.0113 Rec 0.1000
2026-08-29 23:29:28 | Diag logvar_q_mean=-0.0781 logvar_q_clamp=0.0000 logvar_p_mean=-0.0781 logvar_p_clamp=0.0000
2026-08-29 23:29:28 | Val AUC did not improve for 10 consecutive epochs, early stopping at Epoch 11 (best AUC 0.5000 @ Epoch 1)
2026-08-29 23:29:29 | Run 1/5 | Test (best model @ Epoch 1) | Loss 2.3019 Acc 0.1028 AUC 0.5000 Pre 0.0103 Rec 0.1000
2026-08-29 23:29:29 | ===== Run 2/5 (seed 1) =====
2026-08-29 23:29:32 | Epoch   1/100 | Train Loss 2.4269 Acc 0.1080 | Val Loss 2.2703 Acc 0.1992 AUC 0.6907 Pre 0.1117 Rec 0.1863
2026-08-29 23:29:33 | Diag logvar_q_mean=-0.0092 logvar_q_clamp=0.0000 logvar_p_mean=-0.0090 logvar_p_clamp=0.0000
2026-08-29 23:29:33 |   Val AUC improved to 0.6907, model saved
2026-08-29 23:29:36 | Epoch   2/100 | Train Loss 2.2961 Acc 0.1610 | Val Loss 2.1861 Acc 0.3135 AUC 0.6916 Pre 0.1966 Rec 0.2948
2026-08-29 23:29:37 | Diag logvar_q_mean=-0.0143 logvar_q_clamp=0.0000 logvar_p_mean=-0.0138 logvar_p_clamp=0.0000
2026-08-29 23:29:37 |   Val AUC improved to 0.6916, model saved
2026-08-29 23:29:40 | Epoch   3/100 | Train Loss 2.2464 Acc 0.2017 | Val Loss 2.0581 Acc 0.3147 AUC 0.6924 Pre 0.2055 Rec 0.2960
2026-08-29 23:29:40 | Diag logvar_q_mean=-0.0118 logvar_q_clamp=0.0000 logvar_p_mean=-0.0110 logvar_p_clamp=0.0000
2026-08-29 23:29:40 |   Val AUC improved to 0.6924, model saved
2026-08-29 23:29:44 | Epoch   4/100 | Train Loss 2.2168 Acc 0.2165 | Val Loss 1.9899 Acc 0.3139 AUC 0.6922 Pre 0.2107 Rec 0.2952
2026-08-29 23:29:44 | Diag logvar_q_mean=-0.0085 logvar_q_clamp=0.0000 logvar_p_mean=-0.0076 logvar_p_clamp=0.0000
2026-08-29 23:29:47 | Epoch   5/100 | Train Loss 2.1529 Acc 0.2370 | Val Loss 1.8832 Acc 0.3147 AUC 0.6929 Pre 0.2086 Rec 0.2960
2026-08-29 23:29:48 | Diag logvar_q_mean=-0.0072 logvar_q_clamp=0.0000 logvar_p_mean=-0.0062 logvar_p_clamp=0.0000
2026-08-29 23:29:48 |   Val AUC improved to 0.6929, model saved
2026-08-29 23:29:51 | Epoch   6/100 | Train Loss 2.0934 Acc 0.2510 | Val Loss 1.8246 Acc 0.3149 AUC 0.6930 Pre 0.2097 Rec 0.2961
2026-08-29 23:29:52 | Diag logvar_q_mean=-0.0066 logvar_q_clamp=0.0000 logvar_p_mean=-0.0057 logvar_p_clamp=0.0000
2026-08-29 23:29:52 |   Val AUC improved to 0.6930, model saved
2026-08-29 23:29:55 | Epoch   7/100 | Train Loss 2.0774 Acc 0.2554 | Val Loss 1.8139 Acc 0.3145 AUC 0.6932 Pre 0.2098 Rec 0.2957
2026-08-29 23:29:55 | Diag logvar_q_mean=-0.0054 logvar_q_clamp=0.0000 logvar_p_mean=-0.0043 logvar_p_clamp=0.0000
2026-08-29 23:29:55 |   Val AUC improved to 0.6932, model saved
2026-08-29 23:29:59 | Epoch   8/100 | Train Loss 2.0748 Acc 0.2569 | Val Loss 1.8052 Acc 0.3145 AUC 0.6935 Pre 0.2102 Rec 0.2957
2026-08-29 23:29:59 | Diag logvar_q_mean=-0.0036 logvar_q_clamp=0.0000 logvar_p_mean=-0.0030 logvar_p_clamp=0.0000
2026-08-29 23:29:59 |   Val AUC improved to 0.6935, model saved
2026-08-29 23:30:03 | Epoch   9/100 | Train Loss 2.0614 Acc 0.2575 | Val Loss 1.8056 Acc 0.3143 AUC 0.6935 Pre 0.2094 Rec 0.2955
2026-08-29 23:30:03 | Diag logvar_q_mean=-0.0040 logvar_q_clamp=0.0000 logvar_p_mean=-0.0033 logvar_p_clamp=0.0000
2026-08-29 23:30:06 | Epoch  10/100 | Train Loss 2.0582 Acc 0.2613 | Val Loss 1.7884 Acc 0.3144 AUC 0.6929 Pre 0.2113 Rec 0.2956
2026-08-29 23:30:07 | Diag logvar_q_mean=-0.0050 logvar_q_clamp=0.0000 logvar_p_mean=-0.0037 logvar_p_clamp=0.0000
2026-08-29 23:30:10 | Epoch  11/100 | Train Loss 2.0555 Acc 0.2601 | Val Loss 1.7780 Acc 0.3156 AUC 0.6933 Pre 0.2101 Rec 0.2968
2026-08-29 23:30:11 | Diag logvar_q_mean=-0.0056 logvar_q_clamp=0.0000 logvar_p_mean=-0.0043 logvar_p_clamp=0.0000
2026-08-29 23:30:14 | Epoch  12/100 | Train Loss 2.0523 Acc 0.2612 | Val Loss 1.7895 Acc 0.3154 AUC 0.6932 Pre 0.2102 Rec 0.2966
2026-08-29 23:30:14 | Diag logvar_q_mean=-0.0075 logvar_q_clamp=0.0000 logvar_p_mean=-0.0075 logvar_p_clamp=0.0000
2026-08-29 23:30:18 | Epoch  13/100 | Train Loss 2.0461 Acc 0.2635 | Val Loss 1.7863 Acc 0.3152 AUC 0.6931 Pre 0.2104 Rec 0.2963
2026-08-29 23:30:18 | Diag logvar_q_mean=-0.0100 logvar_q_clamp=0.0000 logvar_p_mean=-0.0095 logvar_p_clamp=0.0000
2026-08-29 23:30:21 | Epoch  14/100 | Train Loss 2.0462 Acc 0.2627 | Val Loss 1.7781 Acc 0.3152 AUC 0.6929 Pre 0.2106 Rec 0.2964
2026-08-29 23:30:22 | Diag logvar_q_mean=-0.0117 logvar_q_clamp=0.0000 logvar_p_mean=-0.0105 logvar_p_clamp=0.0000
2026-08-29 23:30:25 | Epoch  15/100 | Train Loss 2.0452 Acc 0.2645 | Val Loss 1.7925 Acc 0.3142 AUC 0.6928 Pre 0.2116 Rec 0.2954
2026-08-29 23:30:25 | Diag logvar_q_mean=-0.0149 logvar_q_clamp=0.0000 logvar_p_mean=-0.0129 logvar_p_clamp=0.0000
2026-08-29 23:30:28 | Epoch  16/100 | Train Loss 2.0425 Acc 0.2622 | Val Loss 1.7795 Acc 0.3151 AUC 0.6919 Pre 0.2112 Rec 0.2963
2026-08-29 23:30:29 | Diag logvar_q_mean=-0.0165 logvar_q_clamp=0.0000 logvar_p_mean=-0.0151 logvar_p_clamp=0.0000
2026-08-29 23:30:32 | Epoch  17/100 | Train Loss 2.0397 Acc 0.2648 | Val Loss 1.8053 Acc 0.3145 AUC 0.6929 Pre 0.2115 Rec 0.2957
2026-08-29 23:30:33 | Diag logvar_q_mean=-0.0197 logvar_q_clamp=0.0000 logvar_p_mean=-0.0175 logvar_p_clamp=0.0000
2026-08-29 23:30:36 | Epoch  18/100 | Train Loss 2.0421 Acc 0.2617 | Val Loss 1.7702 Acc 0.3130 AUC 0.6932 Pre 0.2107 Rec 0.2965
2026-08-29 23:30:36 | Diag logvar_q_mean=-0.0217 logvar_q_clamp=0.0000 logvar_p_mean=-0.0201 logvar_p_clamp=0.0000
2026-08-29 23:30:36 | Val AUC did not improve for 10 consecutive epochs, early stopping at Epoch 18 (best AUC 0.6935 @ Epoch 8)
2026-08-29 23:30:37 | Run 2/5 | Test (best model @ Epoch 8) | Loss 1.7972 Acc 0.3117 AUC 0.6928 Pre 0.2102 Rec 0.2975
2026-08-29 23:30:37 | ===== Run 3/5 (seed 2) =====
2026-08-29 23:30:40 | Epoch   1/100 | Train Loss 2.4251 Acc 0.1031 | Val Loss 2.2925 Acc 0.2112 AUC 0.6032 Pre 0.0942 Rec 0.1949
2026-08-29 23:30:41 | Diag logvar_q_mean=-0.0102 logvar_q_clamp=0.0000 logvar_p_mean=-0.0101 logvar_p_clamp=0.0000
2026-08-29 23:30:41 |   Val AUC improved to 0.6032, model saved
2026-08-29 23:30:44 | Epoch   2/100 | Train Loss 2.3141 Acc 0.1302 | Val Loss 2.2497 Acc 0.2139 AUC 0.6064 Pre 0.0997 Rec 0.1974
2026-08-29 23:30:44 | Diag logvar_q_mean=-0.0176 logvar_q_clamp=0.0000 logvar_p_mean=-0.0174 logvar_p_clamp=0.0000
2026-08-29 23:30:44 |   Val AUC improved to 0.6064, model saved
2026-08-29 23:30:48 | Epoch   3/100 | Train Loss 2.2801 Acc 0.1539 | Val Loss 2.1920 Acc 0.2163 AUC 0.6092 Pre 0.1144 Rec 0.1976
2026-08-29 23:30:48 | Diag logvar_q_mean=-0.0189 logvar_q_clamp=0.0000 logvar_p_mean=-0.0182 logvar_p_clamp=0.0000
2026-08-29 23:30:48 |   Val AUC improved to 0.6092, model saved
2026-08-29 23:30:52 | Epoch   4/100 | Train Loss 2.2324 Acc 0.1716 | Val Loss 2.0963 Acc 0.2163 AUC 0.6053 Pre 0.1093 Rec 0.1976
2026-08-29 23:30:52 | Diag logvar_q_mean=-0.0189 logvar_q_clamp=0.0000 logvar_p_mean=-0.0179 logvar_p_clamp=0.0000
2026-08-29 23:30:56 | Epoch   5/100 | Train Loss 2.2008 Acc 0.1807 | Val Loss 2.0495 Acc 0.2169 AUC 0.6055 Pre 0.1087 Rec 0.1981
2026-08-29 23:30:56 | Diag logvar_q_mean=-0.0176 logvar_q_clamp=0.0000 logvar_p_mean=-0.0168 logvar_p_clamp=0.0000
2026-08-29 23:31:00 | Epoch   6/100 | Train Loss 2.1901 Acc 0.1829 | Val Loss 2.0294 Acc 0.2170 AUC 0.6055 Pre 0.1099 Rec 0.1982
2026-08-29 23:31:00 | Diag logvar_q_mean=-0.0176 logvar_q_clamp=0.0000 logvar_p_mean=-0.0169 logvar_p_clamp=0.0000
2026-08-29 23:31:04 | Epoch   7/100 | Train Loss 2.1875 Acc 0.1840 | Val Loss 2.0211 Acc 0.2169 AUC 0.6052 Pre 0.1101 Rec 0.1981
2026-08-29 23:31:04 | Diag logvar_q_mean=-0.0178 logvar_q_clamp=0.0000 logvar_p_mean=-0.0174 logvar_p_clamp=0.0000
2026-08-29 23:31:08 | Epoch   8/100 | Train Loss 2.1821 Acc 0.1853 | Val Loss 2.0149 Acc 0.2169 AUC 0.6054 Pre 0.1103 Rec 0.1981
2026-08-29 23:31:08 | Diag logvar_q_mean=-0.0205 logvar_q_clamp=0.0000 logvar_p_mean=-0.0198 logvar_p_clamp=0.0000
2026-08-29 23:31:12 | Epoch   9/100 | Train Loss 2.1754 Acc 0.1858 | Val Loss 2.0104 Acc 0.2168 AUC 0.6053 Pre 0.1101 Rec 0.1980
2026-08-29 23:31:12 | Diag logvar_q_mean=-0.0228 logvar_q_clamp=0.0000 logvar_p_mean=-0.0226 logvar_p_clamp=0.0000
2026-08-29 23:31:16 | Epoch  10/100 | Train Loss 2.1816 Acc 0.1878 | Val Loss 2.0069 Acc 0.2170 AUC 0.6056 Pre 0.1101 Rec 0.1982
2026-08-29 23:31:16 | Diag logvar_q_mean=-0.0248 logvar_q_clamp=0.0000 logvar_p_mean=-0.0243 logvar_p_clamp=0.0000
2026-08-29 23:31:19 | Epoch  11/100 | Train Loss 2.1776 Acc 0.1881 | Val Loss 2.0088 Acc 0.2169 AUC 0.6054 Pre 0.1107 Rec 0.1981
2026-08-29 23:31:20 | Diag logvar_q_mean=-0.0294 logvar_q_clamp=0.0000 logvar_p_mean=-0.0287 logvar_p_clamp=0.0000
2026-08-29 23:31:23 | Epoch  12/100 | Train Loss 2.1777 Acc 0.1884 | Val Loss 2.0103 Acc 0.2168 AUC 0.6052 Pre 0.1109 Rec 0.1981
2026-08-29 23:31:24 | Diag logvar_q_mean=-0.0330 logvar_q_clamp=0.0000 logvar_p_mean=-0.0324 logvar_p_clamp=0.0000
2026-08-29 23:31:27 | Epoch  13/100 | Train Loss 2.1817 Acc 0.1848 | Val Loss 2.0151 Acc 0.2168 AUC 0.6053 Pre 0.1110 Rec 0.1981
2026-08-29 23:31:28 | Diag logvar_q_mean=-0.0378 logvar_q_clamp=0.0000 logvar_p_mean=-0.0368 logvar_p_clamp=0.0000
2026-08-29 23:31:28 | Val AUC did not improve for 10 consecutive epochs, early stopping at Epoch 13 (best AUC 0.6092 @ Epoch 3)
2026-08-29 23:31:28 | Run 3/5 | Test (best model @ Epoch 3) | Loss 2.1887 Acc 0.2139 AUC 0.6097 Pre 0.1093 Rec 0.1978
2026-08-29 23:31:28 | ===== Run 4/5 (seed 3) =====
2026-08-29 23:31:32 | Epoch   1/100 | Train Loss 2.4164 Acc 0.1103 | Val Loss 2.2568 Acc 0.4015 AUC 0.7881 Pre 0.2734 Rec 0.3867
2026-08-29 23:31:32 | Diag logvar_q_mean=-0.0089 logvar_q_clamp=0.0000 logvar_p_mean=-0.0086 logvar_p_clamp=0.0000
2026-08-29 23:31:32 |   Val AUC improved to 0.7881, model saved
2026-08-29 23:31:36 | Epoch   2/100 | Train Loss 2.2754 Acc 0.1909 | Val Loss 2.0874 Acc 0.5016 AUC 0.7918 Pre 0.3664 Rec 0.4811
2026-08-29 23:31:36 | Diag logvar_q_mean=-0.0116 logvar_q_clamp=0.0000 logvar_p_mean=-0.0110 logvar_p_clamp=0.0000
2026-08-29 23:31:36 |   Val AUC improved to 0.7918, model saved
2026-08-29 23:31:40 | Epoch   3/100 | Train Loss 2.1410 Acc 0.2802 | Val Loss 1.8279 Acc 0.5033 AUC 0.7683 Pre 0.3551 Rec 0.4829
2026-08-29 23:31:40 | Diag logvar_q_mean=-0.0056 logvar_q_clamp=0.0000 logvar_p_mean=-0.0042 logvar_p_clamp=0.0000
2026-08-29 23:31:43 | Epoch   4/100 | Train Loss 2.0531 Acc 0.3232 | Val Loss 1.6644 Acc 0.4103 AUC 0.8240 Pre 0.3127 Rec 0.3953
2026-08-29 23:31:44 | Diag logvar_q_mean=0.0020 logvar_q_clamp=0.0000 logvar_p_mean=0.0034 logvar_p_clamp=0.0000
2026-08-29 23:31:44 |   Val AUC improved to 0.8240, model saved
2026-08-29 23:31:47 | Epoch   5/100 | Train Loss 1.9865 Acc 0.3487 | Val Loss 1.5911 Acc 0.5073 AUC 0.8364 Pre 0.3799 Rec 0.4866
2026-08-29 23:31:48 | Diag logvar_q_mean=0.0087 logvar_q_clamp=0.0000 logvar_p_mean=0.0102 logvar_p_clamp=0.0000
2026-08-29 23:31:48 |   Val AUC improved to 0.8364, model saved
2026-08-29 23:31:51 | Epoch   6/100 | Train Loss 1.9223 Acc 0.3675 | Val Loss 1.5213 Acc 0.5103 AUC 0.8350 Pre 0.3954 Rec 0.4894
2026-08-29 23:31:51 | Diag logvar_q_mean=0.0137 logvar_q_clamp=0.0000 logvar_p_mean=0.0145 logvar_p_clamp=0.0000
2026-08-29 23:31:55 | Epoch   7/100 | Train Loss 1.8894 Acc 0.3773 | Val Loss 1.4893 Acc 0.5090 AUC 0.8329 Pre 0.4076 Rec 0.4882
2026-08-29 23:31:55 | Diag logvar_q_mean=0.0181 logvar_q_clamp=0.0000 logvar_p_mean=0.0202 logvar_p_clamp=0.0000
2026-08-29 23:31:59 | Epoch   8/100 | Train Loss 1.8081 Acc 0.3989 | Val Loss 1.4101 Acc 0.5103 AUC 0.8344 Pre 0.4080 Rec 0.4894
2026-08-29 23:31:59 | Diag logvar_q_mean=0.0201 logvar_q_clamp=0.0000 logvar_p_mean=0.0220 logvar_p_clamp=0.0000
2026-08-29 23:32:03 | Epoch   9/100 | Train Loss 1.7761 Acc 0.4099 | Val Loss 1.3969 Acc 0.5072 AUC 0.8343 Pre 0.4109 Rec 0.4863
2026-08-29 23:32:03 | Diag logvar_q_mean=0.0248 logvar_q_clamp=0.0000 logvar_p_mean=0.0274 logvar_p_clamp=0.0000
2026-08-29 23:32:06 | Epoch  10/100 | Train Loss 1.7601 Acc 0.4152 | Val Loss 1.3590 Acc 0.5099 AUC 0.8355 Pre 0.4089 Rec 0.4890
2026-08-29 23:32:07 | Diag logvar_q_mean=0.0295 logvar_q_clamp=0.0000 logvar_p_mean=0.0313 logvar_p_clamp=0.0000
2026-08-29 23:32:10 | Epoch  11/100 | Train Loss 1.7308 Acc 0.4190 | Val Loss 1.3527 Acc 0.5095 AUC 0.8351 Pre 0.4097 Rec 0.4886
2026-08-29 23:32:11 | Diag logvar_q_mean=0.0306 logvar_q_clamp=0.0000 logvar_p_mean=0.0329 logvar_p_clamp=0.0000
2026-08-29 23:32:14 | Epoch  12/100 | Train Loss 1.7289 Acc 0.4215 | Val Loss 1.3433 Acc 0.5104 AUC 0.8356 Pre 0.4096 Rec 0.4895
2026-08-29 23:32:15 | Diag logvar_q_mean=0.0335 logvar_q_clamp=0.0000 logvar_p_mean=0.0348 logvar_p_clamp=0.0000
2026-08-29 23:32:18 | Epoch  13/100 | Train Loss 1.7077 Acc 0.4261 | Val Loss 1.3435 Acc 0.5097 AUC 0.8354 Pre 0.4111 Rec 0.4888
2026-08-29 23:32:18 | Diag logvar_q_mean=0.0336 logvar_q_clamp=0.0000 logvar_p_mean=0.0357 logvar_p_clamp=0.0000
2026-08-29 23:32:22 | Epoch  14/100 | Train Loss 1.6989 Acc 0.4266 | Val Loss 1.3443 Acc 0.5096 AUC 0.8344 Pre 0.4123 Rec 0.4887
2026-08-29 23:32:22 | Diag logvar_q_mean=0.0332 logvar_q_clamp=0.0000 logvar_p_mean=0.0359 logvar_p_clamp=0.0000
2026-08-29 23:32:26 | Epoch  15/100 | Train Loss 1.6796 Acc 0.4302 | Val Loss 1.3222 Acc 0.5093 AUC 0.8356 Pre 0.4117 Rec 0.4884
2026-08-29 23:32:26 | Diag logvar_q_mean=0.0339 logvar_q_clamp=0.0000 logvar_p_mean=0.0360 logvar_p_clamp=0.0000
2026-08-29 23:32:26 | Val AUC did not improve for 10 consecutive epochs, early stopping at Epoch 15 (best AUC 0.8364 @ Epoch 5)
2026-08-29 23:32:27 | Run 4/5 | Test (best model @ Epoch 5) | Loss 1.5898 Acc 0.4978 AUC 0.8348 Pre 0.3772 Rec 0.4869
2026-08-29 23:32:27 | ===== Run 5/5 (seed 4) =====
2026-08-29 23:32:30 | Epoch   1/100 | Train Loss 2.4176 Acc 0.1085 | Val Loss 2.2795 Acc 0.2130 AUC 0.6051 Pre 0.0891 Rec 0.1944
2026-08-29 23:32:31 | Diag logvar_q_mean=-0.0107 logvar_q_clamp=0.0000 logvar_p_mean=-0.0105 logvar_p_clamp=0.0000
2026-08-29 23:32:31 |   Val AUC improved to 0.6051, model saved
2026-08-29 23:32:34 | Epoch   2/100 | Train Loss 2.3097 Acc 0.1383 | Val Loss 2.2267 Acc 0.2160 AUC 0.6051 Pre 0.1032 Rec 0.1973
2026-08-29 23:32:35 | Diag logvar_q_mean=-0.0184 logvar_q_clamp=0.0000 logvar_p_mean=-0.0182 logvar_p_clamp=0.0000
2026-08-29 23:32:38 | Epoch   3/100 | Train Loss 2.2726 Acc 0.1575 | Val Loss 2.1594 Acc 0.2165 AUC 0.6054 Pre 0.1057 Rec 0.1977
2026-08-29 23:32:38 | Diag logvar_q_mean=-0.0193 logvar_q_clamp=0.0000 logvar_p_mean=-0.0188 logvar_p_clamp=0.0000
2026-08-29 23:32:38 |   Val AUC improved to 0.6054, model saved
2026-08-29 23:32:42 | Epoch   4/100 | Train Loss 2.2326 Acc 0.1720 | Val Loss 2.0765 Acc 0.2172 AUC 0.6058 Pre 0.1087 Rec 0.1984
2026-08-29 23:32:42 | Diag logvar_q_mean=-0.0197 logvar_q_clamp=0.0000 logvar_p_mean=-0.0193 logvar_p_clamp=0.0000
2026-08-29 23:32:42 |   Val AUC improved to 0.6058, model saved
2026-08-29 23:32:46 | Epoch   5/100 | Train Loss 2.1749 Acc 0.1877 | Val Loss 2.0299 Acc 0.2169 AUC 0.6055 Pre 0.1086 Rec 0.1981
2026-08-29 23:32:46 | Diag logvar_q_mean=-0.0203 logvar_q_clamp=0.0000 logvar_p_mean=-0.0197 logvar_p_clamp=0.0000
2026-08-29 23:32:50 | Epoch   6/100 | Train Loss 2.1585 Acc 0.1930 | Val Loss 2.0190 Acc 0.2170 AUC 0.6055 Pre 0.1095 Rec 0.1982
2026-08-29 23:32:50 | Diag logvar_q_mean=-0.0201 logvar_q_clamp=0.0000 logvar_p_mean=-0.0193 logvar_p_clamp=0.0000
2026-08-29 23:32:54 | Epoch   7/100 | Train Loss 2.1556 Acc 0.1888 | Val Loss 2.0091 Acc 0.2170 AUC 0.6062 Pre 0.1107 Rec 0.1982
2026-08-29 23:32:54 | Diag logvar_q_mean=-0.0204 logvar_q_clamp=0.0000 logvar_p_mean=-0.0194 logvar_p_clamp=0.0000
2026-08-29 23:32:54 |   Val AUC improved to 0.6062, model saved
2026-08-29 23:32:57 | Epoch   8/100 | Train Loss 2.1496 Acc 0.1917 | Val Loss 2.0019 Acc 0.2167 AUC 0.6055 Pre 0.1102 Rec 0.1980
2026-08-29 23:32:58 | Diag logvar_q_mean=-0.0206 logvar_q_clamp=0.0000 logvar_p_mean=-0.0201 logvar_p_clamp=0.0000
2026-08-29 23:33:01 | Epoch   9/100 | Train Loss 2.1332 Acc 0.1939 | Val Loss 2.0010 Acc 0.2170 AUC 0.6060 Pre 0.1109 Rec 0.1982
2026-08-29 23:33:02 | Diag logvar_q_mean=-0.0235 logvar_q_clamp=0.0000 logvar_p_mean=-0.0227 logvar_p_clamp=0.0000
2026-08-29 23:33:05 | Epoch  10/100 | Train Loss 2.1212 Acc 0.1997 | Val Loss 1.9907 Acc 0.2172 AUC 0.6069 Pre 0.1103 Rec 0.1984
2026-08-29 23:33:06 | Diag logvar_q_mean=-0.0252 logvar_q_clamp=0.0000 logvar_p_mean=-0.0249 logvar_p_clamp=0.0000
2026-08-29 23:33:06 |   Val AUC improved to 0.6069, model saved
2026-08-29 23:33:09 | Epoch  11/100 | Train Loss 2.1237 Acc 0.1954 | Val Loss 1.9944 Acc 0.2154 AUC 0.6061 Pre 0.1333 Rec 0.1988
2026-08-29 23:33:09 | Diag logvar_q_mean=-0.0265 logvar_q_clamp=0.0000 logvar_p_mean=-0.0266 logvar_p_clamp=0.0000
2026-08-29 23:33:13 | Epoch  12/100 | Train Loss 2.1152 Acc 0.1962 | Val Loss 1.9876 Acc 0.2170 AUC 0.6060 Pre 0.1102 Rec 0.1982
2026-08-29 23:33:13 | Diag logvar_q_mean=-0.0296 logvar_q_clamp=0.0000 logvar_p_mean=-0.0287 logvar_p_clamp=0.0000
2026-08-29 23:33:17 | Epoch  13/100 | Train Loss 2.1144 Acc 0.1976 | Val Loss 1.9905 Acc 0.2172 AUC 0.6061 Pre 0.1105 Rec 0.1984
2026-08-29 23:33:17 | Diag logvar_q_mean=-0.0320 logvar_q_clamp=0.0000 logvar_p_mean=-0.0317 logvar_p_clamp=0.0000
2026-08-29 23:33:21 | Epoch  14/100 | Train Loss 2.1127 Acc 0.2000 | Val Loss 1.9893 Acc 0.2155 AUC 0.6067 Pre 0.1291 Rec 0.1989
2026-08-29 23:33:21 | Diag logvar_q_mean=-0.0353 logvar_q_clamp=0.0000 logvar_p_mean=-0.0347 logvar_p_clamp=0.0000
2026-08-29 23:33:25 | Epoch  15/100 | Train Loss 2.1097 Acc 0.1983 | Val Loss 1.9900 Acc 0.2171 AUC 0.6062 Pre 0.1097 Rec 0.1983
2026-08-29 23:33:25 | Diag logvar_q_mean=-0.0384 logvar_q_clamp=0.0000 logvar_p_mean=-0.0384 logvar_p_clamp=0.0000
2026-08-29 23:33:28 | Epoch  16/100 | Train Loss 2.1112 Acc 0.1986 | Val Loss 1.9836 Acc 0.2171 AUC 0.6063 Pre 0.1106 Rec 0.1983
2026-08-29 23:33:29 | Diag logvar_q_mean=-0.0420 logvar_q_clamp=0.0000 logvar_p_mean=-0.0414 logvar_p_clamp=0.0000
2026-08-29 23:33:32 | Epoch  17/100 | Train Loss 2.1038 Acc 0.2006 | Val Loss 1.9948 Acc 0.2170 AUC 0.6069 Pre 0.1111 Rec 0.1982
2026-08-29 23:33:33 | Diag logvar_q_mean=-0.0460 logvar_q_clamp=0.0000 logvar_p_mean=-0.0447 logvar_p_clamp=0.0000
2026-08-29 23:33:33 |   Val AUC improved to 0.6069, model saved
2026-08-29 23:33:36 | Epoch  18/100 | Train Loss 2.0884 Acc 0.1998 | Val Loss 1.9858 Acc 0.2174 AUC 0.6071 Pre 0.1102 Rec 0.1986
2026-08-29 23:33:36 | Diag logvar_q_mean=-0.0498 logvar_q_clamp=0.0000 logvar_p_mean=-0.0491 logvar_p_clamp=0.0000
2026-08-29 23:33:36 |   Val AUC improved to 0.6071, model saved
2026-08-29 23:33:40 | Epoch  19/100 | Train Loss 2.0944 Acc 0.2022 | Val Loss 1.9906 Acc 0.2170 AUC 0.6062 Pre 0.1112 Rec 0.1982
2026-08-29 23:33:40 | Diag logvar_q_mean=-0.0526 logvar_q_clamp=0.0000 logvar_p_mean=-0.0515 logvar_p_clamp=0.0000
2026-08-29 23:33:44 | Epoch  20/100 | Train Loss 2.0894 Acc 0.2047 | Val Loss 1.9854 Acc 0.2175 AUC 0.6060 Pre 0.1104 Rec 0.1987
2026-08-29 23:33:44 | Diag logvar_q_mean=-0.0554 logvar_q_clamp=0.0000 logvar_p_mean=-0.0548 logvar_p_clamp=0.0000
2026-08-29 23:33:47 | Epoch  21/100 | Train Loss 2.0846 Acc 0.2028 | Val Loss 1.9923 Acc 0.2153 AUC 0.6071 Pre 0.1248 Rec 0.1987
2026-08-29 23:33:48 | Diag logvar_q_mean=-0.0588 logvar_q_clamp=0.0000 logvar_p_mean=-0.0584 logvar_p_clamp=0.0000
2026-08-29 23:33:48 |   Val AUC improved to 0.6071, model saved
2026-08-29 23:33:51 | Epoch  22/100 | Train Loss 2.0888 Acc 0.2012 | Val Loss 1.9853 Acc 0.2172 AUC 0.6061 Pre 0.1109 Rec 0.1984
2026-08-29 23:33:52 | Diag logvar_q_mean=-0.0628 logvar_q_clamp=0.0000 logvar_p_mean=-0.0619 logvar_p_clamp=0.0000
2026-08-29 23:33:55 | Epoch  23/100 | Train Loss 2.0882 Acc 0.2037 | Val Loss 1.9877 Acc 0.2176 AUC 0.6060 Pre 0.1105 Rec 0.1988
2026-08-29 23:33:55 | Diag logvar_q_mean=-0.0658 logvar_q_clamp=0.0000 logvar_p_mean=-0.0655 logvar_p_clamp=0.0000
2026-08-29 23:33:59 | Epoch  24/100 | Train Loss 2.0858 Acc 0.2017 | Val Loss 1.9871 Acc 0.2171 AUC 0.6060 Pre 0.1105 Rec 0.1983
2026-08-29 23:33:59 | Diag logvar_q_mean=-0.0699 logvar_q_clamp=0.0000 logvar_p_mean=-0.0696 logvar_p_clamp=0.0000
2026-08-29 23:34:02 | Epoch  25/100 | Train Loss 2.0838 Acc 0.2009 | Val Loss 1.9880 Acc 0.2174 AUC 0.6058 Pre 0.1104 Rec 0.1986
2026-08-29 23:34:03 | Diag logvar_q_mean=-0.0739 logvar_q_clamp=0.0000 logvar_p_mean=-0.0736 logvar_p_clamp=0.0000
2026-08-29 23:34:06 | Epoch  26/100 | Train Loss 2.0861 Acc 0.2044 | Val Loss 1.9915 Acc 0.2176 AUC 0.6066 Pre 0.1105 Rec 0.1987
2026-08-29 23:34:07 | Diag logvar_q_mean=-0.0779 logvar_q_clamp=0.0000 logvar_p_mean=-0.0779 logvar_p_clamp=0.0000
2026-08-29 23:34:10 | Epoch  27/100 | Train Loss 2.0796 Acc 0.2030 | Val Loss 1.9929 Acc 0.2171 AUC 0.6058 Pre 0.1105 Rec 0.1983
2026-08-29 23:34:11 | Diag logvar_q_mean=-0.0822 logvar_q_clamp=0.0000 logvar_p_mean=-0.0818 logvar_p_clamp=0.0000
2026-08-29 23:34:14 | Epoch  28/100 | Train Loss 2.0846 Acc 0.2031 | Val Loss 1.9846 Acc 0.2157 AUC 0.6066 Pre 0.1390 Rec 0.1991
2026-08-29 23:34:15 | Diag logvar_q_mean=-0.0862 logvar_q_clamp=0.0000 logvar_p_mean=-0.0858 logvar_p_clamp=0.0000
2026-08-29 23:34:18 | Epoch  29/100 | Train Loss 2.0826 Acc 0.2033 | Val Loss 1.9880 Acc 0.2175 AUC 0.6054 Pre 0.1111 Rec 0.1987
2026-08-29 23:34:18 | Diag logvar_q_mean=-0.0898 logvar_q_clamp=0.0000 logvar_p_mean=-0.0898 logvar_p_clamp=0.0000
2026-08-29 23:34:22 | Epoch  30/100 | Train Loss 2.0801 Acc 0.2031 | Val Loss 1.9907 Acc 0.2173 AUC 0.6055 Pre 0.1104 Rec 0.1985
2026-08-29 23:34:22 | Diag logvar_q_mean=-0.0945 logvar_q_clamp=0.0000 logvar_p_mean=-0.0945 logvar_p_clamp=0.0000
2026-08-29 23:34:25 | Epoch  31/100 | Train Loss 2.0773 Acc 0.2031 | Val Loss 1.9890 Acc 0.2173 AUC 0.6057 Pre 0.1107 Rec 0.1985
2026-08-29 23:34:26 | Diag logvar_q_mean=-0.0990 logvar_q_clamp=0.0000 logvar_p_mean=-0.0985 logvar_p_clamp=0.0000
2026-08-29 23:34:26 | Val AUC did not improve for 10 consecutive epochs, early stopping at Epoch 31 (best AUC 0.6071 @ Epoch 21)
2026-08-29 23:34:26 | Run 5/5 | Test (best model @ Epoch 21) | Loss 1.9862 Acc 0.2140 AUC 0.6073 Pre 0.1321 Rec 0.1996
2026-08-29 23:34:26 | Average over 5 runs | Test Loss 1.9728±0.2884 Acc 0.2680±0.1482 AUC 0.6489±0.1244 Pre 0.1678±0.1371 Rec 0.2564±0.1466
