2026-09-02 11:15:22 | Device: cuda
2026-09-02 11:15:22 | Args: {'model': 'opb', 'backbone': 'mlp', 'task': 'imagenet100', 'epochs': 100, 'batch_size': 512, 'lr': 0.001, 'hidden_dims': [512, 256], 'dropout': 0.2, 'z_dim': 256, 'anchor_scale': 1.0, 'energy_classifier': True, 'tied_head': False, 'max_len': 250, 'random_labels': False, 'beta': 0.1, 'patience': 10, 'runs': 5, 'seed': 0, 'data_dir': './data', 'save_path': 'output/imagenet100_mlp_opb/imagenet100_mlp_opb.pt', 'log_path': '/root/autodl-tmp/IB/tune_results/imagenet100_mlp_opb_beta_0.1_anchor_1/train.log', 'no_save': True}
2026-09-02 11:15:22 | ImageNet-100 特征：使用 4×4 空间池化文件 ./data/imagenet100/imagenet100_resnet50_layer3_pool4_features.npz
2026-09-02 11:15:22 | ImageNet-100 预处理缓存：mmap 共享 ./data/imagenet100/preprocessed_pool4
2026-09-02 11:15:22 | ===== Run 1/5 (seed 0) =====
2026-09-02 11:15:31 | Epoch   1/100 | Train Loss 3.9031 Acc 0.3552 | Val Loss 2.4658 Acc 0.7761 AUC 0.9908 Pre 0.7862 Rec 0.7673
2026-09-02 11:15:31 |   Val AUC improved to 0.9908, model saved
2026-09-02 11:15:38 | Epoch   2/100 | Train Loss 2.6518 Acc 0.6554 | Val Loss 2.0462 Acc 0.8162 AUC 0.9932 Pre 0.8157 Rec 0.8099
2026-09-02 11:15:38 |   Val AUC improved to 0.9932, model saved
2026-09-02 11:15:46 | Epoch   3/100 | Train Loss 2.1738 Acc 0.7383 | Val Loss 1.8810 Acc 0.8286 AUC 0.9938 Pre 0.8230 Rec 0.8229
2026-09-02 11:15:46 |   Val AUC improved to 0.9938, model saved
2026-09-02 11:15:53 | Epoch   4/100 | Train Loss 1.9080 Acc 0.7812 | Val Loss 1.7566 Acc 0.8342 AUC 0.9936 Pre 0.8307 Rec 0.8289
2026-09-02 11:16:00 | Epoch   5/100 | Train Loss 1.7229 Acc 0.8073 | Val Loss 1.6874 Acc 0.8399 AUC 0.9940 Pre 0.8384 Rec 0.8343
2026-09-02 11:16:00 |   Val AUC improved to 0.9940, model saved
2026-09-02 11:16:08 | Epoch   6/100 | Train Loss 1.5943 Acc 0.8266 | Val Loss 1.6365 Acc 0.8404 AUC 0.9938 Pre 0.8370 Rec 0.8352
2026-09-02 11:16:15 | Epoch   7/100 | Train Loss 1.4775 Acc 0.8445 | Val Loss 1.6045 Acc 0.8378 AUC 0.9934 Pre 0.8404 Rec 0.8331
2026-09-02 11:16:23 | Epoch   8/100 | Train Loss 1.3926 Acc 0.8557 | Val Loss 1.5425 Acc 0.8433 AUC 0.9932 Pre 0.8434 Rec 0.8384
2026-09-02 11:16:30 | Epoch   9/100 | Train Loss 1.3136 Acc 0.8646 | Val Loss 1.5013 Acc 0.8468 AUC 0.9934 Pre 0.8461 Rec 0.8417
2026-09-02 11:16:38 | Epoch  10/100 | Train Loss 1.2574 Acc 0.8716 | Val Loss 1.4871 Acc 0.8432 AUC 0.9930 Pre 0.8405 Rec 0.8379
2026-09-02 11:16:45 | Epoch  11/100 | Train Loss 1.2057 Acc 0.8792 | Val Loss 1.4661 Acc 0.8469 AUC 0.9932 Pre 0.8466 Rec 0.8424
2026-09-02 11:16:52 | Epoch  12/100 | Train Loss 1.1649 Acc 0.8822 | Val Loss 1.4454 Acc 0.8452 AUC 0.9929 Pre 0.8460 Rec 0.8404
2026-09-02 11:17:00 | Epoch  13/100 | Train Loss 1.1214 Acc 0.8881 | Val Loss 1.4311 Acc 0.8425 AUC 0.9928 Pre 0.8441 Rec 0.8375
2026-09-02 11:17:07 | Epoch  14/100 | Train Loss 1.0927 Acc 0.8921 | Val Loss 1.4152 Acc 0.8453 AUC 0.9925 Pre 0.8477 Rec 0.8416
2026-09-02 11:17:15 | Epoch  15/100 | Train Loss 1.0608 Acc 0.8954 | Val Loss 1.4317 Acc 0.8432 AUC 0.9919 Pre 0.8458 Rec 0.8379
2026-09-02 11:17:15 | Val AUC did not improve for 10 consecutive epochs, early stopping at Epoch 15 (best AUC 0.9940 @ Epoch 5)
2026-09-02 11:17:17 | Run 1/5 | Test (best model @ Epoch 5) | Loss 1.6890 Acc 0.8373 AUC 0.9934 Pre 0.8359 Rec 0.8317
2026-09-02 11:17:17 | ===== Run 2/5 (seed 1) =====
2026-09-02 11:17:24 | Epoch   1/100 | Train Loss 3.9193 Acc 0.3509 | Val Loss 2.4693 Acc 0.7794 AUC 0.9914 Pre 0.7781 Rec 0.7728
2026-09-02 11:17:24 |   Val AUC improved to 0.9914, model saved
2026-09-02 11:17:31 | Epoch   2/100 | Train Loss 2.6607 Acc 0.6545 | Val Loss 2.0421 Acc 0.8221 AUC 0.9936 Pre 0.8342 Rec 0.8167
2026-09-02 11:17:32 |   Val AUC improved to 0.9936, model saved
2026-09-02 11:17:39 | Epoch   3/100 | Train Loss 2.1916 Acc 0.7384 | Val Loss 1.8603 Acc 0.8303 AUC 0.9940 Pre 0.8291 Rec 0.8256
2026-09-02 11:17:39 |   Val AUC improved to 0.9940, model saved
2026-09-02 11:17:47 | Epoch   4/100 | Train Loss 1.9256 Acc 0.7800 | Val Loss 1.7577 Acc 0.8364 AUC 0.9935 Pre 0.8376 Rec 0.8325
2026-09-02 11:17:55 | Epoch   5/100 | Train Loss 1.7319 Acc 0.8103 | Val Loss 1.6558 Acc 0.8406 AUC 0.9939 Pre 0.8396 Rec 0.8361
2026-09-02 11:18:02 | Epoch   6/100 | Train Loss 1.5933 Acc 0.8289 | Val Loss 1.6196 Acc 0.8432 AUC 0.9939 Pre 0.8426 Rec 0.8389
2026-09-02 11:18:10 | Epoch   7/100 | Train Loss 1.4941 Acc 0.8428 | Val Loss 1.5824 Acc 0.8410 AUC 0.9938 Pre 0.8423 Rec 0.8375
2026-09-02 11:18:17 | Epoch   8/100 | Train Loss 1.4086 Acc 0.8543 | Val Loss 1.5511 Acc 0.8426 AUC 0.9934 Pre 0.8437 Rec 0.8381
2026-09-02 11:18:25 | Epoch   9/100 | Train Loss 1.3374 Acc 0.8644 | Val Loss 1.5199 Acc 0.8445 AUC 0.9933 Pre 0.8446 Rec 0.8410
2026-09-02 11:18:33 | Epoch  10/100 | Train Loss 1.2691 Acc 0.8728 | Val Loss 1.4848 Acc 0.8426 AUC 0.9932 Pre 0.8431 Rec 0.8393
2026-09-02 11:18:40 | Epoch  11/100 | Train Loss 1.2259 Acc 0.8767 | Val Loss 1.4760 Acc 0.8430 AUC 0.9928 Pre 0.8443 Rec 0.8398
2026-09-02 11:18:48 | Epoch  12/100 | Train Loss 1.1786 Acc 0.8826 | Val Loss 1.4545 Acc 0.8440 AUC 0.9928 Pre 0.8450 Rec 0.8404
2026-09-02 11:18:55 | Epoch  13/100 | Train Loss 1.1413 Acc 0.8859 | Val Loss 1.4329 Acc 0.8446 AUC 0.9924 Pre 0.8468 Rec 0.8409
2026-09-02 11:18:55 | Val AUC did not improve for 10 consecutive epochs, early stopping at Epoch 13 (best AUC 0.9940 @ Epoch 3)
2026-09-02 11:18:57 | Run 2/5 | Test (best model @ Epoch 3) | Loss 1.8579 Acc 0.8297 AUC 0.9938 Pre 0.8291 Rec 0.8251
2026-09-02 11:18:57 | ===== Run 3/5 (seed 2) =====
2026-09-02 11:19:05 | Epoch   1/100 | Train Loss 3.8926 Acc 0.3544 | Val Loss 2.4632 Acc 0.7701 AUC 0.9910 Pre 0.7687 Rec 0.7615
2026-09-02 11:19:05 |   Val AUC improved to 0.9910, model saved
2026-09-02 11:19:12 | Epoch   2/100 | Train Loss 2.6605 Acc 0.6487 | Val Loss 2.0859 Acc 0.8012 AUC 0.9931 Pre 0.7955 Rec 0.7930
2026-09-02 11:19:12 |   Val AUC improved to 0.9931, model saved
2026-09-02 11:19:20 | Epoch   3/100 | Train Loss 2.1988 Acc 0.7259 | Val Loss 1.8791 Acc 0.8135 AUC 0.9938 Pre 0.8199 Rec 0.8045
2026-09-02 11:19:20 |   Val AUC improved to 0.9938, model saved
2026-09-02 11:19:28 | Epoch   4/100 | Train Loss 1.9373 Acc 0.7661 | Val Loss 1.7605 Acc 0.8247 AUC 0.9940 Pre 0.8238 Rec 0.8164
2026-09-02 11:19:28 |   Val AUC improved to 0.9940, model saved
2026-09-02 11:19:35 | Epoch   5/100 | Train Loss 1.7555 Acc 0.7930 | Val Loss 1.6958 Acc 0.8300 AUC 0.9936 Pre 0.8289 Rec 0.8225
2026-09-02 11:19:43 | Epoch   6/100 | Train Loss 1.6172 Acc 0.8136 | Val Loss 1.6415 Acc 0.8300 AUC 0.9934 Pre 0.8274 Rec 0.8236
2026-09-02 11:19:51 | Epoch   7/100 | Train Loss 1.5122 Acc 0.8270 | Val Loss 1.5971 Acc 0.8316 AUC 0.9934 Pre 0.8300 Rec 0.8255
2026-09-02 11:19:58 | Epoch   8/100 | Train Loss 1.4255 Acc 0.8405 | Val Loss 1.5651 Acc 0.8340 AUC 0.9932 Pre 0.8305 Rec 0.8283
2026-09-02 11:20:06 | Epoch   9/100 | Train Loss 1.3453 Acc 0.8522 | Val Loss 1.5296 Acc 0.8368 AUC 0.9932 Pre 0.8353 Rec 0.8313
2026-09-02 11:20:14 | Epoch  10/100 | Train Loss 1.2989 Acc 0.8561 | Val Loss 1.4809 Acc 0.8408 AUC 0.9929 Pre 0.8356 Rec 0.8353
2026-09-02 11:20:22 | Epoch  11/100 | Train Loss 1.2459 Acc 0.8636 | Val Loss 1.5010 Acc 0.8369 AUC 0.9922 Pre 0.8319 Rec 0.8319
2026-09-02 11:20:29 | Epoch  12/100 | Train Loss 1.1999 Acc 0.8695 | Val Loss 1.4668 Acc 0.8348 AUC 0.9921 Pre 0.8309 Rec 0.8293
2026-09-02 11:20:37 | Epoch  13/100 | Train Loss 1.1631 Acc 0.8737 | Val Loss 1.4426 Acc 0.8381 AUC 0.9922 Pre 0.8323 Rec 0.8319
2026-09-02 11:20:44 | Epoch  14/100 | Train Loss 1.1144 Acc 0.8798 | Val Loss 1.4348 Acc 0.8379 AUC 0.9921 Pre 0.8323 Rec 0.8329
2026-09-02 11:20:44 | Val AUC did not improve for 10 consecutive epochs, early stopping at Epoch 14 (best AUC 0.9940 @ Epoch 4)
2026-09-02 11:20:46 | Run 3/5 | Test (best model @ Epoch 4) | Loss 1.7587 Acc 0.8206 AUC 0.9941 Pre 0.8200 Rec 0.8125
2026-09-02 11:20:46 | ===== Run 4/5 (seed 3) =====
2026-09-02 11:20:54 | Epoch   1/100 | Train Loss 3.8984 Acc 0.3545 | Val Loss 2.4663 Acc 0.7736 AUC 0.9910 Pre 0.7837 Rec 0.7671
2026-09-02 11:20:54 |   Val AUC improved to 0.9910, model saved
2026-09-02 11:21:02 | Epoch   2/100 | Train Loss 2.6604 Acc 0.6535 | Val Loss 2.0219 Acc 0.8253 AUC 0.9940 Pre 0.8294 Rec 0.8185
2026-09-02 11:21:02 |   Val AUC improved to 0.9940, model saved
2026-09-02 11:21:09 | Epoch   3/100 | Train Loss 2.1803 Acc 0.7382 | Val Loss 1.8424 Acc 0.8324 AUC 0.9940 Pre 0.8322 Rec 0.8279
2026-09-02 11:21:09 |   Val AUC improved to 0.9940, model saved
2026-09-02 11:21:17 | Epoch   4/100 | Train Loss 1.9114 Acc 0.7828 | Val Loss 1.7241 Acc 0.8379 AUC 0.9945 Pre 0.8360 Rec 0.8325
2026-09-02 11:21:17 |   Val AUC improved to 0.9945, model saved
2026-09-02 11:21:25 | Epoch   5/100 | Train Loss 1.7311 Acc 0.8082 | Val Loss 1.6473 Acc 0.8395 AUC 0.9940 Pre 0.8355 Rec 0.8350
2026-09-02 11:21:32 | Epoch   6/100 | Train Loss 1.5850 Acc 0.8296 | Val Loss 1.6130 Acc 0.8457 AUC 0.9938 Pre 0.8416 Rec 0.8409
2026-09-02 11:21:40 | Epoch   7/100 | Train Loss 1.4787 Acc 0.8442 | Val Loss 1.5660 Acc 0.8436 AUC 0.9938 Pre 0.8472 Rec 0.8391
2026-09-02 11:21:47 | Epoch   8/100 | Train Loss 1.3981 Acc 0.8550 | Val Loss 1.5278 Acc 0.8441 AUC 0.9936 Pre 0.8507 Rec 0.8390
2026-09-02 11:21:54 | Epoch   9/100 | Train Loss 1.3237 Acc 0.8648 | Val Loss 1.5002 Acc 0.8460 AUC 0.9932 Pre 0.8480 Rec 0.8410
2026-09-02 11:22:02 | Epoch  10/100 | Train Loss 1.2629 Acc 0.8720 | Val Loss 1.4951 Acc 0.8448 AUC 0.9931 Pre 0.8390 Rec 0.8405
2026-09-02 11:22:09 | Epoch  11/100 | Train Loss 1.2074 Acc 0.8794 | Val Loss 1.4717 Acc 0.8410 AUC 0.9928 Pre 0.8447 Rec 0.8362
2026-09-02 11:22:16 | Epoch  12/100 | Train Loss 1.1658 Acc 0.8831 | Val Loss 1.4593 Acc 0.8420 AUC 0.9926 Pre 0.8457 Rec 0.8383
2026-09-02 11:22:24 | Epoch  13/100 | Train Loss 1.1277 Acc 0.8884 | Val Loss 1.4447 Acc 0.8461 AUC 0.9923 Pre 0.8487 Rec 0.8416
2026-09-02 11:22:31 | Epoch  14/100 | Train Loss 1.0948 Acc 0.8918 | Val Loss 1.4265 Acc 0.8461 AUC 0.9924 Pre 0.8487 Rec 0.8420
2026-09-02 11:22:31 | Val AUC did not improve for 10 consecutive epochs, early stopping at Epoch 14 (best AUC 0.9945 @ Epoch 4)
2026-09-02 11:22:33 | Run 4/5 | Test (best model @ Epoch 4) | Loss 1.7314 Acc 0.8367 AUC 0.9941 Pre 0.8346 Rec 0.8312
2026-09-02 11:22:33 | ===== Run 5/5 (seed 4) =====
2026-09-02 11:22:41 | Epoch   1/100 | Train Loss 3.9035 Acc 0.3559 | Val Loss 2.4702 Acc 0.7774 AUC 0.9906 Pre 0.7794 Rec 0.7687
2026-09-02 11:22:41 |   Val AUC improved to 0.9906, model saved
2026-09-02 11:22:49 | Epoch   2/100 | Train Loss 2.6561 Acc 0.6578 | Val Loss 2.0261 Acc 0.8209 AUC 0.9939 Pre 0.8242 Rec 0.8142
2026-09-02 11:22:49 |   Val AUC improved to 0.9939, model saved
2026-09-02 11:22:56 | Epoch   3/100 | Train Loss 2.1734 Acc 0.7418 | Val Loss 1.8653 Acc 0.8265 AUC 0.9939 Pre 0.8378 Rec 0.8205
2026-09-02 11:22:56 |   Val AUC improved to 0.9939, model saved
2026-09-02 11:23:04 | Epoch   4/100 | Train Loss 1.9065 Acc 0.7840 | Val Loss 1.7341 Acc 0.8380 AUC 0.9939 Pre 0.8336 Rec 0.8333
2026-09-02 11:23:12 | Epoch   5/100 | Train Loss 1.7219 Acc 0.8110 | Val Loss 1.6652 Acc 0.8404 AUC 0.9940 Pre 0.8468 Rec 0.8355
2026-09-02 11:23:12 |   Val AUC improved to 0.9940, model saved
2026-09-02 11:23:19 | Epoch   6/100 | Train Loss 1.5839 Acc 0.8324 | Val Loss 1.6317 Acc 0.8414 AUC 0.9937 Pre 0.8379 Rec 0.8368
2026-09-02 11:23:26 | Epoch   7/100 | Train Loss 1.4686 Acc 0.8482 | Val Loss 1.5842 Acc 0.8421 AUC 0.9933 Pre 0.8370 Rec 0.8372
2026-09-02 11:23:33 | Epoch   8/100 | Train Loss 1.3794 Acc 0.8611 | Val Loss 1.5419 Acc 0.8431 AUC 0.9930 Pre 0.8393 Rec 0.8385
2026-09-02 11:23:40 | Epoch   9/100 | Train Loss 1.3057 Acc 0.8699 | Val Loss 1.5140 Acc 0.8428 AUC 0.9931 Pre 0.8519 Rec 0.8379
2026-09-02 11:23:47 | Epoch  10/100 | Train Loss 1.2461 Acc 0.8773 | Val Loss 1.4946 Acc 0.8450 AUC 0.9927 Pre 0.8397 Rec 0.8403
2026-09-02 11:23:54 | Epoch  11/100 | Train Loss 1.1997 Acc 0.8814 | Val Loss 1.4567 Acc 0.8462 AUC 0.9925 Pre 0.8417 Rec 0.8416
2026-09-02 11:24:02 | Epoch  12/100 | Train Loss 1.1518 Acc 0.8876 | Val Loss 1.4410 Acc 0.8447 AUC 0.9927 Pre 0.8450 Rec 0.8406
2026-09-02 11:24:09 | Epoch  13/100 | Train Loss 1.1191 Acc 0.8908 | Val Loss 1.4420 Acc 0.8447 AUC 0.9924 Pre 0.8459 Rec 0.8407
2026-09-02 11:24:16 | Epoch  14/100 | Train Loss 1.0773 Acc 0.8957 | Val Loss 1.4086 Acc 0.8452 AUC 0.9924 Pre 0.8477 Rec 0.8407
2026-09-02 11:24:23 | Epoch  15/100 | Train Loss 1.0451 Acc 0.8986 | Val Loss 1.4053 Acc 0.8470 AUC 0.9921 Pre 0.8508 Rec 0.8426
2026-09-02 11:24:23 | Val AUC did not improve for 10 consecutive epochs, early stopping at Epoch 15 (best AUC 0.9940 @ Epoch 5)
2026-09-02 11:24:25 | Run 5/5 | Test (best model @ Epoch 5) | Loss 1.6567 Acc 0.8398 AUC 0.9938 Pre 0.8364 Rec 0.8346
2026-09-02 11:24:25 | Average over 5 runs | Test Loss 1.7387±0.0772 Acc 0.8328±0.0078 AUC 0.9938±0.0003 Pre 0.8312±0.0069 Rec 0.8270±0.0088
