2026-09-02 14:18:38 | Device: cuda
2026-09-02 14:18:38 | Args: {'model': 'opb', 'backbone': 'rnn', 'task': 'agnews', 'epochs': 100, 'batch_size': 512, 'lr': 0.001, 'hidden_dims': [512, 256], 'dropout': 0.2, 'z_dim': 256, 'anchor_scale': 8.0, 'energy_classifier': True, 'tied_head': False, 'max_len': 250, 'random_labels': False, 'beta': 1.0, 'patience': 10, 'runs': 5, 'seed': 0, 'data_dir': './data', 'save_path': 'output/agnews_rnn_opb/agnews_rnn_opb.pt', 'log_path': '/root/autodl-tmp/IB/tune_results/agnews_rnn_opb_beta_1_anchor_8/train.log', 'no_save': True}
2026-09-02 14:18:38 | AG News 特征文件：agnews_bert_base_layer10_pca50_features.npy（input_dim=50）
2026-09-02 14:18:38 | AG News 预处理缓存：mmap 共享 ./data/agnews/agnews_bert_base_layer10_pca50_features_fp32.npy
2026-09-02 14:18:38 | AG News BERT 特征划分（60/20/20 分层）：train 76560 / val 25520 / test 25520（共 127600 条）
2026-09-02 14:18:38 | ===== Run 1/5 (seed 0) =====
2026-09-02 14:19:13 | Epoch   1/100 | Train Loss 21.8564 Acc 0.5568 | Val Loss 15.5080 Acc 0.6678 AUC 0.9088 Pre 0.7739 Rec 0.6678
2026-09-02 14:19:13 |   Val AUC improved to 0.9088, model saved
2026-09-02 14:19:42 | Epoch   2/100 | Train Loss 9.4238 Acc 0.8190 | Val Loss 5.7235 Acc 0.8849 AUC 0.9712 Pre 0.8852 Rec 0.8849
2026-09-02 14:19:42 |   Val AUC improved to 0.9712, model saved
2026-09-02 14:20:10 | Epoch   3/100 | Train Loss 5.3830 Acc 0.8829 | Val Loss 4.5720 Acc 0.8953 AUC 0.9759 Pre 0.8990 Rec 0.8953
2026-09-02 14:20:10 |   Val AUC improved to 0.9759, model saved
2026-09-02 14:20:39 | Epoch   4/100 | Train Loss 4.3333 Acc 0.8894 | Val Loss 3.7603 Acc 0.9006 AUC 0.9789 Pre 0.9023 Rec 0.9006
2026-09-02 14:20:39 |   Val AUC improved to 0.9789, model saved
2026-09-02 14:21:07 | Epoch   5/100 | Train Loss 3.6095 Acc 0.8910 | Val Loss 3.2018 Acc 0.9025 AUC 0.9800 Pre 0.9051 Rec 0.9025
2026-09-02 14:21:07 |   Val AUC improved to 0.9800, model saved
2026-09-02 14:21:34 | Epoch   6/100 | Train Loss 2.9985 Acc 0.8969 | Val Loss 2.7965 Acc 0.9035 AUC 0.9812 Pre 0.9083 Rec 0.9035
2026-09-02 14:21:34 |   Val AUC improved to 0.9812, model saved
2026-09-02 14:22:03 | Epoch   7/100 | Train Loss 2.5658 Acc 0.8995 | Val Loss 2.3534 Acc 0.9111 AUC 0.9825 Pre 0.9136 Rec 0.9111
2026-09-02 14:22:03 |   Val AUC improved to 0.9825, model saved
2026-09-02 14:22:31 | Epoch   8/100 | Train Loss 2.1870 Acc 0.9025 | Val Loss 2.0361 Acc 0.9134 AUC 0.9834 Pre 0.9145 Rec 0.9134
2026-09-02 14:22:31 |   Val AUC improved to 0.9834, model saved
2026-09-02 14:23:00 | Epoch   9/100 | Train Loss 1.9161 Acc 0.9060 | Val Loss 1.8329 Acc 0.9153 AUC 0.9845 Pre 0.9163 Rec 0.9153
2026-09-02 14:23:00 |   Val AUC improved to 0.9845, model saved
2026-09-02 14:23:29 | Epoch  10/100 | Train Loss 1.6649 Acc 0.9087 | Val Loss 1.6122 Acc 0.9178 AUC 0.9851 Pre 0.9183 Rec 0.9178
2026-09-02 14:23:29 |   Val AUC improved to 0.9851, model saved
2026-09-02 14:23:59 | Epoch  11/100 | Train Loss 1.4798 Acc 0.9110 | Val Loss 1.4761 Acc 0.9182 AUC 0.9855 Pre 0.9183 Rec 0.9182
2026-09-02 14:23:59 |   Val AUC improved to 0.9855, model saved
2026-09-02 14:24:26 | Epoch  12/100 | Train Loss 1.3468 Acc 0.9116 | Val Loss 1.3241 Acc 0.9208 AUC 0.9862 Pre 0.9216 Rec 0.9208
2026-09-02 14:24:27 |   Val AUC improved to 0.9862, model saved
2026-09-02 14:24:58 | Epoch  13/100 | Train Loss 1.2134 Acc 0.9130 | Val Loss 1.2531 Acc 0.9196 AUC 0.9858 Pre 0.9203 Rec 0.9196
2026-09-02 14:25:30 | Epoch  14/100 | Train Loss 1.0748 Acc 0.9165 | Val Loss 1.1787 Acc 0.9214 AUC 0.9861 Pre 0.9223 Rec 0.9214
2026-09-02 14:26:02 | Epoch  15/100 | Train Loss 1.0001 Acc 0.9161 | Val Loss 1.2043 Acc 0.9191 AUC 0.9850 Pre 0.9198 Rec 0.9191
2026-09-02 14:26:31 | Epoch  16/100 | Train Loss 0.9211 Acc 0.9187 | Val Loss 1.0942 Acc 0.9213 AUC 0.9853 Pre 0.9221 Rec 0.9213
2026-09-02 14:27:00 | Epoch  17/100 | Train Loss 0.8556 Acc 0.9193 | Val Loss 1.0310 Acc 0.9208 AUC 0.9847 Pre 0.9216 Rec 0.9208
2026-09-02 14:27:30 | Epoch  18/100 | Train Loss 0.7896 Acc 0.9204 | Val Loss 0.9981 Acc 0.9224 AUC 0.9854 Pre 0.9224 Rec 0.9224
2026-09-02 14:27:58 | Epoch  19/100 | Train Loss 0.7637 Acc 0.9202 | Val Loss 0.9857 Acc 0.9192 AUC 0.9840 Pre 0.9192 Rec 0.9192
2026-09-02 14:28:23 | Epoch  20/100 | Train Loss 0.6957 Acc 0.9234 | Val Loss 0.9480 Acc 0.9224 AUC 0.9845 Pre 0.9226 Rec 0.9224
2026-09-02 14:28:48 | Epoch  21/100 | Train Loss 0.6854 Acc 0.9227 | Val Loss 0.9106 Acc 0.9214 AUC 0.9850 Pre 0.9218 Rec 0.9214
2026-09-02 14:29:10 | Epoch  22/100 | Train Loss 0.6237 Acc 0.9255 | Val Loss 0.9070 Acc 0.9213 AUC 0.9850 Pre 0.9223 Rec 0.9213
2026-09-02 14:29:10 | Val AUC did not improve for 10 consecutive epochs, early stopping at Epoch 22 (best AUC 0.9862 @ Epoch 12)
2026-09-02 14:29:15 | Run 1/5 | Test (best model @ Epoch 12) | Loss 1.3075 Acc 0.9225 AUC 0.9862 Pre 0.9233 Rec 0.9225
2026-09-02 14:29:15 | ===== Run 2/5 (seed 1) =====
2026-09-02 14:29:40 | Epoch   1/100 | Train Loss 22.4343 Acc 0.5007 | Val Loss 18.1941 Acc 0.4477 AUC 0.7114 Pre 0.6372 Rec 0.4477
2026-09-02 14:29:40 |   Val AUC improved to 0.7114, model saved
2026-09-02 14:30:10 | Epoch   2/100 | Train Loss 12.0265 Acc 0.7144 | Val Loss 5.8029 Acc 0.8871 AUC 0.9691 Pre 0.8869 Rec 0.8871
2026-09-02 14:30:10 |   Val AUC improved to 0.9691, model saved
2026-09-02 14:30:36 | Epoch   3/100 | Train Loss 5.5492 Acc 0.8786 | Val Loss 4.5727 Acc 0.8965 AUC 0.9755 Pre 0.8996 Rec 0.8965
2026-09-02 14:30:36 |   Val AUC improved to 0.9755, model saved
2026-09-02 14:31:03 | Epoch   4/100 | Train Loss 4.4776 Acc 0.8859 | Val Loss 3.8840 Acc 0.8975 AUC 0.9769 Pre 0.9018 Rec 0.8975
2026-09-02 14:31:03 |   Val AUC improved to 0.9769, model saved
2026-09-02 14:31:32 | Epoch   5/100 | Train Loss 3.7807 Acc 0.8886 | Val Loss 3.4058 Acc 0.8993 AUC 0.9784 Pre 0.9031 Rec 0.8993
2026-09-02 14:31:32 |   Val AUC improved to 0.9784, model saved
2026-09-02 14:32:00 | Epoch   6/100 | Train Loss 3.2979 Acc 0.8890 | Val Loss 2.9237 Acc 0.9052 AUC 0.9796 Pre 0.9073 Rec 0.9052
2026-09-02 14:32:00 |   Val AUC improved to 0.9796, model saved
2026-09-02 14:32:28 | Epoch   7/100 | Train Loss 2.9010 Acc 0.8892 | Val Loss 2.6392 Acc 0.9031 AUC 0.9808 Pre 0.9070 Rec 0.9031
2026-09-02 14:32:28 |   Val AUC improved to 0.9808, model saved
2026-09-02 14:32:57 | Epoch   8/100 | Train Loss 2.5594 Acc 0.8931 | Val Loss 2.2666 Acc 0.9094 AUC 0.9819 Pre 0.9109 Rec 0.9094
2026-09-02 14:32:57 |   Val AUC improved to 0.9819, model saved
2026-09-02 14:33:26 | Epoch   9/100 | Train Loss 2.2674 Acc 0.8950 | Val Loss 2.0825 Acc 0.9119 AUC 0.9824 Pre 0.9133 Rec 0.9119
2026-09-02 14:33:26 |   Val AUC improved to 0.9824, model saved
2026-09-02 14:33:54 | Epoch  10/100 | Train Loss 2.0383 Acc 0.8959 | Val Loss 1.8109 Acc 0.9139 AUC 0.9831 Pre 0.9149 Rec 0.9139
2026-09-02 14:33:54 |   Val AUC improved to 0.9831, model saved
2026-09-02 14:34:22 | Epoch  11/100 | Train Loss 1.8326 Acc 0.8973 | Val Loss 1.6713 Acc 0.9105 AUC 0.9832 Pre 0.9136 Rec 0.9105
2026-09-02 14:34:22 |   Val AUC improved to 0.9832, model saved
2026-09-02 14:34:51 | Epoch  12/100 | Train Loss 1.6499 Acc 0.8978 | Val Loss 1.4864 Acc 0.9121 AUC 0.9840 Pre 0.9148 Rec 0.9121
2026-09-02 14:34:51 |   Val AUC improved to 0.9840, model saved
2026-09-02 14:35:20 | Epoch  13/100 | Train Loss 1.4795 Acc 0.8976 | Val Loss 1.3079 Acc 0.9145 AUC 0.9850 Pre 0.9170 Rec 0.9145
2026-09-02 14:35:20 |   Val AUC improved to 0.9850, model saved
2026-09-02 14:35:49 | Epoch  14/100 | Train Loss 1.3066 Acc 0.8982 | Val Loss 1.1847 Acc 0.9146 AUC 0.9851 Pre 0.9162 Rec 0.9146
2026-09-02 14:35:49 |   Val AUC improved to 0.9851, model saved
2026-09-02 14:36:17 | Epoch  15/100 | Train Loss 1.1766 Acc 0.8972 | Val Loss 1.1020 Acc 0.9174 AUC 0.9846 Pre 0.9187 Rec 0.9174
2026-09-02 14:36:45 | Epoch  16/100 | Train Loss 1.0634 Acc 0.8978 | Val Loss 0.9666 Acc 0.9187 AUC 0.9854 Pre 0.9203 Rec 0.9187
2026-09-02 14:36:45 |   Val AUC improved to 0.9854, model saved
2026-09-02 14:37:14 | Epoch  17/100 | Train Loss 0.9778 Acc 0.8968 | Val Loss 0.8920 Acc 0.9165 AUC 0.9861 Pre 0.9198 Rec 0.9165
2026-09-02 14:37:14 |   Val AUC improved to 0.9861, model saved
2026-09-02 14:37:43 | Epoch  18/100 | Train Loss 0.9201 Acc 0.8960 | Val Loss 0.8505 Acc 0.9189 AUC 0.9858 Pre 0.9216 Rec 0.9189
2026-09-02 14:38:11 | Epoch  19/100 | Train Loss 0.8638 Acc 0.8948 | Val Loss 0.8169 Acc 0.9233 AUC 0.9857 Pre 0.9242 Rec 0.9233
2026-09-02 14:38:40 | Epoch  20/100 | Train Loss 0.8186 Acc 0.8950 | Val Loss 0.7937 Acc 0.9206 AUC 0.9862 Pre 0.9207 Rec 0.9206
2026-09-02 14:38:40 |   Val AUC improved to 0.9862, model saved
2026-09-02 14:39:10 | Epoch  21/100 | Train Loss 0.7963 Acc 0.8950 | Val Loss 0.7667 Acc 0.9170 AUC 0.9864 Pre 0.9209 Rec 0.9170
2026-09-02 14:39:10 |   Val AUC improved to 0.9864, model saved
2026-09-02 14:39:38 | Epoch  22/100 | Train Loss 0.7602 Acc 0.8946 | Val Loss 0.7320 Acc 0.9236 AUC 0.9855 Pre 0.9246 Rec 0.9236
2026-09-02 14:40:06 | Epoch  23/100 | Train Loss 0.7430 Acc 0.8950 | Val Loss 0.7170 Acc 0.9208 AUC 0.9863 Pre 0.9243 Rec 0.9208
2026-09-02 14:40:34 | Epoch  24/100 | Train Loss 0.7209 Acc 0.8941 | Val Loss 0.7219 Acc 0.9250 AUC 0.9857 Pre 0.9263 Rec 0.9250
2026-09-02 14:41:04 | Epoch  25/100 | Train Loss 0.7005 Acc 0.8937 | Val Loss 0.6965 Acc 0.9212 AUC 0.9856 Pre 0.9236 Rec 0.9212
2026-09-02 14:41:36 | Epoch  26/100 | Train Loss 0.6724 Acc 0.8963 | Val Loss 0.6909 Acc 0.9236 AUC 0.9861 Pre 0.9241 Rec 0.9236
2026-09-02 14:42:07 | Epoch  27/100 | Train Loss 0.6638 Acc 0.8958 | Val Loss 0.7206 Acc 0.9236 AUC 0.9856 Pre 0.9245 Rec 0.9236
2026-09-02 14:42:33 | Epoch  28/100 | Train Loss 0.6492 Acc 0.8959 | Val Loss 0.6860 Acc 0.9214 AUC 0.9860 Pre 0.9233 Rec 0.9214
2026-09-02 14:43:00 | Epoch  29/100 | Train Loss 0.6388 Acc 0.8967 | Val Loss 0.6910 Acc 0.9213 AUC 0.9855 Pre 0.9225 Rec 0.9213
2026-09-02 14:43:26 | Epoch  30/100 | Train Loss 0.6191 Acc 0.8981 | Val Loss 0.7004 Acc 0.9245 AUC 0.9855 Pre 0.9258 Rec 0.9245
2026-09-02 14:43:54 | Epoch  31/100 | Train Loss 0.6085 Acc 0.8986 | Val Loss 0.7177 Acc 0.9249 AUC 0.9845 Pre 0.9255 Rec 0.9249
2026-09-02 14:43:54 | Val AUC did not improve for 10 consecutive epochs, early stopping at Epoch 31 (best AUC 0.9864 @ Epoch 21)
2026-09-02 14:43:59 | Run 2/5 | Test (best model @ Epoch 21) | Loss 0.7350 Acc 0.9201 AUC 0.9872 Pre 0.9239 Rec 0.9201
2026-09-02 14:43:59 | ===== Run 3/5 (seed 2) =====
2026-09-02 14:44:25 | Epoch   1/100 | Train Loss 15.0682 Acc 0.7662 | Val Loss 8.1744 Acc 0.8758 AUC 0.9630 Pre 0.8801 Rec 0.8758
2026-09-02 14:44:25 |   Val AUC improved to 0.9630, model saved
2026-09-02 14:44:51 | Epoch   2/100 | Train Loss 7.6823 Acc 0.8680 | Val Loss 5.7178 Acc 0.8952 AUC 0.9719 Pre 0.8974 Rec 0.8952
2026-09-02 14:44:51 |   Val AUC improved to 0.9719, model saved
2026-09-02 14:45:17 | Epoch   3/100 | Train Loss 5.3130 Acc 0.8864 | Val Loss 4.5002 Acc 0.9020 AUC 0.9761 Pre 0.9038 Rec 0.9020
2026-09-02 14:45:17 |   Val AUC improved to 0.9761, model saved
2026-09-02 14:45:45 | Epoch   4/100 | Train Loss 4.3276 Acc 0.8881 | Val Loss 3.7254 Acc 0.9044 AUC 0.9781 Pre 0.9065 Rec 0.9044
2026-09-02 14:45:45 |   Val AUC improved to 0.9781, model saved
2026-09-02 14:46:14 | Epoch   5/100 | Train Loss 3.7530 Acc 0.8850 | Val Loss 3.8322 Acc 0.8856 AUC 0.9773 Pre 0.8905 Rec 0.8856
2026-09-02 14:46:42 | Epoch   6/100 | Train Loss 2.9972 Acc 0.8934 | Val Loss 2.5882 Acc 0.9097 AUC 0.9823 Pre 0.9108 Rec 0.9097
2026-09-02 14:46:42 |   Val AUC improved to 0.9823, model saved
2026-09-02 14:47:11 | Epoch   7/100 | Train Loss 2.3974 Acc 0.9010 | Val Loss 2.1997 Acc 0.9130 AUC 0.9832 Pre 0.9151 Rec 0.9130
2026-09-02 14:47:11 |   Val AUC improved to 0.9832, model saved
2026-09-02 14:47:40 | Epoch   8/100 | Train Loss 2.1004 Acc 0.9005 | Val Loss 1.8522 Acc 0.9163 AUC 0.9844 Pre 0.9169 Rec 0.9163
2026-09-02 14:47:40 |   Val AUC improved to 0.9844, model saved
2026-09-02 14:48:08 | Epoch   9/100 | Train Loss 1.9828 Acc 0.8925 | Val Loss 1.7298 Acc 0.9122 AUC 0.9838 Pre 0.9138 Rec 0.9122
2026-09-02 14:48:37 | Epoch  10/100 | Train Loss 1.6958 Acc 0.8970 | Val Loss 1.8713 Acc 0.8989 AUC 0.9800 Pre 0.8999 Rec 0.8989
2026-09-02 14:49:06 | Epoch  11/100 | Train Loss 1.5617 Acc 0.8949 | Val Loss 1.3923 Acc 0.9148 AUC 0.9836 Pre 0.9158 Rec 0.9148
2026-09-02 14:49:35 | Epoch  12/100 | Train Loss 1.3344 Acc 0.8994 | Val Loss 1.2159 Acc 0.9192 AUC 0.9854 Pre 0.9194 Rec 0.9192
2026-09-02 14:49:35 |   Val AUC improved to 0.9854, model saved
2026-09-02 14:50:03 | Epoch  13/100 | Train Loss 1.1909 Acc 0.9038 | Val Loss 1.1567 Acc 0.9156 AUC 0.9845 Pre 0.9152 Rec 0.9156
2026-09-02 14:50:27 | Epoch  14/100 | Train Loss 1.0933 Acc 0.9040 | Val Loss 1.0986 Acc 0.9178 AUC 0.9853 Pre 0.9192 Rec 0.9178
2026-09-02 14:50:55 | Epoch  15/100 | Train Loss 1.0153 Acc 0.9029 | Val Loss 1.0140 Acc 0.9187 AUC 0.9860 Pre 0.9205 Rec 0.9187
2026-09-02 14:50:55 |   Val AUC improved to 0.9860, model saved
2026-09-02 14:51:23 | Epoch  16/100 | Train Loss 0.9516 Acc 0.9029 | Val Loss 0.9232 Acc 0.9190 AUC 0.9866 Pre 0.9192 Rec 0.9190
2026-09-02 14:51:23 |   Val AUC improved to 0.9866, model saved
2026-09-02 14:51:51 | Epoch  17/100 | Train Loss 0.8777 Acc 0.9053 | Val Loss 0.8805 Acc 0.9210 AUC 0.9861 Pre 0.9209 Rec 0.9210
2026-09-02 14:52:19 | Epoch  18/100 | Train Loss 0.8357 Acc 0.9033 | Val Loss 0.8428 Acc 0.9221 AUC 0.9865 Pre 0.9222 Rec 0.9221
2026-09-02 14:52:47 | Epoch  19/100 | Train Loss 0.7779 Acc 0.9054 | Val Loss 0.8276 Acc 0.9204 AUC 0.9859 Pre 0.9209 Rec 0.9204
2026-09-02 14:53:16 | Epoch  20/100 | Train Loss 0.7497 Acc 0.9052 | Val Loss 0.8164 Acc 0.9216 AUC 0.9858 Pre 0.9220 Rec 0.9216
2026-09-02 14:53:45 | Epoch  21/100 | Train Loss 0.7181 Acc 0.9054 | Val Loss 0.7895 Acc 0.9188 AUC 0.9850 Pre 0.9193 Rec 0.9188
2026-09-02 14:54:14 | Epoch  22/100 | Train Loss 0.6929 Acc 0.9045 | Val Loss 0.7541 Acc 0.9222 AUC 0.9859 Pre 0.9221 Rec 0.9222
2026-09-02 14:54:42 | Epoch  23/100 | Train Loss 0.6729 Acc 0.9057 | Val Loss 0.7604 Acc 0.9218 AUC 0.9856 Pre 0.9221 Rec 0.9218
2026-09-02 14:55:10 | Epoch  24/100 | Train Loss 0.6315 Acc 0.9080 | Val Loss 0.7624 Acc 0.9223 AUC 0.9849 Pre 0.9225 Rec 0.9223
2026-09-02 14:55:38 | Epoch  25/100 | Train Loss 0.6245 Acc 0.9084 | Val Loss 0.7480 Acc 0.9189 AUC 0.9845 Pre 0.9193 Rec 0.9189
2026-09-02 14:56:07 | Epoch  26/100 | Train Loss 0.6155 Acc 0.9081 | Val Loss 0.7299 Acc 0.9232 AUC 0.9853 Pre 0.9236 Rec 0.9232
2026-09-02 14:56:07 | Val AUC did not improve for 10 consecutive epochs, early stopping at Epoch 26 (best AUC 0.9866 @ Epoch 16)
2026-09-02 14:56:12 | Run 3/5 | Test (best model @ Epoch 16) | Loss 0.8928 Acc 0.9237 AUC 0.9872 Pre 0.9240 Rec 0.9237
2026-09-02 14:56:12 | ===== Run 4/5 (seed 3) =====
2026-09-02 14:56:39 | Epoch   1/100 | Train Loss 23.3878 Acc 0.4497 | Val Loss 17.9385 Acc 0.4567 AUC 0.8625 Pre 0.3853 Rec 0.4567
2026-09-02 14:56:39 |   Val AUC improved to 0.8625, model saved
2026-09-02 14:57:06 | Epoch   2/100 | Train Loss 12.9497 Acc 0.6374 | Val Loss 6.8086 Acc 0.8730 AUC 0.9654 Pre 0.8757 Rec 0.8730
2026-09-02 14:57:06 |   Val AUC improved to 0.9654, model saved
2026-09-02 14:57:33 | Epoch   3/100 | Train Loss 5.6368 Acc 0.8776 | Val Loss 4.6036 Acc 0.8986 AUC 0.9728 Pre 0.8999 Rec 0.8986
2026-09-02 14:57:33 |   Val AUC improved to 0.9728, model saved
2026-09-02 14:58:00 | Epoch   4/100 | Train Loss 4.3327 Acc 0.8870 | Val Loss 3.8676 Acc 0.8935 AUC 0.9772 Pre 0.9001 Rec 0.8935
2026-09-02 14:58:00 |   Val AUC improved to 0.9772, model saved
2026-09-02 14:58:28 | Epoch   5/100 | Train Loss 3.6800 Acc 0.8891 | Val Loss 3.2045 Acc 0.9007 AUC 0.9786 Pre 0.9038 Rec 0.9007
2026-09-02 14:58:28 |   Val AUC improved to 0.9786, model saved
2026-09-02 14:58:55 | Epoch   6/100 | Train Loss 3.1367 Acc 0.8905 | Val Loss 2.8091 Acc 0.9036 AUC 0.9801 Pre 0.9081 Rec 0.9036
2026-09-02 14:58:55 |   Val AUC improved to 0.9801, model saved
2026-09-02 14:59:21 | Epoch   7/100 | Train Loss 2.7014 Acc 0.8928 | Val Loss 2.3734 Acc 0.9093 AUC 0.9801 Pre 0.9095 Rec 0.9093
2026-09-02 14:59:47 | Epoch   8/100 | Train Loss 2.3580 Acc 0.8960 | Val Loss 2.0646 Acc 0.9092 AUC 0.9828 Pre 0.9112 Rec 0.9092
2026-09-02 14:59:47 |   Val AUC improved to 0.9828, model saved
2026-09-02 15:00:14 | Epoch   9/100 | Train Loss 2.0560 Acc 0.8965 | Val Loss 1.8112 Acc 0.9127 AUC 0.9842 Pre 0.9135 Rec 0.9127
2026-09-02 15:00:14 |   Val AUC improved to 0.9842, model saved
2026-09-02 15:00:41 | Epoch  10/100 | Train Loss 1.8395 Acc 0.8991 | Val Loss 1.5785 Acc 0.9166 AUC 0.9851 Pre 0.9166 Rec 0.9166
2026-09-02 15:00:41 |   Val AUC improved to 0.9851, model saved
2026-09-02 15:01:09 | Epoch  11/100 | Train Loss 1.6408 Acc 0.9008 | Val Loss 1.4381 Acc 0.9171 AUC 0.9858 Pre 0.9172 Rec 0.9171
2026-09-02 15:01:09 |   Val AUC improved to 0.9858, model saved
2026-09-02 15:01:36 | Epoch  12/100 | Train Loss 1.4806 Acc 0.9018 | Val Loss 1.3268 Acc 0.9179 AUC 0.9856 Pre 0.9179 Rec 0.9179
2026-09-02 15:02:04 | Epoch  13/100 | Train Loss 1.3513 Acc 0.9026 | Val Loss 1.1923 Acc 0.9207 AUC 0.9860 Pre 0.9210 Rec 0.9207
2026-09-02 15:02:04 |   Val AUC improved to 0.9860, model saved
2026-09-02 15:02:32 | Epoch  14/100 | Train Loss 1.2336 Acc 0.9029 | Val Loss 1.1708 Acc 0.9178 AUC 0.9847 Pre 0.9171 Rec 0.9178
2026-09-02 15:03:01 | Epoch  15/100 | Train Loss 1.1572 Acc 0.9027 | Val Loss 1.0279 Acc 0.9226 AUC 0.9865 Pre 0.9227 Rec 0.9226
2026-09-02 15:03:01 |   Val AUC improved to 0.9865, model saved
2026-09-02 15:03:29 | Epoch  16/100 | Train Loss 1.0689 Acc 0.9026 | Val Loss 0.9850 Acc 0.9220 AUC 0.9857 Pre 0.9222 Rec 0.9220
2026-09-02 15:03:58 | Epoch  17/100 | Train Loss 1.0106 Acc 0.9021 | Val Loss 0.9407 Acc 0.9232 AUC 0.9855 Pre 0.9231 Rec 0.9232
2026-09-02 15:04:26 | Epoch  18/100 | Train Loss 0.9566 Acc 0.9001 | Val Loss 0.8920 Acc 0.9228 AUC 0.9859 Pre 0.9238 Rec 0.9228
2026-09-02 15:04:54 | Epoch  19/100 | Train Loss 0.8989 Acc 0.9021 | Val Loss 0.8486 Acc 0.9237 AUC 0.9862 Pre 0.9236 Rec 0.9237
2026-09-02 15:05:23 | Epoch  20/100 | Train Loss 0.8532 Acc 0.9014 | Val Loss 0.8140 Acc 0.9254 AUC 0.9863 Pre 0.9256 Rec 0.9254
2026-09-02 15:05:50 | Epoch  21/100 | Train Loss 0.8264 Acc 0.9001 | Val Loss 0.8090 Acc 0.9251 AUC 0.9853 Pre 0.9258 Rec 0.9251
2026-09-02 15:06:19 | Epoch  22/100 | Train Loss 0.7946 Acc 0.8998 | Val Loss 0.7691 Acc 0.9235 AUC 0.9854 Pre 0.9235 Rec 0.9235
2026-09-02 15:06:47 | Epoch  23/100 | Train Loss 0.7692 Acc 0.8988 | Val Loss 0.7995 Acc 0.9237 AUC 0.9843 Pre 0.9237 Rec 0.9237
2026-09-02 15:07:15 | Epoch  24/100 | Train Loss 0.7415 Acc 0.8995 | Val Loss 0.7403 Acc 0.9259 AUC 0.9851 Pre 0.9261 Rec 0.9259
2026-09-02 15:07:44 | Epoch  25/100 | Train Loss 0.7064 Acc 0.9008 | Val Loss 0.7102 Acc 0.9244 AUC 0.9854 Pre 0.9247 Rec 0.9244
2026-09-02 15:07:44 | Val AUC did not improve for 10 consecutive epochs, early stopping at Epoch 25 (best AUC 0.9865 @ Epoch 15)
2026-09-02 15:07:49 | Run 4/5 | Test (best model @ Epoch 15) | Loss 0.9954 Acc 0.9269 AUC 0.9872 Pre 0.9269 Rec 0.9269
2026-09-02 15:07:49 | ===== Run 5/5 (seed 4) =====
2026-09-02 15:08:19 | Epoch   1/100 | Train Loss 16.3053 Acc 0.7518 | Val Loss 9.7619 Acc 0.8440 AUC 0.9531 Pre 0.8465 Rec 0.8440
2026-09-02 15:08:19 |   Val AUC improved to 0.9531, model saved
2026-09-02 15:08:45 | Epoch   2/100 | Train Loss 7.8304 Acc 0.8587 | Val Loss 5.7276 Acc 0.8917 AUC 0.9723 Pre 0.8925 Rec 0.8917
2026-09-02 15:08:45 |   Val AUC improved to 0.9723, model saved
2026-09-02 15:09:14 | Epoch   3/100 | Train Loss 5.7009 Acc 0.8787 | Val Loss 4.6610 Acc 0.8942 AUC 0.9745 Pre 0.8944 Rec 0.8942
2026-09-02 15:09:14 |   Val AUC improved to 0.9745, model saved
2026-09-02 15:09:43 | Epoch   4/100 | Train Loss 4.6677 Acc 0.8803 | Val Loss 3.8003 Acc 0.8961 AUC 0.9769 Pre 0.8997 Rec 0.8961
2026-09-02 15:09:43 |   Val AUC improved to 0.9769, model saved
2026-09-02 15:10:11 | Epoch   5/100 | Train Loss 3.4408 Acc 0.8920 | Val Loss 2.9518 Acc 0.9049 AUC 0.9812 Pre 0.9069 Rec 0.9049
2026-09-02 15:10:11 |   Val AUC improved to 0.9812, model saved
2026-09-02 15:10:40 | Epoch   6/100 | Train Loss 2.8129 Acc 0.8959 | Val Loss 2.5295 Acc 0.9072 AUC 0.9825 Pre 0.9100 Rec 0.9072
2026-09-02 15:10:40 |   Val AUC improved to 0.9825, model saved
2026-09-02 15:11:09 | Epoch   7/100 | Train Loss 2.3738 Acc 0.8996 | Val Loss 2.1323 Acc 0.9115 AUC 0.9830 Pre 0.9134 Rec 0.9115
2026-09-02 15:11:09 |   Val AUC improved to 0.9830, model saved
2026-09-02 15:11:37 | Epoch   8/100 | Train Loss 2.0577 Acc 0.9018 | Val Loss 1.8606 Acc 0.9136 AUC 0.9839 Pre 0.9156 Rec 0.9136
2026-09-02 15:11:37 |   Val AUC improved to 0.9839, model saved
2026-09-02 15:12:06 | Epoch   9/100 | Train Loss 1.7817 Acc 0.9030 | Val Loss 1.6192 Acc 0.9162 AUC 0.9855 Pre 0.9166 Rec 0.9162
2026-09-02 15:12:06 |   Val AUC improved to 0.9855, model saved
2026-09-02 15:12:34 | Epoch  10/100 | Train Loss 1.5854 Acc 0.9051 | Val Loss 1.4485 Acc 0.9180 AUC 0.9861 Pre 0.9181 Rec 0.9180
2026-09-02 15:12:34 |   Val AUC improved to 0.9861, model saved
2026-09-02 15:13:03 | Epoch  11/100 | Train Loss 1.4017 Acc 0.9079 | Val Loss 1.3050 Acc 0.9211 AUC 0.9865 Pre 0.9214 Rec 0.9211
2026-09-02 15:13:03 |   Val AUC improved to 0.9865, model saved
2026-09-02 15:13:30 | Epoch  12/100 | Train Loss 1.2661 Acc 0.9078 | Val Loss 1.2380 Acc 0.9220 AUC 0.9867 Pre 0.9231 Rec 0.9220
2026-09-02 15:13:30 |   Val AUC improved to 0.9867, model saved
2026-09-02 15:13:57 | Epoch  13/100 | Train Loss 1.1618 Acc 0.9091 | Val Loss 1.1037 Acc 0.9225 AUC 0.9865 Pre 0.9234 Rec 0.9225
2026-09-02 15:14:23 | Epoch  14/100 | Train Loss 1.0635 Acc 0.9098 | Val Loss 1.0610 Acc 0.9234 AUC 0.9865 Pre 0.9240 Rec 0.9234
2026-09-02 15:14:52 | Epoch  15/100 | Train Loss 0.9607 Acc 0.9116 | Val Loss 1.0154 Acc 0.9180 AUC 0.9864 Pre 0.9194 Rec 0.9180
2026-09-02 15:15:20 | Epoch  16/100 | Train Loss 0.9111 Acc 0.9107 | Val Loss 0.9610 Acc 0.9205 AUC 0.9856 Pre 0.9202 Rec 0.9205
2026-09-02 15:15:47 | Epoch  17/100 | Train Loss 0.8845 Acc 0.9071 | Val Loss 0.8983 Acc 0.9225 AUC 0.9861 Pre 0.9226 Rec 0.9225
2026-09-02 15:16:15 | Epoch  18/100 | Train Loss 0.8080 Acc 0.9108 | Val Loss 0.8234 Acc 0.9262 AUC 0.9869 Pre 0.9261 Rec 0.9262
2026-09-02 15:16:15 |   Val AUC improved to 0.9869, model saved
2026-09-02 15:16:42 | Epoch  19/100 | Train Loss 0.7525 Acc 0.9120 | Val Loss 0.8575 Acc 0.9237 AUC 0.9864 Pre 0.9244 Rec 0.9237
2026-09-02 15:17:09 | Epoch  20/100 | Train Loss 0.7176 Acc 0.9114 | Val Loss 0.8433 Acc 0.9225 AUC 0.9857 Pre 0.9233 Rec 0.9225
2026-09-02 15:17:37 | Epoch  21/100 | Train Loss 0.6879 Acc 0.9119 | Val Loss 0.7942 Acc 0.9219 AUC 0.9857 Pre 0.9229 Rec 0.9219
2026-09-02 15:18:06 | Epoch  22/100 | Train Loss 0.6509 Acc 0.9139 | Val Loss 0.7943 Acc 0.9254 AUC 0.9857 Pre 0.9255 Rec 0.9254
2026-09-02 15:18:34 | Epoch  23/100 | Train Loss 0.6398 Acc 0.9127 | Val Loss 0.7858 Acc 0.9231 AUC 0.9846 Pre 0.9232 Rec 0.9231
2026-09-02 15:19:01 | Epoch  24/100 | Train Loss 0.6142 Acc 0.9146 | Val Loss 0.7593 Acc 0.9239 AUC 0.9849 Pre 0.9237 Rec 0.9239
2026-09-02 15:19:30 | Epoch  25/100 | Train Loss 0.5908 Acc 0.9160 | Val Loss 0.7732 Acc 0.9250 AUC 0.9846 Pre 0.9252 Rec 0.9250
2026-09-02 15:19:58 | Epoch  26/100 | Train Loss 0.5766 Acc 0.9160 | Val Loss 0.7563 Acc 0.9245 AUC 0.9836 Pre 0.9242 Rec 0.9245
2026-09-02 15:20:24 | Epoch  27/100 | Train Loss 0.5541 Acc 0.9180 | Val Loss 0.7634 Acc 0.9212 AUC 0.9851 Pre 0.9226 Rec 0.9212
2026-09-02 15:20:50 | Epoch  28/100 | Train Loss 0.5492 Acc 0.9173 | Val Loss 0.7331 Acc 0.9238 AUC 0.9845 Pre 0.9240 Rec 0.9238
2026-09-02 15:20:50 | Val AUC did not improve for 10 consecutive epochs, early stopping at Epoch 28 (best AUC 0.9869 @ Epoch 18)
2026-09-02 15:20:55 | Run 5/5 | Test (best model @ Epoch 18) | Loss 0.8094 Acc 0.9284 AUC 0.9874 Pre 0.9283 Rec 0.9284
2026-09-02 15:20:55 | Average over 5 runs | Test Loss 0.9480±0.2231 Acc 0.9243±0.0033 AUC 0.9870±0.0005 Pre 0.9253±0.0022 Rec 0.9243±0.0033
