2026-08-26 21:13:58 | Device: cuda
2026-08-26 21:13:58 | Args: {'model': 'fgib', 'backbone': 'mlp', 'task': 'housing', 'epochs': 100, 'batch_size': 512, 'lr': 0.001, 'hidden_dims': [512, 256], 'dropout': 0.2, 'z_dim': 256, 'anchor_scale': 8.0, 'max_len': 250, 'random_labels': False, 'beta': 0.0001, 'patience': 10, 'runs': 5, 'seed': 0, 'data_dir': './data', 'save_path': 'output/california_mlp_fgib/california_mlp_fgib.pt', 'log_path': '/root/autodl-tmp/FGIB/tune_results/california_mlp_fgib_beta_0.0001_anchor_8/train.log', 'no_save': True}
2026-08-26 21:13:58 | ===== Run 1/5 (seed 0) =====
2026-08-26 21:14:00 | Epoch   1/100 | Train Loss 0.0775 | Val Loss 0.0546 MAE 0.5969 R2 0.1121
2026-08-26 21:14:00 |   Val R2 improved to 0.1121, model saved
2026-08-26 21:14:00 | Epoch   2/100 | Train Loss 0.0298 | Val Loss 0.0449 MAE 0.4979 R2 0.2767
2026-08-26 21:14:00 |   Val R2 improved to 0.2767, model saved
2026-08-26 21:14:00 | Epoch   3/100 | Train Loss 0.0252 | Val Loss 0.0693 MAE 0.4692 R2 -0.1448
2026-08-26 21:14:00 | Epoch   4/100 | Train Loss 0.0288 | Val Loss 0.0313 MAE 0.4465 R2 0.5043
2026-08-26 21:14:00 |   Val R2 improved to 0.5043, model saved
2026-08-26 21:14:01 | Epoch   5/100 | Train Loss 0.0225 | Val Loss 0.0234 MAE 0.4348 R2 0.6370
2026-08-26 21:14:01 |   Val R2 improved to 0.6370, model saved
2026-08-26 21:14:01 | Epoch   6/100 | Train Loss 0.0205 | Val Loss 0.0184 MAE 0.4227 R2 0.7239
2026-08-26 21:14:01 |   Val R2 improved to 0.7239, model saved
2026-08-26 21:14:01 | Epoch   7/100 | Train Loss 0.0207 | Val Loss 0.0185 MAE 0.4300 R2 0.7199
2026-08-26 21:14:01 | Epoch   8/100 | Train Loss 0.0196 | Val Loss 0.0172 MAE 0.4208 R2 0.7397
2026-08-26 21:14:01 |   Val R2 improved to 0.7397, model saved
2026-08-26 21:14:01 | Epoch   9/100 | Train Loss 0.0195 | Val Loss 0.0180 MAE 0.4163 R2 0.7240
2026-08-26 21:14:02 | Epoch  10/100 | Train Loss 0.0186 | Val Loss 0.0167 MAE 0.4063 R2 0.7457
2026-08-26 21:14:02 |   Val R2 improved to 0.7457, model saved
2026-08-26 21:14:02 | Epoch  11/100 | Train Loss 0.0185 | Val Loss 0.0169 MAE 0.4019 R2 0.7426
2026-08-26 21:14:02 | Epoch  12/100 | Train Loss 0.0188 | Val Loss 0.0182 MAE 0.4137 R2 0.7207
2026-08-26 21:14:03 | Epoch  13/100 | Train Loss 0.0195 | Val Loss 0.0193 MAE 0.4042 R2 0.7018
2026-08-26 21:14:03 | Epoch  14/100 | Train Loss 0.0180 | Val Loss 0.0160 MAE 0.3990 R2 0.7566
2026-08-26 21:14:03 |   Val R2 improved to 0.7566, model saved
2026-08-26 21:14:03 | Epoch  15/100 | Train Loss 0.0176 | Val Loss 0.0174 MAE 0.4055 R2 0.7320
2026-08-26 21:14:03 | Epoch  16/100 | Train Loss 0.0177 | Val Loss 0.0179 MAE 0.4095 R2 0.7234
2026-08-26 21:14:04 | Epoch  17/100 | Train Loss 0.0176 | Val Loss 0.0161 MAE 0.3964 R2 0.7542
2026-08-26 21:14:04 | Epoch  18/100 | Train Loss 0.0171 | Val Loss 0.0154 MAE 0.3916 R2 0.7665
2026-08-26 21:14:04 |   Val R2 improved to 0.7665, model saved
2026-08-26 21:14:04 | Epoch  19/100 | Train Loss 0.0170 | Val Loss 0.0167 MAE 0.3993 R2 0.7437
2026-08-26 21:14:04 | Epoch  20/100 | Train Loss 0.0167 | Val Loss 0.0161 MAE 0.3951 R2 0.7541
2026-08-26 21:14:04 | Epoch  21/100 | Train Loss 0.0170 | Val Loss 0.0173 MAE 0.3966 R2 0.7328
2026-08-26 21:14:05 | Epoch  22/100 | Train Loss 0.0166 | Val Loss 0.0172 MAE 0.3897 R2 0.7337
2026-08-26 21:14:05 | Epoch  23/100 | Train Loss 0.0167 | Val Loss 0.0165 MAE 0.3871 R2 0.7461
2026-08-26 21:14:05 | Epoch  24/100 | Train Loss 0.0168 | Val Loss 0.0153 MAE 0.3834 R2 0.7664
2026-08-26 21:14:05 | Epoch  25/100 | Train Loss 0.0161 | Val Loss 0.0154 MAE 0.3873 R2 0.7642
2026-08-26 21:14:05 | Epoch  26/100 | Train Loss 0.0161 | Val Loss 0.0160 MAE 0.3892 R2 0.7552
2026-08-26 21:14:06 | Epoch  27/100 | Train Loss 0.0162 | Val Loss 0.0145 MAE 0.3830 R2 0.7808
2026-08-26 21:14:06 |   Val R2 improved to 0.7808, model saved
2026-08-26 21:14:06 | Epoch  28/100 | Train Loss 0.0185 | Val Loss 0.0147 MAE 0.3785 R2 0.7774
2026-08-26 21:14:06 | Epoch  29/100 | Train Loss 0.0164 | Val Loss 0.0173 MAE 0.4078 R2 0.7322
2026-08-26 21:14:06 | Epoch  30/100 | Train Loss 0.0163 | Val Loss 0.0150 MAE 0.3768 R2 0.7709
2026-08-26 21:14:07 | Epoch  31/100 | Train Loss 0.0156 | Val Loss 0.0146 MAE 0.3763 R2 0.7776
2026-08-26 21:14:07 | Epoch  32/100 | Train Loss 0.0156 | Val Loss 0.0153 MAE 0.3806 R2 0.7671
2026-08-26 21:14:07 | Epoch  33/100 | Train Loss 0.0156 | Val Loss 0.0146 MAE 0.3888 R2 0.7787
2026-08-26 21:14:07 | Epoch  34/100 | Train Loss 0.0157 | Val Loss 0.0146 MAE 0.3742 R2 0.7773
2026-08-26 21:14:08 | Epoch  35/100 | Train Loss 0.0154 | Val Loss 0.0142 MAE 0.3726 R2 0.7853
2026-08-26 21:14:08 |   Val R2 improved to 0.7853, model saved
2026-08-26 21:14:08 | Epoch  36/100 | Train Loss 0.0153 | Val Loss 0.0146 MAE 0.3739 R2 0.7782
2026-08-26 21:14:09 | Epoch  37/100 | Train Loss 0.0151 | Val Loss 0.0154 MAE 0.3865 R2 0.7631
2026-08-26 21:14:09 | Epoch  38/100 | Train Loss 0.0152 | Val Loss 0.0141 MAE 0.3704 R2 0.7867
2026-08-26 21:14:09 |   Val R2 improved to 0.7867, model saved
2026-08-26 21:14:09 | Epoch  39/100 | Train Loss 0.0151 | Val Loss 0.0148 MAE 0.3755 R2 0.7752
2026-08-26 21:14:09 | Epoch  40/100 | Train Loss 0.0150 | Val Loss 0.0151 MAE 0.3751 R2 0.7693
2026-08-26 21:14:10 | Epoch  41/100 | Train Loss 0.0149 | Val Loss 0.0142 MAE 0.3712 R2 0.7841
2026-08-26 21:14:10 | Epoch  42/100 | Train Loss 0.0149 | Val Loss 0.0142 MAE 0.3681 R2 0.7839
2026-08-26 21:14:10 | Epoch  43/100 | Train Loss 0.0147 | Val Loss 0.0141 MAE 0.3714 R2 0.7862
2026-08-26 21:14:10 | Epoch  44/100 | Train Loss 0.0147 | Val Loss 0.0141 MAE 0.3726 R2 0.7851
2026-08-26 21:14:11 | Epoch  45/100 | Train Loss 0.0146 | Val Loss 0.0140 MAE 0.3647 R2 0.7868
2026-08-26 21:14:11 |   Val R2 improved to 0.7868, model saved
2026-08-26 21:14:11 | Epoch  46/100 | Train Loss 0.0145 | Val Loss 0.0148 MAE 0.3748 R2 0.7745
2026-08-26 21:14:11 | Epoch  47/100 | Train Loss 0.0146 | Val Loss 0.0137 MAE 0.3657 R2 0.7917
2026-08-26 21:14:11 |   Val R2 improved to 0.7917, model saved
2026-08-26 21:14:11 | Epoch  48/100 | Train Loss 0.0144 | Val Loss 0.0145 MAE 0.3713 R2 0.7783
2026-08-26 21:14:11 | Epoch  49/100 | Train Loss 0.0145 | Val Loss 0.0138 MAE 0.3688 R2 0.7914
2026-08-26 21:14:12 | Epoch  50/100 | Train Loss 0.0144 | Val Loss 0.0141 MAE 0.3692 R2 0.7862
2026-08-26 21:14:12 | Epoch  51/100 | Train Loss 0.0144 | Val Loss 0.0148 MAE 0.3776 R2 0.7740
2026-08-26 21:14:12 | Epoch  52/100 | Train Loss 0.0146 | Val Loss 0.0139 MAE 0.3656 R2 0.7896
2026-08-26 21:14:12 | Epoch  53/100 | Train Loss 0.0145 | Val Loss 0.0139 MAE 0.3666 R2 0.7881
2026-08-26 21:14:12 | Epoch  54/100 | Train Loss 0.0142 | Val Loss 0.0139 MAE 0.3637 R2 0.7893
2026-08-26 21:14:13 | Epoch  55/100 | Train Loss 0.0143 | Val Loss 0.0137 MAE 0.3633 R2 0.7929
2026-08-26 21:14:13 |   Val R2 improved to 0.7929, model saved
2026-08-26 21:14:13 | Epoch  56/100 | Train Loss 0.0140 | Val Loss 0.0139 MAE 0.3640 R2 0.7888
2026-08-26 21:14:13 | Epoch  57/100 | Train Loss 0.0141 | Val Loss 0.0137 MAE 0.3628 R2 0.7916
2026-08-26 21:14:13 | Epoch  58/100 | Train Loss 0.0141 | Val Loss 0.0137 MAE 0.3620 R2 0.7916
2026-08-26 21:14:14 | Epoch  59/100 | Train Loss 0.0139 | Val Loss 0.0137 MAE 0.3629 R2 0.7913
2026-08-26 21:14:14 | Epoch  60/100 | Train Loss 0.0140 | Val Loss 0.0134 MAE 0.3607 R2 0.7962
2026-08-26 21:14:14 |   Val R2 improved to 0.7962, model saved
2026-08-26 21:14:14 | Epoch  61/100 | Train Loss 0.0139 | Val Loss 0.0136 MAE 0.3597 R2 0.7928
2026-08-26 21:14:14 | Epoch  62/100 | Train Loss 0.0139 | Val Loss 0.0137 MAE 0.3623 R2 0.7915
2026-08-26 21:14:14 | Epoch  63/100 | Train Loss 0.0138 | Val Loss 0.0135 MAE 0.3628 R2 0.7945
2026-08-26 21:14:15 | Epoch  64/100 | Train Loss 0.0139 | Val Loss 0.0137 MAE 0.3603 R2 0.7921
2026-08-26 21:14:15 | Epoch  65/100 | Train Loss 0.0139 | Val Loss 0.0137 MAE 0.3658 R2 0.7912
2026-08-26 21:14:15 | Epoch  66/100 | Train Loss 0.0136 | Val Loss 0.0134 MAE 0.3605 R2 0.7959
2026-08-26 21:14:15 | Epoch  67/100 | Train Loss 0.0136 | Val Loss 0.0135 MAE 0.3570 R2 0.7958
2026-08-26 21:14:15 | Epoch  68/100 | Train Loss 0.0138 | Val Loss 0.0142 MAE 0.3651 R2 0.7831
2026-08-26 21:14:16 | Epoch  69/100 | Train Loss 0.0138 | Val Loss 0.0136 MAE 0.3591 R2 0.7927
2026-08-26 21:14:16 | Epoch  70/100 | Train Loss 0.0136 | Val Loss 0.0138 MAE 0.3620 R2 0.7906
2026-08-26 21:14:16 | Val R2 did not improve for 10 consecutive epochs, early stopping at Epoch 70 (best R2 0.7962 @ Epoch 60)
2026-08-26 21:14:16 | Run 1/5 | Test (best model @ Epoch 60) | Loss 0.0135 MAE 0.3605 R2 0.7857
2026-08-26 21:14:16 | ===== Run 2/5 (seed 1) =====
2026-08-26 21:14:16 | Epoch   1/100 | Train Loss 0.0647 | Val Loss 0.1774 MAE 0.5692 R2 -1.9898
2026-08-26 21:14:16 |   Val R2 improved to -1.9898, model saved
2026-08-26 21:14:16 | Epoch   2/100 | Train Loss 0.0462 | Val Loss 0.0573 MAE 0.5095 R2 0.0623
2026-08-26 21:14:16 |   Val R2 improved to 0.0623, model saved
2026-08-26 21:14:16 | Epoch   3/100 | Train Loss 0.0382 | Val Loss 0.0253 MAE 0.4603 R2 0.6070
2026-08-26 21:14:16 |   Val R2 improved to 0.6070, model saved
2026-08-26 21:14:17 | Epoch   4/100 | Train Loss 0.0228 | Val Loss 0.0298 MAE 0.4430 R2 0.5278
2026-08-26 21:14:17 | Epoch   5/100 | Train Loss 0.0236 | Val Loss 0.0239 MAE 0.4446 R2 0.6253
2026-08-26 21:14:17 |   Val R2 improved to 0.6253, model saved
2026-08-26 21:14:17 | Epoch   6/100 | Train Loss 0.0213 | Val Loss 0.0187 MAE 0.4323 R2 0.7141
2026-08-26 21:14:17 |   Val R2 improved to 0.7141, model saved
2026-08-26 21:14:17 | Epoch   7/100 | Train Loss 0.0207 | Val Loss 0.0300 MAE 0.4377 R2 0.5196
2026-08-26 21:14:17 | Epoch   8/100 | Train Loss 0.0200 | Val Loss 0.0183 MAE 0.4189 R2 0.7199
2026-08-26 21:14:17 |   Val R2 improved to 0.7199, model saved
2026-08-26 21:14:17 | Epoch   9/100 | Train Loss 0.0192 | Val Loss 0.0182 MAE 0.4265 R2 0.7208
2026-08-26 21:14:17 |   Val R2 improved to 0.7208, model saved
2026-08-26 21:14:18 | Epoch  10/100 | Train Loss 0.0192 | Val Loss 0.0185 MAE 0.4199 R2 0.7138
2026-08-26 21:14:18 | Epoch  11/100 | Train Loss 0.0191 | Val Loss 0.0225 MAE 0.4139 R2 0.6455
2026-08-26 21:14:18 | Epoch  12/100 | Train Loss 0.0209 | Val Loss 0.0172 MAE 0.4161 R2 0.7366
2026-08-26 21:14:18 |   Val R2 improved to 0.7366, model saved
2026-08-26 21:14:18 | Epoch  13/100 | Train Loss 0.0184 | Val Loss 0.0185 MAE 0.4035 R2 0.7133
2026-08-26 21:14:18 | Epoch  14/100 | Train Loss 0.0188 | Val Loss 0.0290 MAE 0.4177 R2 0.5336
2026-08-26 21:14:18 | Epoch  15/100 | Train Loss 0.0195 | Val Loss 0.0164 MAE 0.3976 R2 0.7493
2026-08-26 21:14:18 |   Val R2 improved to 0.7493, model saved
2026-08-26 21:14:19 | Epoch  16/100 | Train Loss 0.0201 | Val Loss 0.0213 MAE 0.4071 R2 0.6656
2026-08-26 21:14:19 | Epoch  17/100 | Train Loss 0.0179 | Val Loss 0.0163 MAE 0.3990 R2 0.7496
2026-08-26 21:14:19 |   Val R2 improved to 0.7496, model saved
2026-08-26 21:14:19 | Epoch  18/100 | Train Loss 0.0175 | Val Loss 0.0154 MAE 0.3891 R2 0.7654
2026-08-26 21:14:19 |   Val R2 improved to 0.7654, model saved
2026-08-26 21:14:19 | Epoch  19/100 | Train Loss 0.0170 | Val Loss 0.0166 MAE 0.3962 R2 0.7455
2026-08-26 21:14:20 | Epoch  20/100 | Train Loss 0.0172 | Val Loss 0.0153 MAE 0.3913 R2 0.7665
2026-08-26 21:14:20 |   Val R2 improved to 0.7665, model saved
2026-08-26 21:14:20 | Epoch  21/100 | Train Loss 0.0170 | Val Loss 0.0151 MAE 0.3879 R2 0.7698
2026-08-26 21:14:20 |   Val R2 improved to 0.7698, model saved
2026-08-26 21:14:20 | Epoch  22/100 | Train Loss 0.0167 | Val Loss 0.0164 MAE 0.3962 R2 0.7482
2026-08-26 21:14:20 | Epoch  23/100 | Train Loss 0.0165 | Val Loss 0.0161 MAE 0.3926 R2 0.7525
2026-08-26 21:14:20 | Epoch  24/100 | Train Loss 0.0165 | Val Loss 0.0149 MAE 0.3895 R2 0.7738
2026-08-26 21:14:20 |   Val R2 improved to 0.7738, model saved
2026-08-26 21:14:21 | Epoch  25/100 | Train Loss 0.0165 | Val Loss 0.0160 MAE 0.3828 R2 0.7535
2026-08-26 21:14:21 | Epoch  26/100 | Train Loss 0.0163 | Val Loss 0.0161 MAE 0.3830 R2 0.7520
2026-08-26 21:14:21 | Epoch  27/100 | Train Loss 0.0160 | Val Loss 0.0167 MAE 0.3879 R2 0.7426
2026-08-26 21:14:21 | Epoch  28/100 | Train Loss 0.0162 | Val Loss 0.0150 MAE 0.3797 R2 0.7712
2026-08-26 21:14:21 | Epoch  29/100 | Train Loss 0.0161 | Val Loss 0.0155 MAE 0.3862 R2 0.7620
2026-08-26 21:14:22 | Epoch  30/100 | Train Loss 0.0159 | Val Loss 0.0149 MAE 0.3759 R2 0.7729
2026-08-26 21:14:22 | Epoch  31/100 | Train Loss 0.0158 | Val Loss 0.0149 MAE 0.3786 R2 0.7722
2026-08-26 21:14:22 | Epoch  32/100 | Train Loss 0.0153 | Val Loss 0.0145 MAE 0.3754 R2 0.7795
2026-08-26 21:14:22 |   Val R2 improved to 0.7795, model saved
2026-08-26 21:14:22 | Epoch  33/100 | Train Loss 0.0154 | Val Loss 0.0152 MAE 0.3820 R2 0.7668
2026-08-26 21:14:22 | Epoch  34/100 | Train Loss 0.0154 | Val Loss 0.0146 MAE 0.3788 R2 0.7772
2026-08-26 21:14:22 | Epoch  35/100 | Train Loss 0.0153 | Val Loss 0.0144 MAE 0.3730 R2 0.7812
2026-08-26 21:14:22 |   Val R2 improved to 0.7812, model saved
2026-08-26 21:14:23 | Epoch  36/100 | Train Loss 0.0152 | Val Loss 0.0147 MAE 0.3770 R2 0.7760
2026-08-26 21:14:23 | Epoch  37/100 | Train Loss 0.0154 | Val Loss 0.0142 MAE 0.3773 R2 0.7845
2026-08-26 21:14:23 |   Val R2 improved to 0.7845, model saved
2026-08-26 21:14:23 | Epoch  38/100 | Train Loss 0.0153 | Val Loss 0.0160 MAE 0.3979 R2 0.7529
2026-08-26 21:14:23 | Epoch  39/100 | Train Loss 0.0152 | Val Loss 0.0146 MAE 0.3744 R2 0.7778
2026-08-26 21:14:24 | Epoch  40/100 | Train Loss 0.0149 | Val Loss 0.0141 MAE 0.3749 R2 0.7858
2026-08-26 21:14:24 |   Val R2 improved to 0.7858, model saved
2026-08-26 21:14:24 | Epoch  41/100 | Train Loss 0.0148 | Val Loss 0.0140 MAE 0.3685 R2 0.7873
2026-08-26 21:14:24 |   Val R2 improved to 0.7873, model saved
2026-08-26 21:14:24 | Epoch  42/100 | Train Loss 0.0147 | Val Loss 0.0144 MAE 0.3755 R2 0.7806
2026-08-26 21:14:24 | Epoch  43/100 | Train Loss 0.0146 | Val Loss 0.0143 MAE 0.3715 R2 0.7821
2026-08-26 21:14:24 | Epoch  44/100 | Train Loss 0.0148 | Val Loss 0.0140 MAE 0.3661 R2 0.7864
2026-08-26 21:14:25 | Epoch  45/100 | Train Loss 0.0149 | Val Loss 0.0144 MAE 0.3654 R2 0.7806
2026-08-26 21:14:25 | Epoch  46/100 | Train Loss 0.0146 | Val Loss 0.0143 MAE 0.3686 R2 0.7822
2026-08-26 21:14:25 | Epoch  47/100 | Train Loss 0.0147 | Val Loss 0.0156 MAE 0.3844 R2 0.7603
2026-08-26 21:14:25 | Epoch  48/100 | Train Loss 0.0147 | Val Loss 0.0146 MAE 0.3697 R2 0.7765
2026-08-26 21:14:25 | Epoch  49/100 | Train Loss 0.0144 | Val Loss 0.0137 MAE 0.3645 R2 0.7918
2026-08-26 21:14:25 |   Val R2 improved to 0.7918, model saved
2026-08-26 21:14:26 | Epoch  50/100 | Train Loss 0.0145 | Val Loss 0.0142 MAE 0.3665 R2 0.7824
2026-08-26 21:14:26 | Epoch  51/100 | Train Loss 0.0144 | Val Loss 0.0135 MAE 0.3625 R2 0.7947
2026-08-26 21:14:26 |   Val R2 improved to 0.7947, model saved
2026-08-26 21:14:26 | Epoch  52/100 | Train Loss 0.0141 | Val Loss 0.0138 MAE 0.3641 R2 0.7901
2026-08-26 21:14:26 | Epoch  53/100 | Train Loss 0.0144 | Val Loss 0.0145 MAE 0.3701 R2 0.7788
2026-08-26 21:14:26 | Epoch  54/100 | Train Loss 0.0145 | Val Loss 0.0146 MAE 0.3658 R2 0.7776
2026-08-26 21:14:26 | Epoch  55/100 | Train Loss 0.0143 | Val Loss 0.0166 MAE 0.3742 R2 0.7416
2026-08-26 21:14:27 | Epoch  56/100 | Train Loss 0.0144 | Val Loss 0.0164 MAE 0.3831 R2 0.7462
2026-08-26 21:14:27 | Epoch  57/100 | Train Loss 0.0146 | Val Loss 0.0139 MAE 0.3612 R2 0.7874
2026-08-26 21:14:27 | Epoch  58/100 | Train Loss 0.0142 | Val Loss 0.0139 MAE 0.3636 R2 0.7880
2026-08-26 21:14:27 | Epoch  59/100 | Train Loss 0.0139 | Val Loss 0.0146 MAE 0.3795 R2 0.7764
2026-08-26 21:14:27 | Epoch  60/100 | Train Loss 0.0142 | Val Loss 0.0141 MAE 0.3764 R2 0.7840
2026-08-26 21:14:27 | Epoch  61/100 | Train Loss 0.0142 | Val Loss 0.0141 MAE 0.3670 R2 0.7843
2026-08-26 21:14:27 | Val R2 did not improve for 10 consecutive epochs, early stopping at Epoch 61 (best R2 0.7947 @ Epoch 51)
2026-08-26 21:14:27 | Run 2/5 | Test (best model @ Epoch 51) | Loss 0.0136 MAE 0.3613 R2 0.7837
2026-08-26 21:14:27 | ===== Run 3/5 (seed 2) =====
2026-08-26 21:14:28 | Epoch   1/100 | Train Loss 0.0674 | Val Loss 0.0405 MAE 0.5912 R2 0.3516
2026-08-26 21:14:28 |   Val R2 improved to 0.3516, model saved
2026-08-26 21:14:28 | Epoch   2/100 | Train Loss 0.0289 | Val Loss 0.0236 MAE 0.4753 R2 0.6376
2026-08-26 21:14:28 |   Val R2 improved to 0.6376, model saved
2026-08-26 21:14:28 | Epoch   3/100 | Train Loss 0.0244 | Val Loss 0.0210 MAE 0.4512 R2 0.6800
2026-08-26 21:14:28 |   Val R2 improved to 0.6800, model saved
2026-08-26 21:14:28 | Epoch   4/100 | Train Loss 0.0223 | Val Loss 0.0217 MAE 0.4420 R2 0.6658
2026-08-26 21:14:28 | Epoch   5/100 | Train Loss 0.0217 | Val Loss 0.0214 MAE 0.4611 R2 0.6698
2026-08-26 21:14:29 | Epoch   6/100 | Train Loss 0.0216 | Val Loss 0.0196 MAE 0.4355 R2 0.6996
2026-08-26 21:14:29 |   Val R2 improved to 0.6996, model saved
2026-08-26 21:14:29 | Epoch   7/100 | Train Loss 0.0206 | Val Loss 0.0188 MAE 0.4299 R2 0.7124
2026-08-26 21:14:29 |   Val R2 improved to 0.7124, model saved
2026-08-26 21:14:29 | Epoch   8/100 | Train Loss 0.0197 | Val Loss 0.0185 MAE 0.4284 R2 0.7160
2026-08-26 21:14:29 |   Val R2 improved to 0.7160, model saved
2026-08-26 21:14:29 | Epoch   9/100 | Train Loss 0.0193 | Val Loss 0.0168 MAE 0.4151 R2 0.7447
2026-08-26 21:14:29 |   Val R2 improved to 0.7447, model saved
2026-08-26 21:14:29 | Epoch  10/100 | Train Loss 0.0192 | Val Loss 0.0168 MAE 0.4123 R2 0.7455
2026-08-26 21:14:29 |   Val R2 improved to 0.7455, model saved
2026-08-26 21:14:30 | Epoch  11/100 | Train Loss 0.0187 | Val Loss 0.0183 MAE 0.4164 R2 0.7204
2026-08-26 21:14:30 | Epoch  12/100 | Train Loss 0.0190 | Val Loss 0.0179 MAE 0.4204 R2 0.7251
2026-08-26 21:14:30 | Epoch  13/100 | Train Loss 0.0183 | Val Loss 0.0170 MAE 0.4065 R2 0.7390
2026-08-26 21:14:30 | Epoch  14/100 | Train Loss 0.0184 | Val Loss 0.0172 MAE 0.4105 R2 0.7356
2026-08-26 21:14:30 | Epoch  15/100 | Train Loss 0.0185 | Val Loss 0.0162 MAE 0.3987 R2 0.7533
2026-08-26 21:14:30 |   Val R2 improved to 0.7533, model saved
2026-08-26 21:14:31 | Epoch  16/100 | Train Loss 0.0175 | Val Loss 0.0163 MAE 0.4011 R2 0.7506
2026-08-26 21:14:31 | Epoch  17/100 | Train Loss 0.0171 | Val Loss 0.0170 MAE 0.3929 R2 0.7395
2026-08-26 21:14:31 | Epoch  18/100 | Train Loss 0.0172 | Val Loss 0.0164 MAE 0.3936 R2 0.7481
2026-08-26 21:14:31 | Epoch  19/100 | Train Loss 0.0176 | Val Loss 0.0207 MAE 0.3942 R2 0.6788
2026-08-26 21:14:31 | Epoch  20/100 | Train Loss 0.0174 | Val Loss 0.0158 MAE 0.3935 R2 0.7588
2026-08-26 21:14:31 |   Val R2 improved to 0.7588, model saved
2026-08-26 21:14:32 | Epoch  21/100 | Train Loss 0.0173 | Val Loss 0.0157 MAE 0.3918 R2 0.7600
2026-08-26 21:14:32 |   Val R2 improved to 0.7600, model saved
2026-08-26 21:14:32 | Epoch  22/100 | Train Loss 0.0175 | Val Loss 0.0163 MAE 0.3979 R2 0.7511
2026-08-26 21:14:32 | Epoch  23/100 | Train Loss 0.0175 | Val Loss 0.0174 MAE 0.4034 R2 0.7322
2026-08-26 21:14:32 | Epoch  24/100 | Train Loss 0.0182 | Val Loss 0.0183 MAE 0.4138 R2 0.7162
2026-08-26 21:14:32 | Epoch  25/100 | Train Loss 0.0168 | Val Loss 0.0150 MAE 0.3828 R2 0.7733
2026-08-26 21:14:32 |   Val R2 improved to 0.7733, model saved
2026-08-26 21:14:33 | Epoch  26/100 | Train Loss 0.0164 | Val Loss 0.0155 MAE 0.3880 R2 0.7639
2026-08-26 21:14:33 | Epoch  27/100 | Train Loss 0.0161 | Val Loss 0.0162 MAE 0.3914 R2 0.7518
2026-08-26 21:14:33 | Epoch  28/100 | Train Loss 0.0170 | Val Loss 0.0164 MAE 0.3901 R2 0.7493
2026-08-26 21:14:33 | Epoch  29/100 | Train Loss 0.0163 | Val Loss 0.0157 MAE 0.3836 R2 0.7610
2026-08-26 21:14:33 | Epoch  30/100 | Train Loss 0.0160 | Val Loss 0.0160 MAE 0.3895 R2 0.7544
2026-08-26 21:14:34 | Epoch  31/100 | Train Loss 0.0160 | Val Loss 0.0148 MAE 0.3781 R2 0.7751
2026-08-26 21:14:34 |   Val R2 improved to 0.7751, model saved
2026-08-26 21:14:34 | Epoch  32/100 | Train Loss 0.0158 | Val Loss 0.0152 MAE 0.3805 R2 0.7676
2026-08-26 21:14:34 | Epoch  33/100 | Train Loss 0.0159 | Val Loss 0.0149 MAE 0.3839 R2 0.7738
2026-08-26 21:14:34 | Epoch  34/100 | Train Loss 0.0156 | Val Loss 0.0144 MAE 0.3786 R2 0.7814
2026-08-26 21:14:34 |   Val R2 improved to 0.7814, model saved
2026-08-26 21:14:35 | Epoch  35/100 | Train Loss 0.0152 | Val Loss 0.0150 MAE 0.3781 R2 0.7723
2026-08-26 21:14:35 | Epoch  36/100 | Train Loss 0.0156 | Val Loss 0.0145 MAE 0.3747 R2 0.7795
2026-08-26 21:14:35 | Epoch  37/100 | Train Loss 0.0154 | Val Loss 0.0143 MAE 0.3729 R2 0.7834
2026-08-26 21:14:35 |   Val R2 improved to 0.7834, model saved
2026-08-26 21:14:35 | Epoch  38/100 | Train Loss 0.0153 | Val Loss 0.0146 MAE 0.3715 R2 0.7782
2026-08-26 21:14:35 | Epoch  39/100 | Train Loss 0.0152 | Val Loss 0.0147 MAE 0.3780 R2 0.7767
2026-08-26 21:14:35 | Epoch  40/100 | Train Loss 0.0153 | Val Loss 0.0145 MAE 0.3701 R2 0.7792
2026-08-26 21:14:36 | Epoch  41/100 | Train Loss 0.0151 | Val Loss 0.0143 MAE 0.3715 R2 0.7838
2026-08-26 21:14:36 |   Val R2 improved to 0.7838, model saved
2026-08-26 21:14:36 | Epoch  42/100 | Train Loss 0.0151 | Val Loss 0.0200 MAE 0.3753 R2 0.6863
2026-08-26 21:14:36 | Epoch  43/100 | Train Loss 0.0152 | Val Loss 0.0148 MAE 0.3736 R2 0.7755
2026-08-26 21:14:36 | Epoch  44/100 | Train Loss 0.0150 | Val Loss 0.0153 MAE 0.3833 R2 0.7669
2026-08-26 21:14:36 | Epoch  45/100 | Train Loss 0.0148 | Val Loss 0.0160 MAE 0.3785 R2 0.7542
2026-08-26 21:14:37 | Epoch  46/100 | Train Loss 0.0154 | Val Loss 0.0180 MAE 0.3746 R2 0.7207
2026-08-26 21:14:37 | Epoch  47/100 | Train Loss 0.0152 | Val Loss 0.0142 MAE 0.3703 R2 0.7849
2026-08-26 21:14:37 |   Val R2 improved to 0.7849, model saved
2026-08-26 21:14:37 | Epoch  48/100 | Train Loss 0.0161 | Val Loss 0.0181 MAE 0.3796 R2 0.7188
2026-08-26 21:14:37 | Epoch  49/100 | Train Loss 0.0156 | Val Loss 0.0147 MAE 0.3736 R2 0.7768
2026-08-26 21:14:37 | Epoch  50/100 | Train Loss 0.0151 | Val Loss 0.0141 MAE 0.3677 R2 0.7865
2026-08-26 21:14:37 |   Val R2 improved to 0.7865, model saved
2026-08-26 21:14:37 | Epoch  51/100 | Train Loss 0.0149 | Val Loss 0.0147 MAE 0.3740 R2 0.7755
2026-08-26 21:14:37 | Epoch  52/100 | Train Loss 0.0145 | Val Loss 0.0140 MAE 0.3677 R2 0.7877
2026-08-26 21:14:37 |   Val R2 improved to 0.7877, model saved
2026-08-26 21:14:38 | Epoch  53/100 | Train Loss 0.0146 | Val Loss 0.0142 MAE 0.3707 R2 0.7841
2026-08-26 21:14:38 | Epoch  54/100 | Train Loss 0.0147 | Val Loss 0.0147 MAE 0.3760 R2 0.7764
2026-08-26 21:14:38 | Epoch  55/100 | Train Loss 0.0145 | Val Loss 0.0158 MAE 0.3700 R2 0.7569
2026-08-26 21:14:38 | Epoch  56/100 | Train Loss 0.0147 | Val Loss 0.0140 MAE 0.3668 R2 0.7878
2026-08-26 21:14:38 |   Val R2 improved to 0.7878, model saved
2026-08-26 21:14:38 | Epoch  57/100 | Train Loss 0.0144 | Val Loss 0.0146 MAE 0.3708 R2 0.7772
2026-08-26 21:14:39 | Epoch  58/100 | Train Loss 0.0146 | Val Loss 0.0149 MAE 0.3709 R2 0.7726
2026-08-26 21:14:39 | Epoch  59/100 | Train Loss 0.0141 | Val Loss 0.0140 MAE 0.3659 R2 0.7874
2026-08-26 21:14:39 | Epoch  60/100 | Train Loss 0.0143 | Val Loss 0.0145 MAE 0.3645 R2 0.7796
2026-08-26 21:14:39 | Epoch  61/100 | Train Loss 0.0142 | Val Loss 0.0142 MAE 0.3715 R2 0.7847
2026-08-26 21:14:39 | Epoch  62/100 | Train Loss 0.0141 | Val Loss 0.0139 MAE 0.3687 R2 0.7900
2026-08-26 21:14:39 |   Val R2 improved to 0.7900, model saved
2026-08-26 21:14:40 | Epoch  63/100 | Train Loss 0.0140 | Val Loss 0.0165 MAE 0.3686 R2 0.7454
2026-08-26 21:14:40 | Epoch  64/100 | Train Loss 0.0143 | Val Loss 0.0139 MAE 0.3681 R2 0.7897
2026-08-26 21:14:40 | Epoch  65/100 | Train Loss 0.0140 | Val Loss 0.0139 MAE 0.3676 R2 0.7892
2026-08-26 21:14:40 | Epoch  66/100 | Train Loss 0.0140 | Val Loss 0.0139 MAE 0.3632 R2 0.7881
2026-08-26 21:14:40 | Epoch  67/100 | Train Loss 0.0137 | Val Loss 0.0145 MAE 0.3679 R2 0.7802
2026-08-26 21:14:40 | Epoch  68/100 | Train Loss 0.0139 | Val Loss 0.0140 MAE 0.3625 R2 0.7868
2026-08-26 21:14:41 | Epoch  69/100 | Train Loss 0.0140 | Val Loss 0.0137 MAE 0.3671 R2 0.7925
2026-08-26 21:14:41 |   Val R2 improved to 0.7925, model saved
2026-08-26 21:14:41 | Epoch  70/100 | Train Loss 0.0139 | Val Loss 0.0137 MAE 0.3615 R2 0.7921
2026-08-26 21:14:41 | Epoch  71/100 | Train Loss 0.0137 | Val Loss 0.0136 MAE 0.3667 R2 0.7937
2026-08-26 21:14:41 |   Val R2 improved to 0.7937, model saved
2026-08-26 21:14:41 | Epoch  72/100 | Train Loss 0.0138 | Val Loss 0.0185 MAE 0.3660 R2 0.7122
2026-08-26 21:14:41 | Epoch  73/100 | Train Loss 0.0140 | Val Loss 0.0139 MAE 0.3680 R2 0.7888
2026-08-26 21:14:41 | Epoch  74/100 | Train Loss 0.0136 | Val Loss 0.0139 MAE 0.3609 R2 0.7897
2026-08-26 21:14:42 | Epoch  75/100 | Train Loss 0.0139 | Val Loss 0.0145 MAE 0.3733 R2 0.7783
2026-08-26 21:14:42 | Epoch  76/100 | Train Loss 0.0141 | Val Loss 0.0136 MAE 0.3611 R2 0.7941
2026-08-26 21:14:42 |   Val R2 improved to 0.7941, model saved
2026-08-26 21:14:42 | Epoch  77/100 | Train Loss 0.0136 | Val Loss 0.0147 MAE 0.3765 R2 0.7750
2026-08-26 21:14:42 | Epoch  78/100 | Train Loss 0.0135 | Val Loss 0.0134 MAE 0.3596 R2 0.7981
2026-08-26 21:14:42 |   Val R2 improved to 0.7981, model saved
2026-08-26 21:14:42 | Epoch  79/100 | Train Loss 0.0137 | Val Loss 0.0137 MAE 0.3576 R2 0.7926
2026-08-26 21:14:43 | Epoch  80/100 | Train Loss 0.0133 | Val Loss 0.0136 MAE 0.3691 R2 0.7941
2026-08-26 21:14:43 | Epoch  81/100 | Train Loss 0.0135 | Val Loss 0.0135 MAE 0.3581 R2 0.7955
2026-08-26 21:14:43 | Epoch  82/100 | Train Loss 0.0134 | Val Loss 0.0135 MAE 0.3584 R2 0.7950
2026-08-26 21:14:43 | Epoch  83/100 | Train Loss 0.0135 | Val Loss 0.0134 MAE 0.3579 R2 0.7975
2026-08-26 21:14:43 | Epoch  84/100 | Train Loss 0.0133 | Val Loss 0.0137 MAE 0.3617 R2 0.7924
2026-08-26 21:14:44 | Epoch  85/100 | Train Loss 0.0132 | Val Loss 0.0135 MAE 0.3548 R2 0.7956
2026-08-26 21:14:44 | Epoch  86/100 | Train Loss 0.0133 | Val Loss 0.0139 MAE 0.3651 R2 0.7893
2026-08-26 21:14:44 | Epoch  87/100 | Train Loss 0.0134 | Val Loss 0.0133 MAE 0.3543 R2 0.7991
2026-08-26 21:14:44 |   Val R2 improved to 0.7991, model saved
2026-08-26 21:14:44 | Epoch  88/100 | Train Loss 0.0133 | Val Loss 0.0136 MAE 0.3596 R2 0.7933
2026-08-26 21:14:44 | Epoch  89/100 | Train Loss 0.0131 | Val Loss 0.0133 MAE 0.3596 R2 0.7981
2026-08-26 21:14:45 | Epoch  90/100 | Train Loss 0.0131 | Val Loss 0.0136 MAE 0.3568 R2 0.7941
2026-08-26 21:14:45 | Epoch  91/100 | Train Loss 0.0130 | Val Loss 0.0131 MAE 0.3563 R2 0.8017
2026-08-26 21:14:45 |   Val R2 improved to 0.8017, model saved
2026-08-26 21:14:45 | Epoch  92/100 | Train Loss 0.0132 | Val Loss 0.0134 MAE 0.3550 R2 0.7962
2026-08-26 21:14:45 | Epoch  93/100 | Train Loss 0.0131 | Val Loss 0.0135 MAE 0.3606 R2 0.7948
2026-08-26 21:14:45 | Epoch  94/100 | Train Loss 0.0130 | Val Loss 0.0134 MAE 0.3572 R2 0.7968
2026-08-26 21:14:46 | Epoch  95/100 | Train Loss 0.0131 | Val Loss 0.0132 MAE 0.3546 R2 0.7999
2026-08-26 21:14:46 | Epoch  96/100 | Train Loss 0.0129 | Val Loss 0.0135 MAE 0.3569 R2 0.7955
2026-08-26 21:14:46 | Epoch  97/100 | Train Loss 0.0130 | Val Loss 0.0133 MAE 0.3563 R2 0.7982
2026-08-26 21:14:46 | Epoch  98/100 | Train Loss 0.0131 | Val Loss 0.0134 MAE 0.3513 R2 0.7974
2026-08-26 21:14:46 | Epoch  99/100 | Train Loss 0.0129 | Val Loss 0.0132 MAE 0.3542 R2 0.8000
2026-08-26 21:14:46 | Epoch 100/100 | Train Loss 0.0128 | Val Loss 0.0138 MAE 0.3600 R2 0.7896
2026-08-26 21:14:46 | Run 3/5 | Test (best model @ Epoch 91) | Loss 0.0131 MAE 0.3557 R2 0.7915
2026-08-26 21:14:46 | ===== Run 4/5 (seed 3) =====
2026-08-26 21:14:47 | Epoch   1/100 | Train Loss 0.0646 | Val Loss 0.0300 MAE 0.5601 R2 0.5299
2026-08-26 21:14:47 |   Val R2 improved to 0.5299, model saved
2026-08-26 21:14:47 | Epoch   2/100 | Train Loss 0.0292 | Val Loss 0.0240 MAE 0.4849 R2 0.6292
2026-08-26 21:14:47 |   Val R2 improved to 0.6292, model saved
2026-08-26 21:14:47 | Epoch   3/100 | Train Loss 0.0245 | Val Loss 0.0236 MAE 0.4528 R2 0.6353
2026-08-26 21:14:47 |   Val R2 improved to 0.6353, model saved
2026-08-26 21:14:47 | Epoch   4/100 | Train Loss 0.0230 | Val Loss 0.0225 MAE 0.4423 R2 0.6514
2026-08-26 21:14:47 |   Val R2 improved to 0.6514, model saved
2026-08-26 21:14:47 | Epoch   5/100 | Train Loss 0.0217 | Val Loss 0.0180 MAE 0.4268 R2 0.7271
2026-08-26 21:14:47 |   Val R2 improved to 0.7271, model saved
2026-08-26 21:14:47 | Epoch   6/100 | Train Loss 0.0211 | Val Loss 0.0194 MAE 0.4280 R2 0.7022
2026-08-26 21:14:48 | Epoch   7/100 | Train Loss 0.0203 | Val Loss 0.0231 MAE 0.4368 R2 0.6374
2026-08-26 21:14:48 | Epoch   8/100 | Train Loss 0.0203 | Val Loss 0.0200 MAE 0.4245 R2 0.6905
2026-08-26 21:14:48 | Epoch   9/100 | Train Loss 0.0195 | Val Loss 0.0192 MAE 0.4335 R2 0.7038
2026-08-26 21:14:48 | Epoch  10/100 | Train Loss 0.0194 | Val Loss 0.0171 MAE 0.4142 R2 0.7378
2026-08-26 21:14:48 |   Val R2 improved to 0.7378, model saved
2026-08-26 21:14:48 | Epoch  11/100 | Train Loss 0.0186 | Val Loss 0.0192 MAE 0.4076 R2 0.7030
2026-08-26 21:14:48 | Epoch  12/100 | Train Loss 0.0189 | Val Loss 0.0157 MAE 0.3999 R2 0.7612
2026-08-26 21:14:48 |   Val R2 improved to 0.7612, model saved
2026-08-26 21:14:49 | Epoch  13/100 | Train Loss 0.0183 | Val Loss 0.0167 MAE 0.3987 R2 0.7439
2026-08-26 21:14:49 | Epoch  14/100 | Train Loss 0.0184 | Val Loss 0.0211 MAE 0.4030 R2 0.6697
2026-08-26 21:14:49 | Epoch  15/100 | Train Loss 0.0185 | Val Loss 0.0177 MAE 0.4029 R2 0.7271
2026-08-26 21:14:49 | Epoch  16/100 | Train Loss 0.0184 | Val Loss 0.0160 MAE 0.3997 R2 0.7558
2026-08-26 21:14:49 | Epoch  17/100 | Train Loss 0.0175 | Val Loss 0.0160 MAE 0.3959 R2 0.7548
2026-08-26 21:14:50 | Epoch  18/100 | Train Loss 0.0173 | Val Loss 0.0156 MAE 0.3897 R2 0.7620
2026-08-26 21:14:50 |   Val R2 improved to 0.7620, model saved
2026-08-26 21:14:50 | Epoch  19/100 | Train Loss 0.0170 | Val Loss 0.0153 MAE 0.3878 R2 0.7667
2026-08-26 21:14:50 |   Val R2 improved to 0.7667, model saved
2026-08-26 21:14:50 | Epoch  20/100 | Train Loss 0.0166 | Val Loss 0.0155 MAE 0.3875 R2 0.7633
2026-08-26 21:14:50 | Epoch  21/100 | Train Loss 0.0168 | Val Loss 0.0153 MAE 0.3863 R2 0.7666
2026-08-26 21:14:50 | Epoch  22/100 | Train Loss 0.0166 | Val Loss 0.0246 MAE 0.4061 R2 0.6098
2026-08-26 21:14:51 | Epoch  23/100 | Train Loss 0.0174 | Val Loss 0.0174 MAE 0.3856 R2 0.7317
2026-08-26 21:14:51 | Epoch  24/100 | Train Loss 0.0173 | Val Loss 0.0155 MAE 0.3823 R2 0.7644
2026-08-26 21:14:51 | Epoch  25/100 | Train Loss 0.0163 | Val Loss 0.0164 MAE 0.3972 R2 0.7487
2026-08-26 21:14:51 | Epoch  26/100 | Train Loss 0.0162 | Val Loss 0.0158 MAE 0.3849 R2 0.7572
2026-08-26 21:14:51 | Epoch  27/100 | Train Loss 0.0161 | Val Loss 0.0150 MAE 0.3859 R2 0.7707
2026-08-26 21:14:51 |   Val R2 improved to 0.7707, model saved
2026-08-26 21:14:52 | Epoch  28/100 | Train Loss 0.0162 | Val Loss 0.0146 MAE 0.3808 R2 0.7781
2026-08-26 21:14:52 |   Val R2 improved to 0.7781, model saved
2026-08-26 21:14:52 | Epoch  29/100 | Train Loss 0.0160 | Val Loss 0.0147 MAE 0.3823 R2 0.7773
2026-08-26 21:14:52 | Epoch  30/100 | Train Loss 0.0159 | Val Loss 0.0148 MAE 0.3775 R2 0.7746
2026-08-26 21:14:52 | Epoch  31/100 | Train Loss 0.0159 | Val Loss 0.0149 MAE 0.3767 R2 0.7727
2026-08-26 21:14:52 | Epoch  32/100 | Train Loss 0.0157 | Val Loss 0.0146 MAE 0.3744 R2 0.7785
2026-08-26 21:14:52 |   Val R2 improved to 0.7785, model saved
2026-08-26 21:14:52 | Epoch  33/100 | Train Loss 0.0155 | Val Loss 0.0147 MAE 0.3755 R2 0.7760
2026-08-26 21:14:52 | Epoch  34/100 | Train Loss 0.0155 | Val Loss 0.0160 MAE 0.3950 R2 0.7544
2026-08-26 21:14:53 | Epoch  35/100 | Train Loss 0.0157 | Val Loss 0.0151 MAE 0.3823 R2 0.7693
2026-08-26 21:14:53 | Epoch  36/100 | Train Loss 0.0152 | Val Loss 0.0154 MAE 0.3789 R2 0.7637
2026-08-26 21:14:53 | Epoch  37/100 | Train Loss 0.0153 | Val Loss 0.0145 MAE 0.3735 R2 0.7784
2026-08-26 21:14:53 | Epoch  38/100 | Train Loss 0.0154 | Val Loss 0.0141 MAE 0.3676 R2 0.7852
2026-08-26 21:14:53 |   Val R2 improved to 0.7852, model saved
2026-08-26 21:14:53 | Epoch  39/100 | Train Loss 0.0148 | Val Loss 0.0143 MAE 0.3705 R2 0.7829
2026-08-26 21:14:54 | Epoch  40/100 | Train Loss 0.0147 | Val Loss 0.0142 MAE 0.3697 R2 0.7833
2026-08-26 21:14:54 | Epoch  41/100 | Train Loss 0.0148 | Val Loss 0.0145 MAE 0.3716 R2 0.7798
2026-08-26 21:14:54 | Epoch  42/100 | Train Loss 0.0149 | Val Loss 0.0144 MAE 0.3705 R2 0.7807
2026-08-26 21:14:54 | Epoch  43/100 | Train Loss 0.0150 | Val Loss 0.0148 MAE 0.3672 R2 0.7738
2026-08-26 21:14:54 | Epoch  44/100 | Train Loss 0.0151 | Val Loss 0.0155 MAE 0.3866 R2 0.7623
2026-08-26 21:14:54 | Epoch  45/100 | Train Loss 0.0149 | Val Loss 0.0141 MAE 0.3676 R2 0.7850
2026-08-26 21:14:55 | Epoch  46/100 | Train Loss 0.0146 | Val Loss 0.0141 MAE 0.3665 R2 0.7847
2026-08-26 21:14:55 | Epoch  47/100 | Train Loss 0.0150 | Val Loss 0.0164 MAE 0.3773 R2 0.7461
2026-08-26 21:14:55 | Epoch  48/100 | Train Loss 0.0150 | Val Loss 0.0141 MAE 0.3734 R2 0.7855
2026-08-26 21:14:55 |   Val R2 improved to 0.7855, model saved
2026-08-26 21:14:55 | Epoch  49/100 | Train Loss 0.0148 | Val Loss 0.0139 MAE 0.3643 R2 0.7883
2026-08-26 21:14:55 |   Val R2 improved to 0.7883, model saved
2026-08-26 21:14:55 | Epoch  50/100 | Train Loss 0.0146 | Val Loss 0.0151 MAE 0.3714 R2 0.7689
2026-08-26 21:14:56 | Epoch  51/100 | Train Loss 0.0142 | Val Loss 0.0140 MAE 0.3686 R2 0.7860
2026-08-26 21:14:56 | Epoch  52/100 | Train Loss 0.0143 | Val Loss 0.0144 MAE 0.3737 R2 0.7806
2026-08-26 21:14:56 | Epoch  53/100 | Train Loss 0.0148 | Val Loss 0.0144 MAE 0.3689 R2 0.7801
2026-08-26 21:14:56 | Epoch  54/100 | Train Loss 0.0144 | Val Loss 0.0140 MAE 0.3642 R2 0.7870
2026-08-26 21:14:56 | Epoch  55/100 | Train Loss 0.0142 | Val Loss 0.0147 MAE 0.3697 R2 0.7763
2026-08-26 21:14:56 | Epoch  56/100 | Train Loss 0.0145 | Val Loss 0.0152 MAE 0.3830 R2 0.7659
2026-08-26 21:14:56 | Epoch  57/100 | Train Loss 0.0142 | Val Loss 0.0139 MAE 0.3635 R2 0.7882
2026-08-26 21:14:57 | Epoch  58/100 | Train Loss 0.0143 | Val Loss 0.0136 MAE 0.3667 R2 0.7929
2026-08-26 21:14:57 |   Val R2 improved to 0.7929, model saved
2026-08-26 21:14:57 | Epoch  59/100 | Train Loss 0.0139 | Val Loss 0.0137 MAE 0.3601 R2 0.7924
2026-08-26 21:14:57 | Epoch  60/100 | Train Loss 0.0140 | Val Loss 0.0146 MAE 0.3714 R2 0.7756
2026-08-26 21:14:57 | Epoch  61/100 | Train Loss 0.0140 | Val Loss 0.0141 MAE 0.3625 R2 0.7849
2026-08-26 21:14:57 | Epoch  62/100 | Train Loss 0.0140 | Val Loss 0.0136 MAE 0.3688 R2 0.7929
2026-08-26 21:14:58 | Epoch  63/100 | Train Loss 0.0139 | Val Loss 0.0134 MAE 0.3605 R2 0.7962
2026-08-26 21:14:58 |   Val R2 improved to 0.7962, model saved
2026-08-26 21:14:58 | Epoch  64/100 | Train Loss 0.0138 | Val Loss 0.0135 MAE 0.3633 R2 0.7956
2026-08-26 21:14:58 | Epoch  65/100 | Train Loss 0.0138 | Val Loss 0.0142 MAE 0.3671 R2 0.7839
2026-08-26 21:14:58 | Epoch  66/100 | Train Loss 0.0137 | Val Loss 0.0135 MAE 0.3651 R2 0.7950
2026-08-26 21:14:58 | Epoch  67/100 | Train Loss 0.0138 | Val Loss 0.0149 MAE 0.3625 R2 0.7705
2026-08-26 21:14:58 | Epoch  68/100 | Train Loss 0.0136 | Val Loss 0.0136 MAE 0.3560 R2 0.7933
2026-08-26 21:14:59 | Epoch  69/100 | Train Loss 0.0135 | Val Loss 0.0141 MAE 0.3661 R2 0.7855
2026-08-26 21:14:59 | Epoch  70/100 | Train Loss 0.0138 | Val Loss 0.0134 MAE 0.3636 R2 0.7960
2026-08-26 21:14:59 | Epoch  71/100 | Train Loss 0.0135 | Val Loss 0.0136 MAE 0.3616 R2 0.7936
2026-08-26 21:14:59 | Epoch  72/100 | Train Loss 0.0136 | Val Loss 0.0137 MAE 0.3595 R2 0.7910
2026-08-26 21:14:59 | Epoch  73/100 | Train Loss 0.0135 | Val Loss 0.0138 MAE 0.3617 R2 0.7908
2026-08-26 21:14:59 | Val R2 did not improve for 10 consecutive epochs, early stopping at Epoch 73 (best R2 0.7962 @ Epoch 63)
2026-08-26 21:14:59 | Run 4/5 | Test (best model @ Epoch 63) | Loss 0.0131 MAE 0.3574 R2 0.7919
2026-08-26 21:14:59 | ===== Run 5/5 (seed 4) =====
2026-08-26 21:15:00 | Epoch   1/100 | Train Loss 0.0753 | Val Loss 0.0688 MAE 0.5557 R2 -0.1215
2026-08-26 21:15:00 |   Val R2 improved to -0.1215, model saved
2026-08-26 21:15:00 | Epoch   2/100 | Train Loss 0.0298 | Val Loss 0.0628 MAE 0.4889 R2 -0.0262
2026-08-26 21:15:00 |   Val R2 improved to -0.0262, model saved
2026-08-26 21:15:00 | Epoch   3/100 | Train Loss 0.0268 | Val Loss 0.2267 MAE 0.4986 R2 -2.8405
2026-08-26 21:15:00 | Epoch   4/100 | Train Loss 0.0396 | Val Loss 0.3544 MAE 0.4994 R2 -5.0286
2026-08-26 21:15:00 | Epoch   5/100 | Train Loss 0.0503 | Val Loss 0.1950 MAE 0.4889 R2 -2.2978
2026-08-26 21:15:00 | Epoch   6/100 | Train Loss 0.0465 | Val Loss 0.0471 MAE 0.4505 R2 0.2275
2026-08-26 21:15:00 |   Val R2 improved to 0.2275, model saved
2026-08-26 21:15:01 | Epoch   7/100 | Train Loss 0.0265 | Val Loss 0.0193 MAE 0.4343 R2 0.7031
2026-08-26 21:15:01 |   Val R2 improved to 0.7031, model saved
2026-08-26 21:15:01 | Epoch   8/100 | Train Loss 0.0217 | Val Loss 0.0215 MAE 0.4513 R2 0.6642
2026-08-26 21:15:01 | Epoch   9/100 | Train Loss 0.0208 | Val Loss 0.0220 MAE 0.4223 R2 0.6550
2026-08-26 21:15:01 | Epoch  10/100 | Train Loss 0.0215 | Val Loss 0.0583 MAE 0.4327 R2 0.0346
2026-08-26 21:15:01 | Epoch  11/100 | Train Loss 0.0229 | Val Loss 0.0209 MAE 0.4324 R2 0.6740
2026-08-26 21:15:02 | Epoch  12/100 | Train Loss 0.0190 | Val Loss 0.0189 MAE 0.4333 R2 0.7062
2026-08-26 21:15:02 |   Val R2 improved to 0.7062, model saved
2026-08-26 21:15:02 | Epoch  13/100 | Train Loss 0.0186 | Val Loss 0.0182 MAE 0.4050 R2 0.7185
2026-08-26 21:15:02 |   Val R2 improved to 0.7185, model saved
2026-08-26 21:15:02 | Epoch  14/100 | Train Loss 0.0178 | Val Loss 0.0174 MAE 0.4024 R2 0.7317
2026-08-26 21:15:02 |   Val R2 improved to 0.7317, model saved
2026-08-26 21:15:02 | Epoch  15/100 | Train Loss 0.0189 | Val Loss 0.0271 MAE 0.4156 R2 0.5652
2026-08-26 21:15:02 | Epoch  16/100 | Train Loss 0.0187 | Val Loss 0.0167 MAE 0.4057 R2 0.7427
2026-08-26 21:15:02 |   Val R2 improved to 0.7427, model saved
2026-08-26 21:15:02 | Epoch  17/100 | Train Loss 0.0190 | Val Loss 0.0313 MAE 0.4070 R2 0.4936
2026-08-26 21:15:02 | Epoch  18/100 | Train Loss 0.0197 | Val Loss 0.0159 MAE 0.3983 R2 0.7569
2026-08-26 21:15:02 |   Val R2 improved to 0.7569, model saved
2026-08-26 21:15:02 | Epoch  19/100 | Train Loss 0.0184 | Val Loss 0.0193 MAE 0.4136 R2 0.6986
2026-08-26 21:15:03 | Epoch  20/100 | Train Loss 0.0183 | Val Loss 0.0247 MAE 0.3988 R2 0.6047
2026-08-26 21:15:03 | Epoch  21/100 | Train Loss 0.0178 | Val Loss 0.0273 MAE 0.4043 R2 0.5609
2026-08-26 21:15:03 | Epoch  22/100 | Train Loss 0.0175 | Val Loss 0.0214 MAE 0.4054 R2 0.6623
2026-08-26 21:15:03 | Epoch  23/100 | Train Loss 0.0171 | Val Loss 0.0171 MAE 0.3890 R2 0.7353
2026-08-26 21:15:03 | Epoch  24/100 | Train Loss 0.0167 | Val Loss 0.0307 MAE 0.3997 R2 0.5017
2026-08-26 21:15:03 | Epoch  25/100 | Train Loss 0.0163 | Val Loss 0.0253 MAE 0.3930 R2 0.5947
2026-08-26 21:15:04 | Epoch  26/100 | Train Loss 0.0178 | Val Loss 0.0251 MAE 0.3916 R2 0.5967
2026-08-26 21:15:04 | Epoch  27/100 | Train Loss 0.0193 | Val Loss 0.0192 MAE 0.4128 R2 0.7007
2026-08-26 21:15:04 | Epoch  28/100 | Train Loss 0.0169 | Val Loss 0.0155 MAE 0.3888 R2 0.7624
2026-08-26 21:15:04 |   Val R2 improved to 0.7624, model saved
2026-08-26 21:15:04 | Epoch  29/100 | Train Loss 0.0163 | Val Loss 0.0447 MAE 0.3979 R2 0.2620
2026-08-26 21:15:04 | Epoch  30/100 | Train Loss 0.0181 | Val Loss 0.0151 MAE 0.3857 R2 0.7691
2026-08-26 21:15:04 |   Val R2 improved to 0.7691, model saved
2026-08-26 21:15:04 | Epoch  31/100 | Train Loss 0.0166 | Val Loss 0.0158 MAE 0.3854 R2 0.7562
2026-08-26 21:15:05 | Epoch  32/100 | Train Loss 0.0167 | Val Loss 0.0196 MAE 0.3906 R2 0.6916
2026-08-26 21:15:05 | Epoch  33/100 | Train Loss 0.0158 | Val Loss 0.0157 MAE 0.3845 R2 0.7587
2026-08-26 21:15:05 | Epoch  34/100 | Train Loss 0.0157 | Val Loss 0.0149 MAE 0.3764 R2 0.7713
2026-08-26 21:15:05 |   Val R2 improved to 0.7713, model saved
2026-08-26 21:15:05 | Epoch  35/100 | Train Loss 0.0158 | Val Loss 0.0162 MAE 0.3931 R2 0.7498
2026-08-26 21:15:05 | Epoch  36/100 | Train Loss 0.0155 | Val Loss 0.0146 MAE 0.3774 R2 0.7757
2026-08-26 21:15:05 |   Val R2 improved to 0.7757, model saved
2026-08-26 21:15:06 | Epoch  37/100 | Train Loss 0.0160 | Val Loss 0.0144 MAE 0.3796 R2 0.7792
2026-08-26 21:15:06 |   Val R2 improved to 0.7792, model saved
2026-08-26 21:15:06 | Epoch  38/100 | Train Loss 0.0155 | Val Loss 0.0149 MAE 0.3809 R2 0.7706
2026-08-26 21:15:06 | Epoch  39/100 | Train Loss 0.0153 | Val Loss 0.0156 MAE 0.3755 R2 0.7595
2026-08-26 21:15:06 | Epoch  40/100 | Train Loss 0.0153 | Val Loss 0.0144 MAE 0.3789 R2 0.7802
2026-08-26 21:15:06 |   Val R2 improved to 0.7802, model saved
2026-08-26 21:15:06 | Epoch  41/100 | Train Loss 0.0152 | Val Loss 0.0148 MAE 0.3767 R2 0.7728
2026-08-26 21:15:06 | Epoch  42/100 | Train Loss 0.0154 | Val Loss 0.0144 MAE 0.3728 R2 0.7803
2026-08-26 21:15:06 |   Val R2 improved to 0.7803, model saved
2026-08-26 21:15:06 | Epoch  43/100 | Train Loss 0.0150 | Val Loss 0.0142 MAE 0.3707 R2 0.7821
2026-08-26 21:15:06 |   Val R2 improved to 0.7821, model saved
2026-08-26 21:15:07 | Epoch  44/100 | Train Loss 0.0154 | Val Loss 0.0144 MAE 0.3713 R2 0.7801
2026-08-26 21:15:07 | Epoch  45/100 | Train Loss 0.0151 | Val Loss 0.0142 MAE 0.3726 R2 0.7827
2026-08-26 21:15:07 |   Val R2 improved to 0.7827, model saved
2026-08-26 21:15:07 | Epoch  46/100 | Train Loss 0.0150 | Val Loss 0.0139 MAE 0.3668 R2 0.7869
2026-08-26 21:15:07 |   Val R2 improved to 0.7869, model saved
2026-08-26 21:15:07 | Epoch  47/100 | Train Loss 0.0147 | Val Loss 0.0142 MAE 0.3725 R2 0.7821
2026-08-26 21:15:07 | Epoch  48/100 | Train Loss 0.0147 | Val Loss 0.0146 MAE 0.3736 R2 0.7750
2026-08-26 21:15:07 | Epoch  49/100 | Train Loss 0.0148 | Val Loss 0.0150 MAE 0.3751 R2 0.7687
2026-08-26 21:15:08 | Epoch  50/100 | Train Loss 0.0148 | Val Loss 0.0148 MAE 0.3736 R2 0.7715
2026-08-26 21:15:08 | Epoch  51/100 | Train Loss 0.0147 | Val Loss 0.0151 MAE 0.3678 R2 0.7662
2026-08-26 21:15:08 | Epoch  52/100 | Train Loss 0.0145 | Val Loss 0.0146 MAE 0.3729 R2 0.7762
2026-08-26 21:15:08 | Epoch  53/100 | Train Loss 0.0145 | Val Loss 0.0140 MAE 0.3677 R2 0.7854
2026-08-26 21:15:08 | Epoch  54/100 | Train Loss 0.0145 | Val Loss 0.0141 MAE 0.3730 R2 0.7837
2026-08-26 21:15:09 | Epoch  55/100 | Train Loss 0.0145 | Val Loss 0.0147 MAE 0.3660 R2 0.7732
2026-08-26 21:15:09 | Epoch  56/100 | Train Loss 0.0144 | Val Loss 0.0141 MAE 0.3659 R2 0.7839
2026-08-26 21:15:09 | Val R2 did not improve for 10 consecutive epochs, early stopping at Epoch 56 (best R2 0.7869 @ Epoch 46)
2026-08-26 21:15:09 | Run 5/5 | Test (best model @ Epoch 46) | Loss 0.0140 MAE 0.3663 R2 0.7755
2026-08-26 21:15:09 | Average over 5 runs | Test Loss 0.0135±0.0004 MAE 0.3602±0.0041 R2 0.7857±0.0067
