2026-08-27 18:57:52 | Device: cuda
2026-08-27 18:57:52 | Args: {'model': 'fgib', 'backbone': 'rnn', 'task': 'stsb', 'epochs': 100, 'batch_size': 512, 'lr': 0.001, 'hidden_dims': [512, 256], 'dropout': 0.2, 'z_dim': 256, 'anchor_scale': 14.0, 'max_len': 250, 'random_labels': False, 'beta': 0.0001, 'patience': 10, 'runs': 5, 'seed': 0, 'data_dir': './data', 'save_path': 'output/stsb_rnn_fgib/stsb_rnn_fgib.pt', 'log_path': '/root/autodl-tmp/FGIB/tune_results/stsb_rnn_fgib_beta_0.0001_anchor_14/train.log', 'no_save': True}
2026-08-27 18:57:52 | STS-B 预处理缓存：mmap 共享 ./data/stsb/stsb_processed_maxlen250
2026-08-27 18:57:52 | ===== Run 1/5 (seed 0) =====
2026-08-27 18:58:17 | Epoch   1/100 | Train Loss 0.1874 | Val Loss 0.1010 MAE 1.2561 R2 -0.0815
2026-08-27 18:58:18 |   Val R2 improved to -0.0815, model saved
2026-08-27 18:58:34 | Epoch   2/100 | Train Loss 0.1063 | Val Loss 0.1027 MAE 1.3133 R2 -0.1060
2026-08-27 18:58:51 | Epoch   3/100 | Train Loss 0.0993 | Val Loss 0.0984 MAE 1.2387 R2 -0.0600
2026-08-27 18:58:52 |   Val R2 improved to -0.0600, model saved
2026-08-27 18:59:09 | Epoch   4/100 | Train Loss 0.0967 | Val Loss 0.0951 MAE 1.2475 R2 -0.0225
2026-08-27 18:59:11 |   Val R2 improved to -0.0225, model saved
2026-08-27 18:59:28 | Epoch   5/100 | Train Loss 0.0942 | Val Loss 0.0931 MAE 1.2229 R2 -0.0004
2026-08-27 18:59:29 |   Val R2 improved to -0.0004, model saved
2026-08-27 18:59:45 | Epoch   6/100 | Train Loss 0.0921 | Val Loss 0.0921 MAE 1.2117 R2 0.0115
2026-08-27 18:59:47 |   Val R2 improved to 0.0115, model saved
2026-08-27 19:00:04 | Epoch   7/100 | Train Loss 0.0904 | Val Loss 0.0911 MAE 1.2094 R2 0.0230
2026-08-27 19:00:06 |   Val R2 improved to 0.0230, model saved
2026-08-27 19:00:21 | Epoch   8/100 | Train Loss 0.0889 | Val Loss 0.0900 MAE 1.1963 R2 0.0359
2026-08-27 19:00:23 |   Val R2 improved to 0.0359, model saved
2026-08-27 19:00:40 | Epoch   9/100 | Train Loss 0.0867 | Val Loss 0.0888 MAE 1.1933 R2 0.0489
2026-08-27 19:00:41 |   Val R2 improved to 0.0489, model saved
2026-08-27 19:00:57 | Epoch  10/100 | Train Loss 0.0847 | Val Loss 0.0874 MAE 1.1753 R2 0.0658
2026-08-27 19:00:59 |   Val R2 improved to 0.0658, model saved
2026-08-27 19:01:14 | Epoch  11/100 | Train Loss 0.0822 | Val Loss 0.0859 MAE 1.1695 R2 0.0827
2026-08-27 19:01:16 |   Val R2 improved to 0.0827, model saved
2026-08-27 19:01:32 | Epoch  12/100 | Train Loss 0.0811 | Val Loss 0.0843 MAE 1.1543 R2 0.1019
2026-08-27 19:01:34 |   Val R2 improved to 0.1019, model saved
2026-08-27 19:01:50 | Epoch  13/100 | Train Loss 0.0778 | Val Loss 0.0836 MAE 1.1353 R2 0.1094
2026-08-27 19:01:52 |   Val R2 improved to 0.1094, model saved
2026-08-27 19:02:08 | Epoch  14/100 | Train Loss 0.0756 | Val Loss 0.0809 MAE 1.1281 R2 0.1408
2026-08-27 19:02:09 |   Val R2 improved to 0.1408, model saved
2026-08-27 19:02:25 | Epoch  15/100 | Train Loss 0.0724 | Val Loss 0.0787 MAE 1.1053 R2 0.1665
2026-08-27 19:02:26 |   Val R2 improved to 0.1665, model saved
2026-08-27 19:02:42 | Epoch  16/100 | Train Loss 0.0700 | Val Loss 0.0764 MAE 1.0854 R2 0.1927
2026-08-27 19:02:44 |   Val R2 improved to 0.1927, model saved
2026-08-27 19:03:00 | Epoch  17/100 | Train Loss 0.0660 | Val Loss 0.0752 MAE 1.0691 R2 0.2069
2026-08-27 19:03:01 |   Val R2 improved to 0.2069, model saved
2026-08-27 19:03:17 | Epoch  18/100 | Train Loss 0.0647 | Val Loss 0.0760 MAE 1.0707 R2 0.1974
2026-08-27 19:03:33 | Epoch  19/100 | Train Loss 0.0619 | Val Loss 0.0776 MAE 1.0946 R2 0.1781
2026-08-27 19:03:49 | Epoch  20/100 | Train Loss 0.0615 | Val Loss 0.0781 MAE 1.0772 R2 0.1727
2026-08-27 19:04:06 | Epoch  21/100 | Train Loss 0.0595 | Val Loss 0.0728 MAE 1.0575 R2 0.2341
2026-08-27 19:04:07 |   Val R2 improved to 0.2341, model saved
2026-08-27 19:04:22 | Epoch  22/100 | Train Loss 0.0549 | Val Loss 0.0766 MAE 1.0652 R2 0.1896
2026-08-27 19:04:38 | Epoch  23/100 | Train Loss 0.0520 | Val Loss 0.0737 MAE 1.0439 R2 0.2231
2026-08-27 19:04:54 | Epoch  24/100 | Train Loss 0.0510 | Val Loss 0.0702 MAE 1.0317 R2 0.2641
2026-08-27 19:04:55 |   Val R2 improved to 0.2641, model saved
2026-08-27 19:05:11 | Epoch  25/100 | Train Loss 0.0481 | Val Loss 0.0696 MAE 1.0165 R2 0.2706
2026-08-27 19:05:12 |   Val R2 improved to 0.2706, model saved
2026-08-27 19:05:27 | Epoch  26/100 | Train Loss 0.0462 | Val Loss 0.0701 MAE 1.0147 R2 0.2650
2026-08-27 19:05:43 | Epoch  27/100 | Train Loss 0.0440 | Val Loss 0.0702 MAE 1.0159 R2 0.2634
2026-08-27 19:05:58 | Epoch  28/100 | Train Loss 0.0421 | Val Loss 0.0701 MAE 1.0129 R2 0.2645
2026-08-27 19:06:12 | Epoch  29/100 | Train Loss 0.0415 | Val Loss 0.0761 MAE 1.0540 R2 0.1946
2026-08-27 19:06:26 | Epoch  30/100 | Train Loss 0.0395 | Val Loss 0.0677 MAE 0.9952 R2 0.2929
2026-08-27 19:06:28 |   Val R2 improved to 0.2929, model saved
2026-08-27 19:06:42 | Epoch  31/100 | Train Loss 0.0384 | Val Loss 0.0673 MAE 0.9934 R2 0.2972
2026-08-27 19:06:44 |   Val R2 improved to 0.2972, model saved
2026-08-27 19:06:58 | Epoch  32/100 | Train Loss 0.0362 | Val Loss 0.0719 MAE 1.0229 R2 0.2433
2026-08-27 19:07:13 | Epoch  33/100 | Train Loss 0.0357 | Val Loss 0.0731 MAE 1.0289 R2 0.2292
2026-08-27 19:07:28 | Epoch  34/100 | Train Loss 0.0337 | Val Loss 0.0697 MAE 1.0059 R2 0.2694
2026-08-27 19:07:43 | Epoch  35/100 | Train Loss 0.0343 | Val Loss 0.0716 MAE 1.0157 R2 0.2474
2026-08-27 19:07:57 | Epoch  36/100 | Train Loss 0.0315 | Val Loss 0.0696 MAE 1.0090 R2 0.2703
2026-08-27 19:08:12 | Epoch  37/100 | Train Loss 0.0334 | Val Loss 0.0765 MAE 1.0541 R2 0.1896
2026-08-27 19:08:26 | Epoch  38/100 | Train Loss 0.0308 | Val Loss 0.0769 MAE 1.0566 R2 0.1849
2026-08-27 19:08:41 | Epoch  39/100 | Train Loss 0.0310 | Val Loss 0.0695 MAE 1.0043 R2 0.2722
2026-08-27 19:08:54 | Epoch  40/100 | Train Loss 0.0311 | Val Loss 0.0685 MAE 0.9983 R2 0.2832
2026-08-27 19:09:08 | Epoch  41/100 | Train Loss 0.0309 | Val Loss 0.0689 MAE 1.0046 R2 0.2783
2026-08-27 19:09:08 | Val R2 did not improve for 10 consecutive epochs, early stopping at Epoch 41 (best R2 0.2972 @ Epoch 31)
2026-08-27 19:09:12 | Run 1/5 | Test (best model @ Epoch 31) | Loss 0.0715 MAE 1.0188 R2 0.2959
2026-08-27 19:09:12 | ===== Run 2/5 (seed 1) =====
2026-08-27 19:09:26 | Epoch   1/100 | Train Loss 0.1733 | Val Loss 0.1003 MAE 1.2657 R2 -0.0752
2026-08-27 19:09:27 |   Val R2 improved to -0.0752, model saved
2026-08-27 19:09:41 | Epoch   2/100 | Train Loss 0.1058 | Val Loss 0.0999 MAE 1.2881 R2 -0.0767
2026-08-27 19:09:55 | Epoch   3/100 | Train Loss 0.0989 | Val Loss 0.0979 MAE 1.2409 R2 -0.0563
2026-08-27 19:09:56 |   Val R2 improved to -0.0563, model saved
2026-08-27 19:10:11 | Epoch   4/100 | Train Loss 0.0961 | Val Loss 0.0957 MAE 1.2545 R2 -0.0328
2026-08-27 19:10:12 |   Val R2 improved to -0.0328, model saved
2026-08-27 19:10:27 | Epoch   5/100 | Train Loss 0.0931 | Val Loss 0.0938 MAE 1.2211 R2 -0.0111
2026-08-27 19:10:28 |   Val R2 improved to -0.0111, model saved
2026-08-27 19:10:42 | Epoch   6/100 | Train Loss 0.0913 | Val Loss 0.0922 MAE 1.2227 R2 0.0065
2026-08-27 19:10:43 |   Val R2 improved to 0.0065, model saved
2026-08-27 19:10:55 | Epoch   7/100 | Train Loss 0.0893 | Val Loss 0.0909 MAE 1.2036 R2 0.0215
2026-08-27 19:10:57 |   Val R2 improved to 0.0215, model saved
2026-08-27 19:11:10 | Epoch   8/100 | Train Loss 0.0873 | Val Loss 0.0897 MAE 1.2011 R2 0.0357
2026-08-27 19:11:11 |   Val R2 improved to 0.0357, model saved
2026-08-27 19:11:26 | Epoch   9/100 | Train Loss 0.0862 | Val Loss 0.0884 MAE 1.1891 R2 0.0511
2026-08-27 19:11:27 |   Val R2 improved to 0.0511, model saved
2026-08-27 19:11:39 | Epoch  10/100 | Train Loss 0.0835 | Val Loss 0.0879 MAE 1.1734 R2 0.0563
2026-08-27 19:11:40 |   Val R2 improved to 0.0563, model saved
2026-08-27 19:11:54 | Epoch  11/100 | Train Loss 0.0820 | Val Loss 0.0856 MAE 1.1600 R2 0.0835
2026-08-27 19:11:55 |   Val R2 improved to 0.0835, model saved
2026-08-27 19:12:08 | Epoch  12/100 | Train Loss 0.0792 | Val Loss 0.0847 MAE 1.1636 R2 0.0937
2026-08-27 19:12:09 |   Val R2 improved to 0.0937, model saved
2026-08-27 19:12:23 | Epoch  13/100 | Train Loss 0.0774 | Val Loss 0.0841 MAE 1.1565 R2 0.1006
2026-08-27 19:12:24 |   Val R2 improved to 0.1006, model saved
2026-08-27 19:12:37 | Epoch  14/100 | Train Loss 0.0754 | Val Loss 0.0817 MAE 1.1320 R2 0.1283
2026-08-27 19:12:38 |   Val R2 improved to 0.1283, model saved
2026-08-27 19:12:52 | Epoch  15/100 | Train Loss 0.0736 | Val Loss 0.0805 MAE 1.1173 R2 0.1424
2026-08-27 19:12:53 |   Val R2 improved to 0.1424, model saved
2026-08-27 19:13:07 | Epoch  16/100 | Train Loss 0.0717 | Val Loss 0.0833 MAE 1.1267 R2 0.1094
2026-08-27 19:13:20 | Epoch  17/100 | Train Loss 0.0695 | Val Loss 0.0824 MAE 1.1217 R2 0.1195
2026-08-27 19:13:34 | Epoch  18/100 | Train Loss 0.0661 | Val Loss 0.0786 MAE 1.0987 R2 0.1641
2026-08-27 19:13:35 |   Val R2 improved to 0.1641, model saved
2026-08-27 19:13:49 | Epoch  19/100 | Train Loss 0.0628 | Val Loss 0.0760 MAE 1.0827 R2 0.1942
2026-08-27 19:13:50 |   Val R2 improved to 0.1942, model saved
2026-08-27 19:14:03 | Epoch  20/100 | Train Loss 0.0592 | Val Loss 0.0752 MAE 1.0697 R2 0.2027
2026-08-27 19:14:05 |   Val R2 improved to 0.2027, model saved
2026-08-27 19:14:18 | Epoch  21/100 | Train Loss 0.0573 | Val Loss 0.0733 MAE 1.0595 R2 0.2253
2026-08-27 19:14:19 |   Val R2 improved to 0.2253, model saved
2026-08-27 19:14:33 | Epoch  22/100 | Train Loss 0.0544 | Val Loss 0.0885 MAE 1.1555 R2 0.0478
2026-08-27 19:14:46 | Epoch  23/100 | Train Loss 0.0563 | Val Loss 0.0735 MAE 1.0605 R2 0.2225
2026-08-27 19:15:00 | Epoch  24/100 | Train Loss 0.0527 | Val Loss 0.0738 MAE 1.0594 R2 0.2187
2026-08-27 19:15:13 | Epoch  25/100 | Train Loss 0.0495 | Val Loss 0.0752 MAE 1.0577 R2 0.2027
2026-08-27 19:15:26 | Epoch  26/100 | Train Loss 0.0467 | Val Loss 0.0742 MAE 1.0542 R2 0.2136
2026-08-27 19:15:39 | Epoch  27/100 | Train Loss 0.0435 | Val Loss 0.0727 MAE 1.0401 R2 0.2311
2026-08-27 19:15:40 |   Val R2 improved to 0.2311, model saved
2026-08-27 19:15:54 | Epoch  28/100 | Train Loss 0.0417 | Val Loss 0.0767 MAE 1.0660 R2 0.1852
2026-08-27 19:16:07 | Epoch  29/100 | Train Loss 0.0404 | Val Loss 0.0707 MAE 1.0230 R2 0.2541
2026-08-27 19:16:09 |   Val R2 improved to 0.2541, model saved
2026-08-27 19:16:23 | Epoch  30/100 | Train Loss 0.0396 | Val Loss 0.0736 MAE 1.0400 R2 0.2209
2026-08-27 19:16:36 | Epoch  31/100 | Train Loss 0.0375 | Val Loss 0.0689 MAE 1.0115 R2 0.2754
2026-08-27 19:16:38 |   Val R2 improved to 0.2754, model saved
2026-08-27 19:16:51 | Epoch  32/100 | Train Loss 0.0354 | Val Loss 0.0731 MAE 1.0357 R2 0.2263
2026-08-27 19:17:03 | Epoch  33/100 | Train Loss 0.0337 | Val Loss 0.0693 MAE 1.0106 R2 0.2712
2026-08-27 19:17:17 | Epoch  34/100 | Train Loss 0.0341 | Val Loss 0.0791 MAE 1.0782 R2 0.1559
2026-08-27 19:17:30 | Epoch  35/100 | Train Loss 0.0324 | Val Loss 0.0790 MAE 1.0740 R2 0.1575
2026-08-27 19:17:43 | Epoch  36/100 | Train Loss 0.0301 | Val Loss 0.0721 MAE 1.0242 R2 0.2379
2026-08-27 19:17:56 | Epoch  37/100 | Train Loss 0.0289 | Val Loss 0.0717 MAE 1.0202 R2 0.2429
2026-08-27 19:18:09 | Epoch  38/100 | Train Loss 0.0274 | Val Loss 0.0704 MAE 1.0093 R2 0.2579
2026-08-27 19:18:21 | Epoch  39/100 | Train Loss 0.0275 | Val Loss 0.0685 MAE 0.9955 R2 0.2804
2026-08-27 19:18:22 |   Val R2 improved to 0.2804, model saved
2026-08-27 19:18:35 | Epoch  40/100 | Train Loss 0.0273 | Val Loss 0.0704 MAE 1.0092 R2 0.2579
2026-08-27 19:18:47 | Epoch  41/100 | Train Loss 0.0258 | Val Loss 0.0697 MAE 1.0065 R2 0.2662
2026-08-27 19:19:00 | Epoch  42/100 | Train Loss 0.0270 | Val Loss 0.0704 MAE 1.0129 R2 0.2585
2026-08-27 19:19:12 | Epoch  43/100 | Train Loss 0.0271 | Val Loss 0.0741 MAE 1.0345 R2 0.2144
2026-08-27 19:19:24 | Epoch  44/100 | Train Loss 0.0261 | Val Loss 0.0701 MAE 1.0069 R2 0.2608
2026-08-27 19:19:36 | Epoch  45/100 | Train Loss 0.0260 | Val Loss 0.0694 MAE 1.0087 R2 0.2693
2026-08-27 19:19:48 | Epoch  46/100 | Train Loss 0.0240 | Val Loss 0.0711 MAE 1.0140 R2 0.2495
2026-08-27 19:20:00 | Epoch  47/100 | Train Loss 0.0231 | Val Loss 0.0760 MAE 1.0475 R2 0.1924
2026-08-27 19:20:12 | Epoch  48/100 | Train Loss 0.0220 | Val Loss 0.0730 MAE 1.0251 R2 0.2274
2026-08-27 19:20:24 | Epoch  49/100 | Train Loss 0.0215 | Val Loss 0.0698 MAE 1.0042 R2 0.2644
2026-08-27 19:20:24 | Val R2 did not improve for 10 consecutive epochs, early stopping at Epoch 49 (best R2 0.2804 @ Epoch 39)
2026-08-27 19:20:27 | Run 2/5 | Test (best model @ Epoch 39) | Loss 0.0698 MAE 1.0080 R2 0.3107
2026-08-27 19:20:27 | ===== Run 3/5 (seed 2) =====
2026-08-27 19:20:39 | Epoch   1/100 | Train Loss 0.2444 | Val Loss 0.1155 MAE 1.3146 R2 -0.2511
2026-08-27 19:20:40 |   Val R2 improved to -0.2511, model saved
2026-08-27 19:20:51 | Epoch   2/100 | Train Loss 0.1080 | Val Loss 0.1072 MAE 1.3471 R2 -0.1558
2026-08-27 19:20:53 |   Val R2 improved to -0.1558, model saved
2026-08-27 19:21:04 | Epoch   3/100 | Train Loss 0.1025 | Val Loss 0.0976 MAE 1.2381 R2 -0.0472
2026-08-27 19:21:05 |   Val R2 improved to -0.0472, model saved
2026-08-27 19:21:16 | Epoch   4/100 | Train Loss 0.0986 | Val Loss 0.0950 MAE 1.2368 R2 -0.0183
2026-08-27 19:21:18 |   Val R2 improved to -0.0183, model saved
2026-08-27 19:21:29 | Epoch   5/100 | Train Loss 0.0968 | Val Loss 0.0946 MAE 1.2434 R2 -0.0144
2026-08-27 19:21:30 |   Val R2 improved to -0.0144, model saved
2026-08-27 19:21:41 | Epoch   6/100 | Train Loss 0.0937 | Val Loss 0.0936 MAE 1.2159 R2 -0.0034
2026-08-27 19:21:42 |   Val R2 improved to -0.0034, model saved
2026-08-27 19:21:54 | Epoch   7/100 | Train Loss 0.0923 | Val Loss 0.0924 MAE 1.2247 R2 0.0107
2026-08-27 19:21:54 |   Val R2 improved to 0.0107, model saved
2026-08-27 19:22:06 | Epoch   8/100 | Train Loss 0.0914 | Val Loss 0.0910 MAE 1.2053 R2 0.0260
2026-08-27 19:22:07 |   Val R2 improved to 0.0260, model saved
2026-08-27 19:22:19 | Epoch   9/100 | Train Loss 0.0898 | Val Loss 0.0900 MAE 1.2011 R2 0.0377
2026-08-27 19:22:20 |   Val R2 improved to 0.0377, model saved
2026-08-27 19:22:32 | Epoch  10/100 | Train Loss 0.0884 | Val Loss 0.0893 MAE 1.1883 R2 0.0456
2026-08-27 19:22:33 |   Val R2 improved to 0.0456, model saved
2026-08-27 19:22:45 | Epoch  11/100 | Train Loss 0.0864 | Val Loss 0.0881 MAE 1.1866 R2 0.0600
2026-08-27 19:22:46 |   Val R2 improved to 0.0600, model saved
2026-08-27 19:22:57 | Epoch  12/100 | Train Loss 0.0854 | Val Loss 0.0869 MAE 1.1741 R2 0.0743
2026-08-27 19:22:58 |   Val R2 improved to 0.0743, model saved
2026-08-27 19:23:10 | Epoch  13/100 | Train Loss 0.0830 | Val Loss 0.0855 MAE 1.1621 R2 0.0901
2026-08-27 19:23:11 |   Val R2 improved to 0.0901, model saved
2026-08-27 19:23:23 | Epoch  14/100 | Train Loss 0.0808 | Val Loss 0.0847 MAE 1.1559 R2 0.0997
2026-08-27 19:23:24 |   Val R2 improved to 0.0997, model saved
2026-08-27 19:23:35 | Epoch  15/100 | Train Loss 0.0799 | Val Loss 0.0837 MAE 1.1409 R2 0.1110
2026-08-27 19:23:37 |   Val R2 improved to 0.1110, model saved
2026-08-27 19:23:48 | Epoch  16/100 | Train Loss 0.0776 | Val Loss 0.0826 MAE 1.1323 R2 0.1242
2026-08-27 19:23:49 |   Val R2 improved to 0.1242, model saved
2026-08-27 19:24:00 | Epoch  17/100 | Train Loss 0.0756 | Val Loss 0.0818 MAE 1.1319 R2 0.1324
2026-08-27 19:24:01 |   Val R2 improved to 0.1324, model saved
2026-08-27 19:24:12 | Epoch  18/100 | Train Loss 0.0735 | Val Loss 0.0810 MAE 1.1113 R2 0.1421
2026-08-27 19:24:13 |   Val R2 improved to 0.1421, model saved
2026-08-27 19:24:24 | Epoch  19/100 | Train Loss 0.0706 | Val Loss 0.0797 MAE 1.1137 R2 0.1567
2026-08-27 19:24:25 |   Val R2 improved to 0.1567, model saved
2026-08-27 19:24:37 | Epoch  20/100 | Train Loss 0.0693 | Val Loss 0.0809 MAE 1.0993 R2 0.1434
2026-08-27 19:24:48 | Epoch  21/100 | Train Loss 0.0669 | Val Loss 0.0789 MAE 1.0856 R2 0.1660
2026-08-27 19:24:49 |   Val R2 improved to 0.1660, model saved
2026-08-27 19:25:00 | Epoch  22/100 | Train Loss 0.0637 | Val Loss 0.0772 MAE 1.0913 R2 0.1861
2026-08-27 19:25:01 |   Val R2 improved to 0.1861, model saved
2026-08-27 19:25:12 | Epoch  23/100 | Train Loss 0.0623 | Val Loss 0.0747 MAE 1.0654 R2 0.2148
2026-08-27 19:25:13 |   Val R2 improved to 0.2148, model saved
2026-08-27 19:25:24 | Epoch  24/100 | Train Loss 0.0593 | Val Loss 0.0735 MAE 1.0520 R2 0.2288
2026-08-27 19:25:25 |   Val R2 improved to 0.2288, model saved
2026-08-27 19:25:36 | Epoch  25/100 | Train Loss 0.0569 | Val Loss 0.0729 MAE 1.0509 R2 0.2362
2026-08-27 19:25:37 |   Val R2 improved to 0.2362, model saved
2026-08-27 19:25:49 | Epoch  26/100 | Train Loss 0.0555 | Val Loss 0.0716 MAE 1.0370 R2 0.2506
2026-08-27 19:25:49 |   Val R2 improved to 0.2506, model saved
2026-08-27 19:26:01 | Epoch  27/100 | Train Loss 0.0532 | Val Loss 0.0786 MAE 1.0763 R2 0.1688
2026-08-27 19:26:12 | Epoch  28/100 | Train Loss 0.0509 | Val Loss 0.0707 MAE 1.0266 R2 0.2607
2026-08-27 19:26:13 |   Val R2 improved to 0.2607, model saved
2026-08-27 19:26:24 | Epoch  29/100 | Train Loss 0.0464 | Val Loss 0.0716 MAE 1.0308 R2 0.2504
2026-08-27 19:26:35 | Epoch  30/100 | Train Loss 0.0455 | Val Loss 0.0738 MAE 1.0526 R2 0.2251
2026-08-27 19:26:46 | Epoch  31/100 | Train Loss 0.0448 | Val Loss 0.0787 MAE 1.0738 R2 0.1672
2026-08-27 19:26:57 | Epoch  32/100 | Train Loss 0.0430 | Val Loss 0.0711 MAE 1.0213 R2 0.2553
2026-08-27 19:27:07 | Epoch  33/100 | Train Loss 0.0411 | Val Loss 0.0723 MAE 1.0437 R2 0.2422
2026-08-27 19:27:18 | Epoch  34/100 | Train Loss 0.0431 | Val Loss 0.0708 MAE 1.0174 R2 0.2596
2026-08-27 19:27:28 | Epoch  35/100 | Train Loss 0.0382 | Val Loss 0.0689 MAE 1.0030 R2 0.2821
2026-08-27 19:27:29 |   Val R2 improved to 0.2821, model saved
2026-08-27 19:27:39 | Epoch  36/100 | Train Loss 0.0384 | Val Loss 0.0804 MAE 1.0842 R2 0.1481
2026-08-27 19:27:49 | Epoch  37/100 | Train Loss 0.0376 | Val Loss 0.0731 MAE 1.0316 R2 0.2328
2026-08-27 19:28:00 | Epoch  38/100 | Train Loss 0.0354 | Val Loss 0.0702 MAE 1.0094 R2 0.2664
2026-08-27 19:28:10 | Epoch  39/100 | Train Loss 0.0334 | Val Loss 0.0717 MAE 1.0176 R2 0.2491
2026-08-27 19:28:19 | Epoch  40/100 | Train Loss 0.0327 | Val Loss 0.0730 MAE 1.0271 R2 0.2338
2026-08-27 19:28:28 | Epoch  41/100 | Train Loss 0.0316 | Val Loss 0.0855 MAE 1.1161 R2 0.0881
2026-08-27 19:28:38 | Epoch  42/100 | Train Loss 0.0308 | Val Loss 0.0702 MAE 1.0118 R2 0.2659
2026-08-27 19:28:46 | Epoch  43/100 | Train Loss 0.0322 | Val Loss 0.0858 MAE 1.1201 R2 0.0856
2026-08-27 19:28:56 | Epoch  44/100 | Train Loss 0.0299 | Val Loss 0.0721 MAE 1.0199 R2 0.2446
2026-08-27 19:29:04 | Epoch  45/100 | Train Loss 0.0300 | Val Loss 0.0711 MAE 1.0146 R2 0.2562
2026-08-27 19:29:04 | Val R2 did not improve for 10 consecutive epochs, early stopping at Epoch 45 (best R2 0.2821 @ Epoch 35)
2026-08-27 19:29:07 | Run 3/5 | Test (best model @ Epoch 35) | Loss 0.0728 MAE 1.0367 R2 0.2836
2026-08-27 19:29:07 | ===== Run 4/5 (seed 3) =====
2026-08-27 19:29:16 | Epoch   1/100 | Train Loss 0.1929 | Val Loss 0.1012 MAE 1.2542 R2 -0.0823
2026-08-27 19:29:17 |   Val R2 improved to -0.0823, model saved
2026-08-27 19:29:26 | Epoch   2/100 | Train Loss 0.1087 | Val Loss 0.1037 MAE 1.3180 R2 -0.1145
2026-08-27 19:29:35 | Epoch   3/100 | Train Loss 0.1000 | Val Loss 0.0997 MAE 1.2411 R2 -0.0725
2026-08-27 19:29:36 |   Val R2 improved to -0.0725, model saved
2026-08-27 19:29:45 | Epoch   4/100 | Train Loss 0.0981 | Val Loss 0.0953 MAE 1.2461 R2 -0.0218
2026-08-27 19:29:46 |   Val R2 improved to -0.0218, model saved
2026-08-27 19:29:55 | Epoch   5/100 | Train Loss 0.0949 | Val Loss 0.0935 MAE 1.2261 R2 -0.0020
2026-08-27 19:29:56 |   Val R2 improved to -0.0020, model saved
2026-08-27 19:30:04 | Epoch   6/100 | Train Loss 0.0927 | Val Loss 0.0925 MAE 1.2110 R2 0.0090
2026-08-27 19:30:05 |   Val R2 improved to 0.0090, model saved
2026-08-27 19:30:13 | Epoch   7/100 | Train Loss 0.0916 | Val Loss 0.0916 MAE 1.2142 R2 0.0200
2026-08-27 19:30:14 |   Val R2 improved to 0.0200, model saved
2026-08-27 19:30:22 | Epoch   8/100 | Train Loss 0.0891 | Val Loss 0.0908 MAE 1.1966 R2 0.0291
2026-08-27 19:30:23 |   Val R2 improved to 0.0291, model saved
2026-08-27 19:30:31 | Epoch   9/100 | Train Loss 0.0881 | Val Loss 0.0894 MAE 1.1966 R2 0.0449
2026-08-27 19:30:32 |   Val R2 improved to 0.0449, model saved
2026-08-27 19:30:39 | Epoch  10/100 | Train Loss 0.0859 | Val Loss 0.0882 MAE 1.1803 R2 0.0587
2026-08-27 19:30:40 |   Val R2 improved to 0.0587, model saved
2026-08-27 19:30:48 | Epoch  11/100 | Train Loss 0.0839 | Val Loss 0.0866 MAE 1.1688 R2 0.0780
2026-08-27 19:30:48 |   Val R2 improved to 0.0780, model saved
2026-08-27 19:30:56 | Epoch  12/100 | Train Loss 0.0822 | Val Loss 0.0859 MAE 1.1707 R2 0.0862
2026-08-27 19:30:57 |   Val R2 improved to 0.0862, model saved
2026-08-27 19:31:05 | Epoch  13/100 | Train Loss 0.0795 | Val Loss 0.0840 MAE 1.1506 R2 0.1083
2026-08-27 19:31:06 |   Val R2 improved to 0.1083, model saved
2026-08-27 19:31:13 | Epoch  14/100 | Train Loss 0.0768 | Val Loss 0.0820 MAE 1.1308 R2 0.1307
2026-08-27 19:31:14 |   Val R2 improved to 0.1307, model saved
2026-08-27 19:31:21 | Epoch  15/100 | Train Loss 0.0750 | Val Loss 0.0809 MAE 1.1178 R2 0.1432
2026-08-27 19:31:22 |   Val R2 improved to 0.1432, model saved
2026-08-27 19:31:29 | Epoch  16/100 | Train Loss 0.0728 | Val Loss 0.0794 MAE 1.1133 R2 0.1607
2026-08-27 19:31:30 |   Val R2 improved to 0.1607, model saved
2026-08-27 19:31:38 | Epoch  17/100 | Train Loss 0.0708 | Val Loss 0.0808 MAE 1.1089 R2 0.1448
2026-08-27 19:31:47 | Epoch  18/100 | Train Loss 0.0667 | Val Loss 0.0777 MAE 1.0960 R2 0.1806
2026-08-27 19:31:47 |   Val R2 improved to 0.1806, model saved
2026-08-27 19:31:55 | Epoch  19/100 | Train Loss 0.0648 | Val Loss 0.0762 MAE 1.0741 R2 0.1977
2026-08-27 19:31:55 |   Val R2 improved to 0.1977, model saved
2026-08-27 19:32:03 | Epoch  20/100 | Train Loss 0.0604 | Val Loss 0.0781 MAE 1.0782 R2 0.1754
2026-08-27 19:32:11 | Epoch  21/100 | Train Loss 0.0622 | Val Loss 0.0745 MAE 1.0672 R2 0.2172
2026-08-27 19:32:12 |   Val R2 improved to 0.2172, model saved
2026-08-27 19:32:19 | Epoch  22/100 | Train Loss 0.0572 | Val Loss 0.0744 MAE 1.0519 R2 0.2178
2026-08-27 19:32:20 |   Val R2 improved to 0.2178, model saved
2026-08-27 19:32:27 | Epoch  23/100 | Train Loss 0.0552 | Val Loss 0.0711 MAE 1.0312 R2 0.2568
2026-08-27 19:32:28 |   Val R2 improved to 0.2568, model saved
2026-08-27 19:32:35 | Epoch  24/100 | Train Loss 0.0513 | Val Loss 0.0698 MAE 1.0195 R2 0.2717
2026-08-27 19:32:36 |   Val R2 improved to 0.2717, model saved
2026-08-27 19:32:44 | Epoch  25/100 | Train Loss 0.0493 | Val Loss 0.0773 MAE 1.0668 R2 0.1838
2026-08-27 19:32:52 | Epoch  26/100 | Train Loss 0.0463 | Val Loss 0.0692 MAE 1.0111 R2 0.2775
2026-08-27 19:32:53 |   Val R2 improved to 0.2775, model saved
2026-08-27 19:33:00 | Epoch  27/100 | Train Loss 0.0442 | Val Loss 0.0714 MAE 1.0243 R2 0.2526
2026-08-27 19:33:08 | Epoch  28/100 | Train Loss 0.0452 | Val Loss 0.0781 MAE 1.0740 R2 0.1739
2026-08-27 19:33:16 | Epoch  29/100 | Train Loss 0.0435 | Val Loss 0.0704 MAE 1.0167 R2 0.2640
2026-08-27 19:33:23 | Epoch  30/100 | Train Loss 0.0407 | Val Loss 0.0677 MAE 0.9957 R2 0.2953
2026-08-27 19:33:24 |   Val R2 improved to 0.2953, model saved
2026-08-27 19:33:32 | Epoch  31/100 | Train Loss 0.0385 | Val Loss 0.0729 MAE 1.0296 R2 0.2342
2026-08-27 19:33:40 | Epoch  32/100 | Train Loss 0.0365 | Val Loss 0.0719 MAE 1.0251 R2 0.2462
2026-08-27 19:33:47 | Epoch  33/100 | Train Loss 0.0352 | Val Loss 0.0708 MAE 1.0170 R2 0.2595
2026-08-27 19:33:54 | Epoch  34/100 | Train Loss 0.0358 | Val Loss 0.0747 MAE 1.0406 R2 0.2136
2026-08-27 19:34:01 | Epoch  35/100 | Train Loss 0.0331 | Val Loss 0.0726 MAE 1.0247 R2 0.2382
2026-08-27 19:34:08 | Epoch  36/100 | Train Loss 0.0314 | Val Loss 0.0712 MAE 1.0166 R2 0.2543
2026-08-27 19:34:15 | Epoch  37/100 | Train Loss 0.0312 | Val Loss 0.0736 MAE 1.0337 R2 0.2271
2026-08-27 19:34:22 | Epoch  38/100 | Train Loss 0.0306 | Val Loss 0.0743 MAE 1.0355 R2 0.2187
2026-08-27 19:34:29 | Epoch  39/100 | Train Loss 0.0300 | Val Loss 0.0776 MAE 1.0597 R2 0.1801
2026-08-27 19:34:35 | Epoch  40/100 | Train Loss 0.0286 | Val Loss 0.0700 MAE 1.0075 R2 0.2682
2026-08-27 19:34:35 | Val R2 did not improve for 10 consecutive epochs, early stopping at Epoch 40 (best R2 0.2953 @ Epoch 30)
2026-08-27 19:34:36 | Run 4/5 | Test (best model @ Epoch 30) | Loss 0.0727 MAE 1.0414 R2 0.2851
2026-08-27 19:34:36 | ===== Run 5/5 (seed 4) =====
2026-08-27 19:34:43 | Epoch   1/100 | Train Loss 0.1635 | Val Loss 0.0987 MAE 1.2581 R2 -0.0528
2026-08-27 19:34:43 |   Val R2 improved to -0.0528, model saved
2026-08-27 19:34:50 | Epoch   2/100 | Train Loss 0.1047 | Val Loss 0.0992 MAE 1.2846 R2 -0.0627
2026-08-27 19:34:56 | Epoch   3/100 | Train Loss 0.0974 | Val Loss 0.0973 MAE 1.2324 R2 -0.0445
2026-08-27 19:34:56 |   Val R2 improved to -0.0445, model saved
2026-08-27 19:35:03 | Epoch   4/100 | Train Loss 0.0946 | Val Loss 0.0940 MAE 1.2372 R2 -0.0076
2026-08-27 19:35:03 |   Val R2 improved to -0.0076, model saved
2026-08-27 19:35:10 | Epoch   5/100 | Train Loss 0.0920 | Val Loss 0.0923 MAE 1.2135 R2 0.0111
2026-08-27 19:35:10 |   Val R2 improved to 0.0111, model saved
2026-08-27 19:35:17 | Epoch   6/100 | Train Loss 0.0903 | Val Loss 0.0912 MAE 1.2075 R2 0.0238
2026-08-27 19:35:17 |   Val R2 improved to 0.0238, model saved
2026-08-27 19:35:24 | Epoch   7/100 | Train Loss 0.0893 | Val Loss 0.0902 MAE 1.1978 R2 0.0347
2026-08-27 19:35:24 |   Val R2 improved to 0.0347, model saved
2026-08-27 19:35:30 | Epoch   8/100 | Train Loss 0.0874 | Val Loss 0.0891 MAE 1.1929 R2 0.0467
2026-08-27 19:35:31 |   Val R2 improved to 0.0467, model saved
2026-08-27 19:35:37 | Epoch   9/100 | Train Loss 0.0852 | Val Loss 0.0882 MAE 1.1803 R2 0.0580
2026-08-27 19:35:38 |   Val R2 improved to 0.0580, model saved
2026-08-27 19:35:44 | Epoch  10/100 | Train Loss 0.0837 | Val Loss 0.0871 MAE 1.1786 R2 0.0707
2026-08-27 19:35:44 |   Val R2 improved to 0.0707, model saved
2026-08-27 19:35:51 | Epoch  11/100 | Train Loss 0.0818 | Val Loss 0.0853 MAE 1.1583 R2 0.0907
2026-08-27 19:35:51 |   Val R2 improved to 0.0907, model saved
2026-08-27 19:35:58 | Epoch  12/100 | Train Loss 0.0794 | Val Loss 0.0841 MAE 1.1447 R2 0.1046
2026-08-27 19:35:58 |   Val R2 improved to 0.1046, model saved
2026-08-27 19:36:05 | Epoch  13/100 | Train Loss 0.0762 | Val Loss 0.0824 MAE 1.1328 R2 0.1244
2026-08-27 19:36:05 |   Val R2 improved to 0.1244, model saved
2026-08-27 19:36:11 | Epoch  14/100 | Train Loss 0.0735 | Val Loss 0.0808 MAE 1.1183 R2 0.1431
2026-08-27 19:36:12 |   Val R2 improved to 0.1431, model saved
2026-08-27 19:36:18 | Epoch  15/100 | Train Loss 0.0714 | Val Loss 0.0799 MAE 1.1068 R2 0.1540
2026-08-27 19:36:18 |   Val R2 improved to 0.1540, model saved
2026-08-27 19:36:25 | Epoch  16/100 | Train Loss 0.0689 | Val Loss 0.0784 MAE 1.1050 R2 0.1711
2026-08-27 19:36:25 |   Val R2 improved to 0.1711, model saved
2026-08-27 19:36:32 | Epoch  17/100 | Train Loss 0.0657 | Val Loss 0.0771 MAE 1.0862 R2 0.1858
2026-08-27 19:36:32 |   Val R2 improved to 0.1858, model saved
2026-08-27 19:36:39 | Epoch  18/100 | Train Loss 0.0634 | Val Loss 0.0750 MAE 1.0730 R2 0.2100
2026-08-27 19:36:39 |   Val R2 improved to 0.2100, model saved
2026-08-27 19:36:46 | Epoch  19/100 | Train Loss 0.0607 | Val Loss 0.0772 MAE 1.0776 R2 0.1838
2026-08-27 19:36:52 | Epoch  20/100 | Train Loss 0.0573 | Val Loss 0.0759 MAE 1.0636 R2 0.1991
2026-08-27 19:36:59 | Epoch  21/100 | Train Loss 0.0544 | Val Loss 0.0720 MAE 1.0468 R2 0.2444
2026-08-27 19:36:59 |   Val R2 improved to 0.2444, model saved
2026-08-27 19:37:06 | Epoch  22/100 | Train Loss 0.0531 | Val Loss 0.0770 MAE 1.0692 R2 0.1862
2026-08-27 19:37:11 | Epoch  23/100 | Train Loss 0.0569 | Val Loss 0.0760 MAE 1.0821 R2 0.1979
2026-08-27 19:37:16 | Epoch  24/100 | Train Loss 0.0520 | Val Loss 0.0769 MAE 1.0654 R2 0.1869
2026-08-27 19:37:21 | Epoch  25/100 | Train Loss 0.0484 | Val Loss 0.0713 MAE 1.0400 R2 0.2519
2026-08-27 19:37:21 |   Val R2 improved to 0.2519, model saved
2026-08-27 19:37:26 | Epoch  26/100 | Train Loss 0.0474 | Val Loss 0.0705 MAE 1.0273 R2 0.2617
2026-08-27 19:37:27 |   Val R2 improved to 0.2617, model saved
2026-08-27 19:37:32 | Epoch  27/100 | Train Loss 0.0459 | Val Loss 0.0756 MAE 1.0573 R2 0.2019
2026-08-27 19:37:37 | Epoch  28/100 | Train Loss 0.0434 | Val Loss 0.0711 MAE 1.0248 R2 0.2543
2026-08-27 19:37:41 | Epoch  29/100 | Train Loss 0.0406 | Val Loss 0.0702 MAE 1.0144 R2 0.2645
2026-08-27 19:37:42 |   Val R2 improved to 0.2645, model saved
2026-08-27 19:37:46 | Epoch  30/100 | Train Loss 0.0384 | Val Loss 0.0707 MAE 1.0229 R2 0.2587
2026-08-27 19:37:50 | Epoch  31/100 | Train Loss 0.0388 | Val Loss 0.0717 MAE 1.0270 R2 0.2470
2026-08-27 19:37:54 | Epoch  32/100 | Train Loss 0.0359 | Val Loss 0.0712 MAE 1.0224 R2 0.2525
2026-08-27 19:37:58 | Epoch  33/100 | Train Loss 0.0353 | Val Loss 0.0695 MAE 1.0141 R2 0.2726
2026-08-27 19:37:58 |   Val R2 improved to 0.2726, model saved
2026-08-27 19:38:02 | Epoch  34/100 | Train Loss 0.0331 | Val Loss 0.0740 MAE 1.0423 R2 0.2206
2026-08-27 19:38:06 | Epoch  35/100 | Train Loss 0.0314 | Val Loss 0.0695 MAE 1.0092 R2 0.2728
2026-08-27 19:38:06 |   Val R2 improved to 0.2728, model saved
2026-08-27 19:38:10 | Epoch  36/100 | Train Loss 0.0304 | Val Loss 0.0713 MAE 1.0237 R2 0.2515
2026-08-27 19:38:14 | Epoch  37/100 | Train Loss 0.0292 | Val Loss 0.0723 MAE 1.0271 R2 0.2403
2026-08-27 19:38:18 | Epoch  38/100 | Train Loss 0.0297 | Val Loss 0.0718 MAE 1.0353 R2 0.2463
2026-08-27 19:38:22 | Epoch  39/100 | Train Loss 0.0340 | Val Loss 0.0716 MAE 1.0218 R2 0.2490
2026-08-27 19:38:26 | Epoch  40/100 | Train Loss 0.0299 | Val Loss 0.0705 MAE 1.0152 R2 0.2607
2026-08-27 19:38:30 | Epoch  41/100 | Train Loss 0.0269 | Val Loss 0.0698 MAE 1.0127 R2 0.2694
2026-08-27 19:38:34 | Epoch  42/100 | Train Loss 0.0273 | Val Loss 0.0722 MAE 1.0264 R2 0.2416
2026-08-27 19:38:38 | Epoch  43/100 | Train Loss 0.0249 | Val Loss 0.0692 MAE 1.0072 R2 0.2759
2026-08-27 19:38:38 |   Val R2 improved to 0.2759, model saved
2026-08-27 19:38:42 | Epoch  44/100 | Train Loss 0.0247 | Val Loss 0.0708 MAE 1.0135 R2 0.2576
2026-08-27 19:38:46 | Epoch  45/100 | Train Loss 0.0245 | Val Loss 0.0692 MAE 1.0058 R2 0.2761
2026-08-27 19:38:46 |   Val R2 improved to 0.2761, model saved
2026-08-27 19:38:50 | Epoch  46/100 | Train Loss 0.0237 | Val Loss 0.0725 MAE 1.0244 R2 0.2381
2026-08-27 19:38:54 | Epoch  47/100 | Train Loss 0.0232 | Val Loss 0.0711 MAE 1.0151 R2 0.2539
2026-08-27 19:38:58 | Epoch  48/100 | Train Loss 0.0225 | Val Loss 0.0768 MAE 1.0557 R2 0.1884
2026-08-27 19:39:02 | Epoch  49/100 | Train Loss 0.0233 | Val Loss 0.0700 MAE 1.0140 R2 0.2673
2026-08-27 19:39:06 | Epoch  50/100 | Train Loss 0.0230 | Val Loss 0.0748 MAE 1.0416 R2 0.2118
2026-08-27 19:39:08 | Epoch  51/100 | Train Loss 0.0224 | Val Loss 0.0694 MAE 1.0061 R2 0.2742
2026-08-27 19:39:11 | Epoch  52/100 | Train Loss 0.0212 | Val Loss 0.0701 MAE 1.0124 R2 0.2654
2026-08-27 19:39:14 | Epoch  53/100 | Train Loss 0.0220 | Val Loss 0.0801 MAE 1.0776 R2 0.1500
2026-08-27 19:39:17 | Epoch  54/100 | Train Loss 0.0218 | Val Loss 0.0700 MAE 1.0092 R2 0.2666
2026-08-27 19:39:19 | Epoch  55/100 | Train Loss 0.0220 | Val Loss 0.0706 MAE 1.0170 R2 0.2598
2026-08-27 19:39:19 | Val R2 did not improve for 10 consecutive epochs, early stopping at Epoch 55 (best R2 0.2761 @ Epoch 45)
2026-08-27 19:39:20 | Run 5/5 | Test (best model @ Epoch 45) | Loss 0.0726 MAE 1.0298 R2 0.2848
2026-08-27 19:39:20 | Average over 5 runs | Test Loss 0.0719±0.0013 MAE 1.0269±0.0136 R2 0.2920±0.0116
