2026-08-27 16:13:20 | Device: cuda
2026-08-27 16:13:20 | Args: {'model': 'fgib', 'backbone': 'gnn', 'task': 'cora', 'epochs': 100, 'batch_size': 512, 'lr': 0.01, 'hidden_dims': [512, 256], 'dropout': 0.2, 'z_dim': 256, 'anchor_scale': 10.0, 'max_len': 250, 'random_labels': False, 'beta': 0.01, 'patience': 10, 'runs': 5, 'seed': 0, 'data_dir': './data', 'save_path': 'output/cora_gnn_fgib/cora_gnn_fgib.pt', 'log_path': '/root/autodl-tmp/FGIB/tune_results/cora_gnn_fgib_beta_0.01_anchor_10/train.log', 'no_save': True}
2026-08-27 16:13:29 | Cora 划分（60/20/20 分层）：train 1624 / val 542 / test 542（共 2708 节点，7 类）
2026-08-27 16:13:29 | ===== Run 1/5 (seed 0) =====
2026-08-27 16:13:33 | Epoch   1/100 | Train Loss 2.4577 Acc 0.1096 | Val Loss 2.4012 Acc 0.4465 AUC 0.9090 Pre 0.2531 Rec 0.2821
2026-08-27 16:13:33 |   Val AUC improved to 0.9090, model saved
2026-08-27 16:13:34 | Epoch   2/100 | Train Loss 2.3997 Acc 0.4532 | Val Loss 2.2434 Acc 0.3026 AUC 0.8756 Pre 0.0432 Rec 0.1429
2026-08-27 16:13:34 | Epoch   3/100 | Train Loss 2.2385 Acc 0.3017 | Val Loss 2.1643 Acc 0.3026 AUC 0.8232 Pre 0.0432 Rec 0.1429
2026-08-27 16:13:34 | Epoch   4/100 | Train Loss 2.1655 Acc 0.3017 | Val Loss 1.9748 Acc 0.3100 AUC 0.9120 Pre 0.1864 Rec 0.1497
2026-08-27 16:13:34 |   Val AUC improved to 0.9120, model saved
2026-08-27 16:13:34 | Epoch   5/100 | Train Loss 1.9613 Acc 0.3110 | Val Loss 1.8150 Acc 0.4982 AUC 0.9427 Pre 0.4637 Rec 0.3240
2026-08-27 16:13:35 |   Val AUC improved to 0.9427, model saved
2026-08-27 16:13:35 | Epoch   6/100 | Train Loss 1.7856 Acc 0.5339 | Val Loss 1.6242 Acc 0.6273 AUC 0.9532 Pre 0.5603 Rec 0.4636
2026-08-27 16:13:35 |   Val AUC improved to 0.9532, model saved
2026-08-27 16:13:35 | Epoch   7/100 | Train Loss 1.5788 Acc 0.6595 | Val Loss 1.4004 Acc 0.7011 AUC 0.9577 Pre 0.5378 Rec 0.5469
2026-08-27 16:13:36 |   Val AUC improved to 0.9577, model saved
2026-08-27 16:13:36 | Epoch   8/100 | Train Loss 1.3396 Acc 0.7321 | Val Loss 1.2109 Acc 0.7288 AUC 0.9596 Pre 0.5284 Rec 0.5812
2026-08-27 16:13:36 |   Val AUC improved to 0.9596, model saved
2026-08-27 16:13:37 | Epoch   9/100 | Train Loss 1.1380 Acc 0.7562 | Val Loss 1.0674 Acc 0.7601 AUC 0.9622 Pre 0.6827 Rec 0.6218
2026-08-27 16:13:37 |   Val AUC improved to 0.9622, model saved
2026-08-27 16:13:37 | Epoch  10/100 | Train Loss 0.9783 Acc 0.7734 | Val Loss 0.9532 Acc 0.7712 AUC 0.9661 Pre 0.8227 Rec 0.6459
2026-08-27 16:13:37 |   Val AUC improved to 0.9661, model saved
2026-08-27 16:13:38 | Epoch  11/100 | Train Loss 0.8529 Acc 0.7937 | Val Loss 0.8830 Acc 0.7768 AUC 0.9690 Pre 0.8290 Rec 0.6711
2026-08-27 16:13:38 |   Val AUC improved to 0.9690, model saved
2026-08-27 16:13:38 | Epoch  12/100 | Train Loss 0.7605 Acc 0.8110 | Val Loss 0.8317 Acc 0.8081 AUC 0.9714 Pre 0.8404 Rec 0.7261
2026-08-27 16:13:39 |   Val AUC improved to 0.9714, model saved
2026-08-27 16:13:39 | Epoch  13/100 | Train Loss 0.6735 Acc 0.8608 | Val Loss 0.7858 Acc 0.8506 AUC 0.9730 Pre 0.8574 Rec 0.8075
2026-08-27 16:13:39 |   Val AUC improved to 0.9730, model saved
2026-08-27 16:13:39 | Epoch  14/100 | Train Loss 0.5853 Acc 0.9058 | Val Loss 0.7548 Acc 0.8635 AUC 0.9734 Pre 0.8466 Rec 0.8367
2026-08-27 16:13:40 |   Val AUC improved to 0.9734, model saved
2026-08-27 16:13:40 | Epoch  15/100 | Train Loss 0.5104 Acc 0.9267 | Val Loss 0.7403 Acc 0.8653 AUC 0.9734 Pre 0.8468 Rec 0.8432
2026-08-27 16:13:40 |   Val AUC improved to 0.9734, model saved
2026-08-27 16:13:40 | Epoch  16/100 | Train Loss 0.4592 Acc 0.9292 | Val Loss 0.7379 Acc 0.8690 AUC 0.9738 Pre 0.8491 Rec 0.8509
2026-08-27 16:13:41 |   Val AUC improved to 0.9738, model saved
2026-08-27 16:13:41 | Epoch  17/100 | Train Loss 0.4190 Acc 0.9329 | Val Loss 0.7453 Acc 0.8653 AUC 0.9740 Pre 0.8439 Rec 0.8512
2026-08-27 16:13:42 |   Val AUC improved to 0.9740, model saved
2026-08-27 16:13:42 | Epoch  18/100 | Train Loss 0.3867 Acc 0.9360 | Val Loss 0.7595 Acc 0.8635 AUC 0.9737 Pre 0.8426 Rec 0.8534
2026-08-27 16:13:42 | Epoch  19/100 | Train Loss 0.3549 Acc 0.9433 | Val Loss 0.7802 Acc 0.8653 AUC 0.9734 Pre 0.8494 Rec 0.8535
2026-08-27 16:13:42 | Epoch  20/100 | Train Loss 0.3281 Acc 0.9483 | Val Loss 0.8058 Acc 0.8653 AUC 0.9730 Pre 0.8523 Rec 0.8530
2026-08-27 16:13:42 | Epoch  21/100 | Train Loss 0.3036 Acc 0.9538 | Val Loss 0.8229 Acc 0.8708 AUC 0.9727 Pre 0.8594 Rec 0.8592
2026-08-27 16:13:42 | Epoch  22/100 | Train Loss 0.2766 Acc 0.9575 | Val Loss 0.8386 Acc 0.8690 AUC 0.9722 Pre 0.8609 Rec 0.8571
2026-08-27 16:13:42 | Epoch  23/100 | Train Loss 0.2531 Acc 0.9612 | Val Loss 0.8580 Acc 0.8690 AUC 0.9718 Pre 0.8609 Rec 0.8594
2026-08-27 16:13:42 | Epoch  24/100 | Train Loss 0.2358 Acc 0.9649 | Val Loss 0.8809 Acc 0.8672 AUC 0.9712 Pre 0.8565 Rec 0.8577
2026-08-27 16:13:42 | Epoch  25/100 | Train Loss 0.2192 Acc 0.9643 | Val Loss 0.9061 Acc 0.8672 AUC 0.9708 Pre 0.8563 Rec 0.8547
2026-08-27 16:13:42 | Epoch  26/100 | Train Loss 0.2102 Acc 0.9711 | Val Loss 0.9288 Acc 0.8672 AUC 0.9701 Pre 0.8572 Rec 0.8555
2026-08-27 16:13:42 | Epoch  27/100 | Train Loss 0.1997 Acc 0.9711 | Val Loss 0.9458 Acc 0.8635 AUC 0.9697 Pre 0.8498 Rec 0.8498
2026-08-27 16:13:42 | Val AUC did not improve for 10 consecutive epochs, early stopping at Epoch 27 (best AUC 0.9740 @ Epoch 17)
2026-08-27 16:13:43 | Run 1/5 | Test (best model @ Epoch 17) | Loss 0.7163 Acc 0.8893 AUC 0.9783 Pre 0.8751 Rec 0.8826
2026-08-27 16:13:43 | ===== Run 2/5 (seed 1) =====
2026-08-27 16:13:43 | Epoch   1/100 | Train Loss 2.4363 Acc 0.3017 | Val Loss 2.3767 Acc 0.3026 AUC 0.9060 Pre 0.0432 Rec 0.1429
2026-08-27 16:13:43 |   Val AUC improved to 0.9060, model saved
2026-08-27 16:13:43 | Epoch   2/100 | Train Loss 2.3748 Acc 0.3017 | Val Loss 2.2196 Acc 0.3026 AUC 0.8688 Pre 0.0432 Rec 0.1429
2026-08-27 16:13:43 | Epoch   3/100 | Train Loss 2.2160 Acc 0.3017 | Val Loss 2.1737 Acc 0.3026 AUC 0.8266 Pre 0.0432 Rec 0.1429
2026-08-27 16:13:44 | Epoch   4/100 | Train Loss 2.1773 Acc 0.3017 | Val Loss 1.9643 Acc 0.3026 AUC 0.9175 Pre 0.0432 Rec 0.1429
2026-08-27 16:13:44 |   Val AUC improved to 0.9175, model saved
2026-08-27 16:13:44 | Epoch   5/100 | Train Loss 1.9519 Acc 0.3054 | Val Loss 1.8355 Acc 0.5166 AUC 0.9455 Pre 0.6083 Rec 0.3423
2026-08-27 16:13:45 |   Val AUC improved to 0.9455, model saved
2026-08-27 16:13:45 | Epoch   6/100 | Train Loss 1.8105 Acc 0.5480 | Val Loss 1.6605 Acc 0.6716 AUC 0.9549 Pre 0.5370 Rec 0.5147
2026-08-27 16:13:46 |   Val AUC improved to 0.9549, model saved
2026-08-27 16:13:46 | Epoch   7/100 | Train Loss 1.6210 Acc 0.6903 | Val Loss 1.4352 Acc 0.7159 AUC 0.9586 Pre 0.5321 Rec 0.5666
2026-08-27 16:13:46 |   Val AUC improved to 0.9586, model saved
2026-08-27 16:13:46 | Epoch   8/100 | Train Loss 1.3846 Acc 0.7414 | Val Loss 1.2385 Acc 0.7269 AUC 0.9599 Pre 0.5289 Rec 0.5822
2026-08-27 16:13:47 |   Val AUC improved to 0.9599, model saved
2026-08-27 16:13:47 | Epoch   9/100 | Train Loss 1.1714 Acc 0.7648 | Val Loss 1.0961 Acc 0.7583 AUC 0.9621 Pre 0.6858 Rec 0.6224
2026-08-27 16:13:48 |   Val AUC improved to 0.9621, model saved
2026-08-27 16:13:48 | Epoch  10/100 | Train Loss 1.0135 Acc 0.7789 | Val Loss 0.9855 Acc 0.7786 AUC 0.9656 Pre 0.6887 Rec 0.6555
2026-08-27 16:13:48 |   Val AUC improved to 0.9656, model saved
2026-08-27 16:13:49 | Epoch  11/100 | Train Loss 0.8918 Acc 0.7925 | Val Loss 0.9187 Acc 0.7731 AUC 0.9678 Pre 0.6844 Rec 0.6656
2026-08-27 16:13:49 |   Val AUC improved to 0.9678, model saved
2026-08-27 16:13:49 | Epoch  12/100 | Train Loss 0.8084 Acc 0.8054 | Val Loss 0.8518 Acc 0.8118 AUC 0.9698 Pre 0.8454 Rec 0.7343
2026-08-27 16:13:50 |   Val AUC improved to 0.9698, model saved
2026-08-27 16:13:50 | Epoch  13/100 | Train Loss 0.7080 Acc 0.8559 | Val Loss 0.7842 Acc 0.8579 AUC 0.9719 Pre 0.8677 Rec 0.8174
2026-08-27 16:13:51 |   Val AUC improved to 0.9719, model saved
2026-08-27 16:13:51 | Epoch  14/100 | Train Loss 0.6018 Acc 0.9058 | Val Loss 0.7383 Acc 0.8727 AUC 0.9732 Pre 0.8627 Rec 0.8411
2026-08-27 16:13:52 |   Val AUC improved to 0.9732, model saved
2026-08-27 16:13:52 | Epoch  15/100 | Train Loss 0.5191 Acc 0.9218 | Val Loss 0.7169 Acc 0.8727 AUC 0.9738 Pre 0.8575 Rec 0.8463
2026-08-27 16:13:52 |   Val AUC improved to 0.9738, model saved
2026-08-27 16:13:53 | Epoch  16/100 | Train Loss 0.4593 Acc 0.9267 | Val Loss 0.7201 Acc 0.8690 AUC 0.9743 Pre 0.8497 Rec 0.8493
2026-08-27 16:13:53 |   Val AUC improved to 0.9743, model saved
2026-08-27 16:13:53 | Epoch  17/100 | Train Loss 0.4275 Acc 0.9292 | Val Loss 0.7275 Acc 0.8672 AUC 0.9751 Pre 0.8443 Rec 0.8496
2026-08-27 16:13:54 |   Val AUC improved to 0.9751, model saved
2026-08-27 16:13:54 | Epoch  18/100 | Train Loss 0.4004 Acc 0.9353 | Val Loss 0.7383 Acc 0.8653 AUC 0.9756 Pre 0.8404 Rec 0.8530
2026-08-27 16:13:55 |   Val AUC improved to 0.9756, model saved
2026-08-27 16:13:55 | Epoch  19/100 | Train Loss 0.3748 Acc 0.9390 | Val Loss 0.7555 Acc 0.8672 AUC 0.9755 Pre 0.8436 Rec 0.8547
2026-08-27 16:13:55 | Epoch  20/100 | Train Loss 0.3427 Acc 0.9470 | Val Loss 0.7730 Acc 0.8653 AUC 0.9749 Pre 0.8486 Rec 0.8516
2026-08-27 16:13:55 | Epoch  21/100 | Train Loss 0.3136 Acc 0.9507 | Val Loss 0.7928 Acc 0.8690 AUC 0.9743 Pre 0.8560 Rec 0.8552
2026-08-27 16:13:55 | Epoch  22/100 | Train Loss 0.2811 Acc 0.9563 | Val Loss 0.8115 Acc 0.8708 AUC 0.9736 Pre 0.8586 Rec 0.8572
2026-08-27 16:13:55 | Epoch  23/100 | Train Loss 0.2552 Acc 0.9581 | Val Loss 0.8296 Acc 0.8690 AUC 0.9730 Pre 0.8597 Rec 0.8583
2026-08-27 16:13:55 | Epoch  24/100 | Train Loss 0.2375 Acc 0.9618 | Val Loss 0.8529 Acc 0.8635 AUC 0.9725 Pre 0.8513 Rec 0.8522
2026-08-27 16:13:55 | Epoch  25/100 | Train Loss 0.2242 Acc 0.9674 | Val Loss 0.8790 Acc 0.8616 AUC 0.9721 Pre 0.8491 Rec 0.8482
2026-08-27 16:13:55 | Epoch  26/100 | Train Loss 0.2147 Acc 0.9704 | Val Loss 0.9013 Acc 0.8635 AUC 0.9713 Pre 0.8504 Rec 0.8514
2026-08-27 16:13:55 | Epoch  27/100 | Train Loss 0.2051 Acc 0.9754 | Val Loss 0.9175 Acc 0.8635 AUC 0.9707 Pre 0.8504 Rec 0.8514
2026-08-27 16:13:56 | Epoch  28/100 | Train Loss 0.1933 Acc 0.9729 | Val Loss 0.9280 Acc 0.8672 AUC 0.9703 Pre 0.8533 Rec 0.8547
2026-08-27 16:13:56 | Val AUC did not improve for 10 consecutive epochs, early stopping at Epoch 28 (best AUC 0.9756 @ Epoch 18)
2026-08-27 16:13:56 | Run 2/5 | Test (best model @ Epoch 18) | Loss 0.6995 Acc 0.8819 AUC 0.9800 Pre 0.8681 Rec 0.8828
2026-08-27 16:13:56 | ===== Run 3/5 (seed 2) =====
2026-08-27 16:13:56 | Epoch   1/100 | Train Loss 2.4523 Acc 0.0683 | Val Loss 2.3955 Acc 0.5092 AUC 0.9171 Pre 0.2465 Rec 0.3439
2026-08-27 16:13:57 |   Val AUC improved to 0.9171, model saved
2026-08-27 16:13:57 | Epoch   2/100 | Train Loss 2.3936 Acc 0.5080 | Val Loss 2.2368 Acc 0.3026 AUC 0.8911 Pre 0.0432 Rec 0.1429
2026-08-27 16:13:57 | Epoch   3/100 | Train Loss 2.2337 Acc 0.3017 | Val Loss 2.1559 Acc 0.3026 AUC 0.8586 Pre 0.0432 Rec 0.1429
2026-08-27 16:13:57 | Epoch   4/100 | Train Loss 2.1579 Acc 0.3017 | Val Loss 1.9635 Acc 0.3026 AUC 0.9233 Pre 0.0432 Rec 0.1429
2026-08-27 16:13:58 |   Val AUC improved to 0.9233, model saved
2026-08-27 16:13:58 | Epoch   5/100 | Train Loss 1.9514 Acc 0.3023 | Val Loss 1.7959 Acc 0.4963 AUC 0.9482 Pre 0.5912 Rec 0.3236
2026-08-27 16:13:59 |   Val AUC improved to 0.9482, model saved
2026-08-27 16:13:59 | Epoch   6/100 | Train Loss 1.7676 Acc 0.5117 | Val Loss 1.5968 Acc 0.6863 AUC 0.9577 Pre 0.5521 Rec 0.5414
2026-08-27 16:13:59 |   Val AUC improved to 0.9577, model saved
2026-08-27 16:13:59 | Epoch   7/100 | Train Loss 1.5517 Acc 0.7284 | Val Loss 1.3562 Acc 0.7491 AUC 0.9617 Pre 0.6944 Rec 0.6142
2026-08-27 16:14:00 |   Val AUC improved to 0.9617, model saved
2026-08-27 16:14:00 | Epoch   8/100 | Train Loss 1.2950 Acc 0.7709 | Val Loss 1.1406 Acc 0.7620 AUC 0.9637 Pre 0.6857 Rec 0.6316
2026-08-27 16:14:01 |   Val AUC improved to 0.9637, model saved
2026-08-27 16:14:01 | Epoch   9/100 | Train Loss 1.0594 Acc 0.7839 | Val Loss 0.9894 Acc 0.7694 AUC 0.9661 Pre 0.8252 Rec 0.6464
2026-08-27 16:14:02 |   Val AUC improved to 0.9661, model saved
2026-08-27 16:14:02 | Epoch  10/100 | Train Loss 0.8933 Acc 0.7931 | Val Loss 0.9062 Acc 0.7823 AUC 0.9687 Pre 0.8276 Rec 0.6715
2026-08-27 16:14:03 |   Val AUC improved to 0.9687, model saved
2026-08-27 16:14:03 | Epoch  11/100 | Train Loss 0.7920 Acc 0.8048 | Val Loss 0.8475 Acc 0.8026 AUC 0.9710 Pre 0.8373 Rec 0.7265
2026-08-27 16:14:04 |   Val AUC improved to 0.9710, model saved
2026-08-27 16:14:04 | Epoch  12/100 | Train Loss 0.7086 Acc 0.8615 | Val Loss 0.7811 Acc 0.8561 AUC 0.9730 Pre 0.8603 Rec 0.8149
2026-08-27 16:14:05 |   Val AUC improved to 0.9730, model saved
2026-08-27 16:14:05 | Epoch  13/100 | Train Loss 0.6101 Acc 0.9058 | Val Loss 0.7279 Acc 0.8727 AUC 0.9746 Pre 0.8620 Rec 0.8494
2026-08-27 16:14:05 |   Val AUC improved to 0.9746, model saved
2026-08-27 16:14:06 | Epoch  14/100 | Train Loss 0.5147 Acc 0.9206 | Val Loss 0.7049 Acc 0.8708 AUC 0.9752 Pre 0.8479 Rec 0.8466
2026-08-27 16:14:06 |   Val AUC improved to 0.9752, model saved
2026-08-27 16:14:06 | Epoch  15/100 | Train Loss 0.4527 Acc 0.9304 | Val Loss 0.7178 Acc 0.8801 AUC 0.9752 Pre 0.8620 Rec 0.8640
2026-08-27 16:14:07 | Epoch  16/100 | Train Loss 0.4274 Acc 0.9347 | Val Loss 0.7390 Acc 0.8708 AUC 0.9751 Pre 0.8550 Rec 0.8562
2026-08-27 16:14:07 | Epoch  17/100 | Train Loss 0.4040 Acc 0.9341 | Val Loss 0.7479 Acc 0.8672 AUC 0.9750 Pre 0.8505 Rec 0.8493
2026-08-27 16:14:07 | Epoch  18/100 | Train Loss 0.3701 Acc 0.9397 | Val Loss 0.7568 Acc 0.8653 AUC 0.9748 Pre 0.8508 Rec 0.8515
2026-08-27 16:14:07 | Epoch  19/100 | Train Loss 0.3362 Acc 0.9464 | Val Loss 0.7707 Acc 0.8690 AUC 0.9745 Pre 0.8568 Rec 0.8556
2026-08-27 16:14:07 | Epoch  20/100 | Train Loss 0.3039 Acc 0.9495 | Val Loss 0.7919 Acc 0.8653 AUC 0.9739 Pre 0.8547 Rec 0.8523
2026-08-27 16:14:07 | Epoch  21/100 | Train Loss 0.2704 Acc 0.9587 | Val Loss 0.8197 Acc 0.8690 AUC 0.9733 Pre 0.8598 Rec 0.8571
2026-08-27 16:14:07 | Epoch  22/100 | Train Loss 0.2506 Acc 0.9594 | Val Loss 0.8464 Acc 0.8598 AUC 0.9727 Pre 0.8500 Rec 0.8485
2026-08-27 16:14:07 | Epoch  23/100 | Train Loss 0.2368 Acc 0.9655 | Val Loss 0.8724 Acc 0.8598 AUC 0.9722 Pre 0.8492 Rec 0.8485
2026-08-27 16:14:07 | Epoch  24/100 | Train Loss 0.2247 Acc 0.9704 | Val Loss 0.8948 Acc 0.8616 AUC 0.9716 Pre 0.8512 Rec 0.8505
2026-08-27 16:14:07 | Val AUC did not improve for 10 consecutive epochs, early stopping at Epoch 24 (best AUC 0.9752 @ Epoch 14)
2026-08-27 16:14:07 | Run 3/5 | Test (best model @ Epoch 14) | Loss 0.6853 Acc 0.8819 AUC 0.9781 Pre 0.8697 Rec 0.8695
2026-08-27 16:14:07 | ===== Run 4/5 (seed 3) =====
2026-08-27 16:14:08 | Epoch   1/100 | Train Loss 2.4346 Acc 0.1539 | Val Loss 2.3777 Acc 0.3026 AUC 0.9169 Pre 0.0432 Rec 0.1429
2026-08-27 16:14:08 |   Val AUC improved to 0.9169, model saved
2026-08-27 16:14:08 | Epoch   2/100 | Train Loss 2.3763 Acc 0.3017 | Val Loss 2.2210 Acc 0.3026 AUC 0.8883 Pre 0.0432 Rec 0.1429
2026-08-27 16:14:08 | Epoch   3/100 | Train Loss 2.2184 Acc 0.3017 | Val Loss 2.1530 Acc 0.3026 AUC 0.8508 Pre 0.0432 Rec 0.1429
2026-08-27 16:14:08 | Epoch   4/100 | Train Loss 2.1587 Acc 0.3017 | Val Loss 1.9540 Acc 0.3026 AUC 0.9255 Pre 0.0432 Rec 0.1429
2026-08-27 16:14:09 |   Val AUC improved to 0.9255, model saved
2026-08-27 16:14:09 | Epoch   5/100 | Train Loss 1.9417 Acc 0.3079 | Val Loss 1.8009 Acc 0.5129 AUC 0.9501 Pre 0.4640 Rec 0.3382
2026-08-27 16:14:10 |   Val AUC improved to 0.9501, model saved
2026-08-27 16:14:10 | Epoch   6/100 | Train Loss 1.7761 Acc 0.5548 | Val Loss 1.6085 Acc 0.6790 AUC 0.9581 Pre 0.5492 Rec 0.5196
2026-08-27 16:14:11 |   Val AUC improved to 0.9581, model saved
2026-08-27 16:14:11 | Epoch   7/100 | Train Loss 1.5680 Acc 0.6915 | Val Loss 1.3779 Acc 0.7362 AUC 0.9607 Pre 0.6918 Rec 0.5906
2026-08-27 16:14:11 |   Val AUC improved to 0.9607, model saved
2026-08-27 16:14:12 | Epoch   8/100 | Train Loss 1.3212 Acc 0.7494 | Val Loss 1.1807 Acc 0.7491 AUC 0.9614 Pre 0.6939 Rec 0.6074
2026-08-27 16:14:12 |   Val AUC improved to 0.9614, model saved
2026-08-27 16:14:12 | Epoch   9/100 | Train Loss 1.1086 Acc 0.7660 | Val Loss 1.0348 Acc 0.7878 AUC 0.9640 Pre 0.8508 Rec 0.6688
2026-08-27 16:14:13 |   Val AUC improved to 0.9640, model saved
2026-08-27 16:14:13 | Epoch  10/100 | Train Loss 0.9482 Acc 0.8079 | Val Loss 0.9233 Acc 0.8063 AUC 0.9677 Pre 0.8465 Rec 0.7066
2026-08-27 16:14:14 |   Val AUC improved to 0.9677, model saved
2026-08-27 16:14:14 | Epoch  11/100 | Train Loss 0.8211 Acc 0.8356 | Val Loss 0.8572 Acc 0.8210 AUC 0.9702 Pre 0.8400 Rec 0.7471
2026-08-27 16:14:15 |   Val AUC improved to 0.9702, model saved
2026-08-27 16:14:15 | Epoch  12/100 | Train Loss 0.7346 Acc 0.8621 | Val Loss 0.7986 Acc 0.8524 AUC 0.9723 Pre 0.8626 Rec 0.8064
2026-08-27 16:14:16 |   Val AUC improved to 0.9723, model saved
2026-08-27 16:14:16 | Epoch  13/100 | Train Loss 0.6409 Acc 0.8947 | Val Loss 0.7498 Acc 0.8690 AUC 0.9739 Pre 0.8592 Rec 0.8416
2026-08-27 16:14:16 |   Val AUC improved to 0.9739, model saved
2026-08-27 16:14:16 | Epoch  14/100 | Train Loss 0.5458 Acc 0.9163 | Val Loss 0.7231 Acc 0.8727 AUC 0.9746 Pre 0.8558 Rec 0.8494
2026-08-27 16:14:17 |   Val AUC improved to 0.9746, model saved
2026-08-27 16:14:17 | Epoch  15/100 | Train Loss 0.4757 Acc 0.9212 | Val Loss 0.7188 Acc 0.8708 AUC 0.9749 Pre 0.8565 Rec 0.8517
2026-08-27 16:14:18 |   Val AUC improved to 0.9749, model saved
2026-08-27 16:14:18 | Epoch  16/100 | Train Loss 0.4362 Acc 0.9249 | Val Loss 0.7236 Acc 0.8764 AUC 0.9755 Pre 0.8557 Rec 0.8576
2026-08-27 16:14:19 |   Val AUC improved to 0.9755, model saved
2026-08-27 16:14:19 | Epoch  17/100 | Train Loss 0.4031 Acc 0.9335 | Val Loss 0.7310 Acc 0.8690 AUC 0.9755 Pre 0.8474 Rec 0.8510
2026-08-27 16:14:20 |   Val AUC improved to 0.9755, model saved
2026-08-27 16:14:20 | Epoch  18/100 | Train Loss 0.3747 Acc 0.9353 | Val Loss 0.7411 Acc 0.8672 AUC 0.9757 Pre 0.8461 Rec 0.8540
2026-08-27 16:14:21 |   Val AUC improved to 0.9757, model saved
2026-08-27 16:14:21 | Epoch  19/100 | Train Loss 0.3413 Acc 0.9446 | Val Loss 0.7598 Acc 0.8690 AUC 0.9752 Pre 0.8514 Rec 0.8549
2026-08-27 16:14:21 | Epoch  20/100 | Train Loss 0.3186 Acc 0.9489 | Val Loss 0.7852 Acc 0.8672 AUC 0.9748 Pre 0.8542 Rec 0.8555
2026-08-27 16:14:21 | Epoch  21/100 | Train Loss 0.2922 Acc 0.9520 | Val Loss 0.8119 Acc 0.8672 AUC 0.9742 Pre 0.8560 Rec 0.8547
2026-08-27 16:14:21 | Epoch  22/100 | Train Loss 0.2702 Acc 0.9569 | Val Loss 0.8315 Acc 0.8653 AUC 0.9734 Pre 0.8586 Rec 0.8530
2026-08-27 16:14:21 | Epoch  23/100 | Train Loss 0.2490 Acc 0.9594 | Val Loss 0.8497 Acc 0.8653 AUC 0.9726 Pre 0.8579 Rec 0.8542
2026-08-27 16:14:21 | Epoch  24/100 | Train Loss 0.2335 Acc 0.9637 | Val Loss 0.8700 Acc 0.8653 AUC 0.9719 Pre 0.8566 Rec 0.8554
2026-08-27 16:14:21 | Epoch  25/100 | Train Loss 0.2172 Acc 0.9680 | Val Loss 0.8934 Acc 0.8672 AUC 0.9715 Pre 0.8576 Rec 0.8543
2026-08-27 16:14:21 | Epoch  26/100 | Train Loss 0.2063 Acc 0.9686 | Val Loss 0.9168 Acc 0.8635 AUC 0.9712 Pre 0.8486 Rec 0.8526
2026-08-27 16:14:21 | Epoch  27/100 | Train Loss 0.1945 Acc 0.9741 | Val Loss 0.9368 Acc 0.8708 AUC 0.9706 Pre 0.8558 Rec 0.8591
2026-08-27 16:14:21 | Epoch  28/100 | Train Loss 0.1855 Acc 0.9772 | Val Loss 0.9526 Acc 0.8690 AUC 0.9699 Pre 0.8538 Rec 0.8567
2026-08-27 16:14:21 | Val AUC did not improve for 10 consecutive epochs, early stopping at Epoch 28 (best AUC 0.9757 @ Epoch 18)
2026-08-27 16:14:21 | Run 4/5 | Test (best model @ Epoch 18) | Loss 0.7180 Acc 0.8856 AUC 0.9793 Pre 0.8743 Rec 0.8847
2026-08-27 16:14:21 | ===== Run 5/5 (seed 4) =====
2026-08-27 16:14:21 | Epoch   1/100 | Train Loss 2.4547 Acc 0.1004 | Val Loss 2.3976 Acc 0.4926 AUC 0.9204 Pre 0.2612 Rec 0.3278
2026-08-27 16:14:22 |   Val AUC improved to 0.9204, model saved
2026-08-27 16:14:22 | Epoch   2/100 | Train Loss 2.3956 Acc 0.4945 | Val Loss 2.2368 Acc 0.3026 AUC 0.8877 Pre 0.0432 Rec 0.1429
2026-08-27 16:14:22 | Epoch   3/100 | Train Loss 2.2323 Acc 0.3017 | Val Loss 2.1393 Acc 0.3026 AUC 0.8480 Pre 0.0432 Rec 0.1429
2026-08-27 16:14:22 | Epoch   4/100 | Train Loss 2.1396 Acc 0.3017 | Val Loss 1.9385 Acc 0.3192 AUC 0.9173 Pre 0.1868 Rec 0.1582
2026-08-27 16:14:22 | Epoch   5/100 | Train Loss 1.9229 Acc 0.3319 | Val Loss 1.7502 Acc 0.5314 AUC 0.9446 Pre 0.5678 Rec 0.3569
2026-08-27 16:14:23 |   Val AUC improved to 0.9446, model saved
2026-08-27 16:14:23 | Epoch   6/100 | Train Loss 1.7192 Acc 0.5733 | Val Loss 1.5392 Acc 0.6993 AUC 0.9547 Pre 0.5336 Rec 0.5508
2026-08-27 16:14:23 |   Val AUC improved to 0.9547, model saved
2026-08-27 16:14:23 | Epoch   7/100 | Train Loss 1.4944 Acc 0.7278 | Val Loss 1.3121 Acc 0.7380 AUC 0.9583 Pre 0.5458 Rec 0.5955
2026-08-27 16:14:24 |   Val AUC improved to 0.9583, model saved
2026-08-27 16:14:24 | Epoch   8/100 | Train Loss 1.2554 Acc 0.7611 | Val Loss 1.1347 Acc 0.7546 AUC 0.9606 Pre 0.5455 Rec 0.6179
2026-08-27 16:14:24 |   Val AUC improved to 0.9606, model saved
2026-08-27 16:14:24 | Epoch   9/100 | Train Loss 1.0611 Acc 0.7746 | Val Loss 1.0145 Acc 0.7638 AUC 0.9640 Pre 0.5409 Rec 0.6295
2026-08-27 16:14:25 |   Val AUC improved to 0.9640, model saved
2026-08-27 16:14:25 | Epoch  10/100 | Train Loss 0.9258 Acc 0.7839 | Val Loss 0.9263 Acc 0.7731 AUC 0.9670 Pre 0.8257 Rec 0.6508
2026-08-27 16:14:25 |   Val AUC improved to 0.9670, model saved
2026-08-27 16:14:25 | Epoch  11/100 | Train Loss 0.8195 Acc 0.7894 | Val Loss 0.8666 Acc 0.7878 AUC 0.9690 Pre 0.8334 Rec 0.6827
2026-08-27 16:14:26 |   Val AUC improved to 0.9690, model saved
2026-08-27 16:14:26 | Epoch  12/100 | Train Loss 0.7310 Acc 0.8270 | Val Loss 0.8110 Acc 0.8266 AUC 0.9712 Pre 0.8486 Rec 0.7605
2026-08-27 16:14:26 |   Val AUC improved to 0.9712, model saved
2026-08-27 16:14:26 | Epoch  13/100 | Train Loss 0.6384 Acc 0.8756 | Val Loss 0.7619 Acc 0.8616 AUC 0.9729 Pre 0.8631 Rec 0.8322
2026-08-27 16:14:27 |   Val AUC improved to 0.9729, model saved
2026-08-27 16:14:27 | Epoch  14/100 | Train Loss 0.5502 Acc 0.9119 | Val Loss 0.7356 Acc 0.8672 AUC 0.9738 Pre 0.8564 Rec 0.8413
2026-08-27 16:14:27 |   Val AUC improved to 0.9738, model saved
2026-08-27 16:14:27 | Epoch  15/100 | Train Loss 0.4856 Acc 0.9286 | Val Loss 0.7350 Acc 0.8672 AUC 0.9743 Pre 0.8449 Rec 0.8479
2026-08-27 16:14:28 |   Val AUC improved to 0.9743, model saved
2026-08-27 16:14:28 | Epoch  16/100 | Train Loss 0.4496 Acc 0.9298 | Val Loss 0.7479 Acc 0.8616 AUC 0.9745 Pre 0.8350 Rec 0.8411
2026-08-27 16:14:28 |   Val AUC improved to 0.9745, model saved
2026-08-27 16:14:28 | Epoch  17/100 | Train Loss 0.4215 Acc 0.9347 | Val Loss 0.7609 Acc 0.8616 AUC 0.9746 Pre 0.8394 Rec 0.8443
2026-08-27 16:14:29 |   Val AUC improved to 0.9746, model saved
2026-08-27 16:14:29 | Epoch  18/100 | Train Loss 0.3875 Acc 0.9409 | Val Loss 0.7744 Acc 0.8616 AUC 0.9745 Pre 0.8424 Rec 0.8485
2026-08-27 16:14:29 | Epoch  19/100 | Train Loss 0.3522 Acc 0.9464 | Val Loss 0.7924 Acc 0.8616 AUC 0.9741 Pre 0.8473 Rec 0.8505
2026-08-27 16:14:29 | Epoch  20/100 | Train Loss 0.3185 Acc 0.9526 | Val Loss 0.8114 Acc 0.8672 AUC 0.9738 Pre 0.8559 Rec 0.8554
2026-08-27 16:14:29 | Epoch  21/100 | Train Loss 0.2893 Acc 0.9526 | Val Loss 0.8286 Acc 0.8690 AUC 0.9732 Pre 0.8592 Rec 0.8558
2026-08-27 16:14:29 | Epoch  22/100 | Train Loss 0.2629 Acc 0.9587 | Val Loss 0.8476 Acc 0.8653 AUC 0.9726 Pre 0.8556 Rec 0.8529
2026-08-27 16:14:29 | Epoch  23/100 | Train Loss 0.2441 Acc 0.9587 | Val Loss 0.8708 Acc 0.8653 AUC 0.9721 Pre 0.8543 Rec 0.8529
2026-08-27 16:14:29 | Epoch  24/100 | Train Loss 0.2303 Acc 0.9631 | Val Loss 0.8926 Acc 0.8690 AUC 0.9717 Pre 0.8585 Rec 0.8577
2026-08-27 16:14:29 | Epoch  25/100 | Train Loss 0.2136 Acc 0.9686 | Val Loss 0.9139 Acc 0.8672 AUC 0.9711 Pre 0.8564 Rec 0.8537
2026-08-27 16:14:29 | Epoch  26/100 | Train Loss 0.1975 Acc 0.9723 | Val Loss 0.9346 Acc 0.8690 AUC 0.9705 Pre 0.8579 Rec 0.8546
2026-08-27 16:14:29 | Epoch  27/100 | Train Loss 0.1873 Acc 0.9723 | Val Loss 0.9543 Acc 0.8653 AUC 0.9701 Pre 0.8503 Rec 0.8502
2026-08-27 16:14:29 | Val AUC did not improve for 10 consecutive epochs, early stopping at Epoch 27 (best AUC 0.9746 @ Epoch 17)
2026-08-27 16:14:29 | Run 5/5 | Test (best model @ Epoch 17) | Loss 0.7329 Acc 0.8801 AUC 0.9784 Pre 0.8653 Rec 0.8758
2026-08-27 16:14:29 | Average over 5 runs | Test Loss 0.7104±0.0183 Acc 0.8838±0.0037 AUC 0.9788±0.0008 Pre 0.8705±0.0042 Rec 0.8791±0.0064
