2026-09-05 00:29:09 | Device: cuda
2026-09-05 00:29:09 | Args: {'model': 'opb', 'backbone': 'mlp', 'task': 'mnist', 'epochs': 100, 'batch_size': 512, 'lr': 0.001, 'hidden_dims': [512, 256], 'dropout': 0.2, 'z_dim': 256, 'anchor_scale': 12.0, 'energy_classifier': True, 'tied_head': False, 'max_len': 250, 'random_labels': False, 'beta': 20.0, 'patience': 10, 'runs': 5, 'seed': 0, 'data_dir': './data', 'save_path': 'output/adv_mnist/mnist_mlp_opb_beta_20_anchor_12/mnist_mlp_opb_beta_20_anchor_12.pt', 'log_path': '/root/autodl-tmp/IB/output/adv_mnist/mnist_mlp_opb_beta_20_anchor_12/train.log', 'no_save': False}
2026-09-05 00:29:09 | ===== Run 1/5 (seed 0) =====
2026-09-05 00:29:14 | Epoch   1/100 | Train Loss 529.9596 Acc 0.7997 | Val Loss 159.1941 Acc 0.9471 AUC 0.9952 Pre 0.9465 Rec 0.9466
2026-09-05 00:29:15 |   Val AUC improved to 0.9952, model saved
2026-09-05 00:29:19 | Epoch   2/100 | Train Loss 154.5919 Acc 0.9557 | Val Loss 98.9096 Acc 0.9624 AUC 0.9974 Pre 0.9623 Rec 0.9619
2026-09-05 00:29:19 |   Val AUC improved to 0.9974, model saved
2026-09-05 00:29:24 | Epoch   3/100 | Train Loss 106.6932 Acc 0.9705 | Val Loss 74.4119 Acc 0.9720 AUC 0.9983 Pre 0.9720 Rec 0.9718
2026-09-05 00:29:24 |   Val AUC improved to 0.9983, model saved
2026-09-05 00:29:28 | Epoch   4/100 | Train Loss 82.4901 Acc 0.9778 | Val Loss 58.9362 Acc 0.9738 AUC 0.9987 Pre 0.9736 Rec 0.9736
2026-09-05 00:29:28 |   Val AUC improved to 0.9987, model saved
2026-09-05 00:29:33 | Epoch   5/100 | Train Loss 65.6654 Acc 0.9812 | Val Loss 48.0742 Acc 0.9779 AUC 0.9988 Pre 0.9776 Rec 0.9779
2026-09-05 00:29:33 |   Val AUC improved to 0.9988, model saved
2026-09-05 00:29:37 | Epoch   6/100 | Train Loss 52.4351 Acc 0.9850 | Val Loss 39.6235 Acc 0.9795 AUC 0.9990 Pre 0.9794 Rec 0.9793
2026-09-05 00:29:37 |   Val AUC improved to 0.9990, model saved
2026-09-05 00:29:42 | Epoch   7/100 | Train Loss 42.4873 Acc 0.9868 | Val Loss 32.6875 Acc 0.9798 AUC 0.9991 Pre 0.9796 Rec 0.9796
2026-09-05 00:29:42 |   Val AUC improved to 0.9991, model saved
2026-09-05 00:29:46 | Epoch   8/100 | Train Loss 34.6319 Acc 0.9874 | Val Loss 26.3796 Acc 0.9801 AUC 0.9992 Pre 0.9800 Rec 0.9799
2026-09-05 00:29:46 |   Val AUC improved to 0.9992, model saved
2026-09-05 00:29:51 | Epoch   9/100 | Train Loss 27.7173 Acc 0.9885 | Val Loss 21.6085 Acc 0.9810 AUC 0.9992 Pre 0.9810 Rec 0.9808
2026-09-05 00:29:56 | Epoch  10/100 | Train Loss 22.6800 Acc 0.9885 | Val Loss 18.7572 Acc 0.9810 AUC 0.9994 Pre 0.9809 Rec 0.9807
2026-09-05 00:29:56 |   Val AUC improved to 0.9994, model saved
2026-09-05 00:30:00 | Epoch  11/100 | Train Loss 18.8109 Acc 0.9887 | Val Loss 15.7407 Acc 0.9810 AUC 0.9994 Pre 0.9808 Rec 0.9808
2026-09-05 00:30:05 | Epoch  12/100 | Train Loss 15.7954 Acc 0.9872 | Val Loss 14.0387 Acc 0.9819 AUC 0.9994 Pre 0.9816 Rec 0.9817
2026-09-05 00:30:05 |   Val AUC improved to 0.9994, model saved
2026-09-05 00:30:09 | Epoch  13/100 | Train Loss 13.4040 Acc 0.9859 | Val Loss 11.4310 Acc 0.9812 AUC 0.9994 Pre 0.9810 Rec 0.9810
2026-09-05 00:30:09 |   Val AUC improved to 0.9994, model saved
2026-09-05 00:30:14 | Epoch  14/100 | Train Loss 11.5499 Acc 0.9838 | Val Loss 10.3963 Acc 0.9825 AUC 0.9994 Pre 0.9823 Rec 0.9823
2026-09-05 00:30:19 | Epoch  15/100 | Train Loss 10.1585 Acc 0.9810 | Val Loss 9.6968 Acc 0.9821 AUC 0.9994 Pre 0.9819 Rec 0.9819
2026-09-05 00:30:19 |   Val AUC improved to 0.9994, model saved
2026-09-05 00:30:23 | Epoch  16/100 | Train Loss 9.0242 Acc 0.9755 | Val Loss 7.9638 Acc 0.9829 AUC 0.9994 Pre 0.9828 Rec 0.9827
2026-09-05 00:30:28 | Epoch  17/100 | Train Loss 8.0141 Acc 0.9715 | Val Loss 7.3508 Acc 0.9824 AUC 0.9994 Pre 0.9823 Rec 0.9822
2026-09-05 00:30:28 |   Val AUC improved to 0.9994, model saved
2026-09-05 00:30:33 | Epoch  18/100 | Train Loss 7.1763 Acc 0.9656 | Val Loss 6.7431 Acc 0.9819 AUC 0.9994 Pre 0.9817 Rec 0.9817
2026-09-05 00:30:37 | Epoch  19/100 | Train Loss 6.5263 Acc 0.9594 | Val Loss 5.9643 Acc 0.9830 AUC 0.9995 Pre 0.9829 Rec 0.9828
2026-09-05 00:30:37 |   Val AUC improved to 0.9995, model saved
2026-09-05 00:30:42 | Epoch  20/100 | Train Loss 5.9340 Acc 0.9524 | Val Loss 5.6711 Acc 0.9835 AUC 0.9995 Pre 0.9833 Rec 0.9833
2026-09-05 00:30:47 | Epoch  21/100 | Train Loss 5.5897 Acc 0.9451 | Val Loss 5.1353 Acc 0.9832 AUC 0.9995 Pre 0.9831 Rec 0.9830
2026-09-05 00:30:51 | Epoch  22/100 | Train Loss 5.1084 Acc 0.9384 | Val Loss 4.8406 Acc 0.9837 AUC 0.9994 Pre 0.9836 Rec 0.9835
2026-09-05 00:30:56 | Epoch  23/100 | Train Loss 4.8658 Acc 0.9293 | Val Loss 4.6409 Acc 0.9829 AUC 0.9994 Pre 0.9828 Rec 0.9826
2026-09-05 00:31:00 | Epoch  24/100 | Train Loss 4.5888 Acc 0.9222 | Val Loss 4.4117 Acc 0.9825 AUC 0.9994 Pre 0.9824 Rec 0.9823
2026-09-05 00:31:05 | Epoch  25/100 | Train Loss 4.3173 Acc 0.9150 | Val Loss 4.1771 Acc 0.9832 AUC 0.9994 Pre 0.9831 Rec 0.9830
2026-09-05 00:31:10 | Epoch  26/100 | Train Loss 4.1033 Acc 0.9087 | Val Loss 3.9689 Acc 0.9833 AUC 0.9994 Pre 0.9832 Rec 0.9831
2026-09-05 00:31:14 | Epoch  27/100 | Train Loss 3.9363 Acc 0.9006 | Val Loss 3.9084 Acc 0.9832 AUC 0.9994 Pre 0.9831 Rec 0.9830
2026-09-05 00:31:18 | Epoch  28/100 | Train Loss 3.7387 Acc 0.8980 | Val Loss 3.6609 Acc 0.9831 AUC 0.9994 Pre 0.9830 Rec 0.9829
2026-09-05 00:31:23 | Epoch  29/100 | Train Loss 3.6586 Acc 0.8884 | Val Loss 3.5735 Acc 0.9832 AUC 0.9994 Pre 0.9831 Rec 0.9830
2026-09-05 00:31:23 | Val AUC did not improve for 10 consecutive epochs, early stopping at Epoch 29 (best AUC 0.9995 @ Epoch 19)
2026-09-05 00:31:24 | Run 1/5 | Test (best model @ Epoch 19) | Loss 5.5788 Acc 0.9844 AUC 0.9996 Pre 0.9843 Rec 0.9843
2026-09-05 00:31:24 | ===== Run 2/5 (seed 1) =====
2026-09-05 00:31:28 | Epoch   1/100 | Train Loss 522.3198 Acc 0.8065 | Val Loss 156.4327 Acc 0.9465 AUC 0.9951 Pre 0.9460 Rec 0.9460
2026-09-05 00:31:28 |   Val AUC improved to 0.9951, model saved
2026-09-05 00:31:33 | Epoch   2/100 | Train Loss 155.4800 Acc 0.9568 | Val Loss 96.6677 Acc 0.9642 AUC 0.9975 Pre 0.9639 Rec 0.9639
2026-09-05 00:31:33 |   Val AUC improved to 0.9975, model saved
2026-09-05 00:31:37 | Epoch   3/100 | Train Loss 107.0256 Acc 0.9707 | Val Loss 74.4198 Acc 0.9715 AUC 0.9983 Pre 0.9713 Rec 0.9714
2026-09-05 00:31:37 |   Val AUC improved to 0.9983, model saved
2026-09-05 00:31:42 | Epoch   4/100 | Train Loss 83.1149 Acc 0.9774 | Val Loss 62.6361 Acc 0.9758 AUC 0.9986 Pre 0.9756 Rec 0.9755
2026-09-05 00:31:42 |   Val AUC improved to 0.9986, model saved
2026-09-05 00:31:46 | Epoch   5/100 | Train Loss 66.2141 Acc 0.9820 | Val Loss 46.7529 Acc 0.9783 AUC 0.9990 Pre 0.9781 Rec 0.9782
2026-09-05 00:31:46 |   Val AUC improved to 0.9990, model saved
2026-09-05 00:31:51 | Epoch   6/100 | Train Loss 52.8153 Acc 0.9844 | Val Loss 38.7904 Acc 0.9787 AUC 0.9990 Pre 0.9786 Rec 0.9785
2026-09-05 00:31:51 |   Val AUC improved to 0.9990, model saved
2026-09-05 00:31:55 | Epoch   7/100 | Train Loss 42.4921 Acc 0.9866 | Val Loss 30.7593 Acc 0.9801 AUC 0.9991 Pre 0.9800 Rec 0.9800
2026-09-05 00:31:55 |   Val AUC improved to 0.9991, model saved
2026-09-05 00:32:00 | Epoch   8/100 | Train Loss 34.1665 Acc 0.9880 | Val Loss 26.1712 Acc 0.9808 AUC 0.9992 Pre 0.9806 Rec 0.9807
2026-09-05 00:32:00 |   Val AUC improved to 0.9992, model saved
2026-09-05 00:32:04 | Epoch   9/100 | Train Loss 27.8603 Acc 0.9886 | Val Loss 21.7437 Acc 0.9817 AUC 0.9992 Pre 0.9816 Rec 0.9815
2026-09-05 00:32:04 |   Val AUC improved to 0.9992, model saved
2026-09-05 00:32:09 | Epoch  10/100 | Train Loss 22.7288 Acc 0.9889 | Val Loss 17.8257 Acc 0.9826 AUC 0.9993 Pre 0.9824 Rec 0.9825
2026-09-05 00:32:09 |   Val AUC improved to 0.9993, model saved
2026-09-05 00:32:13 | Epoch  11/100 | Train Loss 19.0509 Acc 0.9878 | Val Loss 15.8723 Acc 0.9822 AUC 0.9993 Pre 0.9821 Rec 0.9820
2026-09-05 00:32:17 | Epoch  12/100 | Train Loss 16.2334 Acc 0.9871 | Val Loss 13.3748 Acc 0.9821 AUC 0.9993 Pre 0.9819 Rec 0.9819
2026-09-05 00:32:17 |   Val AUC improved to 0.9993, model saved
2026-09-05 00:32:22 | Epoch  13/100 | Train Loss 13.7472 Acc 0.9857 | Val Loss 11.6335 Acc 0.9823 AUC 0.9994 Pre 0.9822 Rec 0.9821
2026-09-05 00:32:22 |   Val AUC improved to 0.9994, model saved
2026-09-05 00:32:26 | Epoch  14/100 | Train Loss 12.0857 Acc 0.9843 | Val Loss 10.4172 Acc 0.9831 AUC 0.9995 Pre 0.9830 Rec 0.9829
2026-09-05 00:32:26 |   Val AUC improved to 0.9995, model saved
2026-09-05 00:32:31 | Epoch  15/100 | Train Loss 10.4895 Acc 0.9811 | Val Loss 9.1699 Acc 0.9838 AUC 0.9995 Pre 0.9837 Rec 0.9837
2026-09-05 00:32:31 |   Val AUC improved to 0.9995, model saved
2026-09-05 00:32:35 | Epoch  16/100 | Train Loss 9.2834 Acc 0.9790 | Val Loss 8.4792 Acc 0.9826 AUC 0.9994 Pre 0.9825 Rec 0.9825
2026-09-05 00:32:40 | Epoch  17/100 | Train Loss 8.2995 Acc 0.9743 | Val Loss 7.6795 Acc 0.9833 AUC 0.9995 Pre 0.9832 Rec 0.9832
2026-09-05 00:32:44 | Epoch  18/100 | Train Loss 7.4758 Acc 0.9699 | Val Loss 6.7823 Acc 0.9838 AUC 0.9995 Pre 0.9837 Rec 0.9837
2026-09-05 00:32:44 |   Val AUC improved to 0.9995, model saved
2026-09-05 00:32:49 | Epoch  19/100 | Train Loss 6.9043 Acc 0.9629 | Val Loss 6.3306 Acc 0.9836 AUC 0.9995 Pre 0.9834 Rec 0.9836
2026-09-05 00:32:54 | Epoch  20/100 | Train Loss 6.2851 Acc 0.9556 | Val Loss 5.7835 Acc 0.9839 AUC 0.9995 Pre 0.9839 Rec 0.9837
2026-09-05 00:32:58 | Epoch  21/100 | Train Loss 5.8026 Acc 0.9485 | Val Loss 5.3967 Acc 0.9837 AUC 0.9995 Pre 0.9836 Rec 0.9836
2026-09-05 00:33:03 | Epoch  22/100 | Train Loss 5.3808 Acc 0.9408 | Val Loss 5.1234 Acc 0.9833 AUC 0.9995 Pre 0.9832 Rec 0.9832
2026-09-05 00:33:07 | Epoch  23/100 | Train Loss 5.0631 Acc 0.9368 | Val Loss 4.6918 Acc 0.9839 AUC 0.9995 Pre 0.9838 Rec 0.9838
2026-09-05 00:33:12 | Epoch  24/100 | Train Loss 4.7795 Acc 0.9257 | Val Loss 4.4673 Acc 0.9834 AUC 0.9994 Pre 0.9833 Rec 0.9833
2026-09-05 00:33:16 | Epoch  25/100 | Train Loss 4.4989 Acc 0.9209 | Val Loss 4.2462 Acc 0.9841 AUC 0.9995 Pre 0.9840 Rec 0.9840
2026-09-05 00:33:21 | Epoch  26/100 | Train Loss 4.2528 Acc 0.9138 | Val Loss 4.2092 Acc 0.9842 AUC 0.9995 Pre 0.9841 Rec 0.9841
2026-09-05 00:33:26 | Epoch  27/100 | Train Loss 4.0502 Acc 0.9054 | Val Loss 4.0237 Acc 0.9834 AUC 0.9995 Pre 0.9833 Rec 0.9832
2026-09-05 00:33:30 | Epoch  28/100 | Train Loss 3.8661 Acc 0.8988 | Val Loss 3.7982 Acc 0.9832 AUC 0.9994 Pre 0.9830 Rec 0.9832
2026-09-05 00:33:30 | Val AUC did not improve for 10 consecutive epochs, early stopping at Epoch 28 (best AUC 0.9995 @ Epoch 18)
2026-09-05 00:33:31 | Run 2/5 | Test (best model @ Epoch 18) | Loss 6.7863 Acc 0.9840 AUC 0.9995 Pre 0.9839 Rec 0.9839
2026-09-05 00:33:31 | ===== Run 3/5 (seed 2) =====
2026-09-05 00:33:35 | Epoch   1/100 | Train Loss 523.7812 Acc 0.8027 | Val Loss 161.0597 Acc 0.9458 AUC 0.9950 Pre 0.9452 Rec 0.9453
2026-09-05 00:33:35 |   Val AUC improved to 0.9950, model saved
2026-09-05 00:33:40 | Epoch   2/100 | Train Loss 155.9226 Acc 0.9553 | Val Loss 98.1239 Acc 0.9638 AUC 0.9974 Pre 0.9635 Rec 0.9636
2026-09-05 00:33:40 |   Val AUC improved to 0.9974, model saved
2026-09-05 00:33:44 | Epoch   3/100 | Train Loss 105.9374 Acc 0.9708 | Val Loss 73.8201 Acc 0.9718 AUC 0.9983 Pre 0.9716 Rec 0.9716
2026-09-05 00:33:44 |   Val AUC improved to 0.9983, model saved
2026-09-05 00:33:49 | Epoch   4/100 | Train Loss 81.8963 Acc 0.9781 | Val Loss 57.8995 Acc 0.9759 AUC 0.9988 Pre 0.9758 Rec 0.9756
2026-09-05 00:33:49 |   Val AUC improved to 0.9988, model saved
2026-09-05 00:33:53 | Epoch   5/100 | Train Loss 66.4625 Acc 0.9814 | Val Loss 47.1376 Acc 0.9766 AUC 0.9989 Pre 0.9765 Rec 0.9764
2026-09-05 00:33:53 |   Val AUC improved to 0.9989, model saved
2026-09-05 00:33:58 | Epoch   6/100 | Train Loss 53.6910 Acc 0.9846 | Val Loss 39.5057 Acc 0.9801 AUC 0.9991 Pre 0.9799 Rec 0.9798
2026-09-05 00:33:58 |   Val AUC improved to 0.9991, model saved
2026-09-05 00:34:02 | Epoch   7/100 | Train Loss 44.0213 Acc 0.9867 | Val Loss 33.6248 Acc 0.9809 AUC 0.9991 Pre 0.9807 Rec 0.9808
2026-09-05 00:34:07 | Epoch   8/100 | Train Loss 36.5413 Acc 0.9886 | Val Loss 27.7149 Acc 0.9816 AUC 0.9992 Pre 0.9815 Rec 0.9814
2026-09-05 00:34:07 |   Val AUC improved to 0.9992, model saved
2026-09-05 00:34:11 | Epoch   9/100 | Train Loss 29.7676 Acc 0.9888 | Val Loss 23.5578 Acc 0.9822 AUC 0.9993 Pre 0.9819 Rec 0.9821
2026-09-05 00:34:11 |   Val AUC improved to 0.9993, model saved
2026-09-05 00:34:16 | Epoch  10/100 | Train Loss 24.7784 Acc 0.9898 | Val Loss 19.9546 Acc 0.9822 AUC 0.9993 Pre 0.9820 Rec 0.9820
2026-09-05 00:34:16 |   Val AUC improved to 0.9993, model saved
2026-09-05 00:34:20 | Epoch  11/100 | Train Loss 21.0415 Acc 0.9896 | Val Loss 17.1925 Acc 0.9821 AUC 0.9994 Pre 0.9819 Rec 0.9819
2026-09-05 00:34:20 |   Val AUC improved to 0.9994, model saved
2026-09-05 00:34:24 | Epoch  12/100 | Train Loss 18.0578 Acc 0.9882 | Val Loss 15.7847 Acc 0.9825 AUC 0.9994 Pre 0.9824 Rec 0.9823
2026-09-05 00:34:24 |   Val AUC improved to 0.9994, model saved
2026-09-05 00:34:29 | Epoch  13/100 | Train Loss 15.4186 Acc 0.9883 | Val Loss 13.3615 Acc 0.9821 AUC 0.9995 Pre 0.9819 Rec 0.9819
2026-09-05 00:34:29 |   Val AUC improved to 0.9995, model saved
2026-09-05 00:34:33 | Epoch  14/100 | Train Loss 13.3847 Acc 0.9866 | Val Loss 12.6655 Acc 0.9825 AUC 0.9995 Pre 0.9823 Rec 0.9823
2026-09-05 00:34:33 |   Val AUC improved to 0.9995, model saved
2026-09-05 00:34:38 | Epoch  15/100 | Train Loss 11.6693 Acc 0.9861 | Val Loss 10.6625 Acc 0.9824 AUC 0.9995 Pre 0.9823 Rec 0.9821
2026-09-05 00:34:43 | Epoch  16/100 | Train Loss 10.3437 Acc 0.9843 | Val Loss 9.6721 Acc 0.9836 AUC 0.9996 Pre 0.9834 Rec 0.9835
2026-09-05 00:34:43 |   Val AUC improved to 0.9996, model saved
2026-09-05 00:34:47 | Epoch  17/100 | Train Loss 9.2741 Acc 0.9814 | Val Loss 8.7957 Acc 0.9824 AUC 0.9995 Pre 0.9822 Rec 0.9822
2026-09-05 00:34:51 | Epoch  18/100 | Train Loss 8.3983 Acc 0.9790 | Val Loss 7.8015 Acc 0.9828 AUC 0.9995 Pre 0.9826 Rec 0.9826
2026-09-05 00:34:56 | Epoch  19/100 | Train Loss 7.6799 Acc 0.9759 | Val Loss 7.2347 Acc 0.9837 AUC 0.9995 Pre 0.9835 Rec 0.9835
2026-09-05 00:35:01 | Epoch  20/100 | Train Loss 7.0401 Acc 0.9728 | Val Loss 6.6339 Acc 0.9831 AUC 0.9995 Pre 0.9829 Rec 0.9829
2026-09-05 00:35:05 | Epoch  21/100 | Train Loss 6.4645 Acc 0.9675 | Val Loss 6.4299 Acc 0.9832 AUC 0.9995 Pre 0.9830 Rec 0.9830
2026-09-05 00:35:10 | Epoch  22/100 | Train Loss 5.9852 Acc 0.9606 | Val Loss 6.0968 Acc 0.9836 AUC 0.9995 Pre 0.9833 Rec 0.9835
2026-09-05 00:35:15 | Epoch  23/100 | Train Loss 5.5805 Acc 0.9540 | Val Loss 5.6213 Acc 0.9834 AUC 0.9995 Pre 0.9832 Rec 0.9832
2026-09-05 00:35:19 | Epoch  24/100 | Train Loss 5.2212 Acc 0.9513 | Val Loss 5.2831 Acc 0.9829 AUC 0.9995 Pre 0.9827 Rec 0.9827
2026-09-05 00:35:23 | Epoch  25/100 | Train Loss 4.8535 Acc 0.9445 | Val Loss 4.8783 Acc 0.9833 AUC 0.9995 Pre 0.9831 Rec 0.9831
2026-09-05 00:35:28 | Epoch  26/100 | Train Loss 4.6640 Acc 0.9401 | Val Loss 4.6053 Acc 0.9840 AUC 0.9995 Pre 0.9838 Rec 0.9838
2026-09-05 00:35:28 | Val AUC did not improve for 10 consecutive epochs, early stopping at Epoch 26 (best AUC 0.9996 @ Epoch 16)
2026-09-05 00:35:29 | Run 3/5 | Test (best model @ Epoch 16) | Loss 9.5209 Acc 0.9830 AUC 0.9995 Pre 0.9829 Rec 0.9829
2026-09-05 00:35:29 | ===== Run 4/5 (seed 3) =====
2026-09-05 00:35:33 | Epoch   1/100 | Train Loss 540.6963 Acc 0.7938 | Val Loss 160.3266 Acc 0.9445 AUC 0.9949 Pre 0.9439 Rec 0.9441
2026-09-05 00:35:33 |   Val AUC improved to 0.9949, model saved
2026-09-05 00:35:37 | Epoch   2/100 | Train Loss 157.0496 Acc 0.9553 | Val Loss 96.1284 Acc 0.9653 AUC 0.9976 Pre 0.9649 Rec 0.9652
2026-09-05 00:35:37 |   Val AUC improved to 0.9976, model saved
2026-09-05 00:35:42 | Epoch   3/100 | Train Loss 109.1746 Acc 0.9703 | Val Loss 72.2514 Acc 0.9716 AUC 0.9983 Pre 0.9716 Rec 0.9714
2026-09-05 00:35:42 |   Val AUC improved to 0.9983, model saved
2026-09-05 00:35:46 | Epoch   4/100 | Train Loss 84.5510 Acc 0.9758 | Val Loss 58.9484 Acc 0.9752 AUC 0.9988 Pre 0.9751 Rec 0.9750
2026-09-05 00:35:46 |   Val AUC improved to 0.9988, model saved
2026-09-05 00:35:51 | Epoch   5/100 | Train Loss 68.0649 Acc 0.9808 | Val Loss 49.7959 Acc 0.9778 AUC 0.9988 Pre 0.9777 Rec 0.9776
2026-09-05 00:35:51 |   Val AUC improved to 0.9988, model saved
2026-09-05 00:35:55 | Epoch   6/100 | Train Loss 54.6277 Acc 0.9841 | Val Loss 39.6953 Acc 0.9806 AUC 0.9990 Pre 0.9805 Rec 0.9805
2026-09-05 00:35:55 |   Val AUC improved to 0.9990, model saved
2026-09-05 00:36:00 | Epoch   7/100 | Train Loss 44.0393 Acc 0.9861 | Val Loss 31.4340 Acc 0.9806 AUC 0.9992 Pre 0.9804 Rec 0.9804
2026-09-05 00:36:00 |   Val AUC improved to 0.9992, model saved
2026-09-05 00:36:04 | Epoch   8/100 | Train Loss 35.0938 Acc 0.9876 | Val Loss 26.7708 Acc 0.9801 AUC 0.9992 Pre 0.9800 Rec 0.9799
2026-09-05 00:36:09 | Epoch   9/100 | Train Loss 28.5198 Acc 0.9883 | Val Loss 21.5838 Acc 0.9815 AUC 0.9992 Pre 0.9814 Rec 0.9814
2026-09-05 00:36:09 |   Val AUC improved to 0.9992, model saved
2026-09-05 00:36:13 | Epoch  10/100 | Train Loss 23.7230 Acc 0.9874 | Val Loss 18.7876 Acc 0.9822 AUC 0.9993 Pre 0.9821 Rec 0.9820
2026-09-05 00:36:13 |   Val AUC improved to 0.9993, model saved
2026-09-05 00:36:17 | Epoch  11/100 | Train Loss 19.6267 Acc 0.9876 | Val Loss 15.3889 Acc 0.9814 AUC 0.9993 Pre 0.9813 Rec 0.9813
2026-09-05 00:36:17 |   Val AUC improved to 0.9993, model saved
2026-09-05 00:36:22 | Epoch  12/100 | Train Loss 16.5767 Acc 0.9863 | Val Loss 13.5758 Acc 0.9826 AUC 0.9994 Pre 0.9824 Rec 0.9825
2026-09-05 00:36:22 |   Val AUC improved to 0.9994, model saved
2026-09-05 00:36:27 | Epoch  13/100 | Train Loss 14.1247 Acc 0.9840 | Val Loss 11.8182 Acc 0.9816 AUC 0.9994 Pre 0.9814 Rec 0.9815
2026-09-05 00:36:27 |   Val AUC improved to 0.9994, model saved
2026-09-05 00:36:31 | Epoch  14/100 | Train Loss 12.2329 Acc 0.9821 | Val Loss 10.1156 Acc 0.9819 AUC 0.9995 Pre 0.9817 Rec 0.9817
2026-09-05 00:36:31 |   Val AUC improved to 0.9995, model saved
2026-09-05 00:36:36 | Epoch  15/100 | Train Loss 10.6867 Acc 0.9799 | Val Loss 9.0918 Acc 0.9825 AUC 0.9995 Pre 0.9823 Rec 0.9824
2026-09-05 00:36:36 |   Val AUC improved to 0.9995, model saved
2026-09-05 00:36:40 | Epoch  16/100 | Train Loss 9.4060 Acc 0.9760 | Val Loss 8.2881 Acc 0.9823 AUC 0.9995 Pre 0.9820 Rec 0.9822
2026-09-05 00:36:45 | Epoch  17/100 | Train Loss 8.3996 Acc 0.9695 | Val Loss 7.2367 Acc 0.9831 AUC 0.9995 Pre 0.9829 Rec 0.9829
2026-09-05 00:36:49 | Epoch  18/100 | Train Loss 7.6257 Acc 0.9636 | Val Loss 6.7611 Acc 0.9830 AUC 0.9995 Pre 0.9828 Rec 0.9828
2026-09-05 00:36:54 | Epoch  19/100 | Train Loss 6.9443 Acc 0.9576 | Val Loss 6.2017 Acc 0.9828 AUC 0.9995 Pre 0.9825 Rec 0.9826
2026-09-05 00:36:59 | Epoch  20/100 | Train Loss 6.3771 Acc 0.9521 | Val Loss 5.8976 Acc 0.9814 AUC 0.9995 Pre 0.9811 Rec 0.9812
2026-09-05 00:37:03 | Epoch  21/100 | Train Loss 5.8416 Acc 0.9432 | Val Loss 5.3494 Acc 0.9824 AUC 0.9995 Pre 0.9821 Rec 0.9822
2026-09-05 00:37:07 | Epoch  22/100 | Train Loss 5.4488 Acc 0.9366 | Val Loss 5.0283 Acc 0.9827 AUC 0.9995 Pre 0.9825 Rec 0.9825
2026-09-05 00:37:07 |   Val AUC improved to 0.9995, model saved
2026-09-05 00:37:12 | Epoch  23/100 | Train Loss 5.0823 Acc 0.9299 | Val Loss 4.5755 Acc 0.9827 AUC 0.9995 Pre 0.9824 Rec 0.9826
2026-09-05 00:37:17 | Epoch  24/100 | Train Loss 4.8056 Acc 0.9221 | Val Loss 4.5397 Acc 0.9833 AUC 0.9995 Pre 0.9831 Rec 0.9831
2026-09-05 00:37:21 | Epoch  25/100 | Train Loss 4.5169 Acc 0.9159 | Val Loss 4.2534 Acc 0.9829 AUC 0.9995 Pre 0.9827 Rec 0.9828
2026-09-05 00:37:21 |   Val AUC improved to 0.9995, model saved
2026-09-05 00:37:26 | Epoch  26/100 | Train Loss 4.2573 Acc 0.9090 | Val Loss 3.9189 Acc 0.9829 AUC 0.9995 Pre 0.9826 Rec 0.9828
2026-09-05 00:37:30 | Epoch  27/100 | Train Loss 4.1037 Acc 0.9014 | Val Loss 3.8565 Acc 0.9838 AUC 0.9994 Pre 0.9836 Rec 0.9836
2026-09-05 00:37:35 | Epoch  28/100 | Train Loss 3.9180 Acc 0.8950 | Val Loss 3.8185 Acc 0.9829 AUC 0.9995 Pre 0.9827 Rec 0.9827
2026-09-05 00:37:39 | Epoch  29/100 | Train Loss 3.7753 Acc 0.8899 | Val Loss 3.6123 Acc 0.9826 AUC 0.9994 Pre 0.9823 Rec 0.9825
2026-09-05 00:37:44 | Epoch  30/100 | Train Loss 3.5763 Acc 0.8855 | Val Loss 3.4748 Acc 0.9824 AUC 0.9995 Pre 0.9821 Rec 0.9822
2026-09-05 00:37:48 | Epoch  31/100 | Train Loss 3.4805 Acc 0.8795 | Val Loss 3.3895 Acc 0.9827 AUC 0.9995 Pre 0.9825 Rec 0.9825
2026-09-05 00:37:53 | Epoch  32/100 | Train Loss 3.3569 Acc 0.8698 | Val Loss 3.3172 Acc 0.9829 AUC 0.9994 Pre 0.9826 Rec 0.9828
2026-09-05 00:37:57 | Epoch  33/100 | Train Loss 3.2663 Acc 0.8659 | Val Loss 3.1653 Acc 0.9831 AUC 0.9995 Pre 0.9829 Rec 0.9830
2026-09-05 00:38:02 | Epoch  34/100 | Train Loss 3.1715 Acc 0.8588 | Val Loss 3.1752 Acc 0.9828 AUC 0.9994 Pre 0.9826 Rec 0.9827
2026-09-05 00:38:07 | Epoch  35/100 | Train Loss 3.0717 Acc 0.8579 | Val Loss 3.0359 Acc 0.9826 AUC 0.9995 Pre 0.9824 Rec 0.9825
2026-09-05 00:38:07 | Val AUC did not improve for 10 consecutive epochs, early stopping at Epoch 35 (best AUC 0.9995 @ Epoch 25)
2026-09-05 00:38:07 | Run 4/5 | Test (best model @ Epoch 25) | Loss 4.1537 Acc 0.9825 AUC 0.9994 Pre 0.9823 Rec 0.9824
2026-09-05 00:38:07 | ===== Run 5/5 (seed 4) =====
2026-09-05 00:38:11 | Epoch   1/100 | Train Loss 525.0940 Acc 0.8020 | Val Loss 157.3169 Acc 0.9448 AUC 0.9951 Pre 0.9441 Rec 0.9443
2026-09-05 00:38:11 |   Val AUC improved to 0.9951, model saved
2026-09-05 00:38:16 | Epoch   2/100 | Train Loss 155.2591 Acc 0.9563 | Val Loss 102.4334 Acc 0.9640 AUC 0.9975 Pre 0.9638 Rec 0.9638
2026-09-05 00:38:16 |   Val AUC improved to 0.9975, model saved
2026-09-05 00:38:20 | Epoch   3/100 | Train Loss 105.7472 Acc 0.9705 | Val Loss 72.0416 Acc 0.9719 AUC 0.9984 Pre 0.9718 Rec 0.9717
2026-09-05 00:38:20 |   Val AUC improved to 0.9984, model saved
2026-09-05 00:38:25 | Epoch   4/100 | Train Loss 82.9299 Acc 0.9762 | Val Loss 59.4526 Acc 0.9747 AUC 0.9987 Pre 0.9744 Rec 0.9746
2026-09-05 00:38:25 |   Val AUC improved to 0.9987, model saved
2026-09-05 00:38:30 | Epoch   5/100 | Train Loss 66.5842 Acc 0.9811 | Val Loss 49.0241 Acc 0.9783 AUC 0.9989 Pre 0.9782 Rec 0.9781
2026-09-05 00:38:30 |   Val AUC improved to 0.9989, model saved
2026-09-05 00:38:35 | Epoch   6/100 | Train Loss 53.8178 Acc 0.9844 | Val Loss 39.6444 Acc 0.9795 AUC 0.9990 Pre 0.9794 Rec 0.9793
2026-09-05 00:38:35 |   Val AUC improved to 0.9990, model saved
2026-09-05 00:38:39 | Epoch   7/100 | Train Loss 43.6147 Acc 0.9863 | Val Loss 36.3129 Acc 0.9802 AUC 0.9991 Pre 0.9801 Rec 0.9800
2026-09-05 00:38:39 |   Val AUC improved to 0.9991, model saved
2026-09-05 00:38:44 | Epoch   8/100 | Train Loss 35.3008 Acc 0.9880 | Val Loss 28.9855 Acc 0.9804 AUC 0.9991 Pre 0.9801 Rec 0.9802
2026-09-05 00:38:44 |   Val AUC improved to 0.9991, model saved
2026-09-05 00:38:49 | Epoch   9/100 | Train Loss 29.2496 Acc 0.9884 | Val Loss 22.6015 Acc 0.9824 AUC 0.9992 Pre 0.9823 Rec 0.9823
2026-09-05 00:38:49 |   Val AUC improved to 0.9992, model saved
2026-09-05 00:38:54 | Epoch  10/100 | Train Loss 24.2396 Acc 0.9891 | Val Loss 19.7084 Acc 0.9813 AUC 0.9992 Pre 0.9812 Rec 0.9811
2026-09-05 00:38:54 |   Val AUC improved to 0.9992, model saved
2026-09-05 00:38:59 | Epoch  11/100 | Train Loss 20.3009 Acc 0.9884 | Val Loss 17.3157 Acc 0.9817 AUC 0.9992 Pre 0.9816 Rec 0.9815
2026-09-05 00:39:03 | Epoch  12/100 | Train Loss 17.4746 Acc 0.9876 | Val Loss 14.9997 Acc 0.9829 AUC 0.9993 Pre 0.9828 Rec 0.9827
2026-09-05 00:39:03 |   Val AUC improved to 0.9993, model saved
2026-09-05 00:39:08 | Epoch  13/100 | Train Loss 14.8953 Acc 0.9875 | Val Loss 12.9746 Acc 0.9814 AUC 0.9994 Pre 0.9812 Rec 0.9812
2026-09-05 00:39:08 |   Val AUC improved to 0.9994, model saved
2026-09-05 00:39:13 | Epoch  14/100 | Train Loss 12.9100 Acc 0.9852 | Val Loss 11.4498 Acc 0.9821 AUC 0.9993 Pre 0.9819 Rec 0.9819
2026-09-05 00:39:18 | Epoch  15/100 | Train Loss 11.2906 Acc 0.9843 | Val Loss 10.3793 Acc 0.9823 AUC 0.9994 Pre 0.9822 Rec 0.9821
2026-09-05 00:39:18 |   Val AUC improved to 0.9994, model saved
2026-09-05 00:39:22 | Epoch  16/100 | Train Loss 9.8706 Acc 0.9814 | Val Loss 9.2646 Acc 0.9823 AUC 0.9994 Pre 0.9821 Rec 0.9821
2026-09-05 00:39:22 |   Val AUC improved to 0.9994, model saved
2026-09-05 00:39:27 | Epoch  17/100 | Train Loss 8.8105 Acc 0.9782 | Val Loss 8.0352 Acc 0.9830 AUC 0.9993 Pre 0.9829 Rec 0.9828
2026-09-05 00:39:31 | Epoch  18/100 | Train Loss 7.9425 Acc 0.9750 | Val Loss 7.3578 Acc 0.9827 AUC 0.9994 Pre 0.9825 Rec 0.9825
2026-09-05 00:39:36 | Epoch  19/100 | Train Loss 7.2812 Acc 0.9703 | Val Loss 6.8249 Acc 0.9832 AUC 0.9994 Pre 0.9830 Rec 0.9830
2026-09-05 00:39:36 |   Val AUC improved to 0.9994, model saved
2026-09-05 00:39:41 | Epoch  20/100 | Train Loss 6.6431 Acc 0.9647 | Val Loss 6.2582 Acc 0.9828 AUC 0.9994 Pre 0.9827 Rec 0.9826
2026-09-05 00:39:45 | Epoch  21/100 | Train Loss 6.1211 Acc 0.9591 | Val Loss 5.8384 Acc 0.9828 AUC 0.9993 Pre 0.9827 Rec 0.9826
2026-09-05 00:39:50 | Epoch  22/100 | Train Loss 5.6677 Acc 0.9531 | Val Loss 5.5248 Acc 0.9828 AUC 0.9995 Pre 0.9826 Rec 0.9826
2026-09-05 00:39:50 |   Val AUC improved to 0.9995, model saved
2026-09-05 00:39:55 | Epoch  23/100 | Train Loss 5.2430 Acc 0.9448 | Val Loss 5.2674 Acc 0.9830 AUC 0.9994 Pre 0.9828 Rec 0.9828
2026-09-05 00:40:00 | Epoch  24/100 | Train Loss 4.9255 Acc 0.9392 | Val Loss 4.9320 Acc 0.9830 AUC 0.9994 Pre 0.9829 Rec 0.9828
2026-09-05 00:40:04 | Epoch  25/100 | Train Loss 4.6049 Acc 0.9332 | Val Loss 4.7347 Acc 0.9830 AUC 0.9994 Pre 0.9828 Rec 0.9829
2026-09-05 00:40:09 | Epoch  26/100 | Train Loss 4.3684 Acc 0.9250 | Val Loss 4.3656 Acc 0.9824 AUC 0.9994 Pre 0.9822 Rec 0.9822
2026-09-05 00:40:13 | Epoch  27/100 | Train Loss 4.1283 Acc 0.9199 | Val Loss 4.2616 Acc 0.9826 AUC 0.9994 Pre 0.9825 Rec 0.9825
2026-09-05 00:40:17 | Epoch  28/100 | Train Loss 3.9451 Acc 0.9154 | Val Loss 4.1011 Acc 0.9823 AUC 0.9995 Pre 0.9821 Rec 0.9821
2026-09-05 00:40:22 | Epoch  29/100 | Train Loss 3.7718 Acc 0.9095 | Val Loss 3.9025 Acc 0.9826 AUC 0.9994 Pre 0.9824 Rec 0.9824
2026-09-05 00:40:27 | Epoch  30/100 | Train Loss 3.5974 Acc 0.8996 | Val Loss 3.6760 Acc 0.9821 AUC 0.9994 Pre 0.9819 Rec 0.9818
2026-09-05 00:40:31 | Epoch  31/100 | Train Loss 3.4735 Acc 0.8934 | Val Loss 3.6085 Acc 0.9834 AUC 0.9994 Pre 0.9832 Rec 0.9832
2026-09-05 00:40:36 | Epoch  32/100 | Train Loss 3.3551 Acc 0.8875 | Val Loss 3.4213 Acc 0.9825 AUC 0.9995 Pre 0.9823 Rec 0.9823
2026-09-05 00:40:36 |   Val AUC improved to 0.9995, model saved
2026-09-05 00:40:41 | Epoch  33/100 | Train Loss 3.2162 Acc 0.8841 | Val Loss 3.3741 Acc 0.9812 AUC 0.9994 Pre 0.9810 Rec 0.9809
2026-09-05 00:40:45 | Epoch  34/100 | Train Loss 3.0925 Acc 0.8790 | Val Loss 3.2846 Acc 0.9827 AUC 0.9995 Pre 0.9826 Rec 0.9825
2026-09-05 00:40:45 |   Val AUC improved to 0.9995, model saved
2026-09-05 00:40:50 | Epoch  35/100 | Train Loss 2.9788 Acc 0.8756 | Val Loss 3.2175 Acc 0.9825 AUC 0.9995 Pre 0.9823 Rec 0.9823
2026-09-05 00:40:55 | Epoch  36/100 | Train Loss 2.8978 Acc 0.8714 | Val Loss 3.0925 Acc 0.9834 AUC 0.9995 Pre 0.9832 Rec 0.9832
2026-09-05 00:40:59 | Epoch  37/100 | Train Loss 2.8034 Acc 0.8663 | Val Loss 3.0417 Acc 0.9829 AUC 0.9995 Pre 0.9828 Rec 0.9827
2026-09-05 00:41:04 | Epoch  38/100 | Train Loss 2.7433 Acc 0.8646 | Val Loss 2.9349 Acc 0.9828 AUC 0.9995 Pre 0.9826 Rec 0.9826
2026-09-05 00:41:08 | Epoch  39/100 | Train Loss 2.6898 Acc 0.8573 | Val Loss 2.9180 Acc 0.9833 AUC 0.9995 Pre 0.9832 Rec 0.9831
2026-09-05 00:41:13 | Epoch  40/100 | Train Loss 2.6070 Acc 0.8553 | Val Loss 2.8768 Acc 0.9831 AUC 0.9995 Pre 0.9829 Rec 0.9829
2026-09-05 00:41:18 | Epoch  41/100 | Train Loss 2.5511 Acc 0.8507 | Val Loss 2.7913 Acc 0.9827 AUC 0.9994 Pre 0.9826 Rec 0.9825
2026-09-05 00:41:22 | Epoch  42/100 | Train Loss 2.4812 Acc 0.8475 | Val Loss 2.7524 Acc 0.9824 AUC 0.9994 Pre 0.9822 Rec 0.9822
2026-09-05 00:41:27 | Epoch  43/100 | Train Loss 2.4349 Acc 0.8479 | Val Loss 2.7361 Acc 0.9818 AUC 0.9994 Pre 0.9816 Rec 0.9816
2026-09-05 00:41:32 | Epoch  44/100 | Train Loss 2.4033 Acc 0.8414 | Val Loss 2.6967 Acc 0.9829 AUC 0.9994 Pre 0.9828 Rec 0.9827
2026-09-05 00:41:32 | Val AUC did not improve for 10 consecutive epochs, early stopping at Epoch 44 (best AUC 0.9995 @ Epoch 34)
2026-09-05 00:41:32 | Run 5/5 | Test (best model @ Epoch 34) | Loss 3.1914 Acc 0.9840 AUC 0.9993 Pre 0.9840 Rec 0.9839
2026-09-05 00:41:32 | Average over 5 runs | Test Loss 5.8462±2.4684 Acc 0.9836±0.0008 AUC 0.9994±0.0001 Pre 0.9835±0.0008 Rec 0.9835±0.0008
