2026-08-26 23:45:46 | Device: cuda
2026-08-26 23:45:46 | Args: {'model': 'fgib', 'backbone': 'cnn', 'task': 'imagenet100', 'epochs': 100, 'batch_size': 512, 'lr': 0.001, 'hidden_dims': [512, 256], 'dropout': 0.2, 'z_dim': 256, 'anchor_scale': 12.0, 'max_len': 250, 'random_labels': False, 'beta': 0.01, 'patience': 10, 'runs': 5, 'seed': 0, 'data_dir': './data', 'save_path': 'output/imagenet100_cnn_fgib/imagenet100_cnn_fgib.pt', 'log_path': '/root/autodl-tmp/FGIB/tune_results/imagenet100_cnn_fgib_beta_0.01_anchor_12/train.log', 'no_save': True}
2026-08-26 23:45:46 | ImageNet-100 特征：使用 4×4 空间池化文件 ./data/imagenet100/imagenet100_resnet50_layer3_pool4_features.npz
2026-08-26 23:45:46 | ImageNet-100 预处理缓存：mmap 共享 ./data/imagenet100/preprocessed_pool4
2026-08-26 23:45:46 | ===== Run 1/5 (seed 0) =====
2026-08-26 23:45:53 | Epoch   1/100 | Train Loss 2.1432 Acc 0.6527 | Val Loss 1.1573 Acc 0.8082 AUC 0.9963 Pre 0.8138 Rec 0.8042
2026-08-26 23:45:53 |   Val AUC improved to 0.9963, model saved
2026-08-26 23:46:00 | Epoch   2/100 | Train Loss 0.9876 Acc 0.8533 | Val Loss 0.9648 Acc 0.8373 AUC 0.9969 Pre 0.8388 Rec 0.8340
2026-08-26 23:46:00 |   Val AUC improved to 0.9969, model saved
2026-08-26 23:46:05 | Epoch   3/100 | Train Loss 0.7375 Acc 0.8993 | Val Loss 0.9361 Acc 0.8389 AUC 0.9968 Pre 0.8425 Rec 0.8360
2026-08-26 23:46:12 | Epoch   4/100 | Train Loss 0.5802 Acc 0.9311 | Val Loss 0.9041 Acc 0.8459 AUC 0.9967 Pre 0.8497 Rec 0.8426
2026-08-26 23:46:18 | Epoch   5/100 | Train Loss 0.4749 Acc 0.9524 | Val Loss 0.9182 Acc 0.8489 AUC 0.9965 Pre 0.8517 Rec 0.8461
2026-08-26 23:46:23 | Epoch   6/100 | Train Loss 0.4018 Acc 0.9687 | Val Loss 0.9302 Acc 0.8506 AUC 0.9964 Pre 0.8527 Rec 0.8476
2026-08-26 23:46:30 | Epoch   7/100 | Train Loss 0.3475 Acc 0.9785 | Val Loss 0.9292 Acc 0.8539 AUC 0.9961 Pre 0.8559 Rec 0.8512
2026-08-26 23:46:35 | Epoch   8/100 | Train Loss 0.3191 Acc 0.9824 | Val Loss 0.9800 Acc 0.8497 AUC 0.9956 Pre 0.8521 Rec 0.8459
2026-08-26 23:46:41 | Epoch   9/100 | Train Loss 0.2925 Acc 0.9864 | Val Loss 0.9733 Acc 0.8535 AUC 0.9956 Pre 0.8537 Rec 0.8512
2026-08-26 23:46:47 | Epoch  10/100 | Train Loss 0.2730 Acc 0.9888 | Val Loss 1.0243 Acc 0.8507 AUC 0.9951 Pre 0.8531 Rec 0.8476
2026-08-26 23:46:54 | Epoch  11/100 | Train Loss 0.2609 Acc 0.9900 | Val Loss 0.9988 Acc 0.8521 AUC 0.9954 Pre 0.8536 Rec 0.8493
2026-08-26 23:46:59 | Epoch  12/100 | Train Loss 0.2387 Acc 0.9932 | Val Loss 0.9955 Acc 0.8553 AUC 0.9950 Pre 0.8562 Rec 0.8521
2026-08-26 23:46:59 | Val AUC did not improve for 10 consecutive epochs, early stopping at Epoch 12 (best AUC 0.9969 @ Epoch 2)
2026-08-26 23:47:01 | Run 1/5 | Test (best model @ Epoch 2) | Loss 0.9592 Acc 0.8404 AUC 0.9969 Pre 0.8402 Rec 0.8367
2026-08-26 23:47:01 | ===== Run 2/5 (seed 1) =====
2026-08-26 23:47:07 | Epoch   1/100 | Train Loss 2.1170 Acc 0.6531 | Val Loss 1.1636 Acc 0.8060 AUC 0.9963 Pre 0.8127 Rec 0.8022
2026-08-26 23:47:07 |   Val AUC improved to 0.9963, model saved
2026-08-26 23:47:13 | Epoch   2/100 | Train Loss 0.9885 Acc 0.8504 | Val Loss 0.9680 Acc 0.8339 AUC 0.9969 Pre 0.8388 Rec 0.8306
2026-08-26 23:47:13 |   Val AUC improved to 0.9969, model saved
2026-08-26 23:47:19 | Epoch   3/100 | Train Loss 0.7295 Acc 0.9002 | Val Loss 0.9264 Acc 0.8374 AUC 0.9968 Pre 0.8423 Rec 0.8346
2026-08-26 23:47:25 | Epoch   4/100 | Train Loss 0.5840 Acc 0.9307 | Val Loss 0.9084 Acc 0.8467 AUC 0.9967 Pre 0.8498 Rec 0.8440
2026-08-26 23:47:31 | Epoch   5/100 | Train Loss 0.4801 Acc 0.9527 | Val Loss 0.8960 Acc 0.8516 AUC 0.9967 Pre 0.8529 Rec 0.8488
2026-08-26 23:47:37 | Epoch   6/100 | Train Loss 0.4098 Acc 0.9663 | Val Loss 0.9165 Acc 0.8525 AUC 0.9963 Pre 0.8545 Rec 0.8501
2026-08-26 23:47:43 | Epoch   7/100 | Train Loss 0.3524 Acc 0.9770 | Val Loss 0.9389 Acc 0.8514 AUC 0.9961 Pre 0.8532 Rec 0.8493
2026-08-26 23:47:49 | Epoch   8/100 | Train Loss 0.3142 Acc 0.9838 | Val Loss 0.9549 Acc 0.8538 AUC 0.9959 Pre 0.8553 Rec 0.8516
2026-08-26 23:47:55 | Epoch   9/100 | Train Loss 0.2893 Acc 0.9877 | Val Loss 0.9600 Acc 0.8563 AUC 0.9956 Pre 0.8574 Rec 0.8534
2026-08-26 23:48:01 | Epoch  10/100 | Train Loss 0.2739 Acc 0.9888 | Val Loss 0.9788 Acc 0.8559 AUC 0.9953 Pre 0.8583 Rec 0.8532
2026-08-26 23:48:08 | Epoch  11/100 | Train Loss 0.2759 Acc 0.9867 | Val Loss 1.0466 Acc 0.8481 AUC 0.9949 Pre 0.8515 Rec 0.8459
2026-08-26 23:48:14 | Epoch  12/100 | Train Loss 0.2690 Acc 0.9875 | Val Loss 1.0450 Acc 0.8500 AUC 0.9944 Pre 0.8520 Rec 0.8474
2026-08-26 23:48:14 | Val AUC did not improve for 10 consecutive epochs, early stopping at Epoch 12 (best AUC 0.9969 @ Epoch 2)
2026-08-26 23:48:15 | Run 2/5 | Test (best model @ Epoch 2) | Loss 0.9671 Acc 0.8358 AUC 0.9969 Pre 0.8404 Rec 0.8321
2026-08-26 23:48:15 | ===== Run 3/5 (seed 2) =====
2026-08-26 23:48:21 | Epoch   1/100 | Train Loss 2.1189 Acc 0.6572 | Val Loss 1.1562 Acc 0.8084 AUC 0.9962 Pre 0.8155 Rec 0.8045
2026-08-26 23:48:21 |   Val AUC improved to 0.9962, model saved
2026-08-26 23:48:27 | Epoch   2/100 | Train Loss 0.9761 Acc 0.8520 | Val Loss 0.9636 Acc 0.8322 AUC 0.9968 Pre 0.8359 Rec 0.8287
2026-08-26 23:48:27 |   Val AUC improved to 0.9968, model saved
2026-08-26 23:48:34 | Epoch   3/100 | Train Loss 0.7184 Acc 0.9011 | Val Loss 0.9174 Acc 0.8445 AUC 0.9967 Pre 0.8490 Rec 0.8413
2026-08-26 23:48:40 | Epoch   4/100 | Train Loss 0.5677 Acc 0.9322 | Val Loss 0.8924 Acc 0.8468 AUC 0.9968 Pre 0.8509 Rec 0.8434
2026-08-26 23:48:46 | Epoch   5/100 | Train Loss 0.4595 Acc 0.9551 | Val Loss 0.9110 Acc 0.8513 AUC 0.9965 Pre 0.8538 Rec 0.8476
2026-08-26 23:48:52 | Epoch   6/100 | Train Loss 0.3946 Acc 0.9677 | Val Loss 0.9205 Acc 0.8496 AUC 0.9963 Pre 0.8522 Rec 0.8476
2026-08-26 23:48:58 | Epoch   7/100 | Train Loss 0.3459 Acc 0.9775 | Val Loss 0.9322 Acc 0.8535 AUC 0.9960 Pre 0.8553 Rec 0.8513
2026-08-26 23:49:04 | Epoch   8/100 | Train Loss 0.3092 Acc 0.9841 | Val Loss 0.9698 Acc 0.8493 AUC 0.9958 Pre 0.8510 Rec 0.8460
2026-08-26 23:49:10 | Epoch   9/100 | Train Loss 0.2880 Acc 0.9869 | Val Loss 0.9621 Acc 0.8546 AUC 0.9955 Pre 0.8552 Rec 0.8515
2026-08-26 23:49:16 | Epoch  10/100 | Train Loss 0.2733 Acc 0.9881 | Val Loss 0.9876 Acc 0.8523 AUC 0.9951 Pre 0.8531 Rec 0.8499
2026-08-26 23:49:22 | Epoch  11/100 | Train Loss 0.2732 Acc 0.9872 | Val Loss 1.0365 Acc 0.8483 AUC 0.9946 Pre 0.8486 Rec 0.8456
2026-08-26 23:49:27 | Epoch  12/100 | Train Loss 0.2504 Acc 0.9909 | Val Loss 1.0585 Acc 0.8497 AUC 0.9944 Pre 0.8504 Rec 0.8469
2026-08-26 23:49:27 | Val AUC did not improve for 10 consecutive epochs, early stopping at Epoch 12 (best AUC 0.9968 @ Epoch 2)
2026-08-26 23:49:29 | Run 3/5 | Test (best model @ Epoch 2) | Loss 0.9579 Acc 0.8344 AUC 0.9968 Pre 0.8379 Rec 0.8310
2026-08-26 23:49:29 | ===== Run 4/5 (seed 3) =====
2026-08-26 23:49:35 | Epoch   1/100 | Train Loss 2.1424 Acc 0.6505 | Val Loss 1.1680 Acc 0.8043 AUC 0.9961 Pre 0.8128 Rec 0.8005
2026-08-26 23:49:35 |   Val AUC improved to 0.9961, model saved
2026-08-26 23:49:41 | Epoch   2/100 | Train Loss 0.9909 Acc 0.8504 | Val Loss 0.9717 Acc 0.8329 AUC 0.9969 Pre 0.8352 Rec 0.8305
2026-08-26 23:49:41 |   Val AUC improved to 0.9969, model saved
2026-08-26 23:49:47 | Epoch   3/100 | Train Loss 0.7302 Acc 0.8985 | Val Loss 0.9242 Acc 0.8393 AUC 0.9969 Pre 0.8448 Rec 0.8368
2026-08-26 23:49:47 |   Val AUC improved to 0.9969, model saved
2026-08-26 23:49:53 | Epoch   4/100 | Train Loss 0.5774 Acc 0.9305 | Val Loss 0.9015 Acc 0.8464 AUC 0.9967 Pre 0.8497 Rec 0.8437
2026-08-26 23:49:59 | Epoch   5/100 | Train Loss 0.4822 Acc 0.9497 | Val Loss 0.9076 Acc 0.8492 AUC 0.9966 Pre 0.8517 Rec 0.8459
2026-08-26 23:50:05 | Epoch   6/100 | Train Loss 0.4070 Acc 0.9657 | Val Loss 0.9244 Acc 0.8525 AUC 0.9964 Pre 0.8534 Rec 0.8499
2026-08-26 23:50:12 | Epoch   7/100 | Train Loss 0.3527 Acc 0.9775 | Val Loss 0.9284 Acc 0.8540 AUC 0.9964 Pre 0.8539 Rec 0.8519
2026-08-26 23:50:18 | Epoch   8/100 | Train Loss 0.3204 Acc 0.9828 | Val Loss 0.9606 Acc 0.8525 AUC 0.9959 Pre 0.8540 Rec 0.8499
2026-08-26 23:50:24 | Epoch   9/100 | Train Loss 0.2966 Acc 0.9862 | Val Loss 0.9982 Acc 0.8521 AUC 0.9954 Pre 0.8549 Rec 0.8490
2026-08-26 23:50:30 | Epoch  10/100 | Train Loss 0.2776 Acc 0.9880 | Val Loss 1.0071 Acc 0.8501 AUC 0.9952 Pre 0.8531 Rec 0.8464
2026-08-26 23:50:36 | Epoch  11/100 | Train Loss 0.2548 Acc 0.9919 | Val Loss 0.9809 Acc 0.8569 AUC 0.9955 Pre 0.8566 Rec 0.8540
2026-08-26 23:50:42 | Epoch  12/100 | Train Loss 0.2411 Acc 0.9928 | Val Loss 1.0071 Acc 0.8539 AUC 0.9953 Pre 0.8542 Rec 0.8507
2026-08-26 23:50:48 | Epoch  13/100 | Train Loss 0.2209 Acc 0.9950 | Val Loss 0.9974 Acc 0.8556 AUC 0.9949 Pre 0.8556 Rec 0.8531
2026-08-26 23:50:48 | Val AUC did not improve for 10 consecutive epochs, early stopping at Epoch 13 (best AUC 0.9969 @ Epoch 3)
2026-08-26 23:50:50 | Run 4/5 | Test (best model @ Epoch 3) | Loss 0.9289 Acc 0.8386 AUC 0.9969 Pre 0.8440 Rec 0.8358
2026-08-26 23:50:50 | ===== Run 5/5 (seed 4) =====
2026-08-26 23:50:56 | Epoch   1/100 | Train Loss 2.1049 Acc 0.6618 | Val Loss 1.1314 Acc 0.8138 AUC 0.9965 Pre 0.8177 Rec 0.8103
2026-08-26 23:50:56 |   Val AUC improved to 0.9965, model saved
2026-08-26 23:51:02 | Epoch   2/100 | Train Loss 0.9772 Acc 0.8534 | Val Loss 0.9648 Acc 0.8344 AUC 0.9969 Pre 0.8366 Rec 0.8314
2026-08-26 23:51:02 |   Val AUC improved to 0.9969, model saved
2026-08-26 23:51:08 | Epoch   3/100 | Train Loss 0.7212 Acc 0.9005 | Val Loss 0.9109 Acc 0.8428 AUC 0.9968 Pre 0.8448 Rec 0.8405
2026-08-26 23:51:14 | Epoch   4/100 | Train Loss 0.5662 Acc 0.9338 | Val Loss 0.9076 Acc 0.8471 AUC 0.9965 Pre 0.8511 Rec 0.8443
2026-08-26 23:51:20 | Epoch   5/100 | Train Loss 0.4687 Acc 0.9536 | Val Loss 0.9219 Acc 0.8484 AUC 0.9964 Pre 0.8520 Rec 0.8457
2026-08-26 23:51:26 | Epoch   6/100 | Train Loss 0.3911 Acc 0.9696 | Val Loss 0.9369 Acc 0.8509 AUC 0.9962 Pre 0.8538 Rec 0.8482
2026-08-26 23:51:32 | Epoch   7/100 | Train Loss 0.3475 Acc 0.9777 | Val Loss 0.9404 Acc 0.8536 AUC 0.9960 Pre 0.8542 Rec 0.8509
2026-08-26 23:51:38 | Epoch   8/100 | Train Loss 0.3173 Acc 0.9826 | Val Loss 0.9913 Acc 0.8514 AUC 0.9956 Pre 0.8548 Rec 0.8487
2026-08-26 23:51:44 | Epoch   9/100 | Train Loss 0.2858 Acc 0.9871 | Val Loss 0.9730 Acc 0.8555 AUC 0.9954 Pre 0.8567 Rec 0.8523
2026-08-26 23:51:50 | Epoch  10/100 | Train Loss 0.2581 Acc 0.9914 | Val Loss 0.9439 Acc 0.8596 AUC 0.9954 Pre 0.8586 Rec 0.8564
2026-08-26 23:51:56 | Epoch  11/100 | Train Loss 0.2345 Acc 0.9940 | Val Loss 0.9579 Acc 0.8590 AUC 0.9952 Pre 0.8583 Rec 0.8564
2026-08-26 23:52:02 | Epoch  12/100 | Train Loss 0.2278 Acc 0.9937 | Val Loss 1.0187 Acc 0.8549 AUC 0.9950 Pre 0.8554 Rec 0.8515
2026-08-26 23:52:02 | Val AUC did not improve for 10 consecutive epochs, early stopping at Epoch 12 (best AUC 0.9969 @ Epoch 2)
2026-08-26 23:52:04 | Run 5/5 | Test (best model @ Epoch 2) | Loss 0.9526 Acc 0.8374 AUC 0.9971 Pre 0.8396 Rec 0.8346
2026-08-26 23:52:04 | Average over 5 runs | Test Loss 0.9531±0.0145 Acc 0.8373±0.0023 AUC 0.9969±0.0001 Pre 0.8404±0.0022 Rec 0.8340±0.0024
