2026-08-26 20:52:21 | Device: cuda
2026-08-26 20:52:21 | Args: {'model': 'fgib', 'backbone': 'cnn', 'task': 'agedb', 'epochs': 100, 'batch_size': 512, 'lr': 0.001, 'hidden_dims': [512, 256], 'dropout': 0.2, 'z_dim': 256, 'anchor_scale': 1.0, 'max_len': 250, 'random_labels': False, 'beta': 0.0001, 'patience': 10, 'runs': 5, 'seed': 0, 'data_dir': './data', 'save_path': 'output/agedb_cnn_fgib/agedb_cnn_fgib.pt', 'log_path': '/root/autodl-tmp/FGIB/tune_results/agedb_cnn_fgib_beta_0.0001_anchor_1/train.log', 'no_save': True}
2026-08-26 20:52:21 | AgeDB 图像：16488 张，年龄 1~101 岁
2026-08-26 20:52:21 | AgeDB 划分（60/20/20）：train 9892 / val 3298 / test 3298（共 16488 张）
2026-08-26 20:52:21 | AgeDB 预解码缓存命中：./data/agedb/agedb_64x64_uint8.npy
2026-08-26 20:52:21 | AgeDB 加载完成：9892/3298/3298（batch 512，RGB 64x64，ImageNet 归一化），年龄 MinMax 归一化到 [0,1]（1~101 岁）
2026-08-26 20:52:21 | ===== Run 1/5 (seed 0) =====
2026-08-26 20:52:25 | Epoch   1/100 | Train Loss 3.4808 | Val Loss 0.0470 MAE 17.5526 R2 -0.5890
2026-08-26 20:52:25 |   Val R2 improved to -0.5890, model saved
2026-08-26 20:52:26 | Epoch   2/100 | Train Loss 0.0545 | Val Loss 0.0381 MAE 15.6352 R2 -0.2931
2026-08-26 20:52:26 |   Val R2 improved to -0.2931, model saved
2026-08-26 20:52:28 | Epoch   3/100 | Train Loss 0.0440 | Val Loss 0.0308 MAE 14.0056 R2 -0.0449
2026-08-26 20:52:28 |   Val R2 improved to -0.0449, model saved
2026-08-26 20:52:30 | Epoch   4/100 | Train Loss 0.0402 | Val Loss 0.0287 MAE 13.4746 R2 0.0285
2026-08-26 20:52:30 |   Val R2 improved to 0.0285, model saved
2026-08-26 20:52:32 | Epoch   5/100 | Train Loss 0.0378 | Val Loss 0.0274 MAE 13.1537 R2 0.0720
2026-08-26 20:52:32 |   Val R2 improved to 0.0720, model saved
2026-08-26 20:52:34 | Epoch   6/100 | Train Loss 0.0364 | Val Loss 0.0261 MAE 12.8206 R2 0.1165
2026-08-26 20:52:34 |   Val R2 improved to 0.1165, model saved
2026-08-26 20:52:35 | Epoch   7/100 | Train Loss 0.0361 | Val Loss 0.0251 MAE 12.5535 R2 0.1494
2026-08-26 20:52:35 |   Val R2 improved to 0.1494, model saved
2026-08-26 20:52:37 | Epoch   8/100 | Train Loss 0.0353 | Val Loss 0.0247 MAE 12.4171 R2 0.1635
2026-08-26 20:52:37 |   Val R2 improved to 0.1635, model saved
2026-08-26 20:52:39 | Epoch   9/100 | Train Loss 0.0333 | Val Loss 0.0237 MAE 12.1783 R2 0.1952
2026-08-26 20:52:39 |   Val R2 improved to 0.1952, model saved
2026-08-26 20:52:40 | Epoch  10/100 | Train Loss 0.0330 | Val Loss 0.0226 MAE 11.9192 R2 0.2327
2026-08-26 20:52:40 |   Val R2 improved to 0.2327, model saved
2026-08-26 20:52:42 | Epoch  11/100 | Train Loss 0.0327 | Val Loss 0.0218 MAE 11.7156 R2 0.2599
2026-08-26 20:52:42 |   Val R2 improved to 0.2599, model saved
2026-08-26 20:52:44 | Epoch  12/100 | Train Loss 0.0320 | Val Loss 0.0225 MAE 11.8213 R2 0.2359
2026-08-26 20:52:46 | Epoch  13/100 | Train Loss 0.0321 | Val Loss 0.0221 MAE 11.6996 R2 0.2497
2026-08-26 20:52:47 | Epoch  14/100 | Train Loss 0.0307 | Val Loss 0.0208 MAE 11.3829 R2 0.2948
2026-08-26 20:52:47 |   Val R2 improved to 0.2948, model saved
2026-08-26 20:52:49 | Epoch  15/100 | Train Loss 0.0300 | Val Loss 0.0204 MAE 11.2398 R2 0.3098
2026-08-26 20:52:49 |   Val R2 improved to 0.3098, model saved
2026-08-26 20:52:51 | Epoch  16/100 | Train Loss 0.0295 | Val Loss 0.0200 MAE 11.1459 R2 0.3216
2026-08-26 20:52:51 |   Val R2 improved to 0.3216, model saved
2026-08-26 20:52:52 | Epoch  17/100 | Train Loss 0.0285 | Val Loss 0.0194 MAE 10.9890 R2 0.3434
2026-08-26 20:52:52 |   Val R2 improved to 0.3434, model saved
2026-08-26 20:52:54 | Epoch  18/100 | Train Loss 0.0291 | Val Loss 0.0193 MAE 10.9523 R2 0.3475
2026-08-26 20:52:54 |   Val R2 improved to 0.3475, model saved
2026-08-26 20:52:56 | Epoch  19/100 | Train Loss 0.0285 | Val Loss 0.0206 MAE 11.2675 R2 0.3026
2026-08-26 20:52:58 | Epoch  20/100 | Train Loss 0.0273 | Val Loss 0.0190 MAE 10.8691 R2 0.3554
2026-08-26 20:52:58 |   Val R2 improved to 0.3554, model saved
2026-08-26 20:52:59 | Epoch  21/100 | Train Loss 0.0278 | Val Loss 0.0196 MAE 10.9934 R2 0.3365
2026-08-26 20:53:01 | Epoch  22/100 | Train Loss 0.0270 | Val Loss 0.0196 MAE 11.0177 R2 0.3347
2026-08-26 20:53:03 | Epoch  23/100 | Train Loss 0.0267 | Val Loss 0.0186 MAE 10.7465 R2 0.3681
2026-08-26 20:53:03 |   Val R2 improved to 0.3681, model saved
2026-08-26 20:53:05 | Epoch  24/100 | Train Loss 0.0266 | Val Loss 0.0182 MAE 10.6375 R2 0.3827
2026-08-26 20:53:05 |   Val R2 improved to 0.3827, model saved
2026-08-26 20:53:06 | Epoch  25/100 | Train Loss 0.0258 | Val Loss 0.0187 MAE 10.7499 R2 0.3676
2026-08-26 20:53:08 | Epoch  26/100 | Train Loss 0.0260 | Val Loss 0.0183 MAE 10.6783 R2 0.3782
2026-08-26 20:53:10 | Epoch  27/100 | Train Loss 0.0254 | Val Loss 0.0187 MAE 10.7641 R2 0.3649
2026-08-26 20:53:11 | Epoch  28/100 | Train Loss 0.0250 | Val Loss 0.0186 MAE 10.7233 R2 0.3697
2026-08-26 20:53:13 | Epoch  29/100 | Train Loss 0.0248 | Val Loss 0.0192 MAE 10.8841 R2 0.3500
2026-08-26 20:53:15 | Epoch  30/100 | Train Loss 0.0244 | Val Loss 0.0189 MAE 10.8238 R2 0.3585
2026-08-26 20:53:17 | Epoch  31/100 | Train Loss 0.0246 | Val Loss 0.0189 MAE 10.7948 R2 0.3605
2026-08-26 20:53:18 | Epoch  32/100 | Train Loss 0.0238 | Val Loss 0.0185 MAE 10.7222 R2 0.3724
2026-08-26 20:53:20 | Epoch  33/100 | Train Loss 0.0238 | Val Loss 0.0197 MAE 11.0235 R2 0.3322
2026-08-26 20:53:22 | Epoch  34/100 | Train Loss 0.0230 | Val Loss 0.0180 MAE 10.5809 R2 0.3903
2026-08-26 20:53:22 |   Val R2 improved to 0.3903, model saved
2026-08-26 20:53:24 | Epoch  35/100 | Train Loss 0.0235 | Val Loss 0.0177 MAE 10.5013 R2 0.3994
2026-08-26 20:53:24 |   Val R2 improved to 0.3994, model saved
2026-08-26 20:53:25 | Epoch  36/100 | Train Loss 0.0229 | Val Loss 0.0179 MAE 10.5432 R2 0.3938
2026-08-26 20:53:27 | Epoch  37/100 | Train Loss 0.0221 | Val Loss 0.0179 MAE 10.5468 R2 0.3945
2026-08-26 20:53:29 | Epoch  38/100 | Train Loss 0.0223 | Val Loss 0.0177 MAE 10.5163 R2 0.3988
2026-08-26 20:53:31 | Epoch  39/100 | Train Loss 0.0216 | Val Loss 0.0184 MAE 10.6706 R2 0.3780
2026-08-26 20:53:33 | Epoch  40/100 | Train Loss 0.0214 | Val Loss 0.0177 MAE 10.4957 R2 0.3990
2026-08-26 20:53:34 | Epoch  41/100 | Train Loss 0.0206 | Val Loss 0.0181 MAE 10.5764 R2 0.3873
2026-08-26 20:53:36 | Epoch  42/100 | Train Loss 0.0208 | Val Loss 0.0178 MAE 10.5276 R2 0.3959
2026-08-26 20:53:38 | Epoch  43/100 | Train Loss 0.0202 | Val Loss 0.0181 MAE 10.6263 R2 0.3851
2026-08-26 20:53:40 | Epoch  44/100 | Train Loss 0.0201 | Val Loss 0.0187 MAE 10.7652 R2 0.3676
2026-08-26 20:53:41 | Epoch  45/100 | Train Loss 0.0198 | Val Loss 0.0202 MAE 11.1365 R2 0.3166
2026-08-26 20:53:41 | Val R2 did not improve for 10 consecutive epochs, early stopping at Epoch 45 (best R2 0.3994 @ Epoch 35)
2026-08-26 20:53:42 | Run 1/5 | Test (best model @ Epoch 35) | Loss 0.0180 MAE 10.6663 R2 0.4091
2026-08-26 20:53:42 | ===== Run 2/5 (seed 1) =====
2026-08-26 20:53:44 | Epoch   1/100 | Train Loss 9.7163 | Val Loss 0.0755 MAE 22.2059 R2 -1.5561
2026-08-26 20:53:44 |   Val R2 improved to -1.5561, model saved
2026-08-26 20:53:45 | Epoch   2/100 | Train Loss 0.0857 | Val Loss 0.0417 MAE 16.0935 R2 -0.4137
2026-08-26 20:53:45 |   Val R2 improved to -0.4137, model saved
2026-08-26 20:53:47 | Epoch   3/100 | Train Loss 0.0807 | Val Loss 0.0419 MAE 16.0948 R2 -0.4204
2026-08-26 20:53:49 | Epoch   4/100 | Train Loss 0.0781 | Val Loss 0.0414 MAE 15.9998 R2 -0.4046
2026-08-26 20:53:49 |   Val R2 improved to -0.4046, model saved
2026-08-26 20:53:50 | Epoch   5/100 | Train Loss 0.0783 | Val Loss 0.0399 MAE 15.7036 R2 -0.3523
2026-08-26 20:53:50 |   Val R2 improved to -0.3523, model saved
2026-08-26 20:53:52 | Epoch   6/100 | Train Loss 0.0766 | Val Loss 0.0386 MAE 15.4552 R2 -0.3093
2026-08-26 20:53:52 |   Val R2 improved to -0.3093, model saved
2026-08-26 20:53:54 | Epoch   7/100 | Train Loss 0.0760 | Val Loss 0.0377 MAE 15.2785 R2 -0.2789
2026-08-26 20:53:54 |   Val R2 improved to -0.2789, model saved
2026-08-26 20:53:56 | Epoch   8/100 | Train Loss 0.0751 | Val Loss 0.0366 MAE 15.0464 R2 -0.2400
2026-08-26 20:53:56 |   Val R2 improved to -0.2400, model saved
2026-08-26 20:53:57 | Epoch   9/100 | Train Loss 0.0740 | Val Loss 0.0359 MAE 14.9196 R2 -0.2187
2026-08-26 20:53:58 |   Val R2 improved to -0.2187, model saved
2026-08-26 20:53:59 | Epoch  10/100 | Train Loss 0.0728 | Val Loss 0.0362 MAE 14.9776 R2 -0.2268
2026-08-26 20:54:01 | Epoch  11/100 | Train Loss 0.0716 | Val Loss 0.0351 MAE 14.7510 R2 -0.1902
2026-08-26 20:54:01 |   Val R2 improved to -0.1902, model saved
2026-08-26 20:54:03 | Epoch  12/100 | Train Loss 0.0690 | Val Loss 0.0345 MAE 14.6258 R2 -0.1703
2026-08-26 20:54:03 |   Val R2 improved to -0.1703, model saved
2026-08-26 20:54:04 | Epoch  13/100 | Train Loss 0.0706 | Val Loss 0.0336 MAE 14.4171 R2 -0.1383
2026-08-26 20:54:04 |   Val R2 improved to -0.1383, model saved
2026-08-26 20:54:06 | Epoch  14/100 | Train Loss 0.0674 | Val Loss 0.0345 MAE 14.6412 R2 -0.1717
2026-08-26 20:54:08 | Epoch  15/100 | Train Loss 0.0700 | Val Loss 0.0329 MAE 14.2698 R2 -0.1162
2026-08-26 20:54:08 |   Val R2 improved to -0.1162, model saved
2026-08-26 20:54:10 | Epoch  16/100 | Train Loss 0.0676 | Val Loss 0.0337 MAE 14.4527 R2 -0.1435
2026-08-26 20:54:11 | Epoch  17/100 | Train Loss 0.0677 | Val Loss 0.0339 MAE 14.5001 R2 -0.1508
2026-08-26 20:54:13 | Epoch  18/100 | Train Loss 0.0673 | Val Loss 0.0322 MAE 14.0880 R2 -0.0904
2026-08-26 20:54:13 |   Val R2 improved to -0.0904, model saved
2026-08-26 20:54:15 | Epoch  19/100 | Train Loss 0.0677 | Val Loss 0.0322 MAE 14.0912 R2 -0.0908
2026-08-26 20:54:17 | Epoch  20/100 | Train Loss 0.0653 | Val Loss 0.0319 MAE 14.0392 R2 -0.0835
2026-08-26 20:54:17 |   Val R2 improved to -0.0835, model saved
2026-08-26 20:54:18 | Epoch  21/100 | Train Loss 0.0643 | Val Loss 0.0312 MAE 13.8674 R2 -0.0592
2026-08-26 20:54:18 |   Val R2 improved to -0.0592, model saved
2026-08-26 20:54:20 | Epoch  22/100 | Train Loss 0.0628 | Val Loss 0.0306 MAE 13.7077 R2 -0.0370
2026-08-26 20:54:20 |   Val R2 improved to -0.0370, model saved
2026-08-26 20:54:22 | Epoch  23/100 | Train Loss 0.0626 | Val Loss 0.0301 MAE 13.5950 R2 -0.0209
2026-08-26 20:54:22 |   Val R2 improved to -0.0209, model saved
2026-08-26 20:54:24 | Epoch  24/100 | Train Loss 0.0623 | Val Loss 0.0305 MAE 13.6973 R2 -0.0357
2026-08-26 20:54:25 | Epoch  25/100 | Train Loss 0.0626 | Val Loss 0.0293 MAE 13.4029 R2 0.0067
2026-08-26 20:54:25 |   Val R2 improved to 0.0067, model saved
2026-08-26 20:54:27 | Epoch  26/100 | Train Loss 0.0610 | Val Loss 0.0287 MAE 13.2584 R2 0.0276
2026-08-26 20:54:27 |   Val R2 improved to 0.0276, model saved
2026-08-26 20:54:29 | Epoch  27/100 | Train Loss 0.0590 | Val Loss 0.0299 MAE 13.5519 R2 -0.0143
2026-08-26 20:54:31 | Epoch  28/100 | Train Loss 0.0595 | Val Loss 0.0299 MAE 13.5484 R2 -0.0140
2026-08-26 20:54:32 | Epoch  29/100 | Train Loss 0.0578 | Val Loss 0.0284 MAE 13.1904 R2 0.0366
2026-08-26 20:54:32 |   Val R2 improved to 0.0366, model saved
2026-08-26 20:54:34 | Epoch  30/100 | Train Loss 0.0564 | Val Loss 0.0284 MAE 13.1952 R2 0.0360
2026-08-26 20:54:36 | Epoch  31/100 | Train Loss 0.0582 | Val Loss 0.0282 MAE 13.1487 R2 0.0425
2026-08-26 20:54:36 |   Val R2 improved to 0.0425, model saved
2026-08-26 20:54:38 | Epoch  32/100 | Train Loss 0.0561 | Val Loss 0.0272 MAE 12.9112 R2 0.0762
2026-08-26 20:54:38 |   Val R2 improved to 0.0762, model saved
2026-08-26 20:54:39 | Epoch  33/100 | Train Loss 0.0541 | Val Loss 0.0291 MAE 13.3640 R2 0.0130
2026-08-26 20:54:41 | Epoch  34/100 | Train Loss 0.0540 | Val Loss 0.0285 MAE 13.2203 R2 0.0330
2026-08-26 20:54:43 | Epoch  35/100 | Train Loss 0.0538 | Val Loss 0.0279 MAE 13.0654 R2 0.0549
2026-08-26 20:54:44 | Epoch  36/100 | Train Loss 0.0517 | Val Loss 0.0275 MAE 12.9738 R2 0.0675
2026-08-26 20:54:46 | Epoch  37/100 | Train Loss 0.0526 | Val Loss 0.0259 MAE 12.5836 R2 0.1217
2026-08-26 20:54:46 |   Val R2 improved to 0.1217, model saved
2026-08-26 20:54:48 | Epoch  38/100 | Train Loss 0.0507 | Val Loss 0.0261 MAE 12.6383 R2 0.1145
2026-08-26 20:54:50 | Epoch  39/100 | Train Loss 0.0518 | Val Loss 0.0263 MAE 12.6943 R2 0.1074
2026-08-26 20:54:51 | Epoch  40/100 | Train Loss 0.0505 | Val Loss 0.0267 MAE 12.7835 R2 0.0947
2026-08-26 20:54:53 | Epoch  41/100 | Train Loss 0.0488 | Val Loss 0.0258 MAE 12.5708 R2 0.1239
2026-08-26 20:54:53 |   Val R2 improved to 0.1239, model saved
2026-08-26 20:54:55 | Epoch  42/100 | Train Loss 0.0485 | Val Loss 0.0256 MAE 12.5080 R2 0.1333
2026-08-26 20:54:55 |   Val R2 improved to 0.1333, model saved
2026-08-26 20:54:57 | Epoch  43/100 | Train Loss 0.0489 | Val Loss 0.0259 MAE 12.6008 R2 0.1204
2026-08-26 20:54:58 | Epoch  44/100 | Train Loss 0.0470 | Val Loss 0.0262 MAE 12.6538 R2 0.1132
2026-08-26 20:55:00 | Epoch  45/100 | Train Loss 0.0470 | Val Loss 0.0257 MAE 12.5504 R2 0.1276
2026-08-26 20:55:02 | Epoch  46/100 | Train Loss 0.0467 | Val Loss 0.0253 MAE 12.4472 R2 0.1423
2026-08-26 20:55:02 |   Val R2 improved to 0.1423, model saved
2026-08-26 20:55:04 | Epoch  47/100 | Train Loss 0.0455 | Val Loss 0.0246 MAE 12.2609 R2 0.1666
2026-08-26 20:55:04 |   Val R2 improved to 0.1666, model saved
2026-08-26 20:55:05 | Epoch  48/100 | Train Loss 0.0450 | Val Loss 0.0248 MAE 12.3112 R2 0.1605
2026-08-26 20:55:07 | Epoch  49/100 | Train Loss 0.0451 | Val Loss 0.0231 MAE 11.8953 R2 0.2162
2026-08-26 20:55:07 |   Val R2 improved to 0.2162, model saved
2026-08-26 20:55:09 | Epoch  50/100 | Train Loss 0.0441 | Val Loss 0.0234 MAE 11.9569 R2 0.2080
2026-08-26 20:55:11 | Epoch  51/100 | Train Loss 0.0431 | Val Loss 0.0247 MAE 12.2983 R2 0.1631
2026-08-26 20:55:12 | Epoch  52/100 | Train Loss 0.0426 | Val Loss 0.0228 MAE 11.8166 R2 0.2275
2026-08-26 20:55:12 |   Val R2 improved to 0.2275, model saved
2026-08-26 20:55:14 | Epoch  53/100 | Train Loss 0.0420 | Val Loss 0.0235 MAE 12.0006 R2 0.2035
2026-08-26 20:55:16 | Epoch  54/100 | Train Loss 0.0411 | Val Loss 0.0225 MAE 11.7519 R2 0.2369
2026-08-26 20:55:16 |   Val R2 improved to 0.2369, model saved
2026-08-26 20:55:17 | Epoch  55/100 | Train Loss 0.0407 | Val Loss 0.0219 MAE 11.5988 R2 0.2581
2026-08-26 20:55:17 |   Val R2 improved to 0.2581, model saved
2026-08-26 20:55:19 | Epoch  56/100 | Train Loss 0.0405 | Val Loss 0.0234 MAE 11.9828 R2 0.2071
2026-08-26 20:55:21 | Epoch  57/100 | Train Loss 0.0385 | Val Loss 0.0216 MAE 11.5280 R2 0.2677
2026-08-26 20:55:21 |   Val R2 improved to 0.2677, model saved
2026-08-26 20:55:23 | Epoch  58/100 | Train Loss 0.0389 | Val Loss 0.0222 MAE 11.6783 R2 0.2479
2026-08-26 20:55:25 | Epoch  59/100 | Train Loss 0.0370 | Val Loss 0.0232 MAE 11.9461 R2 0.2140
2026-08-26 20:55:26 | Epoch  60/100 | Train Loss 0.0382 | Val Loss 0.0223 MAE 11.7113 R2 0.2445
2026-08-26 20:55:28 | Epoch  61/100 | Train Loss 0.0367 | Val Loss 0.0222 MAE 11.7021 R2 0.2460
2026-08-26 20:55:30 | Epoch  62/100 | Train Loss 0.0359 | Val Loss 0.0223 MAE 11.7066 R2 0.2457
2026-08-26 20:55:32 | Epoch  63/100 | Train Loss 0.0350 | Val Loss 0.0216 MAE 11.5364 R2 0.2673
2026-08-26 20:55:34 | Epoch  64/100 | Train Loss 0.0344 | Val Loss 0.0219 MAE 11.6091 R2 0.2574
2026-08-26 20:55:35 | Epoch  65/100 | Train Loss 0.0353 | Val Loss 0.0215 MAE 11.5089 R2 0.2708
2026-08-26 20:55:35 |   Val R2 improved to 0.2708, model saved
2026-08-26 20:55:37 | Epoch  66/100 | Train Loss 0.0326 | Val Loss 0.0207 MAE 11.2936 R2 0.2994
2026-08-26 20:55:37 |   Val R2 improved to 0.2994, model saved
2026-08-26 20:55:39 | Epoch  67/100 | Train Loss 0.0346 | Val Loss 0.0213 MAE 11.4469 R2 0.2788
2026-08-26 20:55:41 | Epoch  68/100 | Train Loss 0.0339 | Val Loss 0.0197 MAE 11.0426 R2 0.3331
2026-08-26 20:55:41 |   Val R2 improved to 0.3331, model saved
2026-08-26 20:55:42 | Epoch  69/100 | Train Loss 0.0328 | Val Loss 0.0217 MAE 11.5731 R2 0.2630
2026-08-26 20:55:44 | Epoch  70/100 | Train Loss 0.0325 | Val Loss 0.0207 MAE 11.3161 R2 0.2969
2026-08-26 20:55:46 | Epoch  71/100 | Train Loss 0.0321 | Val Loss 0.0210 MAE 11.3769 R2 0.2886
2026-08-26 20:55:48 | Epoch  72/100 | Train Loss 0.0314 | Val Loss 0.0205 MAE 11.2577 R2 0.3046
2026-08-26 20:55:49 | Epoch  73/100 | Train Loss 0.0313 | Val Loss 0.0208 MAE 11.3443 R2 0.2932
2026-08-26 20:55:51 | Epoch  74/100 | Train Loss 0.0296 | Val Loss 0.0201 MAE 11.1513 R2 0.3182
2026-08-26 20:55:53 | Epoch  75/100 | Train Loss 0.0299 | Val Loss 0.0193 MAE 10.9508 R2 0.3461
2026-08-26 20:55:53 |   Val R2 improved to 0.3461, model saved
2026-08-26 20:55:55 | Epoch  76/100 | Train Loss 0.0287 | Val Loss 0.0215 MAE 11.5102 R2 0.2708
2026-08-26 20:55:56 | Epoch  77/100 | Train Loss 0.0276 | Val Loss 0.0211 MAE 11.4167 R2 0.2832
2026-08-26 20:55:58 | Epoch  78/100 | Train Loss 0.0282 | Val Loss 0.0217 MAE 11.5648 R2 0.2631
2026-08-26 20:56:00 | Epoch  79/100 | Train Loss 0.0281 | Val Loss 0.0198 MAE 11.0532 R2 0.3305
2026-08-26 20:56:02 | Epoch  80/100 | Train Loss 0.0277 | Val Loss 0.0197 MAE 11.0483 R2 0.3325
2026-08-26 20:56:03 | Epoch  81/100 | Train Loss 0.0275 | Val Loss 0.0194 MAE 10.9566 R2 0.3440
2026-08-26 20:56:05 | Epoch  82/100 | Train Loss 0.0265 | Val Loss 0.0197 MAE 11.0415 R2 0.3318
2026-08-26 20:56:07 | Epoch  83/100 | Train Loss 0.0264 | Val Loss 0.0196 MAE 11.0139 R2 0.3358
2026-08-26 20:56:08 | Epoch  84/100 | Train Loss 0.0249 | Val Loss 0.0197 MAE 11.0246 R2 0.3337
2026-08-26 20:56:10 | Epoch  85/100 | Train Loss 0.0255 | Val Loss 0.0200 MAE 11.1170 R2 0.3225
2026-08-26 20:56:10 | Val R2 did not improve for 10 consecutive epochs, early stopping at Epoch 85 (best R2 0.3461 @ Epoch 75)
2026-08-26 20:56:10 | Run 2/5 | Test (best model @ Epoch 75) | Loss 0.0196 MAE 11.0749 R2 0.3591
2026-08-26 20:56:10 | ===== Run 3/5 (seed 2) =====
2026-08-26 20:56:12 | Epoch   1/100 | Train Loss 3.1322 | Val Loss 0.2860 MAE 50.6489 R2 -8.7096
2026-08-26 20:56:12 |   Val R2 improved to -8.7096, model saved
2026-08-26 20:56:14 | Epoch   2/100 | Train Loss 0.2795 | Val Loss 0.2796 MAE 50.0133 R2 -8.4923
2026-08-26 20:56:14 |   Val R2 improved to -8.4923, model saved
2026-08-26 20:56:15 | Epoch   3/100 | Train Loss 0.2720 | Val Loss 0.2711 MAE 49.1503 R2 -8.2018
2026-08-26 20:56:15 |   Val R2 improved to -8.2018, model saved
2026-08-26 20:56:17 | Epoch   4/100 | Train Loss 0.2630 | Val Loss 0.2615 MAE 48.1703 R2 -7.8780
2026-08-26 20:56:17 |   Val R2 improved to -7.8780, model saved
2026-08-26 20:56:19 | Epoch   5/100 | Train Loss 0.2533 | Val Loss 0.2514 MAE 47.1088 R2 -7.5346
2026-08-26 20:56:19 |   Val R2 improved to -7.5346, model saved
2026-08-26 20:56:21 | Epoch   6/100 | Train Loss 0.2431 | Val Loss 0.2410 MAE 45.9906 R2 -7.1812
2026-08-26 20:56:21 |   Val R2 improved to -7.1812, model saved
2026-08-26 20:56:22 | Epoch   7/100 | Train Loss 0.2328 | Val Loss 0.2305 MAE 44.8329 R2 -6.8242
2026-08-26 20:56:22 |   Val R2 improved to -6.8242, model saved
2026-08-26 20:56:24 | Epoch   8/100 | Train Loss 0.2224 | Val Loss 0.2200 MAE 43.6420 R2 -6.4664
2026-08-26 20:56:24 |   Val R2 improved to -6.4664, model saved
2026-08-26 20:56:26 | Epoch   9/100 | Train Loss 0.2120 | Val Loss 0.2096 MAE 42.4364 R2 -6.1141
2026-08-26 20:56:26 |   Val R2 improved to -6.1141, model saved
2026-08-26 20:56:28 | Epoch  10/100 | Train Loss 0.2018 | Val Loss 0.1994 MAE 41.2146 R2 -5.7670
2026-08-26 20:56:28 |   Val R2 improved to -5.7670, model saved
2026-08-26 20:56:29 | Epoch  11/100 | Train Loss 0.1918 | Val Loss 0.1894 MAE 39.9870 R2 -5.4281
2026-08-26 20:56:30 |   Val R2 improved to -5.4281, model saved
2026-08-26 20:56:31 | Epoch  12/100 | Train Loss 0.1821 | Val Loss 0.1797 MAE 38.7581 R2 -5.0989
2026-08-26 20:56:31 |   Val R2 improved to -5.0989, model saved
2026-08-26 20:56:33 | Epoch  13/100 | Train Loss 0.1727 | Val Loss 0.1703 MAE 37.5333 R2 -4.7805
2026-08-26 20:56:33 |   Val R2 improved to -4.7805, model saved
2026-08-26 20:56:35 | Epoch  14/100 | Train Loss 0.1636 | Val Loss 0.1613 MAE 36.3199 R2 -4.4750
2026-08-26 20:56:35 |   Val R2 improved to -4.4750, model saved
2026-08-26 20:56:37 | Epoch  15/100 | Train Loss 0.1549 | Val Loss 0.1526 MAE 35.1145 R2 -4.1809
2026-08-26 20:56:37 |   Val R2 improved to -4.1809, model saved
2026-08-26 20:56:39 | Epoch  16/100 | Train Loss 0.1465 | Val Loss 0.1444 MAE 33.9246 R2 -3.8998
2026-08-26 20:56:39 |   Val R2 improved to -3.8998, model saved
2026-08-26 20:56:40 | Epoch  17/100 | Train Loss 0.1385 | Val Loss 0.1365 MAE 32.7529 R2 -3.6322
2026-08-26 20:56:40 |   Val R2 improved to -3.6322, model saved
2026-08-26 20:56:42 | Epoch  18/100 | Train Loss 0.1309 | Val Loss 0.1290 MAE 31.5994 R2 -3.3771
2026-08-26 20:56:42 |   Val R2 improved to -3.3771, model saved
2026-08-26 20:56:44 | Epoch  19/100 | Train Loss 0.1237 | Val Loss 0.1218 MAE 30.4708 R2 -3.1345
2026-08-26 20:56:44 |   Val R2 improved to -3.1345, model saved
2026-08-26 20:56:46 | Epoch  20/100 | Train Loss 0.1169 | Val Loss 0.1151 MAE 29.3702 R2 -2.9051
2026-08-26 20:56:46 |   Val R2 improved to -2.9051, model saved
2026-08-26 20:56:47 | Epoch  21/100 | Train Loss 0.1104 | Val Loss 0.1086 MAE 28.2991 R2 -2.6876
2026-08-26 20:56:47 |   Val R2 improved to -2.6876, model saved
2026-08-26 20:56:49 | Epoch  22/100 | Train Loss 0.1043 | Val Loss 0.1026 MAE 27.2626 R2 -2.4823
2026-08-26 20:56:49 |   Val R2 improved to -2.4823, model saved
2026-08-26 20:56:51 | Epoch  23/100 | Train Loss 0.0985 | Val Loss 0.0969 MAE 26.2681 R2 -2.2898
2026-08-26 20:56:51 |   Val R2 improved to -2.2898, model saved
2026-08-26 20:56:52 | Epoch  24/100 | Train Loss 0.0931 | Val Loss 0.0916 MAE 25.3108 R2 -2.1083
2026-08-26 20:56:52 |   Val R2 improved to -2.1083, model saved
2026-08-26 20:56:54 | Epoch  25/100 | Train Loss 0.0880 | Val Loss 0.0866 MAE 24.3987 R2 -1.9388
2026-08-26 20:56:54 |   Val R2 improved to -1.9388, model saved
2026-08-26 20:56:56 | Epoch  26/100 | Train Loss 0.0833 | Val Loss 0.0819 MAE 23.5269 R2 -1.7799
2026-08-26 20:56:56 |   Val R2 improved to -1.7799, model saved
2026-08-26 20:56:58 | Epoch  27/100 | Train Loss 0.0788 | Val Loss 0.0775 MAE 22.7001 R2 -1.6304
2026-08-26 20:56:58 |   Val R2 improved to -1.6304, model saved
2026-08-26 20:57:00 | Epoch  28/100 | Train Loss 0.0747 | Val Loss 0.0734 MAE 21.9245 R2 -1.4919
2026-08-26 20:57:00 |   Val R2 improved to -1.4919, model saved
2026-08-26 20:57:02 | Epoch  29/100 | Train Loss 0.0708 | Val Loss 0.0696 MAE 21.1943 R2 -1.3627
2026-08-26 20:57:02 |   Val R2 improved to -1.3627, model saved
2026-08-26 20:57:03 | Epoch  30/100 | Train Loss 0.0672 | Val Loss 0.0661 MAE 20.5149 R2 -1.2435
2026-08-26 20:57:03 |   Val R2 improved to -1.2435, model saved
2026-08-26 20:57:05 | Epoch  31/100 | Train Loss 0.0639 | Val Loss 0.0628 MAE 19.8765 R2 -1.1319
2026-08-26 20:57:05 |   Val R2 improved to -1.1319, model saved
2026-08-26 20:57:07 | Epoch  32/100 | Train Loss 0.0608 | Val Loss 0.0598 MAE 19.2868 R2 -1.0292
2026-08-26 20:57:07 |   Val R2 improved to -1.0292, model saved
2026-08-26 20:57:09 | Epoch  33/100 | Train Loss 0.0580 | Val Loss 0.0570 MAE 18.7405 R2 -0.9341
2026-08-26 20:57:09 |   Val R2 improved to -0.9341, model saved
2026-08-26 20:57:10 | Epoch  34/100 | Train Loss 0.0554 | Val Loss 0.0544 MAE 18.2428 R2 -0.8467
2026-08-26 20:57:10 |   Val R2 improved to -0.8467, model saved
2026-08-26 20:57:12 | Epoch  35/100 | Train Loss 0.0530 | Val Loss 0.0521 MAE 17.7921 R2 -0.7664
2026-08-26 20:57:12 |   Val R2 improved to -0.7664, model saved
2026-08-26 20:57:14 | Epoch  36/100 | Train Loss 0.0508 | Val Loss 0.0499 MAE 17.3763 R2 -0.6923
2026-08-26 20:57:14 |   Val R2 improved to -0.6923, model saved
2026-08-26 20:57:15 | Epoch  37/100 | Train Loss 0.0488 | Val Loss 0.0479 MAE 16.9971 R2 -0.6249
2026-08-26 20:57:15 |   Val R2 improved to -0.6249, model saved
2026-08-26 20:57:17 | Epoch  38/100 | Train Loss 0.0469 | Val Loss 0.0461 MAE 16.6480 R2 -0.5624
2026-08-26 20:57:17 |   Val R2 improved to -0.5624, model saved
2026-08-26 20:57:19 | Epoch  39/100 | Train Loss 0.0452 | Val Loss 0.0444 MAE 16.3404 R2 -0.5057
2026-08-26 20:57:19 |   Val R2 improved to -0.5057, model saved
2026-08-26 20:57:21 | Epoch  40/100 | Train Loss 0.0437 | Val Loss 0.0429 MAE 16.0598 R2 -0.4538
2026-08-26 20:57:21 |   Val R2 improved to -0.4538, model saved
2026-08-26 20:57:23 | Epoch  41/100 | Train Loss 0.0423 | Val Loss 0.0415 MAE 15.8151 R2 -0.4067
2026-08-26 20:57:23 |   Val R2 improved to -0.4067, model saved
2026-08-26 20:57:24 | Epoch  42/100 | Train Loss 0.0410 | Val Loss 0.0402 MAE 15.6003 R2 -0.3645
2026-08-26 20:57:24 |   Val R2 improved to -0.3645, model saved
2026-08-26 20:57:26 | Epoch  43/100 | Train Loss 0.0399 | Val Loss 0.0391 MAE 15.3965 R2 -0.3252
2026-08-26 20:57:26 |   Val R2 improved to -0.3252, model saved
2026-08-26 20:57:28 | Epoch  44/100 | Train Loss 0.0389 | Val Loss 0.0380 MAE 15.2272 R2 -0.2900
2026-08-26 20:57:28 |   Val R2 improved to -0.2900, model saved
2026-08-26 20:57:29 | Epoch  45/100 | Train Loss 0.0379 | Val Loss 0.0371 MAE 15.0692 R2 -0.2583
2026-08-26 20:57:29 |   Val R2 improved to -0.2583, model saved
2026-08-26 20:57:31 | Epoch  46/100 | Train Loss 0.0371 | Val Loss 0.0363 MAE 14.9443 R2 -0.2297
2026-08-26 20:57:31 |   Val R2 improved to -0.2297, model saved
2026-08-26 20:57:33 | Epoch  47/100 | Train Loss 0.0363 | Val Loss 0.0355 MAE 14.8257 R2 -0.2041
2026-08-26 20:57:33 |   Val R2 improved to -0.2041, model saved
2026-08-26 20:57:34 | Epoch  48/100 | Train Loss 0.0357 | Val Loss 0.0348 MAE 14.7291 R2 -0.1812
2026-08-26 20:57:34 |   Val R2 improved to -0.1812, model saved
2026-08-26 20:57:36 | Epoch  49/100 | Train Loss 0.0351 | Val Loss 0.0342 MAE 14.6377 R2 -0.1608
2026-08-26 20:57:36 |   Val R2 improved to -0.1608, model saved
2026-08-26 20:57:37 | Epoch  50/100 | Train Loss 0.0345 | Val Loss 0.0337 MAE 14.5613 R2 -0.1421
2026-08-26 20:57:37 |   Val R2 improved to -0.1421, model saved
2026-08-26 20:57:39 | Epoch  51/100 | Train Loss 0.0341 | Val Loss 0.0332 MAE 14.4949 R2 -0.1256
2026-08-26 20:57:39 |   Val R2 improved to -0.1256, model saved
2026-08-26 20:57:40 | Epoch  52/100 | Train Loss 0.0336 | Val Loss 0.0327 MAE 14.4327 R2 -0.1107
2026-08-26 20:57:40 |   Val R2 improved to -0.1107, model saved
2026-08-26 20:57:42 | Epoch  53/100 | Train Loss 0.0333 | Val Loss 0.0324 MAE 14.3872 R2 -0.0977
2026-08-26 20:57:42 |   Val R2 improved to -0.0977, model saved
2026-08-26 20:57:44 | Epoch  54/100 | Train Loss 0.0329 | Val Loss 0.0320 MAE 14.3441 R2 -0.0862
2026-08-26 20:57:44 |   Val R2 improved to -0.0862, model saved
2026-08-26 20:57:45 | Epoch  55/100 | Train Loss 0.0326 | Val Loss 0.0317 MAE 14.3045 R2 -0.0759
2026-08-26 20:57:45 |   Val R2 improved to -0.0759, model saved
2026-08-26 20:57:47 | Epoch  56/100 | Train Loss 0.0324 | Val Loss 0.0315 MAE 14.2777 R2 -0.0668
2026-08-26 20:57:47 |   Val R2 improved to -0.0668, model saved
2026-08-26 20:57:49 | Epoch  57/100 | Train Loss 0.0322 | Val Loss 0.0312 MAE 14.2523 R2 -0.0586
2026-08-26 20:57:49 |   Val R2 improved to -0.0586, model saved
2026-08-26 20:57:50 | Epoch  58/100 | Train Loss 0.0320 | Val Loss 0.0310 MAE 14.2286 R2 -0.0515
2026-08-26 20:57:50 |   Val R2 improved to -0.0515, model saved
2026-08-26 20:57:52 | Epoch  59/100 | Train Loss 0.0318 | Val Loss 0.0308 MAE 14.2109 R2 -0.0453
2026-08-26 20:57:52 |   Val R2 improved to -0.0453, model saved
2026-08-26 20:57:53 | Epoch  60/100 | Train Loss 0.0316 | Val Loss 0.0307 MAE 14.1988 R2 -0.0395
2026-08-26 20:57:54 |   Val R2 improved to -0.0395, model saved
2026-08-26 20:57:55 | Epoch  61/100 | Train Loss 0.0315 | Val Loss 0.0305 MAE 14.1883 R2 -0.0348
2026-08-26 20:57:55 |   Val R2 improved to -0.0348, model saved
2026-08-26 20:57:57 | Epoch  62/100 | Train Loss 0.0314 | Val Loss 0.0304 MAE 14.1779 R2 -0.0305
2026-08-26 20:57:57 |   Val R2 improved to -0.0305, model saved
2026-08-26 20:57:59 | Epoch  63/100 | Train Loss 0.0313 | Val Loss 0.0303 MAE 14.1681 R2 -0.0266
2026-08-26 20:57:59 |   Val R2 improved to -0.0266, model saved
2026-08-26 20:58:00 | Epoch  64/100 | Train Loss 0.0312 | Val Loss 0.0302 MAE 14.1635 R2 -0.0233
2026-08-26 20:58:00 |   Val R2 improved to -0.0233, model saved
2026-08-26 20:58:02 | Epoch  65/100 | Train Loss 0.0311 | Val Loss 0.0301 MAE 14.1604 R2 -0.0205
2026-08-26 20:58:02 |   Val R2 improved to -0.0205, model saved
2026-08-26 20:58:03 | Epoch  66/100 | Train Loss 0.0311 | Val Loss 0.0300 MAE 14.1574 R2 -0.0179
2026-08-26 20:58:04 |   Val R2 improved to -0.0179, model saved
2026-08-26 20:58:05 | Epoch  67/100 | Train Loss 0.0310 | Val Loss 0.0299 MAE 14.1546 R2 -0.0156
2026-08-26 20:58:05 |   Val R2 improved to -0.0156, model saved
2026-08-26 20:58:07 | Epoch  68/100 | Train Loss 0.0310 | Val Loss 0.0299 MAE 14.1520 R2 -0.0137
2026-08-26 20:58:07 |   Val R2 improved to -0.0137, model saved
2026-08-26 20:58:08 | Epoch  69/100 | Train Loss 0.0309 | Val Loss 0.0298 MAE 14.1496 R2 -0.0120
2026-08-26 20:58:08 |   Val R2 improved to -0.0120, model saved
2026-08-26 20:58:10 | Epoch  70/100 | Train Loss 0.0309 | Val Loss 0.0298 MAE 14.1474 R2 -0.0106
2026-08-26 20:58:10 |   Val R2 improved to -0.0106, model saved
2026-08-26 20:58:12 | Epoch  71/100 | Train Loss 0.0309 | Val Loss 0.0298 MAE 14.1499 R2 -0.0093
2026-08-26 20:58:12 |   Val R2 improved to -0.0093, model saved
2026-08-26 20:58:13 | Epoch  72/100 | Train Loss 0.0308 | Val Loss 0.0297 MAE 14.1521 R2 -0.0083
2026-08-26 20:58:13 |   Val R2 improved to -0.0083, model saved
2026-08-26 20:58:15 | Epoch  73/100 | Train Loss 0.0308 | Val Loss 0.0297 MAE 14.1544 R2 -0.0074
2026-08-26 20:58:15 |   Val R2 improved to -0.0074, model saved
2026-08-26 20:58:17 | Epoch  74/100 | Train Loss 0.0308 | Val Loss 0.0297 MAE 14.1567 R2 -0.0064
2026-08-26 20:58:17 |   Val R2 improved to -0.0064, model saved
2026-08-26 20:58:18 | Epoch  75/100 | Train Loss 0.0308 | Val Loss 0.0297 MAE 14.1584 R2 -0.0058
2026-08-26 20:58:18 |   Val R2 improved to -0.0058, model saved
2026-08-26 20:58:20 | Epoch  76/100 | Train Loss 0.0308 | Val Loss 0.0296 MAE 14.1603 R2 -0.0051
2026-08-26 20:58:20 |   Val R2 improved to -0.0051, model saved
2026-08-26 20:58:22 | Epoch  77/100 | Train Loss 0.0308 | Val Loss 0.0296 MAE 14.1619 R2 -0.0046
2026-08-26 20:58:22 |   Val R2 improved to -0.0046, model saved
2026-08-26 20:58:23 | Epoch  78/100 | Train Loss 0.0308 | Val Loss 0.0296 MAE 14.1633 R2 -0.0041
2026-08-26 20:58:23 |   Val R2 improved to -0.0041, model saved
2026-08-26 20:58:25 | Epoch  79/100 | Train Loss 0.0308 | Val Loss 0.0296 MAE 14.1645 R2 -0.0038
2026-08-26 20:58:25 |   Val R2 improved to -0.0038, model saved
2026-08-26 20:58:27 | Epoch  80/100 | Train Loss 0.0307 | Val Loss 0.0296 MAE 14.1658 R2 -0.0034
2026-08-26 20:58:27 |   Val R2 improved to -0.0034, model saved
2026-08-26 20:58:28 | Epoch  81/100 | Train Loss 0.0307 | Val Loss 0.0296 MAE 14.1671 R2 -0.0031
2026-08-26 20:58:28 |   Val R2 improved to -0.0031, model saved
2026-08-26 20:58:30 | Epoch  82/100 | Train Loss 0.0307 | Val Loss 0.0296 MAE 14.1681 R2 -0.0028
2026-08-26 20:58:30 |   Val R2 improved to -0.0028, model saved
2026-08-26 20:58:31 | Epoch  83/100 | Train Loss 0.0307 | Val Loss 0.0296 MAE 14.1690 R2 -0.0026
2026-08-26 20:58:31 |   Val R2 improved to -0.0026, model saved
2026-08-26 20:58:33 | Epoch  84/100 | Train Loss 0.0307 | Val Loss 0.0296 MAE 14.1702 R2 -0.0023
2026-08-26 20:58:33 |   Val R2 improved to -0.0023, model saved
2026-08-26 20:58:34 | Epoch  85/100 | Train Loss 0.0307 | Val Loss 0.0296 MAE 14.1707 R2 -0.0022
2026-08-26 20:58:34 |   Val R2 improved to -0.0022, model saved
2026-08-26 20:58:36 | Epoch  86/100 | Train Loss 0.0307 | Val Loss 0.0295 MAE 14.1715 R2 -0.0020
2026-08-26 20:58:36 |   Val R2 improved to -0.0020, model saved
2026-08-26 20:58:37 | Epoch  87/100 | Train Loss 0.0307 | Val Loss 0.0295 MAE 14.1727 R2 -0.0019
2026-08-26 20:58:37 |   Val R2 improved to -0.0019, model saved
2026-08-26 20:58:39 | Epoch  88/100 | Train Loss 0.0307 | Val Loss 0.0295 MAE 14.1745 R2 -0.0018
2026-08-26 20:58:39 |   Val R2 improved to -0.0018, model saved
2026-08-26 20:58:40 | Epoch  89/100 | Train Loss 0.0307 | Val Loss 0.0295 MAE 14.1769 R2 -0.0016
2026-08-26 20:58:40 |   Val R2 improved to -0.0016, model saved
2026-08-26 20:58:42 | Epoch  90/100 | Train Loss 0.0307 | Val Loss 0.0295 MAE 14.1779 R2 -0.0015
2026-08-26 20:58:42 |   Val R2 improved to -0.0015, model saved
2026-08-26 20:58:43 | Epoch  91/100 | Train Loss 0.0307 | Val Loss 0.0295 MAE 14.1790 R2 -0.0015
2026-08-26 20:58:43 |   Val R2 improved to -0.0015, model saved
2026-08-26 20:58:45 | Epoch  92/100 | Train Loss 0.0307 | Val Loss 0.0295 MAE 14.1802 R2 -0.0014
2026-08-26 20:58:45 |   Val R2 improved to -0.0014, model saved
2026-08-26 20:58:47 | Epoch  93/100 | Train Loss 0.0307 | Val Loss 0.0295 MAE 14.1817 R2 -0.0013
2026-08-26 20:58:47 |   Val R2 improved to -0.0013, model saved
2026-08-26 20:58:48 | Epoch  94/100 | Train Loss 0.0307 | Val Loss 0.0295 MAE 14.1821 R2 -0.0013
2026-08-26 20:58:48 |   Val R2 improved to -0.0013, model saved
2026-08-26 20:58:49 | Epoch  95/100 | Train Loss 0.0307 | Val Loss 0.0295 MAE 14.1819 R2 -0.0013
2026-08-26 20:58:51 | Epoch  96/100 | Train Loss 0.0307 | Val Loss 0.0295 MAE 14.1832 R2 -0.0012
2026-08-26 20:58:51 |   Val R2 improved to -0.0012, model saved
2026-08-26 20:58:52 | Epoch  97/100 | Train Loss 0.0307 | Val Loss 0.0295 MAE 14.1835 R2 -0.0012
2026-08-26 20:58:52 |   Val R2 improved to -0.0012, model saved
2026-08-26 20:58:54 | Epoch  98/100 | Train Loss 0.0307 | Val Loss 0.0295 MAE 14.1838 R2 -0.0012
2026-08-26 20:58:54 |   Val R2 improved to -0.0012, model saved
2026-08-26 20:58:56 | Epoch  99/100 | Train Loss 0.0307 | Val Loss 0.0295 MAE 14.1841 R2 -0.0011
2026-08-26 20:58:56 |   Val R2 improved to -0.0011, model saved
2026-08-26 20:58:57 | Epoch 100/100 | Train Loss 0.0307 | Val Loss 0.0295 MAE 14.1846 R2 -0.0011
2026-08-26 20:58:57 |   Val R2 improved to -0.0011, model saved
2026-08-26 20:58:57 | Run 3/5 | Test (best model @ Epoch 100) | Loss 0.0305 MAE 14.6353 R2 -0.0005
2026-08-26 20:58:57 | ===== Run 4/5 (seed 3) =====
2026-08-26 20:58:59 | Epoch   1/100 | Train Loss 6.2364 | Val Loss 0.1133 MAE 29.0138 R2 -2.8453
2026-08-26 20:58:59 |   Val R2 improved to -2.8453, model saved
2026-08-26 20:59:01 | Epoch   2/100 | Train Loss 0.1025 | Val Loss 0.0724 MAE 21.6276 R2 -1.4568
2026-08-26 20:59:01 |   Val R2 improved to -1.4568, model saved
2026-08-26 20:59:02 | Epoch   3/100 | Train Loss 0.0700 | Val Loss 0.0364 MAE 15.0431 R2 -0.2335
2026-08-26 20:59:02 |   Val R2 improved to -0.2335, model saved
2026-08-26 20:59:04 | Epoch   4/100 | Train Loss 0.0649 | Val Loss 0.0375 MAE 15.0822 R2 -0.2713
2026-08-26 20:59:05 | Epoch   5/100 | Train Loss 0.0618 | Val Loss 0.0355 MAE 14.6913 R2 -0.2042
2026-08-26 20:59:05 |   Val R2 improved to -0.2042, model saved
2026-08-26 20:59:07 | Epoch   6/100 | Train Loss 0.0588 | Val Loss 0.0336 MAE 14.3157 R2 -0.1386
2026-08-26 20:59:07 |   Val R2 improved to -0.1386, model saved
2026-08-26 20:59:08 | Epoch   7/100 | Train Loss 0.0585 | Val Loss 0.0328 MAE 14.1584 R2 -0.1127
2026-08-26 20:59:08 |   Val R2 improved to -0.1127, model saved
2026-08-26 20:59:10 | Epoch   8/100 | Train Loss 0.0593 | Val Loss 0.0321 MAE 13.9992 R2 -0.0870
2026-08-26 20:59:10 |   Val R2 improved to -0.0870, model saved
2026-08-26 20:59:11 | Epoch   9/100 | Train Loss 0.0564 | Val Loss 0.0314 MAE 13.8692 R2 -0.0661
2026-08-26 20:59:11 |   Val R2 improved to -0.0661, model saved
2026-08-26 20:59:13 | Epoch  10/100 | Train Loss 0.0559 | Val Loss 0.0311 MAE 13.7947 R2 -0.0542
2026-08-26 20:59:13 |   Val R2 improved to -0.0542, model saved
2026-08-26 20:59:14 | Epoch  11/100 | Train Loss 0.0548 | Val Loss 0.0301 MAE 13.5920 R2 -0.0214
2026-08-26 20:59:14 |   Val R2 improved to -0.0214, model saved
2026-08-26 20:59:16 | Epoch  12/100 | Train Loss 0.0548 | Val Loss 0.0298 MAE 13.5321 R2 -0.0121
2026-08-26 20:59:16 |   Val R2 improved to -0.0121, model saved
2026-08-26 20:59:17 | Epoch  13/100 | Train Loss 0.0553 | Val Loss 0.0295 MAE 13.4658 R2 -0.0018
2026-08-26 20:59:17 |   Val R2 improved to -0.0018, model saved
2026-08-26 20:59:19 | Epoch  14/100 | Train Loss 0.0536 | Val Loss 0.0288 MAE 13.3130 R2 0.0219
2026-08-26 20:59:19 |   Val R2 improved to 0.0219, model saved
2026-08-26 20:59:20 | Epoch  15/100 | Train Loss 0.0534 | Val Loss 0.0282 MAE 13.1600 R2 0.0451
2026-08-26 20:59:20 |   Val R2 improved to 0.0451, model saved
2026-08-26 20:59:22 | Epoch  16/100 | Train Loss 0.0516 | Val Loss 0.0285 MAE 13.2337 R2 0.0329
2026-08-26 20:59:23 | Epoch  17/100 | Train Loss 0.0507 | Val Loss 0.0275 MAE 13.0013 R2 0.0675
2026-08-26 20:59:23 |   Val R2 improved to 0.0675, model saved
2026-08-26 20:59:25 | Epoch  18/100 | Train Loss 0.0516 | Val Loss 0.0279 MAE 13.0873 R2 0.0539
2026-08-26 20:59:26 | Epoch  19/100 | Train Loss 0.0493 | Val Loss 0.0265 MAE 12.7530 R2 0.1031
2026-08-26 20:59:26 |   Val R2 improved to 0.1031, model saved
2026-08-26 20:59:28 | Epoch  20/100 | Train Loss 0.0507 | Val Loss 0.0274 MAE 12.9562 R2 0.0725
2026-08-26 20:59:30 | Epoch  21/100 | Train Loss 0.0498 | Val Loss 0.0271 MAE 12.8958 R2 0.0808
2026-08-26 20:59:31 | Epoch  22/100 | Train Loss 0.0476 | Val Loss 0.0266 MAE 12.7641 R2 0.0996
2026-08-26 20:59:32 | Epoch  23/100 | Train Loss 0.0474 | Val Loss 0.0261 MAE 12.6509 R2 0.1155
2026-08-26 20:59:32 |   Val R2 improved to 0.1155, model saved
2026-08-26 20:59:34 | Epoch  24/100 | Train Loss 0.0468 | Val Loss 0.0263 MAE 12.6864 R2 0.1098
2026-08-26 20:59:35 | Epoch  25/100 | Train Loss 0.0482 | Val Loss 0.0263 MAE 12.6928 R2 0.1082
2026-08-26 20:59:37 | Epoch  26/100 | Train Loss 0.0472 | Val Loss 0.0257 MAE 12.5392 R2 0.1299
2026-08-26 20:59:37 |   Val R2 improved to 0.1299, model saved
2026-08-26 20:59:38 | Epoch  27/100 | Train Loss 0.0462 | Val Loss 0.0256 MAE 12.5266 R2 0.1313
2026-08-26 20:59:38 |   Val R2 improved to 0.1313, model saved
2026-08-26 20:59:40 | Epoch  28/100 | Train Loss 0.0459 | Val Loss 0.0257 MAE 12.5377 R2 0.1292
2026-08-26 20:59:42 | Epoch  29/100 | Train Loss 0.0446 | Val Loss 0.0252 MAE 12.4284 R2 0.1447
2026-08-26 20:59:42 |   Val R2 improved to 0.1447, model saved
2026-08-26 20:59:43 | Epoch  30/100 | Train Loss 0.0440 | Val Loss 0.0256 MAE 12.5065 R2 0.1331
2026-08-26 20:59:45 | Epoch  31/100 | Train Loss 0.0423 | Val Loss 0.0250 MAE 12.3788 R2 0.1510
2026-08-26 20:59:45 |   Val R2 improved to 0.1510, model saved
2026-08-26 20:59:46 | Epoch  32/100 | Train Loss 0.0415 | Val Loss 0.0250 MAE 12.3758 R2 0.1514
2026-08-26 20:59:46 |   Val R2 improved to 0.1514, model saved
2026-08-26 20:59:47 | Epoch  33/100 | Train Loss 0.0427 | Val Loss 0.0239 MAE 12.1161 R2 0.1889
2026-08-26 20:59:47 |   Val R2 improved to 0.1889, model saved
2026-08-26 20:59:49 | Epoch  34/100 | Train Loss 0.0423 | Val Loss 0.0250 MAE 12.3653 R2 0.1524
2026-08-26 20:59:51 | Epoch  35/100 | Train Loss 0.0414 | Val Loss 0.0249 MAE 12.3421 R2 0.1553
2026-08-26 20:59:52 | Epoch  36/100 | Train Loss 0.0410 | Val Loss 0.0241 MAE 12.1387 R2 0.1846
2026-08-26 20:59:53 | Epoch  37/100 | Train Loss 0.0419 | Val Loss 0.0243 MAE 12.1865 R2 0.1775
2026-08-26 20:59:55 | Epoch  38/100 | Train Loss 0.0383 | Val Loss 0.0247 MAE 12.2850 R2 0.1634
2026-08-26 20:59:56 | Epoch  39/100 | Train Loss 0.0398 | Val Loss 0.0231 MAE 11.9034 R2 0.2184
2026-08-26 20:59:56 |   Val R2 improved to 0.2184, model saved
2026-08-26 20:59:58 | Epoch  40/100 | Train Loss 0.0391 | Val Loss 0.0232 MAE 11.9364 R2 0.2132
2026-08-26 21:00:00 | Epoch  41/100 | Train Loss 0.0388 | Val Loss 0.0239 MAE 12.1120 R2 0.1884
2026-08-26 21:00:01 | Epoch  42/100 | Train Loss 0.0366 | Val Loss 0.0228 MAE 11.8289 R2 0.2280
2026-08-26 21:00:01 |   Val R2 improved to 0.2280, model saved
2026-08-26 21:00:03 | Epoch  43/100 | Train Loss 0.0372 | Val Loss 0.0236 MAE 12.0327 R2 0.1994
2026-08-26 21:00:04 | Epoch  44/100 | Train Loss 0.0373 | Val Loss 0.0231 MAE 11.9179 R2 0.2155
2026-08-26 21:00:06 | Epoch  45/100 | Train Loss 0.0365 | Val Loss 0.0224 MAE 11.7448 R2 0.2393
2026-08-26 21:00:06 |   Val R2 improved to 0.2393, model saved
2026-08-26 21:00:07 | Epoch  46/100 | Train Loss 0.0352 | Val Loss 0.0225 MAE 11.7502 R2 0.2386
2026-08-26 21:00:09 | Epoch  47/100 | Train Loss 0.0347 | Val Loss 0.0224 MAE 11.7362 R2 0.2403
2026-08-26 21:00:09 |   Val R2 improved to 0.2403, model saved
2026-08-26 21:00:10 | Epoch  48/100 | Train Loss 0.0349 | Val Loss 0.0229 MAE 11.8570 R2 0.2237
2026-08-26 21:00:12 | Epoch  49/100 | Train Loss 0.0339 | Val Loss 0.0223 MAE 11.6929 R2 0.2457
2026-08-26 21:00:12 |   Val R2 improved to 0.2457, model saved
2026-08-26 21:00:13 | Epoch  50/100 | Train Loss 0.0334 | Val Loss 0.0216 MAE 11.5315 R2 0.2682
2026-08-26 21:00:13 |   Val R2 improved to 0.2682, model saved
2026-08-26 21:00:15 | Epoch  51/100 | Train Loss 0.0325 | Val Loss 0.0221 MAE 11.6493 R2 0.2521
2026-08-26 21:00:17 | Epoch  52/100 | Train Loss 0.0324 | Val Loss 0.0220 MAE 11.6344 R2 0.2541
2026-08-26 21:00:18 | Epoch  53/100 | Train Loss 0.0313 | Val Loss 0.0219 MAE 11.6188 R2 0.2563
2026-08-26 21:00:19 | Epoch  54/100 | Train Loss 0.0312 | Val Loss 0.0212 MAE 11.4313 R2 0.2807
2026-08-26 21:00:19 |   Val R2 improved to 0.2807, model saved
2026-08-26 21:00:21 | Epoch  55/100 | Train Loss 0.0315 | Val Loss 0.0210 MAE 11.3890 R2 0.2868
2026-08-26 21:00:21 |   Val R2 improved to 0.2868, model saved
2026-08-26 21:00:22 | Epoch  56/100 | Train Loss 0.0310 | Val Loss 0.0210 MAE 11.3936 R2 0.2868
2026-08-26 21:00:22 |   Val R2 improved to 0.2868, model saved
2026-08-26 21:00:24 | Epoch  57/100 | Train Loss 0.0301 | Val Loss 0.0206 MAE 11.2698 R2 0.3032
2026-08-26 21:00:24 |   Val R2 improved to 0.3032, model saved
2026-08-26 21:00:25 | Epoch  58/100 | Train Loss 0.0293 | Val Loss 0.0205 MAE 11.2586 R2 0.3041
2026-08-26 21:00:25 |   Val R2 improved to 0.3041, model saved
2026-08-26 21:00:27 | Epoch  59/100 | Train Loss 0.0296 | Val Loss 0.0211 MAE 11.4027 R2 0.2851
2026-08-26 21:00:28 | Epoch  60/100 | Train Loss 0.0288 | Val Loss 0.0207 MAE 11.3025 R2 0.2986
2026-08-26 21:00:30 | Epoch  61/100 | Train Loss 0.0289 | Val Loss 0.0203 MAE 11.2018 R2 0.3114
2026-08-26 21:00:30 |   Val R2 improved to 0.3114, model saved
2026-08-26 21:00:32 | Epoch  62/100 | Train Loss 0.0274 | Val Loss 0.0204 MAE 11.2242 R2 0.3088
2026-08-26 21:00:33 | Epoch  63/100 | Train Loss 0.0276 | Val Loss 0.0202 MAE 11.1785 R2 0.3150
2026-08-26 21:00:33 |   Val R2 improved to 0.3150, model saved
2026-08-26 21:00:34 | Epoch  64/100 | Train Loss 0.0269 | Val Loss 0.0203 MAE 11.1999 R2 0.3124
2026-08-26 21:00:36 | Epoch  65/100 | Train Loss 0.0272 | Val Loss 0.0203 MAE 11.2013 R2 0.3116
2026-08-26 21:00:37 | Epoch  66/100 | Train Loss 0.0268 | Val Loss 0.0207 MAE 11.2975 R2 0.2978
2026-08-26 21:00:38 | Epoch  67/100 | Train Loss 0.0263 | Val Loss 0.0202 MAE 11.1855 R2 0.3147
2026-08-26 21:00:40 | Epoch  68/100 | Train Loss 0.0252 | Val Loss 0.0202 MAE 11.1743 R2 0.3158
2026-08-26 21:00:40 |   Val R2 improved to 0.3158, model saved
2026-08-26 21:00:41 | Epoch  69/100 | Train Loss 0.0248 | Val Loss 0.0194 MAE 10.9793 R2 0.3420
2026-08-26 21:00:41 |   Val R2 improved to 0.3420, model saved
2026-08-26 21:00:43 | Epoch  70/100 | Train Loss 0.0246 | Val Loss 0.0196 MAE 11.0299 R2 0.3360
2026-08-26 21:00:44 | Epoch  71/100 | Train Loss 0.0246 | Val Loss 0.0200 MAE 11.1355 R2 0.3210
2026-08-26 21:00:46 | Epoch  72/100 | Train Loss 0.0250 | Val Loss 0.0205 MAE 11.2516 R2 0.3060
2026-08-26 21:00:47 | Epoch  73/100 | Train Loss 0.0241 | Val Loss 0.0196 MAE 11.0401 R2 0.3352
2026-08-26 21:00:49 | Epoch  74/100 | Train Loss 0.0239 | Val Loss 0.0194 MAE 10.9733 R2 0.3411
2026-08-26 21:00:50 | Epoch  75/100 | Train Loss 0.0234 | Val Loss 0.0195 MAE 11.0148 R2 0.3380
2026-08-26 21:00:51 | Epoch  76/100 | Train Loss 0.0223 | Val Loss 0.0189 MAE 10.8684 R2 0.3584
2026-08-26 21:00:51 |   Val R2 improved to 0.3584, model saved
2026-08-26 21:00:53 | Epoch  77/100 | Train Loss 0.0228 | Val Loss 0.0192 MAE 10.9226 R2 0.3500
2026-08-26 21:00:54 | Epoch  78/100 | Train Loss 0.0218 | Val Loss 0.0200 MAE 11.1380 R2 0.3210
2026-08-26 21:00:56 | Epoch  79/100 | Train Loss 0.0225 | Val Loss 0.0183 MAE 10.7258 R2 0.3793
2026-08-26 21:00:56 |   Val R2 improved to 0.3793, model saved
2026-08-26 21:00:57 | Epoch  80/100 | Train Loss 0.0216 | Val Loss 0.0189 MAE 10.8568 R2 0.3609
2026-08-26 21:00:59 | Epoch  81/100 | Train Loss 0.0214 | Val Loss 0.0196 MAE 11.0322 R2 0.3372
2026-08-26 21:01:00 | Epoch  82/100 | Train Loss 0.0211 | Val Loss 0.0190 MAE 10.9053 R2 0.3547
2026-08-26 21:01:01 | Epoch  83/100 | Train Loss 0.0210 | Val Loss 0.0188 MAE 10.8640 R2 0.3614
2026-08-26 21:01:03 | Epoch  84/100 | Train Loss 0.0204 | Val Loss 0.0186 MAE 10.8176 R2 0.3684
2026-08-26 21:01:04 | Epoch  85/100 | Train Loss 0.0200 | Val Loss 0.0182 MAE 10.7189 R2 0.3827
2026-08-26 21:01:04 |   Val R2 improved to 0.3827, model saved
2026-08-26 21:01:06 | Epoch  86/100 | Train Loss 0.0198 | Val Loss 0.0179 MAE 10.6323 R2 0.3935
2026-08-26 21:01:06 |   Val R2 improved to 0.3935, model saved
2026-08-26 21:01:07 | Epoch  87/100 | Train Loss 0.0197 | Val Loss 0.0185 MAE 10.7831 R2 0.3727
2026-08-26 21:01:09 | Epoch  88/100 | Train Loss 0.0197 | Val Loss 0.0184 MAE 10.7764 R2 0.3758
2026-08-26 21:01:10 | Epoch  89/100 | Train Loss 0.0191 | Val Loss 0.0184 MAE 10.7341 R2 0.3778
2026-08-26 21:01:11 | Epoch  90/100 | Train Loss 0.0188 | Val Loss 0.0188 MAE 10.8604 R2 0.3628
2026-08-26 21:01:13 | Epoch  91/100 | Train Loss 0.0189 | Val Loss 0.0187 MAE 10.8466 R2 0.3661
2026-08-26 21:01:14 | Epoch  92/100 | Train Loss 0.0185 | Val Loss 0.0182 MAE 10.7177 R2 0.3833
2026-08-26 21:01:16 | Epoch  93/100 | Train Loss 0.0182 | Val Loss 0.0180 MAE 10.6692 R2 0.3898
2026-08-26 21:01:17 | Epoch  94/100 | Train Loss 0.0183 | Val Loss 0.0181 MAE 10.6951 R2 0.3861
2026-08-26 21:01:19 | Epoch  95/100 | Train Loss 0.0178 | Val Loss 0.0183 MAE 10.7441 R2 0.3811
2026-08-26 21:01:20 | Epoch  96/100 | Train Loss 0.0184 | Val Loss 0.0186 MAE 10.8421 R2 0.3683
2026-08-26 21:01:20 | Val R2 did not improve for 10 consecutive epochs, early stopping at Epoch 96 (best R2 0.3935 @ Epoch 86)
2026-08-26 21:01:20 | Run 4/5 | Test (best model @ Epoch 86) | Loss 0.0183 MAE 10.8563 R2 0.4018
2026-08-26 21:01:20 | ===== Run 5/5 (seed 4) =====
2026-08-26 21:01:22 | Epoch   1/100 | Train Loss 5.0828 | Val Loss 0.2714 MAE 49.1791 R2 -8.2114
2026-08-26 21:01:22 |   Val R2 improved to -8.2114, model saved
2026-08-26 21:01:23 | Epoch   2/100 | Train Loss 0.2657 | Val Loss 0.2667 MAE 48.7037 R2 -8.0534
2026-08-26 21:01:23 |   Val R2 improved to -8.0534, model saved
2026-08-26 21:01:24 | Epoch   3/100 | Train Loss 0.2601 | Val Loss 0.2601 MAE 48.0160 R2 -7.8276
2026-08-26 21:01:24 |   Val R2 improved to -7.8276, model saved
2026-08-26 21:01:26 | Epoch   4/100 | Train Loss 0.2530 | Val Loss 0.2524 MAE 47.2172 R2 -7.5693
2026-08-26 21:01:26 |   Val R2 improved to -7.5693, model saved
2026-08-26 21:01:27 | Epoch   5/100 | Train Loss 0.2452 | Val Loss 0.2442 MAE 46.3392 R2 -7.2904
2026-08-26 21:01:27 |   Val R2 improved to -7.2904, model saved
2026-08-26 21:01:29 | Epoch   6/100 | Train Loss 0.2369 | Val Loss 0.2356 MAE 45.4045 R2 -6.9993
2026-08-26 21:01:29 |   Val R2 improved to -6.9993, model saved
2026-08-26 21:01:30 | Epoch   7/100 | Train Loss 0.2283 | Val Loss 0.2268 MAE 44.4217 R2 -6.6996
2026-08-26 21:01:30 |   Val R2 improved to -6.6996, model saved
2026-08-26 21:01:31 | Epoch   8/100 | Train Loss 0.2195 | Val Loss 0.2179 MAE 43.4068 R2 -6.3969
2026-08-26 21:01:31 |   Val R2 improved to -6.3969, model saved
2026-08-26 21:01:33 | Epoch   9/100 | Train Loss 0.2106 | Val Loss 0.2089 MAE 42.3616 R2 -6.0926
2026-08-26 21:01:33 |   Val R2 improved to -6.0926, model saved
2026-08-26 21:01:34 | Epoch  10/100 | Train Loss 0.2018 | Val Loss 0.2000 MAE 41.2951 R2 -5.7896
2026-08-26 21:01:34 |   Val R2 improved to -5.7896, model saved
2026-08-26 21:01:35 | Epoch  11/100 | Train Loss 0.1930 | Val Loss 0.1912 MAE 40.2173 R2 -5.4909
2026-08-26 21:01:35 |   Val R2 improved to -5.4909, model saved
2026-08-26 21:01:37 | Epoch  12/100 | Train Loss 0.1844 | Val Loss 0.1826 MAE 39.1308 R2 -5.1976
2026-08-26 21:01:37 |   Val R2 improved to -5.1976, model saved
2026-08-26 21:01:38 | Epoch  13/100 | Train Loss 0.1760 | Val Loss 0.1741 MAE 38.0348 R2 -4.9096
2026-08-26 21:01:38 |   Val R2 improved to -4.9096, model saved
2026-08-26 21:01:40 | Epoch  14/100 | Train Loss 0.1677 | Val Loss 0.1659 MAE 36.9418 R2 -4.6303
2026-08-26 21:01:40 |   Val R2 improved to -4.6303, model saved
2026-08-26 21:01:41 | Epoch  15/100 | Train Loss 0.1597 | Val Loss 0.1579 MAE 35.8491 R2 -4.3591
2026-08-26 21:01:41 |   Val R2 improved to -4.3591, model saved
2026-08-26 21:01:43 | Epoch  16/100 | Train Loss 0.1519 | Val Loss 0.1502 MAE 34.7626 R2 -4.0969
2026-08-26 21:01:43 |   Val R2 improved to -4.0969, model saved
2026-08-26 21:01:44 | Epoch  17/100 | Train Loss 0.1445 | Val Loss 0.1427 MAE 33.6852 R2 -3.8444
2026-08-26 21:01:44 |   Val R2 improved to -3.8444, model saved
2026-08-26 21:01:45 | Epoch  18/100 | Train Loss 0.1373 | Val Loss 0.1355 MAE 32.6130 R2 -3.6008
2026-08-26 21:01:45 |   Val R2 improved to -3.6008, model saved
2026-08-26 21:01:47 | Epoch  19/100 | Train Loss 0.1303 | Val Loss 0.1287 MAE 31.5576 R2 -3.3679
2026-08-26 21:01:47 |   Val R2 improved to -3.3679, model saved
2026-08-26 21:01:48 | Epoch  20/100 | Train Loss 0.1237 | Val Loss 0.1221 MAE 30.5179 R2 -3.1445
2026-08-26 21:01:48 |   Val R2 improved to -3.1445, model saved
2026-08-26 21:01:49 | Epoch  21/100 | Train Loss 0.1174 | Val Loss 0.1158 MAE 29.5007 R2 -2.9319
2026-08-26 21:01:49 |   Val R2 improved to -2.9319, model saved
2026-08-26 21:01:51 | Epoch  22/100 | Train Loss 0.1114 | Val Loss 0.1099 MAE 28.5084 R2 -2.7297
2026-08-26 21:01:51 |   Val R2 improved to -2.7297, model saved
2026-08-26 21:01:52 | Epoch  23/100 | Train Loss 0.1057 | Val Loss 0.1043 MAE 27.5524 R2 -2.5391
2026-08-26 21:01:52 |   Val R2 improved to -2.5391, model saved
2026-08-26 21:01:53 | Epoch  24/100 | Train Loss 0.1003 | Val Loss 0.0989 MAE 26.6209 R2 -2.3575
2026-08-26 21:01:53 |   Val R2 improved to -2.3575, model saved
2026-08-26 21:01:55 | Epoch  25/100 | Train Loss 0.0952 | Val Loss 0.0939 MAE 25.7207 R2 -2.1854
2026-08-26 21:01:55 |   Val R2 improved to -2.1854, model saved
2026-08-26 21:01:56 | Epoch  26/100 | Train Loss 0.0903 | Val Loss 0.0891 MAE 24.8518 R2 -2.0224
2026-08-26 21:01:56 |   Val R2 improved to -2.0224, model saved
2026-08-26 21:01:58 | Epoch  27/100 | Train Loss 0.0858 | Val Loss 0.0845 MAE 24.0189 R2 -1.8690
2026-08-26 21:01:58 |   Val R2 improved to -1.8690, model saved
2026-08-26 21:01:59 | Epoch  28/100 | Train Loss 0.0815 | Val Loss 0.0803 MAE 23.2236 R2 -1.7248
2026-08-26 21:01:59 |   Val R2 improved to -1.7248, model saved
2026-08-26 21:02:00 | Epoch  29/100 | Train Loss 0.0774 | Val Loss 0.0763 MAE 22.4730 R2 -1.5897
2026-08-26 21:02:00 |   Val R2 improved to -1.5897, model saved
2026-08-26 21:02:02 | Epoch  30/100 | Train Loss 0.0737 | Val Loss 0.0726 MAE 21.7593 R2 -1.4630
2026-08-26 21:02:02 |   Val R2 improved to -1.4630, model saved
2026-08-26 21:02:03 | Epoch  31/100 | Train Loss 0.0701 | Val Loss 0.0691 MAE 21.0893 R2 -1.3444
2026-08-26 21:02:03 |   Val R2 improved to -1.3444, model saved
2026-08-26 21:02:04 | Epoch  32/100 | Train Loss 0.0668 | Val Loss 0.0658 MAE 20.4543 R2 -1.2329
2026-08-26 21:02:04 |   Val R2 improved to -1.2329, model saved
2026-08-26 21:02:06 | Epoch  33/100 | Train Loss 0.0637 | Val Loss 0.0628 MAE 19.8645 R2 -1.1298
2026-08-26 21:02:06 |   Val R2 improved to -1.1298, model saved
2026-08-26 21:02:07 | Epoch  34/100 | Train Loss 0.0609 | Val Loss 0.0599 MAE 19.3149 R2 -1.0341
2026-08-26 21:02:07 |   Val R2 improved to -1.0341, model saved
2026-08-26 21:02:09 | Epoch  35/100 | Train Loss 0.0582 | Val Loss 0.0573 MAE 18.7979 R2 -0.9445
2026-08-26 21:02:09 |   Val R2 improved to -0.9445, model saved
2026-08-26 21:02:10 | Epoch  36/100 | Train Loss 0.0558 | Val Loss 0.0549 MAE 18.3293 R2 -0.8616
2026-08-26 21:02:10 |   Val R2 improved to -0.8616, model saved
2026-08-26 21:02:11 | Epoch  37/100 | Train Loss 0.0535 | Val Loss 0.0526 MAE 17.8949 R2 -0.7844
2026-08-26 21:02:11 |   Val R2 improved to -0.7844, model saved
2026-08-26 21:02:13 | Epoch  38/100 | Train Loss 0.0514 | Val Loss 0.0505 MAE 17.4950 R2 -0.7136
2026-08-26 21:02:13 |   Val R2 improved to -0.7136, model saved
2026-08-26 21:02:14 | Epoch  39/100 | Train Loss 0.0494 | Val Loss 0.0486 MAE 17.1259 R2 -0.6483
2026-08-26 21:02:14 |   Val R2 improved to -0.6483, model saved
2026-08-26 21:02:16 | Epoch  40/100 | Train Loss 0.0476 | Val Loss 0.0468 MAE 16.7911 R2 -0.5876
2026-08-26 21:02:16 |   Val R2 improved to -0.5876, model saved
2026-08-26 21:02:17 | Epoch  41/100 | Train Loss 0.0460 | Val Loss 0.0451 MAE 16.4809 R2 -0.5317
2026-08-26 21:02:17 |   Val R2 improved to -0.5317, model saved
2026-08-26 21:02:18 | Epoch  42/100 | Train Loss 0.0445 | Val Loss 0.0436 MAE 16.2011 R2 -0.4806
2026-08-26 21:02:18 |   Val R2 improved to -0.4806, model saved
2026-08-26 21:02:20 | Epoch  43/100 | Train Loss 0.0431 | Val Loss 0.0423 MAE 15.9602 R2 -0.4343
2026-08-26 21:02:20 |   Val R2 improved to -0.4343, model saved
2026-08-26 21:02:21 | Epoch  44/100 | Train Loss 0.0418 | Val Loss 0.0410 MAE 15.7327 R2 -0.3912
2026-08-26 21:02:21 |   Val R2 improved to -0.3912, model saved
2026-08-26 21:02:22 | Epoch  45/100 | Train Loss 0.0407 | Val Loss 0.0399 MAE 15.5408 R2 -0.3528
2026-08-26 21:02:22 |   Val R2 improved to -0.3528, model saved
2026-08-26 21:02:24 | Epoch  46/100 | Train Loss 0.0396 | Val Loss 0.0388 MAE 15.3570 R2 -0.3170
2026-08-26 21:02:24 |   Val R2 improved to -0.3170, model saved
2026-08-26 21:02:25 | Epoch  47/100 | Train Loss 0.0387 | Val Loss 0.0379 MAE 15.2024 R2 -0.2850
2026-08-26 21:02:25 |   Val R2 improved to -0.2850, model saved
2026-08-26 21:02:27 | Epoch  48/100 | Train Loss 0.0378 | Val Loss 0.0370 MAE 15.0596 R2 -0.2560
2026-08-26 21:02:27 |   Val R2 improved to -0.2560, model saved
2026-08-26 21:02:28 | Epoch  49/100 | Train Loss 0.0371 | Val Loss 0.0362 MAE 14.9428 R2 -0.2294
2026-08-26 21:02:28 |   Val R2 improved to -0.2294, model saved
2026-08-26 21:02:29 | Epoch  50/100 | Train Loss 0.0363 | Val Loss 0.0355 MAE 14.8308 R2 -0.2052
2026-08-26 21:02:29 |   Val R2 improved to -0.2052, model saved
2026-08-26 21:02:31 | Epoch  51/100 | Train Loss 0.0357 | Val Loss 0.0349 MAE 14.7391 R2 -0.1835
2026-08-26 21:02:31 |   Val R2 improved to -0.1835, model saved
2026-08-26 21:02:32 | Epoch  52/100 | Train Loss 0.0351 | Val Loss 0.0343 MAE 14.6507 R2 -0.1636
2026-08-26 21:02:32 |   Val R2 improved to -0.1636, model saved
2026-08-26 21:02:33 | Epoch  53/100 | Train Loss 0.0346 | Val Loss 0.0338 MAE 14.5748 R2 -0.1455
2026-08-26 21:02:33 |   Val R2 improved to -0.1455, model saved
2026-08-26 21:02:35 | Epoch  54/100 | Train Loss 0.0342 | Val Loss 0.0333 MAE 14.5111 R2 -0.1295
2026-08-26 21:02:35 |   Val R2 improved to -0.1295, model saved
2026-08-26 21:02:36 | Epoch  55/100 | Train Loss 0.0337 | Val Loss 0.0329 MAE 14.4501 R2 -0.1151
2026-08-26 21:02:36 |   Val R2 improved to -0.1151, model saved
2026-08-26 21:02:37 | Epoch  56/100 | Train Loss 0.0334 | Val Loss 0.0325 MAE 14.4023 R2 -0.1019
2026-08-26 21:02:37 |   Val R2 improved to -0.1019, model saved
2026-08-26 21:02:39 | Epoch  57/100 | Train Loss 0.0330 | Val Loss 0.0321 MAE 14.3597 R2 -0.0903
2026-08-26 21:02:39 |   Val R2 improved to -0.0903, model saved
2026-08-26 21:02:40 | Epoch  58/100 | Train Loss 0.0328 | Val Loss 0.0318 MAE 14.3196 R2 -0.0800
2026-08-26 21:02:40 |   Val R2 improved to -0.0800, model saved
2026-08-26 21:02:41 | Epoch  59/100 | Train Loss 0.0325 | Val Loss 0.0316 MAE 14.2892 R2 -0.0707
2026-08-26 21:02:41 |   Val R2 improved to -0.0707, model saved
2026-08-26 21:02:43 | Epoch  60/100 | Train Loss 0.0323 | Val Loss 0.0313 MAE 14.2648 R2 -0.0626
2026-08-26 21:02:43 |   Val R2 improved to -0.0626, model saved
2026-08-26 21:02:44 | Epoch  61/100 | Train Loss 0.0321 | Val Loss 0.0311 MAE 14.2419 R2 -0.0555
2026-08-26 21:02:44 |   Val R2 improved to -0.0555, model saved
2026-08-26 21:02:45 | Epoch  62/100 | Train Loss 0.0319 | Val Loss 0.0309 MAE 14.2193 R2 -0.0488
2026-08-26 21:02:45 |   Val R2 improved to -0.0488, model saved
2026-08-26 21:02:47 | Epoch  63/100 | Train Loss 0.0317 | Val Loss 0.0308 MAE 14.2065 R2 -0.0431
2026-08-26 21:02:47 |   Val R2 improved to -0.0431, model saved
2026-08-26 21:02:48 | Epoch  64/100 | Train Loss 0.0316 | Val Loss 0.0306 MAE 14.1956 R2 -0.0380
2026-08-26 21:02:48 |   Val R2 improved to -0.0380, model saved
2026-08-26 21:02:49 | Epoch  65/100 | Train Loss 0.0315 | Val Loss 0.0305 MAE 14.1851 R2 -0.0334
2026-08-26 21:02:49 |   Val R2 improved to -0.0334, model saved
2026-08-26 21:02:50 | Epoch  66/100 | Train Loss 0.0314 | Val Loss 0.0304 MAE 14.1757 R2 -0.0296
2026-08-26 21:02:50 |   Val R2 improved to -0.0296, model saved
2026-08-26 21:02:52 | Epoch  67/100 | Train Loss 0.0313 | Val Loss 0.0303 MAE 14.1665 R2 -0.0260
2026-08-26 21:02:52 |   Val R2 improved to -0.0260, model saved
2026-08-26 21:02:53 | Epoch  68/100 | Train Loss 0.0312 | Val Loss 0.0302 MAE 14.1633 R2 -0.0231
2026-08-26 21:02:53 |   Val R2 improved to -0.0231, model saved
2026-08-26 21:02:54 | Epoch  69/100 | Train Loss 0.0311 | Val Loss 0.0301 MAE 14.1603 R2 -0.0204
2026-08-26 21:02:54 |   Val R2 improved to -0.0204, model saved
2026-08-26 21:02:56 | Epoch  70/100 | Train Loss 0.0311 | Val Loss 0.0300 MAE 14.1573 R2 -0.0178
2026-08-26 21:02:56 |   Val R2 improved to -0.0178, model saved
2026-08-26 21:02:57 | Epoch  71/100 | Train Loss 0.0310 | Val Loss 0.0300 MAE 14.1548 R2 -0.0158
2026-08-26 21:02:57 |   Val R2 improved to -0.0158, model saved
2026-08-26 21:02:58 | Epoch  72/100 | Train Loss 0.0310 | Val Loss 0.0299 MAE 14.1524 R2 -0.0140
2026-08-26 21:02:58 |   Val R2 improved to -0.0140, model saved
2026-08-26 21:03:00 | Epoch  73/100 | Train Loss 0.0309 | Val Loss 0.0299 MAE 14.1501 R2 -0.0123
2026-08-26 21:03:00 |   Val R2 improved to -0.0123, model saved
2026-08-26 21:03:01 | Epoch  74/100 | Train Loss 0.0309 | Val Loss 0.0298 MAE 14.1480 R2 -0.0109
2026-08-26 21:03:01 |   Val R2 improved to -0.0109, model saved
2026-08-26 21:03:02 | Epoch  75/100 | Train Loss 0.0309 | Val Loss 0.0298 MAE 14.1490 R2 -0.0098
2026-08-26 21:03:02 |   Val R2 improved to -0.0098, model saved
2026-08-26 21:03:03 | Epoch  76/100 | Train Loss 0.0309 | Val Loss 0.0297 MAE 14.1511 R2 -0.0088
2026-08-26 21:03:03 |   Val R2 improved to -0.0088, model saved
2026-08-26 21:03:05 | Epoch  77/100 | Train Loss 0.0308 | Val Loss 0.0297 MAE 14.1534 R2 -0.0078
2026-08-26 21:03:05 |   Val R2 improved to -0.0078, model saved
2026-08-26 21:03:06 | Epoch  78/100 | Train Loss 0.0308 | Val Loss 0.0297 MAE 14.1556 R2 -0.0069
2026-08-26 21:03:06 |   Val R2 improved to -0.0069, model saved
2026-08-26 21:03:07 | Epoch  79/100 | Train Loss 0.0308 | Val Loss 0.0297 MAE 14.1573 R2 -0.0062
2026-08-26 21:03:07 |   Val R2 improved to -0.0062, model saved
2026-08-26 21:03:09 | Epoch  80/100 | Train Loss 0.0308 | Val Loss 0.0296 MAE 14.1594 R2 -0.0054
2026-08-26 21:03:09 |   Val R2 improved to -0.0054, model saved
2026-08-26 21:03:10 | Epoch  81/100 | Train Loss 0.0308 | Val Loss 0.0296 MAE 14.1612 R2 -0.0048
2026-08-26 21:03:10 |   Val R2 improved to -0.0048, model saved
2026-08-26 21:03:11 | Epoch  82/100 | Train Loss 0.0308 | Val Loss 0.0296 MAE 14.1625 R2 -0.0044
2026-08-26 21:03:11 |   Val R2 improved to -0.0044, model saved
2026-08-26 21:03:12 | Epoch  83/100 | Train Loss 0.0308 | Val Loss 0.0296 MAE 14.1637 R2 -0.0040
2026-08-26 21:03:12 |   Val R2 improved to -0.0040, model saved
2026-08-26 21:03:14 | Epoch  84/100 | Train Loss 0.0308 | Val Loss 0.0296 MAE 14.1651 R2 -0.0036
2026-08-26 21:03:14 |   Val R2 improved to -0.0036, model saved
2026-08-26 21:03:15 | Epoch  85/100 | Train Loss 0.0307 | Val Loss 0.0296 MAE 14.1661 R2 -0.0033
2026-08-26 21:03:15 |   Val R2 improved to -0.0033, model saved
2026-08-26 21:03:16 | Epoch  86/100 | Train Loss 0.0307 | Val Loss 0.0296 MAE 14.1675 R2 -0.0030
2026-08-26 21:03:16 |   Val R2 improved to -0.0030, model saved
2026-08-26 21:03:18 | Epoch  87/100 | Train Loss 0.0307 | Val Loss 0.0296 MAE 14.1683 R2 -0.0027
2026-08-26 21:03:18 |   Val R2 improved to -0.0027, model saved
2026-08-26 21:03:19 | Epoch  88/100 | Train Loss 0.0307 | Val Loss 0.0296 MAE 14.1692 R2 -0.0025
2026-08-26 21:03:19 |   Val R2 improved to -0.0025, model saved
2026-08-26 21:03:20 | Epoch  89/100 | Train Loss 0.0307 | Val Loss 0.0296 MAE 14.1700 R2 -0.0023
2026-08-26 21:03:20 |   Val R2 improved to -0.0023, model saved
2026-08-26 21:03:22 | Epoch  90/100 | Train Loss 0.0307 | Val Loss 0.0296 MAE 14.1707 R2 -0.0022
2026-08-26 21:03:22 |   Val R2 improved to -0.0022, model saved
2026-08-26 21:03:23 | Epoch  91/100 | Train Loss 0.0307 | Val Loss 0.0295 MAE 14.1715 R2 -0.0020
2026-08-26 21:03:23 |   Val R2 improved to -0.0020, model saved
2026-08-26 21:03:24 | Epoch  92/100 | Train Loss 0.0307 | Val Loss 0.0295 MAE 14.1730 R2 -0.0019
2026-08-26 21:03:24 |   Val R2 improved to -0.0019, model saved
2026-08-26 21:03:25 | Epoch  93/100 | Train Loss 0.0307 | Val Loss 0.0295 MAE 14.1741 R2 -0.0018
2026-08-26 21:03:25 |   Val R2 improved to -0.0018, model saved
2026-08-26 21:03:27 | Epoch  94/100 | Train Loss 0.0307 | Val Loss 0.0295 MAE 14.1764 R2 -0.0016
2026-08-26 21:03:27 |   Val R2 improved to -0.0016, model saved
2026-08-26 21:03:28 | Epoch  95/100 | Train Loss 0.0307 | Val Loss 0.0295 MAE 14.1775 R2 -0.0016
2026-08-26 21:03:28 |   Val R2 improved to -0.0016, model saved
2026-08-26 21:03:29 | Epoch  96/100 | Train Loss 0.0307 | Val Loss 0.0295 MAE 14.1790 R2 -0.0015
2026-08-26 21:03:29 |   Val R2 improved to -0.0015, model saved
2026-08-26 21:03:31 | Epoch  97/100 | Train Loss 0.0307 | Val Loss 0.0295 MAE 14.1795 R2 -0.0014
2026-08-26 21:03:31 |   Val R2 improved to -0.0014, model saved
2026-08-26 21:03:32 | Epoch  98/100 | Train Loss 0.0307 | Val Loss 0.0295 MAE 14.1802 R2 -0.0014
2026-08-26 21:03:32 |   Val R2 improved to -0.0014, model saved
2026-08-26 21:03:33 | Epoch  99/100 | Train Loss 0.0307 | Val Loss 0.0295 MAE 14.1805 R2 -0.0014
2026-08-26 21:03:33 |   Val R2 improved to -0.0014, model saved
2026-08-26 21:03:35 | Epoch 100/100 | Train Loss 0.0307 | Val Loss 0.0295 MAE 14.1813 R2 -0.0013
2026-08-26 21:03:35 |   Val R2 improved to -0.0013, model saved
2026-08-26 21:03:35 | Run 5/5 | Test (best model @ Epoch 100) | Loss 0.0305 MAE 14.6300 R2 -0.0004
2026-08-26 21:03:35 | Average over 5 runs | Test Loss 0.0234±0.0065 MAE 12.3726±2.0682 R2 0.2338±0.2147
