2026-08-27 16:10:22 | Device: cuda
2026-08-27 16:10:22 | Args: {'model': 'nib', 'backbone': 'gnn', 'task': 'cora', 'epochs': 100, 'batch_size': 512, 'lr': 0.01, 'hidden_dims': [512, 256], 'dropout': 0.2, 'z_dim': 256, 'anchor_scale': 4.0, 'max_len': 250, 'random_labels': False, 'beta': 0.1, 'patience': 10, 'runs': 5, 'seed': 0, 'data_dir': './data', 'save_path': 'output/cora_gnn_nib/cora_gnn_nib.pt', 'log_path': '/root/autodl-tmp/FGIB/tune_results/cora_gnn_nib_beta_0.1/train.log', 'no_save': True}
2026-08-27 16:10:27 | Cora 划分（60/20/20 分层）：train 1624 / val 542 / test 542（共 2708 节点，7 类）
2026-08-27 16:10:31 | ===== Run 1/5 (seed 0) =====
2026-08-27 16:10:36 | Epoch   1/100 | Train Loss 2.8356 Acc 0.1453 | Val Loss 1.8955 Acc 0.3026 AUC 0.9028 Pre 0.0432 Rec 0.1429
2026-08-27 16:10:36 |   Val AUC improved to 0.9028, model saved
2026-08-27 16:10:36 | Epoch   2/100 | Train Loss 2.7416 Acc 0.1767 | Val Loss 1.7961 Acc 0.3026 AUC 0.7954 Pre 0.0432 Rec 0.1429
2026-08-27 16:10:36 | Epoch   3/100 | Train Loss 2.6318 Acc 0.2814 | Val Loss 1.7604 Acc 0.3026 AUC 0.8361 Pre 0.0432 Rec 0.1429
2026-08-27 16:10:36 | Epoch   4/100 | Train Loss 2.4866 Acc 0.3257 | Val Loss 1.6894 Acc 0.5535 AUC 0.9227 Pre 0.3144 Rec 0.3753
2026-08-27 16:10:36 |   Val AUC improved to 0.9227, model saved
2026-08-27 16:10:36 | Epoch   5/100 | Train Loss 2.3641 Acc 0.4027 | Val Loss 1.5296 Acc 0.5738 AUC 0.9369 Pre 0.4980 Rec 0.3978
2026-08-27 16:10:37 |   Val AUC improved to 0.9369, model saved
2026-08-27 16:10:37 | Epoch   6/100 | Train Loss 2.0967 Acc 0.5462 | Val Loss 1.3837 Acc 0.6218 AUC 0.9288 Pre 0.4655 Rec 0.4627
2026-08-27 16:10:37 | Epoch   7/100 | Train Loss 1.8065 Acc 0.6133 | Val Loss 1.2709 Acc 0.7030 AUC 0.9415 Pre 0.4903 Rec 0.5556
2026-08-27 16:10:37 |   Val AUC improved to 0.9415, model saved
2026-08-27 16:10:37 | Epoch   8/100 | Train Loss 1.5902 Acc 0.6878 | Val Loss 1.2415 Acc 0.7306 AUC 0.9532 Pre 0.5231 Rec 0.5995
2026-08-27 16:10:37 |   Val AUC improved to 0.9532, model saved
2026-08-27 16:10:37 | Epoch   9/100 | Train Loss 1.4899 Acc 0.7352 | Val Loss 1.2367 Acc 0.7362 AUC 0.9600 Pre 0.5262 Rec 0.6085
2026-08-27 16:10:37 |   Val AUC improved to 0.9600, model saved
2026-08-27 16:10:37 | Epoch  10/100 | Train Loss 1.3424 Acc 0.7783 | Val Loss 1.3397 Acc 0.7583 AUC 0.9570 Pre 0.6868 Rec 0.6312
2026-08-27 16:10:38 | Epoch  11/100 | Train Loss 1.3015 Acc 0.7919 | Val Loss 1.3218 Acc 0.8007 AUC 0.9635 Pre 0.8070 Rec 0.7101
2026-08-27 16:10:38 |   Val AUC improved to 0.9635, model saved
2026-08-27 16:10:38 | Epoch  12/100 | Train Loss 1.2072 Acc 0.8479 | Val Loss 1.3501 Acc 0.8137 AUC 0.9677 Pre 0.7641 Rec 0.7693
2026-08-27 16:10:39 |   Val AUC improved to 0.9677, model saved
2026-08-27 16:10:39 | Epoch  13/100 | Train Loss 1.1555 Acc 0.8534 | Val Loss 1.3867 Acc 0.8432 AUC 0.9694 Pre 0.8124 Rec 0.8259
2026-08-27 16:10:39 |   Val AUC improved to 0.9694, model saved
2026-08-27 16:10:39 | Epoch  14/100 | Train Loss 1.0851 Acc 0.8861 | Val Loss 1.4260 Acc 0.8708 AUC 0.9689 Pre 0.8515 Rec 0.8507
2026-08-27 16:10:39 | Epoch  15/100 | Train Loss 1.0225 Acc 0.9039 | Val Loss 1.5128 Acc 0.8708 AUC 0.9688 Pre 0.8577 Rec 0.8541
2026-08-27 16:10:39 | Epoch  16/100 | Train Loss 0.9984 Acc 0.9218 | Val Loss 1.5362 Acc 0.8598 AUC 0.9693 Pre 0.8391 Rec 0.8474
2026-08-27 16:10:39 | Epoch  17/100 | Train Loss 0.9422 Acc 0.9335 | Val Loss 1.6301 Acc 0.8450 AUC 0.9691 Pre 0.8304 Rec 0.8269
2026-08-27 16:10:40 | Epoch  18/100 | Train Loss 0.9540 Acc 0.9317 | Val Loss 1.7071 Acc 0.8506 AUC 0.9688 Pre 0.8387 Rec 0.8327
2026-08-27 16:10:40 | Epoch  19/100 | Train Loss 0.9117 Acc 0.9433 | Val Loss 1.7564 Acc 0.8598 AUC 0.9684 Pre 0.8439 Rec 0.8463
2026-08-27 16:10:40 | Epoch  20/100 | Train Loss 0.8882 Acc 0.9507 | Val Loss 1.8149 Acc 0.8542 AUC 0.9680 Pre 0.8392 Rec 0.8420
2026-08-27 16:10:40 | Epoch  21/100 | Train Loss 0.8866 Acc 0.9514 | Val Loss 1.8641 Acc 0.8579 AUC 0.9679 Pre 0.8440 Rec 0.8361
2026-08-27 16:10:40 | Epoch  22/100 | Train Loss 0.8581 Acc 0.9618 | Val Loss 1.9623 Acc 0.8506 AUC 0.9673 Pre 0.8446 Rec 0.8263
2026-08-27 16:10:40 | Epoch  23/100 | Train Loss 0.8550 Acc 0.9569 | Val Loss 1.9884 Acc 0.8579 AUC 0.9673 Pre 0.8434 Rec 0.8410
2026-08-27 16:10:40 | Val AUC did not improve for 10 consecutive epochs, early stopping at Epoch 23 (best AUC 0.9694 @ Epoch 13)
2026-08-27 16:10:40 | Run 1/5 | Test (best model @ Epoch 13) | Loss 1.3420 Acc 0.8542 AUC 0.9745 Pre 0.8315 Rec 0.8534
2026-08-27 16:10:40 | ===== Run 2/5 (seed 1) =====
2026-08-27 16:10:40 | Epoch   1/100 | Train Loss 2.8186 Acc 0.1466 | Val Loss 1.8810 Acc 0.3026 AUC 0.8998 Pre 0.0432 Rec 0.1429
2026-08-27 16:10:40 |   Val AUC improved to 0.8998, model saved
2026-08-27 16:10:40 | Epoch   2/100 | Train Loss 2.7383 Acc 0.1940 | Val Loss 1.7793 Acc 0.3026 AUC 0.8221 Pre 0.0432 Rec 0.1429
2026-08-27 16:10:40 | Epoch   3/100 | Train Loss 2.5942 Acc 0.2986 | Val Loss 1.7693 Acc 0.3026 AUC 0.8424 Pre 0.0432 Rec 0.1429
2026-08-27 16:10:40 | Epoch   4/100 | Train Loss 2.4695 Acc 0.3300 | Val Loss 1.6689 Acc 0.5720 AUC 0.9333 Pre 0.4671 Rec 0.3926
2026-08-27 16:10:41 |   Val AUC improved to 0.9333, model saved
2026-08-27 16:10:41 | Epoch   5/100 | Train Loss 2.3353 Acc 0.4409 | Val Loss 1.5237 Acc 0.6089 AUC 0.9409 Pre 0.3643 Rec 0.4388
2026-08-27 16:10:41 |   Val AUC improved to 0.9409, model saved
2026-08-27 16:10:41 | Epoch   6/100 | Train Loss 2.0905 Acc 0.5505 | Val Loss 1.3126 Acc 0.6771 AUC 0.9420 Pre 0.5152 Rec 0.5188
2026-08-27 16:10:42 |   Val AUC improved to 0.9420, model saved
2026-08-27 16:10:42 | Epoch   7/100 | Train Loss 1.7467 Acc 0.6392 | Val Loss 1.2669 Acc 0.6937 AUC 0.9427 Pre 0.6784 Rec 0.5497
2026-08-27 16:10:42 |   Val AUC improved to 0.9427, model saved
2026-08-27 16:10:42 | Epoch   8/100 | Train Loss 1.5518 Acc 0.6903 | Val Loss 1.2298 Acc 0.7675 AUC 0.9531 Pre 0.6436 Rec 0.6591
2026-08-27 16:10:43 |   Val AUC improved to 0.9531, model saved
2026-08-27 16:10:43 | Epoch   9/100 | Train Loss 1.4000 Acc 0.7488 | Val Loss 1.2965 Acc 0.7380 AUC 0.9581 Pre 0.8141 Rec 0.6220
2026-08-27 16:10:43 |   Val AUC improved to 0.9581, model saved
2026-08-27 16:10:43 | Epoch  10/100 | Train Loss 1.3718 Acc 0.7623 | Val Loss 1.3146 Acc 0.7897 AUC 0.9615 Pre 0.6725 Rec 0.6914
2026-08-27 16:10:43 |   Val AUC improved to 0.9615, model saved
2026-08-27 16:10:43 | Epoch  11/100 | Train Loss 1.2496 Acc 0.8288 | Val Loss 1.3702 Acc 0.8118 AUC 0.9641 Pre 0.7923 Rec 0.7332
2026-08-27 16:10:44 |   Val AUC improved to 0.9641, model saved
2026-08-27 16:10:44 | Epoch  12/100 | Train Loss 1.1946 Acc 0.8448 | Val Loss 1.3983 Acc 0.8542 AUC 0.9672 Pre 0.8362 Rec 0.8305
2026-08-27 16:10:44 |   Val AUC improved to 0.9672, model saved
2026-08-27 16:10:44 | Epoch  13/100 | Train Loss 1.1243 Acc 0.8688 | Val Loss 1.4331 Acc 0.8506 AUC 0.9698 Pre 0.8198 Rec 0.8323
2026-08-27 16:10:44 |   Val AUC improved to 0.9698, model saved
2026-08-27 16:10:45 | Epoch  14/100 | Train Loss 1.0452 Acc 0.9058 | Val Loss 1.5042 Acc 0.8487 AUC 0.9704 Pre 0.8464 Rec 0.8147
2026-08-27 16:10:45 |   Val AUC improved to 0.9704, model saved
2026-08-27 16:10:45 | Epoch  15/100 | Train Loss 1.0136 Acc 0.9169 | Val Loss 1.5847 Acc 0.8598 AUC 0.9701 Pre 0.8451 Rec 0.8393
2026-08-27 16:10:45 | Epoch  16/100 | Train Loss 0.9772 Acc 0.9304 | Val Loss 1.6835 Acc 0.8469 AUC 0.9692 Pre 0.8304 Rec 0.8317
2026-08-27 16:10:45 | Epoch  17/100 | Train Loss 0.9494 Acc 0.9372 | Val Loss 1.7613 Acc 0.8506 AUC 0.9686 Pre 0.8360 Rec 0.8279
2026-08-27 16:10:45 | Epoch  18/100 | Train Loss 0.9076 Acc 0.9409 | Val Loss 1.8457 Acc 0.8469 AUC 0.9682 Pre 0.8269 Rec 0.8301
2026-08-27 16:10:45 | Epoch  19/100 | Train Loss 0.8880 Acc 0.9470 | Val Loss 1.9103 Acc 0.8450 AUC 0.9677 Pre 0.8262 Rec 0.8340
2026-08-27 16:10:45 | Epoch  20/100 | Train Loss 0.8755 Acc 0.9569 | Val Loss 1.9634 Acc 0.8487 AUC 0.9669 Pre 0.8336 Rec 0.8381
2026-08-27 16:10:45 | Epoch  21/100 | Train Loss 0.8651 Acc 0.9569 | Val Loss 2.0068 Acc 0.8561 AUC 0.9669 Pre 0.8478 Rec 0.8399
2026-08-27 16:10:45 | Epoch  22/100 | Train Loss 0.8492 Acc 0.9618 | Val Loss 2.0411 Acc 0.8561 AUC 0.9669 Pre 0.8464 Rec 0.8363
2026-08-27 16:10:45 | Epoch  23/100 | Train Loss 0.8298 Acc 0.9667 | Val Loss 2.0558 Acc 0.8653 AUC 0.9668 Pre 0.8500 Rec 0.8488
2026-08-27 16:10:45 | Epoch  24/100 | Train Loss 0.8215 Acc 0.9655 | Val Loss 2.0996 Acc 0.8653 AUC 0.9665 Pre 0.8477 Rec 0.8526
2026-08-27 16:10:45 | Val AUC did not improve for 10 consecutive epochs, early stopping at Epoch 24 (best AUC 0.9704 @ Epoch 14)
2026-08-27 16:10:45 | Run 2/5 | Test (best model @ Epoch 14) | Loss 1.4491 Acc 0.8598 AUC 0.9740 Pre 0.8596 Rec 0.8439
2026-08-27 16:10:45 | ===== Run 3/5 (seed 2) =====
2026-08-27 16:10:45 | Epoch   1/100 | Train Loss 2.8424 Acc 0.1330 | Val Loss 1.9092 Acc 0.3026 AUC 0.8883 Pre 0.0432 Rec 0.1429
2026-08-27 16:10:46 |   Val AUC improved to 0.8883, model saved
2026-08-27 16:10:46 | Epoch   2/100 | Train Loss 2.7469 Acc 0.1730 | Val Loss 1.7963 Acc 0.3026 AUC 0.8104 Pre 0.0432 Rec 0.1429
2026-08-27 16:10:46 | Epoch   3/100 | Train Loss 2.6080 Acc 0.2802 | Val Loss 1.8071 Acc 0.3026 AUC 0.8088 Pre 0.0432 Rec 0.1429
2026-08-27 16:10:46 | Epoch   4/100 | Train Loss 2.5562 Acc 0.3097 | Val Loss 1.7082 Acc 0.5351 AUC 0.9245 Pre 0.3177 Rec 0.3586
2026-08-27 16:10:46 |   Val AUC improved to 0.9245, model saved
2026-08-27 16:10:46 | Epoch   5/100 | Train Loss 2.4079 Acc 0.3793 | Val Loss 1.6213 Acc 0.5830 AUC 0.9334 Pre 0.3694 Rec 0.4123
2026-08-27 16:10:47 |   Val AUC improved to 0.9334, model saved
2026-08-27 16:10:47 | Epoch   6/100 | Train Loss 2.2325 Acc 0.4803 | Val Loss 1.4108 Acc 0.6125 AUC 0.9445 Pre 0.4930 Rec 0.4441
2026-08-27 16:10:47 |   Val AUC improved to 0.9445, model saved
2026-08-27 16:10:47 | Epoch   7/100 | Train Loss 1.9264 Acc 0.5911 | Val Loss 1.3461 Acc 0.6181 AUC 0.9369 Pre 0.4678 Rec 0.4571
2026-08-27 16:10:47 | Epoch   8/100 | Train Loss 1.7124 Acc 0.6182 | Val Loss 1.2521 Acc 0.7214 AUC 0.9496 Pre 0.6378 Rec 0.5820
2026-08-27 16:10:48 |   Val AUC improved to 0.9496, model saved
2026-08-27 16:10:48 | Epoch   9/100 | Train Loss 1.5224 Acc 0.7069 | Val Loss 1.2106 Acc 0.7583 AUC 0.9580 Pre 0.6677 Rec 0.6514
2026-08-27 16:10:48 |   Val AUC improved to 0.9580, model saved
2026-08-27 16:10:48 | Epoch  10/100 | Train Loss 1.3886 Acc 0.7820 | Val Loss 1.2684 Acc 0.7435 AUC 0.9613 Pre 0.8252 Rec 0.6339
2026-08-27 16:10:49 |   Val AUC improved to 0.9613, model saved
2026-08-27 16:10:49 | Epoch  11/100 | Train Loss 1.3329 Acc 0.7679 | Val Loss 1.2877 Acc 0.8284 AUC 0.9659 Pre 0.8218 Rec 0.7758
2026-08-27 16:10:49 |   Val AUC improved to 0.9659, model saved
2026-08-27 16:10:49 | Epoch  12/100 | Train Loss 1.2190 Acc 0.8467 | Val Loss 1.3790 Acc 0.8173 AUC 0.9648 Pre 0.8122 Rec 0.7836
2026-08-27 16:10:49 | Epoch  13/100 | Train Loss 1.1809 Acc 0.8664 | Val Loss 1.3772 Acc 0.8506 AUC 0.9663 Pre 0.8271 Rec 0.8238
2026-08-27 16:10:49 |   Val AUC improved to 0.9663, model saved
2026-08-27 16:10:49 | Epoch  14/100 | Train Loss 1.0959 Acc 0.8966 | Val Loss 1.4709 Acc 0.8598 AUC 0.9676 Pre 0.8293 Rec 0.8411
2026-08-27 16:10:50 |   Val AUC improved to 0.9676, model saved
2026-08-27 16:10:50 | Epoch  15/100 | Train Loss 1.0794 Acc 0.9046 | Val Loss 1.5266 Acc 0.8616 AUC 0.9696 Pre 0.8329 Rec 0.8407
2026-08-27 16:10:50 |   Val AUC improved to 0.9696, model saved
2026-08-27 16:10:50 | Epoch  16/100 | Train Loss 0.9846 Acc 0.9236 | Val Loss 1.6436 Acc 0.8598 AUC 0.9686 Pre 0.8401 Rec 0.8385
2026-08-27 16:10:50 | Epoch  17/100 | Train Loss 0.9928 Acc 0.9280 | Val Loss 1.7350 Acc 0.8561 AUC 0.9683 Pre 0.8400 Rec 0.8374
2026-08-27 16:10:50 | Epoch  18/100 | Train Loss 0.9610 Acc 0.9304 | Val Loss 1.7844 Acc 0.8542 AUC 0.9683 Pre 0.8362 Rec 0.8409
2026-08-27 16:10:50 | Epoch  19/100 | Train Loss 0.9020 Acc 0.9440 | Val Loss 1.8687 Acc 0.8542 AUC 0.9677 Pre 0.8361 Rec 0.8414
2026-08-27 16:10:50 | Epoch  20/100 | Train Loss 0.8988 Acc 0.9520 | Val Loss 1.9307 Acc 0.8542 AUC 0.9668 Pre 0.8451 Rec 0.8365
2026-08-27 16:10:50 | Epoch  21/100 | Train Loss 0.8770 Acc 0.9526 | Val Loss 1.9930 Acc 0.8542 AUC 0.9661 Pre 0.8459 Rec 0.8360
2026-08-27 16:10:50 | Epoch  22/100 | Train Loss 0.8667 Acc 0.9544 | Val Loss 2.0122 Acc 0.8561 AUC 0.9655 Pre 0.8343 Rec 0.8421
2026-08-27 16:10:50 | Epoch  23/100 | Train Loss 0.8486 Acc 0.9612 | Val Loss 2.0483 Acc 0.8524 AUC 0.9652 Pre 0.8293 Rec 0.8387
2026-08-27 16:10:50 | Epoch  24/100 | Train Loss 0.8469 Acc 0.9618 | Val Loss 2.0756 Acc 0.8487 AUC 0.9651 Pre 0.8316 Rec 0.8245
2026-08-27 16:10:50 | Epoch  25/100 | Train Loss 0.8363 Acc 0.9692 | Val Loss 2.1074 Acc 0.8542 AUC 0.9654 Pre 0.8443 Rec 0.8322
2026-08-27 16:10:50 | Val AUC did not improve for 10 consecutive epochs, early stopping at Epoch 25 (best AUC 0.9696 @ Epoch 15)
2026-08-27 16:10:51 | Run 3/5 | Test (best model @ Epoch 15) | Loss 1.4273 Acc 0.8708 AUC 0.9754 Pre 0.8540 Rec 0.8599
2026-08-27 16:10:51 | ===== Run 4/5 (seed 3) =====
2026-08-27 16:10:51 | Epoch   1/100 | Train Loss 2.8342 Acc 0.1336 | Val Loss 1.8928 Acc 0.3026 AUC 0.8957 Pre 0.0432 Rec 0.1429
2026-08-27 16:10:51 |   Val AUC improved to 0.8957, model saved
2026-08-27 16:10:51 | Epoch   2/100 | Train Loss 2.7478 Acc 0.1743 | Val Loss 1.7886 Acc 0.3026 AUC 0.7851 Pre 0.0432 Rec 0.1429
2026-08-27 16:10:51 | Epoch   3/100 | Train Loss 2.6264 Acc 0.2833 | Val Loss 1.7741 Acc 0.3026 AUC 0.8188 Pre 0.0432 Rec 0.1429
2026-08-27 16:10:51 | Epoch   4/100 | Train Loss 2.4944 Acc 0.3208 | Val Loss 1.7217 Acc 0.5609 AUC 0.9020 Pre 0.2861 Rec 0.3829
2026-08-27 16:10:51 |   Val AUC improved to 0.9020, model saved
2026-08-27 16:10:51 | Epoch   5/100 | Train Loss 2.3962 Acc 0.3541 | Val Loss 1.5857 Acc 0.5258 AUC 0.9247 Pre 0.4091 Rec 0.3510
2026-08-27 16:10:51 |   Val AUC improved to 0.9247, model saved
2026-08-27 16:10:52 | Epoch   6/100 | Train Loss 2.1884 Acc 0.4975 | Val Loss 1.4530 Acc 0.4945 AUC 0.9284 Pre 0.3846 Rec 0.3226
2026-08-27 16:10:52 |   Val AUC improved to 0.9284, model saved
2026-08-27 16:10:52 | Epoch   7/100 | Train Loss 1.9229 Acc 0.5419 | Val Loss 1.3573 Acc 0.5793 AUC 0.9388 Pre 0.3853 Rec 0.4104
2026-08-27 16:10:52 |   Val AUC improved to 0.9388, model saved
2026-08-27 16:10:52 | Epoch   8/100 | Train Loss 1.7193 Acc 0.6232 | Val Loss 1.2675 Acc 0.6863 AUC 0.9473 Pre 0.4685 Rec 0.5383
2026-08-27 16:10:52 |   Val AUC improved to 0.9473, model saved
2026-08-27 16:10:53 | Epoch   9/100 | Train Loss 1.5257 Acc 0.7100 | Val Loss 1.2233 Acc 0.7491 AUC 0.9565 Pre 0.6737 Rec 0.6342
2026-08-27 16:10:53 |   Val AUC improved to 0.9565, model saved
2026-08-27 16:10:53 | Epoch  10/100 | Train Loss 1.3905 Acc 0.7685 | Val Loss 1.3291 Acc 0.7454 AUC 0.9559 Pre 0.6819 Rec 0.6355
2026-08-27 16:10:53 | Epoch  11/100 | Train Loss 1.3753 Acc 0.7679 | Val Loss 1.3276 Acc 0.7601 AUC 0.9610 Pre 0.7511 Rec 0.6411
2026-08-27 16:10:53 |   Val AUC improved to 0.9610, model saved
2026-08-27 16:10:53 | Epoch  12/100 | Train Loss 1.2797 Acc 0.8036 | Val Loss 1.3782 Acc 0.8155 AUC 0.9606 Pre 0.7768 Rec 0.7450
2026-08-27 16:10:53 | Epoch  13/100 | Train Loss 1.2165 Acc 0.8368 | Val Loss 1.4153 Acc 0.8506 AUC 0.9606 Pre 0.8267 Rec 0.8210
2026-08-27 16:10:53 | Epoch  14/100 | Train Loss 1.1279 Acc 0.8855 | Val Loss 1.4939 Acc 0.8358 AUC 0.9606 Pre 0.8155 Rec 0.8171
2026-08-27 16:10:53 | Epoch  15/100 | Train Loss 1.0830 Acc 0.8898 | Val Loss 1.5005 Acc 0.8542 AUC 0.9648 Pre 0.8291 Rec 0.8408
2026-08-27 16:10:53 |   Val AUC improved to 0.9648, model saved
2026-08-27 16:10:54 | Epoch  16/100 | Train Loss 0.9962 Acc 0.9193 | Val Loss 1.5875 Acc 0.8561 AUC 0.9664 Pre 0.8325 Rec 0.8316
2026-08-27 16:10:54 |   Val AUC improved to 0.9664, model saved
2026-08-27 16:10:54 | Epoch  17/100 | Train Loss 0.9665 Acc 0.9261 | Val Loss 1.6953 Acc 0.8506 AUC 0.9665 Pre 0.8398 Rec 0.8223
2026-08-27 16:10:54 |   Val AUC improved to 0.9665, model saved
2026-08-27 16:10:54 | Epoch  18/100 | Train Loss 0.9633 Acc 0.9329 | Val Loss 1.7404 Acc 0.8450 AUC 0.9677 Pre 0.8285 Rec 0.8188
2026-08-27 16:10:54 |   Val AUC improved to 0.9677, model saved
2026-08-27 16:10:54 | Epoch  19/100 | Train Loss 0.9237 Acc 0.9397 | Val Loss 1.7804 Acc 0.8579 AUC 0.9683 Pre 0.8376 Rec 0.8408
2026-08-27 16:10:55 |   Val AUC improved to 0.9683, model saved
2026-08-27 16:10:55 | Epoch  20/100 | Train Loss 0.8858 Acc 0.9489 | Val Loss 1.8766 Acc 0.8524 AUC 0.9678 Pre 0.8383 Rec 0.8380
2026-08-27 16:10:55 | Epoch  21/100 | Train Loss 0.8831 Acc 0.9550 | Val Loss 1.9244 Acc 0.8487 AUC 0.9676 Pre 0.8328 Rec 0.8328
2026-08-27 16:10:55 | Epoch  22/100 | Train Loss 0.8729 Acc 0.9532 | Val Loss 1.9604 Acc 0.8524 AUC 0.9674 Pre 0.8411 Rec 0.8392
2026-08-27 16:10:55 | Epoch  23/100 | Train Loss 0.8599 Acc 0.9594 | Val Loss 2.0089 Acc 0.8579 AUC 0.9661 Pre 0.8500 Rec 0.8380
2026-08-27 16:10:55 | Epoch  24/100 | Train Loss 0.8332 Acc 0.9704 | Val Loss 2.0676 Acc 0.8506 AUC 0.9654 Pre 0.8377 Rec 0.8244
2026-08-27 16:10:55 | Epoch  25/100 | Train Loss 0.8301 Acc 0.9704 | Val Loss 2.1123 Acc 0.8524 AUC 0.9654 Pre 0.8379 Rec 0.8265
2026-08-27 16:10:55 | Epoch  26/100 | Train Loss 0.8155 Acc 0.9717 | Val Loss 2.1564 Acc 0.8524 AUC 0.9655 Pre 0.8385 Rec 0.8263
2026-08-27 16:10:55 | Epoch  27/100 | Train Loss 0.8149 Acc 0.9729 | Val Loss 2.1948 Acc 0.8487 AUC 0.9651 Pre 0.8379 Rec 0.8235
2026-08-27 16:10:55 | Epoch  28/100 | Train Loss 0.8060 Acc 0.9791 | Val Loss 2.2019 Acc 0.8561 AUC 0.9655 Pre 0.8434 Rec 0.8329
2026-08-27 16:10:55 | Epoch  29/100 | Train Loss 0.7851 Acc 0.9828 | Val Loss 2.2143 Acc 0.8469 AUC 0.9658 Pre 0.8328 Rec 0.8285
2026-08-27 16:10:55 | Val AUC did not improve for 10 consecutive epochs, early stopping at Epoch 29 (best AUC 0.9683 @ Epoch 19)
2026-08-27 16:10:55 | Run 4/5 | Test (best model @ Epoch 19) | Loss 1.6144 Acc 0.8635 AUC 0.9734 Pre 0.8529 Rec 0.8641
2026-08-27 16:10:55 | ===== Run 5/5 (seed 4) =====
2026-08-27 16:10:55 | Epoch   1/100 | Train Loss 2.8024 Acc 0.1410 | Val Loss 1.8913 Acc 0.3026 AUC 0.8989 Pre 0.0432 Rec 0.1429
2026-08-27 16:10:55 |   Val AUC improved to 0.8989, model saved
2026-08-27 16:10:55 | Epoch   2/100 | Train Loss 2.7499 Acc 0.1835 | Val Loss 1.7856 Acc 0.3026 AUC 0.7934 Pre 0.0432 Rec 0.1429
2026-08-27 16:10:55 | Epoch   3/100 | Train Loss 2.6039 Acc 0.2919 | Val Loss 1.7585 Acc 0.3026 AUC 0.8342 Pre 0.0432 Rec 0.1429
2026-08-27 16:10:55 | Epoch   4/100 | Train Loss 2.4820 Acc 0.3257 | Val Loss 1.6713 Acc 0.5332 AUC 0.9212 Pre 0.3115 Rec 0.3562
2026-08-27 16:10:55 |   Val AUC improved to 0.9212, model saved
2026-08-27 16:10:56 | Epoch   5/100 | Train Loss 2.3449 Acc 0.4021 | Val Loss 1.5066 Acc 0.5480 AUC 0.9371 Pre 0.4080 Rec 0.3704
2026-08-27 16:10:56 |   Val AUC improved to 0.9371, model saved
2026-08-27 16:10:56 | Epoch   6/100 | Train Loss 2.0784 Acc 0.5400 | Val Loss 1.3935 Acc 0.5258 AUC 0.9319 Pre 0.3566 Rec 0.3517
2026-08-27 16:10:56 | Epoch   7/100 | Train Loss 1.8183 Acc 0.5634 | Val Loss 1.3053 Acc 0.6458 AUC 0.9402 Pre 0.5887 Rec 0.4854
2026-08-27 16:10:56 |   Val AUC improved to 0.9402, model saved
2026-08-27 16:10:56 | Epoch   8/100 | Train Loss 1.6510 Acc 0.6459 | Val Loss 1.2474 Acc 0.7528 AUC 0.9502 Pre 0.6053 Rec 0.6512
2026-08-27 16:10:56 |   Val AUC improved to 0.9502, model saved
2026-08-27 16:10:56 | Epoch   9/100 | Train Loss 1.4991 Acc 0.7291 | Val Loss 1.2329 Acc 0.7362 AUC 0.9572 Pre 0.5314 Rec 0.6115
2026-08-27 16:10:57 |   Val AUC improved to 0.9572, model saved
2026-08-27 16:10:57 | Epoch  10/100 | Train Loss 1.3860 Acc 0.7691 | Val Loss 1.3598 Acc 0.7343 AUC 0.9560 Pre 0.5366 Rec 0.6075
2026-08-27 16:10:57 | Epoch  11/100 | Train Loss 1.3709 Acc 0.7771 | Val Loss 1.3393 Acc 0.7860 AUC 0.9601 Pre 0.6476 Rec 0.6998
2026-08-27 16:10:57 |   Val AUC improved to 0.9601, model saved
2026-08-27 16:10:57 | Epoch  12/100 | Train Loss 1.2461 Acc 0.8165 | Val Loss 1.3750 Acc 0.8266 AUC 0.9570 Pre 0.7658 Rec 0.7701
2026-08-27 16:10:57 | Epoch  13/100 | Train Loss 1.1917 Acc 0.8473 | Val Loss 1.4635 Acc 0.8339 AUC 0.9553 Pre 0.7993 Rec 0.7954
2026-08-27 16:10:57 | Epoch  14/100 | Train Loss 1.1596 Acc 0.8541 | Val Loss 1.5033 Acc 0.8450 AUC 0.9610 Pre 0.8155 Rec 0.8123
2026-08-27 16:10:57 |   Val AUC improved to 0.9610, model saved
2026-08-27 16:10:57 | Epoch  15/100 | Train Loss 1.0479 Acc 0.8885 | Val Loss 1.5743 Acc 0.8487 AUC 0.9636 Pre 0.8320 Rec 0.8157
2026-08-27 16:10:57 |   Val AUC improved to 0.9636, model saved
2026-08-27 16:10:57 | Epoch  16/100 | Train Loss 1.0108 Acc 0.9070 | Val Loss 1.6535 Acc 0.8487 AUC 0.9638 Pre 0.8285 Rec 0.8350
2026-08-27 16:10:58 |   Val AUC improved to 0.9638, model saved
2026-08-27 16:10:58 | Epoch  17/100 | Train Loss 0.9605 Acc 0.9298 | Val Loss 1.7617 Acc 0.8561 AUC 0.9648 Pre 0.8382 Rec 0.8436
2026-08-27 16:10:58 |   Val AUC improved to 0.9648, model saved
2026-08-27 16:10:58 | Epoch  18/100 | Train Loss 0.9161 Acc 0.9415 | Val Loss 1.8772 Acc 0.8487 AUC 0.9652 Pre 0.8319 Rec 0.8363
2026-08-27 16:10:58 |   Val AUC improved to 0.9652, model saved
2026-08-27 16:10:58 | Epoch  19/100 | Train Loss 0.9176 Acc 0.9427 | Val Loss 1.9224 Acc 0.8524 AUC 0.9659 Pre 0.8388 Rec 0.8361
2026-08-27 16:10:58 |   Val AUC improved to 0.9659, model saved
2026-08-27 16:10:58 | Epoch  20/100 | Train Loss 0.8855 Acc 0.9514 | Val Loss 1.9561 Acc 0.8542 AUC 0.9667 Pre 0.8336 Rec 0.8387
2026-08-27 16:10:59 |   Val AUC improved to 0.9667, model saved
2026-08-27 16:10:59 | Epoch  21/100 | Train Loss 0.8714 Acc 0.9550 | Val Loss 2.0116 Acc 0.8542 AUC 0.9671 Pre 0.8352 Rec 0.8377
2026-08-27 16:10:59 |   Val AUC improved to 0.9671, model saved
2026-08-27 16:10:59 | Epoch  22/100 | Train Loss 0.8653 Acc 0.9581 | Val Loss 2.0523 Acc 0.8579 AUC 0.9674 Pre 0.8413 Rec 0.8378
2026-08-27 16:10:59 |   Val AUC improved to 0.9674, model saved
2026-08-27 16:10:59 | Epoch  23/100 | Train Loss 0.8470 Acc 0.9649 | Val Loss 2.1081 Acc 0.8598 AUC 0.9678 Pre 0.8461 Rec 0.8417
2026-08-27 16:10:59 |   Val AUC improved to 0.9678, model saved
2026-08-27 16:10:59 | Epoch  24/100 | Train Loss 0.8317 Acc 0.9692 | Val Loss 2.1641 Acc 0.8487 AUC 0.9683 Pre 0.8365 Rec 0.8319
2026-08-27 16:10:59 |   Val AUC improved to 0.9683, model saved
2026-08-27 16:10:59 | Epoch  25/100 | Train Loss 0.8217 Acc 0.9686 | Val Loss 2.1896 Acc 0.8542 AUC 0.9686 Pre 0.8398 Rec 0.8411
2026-08-27 16:11:00 |   Val AUC improved to 0.9686, model saved
2026-08-27 16:11:00 | Epoch  26/100 | Train Loss 0.8108 Acc 0.9760 | Val Loss 2.2085 Acc 0.8542 AUC 0.9689 Pre 0.8370 Rec 0.8419
2026-08-27 16:11:00 |   Val AUC improved to 0.9689, model saved
2026-08-27 16:11:00 | Epoch  27/100 | Train Loss 0.8040 Acc 0.9754 | Val Loss 2.2583 Acc 0.8487 AUC 0.9689 Pre 0.8349 Rec 0.8345
2026-08-27 16:11:00 | Epoch  28/100 | Train Loss 0.7928 Acc 0.9815 | Val Loss 2.3491 Acc 0.8506 AUC 0.9686 Pre 0.8437 Rec 0.8314
2026-08-27 16:11:00 | Epoch  29/100 | Train Loss 0.7988 Acc 0.9797 | Val Loss 2.3632 Acc 0.8487 AUC 0.9688 Pre 0.8429 Rec 0.8276
2026-08-27 16:11:00 | Epoch  30/100 | Train Loss 0.7797 Acc 0.9846 | Val Loss 2.3675 Acc 0.8561 AUC 0.9688 Pre 0.8490 Rec 0.8383
2026-08-27 16:11:00 | Epoch  31/100 | Train Loss 0.7790 Acc 0.9865 | Val Loss 2.4076 Acc 0.8579 AUC 0.9685 Pre 0.8487 Rec 0.8431
2026-08-27 16:11:00 | Epoch  32/100 | Train Loss 0.7821 Acc 0.9821 | Val Loss 2.4681 Acc 0.8579 AUC 0.9682 Pre 0.8418 Rec 0.8424
2026-08-27 16:11:00 | Epoch  33/100 | Train Loss 0.7738 Acc 0.9858 | Val Loss 2.5304 Acc 0.8542 AUC 0.9680 Pre 0.8363 Rec 0.8381
2026-08-27 16:11:00 | Epoch  34/100 | Train Loss 0.7701 Acc 0.9901 | Val Loss 2.5827 Acc 0.8506 AUC 0.9679 Pre 0.8327 Rec 0.8371
2026-08-27 16:11:00 | Epoch  35/100 | Train Loss 0.7702 Acc 0.9889 | Val Loss 2.6167 Acc 0.8542 AUC 0.9678 Pre 0.8394 Rec 0.8425
2026-08-27 16:11:00 | Epoch  36/100 | Train Loss 0.7674 Acc 0.9871 | Val Loss 2.6485 Acc 0.8506 AUC 0.9674 Pre 0.8395 Rec 0.8325
2026-08-27 16:11:00 | Val AUC did not improve for 10 consecutive epochs, early stopping at Epoch 36 (best AUC 0.9689 @ Epoch 26)
2026-08-27 16:11:00 | Run 5/5 | Test (best model @ Epoch 26) | Loss 2.0397 Acc 0.8690 AUC 0.9717 Pre 0.8603 Rec 0.8764
2026-08-27 16:11:00 | Average over 5 runs | Test Loss 1.5745±0.2782 Acc 0.8635±0.0068 AUC 0.9738±0.0014 Pre 0.8517±0.0117 Rec 0.8595±0.0121
