2026-09-02 10:21:12 | Device: cuda
2026-09-02 10:21:12 | Args: {'model': 'opb', 'backbone': 'cnn', 'task': 'mnist', 'epochs': 100, 'batch_size': 512, 'lr': 0.001, 'hidden_dims': [512, 256], 'dropout': 0.2, 'z_dim': 256, 'anchor_scale': 2.0, 'energy_classifier': True, 'tied_head': False, 'max_len': 250, 'random_labels': False, 'beta': 0.001, 'patience': 10, 'runs': 5, 'seed': 0, 'data_dir': './data', 'save_path': 'output/mnist_cnn_opb/mnist_cnn_opb.pt', 'log_path': '/root/autodl-tmp/IB/tune_results/mnist_cnn_opb_beta_0.001_anchor_2/train.log', 'no_save': True}
2026-09-02 10:21:12 | ===== Run 1/5 (seed 0) =====
2026-09-02 10:21:18 | Epoch   1/100 | Train Loss 0.4666 Acc 0.8750 | Val Loss 0.1189 Acc 0.9739 AUC 0.9994 Pre 0.9736 Rec 0.9740
2026-09-02 10:21:18 |   Val AUC improved to 0.9994, model saved
2026-09-02 10:21:23 | Epoch   2/100 | Train Loss 0.1155 Acc 0.9758 | Val Loss 0.0825 Acc 0.9822 AUC 0.9997 Pre 0.9822 Rec 0.9819
2026-09-02 10:21:23 |   Val AUC improved to 0.9997, model saved
2026-09-02 10:21:27 | Epoch   3/100 | Train Loss 0.0843 Acc 0.9832 | Val Loss 0.0685 Acc 0.9855 AUC 0.9998 Pre 0.9855 Rec 0.9853
2026-09-02 10:21:28 |   Val AUC improved to 0.9998, model saved
2026-09-02 10:21:32 | Epoch   4/100 | Train Loss 0.0701 Acc 0.9870 | Val Loss 0.0621 Acc 0.9871 AUC 0.9998 Pre 0.9870 Rec 0.9869
2026-09-02 10:21:32 |   Val AUC improved to 0.9998, model saved
2026-09-02 10:21:37 | Epoch   5/100 | Train Loss 0.0565 Acc 0.9898 | Val Loss 0.0541 Acc 0.9889 AUC 0.9999 Pre 0.9888 Rec 0.9889
2026-09-02 10:21:37 |   Val AUC improved to 0.9999, model saved
2026-09-02 10:21:42 | Epoch   6/100 | Train Loss 0.0494 Acc 0.9913 | Val Loss 0.0516 Acc 0.9895 AUC 0.9999 Pre 0.9894 Rec 0.9896
2026-09-02 10:21:42 |   Val AUC improved to 0.9999, model saved
2026-09-02 10:21:47 | Epoch   7/100 | Train Loss 0.0443 Acc 0.9925 | Val Loss 0.0541 Acc 0.9887 AUC 0.9999 Pre 0.9887 Rec 0.9886
2026-09-02 10:21:51 | Epoch   8/100 | Train Loss 0.0382 Acc 0.9938 | Val Loss 0.0455 Acc 0.9911 AUC 0.9999 Pre 0.9911 Rec 0.9910
2026-09-02 10:21:51 |   Val AUC improved to 0.9999, model saved
2026-09-02 10:21:56 | Epoch   9/100 | Train Loss 0.0352 Acc 0.9945 | Val Loss 0.0467 Acc 0.9894 AUC 0.9999 Pre 0.9895 Rec 0.9893
2026-09-02 10:21:56 |   Val AUC improved to 0.9999, model saved
2026-09-02 10:22:01 | Epoch  10/100 | Train Loss 0.0309 Acc 0.9959 | Val Loss 0.0472 Acc 0.9888 AUC 0.9999 Pre 0.9887 Rec 0.9887
2026-09-02 10:22:01 |   Val AUC improved to 0.9999, model saved
2026-09-02 10:22:05 | Epoch  11/100 | Train Loss 0.0269 Acc 0.9969 | Val Loss 0.0430 Acc 0.9906 AUC 0.9999 Pre 0.9907 Rec 0.9905
2026-09-02 10:22:05 |   Val AUC improved to 0.9999, model saved
2026-09-02 10:22:10 | Epoch  12/100 | Train Loss 0.0252 Acc 0.9973 | Val Loss 0.0424 Acc 0.9907 AUC 0.9999 Pre 0.9907 Rec 0.9906
2026-09-02 10:22:15 | Epoch  13/100 | Train Loss 0.0226 Acc 0.9978 | Val Loss 0.0399 Acc 0.9903 AUC 0.9999 Pre 0.9902 Rec 0.9902
2026-09-02 10:22:15 |   Val AUC improved to 0.9999, model saved
2026-09-02 10:22:19 | Epoch  14/100 | Train Loss 0.0213 Acc 0.9979 | Val Loss 0.0406 Acc 0.9918 AUC 0.9999 Pre 0.9918 Rec 0.9917
2026-09-02 10:22:24 | Epoch  15/100 | Train Loss 0.0212 Acc 0.9977 | Val Loss 0.0413 Acc 0.9909 AUC 0.9999 Pre 0.9909 Rec 0.9908
2026-09-02 10:22:29 | Epoch  16/100 | Train Loss 0.0185 Acc 0.9986 | Val Loss 0.0397 Acc 0.9913 AUC 0.9999 Pre 0.9913 Rec 0.9913
2026-09-02 10:22:34 | Epoch  17/100 | Train Loss 0.0188 Acc 0.9983 | Val Loss 0.0403 Acc 0.9907 AUC 0.9999 Pre 0.9906 Rec 0.9907
2026-09-02 10:22:38 | Epoch  18/100 | Train Loss 0.0172 Acc 0.9988 | Val Loss 0.0359 Acc 0.9914 AUC 0.9999 Pre 0.9914 Rec 0.9913
2026-09-02 10:22:38 |   Val AUC improved to 0.9999, model saved
2026-09-02 10:22:43 | Epoch  19/100 | Train Loss 0.0176 Acc 0.9986 | Val Loss 0.0384 Acc 0.9908 AUC 0.9999 Pre 0.9907 Rec 0.9907
2026-09-02 10:22:43 |   Val AUC improved to 0.9999, model saved
2026-09-02 10:22:48 | Epoch  20/100 | Train Loss 0.0159 Acc 0.9990 | Val Loss 0.0352 Acc 0.9916 AUC 0.9999 Pre 0.9916 Rec 0.9916
2026-09-02 10:22:52 | Epoch  21/100 | Train Loss 0.0179 Acc 0.9981 | Val Loss 0.0371 Acc 0.9911 AUC 0.9999 Pre 0.9911 Rec 0.9911
2026-09-02 10:22:57 | Epoch  22/100 | Train Loss 0.0157 Acc 0.9989 | Val Loss 0.0343 Acc 0.9926 AUC 0.9999 Pre 0.9926 Rec 0.9925
2026-09-02 10:22:57 |   Val AUC improved to 0.9999, model saved
2026-09-02 10:23:02 | Epoch  23/100 | Train Loss 0.0133 Acc 0.9995 | Val Loss 0.0340 Acc 0.9919 AUC 0.9999 Pre 0.9918 Rec 0.9919
2026-09-02 10:23:06 | Epoch  24/100 | Train Loss 0.0129 Acc 0.9994 | Val Loss 0.0340 Acc 0.9924 AUC 0.9999 Pre 0.9924 Rec 0.9923
2026-09-02 10:23:11 | Epoch  25/100 | Train Loss 0.0124 Acc 0.9994 | Val Loss 0.0325 Acc 0.9915 AUC 1.0000 Pre 0.9915 Rec 0.9914
2026-09-02 10:23:11 |   Val AUC improved to 1.0000, model saved
2026-09-02 10:23:16 | Epoch  26/100 | Train Loss 0.0122 Acc 0.9995 | Val Loss 0.0351 Acc 0.9915 AUC 0.9999 Pre 0.9915 Rec 0.9914
2026-09-02 10:23:21 | Epoch  27/100 | Train Loss 0.0121 Acc 0.9994 | Val Loss 0.0358 Acc 0.9921 AUC 0.9999 Pre 0.9921 Rec 0.9920
2026-09-02 10:23:25 | Epoch  28/100 | Train Loss 0.0120 Acc 0.9994 | Val Loss 0.0337 Acc 0.9925 AUC 0.9999 Pre 0.9925 Rec 0.9924
2026-09-02 10:23:30 | Epoch  29/100 | Train Loss 0.0137 Acc 0.9989 | Val Loss 0.0394 Acc 0.9912 AUC 0.9999 Pre 0.9911 Rec 0.9912
2026-09-02 10:23:35 | Epoch  30/100 | Train Loss 0.0138 Acc 0.9989 | Val Loss 0.0348 Acc 0.9926 AUC 0.9999 Pre 0.9925 Rec 0.9925
2026-09-02 10:23:39 | Epoch  31/100 | Train Loss 0.0136 Acc 0.9991 | Val Loss 0.0344 Acc 0.9926 AUC 0.9999 Pre 0.9925 Rec 0.9926
2026-09-02 10:23:44 | Epoch  32/100 | Train Loss 0.0122 Acc 0.9995 | Val Loss 0.0348 Acc 0.9920 AUC 0.9999 Pre 0.9920 Rec 0.9920
2026-09-02 10:23:49 | Epoch  33/100 | Train Loss 0.0112 Acc 0.9994 | Val Loss 0.0341 Acc 0.9922 AUC 0.9999 Pre 0.9921 Rec 0.9922
2026-09-02 10:23:54 | Epoch  34/100 | Train Loss 0.0125 Acc 0.9991 | Val Loss 0.0358 Acc 0.9919 AUC 0.9999 Pre 0.9919 Rec 0.9918
2026-09-02 10:23:59 | Epoch  35/100 | Train Loss 0.0135 Acc 0.9988 | Val Loss 0.0468 Acc 0.9898 AUC 0.9999 Pre 0.9895 Rec 0.9898
2026-09-02 10:23:59 | Val AUC did not improve for 10 consecutive epochs, early stopping at Epoch 35 (best AUC 1.0000 @ Epoch 25)
2026-09-02 10:23:59 | Run 1/5 | Test (best model @ Epoch 25) | Loss 0.0267 Acc 0.9938 AUC 1.0000 Pre 0.9938 Rec 0.9938
2026-09-02 10:23:59 | ===== Run 2/5 (seed 1) =====
2026-09-02 10:24:04 | Epoch   1/100 | Train Loss 0.4459 Acc 0.8837 | Val Loss 0.1092 Acc 0.9773 AUC 0.9995 Pre 0.9772 Rec 0.9774
2026-09-02 10:24:04 |   Val AUC improved to 0.9995, model saved
2026-09-02 10:24:09 | Epoch   2/100 | Train Loss 0.1079 Acc 0.9764 | Val Loss 0.0838 Acc 0.9803 AUC 0.9997 Pre 0.9804 Rec 0.9800
2026-09-02 10:24:09 |   Val AUC improved to 0.9997, model saved
2026-09-02 10:24:14 | Epoch   3/100 | Train Loss 0.0793 Acc 0.9843 | Val Loss 0.0624 Acc 0.9871 AUC 0.9998 Pre 0.9871 Rec 0.9870
2026-09-02 10:24:14 |   Val AUC improved to 0.9998, model saved
2026-09-02 10:24:18 | Epoch   4/100 | Train Loss 0.0638 Acc 0.9881 | Val Loss 0.0635 Acc 0.9858 AUC 0.9998 Pre 0.9858 Rec 0.9856
2026-09-02 10:24:18 |   Val AUC improved to 0.9998, model saved
2026-09-02 10:24:23 | Epoch   5/100 | Train Loss 0.0534 Acc 0.9904 | Val Loss 0.0525 Acc 0.9894 AUC 0.9999 Pre 0.9895 Rec 0.9893
2026-09-02 10:24:23 |   Val AUC improved to 0.9999, model saved
2026-09-02 10:24:28 | Epoch   6/100 | Train Loss 0.0473 Acc 0.9922 | Val Loss 0.0570 Acc 0.9881 AUC 0.9999 Pre 0.9883 Rec 0.9879
2026-09-02 10:24:32 | Epoch   7/100 | Train Loss 0.0416 Acc 0.9934 | Val Loss 0.0496 Acc 0.9883 AUC 0.9999 Pre 0.9881 Rec 0.9883
2026-09-02 10:24:32 |   Val AUC improved to 0.9999, model saved
2026-09-02 10:24:37 | Epoch   8/100 | Train Loss 0.0356 Acc 0.9948 | Val Loss 0.0457 Acc 0.9908 AUC 0.9999 Pre 0.9908 Rec 0.9907
2026-09-02 10:24:37 |   Val AUC improved to 0.9999, model saved
2026-09-02 10:24:42 | Epoch   9/100 | Train Loss 0.0323 Acc 0.9955 | Val Loss 0.0423 Acc 0.9901 AUC 0.9999 Pre 0.9900 Rec 0.9900
2026-09-02 10:24:42 |   Val AUC improved to 0.9999, model saved
2026-09-02 10:24:47 | Epoch  10/100 | Train Loss 0.0287 Acc 0.9965 | Val Loss 0.0424 Acc 0.9903 AUC 0.9999 Pre 0.9902 Rec 0.9902
2026-09-02 10:24:47 |   Val AUC improved to 0.9999, model saved
2026-09-02 10:24:51 | Epoch  11/100 | Train Loss 0.0276 Acc 0.9964 | Val Loss 0.0438 Acc 0.9904 AUC 0.9999 Pre 0.9904 Rec 0.9904
2026-09-02 10:24:56 | Epoch  12/100 | Train Loss 0.0242 Acc 0.9977 | Val Loss 0.0426 Acc 0.9908 AUC 0.9999 Pre 0.9907 Rec 0.9908
2026-09-02 10:25:01 | Epoch  13/100 | Train Loss 0.0232 Acc 0.9977 | Val Loss 0.0391 Acc 0.9914 AUC 0.9999 Pre 0.9913 Rec 0.9913
2026-09-02 10:25:01 |   Val AUC improved to 0.9999, model saved
2026-09-02 10:25:06 | Epoch  14/100 | Train Loss 0.0203 Acc 0.9984 | Val Loss 0.0394 Acc 0.9919 AUC 0.9999 Pre 0.9919 Rec 0.9919
2026-09-02 10:25:06 |   Val AUC improved to 0.9999, model saved
2026-09-02 10:25:11 | Epoch  15/100 | Train Loss 0.0201 Acc 0.9981 | Val Loss 0.0389 Acc 0.9914 AUC 0.9999 Pre 0.9913 Rec 0.9914
2026-09-02 10:25:16 | Epoch  16/100 | Train Loss 0.0190 Acc 0.9984 | Val Loss 0.0423 Acc 0.9909 AUC 0.9999 Pre 0.9908 Rec 0.9909
2026-09-02 10:25:21 | Epoch  17/100 | Train Loss 0.0175 Acc 0.9988 | Val Loss 0.0375 Acc 0.9923 AUC 0.9999 Pre 0.9923 Rec 0.9922
2026-09-02 10:25:26 | Epoch  18/100 | Train Loss 0.0166 Acc 0.9991 | Val Loss 0.0376 Acc 0.9907 AUC 0.9999 Pre 0.9906 Rec 0.9907
2026-09-02 10:25:31 | Epoch  19/100 | Train Loss 0.0154 Acc 0.9991 | Val Loss 0.0414 Acc 0.9903 AUC 0.9999 Pre 0.9902 Rec 0.9902
2026-09-02 10:25:36 | Epoch  20/100 | Train Loss 0.0165 Acc 0.9987 | Val Loss 0.0398 Acc 0.9914 AUC 0.9999 Pre 0.9913 Rec 0.9914
2026-09-02 10:25:40 | Epoch  21/100 | Train Loss 0.0149 Acc 0.9993 | Val Loss 0.0385 Acc 0.9913 AUC 0.9999 Pre 0.9913 Rec 0.9912
2026-09-02 10:25:45 | Epoch  22/100 | Train Loss 0.0158 Acc 0.9989 | Val Loss 0.0407 Acc 0.9914 AUC 0.9999 Pre 0.9914 Rec 0.9913
2026-09-02 10:25:49 | Epoch  23/100 | Train Loss 0.0156 Acc 0.9989 | Val Loss 0.0382 Acc 0.9920 AUC 0.9999 Pre 0.9920 Rec 0.9920
2026-09-02 10:25:53 | Epoch  24/100 | Train Loss 0.0135 Acc 0.9995 | Val Loss 0.0371 Acc 0.9915 AUC 0.9999 Pre 0.9915 Rec 0.9914
2026-09-02 10:25:53 | Val AUC did not improve for 10 consecutive epochs, early stopping at Epoch 24 (best AUC 0.9999 @ Epoch 14)
2026-09-02 10:25:54 | Run 2/5 | Test (best model @ Epoch 14) | Loss 0.0350 Acc 0.9922 AUC 1.0000 Pre 0.9922 Rec 0.9921
2026-09-02 10:25:54 | ===== Run 3/5 (seed 2) =====
2026-09-02 10:25:59 | Epoch   1/100 | Train Loss 0.4991 Acc 0.8661 | Val Loss 0.1211 Acc 0.9731 AUC 0.9994 Pre 0.9730 Rec 0.9731
2026-09-02 10:25:59 |   Val AUC improved to 0.9994, model saved
2026-09-02 10:26:04 | Epoch   2/100 | Train Loss 0.1159 Acc 0.9751 | Val Loss 0.0795 Acc 0.9829 AUC 0.9997 Pre 0.9829 Rec 0.9827
2026-09-02 10:26:04 |   Val AUC improved to 0.9997, model saved
2026-09-02 10:26:08 | Epoch   3/100 | Train Loss 0.0854 Acc 0.9822 | Val Loss 0.0654 Acc 0.9871 AUC 0.9998 Pre 0.9871 Rec 0.9870
2026-09-02 10:26:08 |   Val AUC improved to 0.9998, model saved
2026-09-02 10:26:12 | Epoch   4/100 | Train Loss 0.0686 Acc 0.9872 | Val Loss 0.0585 Acc 0.9886 AUC 0.9998 Pre 0.9886 Rec 0.9885
2026-09-02 10:26:12 |   Val AUC improved to 0.9998, model saved
2026-09-02 10:26:17 | Epoch   5/100 | Train Loss 0.0576 Acc 0.9892 | Val Loss 0.0537 Acc 0.9894 AUC 0.9999 Pre 0.9895 Rec 0.9892
2026-09-02 10:26:17 |   Val AUC improved to 0.9999, model saved
2026-09-02 10:26:22 | Epoch   6/100 | Train Loss 0.0493 Acc 0.9914 | Val Loss 0.0544 Acc 0.9883 AUC 0.9999 Pre 0.9882 Rec 0.9884
2026-09-02 10:26:27 | Epoch   7/100 | Train Loss 0.0433 Acc 0.9927 | Val Loss 0.0500 Acc 0.9892 AUC 0.9999 Pre 0.9892 Rec 0.9890
2026-09-02 10:26:27 |   Val AUC improved to 0.9999, model saved
2026-09-02 10:26:31 | Epoch   8/100 | Train Loss 0.0389 Acc 0.9937 | Val Loss 0.0498 Acc 0.9886 AUC 0.9999 Pre 0.9886 Rec 0.9884
2026-09-02 10:26:31 |   Val AUC improved to 0.9999, model saved
2026-09-02 10:26:36 | Epoch   9/100 | Train Loss 0.0355 Acc 0.9948 | Val Loss 0.0438 Acc 0.9903 AUC 0.9999 Pre 0.9903 Rec 0.9902
2026-09-02 10:26:36 |   Val AUC improved to 0.9999, model saved
2026-09-02 10:26:41 | Epoch  10/100 | Train Loss 0.0303 Acc 0.9958 | Val Loss 0.0403 Acc 0.9921 AUC 0.9999 Pre 0.9921 Rec 0.9920
2026-09-02 10:26:41 |   Val AUC improved to 0.9999, model saved
2026-09-02 10:26:46 | Epoch  11/100 | Train Loss 0.0287 Acc 0.9963 | Val Loss 0.0423 Acc 0.9910 AUC 0.9999 Pre 0.9909 Rec 0.9910
2026-09-02 10:26:51 | Epoch  12/100 | Train Loss 0.0261 Acc 0.9968 | Val Loss 0.0379 Acc 0.9918 AUC 0.9999 Pre 0.9918 Rec 0.9917
2026-09-02 10:26:51 |   Val AUC improved to 0.9999, model saved
2026-09-02 10:26:56 | Epoch  13/100 | Train Loss 0.0239 Acc 0.9974 | Val Loss 0.0426 Acc 0.9906 AUC 0.9999 Pre 0.9907 Rec 0.9904
2026-09-02 10:27:00 | Epoch  14/100 | Train Loss 0.0216 Acc 0.9979 | Val Loss 0.0399 Acc 0.9909 AUC 0.9999 Pre 0.9909 Rec 0.9908
2026-09-02 10:27:05 | Epoch  15/100 | Train Loss 0.0198 Acc 0.9984 | Val Loss 0.0381 Acc 0.9912 AUC 0.9999 Pre 0.9912 Rec 0.9912
2026-09-02 10:27:10 | Epoch  16/100 | Train Loss 0.0179 Acc 0.9988 | Val Loss 0.0364 Acc 0.9920 AUC 0.9999 Pre 0.9920 Rec 0.9920
2026-09-02 10:27:15 | Epoch  17/100 | Train Loss 0.0179 Acc 0.9985 | Val Loss 0.0388 Acc 0.9924 AUC 0.9999 Pre 0.9924 Rec 0.9924
2026-09-02 10:27:19 | Epoch  18/100 | Train Loss 0.0180 Acc 0.9987 | Val Loss 0.0369 Acc 0.9925 AUC 0.9999 Pre 0.9924 Rec 0.9926
2026-09-02 10:27:24 | Epoch  19/100 | Train Loss 0.0171 Acc 0.9987 | Val Loss 0.0347 Acc 0.9931 AUC 0.9999 Pre 0.9931 Rec 0.9930
2026-09-02 10:27:28 | Epoch  20/100 | Train Loss 0.0159 Acc 0.9990 | Val Loss 0.0375 Acc 0.9919 AUC 0.9999 Pre 0.9920 Rec 0.9918
2026-09-02 10:27:33 | Epoch  21/100 | Train Loss 0.0151 Acc 0.9991 | Val Loss 0.0366 Acc 0.9917 AUC 0.9999 Pre 0.9917 Rec 0.9916
2026-09-02 10:27:37 | Epoch  22/100 | Train Loss 0.0150 Acc 0.9991 | Val Loss 0.0361 Acc 0.9915 AUC 0.9999 Pre 0.9915 Rec 0.9914
2026-09-02 10:27:37 | Val AUC did not improve for 10 consecutive epochs, early stopping at Epoch 22 (best AUC 0.9999 @ Epoch 12)
2026-09-02 10:27:38 | Run 3/5 | Test (best model @ Epoch 12) | Loss 0.0324 Acc 0.9924 AUC 1.0000 Pre 0.9924 Rec 0.9923
2026-09-02 10:27:38 | ===== Run 4/5 (seed 3) =====
2026-09-02 10:27:42 | Epoch   1/100 | Train Loss 0.4624 Acc 0.8759 | Val Loss 0.1219 Acc 0.9722 AUC 0.9994 Pre 0.9724 Rec 0.9720
2026-09-02 10:27:42 |   Val AUC improved to 0.9994, model saved
2026-09-02 10:27:47 | Epoch   2/100 | Train Loss 0.1126 Acc 0.9762 | Val Loss 0.0781 Acc 0.9834 AUC 0.9998 Pre 0.9834 Rec 0.9832
2026-09-02 10:27:47 |   Val AUC improved to 0.9998, model saved
2026-09-02 10:27:52 | Epoch   3/100 | Train Loss 0.0825 Acc 0.9836 | Val Loss 0.0719 Acc 0.9840 AUC 0.9998 Pre 0.9840 Rec 0.9838
2026-09-02 10:27:52 |   Val AUC improved to 0.9998, model saved
2026-09-02 10:27:56 | Epoch   4/100 | Train Loss 0.0670 Acc 0.9872 | Val Loss 0.0596 Acc 0.9871 AUC 0.9999 Pre 0.9871 Rec 0.9869
2026-09-02 10:27:56 |   Val AUC improved to 0.9999, model saved
2026-09-02 10:28:01 | Epoch   5/100 | Train Loss 0.0557 Acc 0.9901 | Val Loss 0.0548 Acc 0.9884 AUC 0.9999 Pre 0.9885 Rec 0.9882
2026-09-02 10:28:01 |   Val AUC improved to 0.9999, model saved
2026-09-02 10:28:05 | Epoch   6/100 | Train Loss 0.0466 Acc 0.9920 | Val Loss 0.0466 Acc 0.9898 AUC 0.9999 Pre 0.9897 Rec 0.9897
2026-09-02 10:28:05 |   Val AUC improved to 0.9999, model saved
2026-09-02 10:28:09 | Epoch   7/100 | Train Loss 0.0414 Acc 0.9930 | Val Loss 0.0443 Acc 0.9909 AUC 0.9999 Pre 0.9909 Rec 0.9908
2026-09-02 10:28:09 |   Val AUC improved to 0.9999, model saved
2026-09-02 10:28:14 | Epoch   8/100 | Train Loss 0.0362 Acc 0.9948 | Val Loss 0.0441 Acc 0.9913 AUC 0.9999 Pre 0.9913 Rec 0.9912
2026-09-02 10:28:14 |   Val AUC improved to 0.9999, model saved
2026-09-02 10:28:19 | Epoch   9/100 | Train Loss 0.0311 Acc 0.9961 | Val Loss 0.0448 Acc 0.9900 AUC 0.9999 Pre 0.9901 Rec 0.9899
2026-09-02 10:28:24 | Epoch  10/100 | Train Loss 0.0289 Acc 0.9962 | Val Loss 0.0414 Acc 0.9908 AUC 0.9999 Pre 0.9908 Rec 0.9907
2026-09-02 10:28:29 | Epoch  11/100 | Train Loss 0.0265 Acc 0.9966 | Val Loss 0.0399 Acc 0.9909 AUC 0.9999 Pre 0.9907 Rec 0.9909
2026-09-02 10:28:29 |   Val AUC improved to 0.9999, model saved
2026-09-02 10:28:33 | Epoch  12/100 | Train Loss 0.0244 Acc 0.9973 | Val Loss 0.0376 Acc 0.9918 AUC 0.9999 Pre 0.9918 Rec 0.9918
2026-09-02 10:28:33 |   Val AUC improved to 0.9999, model saved
2026-09-02 10:28:38 | Epoch  13/100 | Train Loss 0.0232 Acc 0.9975 | Val Loss 0.0409 Acc 0.9913 AUC 0.9999 Pre 0.9912 Rec 0.9913
2026-09-02 10:28:43 | Epoch  14/100 | Train Loss 0.0223 Acc 0.9977 | Val Loss 0.0399 Acc 0.9912 AUC 0.9999 Pre 0.9911 Rec 0.9912
2026-09-02 10:28:47 | Epoch  15/100 | Train Loss 0.0219 Acc 0.9975 | Val Loss 0.0380 Acc 0.9921 AUC 0.9999 Pre 0.9921 Rec 0.9920
2026-09-02 10:28:52 | Epoch  16/100 | Train Loss 0.0192 Acc 0.9984 | Val Loss 0.0367 Acc 0.9922 AUC 0.9999 Pre 0.9922 Rec 0.9921
2026-09-02 10:28:57 | Epoch  17/100 | Train Loss 0.0168 Acc 0.9988 | Val Loss 0.0428 Acc 0.9904 AUC 0.9999 Pre 0.9905 Rec 0.9902
2026-09-02 10:29:01 | Epoch  18/100 | Train Loss 0.0173 Acc 0.9987 | Val Loss 0.0381 Acc 0.9910 AUC 0.9999 Pre 0.9911 Rec 0.9910
2026-09-02 10:29:06 | Epoch  19/100 | Train Loss 0.0156 Acc 0.9990 | Val Loss 0.0357 Acc 0.9926 AUC 0.9999 Pre 0.9926 Rec 0.9925
2026-09-02 10:29:11 | Epoch  20/100 | Train Loss 0.0150 Acc 0.9991 | Val Loss 0.0351 Acc 0.9926 AUC 0.9999 Pre 0.9926 Rec 0.9925
2026-09-02 10:29:16 | Epoch  21/100 | Train Loss 0.0152 Acc 0.9989 | Val Loss 0.0373 Acc 0.9926 AUC 0.9999 Pre 0.9926 Rec 0.9926
2026-09-02 10:29:20 | Epoch  22/100 | Train Loss 0.0145 Acc 0.9990 | Val Loss 0.0351 Acc 0.9922 AUC 0.9999 Pre 0.9922 Rec 0.9921
2026-09-02 10:29:20 | Val AUC did not improve for 10 consecutive epochs, early stopping at Epoch 22 (best AUC 0.9999 @ Epoch 12)
2026-09-02 10:29:21 | Run 4/5 | Test (best model @ Epoch 12) | Loss 0.0323 Acc 0.9928 AUC 1.0000 Pre 0.9927 Rec 0.9927
2026-09-02 10:29:21 | ===== Run 5/5 (seed 4) =====
2026-09-02 10:29:26 | Epoch   1/100 | Train Loss 0.4385 Acc 0.8844 | Val Loss 0.1122 Acc 0.9748 AUC 0.9994 Pre 0.9748 Rec 0.9746
2026-09-02 10:29:26 |   Val AUC improved to 0.9994, model saved
2026-09-02 10:29:30 | Epoch   2/100 | Train Loss 0.1095 Acc 0.9765 | Val Loss 0.0815 Acc 0.9825 AUC 0.9998 Pre 0.9827 Rec 0.9822
2026-09-02 10:29:30 |   Val AUC improved to 0.9998, model saved
2026-09-02 10:29:35 | Epoch   3/100 | Train Loss 0.0801 Acc 0.9841 | Val Loss 0.0659 Acc 0.9857 AUC 0.9998 Pre 0.9857 Rec 0.9856
2026-09-02 10:29:35 |   Val AUC improved to 0.9998, model saved
2026-09-02 10:29:40 | Epoch   4/100 | Train Loss 0.0638 Acc 0.9884 | Val Loss 0.0626 Acc 0.9852 AUC 0.9999 Pre 0.9852 Rec 0.9851
2026-09-02 10:29:40 |   Val AUC improved to 0.9999, model saved
2026-09-02 10:29:45 | Epoch   5/100 | Train Loss 0.0537 Acc 0.9907 | Val Loss 0.0539 Acc 0.9883 AUC 0.9999 Pre 0.9884 Rec 0.9882
2026-09-02 10:29:45 |   Val AUC improved to 0.9999, model saved
2026-09-02 10:29:49 | Epoch   6/100 | Train Loss 0.0468 Acc 0.9921 | Val Loss 0.0505 Acc 0.9888 AUC 0.9999 Pre 0.9887 Rec 0.9886
2026-09-02 10:29:54 | Epoch   7/100 | Train Loss 0.0395 Acc 0.9937 | Val Loss 0.0489 Acc 0.9886 AUC 0.9999 Pre 0.9885 Rec 0.9887
2026-09-02 10:29:59 | Epoch   8/100 | Train Loss 0.0360 Acc 0.9950 | Val Loss 0.0444 Acc 0.9905 AUC 0.9999 Pre 0.9904 Rec 0.9905
2026-09-02 10:29:59 |   Val AUC improved to 0.9999, model saved
2026-09-02 10:30:04 | Epoch   9/100 | Train Loss 0.0319 Acc 0.9957 | Val Loss 0.0420 Acc 0.9909 AUC 0.9999 Pre 0.9909 Rec 0.9909
2026-09-02 10:30:04 |   Val AUC improved to 0.9999, model saved
2026-09-02 10:30:09 | Epoch  10/100 | Train Loss 0.0301 Acc 0.9959 | Val Loss 0.0451 Acc 0.9904 AUC 0.9999 Pre 0.9903 Rec 0.9903
2026-09-02 10:30:14 | Epoch  11/100 | Train Loss 0.0258 Acc 0.9971 | Val Loss 0.0391 Acc 0.9902 AUC 0.9999 Pre 0.9903 Rec 0.9900
2026-09-02 10:30:18 | Epoch  12/100 | Train Loss 0.0244 Acc 0.9973 | Val Loss 0.0398 Acc 0.9908 AUC 0.9999 Pre 0.9907 Rec 0.9908
2026-09-02 10:30:23 | Epoch  13/100 | Train Loss 0.0224 Acc 0.9978 | Val Loss 0.0410 Acc 0.9909 AUC 0.9999 Pre 0.9908 Rec 0.9909
2026-09-02 10:30:28 | Epoch  14/100 | Train Loss 0.0204 Acc 0.9982 | Val Loss 0.0374 Acc 0.9914 AUC 1.0000 Pre 0.9914 Rec 0.9913
2026-09-02 10:30:28 |   Val AUC improved to 1.0000, model saved
2026-09-02 10:30:33 | Epoch  15/100 | Train Loss 0.0182 Acc 0.9987 | Val Loss 0.0380 Acc 0.9914 AUC 0.9999 Pre 0.9913 Rec 0.9913
2026-09-02 10:30:38 | Epoch  16/100 | Train Loss 0.0174 Acc 0.9988 | Val Loss 0.0341 Acc 0.9915 AUC 1.0000 Pre 0.9915 Rec 0.9914
2026-09-02 10:30:38 |   Val AUC improved to 1.0000, model saved
2026-09-02 10:30:42 | Epoch  17/100 | Train Loss 0.0171 Acc 0.9986 | Val Loss 0.0383 Acc 0.9925 AUC 0.9999 Pre 0.9926 Rec 0.9924
2026-09-02 10:30:47 | Epoch  18/100 | Train Loss 0.0163 Acc 0.9991 | Val Loss 0.0337 Acc 0.9927 AUC 0.9999 Pre 0.9927 Rec 0.9926
2026-09-02 10:30:52 | Epoch  19/100 | Train Loss 0.0157 Acc 0.9989 | Val Loss 0.0344 Acc 0.9927 AUC 1.0000 Pre 0.9927 Rec 0.9927
2026-09-02 10:30:52 |   Val AUC improved to 1.0000, model saved
2026-09-02 10:30:57 | Epoch  20/100 | Train Loss 0.0154 Acc 0.9991 | Val Loss 0.0351 Acc 0.9922 AUC 0.9999 Pre 0.9922 Rec 0.9921
2026-09-02 10:31:02 | Epoch  21/100 | Train Loss 0.0144 Acc 0.9993 | Val Loss 0.0338 Acc 0.9927 AUC 0.9999 Pre 0.9927 Rec 0.9926
2026-09-02 10:31:06 | Epoch  22/100 | Train Loss 0.0128 Acc 0.9996 | Val Loss 0.0336 Acc 0.9925 AUC 0.9999 Pre 0.9925 Rec 0.9924
2026-09-02 10:31:11 | Epoch  23/100 | Train Loss 0.0127 Acc 0.9994 | Val Loss 0.0325 Acc 0.9920 AUC 0.9999 Pre 0.9919 Rec 0.9920
2026-09-02 10:31:16 | Epoch  24/100 | Train Loss 0.0125 Acc 0.9994 | Val Loss 0.0324 Acc 0.9925 AUC 0.9999 Pre 0.9925 Rec 0.9924
2026-09-02 10:31:21 | Epoch  25/100 | Train Loss 0.0130 Acc 0.9994 | Val Loss 0.0343 Acc 0.9916 AUC 0.9999 Pre 0.9916 Rec 0.9916
2026-09-02 10:31:26 | Epoch  26/100 | Train Loss 0.0127 Acc 0.9993 | Val Loss 0.0339 Acc 0.9931 AUC 0.9999 Pre 0.9931 Rec 0.9931
2026-09-02 10:31:31 | Epoch  27/100 | Train Loss 0.0137 Acc 0.9990 | Val Loss 0.0425 Acc 0.9915 AUC 0.9999 Pre 0.9915 Rec 0.9915
2026-09-02 10:31:35 | Epoch  28/100 | Train Loss 0.0135 Acc 0.9992 | Val Loss 0.0382 Acc 0.9926 AUC 0.9999 Pre 0.9926 Rec 0.9926
2026-09-02 10:31:40 | Epoch  29/100 | Train Loss 0.0123 Acc 0.9993 | Val Loss 0.0336 Acc 0.9920 AUC 0.9999 Pre 0.9920 Rec 0.9919
2026-09-02 10:31:40 | Val AUC did not improve for 10 consecutive epochs, early stopping at Epoch 29 (best AUC 1.0000 @ Epoch 19)
2026-09-02 10:31:41 | Run 5/5 | Test (best model @ Epoch 19) | Loss 0.0349 Acc 0.9925 AUC 0.9999 Pre 0.9925 Rec 0.9925
2026-09-02 10:31:41 | Average over 5 runs | Test Loss 0.0322±0.0034 Acc 0.9927±0.0006 AUC 1.0000±0.0000 Pre 0.9927±0.0006 Rec 0.9927±0.0006
