2026-08-26 20:30:14 | Device: cuda
2026-08-26 20:30:14 | Args: {'model': 'svib', 'backbone': 'cnn', 'task': 'agedb', 'epochs': 100, 'batch_size': 512, 'lr': 0.001, 'hidden_dims': [512, 256], 'dropout': 0.2, 'z_dim': 256, 'anchor_scale': 4.0, 'max_len': 250, 'random_labels': False, 'beta': 0.01, 'patience': 10, 'runs': 5, 'seed': 0, 'data_dir': './data', 'save_path': 'output/agedb_cnn_svib/agedb_cnn_svib.pt', 'log_path': '/root/autodl-tmp/FGIB/tune_results/agedb_cnn_svib_beta_0.01/train.log', 'no_save': True}
2026-08-26 20:30:14 | AgeDB 图像：16488 张，年龄 1~101 岁
2026-08-26 20:30:14 | AgeDB 划分（60/20/20）：train 9892 / val 3298 / test 3298（共 16488 张）
2026-08-26 20:30:14 | AgeDB 预解码缓存命中：./data/agedb/agedb_64x64_uint8.npy
2026-08-26 20:30:14 | AgeDB 加载完成：9892/3298/3298（batch 512，RGB 64x64，ImageNet 归一化），年龄 MinMax 归一化到 [0,1]（1~101 岁）
2026-08-26 20:30:14 | ===== Run 1/5 (seed 0) =====
2026-08-26 20:30:21 | Epoch   1/100 | Train Loss 34.4756 | Val Loss 0.0484 MAE 15.4532 R2 -0.2844
2026-08-26 20:30:21 |   Val R2 improved to -0.2844, model saved
2026-08-26 20:30:22 | Epoch   2/100 | Train Loss 0.2874 | Val Loss 0.0365 MAE 14.1377 R2 -0.0972
2026-08-26 20:30:22 |   Val R2 improved to -0.0972, model saved
2026-08-26 20:30:24 | Epoch   3/100 | Train Loss 0.2580 | Val Loss 0.0336 MAE 12.8874 R2 0.1146
2026-08-26 20:30:24 |   Val R2 improved to 0.1146, model saved
2026-08-26 20:30:26 | Epoch   4/100 | Train Loss 0.2371 | Val Loss 0.0328 MAE 12.6243 R2 0.1427
2026-08-26 20:30:26 |   Val R2 improved to 0.1427, model saved
2026-08-26 20:30:28 | Epoch   5/100 | Train Loss 0.2179 | Val Loss 0.0325 MAE 12.6084 R2 0.1300
2026-08-26 20:30:30 | Epoch   6/100 | Train Loss 0.2081 | Val Loss 0.0333 MAE 12.9396 R2 0.0746
2026-08-26 20:30:31 | Epoch   7/100 | Train Loss 0.1905 | Val Loss 0.0322 MAE 12.6562 R2 0.1168
2026-08-26 20:30:33 | Epoch   8/100 | Train Loss 0.1829 | Val Loss 0.0309 MAE 12.1373 R2 0.1919
2026-08-26 20:30:33 |   Val R2 improved to 0.1919, model saved
2026-08-26 20:30:35 | Epoch   9/100 | Train Loss 0.1717 | Val Loss 0.0306 MAE 11.9074 R2 0.2217
2026-08-26 20:30:35 |   Val R2 improved to 0.2217, model saved
2026-08-26 20:30:37 | Epoch  10/100 | Train Loss 0.1619 | Val Loss 0.0305 MAE 12.0468 R2 0.1985
2026-08-26 20:30:38 | Epoch  11/100 | Train Loss 0.1504 | Val Loss 0.0301 MAE 12.1049 R2 0.1924
2026-08-26 20:30:40 | Epoch  12/100 | Train Loss 0.1476 | Val Loss 0.0299 MAE 11.5665 R2 0.2748
2026-08-26 20:30:40 |   Val R2 improved to 0.2748, model saved
2026-08-26 20:30:42 | Epoch  13/100 | Train Loss 0.1391 | Val Loss 0.0307 MAE 12.2729 R2 0.1677
2026-08-26 20:30:43 | Epoch  14/100 | Train Loss 0.1282 | Val Loss 0.0304 MAE 12.1234 R2 0.1888
2026-08-26 20:30:45 | Epoch  15/100 | Train Loss 0.1257 | Val Loss 0.0301 MAE 11.6018 R2 0.2698
2026-08-26 20:30:47 | Epoch  16/100 | Train Loss 0.1182 | Val Loss 0.0315 MAE 12.5623 R2 0.1279
2026-08-26 20:30:48 | Epoch  17/100 | Train Loss 0.1127 | Val Loss 0.0301 MAE 11.7537 R2 0.2419
2026-08-26 20:30:50 | Epoch  18/100 | Train Loss 0.1054 | Val Loss 0.0305 MAE 11.9807 R2 0.2104
2026-08-26 20:30:52 | Epoch  19/100 | Train Loss 0.1026 | Val Loss 0.0306 MAE 11.8060 R2 0.2338
2026-08-26 20:30:54 | Epoch  20/100 | Train Loss 0.0979 | Val Loss 0.0307 MAE 11.8404 R2 0.2282
2026-08-26 20:30:55 | Epoch  21/100 | Train Loss 0.0959 | Val Loss 0.0315 MAE 12.2593 R2 0.1700
2026-08-26 20:30:57 | Epoch  22/100 | Train Loss 0.0902 | Val Loss 0.0311 MAE 11.7875 R2 0.2349
2026-08-26 20:30:57 | Val R2 did not improve for 10 consecutive epochs, early stopping at Epoch 22 (best R2 0.2748 @ Epoch 12)
2026-08-26 20:30:57 | Run 1/5 | Test (best model @ Epoch 12) | Loss 0.0300 MAE 11.6961 R2 0.2897
2026-08-26 20:30:57 | ===== Run 2/5 (seed 1) =====
2026-08-26 20:30:59 | Epoch   1/100 | Train Loss 72.5460 | Val Loss 0.0616 MAE 17.3221 R2 -0.6652
2026-08-26 20:30:59 |   Val R2 improved to -0.6652, model saved
2026-08-26 20:31:01 | Epoch   2/100 | Train Loss 0.3298 | Val Loss 0.0420 MAE 15.0573 R2 -0.2512
2026-08-26 20:31:01 |   Val R2 improved to -0.2512, model saved
2026-08-26 20:31:03 | Epoch   3/100 | Train Loss 0.2998 | Val Loss 0.0369 MAE 14.0184 R2 -0.0773
2026-08-26 20:31:03 |   Val R2 improved to -0.0773, model saved
2026-08-26 20:31:04 | Epoch   4/100 | Train Loss 0.2912 | Val Loss 0.0370 MAE 13.9587 R2 -0.0718
2026-08-26 20:31:04 |   Val R2 improved to -0.0718, model saved
2026-08-26 20:31:06 | Epoch   5/100 | Train Loss 0.2755 | Val Loss 0.0354 MAE 13.3717 R2 0.0195
2026-08-26 20:31:06 |   Val R2 improved to 0.0195, model saved
2026-08-26 20:31:08 | Epoch   6/100 | Train Loss 0.2627 | Val Loss 0.0349 MAE 13.1597 R2 0.0509
2026-08-26 20:31:08 |   Val R2 improved to 0.0509, model saved
2026-08-26 20:31:09 | Epoch   7/100 | Train Loss 0.2515 | Val Loss 0.0390 MAE 14.5085 R2 -0.1568
2026-08-26 20:31:11 | Epoch   8/100 | Train Loss 0.2381 | Val Loss 0.0369 MAE 13.8835 R2 -0.0655
2026-08-26 20:31:13 | Epoch   9/100 | Train Loss 0.2270 | Val Loss 0.0354 MAE 13.4689 R2 -0.0017
2026-08-26 20:31:14 | Epoch  10/100 | Train Loss 0.2170 | Val Loss 0.0359 MAE 13.6345 R2 -0.0280
2026-08-26 20:31:16 | Epoch  11/100 | Train Loss 0.2082 | Val Loss 0.0345 MAE 13.2007 R2 0.0364
2026-08-26 20:31:18 | Epoch  12/100 | Train Loss 0.1990 | Val Loss 0.0333 MAE 12.8797 R2 0.0871
2026-08-26 20:31:18 |   Val R2 improved to 0.0871, model saved
2026-08-26 20:31:20 | Epoch  13/100 | Train Loss 0.1899 | Val Loss 0.0332 MAE 12.9462 R2 0.0752
2026-08-26 20:31:21 | Epoch  14/100 | Train Loss 0.1774 | Val Loss 0.0333 MAE 13.1041 R2 0.0500
2026-08-26 20:31:23 | Epoch  15/100 | Train Loss 0.1758 | Val Loss 0.0341 MAE 13.3999 R2 0.0043
2026-08-26 20:31:25 | Epoch  16/100 | Train Loss 0.1663 | Val Loss 0.0337 MAE 13.3106 R2 0.0176
2026-08-26 20:31:27 | Epoch  17/100 | Train Loss 0.1596 | Val Loss 0.0344 MAE 13.5277 R2 -0.0156
2026-08-26 20:31:28 | Epoch  18/100 | Train Loss 0.1530 | Val Loss 0.0327 MAE 13.0338 R2 0.0577
2026-08-26 20:31:30 | Epoch  19/100 | Train Loss 0.1483 | Val Loss 0.0336 MAE 13.3653 R2 0.0104
2026-08-26 20:31:32 | Epoch  20/100 | Train Loss 0.1425 | Val Loss 0.0315 MAE 12.6896 R2 0.1088
2026-08-26 20:31:32 |   Val R2 improved to 0.1088, model saved
2026-08-26 20:31:33 | Epoch  21/100 | Train Loss 0.1391 | Val Loss 0.0311 MAE 12.5663 R2 0.1262
2026-08-26 20:31:33 |   Val R2 improved to 0.1262, model saved
2026-08-26 20:31:35 | Epoch  22/100 | Train Loss 0.1337 | Val Loss 0.0320 MAE 12.9362 R2 0.0710
2026-08-26 20:31:37 | Epoch  23/100 | Train Loss 0.1293 | Val Loss 0.0315 MAE 12.7391 R2 0.1001
2026-08-26 20:31:38 | Epoch  24/100 | Train Loss 0.1212 | Val Loss 0.0308 MAE 12.5409 R2 0.1298
2026-08-26 20:31:38 |   Val R2 improved to 0.1298, model saved
2026-08-26 20:31:40 | Epoch  25/100 | Train Loss 0.1174 | Val Loss 0.0308 MAE 12.5497 R2 0.1275
2026-08-26 20:31:42 | Epoch  26/100 | Train Loss 0.1133 | Val Loss 0.0306 MAE 12.5085 R2 0.1329
2026-08-26 20:31:42 |   Val R2 improved to 0.1329, model saved
2026-08-26 20:31:43 | Epoch  27/100 | Train Loss 0.1083 | Val Loss 0.0303 MAE 12.4225 R2 0.1458
2026-08-26 20:31:43 |   Val R2 improved to 0.1458, model saved
2026-08-26 20:31:45 | Epoch  28/100 | Train Loss 0.1059 | Val Loss 0.0305 MAE 12.5188 R2 0.1318
2026-08-26 20:31:47 | Epoch  29/100 | Train Loss 0.1048 | Val Loss 0.0314 MAE 12.8517 R2 0.0834
2026-08-26 20:31:49 | Epoch  30/100 | Train Loss 0.0957 | Val Loss 0.0308 MAE 12.6580 R2 0.1117
2026-08-26 20:31:50 | Epoch  31/100 | Train Loss 0.0940 | Val Loss 0.0314 MAE 12.8599 R2 0.0823
2026-08-26 20:31:52 | Epoch  32/100 | Train Loss 0.0906 | Val Loss 0.0297 MAE 12.2072 R2 0.1787
2026-08-26 20:31:52 |   Val R2 improved to 0.1787, model saved
2026-08-26 20:31:54 | Epoch  33/100 | Train Loss 0.0890 | Val Loss 0.0302 MAE 12.4634 R2 0.1393
2026-08-26 20:31:55 | Epoch  34/100 | Train Loss 0.0859 | Val Loss 0.0305 MAE 12.5794 R2 0.1230
2026-08-26 20:31:57 | Epoch  35/100 | Train Loss 0.0830 | Val Loss 0.0306 MAE 12.6334 R2 0.1152
2026-08-26 20:31:59 | Epoch  36/100 | Train Loss 0.0805 | Val Loss 0.0307 MAE 12.6940 R2 0.1067
2026-08-26 20:32:00 | Epoch  37/100 | Train Loss 0.0764 | Val Loss 0.0311 MAE 12.8497 R2 0.0832
2026-08-26 20:32:02 | Epoch  38/100 | Train Loss 0.0762 | Val Loss 0.0307 MAE 12.7462 R2 0.0985
2026-08-26 20:32:04 | Epoch  39/100 | Train Loss 0.0718 | Val Loss 0.0303 MAE 12.5914 R2 0.1233
2026-08-26 20:32:05 | Epoch  40/100 | Train Loss 0.0701 | Val Loss 0.0300 MAE 12.5498 R2 0.1296
2026-08-26 20:32:07 | Epoch  41/100 | Train Loss 0.0685 | Val Loss 0.0301 MAE 12.6304 R2 0.1168
2026-08-26 20:32:09 | Epoch  42/100 | Train Loss 0.0656 | Val Loss 0.0297 MAE 12.5264 R2 0.1331
2026-08-26 20:32:09 | Val R2 did not improve for 10 consecutive epochs, early stopping at Epoch 42 (best R2 0.1787 @ Epoch 32)
2026-08-26 20:32:09 | Run 2/5 | Test (best model @ Epoch 32) | Loss 0.0292 MAE 12.2016 R2 0.2181
2026-08-26 20:32:09 | ===== Run 3/5 (seed 2) =====
2026-08-26 20:32:11 | Epoch   1/100 | Train Loss 32.9762 | Val Loss 0.0573 MAE 16.9392 R2 -0.5684
2026-08-26 20:32:11 |   Val R2 improved to -0.5684, model saved
2026-08-26 20:32:12 | Epoch   2/100 | Train Loss 0.3360 | Val Loss 0.0416 MAE 14.7647 R2 -0.1932
2026-08-26 20:32:12 |   Val R2 improved to -0.1932, model saved
2026-08-26 20:32:14 | Epoch   3/100 | Train Loss 0.2969 | Val Loss 0.0405 MAE 14.5171 R2 -0.1547
2026-08-26 20:32:14 |   Val R2 improved to -0.1547, model saved
2026-08-26 20:32:16 | Epoch   4/100 | Train Loss 0.2854 | Val Loss 0.0383 MAE 13.6044 R2 -0.0157
2026-08-26 20:32:16 |   Val R2 improved to -0.0157, model saved
2026-08-26 20:32:17 | Epoch   5/100 | Train Loss 0.2821 | Val Loss 0.0388 MAE 13.6853 R2 -0.0341
2026-08-26 20:32:19 | Epoch   6/100 | Train Loss 0.2491 | Val Loss 0.0378 MAE 13.3627 R2 0.0127
2026-08-26 20:32:19 |   Val R2 improved to 0.0127, model saved
2026-08-26 20:32:21 | Epoch   7/100 | Train Loss 0.2445 | Val Loss 0.0368 MAE 13.1448 R2 0.0440
2026-08-26 20:32:21 |   Val R2 improved to 0.0440, model saved
2026-08-26 20:32:23 | Epoch   8/100 | Train Loss 0.2334 | Val Loss 0.0364 MAE 13.0194 R2 0.0651
2026-08-26 20:32:23 |   Val R2 improved to 0.0651, model saved
2026-08-26 20:32:25 | Epoch   9/100 | Train Loss 0.2173 | Val Loss 0.0359 MAE 12.9000 R2 0.0799
2026-08-26 20:32:25 |   Val R2 improved to 0.0799, model saved
2026-08-26 20:32:26 | Epoch  10/100 | Train Loss 0.2022 | Val Loss 0.0353 MAE 12.8789 R2 0.0828
2026-08-26 20:32:26 |   Val R2 improved to 0.0828, model saved
2026-08-26 20:32:28 | Epoch  11/100 | Train Loss 0.1958 | Val Loss 0.0356 MAE 13.0657 R2 0.0560
2026-08-26 20:32:30 | Epoch  12/100 | Train Loss 0.1897 | Val Loss 0.0359 MAE 13.2147 R2 0.0355
2026-08-26 20:32:31 | Epoch  13/100 | Train Loss 0.1767 | Val Loss 0.0343 MAE 12.5285 R2 0.1380
2026-08-26 20:32:31 |   Val R2 improved to 0.1380, model saved
2026-08-26 20:32:33 | Epoch  14/100 | Train Loss 0.1691 | Val Loss 0.0353 MAE 13.0459 R2 0.0572
2026-08-26 20:32:34 | Epoch  15/100 | Train Loss 0.1615 | Val Loss 0.0357 MAE 13.2854 R2 0.0260
2026-08-26 20:32:36 | Epoch  16/100 | Train Loss 0.1552 | Val Loss 0.0342 MAE 12.6650 R2 0.1139
2026-08-26 20:32:38 | Epoch  17/100 | Train Loss 0.1473 | Val Loss 0.0342 MAE 12.6629 R2 0.1137
2026-08-26 20:32:40 | Epoch  18/100 | Train Loss 0.1409 | Val Loss 0.0350 MAE 13.0415 R2 0.0604
2026-08-26 20:32:41 | Epoch  19/100 | Train Loss 0.1364 | Val Loss 0.0349 MAE 12.9876 R2 0.0697
2026-08-26 20:32:43 | Epoch  20/100 | Train Loss 0.1310 | Val Loss 0.0355 MAE 13.1647 R2 0.0423
2026-08-26 20:32:44 | Epoch  21/100 | Train Loss 0.1258 | Val Loss 0.0352 MAE 13.0392 R2 0.0616
2026-08-26 20:32:46 | Epoch  22/100 | Train Loss 0.1232 | Val Loss 0.0352 MAE 12.9947 R2 0.0698
2026-08-26 20:32:48 | Epoch  23/100 | Train Loss 0.1147 | Val Loss 0.0369 MAE 13.6559 R2 -0.0266
2026-08-26 20:32:48 | Val R2 did not improve for 10 consecutive epochs, early stopping at Epoch 23 (best R2 0.1380 @ Epoch 13)
2026-08-26 20:32:48 | Run 3/5 | Test (best model @ Epoch 13) | Loss 0.0332 MAE 12.3899 R2 0.1973
2026-08-26 20:32:48 | ===== Run 4/5 (seed 3) =====
2026-08-26 20:32:50 | Epoch   1/100 | Train Loss 21.3378 | Val Loss 0.0563 MAE 16.5160 R2 -0.5314
2026-08-26 20:32:50 |   Val R2 improved to -0.5314, model saved
2026-08-26 20:32:52 | Epoch   2/100 | Train Loss 0.3267 | Val Loss 0.0394 MAE 14.3159 R2 -0.1384
2026-08-26 20:32:52 |   Val R2 improved to -0.1384, model saved
2026-08-26 20:32:53 | Epoch   3/100 | Train Loss 0.2937 | Val Loss 0.0379 MAE 13.9840 R2 -0.0866
2026-08-26 20:32:53 |   Val R2 improved to -0.0866, model saved
2026-08-26 20:32:55 | Epoch   4/100 | Train Loss 0.2665 | Val Loss 0.0354 MAE 12.8128 R2 0.1041
2026-08-26 20:32:55 |   Val R2 improved to 0.1041, model saved
2026-08-26 20:32:57 | Epoch   5/100 | Train Loss 0.2437 | Val Loss 0.0357 MAE 12.7950 R2 0.1044
2026-08-26 20:32:57 |   Val R2 improved to 0.1044, model saved
2026-08-26 20:32:58 | Epoch   6/100 | Train Loss 0.2337 | Val Loss 0.0354 MAE 12.6904 R2 0.1187
2026-08-26 20:32:58 |   Val R2 improved to 0.1187, model saved
2026-08-26 20:33:00 | Epoch   7/100 | Train Loss 0.2164 | Val Loss 0.0360 MAE 13.0850 R2 0.0539
2026-08-26 20:33:02 | Epoch   8/100 | Train Loss 0.2096 | Val Loss 0.0344 MAE 12.3196 R2 0.1762
2026-08-26 20:33:02 |   Val R2 improved to 0.1762, model saved
2026-08-26 20:33:04 | Epoch   9/100 | Train Loss 0.1985 | Val Loss 0.0342 MAE 12.4897 R2 0.1445
2026-08-26 20:33:05 | Epoch  10/100 | Train Loss 0.1855 | Val Loss 0.0342 MAE 12.5481 R2 0.1330
2026-08-26 20:33:07 | Epoch  11/100 | Train Loss 0.1737 | Val Loss 0.0351 MAE 13.0356 R2 0.0596
2026-08-26 20:33:08 | Epoch  12/100 | Train Loss 0.1662 | Val Loss 0.0339 MAE 12.6634 R2 0.1142
2026-08-26 20:33:10 | Epoch  13/100 | Train Loss 0.1562 | Val Loss 0.0340 MAE 12.7129 R2 0.1070
2026-08-26 20:33:12 | Epoch  14/100 | Train Loss 0.1487 | Val Loss 0.0341 MAE 12.7869 R2 0.0956
2026-08-26 20:33:14 | Epoch  15/100 | Train Loss 0.1376 | Val Loss 0.0344 MAE 12.9326 R2 0.0751
2026-08-26 20:33:15 | Epoch  16/100 | Train Loss 0.1339 | Val Loss 0.0350 MAE 13.1634 R2 0.0422
2026-08-26 20:33:17 | Epoch  17/100 | Train Loss 0.1249 | Val Loss 0.0336 MAE 12.3414 R2 0.1598
2026-08-26 20:33:19 | Epoch  18/100 | Train Loss 0.1223 | Val Loss 0.0338 MAE 12.3608 R2 0.1573
2026-08-26 20:33:19 | Val R2 did not improve for 10 consecutive epochs, early stopping at Epoch 18 (best R2 0.1762 @ Epoch 8)
2026-08-26 20:33:19 | Run 4/5 | Test (best model @ Epoch 8) | Loss 0.0339 MAE 12.3048 R2 0.2147
2026-08-26 20:33:19 | ===== Run 5/5 (seed 4) =====
2026-08-26 20:33:21 | Epoch   1/100 | Train Loss 14.9276 | Val Loss 0.2614 MAE 48.1083 R2 -7.8579
2026-08-26 20:33:21 |   Val R2 improved to -7.8579, model saved
2026-08-26 20:33:23 | Epoch   2/100 | Train Loss 0.4926 | Val Loss 0.2304 MAE 44.7652 R2 -6.8079
2026-08-26 20:33:23 |   Val R2 improved to -6.8079, model saved
2026-08-26 20:33:24 | Epoch   3/100 | Train Loss 0.4367 | Val Loss 0.1984 MAE 41.0192 R2 -5.7201
2026-08-26 20:33:24 |   Val R2 improved to -5.7201, model saved
2026-08-26 20:33:26 | Epoch   4/100 | Train Loss 0.4017 | Val Loss 0.1691 MAE 37.2417 R2 -4.7177
2026-08-26 20:33:26 |   Val R2 improved to -4.7177, model saved
2026-08-26 20:33:28 | Epoch   5/100 | Train Loss 0.3596 | Val Loss 0.1421 MAE 33.3750 R2 -3.7900
2026-08-26 20:33:28 |   Val R2 improved to -3.7900, model saved
2026-08-26 20:33:29 | Epoch   6/100 | Train Loss 0.3139 | Val Loss 0.1169 MAE 29.3237 R2 -2.9175
2026-08-26 20:33:29 |   Val R2 improved to -2.9175, model saved
2026-08-26 20:33:31 | Epoch   7/100 | Train Loss 0.2842 | Val Loss 0.0950 MAE 25.3514 R2 -2.1422
2026-08-26 20:33:31 |   Val R2 improved to -2.1422, model saved
2026-08-26 20:33:33 | Epoch   8/100 | Train Loss 0.2466 | Val Loss 0.0780 MAE 21.9436 R2 -1.5147
2026-08-26 20:33:33 |   Val R2 improved to -1.5147, model saved
2026-08-26 20:33:34 | Epoch   9/100 | Train Loss 0.2248 | Val Loss 0.0672 MAE 19.5261 R2 -1.0792
2026-08-26 20:33:34 |   Val R2 improved to -1.0792, model saved
2026-08-26 20:33:36 | Epoch  10/100 | Train Loss 0.2132 | Val Loss 0.0622 MAE 18.2194 R2 -0.8415
2026-08-26 20:33:36 |   Val R2 improved to -0.8415, model saved
2026-08-26 20:33:38 | Epoch  11/100 | Train Loss 0.1994 | Val Loss 0.0602 MAE 17.6042 R2 -0.7279
2026-08-26 20:33:38 |   Val R2 improved to -0.7279, model saved
2026-08-26 20:33:40 | Epoch  12/100 | Train Loss 0.1811 | Val Loss 0.0596 MAE 17.4004 R2 -0.6911
2026-08-26 20:33:40 |   Val R2 improved to -0.6911, model saved
2026-08-26 20:33:41 | Epoch  13/100 | Train Loss 0.1735 | Val Loss 0.0592 MAE 17.2836 R2 -0.6708
2026-08-26 20:33:41 |   Val R2 improved to -0.6708, model saved
2026-08-26 20:33:43 | Epoch  14/100 | Train Loss 0.1578 | Val Loss 0.0579 MAE 17.0198 R2 -0.6225
2026-08-26 20:33:43 |   Val R2 improved to -0.6225, model saved
2026-08-26 20:33:45 | Epoch  15/100 | Train Loss 0.1541 | Val Loss 0.0562 MAE 16.7257 R2 -0.5683
2026-08-26 20:33:45 |   Val R2 improved to -0.5683, model saved
2026-08-26 20:33:46 | Epoch  16/100 | Train Loss 0.1435 | Val Loss 0.0550 MAE 16.5168 R2 -0.5303
2026-08-26 20:33:46 |   Val R2 improved to -0.5303, model saved
2026-08-26 20:33:48 | Epoch  17/100 | Train Loss 0.1350 | Val Loss 0.0557 MAE 16.6661 R2 -0.5607
2026-08-26 20:33:50 | Epoch  18/100 | Train Loss 0.1281 | Val Loss 0.0548 MAE 16.5098 R2 -0.5325
2026-08-26 20:33:51 | Epoch  19/100 | Train Loss 0.1190 | Val Loss 0.0531 MAE 16.2136 R2 -0.4783
2026-08-26 20:33:51 |   Val R2 improved to -0.4783, model saved
2026-08-26 20:33:53 | Epoch  20/100 | Train Loss 0.1145 | Val Loss 0.0525 MAE 16.1660 R2 -0.4707
2026-08-26 20:33:53 |   Val R2 improved to -0.4707, model saved
2026-08-26 20:33:55 | Epoch  21/100 | Train Loss 0.1108 | Val Loss 0.0515 MAE 15.9821 R2 -0.4370
2026-08-26 20:33:55 |   Val R2 improved to -0.4370, model saved
2026-08-26 20:33:56 | Epoch  22/100 | Train Loss 0.1054 | Val Loss 0.0508 MAE 15.8475 R2 -0.4125
2026-08-26 20:33:56 |   Val R2 improved to -0.4125, model saved
2026-08-26 20:33:58 | Epoch  23/100 | Train Loss 0.1011 | Val Loss 0.0501 MAE 15.7623 R2 -0.3974
2026-08-26 20:33:58 |   Val R2 improved to -0.3974, model saved
2026-08-26 20:34:00 | Epoch  24/100 | Train Loss 0.0976 | Val Loss 0.0496 MAE 15.7032 R2 -0.3871
2026-08-26 20:34:00 |   Val R2 improved to -0.3871, model saved
2026-08-26 20:34:02 | Epoch  25/100 | Train Loss 0.0912 | Val Loss 0.0489 MAE 15.6167 R2 -0.3716
2026-08-26 20:34:02 |   Val R2 improved to -0.3716, model saved
2026-08-26 20:34:03 | Epoch  26/100 | Train Loss 0.0895 | Val Loss 0.0487 MAE 15.6284 R2 -0.3745
2026-08-26 20:34:05 | Epoch  27/100 | Train Loss 0.0876 | Val Loss 0.0472 MAE 15.3654 R2 -0.3254
2026-08-26 20:34:05 |   Val R2 improved to -0.3254, model saved
2026-08-26 20:34:07 | Epoch  28/100 | Train Loss 0.0807 | Val Loss 0.0466 MAE 15.2899 R2 -0.3118
2026-08-26 20:34:07 |   Val R2 improved to -0.3118, model saved
2026-08-26 20:34:08 | Epoch  29/100 | Train Loss 0.0789 | Val Loss 0.0461 MAE 15.2508 R2 -0.3050
2026-08-26 20:34:08 |   Val R2 improved to -0.3050, model saved
2026-08-26 20:34:10 | Epoch  30/100 | Train Loss 0.0766 | Val Loss 0.0456 MAE 15.2046 R2 -0.2969
2026-08-26 20:34:10 |   Val R2 improved to -0.2969, model saved
2026-08-26 20:34:12 | Epoch  31/100 | Train Loss 0.0738 | Val Loss 0.0446 MAE 15.0378 R2 -0.2653
2026-08-26 20:34:12 |   Val R2 improved to -0.2653, model saved
2026-08-26 20:34:13 | Epoch  32/100 | Train Loss 0.0714 | Val Loss 0.0443 MAE 15.0273 R2 -0.2638
2026-08-26 20:34:13 |   Val R2 improved to -0.2638, model saved
2026-08-26 20:34:15 | Epoch  33/100 | Train Loss 0.0696 | Val Loss 0.0439 MAE 14.9757 R2 -0.2543
2026-08-26 20:34:15 |   Val R2 improved to -0.2543, model saved
2026-08-26 20:34:17 | Epoch  34/100 | Train Loss 0.0680 | Val Loss 0.0432 MAE 14.9028 R2 -0.2405
2026-08-26 20:34:17 |   Val R2 improved to -0.2405, model saved
2026-08-26 20:34:18 | Epoch  35/100 | Train Loss 0.0651 | Val Loss 0.0423 MAE 14.7686 R2 -0.2146
2026-08-26 20:34:18 |   Val R2 improved to -0.2146, model saved
2026-08-26 20:34:20 | Epoch  36/100 | Train Loss 0.0621 | Val Loss 0.0419 MAE 14.7332 R2 -0.2081
2026-08-26 20:34:20 |   Val R2 improved to -0.2081, model saved
2026-08-26 20:34:22 | Epoch  37/100 | Train Loss 0.0613 | Val Loss 0.0414 MAE 14.6805 R2 -0.1982
2026-08-26 20:34:22 |   Val R2 improved to -0.1982, model saved
2026-08-26 20:34:24 | Epoch  38/100 | Train Loss 0.0597 | Val Loss 0.0406 MAE 14.5825 R2 -0.1785
2026-08-26 20:34:24 |   Val R2 improved to -0.1785, model saved
2026-08-26 20:34:25 | Epoch  39/100 | Train Loss 0.0582 | Val Loss 0.0403 MAE 14.5513 R2 -0.1721
2026-08-26 20:34:25 |   Val R2 improved to -0.1721, model saved
2026-08-26 20:34:27 | Epoch  40/100 | Train Loss 0.0570 | Val Loss 0.0401 MAE 14.5619 R2 -0.1740
2026-08-26 20:34:29 | Epoch  41/100 | Train Loss 0.0558 | Val Loss 0.0396 MAE 14.5104 R2 -0.1631
2026-08-26 20:34:29 |   Val R2 improved to -0.1631, model saved
2026-08-26 20:34:30 | Epoch  42/100 | Train Loss 0.0533 | Val Loss 0.0389 MAE 14.4179 R2 -0.1437
2026-08-26 20:34:30 |   Val R2 improved to -0.1437, model saved
2026-08-26 20:34:32 | Epoch  43/100 | Train Loss 0.0518 | Val Loss 0.0387 MAE 14.4293 R2 -0.1455
2026-08-26 20:34:34 | Epoch  44/100 | Train Loss 0.0507 | Val Loss 0.0381 MAE 14.3476 R2 -0.1277
2026-08-26 20:34:34 |   Val R2 improved to -0.1277, model saved
2026-08-26 20:34:36 | Epoch  45/100 | Train Loss 0.0502 | Val Loss 0.0376 MAE 14.2968 R2 -0.1161
2026-08-26 20:34:36 |   Val R2 improved to -0.1161, model saved
2026-08-26 20:34:37 | Epoch  46/100 | Train Loss 0.0496 | Val Loss 0.0375 MAE 14.3141 R2 -0.1185
2026-08-26 20:34:39 | Epoch  47/100 | Train Loss 0.0478 | Val Loss 0.0373 MAE 14.3232 R2 -0.1192
2026-08-26 20:34:41 | Epoch  48/100 | Train Loss 0.0466 | Val Loss 0.0368 MAE 14.2616 R2 -0.1046
2026-08-26 20:34:41 |   Val R2 improved to -0.1046, model saved
2026-08-26 20:34:42 | Epoch  49/100 | Train Loss 0.0461 | Val Loss 0.0364 MAE 14.2379 R2 -0.0981
2026-08-26 20:34:42 |   Val R2 improved to -0.0981, model saved
2026-08-26 20:34:44 | Epoch  50/100 | Train Loss 0.0447 | Val Loss 0.0358 MAE 14.1804 R2 -0.0836
2026-08-26 20:34:44 |   Val R2 improved to -0.0836, model saved
2026-08-26 20:34:46 | Epoch  51/100 | Train Loss 0.0439 | Val Loss 0.0355 MAE 14.1691 R2 -0.0794
2026-08-26 20:34:46 |   Val R2 improved to -0.0794, model saved
2026-08-26 20:34:47 | Epoch  52/100 | Train Loss 0.0429 | Val Loss 0.0353 MAE 14.1609 R2 -0.0755
2026-08-26 20:34:47 |   Val R2 improved to -0.0755, model saved
2026-08-26 20:34:49 | Epoch  53/100 | Train Loss 0.0415 | Val Loss 0.0348 MAE 14.1278 R2 -0.0661
2026-08-26 20:34:49 |   Val R2 improved to -0.0661, model saved
2026-08-26 20:34:51 | Epoch  54/100 | Train Loss 0.0418 | Val Loss 0.0349 MAE 14.1638 R2 -0.0726
2026-08-26 20:34:53 | Epoch  55/100 | Train Loss 0.0405 | Val Loss 0.0344 MAE 14.1198 R2 -0.0603
2026-08-26 20:34:53 |   Val R2 improved to -0.0603, model saved
2026-08-26 20:34:55 | Epoch  56/100 | Train Loss 0.0397 | Val Loss 0.0339 MAE 14.0872 R2 -0.0505
2026-08-26 20:34:55 |   Val R2 improved to -0.0505, model saved
2026-08-26 20:34:56 | Epoch  57/100 | Train Loss 0.0390 | Val Loss 0.0338 MAE 14.0958 R2 -0.0507
2026-08-26 20:34:58 | Epoch  58/100 | Train Loss 0.0385 | Val Loss 0.0334 MAE 14.0737 R2 -0.0433
2026-08-26 20:34:58 |   Val R2 improved to -0.0433, model saved
2026-08-26 20:34:59 | Epoch  59/100 | Train Loss 0.0381 | Val Loss 0.0333 MAE 14.0767 R2 -0.0424
2026-08-26 20:34:59 |   Val R2 improved to -0.0424, model saved
2026-08-26 20:35:01 | Epoch  60/100 | Train Loss 0.0374 | Val Loss 0.0331 MAE 14.0789 R2 -0.0408
2026-08-26 20:35:01 |   Val R2 improved to -0.0408, model saved
2026-08-26 20:35:03 | Epoch  61/100 | Train Loss 0.0372 | Val Loss 0.0328 MAE 14.0596 R2 -0.0342
2026-08-26 20:35:03 |   Val R2 improved to -0.0342, model saved
2026-08-26 20:35:05 | Epoch  62/100 | Train Loss 0.0363 | Val Loss 0.0325 MAE 14.0359 R2 -0.0261
2026-08-26 20:35:05 |   Val R2 improved to -0.0261, model saved
2026-08-26 20:35:06 | Epoch  63/100 | Train Loss 0.0363 | Val Loss 0.0324 MAE 14.0542 R2 -0.0288
2026-08-26 20:35:08 | Epoch  64/100 | Train Loss 0.0356 | Val Loss 0.0323 MAE 14.0542 R2 -0.0267
2026-08-26 20:35:10 | Epoch  65/100 | Train Loss 0.0355 | Val Loss 0.0321 MAE 14.0526 R2 -0.0239
2026-08-26 20:35:10 |   Val R2 improved to -0.0239, model saved
2026-08-26 20:35:11 | Epoch  66/100 | Train Loss 0.0348 | Val Loss 0.0319 MAE 14.0522 R2 -0.0215
2026-08-26 20:35:11 |   Val R2 improved to -0.0215, model saved
2026-08-26 20:35:13 | Epoch  67/100 | Train Loss 0.0345 | Val Loss 0.0318 MAE 14.0558 R2 -0.0205
2026-08-26 20:35:13 |   Val R2 improved to -0.0205, model saved
2026-08-26 20:35:15 | Epoch  68/100 | Train Loss 0.0344 | Val Loss 0.0316 MAE 14.0535 R2 -0.0176
2026-08-26 20:35:15 |   Val R2 improved to -0.0176, model saved
2026-08-26 20:35:17 | Epoch  69/100 | Train Loss 0.0340 | Val Loss 0.0314 MAE 14.0429 R2 -0.0118
2026-08-26 20:35:17 |   Val R2 improved to -0.0118, model saved
2026-08-26 20:35:18 | Epoch  70/100 | Train Loss 0.0336 | Val Loss 0.0313 MAE 14.0502 R2 -0.0111
2026-08-26 20:35:18 |   Val R2 improved to -0.0111, model saved
2026-08-26 20:35:20 | Epoch  71/100 | Train Loss 0.0335 | Val Loss 0.0312 MAE 14.0615 R2 -0.0122
2026-08-26 20:35:22 | Epoch  72/100 | Train Loss 0.0331 | Val Loss 0.0310 MAE 14.0541 R2 -0.0079
2026-08-26 20:35:22 |   Val R2 improved to -0.0079, model saved
2026-08-26 20:35:23 | Epoch  73/100 | Train Loss 0.0334 | Val Loss 0.0310 MAE 14.0661 R2 -0.0097
2026-08-26 20:35:25 | Epoch  74/100 | Train Loss 0.0331 | Val Loss 0.0309 MAE 14.0690 R2 -0.0077
2026-08-26 20:35:25 |   Val R2 improved to -0.0077, model saved
2026-08-26 20:35:27 | Epoch  75/100 | Train Loss 0.0329 | Val Loss 0.0309 MAE 14.0857 R2 -0.0102
2026-08-26 20:35:29 | Epoch  76/100 | Train Loss 0.0326 | Val Loss 0.0308 MAE 14.0818 R2 -0.0068
2026-08-26 20:35:29 |   Val R2 improved to -0.0068, model saved
2026-08-26 20:35:30 | Epoch  77/100 | Train Loss 0.0325 | Val Loss 0.0306 MAE 14.0826 R2 -0.0048
2026-08-26 20:35:30 |   Val R2 improved to -0.0048, model saved
2026-08-26 20:35:32 | Epoch  78/100 | Train Loss 0.0325 | Val Loss 0.0306 MAE 14.0952 R2 -0.0066
2026-08-26 20:35:34 | Epoch  79/100 | Train Loss 0.0323 | Val Loss 0.0305 MAE 14.0932 R2 -0.0042
2026-08-26 20:35:34 |   Val R2 improved to -0.0042, model saved
2026-08-26 20:35:36 | Epoch  80/100 | Train Loss 0.0322 | Val Loss 0.0304 MAE 14.0919 R2 -0.0022
2026-08-26 20:35:36 |   Val R2 improved to -0.0022, model saved
2026-08-26 20:35:37 | Epoch  81/100 | Train Loss 0.0321 | Val Loss 0.0304 MAE 14.0967 R2 -0.0031
2026-08-26 20:35:39 | Epoch  82/100 | Train Loss 0.0320 | Val Loss 0.0304 MAE 14.1018 R2 -0.0032
2026-08-26 20:35:41 | Epoch  83/100 | Train Loss 0.0319 | Val Loss 0.0303 MAE 14.1061 R2 -0.0018
2026-08-26 20:35:41 |   Val R2 improved to -0.0018, model saved
2026-08-26 20:35:42 | Epoch  84/100 | Train Loss 0.0318 | Val Loss 0.0302 MAE 14.1109 R2 -0.0007
2026-08-26 20:35:42 |   Val R2 improved to -0.0007, model saved
2026-08-26 20:35:44 | Epoch  85/100 | Train Loss 0.0317 | Val Loss 0.0302 MAE 14.1134 R2 0.0008
2026-08-26 20:35:44 |   Val R2 improved to 0.0008, model saved
2026-08-26 20:35:46 | Epoch  86/100 | Train Loss 0.0317 | Val Loss 0.0302 MAE 14.1208 R2 -0.0002
2026-08-26 20:35:48 | Epoch  87/100 | Train Loss 0.0317 | Val Loss 0.0302 MAE 14.1256 R2 -0.0006
2026-08-26 20:35:49 | Epoch  88/100 | Train Loss 0.0315 | Val Loss 0.0301 MAE 14.1283 R2 0.0001
2026-08-26 20:35:51 | Epoch  89/100 | Train Loss 0.0316 | Val Loss 0.0301 MAE 14.1323 R2 0.0005
2026-08-26 20:35:53 | Epoch  90/100 | Train Loss 0.0316 | Val Loss 0.0301 MAE 14.1352 R2 0.0007
2026-08-26 20:35:55 | Epoch  91/100 | Train Loss 0.0315 | Val Loss 0.0300 MAE 14.1381 R2 0.0003
2026-08-26 20:35:56 | Epoch  92/100 | Train Loss 0.0316 | Val Loss 0.0300 MAE 14.1403 R2 0.0007
2026-08-26 20:35:58 | Epoch  93/100 | Train Loss 0.0316 | Val Loss 0.0301 MAE 14.1463 R2 -0.0026
2026-08-26 20:36:00 | Epoch  94/100 | Train Loss 0.0313 | Val Loss 0.0300 MAE 14.1477 R2 -0.0008
2026-08-26 20:36:02 | Epoch  95/100 | Train Loss 0.0316 | Val Loss 0.0300 MAE 14.1523 R2 0.0003
2026-08-26 20:36:02 | Val R2 did not improve for 10 consecutive epochs, early stopping at Epoch 95 (best R2 0.0008 @ Epoch 85)
2026-08-26 20:36:02 | Run 5/5 | Test (best model @ Epoch 85) | Loss 0.0310 MAE 14.5220 R2 0.0068
2026-08-26 20:36:02 | Average over 5 runs | Test Loss 0.0315±0.0020 MAE 12.6229±1.0953 R2 0.1853±0.1059
