2026-09-01 10:15:46 | Device: cuda
2026-09-01 10:15:46 | Args: {'model': 'opb', 'backbone': 'mlp', 'task': 'mnist', 'epochs': 100, 'batch_size': 512, 'lr': 0.001, 'hidden_dims': [512, 256], 'dropout': 0.2, 'z_dim': 256, 'anchor_scale': 14.0, 'energy_classifier': False, 'max_len': 250, 'random_labels': False, 'beta': 10.0, 'patience': 10, 'runs': 5, 'seed': 0, 'data_dir': './data', 'save_path': 'output/mnist_mlp_opb/mnist_mlp_opb.pt', 'log_path': '/root/autodl-tmp/IB/tune_results/mnist_mlp_opb_beta_10_anchor_14/train.log', 'no_save': True}
2026-09-01 10:15:46 | ===== Run 1/5 (seed 0) =====
2026-09-01 10:15:51 | Epoch   1/100 | Train Loss 361.8512 Acc 0.5564 | Val Loss 108.6711 Acc 0.9450 AUC 0.9968 Pre 0.9443 Rec 0.9446
2026-09-01 10:15:51 |   Val AUC improved to 0.9968, model saved
2026-09-01 10:15:56 | Epoch   2/100 | Train Loss 103.6642 Acc 0.9490 | Val Loss 65.6705 Acc 0.9624 AUC 0.9986 Pre 0.9622 Rec 0.9620
2026-09-01 10:15:56 |   Val AUC improved to 0.9986, model saved
2026-09-01 10:16:00 | Epoch   3/100 | Train Loss 70.2130 Acc 0.9679 | Val Loss 48.7700 Acc 0.9717 AUC 0.9992 Pre 0.9716 Rec 0.9714
2026-09-01 10:16:00 |   Val AUC improved to 0.9992, model saved
2026-09-01 10:16:04 | Epoch   4/100 | Train Loss 53.4897 Acc 0.9765 | Val Loss 38.1520 Acc 0.9743 AUC 0.9993 Pre 0.9742 Rec 0.9741
2026-09-01 10:16:04 |   Val AUC improved to 0.9993, model saved
2026-09-01 10:16:09 | Epoch   5/100 | Train Loss 42.1841 Acc 0.9811 | Val Loss 30.6356 Acc 0.9776 AUC 0.9994 Pre 0.9773 Rec 0.9775
2026-09-01 10:16:09 |   Val AUC improved to 0.9994, model saved
2026-09-01 10:16:13 | Epoch   6/100 | Train Loss 33.7091 Acc 0.9846 | Val Loss 24.9778 Acc 0.9787 AUC 0.9995 Pre 0.9786 Rec 0.9784
2026-09-01 10:16:13 |   Val AUC improved to 0.9995, model saved
2026-09-01 10:16:17 | Epoch   7/100 | Train Loss 27.2955 Acc 0.9868 | Val Loss 21.3080 Acc 0.9788 AUC 0.9995 Pre 0.9786 Rec 0.9786
2026-09-01 10:16:21 | Epoch   8/100 | Train Loss 22.5764 Acc 0.9880 | Val Loss 17.0224 Acc 0.9796 AUC 0.9995 Pre 0.9795 Rec 0.9794
2026-09-01 10:16:21 |   Val AUC improved to 0.9995, model saved
2026-09-01 10:16:26 | Epoch   9/100 | Train Loss 18.3614 Acc 0.9888 | Val Loss 14.3752 Acc 0.9816 AUC 0.9996 Pre 0.9816 Rec 0.9814
2026-09-01 10:16:26 |   Val AUC improved to 0.9996, model saved
2026-09-01 10:16:30 | Epoch  10/100 | Train Loss 15.2069 Acc 0.9893 | Val Loss 12.4454 Acc 0.9806 AUC 0.9996 Pre 0.9805 Rec 0.9805
2026-09-01 10:16:30 |   Val AUC improved to 0.9996, model saved
2026-09-01 10:16:34 | Epoch  11/100 | Train Loss 12.7810 Acc 0.9899 | Val Loss 10.7317 Acc 0.9820 AUC 0.9996 Pre 0.9818 Rec 0.9818
2026-09-01 10:16:38 | Epoch  12/100 | Train Loss 10.8921 Acc 0.9904 | Val Loss 9.4422 Acc 0.9825 AUC 0.9995 Pre 0.9823 Rec 0.9823
2026-09-01 10:16:43 | Epoch  13/100 | Train Loss 9.2155 Acc 0.9896 | Val Loss 7.7947 Acc 0.9816 AUC 0.9996 Pre 0.9815 Rec 0.9814
2026-09-01 10:16:47 | Epoch  14/100 | Train Loss 7.9866 Acc 0.9881 | Val Loss 7.0056 Acc 0.9823 AUC 0.9995 Pre 0.9821 Rec 0.9821
2026-09-01 10:16:51 | Epoch  15/100 | Train Loss 6.9616 Acc 0.9865 | Val Loss 6.5066 Acc 0.9822 AUC 0.9996 Pre 0.9821 Rec 0.9821
2026-09-01 10:16:55 | Epoch  16/100 | Train Loss 6.1445 Acc 0.9844 | Val Loss 5.4961 Acc 0.9821 AUC 0.9996 Pre 0.9820 Rec 0.9819
2026-09-01 10:17:00 | Epoch  17/100 | Train Loss 5.4669 Acc 0.9818 | Val Loss 5.1790 Acc 0.9829 AUC 0.9995 Pre 0.9828 Rec 0.9827
2026-09-01 10:17:04 | Epoch  18/100 | Train Loss 4.8903 Acc 0.9775 | Val Loss 4.5107 Acc 0.9838 AUC 0.9995 Pre 0.9836 Rec 0.9837
2026-09-01 10:17:08 | Epoch  19/100 | Train Loss 4.4442 Acc 0.9724 | Val Loss 4.0308 Acc 0.9823 AUC 0.9995 Pre 0.9822 Rec 0.9821
2026-09-01 10:17:13 | Epoch  20/100 | Train Loss 4.0105 Acc 0.9706 | Val Loss 3.8632 Acc 0.9829 AUC 0.9995 Pre 0.9828 Rec 0.9826
2026-09-01 10:17:13 | Val AUC did not improve for 10 consecutive epochs, early stopping at Epoch 20 (best AUC 0.9996 @ Epoch 10)
2026-09-01 10:17:13 | Run 1/5 | Test (best model @ Epoch 10) | Loss 11.7377 Acc 0.9842 AUC 0.9997 Pre 0.9841 Rec 0.9841
2026-09-01 10:17:13 | ===== Run 2/5 (seed 1) =====
2026-09-01 10:17:17 | Epoch   1/100 | Train Loss 356.5242 Acc 0.5857 | Val Loss 106.9045 Acc 0.9449 AUC 0.9966 Pre 0.9444 Rec 0.9444
2026-09-01 10:17:17 |   Val AUC improved to 0.9966, model saved
2026-09-01 10:17:22 | Epoch   2/100 | Train Loss 104.5700 Acc 0.9483 | Val Loss 64.5750 Acc 0.9635 AUC 0.9986 Pre 0.9633 Rec 0.9632
2026-09-01 10:17:22 |   Val AUC improved to 0.9986, model saved
2026-09-01 10:17:26 | Epoch   3/100 | Train Loss 71.3978 Acc 0.9679 | Val Loss 48.9052 Acc 0.9703 AUC 0.9991 Pre 0.9702 Rec 0.9702
2026-09-01 10:17:26 |   Val AUC improved to 0.9991, model saved
2026-09-01 10:17:30 | Epoch   4/100 | Train Loss 54.5083 Acc 0.9771 | Val Loss 40.6062 Acc 0.9759 AUC 0.9993 Pre 0.9757 Rec 0.9757
2026-09-01 10:17:30 |   Val AUC improved to 0.9993, model saved
2026-09-01 10:17:34 | Epoch   5/100 | Train Loss 43.0912 Acc 0.9813 | Val Loss 29.9535 Acc 0.9786 AUC 0.9995 Pre 0.9785 Rec 0.9785
2026-09-01 10:17:34 |   Val AUC improved to 0.9995, model saved
2026-09-01 10:17:39 | Epoch   6/100 | Train Loss 34.2076 Acc 0.9846 | Val Loss 24.7970 Acc 0.9790 AUC 0.9995 Pre 0.9789 Rec 0.9788
2026-09-01 10:17:39 |   Val AUC improved to 0.9995, model saved
2026-09-01 10:17:43 | Epoch   7/100 | Train Loss 27.7084 Acc 0.9865 | Val Loss 20.2760 Acc 0.9795 AUC 0.9996 Pre 0.9794 Rec 0.9793
2026-09-01 10:17:43 |   Val AUC improved to 0.9996, model saved
2026-09-01 10:17:47 | Epoch   8/100 | Train Loss 22.3534 Acc 0.9881 | Val Loss 17.0530 Acc 0.9810 AUC 0.9996 Pre 0.9809 Rec 0.9809
2026-09-01 10:17:52 | Epoch   9/100 | Train Loss 18.5433 Acc 0.9885 | Val Loss 14.4135 Acc 0.9812 AUC 0.9996 Pre 0.9811 Rec 0.9811
2026-09-01 10:17:52 |   Val AUC improved to 0.9996, model saved
2026-09-01 10:17:56 | Epoch  10/100 | Train Loss 15.1583 Acc 0.9897 | Val Loss 11.6876 Acc 0.9823 AUC 0.9997 Pre 0.9821 Rec 0.9821
2026-09-01 10:17:56 |   Val AUC improved to 0.9997, model saved
2026-09-01 10:18:00 | Epoch  11/100 | Train Loss 12.7045 Acc 0.9899 | Val Loss 10.0677 Acc 0.9821 AUC 0.9996 Pre 0.9820 Rec 0.9819
2026-09-01 10:18:04 | Epoch  12/100 | Train Loss 10.7674 Acc 0.9903 | Val Loss 8.9533 Acc 0.9828 AUC 0.9996 Pre 0.9826 Rec 0.9826
2026-09-01 10:18:08 | Epoch  13/100 | Train Loss 9.1844 Acc 0.9901 | Val Loss 7.5979 Acc 0.9826 AUC 0.9996 Pre 0.9825 Rec 0.9825
2026-09-01 10:18:13 | Epoch  14/100 | Train Loss 8.0302 Acc 0.9885 | Val Loss 6.6697 Acc 0.9831 AUC 0.9996 Pre 0.9829 Rec 0.9829
2026-09-01 10:18:17 | Epoch  15/100 | Train Loss 6.9801 Acc 0.9866 | Val Loss 5.9817 Acc 0.9829 AUC 0.9996 Pre 0.9828 Rec 0.9827
2026-09-01 10:18:21 | Epoch  16/100 | Train Loss 6.1293 Acc 0.9846 | Val Loss 5.4514 Acc 0.9831 AUC 0.9996 Pre 0.9830 Rec 0.9830
2026-09-01 10:18:25 | Epoch  17/100 | Train Loss 5.4670 Acc 0.9812 | Val Loss 4.8640 Acc 0.9827 AUC 0.9996 Pre 0.9825 Rec 0.9826
2026-09-01 10:18:30 | Epoch  18/100 | Train Loss 4.8925 Acc 0.9776 | Val Loss 4.4246 Acc 0.9830 AUC 0.9996 Pre 0.9828 Rec 0.9828
2026-09-01 10:18:34 | Epoch  19/100 | Train Loss 4.4660 Acc 0.9728 | Val Loss 3.9919 Acc 0.9834 AUC 0.9996 Pre 0.9832 Rec 0.9833
2026-09-01 10:18:38 | Epoch  20/100 | Train Loss 4.0563 Acc 0.9680 | Val Loss 3.6863 Acc 0.9839 AUC 0.9995 Pre 0.9838 Rec 0.9837
2026-09-01 10:18:38 | Val AUC did not improve for 10 consecutive epochs, early stopping at Epoch 20 (best AUC 0.9997 @ Epoch 10)
2026-09-01 10:18:39 | Run 2/5 | Test (best model @ Epoch 10) | Loss 11.6100 Acc 0.9835 AUC 0.9997 Pre 0.9835 Rec 0.9834
2026-09-01 10:18:39 | ===== Run 3/5 (seed 2) =====
2026-09-01 10:18:43 | Epoch   1/100 | Train Loss 357.8386 Acc 0.5700 | Val Loss 110.2602 Acc 0.9447 AUC 0.9968 Pre 0.9442 Rec 0.9442
2026-09-01 10:18:43 |   Val AUC improved to 0.9968, model saved
2026-09-01 10:18:47 | Epoch   2/100 | Train Loss 105.1906 Acc 0.9483 | Val Loss 65.6378 Acc 0.9639 AUC 0.9985 Pre 0.9636 Rec 0.9637
2026-09-01 10:18:47 |   Val AUC improved to 0.9985, model saved
2026-09-01 10:18:52 | Epoch   3/100 | Train Loss 70.5003 Acc 0.9689 | Val Loss 48.7487 Acc 0.9712 AUC 0.9991 Pre 0.9710 Rec 0.9711
2026-09-01 10:18:52 |   Val AUC improved to 0.9991, model saved
2026-09-01 10:18:56 | Epoch   4/100 | Train Loss 54.2562 Acc 0.9776 | Val Loss 37.9565 Acc 0.9765 AUC 0.9994 Pre 0.9763 Rec 0.9763
2026-09-01 10:18:56 |   Val AUC improved to 0.9994, model saved
2026-09-01 10:19:00 | Epoch   5/100 | Train Loss 42.9943 Acc 0.9808 | Val Loss 30.1295 Acc 0.9783 AUC 0.9995 Pre 0.9782 Rec 0.9781
2026-09-01 10:19:00 |   Val AUC improved to 0.9995, model saved
2026-09-01 10:19:04 | Epoch   6/100 | Train Loss 34.5360 Acc 0.9843 | Val Loss 24.9818 Acc 0.9796 AUC 0.9996 Pre 0.9794 Rec 0.9794
2026-09-01 10:19:04 |   Val AUC improved to 0.9996, model saved
2026-09-01 10:19:09 | Epoch   7/100 | Train Loss 28.0877 Acc 0.9874 | Val Loss 21.4800 Acc 0.9801 AUC 0.9996 Pre 0.9799 Rec 0.9800
2026-09-01 10:19:13 | Epoch   8/100 | Train Loss 23.2826 Acc 0.9881 | Val Loss 17.4585 Acc 0.9823 AUC 0.9997 Pre 0.9823 Rec 0.9821
2026-09-01 10:19:13 |   Val AUC improved to 0.9997, model saved
2026-09-01 10:19:17 | Epoch   9/100 | Train Loss 18.9574 Acc 0.9892 | Val Loss 14.7604 Acc 0.9806 AUC 0.9996 Pre 0.9803 Rec 0.9805
2026-09-01 10:19:21 | Epoch  10/100 | Train Loss 15.9349 Acc 0.9903 | Val Loss 12.6760 Acc 0.9822 AUC 0.9997 Pre 0.9821 Rec 0.9820
2026-09-01 10:19:26 | Epoch  11/100 | Train Loss 13.5578 Acc 0.9913 | Val Loss 11.0059 Acc 0.9822 AUC 0.9996 Pre 0.9821 Rec 0.9820
2026-09-01 10:19:30 | Epoch  12/100 | Train Loss 11.6064 Acc 0.9909 | Val Loss 9.9297 Acc 0.9822 AUC 0.9997 Pre 0.9821 Rec 0.9820
2026-09-01 10:19:30 |   Val AUC improved to 0.9997, model saved
2026-09-01 10:19:34 | Epoch  13/100 | Train Loss 9.8825 Acc 0.9907 | Val Loss 8.5654 Acc 0.9823 AUC 0.9997 Pre 0.9821 Rec 0.9821
2026-09-01 10:19:38 | Epoch  14/100 | Train Loss 8.6925 Acc 0.9903 | Val Loss 7.8719 Acc 0.9824 AUC 0.9997 Pre 0.9823 Rec 0.9822
2026-09-01 10:19:38 |   Val AUC improved to 0.9997, model saved
2026-09-01 10:19:43 | Epoch  15/100 | Train Loss 7.5625 Acc 0.9898 | Val Loss 6.6154 Acc 0.9829 AUC 0.9996 Pre 0.9828 Rec 0.9827
2026-09-01 10:19:47 | Epoch  16/100 | Train Loss 6.7091 Acc 0.9876 | Val Loss 6.1015 Acc 0.9832 AUC 0.9997 Pre 0.9830 Rec 0.9830
2026-09-01 10:19:51 | Epoch  17/100 | Train Loss 5.9721 Acc 0.9865 | Val Loss 5.4643 Acc 0.9837 AUC 0.9997 Pre 0.9836 Rec 0.9835
2026-09-01 10:19:55 | Epoch  18/100 | Train Loss 5.4217 Acc 0.9843 | Val Loss 4.9874 Acc 0.9826 AUC 0.9997 Pre 0.9824 Rec 0.9824
2026-09-01 10:19:59 | Epoch  19/100 | Train Loss 4.9667 Acc 0.9821 | Val Loss 4.5231 Acc 0.9835 AUC 0.9996 Pre 0.9833 Rec 0.9833
2026-09-01 10:20:04 | Epoch  20/100 | Train Loss 4.4988 Acc 0.9782 | Val Loss 4.2846 Acc 0.9831 AUC 0.9996 Pre 0.9829 Rec 0.9829
2026-09-01 10:20:08 | Epoch  21/100 | Train Loss 4.1035 Acc 0.9740 | Val Loss 3.9888 Acc 0.9828 AUC 0.9996 Pre 0.9826 Rec 0.9826
2026-09-01 10:20:12 | Epoch  22/100 | Train Loss 3.8105 Acc 0.9709 | Val Loss 3.7227 Acc 0.9838 AUC 0.9996 Pre 0.9836 Rec 0.9837
2026-09-01 10:20:16 | Epoch  23/100 | Train Loss 3.5679 Acc 0.9648 | Val Loss 3.4311 Acc 0.9838 AUC 0.9996 Pre 0.9836 Rec 0.9836
2026-09-01 10:20:21 | Epoch  24/100 | Train Loss 3.2958 Acc 0.9620 | Val Loss 3.2798 Acc 0.9836 AUC 0.9996 Pre 0.9835 Rec 0.9834
2026-09-01 10:20:21 | Val AUC did not improve for 10 consecutive epochs, early stopping at Epoch 24 (best AUC 0.9997 @ Epoch 14)
2026-09-01 10:20:21 | Run 3/5 | Test (best model @ Epoch 14) | Loss 7.6023 Acc 0.9836 AUC 0.9997 Pre 0.9835 Rec 0.9835
2026-09-01 10:20:21 | ===== Run 4/5 (seed 3) =====
2026-09-01 10:20:25 | Epoch   1/100 | Train Loss 368.8868 Acc 0.5946 | Val Loss 109.7630 Acc 0.9416 AUC 0.9966 Pre 0.9410 Rec 0.9413
2026-09-01 10:20:25 |   Val AUC improved to 0.9966, model saved
2026-09-01 10:20:30 | Epoch   2/100 | Train Loss 106.0354 Acc 0.9484 | Val Loss 64.8100 Acc 0.9637 AUC 0.9986 Pre 0.9634 Rec 0.9636
2026-09-01 10:20:30 |   Val AUC improved to 0.9986, model saved
2026-09-01 10:20:34 | Epoch   3/100 | Train Loss 72.8046 Acc 0.9678 | Val Loss 48.0780 Acc 0.9718 AUC 0.9991 Pre 0.9717 Rec 0.9716
2026-09-01 10:20:34 |   Val AUC improved to 0.9991, model saved
2026-09-01 10:20:38 | Epoch   4/100 | Train Loss 55.5796 Acc 0.9759 | Val Loss 38.3828 Acc 0.9749 AUC 0.9994 Pre 0.9749 Rec 0.9746
2026-09-01 10:20:38 |   Val AUC improved to 0.9994, model saved
2026-09-01 10:20:42 | Epoch   5/100 | Train Loss 44.0770 Acc 0.9799 | Val Loss 31.4986 Acc 0.9770 AUC 0.9994 Pre 0.9769 Rec 0.9768
2026-09-01 10:20:42 |   Val AUC improved to 0.9994, model saved
2026-09-01 10:20:47 | Epoch   6/100 | Train Loss 34.9997 Acc 0.9834 | Val Loss 24.9884 Acc 0.9795 AUC 0.9995 Pre 0.9794 Rec 0.9793
2026-09-01 10:20:47 |   Val AUC improved to 0.9995, model saved
2026-09-01 10:20:51 | Epoch   7/100 | Train Loss 28.1004 Acc 0.9849 | Val Loss 20.0466 Acc 0.9808 AUC 0.9996 Pre 0.9806 Rec 0.9807
2026-09-01 10:20:51 |   Val AUC improved to 0.9996, model saved
2026-09-01 10:20:55 | Epoch   8/100 | Train Loss 22.5927 Acc 0.9878 | Val Loss 16.6266 Acc 0.9801 AUC 0.9995 Pre 0.9799 Rec 0.9799
2026-09-01 10:20:59 | Epoch   9/100 | Train Loss 18.3438 Acc 0.9886 | Val Loss 14.0288 Acc 0.9805 AUC 0.9995 Pre 0.9803 Rec 0.9804
2026-09-01 10:21:03 | Epoch  10/100 | Train Loss 15.4395 Acc 0.9885 | Val Loss 11.8418 Acc 0.9818 AUC 0.9996 Pre 0.9817 Rec 0.9815
2026-09-01 10:21:03 |   Val AUC improved to 0.9996, model saved
2026-09-01 10:21:07 | Epoch  11/100 | Train Loss 12.9529 Acc 0.9890 | Val Loss 10.1314 Acc 0.9818 AUC 0.9996 Pre 0.9817 Rec 0.9817
2026-09-01 10:21:07 |   Val AUC improved to 0.9996, model saved
2026-09-01 10:21:12 | Epoch  12/100 | Train Loss 10.9836 Acc 0.9889 | Val Loss 9.1050 Acc 0.9825 AUC 0.9996 Pre 0.9824 Rec 0.9824
2026-09-01 10:21:12 |   Val AUC improved to 0.9996, model saved
2026-09-01 10:21:16 | Epoch  13/100 | Train Loss 9.4079 Acc 0.9873 | Val Loss 7.6107 Acc 0.9824 AUC 0.9995 Pre 0.9823 Rec 0.9823
2026-09-01 10:21:20 | Epoch  14/100 | Train Loss 8.1818 Acc 0.9865 | Val Loss 6.7294 Acc 0.9826 AUC 0.9996 Pre 0.9825 Rec 0.9824
2026-09-01 10:21:24 | Epoch  15/100 | Train Loss 7.2125 Acc 0.9841 | Val Loss 6.1838 Acc 0.9830 AUC 0.9996 Pre 0.9828 Rec 0.9829
2026-09-01 10:21:28 | Epoch  16/100 | Train Loss 6.2900 Acc 0.9823 | Val Loss 5.4787 Acc 0.9822 AUC 0.9996 Pre 0.9820 Rec 0.9821
2026-09-01 10:21:33 | Epoch  17/100 | Train Loss 5.6100 Acc 0.9782 | Val Loss 4.9399 Acc 0.9821 AUC 0.9996 Pre 0.9818 Rec 0.9819
2026-09-01 10:21:37 | Epoch  18/100 | Train Loss 5.1269 Acc 0.9727 | Val Loss 4.4434 Acc 0.9829 AUC 0.9996 Pre 0.9828 Rec 0.9827
2026-09-01 10:21:41 | Epoch  19/100 | Train Loss 4.6333 Acc 0.9684 | Val Loss 4.1133 Acc 0.9834 AUC 0.9995 Pre 0.9833 Rec 0.9832
2026-09-01 10:21:45 | Epoch  20/100 | Train Loss 4.2204 Acc 0.9657 | Val Loss 3.8370 Acc 0.9825 AUC 0.9995 Pre 0.9823 Rec 0.9824
2026-09-01 10:21:50 | Epoch  21/100 | Train Loss 3.8836 Acc 0.9602 | Val Loss 3.5390 Acc 0.9828 AUC 0.9995 Pre 0.9826 Rec 0.9826
2026-09-01 10:21:54 | Epoch  22/100 | Train Loss 3.6601 Acc 0.9540 | Val Loss 3.4139 Acc 0.9829 AUC 0.9995 Pre 0.9827 Rec 0.9827
2026-09-01 10:21:54 | Val AUC did not improve for 10 consecutive epochs, early stopping at Epoch 22 (best AUC 0.9996 @ Epoch 12)
2026-09-01 10:21:54 | Run 4/5 | Test (best model @ Epoch 12) | Loss 8.7325 Acc 0.9827 AUC 0.9997 Pre 0.9826 Rec 0.9826
2026-09-01 10:21:54 | ===== Run 5/5 (seed 4) =====
2026-09-01 10:21:59 | Epoch   1/100 | Train Loss 358.0658 Acc 0.5946 | Val Loss 106.7829 Acc 0.9437 AUC 0.9967 Pre 0.9430 Rec 0.9433
2026-09-01 10:21:59 |   Val AUC improved to 0.9967, model saved
2026-09-01 10:22:03 | Epoch   2/100 | Train Loss 104.2089 Acc 0.9490 | Val Loss 67.8677 Acc 0.9637 AUC 0.9986 Pre 0.9635 Rec 0.9635
2026-09-01 10:22:03 |   Val AUC improved to 0.9986, model saved
2026-09-01 10:22:07 | Epoch   3/100 | Train Loss 70.4806 Acc 0.9678 | Val Loss 47.7714 Acc 0.9709 AUC 0.9992 Pre 0.9709 Rec 0.9706
2026-09-01 10:22:07 |   Val AUC improved to 0.9992, model saved
2026-09-01 10:22:12 | Epoch   4/100 | Train Loss 54.5472 Acc 0.9760 | Val Loss 38.2488 Acc 0.9746 AUC 0.9993 Pre 0.9744 Rec 0.9745
2026-09-01 10:22:12 |   Val AUC improved to 0.9993, model saved
2026-09-01 10:22:16 | Epoch   5/100 | Train Loss 43.0351 Acc 0.9807 | Val Loss 31.3851 Acc 0.9781 AUC 0.9994 Pre 0.9780 Rec 0.9779
2026-09-01 10:22:16 |   Val AUC improved to 0.9994, model saved
2026-09-01 10:22:20 | Epoch   6/100 | Train Loss 34.2454 Acc 0.9845 | Val Loss 25.1767 Acc 0.9795 AUC 0.9995 Pre 0.9794 Rec 0.9793
2026-09-01 10:22:20 |   Val AUC improved to 0.9995, model saved
2026-09-01 10:22:24 | Epoch   7/100 | Train Loss 27.8223 Acc 0.9867 | Val Loss 23.1486 Acc 0.9789 AUC 0.9995 Pre 0.9786 Rec 0.9787
2026-09-01 10:22:24 |   Val AUC improved to 0.9995, model saved
2026-09-01 10:22:28 | Epoch   8/100 | Train Loss 22.6001 Acc 0.9878 | Val Loss 17.9448 Acc 0.9820 AUC 0.9995 Pre 0.9817 Rec 0.9819
2026-09-01 10:22:33 | Epoch   9/100 | Train Loss 18.8478 Acc 0.9892 | Val Loss 14.3966 Acc 0.9819 AUC 0.9995 Pre 0.9817 Rec 0.9818
2026-09-01 10:22:37 | Epoch  10/100 | Train Loss 15.7410 Acc 0.9905 | Val Loss 12.5841 Acc 0.9817 AUC 0.9995 Pre 0.9815 Rec 0.9815
2026-09-01 10:22:37 |   Val AUC improved to 0.9995, model saved
2026-09-01 10:22:41 | Epoch  11/100 | Train Loss 13.2601 Acc 0.9904 | Val Loss 11.0278 Acc 0.9806 AUC 0.9996 Pre 0.9804 Rec 0.9804
2026-09-01 10:22:41 |   Val AUC improved to 0.9996, model saved
2026-09-01 10:22:45 | Epoch  12/100 | Train Loss 11.4296 Acc 0.9908 | Val Loss 9.7847 Acc 0.9825 AUC 0.9995 Pre 0.9823 Rec 0.9823
2026-09-01 10:22:49 | Epoch  13/100 | Train Loss 9.8223 Acc 0.9908 | Val Loss 8.4985 Acc 0.9813 AUC 0.9996 Pre 0.9811 Rec 0.9811
2026-09-01 10:22:49 |   Val AUC improved to 0.9996, model saved
2026-09-01 10:22:54 | Epoch  14/100 | Train Loss 8.5488 Acc 0.9896 | Val Loss 7.4709 Acc 0.9827 AUC 0.9995 Pre 0.9824 Rec 0.9825
2026-09-01 10:22:58 | Epoch  15/100 | Train Loss 7.4776 Acc 0.9891 | Val Loss 6.9114 Acc 0.9828 AUC 0.9996 Pre 0.9826 Rec 0.9827
2026-09-01 10:23:02 | Epoch  16/100 | Train Loss 6.5980 Acc 0.9883 | Val Loss 6.2020 Acc 0.9817 AUC 0.9996 Pre 0.9815 Rec 0.9815
2026-09-01 10:23:06 | Epoch  17/100 | Train Loss 5.9143 Acc 0.9856 | Val Loss 5.3575 Acc 0.9828 AUC 0.9996 Pre 0.9826 Rec 0.9826
2026-09-01 10:23:10 | Epoch  18/100 | Train Loss 5.3701 Acc 0.9836 | Val Loss 4.9059 Acc 0.9835 AUC 0.9996 Pre 0.9833 Rec 0.9833
2026-09-01 10:23:15 | Epoch  19/100 | Train Loss 4.8329 Acc 0.9811 | Val Loss 4.5148 Acc 0.9825 AUC 0.9996 Pre 0.9823 Rec 0.9824
2026-09-01 10:23:15 |   Val AUC improved to 0.9996, model saved
2026-09-01 10:23:19 | Epoch  20/100 | Train Loss 4.3818 Acc 0.9771 | Val Loss 4.1909 Acc 0.9831 AUC 0.9996 Pre 0.9829 Rec 0.9829
2026-09-01 10:23:23 | Epoch  21/100 | Train Loss 4.0417 Acc 0.9722 | Val Loss 4.0413 Acc 0.9830 AUC 0.9995 Pre 0.9829 Rec 0.9828
2026-09-01 10:23:27 | Epoch  22/100 | Train Loss 3.7590 Acc 0.9692 | Val Loss 3.5793 Acc 0.9834 AUC 0.9996 Pre 0.9831 Rec 0.9832
2026-09-01 10:23:32 | Epoch  23/100 | Train Loss 3.4692 Acc 0.9624 | Val Loss 3.3893 Acc 0.9830 AUC 0.9995 Pre 0.9828 Rec 0.9829
2026-09-01 10:23:36 | Epoch  24/100 | Train Loss 3.2470 Acc 0.9593 | Val Loss 3.3551 Acc 0.9836 AUC 0.9996 Pre 0.9834 Rec 0.9835
2026-09-01 10:23:40 | Epoch  25/100 | Train Loss 3.0520 Acc 0.9542 | Val Loss 3.0881 Acc 0.9832 AUC 0.9996 Pre 0.9830 Rec 0.9831
2026-09-01 10:23:44 | Epoch  26/100 | Train Loss 2.8812 Acc 0.9497 | Val Loss 2.8645 Acc 0.9828 AUC 0.9996 Pre 0.9826 Rec 0.9826
2026-09-01 10:23:49 | Epoch  27/100 | Train Loss 2.7472 Acc 0.9447 | Val Loss 2.8389 Acc 0.9826 AUC 0.9995 Pre 0.9824 Rec 0.9824
2026-09-01 10:23:53 | Epoch  28/100 | Train Loss 2.6105 Acc 0.9402 | Val Loss 2.6772 Acc 0.9833 AUC 0.9995 Pre 0.9831 Rec 0.9831
2026-09-01 10:23:57 | Epoch  29/100 | Train Loss 2.4898 Acc 0.9367 | Val Loss 2.5708 Acc 0.9829 AUC 0.9995 Pre 0.9827 Rec 0.9827
2026-09-01 10:23:57 | Val AUC did not improve for 10 consecutive epochs, early stopping at Epoch 29 (best AUC 0.9996 @ Epoch 19)
2026-09-01 10:23:58 | Run 5/5 | Test (best model @ Epoch 19) | Loss 4.4050 Acc 0.9833 AUC 0.9997 Pre 0.9832 Rec 0.9832
2026-09-01 10:23:58 | Average over 5 runs | Test Loss 8.8175±3.0528 Acc 0.9835±0.0005 AUC 0.9997±0.0000 Pre 0.9834±0.0005 Rec 0.9833±0.0005
