2026-09-01 23:17:26 | Device: cuda
2026-09-01 23:17:26 | Args: {'model': 'opb', 'backbone': 'rnn', 'task': 'imdb', 'epochs': 100, 'batch_size': 512, 'lr': 0.001, 'hidden_dims': [512, 256], 'dropout': 0.2, 'z_dim': 256, 'anchor_scale': 6.0, 'energy_classifier': False, 'max_len': 250, 'random_labels': False, 'beta': 0.01, 'patience': 10, 'runs': 5, 'seed': 0, 'data_dir': './data', 'save_path': 'output/imdb_rnn_opb/imdb_rnn_opb.pt', 'log_path': '/root/autodl-tmp/IB/tune_results/imdb_rnn_opb_beta_0.01_anchor_6/train.log', 'no_save': True}
2026-09-01 23:17:26 | IMDb 预处理缓存：mmap 共享 ./data/imdb/imdb_processed_maxlen250
2026-09-01 23:17:26 | ===== Run 1/5 (seed 0) =====
2026-09-01 23:17:38 | Epoch   1/100 | Train Loss 0.8082 Acc 0.5542 | Val Loss 0.7749 Acc 0.5523 AUC 0.6405 Pre 0.6400 Rec 0.5523
2026-09-01 23:17:38 |   Val AUC improved to 0.6405, model saved
2026-09-01 23:17:47 | Epoch   2/100 | Train Loss 0.7518 Acc 0.5875 | Val Loss 0.6374 Acc 0.7301 AUC 0.8082 Pre 0.7389 Rec 0.7301
2026-09-01 23:17:47 |   Val AUC improved to 0.8082, model saved
2026-09-01 23:17:58 | Epoch   3/100 | Train Loss 0.5003 Acc 0.8061 | Val Loss 0.4027 Acc 0.8467 AUC 0.9234 Pre 0.8468 Rec 0.8467
2026-09-01 23:17:58 |   Val AUC improved to 0.9234, model saved
2026-09-01 23:18:08 | Epoch   4/100 | Train Loss 0.3112 Acc 0.8959 | Val Loss 0.3593 Acc 0.8613 AUC 0.9403 Pre 0.8633 Rec 0.8613
2026-09-01 23:18:08 |   Val AUC improved to 0.9403, model saved
2026-09-01 23:18:19 | Epoch   5/100 | Train Loss 0.2090 Acc 0.9389 | Val Loss 0.4012 Acc 0.8662 AUC 0.9380 Pre 0.8696 Rec 0.8662
2026-09-01 23:18:30 | Epoch   6/100 | Train Loss 0.1447 Acc 0.9624 | Val Loss 0.4474 Acc 0.8704 AUC 0.9384 Pre 0.8705 Rec 0.8704
2026-09-01 23:18:40 | Epoch   7/100 | Train Loss 0.0976 Acc 0.9774 | Val Loss 0.5116 Acc 0.8679 AUC 0.9294 Pre 0.8685 Rec 0.8679
2026-09-01 23:18:51 | Epoch   8/100 | Train Loss 0.0616 Acc 0.9881 | Val Loss 0.5556 Acc 0.8598 AUC 0.9168 Pre 0.8607 Rec 0.8598
2026-09-01 23:19:02 | Epoch   9/100 | Train Loss 0.0445 Acc 0.9916 | Val Loss 0.6482 Acc 0.8638 AUC 0.9141 Pre 0.8638 Rec 0.8638
2026-09-01 23:19:12 | Epoch  10/100 | Train Loss 0.0414 Acc 0.9919 | Val Loss 0.6496 Acc 0.8658 AUC 0.9110 Pre 0.8660 Rec 0.8658
2026-09-01 23:19:23 | Epoch  11/100 | Train Loss 0.0388 Acc 0.9923 | Val Loss 0.6927 Acc 0.8664 AUC 0.9097 Pre 0.8665 Rec 0.8664
2026-09-01 23:19:34 | Epoch  12/100 | Train Loss 0.0319 Acc 0.9939 | Val Loss 0.7529 Acc 0.8653 AUC 0.9039 Pre 0.8654 Rec 0.8653
2026-09-01 23:19:44 | Epoch  13/100 | Train Loss 0.0263 Acc 0.9950 | Val Loss 0.7689 Acc 0.8686 AUC 0.9033 Pre 0.8686 Rec 0.8686
2026-09-01 23:19:55 | Epoch  14/100 | Train Loss 0.0241 Acc 0.9951 | Val Loss 0.7938 Acc 0.8649 AUC 0.9074 Pre 0.8649 Rec 0.8649
2026-09-01 23:19:55 | Val AUC did not improve for 10 consecutive epochs, early stopping at Epoch 14 (best AUC 0.9403 @ Epoch 4)
2026-09-01 23:19:56 | Run 1/5 | Test (best model @ Epoch 4) | Loss 0.3543 Acc 0.8670 AUC 0.9423 Pre 0.8688 Rec 0.8670
2026-09-01 23:19:56 | ===== Run 2/5 (seed 1) =====
2026-09-01 23:20:07 | Epoch   1/100 | Train Loss 0.7774 Acc 0.6106 | Val Loss 0.6727 Acc 0.6970 AUC 0.7819 Pre 0.7195 Rec 0.6970
2026-09-01 23:20:07 |   Val AUC improved to 0.7819, model saved
2026-09-01 23:20:18 | Epoch   2/100 | Train Loss 0.7226 Acc 0.6344 | Val Loss 0.7249 Acc 0.6877 AUC 0.8217 Pre 0.7641 Rec 0.6877
2026-09-01 23:20:18 |   Val AUC improved to 0.8217, model saved
2026-09-01 23:20:29 | Epoch   3/100 | Train Loss 0.5023 Acc 0.8057 | Val Loss 0.4270 Acc 0.8311 AUC 0.9188 Pre 0.8372 Rec 0.8311
2026-09-01 23:20:29 |   Val AUC improved to 0.9188, model saved
2026-09-01 23:20:39 | Epoch   4/100 | Train Loss 0.3531 Acc 0.8776 | Val Loss 0.3705 Acc 0.8593 AUC 0.9326 Pre 0.8593 Rec 0.8593
2026-09-01 23:20:39 |   Val AUC improved to 0.9326, model saved
2026-09-01 23:20:50 | Epoch   5/100 | Train Loss 0.2499 Acc 0.9223 | Val Loss 0.3862 Acc 0.8686 AUC 0.9359 Pre 0.8690 Rec 0.8686
2026-09-01 23:20:50 |   Val AUC improved to 0.9359, model saved
2026-09-01 23:21:01 | Epoch   6/100 | Train Loss 0.1653 Acc 0.9547 | Val Loss 0.4126 Acc 0.8698 AUC 0.9337 Pre 0.8701 Rec 0.8698
2026-09-01 23:21:11 | Epoch   7/100 | Train Loss 0.1058 Acc 0.9758 | Val Loss 0.4885 Acc 0.8611 AUC 0.9266 Pre 0.8628 Rec 0.8611
2026-09-01 23:21:22 | Epoch   8/100 | Train Loss 0.0711 Acc 0.9856 | Val Loss 0.5438 Acc 0.8686 AUC 0.9182 Pre 0.8698 Rec 0.8686
2026-09-01 23:21:32 | Epoch   9/100 | Train Loss 0.0594 Acc 0.9873 | Val Loss 0.5835 Acc 0.8638 AUC 0.9159 Pre 0.8638 Rec 0.8638
2026-09-01 23:21:43 | Epoch  10/100 | Train Loss 0.0488 Acc 0.9903 | Val Loss 0.6322 Acc 0.8669 AUC 0.9098 Pre 0.8674 Rec 0.8669
2026-09-01 23:21:54 | Epoch  11/100 | Train Loss 0.0396 Acc 0.9918 | Val Loss 0.7156 Acc 0.8583 AUC 0.9047 Pre 0.8612 Rec 0.8583
2026-09-01 23:22:04 | Epoch  12/100 | Train Loss 0.0409 Acc 0.9913 | Val Loss 0.7569 Acc 0.8594 AUC 0.9048 Pre 0.8649 Rec 0.8594
2026-09-01 23:22:15 | Epoch  13/100 | Train Loss 0.0292 Acc 0.9949 | Val Loss 0.7459 Acc 0.8666 AUC 0.9005 Pre 0.8667 Rec 0.8666
2026-09-01 23:22:26 | Epoch  14/100 | Train Loss 0.0231 Acc 0.9960 | Val Loss 0.7911 Acc 0.8651 AUC 0.8916 Pre 0.8659 Rec 0.8651
2026-09-01 23:22:37 | Epoch  15/100 | Train Loss 0.0203 Acc 0.9963 | Val Loss 0.8311 Acc 0.8612 AUC 0.8992 Pre 0.8613 Rec 0.8612
2026-09-01 23:22:37 | Val AUC did not improve for 10 consecutive epochs, early stopping at Epoch 15 (best AUC 0.9359 @ Epoch 5)
2026-09-01 23:22:38 | Run 2/5 | Test (best model @ Epoch 5) | Loss 0.3992 Acc 0.8669 AUC 0.9342 Pre 0.8671 Rec 0.8669
2026-09-01 23:22:38 | ===== Run 3/5 (seed 2) =====
2026-09-01 23:22:49 | Epoch   1/100 | Train Loss 0.8027 Acc 0.5697 | Val Loss 0.7659 Acc 0.5707 AUC 0.6484 Pre 0.6357 Rec 0.5707
2026-09-01 23:22:49 |   Val AUC improved to 0.6484, model saved
2026-09-01 23:23:00 | Epoch   2/100 | Train Loss 0.7296 Acc 0.6231 | Val Loss 0.6799 Acc 0.6851 AUC 0.7502 Pre 0.6858 Rec 0.6851
2026-09-01 23:23:00 |   Val AUC improved to 0.7502, model saved
2026-09-01 23:23:10 | Epoch   3/100 | Train Loss 0.7647 Acc 0.5469 | Val Loss 0.7151 Acc 0.6375 AUC 0.7767 Pre 0.7186 Rec 0.6375
2026-09-01 23:23:11 |   Val AUC improved to 0.7767, model saved
2026-09-01 23:23:21 | Epoch   4/100 | Train Loss 0.6061 Acc 0.7410 | Val Loss 0.4607 Acc 0.8188 AUC 0.8979 Pre 0.8198 Rec 0.8188
2026-09-01 23:23:21 |   Val AUC improved to 0.8979, model saved
2026-09-01 23:23:32 | Epoch   5/100 | Train Loss 0.3725 Acc 0.8679 | Val Loss 0.3752 Acc 0.8592 AUC 0.9340 Pre 0.8619 Rec 0.8592
2026-09-01 23:23:32 |   Val AUC improved to 0.9340, model saved
2026-09-01 23:23:43 | Epoch   6/100 | Train Loss 0.2542 Acc 0.9200 | Val Loss 0.3799 Acc 0.8657 AUC 0.9395 Pre 0.8691 Rec 0.8657
2026-09-01 23:23:43 |   Val AUC improved to 0.9395, model saved
2026-09-01 23:23:53 | Epoch   7/100 | Train Loss 0.1759 Acc 0.9533 | Val Loss 0.4071 Acc 0.8724 AUC 0.9400 Pre 0.8730 Rec 0.8724
2026-09-01 23:23:54 |   Val AUC improved to 0.9400, model saved
2026-09-01 23:24:04 | Epoch   8/100 | Train Loss 0.1269 Acc 0.9702 | Val Loss 0.4718 Acc 0.8698 AUC 0.9383 Pre 0.8709 Rec 0.8698
2026-09-01 23:24:14 | Epoch   9/100 | Train Loss 0.0932 Acc 0.9802 | Val Loss 0.5092 Acc 0.8713 AUC 0.9349 Pre 0.8728 Rec 0.8713
2026-09-01 23:24:25 | Epoch  10/100 | Train Loss 0.0682 Acc 0.9875 | Val Loss 0.5249 Acc 0.8696 AUC 0.9302 Pre 0.8698 Rec 0.8696
2026-09-01 23:24:36 | Epoch  11/100 | Train Loss 0.0558 Acc 0.9904 | Val Loss 0.5923 Acc 0.8730 AUC 0.9281 Pre 0.8730 Rec 0.8730
2026-09-01 23:24:46 | Epoch  12/100 | Train Loss 0.0468 Acc 0.9928 | Val Loss 0.6330 Acc 0.8682 AUC 0.9187 Pre 0.8689 Rec 0.8682
2026-09-01 23:24:57 | Epoch  13/100 | Train Loss 0.0402 Acc 0.9941 | Val Loss 0.6960 Acc 0.8664 AUC 0.9133 Pre 0.8673 Rec 0.8664
2026-09-01 23:25:07 | Epoch  14/100 | Train Loss 0.0397 Acc 0.9937 | Val Loss 0.6959 Acc 0.8679 AUC 0.9172 Pre 0.8689 Rec 0.8679
2026-09-01 23:25:16 | Epoch  15/100 | Train Loss 0.0375 Acc 0.9938 | Val Loss 0.7497 Acc 0.8563 AUC 0.9065 Pre 0.8637 Rec 0.8563
2026-09-01 23:25:27 | Epoch  16/100 | Train Loss 0.0357 Acc 0.9940 | Val Loss 0.7386 Acc 0.8625 AUC 0.9122 Pre 0.8655 Rec 0.8625
2026-09-01 23:25:37 | Epoch  17/100 | Train Loss 0.0380 Acc 0.9929 | Val Loss 0.7353 Acc 0.8602 AUC 0.9114 Pre 0.8646 Rec 0.8602
2026-09-01 23:25:37 | Val AUC did not improve for 10 consecutive epochs, early stopping at Epoch 17 (best AUC 0.9400 @ Epoch 7)
2026-09-01 23:25:39 | Run 3/5 | Test (best model @ Epoch 7) | Loss 0.4180 Acc 0.8675 AUC 0.9377 Pre 0.8682 Rec 0.8675
2026-09-01 23:25:39 | ===== Run 4/5 (seed 3) =====
2026-09-01 23:25:50 | Epoch   1/100 | Train Loss 0.7614 Acc 0.6237 | Val Loss 0.5945 Acc 0.7465 AUC 0.8254 Pre 0.7513 Rec 0.7465
2026-09-01 23:25:50 |   Val AUC improved to 0.8254, model saved
2026-09-01 23:26:00 | Epoch   2/100 | Train Loss 0.6294 Acc 0.7213 | Val Loss 0.6283 Acc 0.7267 AUC 0.8063 Pre 0.7406 Rec 0.7267
2026-09-01 23:26:11 | Epoch   3/100 | Train Loss 0.5544 Acc 0.7750 | Val Loss 0.6175 Acc 0.7280 AUC 0.8025 Pre 0.7294 Rec 0.7280
2026-09-01 23:26:21 | Epoch   4/100 | Train Loss 0.4453 Acc 0.8339 | Val Loss 0.4855 Acc 0.8232 AUC 0.9005 Pre 0.8259 Rec 0.8232
2026-09-01 23:26:21 |   Val AUC improved to 0.9005, model saved
2026-09-01 23:26:32 | Epoch   5/100 | Train Loss 0.3545 Acc 0.8751 | Val Loss 0.4426 Acc 0.8370 AUC 0.9075 Pre 0.8372 Rec 0.8370
2026-09-01 23:26:32 |   Val AUC improved to 0.9075, model saved
2026-09-01 23:26:43 | Epoch   6/100 | Train Loss 0.2747 Acc 0.9069 | Val Loss 0.4288 Acc 0.8413 AUC 0.9181 Pre 0.8421 Rec 0.8413
2026-09-01 23:26:43 |   Val AUC improved to 0.9181, model saved
2026-09-01 23:26:53 | Epoch   7/100 | Train Loss 0.2234 Acc 0.9283 | Val Loss 0.4440 Acc 0.8475 AUC 0.9193 Pre 0.8483 Rec 0.8475
2026-09-01 23:26:54 |   Val AUC improved to 0.9193, model saved
2026-09-01 23:27:04 | Epoch   8/100 | Train Loss 0.1520 Acc 0.9555 | Val Loss 0.4909 Acc 0.8509 AUC 0.9150 Pre 0.8509 Rec 0.8509
2026-09-01 23:27:14 | Epoch   9/100 | Train Loss 0.1100 Acc 0.9700 | Val Loss 0.6140 Acc 0.8271 AUC 0.9011 Pre 0.8349 Rec 0.8271
2026-09-01 23:27:25 | Epoch  10/100 | Train Loss 0.0774 Acc 0.9808 | Val Loss 0.6255 Acc 0.8441 AUC 0.9094 Pre 0.8449 Rec 0.8441
2026-09-01 23:27:35 | Epoch  11/100 | Train Loss 0.0542 Acc 0.9874 | Val Loss 0.6670 Acc 0.8448 AUC 0.9031 Pre 0.8449 Rec 0.8448
2026-09-01 23:27:46 | Epoch  12/100 | Train Loss 0.0456 Acc 0.9899 | Val Loss 0.6874 Acc 0.8517 AUC 0.9072 Pre 0.8517 Rec 0.8517
2026-09-01 23:27:57 | Epoch  13/100 | Train Loss 0.0508 Acc 0.9874 | Val Loss 0.7281 Acc 0.8454 AUC 0.9059 Pre 0.8456 Rec 0.8454
2026-09-01 23:28:07 | Epoch  14/100 | Train Loss 0.0364 Acc 0.9925 | Val Loss 0.8017 Acc 0.8306 AUC 0.8903 Pre 0.8322 Rec 0.8306
2026-09-01 23:28:18 | Epoch  15/100 | Train Loss 0.0339 Acc 0.9930 | Val Loss 0.7920 Acc 0.8419 AUC 0.8943 Pre 0.8447 Rec 0.8419
2026-09-01 23:28:28 | Epoch  16/100 | Train Loss 0.0378 Acc 0.9913 | Val Loss 0.8091 Acc 0.8367 AUC 0.9027 Pre 0.8368 Rec 0.8367
2026-09-01 23:28:39 | Epoch  17/100 | Train Loss 0.0256 Acc 0.9947 | Val Loss 0.8076 Acc 0.8477 AUC 0.9035 Pre 0.8482 Rec 0.8477
2026-09-01 23:28:39 | Val AUC did not improve for 10 consecutive epochs, early stopping at Epoch 17 (best AUC 0.9193 @ Epoch 7)
2026-09-01 23:28:40 | Run 4/5 | Test (best model @ Epoch 7) | Loss 0.4545 Acc 0.8438 AUC 0.9164 Pre 0.8447 Rec 0.8438
2026-09-01 23:28:40 | ===== Run 5/5 (seed 4) =====
2026-09-01 23:28:51 | Epoch   1/100 | Train Loss 0.7801 Acc 0.6041 | Val Loss 0.7019 Acc 0.6731 AUC 0.7467 Pre 0.6829 Rec 0.6731
2026-09-01 23:28:51 |   Val AUC improved to 0.7467, model saved
2026-09-01 23:29:02 | Epoch   2/100 | Train Loss 0.6919 Acc 0.6693 | Val Loss 0.7188 Acc 0.5957 AUC 0.7410 Pre 0.6953 Rec 0.5957
2026-09-01 23:29:11 | Epoch   3/100 | Train Loss 0.6203 Acc 0.7248 | Val Loss 0.5212 Acc 0.7909 AUC 0.8722 Pre 0.7996 Rec 0.7909
2026-09-01 23:29:11 |   Val AUC improved to 0.8722, model saved
2026-09-01 23:29:21 | Epoch   4/100 | Train Loss 0.4288 Acc 0.8399 | Val Loss 0.3970 Acc 0.8557 AUC 0.9271 Pre 0.8561 Rec 0.8557
2026-09-01 23:29:21 |   Val AUC improved to 0.9271, model saved
2026-09-01 23:29:32 | Epoch   5/100 | Train Loss 0.2906 Acc 0.9044 | Val Loss 0.4032 Acc 0.8535 AUC 0.9355 Pre 0.8609 Rec 0.8535
2026-09-01 23:29:32 |   Val AUC improved to 0.9355, model saved
2026-09-01 23:29:43 | Epoch   6/100 | Train Loss 0.2119 Acc 0.9367 | Val Loss 0.3870 Acc 0.8713 AUC 0.9383 Pre 0.8713 Rec 0.8713
2026-09-01 23:29:43 |   Val AUC improved to 0.9383, model saved
2026-09-01 23:29:53 | Epoch   7/100 | Train Loss 0.1376 Acc 0.9654 | Val Loss 0.4302 Acc 0.8652 AUC 0.9339 Pre 0.8654 Rec 0.8652
2026-09-01 23:30:04 | Epoch   8/100 | Train Loss 0.0917 Acc 0.9794 | Val Loss 0.4972 Acc 0.8672 AUC 0.9259 Pre 0.8672 Rec 0.8672
2026-09-01 23:30:14 | Epoch   9/100 | Train Loss 0.0814 Acc 0.9811 | Val Loss 0.5512 Acc 0.8611 AUC 0.9249 Pre 0.8636 Rec 0.8611
2026-09-01 23:30:25 | Epoch  10/100 | Train Loss 0.0594 Acc 0.9880 | Val Loss 0.6097 Acc 0.8656 AUC 0.9162 Pre 0.8669 Rec 0.8656
2026-09-01 23:30:36 | Epoch  11/100 | Train Loss 0.0447 Acc 0.9917 | Val Loss 0.6480 Acc 0.8648 AUC 0.9111 Pre 0.8650 Rec 0.8648
2026-09-01 23:30:46 | Epoch  12/100 | Train Loss 0.0378 Acc 0.9931 | Val Loss 0.6584 Acc 0.8619 AUC 0.9087 Pre 0.8625 Rec 0.8619
2026-09-01 23:30:57 | Epoch  13/100 | Train Loss 0.0313 Acc 0.9945 | Val Loss 0.7468 Acc 0.8610 AUC 0.9028 Pre 0.8623 Rec 0.8610
2026-09-01 23:31:07 | Epoch  14/100 | Train Loss 0.0273 Acc 0.9955 | Val Loss 0.7260 Acc 0.8676 AUC 0.9048 Pre 0.8676 Rec 0.8676
2026-09-01 23:31:18 | Epoch  15/100 | Train Loss 0.0317 Acc 0.9937 | Val Loss 0.7455 Acc 0.8636 AUC 0.9021 Pre 0.8662 Rec 0.8636
2026-09-01 23:31:28 | Epoch  16/100 | Train Loss 0.0267 Acc 0.9948 | Val Loss 0.7933 Acc 0.8647 AUC 0.8911 Pre 0.8666 Rec 0.8647
2026-09-01 23:31:28 | Val AUC did not improve for 10 consecutive epochs, early stopping at Epoch 16 (best AUC 0.9383 @ Epoch 6)
2026-09-01 23:31:30 | Run 5/5 | Test (best model @ Epoch 6) | Loss 0.3826 Acc 0.8701 AUC 0.9387 Pre 0.8702 Rec 0.8701
2026-09-01 23:31:30 | Average over 5 runs | Test Loss 0.4017±0.0377 Acc 0.8631±0.0108 AUC 0.9338±0.0102 Pre 0.8638±0.0107 Rec 0.8631±0.0108
