2026-09-14 22:20:47 | Device: cuda
2026-09-14 22:20:47 | Args: {'model': 'opb-fixed-frame-var', 'backbone': 'gnn', 'task': 'cora', 'epochs': 100, 'batch_size': 512, 'lr': 0.01, 'hidden_dims': [512, 256], 'dropout': 0.2, 'z_dim': 256, 'anchor_scale': 8.0, 'energy_classifier': False, 'tied_head': False, 'max_len': 250, 'random_labels': False, 'beta': 0.01, 'patience': 10, 'runs': 5, 'seed': 0, 'data_dir': './data', 'save_path': 'output/cora_gnn_opb-fixed-frame-var/cora_gnn_opb-fixed-frame-var.pt', 'log_path': '/root/autodl-tmp/IB/output/ablation/cora_gnn_opb-fixed-frame-var_beta_0.01_anchor_8/train.log', 'no_save': True}
2026-09-14 22:20:49 | Cora 划分（60/20/20 分层）：train 1624 / val 542 / test 542（共 2708 节点，7 类）
2026-09-14 22:20:50 | ===== Run 1/5 (seed 0) =====
2026-09-14 22:20:52 | Epoch   1/100 | Train Loss 11.3436 Acc 0.1379 | Val Loss 2.1509 Acc 0.3026 AUC 0.8785 Pre 0.0432 Rec 0.1429
2026-09-14 22:20:52 |   Val AUC improved to 0.8785, model saved
2026-09-14 22:20:52 | Epoch   2/100 | Train Loss 10.7697 Acc 0.1650 | Val Loss 2.8413 Acc 0.3026 AUC 0.7961 Pre 0.0432 Rec 0.1429
2026-09-14 22:20:52 | Epoch   3/100 | Train Loss 9.6163 Acc 0.2408 | Val Loss 2.6875 Acc 0.3026 AUC 0.8600 Pre 0.0432 Rec 0.1429
2026-09-14 22:20:52 | Epoch   4/100 | Train Loss 8.4369 Acc 0.2654 | Val Loss 1.8310 Acc 0.5498 AUC 0.9377 Pre 0.5986 Rec 0.3945
2026-09-14 22:20:52 |   Val AUC improved to 0.9377, model saved
2026-09-14 22:20:52 | Epoch   5/100 | Train Loss 6.5554 Acc 0.3362 | Val Loss 1.5348 Acc 0.7528 AUC 0.9616 Pre 0.5442 Rec 0.6162
2026-09-14 22:20:52 |   Val AUC improved to 0.9616, model saved
2026-09-14 22:20:52 | Epoch   6/100 | Train Loss 4.5070 Acc 0.4594 | Val Loss 1.5368 Acc 0.7565 AUC 0.9614 Pre 0.5281 Rec 0.6327
2026-09-14 22:20:52 | Epoch   7/100 | Train Loss 2.5208 Acc 0.6447 | Val Loss 1.3890 Acc 0.7915 AUC 0.9525 Pre 0.8171 Rec 0.7311
2026-09-14 22:20:52 | Epoch   8/100 | Train Loss 1.4769 Acc 0.7672 | Val Loss 2.7887 Acc 0.4760 AUC 0.9377 Pre 0.8241 Rec 0.4890
2026-09-14 22:20:52 | Epoch   9/100 | Train Loss 2.3896 Acc 0.5597 | Val Loss 2.4518 Acc 0.6550 AUC 0.9588 Pre 0.7086 Rec 0.5072
2026-09-14 22:20:52 | Epoch  10/100 | Train Loss 2.0687 Acc 0.7149 | Val Loss 2.2737 Acc 0.7749 AUC 0.9565 Pre 0.6777 Rec 0.7085
2026-09-14 22:20:52 | Epoch  11/100 | Train Loss 2.5858 Acc 0.6281 | Val Loss 2.4102 Acc 0.7509 AUC 0.9560 Pre 0.6602 Rec 0.6557
2026-09-14 22:20:53 | Epoch  12/100 | Train Loss 2.1386 Acc 0.7980 | Val Loss 2.3077 Acc 0.7675 AUC 0.9655 Pre 0.6819 Rec 0.6439
2026-09-14 22:20:53 |   Val AUC improved to 0.9655, model saved
2026-09-14 22:20:53 | Epoch  13/100 | Train Loss 1.9440 Acc 0.8085 | Val Loss 2.3438 Acc 0.7620 AUC 0.9690 Pre 0.6918 Rec 0.6295
2026-09-14 22:20:53 |   Val AUC improved to 0.9690, model saved
2026-09-14 22:20:53 | Epoch  14/100 | Train Loss 1.8556 Acc 0.8159 | Val Loss 2.2554 Acc 0.7768 AUC 0.9697 Pre 0.8596 Rec 0.6597
2026-09-14 22:20:53 |   Val AUC improved to 0.9697, model saved
2026-09-14 22:20:53 | Epoch  15/100 | Train Loss 1.6696 Acc 0.8270 | Val Loss 1.9379 Acc 0.7989 AUC 0.9717 Pre 0.8483 Rec 0.6996
2026-09-14 22:20:53 |   Val AUC improved to 0.9717, model saved
2026-09-14 22:20:53 | Epoch  16/100 | Train Loss 1.3281 Acc 0.8615 | Val Loss 1.6148 Acc 0.8303 AUC 0.9731 Pre 0.8547 Rec 0.7580
2026-09-14 22:20:53 |   Val AUC improved to 0.9731, model saved
2026-09-14 22:20:53 | Epoch  17/100 | Train Loss 1.0714 Acc 0.8885 | Val Loss 1.4273 Acc 0.8561 AUC 0.9746 Pre 0.8587 Rec 0.8133
2026-09-14 22:20:53 |   Val AUC improved to 0.9746, model saved
2026-09-14 22:20:53 | Epoch  18/100 | Train Loss 0.9027 Acc 0.9052 | Val Loss 1.3307 Acc 0.8561 AUC 0.9748 Pre 0.8513 Rec 0.8308
2026-09-14 22:20:53 |   Val AUC improved to 0.9748, model saved
2026-09-14 22:20:53 | Epoch  19/100 | Train Loss 0.8419 Acc 0.9009 | Val Loss 1.2833 Acc 0.8598 AUC 0.9751 Pre 0.8456 Rec 0.8548
2026-09-14 22:20:53 |   Val AUC improved to 0.9751, model saved
2026-09-14 22:20:53 | Epoch  20/100 | Train Loss 0.8529 Acc 0.8879 | Val Loss 1.2654 Acc 0.8616 AUC 0.9754 Pre 0.8396 Rec 0.8628
2026-09-14 22:20:53 |   Val AUC improved to 0.9754, model saved
2026-09-14 22:20:53 | Epoch  21/100 | Train Loss 0.8768 Acc 0.8744 | Val Loss 1.2626 Acc 0.8542 AUC 0.9754 Pre 0.8288 Rec 0.8599
2026-09-14 22:20:53 | Epoch  22/100 | Train Loss 0.8579 Acc 0.8713 | Val Loss 1.2608 Acc 0.8469 AUC 0.9752 Pre 0.8186 Rec 0.8477
2026-09-14 22:20:53 | Epoch  23/100 | Train Loss 0.9036 Acc 0.8738 | Val Loss 1.2588 Acc 0.8524 AUC 0.9747 Pre 0.8241 Rec 0.8507
2026-09-14 22:20:53 | Epoch  24/100 | Train Loss 0.7503 Acc 0.8953 | Val Loss 1.2564 Acc 0.8561 AUC 0.9742 Pre 0.8285 Rec 0.8477
2026-09-14 22:20:53 | Epoch  25/100 | Train Loss 0.6781 Acc 0.9039 | Val Loss 1.2713 Acc 0.8579 AUC 0.9735 Pre 0.8370 Rec 0.8427
2026-09-14 22:20:53 | Epoch  26/100 | Train Loss 0.5859 Acc 0.9261 | Val Loss 1.3082 Acc 0.8561 AUC 0.9725 Pre 0.8449 Rec 0.8368
2026-09-14 22:20:53 | Epoch  27/100 | Train Loss 0.5398 Acc 0.9390 | Val Loss 1.3636 Acc 0.8542 AUC 0.9713 Pre 0.8545 Rec 0.8274
2026-09-14 22:20:53 | Epoch  28/100 | Train Loss 0.4904 Acc 0.9440 | Val Loss 1.4275 Acc 0.8358 AUC 0.9698 Pre 0.8434 Rec 0.7993
2026-09-14 22:20:53 | Epoch  29/100 | Train Loss 0.4854 Acc 0.9458 | Val Loss 1.4873 Acc 0.8358 AUC 0.9687 Pre 0.8452 Rec 0.7962
2026-09-14 22:20:53 | Epoch  30/100 | Train Loss 0.4811 Acc 0.9427 | Val Loss 1.5262 Acc 0.8339 AUC 0.9681 Pre 0.8435 Rec 0.7961
2026-09-14 22:20:53 | Val AUC did not improve for 10 consecutive epochs, early stopping at Epoch 30 (best AUC 0.9754 @ Epoch 20)
2026-09-14 22:20:53 | Run 1/5 | Test (best model @ Epoch 20) | Loss 1.2172 Acc 0.8782 AUC 0.9787 Pre 0.8576 Rec 0.8818
2026-09-14 22:20:53 | ===== Run 2/5 (seed 1) =====
2026-09-14 22:20:53 | Epoch   1/100 | Train Loss 11.4803 Acc 0.1398 | Val Loss 2.1392 Acc 0.3026 AUC 0.8423 Pre 0.0432 Rec 0.1429
2026-09-14 22:20:53 |   Val AUC improved to 0.8423, model saved
2026-09-14 22:20:53 | Epoch   2/100 | Train Loss 10.3266 Acc 0.1663 | Val Loss 3.1313 Acc 0.3026 AUC 0.7843 Pre 0.0432 Rec 0.1429
2026-09-14 22:20:54 | Epoch   3/100 | Train Loss 9.6874 Acc 0.2248 | Val Loss 2.5386 Acc 0.3210 AUC 0.8721 Pre 0.1869 Rec 0.1599
2026-09-14 22:20:54 |   Val AUC improved to 0.8721, model saved
2026-09-14 22:20:54 | Epoch   4/100 | Train Loss 8.3966 Acc 0.2685 | Val Loss 2.0016 Acc 0.5609 AUC 0.9235 Pre 0.5626 Rec 0.4085
2026-09-14 22:20:54 |   Val AUC improved to 0.9235, model saved
2026-09-14 22:20:54 | Epoch   5/100 | Train Loss 6.5217 Acc 0.3337 | Val Loss 1.6779 Acc 0.7140 AUC 0.9516 Pre 0.5594 Rec 0.5730
2026-09-14 22:20:54 |   Val AUC improved to 0.9516, model saved
2026-09-14 22:20:54 | Epoch   6/100 | Train Loss 4.4642 Acc 0.4698 | Val Loss 1.5873 Acc 0.7509 AUC 0.9585 Pre 0.5592 Rec 0.6273
2026-09-14 22:20:54 |   Val AUC improved to 0.9585, model saved
2026-09-14 22:20:54 | Epoch   7/100 | Train Loss 2.3785 Acc 0.6681 | Val Loss 1.3321 Acc 0.8100 AUC 0.9500 Pre 0.7907 Rec 0.7646
2026-09-14 22:20:54 | Epoch   8/100 | Train Loss 1.4045 Acc 0.7660 | Val Loss 2.1415 Acc 0.6310 AUC 0.9558 Pre 0.8050 Rec 0.5676
2026-09-14 22:20:54 | Epoch   9/100 | Train Loss 1.6941 Acc 0.7100 | Val Loss 2.3598 Acc 0.7435 AUC 0.9569 Pre 0.8177 Rec 0.6591
2026-09-14 22:20:54 | Epoch  10/100 | Train Loss 2.3046 Acc 0.5720 | Val Loss 2.4673 Acc 0.7159 AUC 0.9610 Pre 0.5866 Rec 0.5721
2026-09-14 22:20:54 |   Val AUC improved to 0.9610, model saved
2026-09-14 22:20:54 | Epoch  11/100 | Train Loss 1.9376 Acc 0.7679 | Val Loss 2.2528 Acc 0.7620 AUC 0.9652 Pre 0.6972 Rec 0.6299
2026-09-14 22:20:54 |   Val AUC improved to 0.9652, model saved
2026-09-14 22:20:54 | Epoch  12/100 | Train Loss 1.9740 Acc 0.7888 | Val Loss 2.3087 Acc 0.7638 AUC 0.9642 Pre 0.6778 Rec 0.6464
2026-09-14 22:20:54 | Epoch  13/100 | Train Loss 2.0320 Acc 0.7888 | Val Loss 2.2073 Acc 0.7749 AUC 0.9661 Pre 0.8348 Rec 0.6825
2026-09-14 22:20:54 |   Val AUC improved to 0.9661, model saved
2026-09-14 22:20:54 | Epoch  14/100 | Train Loss 1.7342 Acc 0.8165 | Val Loss 1.9084 Acc 0.8229 AUC 0.9707 Pre 0.8708 Rec 0.7638
2026-09-14 22:20:54 |   Val AUC improved to 0.9707, model saved
2026-09-14 22:20:54 | Epoch  15/100 | Train Loss 1.3223 Acc 0.8627 | Val Loss 1.6525 Acc 0.8469 AUC 0.9741 Pre 0.8597 Rec 0.8056
2026-09-14 22:20:54 |   Val AUC improved to 0.9741, model saved
2026-09-14 22:20:54 | Epoch  16/100 | Train Loss 1.0773 Acc 0.8855 | Val Loss 1.4754 Acc 0.8635 AUC 0.9762 Pre 0.8575 Rec 0.8431
2026-09-14 22:20:54 |   Val AUC improved to 0.9762, model saved
2026-09-14 22:20:54 | Epoch  17/100 | Train Loss 0.9708 Acc 0.8941 | Val Loss 1.3576 Acc 0.8708 AUC 0.9770 Pre 0.8589 Rec 0.8574
2026-09-14 22:20:54 |   Val AUC improved to 0.9770, model saved
2026-09-14 22:20:55 | Epoch  18/100 | Train Loss 0.8207 Acc 0.9052 | Val Loss 1.3339 Acc 0.8561 AUC 0.9762 Pre 0.8394 Rec 0.8478
2026-09-14 22:20:55 | Epoch  19/100 | Train Loss 0.7627 Acc 0.9076 | Val Loss 1.4163 Acc 0.8376 AUC 0.9744 Pre 0.8423 Rec 0.8322
2026-09-14 22:20:55 | Epoch  20/100 | Train Loss 0.7620 Acc 0.9089 | Val Loss 1.4947 Acc 0.8210 AUC 0.9730 Pre 0.8349 Rec 0.8177
2026-09-14 22:20:55 | Epoch  21/100 | Train Loss 0.8073 Acc 0.8892 | Val Loss 1.4878 Acc 0.8210 AUC 0.9723 Pre 0.8341 Rec 0.8187
2026-09-14 22:20:55 | Epoch  22/100 | Train Loss 0.7867 Acc 0.8879 | Val Loss 1.4310 Acc 0.8339 AUC 0.9720 Pre 0.8396 Rec 0.8277
2026-09-14 22:20:55 | Epoch  23/100 | Train Loss 0.6908 Acc 0.9027 | Val Loss 1.3942 Acc 0.8506 AUC 0.9719 Pre 0.8524 Rec 0.8359
2026-09-14 22:20:55 | Epoch  24/100 | Train Loss 0.5940 Acc 0.9212 | Val Loss 1.3873 Acc 0.8542 AUC 0.9715 Pre 0.8543 Rec 0.8385
2026-09-14 22:20:55 | Epoch  25/100 | Train Loss 0.5514 Acc 0.9335 | Val Loss 1.3948 Acc 0.8487 AUC 0.9711 Pre 0.8536 Rec 0.8317
2026-09-14 22:20:55 | Epoch  26/100 | Train Loss 0.5235 Acc 0.9372 | Val Loss 1.4002 Acc 0.8542 AUC 0.9709 Pre 0.8606 Rec 0.8335
2026-09-14 22:20:55 | Epoch  27/100 | Train Loss 0.5178 Acc 0.9341 | Val Loss 1.4014 Acc 0.8542 AUC 0.9711 Pre 0.8606 Rec 0.8335
2026-09-14 22:20:55 | Val AUC did not improve for 10 consecutive epochs, early stopping at Epoch 27 (best AUC 0.9770 @ Epoch 17)
2026-09-14 22:20:55 | Run 2/5 | Test (best model @ Epoch 17) | Loss 1.2615 Acc 0.8801 AUC 0.9796 Pre 0.8640 Rec 0.8726
2026-09-14 22:20:55 | ===== Run 3/5 (seed 2) =====
2026-09-14 22:20:55 | Epoch   1/100 | Train Loss 11.0391 Acc 0.1527 | Val Loss 2.1037 Acc 0.3026 AUC 0.9024 Pre 0.0432 Rec 0.1429
2026-09-14 22:20:55 |   Val AUC improved to 0.9024, model saved
2026-09-14 22:20:55 | Epoch   2/100 | Train Loss 10.1448 Acc 0.1860 | Val Loss 2.7003 Acc 0.3026 AUC 0.8368 Pre 0.0432 Rec 0.1429
2026-09-14 22:20:55 | Epoch   3/100 | Train Loss 9.5332 Acc 0.2303 | Val Loss 2.5376 Acc 0.3026 AUC 0.8969 Pre 0.0432 Rec 0.1429
2026-09-14 22:20:55 | Epoch   4/100 | Train Loss 8.0525 Acc 0.2716 | Val Loss 1.7383 Acc 0.6550 AUC 0.9476 Pre 0.5553 Rec 0.5050
2026-09-14 22:20:55 |   Val AUC improved to 0.9476, model saved
2026-09-14 22:20:55 | Epoch   5/100 | Train Loss 6.2081 Acc 0.3356 | Val Loss 1.7803 Acc 0.6937 AUC 0.9483 Pre 0.5136 Rec 0.5962
2026-09-14 22:20:55 |   Val AUC improved to 0.9483, model saved
2026-09-14 22:20:56 | Epoch   6/100 | Train Loss 3.9001 Acc 0.4932 | Val Loss 1.6268 Acc 0.7509 AUC 0.9605 Pre 0.5344 Rec 0.6230
2026-09-14 22:20:56 |   Val AUC improved to 0.9605, model saved
2026-09-14 22:20:56 | Epoch   7/100 | Train Loss 2.4002 Acc 0.6743 | Val Loss 1.4031 Acc 0.7177 AUC 0.9596 Pre 0.7802 Rec 0.7072
2026-09-14 22:20:56 | Epoch   8/100 | Train Loss 1.4419 Acc 0.7512 | Val Loss 2.1019 Acc 0.6421 AUC 0.9567 Pre 0.7831 Rec 0.5843
2026-09-14 22:20:56 | Epoch   9/100 | Train Loss 2.1424 Acc 0.6539 | Val Loss 1.6398 Acc 0.7749 AUC 0.9628 Pre 0.8239 Rec 0.6830
2026-09-14 22:20:56 |   Val AUC improved to 0.9628, model saved
2026-09-14 22:20:56 | Epoch  10/100 | Train Loss 1.1986 Acc 0.8276 | Val Loss 2.2873 Acc 0.7417 AUC 0.9542 Pre 0.8330 Rec 0.6960
2026-09-14 22:20:56 | Epoch  11/100 | Train Loss 1.7059 Acc 0.7962 | Val Loss 1.7514 Acc 0.8210 AUC 0.9699 Pre 0.8506 Rec 0.7340
2026-09-14 22:20:56 |   Val AUC improved to 0.9699, model saved
2026-09-14 22:20:56 | Epoch  12/100 | Train Loss 1.4075 Acc 0.8645 | Val Loss 1.9039 Acc 0.7934 AUC 0.9723 Pre 0.7086 Rec 0.6946
2026-09-14 22:20:56 |   Val AUC improved to 0.9723, model saved
2026-09-14 22:20:56 | Epoch  13/100 | Train Loss 1.4011 Acc 0.8571 | Val Loss 1.9510 Acc 0.7952 AUC 0.9727 Pre 0.8677 Rec 0.7027
2026-09-14 22:20:56 |   Val AUC improved to 0.9727, model saved
2026-09-14 22:20:56 | Epoch  14/100 | Train Loss 1.2818 Acc 0.8658 | Val Loss 1.7059 Acc 0.8284 AUC 0.9733 Pre 0.8632 Rec 0.7538
2026-09-14 22:20:56 |   Val AUC improved to 0.9733, model saved
2026-09-14 22:20:56 | Epoch  15/100 | Train Loss 1.0164 Acc 0.9027 | Val Loss 1.5710 Acc 0.8524 AUC 0.9732 Pre 0.8712 Rec 0.8073
2026-09-14 22:20:56 | Epoch  16/100 | Train Loss 0.8542 Acc 0.9218 | Val Loss 1.5062 Acc 0.8524 AUC 0.9739 Pre 0.8522 Rec 0.8275
2026-09-14 22:20:56 |   Val AUC improved to 0.9739, model saved
2026-09-14 22:20:56 | Epoch  17/100 | Train Loss 0.7908 Acc 0.9175 | Val Loss 1.4559 Acc 0.8579 AUC 0.9750 Pre 0.8497 Rec 0.8443
2026-09-14 22:20:56 |   Val AUC improved to 0.9750, model saved
2026-09-14 22:20:56 | Epoch  18/100 | Train Loss 0.7850 Acc 0.9070 | Val Loss 1.4270 Acc 0.8616 AUC 0.9758 Pre 0.8488 Rec 0.8495
2026-09-14 22:20:56 |   Val AUC improved to 0.9758, model saved
2026-09-14 22:20:56 | Epoch  19/100 | Train Loss 0.7648 Acc 0.9064 | Val Loss 1.4203 Acc 0.8635 AUC 0.9759 Pre 0.8485 Rec 0.8463
2026-09-14 22:20:56 |   Val AUC improved to 0.9759, model saved
2026-09-14 22:20:56 | Epoch  20/100 | Train Loss 0.7409 Acc 0.9119 | Val Loss 1.4304 Acc 0.8653 AUC 0.9754 Pre 0.8528 Rec 0.8408
2026-09-14 22:20:56 | Epoch  21/100 | Train Loss 0.6575 Acc 0.9236 | Val Loss 1.4605 Acc 0.8653 AUC 0.9746 Pre 0.8628 Rec 0.8403
2026-09-14 22:20:57 | Epoch  22/100 | Train Loss 0.5924 Acc 0.9390 | Val Loss 1.5135 Acc 0.8579 AUC 0.9729 Pre 0.8628 Rec 0.8267
2026-09-14 22:20:57 | Epoch  23/100 | Train Loss 0.5347 Acc 0.9415 | Val Loss 1.5829 Acc 0.8506 AUC 0.9710 Pre 0.8653 Rec 0.8110
2026-09-14 22:20:57 | Epoch  24/100 | Train Loss 0.5025 Acc 0.9470 | Val Loss 1.6592 Acc 0.8413 AUC 0.9691 Pre 0.8574 Rec 0.7978
2026-09-14 22:20:57 | Epoch  25/100 | Train Loss 0.5112 Acc 0.9489 | Val Loss 1.7057 Acc 0.8432 AUC 0.9679 Pre 0.8621 Rec 0.7995
2026-09-14 22:20:57 | Epoch  26/100 | Train Loss 0.5031 Acc 0.9390 | Val Loss 1.7058 Acc 0.8376 AUC 0.9677 Pre 0.8577 Rec 0.7879
2026-09-14 22:20:57 | Epoch  27/100 | Train Loss 0.4762 Acc 0.9458 | Val Loss 1.6833 Acc 0.8303 AUC 0.9680 Pre 0.8496 Rec 0.7820
2026-09-14 22:20:57 | Epoch  28/100 | Train Loss 0.4412 Acc 0.9483 | Val Loss 1.6531 Acc 0.8339 AUC 0.9684 Pre 0.8482 Rec 0.7900
2026-09-14 22:20:57 | Epoch  29/100 | Train Loss 0.4186 Acc 0.9557 | Val Loss 1.6260 Acc 0.8321 AUC 0.9690 Pre 0.8469 Rec 0.7883
2026-09-14 22:20:57 | Val AUC did not improve for 10 consecutive epochs, early stopping at Epoch 29 (best AUC 0.9759 @ Epoch 19)
2026-09-14 22:20:57 | Run 3/5 | Test (best model @ Epoch 19) | Loss 1.2756 Acc 0.8745 AUC 0.9806 Pre 0.8579 Rec 0.8654
2026-09-14 22:20:57 | ===== Run 4/5 (seed 3) =====
2026-09-14 22:20:57 | Epoch   1/100 | Train Loss 11.0649 Acc 0.1416 | Val Loss 2.1012 Acc 0.3026 AUC 0.8828 Pre 0.0432 Rec 0.1429
2026-09-14 22:20:57 |   Val AUC improved to 0.8828, model saved
2026-09-14 22:20:57 | Epoch   2/100 | Train Loss 10.4019 Acc 0.1761 | Val Loss 2.8784 Acc 0.3026 AUC 0.8017 Pre 0.0432 Rec 0.1429
2026-09-14 22:20:57 | Epoch   3/100 | Train Loss 9.5889 Acc 0.2377 | Val Loss 2.3332 Acc 0.3137 AUC 0.8878 Pre 0.1866 Rec 0.1531
2026-09-14 22:20:57 |   Val AUC improved to 0.8878, model saved
2026-09-14 22:20:57 | Epoch   4/100 | Train Loss 8.0358 Acc 0.2845 | Val Loss 1.6100 Acc 0.6107 AUC 0.9470 Pre 0.5744 Rec 0.4594
2026-09-14 22:20:57 |   Val AUC improved to 0.9470, model saved
2026-09-14 22:20:57 | Epoch   5/100 | Train Loss 6.6441 Acc 0.3387 | Val Loss 1.4378 Acc 0.7214 AUC 0.9616 Pre 0.5395 Rec 0.5792
2026-09-14 22:20:57 |   Val AUC improved to 0.9616, model saved
2026-09-14 22:20:57 | Epoch   6/100 | Train Loss 4.4219 Acc 0.4538 | Val Loss 1.4942 Acc 0.7528 AUC 0.9636 Pre 0.6755 Rec 0.6478
2026-09-14 22:20:57 |   Val AUC improved to 0.9636, model saved
2026-09-14 22:20:57 | Epoch   7/100 | Train Loss 2.5119 Acc 0.6422 | Val Loss 2.5000 Acc 0.5111 AUC 0.9320 Pre 0.4992 Rec 0.5783
2026-09-14 22:20:57 | Epoch   8/100 | Train Loss 2.5543 Acc 0.5185 | Val Loss 1.3555 Acc 0.7657 AUC 0.9664 Pre 0.8645 Rec 0.6528
2026-09-14 22:20:57 |   Val AUC improved to 0.9664, model saved
2026-09-14 22:20:57 | Epoch   9/100 | Train Loss 1.2857 Acc 0.7869 | Val Loss 2.9461 Acc 0.5959 AUC 0.9528 Pre 0.6908 Rec 0.5755
2026-09-14 22:20:57 | Epoch  10/100 | Train Loss 2.9831 Acc 0.4760 | Val Loss 2.8544 Acc 0.6919 AUC 0.9587 Pre 0.7192 Rec 0.5573
2026-09-14 22:20:57 | Epoch  11/100 | Train Loss 2.4910 Acc 0.7629 | Val Loss 2.6419 Acc 0.7435 AUC 0.9623 Pre 0.5560 Rec 0.6110
2026-09-14 22:20:58 | Epoch  12/100 | Train Loss 2.3455 Acc 0.7925 | Val Loss 2.5093 Acc 0.7601 AUC 0.9649 Pre 0.5491 Rec 0.6297
2026-09-14 22:20:58 | Epoch  13/100 | Train Loss 2.2334 Acc 0.7882 | Val Loss 2.2369 Acc 0.7657 AUC 0.9678 Pre 0.6893 Rec 0.6374
2026-09-14 22:20:58 |   Val AUC improved to 0.9678, model saved
2026-09-14 22:20:58 | Epoch  14/100 | Train Loss 1.7679 Acc 0.8085 | Val Loss 1.8865 Acc 0.7970 AUC 0.9716 Pre 0.8431 Rec 0.6922
2026-09-14 22:20:58 |   Val AUC improved to 0.9716, model saved
2026-09-14 22:20:58 | Epoch  15/100 | Train Loss 1.3507 Acc 0.8615 | Val Loss 1.6499 Acc 0.8044 AUC 0.9738 Pre 0.8306 Rec 0.7238
2026-09-14 22:20:58 |   Val AUC improved to 0.9738, model saved
2026-09-14 22:20:58 | Epoch  16/100 | Train Loss 1.1350 Acc 0.8725 | Val Loss 1.4897 Acc 0.8173 AUC 0.9744 Pre 0.8273 Rec 0.7558
2026-09-14 22:20:58 |   Val AUC improved to 0.9744, model saved
2026-09-14 22:20:58 | Epoch  17/100 | Train Loss 1.0404 Acc 0.8719 | Val Loss 1.3979 Acc 0.8284 AUC 0.9745 Pre 0.8297 Rec 0.7965
2026-09-14 22:20:58 |   Val AUC improved to 0.9745, model saved
2026-09-14 22:20:58 | Epoch  18/100 | Train Loss 1.0349 Acc 0.8479 | Val Loss 1.3115 Acc 0.8395 AUC 0.9750 Pre 0.8354 Rec 0.8290
2026-09-14 22:20:58 |   Val AUC improved to 0.9750, model saved
2026-09-14 22:20:58 | Epoch  19/100 | Train Loss 1.0227 Acc 0.8405 | Val Loss 1.2259 Acc 0.8542 AUC 0.9762 Pre 0.8393 Rec 0.8454
2026-09-14 22:20:58 |   Val AUC improved to 0.9762, model saved
2026-09-14 22:20:58 | Epoch  20/100 | Train Loss 0.8708 Acc 0.8793 | Val Loss 1.1966 Acc 0.8598 AUC 0.9767 Pre 0.8416 Rec 0.8536
2026-09-14 22:20:58 |   Val AUC improved to 0.9767, model saved
2026-09-14 22:20:58 | Epoch  21/100 | Train Loss 0.7425 Acc 0.8984 | Val Loss 1.2225 Acc 0.8653 AUC 0.9764 Pre 0.8514 Rec 0.8578
2026-09-14 22:20:58 | Epoch  22/100 | Train Loss 0.7274 Acc 0.9009 | Val Loss 1.2606 Acc 0.8579 AUC 0.9760 Pre 0.8428 Rec 0.8486
2026-09-14 22:20:58 | Epoch  23/100 | Train Loss 0.7402 Acc 0.9015 | Val Loss 1.2903 Acc 0.8542 AUC 0.9757 Pre 0.8472 Rec 0.8432
2026-09-14 22:20:58 | Epoch  24/100 | Train Loss 0.7190 Acc 0.9095 | Val Loss 1.3027 Acc 0.8469 AUC 0.9753 Pre 0.8392 Rec 0.8312
2026-09-14 22:20:58 | Epoch  25/100 | Train Loss 0.6572 Acc 0.9101 | Val Loss 1.3088 Acc 0.8524 AUC 0.9752 Pre 0.8444 Rec 0.8355
2026-09-14 22:20:58 | Epoch  26/100 | Train Loss 0.6094 Acc 0.9255 | Val Loss 1.3198 Acc 0.8469 AUC 0.9745 Pre 0.8392 Rec 0.8218
2026-09-14 22:20:58 | Epoch  27/100 | Train Loss 0.5638 Acc 0.9249 | Val Loss 1.3400 Acc 0.8432 AUC 0.9741 Pre 0.8345 Rec 0.8089
2026-09-14 22:20:58 | Epoch  28/100 | Train Loss 0.5384 Acc 0.9366 | Val Loss 1.3684 Acc 0.8450 AUC 0.9735 Pre 0.8454 Rec 0.8137
2026-09-14 22:20:58 | Epoch  29/100 | Train Loss 0.5038 Acc 0.9446 | Val Loss 1.3958 Acc 0.8487 AUC 0.9727 Pre 0.8520 Rec 0.8160
2026-09-14 22:20:59 | Epoch  30/100 | Train Loss 0.4968 Acc 0.9477 | Val Loss 1.4195 Acc 0.8487 AUC 0.9720 Pre 0.8546 Rec 0.8135
2026-09-14 22:20:59 | Val AUC did not improve for 10 consecutive epochs, early stopping at Epoch 30 (best AUC 0.9767 @ Epoch 20)
2026-09-14 22:20:59 | Run 4/5 | Test (best model @ Epoch 20) | Loss 1.1722 Acc 0.8801 AUC 0.9784 Pre 0.8675 Rec 0.8837
2026-09-14 22:20:59 | ===== Run 5/5 (seed 4) =====
2026-09-14 22:20:59 | Epoch   1/100 | Train Loss 11.5347 Acc 0.1305 | Val Loss 2.0929 Acc 0.3026 AUC 0.8889 Pre 0.0432 Rec 0.1429
2026-09-14 22:20:59 |   Val AUC improved to 0.8889, model saved
2026-09-14 22:20:59 | Epoch   2/100 | Train Loss 10.2450 Acc 0.1675 | Val Loss 2.6437 Acc 0.3026 AUC 0.8402 Pre 0.0432 Rec 0.1429
2026-09-14 22:20:59 | Epoch   3/100 | Train Loss 9.7604 Acc 0.2309 | Val Loss 2.6280 Acc 0.3395 AUC 0.8881 Pre 0.1877 Rec 0.1769
2026-09-14 22:20:59 | Epoch   4/100 | Train Loss 8.1342 Acc 0.2863 | Val Loss 1.8033 Acc 0.6070 AUC 0.9478 Pre 0.5917 Rec 0.4532
2026-09-14 22:20:59 |   Val AUC improved to 0.9478, model saved
2026-09-14 22:20:59 | Epoch   5/100 | Train Loss 6.0087 Acc 0.3762 | Val Loss 1.7104 Acc 0.7454 AUC 0.9562 Pre 0.5324 Rec 0.6286
2026-09-14 22:20:59 |   Val AUC improved to 0.9562, model saved
2026-09-14 22:20:59 | Epoch   6/100 | Train Loss 3.9961 Acc 0.4969 | Val Loss 1.7555 Acc 0.7472 AUC 0.9575 Pre 0.5340 Rec 0.6246
2026-09-14 22:20:59 |   Val AUC improved to 0.9575, model saved
2026-09-14 22:20:59 | Epoch   7/100 | Train Loss 2.3961 Acc 0.7069 | Val Loss 1.8794 Acc 0.6089 AUC 0.9560 Pre 0.6227 Rec 0.6234
2026-09-14 22:20:59 | Epoch   8/100 | Train Loss 2.0106 Acc 0.6139 | Val Loss 1.6373 Acc 0.7325 AUC 0.9649 Pre 0.7258 Rec 0.5932
2026-09-14 22:20:59 |   Val AUC improved to 0.9649, model saved
2026-09-14 22:20:59 | Epoch   9/100 | Train Loss 1.5011 Acc 0.7611 | Val Loss 1.8590 Acc 0.7417 AUC 0.9487 Pre 0.6358 Rec 0.6747
2026-09-14 22:20:59 | Epoch  10/100 | Train Loss 1.4908 Acc 0.7740 | Val Loss 1.9406 Acc 0.7638 AUC 0.9608 Pre 0.7857 Rec 0.7114
2026-09-14 22:20:59 | Epoch  11/100 | Train Loss 1.6029 Acc 0.7777 | Val Loss 1.6244 Acc 0.8081 AUC 0.9697 Pre 0.8455 Rec 0.7301
2026-09-14 22:20:59 |   Val AUC improved to 0.9697, model saved
2026-09-14 22:20:59 | Epoch  12/100 | Train Loss 1.0551 Acc 0.8682 | Val Loss 1.5674 Acc 0.8266 AUC 0.9717 Pre 0.8809 Rec 0.7536
2026-09-14 22:20:59 |   Val AUC improved to 0.9717, model saved
2026-09-14 22:20:59 | Epoch  13/100 | Train Loss 0.9103 Acc 0.8922 | Val Loss 1.5063 Acc 0.8450 AUC 0.9741 Pre 0.8727 Rec 0.7859
2026-09-14 22:20:59 |   Val AUC improved to 0.9741, model saved
2026-09-14 22:20:59 | Epoch  14/100 | Train Loss 0.8711 Acc 0.8966 | Val Loss 1.4452 Acc 0.8598 AUC 0.9751 Pre 0.8611 Rec 0.8198
2026-09-14 22:20:59 |   Val AUC improved to 0.9751, model saved
2026-09-14 22:20:59 | Epoch  15/100 | Train Loss 0.8216 Acc 0.9113 | Val Loss 1.4426 Acc 0.8598 AUC 0.9754 Pre 0.8467 Rec 0.8324
2026-09-14 22:20:59 |   Val AUC improved to 0.9754, model saved
2026-09-14 22:21:00 | Epoch  16/100 | Train Loss 0.8574 Acc 0.9083 | Val Loss 1.4481 Acc 0.8616 AUC 0.9757 Pre 0.8483 Rec 0.8475
2026-09-14 22:21:00 |   Val AUC improved to 0.9757, model saved
2026-09-14 22:21:00 | Epoch  17/100 | Train Loss 0.8288 Acc 0.9126 | Val Loss 1.4636 Acc 0.8616 AUC 0.9761 Pre 0.8517 Rec 0.8427
2026-09-14 22:21:00 |   Val AUC improved to 0.9761, model saved
2026-09-14 22:21:00 | Epoch  18/100 | Train Loss 0.7347 Acc 0.9317 | Val Loss 1.5037 Acc 0.8672 AUC 0.9762 Pre 0.8634 Rec 0.8530
2026-09-14 22:21:00 |   Val AUC improved to 0.9762, model saved
2026-09-14 22:21:00 | Epoch  19/100 | Train Loss 0.6669 Acc 0.9384 | Val Loss 1.5530 Acc 0.8653 AUC 0.9754 Pre 0.8702 Rec 0.8448
2026-09-14 22:21:00 | Epoch  20/100 | Train Loss 0.6178 Acc 0.9347 | Val Loss 1.5976 Acc 0.8616 AUC 0.9742 Pre 0.8709 Rec 0.8372
2026-09-14 22:21:00 | Epoch  21/100 | Train Loss 0.5514 Acc 0.9446 | Val Loss 1.6496 Acc 0.8469 AUC 0.9728 Pre 0.8562 Rec 0.8101
2026-09-14 22:21:00 | Epoch  22/100 | Train Loss 0.5105 Acc 0.9514 | Val Loss 1.7177 Acc 0.8450 AUC 0.9716 Pre 0.8536 Rec 0.8085
2026-09-14 22:21:00 | Epoch  23/100 | Train Loss 0.4900 Acc 0.9501 | Val Loss 1.7927 Acc 0.8358 AUC 0.9702 Pre 0.8488 Rec 0.7891
2026-09-14 22:21:00 | Epoch  24/100 | Train Loss 0.4745 Acc 0.9550 | Val Loss 1.8687 Acc 0.8192 AUC 0.9698 Pre 0.8376 Rec 0.7578
2026-09-14 22:21:00 | Epoch  25/100 | Train Loss 0.4448 Acc 0.9600 | Val Loss 1.9173 Acc 0.8100 AUC 0.9694 Pre 0.8471 Rec 0.7418
2026-09-14 22:21:00 | Epoch  26/100 | Train Loss 0.4217 Acc 0.9624 | Val Loss 1.9254 Acc 0.8118 AUC 0.9689 Pre 0.8433 Rec 0.7467
2026-09-14 22:21:00 | Epoch  27/100 | Train Loss 0.4070 Acc 0.9624 | Val Loss 1.8785 Acc 0.8173 AUC 0.9686 Pre 0.8475 Rec 0.7573
2026-09-14 22:21:00 | Epoch  28/100 | Train Loss 0.3840 Acc 0.9631 | Val Loss 1.8181 Acc 0.8321 AUC 0.9686 Pre 0.8463 Rec 0.7863
2026-09-14 22:21:00 | Val AUC did not improve for 10 consecutive epochs, early stopping at Epoch 28 (best AUC 0.9762 @ Epoch 18)
2026-09-14 22:21:00 | Run 5/5 | Test (best model @ Epoch 18) | Loss 1.3866 Acc 0.8764 AUC 0.9794 Pre 0.8641 Rec 0.8690
2026-09-14 22:21:00 | Average over 5 runs | Test Loss 1.2626±0.0803 Acc 0.8779±0.0024 AUC 0.9793±0.0009 Pre 0.8622±0.0043 Rec 0.8745±0.0080
