2026-09-01 03:56:01 | Device: cuda
2026-09-01 03:56:01 | Args: {'model': 'opb', 'backbone': 'mlp', 'task': 'housing', 'epochs': 100, 'batch_size': 512, 'lr': 0.001, 'hidden_dims': [512, 256], 'dropout': 0.2, 'z_dim': 256, 'anchor_scale': 1.0, 'max_len': 250, 'random_labels': False, 'beta': 0.1, 'patience': 10, 'runs': 5, 'seed': 0, 'data_dir': './data', 'save_path': 'output/california_mlp_opb/california_mlp_opb.pt', 'log_path': '/root/autodl-tmp/IB/tune_results/california_mlp_opb_beta_0.1_anchor_1/train.log', 'no_save': True}
2026-09-01 03:56:01 | ===== Run 1/5 (seed 0) =====
2026-09-01 03:56:02 | Epoch   1/100 | Train Loss 0.4158 | Val Loss 0.0790 MAE 0.6248 R2 0.3980
2026-09-01 03:56:02 |   Val R2 improved to 0.3980, model saved
2026-09-01 03:56:02 | Epoch   2/100 | Train Loss 0.1881 | Val Loss 0.0855 MAE 0.8369 R2 0.0581
2026-09-01 03:56:03 | Epoch   3/100 | Train Loss 0.1391 | Val Loss 0.0827 MAE 0.8198 R2 0.0736
2026-09-01 03:56:03 | Epoch   4/100 | Train Loss 0.1215 | Val Loss 0.0735 MAE 0.8133 R2 0.0991
2026-09-01 03:56:03 | Epoch   5/100 | Train Loss 0.1095 | Val Loss 0.0680 MAE 0.7755 R2 0.1476
2026-09-01 03:56:04 | Epoch   6/100 | Train Loss 0.0998 | Val Loss 0.0650 MAE 0.8020 R2 0.0894
2026-09-01 03:56:04 | Epoch   7/100 | Train Loss 0.0916 | Val Loss 0.0604 MAE 0.7419 R2 0.2065
2026-09-01 03:56:04 | Epoch   8/100 | Train Loss 0.0854 | Val Loss 0.0569 MAE 0.7136 R2 0.2574
2026-09-01 03:56:04 | Epoch   9/100 | Train Loss 0.0792 | Val Loss 0.0550 MAE 0.7294 R2 0.2305
2026-09-01 03:56:05 | Epoch  10/100 | Train Loss 0.0740 | Val Loss 0.0524 MAE 0.7129 R2 0.2681
2026-09-01 03:56:05 | Epoch  11/100 | Train Loss 0.0701 | Val Loss 0.0512 MAE 0.7179 R2 0.2622
2026-09-01 03:56:05 | Val R2 did not improve for 10 consecutive epochs, early stopping at Epoch 11 (best R2 0.3980 @ Epoch 1)
2026-09-01 03:56:05 | Run 1/5 | Test (best model @ Epoch 1) | Loss 0.0745 MAE 0.6174 R2 0.3774
2026-09-01 03:56:05 | ===== Run 2/5 (seed 1) =====
2026-09-01 03:56:05 | Epoch   1/100 | Train Loss 0.3457 | Val Loss 0.0747 MAE 0.6742 R2 0.3136
2026-09-01 03:56:05 |   Val R2 improved to 0.3136, model saved
2026-09-01 03:56:05 | Epoch   2/100 | Train Loss 0.1526 | Val Loss 0.0770 MAE 0.7906 R2 0.0823
2026-09-01 03:56:06 | Epoch   3/100 | Train Loss 0.1137 | Val Loss 0.0708 MAE 0.7913 R2 0.0990
2026-09-01 03:56:06 | Epoch   4/100 | Train Loss 0.0977 | Val Loss 0.0613 MAE 0.7309 R2 0.2108
2026-09-01 03:56:06 | Epoch   5/100 | Train Loss 0.0879 | Val Loss 0.0583 MAE 0.7530 R2 0.1768
2026-09-01 03:56:06 | Epoch   6/100 | Train Loss 0.0805 | Val Loss 0.0549 MAE 0.7279 R2 0.2275
2026-09-01 03:56:07 | Epoch   7/100 | Train Loss 0.0750 | Val Loss 0.0529 MAE 0.7251 R2 0.2283
2026-09-01 03:56:07 | Epoch   8/100 | Train Loss 0.0703 | Val Loss 0.0510 MAE 0.7226 R2 0.2451
2026-09-01 03:56:07 | Epoch   9/100 | Train Loss 0.0680 | Val Loss 0.0507 MAE 0.7379 R2 0.2195
2026-09-01 03:56:08 | Epoch  10/100 | Train Loss 0.0631 | Val Loss 0.0486 MAE 0.7138 R2 0.2810
2026-09-01 03:56:08 | Epoch  11/100 | Train Loss 0.0608 | Val Loss 0.0478 MAE 0.7101 R2 0.3043
2026-09-01 03:56:08 | Val R2 did not improve for 10 consecutive epochs, early stopping at Epoch 11 (best R2 0.3136 @ Epoch 1)
2026-09-01 03:56:08 | Run 2/5 | Test (best model @ Epoch 1) | Loss 0.0682 MAE 0.6590 R2 0.3022
2026-09-01 03:56:08 | ===== Run 3/5 (seed 2) =====
2026-09-01 03:56:08 | Epoch   1/100 | Train Loss 0.3785 | Val Loss 0.0936 MAE 0.8113 R2 0.1066
2026-09-01 03:56:08 |   Val R2 improved to 0.1066, model saved
2026-09-01 03:56:08 | Epoch   2/100 | Train Loss 0.1859 | Val Loss 0.1009 MAE 0.9471 R2 -0.1158
2026-09-01 03:56:09 | Epoch   3/100 | Train Loss 0.1491 | Val Loss 0.0892 MAE 0.8998 R2 -0.0307
2026-09-01 03:56:09 | Epoch   4/100 | Train Loss 0.1312 | Val Loss 0.0778 MAE 0.8112 R2 0.1196
2026-09-01 03:56:09 |   Val R2 improved to 0.1196, model saved
2026-09-01 03:56:09 | Epoch   5/100 | Train Loss 0.1180 | Val Loss 0.0716 MAE 0.7669 R2 0.1805
2026-09-01 03:56:09 |   Val R2 improved to 0.1805, model saved
2026-09-01 03:56:09 | Epoch   6/100 | Train Loss 0.1077 | Val Loss 0.0669 MAE 0.7763 R2 0.1713
2026-09-01 03:56:10 | Epoch   7/100 | Train Loss 0.0996 | Val Loss 0.0631 MAE 0.7626 R2 0.1852
2026-09-01 03:56:10 |   Val R2 improved to 0.1852, model saved
2026-09-01 03:56:10 | Epoch   8/100 | Train Loss 0.0934 | Val Loss 0.0619 MAE 0.7696 R2 0.1577
2026-09-01 03:56:10 | Epoch   9/100 | Train Loss 0.0874 | Val Loss 0.0588 MAE 0.7418 R2 0.2075
2026-09-01 03:56:10 |   Val R2 improved to 0.2075, model saved
2026-09-01 03:56:10 | Epoch  10/100 | Train Loss 0.0808 | Val Loss 0.0555 MAE 0.7402 R2 0.2230
2026-09-01 03:56:10 |   Val R2 improved to 0.2230, model saved
2026-09-01 03:56:11 | Epoch  11/100 | Train Loss 0.0770 | Val Loss 0.0539 MAE 0.7244 R2 0.2482
2026-09-01 03:56:11 |   Val R2 improved to 0.2482, model saved
2026-09-01 03:56:11 | Epoch  12/100 | Train Loss 0.0724 | Val Loss 0.0515 MAE 0.6990 R2 0.2945
2026-09-01 03:56:11 |   Val R2 improved to 0.2945, model saved
2026-09-01 03:56:11 | Epoch  13/100 | Train Loss 0.0691 | Val Loss 0.0503 MAE 0.7076 R2 0.2836
2026-09-01 03:56:11 | Epoch  14/100 | Train Loss 0.0666 | Val Loss 0.0505 MAE 0.7389 R2 0.2227
2026-09-01 03:56:12 | Epoch  15/100 | Train Loss 0.0630 | Val Loss 0.0488 MAE 0.7231 R2 0.2642
2026-09-01 03:56:12 | Epoch  16/100 | Train Loss 0.0613 | Val Loss 0.0481 MAE 0.7246 R2 0.2725
2026-09-01 03:56:12 | Epoch  17/100 | Train Loss 0.0596 | Val Loss 0.0474 MAE 0.7284 R2 0.2756
2026-09-01 03:56:12 | Epoch  18/100 | Train Loss 0.0584 | Val Loss 0.0471 MAE 0.7329 R2 0.2799
2026-09-01 03:56:13 | Epoch  19/100 | Train Loss 0.0569 | Val Loss 0.0465 MAE 0.7316 R2 0.2941
2026-09-01 03:56:13 | Epoch  20/100 | Train Loss 0.0561 | Val Loss 0.0466 MAE 0.7386 R2 0.2942
2026-09-01 03:56:13 | Epoch  21/100 | Train Loss 0.0554 | Val Loss 0.0464 MAE 0.7444 R2 0.2923
2026-09-01 03:56:13 | Epoch  22/100 | Train Loss 0.0553 | Val Loss 0.0470 MAE 0.7550 R2 0.2749
2026-09-01 03:56:13 | Val R2 did not improve for 10 consecutive epochs, early stopping at Epoch 22 (best R2 0.2945 @ Epoch 12)
2026-09-01 03:56:13 | Run 3/5 | Test (best model @ Epoch 12) | Loss 0.0492 MAE 0.6830 R2 0.2908
2026-09-01 03:56:13 | ===== Run 4/5 (seed 3) =====
2026-09-01 03:56:14 | Epoch   1/100 | Train Loss 0.3560 | Val Loss 0.0826 MAE 0.6826 R2 0.2893
2026-09-01 03:56:14 |   Val R2 improved to 0.2893, model saved
2026-09-01 03:56:14 | Epoch   2/100 | Train Loss 0.1735 | Val Loss 0.0918 MAE 0.8902 R2 -0.0419
2026-09-01 03:56:14 | Epoch   3/100 | Train Loss 0.1347 | Val Loss 0.0824 MAE 0.8648 R2 -0.0150
2026-09-01 03:56:14 | Epoch   4/100 | Train Loss 0.1172 | Val Loss 0.0714 MAE 0.8078 R2 0.0925
2026-09-01 03:56:15 | Epoch   5/100 | Train Loss 0.1052 | Val Loss 0.0655 MAE 0.7695 R2 0.1642
2026-09-01 03:56:15 | Epoch   6/100 | Train Loss 0.0980 | Val Loss 0.0629 MAE 0.7738 R2 0.1455
2026-09-01 03:56:15 | Epoch   7/100 | Train Loss 0.0899 | Val Loss 0.0607 MAE 0.7790 R2 0.1334
2026-09-01 03:56:15 | Epoch   8/100 | Train Loss 0.0845 | Val Loss 0.0566 MAE 0.7273 R2 0.2314
2026-09-01 03:56:16 | Epoch   9/100 | Train Loss 0.0777 | Val Loss 0.0540 MAE 0.7149 R2 0.2540
2026-09-01 03:56:16 | Epoch  10/100 | Train Loss 0.0746 | Val Loss 0.0523 MAE 0.7136 R2 0.2577
2026-09-01 03:56:16 | Epoch  11/100 | Train Loss 0.0703 | Val Loss 0.0509 MAE 0.7244 R2 0.2395
2026-09-01 03:56:16 | Val R2 did not improve for 10 consecutive epochs, early stopping at Epoch 11 (best R2 0.2893 @ Epoch 1)
2026-09-01 03:56:16 | Run 4/5 | Test (best model @ Epoch 1) | Loss 0.0787 MAE 0.6710 R2 0.2745
2026-09-01 03:56:16 | ===== Run 5/5 (seed 4) =====
2026-09-01 03:56:17 | Epoch   1/100 | Train Loss 0.3667 | Val Loss 0.0746 MAE 0.6772 R2 0.2958
2026-09-01 03:56:17 |   Val R2 improved to 0.2958, model saved
2026-09-01 03:56:17 | Epoch   2/100 | Train Loss 0.1579 | Val Loss 0.0811 MAE 0.8389 R2 0.0251
2026-09-01 03:56:17 | Epoch   3/100 | Train Loss 0.1196 | Val Loss 0.0764 MAE 0.8608 R2 -0.0327
2026-09-01 03:56:17 | Epoch   4/100 | Train Loss 0.1054 | Val Loss 0.0655 MAE 0.7798 R2 0.1223
2026-09-01 03:56:18 | Epoch   5/100 | Train Loss 0.0908 | Val Loss 0.0604 MAE 0.7756 R2 0.1407
2026-09-01 03:56:18 | Epoch   6/100 | Train Loss 0.0839 | Val Loss 0.0576 MAE 0.7570 R2 0.1695
2026-09-01 03:56:18 | Epoch   7/100 | Train Loss 0.0784 | Val Loss 0.0544 MAE 0.7280 R2 0.2289
2026-09-01 03:56:18 | Epoch   8/100 | Train Loss 0.0736 | Val Loss 0.0530 MAE 0.7234 R2 0.2411
2026-09-01 03:56:19 | Epoch   9/100 | Train Loss 0.0694 | Val Loss 0.0515 MAE 0.7241 R2 0.2479
2026-09-01 03:56:19 | Epoch  10/100 | Train Loss 0.0666 | Val Loss 0.0504 MAE 0.7290 R2 0.2456
2026-09-01 03:56:19 | Epoch  11/100 | Train Loss 0.0638 | Val Loss 0.0494 MAE 0.7256 R2 0.2668
2026-09-01 03:56:19 | Val R2 did not improve for 10 consecutive epochs, early stopping at Epoch 11 (best R2 0.2958 @ Epoch 1)
2026-09-01 03:56:19 | Run 5/5 | Test (best model @ Epoch 1) | Loss 0.0698 MAE 0.6637 R2 0.2801
2026-09-01 03:56:19 | Average over 5 runs | Test Loss 0.0681±0.0113 MAE 0.6588±0.0249 R2 0.3050±0.0418
