2026-09-01 10:22:40 | Device: cuda
2026-09-01 10:22:40 | Args: {'model': 'opb', 'backbone': 'mlp', 'task': 'mnist', 'epochs': 100, 'batch_size': 512, 'lr': 0.001, 'hidden_dims': [512, 256], 'dropout': 0.2, 'z_dim': 256, 'anchor_scale': 16.0, 'energy_classifier': False, 'max_len': 250, 'random_labels': False, 'beta': 10.0, 'patience': 10, 'runs': 5, 'seed': 0, 'data_dir': './data', 'save_path': 'output/mnist_mlp_opb/mnist_mlp_opb.pt', 'log_path': '/root/autodl-tmp/IB/tune_results/mnist_mlp_opb_beta_10_anchor_16/train.log', 'no_save': True}
2026-09-01 10:22:40 | ===== Run 1/5 (seed 0) =====
2026-09-01 10:22:45 | Epoch   1/100 | Train Loss 475.0376 Acc 0.5749 | Val Loss 143.9680 Acc 0.9441 AUC 0.9966 Pre 0.9434 Rec 0.9437
2026-09-01 10:22:45 |   Val AUC improved to 0.9966, model saved
2026-09-01 10:22:49 | Epoch   2/100 | Train Loss 136.1253 Acc 0.9509 | Val Loss 87.0205 Acc 0.9636 AUC 0.9985 Pre 0.9634 Rec 0.9632
2026-09-01 10:22:49 |   Val AUC improved to 0.9985, model saved
2026-09-01 10:22:54 | Epoch   3/100 | Train Loss 91.6882 Acc 0.9691 | Val Loss 63.0425 Acc 0.9716 AUC 0.9992 Pre 0.9716 Rec 0.9714
2026-09-01 10:22:54 |   Val AUC improved to 0.9992, model saved
2026-09-01 10:22:58 | Epoch   4/100 | Train Loss 69.4200 Acc 0.9767 | Val Loss 48.3170 Acc 0.9750 AUC 0.9993 Pre 0.9748 Rec 0.9748
2026-09-01 10:22:58 |   Val AUC improved to 0.9993, model saved
2026-09-01 10:23:02 | Epoch   5/100 | Train Loss 54.5117 Acc 0.9817 | Val Loss 40.0210 Acc 0.9772 AUC 0.9994 Pre 0.9769 Rec 0.9771
2026-09-01 10:23:02 |   Val AUC improved to 0.9994, model saved
2026-09-01 10:23:06 | Epoch   6/100 | Train Loss 43.2086 Acc 0.9855 | Val Loss 31.3544 Acc 0.9799 AUC 0.9995 Pre 0.9797 Rec 0.9797
2026-09-01 10:23:06 |   Val AUC improved to 0.9995, model saved
2026-09-01 10:23:10 | Epoch   7/100 | Train Loss 35.2772 Acc 0.9873 | Val Loss 27.2389 Acc 0.9789 AUC 0.9996 Pre 0.9786 Rec 0.9787
2026-09-01 10:23:10 |   Val AUC improved to 0.9996, model saved
2026-09-01 10:23:15 | Epoch   8/100 | Train Loss 29.0994 Acc 0.9883 | Val Loss 21.7652 Acc 0.9808 AUC 0.9996 Pre 0.9807 Rec 0.9806
2026-09-01 10:23:15 |   Val AUC improved to 0.9996, model saved
2026-09-01 10:23:19 | Epoch   9/100 | Train Loss 23.7077 Acc 0.9901 | Val Loss 18.1451 Acc 0.9814 AUC 0.9996 Pre 0.9813 Rec 0.9811
2026-09-01 10:23:23 | Epoch  10/100 | Train Loss 19.8161 Acc 0.9904 | Val Loss 15.6366 Acc 0.9815 AUC 0.9996 Pre 0.9813 Rec 0.9813
2026-09-01 10:23:23 |   Val AUC improved to 0.9996, model saved
2026-09-01 10:23:27 | Epoch  11/100 | Train Loss 16.6899 Acc 0.9911 | Val Loss 13.7181 Acc 0.9812 AUC 0.9996 Pre 0.9810 Rec 0.9809
2026-09-01 10:23:27 |   Val AUC improved to 0.9996, model saved
2026-09-01 10:23:32 | Epoch  12/100 | Train Loss 14.2705 Acc 0.9921 | Val Loss 12.4092 Acc 0.9821 AUC 0.9996 Pre 0.9819 Rec 0.9819
2026-09-01 10:23:36 | Epoch  13/100 | Train Loss 12.2058 Acc 0.9918 | Val Loss 10.0868 Acc 0.9820 AUC 0.9997 Pre 0.9819 Rec 0.9818
2026-09-01 10:23:36 |   Val AUC improved to 0.9997, model saved
2026-09-01 10:23:40 | Epoch  14/100 | Train Loss 10.5967 Acc 0.9921 | Val Loss 9.1114 Acc 0.9826 AUC 0.9997 Pre 0.9825 Rec 0.9824
2026-09-01 10:23:40 |   Val AUC improved to 0.9997, model saved
2026-09-01 10:23:44 | Epoch  15/100 | Train Loss 9.3217 Acc 0.9915 | Val Loss 8.4844 Acc 0.9823 AUC 0.9996 Pre 0.9821 Rec 0.9821
2026-09-01 10:23:49 | Epoch  16/100 | Train Loss 8.2426 Acc 0.9909 | Val Loss 7.2167 Acc 0.9827 AUC 0.9996 Pre 0.9827 Rec 0.9824
2026-09-01 10:23:53 | Epoch  17/100 | Train Loss 7.2847 Acc 0.9908 | Val Loss 6.8727 Acc 0.9832 AUC 0.9996 Pre 0.9831 Rec 0.9830
2026-09-01 10:23:57 | Epoch  18/100 | Train Loss 6.5072 Acc 0.9886 | Val Loss 6.0882 Acc 0.9831 AUC 0.9996 Pre 0.9830 Rec 0.9829
2026-09-01 10:24:01 | Epoch  19/100 | Train Loss 5.8989 Acc 0.9869 | Val Loss 5.4374 Acc 0.9835 AUC 0.9996 Pre 0.9834 Rec 0.9833
2026-09-01 10:24:05 | Epoch  20/100 | Train Loss 5.3149 Acc 0.9851 | Val Loss 5.0671 Acc 0.9834 AUC 0.9997 Pre 0.9833 Rec 0.9832
2026-09-01 10:24:10 | Epoch  21/100 | Train Loss 4.9084 Acc 0.9824 | Val Loss 4.5945 Acc 0.9831 AUC 0.9996 Pre 0.9830 Rec 0.9829
2026-09-01 10:24:14 | Epoch  22/100 | Train Loss 4.4680 Acc 0.9793 | Val Loss 4.2608 Acc 0.9837 AUC 0.9996 Pre 0.9836 Rec 0.9835
2026-09-01 10:24:18 | Epoch  23/100 | Train Loss 4.1807 Acc 0.9753 | Val Loss 3.9932 Acc 0.9833 AUC 0.9996 Pre 0.9833 Rec 0.9830
2026-09-01 10:24:22 | Epoch  24/100 | Train Loss 3.8724 Acc 0.9711 | Val Loss 3.6811 Acc 0.9837 AUC 0.9996 Pre 0.9836 Rec 0.9835
2026-09-01 10:24:22 | Val AUC did not improve for 10 consecutive epochs, early stopping at Epoch 24 (best AUC 0.9997 @ Epoch 14)
2026-09-01 10:24:23 | Run 1/5 | Test (best model @ Epoch 14) | Loss 8.7698 Acc 0.9836 AUC 0.9997 Pre 0.9836 Rec 0.9835
2026-09-01 10:24:23 | ===== Run 2/5 (seed 1) =====
2026-09-01 10:24:27 | Epoch   1/100 | Train Loss 468.3095 Acc 0.6036 | Val Loss 142.7468 Acc 0.9438 AUC 0.9964 Pre 0.9434 Rec 0.9434
2026-09-01 10:24:27 |   Val AUC improved to 0.9964, model saved
2026-09-01 10:24:31 | Epoch   2/100 | Train Loss 137.6410 Acc 0.9503 | Val Loss 85.6976 Acc 0.9644 AUC 0.9985 Pre 0.9641 Rec 0.9641
2026-09-01 10:24:31 |   Val AUC improved to 0.9985, model saved
2026-09-01 10:24:36 | Epoch   3/100 | Train Loss 93.1034 Acc 0.9689 | Val Loss 63.6471 Acc 0.9698 AUC 0.9991 Pre 0.9696 Rec 0.9697
2026-09-01 10:24:36 |   Val AUC improved to 0.9991, model saved
2026-09-01 10:24:40 | Epoch   4/100 | Train Loss 70.7427 Acc 0.9773 | Val Loss 51.6966 Acc 0.9747 AUC 0.9993 Pre 0.9744 Rec 0.9745
2026-09-01 10:24:40 |   Val AUC improved to 0.9993, model saved
2026-09-01 10:24:44 | Epoch   5/100 | Train Loss 55.3255 Acc 0.9818 | Val Loss 38.7378 Acc 0.9781 AUC 0.9995 Pre 0.9779 Rec 0.9780
2026-09-01 10:24:44 |   Val AUC improved to 0.9995, model saved
2026-09-01 10:24:48 | Epoch   6/100 | Train Loss 43.7987 Acc 0.9850 | Val Loss 31.7851 Acc 0.9793 AUC 0.9995 Pre 0.9792 Rec 0.9791
2026-09-01 10:24:48 |   Val AUC improved to 0.9995, model saved
2026-09-01 10:24:52 | Epoch   7/100 | Train Loss 35.4077 Acc 0.9869 | Val Loss 25.4972 Acc 0.9799 AUC 0.9996 Pre 0.9797 Rec 0.9797
2026-09-01 10:24:52 |   Val AUC improved to 0.9996, model saved
2026-09-01 10:24:57 | Epoch   8/100 | Train Loss 28.6342 Acc 0.9888 | Val Loss 22.3882 Acc 0.9809 AUC 0.9996 Pre 0.9807 Rec 0.9807
2026-09-01 10:24:57 |   Val AUC improved to 0.9996, model saved
2026-09-01 10:25:01 | Epoch   9/100 | Train Loss 23.7451 Acc 0.9892 | Val Loss 18.1727 Acc 0.9815 AUC 0.9997 Pre 0.9815 Rec 0.9813
2026-09-01 10:25:01 |   Val AUC improved to 0.9997, model saved
2026-09-01 10:25:05 | Epoch  10/100 | Train Loss 19.5727 Acc 0.9905 | Val Loss 14.9484 Acc 0.9820 AUC 0.9997 Pre 0.9818 Rec 0.9819
2026-09-01 10:25:05 |   Val AUC improved to 0.9997, model saved
2026-09-01 10:25:09 | Epoch  11/100 | Train Loss 16.4117 Acc 0.9912 | Val Loss 13.2600 Acc 0.9831 AUC 0.9996 Pre 0.9830 Rec 0.9829
2026-09-01 10:25:14 | Epoch  12/100 | Train Loss 14.1142 Acc 0.9917 | Val Loss 11.5125 Acc 0.9828 AUC 0.9996 Pre 0.9827 Rec 0.9825
2026-09-01 10:25:18 | Epoch  13/100 | Train Loss 12.0085 Acc 0.9920 | Val Loss 9.8577 Acc 0.9838 AUC 0.9996 Pre 0.9836 Rec 0.9836
2026-09-01 10:25:22 | Epoch  14/100 | Train Loss 10.4929 Acc 0.9920 | Val Loss 8.7996 Acc 0.9835 AUC 0.9996 Pre 0.9834 Rec 0.9833
2026-09-01 10:25:27 | Epoch  15/100 | Train Loss 9.1381 Acc 0.9909 | Val Loss 7.7875 Acc 0.9835 AUC 0.9996 Pre 0.9834 Rec 0.9833
2026-09-01 10:25:31 | Epoch  16/100 | Train Loss 8.1060 Acc 0.9900 | Val Loss 7.0971 Acc 0.9837 AUC 0.9996 Pre 0.9836 Rec 0.9835
2026-09-01 10:25:35 | Epoch  17/100 | Train Loss 7.2286 Acc 0.9889 | Val Loss 6.4575 Acc 0.9830 AUC 0.9996 Pre 0.9829 Rec 0.9828
2026-09-01 10:25:39 | Epoch  18/100 | Train Loss 6.4334 Acc 0.9886 | Val Loss 5.7538 Acc 0.9833 AUC 0.9996 Pre 0.9832 Rec 0.9831
2026-09-01 10:25:44 | Epoch  19/100 | Train Loss 5.8418 Acc 0.9861 | Val Loss 5.2660 Acc 0.9833 AUC 0.9996 Pre 0.9832 Rec 0.9832
2026-09-01 10:25:48 | Epoch  20/100 | Train Loss 5.3229 Acc 0.9821 | Val Loss 4.9265 Acc 0.9836 AUC 0.9996 Pre 0.9835 Rec 0.9834
2026-09-01 10:25:48 | Val AUC did not improve for 10 consecutive epochs, early stopping at Epoch 20 (best AUC 0.9997 @ Epoch 10)
2026-09-01 10:25:49 | Run 2/5 | Test (best model @ Epoch 10) | Loss 14.7137 Acc 0.9828 AUC 0.9996 Pre 0.9827 Rec 0.9827
2026-09-01 10:25:49 | ===== Run 3/5 (seed 2) =====
2026-09-01 10:25:53 | Epoch   1/100 | Train Loss 470.8312 Acc 0.5901 | Val Loss 145.6710 Acc 0.9427 AUC 0.9967 Pre 0.9421 Rec 0.9422
2026-09-01 10:25:53 |   Val AUC improved to 0.9967, model saved
2026-09-01 10:25:57 | Epoch   2/100 | Train Loss 139.0661 Acc 0.9495 | Val Loss 87.5907 Acc 0.9617 AUC 0.9984 Pre 0.9613 Rec 0.9615
2026-09-01 10:25:57 |   Val AUC improved to 0.9984, model saved
2026-09-01 10:26:02 | Epoch   3/100 | Train Loss 92.2074 Acc 0.9690 | Val Loss 64.3523 Acc 0.9700 AUC 0.9991 Pre 0.9697 Rec 0.9698
2026-09-01 10:26:02 |   Val AUC improved to 0.9991, model saved
2026-09-01 10:26:06 | Epoch   4/100 | Train Loss 70.3955 Acc 0.9771 | Val Loss 49.1430 Acc 0.9746 AUC 0.9994 Pre 0.9744 Rec 0.9743
2026-09-01 10:26:06 |   Val AUC improved to 0.9994, model saved
2026-09-01 10:26:10 | Epoch   5/100 | Train Loss 55.2305 Acc 0.9813 | Val Loss 38.5466 Acc 0.9778 AUC 0.9995 Pre 0.9776 Rec 0.9777
2026-09-01 10:26:10 |   Val AUC improved to 0.9995, model saved
2026-09-01 10:26:14 | Epoch   6/100 | Train Loss 43.9288 Acc 0.9843 | Val Loss 32.1259 Acc 0.9778 AUC 0.9996 Pre 0.9776 Rec 0.9776
2026-09-01 10:26:14 |   Val AUC improved to 0.9996, model saved
2026-09-01 10:26:19 | Epoch   7/100 | Train Loss 35.9142 Acc 0.9877 | Val Loss 27.4347 Acc 0.9796 AUC 0.9995 Pre 0.9794 Rec 0.9795
2026-09-01 10:26:23 | Epoch   8/100 | Train Loss 29.7729 Acc 0.9880 | Val Loss 22.5647 Acc 0.9807 AUC 0.9996 Pre 0.9806 Rec 0.9805
2026-09-01 10:26:23 |   Val AUC improved to 0.9996, model saved
2026-09-01 10:26:27 | Epoch   9/100 | Train Loss 24.4543 Acc 0.9897 | Val Loss 19.2507 Acc 0.9805 AUC 0.9996 Pre 0.9802 Rec 0.9804
2026-09-01 10:26:32 | Epoch  10/100 | Train Loss 20.5252 Acc 0.9910 | Val Loss 16.9194 Acc 0.9818 AUC 0.9997 Pre 0.9816 Rec 0.9816
2026-09-01 10:26:32 |   Val AUC improved to 0.9997, model saved
2026-09-01 10:26:36 | Epoch  11/100 | Train Loss 17.6434 Acc 0.9921 | Val Loss 14.2045 Acc 0.9820 AUC 0.9996 Pre 0.9818 Rec 0.9819
2026-09-01 10:26:40 | Epoch  12/100 | Train Loss 15.1426 Acc 0.9917 | Val Loss 13.5481 Acc 0.9822 AUC 0.9996 Pre 0.9821 Rec 0.9820
2026-09-01 10:26:44 | Epoch  13/100 | Train Loss 12.9100 Acc 0.9925 | Val Loss 11.1237 Acc 0.9814 AUC 0.9996 Pre 0.9812 Rec 0.9812
2026-09-01 10:26:49 | Epoch  14/100 | Train Loss 11.4253 Acc 0.9926 | Val Loss 10.5430 Acc 0.9824 AUC 0.9997 Pre 0.9823 Rec 0.9821
2026-09-01 10:26:49 |   Val AUC improved to 0.9997, model saved
2026-09-01 10:26:53 | Epoch  15/100 | Train Loss 9.9603 Acc 0.9922 | Val Loss 8.7972 Acc 0.9821 AUC 0.9996 Pre 0.9820 Rec 0.9819
2026-09-01 10:26:57 | Epoch  16/100 | Train Loss 8.8001 Acc 0.9922 | Val Loss 7.8474 Acc 0.9823 AUC 0.9997 Pre 0.9821 Rec 0.9821
2026-09-01 10:27:01 | Epoch  17/100 | Train Loss 7.8827 Acc 0.9919 | Val Loss 7.2364 Acc 0.9825 AUC 0.9997 Pre 0.9823 Rec 0.9823
2026-09-01 10:27:01 |   Val AUC improved to 0.9997, model saved
2026-09-01 10:27:06 | Epoch  18/100 | Train Loss 7.1412 Acc 0.9913 | Val Loss 6.4266 Acc 0.9826 AUC 0.9997 Pre 0.9824 Rec 0.9824
2026-09-01 10:27:10 | Epoch  19/100 | Train Loss 6.5250 Acc 0.9904 | Val Loss 6.0235 Acc 0.9824 AUC 0.9997 Pre 0.9822 Rec 0.9822
2026-09-01 10:27:14 | Epoch  20/100 | Train Loss 5.9262 Acc 0.9890 | Val Loss 5.6120 Acc 0.9830 AUC 0.9997 Pre 0.9828 Rec 0.9829
2026-09-01 10:27:18 | Epoch  21/100 | Train Loss 5.3601 Acc 0.9869 | Val Loss 5.2109 Acc 0.9825 AUC 0.9996 Pre 0.9824 Rec 0.9823
2026-09-01 10:27:23 | Epoch  22/100 | Train Loss 4.9592 Acc 0.9837 | Val Loss 4.8207 Acc 0.9824 AUC 0.9996 Pre 0.9822 Rec 0.9822
2026-09-01 10:27:27 | Epoch  23/100 | Train Loss 4.5935 Acc 0.9813 | Val Loss 4.4081 Acc 0.9829 AUC 0.9996 Pre 0.9828 Rec 0.9827
2026-09-01 10:27:31 | Epoch  24/100 | Train Loss 4.2624 Acc 0.9792 | Val Loss 4.1429 Acc 0.9828 AUC 0.9996 Pre 0.9826 Rec 0.9826
2026-09-01 10:27:36 | Epoch  25/100 | Train Loss 4.0000 Acc 0.9750 | Val Loss 3.9833 Acc 0.9821 AUC 0.9996 Pre 0.9820 Rec 0.9819
2026-09-01 10:27:40 | Epoch  26/100 | Train Loss 3.7814 Acc 0.9727 | Val Loss 3.6626 Acc 0.9835 AUC 0.9996 Pre 0.9834 Rec 0.9833
2026-09-01 10:27:44 | Epoch  27/100 | Train Loss 3.5622 Acc 0.9677 | Val Loss 3.4857 Acc 0.9829 AUC 0.9996 Pre 0.9827 Rec 0.9827
2026-09-01 10:27:44 | Val AUC did not improve for 10 consecutive epochs, early stopping at Epoch 27 (best AUC 0.9997 @ Epoch 17)
2026-09-01 10:27:45 | Run 3/5 | Test (best model @ Epoch 17) | Loss 7.1833 Acc 0.9835 AUC 0.9996 Pre 0.9835 Rec 0.9834
2026-09-01 10:27:45 | ===== Run 4/5 (seed 3) =====
2026-09-01 10:27:49 | Epoch   1/100 | Train Loss 484.2736 Acc 0.6128 | Val Loss 145.7271 Acc 0.9397 AUC 0.9964 Pre 0.9391 Rec 0.9394
2026-09-01 10:27:49 |   Val AUC improved to 0.9964, model saved
2026-09-01 10:27:54 | Epoch   2/100 | Train Loss 138.6868 Acc 0.9498 | Val Loss 85.3383 Acc 0.9632 AUC 0.9986 Pre 0.9629 Rec 0.9630
2026-09-01 10:27:54 |   Val AUC improved to 0.9986, model saved
2026-09-01 10:27:58 | Epoch   3/100 | Train Loss 94.1358 Acc 0.9681 | Val Loss 62.7081 Acc 0.9710 AUC 0.9991 Pre 0.9708 Rec 0.9707
2026-09-01 10:27:58 |   Val AUC improved to 0.9991, model saved
2026-09-01 10:28:02 | Epoch   4/100 | Train Loss 71.0774 Acc 0.9765 | Val Loss 49.9648 Acc 0.9746 AUC 0.9993 Pre 0.9747 Rec 0.9743
2026-09-01 10:28:02 |   Val AUC improved to 0.9993, model saved
2026-09-01 10:28:06 | Epoch   5/100 | Train Loss 56.1298 Acc 0.9806 | Val Loss 39.9400 Acc 0.9776 AUC 0.9994 Pre 0.9776 Rec 0.9774
2026-09-01 10:28:06 |   Val AUC improved to 0.9994, model saved
2026-09-01 10:28:11 | Epoch   6/100 | Train Loss 44.2042 Acc 0.9841 | Val Loss 31.3817 Acc 0.9798 AUC 0.9995 Pre 0.9797 Rec 0.9796
2026-09-01 10:28:11 |   Val AUC improved to 0.9995, model saved
2026-09-01 10:28:15 | Epoch   7/100 | Train Loss 35.5173 Acc 0.9865 | Val Loss 25.7649 Acc 0.9799 AUC 0.9995 Pre 0.9798 Rec 0.9798
2026-09-01 10:28:15 |   Val AUC improved to 0.9995, model saved
2026-09-01 10:28:19 | Epoch   8/100 | Train Loss 28.6641 Acc 0.9886 | Val Loss 21.7189 Acc 0.9804 AUC 0.9996 Pre 0.9803 Rec 0.9802
2026-09-01 10:28:19 |   Val AUC improved to 0.9996, model saved
2026-09-01 10:28:24 | Epoch   9/100 | Train Loss 23.6173 Acc 0.9894 | Val Loss 18.1169 Acc 0.9798 AUC 0.9995 Pre 0.9796 Rec 0.9797
2026-09-01 10:28:28 | Epoch  10/100 | Train Loss 19.7762 Acc 0.9893 | Val Loss 15.2047 Acc 0.9811 AUC 0.9996 Pre 0.9811 Rec 0.9808
2026-09-01 10:28:28 |   Val AUC improved to 0.9996, model saved
2026-09-01 10:28:32 | Epoch  11/100 | Train Loss 16.4211 Acc 0.9905 | Val Loss 12.9667 Acc 0.9811 AUC 0.9996 Pre 0.9810 Rec 0.9809
2026-09-01 10:28:36 | Epoch  12/100 | Train Loss 14.0407 Acc 0.9910 | Val Loss 11.1809 Acc 0.9811 AUC 0.9996 Pre 0.9810 Rec 0.9809
2026-09-01 10:28:36 |   Val AUC improved to 0.9996, model saved
2026-09-01 10:28:41 | Epoch  13/100 | Train Loss 12.0503 Acc 0.9902 | Val Loss 9.7717 Acc 0.9819 AUC 0.9996 Pre 0.9818 Rec 0.9817
2026-09-01 10:28:45 | Epoch  14/100 | Train Loss 10.4116 Acc 0.9907 | Val Loss 8.5975 Acc 0.9813 AUC 0.9996 Pre 0.9812 Rec 0.9811
2026-09-01 10:28:49 | Epoch  15/100 | Train Loss 9.1525 Acc 0.9896 | Val Loss 7.9936 Acc 0.9822 AUC 0.9996 Pre 0.9821 Rec 0.9821
2026-09-01 10:28:54 | Epoch  16/100 | Train Loss 8.0185 Acc 0.9885 | Val Loss 7.0783 Acc 0.9815 AUC 0.9996 Pre 0.9813 Rec 0.9813
2026-09-01 10:28:58 | Epoch  17/100 | Train Loss 7.1376 Acc 0.9868 | Val Loss 6.2899 Acc 0.9822 AUC 0.9995 Pre 0.9820 Rec 0.9821
2026-09-01 10:29:02 | Epoch  18/100 | Train Loss 6.3847 Acc 0.9848 | Val Loss 5.5336 Acc 0.9824 AUC 0.9995 Pre 0.9822 Rec 0.9822
2026-09-01 10:29:06 | Epoch  19/100 | Train Loss 5.7896 Acc 0.9811 | Val Loss 5.1930 Acc 0.9823 AUC 0.9995 Pre 0.9822 Rec 0.9821
2026-09-01 10:29:11 | Epoch  20/100 | Train Loss 5.2805 Acc 0.9803 | Val Loss 4.7633 Acc 0.9823 AUC 0.9994 Pre 0.9821 Rec 0.9822
2026-09-01 10:29:15 | Epoch  21/100 | Train Loss 4.8217 Acc 0.9748 | Val Loss 4.3372 Acc 0.9818 AUC 0.9994 Pre 0.9817 Rec 0.9816
2026-09-01 10:29:19 | Epoch  22/100 | Train Loss 4.4524 Acc 0.9712 | Val Loss 4.1719 Acc 0.9827 AUC 0.9994 Pre 0.9827 Rec 0.9825
2026-09-01 10:29:19 | Val AUC did not improve for 10 consecutive epochs, early stopping at Epoch 22 (best AUC 0.9996 @ Epoch 12)
2026-09-01 10:29:20 | Run 4/5 | Test (best model @ Epoch 12) | Loss 10.5742 Acc 0.9837 AUC 0.9997 Pre 0.9836 Rec 0.9836
2026-09-01 10:29:20 | ===== Run 5/5 (seed 4) =====
2026-09-01 10:29:24 | Epoch   1/100 | Train Loss 471.6045 Acc 0.6120 | Val Loss 142.9682 Acc 0.9418 AUC 0.9966 Pre 0.9410 Rec 0.9414
2026-09-01 10:29:24 |   Val AUC improved to 0.9966, model saved
2026-09-01 10:29:28 | Epoch   2/100 | Train Loss 137.1579 Acc 0.9507 | Val Loss 89.1764 Acc 0.9629 AUC 0.9985 Pre 0.9626 Rec 0.9627
2026-09-01 10:29:28 |   Val AUC improved to 0.9985, model saved
2026-09-01 10:29:33 | Epoch   3/100 | Train Loss 92.0168 Acc 0.9691 | Val Loss 62.2542 Acc 0.9710 AUC 0.9991 Pre 0.9710 Rec 0.9707
2026-09-01 10:29:33 |   Val AUC improved to 0.9991, model saved
2026-09-01 10:29:37 | Epoch   4/100 | Train Loss 70.0289 Acc 0.9765 | Val Loss 48.6470 Acc 0.9753 AUC 0.9994 Pre 0.9750 Rec 0.9752
2026-09-01 10:29:37 |   Val AUC improved to 0.9994, model saved
2026-09-01 10:29:41 | Epoch   5/100 | Train Loss 54.9311 Acc 0.9813 | Val Loss 39.2784 Acc 0.9775 AUC 0.9995 Pre 0.9774 Rec 0.9772
2026-09-01 10:29:41 |   Val AUC improved to 0.9995, model saved
2026-09-01 10:29:46 | Epoch   6/100 | Train Loss 43.7644 Acc 0.9848 | Val Loss 31.7207 Acc 0.9796 AUC 0.9996 Pre 0.9795 Rec 0.9793
2026-09-01 10:29:46 |   Val AUC improved to 0.9996, model saved
2026-09-01 10:29:50 | Epoch   7/100 | Train Loss 35.3080 Acc 0.9872 | Val Loss 28.3398 Acc 0.9792 AUC 0.9995 Pre 0.9790 Rec 0.9790
2026-09-01 10:29:54 | Epoch   8/100 | Train Loss 28.6520 Acc 0.9885 | Val Loss 22.4481 Acc 0.9816 AUC 0.9995 Pre 0.9814 Rec 0.9815
2026-09-01 10:29:59 | Epoch   9/100 | Train Loss 23.9227 Acc 0.9896 | Val Loss 18.3226 Acc 0.9809 AUC 0.9996 Pre 0.9807 Rec 0.9808
2026-09-01 10:29:59 |   Val AUC improved to 0.9996, model saved
2026-09-01 10:30:03 | Epoch  10/100 | Train Loss 19.9827 Acc 0.9909 | Val Loss 16.1907 Acc 0.9814 AUC 0.9996 Pre 0.9813 Rec 0.9812
2026-09-01 10:30:03 |   Val AUC improved to 0.9996, model saved
2026-09-01 10:30:07 | Epoch  11/100 | Train Loss 16.8843 Acc 0.9917 | Val Loss 13.9559 Acc 0.9805 AUC 0.9996 Pre 0.9803 Rec 0.9803
2026-09-01 10:30:07 |   Val AUC improved to 0.9996, model saved
2026-09-01 10:30:11 | Epoch  12/100 | Train Loss 14.5217 Acc 0.9921 | Val Loss 12.6451 Acc 0.9815 AUC 0.9996 Pre 0.9814 Rec 0.9813
2026-09-01 10:30:16 | Epoch  13/100 | Train Loss 12.4875 Acc 0.9925 | Val Loss 10.9203 Acc 0.9819 AUC 0.9996 Pre 0.9818 Rec 0.9817
2026-09-01 10:30:20 | Epoch  14/100 | Train Loss 10.8568 Acc 0.9920 | Val Loss 9.4841 Acc 0.9824 AUC 0.9996 Pre 0.9822 Rec 0.9822
2026-09-01 10:30:24 | Epoch  15/100 | Train Loss 9.4928 Acc 0.9918 | Val Loss 8.5803 Acc 0.9829 AUC 0.9996 Pre 0.9828 Rec 0.9827
2026-09-01 10:30:24 |   Val AUC improved to 0.9996, model saved
2026-09-01 10:30:28 | Epoch  16/100 | Train Loss 8.3506 Acc 0.9914 | Val Loss 7.8649 Acc 0.9831 AUC 0.9996 Pre 0.9830 Rec 0.9829
2026-09-01 10:30:33 | Epoch  17/100 | Train Loss 7.4620 Acc 0.9902 | Val Loss 6.8184 Acc 0.9835 AUC 0.9995 Pre 0.9834 Rec 0.9833
2026-09-01 10:30:37 | Epoch  18/100 | Train Loss 6.7573 Acc 0.9895 | Val Loss 6.1510 Acc 0.9828 AUC 0.9996 Pre 0.9827 Rec 0.9826
2026-09-01 10:30:42 | Epoch  19/100 | Train Loss 6.0581 Acc 0.9886 | Val Loss 5.7501 Acc 0.9825 AUC 0.9996 Pre 0.9823 Rec 0.9824
2026-09-01 10:30:46 | Epoch  20/100 | Train Loss 5.5018 Acc 0.9862 | Val Loss 5.1684 Acc 0.9828 AUC 0.9995 Pre 0.9827 Rec 0.9826
2026-09-01 10:30:50 | Epoch  21/100 | Train Loss 4.9920 Acc 0.9841 | Val Loss 4.9063 Acc 0.9825 AUC 0.9995 Pre 0.9824 Rec 0.9823
2026-09-01 10:30:54 | Epoch  22/100 | Train Loss 4.6519 Acc 0.9819 | Val Loss 4.4988 Acc 0.9825 AUC 0.9995 Pre 0.9823 Rec 0.9823
2026-09-01 10:30:59 | Epoch  23/100 | Train Loss 4.2642 Acc 0.9752 | Val Loss 4.1864 Acc 0.9822 AUC 0.9995 Pre 0.9820 Rec 0.9820
2026-09-01 10:31:03 | Epoch  24/100 | Train Loss 3.9654 Acc 0.9746 | Val Loss 4.1196 Acc 0.9822 AUC 0.9995 Pre 0.9821 Rec 0.9820
2026-09-01 10:31:07 | Epoch  25/100 | Train Loss 3.7185 Acc 0.9695 | Val Loss 3.6848 Acc 0.9834 AUC 0.9995 Pre 0.9832 Rec 0.9832
2026-09-01 10:31:07 | Val AUC did not improve for 10 consecutive epochs, early stopping at Epoch 25 (best AUC 0.9996 @ Epoch 15)
2026-09-01 10:31:08 | Run 5/5 | Test (best model @ Epoch 15) | Loss 8.2633 Acc 0.9837 AUC 0.9997 Pre 0.9837 Rec 0.9836
2026-09-01 10:31:08 | Average over 5 runs | Test Loss 9.9009±2.9564 Acc 0.9835±0.0004 AUC 0.9997±0.0000 Pre 0.9834±0.0004 Rec 0.9833±0.0004
