2026-08-30 00:22:14 | Device: cuda
2026-08-30 00:22:14 | Args: {'model': 'fgib', 'backbone': 'mlp', 'task': 'housing', 'epochs': 100, 'batch_size': 512, 'lr': 0.001, 'hidden_dims': [512, 256], 'dropout': 0.2, 'z_dim': 256, 'anchor_scale': 16.0, 'max_len': 250, 'random_labels': False, 'beta': 0.0001, 'patience': 10, 'runs': 5, 'seed': 0, 'data_dir': './data', 'save_path': 'output/california_mlp_fgib/california_mlp_fgib.pt', 'log_path': '/root/autodl-tmp/FGIB/tune_results_ablation/hdirect/california_mlp_fgib_beta_0.0001_anchor_16/train.log', 'no_save': True, 'freeze_a': False, 'a_identity': True, 'cosine_classifier': False, 'log_variance_stats': False, 'subject_disjoint': False}
2026-08-30 00:22:14 | ===== Run 1/5 (seed 0) =====
2026-08-30 00:22:15 | Epoch   1/100 | Train Loss 0.0691 | Val Loss 0.0457 MAE 0.5486 R2 0.4397
2026-08-30 00:22:15 |   Val R2 improved to 0.4397, model saved
2026-08-30 00:22:15 | Epoch   2/100 | Train Loss 0.0385 | Val Loss 0.0359 MAE 0.4898 R2 0.6060
2026-08-30 00:22:15 |   Val R2 improved to 0.6060, model saved
2026-08-30 00:22:15 | Epoch   3/100 | Train Loss 0.0347 | Val Loss 0.0388 MAE 0.4569 R2 0.5557
2026-08-30 00:22:15 | Epoch   4/100 | Train Loss 0.0336 | Val Loss 0.0296 MAE 0.4349 R2 0.7113
2026-08-30 00:22:15 |   Val R2 improved to 0.7113, model saved
2026-08-30 00:22:15 | Epoch   5/100 | Train Loss 0.0329 | Val Loss 0.0371 MAE 0.4346 R2 0.5810
2026-08-30 00:22:16 | Epoch   6/100 | Train Loss 0.0313 | Val Loss 0.0288 MAE 0.4272 R2 0.7228
2026-08-30 00:22:16 |   Val R2 improved to 0.7228, model saved
2026-08-30 00:22:16 | Epoch   7/100 | Train Loss 0.0311 | Val Loss 0.0299 MAE 0.4327 R2 0.7025
2026-08-30 00:22:16 | Epoch   8/100 | Train Loss 0.0299 | Val Loss 0.0280 MAE 0.4154 R2 0.7346
2026-08-30 00:22:16 |   Val R2 improved to 0.7346, model saved
2026-08-30 00:22:16 | Epoch   9/100 | Train Loss 0.0297 | Val Loss 0.0317 MAE 0.4321 R2 0.6701
2026-08-30 00:22:16 | Epoch  10/100 | Train Loss 0.0299 | Val Loss 0.0292 MAE 0.4175 R2 0.7121
2026-08-30 00:22:16 | Epoch  11/100 | Train Loss 0.0293 | Val Loss 0.0287 MAE 0.4088 R2 0.7222
2026-08-30 00:22:17 | Epoch  12/100 | Train Loss 0.0287 | Val Loss 0.0265 MAE 0.4020 R2 0.7571
2026-08-30 00:22:17 |   Val R2 improved to 0.7571, model saved
2026-08-30 00:22:17 | Epoch  13/100 | Train Loss 0.0283 | Val Loss 0.0281 MAE 0.4101 R2 0.7308
2026-08-30 00:22:17 | Epoch  14/100 | Train Loss 0.0285 | Val Loss 0.0268 MAE 0.3954 R2 0.7514
2026-08-30 00:22:17 | Epoch  15/100 | Train Loss 0.0280 | Val Loss 0.0267 MAE 0.3970 R2 0.7534
2026-08-30 00:22:17 | Epoch  16/100 | Train Loss 0.0278 | Val Loss 0.0265 MAE 0.3946 R2 0.7573
2026-08-30 00:22:17 |   Val R2 improved to 0.7573, model saved
2026-08-30 00:22:17 | Epoch  17/100 | Train Loss 0.0277 | Val Loss 0.0259 MAE 0.3876 R2 0.7662
2026-08-30 00:22:17 |   Val R2 improved to 0.7662, model saved
2026-08-30 00:22:17 | Epoch  18/100 | Train Loss 0.0276 | Val Loss 0.0270 MAE 0.4020 R2 0.7478
2026-08-30 00:22:18 | Epoch  19/100 | Train Loss 0.0274 | Val Loss 0.0270 MAE 0.4022 R2 0.7471
2026-08-30 00:22:18 | Epoch  20/100 | Train Loss 0.0273 | Val Loss 0.0270 MAE 0.4023 R2 0.7468
2026-08-30 00:22:18 | Epoch  21/100 | Train Loss 0.0273 | Val Loss 0.0262 MAE 0.3874 R2 0.7620
2026-08-30 00:22:18 | Epoch  22/100 | Train Loss 0.0269 | Val Loss 0.0259 MAE 0.3838 R2 0.7661
2026-08-30 00:22:18 | Epoch  23/100 | Train Loss 0.0267 | Val Loss 0.0254 MAE 0.3774 R2 0.7748
2026-08-30 00:22:18 |   Val R2 improved to 0.7748, model saved
2026-08-30 00:22:18 | Epoch  24/100 | Train Loss 0.0266 | Val Loss 0.0264 MAE 0.3927 R2 0.7565
2026-08-30 00:22:18 | Epoch  25/100 | Train Loss 0.0264 | Val Loss 0.0258 MAE 0.3835 R2 0.7667
2026-08-30 00:22:19 | Epoch  26/100 | Train Loss 0.0264 | Val Loss 0.0259 MAE 0.3916 R2 0.7651
2026-08-30 00:22:19 | Epoch  27/100 | Train Loss 0.0262 | Val Loss 0.0258 MAE 0.3822 R2 0.7653
2026-08-30 00:22:19 | Epoch  28/100 | Train Loss 0.0263 | Val Loss 0.0253 MAE 0.3806 R2 0.7742
2026-08-30 00:22:19 | Epoch  29/100 | Train Loss 0.0266 | Val Loss 0.0260 MAE 0.3916 R2 0.7624
2026-08-30 00:22:19 | Epoch  30/100 | Train Loss 0.0263 | Val Loss 0.0268 MAE 0.3937 R2 0.7491
2026-08-30 00:22:19 | Epoch  31/100 | Train Loss 0.0262 | Val Loss 0.0250 MAE 0.3761 R2 0.7804
2026-08-30 00:22:19 |   Val R2 improved to 0.7804, model saved
2026-08-30 00:22:20 | Epoch  32/100 | Train Loss 0.0258 | Val Loss 0.0246 MAE 0.3709 R2 0.7866
2026-08-30 00:22:20 |   Val R2 improved to 0.7866, model saved
2026-08-30 00:22:20 | Epoch  33/100 | Train Loss 0.0259 | Val Loss 0.0246 MAE 0.3716 R2 0.7860
2026-08-30 00:22:20 | Epoch  34/100 | Train Loss 0.0258 | Val Loss 0.0256 MAE 0.3790 R2 0.7682
2026-08-30 00:22:20 | Epoch  35/100 | Train Loss 0.0255 | Val Loss 0.0250 MAE 0.3770 R2 0.7787
2026-08-30 00:22:20 | Epoch  36/100 | Train Loss 0.0257 | Val Loss 0.0251 MAE 0.3818 R2 0.7777
2026-08-30 00:22:20 | Epoch  37/100 | Train Loss 0.0258 | Val Loss 0.0253 MAE 0.3778 R2 0.7733
2026-08-30 00:22:20 | Epoch  38/100 | Train Loss 0.0257 | Val Loss 0.0250 MAE 0.3792 R2 0.7780
2026-08-30 00:22:20 | Epoch  39/100 | Train Loss 0.0252 | Val Loss 0.0247 MAE 0.3703 R2 0.7839
2026-08-30 00:22:21 | Epoch  40/100 | Train Loss 0.0253 | Val Loss 0.0247 MAE 0.3700 R2 0.7827
2026-08-30 00:22:21 | Epoch  41/100 | Train Loss 0.0255 | Val Loss 0.0248 MAE 0.3693 R2 0.7818
2026-08-30 00:22:21 | Epoch  42/100 | Train Loss 0.0253 | Val Loss 0.0246 MAE 0.3703 R2 0.7849
2026-08-30 00:22:21 | Val R2 did not improve for 10 consecutive epochs, early stopping at Epoch 42 (best R2 0.7866 @ Epoch 32)
2026-08-30 00:22:21 | Run 1/5 | Test (best model @ Epoch 32) | Loss 0.0247 MAE 0.3709 R2 0.7745
2026-08-30 00:22:21 | ===== Run 2/5 (seed 1) =====
2026-08-30 00:22:21 | Epoch   1/100 | Train Loss 0.0968 | Val Loss 0.0832 MAE 0.6131 R2 -0.1908
2026-08-30 00:22:21 |   Val R2 improved to -0.1908, model saved
2026-08-30 00:22:21 | Epoch   2/100 | Train Loss 0.0412 | Val Loss 0.0402 MAE 0.4916 R2 0.5437
2026-08-30 00:22:21 |   Val R2 improved to 0.5437, model saved
2026-08-30 00:22:21 | Epoch   3/100 | Train Loss 0.0359 | Val Loss 0.0314 MAE 0.4539 R2 0.6936
2026-08-30 00:22:21 |   Val R2 improved to 0.6936, model saved
2026-08-30 00:22:21 | Epoch   4/100 | Train Loss 0.0352 | Val Loss 0.0540 MAE 0.4490 R2 0.3051
2026-08-30 00:22:21 | Epoch   5/100 | Train Loss 0.0351 | Val Loss 0.0514 MAE 0.4608 R2 0.3476
2026-08-30 00:22:21 | Epoch   6/100 | Train Loss 0.0335 | Val Loss 0.0292 MAE 0.4279 R2 0.7279
2026-08-30 00:22:21 |   Val R2 improved to 0.7279, model saved
2026-08-30 00:22:22 | Epoch   7/100 | Train Loss 0.0331 | Val Loss 0.0301 MAE 0.4312 R2 0.7091
2026-08-30 00:22:22 | Epoch   8/100 | Train Loss 0.0318 | Val Loss 0.0306 MAE 0.4187 R2 0.6995
2026-08-30 00:22:22 | Epoch   9/100 | Train Loss 0.0307 | Val Loss 0.0290 MAE 0.4218 R2 0.7271
2026-08-30 00:22:22 | Epoch  10/100 | Train Loss 0.0306 | Val Loss 0.0285 MAE 0.4159 R2 0.7338
2026-08-30 00:22:22 |   Val R2 improved to 0.7338, model saved
2026-08-30 00:22:22 | Epoch  11/100 | Train Loss 0.0305 | Val Loss 0.0292 MAE 0.4133 R2 0.7220
2026-08-30 00:22:22 | Epoch  12/100 | Train Loss 0.0301 | Val Loss 0.0290 MAE 0.4104 R2 0.7265
2026-08-30 00:22:22 | Epoch  13/100 | Train Loss 0.0296 | Val Loss 0.0275 MAE 0.4065 R2 0.7491
2026-08-30 00:22:22 |   Val R2 improved to 0.7491, model saved
2026-08-30 00:22:22 | Epoch  14/100 | Train Loss 0.0292 | Val Loss 0.0272 MAE 0.4002 R2 0.7533
2026-08-30 00:22:22 |   Val R2 improved to 0.7533, model saved
2026-08-30 00:22:22 | Epoch  15/100 | Train Loss 0.0288 | Val Loss 0.0269 MAE 0.4030 R2 0.7583
2026-08-30 00:22:22 |   Val R2 improved to 0.7583, model saved
2026-08-30 00:22:23 | Epoch  16/100 | Train Loss 0.0291 | Val Loss 0.0284 MAE 0.4185 R2 0.7319
2026-08-30 00:22:23 | Epoch  17/100 | Train Loss 0.0286 | Val Loss 0.0280 MAE 0.4100 R2 0.7384
2026-08-30 00:22:23 | Epoch  18/100 | Train Loss 0.0283 | Val Loss 0.0293 MAE 0.3941 R2 0.7166
2026-08-30 00:22:23 | Epoch  19/100 | Train Loss 0.0281 | Val Loss 0.0277 MAE 0.4047 R2 0.7431
2026-08-30 00:22:23 | Epoch  20/100 | Train Loss 0.0280 | Val Loss 0.0273 MAE 0.3969 R2 0.7491
2026-08-30 00:22:23 | Epoch  21/100 | Train Loss 0.0282 | Val Loss 0.0268 MAE 0.3912 R2 0.7572
2026-08-30 00:22:23 | Epoch  22/100 | Train Loss 0.0278 | Val Loss 0.0271 MAE 0.3873 R2 0.7523
2026-08-30 00:22:24 | Epoch  23/100 | Train Loss 0.0282 | Val Loss 0.0262 MAE 0.3884 R2 0.7680
2026-08-30 00:22:24 |   Val R2 improved to 0.7680, model saved
2026-08-30 00:22:24 | Epoch  24/100 | Train Loss 0.0277 | Val Loss 0.0269 MAE 0.3895 R2 0.7560
2026-08-30 00:22:24 | Epoch  25/100 | Train Loss 0.0274 | Val Loss 0.0259 MAE 0.3803 R2 0.7726
2026-08-30 00:22:24 |   Val R2 improved to 0.7726, model saved
2026-08-30 00:22:24 | Epoch  26/100 | Train Loss 0.0273 | Val Loss 0.0275 MAE 0.3989 R2 0.7441
2026-08-30 00:22:24 | Epoch  27/100 | Train Loss 0.0273 | Val Loss 0.0295 MAE 0.4008 R2 0.7121
2026-08-30 00:22:24 | Epoch  28/100 | Train Loss 0.0274 | Val Loss 0.0257 MAE 0.3780 R2 0.7744
2026-08-30 00:22:24 |   Val R2 improved to 0.7744, model saved
2026-08-30 00:22:25 | Epoch  29/100 | Train Loss 0.0270 | Val Loss 0.0256 MAE 0.3919 R2 0.7767
2026-08-30 00:22:25 |   Val R2 improved to 0.7767, model saved
2026-08-30 00:22:25 | Epoch  30/100 | Train Loss 0.0274 | Val Loss 0.0260 MAE 0.3817 R2 0.7695
2026-08-30 00:22:25 | Epoch  31/100 | Train Loss 0.0271 | Val Loss 0.0254 MAE 0.3749 R2 0.7783
2026-08-30 00:22:25 |   Val R2 improved to 0.7783, model saved
2026-08-30 00:22:25 | Epoch  32/100 | Train Loss 0.0266 | Val Loss 0.0257 MAE 0.3780 R2 0.7741
2026-08-30 00:22:25 | Epoch  33/100 | Train Loss 0.0269 | Val Loss 0.0254 MAE 0.3799 R2 0.7782
2026-08-30 00:22:25 | Epoch  34/100 | Train Loss 0.0264 | Val Loss 0.0260 MAE 0.3843 R2 0.7680
2026-08-30 00:22:25 | Epoch  35/100 | Train Loss 0.0264 | Val Loss 0.0263 MAE 0.3879 R2 0.7630
2026-08-30 00:22:25 | Epoch  36/100 | Train Loss 0.0266 | Val Loss 0.0254 MAE 0.3803 R2 0.7786
2026-08-30 00:22:25 |   Val R2 improved to 0.7786, model saved
2026-08-30 00:22:26 | Epoch  37/100 | Train Loss 0.0265 | Val Loss 0.0254 MAE 0.3704 R2 0.7783
2026-08-30 00:22:26 | Epoch  38/100 | Train Loss 0.0263 | Val Loss 0.0260 MAE 0.3800 R2 0.7669
2026-08-30 00:22:26 | Epoch  39/100 | Train Loss 0.0260 | Val Loss 0.0257 MAE 0.3791 R2 0.7724
2026-08-30 00:22:26 | Epoch  40/100 | Train Loss 0.0264 | Val Loss 0.0251 MAE 0.3733 R2 0.7817
2026-08-30 00:22:26 |   Val R2 improved to 0.7817, model saved
2026-08-30 00:22:26 | Epoch  41/100 | Train Loss 0.0260 | Val Loss 0.0255 MAE 0.3771 R2 0.7751
2026-08-30 00:22:26 | Epoch  42/100 | Train Loss 0.0258 | Val Loss 0.0258 MAE 0.3837 R2 0.7692
2026-08-30 00:22:27 | Epoch  43/100 | Train Loss 0.0259 | Val Loss 0.0253 MAE 0.3659 R2 0.7797
2026-08-30 00:22:27 | Epoch  44/100 | Train Loss 0.0259 | Val Loss 0.0249 MAE 0.3665 R2 0.7853
2026-08-30 00:22:27 |   Val R2 improved to 0.7853, model saved
2026-08-30 00:22:27 | Epoch  45/100 | Train Loss 0.0257 | Val Loss 0.0253 MAE 0.3723 R2 0.7786
2026-08-30 00:22:27 | Epoch  46/100 | Train Loss 0.0258 | Val Loss 0.0246 MAE 0.3642 R2 0.7908
2026-08-30 00:22:27 |   Val R2 improved to 0.7908, model saved
2026-08-30 00:22:27 | Epoch  47/100 | Train Loss 0.0257 | Val Loss 0.0273 MAE 0.4004 R2 0.7434
2026-08-30 00:22:27 | Epoch  48/100 | Train Loss 0.0258 | Val Loss 0.0252 MAE 0.3693 R2 0.7803
2026-08-30 00:22:27 | Epoch  49/100 | Train Loss 0.0256 | Val Loss 0.0257 MAE 0.3737 R2 0.7708
2026-08-30 00:22:28 | Epoch  50/100 | Train Loss 0.0258 | Val Loss 0.0256 MAE 0.3753 R2 0.7730
2026-08-30 00:22:28 | Epoch  51/100 | Train Loss 0.0255 | Val Loss 0.0257 MAE 0.3773 R2 0.7702
2026-08-30 00:22:28 | Epoch  52/100 | Train Loss 0.0255 | Val Loss 0.0248 MAE 0.3675 R2 0.7857
2026-08-30 00:22:28 | Epoch  53/100 | Train Loss 0.0254 | Val Loss 0.0250 MAE 0.3729 R2 0.7831
2026-08-30 00:22:28 | Epoch  54/100 | Train Loss 0.0252 | Val Loss 0.0263 MAE 0.3710 R2 0.7614
2026-08-30 00:22:28 | Epoch  55/100 | Train Loss 0.0253 | Val Loss 0.0252 MAE 0.3693 R2 0.7796
2026-08-30 00:22:29 | Epoch  56/100 | Train Loss 0.0254 | Val Loss 0.0257 MAE 0.3727 R2 0.7715
2026-08-30 00:22:29 | Val R2 did not improve for 10 consecutive epochs, early stopping at Epoch 56 (best R2 0.7908 @ Epoch 46)
2026-08-30 00:22:29 | Run 2/5 | Test (best model @ Epoch 46) | Loss 0.0246 MAE 0.3628 R2 0.7794
2026-08-30 00:22:29 | ===== Run 3/5 (seed 2) =====
2026-08-30 00:22:29 | Epoch   1/100 | Train Loss 0.0693 | Val Loss 0.0439 MAE 0.5822 R2 0.4713
2026-08-30 00:22:29 |   Val R2 improved to 0.4713, model saved
2026-08-30 00:22:29 | Epoch   2/100 | Train Loss 0.0382 | Val Loss 0.0335 MAE 0.4795 R2 0.6482
2026-08-30 00:22:29 |   Val R2 improved to 0.6482, model saved
2026-08-30 00:22:29 | Epoch   3/100 | Train Loss 0.0344 | Val Loss 0.0353 MAE 0.4494 R2 0.6184
2026-08-30 00:22:29 | Epoch   4/100 | Train Loss 0.0332 | Val Loss 0.0307 MAE 0.4459 R2 0.6940
2026-08-30 00:22:29 |   Val R2 improved to 0.6940, model saved
2026-08-30 00:22:29 | Epoch   5/100 | Train Loss 0.0322 | Val Loss 0.0306 MAE 0.4278 R2 0.6961
2026-08-30 00:22:29 |   Val R2 improved to 0.6961, model saved
2026-08-30 00:22:30 | Epoch   6/100 | Train Loss 0.0315 | Val Loss 0.0299 MAE 0.4211 R2 0.7069
2026-08-30 00:22:30 |   Val R2 improved to 0.7069, model saved
2026-08-30 00:22:30 | Epoch   7/100 | Train Loss 0.0309 | Val Loss 0.0279 MAE 0.4201 R2 0.7394
2026-08-30 00:22:30 |   Val R2 improved to 0.7394, model saved
2026-08-30 00:22:30 | Epoch   8/100 | Train Loss 0.0303 | Val Loss 0.0290 MAE 0.4270 R2 0.7190
2026-08-30 00:22:30 | Epoch   9/100 | Train Loss 0.0300 | Val Loss 0.0279 MAE 0.4181 R2 0.7374
2026-08-30 00:22:30 | Epoch  10/100 | Train Loss 0.0302 | Val Loss 0.0286 MAE 0.4125 R2 0.7250
2026-08-30 00:22:30 | Epoch  11/100 | Train Loss 0.0293 | Val Loss 0.0308 MAE 0.4124 R2 0.6891
2026-08-30 00:22:30 | Epoch  12/100 | Train Loss 0.0298 | Val Loss 0.0278 MAE 0.4105 R2 0.7383
2026-08-30 00:22:31 | Epoch  13/100 | Train Loss 0.0295 | Val Loss 0.0310 MAE 0.4171 R2 0.6839
2026-08-30 00:22:31 | Epoch  14/100 | Train Loss 0.0296 | Val Loss 0.0282 MAE 0.4146 R2 0.7312
2026-08-30 00:22:31 | Epoch  15/100 | Train Loss 0.0289 | Val Loss 0.0269 MAE 0.4030 R2 0.7529
2026-08-30 00:22:31 |   Val R2 improved to 0.7529, model saved
2026-08-30 00:22:31 | Epoch  16/100 | Train Loss 0.0280 | Val Loss 0.0267 MAE 0.3949 R2 0.7565
2026-08-30 00:22:31 |   Val R2 improved to 0.7565, model saved
2026-08-30 00:22:31 | Epoch  17/100 | Train Loss 0.0281 | Val Loss 0.0272 MAE 0.3985 R2 0.7469
2026-08-30 00:22:31 | Epoch  18/100 | Train Loss 0.0281 | Val Loss 0.0275 MAE 0.4066 R2 0.7397
2026-08-30 00:22:32 | Epoch  19/100 | Train Loss 0.0277 | Val Loss 0.0350 MAE 0.4072 R2 0.6136
2026-08-30 00:22:32 | Epoch  20/100 | Train Loss 0.0282 | Val Loss 0.0283 MAE 0.3959 R2 0.7283
2026-08-30 00:22:32 | Epoch  21/100 | Train Loss 0.0278 | Val Loss 0.0302 MAE 0.3917 R2 0.6981
2026-08-30 00:22:32 | Epoch  22/100 | Train Loss 0.0276 | Val Loss 0.0257 MAE 0.3908 R2 0.7706
2026-08-30 00:22:32 |   Val R2 improved to 0.7706, model saved
2026-08-30 00:22:32 | Epoch  23/100 | Train Loss 0.0272 | Val Loss 0.0275 MAE 0.3928 R2 0.7389
2026-08-30 00:22:32 | Epoch  24/100 | Train Loss 0.0271 | Val Loss 0.0257 MAE 0.3862 R2 0.7683
2026-08-30 00:22:32 | Epoch  25/100 | Train Loss 0.0272 | Val Loss 0.0253 MAE 0.3862 R2 0.7759
2026-08-30 00:22:32 |   Val R2 improved to 0.7759, model saved
2026-08-30 00:22:33 | Epoch  26/100 | Train Loss 0.0272 | Val Loss 0.0259 MAE 0.3801 R2 0.7647
2026-08-30 00:22:33 | Epoch  27/100 | Train Loss 0.0266 | Val Loss 0.0255 MAE 0.3889 R2 0.7715
2026-08-30 00:22:33 | Epoch  28/100 | Train Loss 0.0266 | Val Loss 0.0252 MAE 0.3818 R2 0.7763
2026-08-30 00:22:33 |   Val R2 improved to 0.7763, model saved
2026-08-30 00:22:33 | Epoch  29/100 | Train Loss 0.0265 | Val Loss 0.0256 MAE 0.3833 R2 0.7682
2026-08-30 00:22:33 | Epoch  30/100 | Train Loss 0.0260 | Val Loss 0.0259 MAE 0.3816 R2 0.7636
2026-08-30 00:22:33 | Epoch  31/100 | Train Loss 0.0268 | Val Loss 0.0268 MAE 0.3941 R2 0.7475
2026-08-30 00:22:34 | Epoch  32/100 | Train Loss 0.0265 | Val Loss 0.0256 MAE 0.3873 R2 0.7683
2026-08-30 00:22:34 | Epoch  33/100 | Train Loss 0.0261 | Val Loss 0.0250 MAE 0.3763 R2 0.7778
2026-08-30 00:22:34 |   Val R2 improved to 0.7778, model saved
2026-08-30 00:22:34 | Epoch  34/100 | Train Loss 0.0258 | Val Loss 0.0247 MAE 0.3774 R2 0.7838
2026-08-30 00:22:34 |   Val R2 improved to 0.7838, model saved
2026-08-30 00:22:34 | Epoch  35/100 | Train Loss 0.0262 | Val Loss 0.0260 MAE 0.3877 R2 0.7602
2026-08-30 00:22:34 | Epoch  36/100 | Train Loss 0.0259 | Val Loss 0.0253 MAE 0.3823 R2 0.7738
2026-08-30 00:22:34 | Epoch  37/100 | Train Loss 0.0258 | Val Loss 0.0251 MAE 0.3752 R2 0.7763
2026-08-30 00:22:35 | Epoch  38/100 | Train Loss 0.0255 | Val Loss 0.0254 MAE 0.3736 R2 0.7727
2026-08-30 00:22:35 | Epoch  39/100 | Train Loss 0.0256 | Val Loss 0.0250 MAE 0.3728 R2 0.7782
2026-08-30 00:22:35 | Epoch  40/100 | Train Loss 0.0256 | Val Loss 0.0249 MAE 0.3695 R2 0.7801
2026-08-30 00:22:35 | Epoch  41/100 | Train Loss 0.0255 | Val Loss 0.0253 MAE 0.3788 R2 0.7716
2026-08-30 00:22:35 | Epoch  42/100 | Train Loss 0.0257 | Val Loss 0.0243 MAE 0.3657 R2 0.7892
2026-08-30 00:22:35 |   Val R2 improved to 0.7892, model saved
2026-08-30 00:22:35 | Epoch  43/100 | Train Loss 0.0254 | Val Loss 0.0253 MAE 0.3689 R2 0.7731
2026-08-30 00:22:35 | Epoch  44/100 | Train Loss 0.0254 | Val Loss 0.0253 MAE 0.3784 R2 0.7718
2026-08-30 00:22:36 | Epoch  45/100 | Train Loss 0.0254 | Val Loss 0.0246 MAE 0.3677 R2 0.7849
2026-08-30 00:22:36 | Epoch  46/100 | Train Loss 0.0251 | Val Loss 0.0244 MAE 0.3661 R2 0.7874
2026-08-30 00:22:36 | Epoch  47/100 | Train Loss 0.0250 | Val Loss 0.0243 MAE 0.3665 R2 0.7891
2026-08-30 00:22:36 | Epoch  48/100 | Train Loss 0.0250 | Val Loss 0.0246 MAE 0.3689 R2 0.7836
2026-08-30 00:22:36 | Epoch  49/100 | Train Loss 0.0250 | Val Loss 0.0250 MAE 0.3718 R2 0.7776
2026-08-30 00:22:36 | Epoch  50/100 | Train Loss 0.0249 | Val Loss 0.0243 MAE 0.3668 R2 0.7884
2026-08-30 00:22:37 | Epoch  51/100 | Train Loss 0.0253 | Val Loss 0.0244 MAE 0.3774 R2 0.7875
2026-08-30 00:22:37 | Epoch  52/100 | Train Loss 0.0250 | Val Loss 0.0245 MAE 0.3695 R2 0.7849
2026-08-30 00:22:37 | Val R2 did not improve for 10 consecutive epochs, early stopping at Epoch 52 (best R2 0.7892 @ Epoch 42)
2026-08-30 00:22:37 | Run 3/5 | Test (best model @ Epoch 42) | Loss 0.0244 MAE 0.3640 R2 0.7779
2026-08-30 00:22:37 | ===== Run 4/5 (seed 3) =====
2026-08-30 00:22:37 | Epoch   1/100 | Train Loss 0.0695 | Val Loss 0.0903 MAE 0.5940 R2 -0.3226
2026-08-30 00:22:37 |   Val R2 improved to -0.3226, model saved
2026-08-30 00:22:37 | Epoch   2/100 | Train Loss 0.0463 | Val Loss 0.0375 MAE 0.4832 R2 0.5862
2026-08-30 00:22:37 |   Val R2 improved to 0.5862, model saved
2026-08-30 00:22:37 | Epoch   3/100 | Train Loss 0.0360 | Val Loss 0.0879 MAE 0.4881 R2 -0.2767
2026-08-30 00:22:37 | Epoch   4/100 | Train Loss 0.0385 | Val Loss 0.0973 MAE 0.4685 R2 -0.4361
2026-08-30 00:22:38 | Epoch   5/100 | Train Loss 0.0404 | Val Loss 0.0376 MAE 0.4789 R2 0.5841
2026-08-30 00:22:38 | Epoch   6/100 | Train Loss 0.0345 | Val Loss 0.0648 MAE 0.4478 R2 0.1167
2026-08-30 00:22:38 | Epoch   7/100 | Train Loss 0.0341 | Val Loss 0.0310 MAE 0.4271 R2 0.6940
2026-08-30 00:22:38 |   Val R2 improved to 0.6940, model saved
2026-08-30 00:22:38 | Epoch   8/100 | Train Loss 0.0333 | Val Loss 0.0341 MAE 0.4247 R2 0.6379
2026-08-30 00:22:38 | Epoch   9/100 | Train Loss 0.0316 | Val Loss 0.0286 MAE 0.4200 R2 0.7305
2026-08-30 00:22:38 |   Val R2 improved to 0.7305, model saved
2026-08-30 00:22:38 | Epoch  10/100 | Train Loss 0.0306 | Val Loss 0.0280 MAE 0.4107 R2 0.7404
2026-08-30 00:22:38 |   Val R2 improved to 0.7404, model saved
2026-08-30 00:22:39 | Epoch  11/100 | Train Loss 0.0305 | Val Loss 0.0281 MAE 0.4131 R2 0.7376
2026-08-30 00:22:39 | Epoch  12/100 | Train Loss 0.0299 | Val Loss 0.0288 MAE 0.4031 R2 0.7249
2026-08-30 00:22:39 | Epoch  13/100 | Train Loss 0.0288 | Val Loss 0.0273 MAE 0.3986 R2 0.7481
2026-08-30 00:22:39 |   Val R2 improved to 0.7481, model saved
2026-08-30 00:22:39 | Epoch  14/100 | Train Loss 0.0299 | Val Loss 0.0603 MAE 0.4318 R2 0.1854
2026-08-30 00:22:39 | Epoch  15/100 | Train Loss 0.0319 | Val Loss 0.0283 MAE 0.4016 R2 0.7280
2026-08-30 00:22:39 | Epoch  16/100 | Train Loss 0.0284 | Val Loss 0.0264 MAE 0.3964 R2 0.7604
2026-08-30 00:22:39 |   Val R2 improved to 0.7604, model saved
2026-08-30 00:22:40 | Epoch  17/100 | Train Loss 0.0284 | Val Loss 0.0394 MAE 0.4039 R2 0.5396
2026-08-30 00:22:40 | Epoch  18/100 | Train Loss 0.0287 | Val Loss 0.0296 MAE 0.4220 R2 0.7044
2026-08-30 00:22:40 | Epoch  19/100 | Train Loss 0.0281 | Val Loss 0.0263 MAE 0.3888 R2 0.7622
2026-08-30 00:22:40 |   Val R2 improved to 0.7622, model saved
2026-08-30 00:22:40 | Epoch  20/100 | Train Loss 0.0276 | Val Loss 0.0262 MAE 0.3901 R2 0.7621
2026-08-30 00:22:40 | Epoch  21/100 | Train Loss 0.0279 | Val Loss 0.0267 MAE 0.3920 R2 0.7541
2026-08-30 00:22:40 | Epoch  22/100 | Train Loss 0.0276 | Val Loss 0.0258 MAE 0.3812 R2 0.7692
2026-08-30 00:22:40 |   Val R2 improved to 0.7692, model saved
2026-08-30 00:22:40 | Epoch  23/100 | Train Loss 0.0272 | Val Loss 0.0280 MAE 0.3883 R2 0.7322
2026-08-30 00:22:41 | Epoch  24/100 | Train Loss 0.0275 | Val Loss 0.0274 MAE 0.3987 R2 0.7410
2026-08-30 00:22:41 | Epoch  25/100 | Train Loss 0.0270 | Val Loss 0.0258 MAE 0.3868 R2 0.7680
2026-08-30 00:22:41 | Epoch  26/100 | Train Loss 0.0269 | Val Loss 0.0254 MAE 0.3788 R2 0.7737
2026-08-30 00:22:41 |   Val R2 improved to 0.7737, model saved
2026-08-30 00:22:41 | Epoch  27/100 | Train Loss 0.0266 | Val Loss 0.0265 MAE 0.3891 R2 0.7549
2026-08-30 00:22:41 | Epoch  28/100 | Train Loss 0.0266 | Val Loss 0.0274 MAE 0.4049 R2 0.7392
2026-08-30 00:22:41 | Epoch  29/100 | Train Loss 0.0266 | Val Loss 0.0272 MAE 0.3888 R2 0.7430
2026-08-30 00:22:41 | Epoch  30/100 | Train Loss 0.0267 | Val Loss 0.0294 MAE 0.3816 R2 0.7053
2026-08-30 00:22:42 | Epoch  31/100 | Train Loss 0.0268 | Val Loss 0.0266 MAE 0.3794 R2 0.7524
2026-08-30 00:22:42 | Epoch  32/100 | Train Loss 0.0264 | Val Loss 0.0262 MAE 0.3732 R2 0.7597
2026-08-30 00:22:42 | Epoch  33/100 | Train Loss 0.0268 | Val Loss 0.0254 MAE 0.3788 R2 0.7731
2026-08-30 00:22:42 | Epoch  34/100 | Train Loss 0.0259 | Val Loss 0.0258 MAE 0.3814 R2 0.7654
2026-08-30 00:22:42 | Epoch  35/100 | Train Loss 0.0260 | Val Loss 0.0251 MAE 0.3793 R2 0.7759
2026-08-30 00:22:42 |   Val R2 improved to 0.7759, model saved
2026-08-30 00:22:42 | Epoch  36/100 | Train Loss 0.0255 | Val Loss 0.0251 MAE 0.3729 R2 0.7752
2026-08-30 00:22:43 | Epoch  37/100 | Train Loss 0.0258 | Val Loss 0.0257 MAE 0.3747 R2 0.7657
2026-08-30 00:22:43 | Epoch  38/100 | Train Loss 0.0273 | Val Loss 0.0273 MAE 0.3771 R2 0.7393
2026-08-30 00:22:43 | Epoch  39/100 | Train Loss 0.0260 | Val Loss 0.0253 MAE 0.3748 R2 0.7734
2026-08-30 00:22:43 | Epoch  40/100 | Train Loss 0.0258 | Val Loss 0.0259 MAE 0.3732 R2 0.7655
2026-08-30 00:22:43 | Epoch  41/100 | Train Loss 0.0258 | Val Loss 0.0247 MAE 0.3753 R2 0.7832
2026-08-30 00:22:43 |   Val R2 improved to 0.7832, model saved
2026-08-30 00:22:43 | Epoch  42/100 | Train Loss 0.0255 | Val Loss 0.0246 MAE 0.3717 R2 0.7842
2026-08-30 00:22:43 |   Val R2 improved to 0.7842, model saved
2026-08-30 00:22:44 | Epoch  43/100 | Train Loss 0.0254 | Val Loss 0.0248 MAE 0.3781 R2 0.7806
2026-08-30 00:22:44 | Epoch  44/100 | Train Loss 0.0254 | Val Loss 0.0257 MAE 0.3838 R2 0.7651
2026-08-30 00:22:44 | Epoch  45/100 | Train Loss 0.0254 | Val Loss 0.0248 MAE 0.3848 R2 0.7796
2026-08-30 00:22:44 | Epoch  46/100 | Train Loss 0.0253 | Val Loss 0.0249 MAE 0.3730 R2 0.7769
2026-08-30 00:22:44 | Epoch  47/100 | Train Loss 0.0252 | Val Loss 0.0244 MAE 0.3674 R2 0.7858
2026-08-30 00:22:44 |   Val R2 improved to 0.7858, model saved
2026-08-30 00:22:44 | Epoch  48/100 | Train Loss 0.0248 | Val Loss 0.0248 MAE 0.3702 R2 0.7789
2026-08-30 00:22:44 | Epoch  49/100 | Train Loss 0.0249 | Val Loss 0.0245 MAE 0.3680 R2 0.7839
2026-08-30 00:22:45 | Epoch  50/100 | Train Loss 0.0249 | Val Loss 0.0242 MAE 0.3640 R2 0.7883
2026-08-30 00:22:45 |   Val R2 improved to 0.7883, model saved
2026-08-30 00:22:45 | Epoch  51/100 | Train Loss 0.0249 | Val Loss 0.0244 MAE 0.3701 R2 0.7862
2026-08-30 00:22:45 | Epoch  52/100 | Train Loss 0.0248 | Val Loss 0.0245 MAE 0.3643 R2 0.7839
2026-08-30 00:22:45 | Epoch  53/100 | Train Loss 0.0248 | Val Loss 0.0243 MAE 0.3714 R2 0.7865
2026-08-30 00:22:45 | Epoch  54/100 | Train Loss 0.0248 | Val Loss 0.0251 MAE 0.3737 R2 0.7737
2026-08-30 00:22:45 | Epoch  55/100 | Train Loss 0.0250 | Val Loss 0.0245 MAE 0.3769 R2 0.7839
2026-08-30 00:22:46 | Epoch  56/100 | Train Loss 0.0250 | Val Loss 0.0241 MAE 0.3637 R2 0.7907
2026-08-30 00:22:46 |   Val R2 improved to 0.7907, model saved
2026-08-30 00:22:46 | Epoch  57/100 | Train Loss 0.0248 | Val Loss 0.0249 MAE 0.3708 R2 0.7771
2026-08-30 00:22:46 | Epoch  58/100 | Train Loss 0.0244 | Val Loss 0.0241 MAE 0.3635 R2 0.7896
2026-08-30 00:22:46 | Epoch  59/100 | Train Loss 0.0246 | Val Loss 0.0243 MAE 0.3713 R2 0.7860
2026-08-30 00:22:46 | Epoch  60/100 | Train Loss 0.0247 | Val Loss 0.0245 MAE 0.3660 R2 0.7825
2026-08-30 00:22:46 | Epoch  61/100 | Train Loss 0.0244 | Val Loss 0.0243 MAE 0.3694 R2 0.7870
2026-08-30 00:22:47 | Epoch  62/100 | Train Loss 0.0243 | Val Loss 0.0240 MAE 0.3624 R2 0.7913
2026-08-30 00:22:47 |   Val R2 improved to 0.7913, model saved
2026-08-30 00:22:47 | Epoch  63/100 | Train Loss 0.0243 | Val Loss 0.0242 MAE 0.3672 R2 0.7883
2026-08-30 00:22:47 | Epoch  64/100 | Train Loss 0.0246 | Val Loss 0.0242 MAE 0.3671 R2 0.7883
2026-08-30 00:22:47 | Epoch  65/100 | Train Loss 0.0244 | Val Loss 0.0249 MAE 0.3728 R2 0.7761
2026-08-30 00:22:47 | Epoch  66/100 | Train Loss 0.0244 | Val Loss 0.0240 MAE 0.3613 R2 0.7913
2026-08-30 00:22:47 |   Val R2 improved to 0.7913, model saved
2026-08-30 00:22:47 | Epoch  67/100 | Train Loss 0.0242 | Val Loss 0.0241 MAE 0.3664 R2 0.7885
2026-08-30 00:22:47 | Epoch  68/100 | Train Loss 0.0243 | Val Loss 0.0238 MAE 0.3621 R2 0.7942
2026-08-30 00:22:47 |   Val R2 improved to 0.7942, model saved
2026-08-30 00:22:48 | Epoch  69/100 | Train Loss 0.0239 | Val Loss 0.0241 MAE 0.3638 R2 0.7899
2026-08-30 00:22:48 | Epoch  70/100 | Train Loss 0.0241 | Val Loss 0.0240 MAE 0.3632 R2 0.7902
2026-08-30 00:22:48 | Epoch  71/100 | Train Loss 0.0241 | Val Loss 0.0240 MAE 0.3606 R2 0.7914
2026-08-30 00:22:48 | Epoch  72/100 | Train Loss 0.0242 | Val Loss 0.0247 MAE 0.3739 R2 0.7783
2026-08-30 00:22:48 | Epoch  73/100 | Train Loss 0.0240 | Val Loss 0.0239 MAE 0.3609 R2 0.7932
2026-08-30 00:22:48 | Epoch  74/100 | Train Loss 0.0241 | Val Loss 0.0245 MAE 0.3690 R2 0.7818
2026-08-30 00:22:49 | Epoch  75/100 | Train Loss 0.0238 | Val Loss 0.0242 MAE 0.3638 R2 0.7862
2026-08-30 00:22:49 | Epoch  76/100 | Train Loss 0.0238 | Val Loss 0.0237 MAE 0.3576 R2 0.7952
2026-08-30 00:22:49 |   Val R2 improved to 0.7952, model saved
2026-08-30 00:22:49 | Epoch  77/100 | Train Loss 0.0238 | Val Loss 0.0236 MAE 0.3570 R2 0.7980
2026-08-30 00:22:49 |   Val R2 improved to 0.7980, model saved
2026-08-30 00:22:49 | Epoch  78/100 | Train Loss 0.0238 | Val Loss 0.0237 MAE 0.3591 R2 0.7963
2026-08-30 00:22:49 | Epoch  79/100 | Train Loss 0.0238 | Val Loss 0.0237 MAE 0.3592 R2 0.7957
2026-08-30 00:22:49 | Epoch  80/100 | Train Loss 0.0238 | Val Loss 0.0243 MAE 0.3639 R2 0.7855
2026-08-30 00:22:49 | Epoch  81/100 | Train Loss 0.0236 | Val Loss 0.0236 MAE 0.3576 R2 0.7970
2026-08-30 00:22:50 | Epoch  82/100 | Train Loss 0.0236 | Val Loss 0.0238 MAE 0.3576 R2 0.7933
2026-08-30 00:22:50 | Epoch  83/100 | Train Loss 0.0236 | Val Loss 0.0237 MAE 0.3611 R2 0.7951
2026-08-30 00:22:50 | Epoch  84/100 | Train Loss 0.0236 | Val Loss 0.0243 MAE 0.3646 R2 0.7849
2026-08-30 00:22:50 | Epoch  85/100 | Train Loss 0.0236 | Val Loss 0.0235 MAE 0.3582 R2 0.7983
2026-08-30 00:22:50 |   Val R2 improved to 0.7983, model saved
2026-08-30 00:22:50 | Epoch  86/100 | Train Loss 0.0236 | Val Loss 0.0236 MAE 0.3595 R2 0.7968
2026-08-30 00:22:50 | Epoch  87/100 | Train Loss 0.0237 | Val Loss 0.0236 MAE 0.3537 R2 0.7969
2026-08-30 00:22:51 | Epoch  88/100 | Train Loss 0.0234 | Val Loss 0.0234 MAE 0.3566 R2 0.8006
2026-08-30 00:22:51 |   Val R2 improved to 0.8006, model saved
2026-08-30 00:22:51 | Epoch  89/100 | Train Loss 0.0234 | Val Loss 0.0239 MAE 0.3593 R2 0.7925
2026-08-30 00:22:51 | Epoch  90/100 | Train Loss 0.0234 | Val Loss 0.0235 MAE 0.3535 R2 0.7980
2026-08-30 00:22:51 | Epoch  91/100 | Train Loss 0.0233 | Val Loss 0.0235 MAE 0.3568 R2 0.7980
2026-08-30 00:22:51 | Epoch  92/100 | Train Loss 0.0235 | Val Loss 0.0236 MAE 0.3521 R2 0.7968
2026-08-30 00:22:51 | Epoch  93/100 | Train Loss 0.0234 | Val Loss 0.0234 MAE 0.3525 R2 0.7998
2026-08-30 00:22:51 | Epoch  94/100 | Train Loss 0.0233 | Val Loss 0.0235 MAE 0.3595 R2 0.7981
2026-08-30 00:22:52 | Epoch  95/100 | Train Loss 0.0233 | Val Loss 0.0234 MAE 0.3584 R2 0.8001
2026-08-30 00:22:52 | Epoch  96/100 | Train Loss 0.0234 | Val Loss 0.0234 MAE 0.3529 R2 0.7999
2026-08-30 00:22:52 | Epoch  97/100 | Train Loss 0.0231 | Val Loss 0.0235 MAE 0.3529 R2 0.7985
2026-08-30 00:22:52 | Epoch  98/100 | Train Loss 0.0231 | Val Loss 0.0232 MAE 0.3513 R2 0.8035
2026-08-30 00:22:52 |   Val R2 improved to 0.8035, model saved
2026-08-30 00:22:52 | Epoch  99/100 | Train Loss 0.0231 | Val Loss 0.0235 MAE 0.3578 R2 0.7990
2026-08-30 00:22:52 | Epoch 100/100 | Train Loss 0.0231 | Val Loss 0.0237 MAE 0.3549 R2 0.7953
2026-08-30 00:22:52 | Run 4/5 | Test (best model @ Epoch 98) | Loss 0.0231 MAE 0.3489 R2 0.7950
2026-08-30 00:22:52 | ===== Run 5/5 (seed 4) =====
2026-08-30 00:22:53 | Epoch   1/100 | Train Loss 0.0796 | Val Loss 0.2620 MAE 0.5815 R2 -3.2556
2026-08-30 00:22:53 |   Val R2 improved to -3.2556, model saved
2026-08-30 00:22:53 | Epoch   2/100 | Train Loss 0.0607 | Val Loss 0.0488 MAE 0.4801 R2 0.3896
2026-08-30 00:22:53 |   Val R2 improved to 0.3896, model saved
2026-08-30 00:22:53 | Epoch   3/100 | Train Loss 0.0349 | Val Loss 0.0337 MAE 0.4533 R2 0.6456
2026-08-30 00:22:53 |   Val R2 improved to 0.6456, model saved
2026-08-30 00:22:53 | Epoch   4/100 | Train Loss 0.0337 | Val Loss 0.0302 MAE 0.4401 R2 0.7036
2026-08-30 00:22:53 |   Val R2 improved to 0.7036, model saved
2026-08-30 00:22:53 | Epoch   5/100 | Train Loss 0.0322 | Val Loss 0.0295 MAE 0.4303 R2 0.7153
2026-08-30 00:22:53 |   Val R2 improved to 0.7153, model saved
2026-08-30 00:22:53 | Epoch   6/100 | Train Loss 0.0315 | Val Loss 0.0285 MAE 0.4209 R2 0.7306
2026-08-30 00:22:53 |   Val R2 improved to 0.7306, model saved
2026-08-30 00:22:53 | Epoch   7/100 | Train Loss 0.0309 | Val Loss 0.0294 MAE 0.4341 R2 0.7127
2026-08-30 00:22:54 | Epoch   8/100 | Train Loss 0.0304 | Val Loss 0.0292 MAE 0.4202 R2 0.7164
2026-08-30 00:22:54 | Epoch   9/100 | Train Loss 0.0303 | Val Loss 0.0300 MAE 0.4249 R2 0.7018
2026-08-30 00:22:54 | Epoch  10/100 | Train Loss 0.0298 | Val Loss 0.0283 MAE 0.4166 R2 0.7299
2026-08-30 00:22:54 | Epoch  11/100 | Train Loss 0.0301 | Val Loss 0.0283 MAE 0.4108 R2 0.7289
2026-08-30 00:22:54 | Epoch  12/100 | Train Loss 0.0291 | Val Loss 0.0269 MAE 0.4025 R2 0.7531
2026-08-30 00:22:54 |   Val R2 improved to 0.7531, model saved
2026-08-30 00:22:54 | Epoch  13/100 | Train Loss 0.0290 | Val Loss 0.0269 MAE 0.4021 R2 0.7529
2026-08-30 00:22:55 | Epoch  14/100 | Train Loss 0.0290 | Val Loss 0.0272 MAE 0.4029 R2 0.7461
2026-08-30 00:22:55 | Epoch  15/100 | Train Loss 0.0289 | Val Loss 0.0296 MAE 0.4319 R2 0.7051
2026-08-30 00:22:55 | Epoch  16/100 | Train Loss 0.0283 | Val Loss 0.0272 MAE 0.3940 R2 0.7477
2026-08-30 00:22:55 | Epoch  17/100 | Train Loss 0.0280 | Val Loss 0.0271 MAE 0.3977 R2 0.7498
2026-08-30 00:22:55 | Epoch  18/100 | Train Loss 0.0278 | Val Loss 0.0275 MAE 0.3976 R2 0.7418
2026-08-30 00:22:55 | Epoch  19/100 | Train Loss 0.0282 | Val Loss 0.0267 MAE 0.3937 R2 0.7565
2026-08-30 00:22:55 |   Val R2 improved to 0.7565, model saved
2026-08-30 00:22:55 | Epoch  20/100 | Train Loss 0.0284 | Val Loss 0.0260 MAE 0.3889 R2 0.7670
2026-08-30 00:22:55 |   Val R2 improved to 0.7670, model saved
2026-08-30 00:22:56 | Epoch  21/100 | Train Loss 0.0274 | Val Loss 0.0267 MAE 0.3951 R2 0.7538
2026-08-30 00:22:56 | Epoch  22/100 | Train Loss 0.0273 | Val Loss 0.0263 MAE 0.3866 R2 0.7604
2026-08-30 00:22:56 | Epoch  23/100 | Train Loss 0.0273 | Val Loss 0.0276 MAE 0.3948 R2 0.7386
2026-08-30 00:22:56 | Epoch  24/100 | Train Loss 0.0280 | Val Loss 0.0281 MAE 0.3994 R2 0.7309
2026-08-30 00:22:56 | Epoch  25/100 | Train Loss 0.0274 | Val Loss 0.0275 MAE 0.3950 R2 0.7464
2026-08-30 00:22:56 | Epoch  26/100 | Train Loss 0.0288 | Val Loss 0.0270 MAE 0.3983 R2 0.7533
2026-08-30 00:22:56 | Epoch  27/100 | Train Loss 0.0271 | Val Loss 0.0298 MAE 0.3970 R2 0.7069
2026-08-30 00:22:57 | Epoch  28/100 | Train Loss 0.0274 | Val Loss 0.0305 MAE 0.3843 R2 0.6905
2026-08-30 00:22:57 | Epoch  29/100 | Train Loss 0.0287 | Val Loss 0.0555 MAE 0.3977 R2 0.2658
2026-08-30 00:22:57 | Epoch  30/100 | Train Loss 0.0312 | Val Loss 0.0374 MAE 0.3965 R2 0.5846
2026-08-30 00:22:57 | Val R2 did not improve for 10 consecutive epochs, early stopping at Epoch 30 (best R2 0.7670 @ Epoch 20)
2026-08-30 00:22:57 | Run 5/5 | Test (best model @ Epoch 20) | Loss 0.0258 MAE 0.3878 R2 0.7564
2026-08-30 00:22:57 | Average over 5 runs | Test Loss 0.0245±0.0009 MAE 0.3669±0.0141 R2 0.7766±0.0138
