2026-09-03 00:16:26 | Device: cuda
2026-09-03 00:16:26 | Args: {'model': 'opb', 'backbone': 'rnn', 'task': 'stsb', 'epochs': 100, 'batch_size': 512, 'lr': 0.001, 'hidden_dims': [512, 256], 'dropout': 0.2, 'z_dim': 256, 'anchor_scale': 4.0, 'energy_classifier': False, 'tied_head': True, 'max_len': 250, 'random_labels': False, 'beta': 0.01, 'patience': 10, 'runs': 5, 'seed': 0, 'data_dir': './data', 'save_path': 'output/stsb_rnn_opb/stsb_rnn_opb.pt', 'log_path': '/root/autodl-tmp/IB/tune_results/stsb_rnn_opb_beta_0.01_anchor_4/train.log', 'no_save': True}
2026-09-03 00:16:26 | STS-B 预处理缓存：mmap 共享 ./data/stsb/stsb_processed_maxlen250
2026-09-03 00:16:26 | ===== Run 1/5 (seed 0) =====
2026-09-03 00:16:32 | Epoch   1/100 | Train Loss 0.3000 | Val Loss 0.1201 MAE 1.3054 R2 -0.2572
2026-09-03 00:16:32 |   Val R2 improved to -0.2572, model saved
2026-09-03 00:16:33 | Epoch   2/100 | Train Loss 0.1530 | Val Loss 0.0994 MAE 1.2725 R2 -0.0409
2026-09-03 00:16:33 |   Val R2 improved to -0.0409, model saved
2026-09-03 00:16:35 | Epoch   3/100 | Train Loss 0.1317 | Val Loss 0.0973 MAE 1.2423 R2 -0.0081
2026-09-03 00:16:35 |   Val R2 improved to -0.0081, model saved
2026-09-03 00:16:36 | Epoch   4/100 | Train Loss 0.1197 | Val Loss 0.0969 MAE 1.2302 R2 0.0020
2026-09-03 00:16:36 |   Val R2 improved to 0.0020, model saved
2026-09-03 00:16:37 | Epoch   5/100 | Train Loss 0.1170 | Val Loss 0.0969 MAE 1.2319 R2 0.0076
2026-09-03 00:16:37 |   Val R2 improved to 0.0076, model saved
2026-09-03 00:16:38 | Epoch   6/100 | Train Loss 0.1130 | Val Loss 0.0971 MAE 1.2268 R2 0.0137
2026-09-03 00:16:38 |   Val R2 improved to 0.0137, model saved
2026-09-03 00:16:40 | Epoch   7/100 | Train Loss 0.1120 | Val Loss 0.0970 MAE 1.2208 R2 0.0204
2026-09-03 00:16:40 |   Val R2 improved to 0.0204, model saved
2026-09-03 00:16:41 | Epoch   8/100 | Train Loss 0.1107 | Val Loss 0.0972 MAE 1.2058 R2 0.0274
2026-09-03 00:16:41 |   Val R2 improved to 0.0274, model saved
2026-09-03 00:16:43 | Epoch   9/100 | Train Loss 0.1081 | Val Loss 0.0963 MAE 1.1962 R2 0.0379
2026-09-03 00:16:43 |   Val R2 improved to 0.0379, model saved
2026-09-03 00:16:44 | Epoch  10/100 | Train Loss 0.1071 | Val Loss 0.0949 MAE 1.1975 R2 0.0488
2026-09-03 00:16:44 |   Val R2 improved to 0.0488, model saved
2026-09-03 00:16:45 | Epoch  11/100 | Train Loss 0.1045 | Val Loss 0.0945 MAE 1.1987 R2 0.0513
2026-09-03 00:16:45 |   Val R2 improved to 0.0513, model saved
2026-09-03 00:16:47 | Epoch  12/100 | Train Loss 0.1039 | Val Loss 0.0950 MAE 1.2067 R2 0.0452
2026-09-03 00:16:48 | Epoch  13/100 | Train Loss 0.1032 | Val Loss 0.0937 MAE 1.1734 R2 0.0647
2026-09-03 00:16:48 |   Val R2 improved to 0.0647, model saved
2026-09-03 00:16:50 | Epoch  14/100 | Train Loss 0.1021 | Val Loss 0.0932 MAE 1.1783 R2 0.0683
2026-09-03 00:16:50 |   Val R2 improved to 0.0683, model saved
2026-09-03 00:16:51 | Epoch  15/100 | Train Loss 0.1002 | Val Loss 0.0930 MAE 1.1673 R2 0.0764
2026-09-03 00:16:51 |   Val R2 improved to 0.0764, model saved
2026-09-03 00:16:53 | Epoch  16/100 | Train Loss 0.0999 | Val Loss 0.0936 MAE 1.1607 R2 0.0747
2026-09-03 00:16:55 | Epoch  17/100 | Train Loss 0.0994 | Val Loss 0.0928 MAE 1.1621 R2 0.0812
2026-09-03 00:16:55 |   Val R2 improved to 0.0812, model saved
2026-09-03 00:16:56 | Epoch  18/100 | Train Loss 0.0989 | Val Loss 0.0928 MAE 1.1597 R2 0.0837
2026-09-03 00:16:56 |   Val R2 improved to 0.0837, model saved
2026-09-03 00:16:58 | Epoch  19/100 | Train Loss 0.0967 | Val Loss 0.0922 MAE 1.1560 R2 0.0887
2026-09-03 00:16:58 |   Val R2 improved to 0.0887, model saved
2026-09-03 00:16:59 | Epoch  20/100 | Train Loss 0.0962 | Val Loss 0.0933 MAE 1.1765 R2 0.0757
2026-09-03 00:17:01 | Epoch  21/100 | Train Loss 0.0955 | Val Loss 0.0914 MAE 1.1491 R2 0.0991
2026-09-03 00:17:01 |   Val R2 improved to 0.0991, model saved
2026-09-03 00:17:02 | Epoch  22/100 | Train Loss 0.0939 | Val Loss 0.0969 MAE 1.1545 R2 0.0495
2026-09-03 00:17:04 | Epoch  23/100 | Train Loss 0.0944 | Val Loss 0.0926 MAE 1.1742 R2 0.0879
2026-09-03 00:17:06 | Epoch  24/100 | Train Loss 0.0946 | Val Loss 0.0907 MAE 1.1341 R2 0.1127
2026-09-03 00:17:06 |   Val R2 improved to 0.1127, model saved
2026-09-03 00:17:07 | Epoch  25/100 | Train Loss 0.0900 | Val Loss 0.0926 MAE 1.1336 R2 0.0994
2026-09-03 00:17:09 | Epoch  26/100 | Train Loss 0.0881 | Val Loss 0.0893 MAE 1.1379 R2 0.1254
2026-09-03 00:17:09 |   Val R2 improved to 0.1254, model saved
2026-09-03 00:17:11 | Epoch  27/100 | Train Loss 0.0881 | Val Loss 0.0900 MAE 1.1178 R2 0.1262
2026-09-03 00:17:11 |   Val R2 improved to 0.1262, model saved
2026-09-03 00:17:13 | Epoch  28/100 | Train Loss 0.0860 | Val Loss 0.0886 MAE 1.1114 R2 0.1457
2026-09-03 00:17:13 |   Val R2 improved to 0.1457, model saved
2026-09-03 00:17:15 | Epoch  29/100 | Train Loss 0.0848 | Val Loss 0.0874 MAE 1.1021 R2 0.1598
2026-09-03 00:17:15 |   Val R2 improved to 0.1598, model saved
2026-09-03 00:17:17 | Epoch  30/100 | Train Loss 0.0814 | Val Loss 0.0863 MAE 1.0970 R2 0.1697
2026-09-03 00:17:17 |   Val R2 improved to 0.1697, model saved
2026-09-03 00:17:19 | Epoch  31/100 | Train Loss 0.0799 | Val Loss 0.0856 MAE 1.0934 R2 0.1782
2026-09-03 00:17:19 |   Val R2 improved to 0.1782, model saved
2026-09-03 00:17:20 | Epoch  32/100 | Train Loss 0.0788 | Val Loss 0.0872 MAE 1.0874 R2 0.1683
2026-09-03 00:17:22 | Epoch  33/100 | Train Loss 0.0765 | Val Loss 0.0858 MAE 1.0837 R2 0.1795
2026-09-03 00:17:22 |   Val R2 improved to 0.1795, model saved
2026-09-03 00:17:24 | Epoch  34/100 | Train Loss 0.0758 | Val Loss 0.0835 MAE 1.0731 R2 0.2048
2026-09-03 00:17:24 |   Val R2 improved to 0.2048, model saved
2026-09-03 00:17:26 | Epoch  35/100 | Train Loss 0.0735 | Val Loss 0.0844 MAE 1.0846 R2 0.1889
2026-09-03 00:17:28 | Epoch  36/100 | Train Loss 0.0735 | Val Loss 0.0827 MAE 1.0664 R2 0.2100
2026-09-03 00:17:28 |   Val R2 improved to 0.2100, model saved
2026-09-03 00:17:29 | Epoch  37/100 | Train Loss 0.0706 | Val Loss 0.0836 MAE 1.0700 R2 0.2019
2026-09-03 00:17:31 | Epoch  38/100 | Train Loss 0.0679 | Val Loss 0.0843 MAE 1.0738 R2 0.1914
2026-09-03 00:17:33 | Epoch  39/100 | Train Loss 0.0681 | Val Loss 0.0845 MAE 1.0722 R2 0.1904
2026-09-03 00:17:35 | Epoch  40/100 | Train Loss 0.0660 | Val Loss 0.0928 MAE 1.1162 R2 0.1112
2026-09-03 00:17:36 | Epoch  41/100 | Train Loss 0.0658 | Val Loss 0.0830 MAE 1.0597 R2 0.2086
2026-09-03 00:17:38 | Epoch  42/100 | Train Loss 0.0614 | Val Loss 0.0868 MAE 1.0828 R2 0.1693
2026-09-03 00:17:39 | Epoch  43/100 | Train Loss 0.0621 | Val Loss 0.0836 MAE 1.0600 R2 0.2050
2026-09-03 00:17:41 | Epoch  44/100 | Train Loss 0.0591 | Val Loss 0.0865 MAE 1.0764 R2 0.1754
2026-09-03 00:17:42 | Epoch  45/100 | Train Loss 0.0599 | Val Loss 0.0857 MAE 1.0689 R2 0.1867
2026-09-03 00:17:44 | Epoch  46/100 | Train Loss 0.0587 | Val Loss 0.0802 MAE 1.0369 R2 0.2402
2026-09-03 00:17:44 |   Val R2 improved to 0.2402, model saved
2026-09-03 00:17:46 | Epoch  47/100 | Train Loss 0.0578 | Val Loss 0.0800 MAE 1.0452 R2 0.2365
2026-09-03 00:17:48 | Epoch  48/100 | Train Loss 0.0559 | Val Loss 0.0932 MAE 1.1167 R2 0.1019
2026-09-03 00:17:50 | Epoch  49/100 | Train Loss 0.0561 | Val Loss 0.0870 MAE 1.0807 R2 0.1624
2026-09-03 00:17:52 | Epoch  50/100 | Train Loss 0.0551 | Val Loss 0.0784 MAE 1.0361 R2 0.2480
2026-09-03 00:17:52 |   Val R2 improved to 0.2480, model saved
2026-09-03 00:17:53 | Epoch  51/100 | Train Loss 0.0536 | Val Loss 0.0818 MAE 1.0531 R2 0.2146
2026-09-03 00:17:55 | Epoch  52/100 | Train Loss 0.0518 | Val Loss 0.0820 MAE 1.0495 R2 0.2166
2026-09-03 00:17:56 | Epoch  53/100 | Train Loss 0.0490 | Val Loss 0.0838 MAE 1.0609 R2 0.1947
2026-09-03 00:17:58 | Epoch  54/100 | Train Loss 0.0493 | Val Loss 0.0899 MAE 1.0980 R2 0.1316
2026-09-03 00:18:00 | Epoch  55/100 | Train Loss 0.0481 | Val Loss 0.0934 MAE 1.1151 R2 0.0948
2026-09-03 00:18:01 | Epoch  56/100 | Train Loss 0.0489 | Val Loss 0.0843 MAE 1.0676 R2 0.1869
2026-09-03 00:18:03 | Epoch  57/100 | Train Loss 0.0484 | Val Loss 0.0867 MAE 1.0789 R2 0.1619
2026-09-03 00:18:04 | Epoch  58/100 | Train Loss 0.0454 | Val Loss 0.0859 MAE 1.0727 R2 0.1709
2026-09-03 00:18:06 | Epoch  59/100 | Train Loss 0.0439 | Val Loss 0.0819 MAE 1.0505 R2 0.2125
2026-09-03 00:18:07 | Epoch  60/100 | Train Loss 0.0442 | Val Loss 0.0802 MAE 1.0378 R2 0.2297
2026-09-03 00:18:07 | Val R2 did not improve for 10 consecutive epochs, early stopping at Epoch 60 (best R2 0.2480 @ Epoch 50)
2026-09-03 00:18:07 | Run 1/5 | Test (best model @ Epoch 50) | Loss 0.0820 MAE 1.0646 R2 0.2570
2026-09-03 00:18:07 | ===== Run 2/5 (seed 1) =====
2026-09-03 00:18:09 | Epoch   1/100 | Train Loss 0.2784 | Val Loss 0.1254 MAE 1.3342 R2 -0.3231
2026-09-03 00:18:09 |   Val R2 improved to -0.3231, model saved
2026-09-03 00:18:10 | Epoch   2/100 | Train Loss 0.1499 | Val Loss 0.1000 MAE 1.2787 R2 -0.0498
2026-09-03 00:18:10 |   Val R2 improved to -0.0498, model saved
2026-09-03 00:18:11 | Epoch   3/100 | Train Loss 0.1329 | Val Loss 0.0972 MAE 1.2404 R2 -0.0100
2026-09-03 00:18:12 |   Val R2 improved to -0.0100, model saved
2026-09-03 00:18:13 | Epoch   4/100 | Train Loss 0.1228 | Val Loss 0.0972 MAE 1.2314 R2 -0.0006
2026-09-03 00:18:13 |   Val R2 improved to -0.0006, model saved
2026-09-03 00:18:14 | Epoch   5/100 | Train Loss 0.1181 | Val Loss 0.0975 MAE 1.2385 R2 0.0024
2026-09-03 00:18:14 |   Val R2 improved to 0.0024, model saved
2026-09-03 00:18:16 | Epoch   6/100 | Train Loss 0.1167 | Val Loss 0.0977 MAE 1.2259 R2 0.0113
2026-09-03 00:18:16 |   Val R2 improved to 0.0113, model saved
2026-09-03 00:18:17 | Epoch   7/100 | Train Loss 0.1123 | Val Loss 0.0977 MAE 1.2217 R2 0.0162
2026-09-03 00:18:17 |   Val R2 improved to 0.0162, model saved
2026-09-03 00:18:19 | Epoch   8/100 | Train Loss 0.1106 | Val Loss 0.0972 MAE 1.2174 R2 0.0228
2026-09-03 00:18:19 |   Val R2 improved to 0.0228, model saved
2026-09-03 00:18:21 | Epoch   9/100 | Train Loss 0.1096 | Val Loss 0.0967 MAE 1.1976 R2 0.0342
2026-09-03 00:18:21 |   Val R2 improved to 0.0342, model saved
2026-09-03 00:18:22 | Epoch  10/100 | Train Loss 0.1065 | Val Loss 0.0993 MAE 1.1888 R2 0.0201
2026-09-03 00:18:24 | Epoch  11/100 | Train Loss 0.1063 | Val Loss 0.0948 MAE 1.1827 R2 0.0532
2026-09-03 00:18:24 |   Val R2 improved to 0.0532, model saved
2026-09-03 00:18:26 | Epoch  12/100 | Train Loss 0.1047 | Val Loss 0.0968 MAE 1.2258 R2 0.0238
2026-09-03 00:18:27 | Epoch  13/100 | Train Loss 0.1060 | Val Loss 0.0957 MAE 1.2080 R2 0.0435
2026-09-03 00:18:29 | Epoch  14/100 | Train Loss 0.1026 | Val Loss 0.0954 MAE 1.2056 R2 0.0458
2026-09-03 00:18:31 | Epoch  15/100 | Train Loss 0.1024 | Val Loss 0.0937 MAE 1.1814 R2 0.0668
2026-09-03 00:18:31 |   Val R2 improved to 0.0668, model saved
2026-09-03 00:18:33 | Epoch  16/100 | Train Loss 0.1001 | Val Loss 0.0934 MAE 1.1662 R2 0.0740
2026-09-03 00:18:33 |   Val R2 improved to 0.0740, model saved
2026-09-03 00:18:34 | Epoch  17/100 | Train Loss 0.0987 | Val Loss 0.0929 MAE 1.1656 R2 0.0795
2026-09-03 00:18:34 |   Val R2 improved to 0.0795, model saved
2026-09-03 00:18:36 | Epoch  18/100 | Train Loss 0.0986 | Val Loss 0.0927 MAE 1.1623 R2 0.0816
2026-09-03 00:18:36 |   Val R2 improved to 0.0816, model saved
2026-09-03 00:18:38 | Epoch  19/100 | Train Loss 0.0972 | Val Loss 0.0925 MAE 1.1659 R2 0.0835
2026-09-03 00:18:38 |   Val R2 improved to 0.0835, model saved
2026-09-03 00:18:40 | Epoch  20/100 | Train Loss 0.0960 | Val Loss 0.0946 MAE 1.1535 R2 0.0706
2026-09-03 00:18:42 | Epoch  21/100 | Train Loss 0.0967 | Val Loss 0.0917 MAE 1.1600 R2 0.0937
2026-09-03 00:18:42 |   Val R2 improved to 0.0937, model saved
2026-09-03 00:18:43 | Epoch  22/100 | Train Loss 0.0952 | Val Loss 0.0915 MAE 1.1481 R2 0.1000
2026-09-03 00:18:43 |   Val R2 improved to 0.1000, model saved
2026-09-03 00:18:45 | Epoch  23/100 | Train Loss 0.0938 | Val Loss 0.0908 MAE 1.1393 R2 0.1101
2026-09-03 00:18:45 |   Val R2 improved to 0.1101, model saved
2026-09-03 00:18:47 | Epoch  24/100 | Train Loss 0.0916 | Val Loss 0.0911 MAE 1.1329 R2 0.1124
2026-09-03 00:18:47 |   Val R2 improved to 0.1124, model saved
2026-09-03 00:18:48 | Epoch  25/100 | Train Loss 0.0892 | Val Loss 0.0892 MAE 1.1260 R2 0.1300
2026-09-03 00:18:48 |   Val R2 improved to 0.1300, model saved
2026-09-03 00:18:50 | Epoch  26/100 | Train Loss 0.0895 | Val Loss 0.0888 MAE 1.1198 R2 0.1370
2026-09-03 00:18:50 |   Val R2 improved to 0.1370, model saved
2026-09-03 00:18:52 | Epoch  27/100 | Train Loss 0.0885 | Val Loss 0.0878 MAE 1.1128 R2 0.1457
2026-09-03 00:18:52 |   Val R2 improved to 0.1457, model saved
2026-09-03 00:18:54 | Epoch  28/100 | Train Loss 0.0845 | Val Loss 0.0871 MAE 1.1110 R2 0.1558
2026-09-03 00:18:54 |   Val R2 improved to 0.1558, model saved
2026-09-03 00:18:56 | Epoch  29/100 | Train Loss 0.0844 | Val Loss 0.0870 MAE 1.1012 R2 0.1603
2026-09-03 00:18:56 |   Val R2 improved to 0.1603, model saved
2026-09-03 00:18:58 | Epoch  30/100 | Train Loss 0.0816 | Val Loss 0.0860 MAE 1.0993 R2 0.1717
2026-09-03 00:18:58 |   Val R2 improved to 0.1717, model saved
2026-09-03 00:18:59 | Epoch  31/100 | Train Loss 0.0790 | Val Loss 0.0848 MAE 1.0851 R2 0.1871
2026-09-03 00:18:59 |   Val R2 improved to 0.1871, model saved
2026-09-03 00:19:01 | Epoch  32/100 | Train Loss 0.0788 | Val Loss 0.0833 MAE 1.0725 R2 0.2064
2026-09-03 00:19:01 |   Val R2 improved to 0.2064, model saved
2026-09-03 00:19:03 | Epoch  33/100 | Train Loss 0.0766 | Val Loss 0.0818 MAE 1.0625 R2 0.2219
2026-09-03 00:19:03 |   Val R2 improved to 0.2219, model saved
2026-09-03 00:19:04 | Epoch  34/100 | Train Loss 0.0750 | Val Loss 0.0836 MAE 1.0687 R2 0.2106
2026-09-03 00:19:06 | Epoch  35/100 | Train Loss 0.0727 | Val Loss 0.0868 MAE 1.0798 R2 0.1762
2026-09-03 00:19:07 | Epoch  36/100 | Train Loss 0.0698 | Val Loss 0.0829 MAE 1.0598 R2 0.2114
2026-09-03 00:19:09 | Epoch  37/100 | Train Loss 0.0681 | Val Loss 0.0828 MAE 1.0690 R2 0.2127
2026-09-03 00:19:11 | Epoch  38/100 | Train Loss 0.0701 | Val Loss 0.0837 MAE 1.0753 R2 0.1960
2026-09-03 00:19:13 | Epoch  39/100 | Train Loss 0.0684 | Val Loss 0.0793 MAE 1.0423 R2 0.2466
2026-09-03 00:19:13 |   Val R2 improved to 0.2466, model saved
2026-09-03 00:19:14 | Epoch  40/100 | Train Loss 0.0693 | Val Loss 0.1009 MAE 1.1536 R2 0.0402
2026-09-03 00:19:16 | Epoch  41/100 | Train Loss 0.0670 | Val Loss 0.0807 MAE 1.0626 R2 0.2214
2026-09-03 00:19:18 | Epoch  42/100 | Train Loss 0.0651 | Val Loss 0.0895 MAE 1.0955 R2 0.1470
2026-09-03 00:19:19 | Epoch  43/100 | Train Loss 0.0630 | Val Loss 0.0796 MAE 1.0439 R2 0.2412
2026-09-03 00:19:21 | Epoch  44/100 | Train Loss 0.0618 | Val Loss 0.0895 MAE 1.0875 R2 0.1482
2026-09-03 00:19:23 | Epoch  45/100 | Train Loss 0.0596 | Val Loss 0.0793 MAE 1.0383 R2 0.2476
2026-09-03 00:19:23 |   Val R2 improved to 0.2476, model saved
2026-09-03 00:19:25 | Epoch  46/100 | Train Loss 0.0595 | Val Loss 0.0795 MAE 1.0410 R2 0.2431
2026-09-03 00:19:27 | Epoch  47/100 | Train Loss 0.0585 | Val Loss 0.0878 MAE 1.0823 R2 0.1653
2026-09-03 00:19:29 | Epoch  48/100 | Train Loss 0.0574 | Val Loss 0.0827 MAE 1.0533 R2 0.2121
2026-09-03 00:19:31 | Epoch  49/100 | Train Loss 0.0542 | Val Loss 0.0811 MAE 1.0458 R2 0.2276
2026-09-03 00:19:33 | Epoch  50/100 | Train Loss 0.0537 | Val Loss 0.0813 MAE 1.0482 R2 0.2228
2026-09-03 00:19:35 | Epoch  51/100 | Train Loss 0.0544 | Val Loss 0.0800 MAE 1.0381 R2 0.2377
2026-09-03 00:19:37 | Epoch  52/100 | Train Loss 0.0517 | Val Loss 0.0871 MAE 1.0798 R2 0.1703
2026-09-03 00:19:39 | Epoch  53/100 | Train Loss 0.0506 | Val Loss 0.0876 MAE 1.0765 R2 0.1616
2026-09-03 00:19:40 | Epoch  54/100 | Train Loss 0.0502 | Val Loss 0.0799 MAE 1.0360 R2 0.2387
2026-09-03 00:19:42 | Epoch  55/100 | Train Loss 0.0478 | Val Loss 0.0871 MAE 1.0747 R2 0.1648
2026-09-03 00:19:42 | Val R2 did not improve for 10 consecutive epochs, early stopping at Epoch 55 (best R2 0.2476 @ Epoch 45)
2026-09-03 00:19:42 | Run 2/5 | Test (best model @ Epoch 45) | Loss 0.0837 MAE 1.0686 R2 0.2497
2026-09-03 00:19:42 | ===== Run 3/5 (seed 2) =====
2026-09-03 00:19:44 | Epoch   1/100 | Train Loss 0.3361 | Val Loss 0.1163 MAE 1.2568 R2 -0.1469
2026-09-03 00:19:44 |   Val R2 improved to -0.1469, model saved
2026-09-03 00:19:46 | Epoch   2/100 | Train Loss 0.1557 | Val Loss 0.1020 MAE 1.2661 R2 -0.0263
2026-09-03 00:19:46 |   Val R2 improved to -0.0263, model saved
2026-09-03 00:19:48 | Epoch   3/100 | Train Loss 0.1339 | Val Loss 0.0986 MAE 1.2447 R2 -0.0038
2026-09-03 00:19:48 |   Val R2 improved to -0.0038, model saved
2026-09-03 00:19:50 | Epoch   4/100 | Train Loss 0.1234 | Val Loss 0.0968 MAE 1.2370 R2 0.0056
2026-09-03 00:19:50 |   Val R2 improved to 0.0056, model saved
2026-09-03 00:19:51 | Epoch   5/100 | Train Loss 0.1168 | Val Loss 0.0969 MAE 1.2309 R2 0.0111
2026-09-03 00:19:52 |   Val R2 improved to 0.0111, model saved
2026-09-03 00:19:53 | Epoch   6/100 | Train Loss 0.1173 | Val Loss 0.0971 MAE 1.2304 R2 0.0142
2026-09-03 00:19:53 |   Val R2 improved to 0.0142, model saved
2026-09-03 00:19:55 | Epoch   7/100 | Train Loss 0.1136 | Val Loss 0.0972 MAE 1.2281 R2 0.0173
2026-09-03 00:19:55 |   Val R2 improved to 0.0173, model saved
2026-09-03 00:19:57 | Epoch   8/100 | Train Loss 0.1109 | Val Loss 0.0974 MAE 1.2292 R2 0.0180
2026-09-03 00:19:57 |   Val R2 improved to 0.0180, model saved
2026-09-03 00:19:59 | Epoch   9/100 | Train Loss 0.1113 | Val Loss 0.0971 MAE 1.2223 R2 0.0235
2026-09-03 00:19:59 |   Val R2 improved to 0.0235, model saved
2026-09-03 00:20:01 | Epoch  10/100 | Train Loss 0.1108 | Val Loss 0.0968 MAE 1.2131 R2 0.0296
2026-09-03 00:20:01 |   Val R2 improved to 0.0296, model saved
2026-09-03 00:20:04 | Epoch  11/100 | Train Loss 0.1065 | Val Loss 0.0963 MAE 1.2067 R2 0.0355
2026-09-03 00:20:04 |   Val R2 improved to 0.0355, model saved
2026-09-03 00:20:05 | Epoch  12/100 | Train Loss 0.1069 | Val Loss 0.0955 MAE 1.2027 R2 0.0434
2026-09-03 00:20:06 |   Val R2 improved to 0.0434, model saved
2026-09-03 00:20:07 | Epoch  13/100 | Train Loss 0.1047 | Val Loss 0.0948 MAE 1.1784 R2 0.0574
2026-09-03 00:20:08 |   Val R2 improved to 0.0574, model saved
2026-09-03 00:20:09 | Epoch  14/100 | Train Loss 0.1031 | Val Loss 0.0938 MAE 1.1807 R2 0.0642
2026-09-03 00:20:09 |   Val R2 improved to 0.0642, model saved
2026-09-03 00:20:11 | Epoch  15/100 | Train Loss 0.1026 | Val Loss 0.0976 MAE 1.1691 R2 0.0376
2026-09-03 00:20:13 | Epoch  16/100 | Train Loss 0.1018 | Val Loss 0.0947 MAE 1.1736 R2 0.0567
2026-09-03 00:20:15 | Epoch  17/100 | Train Loss 0.1008 | Val Loss 0.0948 MAE 1.1636 R2 0.0591
2026-09-03 00:20:17 | Epoch  18/100 | Train Loss 0.0993 | Val Loss 0.0924 MAE 1.1547 R2 0.0820
2026-09-03 00:20:17 |   Val R2 improved to 0.0820, model saved
2026-09-03 00:20:19 | Epoch  19/100 | Train Loss 0.0990 | Val Loss 0.0921 MAE 1.1620 R2 0.0825
2026-09-03 00:20:19 |   Val R2 improved to 0.0825, model saved
2026-09-03 00:20:20 | Epoch  20/100 | Train Loss 0.0975 | Val Loss 0.0922 MAE 1.1575 R2 0.0862
2026-09-03 00:20:21 |   Val R2 improved to 0.0862, model saved
2026-09-03 00:20:22 | Epoch  21/100 | Train Loss 0.0966 | Val Loss 0.0915 MAE 1.1512 R2 0.0935
2026-09-03 00:20:22 |   Val R2 improved to 0.0935, model saved
2026-09-03 00:20:24 | Epoch  22/100 | Train Loss 0.0961 | Val Loss 0.0915 MAE 1.1530 R2 0.0945
2026-09-03 00:20:24 |   Val R2 improved to 0.0945, model saved
2026-09-03 00:20:25 | Epoch  23/100 | Train Loss 0.0957 | Val Loss 0.0922 MAE 1.1686 R2 0.0845
2026-09-03 00:20:27 | Epoch  24/100 | Train Loss 0.0942 | Val Loss 0.0926 MAE 1.1382 R2 0.0897
2026-09-03 00:20:29 | Epoch  25/100 | Train Loss 0.0929 | Val Loss 0.0904 MAE 1.1425 R2 0.1079
2026-09-03 00:20:29 |   Val R2 improved to 0.1079, model saved
2026-09-03 00:20:31 | Epoch  26/100 | Train Loss 0.0908 | Val Loss 0.0914 MAE 1.1375 R2 0.1012
2026-09-03 00:20:32 | Epoch  27/100 | Train Loss 0.0925 | Val Loss 0.0931 MAE 1.1751 R2 0.0808
2026-09-03 00:20:34 | Epoch  28/100 | Train Loss 0.0903 | Val Loss 0.0901 MAE 1.1330 R2 0.1144
2026-09-03 00:20:34 |   Val R2 improved to 0.1144, model saved
2026-09-03 00:20:36 | Epoch  29/100 | Train Loss 0.0883 | Val Loss 0.0892 MAE 1.1242 R2 0.1246
2026-09-03 00:20:36 |   Val R2 improved to 0.1246, model saved
2026-09-03 00:20:37 | Epoch  30/100 | Train Loss 0.0871 | Val Loss 0.0883 MAE 1.1214 R2 0.1344
2026-09-03 00:20:37 |   Val R2 improved to 0.1344, model saved
2026-09-03 00:20:39 | Epoch  31/100 | Train Loss 0.0863 | Val Loss 0.0899 MAE 1.1154 R2 0.1263
2026-09-03 00:20:41 | Epoch  32/100 | Train Loss 0.0847 | Val Loss 0.0880 MAE 1.1192 R2 0.1410
2026-09-03 00:20:41 |   Val R2 improved to 0.1410, model saved
2026-09-03 00:20:43 | Epoch  33/100 | Train Loss 0.0824 | Val Loss 0.0880 MAE 1.1262 R2 0.1365
2026-09-03 00:20:44 | Epoch  34/100 | Train Loss 0.0822 | Val Loss 0.0872 MAE 1.1119 R2 0.1507
2026-09-03 00:20:45 |   Val R2 improved to 0.1507, model saved
2026-09-03 00:20:46 | Epoch  35/100 | Train Loss 0.0823 | Val Loss 0.0919 MAE 1.1137 R2 0.1169
2026-09-03 00:20:48 | Epoch  36/100 | Train Loss 0.0791 | Val Loss 0.0859 MAE 1.0941 R2 0.1695
2026-09-03 00:20:48 |   Val R2 improved to 0.1695, model saved
2026-09-03 00:20:49 | Epoch  37/100 | Train Loss 0.0764 | Val Loss 0.0856 MAE 1.0940 R2 0.1713
2026-09-03 00:20:50 |   Val R2 improved to 0.1713, model saved
2026-09-03 00:20:51 | Epoch  38/100 | Train Loss 0.0759 | Val Loss 0.0846 MAE 1.0839 R2 0.1832
2026-09-03 00:20:51 |   Val R2 improved to 0.1832, model saved
2026-09-03 00:20:53 | Epoch  39/100 | Train Loss 0.0746 | Val Loss 0.0949 MAE 1.1275 R2 0.0927
2026-09-03 00:20:54 | Epoch  40/100 | Train Loss 0.0767 | Val Loss 0.0839 MAE 1.0776 R2 0.1918
2026-09-03 00:20:55 |   Val R2 improved to 0.1918, model saved
2026-09-03 00:20:56 | Epoch  41/100 | Train Loss 0.0728 | Val Loss 0.0840 MAE 1.0770 R2 0.1946
2026-09-03 00:20:56 |   Val R2 improved to 0.1946, model saved
2026-09-03 00:20:58 | Epoch  42/100 | Train Loss 0.0716 | Val Loss 0.0856 MAE 1.1000 R2 0.1680
2026-09-03 00:21:00 | Epoch  43/100 | Train Loss 0.0719 | Val Loss 0.0928 MAE 1.1144 R2 0.1179
2026-09-03 00:21:02 | Epoch  44/100 | Train Loss 0.0702 | Val Loss 0.0824 MAE 1.0657 R2 0.2057
2026-09-03 00:21:02 |   Val R2 improved to 0.2057, model saved
2026-09-03 00:21:04 | Epoch  45/100 | Train Loss 0.0684 | Val Loss 0.0831 MAE 1.0664 R2 0.2024
2026-09-03 00:21:05 | Epoch  46/100 | Train Loss 0.0654 | Val Loss 0.0847 MAE 1.0813 R2 0.1857
2026-09-03 00:21:07 | Epoch  47/100 | Train Loss 0.0642 | Val Loss 0.0817 MAE 1.0622 R2 0.2130
2026-09-03 00:21:07 |   Val R2 improved to 0.2130, model saved
2026-09-03 00:21:09 | Epoch  48/100 | Train Loss 0.0650 | Val Loss 0.0813 MAE 1.0568 R2 0.2192
2026-09-03 00:21:09 |   Val R2 improved to 0.2192, model saved
2026-09-03 00:21:11 | Epoch  49/100 | Train Loss 0.0623 | Val Loss 0.0836 MAE 1.0684 R2 0.1970
2026-09-03 00:21:12 | Epoch  50/100 | Train Loss 0.0610 | Val Loss 0.0898 MAE 1.0956 R2 0.1400
2026-09-03 00:21:14 | Epoch  51/100 | Train Loss 0.0619 | Val Loss 0.0855 MAE 1.0754 R2 0.1795
2026-09-03 00:21:16 | Epoch  52/100 | Train Loss 0.0608 | Val Loss 0.0827 MAE 1.0602 R2 0.2080
2026-09-03 00:21:17 | Epoch  53/100 | Train Loss 0.0586 | Val Loss 0.0813 MAE 1.0576 R2 0.2152
2026-09-03 00:21:19 | Epoch  54/100 | Train Loss 0.0568 | Val Loss 0.0810 MAE 1.0610 R2 0.2162
2026-09-03 00:21:21 | Epoch  55/100 | Train Loss 0.0569 | Val Loss 0.0817 MAE 1.0547 R2 0.2143
2026-09-03 00:21:22 | Epoch  56/100 | Train Loss 0.0553 | Val Loss 0.0814 MAE 1.0567 R2 0.2124
2026-09-03 00:21:24 | Epoch  57/100 | Train Loss 0.0526 | Val Loss 0.0852 MAE 1.0678 R2 0.1828
2026-09-03 00:21:26 | Epoch  58/100 | Train Loss 0.0540 | Val Loss 0.0796 MAE 1.0385 R2 0.2371
2026-09-03 00:21:26 |   Val R2 improved to 0.2371, model saved
2026-09-03 00:21:28 | Epoch  59/100 | Train Loss 0.0540 | Val Loss 0.0809 MAE 1.0489 R2 0.2217
2026-09-03 00:21:30 | Epoch  60/100 | Train Loss 0.0510 | Val Loss 0.0889 MAE 1.0899 R2 0.1409
2026-09-03 00:21:32 | Epoch  61/100 | Train Loss 0.0498 | Val Loss 0.0850 MAE 1.0672 R2 0.1771
2026-09-03 00:21:34 | Epoch  62/100 | Train Loss 0.0509 | Val Loss 0.0868 MAE 1.0810 R2 0.1600
2026-09-03 00:21:36 | Epoch  63/100 | Train Loss 0.0483 | Val Loss 0.0843 MAE 1.0664 R2 0.1857
2026-09-03 00:21:37 | Epoch  64/100 | Train Loss 0.0480 | Val Loss 0.0810 MAE 1.0494 R2 0.2161
2026-09-03 00:21:39 | Epoch  65/100 | Train Loss 0.0460 | Val Loss 0.0802 MAE 1.0496 R2 0.2236
2026-09-03 00:21:40 | Epoch  66/100 | Train Loss 0.0470 | Val Loss 0.0819 MAE 1.0486 R2 0.2092
2026-09-03 00:21:42 | Epoch  67/100 | Train Loss 0.0452 | Val Loss 0.0856 MAE 1.0715 R2 0.1721
2026-09-03 00:21:44 | Epoch  68/100 | Train Loss 0.0442 | Val Loss 0.0814 MAE 1.0536 R2 0.2127
2026-09-03 00:21:44 | Val R2 did not improve for 10 consecutive epochs, early stopping at Epoch 68 (best R2 0.2371 @ Epoch 58)
2026-09-03 00:21:44 | Run 3/5 | Test (best model @ Epoch 58) | Loss 0.0832 MAE 1.0733 R2 0.2480
2026-09-03 00:21:44 | ===== Run 4/5 (seed 3) =====
2026-09-03 00:21:46 | Epoch   1/100 | Train Loss 0.2919 | Val Loss 0.1235 MAE 1.3157 R2 -0.2872
2026-09-03 00:21:46 |   Val R2 improved to -0.2872, model saved
2026-09-03 00:21:48 | Epoch   2/100 | Train Loss 0.1565 | Val Loss 0.1009 MAE 1.2777 R2 -0.0462
2026-09-03 00:21:48 |   Val R2 improved to -0.0462, model saved
2026-09-03 00:21:49 | Epoch   3/100 | Train Loss 0.1324 | Val Loss 0.0973 MAE 1.2366 R2 -0.0073
2026-09-03 00:21:49 |   Val R2 improved to -0.0073, model saved
2026-09-03 00:21:51 | Epoch   4/100 | Train Loss 0.1233 | Val Loss 0.0967 MAE 1.2312 R2 0.0016
2026-09-03 00:21:51 |   Val R2 improved to 0.0016, model saved
2026-09-03 00:21:53 | Epoch   5/100 | Train Loss 0.1194 | Val Loss 0.0970 MAE 1.2375 R2 0.0041
2026-09-03 00:21:53 |   Val R2 improved to 0.0041, model saved
2026-09-03 00:21:54 | Epoch   6/100 | Train Loss 0.1137 | Val Loss 0.0973 MAE 1.2234 R2 0.0121
2026-09-03 00:21:54 |   Val R2 improved to 0.0121, model saved
2026-09-03 00:21:56 | Epoch   7/100 | Train Loss 0.1111 | Val Loss 0.0971 MAE 1.2207 R2 0.0172
2026-09-03 00:21:56 |   Val R2 improved to 0.0172, model saved
2026-09-03 00:21:58 | Epoch   8/100 | Train Loss 0.1102 | Val Loss 0.0971 MAE 1.2129 R2 0.0225
2026-09-03 00:21:58 |   Val R2 improved to 0.0225, model saved
2026-09-03 00:22:00 | Epoch   9/100 | Train Loss 0.1099 | Val Loss 0.0962 MAE 1.2054 R2 0.0327
2026-09-03 00:22:00 |   Val R2 improved to 0.0327, model saved
2026-09-03 00:22:02 | Epoch  10/100 | Train Loss 0.1080 | Val Loss 0.0950 MAE 1.1960 R2 0.0472
2026-09-03 00:22:02 |   Val R2 improved to 0.0472, model saved
2026-09-03 00:22:04 | Epoch  11/100 | Train Loss 0.1047 | Val Loss 0.0940 MAE 1.1872 R2 0.0589
2026-09-03 00:22:04 |   Val R2 improved to 0.0589, model saved
2026-09-03 00:22:06 | Epoch  12/100 | Train Loss 0.1047 | Val Loss 0.0932 MAE 1.1792 R2 0.0682
2026-09-03 00:22:06 |   Val R2 improved to 0.0682, model saved
2026-09-03 00:22:07 | Epoch  13/100 | Train Loss 0.1029 | Val Loss 0.0944 MAE 1.1654 R2 0.0622
2026-09-03 00:22:09 | Epoch  14/100 | Train Loss 0.1015 | Val Loss 0.0927 MAE 1.1808 R2 0.0711
2026-09-03 00:22:09 |   Val R2 improved to 0.0711, model saved
2026-09-03 00:22:11 | Epoch  15/100 | Train Loss 0.0987 | Val Loss 0.0920 MAE 1.1578 R2 0.0854
2026-09-03 00:22:11 |   Val R2 improved to 0.0854, model saved
2026-09-03 00:22:13 | Epoch  16/100 | Train Loss 0.1004 | Val Loss 0.0924 MAE 1.1503 R2 0.0859
2026-09-03 00:22:13 |   Val R2 improved to 0.0859, model saved
2026-09-03 00:22:15 | Epoch  17/100 | Train Loss 0.0983 | Val Loss 0.0920 MAE 1.1662 R2 0.0863
2026-09-03 00:22:15 |   Val R2 improved to 0.0863, model saved
2026-09-03 00:22:17 | Epoch  18/100 | Train Loss 0.0973 | Val Loss 0.0912 MAE 1.1600 R2 0.0937
2026-09-03 00:22:17 |   Val R2 improved to 0.0937, model saved
2026-09-03 00:22:18 | Epoch  19/100 | Train Loss 0.0966 | Val Loss 0.0907 MAE 1.1499 R2 0.1023
2026-09-03 00:22:18 |   Val R2 improved to 0.1023, model saved
2026-09-03 00:22:20 | Epoch  20/100 | Train Loss 0.0959 | Val Loss 0.0915 MAE 1.1410 R2 0.1004
2026-09-03 00:22:22 | Epoch  21/100 | Train Loss 0.0950 | Val Loss 0.0914 MAE 1.1316 R2 0.1063
2026-09-03 00:22:22 |   Val R2 improved to 0.1063, model saved
2026-09-03 00:22:24 | Epoch  22/100 | Train Loss 0.0928 | Val Loss 0.0907 MAE 1.1508 R2 0.1076
2026-09-03 00:22:24 |   Val R2 improved to 0.1076, model saved
2026-09-03 00:22:26 | Epoch  23/100 | Train Loss 0.0910 | Val Loss 0.0908 MAE 1.1300 R2 0.1111
2026-09-03 00:22:26 |   Val R2 improved to 0.1111, model saved
2026-09-03 00:22:27 | Epoch  24/100 | Train Loss 0.0917 | Val Loss 0.0895 MAE 1.1291 R2 0.1260
2026-09-03 00:22:27 |   Val R2 improved to 0.1260, model saved
2026-09-03 00:22:29 | Epoch  25/100 | Train Loss 0.0911 | Val Loss 0.0884 MAE 1.1283 R2 0.1343
2026-09-03 00:22:29 |   Val R2 improved to 0.1343, model saved
2026-09-03 00:22:31 | Epoch  26/100 | Train Loss 0.0893 | Val Loss 0.0919 MAE 1.1242 R2 0.1096
2026-09-03 00:22:32 | Epoch  27/100 | Train Loss 0.0871 | Val Loss 0.0878 MAE 1.1248 R2 0.1441
2026-09-03 00:22:32 |   Val R2 improved to 0.1441, model saved
2026-09-03 00:22:34 | Epoch  28/100 | Train Loss 0.0862 | Val Loss 0.0902 MAE 1.1085 R2 0.1289
2026-09-03 00:22:36 | Epoch  29/100 | Train Loss 0.0835 | Val Loss 0.0869 MAE 1.1119 R2 0.1573
2026-09-03 00:22:36 |   Val R2 improved to 0.1573, model saved
2026-09-03 00:22:38 | Epoch  30/100 | Train Loss 0.0825 | Val Loss 0.0904 MAE 1.1086 R2 0.1293
2026-09-03 00:22:39 | Epoch  31/100 | Train Loss 0.0792 | Val Loss 0.0844 MAE 1.0896 R2 0.1837
2026-09-03 00:22:40 |   Val R2 improved to 0.1837, model saved
2026-09-03 00:22:41 | Epoch  32/100 | Train Loss 0.0790 | Val Loss 0.0848 MAE 1.0958 R2 0.1771
2026-09-03 00:22:43 | Epoch  33/100 | Train Loss 0.0784 | Val Loss 0.0931 MAE 1.1143 R2 0.1149
2026-09-03 00:22:45 | Epoch  34/100 | Train Loss 0.0762 | Val Loss 0.0842 MAE 1.0731 R2 0.1947
2026-09-03 00:22:45 |   Val R2 improved to 0.1947, model saved
2026-09-03 00:22:47 | Epoch  35/100 | Train Loss 0.0730 | Val Loss 0.0826 MAE 1.0640 R2 0.2129
2026-09-03 00:22:47 |   Val R2 improved to 0.2129, model saved
2026-09-03 00:22:49 | Epoch  36/100 | Train Loss 0.0715 | Val Loss 0.0865 MAE 1.0859 R2 0.1743
2026-09-03 00:22:50 | Epoch  37/100 | Train Loss 0.0698 | Val Loss 0.0927 MAE 1.1108 R2 0.1154
2026-09-03 00:22:52 | Epoch  38/100 | Train Loss 0.0685 | Val Loss 0.0814 MAE 1.0608 R2 0.2187
2026-09-03 00:22:52 |   Val R2 improved to 0.2187, model saved
2026-09-03 00:22:54 | Epoch  39/100 | Train Loss 0.0676 | Val Loss 0.0801 MAE 1.0509 R2 0.2346
2026-09-03 00:22:54 |   Val R2 improved to 0.2346, model saved
2026-09-03 00:22:55 | Epoch  40/100 | Train Loss 0.0658 | Val Loss 0.0804 MAE 1.0566 R2 0.2290
2026-09-03 00:22:57 | Epoch  41/100 | Train Loss 0.0640 | Val Loss 0.0814 MAE 1.0534 R2 0.2246
2026-09-03 00:22:59 | Epoch  42/100 | Train Loss 0.0600 | Val Loss 0.0903 MAE 1.1007 R2 0.1349
2026-09-03 00:23:00 | Epoch  43/100 | Train Loss 0.0649 | Val Loss 0.0918 MAE 1.1038 R2 0.1287
2026-09-03 00:23:02 | Epoch  44/100 | Train Loss 0.0610 | Val Loss 0.0806 MAE 1.0465 R2 0.2288
2026-09-03 00:23:04 | Epoch  45/100 | Train Loss 0.0576 | Val Loss 0.0812 MAE 1.0456 R2 0.2269
2026-09-03 00:23:06 | Epoch  46/100 | Train Loss 0.0570 | Val Loss 0.0841 MAE 1.0665 R2 0.1954
2026-09-03 00:23:08 | Epoch  47/100 | Train Loss 0.0557 | Val Loss 0.0826 MAE 1.0498 R2 0.2189
2026-09-03 00:23:09 | Epoch  48/100 | Train Loss 0.0548 | Val Loss 0.0832 MAE 1.0577 R2 0.2066
2026-09-03 00:23:11 | Epoch  49/100 | Train Loss 0.0532 | Val Loss 0.0812 MAE 1.0458 R2 0.2243
2026-09-03 00:23:11 | Val R2 did not improve for 10 consecutive epochs, early stopping at Epoch 49 (best R2 0.2346 @ Epoch 39)
2026-09-03 00:23:11 | Run 4/5 | Test (best model @ Epoch 39) | Loss 0.0853 MAE 1.0959 R2 0.2282
2026-09-03 00:23:11 | ===== Run 5/5 (seed 4) =====
2026-09-03 00:23:13 | Epoch   1/100 | Train Loss 0.2891 | Val Loss 0.1271 MAE 1.3353 R2 -0.3357
2026-09-03 00:23:13 |   Val R2 improved to -0.3357, model saved
2026-09-03 00:23:15 | Epoch   2/100 | Train Loss 0.1553 | Val Loss 0.1003 MAE 1.2784 R2 -0.0465
2026-09-03 00:23:15 |   Val R2 improved to -0.0465, model saved
2026-09-03 00:23:17 | Epoch   3/100 | Train Loss 0.1345 | Val Loss 0.0979 MAE 1.2428 R2 -0.0097
2026-09-03 00:23:17 |   Val R2 improved to -0.0097, model saved
2026-09-03 00:23:18 | Epoch   4/100 | Train Loss 0.1228 | Val Loss 0.0973 MAE 1.2321 R2 0.0006
2026-09-03 00:23:18 |   Val R2 improved to 0.0006, model saved
2026-09-03 00:23:20 | Epoch   5/100 | Train Loss 0.1173 | Val Loss 0.0975 MAE 1.2374 R2 0.0040
2026-09-03 00:23:20 |   Val R2 improved to 0.0040, model saved
2026-09-03 00:23:22 | Epoch   6/100 | Train Loss 0.1140 | Val Loss 0.0977 MAE 1.2352 R2 0.0076
2026-09-03 00:23:22 |   Val R2 improved to 0.0076, model saved
2026-09-03 00:23:24 | Epoch   7/100 | Train Loss 0.1133 | Val Loss 0.0975 MAE 1.2250 R2 0.0147
2026-09-03 00:23:24 |   Val R2 improved to 0.0147, model saved
2026-09-03 00:23:25 | Epoch   8/100 | Train Loss 0.1118 | Val Loss 0.0975 MAE 1.2224 R2 0.0182
2026-09-03 00:23:26 |   Val R2 improved to 0.0182, model saved
2026-09-03 00:23:28 | Epoch   9/100 | Train Loss 0.1100 | Val Loss 0.0972 MAE 1.2197 R2 0.0225
2026-09-03 00:23:28 |   Val R2 improved to 0.0225, model saved
2026-09-03 00:23:30 | Epoch  10/100 | Train Loss 0.1074 | Val Loss 0.0968 MAE 1.2105 R2 0.0292
2026-09-03 00:23:30 |   Val R2 improved to 0.0292, model saved
2026-09-03 00:23:31 | Epoch  11/100 | Train Loss 0.1079 | Val Loss 0.0960 MAE 1.2053 R2 0.0376
2026-09-03 00:23:32 |   Val R2 improved to 0.0376, model saved
2026-09-03 00:23:33 | Epoch  12/100 | Train Loss 0.1059 | Val Loss 0.0957 MAE 1.1870 R2 0.0458
2026-09-03 00:23:33 |   Val R2 improved to 0.0458, model saved
2026-09-03 00:23:35 | Epoch  13/100 | Train Loss 0.1058 | Val Loss 0.0939 MAE 1.1864 R2 0.0621
2026-09-03 00:23:35 |   Val R2 improved to 0.0621, model saved
2026-09-03 00:23:37 | Epoch  14/100 | Train Loss 0.1044 | Val Loss 0.0950 MAE 1.1736 R2 0.0599
2026-09-03 00:23:39 | Epoch  15/100 | Train Loss 0.1019 | Val Loss 0.0939 MAE 1.1689 R2 0.0689
2026-09-03 00:23:39 |   Val R2 improved to 0.0689, model saved
2026-09-03 00:23:41 | Epoch  16/100 | Train Loss 0.1015 | Val Loss 0.0930 MAE 1.1751 R2 0.0735
2026-09-03 00:23:41 |   Val R2 improved to 0.0735, model saved
2026-09-03 00:23:42 | Epoch  17/100 | Train Loss 0.1007 | Val Loss 0.0956 MAE 1.1627 R2 0.0565
2026-09-03 00:23:44 | Epoch  18/100 | Train Loss 0.0995 | Val Loss 0.0926 MAE 1.1635 R2 0.0824
2026-09-03 00:23:44 |   Val R2 improved to 0.0824, model saved
2026-09-03 00:23:46 | Epoch  19/100 | Train Loss 0.0972 | Val Loss 0.0924 MAE 1.1591 R2 0.0857
2026-09-03 00:23:46 |   Val R2 improved to 0.0857, model saved
2026-09-03 00:23:47 | Epoch  20/100 | Train Loss 0.0968 | Val Loss 0.0925 MAE 1.1725 R2 0.0802
2026-09-03 00:23:49 | Epoch  21/100 | Train Loss 0.0979 | Val Loss 0.0919 MAE 1.1584 R2 0.0920
2026-09-03 00:23:49 |   Val R2 improved to 0.0920, model saved
2026-09-03 00:23:51 | Epoch  22/100 | Train Loss 0.0959 | Val Loss 0.0919 MAE 1.1521 R2 0.0972
2026-09-03 00:23:51 |   Val R2 improved to 0.0972, model saved
2026-09-03 00:23:53 | Epoch  23/100 | Train Loss 0.0957 | Val Loss 0.0942 MAE 1.1457 R2 0.0790
2026-09-03 00:23:54 | Epoch  24/100 | Train Loss 0.0934 | Val Loss 0.0916 MAE 1.1417 R2 0.1054
2026-09-03 00:23:54 |   Val R2 improved to 0.1054, model saved
2026-09-03 00:23:56 | Epoch  25/100 | Train Loss 0.0916 | Val Loss 0.0918 MAE 1.1680 R2 0.0922
2026-09-03 00:23:58 | Epoch  26/100 | Train Loss 0.0925 | Val Loss 0.0901 MAE 1.1333 R2 0.1214
2026-09-03 00:23:58 |   Val R2 improved to 0.1214, model saved
2026-09-03 00:23:59 | Epoch  27/100 | Train Loss 0.0896 | Val Loss 0.0903 MAE 1.1268 R2 0.1240
2026-09-03 00:23:59 |   Val R2 improved to 0.1240, model saved
2026-09-03 00:24:01 | Epoch  28/100 | Train Loss 0.0871 | Val Loss 0.0901 MAE 1.1393 R2 0.1219
2026-09-03 00:24:02 | Epoch  29/100 | Train Loss 0.0878 | Val Loss 0.0882 MAE 1.1183 R2 0.1468
2026-09-03 00:24:02 |   Val R2 improved to 0.1468, model saved
2026-09-03 00:24:04 | Epoch  30/100 | Train Loss 0.0844 | Val Loss 0.0877 MAE 1.1106 R2 0.1538
2026-09-03 00:24:04 |   Val R2 improved to 0.1538, model saved
2026-09-03 00:24:05 | Epoch  31/100 | Train Loss 0.0850 | Val Loss 0.0891 MAE 1.1070 R2 0.1457
2026-09-03 00:24:07 | Epoch  32/100 | Train Loss 0.0800 | Val Loss 0.0873 MAE 1.1016 R2 0.1613
2026-09-03 00:24:07 |   Val R2 improved to 0.1613, model saved
2026-09-03 00:24:08 | Epoch  33/100 | Train Loss 0.0795 | Val Loss 0.0898 MAE 1.1040 R2 0.1442
2026-09-03 00:24:10 | Epoch  34/100 | Train Loss 0.0795 | Val Loss 0.0853 MAE 1.0901 R2 0.1843
2026-09-03 00:24:10 |   Val R2 improved to 0.1843, model saved
2026-09-03 00:24:11 | Epoch  35/100 | Train Loss 0.0754 | Val Loss 0.0897 MAE 1.1030 R2 0.1450
2026-09-03 00:24:13 | Epoch  36/100 | Train Loss 0.0737 | Val Loss 0.0854 MAE 1.0813 R2 0.1877
2026-09-03 00:24:13 |   Val R2 improved to 0.1877, model saved
2026-09-03 00:24:14 | Epoch  37/100 | Train Loss 0.0723 | Val Loss 0.0832 MAE 1.0710 R2 0.2089
2026-09-03 00:24:14 |   Val R2 improved to 0.2089, model saved
2026-09-03 00:24:16 | Epoch  38/100 | Train Loss 0.0703 | Val Loss 0.0842 MAE 1.0710 R2 0.2036
2026-09-03 00:24:17 | Epoch  39/100 | Train Loss 0.0697 | Val Loss 0.0819 MAE 1.0579 R2 0.2263
2026-09-03 00:24:17 |   Val R2 improved to 0.2263, model saved
2026-09-03 00:24:19 | Epoch  40/100 | Train Loss 0.0672 | Val Loss 0.0940 MAE 1.1155 R2 0.1168
2026-09-03 00:24:20 | Epoch  41/100 | Train Loss 0.0666 | Val Loss 0.0854 MAE 1.0715 R2 0.1936
2026-09-03 00:24:22 | Epoch  42/100 | Train Loss 0.0647 | Val Loss 0.0814 MAE 1.0523 R2 0.2270
2026-09-03 00:24:22 |   Val R2 improved to 0.2270, model saved
2026-09-03 00:24:23 | Epoch  43/100 | Train Loss 0.0635 | Val Loss 0.0886 MAE 1.0883 R2 0.1593
2026-09-03 00:24:26 | Epoch  44/100 | Train Loss 0.0620 | Val Loss 0.0829 MAE 1.0637 R2 0.2144
2026-09-03 00:24:27 | Epoch  45/100 | Train Loss 0.0609 | Val Loss 0.0815 MAE 1.0543 R2 0.2268
2026-09-03 00:24:29 | Epoch  46/100 | Train Loss 0.0596 | Val Loss 0.0816 MAE 1.0445 R2 0.2296
2026-09-03 00:24:29 |   Val R2 improved to 0.2296, model saved
2026-09-03 00:24:31 | Epoch  47/100 | Train Loss 0.0569 | Val Loss 0.0915 MAE 1.1020 R2 0.1323
2026-09-03 00:24:33 | Epoch  48/100 | Train Loss 0.0577 | Val Loss 0.0815 MAE 1.0516 R2 0.2262
2026-09-03 00:24:34 | Epoch  49/100 | Train Loss 0.0554 | Val Loss 0.0803 MAE 1.0424 R2 0.2387
2026-09-03 00:24:34 |   Val R2 improved to 0.2387, model saved
2026-09-03 00:24:36 | Epoch  50/100 | Train Loss 0.0571 | Val Loss 0.0882 MAE 1.0822 R2 0.1624
2026-09-03 00:24:37 | Epoch  51/100 | Train Loss 0.0545 | Val Loss 0.0869 MAE 1.0798 R2 0.1733
2026-09-03 00:24:39 | Epoch  52/100 | Train Loss 0.0533 | Val Loss 0.0808 MAE 1.0473 R2 0.2312
2026-09-03 00:24:40 | Epoch  53/100 | Train Loss 0.0514 | Val Loss 0.0844 MAE 1.0644 R2 0.1945
2026-09-03 00:24:42 | Epoch  54/100 | Train Loss 0.0503 | Val Loss 0.0833 MAE 1.0577 R2 0.2044
2026-09-03 00:24:43 | Epoch  55/100 | Train Loss 0.0505 | Val Loss 0.0802 MAE 1.0404 R2 0.2364
2026-09-03 00:24:45 | Epoch  56/100 | Train Loss 0.0496 | Val Loss 0.0943 MAE 1.1221 R2 0.0913
2026-09-03 00:24:46 | Epoch  57/100 | Train Loss 0.0493 | Val Loss 0.0792 MAE 1.0358 R2 0.2446
2026-09-03 00:24:46 |   Val R2 improved to 0.2446, model saved
2026-09-03 00:24:48 | Epoch  58/100 | Train Loss 0.0485 | Val Loss 0.0818 MAE 1.0504 R2 0.2170
2026-09-03 00:24:49 | Epoch  59/100 | Train Loss 0.0470 | Val Loss 0.0874 MAE 1.0845 R2 0.1581
2026-09-03 00:24:50 | Epoch  60/100 | Train Loss 0.0459 | Val Loss 0.0810 MAE 1.0437 R2 0.2243
2026-09-03 00:24:51 | Epoch  61/100 | Train Loss 0.0443 | Val Loss 0.0817 MAE 1.0529 R2 0.2143
2026-09-03 00:24:52 | Epoch  62/100 | Train Loss 0.0441 | Val Loss 0.0808 MAE 1.0477 R2 0.2234
2026-09-03 00:24:53 | Epoch  63/100 | Train Loss 0.0420 | Val Loss 0.0864 MAE 1.0718 R2 0.1697
2026-09-03 00:24:54 | Epoch  64/100 | Train Loss 0.0423 | Val Loss 0.0890 MAE 1.0957 R2 0.1386
2026-09-03 00:24:55 | Epoch  65/100 | Train Loss 0.0447 | Val Loss 0.0812 MAE 1.0488 R2 0.2166
2026-09-03 00:24:56 | Epoch  66/100 | Train Loss 0.0439 | Val Loss 0.0789 MAE 1.0316 R2 0.2421
2026-09-03 00:24:57 | Epoch  67/100 | Train Loss 0.0425 | Val Loss 0.0809 MAE 1.0423 R2 0.2235
2026-09-03 00:24:57 | Val R2 did not improve for 10 consecutive epochs, early stopping at Epoch 67 (best R2 0.2446 @ Epoch 57)
2026-09-03 00:24:57 | Run 5/5 | Test (best model @ Epoch 57) | Loss 0.0832 MAE 1.0624 R2 0.2502
2026-09-03 00:24:57 | Average over 5 runs | Test Loss 0.0835±0.0012 MAE 1.0730±0.0135 R2 0.2466±0.0108
