2026-09-14 22:10:54 | Device: cuda
2026-09-14 22:10:54 | Args: {'model': 'opb-fixed-frame', 'backbone': 'gnn', 'task': 'cora', 'epochs': 100, 'batch_size': 512, 'lr': 0.01, 'hidden_dims': [512, 256], 'dropout': 0.2, 'z_dim': 256, 'anchor_scale': 6.0, 'energy_classifier': False, 'tied_head': False, 'max_len': 250, 'random_labels': False, 'beta': 0.0001, 'patience': 10, 'runs': 5, 'seed': 0, 'data_dir': './data', 'save_path': 'output/cora_gnn_opb-fixed-frame/cora_gnn_opb-fixed-frame.pt', 'log_path': '/root/autodl-tmp/IB/output/ablation/cora_gnn_opb-fixed-frame_beta_0.0001_anchor_6/train.log', 'no_save': True}
2026-09-14 22:10:56 | Cora 划分（60/20/20 分层）：train 1624 / val 542 / test 542（共 2708 节点，7 类）
2026-09-14 22:10:57 | ===== Run 1/5 (seed 0) =====
2026-09-14 22:10:58 | Epoch   1/100 | Train Loss 8.3537 Acc 0.1379 | Val Loss 1.7429 Acc 0.3026 AUC 0.8934 Pre 0.0432 Rec 0.1429
2026-09-14 22:10:58 |   Val AUC improved to 0.8934, model saved
2026-09-14 22:10:58 | Epoch   2/100 | Train Loss 8.2300 Acc 0.1490 | Val Loss 2.1100 Acc 0.3026 AUC 0.7863 Pre 0.0432 Rec 0.1429
2026-09-14 22:10:58 | Epoch   3/100 | Train Loss 7.0017 Acc 0.1970 | Val Loss 4.5267 Acc 0.3026 AUC 0.7441 Pre 0.0432 Rec 0.1429
2026-09-14 22:10:58 | Epoch   4/100 | Train Loss 6.4063 Acc 0.2734 | Val Loss 2.4123 Acc 0.3432 AUC 0.8740 Pre 0.1879 Rec 0.1803
2026-09-14 22:10:58 | Epoch   5/100 | Train Loss 4.9444 Acc 0.3251 | Val Loss 1.3493 Acc 0.6439 AUC 0.9465 Pre 0.5618 Rec 0.4758
2026-09-14 22:10:58 |   Val AUC improved to 0.9465, model saved
2026-09-14 22:10:58 | Epoch   6/100 | Train Loss 4.0253 Acc 0.3541 | Val Loss 1.1936 Acc 0.7066 AUC 0.9518 Pre 0.5293 Rec 0.5719
2026-09-14 22:10:58 |   Val AUC improved to 0.9518, model saved
2026-09-14 22:10:58 | Epoch   7/100 | Train Loss 2.8465 Acc 0.4846 | Val Loss 1.0125 Acc 0.7435 AUC 0.9603 Pre 0.5359 Rec 0.6085
2026-09-14 22:10:58 |   Val AUC improved to 0.9603, model saved
2026-09-14 22:10:58 | Epoch   8/100 | Train Loss 1.7392 Acc 0.6613 | Val Loss 1.0079 Acc 0.7196 AUC 0.9621 Pre 0.5399 Rec 0.5857
2026-09-14 22:10:58 |   Val AUC improved to 0.9621, model saved
2026-09-14 22:10:58 | Epoch   9/100 | Train Loss 1.1498 Acc 0.7426 | Val Loss 0.7052 Acc 0.7823 AUC 0.9645 Pre 0.6820 Rec 0.6819
2026-09-14 22:10:58 |   Val AUC improved to 0.9645, model saved
2026-09-14 22:10:58 | Epoch  10/100 | Train Loss 0.6552 Acc 0.8036 | Val Loss 2.2250 Acc 0.5221 AUC 0.9123 Pre 0.6213 Rec 0.6611
2026-09-14 22:10:58 | Epoch  11/100 | Train Loss 2.0720 Acc 0.5339 | Val Loss 0.8294 Acc 0.7878 AUC 0.9637 Pre 0.7694 Rec 0.7460
2026-09-14 22:10:58 | Epoch  12/100 | Train Loss 0.5935 Acc 0.8165 | Val Loss 1.1052 Acc 0.7638 AUC 0.9678 Pre 0.7233 Rec 0.6480
2026-09-14 22:10:58 |   Val AUC improved to 0.9678, model saved
2026-09-14 22:10:58 | Epoch  13/100 | Train Loss 0.7973 Acc 0.7974 | Val Loss 1.4184 Acc 0.7509 AUC 0.9689 Pre 0.7019 Rec 0.6259
2026-09-14 22:10:58 |   Val AUC improved to 0.9689, model saved
2026-09-14 22:10:58 | Epoch  14/100 | Train Loss 0.9912 Acc 0.7980 | Val Loss 1.4207 Acc 0.7638 AUC 0.9691 Pre 0.6951 Rec 0.6439
2026-09-14 22:10:58 |   Val AUC improved to 0.9691, model saved
2026-09-14 22:10:58 | Epoch  15/100 | Train Loss 0.9525 Acc 0.8220 | Val Loss 1.3348 Acc 0.8026 AUC 0.9703 Pre 0.7032 Rec 0.7186
2026-09-14 22:10:58 |   Val AUC improved to 0.9703, model saved
2026-09-14 22:10:58 | Epoch  16/100 | Train Loss 0.8456 Acc 0.8479 | Val Loss 1.2673 Acc 0.8137 AUC 0.9719 Pre 0.8393 Rec 0.7516
2026-09-14 22:10:58 |   Val AUC improved to 0.9719, model saved
2026-09-14 22:10:58 | Epoch  17/100 | Train Loss 0.7325 Acc 0.8522 | Val Loss 1.1195 Acc 0.8155 AUC 0.9743 Pre 0.8327 Rec 0.7630
2026-09-14 22:10:58 |   Val AUC improved to 0.9743, model saved
2026-09-14 22:10:58 | Epoch  18/100 | Train Loss 0.5462 Acc 0.8565 | Val Loss 0.9841 Acc 0.8413 AUC 0.9762 Pre 0.8461 Rec 0.8063
2026-09-14 22:10:58 |   Val AUC improved to 0.9762, model saved
2026-09-14 22:10:58 | Epoch  19/100 | Train Loss 0.3887 Acc 0.8910 | Val Loss 0.8816 Acc 0.8579 AUC 0.9771 Pre 0.8613 Rec 0.8290
2026-09-14 22:10:58 |   Val AUC improved to 0.9771, model saved
2026-09-14 22:10:58 | Epoch  20/100 | Train Loss 0.2676 Acc 0.9243 | Val Loss 0.8518 Acc 0.8616 AUC 0.9766 Pre 0.8664 Rec 0.8393
2026-09-14 22:10:58 | Epoch  21/100 | Train Loss 0.2232 Acc 0.9397 | Val Loss 0.8807 Acc 0.8506 AUC 0.9754 Pre 0.8532 Rec 0.8343
2026-09-14 22:10:58 | Epoch  22/100 | Train Loss 0.2167 Acc 0.9397 | Val Loss 0.9292 Acc 0.8542 AUC 0.9749 Pre 0.8573 Rec 0.8392
2026-09-14 22:10:58 | Epoch  23/100 | Train Loss 0.2381 Acc 0.9310 | Val Loss 0.9778 Acc 0.8487 AUC 0.9746 Pre 0.8503 Rec 0.8379
2026-09-14 22:10:58 | Epoch  24/100 | Train Loss 0.2205 Acc 0.9329 | Val Loss 1.0123 Acc 0.8469 AUC 0.9739 Pre 0.8480 Rec 0.8366
2026-09-14 22:10:58 | Epoch  25/100 | Train Loss 0.2388 Acc 0.9255 | Val Loss 1.0142 Acc 0.8487 AUC 0.9736 Pre 0.8454 Rec 0.8406
2026-09-14 22:10:58 | Epoch  26/100 | Train Loss 0.2204 Acc 0.9323 | Val Loss 0.9939 Acc 0.8579 AUC 0.9734 Pre 0.8515 Rec 0.8571
2026-09-14 22:10:58 | Epoch  27/100 | Train Loss 0.2016 Acc 0.9452 | Val Loss 0.9698 Acc 0.8561 AUC 0.9735 Pre 0.8459 Rec 0.8508
2026-09-14 22:10:58 | Epoch  28/100 | Train Loss 0.1652 Acc 0.9563 | Val Loss 0.9516 Acc 0.8653 AUC 0.9739 Pre 0.8544 Rec 0.8591
2026-09-14 22:10:58 | Epoch  29/100 | Train Loss 0.1538 Acc 0.9550 | Val Loss 0.9381 Acc 0.8690 AUC 0.9746 Pre 0.8572 Rec 0.8620
2026-09-14 22:10:58 | Val AUC did not improve for 10 consecutive epochs, early stopping at Epoch 29 (best AUC 0.9771 @ Epoch 19)
2026-09-14 22:10:58 | Run 1/5 | Test (best model @ Epoch 19) | Loss 0.7256 Acc 0.8690 AUC 0.9803 Pre 0.8661 Rec 0.8462
2026-09-14 22:10:58 | ===== Run 2/5 (seed 1) =====
2026-09-14 22:10:58 | Epoch   1/100 | Train Loss 8.4613 Acc 0.1398 | Val Loss 1.7368 Acc 0.3026 AUC 0.8742 Pre 0.0432 Rec 0.1429
2026-09-14 22:10:58 |   Val AUC improved to 0.8742, model saved
2026-09-14 22:10:58 | Epoch   2/100 | Train Loss 7.8960 Acc 0.1509 | Val Loss 2.3855 Acc 0.3026 AUC 0.7597 Pre 0.0432 Rec 0.1429
2026-09-14 22:10:58 | Epoch   3/100 | Train Loss 7.0433 Acc 0.1958 | Val Loss 4.7127 Acc 0.3026 AUC 0.7563 Pre 0.0432 Rec 0.1429
2026-09-14 22:10:58 | Epoch   4/100 | Train Loss 6.4301 Acc 0.2894 | Val Loss 2.3461 Acc 0.3321 AUC 0.8745 Pre 0.1874 Rec 0.1701
2026-09-14 22:10:58 |   Val AUC improved to 0.8745, model saved
2026-09-14 22:10:58 | Epoch   5/100 | Train Loss 4.8875 Acc 0.3091 | Val Loss 1.3021 Acc 0.6753 AUC 0.9439 Pre 0.5271 Rec 0.5202
2026-09-14 22:10:58 |   Val AUC improved to 0.9439, model saved
2026-09-14 22:10:58 | Epoch   6/100 | Train Loss 4.0708 Acc 0.3516 | Val Loss 1.1788 Acc 0.7159 AUC 0.9497 Pre 0.5405 Rec 0.6009
2026-09-14 22:10:58 |   Val AUC improved to 0.9497, model saved
2026-09-14 22:10:58 | Epoch   7/100 | Train Loss 2.6755 Acc 0.4932 | Val Loss 1.0563 Acc 0.7509 AUC 0.9562 Pre 0.5501 Rec 0.6182
2026-09-14 22:10:58 |   Val AUC improved to 0.9562, model saved
2026-09-14 22:10:58 | Epoch   8/100 | Train Loss 1.6669 Acc 0.6663 | Val Loss 1.0723 Acc 0.7159 AUC 0.9586 Pre 0.5403 Rec 0.5770
2026-09-14 22:10:58 |   Val AUC improved to 0.9586, model saved
2026-09-14 22:10:58 | Epoch   9/100 | Train Loss 1.2516 Acc 0.7155 | Val Loss 0.7232 Acc 0.7694 AUC 0.9651 Pre 0.8454 Rec 0.6436
2026-09-14 22:10:58 |   Val AUC improved to 0.9651, model saved
2026-09-14 22:10:58 | Epoch  10/100 | Train Loss 0.6654 Acc 0.7993 | Val Loss 1.9495 Acc 0.5369 AUC 0.9166 Pre 0.6202 Rec 0.6702
2026-09-14 22:10:58 | Epoch  11/100 | Train Loss 1.8143 Acc 0.5474 | Val Loss 0.8074 Acc 0.8137 AUC 0.9644 Pre 0.8217 Rec 0.7778
2026-09-14 22:10:58 | Epoch  12/100 | Train Loss 0.5726 Acc 0.8319 | Val Loss 0.9930 Acc 0.7860 AUC 0.9692 Pre 0.7249 Rec 0.6915
2026-09-14 22:10:58 |   Val AUC improved to 0.9692, model saved
2026-09-14 22:10:58 | Epoch  13/100 | Train Loss 0.6493 Acc 0.8239 | Val Loss 1.3466 Acc 0.7546 AUC 0.9682 Pre 0.7034 Rec 0.6454
2026-09-14 22:10:58 | Epoch  14/100 | Train Loss 0.8894 Acc 0.8159 | Val Loss 1.2880 Acc 0.7841 AUC 0.9693 Pre 0.7051 Rec 0.6842
2026-09-14 22:10:58 |   Val AUC improved to 0.9693, model saved
2026-09-14 22:10:58 | Epoch  15/100 | Train Loss 0.7945 Acc 0.8393 | Val Loss 1.2180 Acc 0.8044 AUC 0.9696 Pre 0.8540 Rec 0.7297
2026-09-14 22:10:58 |   Val AUC improved to 0.9696, model saved
2026-09-14 22:10:58 | Epoch  16/100 | Train Loss 0.6967 Acc 0.8485 | Val Loss 1.1514 Acc 0.8100 AUC 0.9713 Pre 0.8390 Rec 0.7584
2026-09-14 22:10:58 |   Val AUC improved to 0.9713, model saved
2026-09-14 22:10:58 | Epoch  17/100 | Train Loss 0.5805 Acc 0.8590 | Val Loss 1.0143 Acc 0.8339 AUC 0.9743 Pre 0.8440 Rec 0.7985
2026-09-14 22:10:58 |   Val AUC improved to 0.9743, model saved
2026-09-14 22:10:58 | Epoch  18/100 | Train Loss 0.4088 Acc 0.8867 | Val Loss 0.9200 Acc 0.8506 AUC 0.9767 Pre 0.8335 Rec 0.8238
2026-09-14 22:10:58 |   Val AUC improved to 0.9767, model saved
2026-09-14 22:10:58 | Epoch  19/100 | Train Loss 0.3175 Acc 0.9181 | Val Loss 0.8632 Acc 0.8542 AUC 0.9774 Pre 0.8398 Rec 0.8337
2026-09-14 22:10:58 |   Val AUC improved to 0.9774, model saved
2026-09-14 22:10:58 | Epoch  20/100 | Train Loss 0.2431 Acc 0.9323 | Val Loss 0.8678 Acc 0.8635 AUC 0.9771 Pre 0.8607 Rec 0.8478
2026-09-14 22:10:58 | Epoch  21/100 | Train Loss 0.2147 Acc 0.9390 | Val Loss 0.9253 Acc 0.8561 AUC 0.9759 Pre 0.8502 Rec 0.8453
2026-09-14 22:10:58 | Epoch  22/100 | Train Loss 0.2092 Acc 0.9353 | Val Loss 1.0137 Acc 0.8506 AUC 0.9745 Pre 0.8501 Rec 0.8413
2026-09-14 22:10:58 | Epoch  23/100 | Train Loss 0.2383 Acc 0.9224 | Val Loss 1.0733 Acc 0.8339 AUC 0.9730 Pre 0.8321 Rec 0.8172
2026-09-14 22:10:58 | Epoch  24/100 | Train Loss 0.2465 Acc 0.9261 | Val Loss 1.0761 Acc 0.8432 AUC 0.9723 Pre 0.8365 Rec 0.8329
2026-09-14 22:10:58 | Epoch  25/100 | Train Loss 0.2233 Acc 0.9384 | Val Loss 1.0400 Acc 0.8598 AUC 0.9728 Pre 0.8481 Rec 0.8484
2026-09-14 22:10:58 | Epoch  26/100 | Train Loss 0.1818 Acc 0.9470 | Val Loss 1.0062 Acc 0.8672 AUC 0.9740 Pre 0.8555 Rec 0.8614
2026-09-14 22:10:58 | Epoch  27/100 | Train Loss 0.1464 Acc 0.9594 | Val Loss 0.9891 Acc 0.8672 AUC 0.9750 Pre 0.8566 Rec 0.8606
2026-09-14 22:10:59 | Epoch  28/100 | Train Loss 0.1188 Acc 0.9606 | Val Loss 0.9915 Acc 0.8635 AUC 0.9753 Pre 0.8525 Rec 0.8524
2026-09-14 22:10:59 | Epoch  29/100 | Train Loss 0.1244 Acc 0.9557 | Val Loss 1.0034 Acc 0.8616 AUC 0.9749 Pre 0.8480 Rec 0.8490
2026-09-14 22:10:59 | Val AUC did not improve for 10 consecutive epochs, early stopping at Epoch 29 (best AUC 0.9774 @ Epoch 19)
2026-09-14 22:10:59 | Run 2/5 | Test (best model @ Epoch 19) | Loss 0.7336 Acc 0.8838 AUC 0.9810 Pre 0.8744 Rec 0.8733
2026-09-14 22:10:59 | ===== Run 3/5 (seed 2) =====
2026-09-14 22:10:59 | Epoch   1/100 | Train Loss 8.1300 Acc 0.1527 | Val Loss 1.7319 Acc 0.3026 AUC 0.9104 Pre 0.0432 Rec 0.1429
2026-09-14 22:10:59 |   Val AUC improved to 0.9104, model saved
2026-09-14 22:10:59 | Epoch   2/100 | Train Loss 7.7523 Acc 0.1681 | Val Loss 2.0343 Acc 0.3026 AUC 0.8224 Pre 0.0432 Rec 0.1429
2026-09-14 22:10:59 | Epoch   3/100 | Train Loss 7.0073 Acc 0.1940 | Val Loss 4.3246 Acc 0.3026 AUC 0.7722 Pre 0.0432 Rec 0.1429
2026-09-14 22:10:59 | Epoch   4/100 | Train Loss 6.1889 Acc 0.2777 | Val Loss 2.4318 Acc 0.3026 AUC 0.8928 Pre 0.0432 Rec 0.1429
2026-09-14 22:10:59 | Epoch   5/100 | Train Loss 4.8756 Acc 0.3110 | Val Loss 1.3023 Acc 0.7030 AUC 0.9423 Pre 0.5482 Rec 0.5554
2026-09-14 22:10:59 |   Val AUC improved to 0.9423, model saved
2026-09-14 22:10:59 | Epoch   6/100 | Train Loss 3.4857 Acc 0.3978 | Val Loss 1.0753 Acc 0.7435 AUC 0.9534 Pre 0.5344 Rec 0.6204
2026-09-14 22:10:59 |   Val AUC improved to 0.9534, model saved
2026-09-14 22:10:59 | Epoch   7/100 | Train Loss 2.4617 Acc 0.5413 | Val Loss 1.0248 Acc 0.7288 AUC 0.9595 Pre 0.5340 Rec 0.5984
2026-09-14 22:10:59 |   Val AUC improved to 0.9595, model saved
2026-09-14 22:10:59 | Epoch   8/100 | Train Loss 1.5924 Acc 0.6915 | Val Loss 0.8506 Acc 0.7435 AUC 0.9650 Pre 0.6912 Rec 0.6131
2026-09-14 22:10:59 |   Val AUC improved to 0.9650, model saved
2026-09-14 22:10:59 | Epoch   9/100 | Train Loss 0.9371 Acc 0.7654 | Val Loss 0.7736 Acc 0.7989 AUC 0.9634 Pre 0.7855 Rec 0.7909
2026-09-14 22:10:59 | Epoch  10/100 | Train Loss 0.6577 Acc 0.7913 | Val Loss 1.0811 Acc 0.7362 AUC 0.9641 Pre 0.8023 Rec 0.6900
2026-09-14 22:10:59 | Epoch  11/100 | Train Loss 0.8347 Acc 0.7580 | Val Loss 0.8701 Acc 0.8007 AUC 0.9689 Pre 0.8546 Rec 0.7204
2026-09-14 22:10:59 |   Val AUC improved to 0.9689, model saved
2026-09-14 22:10:59 | Epoch  12/100 | Train Loss 0.5342 Acc 0.8307 | Val Loss 0.9322 Acc 0.8063 AUC 0.9680 Pre 0.8435 Rec 0.7234
2026-09-14 22:10:59 | Epoch  13/100 | Train Loss 0.5351 Acc 0.8639 | Val Loss 1.0600 Acc 0.8063 AUC 0.9696 Pre 0.8273 Rec 0.7310
2026-09-14 22:10:59 |   Val AUC improved to 0.9696, model saved
2026-09-14 22:10:59 | Epoch  14/100 | Train Loss 0.5804 Acc 0.8651 | Val Loss 1.1109 Acc 0.8026 AUC 0.9692 Pre 0.8155 Rec 0.7410
2026-09-14 22:10:59 | Epoch  15/100 | Train Loss 0.5421 Acc 0.8750 | Val Loss 0.9656 Acc 0.8358 AUC 0.9717 Pre 0.8545 Rec 0.7784
2026-09-14 22:10:59 |   Val AUC improved to 0.9717, model saved
2026-09-14 22:10:59 | Epoch  16/100 | Train Loss 0.3751 Acc 0.8953 | Val Loss 0.9600 Acc 0.8524 AUC 0.9720 Pre 0.8539 Rec 0.8304
2026-09-14 22:10:59 |   Val AUC improved to 0.9720, model saved
2026-09-14 22:10:59 | Epoch  17/100 | Train Loss 0.3227 Acc 0.9107 | Val Loss 0.9812 Acc 0.8524 AUC 0.9745 Pre 0.8498 Rec 0.8299
2026-09-14 22:10:59 |   Val AUC improved to 0.9745, model saved
2026-09-14 22:10:59 | Epoch  18/100 | Train Loss 0.2946 Acc 0.9200 | Val Loss 1.0463 Acc 0.8450 AUC 0.9759 Pre 0.8372 Rec 0.8281
2026-09-14 22:10:59 |   Val AUC improved to 0.9759, model saved
2026-09-14 22:10:59 | Epoch  19/100 | Train Loss 0.3215 Acc 0.9138 | Val Loss 1.0444 Acc 0.8579 AUC 0.9754 Pre 0.8432 Rec 0.8493
2026-09-14 22:10:59 | Epoch  20/100 | Train Loss 0.2943 Acc 0.9230 | Val Loss 1.0179 Acc 0.8579 AUC 0.9749 Pre 0.8486 Rec 0.8422
2026-09-14 22:10:59 | Epoch  21/100 | Train Loss 0.2224 Acc 0.9470 | Val Loss 1.0907 Acc 0.8542 AUC 0.9747 Pre 0.8544 Rec 0.8358
2026-09-14 22:10:59 | Epoch  22/100 | Train Loss 0.2079 Acc 0.9458 | Val Loss 1.1429 Acc 0.8506 AUC 0.9741 Pre 0.8559 Rec 0.8232
2026-09-14 22:10:59 | Epoch  23/100 | Train Loss 0.1833 Acc 0.9477 | Val Loss 1.1934 Acc 0.8487 AUC 0.9730 Pre 0.8556 Rec 0.8194
2026-09-14 22:10:59 | Epoch  24/100 | Train Loss 0.1697 Acc 0.9520 | Val Loss 1.2357 Acc 0.8413 AUC 0.9715 Pre 0.8484 Rec 0.8182
2026-09-14 22:10:59 | Epoch  25/100 | Train Loss 0.1799 Acc 0.9477 | Val Loss 1.2674 Acc 0.8450 AUC 0.9712 Pre 0.8508 Rec 0.8265
2026-09-14 22:10:59 | Epoch  26/100 | Train Loss 0.1691 Acc 0.9477 | Val Loss 1.2622 Acc 0.8487 AUC 0.9718 Pre 0.8484 Rec 0.8278
2026-09-14 22:10:59 | Epoch  27/100 | Train Loss 0.1459 Acc 0.9526 | Val Loss 1.2305 Acc 0.8598 AUC 0.9725 Pre 0.8561 Rec 0.8438
2026-09-14 22:10:59 | Epoch  28/100 | Train Loss 0.1035 Acc 0.9667 | Val Loss 1.2222 Acc 0.8524 AUC 0.9729 Pre 0.8493 Rec 0.8355
2026-09-14 22:10:59 | Val AUC did not improve for 10 consecutive epochs, early stopping at Epoch 28 (best AUC 0.9759 @ Epoch 18)
2026-09-14 22:10:59 | Run 3/5 | Test (best model @ Epoch 18) | Loss 0.8506 Acc 0.8616 AUC 0.9819 Pre 0.8597 Rec 0.8525
2026-09-14 22:10:59 | ===== Run 4/5 (seed 3) =====
2026-09-14 22:10:59 | Epoch   1/100 | Train Loss 8.1455 Acc 0.1416 | Val Loss 1.7387 Acc 0.3026 AUC 0.9000 Pre 0.0432 Rec 0.1429
2026-09-14 22:10:59 |   Val AUC improved to 0.9000, model saved
2026-09-14 22:10:59 | Epoch   2/100 | Train Loss 7.9758 Acc 0.1632 | Val Loss 2.2724 Acc 0.3026 AUC 0.7777 Pre 0.0432 Rec 0.1429
2026-09-14 22:10:59 | Epoch   3/100 | Train Loss 7.0512 Acc 0.1964 | Val Loss 4.9905 Acc 0.3026 AUC 0.7531 Pre 0.0432 Rec 0.1429
2026-09-14 22:10:59 | Epoch   4/100 | Train Loss 6.3666 Acc 0.3054 | Val Loss 2.4841 Acc 0.3173 AUC 0.8702 Pre 0.1867 Rec 0.1565
2026-09-14 22:10:59 | Epoch   5/100 | Train Loss 5.1393 Acc 0.3227 | Val Loss 1.2573 Acc 0.5775 AUC 0.9444 Pre 0.6005 Rec 0.4041
2026-09-14 22:10:59 |   Val AUC improved to 0.9444, model saved
2026-09-14 22:10:59 | Epoch   6/100 | Train Loss 4.2119 Acc 0.3448 | Val Loss 0.9989 Acc 0.7509 AUC 0.9559 Pre 0.5597 Rec 0.6147
2026-09-14 22:10:59 |   Val AUC improved to 0.9559, model saved
2026-09-14 22:10:59 | Epoch   7/100 | Train Loss 2.9984 Acc 0.4852 | Val Loss 0.9175 Acc 0.7509 AUC 0.9605 Pre 0.5462 Rec 0.6205
2026-09-14 22:10:59 |   Val AUC improved to 0.9605, model saved
2026-09-14 22:10:59 | Epoch   8/100 | Train Loss 2.0211 Acc 0.5991 | Val Loss 0.8831 Acc 0.7731 AUC 0.9648 Pre 0.7045 Rec 0.6505
2026-09-14 22:10:59 |   Val AUC improved to 0.9648, model saved
2026-09-14 22:10:59 | Epoch   9/100 | Train Loss 1.1688 Acc 0.7303 | Val Loss 0.9873 Acc 0.7472 AUC 0.9617 Pre 0.6464 Rec 0.7058
2026-09-14 22:10:59 | Epoch  10/100 | Train Loss 0.9207 Acc 0.7709 | Val Loss 0.8592 Acc 0.7786 AUC 0.9686 Pre 0.8436 Rec 0.6728
2026-09-14 22:10:59 |   Val AUC improved to 0.9686, model saved
2026-09-14 22:10:59 | Epoch  11/100 | Train Loss 0.6137 Acc 0.8239 | Val Loss 0.7747 Acc 0.8081 AUC 0.9696 Pre 0.8269 Rec 0.7507
2026-09-14 22:10:59 |   Val AUC improved to 0.9696, model saved
2026-09-14 22:10:59 | Epoch  12/100 | Train Loss 0.4900 Acc 0.8436 | Val Loss 1.2867 Acc 0.6421 AUC 0.9592 Pre 0.8022 Rec 0.6930
2026-09-14 22:10:59 | Epoch  13/100 | Train Loss 0.9557 Acc 0.6650 | Val Loss 0.8137 Acc 0.8247 AUC 0.9711 Pre 0.8511 Rec 0.7697
2026-09-14 22:10:59 |   Val AUC improved to 0.9711, model saved
2026-09-14 22:10:59 | Epoch  14/100 | Train Loss 0.4052 Acc 0.8879 | Val Loss 1.1803 Acc 0.7934 AUC 0.9735 Pre 0.8539 Rec 0.7101
2026-09-14 22:10:59 |   Val AUC improved to 0.9735, model saved
2026-09-14 22:10:59 | Epoch  15/100 | Train Loss 0.6208 Acc 0.8590 | Val Loss 1.3129 Acc 0.7970 AUC 0.9730 Pre 0.8472 Rec 0.7150
2026-09-14 22:10:59 | Epoch  16/100 | Train Loss 0.7083 Acc 0.8534 | Val Loss 1.3380 Acc 0.8063 AUC 0.9710 Pre 0.8183 Rec 0.7465
2026-09-14 22:10:59 | Epoch  17/100 | Train Loss 0.7344 Acc 0.8602 | Val Loss 1.3814 Acc 0.7860 AUC 0.9710 Pre 0.8003 Rec 0.7435
2026-09-14 22:10:59 | Epoch  18/100 | Train Loss 0.7139 Acc 0.8651 | Val Loss 1.2397 Acc 0.8210 AUC 0.9740 Pre 0.8255 Rec 0.7610
2026-09-14 22:10:59 |   Val AUC improved to 0.9740, model saved
2026-09-14 22:10:59 | Epoch  19/100 | Train Loss 0.5168 Acc 0.8941 | Val Loss 1.1514 Acc 0.8339 AUC 0.9757 Pre 0.8479 Rec 0.7790
2026-09-14 22:10:59 |   Val AUC improved to 0.9757, model saved
2026-09-14 22:10:59 | Epoch  20/100 | Train Loss 0.3730 Acc 0.9163 | Val Loss 1.1045 Acc 0.8487 AUC 0.9763 Pre 0.8667 Rec 0.8096
2026-09-14 22:10:59 |   Val AUC improved to 0.9763, model saved
2026-09-14 22:10:59 | Epoch  21/100 | Train Loss 0.2867 Acc 0.9323 | Val Loss 1.0582 Acc 0.8672 AUC 0.9765 Pre 0.8781 Rec 0.8401
2026-09-14 22:10:59 |   Val AUC improved to 0.9765, model saved
2026-09-14 22:10:59 | Epoch  22/100 | Train Loss 0.2209 Acc 0.9397 | Val Loss 1.0447 Acc 0.8690 AUC 0.9763 Pre 0.8695 Rec 0.8519
2026-09-14 22:10:59 | Epoch  23/100 | Train Loss 0.1988 Acc 0.9458 | Val Loss 1.0510 Acc 0.8690 AUC 0.9763 Pre 0.8582 Rec 0.8618
2026-09-14 22:10:59 | Epoch  24/100 | Train Loss 0.2032 Acc 0.9397 | Val Loss 1.0651 Acc 0.8616 AUC 0.9766 Pre 0.8428 Rec 0.8566
2026-09-14 22:10:59 |   Val AUC improved to 0.9766, model saved
2026-09-14 22:10:59 | Epoch  25/100 | Train Loss 0.2169 Acc 0.9347 | Val Loss 1.1007 Acc 0.8561 AUC 0.9766 Pre 0.8341 Rec 0.8515
2026-09-14 22:10:59 |   Val AUC improved to 0.9766, model saved
2026-09-14 22:10:59 | Epoch  26/100 | Train Loss 0.2366 Acc 0.9372 | Val Loss 1.1390 Acc 0.8561 AUC 0.9764 Pre 0.8281 Rec 0.8491
2026-09-14 22:10:59 | Epoch  27/100 | Train Loss 0.2399 Acc 0.9360 | Val Loss 1.1547 Acc 0.8635 AUC 0.9760 Pre 0.8394 Rec 0.8546
2026-09-14 22:10:59 | Epoch  28/100 | Train Loss 0.1909 Acc 0.9446 | Val Loss 1.1605 Acc 0.8635 AUC 0.9750 Pre 0.8442 Rec 0.8516
2026-09-14 22:10:59 | Epoch  29/100 | Train Loss 0.1438 Acc 0.9514 | Val Loss 1.1859 Acc 0.8579 AUC 0.9735 Pre 0.8454 Rec 0.8448
2026-09-14 22:10:59 | Epoch  30/100 | Train Loss 0.1192 Acc 0.9575 | Val Loss 1.2273 Acc 0.8561 AUC 0.9722 Pre 0.8487 Rec 0.8408
2026-09-14 22:10:59 | Epoch  31/100 | Train Loss 0.1216 Acc 0.9600 | Val Loss 1.2571 Acc 0.8542 AUC 0.9714 Pre 0.8459 Rec 0.8369
2026-09-14 22:10:59 | Epoch  32/100 | Train Loss 0.1214 Acc 0.9606 | Val Loss 1.2743 Acc 0.8579 AUC 0.9710 Pre 0.8530 Rec 0.8416
2026-09-14 22:10:59 | Epoch  33/100 | Train Loss 0.1078 Acc 0.9618 | Val Loss 1.2969 Acc 0.8579 AUC 0.9709 Pre 0.8543 Rec 0.8390
2026-09-14 22:10:59 | Epoch  34/100 | Train Loss 0.1006 Acc 0.9680 | Val Loss 1.3250 Acc 0.8561 AUC 0.9709 Pre 0.8516 Rec 0.8388
2026-09-14 22:10:59 | Epoch  35/100 | Train Loss 0.0888 Acc 0.9704 | Val Loss 1.3462 Acc 0.8598 AUC 0.9708 Pre 0.8542 Rec 0.8439
2026-09-14 22:10:59 | Val AUC did not improve for 10 consecutive epochs, early stopping at Epoch 35 (best AUC 0.9766 @ Epoch 25)
2026-09-14 22:10:59 | Run 4/5 | Test (best model @ Epoch 25) | Loss 0.9293 Acc 0.8745 AUC 0.9804 Pre 0.8516 Rec 0.8766
2026-09-14 22:10:59 | ===== Run 5/5 (seed 4) =====
2026-09-14 22:10:59 | Epoch   1/100 | Train Loss 8.5007 Acc 0.1305 | Val Loss 1.7365 Acc 0.3026 AUC 0.9066 Pre 0.0432 Rec 0.1429
2026-09-14 22:10:59 |   Val AUC improved to 0.9066, model saved
2026-09-14 22:10:59 | Epoch   2/100 | Train Loss 7.8076 Acc 0.1515 | Val Loss 2.0281 Acc 0.3026 AUC 0.8207 Pre 0.0432 Rec 0.1429
2026-09-14 22:10:59 | Epoch   3/100 | Train Loss 7.2275 Acc 0.1946 | Val Loss 4.0178 Acc 0.3026 AUC 0.7878 Pre 0.0432 Rec 0.1429
2026-09-14 22:10:59 | Epoch   4/100 | Train Loss 6.1212 Acc 0.2943 | Val Loss 2.2767 Acc 0.4483 AUC 0.9068 Pre 0.3340 Rec 0.2768
2026-09-14 22:10:59 |   Val AUC improved to 0.9068, model saved
2026-09-14 22:10:59 | Epoch   5/100 | Train Loss 4.6003 Acc 0.3534 | Val Loss 1.3565 Acc 0.7048 AUC 0.9433 Pre 0.5279 Rec 0.5657
2026-09-14 22:10:59 |   Val AUC improved to 0.9433, model saved
2026-09-14 22:10:59 | Epoch   6/100 | Train Loss 3.4489 Acc 0.4236 | Val Loss 1.1662 Acc 0.7454 AUC 0.9529 Pre 0.5428 Rec 0.6253
2026-09-14 22:10:59 |   Val AUC improved to 0.9529, model saved
2026-09-14 22:10:59 | Epoch   7/100 | Train Loss 2.2198 Acc 0.5708 | Val Loss 1.1698 Acc 0.7269 AUC 0.9573 Pre 0.5409 Rec 0.5943
2026-09-14 22:10:59 |   Val AUC improved to 0.9573, model saved
2026-09-14 22:11:00 | Epoch   8/100 | Train Loss 1.5783 Acc 0.7007 | Val Loss 0.9895 Acc 0.7435 AUC 0.9627 Pre 0.6955 Rec 0.6137
2026-09-14 22:11:00 |   Val AUC improved to 0.9627, model saved
2026-09-14 22:11:00 | Epoch   9/100 | Train Loss 1.0308 Acc 0.7660 | Val Loss 1.2737 Acc 0.5517 AUC 0.9527 Pre 0.6186 Rec 0.6039
2026-09-14 22:11:00 | Epoch  10/100 | Train Loss 1.1826 Acc 0.5640 | Val Loss 0.8183 Acc 0.7934 AUC 0.9652 Pre 0.8550 Rec 0.6909
2026-09-14 22:11:00 |   Val AUC improved to 0.9652, model saved
2026-09-14 22:11:00 | Epoch  11/100 | Train Loss 0.6242 Acc 0.8282 | Val Loss 1.0749 Acc 0.7786 AUC 0.9645 Pre 0.8277 Rec 0.7118
2026-09-14 22:11:00 | Epoch  12/100 | Train Loss 0.7922 Acc 0.7943 | Val Loss 1.0808 Acc 0.8026 AUC 0.9674 Pre 0.8250 Rec 0.7361
2026-09-14 22:11:00 |   Val AUC improved to 0.9674, model saved
2026-09-14 22:11:00 | Epoch  13/100 | Train Loss 0.7103 Acc 0.8257 | Val Loss 1.1354 Acc 0.7952 AUC 0.9663 Pre 0.8374 Rec 0.7188
2026-09-14 22:11:00 | Epoch  14/100 | Train Loss 0.6738 Acc 0.8368 | Val Loss 1.1799 Acc 0.7915 AUC 0.9664 Pre 0.8337 Rec 0.7116
2026-09-14 22:11:00 | Epoch  15/100 | Train Loss 0.6202 Acc 0.8411 | Val Loss 1.0545 Acc 0.8192 AUC 0.9702 Pre 0.8504 Rec 0.7623
2026-09-14 22:11:00 |   Val AUC improved to 0.9702, model saved
2026-09-14 22:11:00 | Epoch  16/100 | Train Loss 0.4400 Acc 0.8812 | Val Loss 0.9348 Acc 0.8542 AUC 0.9733 Pre 0.8566 Rec 0.8133
2026-09-14 22:11:00 |   Val AUC improved to 0.9733, model saved
2026-09-14 22:11:00 | Epoch  17/100 | Train Loss 0.2849 Acc 0.9243 | Val Loss 0.9296 Acc 0.8672 AUC 0.9751 Pre 0.8658 Rec 0.8457
2026-09-14 22:11:00 |   Val AUC improved to 0.9751, model saved
2026-09-14 22:11:00 | Epoch  18/100 | Train Loss 0.2518 Acc 0.9236 | Val Loss 0.9884 Acc 0.8635 AUC 0.9753 Pre 0.8507 Rec 0.8468
2026-09-14 22:11:00 |   Val AUC improved to 0.9753, model saved
2026-09-14 22:11:00 | Epoch  19/100 | Train Loss 0.2618 Acc 0.9193 | Val Loss 1.0495 Acc 0.8579 AUC 0.9748 Pre 0.8382 Rec 0.8518
2026-09-14 22:11:00 | Epoch  20/100 | Train Loss 0.2703 Acc 0.9236 | Val Loss 1.1042 Acc 0.8561 AUC 0.9739 Pre 0.8381 Rec 0.8522
2026-09-14 22:11:00 | Epoch  21/100 | Train Loss 0.2673 Acc 0.9267 | Val Loss 1.1173 Acc 0.8524 AUC 0.9741 Pre 0.8361 Rec 0.8444
2026-09-14 22:11:00 | Epoch  22/100 | Train Loss 0.2400 Acc 0.9397 | Val Loss 1.1266 Acc 0.8616 AUC 0.9747 Pre 0.8517 Rec 0.8507
2026-09-14 22:11:00 | Epoch  23/100 | Train Loss 0.1968 Acc 0.9458 | Val Loss 1.1347 Acc 0.8635 AUC 0.9749 Pre 0.8564 Rec 0.8461
2026-09-14 22:11:00 | Epoch  24/100 | Train Loss 0.1667 Acc 0.9520 | Val Loss 1.1306 Acc 0.8616 AUC 0.9747 Pre 0.8532 Rec 0.8440
2026-09-14 22:11:00 | Epoch  25/100 | Train Loss 0.1385 Acc 0.9538 | Val Loss 1.1405 Acc 0.8598 AUC 0.9741 Pre 0.8515 Rec 0.8378
2026-09-14 22:11:00 | Epoch  26/100 | Train Loss 0.1221 Acc 0.9587 | Val Loss 1.1742 Acc 0.8542 AUC 0.9734 Pre 0.8492 Rec 0.8313
2026-09-14 22:11:00 | Epoch  27/100 | Train Loss 0.1328 Acc 0.9618 | Val Loss 1.1982 Acc 0.8579 AUC 0.9732 Pre 0.8556 Rec 0.8370
2026-09-14 22:11:00 | Epoch  28/100 | Train Loss 0.1298 Acc 0.9637 | Val Loss 1.2137 Acc 0.8616 AUC 0.9730 Pre 0.8578 Rec 0.8430
2026-09-14 22:11:00 | Val AUC did not improve for 10 consecutive epochs, early stopping at Epoch 28 (best AUC 0.9753 @ Epoch 18)
2026-09-14 22:11:00 | Run 5/5 | Test (best model @ Epoch 18) | Loss 0.8468 Acc 0.8782 AUC 0.9789 Pre 0.8621 Rec 0.8736
2026-09-14 22:11:00 | Average over 5 runs | Test Loss 0.8172±0.0865 Acc 0.8734±0.0085 AUC 0.9805±0.0011 Pre 0.8628±0.0084 Rec 0.8644±0.0140
