2026-08-26 23:03:11 | Device: cuda
2026-08-26 23:03:11 | Args: {'model': 'fgib', 'backbone': 'mlp', 'task': 'imagenet100', 'epochs': 100, 'batch_size': 512, 'lr': 0.001, 'hidden_dims': [512, 256], 'dropout': 0.2, 'z_dim': 256, 'anchor_scale': 16.0, 'max_len': 250, 'random_labels': False, 'beta': 0.01, 'patience': 10, 'runs': 5, 'seed': 0, 'data_dir': './data', 'save_path': 'output/imagenet100_mlp_fgib/imagenet100_mlp_fgib.pt', 'log_path': '/root/autodl-tmp/FGIB/tune_results/imagenet100_mlp_fgib_beta_0.01_anchor_16/train.log', 'no_save': True}
2026-08-26 23:03:11 | ImageNet-100 特征：使用 4×4 空间池化文件 ./data/imagenet100/imagenet100_resnet50_layer3_pool4_features.npz
2026-08-26 23:03:11 | ImageNet-100 预处理缓存：mmap 共享 ./data/imagenet100/preprocessed_pool4
2026-08-26 23:03:11 | ===== Run 1/5 (seed 0) =====
2026-08-26 23:03:19 | Epoch   1/100 | Train Loss 2.3369 Acc 0.7094 | Val Loss 1.3718 Acc 0.8239 AUC 0.9967 Pre 0.8288 Rec 0.8204
2026-08-26 23:03:19 |   Val AUC improved to 0.9967, model saved
2026-08-26 23:03:25 | Epoch   2/100 | Train Loss 1.0725 Acc 0.9009 | Val Loss 1.1836 Acc 0.8441 AUC 0.9970 Pre 0.8460 Rec 0.8400
2026-08-26 23:03:25 |   Val AUC improved to 0.9970, model saved
2026-08-26 23:03:32 | Epoch   3/100 | Train Loss 0.7566 Acc 0.9560 | Val Loss 1.1281 Acc 0.8453 AUC 0.9968 Pre 0.8464 Rec 0.8426
2026-08-26 23:03:38 | Epoch   4/100 | Train Loss 0.5888 Acc 0.9788 | Val Loss 1.0653 Acc 0.8549 AUC 0.9967 Pre 0.8554 Rec 0.8517
2026-08-26 23:03:45 | Epoch   5/100 | Train Loss 0.4830 Acc 0.9881 | Val Loss 1.0432 Acc 0.8554 AUC 0.9965 Pre 0.8557 Rec 0.8532
2026-08-26 23:03:52 | Epoch   6/100 | Train Loss 0.4056 Acc 0.9933 | Val Loss 1.0222 Acc 0.8572 AUC 0.9963 Pre 0.8578 Rec 0.8548
2026-08-26 23:03:59 | Epoch   7/100 | Train Loss 0.3494 Acc 0.9952 | Val Loss 1.0283 Acc 0.8533 AUC 0.9961 Pre 0.8525 Rec 0.8511
2026-08-26 23:04:06 | Epoch   8/100 | Train Loss 0.3111 Acc 0.9959 | Val Loss 1.0350 Acc 0.8536 AUC 0.9958 Pre 0.8527 Rec 0.8512
2026-08-26 23:04:12 | Epoch   9/100 | Train Loss 0.2845 Acc 0.9968 | Val Loss 1.0540 Acc 0.8508 AUC 0.9954 Pre 0.8508 Rec 0.8477
2026-08-26 23:04:19 | Epoch  10/100 | Train Loss 0.2650 Acc 0.9973 | Val Loss 1.0538 Acc 0.8526 AUC 0.9954 Pre 0.8525 Rec 0.8498
2026-08-26 23:04:26 | Epoch  11/100 | Train Loss 0.2537 Acc 0.9975 | Val Loss 1.0663 Acc 0.8517 AUC 0.9952 Pre 0.8512 Rec 0.8486
2026-08-26 23:04:33 | Epoch  12/100 | Train Loss 0.2470 Acc 0.9978 | Val Loss 1.0755 Acc 0.8523 AUC 0.9950 Pre 0.8515 Rec 0.8497
2026-08-26 23:04:33 | Val AUC did not improve for 10 consecutive epochs, early stopping at Epoch 12 (best AUC 0.9970 @ Epoch 2)
2026-08-26 23:04:35 | Run 1/5 | Test (best model @ Epoch 2) | Loss 1.1857 Acc 0.8414 AUC 0.9971 Pre 0.8429 Rec 0.8375
2026-08-26 23:04:35 | ===== Run 2/5 (seed 1) =====
2026-08-26 23:04:42 | Epoch   1/100 | Train Loss 2.3417 Acc 0.7084 | Val Loss 1.3518 Acc 0.8277 AUC 0.9968 Pre 0.8297 Rec 0.8243
2026-08-26 23:04:42 |   Val AUC improved to 0.9968, model saved
2026-08-26 23:04:49 | Epoch   2/100 | Train Loss 1.0769 Acc 0.8998 | Val Loss 1.1863 Acc 0.8408 AUC 0.9971 Pre 0.8428 Rec 0.8373
2026-08-26 23:04:49 |   Val AUC improved to 0.9971, model saved
2026-08-26 23:04:56 | Epoch   3/100 | Train Loss 0.7553 Acc 0.9570 | Val Loss 1.1203 Acc 0.8458 AUC 0.9969 Pre 0.8479 Rec 0.8425
2026-08-26 23:05:02 | Epoch   4/100 | Train Loss 0.5868 Acc 0.9783 | Val Loss 1.0721 Acc 0.8517 AUC 0.9967 Pre 0.8520 Rec 0.8491
2026-08-26 23:05:09 | Epoch   5/100 | Train Loss 0.4821 Acc 0.9881 | Val Loss 1.0331 Acc 0.8561 AUC 0.9966 Pre 0.8556 Rec 0.8539
2026-08-26 23:05:16 | Epoch   6/100 | Train Loss 0.4074 Acc 0.9925 | Val Loss 1.0273 Acc 0.8551 AUC 0.9964 Pre 0.8537 Rec 0.8529
2026-08-26 23:05:22 | Epoch   7/100 | Train Loss 0.3511 Acc 0.9947 | Val Loss 1.0222 Acc 0.8567 AUC 0.9961 Pre 0.8568 Rec 0.8544
2026-08-26 23:05:29 | Epoch   8/100 | Train Loss 0.3101 Acc 0.9968 | Val Loss 1.0213 Acc 0.8545 AUC 0.9960 Pre 0.8533 Rec 0.8522
2026-08-26 23:05:35 | Epoch   9/100 | Train Loss 0.2820 Acc 0.9973 | Val Loss 1.0255 Acc 0.8569 AUC 0.9957 Pre 0.8558 Rec 0.8541
2026-08-26 23:05:42 | Epoch  10/100 | Train Loss 0.2610 Acc 0.9983 | Val Loss 1.0358 Acc 0.8545 AUC 0.9955 Pre 0.8532 Rec 0.8524
2026-08-26 23:05:49 | Epoch  11/100 | Train Loss 0.2510 Acc 0.9983 | Val Loss 1.0376 Acc 0.8554 AUC 0.9954 Pre 0.8551 Rec 0.8523
2026-08-26 23:05:55 | Epoch  12/100 | Train Loss 0.2429 Acc 0.9982 | Val Loss 1.0651 Acc 0.8535 AUC 0.9951 Pre 0.8518 Rec 0.8510
2026-08-26 23:05:55 | Val AUC did not improve for 10 consecutive epochs, early stopping at Epoch 12 (best AUC 0.9971 @ Epoch 2)
2026-08-26 23:05:57 | Run 2/5 | Test (best model @ Epoch 2) | Loss 1.1785 Acc 0.8431 AUC 0.9971 Pre 0.8444 Rec 0.8399
2026-08-26 23:05:57 | ===== Run 3/5 (seed 2) =====
2026-08-26 23:06:03 | Epoch   1/100 | Train Loss 2.3401 Acc 0.7079 | Val Loss 1.3573 Acc 0.8270 AUC 0.9968 Pre 0.8301 Rec 0.8234
2026-08-26 23:06:03 |   Val AUC improved to 0.9968, model saved
2026-08-26 23:06:10 | Epoch   2/100 | Train Loss 1.0793 Acc 0.8979 | Val Loss 1.1947 Acc 0.8397 AUC 0.9969 Pre 0.8429 Rec 0.8362
2026-08-26 23:06:10 |   Val AUC improved to 0.9969, model saved
2026-08-26 23:06:17 | Epoch   3/100 | Train Loss 0.7595 Acc 0.9549 | Val Loss 1.1355 Acc 0.8447 AUC 0.9968 Pre 0.8470 Rec 0.8418
2026-08-26 23:06:23 | Epoch   4/100 | Train Loss 0.5926 Acc 0.9780 | Val Loss 1.0719 Acc 0.8537 AUC 0.9967 Pre 0.8543 Rec 0.8520
2026-08-26 23:06:30 | Epoch   5/100 | Train Loss 0.4863 Acc 0.9881 | Val Loss 1.0469 Acc 0.8574 AUC 0.9964 Pre 0.8582 Rec 0.8549
2026-08-26 23:06:36 | Epoch   6/100 | Train Loss 0.4083 Acc 0.9931 | Val Loss 1.0268 Acc 0.8543 AUC 0.9963 Pre 0.8531 Rec 0.8520
2026-08-26 23:06:43 | Epoch   7/100 | Train Loss 0.3483 Acc 0.9954 | Val Loss 1.0301 Acc 0.8539 AUC 0.9961 Pre 0.8543 Rec 0.8513
2026-08-26 23:06:49 | Epoch   8/100 | Train Loss 0.3138 Acc 0.9963 | Val Loss 1.0322 Acc 0.8519 AUC 0.9960 Pre 0.8504 Rec 0.8493
2026-08-26 23:06:55 | Epoch   9/100 | Train Loss 0.2839 Acc 0.9974 | Val Loss 1.0413 Acc 0.8540 AUC 0.9957 Pre 0.8529 Rec 0.8512
2026-08-26 23:07:01 | Epoch  10/100 | Train Loss 0.2665 Acc 0.9977 | Val Loss 1.0533 Acc 0.8529 AUC 0.9954 Pre 0.8535 Rec 0.8499
2026-08-26 23:07:08 | Epoch  11/100 | Train Loss 0.2533 Acc 0.9980 | Val Loss 1.0665 Acc 0.8503 AUC 0.9952 Pre 0.8500 Rec 0.8471
2026-08-26 23:07:14 | Epoch  12/100 | Train Loss 0.2463 Acc 0.9983 | Val Loss 1.0728 Acc 0.8531 AUC 0.9949 Pre 0.8538 Rec 0.8506
2026-08-26 23:07:14 | Val AUC did not improve for 10 consecutive epochs, early stopping at Epoch 12 (best AUC 0.9969 @ Epoch 2)
2026-08-26 23:07:16 | Run 3/5 | Test (best model @ Epoch 2) | Loss 1.1899 Acc 0.8396 AUC 0.9970 Pre 0.8428 Rec 0.8361
2026-08-26 23:07:16 | ===== Run 4/5 (seed 3) =====
2026-08-26 23:07:22 | Epoch   1/100 | Train Loss 2.3306 Acc 0.7053 | Val Loss 1.3685 Acc 0.8254 AUC 0.9967 Pre 0.8293 Rec 0.8215
2026-08-26 23:07:22 |   Val AUC improved to 0.9967, model saved
2026-08-26 23:07:29 | Epoch   2/100 | Train Loss 1.0774 Acc 0.9004 | Val Loss 1.1919 Acc 0.8437 AUC 0.9970 Pre 0.8465 Rec 0.8404
2026-08-26 23:07:29 |   Val AUC improved to 0.9970, model saved
2026-08-26 23:07:35 | Epoch   3/100 | Train Loss 0.7582 Acc 0.9556 | Val Loss 1.1116 Acc 0.8493 AUC 0.9969 Pre 0.8503 Rec 0.8466
2026-08-26 23:07:41 | Epoch   4/100 | Train Loss 0.5862 Acc 0.9781 | Val Loss 1.0705 Acc 0.8536 AUC 0.9967 Pre 0.8534 Rec 0.8507
2026-08-26 23:07:48 | Epoch   5/100 | Train Loss 0.4788 Acc 0.9882 | Val Loss 1.0486 Acc 0.8542 AUC 0.9964 Pre 0.8533 Rec 0.8518
2026-08-26 23:07:54 | Epoch   6/100 | Train Loss 0.4048 Acc 0.9929 | Val Loss 1.0332 Acc 0.8542 AUC 0.9962 Pre 0.8535 Rec 0.8520
2026-08-26 23:08:00 | Epoch   7/100 | Train Loss 0.3491 Acc 0.9955 | Val Loss 1.0319 Acc 0.8537 AUC 0.9962 Pre 0.8528 Rec 0.8507
2026-08-26 23:08:07 | Epoch   8/100 | Train Loss 0.3108 Acc 0.9965 | Val Loss 1.0360 Acc 0.8525 AUC 0.9959 Pre 0.8513 Rec 0.8500
2026-08-26 23:08:13 | Epoch   9/100 | Train Loss 0.2889 Acc 0.9970 | Val Loss 1.0351 Acc 0.8549 AUC 0.9957 Pre 0.8545 Rec 0.8520
2026-08-26 23:08:19 | Epoch  10/100 | Train Loss 0.2678 Acc 0.9980 | Val Loss 1.0527 Acc 0.8499 AUC 0.9955 Pre 0.8493 Rec 0.8471
2026-08-26 23:08:25 | Epoch  11/100 | Train Loss 0.2525 Acc 0.9984 | Val Loss 1.0476 Acc 0.8545 AUC 0.9954 Pre 0.8543 Rec 0.8511
2026-08-26 23:08:32 | Epoch  12/100 | Train Loss 0.2415 Acc 0.9985 | Val Loss 1.0608 Acc 0.8521 AUC 0.9949 Pre 0.8518 Rec 0.8498
2026-08-26 23:08:32 | Val AUC did not improve for 10 consecutive epochs, early stopping at Epoch 12 (best AUC 0.9970 @ Epoch 2)
2026-08-26 23:08:33 | Run 4/5 | Test (best model @ Epoch 2) | Loss 1.1941 Acc 0.8387 AUC 0.9971 Pre 0.8413 Rec 0.8355
2026-08-26 23:08:33 | ===== Run 5/5 (seed 4) =====
2026-08-26 23:08:39 | Epoch   1/100 | Train Loss 2.3375 Acc 0.7075 | Val Loss 1.3667 Acc 0.8246 AUC 0.9968 Pre 0.8299 Rec 0.8216
2026-08-26 23:08:39 |   Val AUC improved to 0.9968, model saved
2026-08-26 23:08:45 | Epoch   2/100 | Train Loss 1.0789 Acc 0.8995 | Val Loss 1.1858 Acc 0.8432 AUC 0.9970 Pre 0.8439 Rec 0.8406
2026-08-26 23:08:45 |   Val AUC improved to 0.9970, model saved
2026-08-26 23:08:51 | Epoch   3/100 | Train Loss 0.7543 Acc 0.9565 | Val Loss 1.1056 Acc 0.8495 AUC 0.9970 Pre 0.8495 Rec 0.8469
2026-08-26 23:08:57 | Epoch   4/100 | Train Loss 0.5798 Acc 0.9789 | Val Loss 1.0623 Acc 0.8533 AUC 0.9967 Pre 0.8542 Rec 0.8508
2026-08-26 23:09:04 | Epoch   5/100 | Train Loss 0.4702 Acc 0.9888 | Val Loss 1.0343 Acc 0.8571 AUC 0.9965 Pre 0.8556 Rec 0.8543
2026-08-26 23:09:09 | Epoch   6/100 | Train Loss 0.3983 Acc 0.9925 | Val Loss 1.0311 Acc 0.8560 AUC 0.9962 Pre 0.8563 Rec 0.8533
2026-08-26 23:09:15 | Epoch   7/100 | Train Loss 0.3480 Acc 0.9952 | Val Loss 1.0352 Acc 0.8544 AUC 0.9959 Pre 0.8538 Rec 0.8517
2026-08-26 23:09:21 | Epoch   8/100 | Train Loss 0.3101 Acc 0.9958 | Val Loss 1.0432 Acc 0.8520 AUC 0.9956 Pre 0.8513 Rec 0.8495
2026-08-26 23:09:27 | Epoch   9/100 | Train Loss 0.2839 Acc 0.9969 | Val Loss 1.0572 Acc 0.8518 AUC 0.9953 Pre 0.8516 Rec 0.8494
2026-08-26 23:09:33 | Epoch  10/100 | Train Loss 0.2681 Acc 0.9970 | Val Loss 1.0594 Acc 0.8531 AUC 0.9952 Pre 0.8529 Rec 0.8503
2026-08-26 23:09:39 | Epoch  11/100 | Train Loss 0.2572 Acc 0.9975 | Val Loss 1.0771 Acc 0.8520 AUC 0.9949 Pre 0.8522 Rec 0.8491
2026-08-26 23:09:45 | Epoch  12/100 | Train Loss 0.2499 Acc 0.9971 | Val Loss 1.1248 Acc 0.8482 AUC 0.9944 Pre 0.8492 Rec 0.8454
2026-08-26 23:09:45 | Val AUC did not improve for 10 consecutive epochs, early stopping at Epoch 12 (best AUC 0.9970 @ Epoch 2)
2026-08-26 23:09:46 | Run 5/5 | Test (best model @ Epoch 2) | Loss 1.1891 Acc 0.8418 AUC 0.9971 Pre 0.8422 Rec 0.8393
2026-08-26 23:09:46 | Average over 5 runs | Test Loss 1.1875±0.0058 Acc 0.8409±0.0018 AUC 0.9971±0.0000 Pre 0.8427±0.0011 Rec 0.8377±0.0019
