2026-09-03 00:42:45 | Device: cuda
2026-09-03 00:42:45 | Args: {'model': 'opb', 'backbone': 'rnn', 'task': 'stsb', 'epochs': 100, 'batch_size': 512, 'lr': 0.001, 'hidden_dims': [512, 256], 'dropout': 0.2, 'z_dim': 256, 'anchor_scale': 8.0, 'energy_classifier': False, 'tied_head': True, 'max_len': 250, 'random_labels': False, 'beta': 0.0001, 'patience': 10, 'runs': 5, 'seed': 0, 'data_dir': './data', 'save_path': 'output/stsb_rnn_opb/stsb_rnn_opb.pt', 'log_path': '/root/autodl-tmp/IB/tune_results/stsb_rnn_opb_beta_0.0001_anchor_8/train.log', 'no_save': True}
2026-09-03 00:42:45 | STS-B 预处理缓存：mmap 共享 ./data/stsb/stsb_processed_maxlen250
2026-09-03 00:42:45 | ===== Run 1/5 (seed 0) =====
2026-09-03 00:42:50 | Epoch   1/100 | Train Loss 0.2791 | Val Loss 0.0924 MAE 1.2521 R2 -0.0289
2026-09-03 00:42:50 |   Val R2 improved to -0.0289, model saved
2026-09-03 00:42:51 | Epoch   2/100 | Train Loss 0.1087 | Val Loss 0.0900 MAE 1.2807 R2 -0.0336
2026-09-03 00:42:52 | Epoch   3/100 | Train Loss 0.0980 | Val Loss 0.0875 MAE 1.2621 R2 -0.0117
2026-09-03 00:42:52 |   Val R2 improved to -0.0117, model saved
2026-09-03 00:42:54 | Epoch   4/100 | Train Loss 0.0908 | Val Loss 0.0861 MAE 1.2264 R2 0.0018
2026-09-03 00:42:54 |   Val R2 improved to 0.0018, model saved
2026-09-03 00:42:56 | Epoch   5/100 | Train Loss 0.0887 | Val Loss 0.0855 MAE 1.2493 R2 0.0025
2026-09-03 00:42:56 |   Val R2 improved to 0.0025, model saved
2026-09-03 00:42:57 | Epoch   6/100 | Train Loss 0.0877 | Val Loss 0.0846 MAE 1.2259 R2 0.0128
2026-09-03 00:42:57 |   Val R2 improved to 0.0128, model saved
2026-09-03 00:42:58 | Epoch   7/100 | Train Loss 0.0870 | Val Loss 0.0843 MAE 1.2312 R2 0.0162
2026-09-03 00:42:58 |   Val R2 improved to 0.0162, model saved
2026-09-03 00:43:00 | Epoch   8/100 | Train Loss 0.0869 | Val Loss 0.0840 MAE 1.2247 R2 0.0195
2026-09-03 00:43:00 |   Val R2 improved to 0.0195, model saved
2026-09-03 00:43:02 | Epoch   9/100 | Train Loss 0.0856 | Val Loss 0.0839 MAE 1.2238 R2 0.0217
2026-09-03 00:43:02 |   Val R2 improved to 0.0217, model saved
2026-09-03 00:43:03 | Epoch  10/100 | Train Loss 0.0853 | Val Loss 0.0836 MAE 1.2193 R2 0.0251
2026-09-03 00:43:03 |   Val R2 improved to 0.0251, model saved
2026-09-03 00:43:05 | Epoch  11/100 | Train Loss 0.0841 | Val Loss 0.0840 MAE 1.2285 R2 0.0206
2026-09-03 00:43:06 | Epoch  12/100 | Train Loss 0.0846 | Val Loss 0.0832 MAE 1.2045 R2 0.0312
2026-09-03 00:43:06 |   Val R2 improved to 0.0312, model saved
2026-09-03 00:43:09 | Epoch  13/100 | Train Loss 0.0836 | Val Loss 0.0828 MAE 1.2071 R2 0.0347
2026-09-03 00:43:09 |   Val R2 improved to 0.0347, model saved
2026-09-03 00:43:10 | Epoch  14/100 | Train Loss 0.0829 | Val Loss 0.0831 MAE 1.2142 R2 0.0319
2026-09-03 00:43:12 | Epoch  15/100 | Train Loss 0.0822 | Val Loss 0.0821 MAE 1.1985 R2 0.0433
2026-09-03 00:43:12 |   Val R2 improved to 0.0433, model saved
2026-09-03 00:43:14 | Epoch  16/100 | Train Loss 0.0822 | Val Loss 0.0825 MAE 1.2033 R2 0.0391
2026-09-03 00:43:15 | Epoch  17/100 | Train Loss 0.0817 | Val Loss 0.0825 MAE 1.2024 R2 0.0396
2026-09-03 00:43:17 | Epoch  18/100 | Train Loss 0.0806 | Val Loss 0.0819 MAE 1.1882 R2 0.0472
2026-09-03 00:43:17 |   Val R2 improved to 0.0472, model saved
2026-09-03 00:43:19 | Epoch  19/100 | Train Loss 0.0806 | Val Loss 0.0816 MAE 1.1877 R2 0.0504
2026-09-03 00:43:19 |   Val R2 improved to 0.0504, model saved
2026-09-03 00:43:21 | Epoch  20/100 | Train Loss 0.0802 | Val Loss 0.0821 MAE 1.1926 R2 0.0452
2026-09-03 00:43:23 | Epoch  21/100 | Train Loss 0.0793 | Val Loss 0.0814 MAE 1.1873 R2 0.0526
2026-09-03 00:43:23 |   Val R2 improved to 0.0526, model saved
2026-09-03 00:43:24 | Epoch  22/100 | Train Loss 0.0786 | Val Loss 0.0820 MAE 1.1689 R2 0.0462
2026-09-03 00:43:26 | Epoch  23/100 | Train Loss 0.0790 | Val Loss 0.0809 MAE 1.1807 R2 0.0583
2026-09-03 00:43:26 |   Val R2 improved to 0.0583, model saved
2026-09-03 00:43:27 | Epoch  24/100 | Train Loss 0.0781 | Val Loss 0.0811 MAE 1.1643 R2 0.0571
2026-09-03 00:43:29 | Epoch  25/100 | Train Loss 0.0766 | Val Loss 0.0803 MAE 1.1624 R2 0.0666
2026-09-03 00:43:29 |   Val R2 improved to 0.0666, model saved
2026-09-03 00:43:31 | Epoch  26/100 | Train Loss 0.0756 | Val Loss 0.0802 MAE 1.1652 R2 0.0667
2026-09-03 00:43:31 |   Val R2 improved to 0.0667, model saved
2026-09-03 00:43:33 | Epoch  27/100 | Train Loss 0.0757 | Val Loss 0.0798 MAE 1.1647 R2 0.0718
2026-09-03 00:43:33 |   Val R2 improved to 0.0718, model saved
2026-09-03 00:43:35 | Epoch  28/100 | Train Loss 0.0751 | Val Loss 0.0801 MAE 1.1547 R2 0.0688
2026-09-03 00:43:36 | Epoch  29/100 | Train Loss 0.0754 | Val Loss 0.0828 MAE 1.2002 R2 0.0366
2026-09-03 00:43:38 | Epoch  30/100 | Train Loss 0.0760 | Val Loss 0.0801 MAE 1.1534 R2 0.0693
2026-09-03 00:43:39 | Epoch  31/100 | Train Loss 0.0743 | Val Loss 0.0794 MAE 1.1547 R2 0.0767
2026-09-03 00:43:39 |   Val R2 improved to 0.0767, model saved
2026-09-03 00:43:41 | Epoch  32/100 | Train Loss 0.0723 | Val Loss 0.0796 MAE 1.1490 R2 0.0750
2026-09-03 00:43:43 | Epoch  33/100 | Train Loss 0.0716 | Val Loss 0.0794 MAE 1.1582 R2 0.0762
2026-09-03 00:43:45 | Epoch  34/100 | Train Loss 0.0705 | Val Loss 0.0796 MAE 1.1613 R2 0.0746
2026-09-03 00:43:46 | Epoch  35/100 | Train Loss 0.0697 | Val Loss 0.0787 MAE 1.1400 R2 0.0856
2026-09-03 00:43:46 |   Val R2 improved to 0.0856, model saved
2026-09-03 00:43:48 | Epoch  36/100 | Train Loss 0.0684 | Val Loss 0.0785 MAE 1.1376 R2 0.0876
2026-09-03 00:43:48 |   Val R2 improved to 0.0876, model saved
2026-09-03 00:43:50 | Epoch  37/100 | Train Loss 0.0665 | Val Loss 0.0781 MAE 1.1411 R2 0.0925
2026-09-03 00:43:50 |   Val R2 improved to 0.0925, model saved
2026-09-03 00:43:51 | Epoch  38/100 | Train Loss 0.0657 | Val Loss 0.0776 MAE 1.1307 R2 0.0981
2026-09-03 00:43:51 |   Val R2 improved to 0.0981, model saved
2026-09-03 00:43:52 | Epoch  39/100 | Train Loss 0.0653 | Val Loss 0.0774 MAE 1.1340 R2 0.1013
2026-09-03 00:43:52 |   Val R2 improved to 0.1013, model saved
2026-09-03 00:43:53 | Epoch  40/100 | Train Loss 0.0623 | Val Loss 0.0773 MAE 1.1271 R2 0.1016
2026-09-03 00:43:53 |   Val R2 improved to 0.1016, model saved
2026-09-03 00:43:54 | Epoch  41/100 | Train Loss 0.0627 | Val Loss 0.0775 MAE 1.1400 R2 0.0993
2026-09-03 00:43:55 | Epoch  42/100 | Train Loss 0.0601 | Val Loss 0.0791 MAE 1.1335 R2 0.0822
2026-09-03 00:43:56 | Epoch  43/100 | Train Loss 0.0596 | Val Loss 0.0772 MAE 1.1249 R2 0.1040
2026-09-03 00:43:56 |   Val R2 improved to 0.1040, model saved
2026-09-03 00:43:58 | Epoch  44/100 | Train Loss 0.0579 | Val Loss 0.0770 MAE 1.1364 R2 0.1055
2026-09-03 00:43:58 |   Val R2 improved to 0.1055, model saved
2026-09-03 00:43:59 | Epoch  45/100 | Train Loss 0.0567 | Val Loss 0.0753 MAE 1.1197 R2 0.1262
2026-09-03 00:43:59 |   Val R2 improved to 0.1262, model saved
2026-09-03 00:44:00 | Epoch  46/100 | Train Loss 0.0557 | Val Loss 0.0753 MAE 1.1194 R2 0.1262
2026-09-03 00:44:01 | Epoch  47/100 | Train Loss 0.0552 | Val Loss 0.0761 MAE 1.1278 R2 0.1169
2026-09-03 00:44:02 | Epoch  48/100 | Train Loss 0.0524 | Val Loss 0.0752 MAE 1.1172 R2 0.1282
2026-09-03 00:44:02 |   Val R2 improved to 0.1282, model saved
2026-09-03 00:44:03 | Epoch  49/100 | Train Loss 0.0504 | Val Loss 0.0752 MAE 1.1104 R2 0.1279
2026-09-03 00:44:04 | Epoch  50/100 | Train Loss 0.0502 | Val Loss 0.0747 MAE 1.1133 R2 0.1328
2026-09-03 00:44:04 |   Val R2 improved to 0.1328, model saved
2026-09-03 00:44:05 | Epoch  51/100 | Train Loss 0.0494 | Val Loss 0.0766 MAE 1.1199 R2 0.1122
2026-09-03 00:44:06 | Epoch  52/100 | Train Loss 0.0479 | Val Loss 0.0749 MAE 1.1066 R2 0.1318
2026-09-03 00:44:07 | Epoch  53/100 | Train Loss 0.0465 | Val Loss 0.0747 MAE 1.1069 R2 0.1341
2026-09-03 00:44:07 |   Val R2 improved to 0.1341, model saved
2026-09-03 00:44:08 | Epoch  54/100 | Train Loss 0.0465 | Val Loss 0.0787 MAE 1.1303 R2 0.0880
2026-09-03 00:44:09 | Epoch  55/100 | Train Loss 0.0448 | Val Loss 0.0740 MAE 1.1069 R2 0.1424
2026-09-03 00:44:09 |   Val R2 improved to 0.1424, model saved
2026-09-03 00:44:10 | Epoch  56/100 | Train Loss 0.0438 | Val Loss 0.0740 MAE 1.1048 R2 0.1424
2026-09-03 00:44:11 | Epoch  57/100 | Train Loss 0.0454 | Val Loss 0.0772 MAE 1.1183 R2 0.1062
2026-09-03 00:44:12 | Epoch  58/100 | Train Loss 0.0412 | Val Loss 0.0762 MAE 1.1124 R2 0.1186
2026-09-03 00:44:13 | Epoch  59/100 | Train Loss 0.0407 | Val Loss 0.0739 MAE 1.0996 R2 0.1442
2026-09-03 00:44:13 |   Val R2 improved to 0.1442, model saved
2026-09-03 00:44:14 | Epoch  60/100 | Train Loss 0.0379 | Val Loss 0.0746 MAE 1.1046 R2 0.1360
2026-09-03 00:44:16 | Epoch  61/100 | Train Loss 0.0357 | Val Loss 0.0752 MAE 1.1022 R2 0.1295
2026-09-03 00:44:17 | Epoch  62/100 | Train Loss 0.0385 | Val Loss 0.0741 MAE 1.0997 R2 0.1422
2026-09-03 00:44:18 | Epoch  63/100 | Train Loss 0.0358 | Val Loss 0.0751 MAE 1.1004 R2 0.1301
2026-09-03 00:44:20 | Epoch  64/100 | Train Loss 0.0338 | Val Loss 0.0743 MAE 1.0982 R2 0.1395
2026-09-03 00:44:21 | Epoch  65/100 | Train Loss 0.0341 | Val Loss 0.0738 MAE 1.0919 R2 0.1449
2026-09-03 00:44:21 |   Val R2 improved to 0.1449, model saved
2026-09-03 00:44:22 | Epoch  66/100 | Train Loss 0.0334 | Val Loss 0.0736 MAE 1.0945 R2 0.1473
2026-09-03 00:44:22 |   Val R2 improved to 0.1473, model saved
2026-09-03 00:44:24 | Epoch  67/100 | Train Loss 0.0324 | Val Loss 0.0748 MAE 1.0976 R2 0.1341
2026-09-03 00:44:25 | Epoch  68/100 | Train Loss 0.0310 | Val Loss 0.0731 MAE 1.0905 R2 0.1528
2026-09-03 00:44:25 |   Val R2 improved to 0.1528, model saved
2026-09-03 00:44:27 | Epoch  69/100 | Train Loss 0.0309 | Val Loss 0.0735 MAE 1.0936 R2 0.1485
2026-09-03 00:44:29 | Epoch  70/100 | Train Loss 0.0296 | Val Loss 0.0739 MAE 1.0923 R2 0.1446
2026-09-03 00:44:30 | Epoch  71/100 | Train Loss 0.0292 | Val Loss 0.0783 MAE 1.1115 R2 0.0939
2026-09-03 00:44:32 | Epoch  72/100 | Train Loss 0.0302 | Val Loss 0.0728 MAE 1.0893 R2 0.1564
2026-09-03 00:44:32 |   Val R2 improved to 0.1564, model saved
2026-09-03 00:44:34 | Epoch  73/100 | Train Loss 0.0276 | Val Loss 0.0742 MAE 1.0903 R2 0.1415
2026-09-03 00:44:35 | Epoch  74/100 | Train Loss 0.0276 | Val Loss 0.0735 MAE 1.0873 R2 0.1486
2026-09-03 00:44:37 | Epoch  75/100 | Train Loss 0.0266 | Val Loss 0.0741 MAE 1.0915 R2 0.1419
2026-09-03 00:44:38 | Epoch  76/100 | Train Loss 0.0273 | Val Loss 0.0747 MAE 1.0982 R2 0.1341
2026-09-03 00:44:40 | Epoch  77/100 | Train Loss 0.0263 | Val Loss 0.0756 MAE 1.0948 R2 0.1256
2026-09-03 00:44:42 | Epoch  78/100 | Train Loss 0.0258 | Val Loss 0.0731 MAE 1.0848 R2 0.1537
2026-09-03 00:44:44 | Epoch  79/100 | Train Loss 0.0251 | Val Loss 0.0761 MAE 1.1124 R2 0.1181
2026-09-03 00:44:45 | Epoch  80/100 | Train Loss 0.0253 | Val Loss 0.0753 MAE 1.0900 R2 0.1290
2026-09-03 00:44:47 | Epoch  81/100 | Train Loss 0.0246 | Val Loss 0.0745 MAE 1.0906 R2 0.1374
2026-09-03 00:44:49 | Epoch  82/100 | Train Loss 0.0230 | Val Loss 0.0754 MAE 1.1034 R2 0.1272
2026-09-03 00:44:49 | Val R2 did not improve for 10 consecutive epochs, early stopping at Epoch 82 (best R2 0.1564 @ Epoch 72)
2026-09-03 00:44:49 | Run 1/5 | Test (best model @ Epoch 72) | Loss 0.0796 MAE 1.1346 R2 0.1350
2026-09-03 00:44:49 | ===== Run 2/5 (seed 1) =====
2026-09-03 00:44:51 | Epoch   1/100 | Train Loss 0.2614 | Val Loss 0.0944 MAE 1.2288 R2 -0.0429
2026-09-03 00:44:51 |   Val R2 improved to -0.0429, model saved
2026-09-03 00:44:52 | Epoch   2/100 | Train Loss 0.1073 | Val Loss 0.0890 MAE 1.2729 R2 -0.0231
2026-09-03 00:44:52 |   Val R2 improved to -0.0231, model saved
2026-09-03 00:44:54 | Epoch   3/100 | Train Loss 0.0969 | Val Loss 0.0874 MAE 1.2652 R2 -0.0139
2026-09-03 00:44:54 |   Val R2 improved to -0.0139, model saved
2026-09-03 00:44:56 | Epoch   4/100 | Train Loss 0.0907 | Val Loss 0.0861 MAE 1.2248 R2 0.0005
2026-09-03 00:44:56 |   Val R2 improved to 0.0005, model saved
2026-09-03 00:44:58 | Epoch   5/100 | Train Loss 0.0886 | Val Loss 0.0852 MAE 1.2446 R2 0.0065
2026-09-03 00:44:58 |   Val R2 improved to 0.0065, model saved
2026-09-03 00:45:00 | Epoch   6/100 | Train Loss 0.0888 | Val Loss 0.0845 MAE 1.2289 R2 0.0141
2026-09-03 00:45:00 |   Val R2 improved to 0.0141, model saved
2026-09-03 00:45:02 | Epoch   7/100 | Train Loss 0.0869 | Val Loss 0.0842 MAE 1.2293 R2 0.0172
2026-09-03 00:45:02 |   Val R2 improved to 0.0172, model saved
2026-09-03 00:45:03 | Epoch   8/100 | Train Loss 0.0862 | Val Loss 0.0840 MAE 1.2261 R2 0.0200
2026-09-03 00:45:03 |   Val R2 improved to 0.0200, model saved
2026-09-03 00:45:05 | Epoch   9/100 | Train Loss 0.0862 | Val Loss 0.0839 MAE 1.2235 R2 0.0222
2026-09-03 00:45:05 |   Val R2 improved to 0.0222, model saved
2026-09-03 00:45:07 | Epoch  10/100 | Train Loss 0.0853 | Val Loss 0.0837 MAE 1.2201 R2 0.0251
2026-09-03 00:45:07 |   Val R2 improved to 0.0251, model saved
2026-09-03 00:45:08 | Epoch  11/100 | Train Loss 0.0847 | Val Loss 0.0834 MAE 1.2188 R2 0.0279
2026-09-03 00:45:08 |   Val R2 improved to 0.0279, model saved
2026-09-03 00:45:10 | Epoch  12/100 | Train Loss 0.0837 | Val Loss 0.0838 MAE 1.2248 R2 0.0240
2026-09-03 00:45:11 | Epoch  13/100 | Train Loss 0.0842 | Val Loss 0.0829 MAE 1.2021 R2 0.0349
2026-09-03 00:45:11 |   Val R2 improved to 0.0349, model saved
2026-09-03 00:45:13 | Epoch  14/100 | Train Loss 0.0828 | Val Loss 0.0829 MAE 1.2100 R2 0.0348
2026-09-03 00:45:14 | Epoch  15/100 | Train Loss 0.0821 | Val Loss 0.0824 MAE 1.2004 R2 0.0409
2026-09-03 00:45:14 |   Val R2 improved to 0.0409, model saved
2026-09-03 00:45:15 | Epoch  16/100 | Train Loss 0.0814 | Val Loss 0.0821 MAE 1.1857 R2 0.0447
2026-09-03 00:45:15 |   Val R2 improved to 0.0447, model saved
2026-09-03 00:45:17 | Epoch  17/100 | Train Loss 0.0807 | Val Loss 0.0824 MAE 1.2008 R2 0.0409
2026-09-03 00:45:19 | Epoch  18/100 | Train Loss 0.0816 | Val Loss 0.0821 MAE 1.1947 R2 0.0441
2026-09-03 00:45:20 | Epoch  19/100 | Train Loss 0.0801 | Val Loss 0.0826 MAE 1.1898 R2 0.0392
2026-09-03 00:45:21 | Epoch  20/100 | Train Loss 0.0796 | Val Loss 0.0839 MAE 1.1790 R2 0.0251
2026-09-03 00:45:23 | Epoch  21/100 | Train Loss 0.0809 | Val Loss 0.0819 MAE 1.1762 R2 0.0476
2026-09-03 00:45:23 |   Val R2 improved to 0.0476, model saved
2026-09-03 00:45:24 | Epoch  22/100 | Train Loss 0.0789 | Val Loss 0.0813 MAE 1.1826 R2 0.0533
2026-09-03 00:45:24 |   Val R2 improved to 0.0533, model saved
2026-09-03 00:45:25 | Epoch  23/100 | Train Loss 0.0780 | Val Loss 0.0814 MAE 1.1802 R2 0.0525
2026-09-03 00:45:27 | Epoch  24/100 | Train Loss 0.0772 | Val Loss 0.0814 MAE 1.1736 R2 0.0533
2026-09-03 00:45:28 | Epoch  25/100 | Train Loss 0.0762 | Val Loss 0.0820 MAE 1.1880 R2 0.0459
2026-09-03 00:45:29 | Epoch  26/100 | Train Loss 0.0768 | Val Loss 0.0825 MAE 1.1691 R2 0.0415
2026-09-03 00:45:30 | Epoch  27/100 | Train Loss 0.0756 | Val Loss 0.0810 MAE 1.1651 R2 0.0588
2026-09-03 00:45:31 |   Val R2 improved to 0.0588, model saved
2026-09-03 00:45:32 | Epoch  28/100 | Train Loss 0.0749 | Val Loss 0.0812 MAE 1.1814 R2 0.0557
2026-09-03 00:45:33 | Epoch  29/100 | Train Loss 0.0740 | Val Loss 0.0821 MAE 1.1880 R2 0.0455
2026-09-03 00:45:35 | Epoch  30/100 | Train Loss 0.0741 | Val Loss 0.0812 MAE 1.1762 R2 0.0553
2026-09-03 00:45:36 | Epoch  31/100 | Train Loss 0.0719 | Val Loss 0.0801 MAE 1.1582 R2 0.0695
2026-09-03 00:45:36 |   Val R2 improved to 0.0695, model saved
2026-09-03 00:45:38 | Epoch  32/100 | Train Loss 0.0702 | Val Loss 0.0807 MAE 1.1742 R2 0.0620
2026-09-03 00:45:39 | Epoch  33/100 | Train Loss 0.0702 | Val Loss 0.0790 MAE 1.1487 R2 0.0828
2026-09-03 00:45:39 |   Val R2 improved to 0.0828, model saved
2026-09-03 00:45:40 | Epoch  34/100 | Train Loss 0.0677 | Val Loss 0.0787 MAE 1.1451 R2 0.0861
2026-09-03 00:45:40 |   Val R2 improved to 0.0861, model saved
2026-09-03 00:45:42 | Epoch  35/100 | Train Loss 0.0662 | Val Loss 0.0788 MAE 1.1427 R2 0.0849
2026-09-03 00:45:43 | Epoch  36/100 | Train Loss 0.0655 | Val Loss 0.0810 MAE 1.1467 R2 0.0607
2026-09-03 00:45:45 | Epoch  37/100 | Train Loss 0.0635 | Val Loss 0.0784 MAE 1.1536 R2 0.0893
2026-09-03 00:45:45 |   Val R2 improved to 0.0893, model saved
2026-09-03 00:45:46 | Epoch  38/100 | Train Loss 0.0620 | Val Loss 0.0765 MAE 1.1340 R2 0.1118
2026-09-03 00:45:46 |   Val R2 improved to 0.1118, model saved
2026-09-03 00:45:48 | Epoch  39/100 | Train Loss 0.0624 | Val Loss 0.0773 MAE 1.1342 R2 0.1034
2026-09-03 00:45:49 | Epoch  40/100 | Train Loss 0.0587 | Val Loss 0.0776 MAE 1.1331 R2 0.1006
2026-09-03 00:45:51 | Epoch  41/100 | Train Loss 0.0576 | Val Loss 0.0754 MAE 1.1248 R2 0.1258
2026-09-03 00:45:51 |   Val R2 improved to 0.1258, model saved
2026-09-03 00:45:52 | Epoch  42/100 | Train Loss 0.0574 | Val Loss 0.0798 MAE 1.1653 R2 0.0742
2026-09-03 00:45:53 | Epoch  43/100 | Train Loss 0.0554 | Val Loss 0.0768 MAE 1.1280 R2 0.1098
2026-09-03 00:45:55 | Epoch  44/100 | Train Loss 0.0533 | Val Loss 0.0762 MAE 1.1213 R2 0.1173
2026-09-03 00:45:56 | Epoch  45/100 | Train Loss 0.0522 | Val Loss 0.0752 MAE 1.1195 R2 0.1293
2026-09-03 00:45:56 |   Val R2 improved to 0.1293, model saved
2026-09-03 00:45:57 | Epoch  46/100 | Train Loss 0.0506 | Val Loss 0.0767 MAE 1.1390 R2 0.1100
2026-09-03 00:45:59 | Epoch  47/100 | Train Loss 0.0514 | Val Loss 0.0734 MAE 1.1119 R2 0.1491
2026-09-03 00:45:59 |   Val R2 improved to 0.1491, model saved
2026-09-03 00:46:00 | Epoch  48/100 | Train Loss 0.0480 | Val Loss 0.0745 MAE 1.1140 R2 0.1376
2026-09-03 00:46:02 | Epoch  49/100 | Train Loss 0.0464 | Val Loss 0.0758 MAE 1.1155 R2 0.1235
2026-09-03 00:46:03 | Epoch  50/100 | Train Loss 0.0462 | Val Loss 0.0744 MAE 1.1077 R2 0.1396
2026-09-03 00:46:04 | Epoch  51/100 | Train Loss 0.0435 | Val Loss 0.0786 MAE 1.1274 R2 0.0909
2026-09-03 00:46:05 | Epoch  52/100 | Train Loss 0.0439 | Val Loss 0.0807 MAE 1.1478 R2 0.0674
2026-09-03 00:46:07 | Epoch  53/100 | Train Loss 0.0421 | Val Loss 0.0752 MAE 1.1106 R2 0.1309
2026-09-03 00:46:08 | Epoch  54/100 | Train Loss 0.0420 | Val Loss 0.0723 MAE 1.0975 R2 0.1633
2026-09-03 00:46:08 |   Val R2 improved to 0.1633, model saved
2026-09-03 00:46:10 | Epoch  55/100 | Train Loss 0.0400 | Val Loss 0.0718 MAE 1.0912 R2 0.1697
2026-09-03 00:46:10 |   Val R2 improved to 0.1697, model saved
2026-09-03 00:46:11 | Epoch  56/100 | Train Loss 0.0380 | Val Loss 0.0719 MAE 1.0939 R2 0.1680
2026-09-03 00:46:12 | Epoch  57/100 | Train Loss 0.0383 | Val Loss 0.0784 MAE 1.1304 R2 0.0940
2026-09-03 00:46:14 | Epoch  58/100 | Train Loss 0.0391 | Val Loss 0.0733 MAE 1.0953 R2 0.1523
2026-09-03 00:46:15 | Epoch  59/100 | Train Loss 0.0377 | Val Loss 0.0714 MAE 1.0828 R2 0.1745
2026-09-03 00:46:15 |   Val R2 improved to 0.1745, model saved
2026-09-03 00:46:17 | Epoch  60/100 | Train Loss 0.0361 | Val Loss 0.0735 MAE 1.0979 R2 0.1501
2026-09-03 00:46:18 | Epoch  61/100 | Train Loss 0.0356 | Val Loss 0.0772 MAE 1.1157 R2 0.1085
2026-09-03 00:46:20 | Epoch  62/100 | Train Loss 0.0349 | Val Loss 0.0762 MAE 1.1101 R2 0.1202
2026-09-03 00:46:21 | Epoch  63/100 | Train Loss 0.0336 | Val Loss 0.0727 MAE 1.0884 R2 0.1601
2026-09-03 00:46:23 | Epoch  64/100 | Train Loss 0.0351 | Val Loss 0.0724 MAE 1.0873 R2 0.1632
2026-09-03 00:46:24 | Epoch  65/100 | Train Loss 0.0322 | Val Loss 0.0718 MAE 1.0847 R2 0.1695
2026-09-03 00:46:26 | Epoch  66/100 | Train Loss 0.0327 | Val Loss 0.0725 MAE 1.0880 R2 0.1618
2026-09-03 00:46:27 | Epoch  67/100 | Train Loss 0.0301 | Val Loss 0.0716 MAE 1.0805 R2 0.1721
2026-09-03 00:46:28 | Epoch  68/100 | Train Loss 0.0285 | Val Loss 0.0713 MAE 1.0794 R2 0.1754
2026-09-03 00:46:28 |   Val R2 improved to 0.1754, model saved
2026-09-03 00:46:30 | Epoch  69/100 | Train Loss 0.0302 | Val Loss 0.0746 MAE 1.0991 R2 0.1381
2026-09-03 00:46:31 | Epoch  70/100 | Train Loss 0.0316 | Val Loss 0.0734 MAE 1.0941 R2 0.1512
2026-09-03 00:46:32 | Epoch  71/100 | Train Loss 0.0296 | Val Loss 0.0710 MAE 1.0770 R2 0.1792
2026-09-03 00:46:32 |   Val R2 improved to 0.1792, model saved
2026-09-03 00:46:33 | Epoch  72/100 | Train Loss 0.0281 | Val Loss 0.0727 MAE 1.0843 R2 0.1601
2026-09-03 00:46:35 | Epoch  73/100 | Train Loss 0.0277 | Val Loss 0.0717 MAE 1.0827 R2 0.1708
2026-09-03 00:46:36 | Epoch  74/100 | Train Loss 0.0275 | Val Loss 0.0719 MAE 1.0826 R2 0.1684
2026-09-03 00:46:38 | Epoch  75/100 | Train Loss 0.0266 | Val Loss 0.0739 MAE 1.0867 R2 0.1463
2026-09-03 00:46:40 | Epoch  76/100 | Train Loss 0.0264 | Val Loss 0.0722 MAE 1.0811 R2 0.1663
2026-09-03 00:46:41 | Epoch  77/100 | Train Loss 0.0258 | Val Loss 0.0730 MAE 1.0847 R2 0.1560
2026-09-03 00:46:43 | Epoch  78/100 | Train Loss 0.0253 | Val Loss 0.0724 MAE 1.0799 R2 0.1632
2026-09-03 00:46:44 | Epoch  79/100 | Train Loss 0.0241 | Val Loss 0.0722 MAE 1.0803 R2 0.1652
2026-09-03 00:46:45 | Epoch  80/100 | Train Loss 0.0248 | Val Loss 0.0729 MAE 1.0876 R2 0.1567
2026-09-03 00:46:47 | Epoch  81/100 | Train Loss 0.0239 | Val Loss 0.0729 MAE 1.0825 R2 0.1575
2026-09-03 00:46:47 | Val R2 did not improve for 10 consecutive epochs, early stopping at Epoch 81 (best R2 0.1792 @ Epoch 71)
2026-09-03 00:46:47 | Run 2/5 | Test (best model @ Epoch 71) | Loss 0.0768 MAE 1.1165 R2 0.1664
2026-09-03 00:46:47 | ===== Run 3/5 (seed 2) =====
2026-09-03 00:46:48 | Epoch   1/100 | Train Loss 0.3019 | Val Loss 0.1008 MAE 1.3417 R2 -0.1356
2026-09-03 00:46:48 |   Val R2 improved to -0.1356, model saved
2026-09-03 00:46:50 | Epoch   2/100 | Train Loss 0.1139 | Val Loss 0.0890 MAE 1.2503 R2 -0.0056
2026-09-03 00:46:50 |   Val R2 improved to -0.0056, model saved
2026-09-03 00:46:51 | Epoch   3/100 | Train Loss 0.1005 | Val Loss 0.0912 MAE 1.2978 R2 -0.0533
2026-09-03 00:46:53 | Epoch   4/100 | Train Loss 0.0928 | Val Loss 0.0881 MAE 1.2244 R2 -0.0113
2026-09-03 00:46:54 | Epoch   5/100 | Train Loss 0.0900 | Val Loss 0.0864 MAE 1.2592 R2 -0.0060
2026-09-03 00:46:55 | Epoch   6/100 | Train Loss 0.0895 | Val Loss 0.0850 MAE 1.2312 R2 0.0105
2026-09-03 00:46:55 |   Val R2 improved to 0.0105, model saved
2026-09-03 00:46:57 | Epoch   7/100 | Train Loss 0.0882 | Val Loss 0.0846 MAE 1.2344 R2 0.0136
2026-09-03 00:46:57 |   Val R2 improved to 0.0136, model saved
2026-09-03 00:46:58 | Epoch   8/100 | Train Loss 0.0868 | Val Loss 0.0844 MAE 1.2336 R2 0.0155
2026-09-03 00:46:58 |   Val R2 improved to 0.0155, model saved
2026-09-03 00:46:59 | Epoch   9/100 | Train Loss 0.0866 | Val Loss 0.0842 MAE 1.2275 R2 0.0185
2026-09-03 00:46:59 |   Val R2 improved to 0.0185, model saved
2026-09-03 00:47:01 | Epoch  10/100 | Train Loss 0.0863 | Val Loss 0.0841 MAE 1.2257 R2 0.0198
2026-09-03 00:47:01 |   Val R2 improved to 0.0198, model saved
2026-09-03 00:47:02 | Epoch  11/100 | Train Loss 0.0849 | Val Loss 0.0840 MAE 1.2207 R2 0.0222
2026-09-03 00:47:02 |   Val R2 improved to 0.0222, model saved
2026-09-03 00:47:04 | Epoch  12/100 | Train Loss 0.0854 | Val Loss 0.0837 MAE 1.2190 R2 0.0249
2026-09-03 00:47:04 |   Val R2 improved to 0.0249, model saved
2026-09-03 00:47:05 | Epoch  13/100 | Train Loss 0.0845 | Val Loss 0.0835 MAE 1.2157 R2 0.0278
2026-09-03 00:47:05 |   Val R2 improved to 0.0278, model saved
2026-09-03 00:47:06 | Epoch  14/100 | Train Loss 0.0840 | Val Loss 0.0842 MAE 1.2288 R2 0.0199
2026-09-03 00:47:08 | Epoch  15/100 | Train Loss 0.0849 | Val Loss 0.0831 MAE 1.2110 R2 0.0322
2026-09-03 00:47:08 |   Val R2 improved to 0.0322, model saved
2026-09-03 00:47:09 | Epoch  16/100 | Train Loss 0.0825 | Val Loss 0.0832 MAE 1.2140 R2 0.0312
2026-09-03 00:47:11 | Epoch  17/100 | Train Loss 0.0830 | Val Loss 0.0829 MAE 1.1980 R2 0.0357
2026-09-03 00:47:11 |   Val R2 improved to 0.0357, model saved
2026-09-03 00:47:12 | Epoch  18/100 | Train Loss 0.0817 | Val Loss 0.0826 MAE 1.2024 R2 0.0385
2026-09-03 00:47:12 |   Val R2 improved to 0.0385, model saved
2026-09-03 00:47:14 | Epoch  19/100 | Train Loss 0.0815 | Val Loss 0.0825 MAE 1.1958 R2 0.0406
2026-09-03 00:47:14 |   Val R2 improved to 0.0406, model saved
2026-09-03 00:47:15 | Epoch  20/100 | Train Loss 0.0811 | Val Loss 0.0822 MAE 1.1923 R2 0.0446
2026-09-03 00:47:15 |   Val R2 improved to 0.0446, model saved
2026-09-03 00:47:16 | Epoch  21/100 | Train Loss 0.0809 | Val Loss 0.0821 MAE 1.1876 R2 0.0455
2026-09-03 00:47:16 |   Val R2 improved to 0.0455, model saved
2026-09-03 00:47:18 | Epoch  22/100 | Train Loss 0.0803 | Val Loss 0.0824 MAE 1.1841 R2 0.0418
2026-09-03 00:47:19 | Epoch  23/100 | Train Loss 0.0793 | Val Loss 0.0821 MAE 1.1903 R2 0.0453
2026-09-03 00:47:20 | Epoch  24/100 | Train Loss 0.0797 | Val Loss 0.0825 MAE 1.1782 R2 0.0409
2026-09-03 00:47:22 | Epoch  25/100 | Train Loss 0.0786 | Val Loss 0.0817 MAE 1.1736 R2 0.0499
2026-09-03 00:47:22 |   Val R2 improved to 0.0499, model saved
2026-09-03 00:47:23 | Epoch  26/100 | Train Loss 0.0776 | Val Loss 0.0816 MAE 1.1817 R2 0.0513
2026-09-03 00:47:23 |   Val R2 improved to 0.0513, model saved
2026-09-03 00:47:24 | Epoch  27/100 | Train Loss 0.0772 | Val Loss 0.0825 MAE 1.1961 R2 0.0401
2026-09-03 00:47:26 | Epoch  28/100 | Train Loss 0.0774 | Val Loss 0.0815 MAE 1.1834 R2 0.0518
2026-09-03 00:47:26 |   Val R2 improved to 0.0518, model saved
2026-09-03 00:47:28 | Epoch  29/100 | Train Loss 0.0772 | Val Loss 0.0814 MAE 1.1835 R2 0.0532
2026-09-03 00:47:28 |   Val R2 improved to 0.0532, model saved
2026-09-03 00:47:29 | Epoch  30/100 | Train Loss 0.0760 | Val Loss 0.0811 MAE 1.1652 R2 0.0574
2026-09-03 00:47:29 |   Val R2 improved to 0.0574, model saved
2026-09-03 00:47:31 | Epoch  31/100 | Train Loss 0.0749 | Val Loss 0.0807 MAE 1.1612 R2 0.0618
2026-09-03 00:47:31 |   Val R2 improved to 0.0618, model saved
2026-09-03 00:47:32 | Epoch  32/100 | Train Loss 0.0744 | Val Loss 0.0819 MAE 1.1825 R2 0.0479
2026-09-03 00:47:34 | Epoch  33/100 | Train Loss 0.0746 | Val Loss 0.0803 MAE 1.1651 R2 0.0665
2026-09-03 00:47:34 |   Val R2 improved to 0.0665, model saved
2026-09-03 00:47:35 | Epoch  34/100 | Train Loss 0.0728 | Val Loss 0.0808 MAE 1.1720 R2 0.0605
2026-09-03 00:47:36 | Epoch  35/100 | Train Loss 0.0741 | Val Loss 0.0803 MAE 1.1615 R2 0.0673
2026-09-03 00:47:36 |   Val R2 improved to 0.0673, model saved
2026-09-03 00:47:38 | Epoch  36/100 | Train Loss 0.0720 | Val Loss 0.0805 MAE 1.1556 R2 0.0643
2026-09-03 00:47:39 | Epoch  37/100 | Train Loss 0.0721 | Val Loss 0.0829 MAE 1.1968 R2 0.0355
2026-09-03 00:47:40 | Epoch  38/100 | Train Loss 0.0728 | Val Loss 0.0798 MAE 1.1583 R2 0.0727
2026-09-03 00:47:40 |   Val R2 improved to 0.0727, model saved
2026-09-03 00:47:42 | Epoch  39/100 | Train Loss 0.0688 | Val Loss 0.0808 MAE 1.1502 R2 0.0624
2026-09-03 00:47:43 | Epoch  40/100 | Train Loss 0.0692 | Val Loss 0.0800 MAE 1.1677 R2 0.0693
2026-09-03 00:47:44 | Epoch  41/100 | Train Loss 0.0684 | Val Loss 0.0787 MAE 1.1472 R2 0.0850
2026-09-03 00:47:44 |   Val R2 improved to 0.0850, model saved
2026-09-03 00:47:46 | Epoch  42/100 | Train Loss 0.0675 | Val Loss 0.0782 MAE 1.1465 R2 0.0913
2026-09-03 00:47:46 |   Val R2 improved to 0.0913, model saved
2026-09-03 00:47:47 | Epoch  43/100 | Train Loss 0.0669 | Val Loss 0.0792 MAE 1.1594 R2 0.0794
2026-09-03 00:47:48 | Epoch  44/100 | Train Loss 0.0642 | Val Loss 0.0784 MAE 1.1403 R2 0.0903
2026-09-03 00:47:50 | Epoch  45/100 | Train Loss 0.0642 | Val Loss 0.0781 MAE 1.1311 R2 0.0934
2026-09-03 00:47:50 |   Val R2 improved to 0.0934, model saved
2026-09-03 00:47:51 | Epoch  46/100 | Train Loss 0.0621 | Val Loss 0.0775 MAE 1.1386 R2 0.1000
2026-09-03 00:47:51 |   Val R2 improved to 0.1000, model saved
2026-09-03 00:47:52 | Epoch  47/100 | Train Loss 0.0607 | Val Loss 0.0770 MAE 1.1318 R2 0.1060
2026-09-03 00:47:52 |   Val R2 improved to 0.1060, model saved
2026-09-03 00:47:54 | Epoch  48/100 | Train Loss 0.0600 | Val Loss 0.0779 MAE 1.1326 R2 0.0968
2026-09-03 00:47:55 | Epoch  49/100 | Train Loss 0.0588 | Val Loss 0.0769 MAE 1.1296 R2 0.1084
2026-09-03 00:47:55 |   Val R2 improved to 0.1084, model saved
2026-09-03 00:47:57 | Epoch  50/100 | Train Loss 0.0561 | Val Loss 0.0799 MAE 1.1361 R2 0.0744
2026-09-03 00:47:58 | Epoch  51/100 | Train Loss 0.0562 | Val Loss 0.0770 MAE 1.1309 R2 0.1075
2026-09-03 00:48:00 | Epoch  52/100 | Train Loss 0.0543 | Val Loss 0.0755 MAE 1.1176 R2 0.1247
2026-09-03 00:48:00 |   Val R2 improved to 0.1247, model saved
2026-09-03 00:48:01 | Epoch  53/100 | Train Loss 0.0533 | Val Loss 0.0754 MAE 1.1177 R2 0.1257
2026-09-03 00:48:01 |   Val R2 improved to 0.1257, model saved
2026-09-03 00:48:02 | Epoch  54/100 | Train Loss 0.0511 | Val Loss 0.0760 MAE 1.1262 R2 0.1185
2026-09-03 00:48:04 | Epoch  55/100 | Train Loss 0.0511 | Val Loss 0.0761 MAE 1.1213 R2 0.1178
2026-09-03 00:48:05 | Epoch  56/100 | Train Loss 0.0492 | Val Loss 0.0747 MAE 1.1098 R2 0.1349
2026-09-03 00:48:05 |   Val R2 improved to 0.1349, model saved
2026-09-03 00:48:06 | Epoch  57/100 | Train Loss 0.0474 | Val Loss 0.0794 MAE 1.1357 R2 0.0805
2026-09-03 00:48:08 | Epoch  58/100 | Train Loss 0.0481 | Val Loss 0.0749 MAE 1.1078 R2 0.1323
2026-09-03 00:48:09 | Epoch  59/100 | Train Loss 0.0480 | Val Loss 0.0750 MAE 1.1075 R2 0.1311
2026-09-03 00:48:11 | Epoch  60/100 | Train Loss 0.0453 | Val Loss 0.0750 MAE 1.1076 R2 0.1314
2026-09-03 00:48:12 | Epoch  61/100 | Train Loss 0.0434 | Val Loss 0.0741 MAE 1.1010 R2 0.1414
2026-09-03 00:48:12 |   Val R2 improved to 0.1414, model saved
2026-09-03 00:48:14 | Epoch  62/100 | Train Loss 0.0416 | Val Loss 0.0742 MAE 1.1052 R2 0.1407
2026-09-03 00:48:15 | Epoch  63/100 | Train Loss 0.0405 | Val Loss 0.0754 MAE 1.1088 R2 0.1271
2026-09-03 00:48:16 | Epoch  64/100 | Train Loss 0.0394 | Val Loss 0.0747 MAE 1.1101 R2 0.1345
2026-09-03 00:48:18 | Epoch  65/100 | Train Loss 0.0398 | Val Loss 0.0766 MAE 1.1268 R2 0.1113
2026-09-03 00:48:19 | Epoch  66/100 | Train Loss 0.0401 | Val Loss 0.0747 MAE 1.1128 R2 0.1343
2026-09-03 00:48:20 | Epoch  67/100 | Train Loss 0.0385 | Val Loss 0.0740 MAE 1.0999 R2 0.1437
2026-09-03 00:48:20 |   Val R2 improved to 0.1437, model saved
2026-09-03 00:48:21 | Epoch  68/100 | Train Loss 0.0379 | Val Loss 0.0739 MAE 1.0953 R2 0.1450
2026-09-03 00:48:22 |   Val R2 improved to 0.1450, model saved
2026-09-03 00:48:23 | Epoch  69/100 | Train Loss 0.0377 | Val Loss 0.0764 MAE 1.1156 R2 0.1159
2026-09-03 00:48:24 | Epoch  70/100 | Train Loss 0.0374 | Val Loss 0.0746 MAE 1.1063 R2 0.1366
2026-09-03 00:48:25 | Epoch  71/100 | Train Loss 0.0379 | Val Loss 0.0760 MAE 1.1079 R2 0.1208
2026-09-03 00:48:26 | Epoch  72/100 | Train Loss 0.0356 | Val Loss 0.0726 MAE 1.0914 R2 0.1599
2026-09-03 00:48:26 |   Val R2 improved to 0.1599, model saved
2026-09-03 00:48:28 | Epoch  73/100 | Train Loss 0.0335 | Val Loss 0.0738 MAE 1.1013 R2 0.1445
2026-09-03 00:48:29 | Epoch  74/100 | Train Loss 0.0350 | Val Loss 0.0737 MAE 1.0942 R2 0.1471
2026-09-03 00:48:30 | Epoch  75/100 | Train Loss 0.0345 | Val Loss 0.0745 MAE 1.1031 R2 0.1376
2026-09-03 00:48:31 | Epoch  76/100 | Train Loss 0.0325 | Val Loss 0.0737 MAE 1.0981 R2 0.1472
2026-09-03 00:48:32 | Epoch  77/100 | Train Loss 0.0315 | Val Loss 0.0750 MAE 1.1075 R2 0.1322
2026-09-03 00:48:33 | Epoch  78/100 | Train Loss 0.0318 | Val Loss 0.0740 MAE 1.0979 R2 0.1430
2026-09-03 00:48:34 | Epoch  79/100 | Train Loss 0.0321 | Val Loss 0.0742 MAE 1.1015 R2 0.1417
2026-09-03 00:48:35 | Epoch  80/100 | Train Loss 0.0328 | Val Loss 0.0757 MAE 1.1128 R2 0.1240
2026-09-03 00:48:36 | Epoch  81/100 | Train Loss 0.0298 | Val Loss 0.0736 MAE 1.0967 R2 0.1486
2026-09-03 00:48:38 | Epoch  82/100 | Train Loss 0.0293 | Val Loss 0.0752 MAE 1.1040 R2 0.1297
2026-09-03 00:48:38 | Val R2 did not improve for 10 consecutive epochs, early stopping at Epoch 82 (best R2 0.1599 @ Epoch 72)
2026-09-03 00:48:38 | Run 3/5 | Test (best model @ Epoch 72) | Loss 0.0781 MAE 1.1502 R2 0.1515
2026-09-03 00:48:38 | ===== Run 4/5 (seed 3) =====
2026-09-03 00:48:39 | Epoch   1/100 | Train Loss 0.2734 | Val Loss 0.0916 MAE 1.2489 R2 -0.0242
2026-09-03 00:48:39 |   Val R2 improved to -0.0242, model saved
2026-09-03 00:48:41 | Epoch   2/100 | Train Loss 0.1096 | Val Loss 0.0885 MAE 1.2647 R2 -0.0149
2026-09-03 00:48:41 |   Val R2 improved to -0.0149, model saved
2026-09-03 00:48:42 | Epoch   3/100 | Train Loss 0.0976 | Val Loss 0.0879 MAE 1.2708 R2 -0.0201
2026-09-03 00:48:43 | Epoch   4/100 | Train Loss 0.0916 | Val Loss 0.0867 MAE 1.2239 R2 -0.0047
2026-09-03 00:48:43 |   Val R2 improved to -0.0047, model saved
2026-09-03 00:48:44 | Epoch   5/100 | Train Loss 0.0898 | Val Loss 0.0858 MAE 1.2537 R2 -0.0008
2026-09-03 00:48:44 |   Val R2 improved to -0.0008, model saved
2026-09-03 00:48:45 | Epoch   6/100 | Train Loss 0.0882 | Val Loss 0.0846 MAE 1.2298 R2 0.0126
2026-09-03 00:48:45 |   Val R2 improved to 0.0126, model saved
2026-09-03 00:48:47 | Epoch   7/100 | Train Loss 0.0875 | Val Loss 0.0843 MAE 1.2287 R2 0.0157
2026-09-03 00:48:47 |   Val R2 improved to 0.0157, model saved
2026-09-03 00:48:48 | Epoch   8/100 | Train Loss 0.0870 | Val Loss 0.0842 MAE 1.2304 R2 0.0178
2026-09-03 00:48:48 |   Val R2 improved to 0.0178, model saved
2026-09-03 00:48:49 | Epoch   9/100 | Train Loss 0.0868 | Val Loss 0.0839 MAE 1.2231 R2 0.0208
2026-09-03 00:48:49 |   Val R2 improved to 0.0208, model saved
2026-09-03 00:48:50 | Epoch  10/100 | Train Loss 0.0860 | Val Loss 0.0839 MAE 1.2253 R2 0.0216
2026-09-03 00:48:50 |   Val R2 improved to 0.0216, model saved
2026-09-03 00:48:51 | Epoch  11/100 | Train Loss 0.0847 | Val Loss 0.0836 MAE 1.2191 R2 0.0257
2026-09-03 00:48:51 |   Val R2 improved to 0.0257, model saved
2026-09-03 00:48:53 | Epoch  12/100 | Train Loss 0.0853 | Val Loss 0.0833 MAE 1.2145 R2 0.0292
2026-09-03 00:48:53 |   Val R2 improved to 0.0292, model saved
2026-09-03 00:48:54 | Epoch  13/100 | Train Loss 0.0842 | Val Loss 0.0829 MAE 1.2072 R2 0.0341
2026-09-03 00:48:54 |   Val R2 improved to 0.0341, model saved
2026-09-03 00:48:55 | Epoch  14/100 | Train Loss 0.0831 | Val Loss 0.0826 MAE 1.2061 R2 0.0379
2026-09-03 00:48:55 |   Val R2 improved to 0.0379, model saved
2026-09-03 00:48:56 | Epoch  15/100 | Train Loss 0.0819 | Val Loss 0.0830 MAE 1.2107 R2 0.0335
2026-09-03 00:48:57 | Epoch  16/100 | Train Loss 0.0827 | Val Loss 0.0828 MAE 1.2093 R2 0.0352
2026-09-03 00:48:58 | Epoch  17/100 | Train Loss 0.0824 | Val Loss 0.0825 MAE 1.2018 R2 0.0398
2026-09-03 00:48:58 |   Val R2 improved to 0.0398, model saved
2026-09-03 00:49:00 | Epoch  18/100 | Train Loss 0.0822 | Val Loss 0.0824 MAE 1.2025 R2 0.0408
2026-09-03 00:49:00 |   Val R2 improved to 0.0408, model saved
2026-09-03 00:49:01 | Epoch  19/100 | Train Loss 0.0812 | Val Loss 0.0825 MAE 1.2053 R2 0.0388
2026-09-03 00:49:02 | Epoch  20/100 | Train Loss 0.0807 | Val Loss 0.0818 MAE 1.1932 R2 0.0479
2026-09-03 00:49:02 |   Val R2 improved to 0.0479, model saved
2026-09-03 00:49:03 | Epoch  21/100 | Train Loss 0.0801 | Val Loss 0.0816 MAE 1.1794 R2 0.0504
2026-09-03 00:49:03 |   Val R2 improved to 0.0504, model saved
2026-09-03 00:49:04 | Epoch  22/100 | Train Loss 0.0799 | Val Loss 0.0830 MAE 1.1749 R2 0.0351
2026-09-03 00:49:06 | Epoch  23/100 | Train Loss 0.0789 | Val Loss 0.0814 MAE 1.1704 R2 0.0533
2026-09-03 00:49:06 |   Val R2 improved to 0.0533, model saved
2026-09-03 00:49:07 | Epoch  24/100 | Train Loss 0.0774 | Val Loss 0.0823 MAE 1.1710 R2 0.0434
2026-09-03 00:49:08 | Epoch  25/100 | Train Loss 0.0781 | Val Loss 0.0825 MAE 1.1686 R2 0.0412
2026-09-03 00:49:09 | Epoch  26/100 | Train Loss 0.0774 | Val Loss 0.0809 MAE 1.1639 R2 0.0594
2026-09-03 00:49:09 |   Val R2 improved to 0.0594, model saved
2026-09-03 00:49:10 | Epoch  27/100 | Train Loss 0.0758 | Val Loss 0.0802 MAE 1.1635 R2 0.0669
2026-09-03 00:49:10 |   Val R2 improved to 0.0669, model saved
2026-09-03 00:49:11 | Epoch  28/100 | Train Loss 0.0753 | Val Loss 0.0802 MAE 1.1602 R2 0.0675
2026-09-03 00:49:11 |   Val R2 improved to 0.0675, model saved
2026-09-03 00:49:13 | Epoch  29/100 | Train Loss 0.0751 | Val Loss 0.0809 MAE 1.1777 R2 0.0586
2026-09-03 00:49:14 | Epoch  30/100 | Train Loss 0.0753 | Val Loss 0.0798 MAE 1.1625 R2 0.0710
2026-09-03 00:49:14 |   Val R2 improved to 0.0710, model saved
2026-09-03 00:49:15 | Epoch  31/100 | Train Loss 0.0737 | Val Loss 0.0815 MAE 1.1550 R2 0.0530
2026-09-03 00:49:16 | Epoch  32/100 | Train Loss 0.0742 | Val Loss 0.0797 MAE 1.1650 R2 0.0731
2026-09-03 00:49:16 |   Val R2 improved to 0.0731, model saved
2026-09-03 00:49:17 | Epoch  33/100 | Train Loss 0.0738 | Val Loss 0.0800 MAE 1.1682 R2 0.0694
2026-09-03 00:49:19 | Epoch  34/100 | Train Loss 0.0726 | Val Loss 0.0796 MAE 1.1498 R2 0.0756
2026-09-03 00:49:19 |   Val R2 improved to 0.0756, model saved
2026-09-03 00:49:20 | Epoch  35/100 | Train Loss 0.0712 | Val Loss 0.0804 MAE 1.1494 R2 0.0666
2026-09-03 00:49:21 | Epoch  36/100 | Train Loss 0.0703 | Val Loss 0.0787 MAE 1.1477 R2 0.0841
2026-09-03 00:49:21 |   Val R2 improved to 0.0841, model saved
2026-09-03 00:49:22 | Epoch  37/100 | Train Loss 0.0700 | Val Loss 0.0790 MAE 1.1570 R2 0.0810
2026-09-03 00:49:24 | Epoch  38/100 | Train Loss 0.0691 | Val Loss 0.0790 MAE 1.1429 R2 0.0818
2026-09-03 00:49:25 | Epoch  39/100 | Train Loss 0.0679 | Val Loss 0.0777 MAE 1.1429 R2 0.0968
2026-09-03 00:49:25 |   Val R2 improved to 0.0968, model saved
2026-09-03 00:49:26 | Epoch  40/100 | Train Loss 0.0657 | Val Loss 0.0778 MAE 1.1370 R2 0.0967
2026-09-03 00:49:27 | Epoch  41/100 | Train Loss 0.0639 | Val Loss 0.0782 MAE 1.1503 R2 0.0909
2026-09-03 00:49:28 | Epoch  42/100 | Train Loss 0.0635 | Val Loss 0.0770 MAE 1.1328 R2 0.1056
2026-09-03 00:49:28 |   Val R2 improved to 0.1056, model saved
2026-09-03 00:49:29 | Epoch  43/100 | Train Loss 0.0619 | Val Loss 0.0773 MAE 1.1311 R2 0.1026
2026-09-03 00:49:30 | Epoch  44/100 | Train Loss 0.0604 | Val Loss 0.0763 MAE 1.1325 R2 0.1147
2026-09-03 00:49:30 |   Val R2 improved to 0.1147, model saved
2026-09-03 00:49:31 | Epoch  45/100 | Train Loss 0.0592 | Val Loss 0.0794 MAE 1.1342 R2 0.0797
2026-09-03 00:49:32 | Epoch  46/100 | Train Loss 0.0595 | Val Loss 0.0776 MAE 1.1277 R2 0.1002
2026-09-03 00:49:33 | Epoch  47/100 | Train Loss 0.0573 | Val Loss 0.0743 MAE 1.1167 R2 0.1374
2026-09-03 00:49:33 |   Val R2 improved to 0.1374, model saved
2026-09-03 00:49:34 | Epoch  48/100 | Train Loss 0.0524 | Val Loss 0.0746 MAE 1.1094 R2 0.1344
2026-09-03 00:49:35 | Epoch  49/100 | Train Loss 0.0520 | Val Loss 0.0752 MAE 1.1251 R2 0.1270
2026-09-03 00:49:37 | Epoch  50/100 | Train Loss 0.0517 | Val Loss 0.0742 MAE 1.1111 R2 0.1401
2026-09-03 00:49:37 |   Val R2 improved to 0.1401, model saved
2026-09-03 00:49:38 | Epoch  51/100 | Train Loss 0.0536 | Val Loss 0.0738 MAE 1.1115 R2 0.1437
2026-09-03 00:49:38 |   Val R2 improved to 0.1437, model saved
2026-09-03 00:49:39 | Epoch  52/100 | Train Loss 0.0497 | Val Loss 0.0726 MAE 1.1018 R2 0.1587
2026-09-03 00:49:39 |   Val R2 improved to 0.1587, model saved
2026-09-03 00:49:40 | Epoch  53/100 | Train Loss 0.0465 | Val Loss 0.0751 MAE 1.1137 R2 0.1311
2026-09-03 00:49:41 | Epoch  54/100 | Train Loss 0.0452 | Val Loss 0.0736 MAE 1.1000 R2 0.1479
2026-09-03 00:49:43 | Epoch  55/100 | Train Loss 0.0430 | Val Loss 0.0742 MAE 1.1015 R2 0.1408
2026-09-03 00:49:44 | Epoch  56/100 | Train Loss 0.0415 | Val Loss 0.0721 MAE 1.0928 R2 0.1652
2026-09-03 00:49:44 |   Val R2 improved to 0.1652, model saved
2026-09-03 00:49:45 | Epoch  57/100 | Train Loss 0.0398 | Val Loss 0.0733 MAE 1.0949 R2 0.1508
2026-09-03 00:49:46 | Epoch  58/100 | Train Loss 0.0395 | Val Loss 0.0732 MAE 1.0944 R2 0.1524
2026-09-03 00:49:48 | Epoch  59/100 | Train Loss 0.0381 | Val Loss 0.0729 MAE 1.0924 R2 0.1557
2026-09-03 00:49:49 | Epoch  60/100 | Train Loss 0.0390 | Val Loss 0.0709 MAE 1.0810 R2 0.1783
2026-09-03 00:49:49 |   Val R2 improved to 0.1783, model saved
2026-09-03 00:49:50 | Epoch  61/100 | Train Loss 0.0370 | Val Loss 0.0726 MAE 1.0917 R2 0.1600
2026-09-03 00:49:51 | Epoch  62/100 | Train Loss 0.0378 | Val Loss 0.0740 MAE 1.1004 R2 0.1424
2026-09-03 00:49:52 | Epoch  63/100 | Train Loss 0.0349 | Val Loss 0.0719 MAE 1.0818 R2 0.1676
2026-09-03 00:49:54 | Epoch  64/100 | Train Loss 0.0341 | Val Loss 0.0788 MAE 1.1250 R2 0.0885
2026-09-03 00:49:55 | Epoch  65/100 | Train Loss 0.0334 | Val Loss 0.0719 MAE 1.0795 R2 0.1674
2026-09-03 00:49:56 | Epoch  66/100 | Train Loss 0.0325 | Val Loss 0.0712 MAE 1.0765 R2 0.1756
2026-09-03 00:49:57 | Epoch  67/100 | Train Loss 0.0324 | Val Loss 0.0713 MAE 1.0789 R2 0.1740
2026-09-03 00:49:58 | Epoch  68/100 | Train Loss 0.0324 | Val Loss 0.0726 MAE 1.0837 R2 0.1602
2026-09-03 00:50:00 | Epoch  69/100 | Train Loss 0.0299 | Val Loss 0.0713 MAE 1.0764 R2 0.1749
2026-09-03 00:50:01 | Epoch  70/100 | Train Loss 0.0298 | Val Loss 0.0719 MAE 1.0803 R2 0.1682
2026-09-03 00:50:01 | Val R2 did not improve for 10 consecutive epochs, early stopping at Epoch 70 (best R2 0.1783 @ Epoch 60)
2026-09-03 00:50:01 | Run 4/5 | Test (best model @ Epoch 60) | Loss 0.0792 MAE 1.1482 R2 0.1393
2026-09-03 00:50:01 | ===== Run 5/5 (seed 4) =====
2026-09-03 00:50:02 | Epoch   1/100 | Train Loss 0.2694 | Val Loss 0.0939 MAE 1.2335 R2 -0.0323
2026-09-03 00:50:02 |   Val R2 improved to -0.0323, model saved
2026-09-03 00:50:03 | Epoch   2/100 | Train Loss 0.1093 | Val Loss 0.0895 MAE 1.2733 R2 -0.0251
2026-09-03 00:50:03 |   Val R2 improved to -0.0251, model saved
2026-09-03 00:50:04 | Epoch   3/100 | Train Loss 0.0990 | Val Loss 0.0887 MAE 1.2769 R2 -0.0277
2026-09-03 00:50:05 | Epoch   4/100 | Train Loss 0.0914 | Val Loss 0.0870 MAE 1.2256 R2 -0.0074
2026-09-03 00:50:05 |   Val R2 improved to -0.0074, model saved
2026-09-03 00:50:06 | Epoch   5/100 | Train Loss 0.0893 | Val Loss 0.0858 MAE 1.2519 R2 -0.0000
2026-09-03 00:50:06 |   Val R2 improved to -0.0000, model saved
2026-09-03 00:50:07 | Epoch   6/100 | Train Loss 0.0886 | Val Loss 0.0847 MAE 1.2335 R2 0.0109
2026-09-03 00:50:07 |   Val R2 improved to 0.0109, model saved
2026-09-03 00:50:08 | Epoch   7/100 | Train Loss 0.0879 | Val Loss 0.0845 MAE 1.2319 R2 0.0143
2026-09-03 00:50:08 |   Val R2 improved to 0.0143, model saved
2026-09-03 00:50:10 | Epoch   8/100 | Train Loss 0.0872 | Val Loss 0.0843 MAE 1.2321 R2 0.0165
2026-09-03 00:50:10 |   Val R2 improved to 0.0165, model saved
2026-09-03 00:50:11 | Epoch   9/100 | Train Loss 0.0860 | Val Loss 0.0840 MAE 1.2236 R2 0.0200
2026-09-03 00:50:11 |   Val R2 improved to 0.0200, model saved
2026-09-03 00:50:12 | Epoch  10/100 | Train Loss 0.0855 | Val Loss 0.0838 MAE 1.2233 R2 0.0223
2026-09-03 00:50:12 |   Val R2 improved to 0.0223, model saved
2026-09-03 00:50:13 | Epoch  11/100 | Train Loss 0.0857 | Val Loss 0.0838 MAE 1.2233 R2 0.0234
2026-09-03 00:50:13 |   Val R2 improved to 0.0234, model saved
2026-09-03 00:50:14 | Epoch  12/100 | Train Loss 0.0848 | Val Loss 0.0834 MAE 1.2130 R2 0.0280
2026-09-03 00:50:14 |   Val R2 improved to 0.0280, model saved
2026-09-03 00:50:15 | Epoch  13/100 | Train Loss 0.0844 | Val Loss 0.0831 MAE 1.2077 R2 0.0320
2026-09-03 00:50:15 |   Val R2 improved to 0.0320, model saved
2026-09-03 00:50:16 | Epoch  14/100 | Train Loss 0.0834 | Val Loss 0.0829 MAE 1.1962 R2 0.0354
2026-09-03 00:50:16 |   Val R2 improved to 0.0354, model saved
2026-09-03 00:50:16 | Epoch  15/100 | Train Loss 0.0823 | Val Loss 0.0828 MAE 1.2103 R2 0.0363
2026-09-03 00:50:16 |   Val R2 improved to 0.0363, model saved
2026-09-03 00:50:17 | Epoch  16/100 | Train Loss 0.0826 | Val Loss 0.0838 MAE 1.2236 R2 0.0237
2026-09-03 00:50:18 | Epoch  17/100 | Train Loss 0.0826 | Val Loss 0.0818 MAE 1.1875 R2 0.0482
2026-09-03 00:50:18 |   Val R2 improved to 0.0482, model saved
2026-09-03 00:50:18 | Epoch  18/100 | Train Loss 0.0807 | Val Loss 0.0820 MAE 1.1981 R2 0.0454
2026-09-03 00:50:19 | Epoch  19/100 | Train Loss 0.0803 | Val Loss 0.0818 MAE 1.1936 R2 0.0479
2026-09-03 00:50:19 | Epoch  20/100 | Train Loss 0.0802 | Val Loss 0.0818 MAE 1.1940 R2 0.0479
2026-09-03 00:50:20 | Epoch  21/100 | Train Loss 0.0801 | Val Loss 0.0809 MAE 1.1781 R2 0.0584
2026-09-03 00:50:20 |   Val R2 improved to 0.0584, model saved
2026-09-03 00:50:20 | Epoch  22/100 | Train Loss 0.0796 | Val Loss 0.0817 MAE 1.1962 R2 0.0491
2026-09-03 00:50:21 | Epoch  23/100 | Train Loss 0.0787 | Val Loss 0.0813 MAE 1.1672 R2 0.0547
2026-09-03 00:50:21 | Epoch  24/100 | Train Loss 0.0777 | Val Loss 0.0812 MAE 1.1648 R2 0.0564
2026-09-03 00:50:22 | Epoch  25/100 | Train Loss 0.0762 | Val Loss 0.0820 MAE 1.1943 R2 0.0456
2026-09-03 00:50:22 | Epoch  26/100 | Train Loss 0.0779 | Val Loss 0.0822 MAE 1.2003 R2 0.0431
2026-09-03 00:50:23 | Epoch  27/100 | Train Loss 0.0758 | Val Loss 0.0802 MAE 1.1731 R2 0.0667
2026-09-03 00:50:23 |   Val R2 improved to 0.0667, model saved
2026-09-03 00:50:23 | Epoch  28/100 | Train Loss 0.0749 | Val Loss 0.0805 MAE 1.1768 R2 0.0633
2026-09-03 00:50:23 | Epoch  29/100 | Train Loss 0.0743 | Val Loss 0.0810 MAE 1.1792 R2 0.0583
2026-09-03 00:50:24 | Epoch  30/100 | Train Loss 0.0730 | Val Loss 0.0799 MAE 1.1503 R2 0.0711
2026-09-03 00:50:24 |   Val R2 improved to 0.0711, model saved
2026-09-03 00:50:24 | Epoch  31/100 | Train Loss 0.0731 | Val Loss 0.0794 MAE 1.1621 R2 0.0772
2026-09-03 00:50:24 |   Val R2 improved to 0.0772, model saved
2026-09-03 00:50:24 | Epoch  32/100 | Train Loss 0.0709 | Val Loss 0.0789 MAE 1.1473 R2 0.0832
2026-09-03 00:50:24 |   Val R2 improved to 0.0832, model saved
2026-09-03 00:50:25 | Epoch  33/100 | Train Loss 0.0701 | Val Loss 0.0786 MAE 1.1483 R2 0.0866
2026-09-03 00:50:25 |   Val R2 improved to 0.0866, model saved
2026-09-03 00:50:25 | Epoch  34/100 | Train Loss 0.0691 | Val Loss 0.0790 MAE 1.1386 R2 0.0821
2026-09-03 00:50:25 | Epoch  35/100 | Train Loss 0.0679 | Val Loss 0.0776 MAE 1.1417 R2 0.0979
2026-09-03 00:50:25 |   Val R2 improved to 0.0979, model saved
2026-09-03 00:50:26 | Epoch  36/100 | Train Loss 0.0662 | Val Loss 0.0778 MAE 1.1340 R2 0.0968
2026-09-03 00:50:26 | Epoch  37/100 | Train Loss 0.0639 | Val Loss 0.0792 MAE 1.1629 R2 0.0799
2026-09-03 00:50:26 | Epoch  38/100 | Train Loss 0.0636 | Val Loss 0.0766 MAE 1.1264 R2 0.1113
2026-09-03 00:50:26 |   Val R2 improved to 0.1113, model saved
2026-09-03 00:50:26 | Epoch  39/100 | Train Loss 0.0614 | Val Loss 0.0751 MAE 1.1174 R2 0.1289
2026-09-03 00:50:26 |   Val R2 improved to 0.1289, model saved
2026-09-03 00:50:27 | Epoch  40/100 | Train Loss 0.0589 | Val Loss 0.0764 MAE 1.1212 R2 0.1142
2026-09-03 00:50:27 | Epoch  41/100 | Train Loss 0.0575 | Val Loss 0.0749 MAE 1.1121 R2 0.1322
2026-09-03 00:50:27 |   Val R2 improved to 0.1322, model saved
2026-09-03 00:50:27 | Epoch  42/100 | Train Loss 0.0568 | Val Loss 0.0736 MAE 1.1073 R2 0.1469
2026-09-03 00:50:27 |   Val R2 improved to 0.1469, model saved
2026-09-03 00:50:28 | Epoch  43/100 | Train Loss 0.0541 | Val Loss 0.0772 MAE 1.1196 R2 0.1064
2026-09-03 00:50:28 | Epoch  44/100 | Train Loss 0.0543 | Val Loss 0.0772 MAE 1.1176 R2 0.1067
2026-09-03 00:50:29 | Epoch  45/100 | Train Loss 0.0508 | Val Loss 0.0732 MAE 1.0966 R2 0.1524
2026-09-03 00:50:29 |   Val R2 improved to 0.1524, model saved
2026-09-03 00:50:29 | Epoch  46/100 | Train Loss 0.0501 | Val Loss 0.0722 MAE 1.0904 R2 0.1633
2026-09-03 00:50:29 |   Val R2 improved to 0.1633, model saved
2026-09-03 00:50:29 | Epoch  47/100 | Train Loss 0.0495 | Val Loss 0.0749 MAE 1.1056 R2 0.1334
2026-09-03 00:50:30 | Epoch  48/100 | Train Loss 0.0497 | Val Loss 0.0761 MAE 1.1129 R2 0.1198
2026-09-03 00:50:30 | Epoch  49/100 | Train Loss 0.0477 | Val Loss 0.0727 MAE 1.0891 R2 0.1592
2026-09-03 00:50:30 | Epoch  50/100 | Train Loss 0.0468 | Val Loss 0.0723 MAE 1.0914 R2 0.1628
2026-09-03 00:50:30 | Epoch  51/100 | Train Loss 0.0471 | Val Loss 0.0705 MAE 1.0794 R2 0.1841
2026-09-03 00:50:30 |   Val R2 improved to 0.1841, model saved
2026-09-03 00:50:31 | Epoch  52/100 | Train Loss 0.0445 | Val Loss 0.0833 MAE 1.1557 R2 0.0388
2026-09-03 00:50:31 | Epoch  53/100 | Train Loss 0.0467 | Val Loss 0.0745 MAE 1.1101 R2 0.1364
2026-09-03 00:50:31 | Epoch  54/100 | Train Loss 0.0428 | Val Loss 0.0735 MAE 1.0877 R2 0.1511
2026-09-03 00:50:32 | Epoch  55/100 | Train Loss 0.0412 | Val Loss 0.0704 MAE 1.0743 R2 0.1847
2026-09-03 00:50:32 |   Val R2 improved to 0.1847, model saved
2026-09-03 00:50:32 | Epoch  56/100 | Train Loss 0.0411 | Val Loss 0.0703 MAE 1.0676 R2 0.1869
2026-09-03 00:50:32 |   Val R2 improved to 0.1869, model saved
2026-09-03 00:50:32 | Epoch  57/100 | Train Loss 0.0384 | Val Loss 0.0732 MAE 1.0853 R2 0.1536
2026-09-03 00:50:33 | Epoch  58/100 | Train Loss 0.0374 | Val Loss 0.0714 MAE 1.0751 R2 0.1733
2026-09-03 00:50:33 | Epoch  59/100 | Train Loss 0.0371 | Val Loss 0.0705 MAE 1.0682 R2 0.1842
2026-09-03 00:50:33 | Epoch  60/100 | Train Loss 0.0359 | Val Loss 0.0709 MAE 1.0698 R2 0.1803
2026-09-03 00:50:34 | Epoch  61/100 | Train Loss 0.0358 | Val Loss 0.0715 MAE 1.0712 R2 0.1724
2026-09-03 00:50:34 | Epoch  62/100 | Train Loss 0.0360 | Val Loss 0.0721 MAE 1.0750 R2 0.1670
2026-09-03 00:50:34 | Epoch  63/100 | Train Loss 0.0334 | Val Loss 0.0730 MAE 1.0811 R2 0.1562
2026-09-03 00:50:35 | Epoch  64/100 | Train Loss 0.0329 | Val Loss 0.0728 MAE 1.0806 R2 0.1594
2026-09-03 00:50:35 | Epoch  65/100 | Train Loss 0.0328 | Val Loss 0.0721 MAE 1.0755 R2 0.1672
2026-09-03 00:50:35 | Epoch  66/100 | Train Loss 0.0316 | Val Loss 0.0714 MAE 1.0766 R2 0.1744
2026-09-03 00:50:35 | Val R2 did not improve for 10 consecutive epochs, early stopping at Epoch 66 (best R2 0.1869 @ Epoch 56)
2026-09-03 00:50:35 | Run 5/5 | Test (best model @ Epoch 56) | Loss 0.0763 MAE 1.1256 R2 0.1719
2026-09-03 00:50:35 | Average over 5 runs | Test Loss 0.0780±0.0014 MAE 1.1350±0.0144 R2 0.1528±0.0162
