2026-09-06 05:41:09 | Device: cuda
2026-09-06 05:41:09 | Args: {'model': 'ncbd', 'backbone': 'cnn', 'task': 'mnist', 'epochs': 100, 'batch_size': 512, 'lr': 0.001, 'hidden_dims': [512, 256], 'dropout': 0.2, 'z_dim': 256, 'anchor_scale': 4.0, 'energy_classifier': False, 'tied_head': False, 'max_len': 250, 'random_labels': False, 'beta': 1.0, 'patience': 10, 'runs': 5, 'seed': 0, 'data_dir': './data', 'save_path': 'output/mnist_cnn_ncbd/mnist_cnn_ncbd.pt', 'log_path': '/root/autodl-tmp/IB/tune_results/mnist_cnn_ncbd_beta_1/train.log', 'no_save': True}
2026-09-06 05:41:09 | ===== Run 1/5 (seed 0) =====
2026-09-06 05:41:15 | Epoch   1/100 | Train Loss 5.4317 Acc 0.9297 | Val Loss 5.1493 Acc 0.9795 AUC 0.9989 Pre 0.9793 Rec 0.9795
2026-09-06 05:41:15 |   Val AUC improved to 0.9989, model saved
2026-09-06 05:41:19 | Epoch   2/100 | Train Loss 5.2325 Acc 0.9853 | Val Loss 5.0908 Acc 0.9871 AUC 0.9995 Pre 0.9871 Rec 0.9870
2026-09-06 05:41:19 |   Val AUC improved to 0.9995, model saved
2026-09-06 05:41:24 | Epoch   3/100 | Train Loss 5.2065 Acc 0.9903 | Val Loss 5.0817 Acc 0.9880 AUC 0.9995 Pre 0.9880 Rec 0.9879
2026-09-06 05:41:29 | Epoch   4/100 | Train Loss 5.2008 Acc 0.9932 | Val Loss 5.0792 Acc 0.9884 AUC 0.9994 Pre 0.9883 Rec 0.9883
2026-09-06 05:41:33 | Epoch   5/100 | Train Loss 5.1982 Acc 0.9948 | Val Loss 5.0773 Acc 0.9896 AUC 0.9996 Pre 0.9896 Rec 0.9895
2026-09-06 05:41:33 |   Val AUC improved to 0.9996, model saved
2026-09-06 05:41:38 | Epoch   6/100 | Train Loss 5.1959 Acc 0.9957 | Val Loss 5.0772 Acc 0.9893 AUC 0.9993 Pre 0.9891 Rec 0.9892
2026-09-06 05:41:42 | Epoch   7/100 | Train Loss 5.1955 Acc 0.9964 | Val Loss 5.0752 Acc 0.9905 AUC 0.9991 Pre 0.9905 Rec 0.9904
2026-09-06 05:41:47 | Epoch   8/100 | Train Loss 5.1933 Acc 0.9975 | Val Loss 5.0750 Acc 0.9902 AUC 0.9994 Pre 0.9902 Rec 0.9901
2026-09-06 05:41:51 | Epoch   9/100 | Train Loss 5.1933 Acc 0.9976 | Val Loss 5.0738 Acc 0.9908 AUC 0.9993 Pre 0.9908 Rec 0.9907
2026-09-06 05:41:56 | Epoch  10/100 | Train Loss 5.1924 Acc 0.9979 | Val Loss 5.0750 Acc 0.9893 AUC 0.9995 Pre 0.9892 Rec 0.9893
2026-09-06 05:42:00 | Epoch  11/100 | Train Loss 5.1914 Acc 0.9982 | Val Loss 5.0736 Acc 0.9898 AUC 0.9993 Pre 0.9898 Rec 0.9897
2026-09-06 05:42:05 | Epoch  12/100 | Train Loss 5.1905 Acc 0.9984 | Val Loss 5.0741 Acc 0.9901 AUC 0.9989 Pre 0.9901 Rec 0.9900
2026-09-06 05:42:09 | Epoch  13/100 | Train Loss 5.1905 Acc 0.9983 | Val Loss 5.0753 Acc 0.9909 AUC 0.9994 Pre 0.9909 Rec 0.9908
2026-09-06 05:42:14 | Epoch  14/100 | Train Loss 5.1902 Acc 0.9985 | Val Loss 5.0735 Acc 0.9907 AUC 0.9990 Pre 0.9907 Rec 0.9906
2026-09-06 05:42:18 | Epoch  15/100 | Train Loss 5.1902 Acc 0.9985 | Val Loss 5.0727 Acc 0.9914 AUC 0.9989 Pre 0.9914 Rec 0.9913
2026-09-06 05:42:18 | Val AUC did not improve for 10 consecutive epochs, early stopping at Epoch 15 (best AUC 0.9996 @ Epoch 5)
2026-09-06 05:42:19 | Run 1/5 | Test (best model @ Epoch 5) | Loss 5.0759 Acc 0.9905 AUC 0.9998 Pre 0.9905 Rec 0.9904
2026-09-06 05:42:19 | ===== Run 2/5 (seed 1) =====
2026-09-06 05:42:24 | Epoch   1/100 | Train Loss 5.4372 Acc 0.9313 | Val Loss 5.1547 Acc 0.9790 AUC 0.9988 Pre 0.9789 Rec 0.9790
2026-09-06 05:42:24 |   Val AUC improved to 0.9988, model saved
2026-09-06 05:42:28 | Epoch   2/100 | Train Loss 5.2377 Acc 0.9850 | Val Loss 5.0978 Acc 0.9846 AUC 0.9995 Pre 0.9846 Rec 0.9845
2026-09-06 05:42:28 |   Val AUC improved to 0.9995, model saved
2026-09-06 05:42:32 | Epoch   3/100 | Train Loss 5.2093 Acc 0.9896 | Val Loss 5.0832 Acc 0.9864 AUC 0.9995 Pre 0.9862 Rec 0.9864
2026-09-06 05:42:37 | Epoch   4/100 | Train Loss 5.2019 Acc 0.9921 | Val Loss 5.0794 Acc 0.9878 AUC 0.9995 Pre 0.9878 Rec 0.9877
2026-09-06 05:42:37 |   Val AUC improved to 0.9995, model saved
2026-09-06 05:42:41 | Epoch   5/100 | Train Loss 5.1989 Acc 0.9940 | Val Loss 5.0786 Acc 0.9883 AUC 0.9994 Pre 0.9882 Rec 0.9883
2026-09-06 05:42:46 | Epoch   6/100 | Train Loss 5.1972 Acc 0.9949 | Val Loss 5.0781 Acc 0.9901 AUC 0.9993 Pre 0.9901 Rec 0.9900
2026-09-06 05:42:51 | Epoch   7/100 | Train Loss 5.1959 Acc 0.9958 | Val Loss 5.0760 Acc 0.9903 AUC 0.9992 Pre 0.9904 Rec 0.9901
2026-09-06 05:42:55 | Epoch   8/100 | Train Loss 5.1946 Acc 0.9966 | Val Loss 5.0762 Acc 0.9893 AUC 0.9995 Pre 0.9893 Rec 0.9893
2026-09-06 05:42:59 | Epoch   9/100 | Train Loss 5.1935 Acc 0.9970 | Val Loss 5.0770 Acc 0.9896 AUC 0.9990 Pre 0.9895 Rec 0.9896
2026-09-06 05:43:04 | Epoch  10/100 | Train Loss 5.1931 Acc 0.9971 | Val Loss 5.0752 Acc 0.9899 AUC 0.9993 Pre 0.9899 Rec 0.9898
2026-09-06 05:43:08 | Epoch  11/100 | Train Loss 5.1924 Acc 0.9975 | Val Loss 5.0749 Acc 0.9900 AUC 0.9990 Pre 0.9901 Rec 0.9899
2026-09-06 05:43:13 | Epoch  12/100 | Train Loss 5.1915 Acc 0.9979 | Val Loss 5.0750 Acc 0.9898 AUC 0.9993 Pre 0.9898 Rec 0.9897
2026-09-06 05:43:17 | Epoch  13/100 | Train Loss 5.1911 Acc 0.9981 | Val Loss 5.0740 Acc 0.9900 AUC 0.9991 Pre 0.9899 Rec 0.9900
2026-09-06 05:43:22 | Epoch  14/100 | Train Loss 5.1911 Acc 0.9983 | Val Loss 5.0739 Acc 0.9905 AUC 0.9993 Pre 0.9905 Rec 0.9904
2026-09-06 05:43:22 | Val AUC did not improve for 10 consecutive epochs, early stopping at Epoch 14 (best AUC 0.9995 @ Epoch 4)
2026-09-06 05:43:22 | Run 2/5 | Test (best model @ Epoch 4) | Loss 5.0777 Acc 0.9916 AUC 0.9999 Pre 0.9916 Rec 0.9915
2026-09-06 05:43:22 | ===== Run 3/5 (seed 2) =====
2026-09-06 05:43:27 | Epoch   1/100 | Train Loss 5.4455 Acc 0.9257 | Val Loss 5.1514 Acc 0.9797 AUC 0.9988 Pre 0.9797 Rec 0.9796
2026-09-06 05:43:27 |   Val AUC improved to 0.9988, model saved
2026-09-06 05:43:31 | Epoch   2/100 | Train Loss 5.2353 Acc 0.9852 | Val Loss 5.0951 Acc 0.9848 AUC 0.9992 Pre 0.9849 Rec 0.9847
2026-09-06 05:43:31 |   Val AUC improved to 0.9992, model saved
2026-09-06 05:43:36 | Epoch   3/100 | Train Loss 5.2094 Acc 0.9896 | Val Loss 5.0833 Acc 0.9884 AUC 0.9995 Pre 0.9885 Rec 0.9883
2026-09-06 05:43:36 |   Val AUC improved to 0.9995, model saved
2026-09-06 05:43:40 | Epoch   4/100 | Train Loss 5.2016 Acc 0.9927 | Val Loss 5.0804 Acc 0.9897 AUC 0.9995 Pre 0.9896 Rec 0.9897
2026-09-06 05:43:45 | Epoch   5/100 | Train Loss 5.1990 Acc 0.9943 | Val Loss 5.0788 Acc 0.9889 AUC 0.9993 Pre 0.9888 Rec 0.9888
2026-09-06 05:43:49 | Epoch   6/100 | Train Loss 5.1965 Acc 0.9952 | Val Loss 5.0764 Acc 0.9897 AUC 0.9993 Pre 0.9897 Rec 0.9896
2026-09-06 05:43:54 | Epoch   7/100 | Train Loss 5.1954 Acc 0.9962 | Val Loss 5.0765 Acc 0.9893 AUC 0.9994 Pre 0.9892 Rec 0.9892
2026-09-06 05:43:58 | Epoch   8/100 | Train Loss 5.1942 Acc 0.9967 | Val Loss 5.0757 Acc 0.9897 AUC 0.9995 Pre 0.9896 Rec 0.9896
2026-09-06 05:44:03 | Epoch   9/100 | Train Loss 5.1927 Acc 0.9972 | Val Loss 5.0754 Acc 0.9898 AUC 0.9990 Pre 0.9897 Rec 0.9897
2026-09-06 05:44:07 | Epoch  10/100 | Train Loss 5.1919 Acc 0.9978 | Val Loss 5.0743 Acc 0.9906 AUC 0.9991 Pre 0.9907 Rec 0.9905
2026-09-06 05:44:12 | Epoch  11/100 | Train Loss 5.1914 Acc 0.9982 | Val Loss 5.0750 Acc 0.9899 AUC 0.9993 Pre 0.9899 Rec 0.9898
2026-09-06 05:44:16 | Epoch  12/100 | Train Loss 5.1913 Acc 0.9982 | Val Loss 5.0741 Acc 0.9909 AUC 0.9988 Pre 0.9909 Rec 0.9908
2026-09-06 05:44:21 | Epoch  13/100 | Train Loss 5.1909 Acc 0.9985 | Val Loss 5.0766 Acc 0.9892 AUC 0.9991 Pre 0.9891 Rec 0.9891
2026-09-06 05:44:21 | Val AUC did not improve for 10 consecutive epochs, early stopping at Epoch 13 (best AUC 0.9995 @ Epoch 3)
2026-09-06 05:44:21 | Run 3/5 | Test (best model @ Epoch 3) | Loss 5.0811 Acc 0.9914 AUC 0.9997 Pre 0.9914 Rec 0.9913
2026-09-06 05:44:21 | ===== Run 4/5 (seed 3) =====
2026-09-06 05:44:26 | Epoch   1/100 | Train Loss 5.4350 Acc 0.9315 | Val Loss 5.1481 Acc 0.9795 AUC 0.9988 Pre 0.9794 Rec 0.9794
2026-09-06 05:44:26 |   Val AUC improved to 0.9988, model saved
2026-09-06 05:44:30 | Epoch   2/100 | Train Loss 5.2349 Acc 0.9859 | Val Loss 5.0944 Acc 0.9842 AUC 0.9991 Pre 0.9841 Rec 0.9841
2026-09-06 05:44:30 |   Val AUC improved to 0.9991, model saved
2026-09-06 05:44:35 | Epoch   3/100 | Train Loss 5.2072 Acc 0.9903 | Val Loss 5.0821 Acc 0.9869 AUC 0.9993 Pre 0.9869 Rec 0.9868
2026-09-06 05:44:35 |   Val AUC improved to 0.9993, model saved
2026-09-06 05:44:39 | Epoch   4/100 | Train Loss 5.2010 Acc 0.9930 | Val Loss 5.0811 Acc 0.9866 AUC 0.9993 Pre 0.9866 Rec 0.9864
2026-09-06 05:44:39 |   Val AUC improved to 0.9993, model saved
2026-09-06 05:44:44 | Epoch   5/100 | Train Loss 5.1983 Acc 0.9945 | Val Loss 5.0776 Acc 0.9889 AUC 0.9993 Pre 0.9888 Rec 0.9889
2026-09-06 05:44:48 | Epoch   6/100 | Train Loss 5.1972 Acc 0.9952 | Val Loss 5.0769 Acc 0.9896 AUC 0.9994 Pre 0.9895 Rec 0.9895
2026-09-06 05:44:48 |   Val AUC improved to 0.9994, model saved
2026-09-06 05:44:53 | Epoch   7/100 | Train Loss 5.1954 Acc 0.9961 | Val Loss 5.0769 Acc 0.9886 AUC 0.9992 Pre 0.9886 Rec 0.9885
2026-09-06 05:44:57 | Epoch   8/100 | Train Loss 5.1946 Acc 0.9967 | Val Loss 5.0749 Acc 0.9898 AUC 0.9994 Pre 0.9898 Rec 0.9898
2026-09-06 05:45:01 | Epoch   9/100 | Train Loss 5.1928 Acc 0.9972 | Val Loss 5.0751 Acc 0.9897 AUC 0.9995 Pre 0.9898 Rec 0.9896
2026-09-06 05:45:01 |   Val AUC improved to 0.9995, model saved
2026-09-06 05:45:06 | Epoch  10/100 | Train Loss 5.1926 Acc 0.9976 | Val Loss 5.0747 Acc 0.9900 AUC 0.9993 Pre 0.9900 Rec 0.9899
2026-09-06 05:45:10 | Epoch  11/100 | Train Loss 5.1916 Acc 0.9978 | Val Loss 5.0740 Acc 0.9902 AUC 0.9992 Pre 0.9902 Rec 0.9901
2026-09-06 05:45:15 | Epoch  12/100 | Train Loss 5.1915 Acc 0.9980 | Val Loss 5.0743 Acc 0.9904 AUC 0.9992 Pre 0.9904 Rec 0.9903
2026-09-06 05:45:19 | Epoch  13/100 | Train Loss 5.1907 Acc 0.9982 | Val Loss 5.0742 Acc 0.9893 AUC 0.9994 Pre 0.9893 Rec 0.9892
2026-09-06 05:45:24 | Epoch  14/100 | Train Loss 5.1912 Acc 0.9982 | Val Loss 5.0745 Acc 0.9901 AUC 0.9991 Pre 0.9900 Rec 0.9900
2026-09-06 05:45:28 | Epoch  15/100 | Train Loss 5.1906 Acc 0.9985 | Val Loss 5.0737 Acc 0.9899 AUC 0.9990 Pre 0.9898 Rec 0.9898
2026-09-06 05:45:33 | Epoch  16/100 | Train Loss 5.1901 Acc 0.9986 | Val Loss 5.0742 Acc 0.9898 AUC 0.9993 Pre 0.9897 Rec 0.9898
2026-09-06 05:45:37 | Epoch  17/100 | Train Loss 5.1896 Acc 0.9986 | Val Loss 5.0733 Acc 0.9906 AUC 0.9989 Pre 0.9906 Rec 0.9905
2026-09-06 05:45:42 | Epoch  18/100 | Train Loss 5.1886 Acc 0.9987 | Val Loss 5.0735 Acc 0.9897 AUC 0.9991 Pre 0.9897 Rec 0.9896
2026-09-06 05:45:46 | Epoch  19/100 | Train Loss 5.1888 Acc 0.9987 | Val Loss 5.0727 Acc 0.9902 AUC 0.9990 Pre 0.9902 Rec 0.9901
2026-09-06 05:45:46 | Val AUC did not improve for 10 consecutive epochs, early stopping at Epoch 19 (best AUC 0.9995 @ Epoch 9)
2026-09-06 05:45:47 | Run 4/5 | Test (best model @ Epoch 9) | Loss 5.0735 Acc 0.9919 AUC 0.9999 Pre 0.9919 Rec 0.9918
2026-09-06 05:45:47 | ===== Run 5/5 (seed 4) =====
2026-09-06 05:45:51 | Epoch   1/100 | Train Loss 5.4387 Acc 0.9298 | Val Loss 5.1567 Acc 0.9796 AUC 0.9986 Pre 0.9796 Rec 0.9796
2026-09-06 05:45:51 |   Val AUC improved to 0.9986, model saved
2026-09-06 05:45:56 | Epoch   2/100 | Train Loss 5.2385 Acc 0.9853 | Val Loss 5.0950 Acc 0.9860 AUC 0.9995 Pre 0.9861 Rec 0.9859
2026-09-06 05:45:56 |   Val AUC improved to 0.9995, model saved
2026-09-06 05:46:00 | Epoch   3/100 | Train Loss 5.2078 Acc 0.9906 | Val Loss 5.0815 Acc 0.9879 AUC 0.9995 Pre 0.9879 Rec 0.9878
2026-09-06 05:46:00 |   Val AUC improved to 0.9995, model saved
2026-09-06 05:46:04 | Epoch   4/100 | Train Loss 5.2020 Acc 0.9926 | Val Loss 5.0790 Acc 0.9884 AUC 0.9993 Pre 0.9883 Rec 0.9884
2026-09-06 05:46:09 | Epoch   5/100 | Train Loss 5.1998 Acc 0.9938 | Val Loss 5.0775 Acc 0.9894 AUC 0.9995 Pre 0.9894 Rec 0.9893
2026-09-06 05:46:13 | Epoch   6/100 | Train Loss 5.1974 Acc 0.9955 | Val Loss 5.0779 Acc 0.9890 AUC 0.9993 Pre 0.9890 Rec 0.9889
2026-09-06 05:46:17 | Epoch   7/100 | Train Loss 5.1955 Acc 0.9962 | Val Loss 5.0761 Acc 0.9894 AUC 0.9993 Pre 0.9893 Rec 0.9894
2026-09-06 05:46:22 | Epoch   8/100 | Train Loss 5.1943 Acc 0.9966 | Val Loss 5.0765 Acc 0.9889 AUC 0.9991 Pre 0.9888 Rec 0.9888
2026-09-06 05:46:26 | Epoch   9/100 | Train Loss 5.1937 Acc 0.9970 | Val Loss 5.0752 Acc 0.9899 AUC 0.9993 Pre 0.9898 Rec 0.9898
2026-09-06 05:46:31 | Epoch  10/100 | Train Loss 5.1927 Acc 0.9974 | Val Loss 5.0750 Acc 0.9904 AUC 0.9993 Pre 0.9904 Rec 0.9903
2026-09-06 05:46:35 | Epoch  11/100 | Train Loss 5.1926 Acc 0.9977 | Val Loss 5.0750 Acc 0.9900 AUC 0.9993 Pre 0.9899 Rec 0.9899
2026-09-06 05:46:39 | Epoch  12/100 | Train Loss 5.1916 Acc 0.9979 | Val Loss 5.0742 Acc 0.9907 AUC 0.9992 Pre 0.9906 Rec 0.9906
2026-09-06 05:46:44 | Epoch  13/100 | Train Loss 5.1908 Acc 0.9982 | Val Loss 5.0737 Acc 0.9903 AUC 0.9992 Pre 0.9902 Rec 0.9902
2026-09-06 05:46:44 | Val AUC did not improve for 10 consecutive epochs, early stopping at Epoch 13 (best AUC 0.9995 @ Epoch 3)
2026-09-06 05:46:44 | Run 5/5 | Test (best model @ Epoch 3) | Loss 5.0811 Acc 0.9895 AUC 0.9999 Pre 0.9895 Rec 0.9894
2026-09-06 05:46:44 | Average over 5 runs | Test Loss 5.0779±0.0033 Acc 0.9910±0.0010 AUC 0.9998±0.0001 Pre 0.9910±0.0010 Rec 0.9909±0.0010
