2026-09-01 19:42:48 | Device: cuda
2026-09-01 19:42:48 | Args: {'model': 'opb', 'backbone': 'rnn', 'task': 'agnews', 'epochs': 100, 'batch_size': 512, 'lr': 0.001, 'hidden_dims': [512, 256], 'dropout': 0.2, 'z_dim': 256, 'anchor_scale': 16.0, 'energy_classifier': False, 'max_len': 250, 'random_labels': False, 'beta': 0.001, 'patience': 10, 'runs': 5, 'seed': 0, 'data_dir': './data', 'save_path': 'output/agnews_rnn_opb/agnews_rnn_opb.pt', 'log_path': '/root/autodl-tmp/IB/tune_results/agnews_rnn_opb_beta_0.001_anchor_16/train.log', 'no_save': True}
2026-09-01 19:42:48 | AG News 特征文件：agnews_bert_base_layer10_pca50_features.npy（input_dim=50）
2026-09-01 19:42:48 | AG News 预处理缓存：mmap 共享 ./data/agnews/agnews_bert_base_layer10_pca50_features_fp32.npy
2026-09-01 19:42:48 | AG News BERT 特征划分（60/20/20 分层）：train 76560 / val 25520 / test 25520（共 127600 条）
2026-09-01 19:42:48 | ===== Run 1/5 (seed 0) =====
2026-09-01 19:43:22 | Epoch   1/100 | Train Loss 0.7146 Acc 0.7788 | Val Loss 0.5012 Acc 0.8505 AUC 0.9584 Pre 0.8658 Rec 0.8505
2026-09-01 19:43:22 |   Val AUC improved to 0.9584, model saved
2026-09-01 19:43:52 | Epoch   2/100 | Train Loss 0.4807 Acc 0.8556 | Val Loss 0.3797 Acc 0.8809 AUC 0.9740 Pre 0.8818 Rec 0.8809
2026-09-01 19:43:52 |   Val AUC improved to 0.9740, model saved
2026-09-01 19:44:21 | Epoch   3/100 | Train Loss 0.3631 Acc 0.8861 | Val Loss 0.3314 Acc 0.8928 AUC 0.9787 Pre 0.8969 Rec 0.8928
2026-09-01 19:44:21 |   Val AUC improved to 0.9787, model saved
2026-09-01 19:44:50 | Epoch   4/100 | Train Loss 0.3237 Acc 0.8961 | Val Loss 0.2973 Acc 0.8998 AUC 0.9817 Pre 0.8998 Rec 0.8998
2026-09-01 19:44:50 |   Val AUC improved to 0.9817, model saved
2026-09-01 19:45:10 | Epoch   5/100 | Train Loss 0.3050 Acc 0.9018 | Val Loss 0.2889 Acc 0.9033 AUC 0.9829 Pre 0.9043 Rec 0.9033
2026-09-01 19:45:10 |   Val AUC improved to 0.9829, model saved
2026-09-01 19:45:27 | Epoch   6/100 | Train Loss 0.2893 Acc 0.9063 | Val Loss 0.2730 Acc 0.9096 AUC 0.9846 Pre 0.9114 Rec 0.9096
2026-09-01 19:45:27 |   Val AUC improved to 0.9846, model saved
2026-09-01 19:45:45 | Epoch   7/100 | Train Loss 0.2729 Acc 0.9123 | Val Loss 0.2570 Acc 0.9140 AUC 0.9863 Pre 0.9144 Rec 0.9140
2026-09-01 19:45:45 |   Val AUC improved to 0.9863, model saved
2026-09-01 19:46:02 | Epoch   8/100 | Train Loss 0.2539 Acc 0.9165 | Val Loss 0.2432 Acc 0.9172 AUC 0.9874 Pre 0.9174 Rec 0.9172
2026-09-01 19:46:02 |   Val AUC improved to 0.9874, model saved
2026-09-01 19:46:30 | Epoch   9/100 | Train Loss 0.2415 Acc 0.9206 | Val Loss 0.2408 Acc 0.9188 AUC 0.9878 Pre 0.9200 Rec 0.9188
2026-09-01 19:46:30 |   Val AUC improved to 0.9878, model saved
2026-09-01 19:46:59 | Epoch  10/100 | Train Loss 0.2270 Acc 0.9259 | Val Loss 0.2368 Acc 0.9216 AUC 0.9880 Pre 0.9218 Rec 0.9216
2026-09-01 19:46:59 |   Val AUC improved to 0.9880, model saved
2026-09-01 19:47:27 | Epoch  11/100 | Train Loss 0.2169 Acc 0.9289 | Val Loss 0.2294 Acc 0.9225 AUC 0.9887 Pre 0.9227 Rec 0.9225
2026-09-01 19:47:28 |   Val AUC improved to 0.9887, model saved
2026-09-01 19:47:56 | Epoch  12/100 | Train Loss 0.2069 Acc 0.9310 | Val Loss 0.2298 Acc 0.9217 AUC 0.9886 Pre 0.9227 Rec 0.9217
2026-09-01 19:48:25 | Epoch  13/100 | Train Loss 0.1956 Acc 0.9351 | Val Loss 0.2272 Acc 0.9237 AUC 0.9888 Pre 0.9259 Rec 0.9237
2026-09-01 19:48:25 |   Val AUC improved to 0.9888, model saved
2026-09-01 19:48:54 | Epoch  14/100 | Train Loss 0.1858 Acc 0.9387 | Val Loss 0.2322 Acc 0.9237 AUC 0.9889 Pre 0.9242 Rec 0.9237
2026-09-01 19:48:54 |   Val AUC improved to 0.9889, model saved
2026-09-01 19:49:22 | Epoch  15/100 | Train Loss 0.1770 Acc 0.9413 | Val Loss 0.2317 Acc 0.9215 AUC 0.9890 Pre 0.9216 Rec 0.9215
2026-09-01 19:49:22 |   Val AUC improved to 0.9890, model saved
2026-09-01 19:49:52 | Epoch  16/100 | Train Loss 0.1645 Acc 0.9464 | Val Loss 0.2342 Acc 0.9237 AUC 0.9887 Pre 0.9255 Rec 0.9237
2026-09-01 19:50:20 | Epoch  17/100 | Train Loss 0.1566 Acc 0.9496 | Val Loss 0.2312 Acc 0.9240 AUC 0.9886 Pre 0.9248 Rec 0.9240
2026-09-01 19:50:49 | Epoch  18/100 | Train Loss 0.1463 Acc 0.9526 | Val Loss 0.2432 Acc 0.9226 AUC 0.9887 Pre 0.9239 Rec 0.9226
2026-09-01 19:51:17 | Epoch  19/100 | Train Loss 0.1354 Acc 0.9562 | Val Loss 0.2461 Acc 0.9214 AUC 0.9881 Pre 0.9219 Rec 0.9214
2026-09-01 19:51:46 | Epoch  20/100 | Train Loss 0.1268 Acc 0.9593 | Val Loss 0.2490 Acc 0.9234 AUC 0.9885 Pre 0.9238 Rec 0.9234
2026-09-01 19:52:14 | Epoch  21/100 | Train Loss 0.1157 Acc 0.9635 | Val Loss 0.2601 Acc 0.9220 AUC 0.9875 Pre 0.9232 Rec 0.9220
2026-09-01 19:52:42 | Epoch  22/100 | Train Loss 0.1079 Acc 0.9661 | Val Loss 0.2780 Acc 0.9232 AUC 0.9874 Pre 0.9232 Rec 0.9232
2026-09-01 19:53:12 | Epoch  23/100 | Train Loss 0.0960 Acc 0.9709 | Val Loss 0.2744 Acc 0.9242 AUC 0.9875 Pre 0.9248 Rec 0.9242
2026-09-01 19:53:40 | Epoch  24/100 | Train Loss 0.0902 Acc 0.9725 | Val Loss 0.2913 Acc 0.9207 AUC 0.9867 Pre 0.9212 Rec 0.9207
2026-09-01 19:54:09 | Epoch  25/100 | Train Loss 0.0796 Acc 0.9770 | Val Loss 0.3262 Acc 0.9184 AUC 0.9860 Pre 0.9192 Rec 0.9184
2026-09-01 19:54:09 | Val AUC did not improve for 10 consecutive epochs, early stopping at Epoch 25 (best AUC 0.9890 @ Epoch 15)
2026-09-01 19:54:15 | Run 1/5 | Test (best model @ Epoch 15) | Loss 0.2223 Acc 0.9249 AUC 0.9900 Pre 0.9250 Rec 0.9249
2026-09-01 19:54:15 | ===== Run 2/5 (seed 1) =====
2026-09-01 19:54:44 | Epoch   1/100 | Train Loss 0.6586 Acc 0.7922 | Val Loss 0.4178 Acc 0.8736 AUC 0.9668 Pre 0.8750 Rec 0.8736
2026-09-01 19:54:44 |   Val AUC improved to 0.9668, model saved
2026-09-01 19:55:11 | Epoch   2/100 | Train Loss 0.4104 Acc 0.8781 | Val Loss 0.3508 Acc 0.8882 AUC 0.9750 Pre 0.8877 Rec 0.8882
2026-09-01 19:55:11 |   Val AUC improved to 0.9750, model saved
2026-09-01 19:55:40 | Epoch   3/100 | Train Loss 0.3547 Acc 0.8912 | Val Loss 0.3367 Acc 0.8931 AUC 0.9783 Pre 0.8946 Rec 0.8931
2026-09-01 19:55:40 |   Val AUC improved to 0.9783, model saved
2026-09-01 19:56:08 | Epoch   4/100 | Train Loss 0.3422 Acc 0.8949 | Val Loss 0.3130 Acc 0.8984 AUC 0.9801 Pre 0.9007 Rec 0.8984
2026-09-01 19:56:08 |   Val AUC improved to 0.9801, model saved
2026-09-01 19:56:36 | Epoch   5/100 | Train Loss 0.3119 Acc 0.9013 | Val Loss 0.2913 Acc 0.9054 AUC 0.9827 Pre 0.9060 Rec 0.9054
2026-09-01 19:56:37 |   Val AUC improved to 0.9827, model saved
2026-09-01 19:57:04 | Epoch   6/100 | Train Loss 0.2900 Acc 0.9085 | Val Loss 0.2720 Acc 0.9114 AUC 0.9845 Pre 0.9119 Rec 0.9114
2026-09-01 19:57:05 |   Val AUC improved to 0.9845, model saved
2026-09-01 19:57:33 | Epoch   7/100 | Train Loss 0.2761 Acc 0.9119 | Val Loss 0.2691 Acc 0.9113 AUC 0.9849 Pre 0.9122 Rec 0.9113
2026-09-01 19:57:33 |   Val AUC improved to 0.9849, model saved
2026-09-01 19:58:00 | Epoch   8/100 | Train Loss 0.2577 Acc 0.9164 | Val Loss 0.2622 Acc 0.9088 AUC 0.9861 Pre 0.9097 Rec 0.9088
2026-09-01 19:58:00 |   Val AUC improved to 0.9861, model saved
2026-09-01 19:58:29 | Epoch   9/100 | Train Loss 0.2408 Acc 0.9206 | Val Loss 0.2452 Acc 0.9208 AUC 0.9877 Pre 0.9210 Rec 0.9208
2026-09-01 19:58:29 |   Val AUC improved to 0.9877, model saved
2026-09-01 19:58:58 | Epoch  10/100 | Train Loss 0.2222 Acc 0.9274 | Val Loss 0.2373 Acc 0.9216 AUC 0.9881 Pre 0.9221 Rec 0.9216
2026-09-01 19:58:58 |   Val AUC improved to 0.9881, model saved
2026-09-01 19:59:27 | Epoch  11/100 | Train Loss 0.2093 Acc 0.9318 | Val Loss 0.2315 Acc 0.9230 AUC 0.9886 Pre 0.9233 Rec 0.9230
2026-09-01 19:59:27 |   Val AUC improved to 0.9886, model saved
2026-09-01 19:59:55 | Epoch  12/100 | Train Loss 0.1974 Acc 0.9356 | Val Loss 0.2305 Acc 0.9224 AUC 0.9885 Pre 0.9231 Rec 0.9224
2026-09-01 20:00:23 | Epoch  13/100 | Train Loss 0.1849 Acc 0.9394 | Val Loss 0.2301 Acc 0.9260 AUC 0.9891 Pre 0.9261 Rec 0.9260
2026-09-01 20:00:23 |   Val AUC improved to 0.9891, model saved
2026-09-01 20:00:51 | Epoch  14/100 | Train Loss 0.1725 Acc 0.9449 | Val Loss 0.2431 Acc 0.9207 AUC 0.9885 Pre 0.9208 Rec 0.9207
2026-09-01 20:01:20 | Epoch  15/100 | Train Loss 0.1598 Acc 0.9494 | Val Loss 0.2443 Acc 0.9225 AUC 0.9884 Pre 0.9232 Rec 0.9225
2026-09-01 20:01:48 | Epoch  16/100 | Train Loss 0.1529 Acc 0.9517 | Val Loss 0.2437 Acc 0.9234 AUC 0.9878 Pre 0.9238 Rec 0.9234
2026-09-01 20:02:17 | Epoch  17/100 | Train Loss 0.1372 Acc 0.9573 | Val Loss 0.2442 Acc 0.9252 AUC 0.9882 Pre 0.9261 Rec 0.9252
2026-09-01 20:02:46 | Epoch  18/100 | Train Loss 0.1265 Acc 0.9607 | Val Loss 0.2583 Acc 0.9228 AUC 0.9880 Pre 0.9233 Rec 0.9228
2026-09-01 20:03:15 | Epoch  19/100 | Train Loss 0.1175 Acc 0.9637 | Val Loss 0.2713 Acc 0.9248 AUC 0.9875 Pre 0.9250 Rec 0.9248
2026-09-01 20:03:44 | Epoch  20/100 | Train Loss 0.1062 Acc 0.9670 | Val Loss 0.2703 Acc 0.9225 AUC 0.9873 Pre 0.9225 Rec 0.9225
2026-09-01 20:04:13 | Epoch  21/100 | Train Loss 0.0971 Acc 0.9704 | Val Loss 0.2769 Acc 0.9208 AUC 0.9873 Pre 0.9211 Rec 0.9208
2026-09-01 20:04:41 | Epoch  22/100 | Train Loss 0.0839 Acc 0.9749 | Val Loss 0.2976 Acc 0.9196 AUC 0.9861 Pre 0.9200 Rec 0.9196
2026-09-01 20:05:10 | Epoch  23/100 | Train Loss 0.0776 Acc 0.9776 | Val Loss 0.3059 Acc 0.9199 AUC 0.9857 Pre 0.9203 Rec 0.9199
2026-09-01 20:05:10 | Val AUC did not improve for 10 consecutive epochs, early stopping at Epoch 23 (best AUC 0.9891 @ Epoch 13)
2026-09-01 20:05:15 | Run 2/5 | Test (best model @ Epoch 13) | Loss 0.2216 Acc 0.9276 AUC 0.9900 Pre 0.9278 Rec 0.9276
2026-09-01 20:05:15 | ===== Run 3/5 (seed 2) =====
2026-09-01 20:05:43 | Epoch   1/100 | Train Loss 0.7001 Acc 0.7699 | Val Loss 0.4100 Acc 0.8808 AUC 0.9683 Pre 0.8819 Rec 0.8808
2026-09-01 20:05:43 |   Val AUC improved to 0.9683, model saved
2026-09-01 20:06:09 | Epoch   2/100 | Train Loss 0.4006 Acc 0.8780 | Val Loss 0.3330 Acc 0.8949 AUC 0.9779 Pre 0.8958 Rec 0.8949
2026-09-01 20:06:09 |   Val AUC improved to 0.9779, model saved
2026-09-01 20:06:39 | Epoch   3/100 | Train Loss 0.3381 Acc 0.8941 | Val Loss 0.3188 Acc 0.8984 AUC 0.9799 Pre 0.8982 Rec 0.8984
2026-09-01 20:06:39 |   Val AUC improved to 0.9799, model saved
2026-09-01 20:07:08 | Epoch   4/100 | Train Loss 0.3184 Acc 0.8996 | Val Loss 0.2848 Acc 0.9061 AUC 0.9835 Pre 0.9064 Rec 0.9061
2026-09-01 20:07:08 |   Val AUC improved to 0.9835, model saved
2026-09-01 20:07:36 | Epoch   5/100 | Train Loss 0.2925 Acc 0.9063 | Val Loss 0.2753 Acc 0.9079 AUC 0.9841 Pre 0.9095 Rec 0.9079
2026-09-01 20:07:36 |   Val AUC improved to 0.9841, model saved
2026-09-01 20:08:05 | Epoch   6/100 | Train Loss 0.2759 Acc 0.9111 | Val Loss 0.2608 Acc 0.9125 AUC 0.9861 Pre 0.9126 Rec 0.9125
2026-09-01 20:08:05 |   Val AUC improved to 0.9861, model saved
2026-09-01 20:08:33 | Epoch   7/100 | Train Loss 0.2596 Acc 0.9154 | Val Loss 0.2521 Acc 0.9164 AUC 0.9869 Pre 0.9166 Rec 0.9164
2026-09-01 20:08:33 |   Val AUC improved to 0.9869, model saved
2026-09-01 20:09:02 | Epoch   8/100 | Train Loss 0.2447 Acc 0.9191 | Val Loss 0.2411 Acc 0.9176 AUC 0.9880 Pre 0.9174 Rec 0.9176
2026-09-01 20:09:02 |   Val AUC improved to 0.9880, model saved
2026-09-01 20:09:28 | Epoch   9/100 | Train Loss 0.2310 Acc 0.9242 | Val Loss 0.2379 Acc 0.9210 AUC 0.9884 Pre 0.9233 Rec 0.9210
2026-09-01 20:09:28 |   Val AUC improved to 0.9884, model saved
2026-09-01 20:09:58 | Epoch  10/100 | Train Loss 0.2214 Acc 0.9268 | Val Loss 0.2334 Acc 0.9217 AUC 0.9885 Pre 0.9229 Rec 0.9217
2026-09-01 20:09:58 |   Val AUC improved to 0.9885, model saved
2026-09-01 20:10:27 | Epoch  11/100 | Train Loss 0.2106 Acc 0.9313 | Val Loss 0.2326 Acc 0.9224 AUC 0.9888 Pre 0.9225 Rec 0.9224
2026-09-01 20:10:27 |   Val AUC improved to 0.9888, model saved
2026-09-01 20:10:55 | Epoch  12/100 | Train Loss 0.2019 Acc 0.9337 | Val Loss 0.2339 Acc 0.9231 AUC 0.9888 Pre 0.9246 Rec 0.9231
2026-09-01 20:11:25 | Epoch  13/100 | Train Loss 0.1933 Acc 0.9373 | Val Loss 0.2367 Acc 0.9252 AUC 0.9890 Pre 0.9250 Rec 0.9252
2026-09-01 20:11:25 |   Val AUC improved to 0.9890, model saved
2026-09-01 20:11:53 | Epoch  14/100 | Train Loss 0.1816 Acc 0.9406 | Val Loss 0.2264 Acc 0.9254 AUC 0.9889 Pre 0.9257 Rec 0.9254
2026-09-01 20:12:23 | Epoch  15/100 | Train Loss 0.1714 Acc 0.9447 | Val Loss 0.2320 Acc 0.9214 AUC 0.9890 Pre 0.9250 Rec 0.9214
2026-09-01 20:12:23 |   Val AUC improved to 0.9890, model saved
2026-09-01 20:12:52 | Epoch  16/100 | Train Loss 0.1604 Acc 0.9485 | Val Loss 0.2327 Acc 0.9262 AUC 0.9889 Pre 0.9280 Rec 0.9262
2026-09-01 20:13:21 | Epoch  17/100 | Train Loss 0.1521 Acc 0.9506 | Val Loss 0.2439 Acc 0.9235 AUC 0.9887 Pre 0.9250 Rec 0.9235
2026-09-01 20:13:52 | Epoch  18/100 | Train Loss 0.1457 Acc 0.9526 | Val Loss 0.2424 Acc 0.9219 AUC 0.9884 Pre 0.9217 Rec 0.9219
2026-09-01 20:14:21 | Epoch  19/100 | Train Loss 0.1324 Acc 0.9575 | Val Loss 0.2532 Acc 0.9213 AUC 0.9878 Pre 0.9220 Rec 0.9213
2026-09-01 20:14:50 | Epoch  20/100 | Train Loss 0.1239 Acc 0.9607 | Val Loss 0.2609 Acc 0.9237 AUC 0.9879 Pre 0.9238 Rec 0.9237
2026-09-01 20:15:20 | Epoch  21/100 | Train Loss 0.1134 Acc 0.9639 | Val Loss 0.2527 Acc 0.9208 AUC 0.9875 Pre 0.9213 Rec 0.9208
2026-09-01 20:15:49 | Epoch  22/100 | Train Loss 0.1019 Acc 0.9680 | Val Loss 0.2937 Acc 0.9221 AUC 0.9867 Pre 0.9223 Rec 0.9221
2026-09-01 20:16:19 | Epoch  23/100 | Train Loss 0.0954 Acc 0.9703 | Val Loss 0.2854 Acc 0.9219 AUC 0.9864 Pre 0.9221 Rec 0.9219
2026-09-01 20:16:48 | Epoch  24/100 | Train Loss 0.0855 Acc 0.9736 | Val Loss 0.3016 Acc 0.9190 AUC 0.9861 Pre 0.9191 Rec 0.9190
2026-09-01 20:17:17 | Epoch  25/100 | Train Loss 0.0814 Acc 0.9751 | Val Loss 0.3076 Acc 0.9212 AUC 0.9863 Pre 0.9212 Rec 0.9212
2026-09-01 20:17:17 | Val AUC did not improve for 10 consecutive epochs, early stopping at Epoch 25 (best AUC 0.9890 @ Epoch 15)
2026-09-01 20:17:23 | Run 3/5 | Test (best model @ Epoch 15) | Loss 0.2198 Acc 0.9245 AUC 0.9901 Pre 0.9275 Rec 0.9245
2026-09-01 20:17:23 | ===== Run 4/5 (seed 3) =====
2026-09-01 20:17:50 | Epoch   1/100 | Train Loss 0.6839 Acc 0.7921 | Val Loss 0.4208 Acc 0.8815 AUC 0.9681 Pre 0.8823 Rec 0.8815
2026-09-01 20:17:50 |   Val AUC improved to 0.9681, model saved
2026-09-01 20:18:09 | Epoch   2/100 | Train Loss 0.3945 Acc 0.8835 | Val Loss 0.3534 Acc 0.8913 AUC 0.9752 Pre 0.8918 Rec 0.8913
2026-09-01 20:18:09 |   Val AUC improved to 0.9752, model saved
2026-09-01 20:18:36 | Epoch   3/100 | Train Loss 0.3762 Acc 0.8824 | Val Loss 0.3499 Acc 0.8857 AUC 0.9772 Pre 0.8881 Rec 0.8857
2026-09-01 20:18:36 |   Val AUC improved to 0.9772, model saved
2026-09-01 20:19:06 | Epoch   4/100 | Train Loss 0.3444 Acc 0.8931 | Val Loss 0.3158 Acc 0.8920 AUC 0.9813 Pre 0.8985 Rec 0.8920
2026-09-01 20:19:06 |   Val AUC improved to 0.9813, model saved
2026-09-01 20:19:34 | Epoch   5/100 | Train Loss 0.3066 Acc 0.9019 | Val Loss 0.2818 Acc 0.9083 AUC 0.9838 Pre 0.9099 Rec 0.9083
2026-09-01 20:19:34 |   Val AUC improved to 0.9838, model saved
2026-09-01 20:20:03 | Epoch   6/100 | Train Loss 0.3008 Acc 0.9045 | Val Loss 0.2846 Acc 0.9055 AUC 0.9839 Pre 0.9080 Rec 0.9055
2026-09-01 20:20:03 |   Val AUC improved to 0.9839, model saved
2026-09-01 20:20:32 | Epoch   7/100 | Train Loss 0.2793 Acc 0.9097 | Val Loss 0.2640 Acc 0.9116 AUC 0.9854 Pre 0.9123 Rec 0.9116
2026-09-01 20:20:32 |   Val AUC improved to 0.9854, model saved
2026-09-01 20:21:01 | Epoch   8/100 | Train Loss 0.2623 Acc 0.9163 | Val Loss 0.2582 Acc 0.9138 AUC 0.9862 Pre 0.9160 Rec 0.9138
2026-09-01 20:21:01 |   Val AUC improved to 0.9862, model saved
2026-09-01 20:21:30 | Epoch   9/100 | Train Loss 0.2481 Acc 0.9208 | Val Loss 0.2544 Acc 0.9142 AUC 0.9865 Pre 0.9153 Rec 0.9142
2026-09-01 20:21:30 |   Val AUC improved to 0.9865, model saved
2026-09-01 20:22:00 | Epoch  10/100 | Train Loss 0.2375 Acc 0.9237 | Val Loss 0.2589 Acc 0.9172 AUC 0.9868 Pre 0.9167 Rec 0.9172
2026-09-01 20:22:00 |   Val AUC improved to 0.9868, model saved
2026-09-01 20:22:28 | Epoch  11/100 | Train Loss 0.2257 Acc 0.9271 | Val Loss 0.2461 Acc 0.9172 AUC 0.9878 Pre 0.9174 Rec 0.9172
2026-09-01 20:22:28 |   Val AUC improved to 0.9878, model saved
2026-09-01 20:22:57 | Epoch  12/100 | Train Loss 0.2144 Acc 0.9307 | Val Loss 0.2486 Acc 0.9175 AUC 0.9878 Pre 0.9177 Rec 0.9175
2026-09-01 20:23:28 | Epoch  13/100 | Train Loss 0.2088 Acc 0.9329 | Val Loss 0.2369 Acc 0.9232 AUC 0.9884 Pre 0.9235 Rec 0.9232
2026-09-01 20:23:28 |   Val AUC improved to 0.9884, model saved
2026-09-01 20:23:57 | Epoch  14/100 | Train Loss 0.1921 Acc 0.9384 | Val Loss 0.2359 Acc 0.9223 AUC 0.9883 Pre 0.9221 Rec 0.9223
2026-09-01 20:24:26 | Epoch  15/100 | Train Loss 0.1865 Acc 0.9400 | Val Loss 0.2383 Acc 0.9210 AUC 0.9885 Pre 0.9213 Rec 0.9210
2026-09-01 20:24:26 |   Val AUC improved to 0.9885, model saved
2026-09-01 20:24:55 | Epoch  16/100 | Train Loss 0.1750 Acc 0.9440 | Val Loss 0.2419 Acc 0.9214 AUC 0.9882 Pre 0.9222 Rec 0.9214
2026-09-01 20:25:24 | Epoch  17/100 | Train Loss 0.1642 Acc 0.9480 | Val Loss 0.2372 Acc 0.9233 AUC 0.9881 Pre 0.9241 Rec 0.9233
2026-09-01 20:25:54 | Epoch  18/100 | Train Loss 0.1694 Acc 0.9462 | Val Loss 0.2511 Acc 0.9218 AUC 0.9879 Pre 0.9217 Rec 0.9218
2026-09-01 20:26:23 | Epoch  19/100 | Train Loss 0.1635 Acc 0.9473 | Val Loss 0.2414 Acc 0.9236 AUC 0.9885 Pre 0.9236 Rec 0.9236
2026-09-01 20:26:52 | Epoch  20/100 | Train Loss 0.1355 Acc 0.9568 | Val Loss 0.2521 Acc 0.9249 AUC 0.9880 Pre 0.9252 Rec 0.9249
2026-09-01 20:27:19 | Epoch  21/100 | Train Loss 0.1216 Acc 0.9620 | Val Loss 0.2643 Acc 0.9242 AUC 0.9878 Pre 0.9241 Rec 0.9242
2026-09-01 20:27:47 | Epoch  22/100 | Train Loss 0.1080 Acc 0.9666 | Val Loss 0.2827 Acc 0.9222 AUC 0.9872 Pre 0.9222 Rec 0.9222
2026-09-01 20:28:14 | Epoch  23/100 | Train Loss 0.0951 Acc 0.9714 | Val Loss 0.2789 Acc 0.9244 AUC 0.9877 Pre 0.9243 Rec 0.9244
2026-09-01 20:28:41 | Epoch  24/100 | Train Loss 0.0850 Acc 0.9743 | Val Loss 0.2782 Acc 0.9239 AUC 0.9868 Pre 0.9239 Rec 0.9239
2026-09-01 20:29:10 | Epoch  25/100 | Train Loss 0.0757 Acc 0.9774 | Val Loss 0.2998 Acc 0.9177 AUC 0.9863 Pre 0.9189 Rec 0.9177
2026-09-01 20:29:10 | Val AUC did not improve for 10 consecutive epochs, early stopping at Epoch 25 (best AUC 0.9885 @ Epoch 15)
2026-09-01 20:29:16 | Run 4/5 | Test (best model @ Epoch 15) | Loss 0.2337 Acc 0.9241 AUC 0.9891 Pre 0.9246 Rec 0.9241
2026-09-01 20:29:16 | ===== Run 5/5 (seed 4) =====
2026-09-01 20:29:45 | Epoch   1/100 | Train Loss 0.8246 Acc 0.7145 | Val Loss 0.4569 Acc 0.8611 AUC 0.9652 Pre 0.8615 Rec 0.8611
2026-09-01 20:29:45 |   Val AUC improved to 0.9652, model saved
2026-09-01 20:30:13 | Epoch   2/100 | Train Loss 0.4260 Acc 0.8697 | Val Loss 0.3648 Acc 0.8855 AUC 0.9739 Pre 0.8883 Rec 0.8855
2026-09-01 20:30:13 |   Val AUC improved to 0.9739, model saved
2026-09-01 20:30:41 | Epoch   3/100 | Train Loss 0.3729 Acc 0.8827 | Val Loss 0.3384 Acc 0.8885 AUC 0.9773 Pre 0.8884 Rec 0.8885
2026-09-01 20:30:41 |   Val AUC improved to 0.9773, model saved
2026-09-01 20:31:10 | Epoch   4/100 | Train Loss 0.3472 Acc 0.8892 | Val Loss 0.3288 Acc 0.8929 AUC 0.9785 Pre 0.8941 Rec 0.8929
2026-09-01 20:31:10 |   Val AUC improved to 0.9785, model saved
2026-09-01 20:31:40 | Epoch   5/100 | Train Loss 0.3309 Acc 0.8943 | Val Loss 0.3065 Acc 0.8985 AUC 0.9810 Pre 0.9001 Rec 0.8985
2026-09-01 20:31:40 |   Val AUC improved to 0.9810, model saved
2026-09-01 20:32:09 | Epoch   6/100 | Train Loss 0.3156 Acc 0.8973 | Val Loss 0.3004 Acc 0.9016 AUC 0.9819 Pre 0.9026 Rec 0.9016
2026-09-01 20:32:09 |   Val AUC improved to 0.9819, model saved
2026-09-01 20:32:38 | Epoch   7/100 | Train Loss 0.3039 Acc 0.9007 | Val Loss 0.2914 Acc 0.9013 AUC 0.9828 Pre 0.9011 Rec 0.9013
2026-09-01 20:32:38 |   Val AUC improved to 0.9828, model saved
2026-09-01 20:33:07 | Epoch   8/100 | Train Loss 0.2937 Acc 0.9036 | Val Loss 0.2885 Acc 0.9056 AUC 0.9828 Pre 0.9073 Rec 0.9056
2026-09-01 20:33:07 |   Val AUC improved to 0.9828, model saved
2026-09-01 20:33:35 | Epoch   9/100 | Train Loss 0.2814 Acc 0.9073 | Val Loss 0.2765 Acc 0.9057 AUC 0.9844 Pre 0.9063 Rec 0.9057
2026-09-01 20:33:35 |   Val AUC improved to 0.9844, model saved
2026-09-01 20:34:05 | Epoch  10/100 | Train Loss 0.2714 Acc 0.9107 | Val Loss 0.2663 Acc 0.9093 AUC 0.9854 Pre 0.9094 Rec 0.9093
2026-09-01 20:34:05 |   Val AUC improved to 0.9854, model saved
2026-09-01 20:34:35 | Epoch  11/100 | Train Loss 0.2606 Acc 0.9146 | Val Loss 0.2584 Acc 0.9118 AUC 0.9861 Pre 0.9118 Rec 0.9118
2026-09-01 20:34:35 |   Val AUC improved to 0.9861, model saved
2026-09-01 20:35:04 | Epoch  12/100 | Train Loss 0.2483 Acc 0.9177 | Val Loss 0.2548 Acc 0.9127 AUC 0.9868 Pre 0.9134 Rec 0.9127
2026-09-01 20:35:04 |   Val AUC improved to 0.9868, model saved
2026-09-01 20:35:33 | Epoch  13/100 | Train Loss 0.2381 Acc 0.9213 | Val Loss 0.2494 Acc 0.9161 AUC 0.9872 Pre 0.9170 Rec 0.9161
2026-09-01 20:35:33 |   Val AUC improved to 0.9872, model saved
2026-09-01 20:36:01 | Epoch  14/100 | Train Loss 0.2317 Acc 0.9229 | Val Loss 0.2526 Acc 0.9165 AUC 0.9872 Pre 0.9183 Rec 0.9165
2026-09-01 20:36:01 |   Val AUC improved to 0.9872, model saved
2026-09-01 20:36:30 | Epoch  15/100 | Train Loss 0.2213 Acc 0.9258 | Val Loss 0.2421 Acc 0.9193 AUC 0.9878 Pre 0.9204 Rec 0.9193
2026-09-01 20:36:30 |   Val AUC improved to 0.9878, model saved
2026-09-01 20:37:00 | Epoch  16/100 | Train Loss 0.2135 Acc 0.9292 | Val Loss 0.2453 Acc 0.9174 AUC 0.9879 Pre 0.9170 Rec 0.9174
2026-09-01 20:37:00 |   Val AUC improved to 0.9879, model saved
2026-09-01 20:37:29 | Epoch  17/100 | Train Loss 0.2060 Acc 0.9320 | Val Loss 0.2425 Acc 0.9173 AUC 0.9880 Pre 0.9181 Rec 0.9173
2026-09-01 20:37:29 |   Val AUC improved to 0.9880, model saved
2026-09-01 20:37:59 | Epoch  18/100 | Train Loss 0.1959 Acc 0.9350 | Val Loss 0.2404 Acc 0.9191 AUC 0.9881 Pre 0.9190 Rec 0.9191
2026-09-01 20:37:59 |   Val AUC improved to 0.9881, model saved
2026-09-01 20:38:27 | Epoch  19/100 | Train Loss 0.1911 Acc 0.9360 | Val Loss 0.2335 Acc 0.9220 AUC 0.9886 Pre 0.9224 Rec 0.9220
2026-09-01 20:38:27 |   Val AUC improved to 0.9886, model saved
2026-09-01 20:38:57 | Epoch  20/100 | Train Loss 0.1830 Acc 0.9394 | Val Loss 0.2365 Acc 0.9217 AUC 0.9885 Pre 0.9217 Rec 0.9217
2026-09-01 20:39:27 | Epoch  21/100 | Train Loss 0.1767 Acc 0.9423 | Val Loss 0.2423 Acc 0.9203 AUC 0.9881 Pre 0.9207 Rec 0.9203
2026-09-01 20:39:56 | Epoch  22/100 | Train Loss 0.1707 Acc 0.9440 | Val Loss 0.2372 Acc 0.9225 AUC 0.9883 Pre 0.9227 Rec 0.9225
2026-09-01 20:40:25 | Epoch  23/100 | Train Loss 0.1620 Acc 0.9467 | Val Loss 0.2416 Acc 0.9196 AUC 0.9881 Pre 0.9212 Rec 0.9196
2026-09-01 20:40:53 | Epoch  24/100 | Train Loss 0.1552 Acc 0.9488 | Val Loss 0.2447 Acc 0.9216 AUC 0.9883 Pre 0.9231 Rec 0.9216
2026-09-01 20:41:22 | Epoch  25/100 | Train Loss 0.1464 Acc 0.9521 | Val Loss 0.2648 Acc 0.9186 AUC 0.9874 Pre 0.9189 Rec 0.9186
2026-09-01 20:41:52 | Epoch  26/100 | Train Loss 0.1459 Acc 0.9519 | Val Loss 0.2544 Acc 0.9224 AUC 0.9879 Pre 0.9228 Rec 0.9224
2026-09-01 20:42:21 | Epoch  27/100 | Train Loss 0.1359 Acc 0.9556 | Val Loss 0.2686 Acc 0.9175 AUC 0.9872 Pre 0.9177 Rec 0.9175
2026-09-01 20:42:51 | Epoch  28/100 | Train Loss 0.1325 Acc 0.9561 | Val Loss 0.2681 Acc 0.9208 AUC 0.9868 Pre 0.9222 Rec 0.9208
2026-09-01 20:43:20 | Epoch  29/100 | Train Loss 0.1230 Acc 0.9598 | Val Loss 0.2682 Acc 0.9210 AUC 0.9871 Pre 0.9215 Rec 0.9210
2026-09-01 20:43:20 | Val AUC did not improve for 10 consecutive epochs, early stopping at Epoch 29 (best AUC 0.9886 @ Epoch 19)
2026-09-01 20:43:25 | Run 5/5 | Test (best model @ Epoch 19) | Loss 0.2297 Acc 0.9251 AUC 0.9890 Pre 0.9256 Rec 0.9251
2026-09-01 20:43:25 | Average over 5 runs | Test Loss 0.2254±0.0060 Acc 0.9252±0.0014 AUC 0.9896±0.0005 Pre 0.9261±0.0014 Rec 0.9252±0.0014
