2026-08-27 17:41:34 | Device: cuda
2026-08-27 17:41:34 | Args: {'model': 'fgib', 'backbone': 'gnn', 'task': 'zinc', 'epochs': 100, 'batch_size': 128, 'lr': 0.001, 'hidden_dims': [512, 256], 'dropout': 0.2, 'z_dim': 256, 'anchor_scale': 2.0, 'max_len': 250, 'random_labels': False, 'beta': 10.0, 'patience': 10, 'runs': 5, 'seed': 0, 'data_dir': './data', 'save_path': 'output/zinc_gnn_fgib/zinc_gnn_fgib.pt', 'log_path': '/root/autodl-tmp/FGIB/tune_results/zinc_gnn_fgib_beta_10_anchor_2/train.log', 'no_save': True}
2026-08-27 17:41:35 | ZINC-12k 加载完成：10000/1000/1000 图（batch 128，官方划分），目标 MinMax 归一化到 [0,1]，节点特征 28 维
2026-08-27 17:41:35 | ===== Run 1/5 (seed 0) =====
2026-08-27 17:42:24 | Epoch   1/100 | Train Loss 4.2873 | Val Loss 1.8354 MAE 1.0442 R2 0.3809
2026-08-27 17:42:25 |   Val R2 improved to 0.3809, model saved
2026-08-27 17:43:13 | Epoch   2/100 | Train Loss 1.5420 | Val Loss 1.3439 MAE 1.3711 R2 0.2287
2026-08-27 17:43:58 | Epoch   3/100 | Train Loss 1.4138 | Val Loss 1.3456 MAE 0.8949 R2 0.5218
2026-08-27 17:43:59 |   Val R2 improved to 0.5218, model saved
2026-08-27 17:44:40 | Epoch   4/100 | Train Loss 1.3912 | Val Loss 1.3057 MAE 0.7865 R2 0.5691
2026-08-27 17:44:41 |   Val R2 improved to 0.5691, model saved
2026-08-27 17:45:27 | Epoch   5/100 | Train Loss 1.4121 | Val Loss 1.3599 MAE 0.9286 R2 0.5193
2026-08-27 17:46:12 | Epoch   6/100 | Train Loss 1.3878 | Val Loss 1.3633 MAE 0.7391 R2 0.5690
2026-08-27 17:46:52 | Epoch   7/100 | Train Loss 1.3761 | Val Loss 1.2907 MAE 0.7328 R2 0.5766
2026-08-27 17:46:53 |   Val R2 improved to 0.5766, model saved
2026-08-27 17:47:37 | Epoch   8/100 | Train Loss 1.3753 | Val Loss 1.2547 MAE 0.7510 R2 0.5712
2026-08-27 17:48:17 | Epoch   9/100 | Train Loss 1.3633 | Val Loss 1.2470 MAE 0.7560 R2 0.5690
2026-08-27 17:48:57 | Epoch  10/100 | Train Loss 1.3541 | Val Loss 1.2379 MAE 0.7410 R2 0.5598
2026-08-27 17:49:38 | Epoch  11/100 | Train Loss 1.3503 | Val Loss 1.2486 MAE 0.9004 R2 0.5419
2026-08-27 17:50:17 | Epoch  12/100 | Train Loss 1.3432 | Val Loss 1.2807 MAE 0.7990 R2 0.5069
2026-08-27 17:50:57 | Epoch  13/100 | Train Loss 1.3406 | Val Loss 1.2848 MAE 1.0650 R2 0.4620
2026-08-27 17:51:36 | Epoch  14/100 | Train Loss 1.3556 | Val Loss 1.2272 MAE 0.7630 R2 0.5847
2026-08-27 17:51:37 |   Val R2 improved to 0.5847, model saved
2026-08-27 17:52:16 | Epoch  15/100 | Train Loss 1.3386 | Val Loss 1.2350 MAE 0.7643 R2 0.5357
2026-08-27 17:52:57 | Epoch  16/100 | Train Loss 1.3382 | Val Loss 1.2611 MAE 0.7634 R2 0.5719
2026-08-27 17:53:38 | Epoch  17/100 | Train Loss 1.3444 | Val Loss 1.2381 MAE 0.8934 R2 0.4503
2026-08-27 17:54:21 | Epoch  18/100 | Train Loss 1.3444 | Val Loss 1.2385 MAE 0.8845 R2 0.5519
2026-08-27 17:55:07 | Epoch  19/100 | Train Loss 1.3375 | Val Loss 1.2310 MAE 0.7779 R2 0.5808
2026-08-27 17:55:56 | Epoch  20/100 | Train Loss 1.3425 | Val Loss 1.3413 MAE 1.5388 R2 0.1528
2026-08-27 17:56:46 | Epoch  21/100 | Train Loss 1.3410 | Val Loss 1.2358 MAE 0.8429 R2 0.5692
2026-08-27 17:57:36 | Epoch  22/100 | Train Loss 1.3269 | Val Loss 1.2192 MAE 0.7271 R2 0.5707
2026-08-27 17:58:23 | Epoch  23/100 | Train Loss 1.3300 | Val Loss 1.2853 MAE 1.8929 R2 -0.3054
2026-08-27 17:59:09 | Epoch  24/100 | Train Loss 1.3369 | Val Loss 1.2379 MAE 1.0502 R2 0.4689
2026-08-27 17:59:09 | Val R2 did not improve for 10 consecutive epochs, early stopping at Epoch 24 (best R2 0.5847 @ Epoch 14)
2026-08-27 17:59:13 | Run 1/5 | Test (best model @ Epoch 14) | Loss 1.6137 MAE 0.8255 R2 0.5819
2026-08-27 17:59:13 | ===== Run 2/5 (seed 1) =====
2026-08-27 17:59:55 | Epoch   1/100 | Train Loss 5.2211 | Val Loss 2.6369 MAE 1.0094 R2 0.3958
2026-08-27 17:59:56 |   Val R2 improved to 0.3958, model saved
2026-08-27 18:00:43 | Epoch   2/100 | Train Loss 2.3505 | Val Loss 2.0841 MAE 0.9386 R2 0.4120
2026-08-27 18:00:44 |   Val R2 improved to 0.4120, model saved
2026-08-27 18:01:30 | Epoch   3/100 | Train Loss 2.1781 | Val Loss 2.0396 MAE 1.0321 R2 0.4577
2026-08-27 18:01:31 |   Val R2 improved to 0.4577, model saved
2026-08-27 18:02:15 | Epoch   4/100 | Train Loss 2.1591 | Val Loss 2.2437 MAE 0.9040 R2 0.5274
2026-08-27 18:02:16 |   Val R2 improved to 0.5274, model saved
2026-08-27 18:03:00 | Epoch   5/100 | Train Loss 2.1832 | Val Loss 2.0486 MAE 0.7770 R2 0.5506
2026-08-27 18:03:01 |   Val R2 improved to 0.5506, model saved
2026-08-27 18:03:43 | Epoch   6/100 | Train Loss 2.1507 | Val Loss 1.9981 MAE 0.8666 R2 0.5387
2026-08-27 18:04:24 | Epoch   7/100 | Train Loss 2.1335 | Val Loss 1.9902 MAE 0.9459 R2 0.5166
2026-08-27 18:05:07 | Epoch   8/100 | Train Loss 2.1244 | Val Loss 1.9869 MAE 0.9420 R2 0.5153
2026-08-27 18:05:51 | Epoch   9/100 | Train Loss 2.1189 | Val Loss 1.9824 MAE 1.2350 R2 0.3610
2026-08-27 18:06:33 | Epoch  10/100 | Train Loss 2.1015 | Val Loss 1.9859 MAE 0.8198 R2 0.5588
2026-08-27 18:06:34 |   Val R2 improved to 0.5588, model saved
2026-08-27 18:07:16 | Epoch  11/100 | Train Loss 2.1102 | Val Loss 1.9981 MAE 0.8115 R2 0.5217
2026-08-27 18:08:03 | Epoch  12/100 | Train Loss 2.0917 | Val Loss 1.9727 MAE 0.7400 R2 0.5696
2026-08-27 18:08:03 |   Val R2 improved to 0.5696, model saved
2026-08-27 18:08:49 | Epoch  13/100 | Train Loss 2.1052 | Val Loss 1.9881 MAE 0.7831 R2 0.5640
2026-08-27 18:09:36 | Epoch  14/100 | Train Loss 2.0960 | Val Loss 2.0709 MAE 0.8182 R2 0.5799
2026-08-27 18:09:37 |   Val R2 improved to 0.5799, model saved
2026-08-27 18:10:24 | Epoch  15/100 | Train Loss 2.0993 | Val Loss 2.0370 MAE 1.5384 R2 0.1467
2026-08-27 18:11:08 | Epoch  16/100 | Train Loss 2.1018 | Val Loss 1.9712 MAE 0.8058 R2 0.5468
2026-08-27 18:11:56 | Epoch  17/100 | Train Loss 2.0751 | Val Loss 2.0085 MAE 0.7758 R2 0.5878
2026-08-27 18:11:57 |   Val R2 improved to 0.5878, model saved
2026-08-27 18:12:41 | Epoch  18/100 | Train Loss 2.0896 | Val Loss 1.9532 MAE 0.7600 R2 0.5230
2026-08-27 18:13:26 | Epoch  19/100 | Train Loss 2.0713 | Val Loss 1.9871 MAE 1.1606 R2 0.4262
2026-08-27 18:14:11 | Epoch  20/100 | Train Loss 2.0792 | Val Loss 1.9452 MAE 0.6835 R2 0.5862
2026-08-27 18:14:53 | Epoch  21/100 | Train Loss 2.0989 | Val Loss 1.9512 MAE 0.8221 R2 0.4811
2026-08-27 18:15:36 | Epoch  22/100 | Train Loss 2.0713 | Val Loss 1.9351 MAE 0.6888 R2 0.6098
2026-08-27 18:15:37 |   Val R2 improved to 0.6098, model saved
2026-08-27 18:16:20 | Epoch  23/100 | Train Loss 2.0614 | Val Loss 1.9459 MAE 0.9266 R2 0.4334
2026-08-27 18:17:02 | Epoch  24/100 | Train Loss 2.0688 | Val Loss 1.9393 MAE 0.6966 R2 0.5884
2026-08-27 18:17:48 | Epoch  25/100 | Train Loss 2.0733 | Val Loss 1.9887 MAE 1.0492 R2 0.4884
2026-08-27 18:18:33 | Epoch  26/100 | Train Loss 2.0701 | Val Loss 1.9708 MAE 0.7842 R2 0.5253
2026-08-27 18:19:19 | Epoch  27/100 | Train Loss 2.0703 | Val Loss 1.9303 MAE 0.7067 R2 0.5682
2026-08-27 18:20:01 | Epoch  28/100 | Train Loss 2.0762 | Val Loss 1.9666 MAE 0.8766 R2 0.5601
2026-08-27 18:20:44 | Epoch  29/100 | Train Loss 2.0568 | Val Loss 1.9617 MAE 0.9881 R2 0.4021
2026-08-27 18:21:28 | Epoch  30/100 | Train Loss 2.0530 | Val Loss 1.9967 MAE 1.6329 R2 0.0854
2026-08-27 18:22:11 | Epoch  31/100 | Train Loss 2.0639 | Val Loss 1.9471 MAE 1.1233 R2 0.4418
2026-08-27 18:22:55 | Epoch  32/100 | Train Loss 2.0670 | Val Loss 1.9424 MAE 0.7114 R2 0.5672
2026-08-27 18:22:55 | Val R2 did not improve for 10 consecutive epochs, early stopping at Epoch 32 (best R2 0.6098 @ Epoch 22)
2026-08-27 18:22:59 | Run 2/5 | Test (best model @ Epoch 22) | Loss 2.4070 MAE 0.7663 R2 0.5934
2026-08-27 18:22:59 | ===== Run 3/5 (seed 2) =====
2026-08-27 18:23:42 | Epoch   1/100 | Train Loss 4.2551 | Val Loss 1.8686 MAE 1.3422 R2 0.0243
2026-08-27 18:23:43 |   Val R2 improved to 0.0243, model saved
2026-08-27 18:24:28 | Epoch   2/100 | Train Loss 1.6575 | Val Loss 1.5021 MAE 1.1431 R2 0.3500
2026-08-27 18:24:29 |   Val R2 improved to 0.3500, model saved
2026-08-27 18:25:12 | Epoch   3/100 | Train Loss 1.5333 | Val Loss 1.4276 MAE 0.8387 R2 0.4915
2026-08-27 18:25:12 |   Val R2 improved to 0.4915, model saved
2026-08-27 18:25:59 | Epoch   4/100 | Train Loss 1.5231 | Val Loss 1.3822 MAE 0.8017 R2 0.5100
2026-08-27 18:25:59 |   Val R2 improved to 0.5100, model saved
2026-08-27 18:26:44 | Epoch   5/100 | Train Loss 1.4824 | Val Loss 1.3703 MAE 0.8300 R2 0.5496
2026-08-27 18:26:45 |   Val R2 improved to 0.5496, model saved
2026-08-27 18:27:30 | Epoch   6/100 | Train Loss 1.4755 | Val Loss 1.4057 MAE 0.7470 R2 0.5550
2026-08-27 18:27:31 |   Val R2 improved to 0.5550, model saved
2026-08-27 18:28:16 | Epoch   7/100 | Train Loss 1.4935 | Val Loss 1.4958 MAE 0.9952 R2 0.4893
2026-08-27 18:28:58 | Epoch   8/100 | Train Loss 1.4973 | Val Loss 1.3801 MAE 0.7734 R2 0.5414
2026-08-27 18:29:43 | Epoch   9/100 | Train Loss 1.4752 | Val Loss 1.3553 MAE 0.7723 R2 0.5591
2026-08-27 18:29:44 |   Val R2 improved to 0.5591, model saved
2026-08-27 18:30:27 | Epoch  10/100 | Train Loss 1.4633 | Val Loss 1.3472 MAE 0.7956 R2 0.5705
2026-08-27 18:30:27 |   Val R2 improved to 0.5705, model saved
2026-08-27 18:31:11 | Epoch  11/100 | Train Loss 1.4579 | Val Loss 1.3429 MAE 0.8674 R2 0.5594
2026-08-27 18:31:54 | Epoch  12/100 | Train Loss 1.4579 | Val Loss 1.3772 MAE 1.4901 R2 0.1994
2026-08-27 18:32:38 | Epoch  13/100 | Train Loss 1.4511 | Val Loss 1.4398 MAE 1.0189 R2 0.4921
2026-08-27 18:33:23 | Epoch  14/100 | Train Loss 1.4704 | Val Loss 1.3869 MAE 1.2860 R2 0.3436
2026-08-27 18:34:11 | Epoch  15/100 | Train Loss 1.4496 | Val Loss 1.3767 MAE 0.8177 R2 0.4886
2026-08-27 18:34:56 | Epoch  16/100 | Train Loss 1.4564 | Val Loss 1.3435 MAE 0.9378 R2 0.5285
2026-08-27 18:35:40 | Epoch  17/100 | Train Loss 1.4525 | Val Loss 1.3658 MAE 0.7624 R2 0.5270
2026-08-27 18:36:25 | Epoch  18/100 | Train Loss 1.4435 | Val Loss 1.4013 MAE 1.1464 R2 0.4361
2026-08-27 18:37:12 | Epoch  19/100 | Train Loss 1.4557 | Val Loss 1.3417 MAE 0.7829 R2 0.5889
2026-08-27 18:37:12 |   Val R2 improved to 0.5889, model saved
2026-08-27 18:38:01 | Epoch  20/100 | Train Loss 1.4380 | Val Loss 1.3345 MAE 0.6727 R2 0.6130
2026-08-27 18:38:02 |   Val R2 improved to 0.6130, model saved
2026-08-27 18:38:53 | Epoch  21/100 | Train Loss 1.4469 | Val Loss 1.3466 MAE 0.7071 R2 0.5895
2026-08-27 18:39:41 | Epoch  22/100 | Train Loss 1.4495 | Val Loss 1.4048 MAE 1.8454 R2 -0.0851
2026-08-27 18:40:31 | Epoch  23/100 | Train Loss 1.4508 | Val Loss 1.3482 MAE 0.8089 R2 0.5803
2026-08-27 18:41:19 | Epoch  24/100 | Train Loss 1.4438 | Val Loss 1.3322 MAE 0.7805 R2 0.5910
2026-08-27 18:42:10 | Epoch  25/100 | Train Loss 1.4320 | Val Loss 1.3847 MAE 0.7057 R2 0.5576
2026-08-27 18:42:59 | Epoch  26/100 | Train Loss 1.4404 | Val Loss 1.3517 MAE 1.2244 R2 0.3861
2026-08-27 18:43:45 | Epoch  27/100 | Train Loss 1.4330 | Val Loss 1.3344 MAE 0.6699 R2 0.5986
2026-08-27 18:44:35 | Epoch  28/100 | Train Loss 1.4347 | Val Loss 1.3508 MAE 1.1608 R2 0.4245
2026-08-27 18:45:19 | Epoch  29/100 | Train Loss 1.4312 | Val Loss 1.3431 MAE 0.8102 R2 0.5819
2026-08-27 18:46:05 | Epoch  30/100 | Train Loss 1.4302 | Val Loss 1.3574 MAE 0.9204 R2 0.5427
2026-08-27 18:46:05 | Val R2 did not improve for 10 consecutive epochs, early stopping at Epoch 30 (best R2 0.6130 @ Epoch 20)
2026-08-27 18:46:09 | Run 3/5 | Test (best model @ Epoch 20) | Loss 1.7046 MAE 0.7576 R2 0.5950
2026-08-27 18:46:09 | ===== Run 4/5 (seed 3) =====
2026-08-27 18:46:55 | Epoch   1/100 | Train Loss 4.4826 | Val Loss 1.8530 MAE 1.2140 R2 0.1132
2026-08-27 18:46:56 |   Val R2 improved to 0.1132, model saved
2026-08-27 18:47:39 | Epoch   2/100 | Train Loss 1.6722 | Val Loss 1.5388 MAE 1.2531 R2 0.3134
2026-08-27 18:47:40 |   Val R2 improved to 0.3134, model saved
2026-08-27 18:48:24 | Epoch   3/100 | Train Loss 1.5837 | Val Loss 1.4369 MAE 1.0153 R2 0.4777
2026-08-27 18:48:25 |   Val R2 improved to 0.4777, model saved
2026-08-27 18:49:11 | Epoch   4/100 | Train Loss 1.5490 | Val Loss 1.4286 MAE 0.8132 R2 0.5072
2026-08-27 18:49:12 |   Val R2 improved to 0.5072, model saved
2026-08-27 18:49:59 | Epoch   5/100 | Train Loss 1.5311 | Val Loss 1.4100 MAE 0.8935 R2 0.5402
2026-08-27 18:50:00 |   Val R2 improved to 0.5402, model saved
2026-08-27 18:50:45 | Epoch   6/100 | Train Loss 1.5169 | Val Loss 1.4197 MAE 0.7511 R2 0.5828
2026-08-27 18:50:46 |   Val R2 improved to 0.5828, model saved
2026-08-27 18:51:31 | Epoch   7/100 | Train Loss 1.5478 | Val Loss 1.3888 MAE 0.7765 R2 0.5733
2026-08-27 18:52:12 | Epoch   8/100 | Train Loss 1.5114 | Val Loss 1.3891 MAE 0.8676 R2 0.5501
2026-08-27 18:52:55 | Epoch   9/100 | Train Loss 1.4933 | Val Loss 1.5270 MAE 0.8154 R2 0.5801
2026-08-27 18:53:37 | Epoch  10/100 | Train Loss 1.5196 | Val Loss 1.3867 MAE 0.9472 R2 0.5119
2026-08-27 18:54:22 | Epoch  11/100 | Train Loss 1.4932 | Val Loss 1.3838 MAE 0.7852 R2 0.5867
2026-08-27 18:54:23 |   Val R2 improved to 0.5867, model saved
2026-08-27 18:55:09 | Epoch  12/100 | Train Loss 1.4854 | Val Loss 1.4453 MAE 0.7578 R2 0.5945
2026-08-27 18:55:10 |   Val R2 improved to 0.5945, model saved
2026-08-27 18:55:48 | Epoch  13/100 | Train Loss 1.5003 | Val Loss 1.3660 MAE 0.8203 R2 0.5780
2026-08-27 18:56:27 | Epoch  14/100 | Train Loss 1.4985 | Val Loss 1.4187 MAE 0.8719 R2 0.4607
2026-08-27 18:57:10 | Epoch  15/100 | Train Loss 1.4867 | Val Loss 1.3866 MAE 0.6994 R2 0.5871
2026-08-27 18:57:52 | Epoch  16/100 | Train Loss 1.4887 | Val Loss 1.3838 MAE 0.7410 R2 0.5453
2026-08-27 18:58:34 | Epoch  17/100 | Train Loss 1.4853 | Val Loss 1.3640 MAE 0.6859 R2 0.5966
2026-08-27 18:58:34 |   Val R2 improved to 0.5966, model saved
2026-08-27 18:59:17 | Epoch  18/100 | Train Loss 1.4768 | Val Loss 1.3891 MAE 0.7587 R2 0.5985
2026-08-27 18:59:17 |   Val R2 improved to 0.5985, model saved
2026-08-27 18:59:59 | Epoch  19/100 | Train Loss 1.4820 | Val Loss 1.3707 MAE 1.1658 R2 0.4202
2026-08-27 19:00:40 | Epoch  20/100 | Train Loss 1.4910 | Val Loss 1.3719 MAE 0.9766 R2 0.5118
2026-08-27 19:01:19 | Epoch  21/100 | Train Loss 1.4731 | Val Loss 1.3634 MAE 0.9276 R2 0.5367
2026-08-27 19:02:03 | Epoch  22/100 | Train Loss 1.4769 | Val Loss 1.3843 MAE 0.8175 R2 0.5781
2026-08-27 19:02:49 | Epoch  23/100 | Train Loss 1.4719 | Val Loss 1.4152 MAE 1.3036 R2 0.3326
2026-08-27 19:03:29 | Epoch  24/100 | Train Loss 1.4719 | Val Loss 1.3595 MAE 0.6797 R2 0.5838
2026-08-27 19:04:06 | Epoch  25/100 | Train Loss 1.4755 | Val Loss 1.3698 MAE 0.7179 R2 0.5765
2026-08-27 19:04:43 | Epoch  26/100 | Train Loss 1.4644 | Val Loss 1.4028 MAE 0.7599 R2 0.5913
2026-08-27 19:05:19 | Epoch  27/100 | Train Loss 1.4752 | Val Loss 1.3694 MAE 1.3267 R2 0.3272
2026-08-27 19:05:59 | Epoch  28/100 | Train Loss 1.4641 | Val Loss 1.3984 MAE 0.7241 R2 0.5530
2026-08-27 19:05:59 | Val R2 did not improve for 10 consecutive epochs, early stopping at Epoch 28 (best R2 0.5985 @ Epoch 18)
2026-08-27 19:06:03 | Run 4/5 | Test (best model @ Epoch 18) | Loss 1.7775 MAE 0.8248 R2 0.5908
2026-08-27 19:06:03 | ===== Run 5/5 (seed 4) =====
2026-08-27 19:06:42 | Epoch   1/100 | Train Loss 4.5370 | Val Loss 2.0914 MAE 0.9939 R2 0.4055
2026-08-27 19:06:43 |   Val R2 improved to 0.4055, model saved
2026-08-27 19:07:23 | Epoch   2/100 | Train Loss 1.8413 | Val Loss 1.6178 MAE 1.0906 R2 0.4006
2026-08-27 19:08:04 | Epoch   3/100 | Train Loss 1.7137 | Val Loss 1.6791 MAE 0.9639 R2 0.4805
2026-08-27 19:08:04 |   Val R2 improved to 0.4805, model saved
2026-08-27 19:08:47 | Epoch   4/100 | Train Loss 1.7174 | Val Loss 1.7008 MAE 0.8310 R2 0.4990
2026-08-27 19:08:47 |   Val R2 improved to 0.4990, model saved
2026-08-27 19:09:23 | Epoch   5/100 | Train Loss 1.7173 | Val Loss 1.6120 MAE 1.1725 R2 0.3858
2026-08-27 19:10:02 | Epoch   6/100 | Train Loss 1.7044 | Val Loss 1.5767 MAE 0.8925 R2 0.5293
2026-08-27 19:10:02 |   Val R2 improved to 0.5293, model saved
2026-08-27 19:10:39 | Epoch   7/100 | Train Loss 1.6704 | Val Loss 1.5991 MAE 1.0268 R2 0.4681
2026-08-27 19:11:20 | Epoch   8/100 | Train Loss 1.6742 | Val Loss 1.5841 MAE 0.8681 R2 0.5407
2026-08-27 19:11:20 |   Val R2 improved to 0.5407, model saved
2026-08-27 19:12:04 | Epoch   9/100 | Train Loss 1.6676 | Val Loss 1.5383 MAE 0.7650 R2 0.5637
2026-08-27 19:12:04 |   Val R2 improved to 0.5637, model saved
2026-08-27 19:12:46 | Epoch  10/100 | Train Loss 1.6630 | Val Loss 1.5505 MAE 0.9665 R2 0.5063
2026-08-27 19:13:24 | Epoch  11/100 | Train Loss 1.6593 | Val Loss 1.5480 MAE 0.7834 R2 0.5444
2026-08-27 19:14:05 | Epoch  12/100 | Train Loss 1.6494 | Val Loss 1.6431 MAE 0.9235 R2 0.5081
2026-08-27 19:14:47 | Epoch  13/100 | Train Loss 1.6577 | Val Loss 1.5759 MAE 1.1101 R2 0.4321
2026-08-27 19:15:28 | Epoch  14/100 | Train Loss 1.6563 | Val Loss 1.5389 MAE 0.8136 R2 0.4973
2026-08-27 19:16:09 | Epoch  15/100 | Train Loss 1.6380 | Val Loss 1.5597 MAE 0.8309 R2 0.5598
2026-08-27 19:16:50 | Epoch  16/100 | Train Loss 1.6457 | Val Loss 1.5263 MAE 0.7786 R2 0.5197
2026-08-27 19:17:32 | Epoch  17/100 | Train Loss 1.6437 | Val Loss 1.5545 MAE 1.3767 R2 0.1009
2026-08-27 19:18:11 | Epoch  18/100 | Train Loss 1.6232 | Val Loss 1.5210 MAE 0.9146 R2 0.4304
2026-08-27 19:18:52 | Epoch  19/100 | Train Loss 1.6459 | Val Loss 1.5242 MAE 0.9418 R2 0.5235
2026-08-27 19:18:52 | Val R2 did not improve for 10 consecutive epochs, early stopping at Epoch 19 (best R2 0.5637 @ Epoch 9)
2026-08-27 19:18:55 | Run 5/5 | Test (best model @ Epoch 9) | Loss 1.9767 MAE 0.8317 R2 0.5598
2026-08-27 19:18:55 | Average over 5 runs | Test Loss 1.8959±0.3154 MAE 0.8012±0.0360 R2 0.5842±0.0145
