2026-08-26 20:19:59 | Device: cuda
2026-08-26 20:19:59 | Args: {'model': 'fgib', 'backbone': 'mlp', 'task': 'agedb', 'epochs': 100, 'batch_size': 512, 'lr': 0.001, 'hidden_dims': [512, 256], 'dropout': 0.2, 'z_dim': 256, 'anchor_scale': 6.0, 'max_len': 250, 'random_labels': False, 'beta': 0.01, 'patience': 10, 'runs': 5, 'seed': 0, 'data_dir': './data', 'save_path': 'output/agedb_mlp_fgib/agedb_mlp_fgib.pt', 'log_path': '/root/autodl-tmp/FGIB/tune_results/agedb_mlp_fgib_beta_0.01_anchor_6/train.log', 'no_save': True}
2026-08-26 20:19:59 | AgeDB 图像：16488 张，年龄 1~101 岁
2026-08-26 20:19:59 | AgeDB 划分（60/20/20）：train 9892 / val 3298 / test 3298（共 16488 张）
2026-08-26 20:19:59 | AgeDB 预解码缓存命中：./data/agedb/agedb_64x64_uint8.npy
2026-08-26 20:19:59 | AgeDB 加载完成：9892/3298/3298（batch 512，RGB 64x64，ImageNet 归一化），年龄 MinMax 归一化到 [0,1]（1~101 岁）
2026-08-26 20:19:59 | ===== Run 1/5 (seed 0) =====
2026-08-26 20:20:01 | Epoch   1/100 | Train Loss 6.6610 | Val Loss 0.3724 MAE 36.8968 R2 -4.9584
2026-08-26 20:20:01 |   Val R2 improved to -4.9584, model saved
2026-08-26 20:20:02 | Epoch   2/100 | Train Loss 0.3513 | Val Loss 0.3371 MAE 36.7218 R2 -4.6974
2026-08-26 20:20:02 |   Val R2 improved to -4.6974, model saved
2026-08-26 20:20:04 | Epoch   3/100 | Train Loss 0.2776 | Val Loss 0.2324 MAE 25.5241 R2 -2.0833
2026-08-26 20:20:04 |   Val R2 improved to -2.0833, model saved
2026-08-26 20:20:05 | Epoch   4/100 | Train Loss 0.2325 | Val Loss 0.2028 MAE 21.0865 R2 -1.2809
2026-08-26 20:20:05 |   Val R2 improved to -1.2809, model saved
2026-08-26 20:20:06 | Epoch   5/100 | Train Loss 0.2117 | Val Loss 0.1918 MAE 19.7985 R2 -1.0379
2026-08-26 20:20:06 |   Val R2 improved to -1.0379, model saved
2026-08-26 20:20:07 | Epoch   6/100 | Train Loss 0.2019 | Val Loss 0.1738 MAE 17.0247 R2 -0.5554
2026-08-26 20:20:07 |   Val R2 improved to -0.5554, model saved
2026-08-26 20:20:08 | Epoch   7/100 | Train Loss 0.1943 | Val Loss 0.1691 MAE 16.3756 R2 -0.4462
2026-08-26 20:20:08 |   Val R2 improved to -0.4462, model saved
2026-08-26 20:20:10 | Epoch   8/100 | Train Loss 0.1896 | Val Loss 0.1679 MAE 16.0673 R2 -0.3962
2026-08-26 20:20:10 |   Val R2 improved to -0.3962, model saved
2026-08-26 20:20:11 | Epoch   9/100 | Train Loss 0.1853 | Val Loss 0.1640 MAE 15.5071 R2 -0.3061
2026-08-26 20:20:11 |   Val R2 improved to -0.3061, model saved
2026-08-26 20:20:12 | Epoch  10/100 | Train Loss 0.1831 | Val Loss 0.1593 MAE 14.8133 R2 -0.1972
2026-08-26 20:20:12 |   Val R2 improved to -0.1972, model saved
2026-08-26 20:20:14 | Epoch  11/100 | Train Loss 0.1798 | Val Loss 0.1576 MAE 14.5059 R2 -0.1527
2026-08-26 20:20:14 |   Val R2 improved to -0.1527, model saved
2026-08-26 20:20:15 | Epoch  12/100 | Train Loss 0.1786 | Val Loss 0.1577 MAE 14.6780 R2 -0.1831
2026-08-26 20:20:16 | Epoch  13/100 | Train Loss 0.1767 | Val Loss 0.1558 MAE 14.3521 R2 -0.1281
2026-08-26 20:20:16 |   Val R2 improved to -0.1281, model saved
2026-08-26 20:20:17 | Epoch  14/100 | Train Loss 0.1745 | Val Loss 0.1575 MAE 14.7081 R2 -0.1897
2026-08-26 20:20:18 | Epoch  15/100 | Train Loss 0.1719 | Val Loss 0.1509 MAE 13.5759 R2 -0.0112
2026-08-26 20:20:18 |   Val R2 improved to -0.0112, model saved
2026-08-26 20:20:19 | Epoch  16/100 | Train Loss 0.1709 | Val Loss 0.1564 MAE 14.6468 R2 -0.1748
2026-08-26 20:20:20 | Epoch  17/100 | Train Loss 0.1690 | Val Loss 0.1517 MAE 13.6038 R2 -0.0176
2026-08-26 20:20:22 | Epoch  18/100 | Train Loss 0.1676 | Val Loss 0.1504 MAE 13.6152 R2 -0.0315
2026-08-26 20:20:23 | Epoch  19/100 | Train Loss 0.1650 | Val Loss 0.1526 MAE 14.0966 R2 -0.1067
2026-08-26 20:20:24 | Epoch  20/100 | Train Loss 0.1652 | Val Loss 0.1532 MAE 14.1442 R2 -0.1057
2026-08-26 20:20:25 | Epoch  21/100 | Train Loss 0.1623 | Val Loss 0.1467 MAE 12.9657 R2 0.0744
2026-08-26 20:20:25 |   Val R2 improved to 0.0744, model saved
2026-08-26 20:20:26 | Epoch  22/100 | Train Loss 0.1629 | Val Loss 0.1479 MAE 13.3583 R2 0.0100
2026-08-26 20:20:28 | Epoch  23/100 | Train Loss 0.1614 | Val Loss 0.1482 MAE 13.3349 R2 0.0170
2026-08-26 20:20:29 | Epoch  24/100 | Train Loss 0.1600 | Val Loss 0.1484 MAE 13.4595 R2 -0.0073
2026-08-26 20:20:30 | Epoch  25/100 | Train Loss 0.1594 | Val Loss 0.1463 MAE 13.0825 R2 0.0515
2026-08-26 20:20:31 | Epoch  26/100 | Train Loss 0.1575 | Val Loss 0.1457 MAE 13.0020 R2 0.0654
2026-08-26 20:20:32 | Epoch  27/100 | Train Loss 0.1554 | Val Loss 0.1454 MAE 12.9701 R2 0.0659
2026-08-26 20:20:34 | Epoch  28/100 | Train Loss 0.1566 | Val Loss 0.1489 MAE 13.6039 R2 -0.0252
2026-08-26 20:20:35 | Epoch  29/100 | Train Loss 0.1548 | Val Loss 0.1441 MAE 12.7393 R2 0.1026
2026-08-26 20:20:35 |   Val R2 improved to 0.1026, model saved
2026-08-26 20:20:36 | Epoch  30/100 | Train Loss 0.1525 | Val Loss 0.1454 MAE 13.0312 R2 0.0576
2026-08-26 20:20:37 | Epoch  31/100 | Train Loss 0.1528 | Val Loss 0.1446 MAE 12.8262 R2 0.0880
2026-08-26 20:20:38 | Epoch  32/100 | Train Loss 0.1524 | Val Loss 0.1434 MAE 12.5656 R2 0.1225
2026-08-26 20:20:38 |   Val R2 improved to 0.1225, model saved
2026-08-26 20:20:40 | Epoch  33/100 | Train Loss 0.1508 | Val Loss 0.1423 MAE 12.4430 R2 0.1425
2026-08-26 20:20:40 |   Val R2 improved to 0.1425, model saved
2026-08-26 20:20:41 | Epoch  34/100 | Train Loss 0.1496 | Val Loss 0.1413 MAE 12.2580 R2 0.1719
2026-08-26 20:20:41 |   Val R2 improved to 0.1719, model saved
2026-08-26 20:20:42 | Epoch  35/100 | Train Loss 0.1495 | Val Loss 0.1421 MAE 12.4218 R2 0.1383
2026-08-26 20:20:43 | Epoch  36/100 | Train Loss 0.1479 | Val Loss 0.1429 MAE 12.5906 R2 0.1248
2026-08-26 20:20:44 | Epoch  37/100 | Train Loss 0.1477 | Val Loss 0.1456 MAE 13.2510 R2 0.0345
2026-08-26 20:20:45 | Epoch  38/100 | Train Loss 0.1477 | Val Loss 0.1425 MAE 12.5554 R2 0.1265
2026-08-26 20:20:46 | Epoch  39/100 | Train Loss 0.1469 | Val Loss 0.1412 MAE 12.2948 R2 0.1634
2026-08-26 20:20:48 | Epoch  40/100 | Train Loss 0.1459 | Val Loss 0.1427 MAE 12.5098 R2 0.1327
2026-08-26 20:20:49 | Epoch  41/100 | Train Loss 0.1457 | Val Loss 0.1460 MAE 13.3649 R2 0.0125
2026-08-26 20:20:50 | Epoch  42/100 | Train Loss 0.1435 | Val Loss 0.1436 MAE 12.7502 R2 0.0975
2026-08-26 20:20:51 | Epoch  43/100 | Train Loss 0.1421 | Val Loss 0.1419 MAE 12.4579 R2 0.1373
2026-08-26 20:20:52 | Epoch  44/100 | Train Loss 0.1427 | Val Loss 0.1412 MAE 12.4451 R2 0.1436
2026-08-26 20:20:52 | Val R2 did not improve for 10 consecutive epochs, early stopping at Epoch 44 (best R2 0.1719 @ Epoch 34)
2026-08-26 20:20:53 | Run 1/5 | Test (best model @ Epoch 34) | Loss 0.1415 MAE 12.1541 R2 0.2133
2026-08-26 20:20:53 | ===== Run 2/5 (seed 1) =====
2026-08-26 20:20:54 | Epoch   1/100 | Train Loss 5.4334 | Val Loss 0.3608 MAE 38.2190 R2 -5.1021
2026-08-26 20:20:54 |   Val R2 improved to -5.1021, model saved
2026-08-26 20:20:55 | Epoch   2/100 | Train Loss 0.3281 | Val Loss 0.3155 MAE 34.0056 R2 -3.9484
2026-08-26 20:20:55 |   Val R2 improved to -3.9484, model saved
2026-08-26 20:20:56 | Epoch   3/100 | Train Loss 0.2730 | Val Loss 0.2287 MAE 23.8030 R2 -1.8293
2026-08-26 20:20:56 |   Val R2 improved to -1.8293, model saved
2026-08-26 20:20:57 | Epoch   4/100 | Train Loss 0.2343 | Val Loss 0.2156 MAE 23.0536 R2 -1.5854
2026-08-26 20:20:57 |   Val R2 improved to -1.5854, model saved
2026-08-26 20:20:58 | Epoch   5/100 | Train Loss 0.2159 | Val Loss 0.1918 MAE 19.0420 R2 -0.8721
2026-08-26 20:20:58 |   Val R2 improved to -0.8721, model saved
2026-08-26 20:21:00 | Epoch   6/100 | Train Loss 0.2038 | Val Loss 0.1848 MAE 18.0079 R2 -0.6992
2026-08-26 20:21:00 |   Val R2 improved to -0.6992, model saved
2026-08-26 20:21:01 | Epoch   7/100 | Train Loss 0.1989 | Val Loss 0.1834 MAE 18.0344 R2 -0.6979
2026-08-26 20:21:01 |   Val R2 improved to -0.6979, model saved
2026-08-26 20:21:02 | Epoch   8/100 | Train Loss 0.1946 | Val Loss 0.1683 MAE 15.2374 R2 -0.2641
2026-08-26 20:21:02 |   Val R2 improved to -0.2641, model saved
2026-08-26 20:21:03 | Epoch   9/100 | Train Loss 0.1896 | Val Loss 0.1659 MAE 15.1467 R2 -0.2504
2026-08-26 20:21:03 |   Val R2 improved to -0.2504, model saved
2026-08-26 20:21:05 | Epoch  10/100 | Train Loss 0.1872 | Val Loss 0.1612 MAE 14.6088 R2 -0.1759
2026-08-26 20:21:05 |   Val R2 improved to -0.1759, model saved
2026-08-26 20:21:06 | Epoch  11/100 | Train Loss 0.1822 | Val Loss 0.1624 MAE 15.1081 R2 -0.2416
2026-08-26 20:21:07 | Epoch  12/100 | Train Loss 0.1793 | Val Loss 0.1583 MAE 14.4969 R2 -0.1524
2026-08-26 20:21:07 |   Val R2 improved to -0.1524, model saved
2026-08-26 20:21:08 | Epoch  13/100 | Train Loss 0.1768 | Val Loss 0.1583 MAE 14.6040 R2 -0.1727
2026-08-26 20:21:09 | Epoch  14/100 | Train Loss 0.1753 | Val Loss 0.1555 MAE 14.1450 R2 -0.0911
2026-08-26 20:21:09 |   Val R2 improved to -0.0911, model saved
2026-08-26 20:21:11 | Epoch  15/100 | Train Loss 0.1727 | Val Loss 0.1542 MAE 13.9130 R2 -0.0625
2026-08-26 20:21:11 |   Val R2 improved to -0.0625, model saved
2026-08-26 20:21:12 | Epoch  16/100 | Train Loss 0.1702 | Val Loss 0.1520 MAE 13.5389 R2 -0.0110
2026-08-26 20:21:12 |   Val R2 improved to -0.0110, model saved
2026-08-26 20:21:13 | Epoch  17/100 | Train Loss 0.1690 | Val Loss 0.1512 MAE 13.4139 R2 0.0092
2026-08-26 20:21:13 |   Val R2 improved to 0.0092, model saved
2026-08-26 20:21:14 | Epoch  18/100 | Train Loss 0.1678 | Val Loss 0.1532 MAE 13.8945 R2 -0.0597
2026-08-26 20:21:16 | Epoch  19/100 | Train Loss 0.1657 | Val Loss 0.1528 MAE 13.9162 R2 -0.0676
2026-08-26 20:21:17 | Epoch  20/100 | Train Loss 0.1648 | Val Loss 0.1502 MAE 13.3946 R2 0.0097
2026-08-26 20:21:17 |   Val R2 improved to 0.0097, model saved
2026-08-26 20:21:18 | Epoch  21/100 | Train Loss 0.1632 | Val Loss 0.1474 MAE 12.9810 R2 0.0745
2026-08-26 20:21:18 |   Val R2 improved to 0.0745, model saved
2026-08-26 20:21:19 | Epoch  22/100 | Train Loss 0.1617 | Val Loss 0.1487 MAE 13.2117 R2 0.0307
2026-08-26 20:21:21 | Epoch  23/100 | Train Loss 0.1596 | Val Loss 0.1500 MAE 13.5194 R2 -0.0092
2026-08-26 20:21:22 | Epoch  24/100 | Train Loss 0.1578 | Val Loss 0.1466 MAE 12.8444 R2 0.0907
2026-08-26 20:21:22 |   Val R2 improved to 0.0907, model saved
2026-08-26 20:21:23 | Epoch  25/100 | Train Loss 0.1566 | Val Loss 0.1471 MAE 12.9096 R2 0.0729
2026-08-26 20:21:24 | Epoch  26/100 | Train Loss 0.1548 | Val Loss 0.1453 MAE 12.6092 R2 0.1248
2026-08-26 20:21:24 |   Val R2 improved to 0.1248, model saved
2026-08-26 20:21:25 | Epoch  27/100 | Train Loss 0.1553 | Val Loss 0.1461 MAE 12.8053 R2 0.0884
2026-08-26 20:21:27 | Epoch  28/100 | Train Loss 0.1533 | Val Loss 0.1443 MAE 12.4548 R2 0.1419
2026-08-26 20:21:27 |   Val R2 improved to 0.1419, model saved
2026-08-26 20:21:28 | Epoch  29/100 | Train Loss 0.1526 | Val Loss 0.1441 MAE 12.5235 R2 0.1307
2026-08-26 20:21:29 | Epoch  30/100 | Train Loss 0.1537 | Val Loss 0.1447 MAE 12.6350 R2 0.1219
2026-08-26 20:21:30 | Epoch  31/100 | Train Loss 0.1513 | Val Loss 0.1445 MAE 12.5330 R2 0.1279
2026-08-26 20:21:32 | Epoch  32/100 | Train Loss 0.1504 | Val Loss 0.1474 MAE 13.1536 R2 0.0406
2026-08-26 20:21:33 | Epoch  33/100 | Train Loss 0.1501 | Val Loss 0.1445 MAE 12.5440 R2 0.1236
2026-08-26 20:21:34 | Epoch  34/100 | Train Loss 0.1480 | Val Loss 0.1449 MAE 12.7252 R2 0.1000
2026-08-26 20:21:35 | Epoch  35/100 | Train Loss 0.1464 | Val Loss 0.1446 MAE 12.6272 R2 0.1128
2026-08-26 20:21:36 | Epoch  36/100 | Train Loss 0.1470 | Val Loss 0.1438 MAE 12.5714 R2 0.1190
2026-08-26 20:21:37 | Epoch  37/100 | Train Loss 0.1454 | Val Loss 0.1425 MAE 12.2195 R2 0.1696
2026-08-26 20:21:37 |   Val R2 improved to 0.1696, model saved
2026-08-26 20:21:39 | Epoch  38/100 | Train Loss 0.1448 | Val Loss 0.1437 MAE 12.5203 R2 0.1282
2026-08-26 20:21:40 | Epoch  39/100 | Train Loss 0.1436 | Val Loss 0.1442 MAE 12.6218 R2 0.1109
2026-08-26 20:21:41 | Epoch  40/100 | Train Loss 0.1429 | Val Loss 0.1433 MAE 12.5079 R2 0.1272
2026-08-26 20:21:42 | Epoch  41/100 | Train Loss 0.1419 | Val Loss 0.1435 MAE 12.4630 R2 0.1324
2026-08-26 20:21:43 | Epoch  42/100 | Train Loss 0.1409 | Val Loss 0.1411 MAE 12.0717 R2 0.1927
2026-08-26 20:21:43 |   Val R2 improved to 0.1927, model saved
2026-08-26 20:21:45 | Epoch  43/100 | Train Loss 0.1393 | Val Loss 0.1423 MAE 12.2603 R2 0.1627
2026-08-26 20:21:46 | Epoch  44/100 | Train Loss 0.1390 | Val Loss 0.1443 MAE 12.7352 R2 0.0965
2026-08-26 20:21:47 | Epoch  45/100 | Train Loss 0.1375 | Val Loss 0.1414 MAE 12.1867 R2 0.1756
2026-08-26 20:21:48 | Epoch  46/100 | Train Loss 0.1365 | Val Loss 0.1444 MAE 12.6809 R2 0.0970
2026-08-26 20:21:49 | Epoch  47/100 | Train Loss 0.1362 | Val Loss 0.1471 MAE 13.3394 R2 0.0100
2026-08-26 20:21:51 | Epoch  48/100 | Train Loss 0.1351 | Val Loss 0.1410 MAE 12.1267 R2 0.1822
2026-08-26 20:21:52 | Epoch  49/100 | Train Loss 0.1334 | Val Loss 0.1459 MAE 13.0291 R2 0.0436
2026-08-26 20:21:53 | Epoch  50/100 | Train Loss 0.1336 | Val Loss 0.1405 MAE 11.9221 R2 0.2076
2026-08-26 20:21:53 |   Val R2 improved to 0.2076, model saved
2026-08-26 20:21:54 | Epoch  51/100 | Train Loss 0.1311 | Val Loss 0.1414 MAE 12.1557 R2 0.1779
2026-08-26 20:21:55 | Epoch  52/100 | Train Loss 0.1310 | Val Loss 0.1418 MAE 12.1995 R2 0.1683
2026-08-26 20:21:56 | Epoch  53/100 | Train Loss 0.1305 | Val Loss 0.1427 MAE 12.4885 R2 0.1384
2026-08-26 20:21:58 | Epoch  54/100 | Train Loss 0.1296 | Val Loss 0.1421 MAE 12.2949 R2 0.1606
2026-08-26 20:21:59 | Epoch  55/100 | Train Loss 0.1282 | Val Loss 0.1427 MAE 12.3505 R2 0.1509
2026-08-26 20:22:00 | Epoch  56/100 | Train Loss 0.1274 | Val Loss 0.1426 MAE 12.3799 R2 0.1478
2026-08-26 20:22:01 | Epoch  57/100 | Train Loss 0.1263 | Val Loss 0.1414 MAE 12.0087 R2 0.1913
2026-08-26 20:22:02 | Epoch  58/100 | Train Loss 0.1249 | Val Loss 0.1419 MAE 12.1544 R2 0.1747
2026-08-26 20:22:04 | Epoch  59/100 | Train Loss 0.1255 | Val Loss 0.1436 MAE 12.4463 R2 0.1368
2026-08-26 20:22:05 | Epoch  60/100 | Train Loss 0.1249 | Val Loss 0.1416 MAE 12.0595 R2 0.1818
2026-08-26 20:22:05 | Val R2 did not improve for 10 consecutive epochs, early stopping at Epoch 60 (best R2 0.2076 @ Epoch 50)
2026-08-26 20:22:05 | Run 2/5 | Test (best model @ Epoch 50) | Loss 0.1403 MAE 11.8265 R2 0.2548
2026-08-26 20:22:05 | ===== Run 3/5 (seed 2) =====
2026-08-26 20:22:06 | Epoch   1/100 | Train Loss 6.6374 | Val Loss 0.3624 MAE 37.1667 R2 -5.0054
2026-08-26 20:22:06 |   Val R2 improved to -5.0054, model saved
2026-08-26 20:22:07 | Epoch   2/100 | Train Loss 0.3342 | Val Loss 0.3215 MAE 34.5619 R2 -4.1434
2026-08-26 20:22:07 |   Val R2 improved to -4.1434, model saved
2026-08-26 20:22:09 | Epoch   3/100 | Train Loss 0.2774 | Val Loss 0.2780 MAE 29.7245 R2 -3.0492
2026-08-26 20:22:09 |   Val R2 improved to -3.0492, model saved
2026-08-26 20:22:10 | Epoch   4/100 | Train Loss 0.2509 | Val Loss 0.2415 MAE 25.4708 R2 -2.1855
2026-08-26 20:22:10 |   Val R2 improved to -2.1855, model saved
2026-08-26 20:22:11 | Epoch   5/100 | Train Loss 0.2323 | Val Loss 0.2199 MAE 22.7228 R2 -1.6768
2026-08-26 20:22:11 |   Val R2 improved to -1.6768, model saved
2026-08-26 20:22:12 | Epoch   6/100 | Train Loss 0.2214 | Val Loss 0.2022 MAE 20.3959 R2 -1.1819
2026-08-26 20:22:12 |   Val R2 improved to -1.1819, model saved
2026-08-26 20:22:13 | Epoch   7/100 | Train Loss 0.2113 | Val Loss 0.1989 MAE 19.9876 R2 -1.1494
2026-08-26 20:22:13 |   Val R2 improved to -1.1494, model saved
2026-08-26 20:22:15 | Epoch   8/100 | Train Loss 0.2033 | Val Loss 0.1811 MAE 17.5994 R2 -0.6989
2026-08-26 20:22:15 |   Val R2 improved to -0.6989, model saved
2026-08-26 20:22:16 | Epoch   9/100 | Train Loss 0.1962 | Val Loss 0.1838 MAE 18.6032 R2 -0.8323
2026-08-26 20:22:17 | Epoch  10/100 | Train Loss 0.1911 | Val Loss 0.1697 MAE 16.2983 R2 -0.4488
2026-08-26 20:22:17 |   Val R2 improved to -0.4488, model saved
2026-08-26 20:22:18 | Epoch  11/100 | Train Loss 0.1846 | Val Loss 0.1674 MAE 15.9258 R2 -0.3813
2026-08-26 20:22:18 |   Val R2 improved to -0.3813, model saved
2026-08-26 20:22:20 | Epoch  12/100 | Train Loss 0.1812 | Val Loss 0.1636 MAE 15.3466 R2 -0.2845
2026-08-26 20:22:20 |   Val R2 improved to -0.2845, model saved
2026-08-26 20:22:21 | Epoch  13/100 | Train Loss 0.1795 | Val Loss 0.1662 MAE 15.8016 R2 -0.3597
2026-08-26 20:22:22 | Epoch  14/100 | Train Loss 0.1784 | Val Loss 0.1653 MAE 15.8294 R2 -0.3523
2026-08-26 20:22:23 | Epoch  15/100 | Train Loss 0.1777 | Val Loss 0.1592 MAE 14.5519 R2 -0.1730
2026-08-26 20:22:23 |   Val R2 improved to -0.1730, model saved
2026-08-26 20:22:24 | Epoch  16/100 | Train Loss 0.1742 | Val Loss 0.1615 MAE 15.0184 R2 -0.2417
2026-08-26 20:22:26 | Epoch  17/100 | Train Loss 0.1722 | Val Loss 0.1618 MAE 15.2944 R2 -0.2750
2026-08-26 20:22:27 | Epoch  18/100 | Train Loss 0.1704 | Val Loss 0.1550 MAE 13.9751 R2 -0.0811
2026-08-26 20:22:27 |   Val R2 improved to -0.0811, model saved
2026-08-26 20:22:28 | Epoch  19/100 | Train Loss 0.1697 | Val Loss 0.1556 MAE 14.1436 R2 -0.1025
2026-08-26 20:22:29 | Epoch  20/100 | Train Loss 0.1682 | Val Loss 0.1549 MAE 14.0696 R2 -0.0886
2026-08-26 20:22:31 | Epoch  21/100 | Train Loss 0.1664 | Val Loss 0.1557 MAE 14.2827 R2 -0.1204
2026-08-26 20:22:32 | Epoch  22/100 | Train Loss 0.1654 | Val Loss 0.1524 MAE 13.5996 R2 -0.0257
2026-08-26 20:22:32 |   Val R2 improved to -0.0257, model saved
2026-08-26 20:22:33 | Epoch  23/100 | Train Loss 0.1644 | Val Loss 0.1521 MAE 13.5904 R2 -0.0185
2026-08-26 20:22:33 |   Val R2 improved to -0.0185, model saved
2026-08-26 20:22:34 | Epoch  24/100 | Train Loss 0.1639 | Val Loss 0.1515 MAE 13.4260 R2 -0.0140
2026-08-26 20:22:34 |   Val R2 improved to -0.0140, model saved
2026-08-26 20:22:35 | Epoch  25/100 | Train Loss 0.1627 | Val Loss 0.1525 MAE 13.8874 R2 -0.0629
2026-08-26 20:22:36 | Epoch  26/100 | Train Loss 0.1603 | Val Loss 0.1518 MAE 13.6842 R2 -0.0388
2026-08-26 20:22:38 | Epoch  27/100 | Train Loss 0.1596 | Val Loss 0.1565 MAE 14.7113 R2 -0.1770
2026-08-26 20:22:39 | Epoch  28/100 | Train Loss 0.1575 | Val Loss 0.1479 MAE 12.9791 R2 0.0636
2026-08-26 20:22:39 |   Val R2 improved to 0.0636, model saved
2026-08-26 20:22:40 | Epoch  29/100 | Train Loss 0.1576 | Val Loss 0.1468 MAE 12.7036 R2 0.1009
2026-08-26 20:22:40 |   Val R2 improved to 0.1009, model saved
2026-08-26 20:22:41 | Epoch  30/100 | Train Loss 0.1567 | Val Loss 0.1510 MAE 13.6198 R2 -0.0260
2026-08-26 20:22:42 | Epoch  31/100 | Train Loss 0.1557 | Val Loss 0.1484 MAE 13.1892 R2 0.0353
2026-08-26 20:22:44 | Epoch  32/100 | Train Loss 0.1543 | Val Loss 0.1469 MAE 12.9379 R2 0.0722
2026-08-26 20:22:45 | Epoch  33/100 | Train Loss 0.1528 | Val Loss 0.1469 MAE 12.8399 R2 0.0798
2026-08-26 20:22:46 | Epoch  34/100 | Train Loss 0.1534 | Val Loss 0.1462 MAE 12.8431 R2 0.0861
2026-08-26 20:22:47 | Epoch  35/100 | Train Loss 0.1522 | Val Loss 0.1480 MAE 13.2502 R2 0.0269
2026-08-26 20:22:48 | Epoch  36/100 | Train Loss 0.1502 | Val Loss 0.1462 MAE 12.8628 R2 0.0767
2026-08-26 20:22:49 | Epoch  37/100 | Train Loss 0.1497 | Val Loss 0.1464 MAE 12.8657 R2 0.0690
2026-08-26 20:22:51 | Epoch  38/100 | Train Loss 0.1477 | Val Loss 0.1463 MAE 12.9085 R2 0.0716
2026-08-26 20:22:52 | Epoch  39/100 | Train Loss 0.1471 | Val Loss 0.1463 MAE 12.9278 R2 0.0624
2026-08-26 20:22:52 | Val R2 did not improve for 10 consecutive epochs, early stopping at Epoch 39 (best R2 0.1009 @ Epoch 29)
2026-08-26 20:22:52 | Run 3/5 | Test (best model @ Epoch 29) | Loss 0.1468 MAE 12.7122 R2 0.1369
2026-08-26 20:22:52 | ===== Run 4/5 (seed 3) =====
2026-08-26 20:22:53 | Epoch   1/100 | Train Loss 7.4836 | Val Loss 0.4144 MAE 39.6145 R2 -6.2878
2026-08-26 20:22:53 |   Val R2 improved to -6.2878, model saved
2026-08-26 20:22:55 | Epoch   2/100 | Train Loss 0.3539 | Val Loss 0.3319 MAE 35.8903 R2 -4.4346
2026-08-26 20:22:55 |   Val R2 improved to -4.4346, model saved
2026-08-26 20:22:56 | Epoch   3/100 | Train Loss 0.2849 | Val Loss 0.2852 MAE 31.1845 R2 -3.3183
2026-08-26 20:22:56 |   Val R2 improved to -3.3183, model saved
2026-08-26 20:22:57 | Epoch   4/100 | Train Loss 0.2533 | Val Loss 0.2514 MAE 27.9152 R2 -2.5251
2026-08-26 20:22:57 |   Val R2 improved to -2.5251, model saved
2026-08-26 20:22:58 | Epoch   5/100 | Train Loss 0.2335 | Val Loss 0.2319 MAE 25.6373 R2 -2.1110
2026-08-26 20:22:58 |   Val R2 improved to -2.1110, model saved
2026-08-26 20:23:00 | Epoch   6/100 | Train Loss 0.2200 | Val Loss 0.2108 MAE 22.8078 R2 -1.5700
2026-08-26 20:23:00 |   Val R2 improved to -1.5700, model saved
2026-08-26 20:23:01 | Epoch   7/100 | Train Loss 0.2090 | Val Loss 0.1973 MAE 20.8966 R2 -1.2393
2026-08-26 20:23:01 |   Val R2 improved to -1.2393, model saved
2026-08-26 20:23:02 | Epoch   8/100 | Train Loss 0.2004 | Val Loss 0.1863 MAE 19.3360 R2 -0.9647
2026-08-26 20:23:02 |   Val R2 improved to -0.9647, model saved
2026-08-26 20:23:03 | Epoch   9/100 | Train Loss 0.1901 | Val Loss 0.1767 MAE 18.3208 R2 -0.7502
2026-08-26 20:23:03 |   Val R2 improved to -0.7502, model saved
2026-08-26 20:23:04 | Epoch  10/100 | Train Loss 0.1825 | Val Loss 0.1695 MAE 17.1441 R2 -0.5840
2026-08-26 20:23:04 |   Val R2 improved to -0.5840, model saved
2026-08-26 20:23:05 | Epoch  11/100 | Train Loss 0.1800 | Val Loss 0.1647 MAE 16.5021 R2 -0.4609
2026-08-26 20:23:05 |   Val R2 improved to -0.4609, model saved
2026-08-26 20:23:07 | Epoch  12/100 | Train Loss 0.1756 | Val Loss 0.1638 MAE 16.4385 R2 -0.4522
2026-08-26 20:23:07 |   Val R2 improved to -0.4522, model saved
2026-08-26 20:23:08 | Epoch  13/100 | Train Loss 0.1712 | Val Loss 0.1594 MAE 15.8602 R2 -0.3671
2026-08-26 20:23:08 |   Val R2 improved to -0.3671, model saved
2026-08-26 20:23:09 | Epoch  14/100 | Train Loss 0.1699 | Val Loss 0.1523 MAE 14.6989 R2 -0.1673
2026-08-26 20:23:09 |   Val R2 improved to -0.1673, model saved
2026-08-26 20:23:11 | Epoch  15/100 | Train Loss 0.1670 | Val Loss 0.1545 MAE 15.1712 R2 -0.2505
2026-08-26 20:23:12 | Epoch  16/100 | Train Loss 0.1646 | Val Loss 0.1513 MAE 14.5057 R2 -0.1605
2026-08-26 20:23:12 |   Val R2 improved to -0.1605, model saved
2026-08-26 20:23:13 | Epoch  17/100 | Train Loss 0.1625 | Val Loss 0.1496 MAE 14.2191 R2 -0.1175
2026-08-26 20:23:13 |   Val R2 improved to -0.1175, model saved
2026-08-26 20:23:15 | Epoch  18/100 | Train Loss 0.1617 | Val Loss 0.1532 MAE 14.9777 R2 -0.2351
2026-08-26 20:23:16 | Epoch  19/100 | Train Loss 0.1596 | Val Loss 0.1504 MAE 14.5100 R2 -0.1553
2026-08-26 20:23:17 | Epoch  20/100 | Train Loss 0.1588 | Val Loss 0.1478 MAE 13.8569 R2 -0.0599
2026-08-26 20:23:17 |   Val R2 improved to -0.0599, model saved
2026-08-26 20:23:18 | Epoch  21/100 | Train Loss 0.1570 | Val Loss 0.1467 MAE 13.8643 R2 -0.0609
2026-08-26 20:23:19 | Epoch  22/100 | Train Loss 0.1555 | Val Loss 0.1456 MAE 13.6644 R2 -0.0293
2026-08-26 20:23:19 |   Val R2 improved to -0.0293, model saved
2026-08-26 20:23:21 | Epoch  23/100 | Train Loss 0.1549 | Val Loss 0.1478 MAE 14.1900 R2 -0.1152
2026-08-26 20:23:22 | Epoch  24/100 | Train Loss 0.1530 | Val Loss 0.1463 MAE 13.9625 R2 -0.0733
2026-08-26 20:23:23 | Epoch  25/100 | Train Loss 0.1521 | Val Loss 0.1452 MAE 13.7368 R2 -0.0413
2026-08-26 20:23:24 | Epoch  26/100 | Train Loss 0.1507 | Val Loss 0.1453 MAE 13.7742 R2 -0.0463
2026-08-26 20:23:25 | Epoch  27/100 | Train Loss 0.1501 | Val Loss 0.1452 MAE 13.7099 R2 -0.0442
2026-08-26 20:23:27 | Epoch  28/100 | Train Loss 0.1482 | Val Loss 0.1416 MAE 12.9743 R2 0.0578
2026-08-26 20:23:27 |   Val R2 improved to 0.0578, model saved
2026-08-26 20:23:28 | Epoch  29/100 | Train Loss 0.1481 | Val Loss 0.1443 MAE 13.6170 R2 -0.0325
2026-08-26 20:23:29 | Epoch  30/100 | Train Loss 0.1472 | Val Loss 0.1438 MAE 13.4386 R2 -0.0167
2026-08-26 20:23:30 | Epoch  31/100 | Train Loss 0.1458 | Val Loss 0.1408 MAE 12.8798 R2 0.0635
2026-08-26 20:23:30 |   Val R2 improved to 0.0635, model saved
2026-08-26 20:23:32 | Epoch  32/100 | Train Loss 0.1450 | Val Loss 0.1421 MAE 13.2736 R2 0.0208
2026-08-26 20:23:33 | Epoch  33/100 | Train Loss 0.1434 | Val Loss 0.1422 MAE 13.2399 R2 0.0183
2026-08-26 20:23:34 | Epoch  34/100 | Train Loss 0.1439 | Val Loss 0.1432 MAE 13.4602 R2 -0.0057
2026-08-26 20:23:35 | Epoch  35/100 | Train Loss 0.1413 | Val Loss 0.1408 MAE 13.0540 R2 0.0493
2026-08-26 20:23:36 | Epoch  36/100 | Train Loss 0.1399 | Val Loss 0.1415 MAE 13.2711 R2 0.0269
2026-08-26 20:23:37 | Epoch  37/100 | Train Loss 0.1404 | Val Loss 0.1409 MAE 13.0708 R2 0.0471
2026-08-26 20:23:39 | Epoch  38/100 | Train Loss 0.1392 | Val Loss 0.1406 MAE 12.9254 R2 0.0641
2026-08-26 20:23:39 |   Val R2 improved to 0.0641, model saved
2026-08-26 20:23:40 | Epoch  39/100 | Train Loss 0.1370 | Val Loss 0.1399 MAE 12.7847 R2 0.0824
2026-08-26 20:23:40 |   Val R2 improved to 0.0824, model saved
2026-08-26 20:23:41 | Epoch  40/100 | Train Loss 0.1372 | Val Loss 0.1403 MAE 13.0028 R2 0.0600
2026-08-26 20:23:42 | Epoch  41/100 | Train Loss 0.1357 | Val Loss 0.1391 MAE 12.8008 R2 0.0858
2026-08-26 20:23:42 |   Val R2 improved to 0.0858, model saved
2026-08-26 20:23:43 | Epoch  42/100 | Train Loss 0.1345 | Val Loss 0.1402 MAE 13.0916 R2 0.0405
2026-08-26 20:23:45 | Epoch  43/100 | Train Loss 0.1345 | Val Loss 0.1412 MAE 13.2917 R2 0.0162
2026-08-26 20:23:46 | Epoch  44/100 | Train Loss 0.1324 | Val Loss 0.1408 MAE 13.1703 R2 0.0284
2026-08-26 20:23:47 | Epoch  45/100 | Train Loss 0.1311 | Val Loss 0.1422 MAE 13.4850 R2 -0.0167
2026-08-26 20:23:48 | Epoch  46/100 | Train Loss 0.1307 | Val Loss 0.1401 MAE 13.0727 R2 0.0487
2026-08-26 20:23:50 | Epoch  47/100 | Train Loss 0.1297 | Val Loss 0.1360 MAE 12.1641 R2 0.1727
2026-08-26 20:23:50 |   Val R2 improved to 0.1727, model saved
2026-08-26 20:23:51 | Epoch  48/100 | Train Loss 0.1283 | Val Loss 0.1391 MAE 12.7563 R2 0.0895
2026-08-26 20:23:52 | Epoch  49/100 | Train Loss 0.1279 | Val Loss 0.1395 MAE 12.9381 R2 0.0689
2026-08-26 20:23:53 | Epoch  50/100 | Train Loss 0.1281 | Val Loss 0.1393 MAE 12.8468 R2 0.0806
2026-08-26 20:23:54 | Epoch  51/100 | Train Loss 0.1264 | Val Loss 0.1371 MAE 12.3032 R2 0.1564
2026-08-26 20:23:55 | Epoch  52/100 | Train Loss 0.1255 | Val Loss 0.1374 MAE 12.3932 R2 0.1507
2026-08-26 20:23:57 | Epoch  53/100 | Train Loss 0.1245 | Val Loss 0.1400 MAE 12.9798 R2 0.0635
2026-08-26 20:23:58 | Epoch  54/100 | Train Loss 0.1244 | Val Loss 0.1369 MAE 12.4234 R2 0.1517
2026-08-26 20:23:59 | Epoch  55/100 | Train Loss 0.1234 | Val Loss 0.1386 MAE 12.8240 R2 0.0907
2026-08-26 20:24:00 | Epoch  56/100 | Train Loss 0.1220 | Val Loss 0.1394 MAE 12.9164 R2 0.0748
2026-08-26 20:24:01 | Epoch  57/100 | Train Loss 0.1218 | Val Loss 0.1403 MAE 12.9113 R2 0.0711
2026-08-26 20:24:01 | Val R2 did not improve for 10 consecutive epochs, early stopping at Epoch 57 (best R2 0.1727 @ Epoch 47)
2026-08-26 20:24:02 | Run 4/5 | Test (best model @ Epoch 47) | Loss 0.1365 MAE 12.1838 R2 0.2043
2026-08-26 20:24:02 | ===== Run 5/5 (seed 4) =====
2026-08-26 20:24:03 | Epoch   1/100 | Train Loss 5.9447 | Val Loss 0.2985 MAE 27.5395 R2 -2.7153
2026-08-26 20:24:03 |   Val R2 improved to -2.7153, model saved
2026-08-26 20:24:04 | Epoch   2/100 | Train Loss 0.3345 | Val Loss 0.2844 MAE 28.9759 R2 -2.9153
2026-08-26 20:24:05 | Epoch   3/100 | Train Loss 0.2710 | Val Loss 0.2555 MAE 27.0622 R2 -2.4186
2026-08-26 20:24:05 |   Val R2 improved to -2.4186, model saved
2026-08-26 20:24:07 | Epoch   4/100 | Train Loss 0.2424 | Val Loss 0.2228 MAE 23.5576 R2 -1.8040
2026-08-26 20:24:07 |   Val R2 improved to -1.8040, model saved
2026-08-26 20:24:08 | Epoch   5/100 | Train Loss 0.2212 | Val Loss 0.1924 MAE 19.4356 R2 -0.9517
2026-08-26 20:24:08 |   Val R2 improved to -0.9517, model saved
2026-08-26 20:24:09 | Epoch   6/100 | Train Loss 0.2044 | Val Loss 0.1793 MAE 17.6925 R2 -0.6332
2026-08-26 20:24:09 |   Val R2 improved to -0.6332, model saved
2026-08-26 20:24:10 | Epoch   7/100 | Train Loss 0.1970 | Val Loss 0.1686 MAE 15.9053 R2 -0.3705
2026-08-26 20:24:10 |   Val R2 improved to -0.3705, model saved
2026-08-26 20:24:11 | Epoch   8/100 | Train Loss 0.1882 | Val Loss 0.1629 MAE 15.1073 R2 -0.2425
2026-08-26 20:24:11 |   Val R2 improved to -0.2425, model saved
2026-08-26 20:24:13 | Epoch   9/100 | Train Loss 0.1834 | Val Loss 0.1602 MAE 14.6898 R2 -0.1759
2026-08-26 20:24:13 |   Val R2 improved to -0.1759, model saved
2026-08-26 20:24:14 | Epoch  10/100 | Train Loss 0.1810 | Val Loss 0.1582 MAE 14.5785 R2 -0.1628
2026-08-26 20:24:14 |   Val R2 improved to -0.1628, model saved
2026-08-26 20:24:15 | Epoch  11/100 | Train Loss 0.1777 | Val Loss 0.1587 MAE 14.8456 R2 -0.2056
2026-08-26 20:24:16 | Epoch  12/100 | Train Loss 0.1747 | Val Loss 0.1590 MAE 14.9734 R2 -0.2210
2026-08-26 20:24:17 | Epoch  13/100 | Train Loss 0.1725 | Val Loss 0.1539 MAE 14.2463 R2 -0.1199
2026-08-26 20:24:17 |   Val R2 improved to -0.1199, model saved
2026-08-26 20:24:19 | Epoch  14/100 | Train Loss 0.1705 | Val Loss 0.1516 MAE 13.8817 R2 -0.0534
2026-08-26 20:24:19 |   Val R2 improved to -0.0534, model saved
2026-08-26 20:24:20 | Epoch  15/100 | Train Loss 0.1674 | Val Loss 0.1521 MAE 14.1131 R2 -0.0925
2026-08-26 20:24:21 | Epoch  16/100 | Train Loss 0.1674 | Val Loss 0.1522 MAE 14.1684 R2 -0.1048
2026-08-26 20:24:22 | Epoch  17/100 | Train Loss 0.1655 | Val Loss 0.1483 MAE 13.5707 R2 -0.0076
2026-08-26 20:24:22 |   Val R2 improved to -0.0076, model saved
2026-08-26 20:24:23 | Epoch  18/100 | Train Loss 0.1651 | Val Loss 0.1487 MAE 13.6445 R2 -0.0295
2026-08-26 20:24:24 | Epoch  19/100 | Train Loss 0.1635 | Val Loss 0.1464 MAE 13.3279 R2 0.0126
2026-08-26 20:24:24 |   Val R2 improved to 0.0126, model saved
2026-08-26 20:24:26 | Epoch  20/100 | Train Loss 0.1607 | Val Loss 0.1463 MAE 13.4420 R2 0.0002
2026-08-26 20:24:27 | Epoch  21/100 | Train Loss 0.1599 | Val Loss 0.1470 MAE 13.5114 R2 -0.0142
2026-08-26 20:24:28 | Epoch  22/100 | Train Loss 0.1571 | Val Loss 0.1445 MAE 13.0558 R2 0.0589
2026-08-26 20:24:28 |   Val R2 improved to 0.0589, model saved
2026-08-26 20:24:30 | Epoch  23/100 | Train Loss 0.1565 | Val Loss 0.1454 MAE 13.3959 R2 0.0083
2026-08-26 20:24:31 | Epoch  24/100 | Train Loss 0.1548 | Val Loss 0.1438 MAE 13.1887 R2 0.0365
2026-08-26 20:24:32 | Epoch  25/100 | Train Loss 0.1538 | Val Loss 0.1424 MAE 12.9516 R2 0.0745
2026-08-26 20:24:32 |   Val R2 improved to 0.0745, model saved
2026-08-26 20:24:33 | Epoch  26/100 | Train Loss 0.1521 | Val Loss 0.1449 MAE 13.4699 R2 -0.0051
2026-08-26 20:24:34 | Epoch  27/100 | Train Loss 0.1526 | Val Loss 0.1420 MAE 12.9883 R2 0.0662
2026-08-26 20:24:36 | Epoch  28/100 | Train Loss 0.1506 | Val Loss 0.1427 MAE 13.2154 R2 0.0326
2026-08-26 20:24:37 | Epoch  29/100 | Train Loss 0.1498 | Val Loss 0.1440 MAE 13.4006 R2 0.0038
2026-08-26 20:24:38 | Epoch  30/100 | Train Loss 0.1486 | Val Loss 0.1407 MAE 12.7722 R2 0.1015
2026-08-26 20:24:38 |   Val R2 improved to 0.1015, model saved
2026-08-26 20:24:39 | Epoch  31/100 | Train Loss 0.1472 | Val Loss 0.1397 MAE 12.6693 R2 0.1063
2026-08-26 20:24:39 |   Val R2 improved to 0.1063, model saved
2026-08-26 20:24:41 | Epoch  32/100 | Train Loss 0.1470 | Val Loss 0.1391 MAE 12.4792 R2 0.1372
2026-08-26 20:24:41 |   Val R2 improved to 0.1372, model saved
2026-08-26 20:24:42 | Epoch  33/100 | Train Loss 0.1466 | Val Loss 0.1390 MAE 12.4664 R2 0.1381
2026-08-26 20:24:42 |   Val R2 improved to 0.1381, model saved
2026-08-26 20:24:43 | Epoch  34/100 | Train Loss 0.1443 | Val Loss 0.1421 MAE 13.1931 R2 0.0322
2026-08-26 20:24:44 | Epoch  35/100 | Train Loss 0.1451 | Val Loss 0.1400 MAE 12.7461 R2 0.0974
2026-08-26 20:24:46 | Epoch  36/100 | Train Loss 0.1429 | Val Loss 0.1390 MAE 12.6075 R2 0.1170
2026-08-26 20:24:47 | Epoch  37/100 | Train Loss 0.1429 | Val Loss 0.1382 MAE 12.4439 R2 0.1433
2026-08-26 20:24:47 |   Val R2 improved to 0.1433, model saved
2026-08-26 20:24:48 | Epoch  38/100 | Train Loss 0.1411 | Val Loss 0.1386 MAE 12.5965 R2 0.1259
2026-08-26 20:24:49 | Epoch  39/100 | Train Loss 0.1408 | Val Loss 0.1368 MAE 12.2080 R2 0.1756
2026-08-26 20:24:49 |   Val R2 improved to 0.1756, model saved
2026-08-26 20:24:50 | Epoch  40/100 | Train Loss 0.1392 | Val Loss 0.1361 MAE 12.0429 R2 0.1981
2026-08-26 20:24:50 |   Val R2 improved to 0.1981, model saved
2026-08-26 20:24:52 | Epoch  41/100 | Train Loss 0.1388 | Val Loss 0.1394 MAE 12.8243 R2 0.0914
2026-08-26 20:24:53 | Epoch  42/100 | Train Loss 0.1375 | Val Loss 0.1377 MAE 12.3608 R2 0.1501
2026-08-26 20:24:54 | Epoch  43/100 | Train Loss 0.1360 | Val Loss 0.1368 MAE 12.2718 R2 0.1585
2026-08-26 20:24:55 | Epoch  44/100 | Train Loss 0.1368 | Val Loss 0.1362 MAE 12.1421 R2 0.1809
2026-08-26 20:24:57 | Epoch  45/100 | Train Loss 0.1358 | Val Loss 0.1372 MAE 12.3683 R2 0.1543
2026-08-26 20:24:58 | Epoch  46/100 | Train Loss 0.1345 | Val Loss 0.1372 MAE 12.3192 R2 0.1489
2026-08-26 20:24:59 | Epoch  47/100 | Train Loss 0.1331 | Val Loss 0.1358 MAE 12.0988 R2 0.1842
2026-08-26 20:25:00 | Epoch  48/100 | Train Loss 0.1328 | Val Loss 0.1380 MAE 12.4508 R2 0.1339
2026-08-26 20:25:01 | Epoch  49/100 | Train Loss 0.1327 | Val Loss 0.1363 MAE 12.2024 R2 0.1634
2026-08-26 20:25:03 | Epoch  50/100 | Train Loss 0.1313 | Val Loss 0.1347 MAE 11.8843 R2 0.2121
2026-08-26 20:25:03 |   Val R2 improved to 0.2121, model saved
2026-08-26 20:25:04 | Epoch  51/100 | Train Loss 0.1317 | Val Loss 0.1359 MAE 12.1172 R2 0.1821
2026-08-26 20:25:05 | Epoch  52/100 | Train Loss 0.1297 | Val Loss 0.1366 MAE 12.1662 R2 0.1724
2026-08-26 20:25:06 | Epoch  53/100 | Train Loss 0.1296 | Val Loss 0.1354 MAE 12.0570 R2 0.1900
2026-08-26 20:25:07 | Epoch  54/100 | Train Loss 0.1284 | Val Loss 0.1379 MAE 12.4185 R2 0.1363
2026-08-26 20:25:09 | Epoch  55/100 | Train Loss 0.1271 | Val Loss 0.1385 MAE 12.5757 R2 0.1204
2026-08-26 20:25:10 | Epoch  56/100 | Train Loss 0.1271 | Val Loss 0.1375 MAE 12.1800 R2 0.1675
2026-08-26 20:25:11 | Epoch  57/100 | Train Loss 0.1272 | Val Loss 0.1351 MAE 11.9293 R2 0.2059
2026-08-26 20:25:12 | Epoch  58/100 | Train Loss 0.1263 | Val Loss 0.1381 MAE 12.4561 R2 0.1379
2026-08-26 20:25:13 | Epoch  59/100 | Train Loss 0.1243 | Val Loss 0.1377 MAE 12.5118 R2 0.1305
2026-08-26 20:25:15 | Epoch  60/100 | Train Loss 0.1246 | Val Loss 0.1371 MAE 12.3122 R2 0.1597
2026-08-26 20:25:15 | Val R2 did not improve for 10 consecutive epochs, early stopping at Epoch 60 (best R2 0.2121 @ Epoch 50)
2026-08-26 20:25:15 | Run 5/5 | Test (best model @ Epoch 50) | Loss 0.1348 MAE 11.8198 R2 0.2497
2026-08-26 20:25:15 | Average over 5 runs | Test Loss 0.1400±0.0047 MAE 12.1393±0.3641 R2 0.2118±0.0473
