[mnist_mlp_ceb_beta_10] run1 I(X;Z)=-0.0000 I(Y;Z)=-0.0425 I(X;Z|Y)=-0.0000 [-0.0000, -0.0000] CE=2.3019 acc=0.1028
[mnist_mlp_ceb_beta_10] run2 I(X;Z)=-0.0000 I(Y;Z)=-0.0403 I(X;Z|Y)=0.0000 [0.0000, 0.0000] CE=2.3015 acc=0.1135
[mnist_mlp_ceb_beta_10] run3 I(X;Z)=-0.0000 I(Y;Z)=-0.0403 I(X;Z|Y)=-0.0000 [-0.0000, -0.0000] CE=2.3022 acc=0.1010
[mnist_mlp_ceb_beta_10] run4 I(X;Z)=-0.0000 I(Y;Z)=-0.0423 I(X;Z|Y)=-0.0000 [-0.0000, -0.0000] CE=2.3016 acc=0.1010
[mnist_mlp_ceb_beta_10] run5 I(X;Z)=-0.0000 I(Y;Z)=-0.0428 I(X;Z|Y)=-0.0000 [-0.0000, -0.0000] CE=2.3015 acc=0.1135
[mnist_mlp_opb_beta_0.001_anchor_1] run1 I(X;Z)=5.0075 I(Y;Z)=2.2299 I(X;Z|Y)=104.2204 [4.4620, 203.9788] CE=0.0679 acc=0.9824
[mnist_mlp_opb_beta_0.001_anchor_1] run2 I(X;Z)=5.6114 I(Y;Z)=2.2351 I(X;Z|Y)=143.3743 [5.2420, 281.5065] CE=0.0665 acc=0.9794
[mnist_mlp_opb_beta_0.001_anchor_1] run3 I(X;Z)=5.2370 I(Y;Z)=2.2410 I(X;Z|Y)=137.3250 [4.8863, 269.7637] CE=0.0628 acc=0.9813
[mnist_mlp_opb_beta_0.001_anchor_1] run4 I(X;Z)=5.8459 I(Y;Z)=2.2353 I(X;Z|Y)=175.6321 [5.4484, 345.8157] CE=0.0649 acc=0.9820
[mnist_mlp_opb_beta_0.001_anchor_1] run5 I(X;Z)=4.9171 I(Y;Z)=2.2387 I(X;Z|Y)=139.5714 [4.4897, 274.6531] CE=0.0629 acc=0.9835
[mnist_mlp_opb_beta_0.1_anchor_1] run1 I(X;Z)=2.5316 I(Y;Z)=2.1783 I(X;Z|Y)=0.9269 [0.4404, 1.4133] CE=0.0704 acc=0.9812
[mnist_mlp_opb_beta_0.1_anchor_1] run2 I(X;Z)=2.5394 I(Y;Z)=2.1612 I(X;Z|Y)=0.9688 [0.4609, 1.4766] CE=0.0742 acc=0.9814
[mnist_mlp_opb_beta_0.1_anchor_1] run3 I(X;Z)=2.5703 I(Y;Z)=2.1530 I(X;Z|Y)=1.0967 [0.5061, 1.6872] CE=0.0857 acc=0.9798
[mnist_mlp_opb_beta_0.1_anchor_1] run4 I(X;Z)=2.5600 I(Y;Z)=2.1345 I(X;Z|Y)=1.0623 [0.4955, 1.6290] CE=0.0930 acc=0.9798
[mnist_mlp_opb_beta_0.1_anchor_1] run5 I(X;Z)=2.5423 I(Y;Z)=2.1564 I(X;Z|Y)=0.9837 [0.4696, 1.4979] CE=0.0792 acc=0.9810
[mnist_mlp_opb_beta_1_anchor_1] run1 I(X;Z)=1.4166 I(Y;Z)=1.5523 I(X;Z|Y)=0.2154 [0.1327, 0.2980] CE=0.4693 acc=0.9751
[mnist_mlp_opb_beta_1_anchor_1] run2 I(X;Z)=1.3716 I(Y;Z)=1.4359 I(X;Z|Y)=0.1888 [0.1180, 0.2596] CE=0.5399 acc=0.9771
[mnist_mlp_opb_beta_1_anchor_1] run3 I(X;Z)=1.3856 I(Y;Z)=1.4940 I(X;Z|Y)=0.2023 [0.1248, 0.2797] CE=0.4811 acc=0.9765
[mnist_mlp_opb_beta_1_anchor_1] run4 I(X;Z)=1.2565 I(Y;Z)=1.2099 I(X;Z|Y)=0.1769 [0.1115, 0.2424] CE=0.7215 acc=0.9745
[mnist_mlp_opb_beta_1_anchor_1] run5 I(X;Z)=1.6174 I(Y;Z)=1.8785 I(X;Z|Y)=0.2949 [0.1735, 0.4163] CE=0.2172 acc=0.9787
[mnist_mlp_opb_beta_5e-05_anchor_1] run1 I(X;Z)=7.8965 I(Y;Z)=2.2343 I(X;Z|Y)=9746.8465 [6.8958, 19486.7972] CE=0.0686 acc=0.9809
[mnist_mlp_opb_beta_5e-05_anchor_1] run2 I(X;Z)=7.9322 I(Y;Z)=2.2431 I(X;Z|Y)=6756.9769 [6.9058, 13507.0481] CE=0.0594 acc=0.9830
[mnist_mlp_opb_beta_5e-05_anchor_1] run3 I(X;Z)=7.6170 I(Y;Z)=2.2302 I(X;Z|Y)=26210.0431 [6.9024, 52413.1839] CE=0.0735 acc=0.9826
[mnist_mlp_opb_beta_5e-05_anchor_1] run4 I(X;Z)=7.9033 I(Y;Z)=2.2322 I(X;Z|Y)=13697.3373 [6.9069, 27387.7678] CE=0.0726 acc=0.9819
[mnist_mlp_opb_beta_5e-05_anchor_1] run5 I(X;Z)=7.8696 I(Y;Z)=2.2395 I(X;Z|Y)=10268.2013 [6.9019, 20529.5007] CE=0.0653 acc=0.9833

结果已保存：/root/autodl-tmp/IB/output/adv_mnist/info_plane_mnist_shard9.csv（25 行）
