2026-09-06 05:15:34 | Device: cuda
2026-09-06 05:15:34 | Args: {'model': 'ncbd', 'backbone': 'mlp', 'task': 'mnist', 'epochs': 100, 'batch_size': 512, 'lr': 0.001, 'hidden_dims': [512, 256], 'dropout': 0.2, 'z_dim': 256, 'anchor_scale': 4.0, 'energy_classifier': False, 'tied_head': False, 'max_len': 250, 'random_labels': False, 'beta': 0.5, 'patience': 10, 'runs': 5, 'seed': 0, 'data_dir': './data', 'save_path': 'output/mnist_mlp_ncbd/mnist_mlp_ncbd.pt', 'log_path': '/root/autodl-tmp/IB/tune_results/mnist_mlp_ncbd_beta_0.5/train.log', 'no_save': True}
2026-09-06 05:15:34 | ===== Run 1/5 (seed 0) =====
2026-09-06 05:15:40 | Epoch   1/100 | Train Loss 4.7822 Acc 0.8882 | Val Loss 4.2462 Acc 0.9469 AUC 0.9950 Pre 0.9467 Rec 0.9466
2026-09-06 05:15:40 |   Val AUC improved to 0.9950, model saved
2026-09-06 05:15:44 | Epoch   2/100 | Train Loss 4.3911 Acc 0.9612 | Val Loss 4.1280 Acc 0.9622 AUC 0.9973 Pre 0.9623 Rec 0.9616
2026-09-06 05:15:44 |   Val AUC improved to 0.9973, model saved
2026-09-06 05:15:48 | Epoch   3/100 | Train Loss 4.3336 Acc 0.9692 | Val Loss 4.1077 Acc 0.9645 AUC 0.9965 Pre 0.9643 Rec 0.9642
2026-09-06 05:15:52 | Epoch   4/100 | Train Loss 4.3139 Acc 0.9749 | Val Loss 4.0958 Acc 0.9674 AUC 0.9978 Pre 0.9673 Rec 0.9673
2026-09-06 05:15:52 |   Val AUC improved to 0.9978, model saved
2026-09-06 05:15:56 | Epoch   5/100 | Train Loss 4.3094 Acc 0.9761 | Val Loss 4.0948 Acc 0.9683 AUC 0.9974 Pre 0.9680 Rec 0.9682
2026-09-06 05:16:00 | Epoch   6/100 | Train Loss 4.3005 Acc 0.9788 | Val Loss 4.0892 Acc 0.9700 AUC 0.9967 Pre 0.9699 Rec 0.9696
2026-09-06 05:16:04 | Epoch   7/100 | Train Loss 4.2961 Acc 0.9812 | Val Loss 4.0880 Acc 0.9709 AUC 0.9974 Pre 0.9709 Rec 0.9704
2026-09-06 05:16:08 | Epoch   8/100 | Train Loss 4.2931 Acc 0.9824 | Val Loss 4.0789 Acc 0.9739 AUC 0.9978 Pre 0.9737 Rec 0.9737
2026-09-06 05:16:08 |   Val AUC improved to 0.9978, model saved
2026-09-06 05:16:12 | Epoch   9/100 | Train Loss 4.2901 Acc 0.9829 | Val Loss 4.0781 Acc 0.9741 AUC 0.9968 Pre 0.9740 Rec 0.9738
2026-09-06 05:16:16 | Epoch  10/100 | Train Loss 4.2881 Acc 0.9837 | Val Loss 4.0755 Acc 0.9747 AUC 0.9973 Pre 0.9746 Rec 0.9745
2026-09-06 05:16:20 | Epoch  11/100 | Train Loss 4.2834 Acc 0.9860 | Val Loss 4.0788 Acc 0.9740 AUC 0.9973 Pre 0.9738 Rec 0.9739
2026-09-06 05:16:24 | Epoch  12/100 | Train Loss 4.2824 Acc 0.9866 | Val Loss 4.0785 Acc 0.9749 AUC 0.9976 Pre 0.9749 Rec 0.9747
2026-09-06 05:16:28 | Epoch  13/100 | Train Loss 4.2822 Acc 0.9866 | Val Loss 4.0707 Acc 0.9767 AUC 0.9973 Pre 0.9765 Rec 0.9765
2026-09-06 05:16:32 | Epoch  14/100 | Train Loss 4.2767 Acc 0.9884 | Val Loss 4.0697 Acc 0.9781 AUC 0.9973 Pre 0.9780 Rec 0.9778
2026-09-06 05:16:36 | Epoch  15/100 | Train Loss 4.2752 Acc 0.9890 | Val Loss 4.0701 Acc 0.9772 AUC 0.9975 Pre 0.9769 Rec 0.9770
2026-09-06 05:16:40 | Epoch  16/100 | Train Loss 4.2765 Acc 0.9889 | Val Loss 4.0720 Acc 0.9762 AUC 0.9967 Pre 0.9759 Rec 0.9760
2026-09-06 05:16:43 | Epoch  17/100 | Train Loss 4.2749 Acc 0.9895 | Val Loss 4.0765 Acc 0.9740 AUC 0.9976 Pre 0.9736 Rec 0.9738
2026-09-06 05:16:47 | Epoch  18/100 | Train Loss 4.2741 Acc 0.9893 | Val Loss 4.0739 Acc 0.9760 AUC 0.9971 Pre 0.9758 Rec 0.9758
2026-09-06 05:16:47 | Val AUC did not improve for 10 consecutive epochs, early stopping at Epoch 18 (best AUC 0.9978 @ Epoch 8)
2026-09-06 05:16:48 | Run 1/5 | Test (best model @ Epoch 8) | Loss 4.0741 Acc 0.9759 AUC 0.9980 Pre 0.9759 Rec 0.9757
2026-09-06 05:16:48 | ===== Run 2/5 (seed 1) =====
2026-09-06 05:16:52 | Epoch   1/100 | Train Loss 4.7740 Acc 0.8926 | Val Loss 4.2316 Acc 0.9473 AUC 0.9952 Pre 0.9468 Rec 0.9468
2026-09-06 05:16:52 |   Val AUC improved to 0.9952, model saved
2026-09-06 05:16:56 | Epoch   2/100 | Train Loss 4.3863 Acc 0.9593 | Val Loss 4.1192 Acc 0.9643 AUC 0.9975 Pre 0.9639 Rec 0.9643
2026-09-06 05:16:56 |   Val AUC improved to 0.9975, model saved
2026-09-06 05:17:00 | Epoch   3/100 | Train Loss 4.3315 Acc 0.9689 | Val Loss 4.1091 Acc 0.9648 AUC 0.9969 Pre 0.9648 Rec 0.9643
2026-09-06 05:17:04 | Epoch   4/100 | Train Loss 4.3159 Acc 0.9737 | Val Loss 4.0969 Acc 0.9676 AUC 0.9973 Pre 0.9674 Rec 0.9673
2026-09-06 05:17:08 | Epoch   5/100 | Train Loss 4.3088 Acc 0.9756 | Val Loss 4.0924 Acc 0.9689 AUC 0.9974 Pre 0.9686 Rec 0.9687
2026-09-06 05:17:12 | Epoch   6/100 | Train Loss 4.3017 Acc 0.9792 | Val Loss 4.0869 Acc 0.9715 AUC 0.9970 Pre 0.9713 Rec 0.9712
2026-09-06 05:17:15 | Epoch   7/100 | Train Loss 4.2953 Acc 0.9813 | Val Loss 4.0832 Acc 0.9724 AUC 0.9978 Pre 0.9724 Rec 0.9721
2026-09-06 05:17:15 |   Val AUC improved to 0.9978, model saved
2026-09-06 05:17:19 | Epoch   8/100 | Train Loss 4.2932 Acc 0.9827 | Val Loss 4.0857 Acc 0.9715 AUC 0.9972 Pre 0.9713 Rec 0.9713
2026-09-06 05:17:23 | Epoch   9/100 | Train Loss 4.2872 Acc 0.9844 | Val Loss 4.0870 Acc 0.9721 AUC 0.9968 Pre 0.9720 Rec 0.9717
2026-09-06 05:17:27 | Epoch  10/100 | Train Loss 4.2866 Acc 0.9846 | Val Loss 4.0774 Acc 0.9744 AUC 0.9970 Pre 0.9742 Rec 0.9742
2026-09-06 05:17:31 | Epoch  11/100 | Train Loss 4.2828 Acc 0.9858 | Val Loss 4.0741 Acc 0.9761 AUC 0.9972 Pre 0.9760 Rec 0.9760
2026-09-06 05:17:35 | Epoch  12/100 | Train Loss 4.2819 Acc 0.9863 | Val Loss 4.0739 Acc 0.9757 AUC 0.9975 Pre 0.9756 Rec 0.9755
2026-09-06 05:17:39 | Epoch  13/100 | Train Loss 4.2804 Acc 0.9868 | Val Loss 4.0803 Acc 0.9740 AUC 0.9959 Pre 0.9737 Rec 0.9739
2026-09-06 05:17:42 | Epoch  14/100 | Train Loss 4.2790 Acc 0.9878 | Val Loss 4.0747 Acc 0.9755 AUC 0.9968 Pre 0.9753 Rec 0.9754
2026-09-06 05:17:46 | Epoch  15/100 | Train Loss 4.2798 Acc 0.9880 | Val Loss 4.0736 Acc 0.9768 AUC 0.9969 Pre 0.9766 Rec 0.9767
2026-09-06 05:17:50 | Epoch  16/100 | Train Loss 4.2760 Acc 0.9890 | Val Loss 4.0704 Acc 0.9774 AUC 0.9973 Pre 0.9774 Rec 0.9772
2026-09-06 05:17:54 | Epoch  17/100 | Train Loss 4.2759 Acc 0.9888 | Val Loss 4.0730 Acc 0.9766 AUC 0.9973 Pre 0.9764 Rec 0.9765
2026-09-06 05:17:54 | Val AUC did not improve for 10 consecutive epochs, early stopping at Epoch 17 (best AUC 0.9978 @ Epoch 7)
2026-09-06 05:17:55 | Run 2/5 | Test (best model @ Epoch 7) | Loss 4.0778 Acc 0.9746 AUC 0.9981 Pre 0.9747 Rec 0.9744
2026-09-06 05:17:55 | ===== Run 3/5 (seed 2) =====
2026-09-06 05:17:59 | Epoch   1/100 | Train Loss 4.7889 Acc 0.8888 | Val Loss 4.2262 Acc 0.9511 AUC 0.9952 Pre 0.9509 Rec 0.9507
2026-09-06 05:17:59 |   Val AUC improved to 0.9952, model saved
2026-09-06 05:18:03 | Epoch   2/100 | Train Loss 4.3873 Acc 0.9588 | Val Loss 4.1288 Acc 0.9581 AUC 0.9972 Pre 0.9579 Rec 0.9578
2026-09-06 05:18:03 |   Val AUC improved to 0.9972, model saved
2026-09-06 05:18:07 | Epoch   3/100 | Train Loss 4.3308 Acc 0.9696 | Val Loss 4.1085 Acc 0.9632 AUC 0.9967 Pre 0.9634 Rec 0.9628
2026-09-06 05:18:11 | Epoch   4/100 | Train Loss 4.3174 Acc 0.9729 | Val Loss 4.0949 Acc 0.9682 AUC 0.9971 Pre 0.9684 Rec 0.9679
2026-09-06 05:18:15 | Epoch   5/100 | Train Loss 4.3064 Acc 0.9767 | Val Loss 4.0857 Acc 0.9727 AUC 0.9971 Pre 0.9726 Rec 0.9724
2026-09-06 05:18:18 | Epoch   6/100 | Train Loss 4.3016 Acc 0.9790 | Val Loss 4.0797 Acc 0.9745 AUC 0.9975 Pre 0.9744 Rec 0.9743
2026-09-06 05:18:18 |   Val AUC improved to 0.9975, model saved
2026-09-06 05:18:22 | Epoch   7/100 | Train Loss 4.2974 Acc 0.9807 | Val Loss 4.0792 Acc 0.9742 AUC 0.9974 Pre 0.9741 Rec 0.9740
2026-09-06 05:18:26 | Epoch   8/100 | Train Loss 4.2916 Acc 0.9831 | Val Loss 4.0751 Acc 0.9749 AUC 0.9977 Pre 0.9747 Rec 0.9747
2026-09-06 05:18:26 |   Val AUC improved to 0.9977, model saved
2026-09-06 05:18:30 | Epoch   9/100 | Train Loss 4.2909 Acc 0.9833 | Val Loss 4.0795 Acc 0.9738 AUC 0.9975 Pre 0.9736 Rec 0.9736
2026-09-06 05:18:35 | Epoch  10/100 | Train Loss 4.2863 Acc 0.9847 | Val Loss 4.0751 Acc 0.9747 AUC 0.9977 Pre 0.9745 Rec 0.9745
2026-09-06 05:18:39 | Epoch  11/100 | Train Loss 4.2840 Acc 0.9858 | Val Loss 4.0721 Acc 0.9761 AUC 0.9978 Pre 0.9761 Rec 0.9759
2026-09-06 05:18:39 |   Val AUC improved to 0.9978, model saved
2026-09-06 05:18:43 | Epoch  12/100 | Train Loss 4.2782 Acc 0.9879 | Val Loss 4.0714 Acc 0.9769 AUC 0.9975 Pre 0.9767 Rec 0.9768
2026-09-06 05:18:47 | Epoch  13/100 | Train Loss 4.2815 Acc 0.9864 | Val Loss 4.0765 Acc 0.9756 AUC 0.9972 Pre 0.9755 Rec 0.9753
2026-09-06 05:18:51 | Epoch  14/100 | Train Loss 4.2800 Acc 0.9870 | Val Loss 4.0693 Acc 0.9771 AUC 0.9971 Pre 0.9769 Rec 0.9769
2026-09-06 05:18:55 | Epoch  15/100 | Train Loss 4.2777 Acc 0.9882 | Val Loss 4.0714 Acc 0.9769 AUC 0.9974 Pre 0.9768 Rec 0.9767
2026-09-06 05:18:59 | Epoch  16/100 | Train Loss 4.2749 Acc 0.9886 | Val Loss 4.0726 Acc 0.9763 AUC 0.9965 Pre 0.9764 Rec 0.9760
2026-09-06 05:19:03 | Epoch  17/100 | Train Loss 4.2750 Acc 0.9899 | Val Loss 4.0660 Acc 0.9790 AUC 0.9974 Pre 0.9787 Rec 0.9789
2026-09-06 05:19:07 | Epoch  18/100 | Train Loss 4.2741 Acc 0.9898 | Val Loss 4.0722 Acc 0.9767 AUC 0.9974 Pre 0.9765 Rec 0.9764
2026-09-06 05:19:11 | Epoch  19/100 | Train Loss 4.2741 Acc 0.9899 | Val Loss 4.0686 Acc 0.9783 AUC 0.9974 Pre 0.9781 Rec 0.9783
2026-09-06 05:19:15 | Epoch  20/100 | Train Loss 4.2715 Acc 0.9908 | Val Loss 4.0682 Acc 0.9786 AUC 0.9973 Pre 0.9787 Rec 0.9784
2026-09-06 05:19:19 | Epoch  21/100 | Train Loss 4.2707 Acc 0.9913 | Val Loss 4.0676 Acc 0.9777 AUC 0.9968 Pre 0.9774 Rec 0.9777
2026-09-06 05:19:19 | Val AUC did not improve for 10 consecutive epochs, early stopping at Epoch 21 (best AUC 0.9978 @ Epoch 11)
2026-09-06 05:19:20 | Run 3/5 | Test (best model @ Epoch 11) | Loss 4.0694 Acc 0.9778 AUC 0.9982 Pre 0.9778 Rec 0.9776
2026-09-06 05:19:20 | ===== Run 4/5 (seed 3) =====
2026-09-06 05:19:24 | Epoch   1/100 | Train Loss 4.7848 Acc 0.8933 | Val Loss 4.2369 Acc 0.9494 AUC 0.9954 Pre 0.9491 Rec 0.9488
2026-09-06 05:19:24 |   Val AUC improved to 0.9954, model saved
2026-09-06 05:19:28 | Epoch   2/100 | Train Loss 4.3911 Acc 0.9604 | Val Loss 4.1313 Acc 0.9591 AUC 0.9970 Pre 0.9588 Rec 0.9588
2026-09-06 05:19:28 |   Val AUC improved to 0.9970, model saved
2026-09-06 05:19:32 | Epoch   3/100 | Train Loss 4.3362 Acc 0.9683 | Val Loss 4.1106 Acc 0.9635 AUC 0.9961 Pre 0.9634 Rec 0.9631
2026-09-06 05:19:36 | Epoch   4/100 | Train Loss 4.3166 Acc 0.9735 | Val Loss 4.1028 Acc 0.9658 AUC 0.9970 Pre 0.9654 Rec 0.9656
2026-09-06 05:19:36 |   Val AUC improved to 0.9970, model saved
2026-09-06 05:19:40 | Epoch   5/100 | Train Loss 4.3077 Acc 0.9771 | Val Loss 4.0901 Acc 0.9705 AUC 0.9977 Pre 0.9705 Rec 0.9701
2026-09-06 05:19:40 |   Val AUC improved to 0.9977, model saved
2026-09-06 05:19:44 | Epoch   6/100 | Train Loss 4.3048 Acc 0.9778 | Val Loss 4.0846 Acc 0.9728 AUC 0.9973 Pre 0.9726 Rec 0.9725
2026-09-06 05:19:48 | Epoch   7/100 | Train Loss 4.2975 Acc 0.9806 | Val Loss 4.0855 Acc 0.9720 AUC 0.9971 Pre 0.9719 Rec 0.9717
2026-09-06 05:19:52 | Epoch   8/100 | Train Loss 4.2935 Acc 0.9816 | Val Loss 4.0811 Acc 0.9733 AUC 0.9970 Pre 0.9730 Rec 0.9731
2026-09-06 05:19:56 | Epoch   9/100 | Train Loss 4.2878 Acc 0.9842 | Val Loss 4.0785 Acc 0.9746 AUC 0.9971 Pre 0.9745 Rec 0.9744
2026-09-06 05:20:23 | Device: cuda
2026-09-06 05:20:23 | Args: {'model': 'ncbd', 'backbone': 'mlp', 'task': 'mnist', 'epochs': 100, 'batch_size': 512, 'lr': 0.001, 'hidden_dims': [512, 256], 'dropout': 0.2, 'z_dim': 256, 'anchor_scale': 4.0, 'energy_classifier': False, 'tied_head': False, 'max_len': 250, 'random_labels': False, 'beta': 0.5, 'patience': 10, 'runs': 5, 'seed': 0, 'data_dir': './data', 'save_path': 'output/mnist_mlp_ncbd/mnist_mlp_ncbd.pt', 'log_path': '/root/autodl-tmp/IB/tune_results/mnist_mlp_ncbd_beta_0.5/train.log', 'no_save': True}
2026-09-06 05:20:24 | ===== Run 1/5 (seed 0) =====
2026-09-06 05:20:29 | Epoch   1/100 | Train Loss 4.7822 Acc 0.8882 | Val Loss 4.2462 Acc 0.9469 AUC 0.9950 Pre 0.9467 Rec 0.9466
2026-09-06 05:20:29 |   Val AUC improved to 0.9950, model saved
2026-09-06 05:20:33 | Epoch   2/100 | Train Loss 4.3911 Acc 0.9612 | Val Loss 4.1280 Acc 0.9622 AUC 0.9973 Pre 0.9623 Rec 0.9616
2026-09-06 05:20:33 |   Val AUC improved to 0.9973, model saved
2026-09-06 05:20:37 | Epoch   3/100 | Train Loss 4.3336 Acc 0.9692 | Val Loss 4.1077 Acc 0.9645 AUC 0.9965 Pre 0.9643 Rec 0.9642
2026-09-06 05:20:41 | Epoch   4/100 | Train Loss 4.3139 Acc 0.9749 | Val Loss 4.0958 Acc 0.9674 AUC 0.9978 Pre 0.9673 Rec 0.9673
2026-09-06 05:20:41 |   Val AUC improved to 0.9978, model saved
2026-09-06 05:20:45 | Epoch   5/100 | Train Loss 4.3094 Acc 0.9761 | Val Loss 4.0948 Acc 0.9683 AUC 0.9974 Pre 0.9680 Rec 0.9682
2026-09-06 05:20:49 | Epoch   6/100 | Train Loss 4.3005 Acc 0.9788 | Val Loss 4.0892 Acc 0.9700 AUC 0.9967 Pre 0.9699 Rec 0.9696
2026-09-06 05:20:54 | Epoch   7/100 | Train Loss 4.2961 Acc 0.9812 | Val Loss 4.0880 Acc 0.9709 AUC 0.9974 Pre 0.9709 Rec 0.9704
2026-09-06 05:20:58 | Epoch   8/100 | Train Loss 4.2931 Acc 0.9824 | Val Loss 4.0789 Acc 0.9739 AUC 0.9978 Pre 0.9737 Rec 0.9737
2026-09-06 05:20:58 |   Val AUC improved to 0.9978, model saved
2026-09-06 05:21:02 | Epoch   9/100 | Train Loss 4.2901 Acc 0.9829 | Val Loss 4.0781 Acc 0.9741 AUC 0.9968 Pre 0.9740 Rec 0.9738
2026-09-06 05:21:06 | Epoch  10/100 | Train Loss 4.2881 Acc 0.9837 | Val Loss 4.0755 Acc 0.9747 AUC 0.9973 Pre 0.9746 Rec 0.9745
2026-09-06 05:21:10 | Epoch  11/100 | Train Loss 4.2834 Acc 0.9860 | Val Loss 4.0788 Acc 0.9740 AUC 0.9973 Pre 0.9738 Rec 0.9739
2026-09-06 05:21:14 | Epoch  12/100 | Train Loss 4.2824 Acc 0.9866 | Val Loss 4.0785 Acc 0.9749 AUC 0.9976 Pre 0.9749 Rec 0.9747
2026-09-06 05:21:18 | Epoch  13/100 | Train Loss 4.2822 Acc 0.9866 | Val Loss 4.0707 Acc 0.9767 AUC 0.9973 Pre 0.9765 Rec 0.9765
2026-09-06 05:21:22 | Epoch  14/100 | Train Loss 4.2767 Acc 0.9884 | Val Loss 4.0697 Acc 0.9781 AUC 0.9973 Pre 0.9780 Rec 0.9778
2026-09-06 05:21:26 | Epoch  15/100 | Train Loss 4.2752 Acc 0.9890 | Val Loss 4.0701 Acc 0.9772 AUC 0.9975 Pre 0.9769 Rec 0.9770
2026-09-06 05:21:30 | Epoch  16/100 | Train Loss 4.2765 Acc 0.9889 | Val Loss 4.0720 Acc 0.9762 AUC 0.9967 Pre 0.9759 Rec 0.9760
2026-09-06 05:21:34 | Epoch  17/100 | Train Loss 4.2749 Acc 0.9895 | Val Loss 4.0765 Acc 0.9740 AUC 0.9976 Pre 0.9736 Rec 0.9738
2026-09-06 05:21:38 | Epoch  18/100 | Train Loss 4.2741 Acc 0.9893 | Val Loss 4.0739 Acc 0.9760 AUC 0.9971 Pre 0.9758 Rec 0.9758
2026-09-06 05:21:38 | Val AUC did not improve for 10 consecutive epochs, early stopping at Epoch 18 (best AUC 0.9978 @ Epoch 8)
2026-09-06 05:21:39 | Run 1/5 | Test (best model @ Epoch 8) | Loss 4.0741 Acc 0.9759 AUC 0.9980 Pre 0.9759 Rec 0.9757
2026-09-06 05:21:39 | ===== Run 2/5 (seed 1) =====
2026-09-06 05:21:43 | Epoch   1/100 | Train Loss 4.7740 Acc 0.8926 | Val Loss 4.2316 Acc 0.9473 AUC 0.9952 Pre 0.9468 Rec 0.9468
2026-09-06 05:21:43 |   Val AUC improved to 0.9952, model saved
2026-09-06 05:21:47 | Epoch   2/100 | Train Loss 4.3863 Acc 0.9593 | Val Loss 4.1192 Acc 0.9643 AUC 0.9975 Pre 0.9639 Rec 0.9643
2026-09-06 05:21:47 |   Val AUC improved to 0.9975, model saved
2026-09-06 05:21:51 | Epoch   3/100 | Train Loss 4.3315 Acc 0.9689 | Val Loss 4.1091 Acc 0.9648 AUC 0.9969 Pre 0.9648 Rec 0.9643
2026-09-06 05:21:55 | Epoch   4/100 | Train Loss 4.3159 Acc 0.9737 | Val Loss 4.0969 Acc 0.9676 AUC 0.9973 Pre 0.9674 Rec 0.9673
2026-09-06 05:21:59 | Epoch   5/100 | Train Loss 4.3088 Acc 0.9756 | Val Loss 4.0924 Acc 0.9689 AUC 0.9974 Pre 0.9686 Rec 0.9687
2026-09-06 05:22:04 | Epoch   6/100 | Train Loss 4.3017 Acc 0.9792 | Val Loss 4.0869 Acc 0.9715 AUC 0.9970 Pre 0.9713 Rec 0.9712
2026-09-06 05:22:08 | Epoch   7/100 | Train Loss 4.2953 Acc 0.9813 | Val Loss 4.0832 Acc 0.9724 AUC 0.9978 Pre 0.9724 Rec 0.9721
2026-09-06 05:22:08 |   Val AUC improved to 0.9978, model saved
2026-09-06 05:22:12 | Epoch   8/100 | Train Loss 4.2932 Acc 0.9827 | Val Loss 4.0857 Acc 0.9715 AUC 0.9972 Pre 0.9713 Rec 0.9713
2026-09-06 05:22:16 | Epoch   9/100 | Train Loss 4.2872 Acc 0.9844 | Val Loss 4.0870 Acc 0.9721 AUC 0.9968 Pre 0.9720 Rec 0.9717
2026-09-06 05:22:20 | Epoch  10/100 | Train Loss 4.2866 Acc 0.9846 | Val Loss 4.0774 Acc 0.9744 AUC 0.9970 Pre 0.9742 Rec 0.9742
2026-09-06 05:22:24 | Epoch  11/100 | Train Loss 4.2828 Acc 0.9858 | Val Loss 4.0741 Acc 0.9761 AUC 0.9972 Pre 0.9760 Rec 0.9760
2026-09-06 05:22:28 | Epoch  12/100 | Train Loss 4.2819 Acc 0.9863 | Val Loss 4.0739 Acc 0.9757 AUC 0.9975 Pre 0.9756 Rec 0.9755
2026-09-06 05:22:32 | Epoch  13/100 | Train Loss 4.2804 Acc 0.9868 | Val Loss 4.0803 Acc 0.9740 AUC 0.9959 Pre 0.9737 Rec 0.9739
2026-09-06 05:22:37 | Epoch  14/100 | Train Loss 4.2790 Acc 0.9878 | Val Loss 4.0747 Acc 0.9755 AUC 0.9968 Pre 0.9753 Rec 0.9754
2026-09-06 05:22:41 | Epoch  15/100 | Train Loss 4.2798 Acc 0.9880 | Val Loss 4.0736 Acc 0.9768 AUC 0.9969 Pre 0.9766 Rec 0.9767
2026-09-06 05:22:45 | Epoch  16/100 | Train Loss 4.2760 Acc 0.9890 | Val Loss 4.0704 Acc 0.9774 AUC 0.9973 Pre 0.9774 Rec 0.9772
2026-09-06 05:22:49 | Epoch  17/100 | Train Loss 4.2759 Acc 0.9888 | Val Loss 4.0730 Acc 0.9766 AUC 0.9973 Pre 0.9764 Rec 0.9765
2026-09-06 05:22:49 | Val AUC did not improve for 10 consecutive epochs, early stopping at Epoch 17 (best AUC 0.9978 @ Epoch 7)
2026-09-06 05:22:49 | Run 2/5 | Test (best model @ Epoch 7) | Loss 4.0778 Acc 0.9746 AUC 0.9981 Pre 0.9747 Rec 0.9744
2026-09-06 05:22:49 | ===== Run 3/5 (seed 2) =====
2026-09-06 05:22:53 | Epoch   1/100 | Train Loss 4.7889 Acc 0.8888 | Val Loss 4.2262 Acc 0.9511 AUC 0.9952 Pre 0.9509 Rec 0.9507
2026-09-06 05:22:53 |   Val AUC improved to 0.9952, model saved
2026-09-06 05:22:58 | Epoch   2/100 | Train Loss 4.3873 Acc 0.9588 | Val Loss 4.1288 Acc 0.9581 AUC 0.9972 Pre 0.9579 Rec 0.9578
2026-09-06 05:22:58 |   Val AUC improved to 0.9972, model saved
2026-09-06 05:23:02 | Epoch   3/100 | Train Loss 4.3308 Acc 0.9696 | Val Loss 4.1085 Acc 0.9632 AUC 0.9967 Pre 0.9634 Rec 0.9628
2026-09-06 05:23:06 | Epoch   4/100 | Train Loss 4.3174 Acc 0.9729 | Val Loss 4.0949 Acc 0.9682 AUC 0.9971 Pre 0.9684 Rec 0.9679
2026-09-06 05:23:10 | Epoch   5/100 | Train Loss 4.3064 Acc 0.9767 | Val Loss 4.0857 Acc 0.9727 AUC 0.9971 Pre 0.9726 Rec 0.9724
2026-09-06 05:23:14 | Epoch   6/100 | Train Loss 4.3016 Acc 0.9790 | Val Loss 4.0797 Acc 0.9745 AUC 0.9975 Pre 0.9744 Rec 0.9743
2026-09-06 05:23:14 |   Val AUC improved to 0.9975, model saved
2026-09-06 05:24:12 | Device: cuda
2026-09-06 05:24:12 | Args: {'model': 'ncbd', 'backbone': 'mlp', 'task': 'mnist', 'epochs': 100, 'batch_size': 512, 'lr': 0.001, 'hidden_dims': [512, 256], 'dropout': 0.2, 'z_dim': 256, 'anchor_scale': 4.0, 'energy_classifier': False, 'tied_head': False, 'max_len': 250, 'random_labels': False, 'beta': 0.5, 'patience': 10, 'runs': 5, 'seed': 0, 'data_dir': './data', 'save_path': 'output/mnist_mlp_ncbd/mnist_mlp_ncbd.pt', 'log_path': '/root/autodl-tmp/IB/tune_results/mnist_mlp_ncbd_beta_0.5/train.log', 'no_save': True}
2026-09-06 05:24:12 | ===== Run 1/5 (seed 0) =====
2026-09-06 05:24:17 | Epoch   1/100 | Train Loss 4.7822 Acc 0.8882 | Val Loss 4.2462 Acc 0.9469 AUC 0.9950 Pre 0.9467 Rec 0.9466
2026-09-06 05:24:17 |   Val AUC improved to 0.9950, model saved
2026-09-06 05:24:22 | Epoch   2/100 | Train Loss 4.3911 Acc 0.9612 | Val Loss 4.1280 Acc 0.9622 AUC 0.9973 Pre 0.9623 Rec 0.9616
2026-09-06 05:24:22 |   Val AUC improved to 0.9973, model saved
2026-09-06 05:24:26 | Epoch   3/100 | Train Loss 4.3336 Acc 0.9692 | Val Loss 4.1077 Acc 0.9645 AUC 0.9965 Pre 0.9643 Rec 0.9642
2026-09-06 05:24:30 | Epoch   4/100 | Train Loss 4.3139 Acc 0.9749 | Val Loss 4.0958 Acc 0.9674 AUC 0.9978 Pre 0.9673 Rec 0.9673
2026-09-06 05:24:30 |   Val AUC improved to 0.9978, model saved
2026-09-06 05:24:34 | Epoch   5/100 | Train Loss 4.3094 Acc 0.9761 | Val Loss 4.0948 Acc 0.9683 AUC 0.9974 Pre 0.9680 Rec 0.9682
2026-09-06 05:24:38 | Epoch   6/100 | Train Loss 4.3005 Acc 0.9788 | Val Loss 4.0892 Acc 0.9700 AUC 0.9967 Pre 0.9699 Rec 0.9696
2026-09-06 05:24:42 | Epoch   7/100 | Train Loss 4.2961 Acc 0.9812 | Val Loss 4.0880 Acc 0.9709 AUC 0.9974 Pre 0.9709 Rec 0.9704
2026-09-06 05:24:47 | Epoch   8/100 | Train Loss 4.2931 Acc 0.9824 | Val Loss 4.0789 Acc 0.9739 AUC 0.9978 Pre 0.9737 Rec 0.9737
2026-09-06 05:24:47 |   Val AUC improved to 0.9978, model saved
2026-09-06 05:24:51 | Epoch   9/100 | Train Loss 4.2901 Acc 0.9829 | Val Loss 4.0781 Acc 0.9741 AUC 0.9968 Pre 0.9740 Rec 0.9738
2026-09-06 05:24:55 | Epoch  10/100 | Train Loss 4.2881 Acc 0.9837 | Val Loss 4.0755 Acc 0.9747 AUC 0.9973 Pre 0.9746 Rec 0.9745
2026-09-06 05:24:59 | Epoch  11/100 | Train Loss 4.2834 Acc 0.9860 | Val Loss 4.0788 Acc 0.9740 AUC 0.9973 Pre 0.9738 Rec 0.9739
2026-09-06 05:25:03 | Epoch  12/100 | Train Loss 4.2824 Acc 0.9866 | Val Loss 4.0785 Acc 0.9749 AUC 0.9976 Pre 0.9749 Rec 0.9747
2026-09-06 05:25:07 | Epoch  13/100 | Train Loss 4.2822 Acc 0.9866 | Val Loss 4.0707 Acc 0.9767 AUC 0.9973 Pre 0.9765 Rec 0.9765
2026-09-06 05:25:11 | Epoch  14/100 | Train Loss 4.2767 Acc 0.9884 | Val Loss 4.0697 Acc 0.9781 AUC 0.9973 Pre 0.9780 Rec 0.9778
2026-09-06 05:25:15 | Epoch  15/100 | Train Loss 4.2752 Acc 0.9890 | Val Loss 4.0701 Acc 0.9772 AUC 0.9975 Pre 0.9769 Rec 0.9770
2026-09-06 05:25:20 | Epoch  16/100 | Train Loss 4.2765 Acc 0.9889 | Val Loss 4.0720 Acc 0.9762 AUC 0.9967 Pre 0.9759 Rec 0.9760
2026-09-06 05:25:24 | Epoch  17/100 | Train Loss 4.2749 Acc 0.9895 | Val Loss 4.0765 Acc 0.9740 AUC 0.9976 Pre 0.9736 Rec 0.9738
2026-09-06 05:25:28 | Epoch  18/100 | Train Loss 4.2741 Acc 0.9893 | Val Loss 4.0739 Acc 0.9760 AUC 0.9971 Pre 0.9758 Rec 0.9758
2026-09-06 05:25:28 | Val AUC did not improve for 10 consecutive epochs, early stopping at Epoch 18 (best AUC 0.9978 @ Epoch 8)
2026-09-06 05:25:28 | Run 1/5 | Test (best model @ Epoch 8) | Loss 4.0741 Acc 0.9759 AUC 0.9980 Pre 0.9759 Rec 0.9757
2026-09-06 05:25:28 | ===== Run 2/5 (seed 1) =====
2026-09-06 05:25:32 | Epoch   1/100 | Train Loss 4.7740 Acc 0.8926 | Val Loss 4.2316 Acc 0.9473 AUC 0.9952 Pre 0.9468 Rec 0.9468
2026-09-06 05:25:32 |   Val AUC improved to 0.9952, model saved
2026-09-06 05:25:37 | Epoch   2/100 | Train Loss 4.3863 Acc 0.9593 | Val Loss 4.1192 Acc 0.9643 AUC 0.9975 Pre 0.9639 Rec 0.9643
2026-09-06 05:25:37 |   Val AUC improved to 0.9975, model saved
2026-09-06 05:25:41 | Epoch   3/100 | Train Loss 4.3315 Acc 0.9689 | Val Loss 4.1091 Acc 0.9648 AUC 0.9969 Pre 0.9648 Rec 0.9643
2026-09-06 05:25:45 | Epoch   4/100 | Train Loss 4.3159 Acc 0.9737 | Val Loss 4.0969 Acc 0.9676 AUC 0.9973 Pre 0.9674 Rec 0.9673
2026-09-06 05:25:49 | Epoch   5/100 | Train Loss 4.3088 Acc 0.9756 | Val Loss 4.0924 Acc 0.9689 AUC 0.9974 Pre 0.9686 Rec 0.9687
2026-09-06 05:25:53 | Epoch   6/100 | Train Loss 4.3017 Acc 0.9792 | Val Loss 4.0869 Acc 0.9715 AUC 0.9970 Pre 0.9713 Rec 0.9712
2026-09-06 05:25:57 | Epoch   7/100 | Train Loss 4.2953 Acc 0.9813 | Val Loss 4.0832 Acc 0.9724 AUC 0.9978 Pre 0.9724 Rec 0.9721
2026-09-06 05:25:57 |   Val AUC improved to 0.9978, model saved
2026-09-06 05:26:02 | Epoch   8/100 | Train Loss 4.2932 Acc 0.9827 | Val Loss 4.0857 Acc 0.9715 AUC 0.9972 Pre 0.9713 Rec 0.9713
2026-09-06 05:26:06 | Epoch   9/100 | Train Loss 4.2872 Acc 0.9844 | Val Loss 4.0870 Acc 0.9721 AUC 0.9968 Pre 0.9720 Rec 0.9717
2026-09-06 05:26:10 | Epoch  10/100 | Train Loss 4.2866 Acc 0.9846 | Val Loss 4.0774 Acc 0.9744 AUC 0.9970 Pre 0.9742 Rec 0.9742
2026-09-06 05:26:14 | Epoch  11/100 | Train Loss 4.2828 Acc 0.9858 | Val Loss 4.0741 Acc 0.9761 AUC 0.9972 Pre 0.9760 Rec 0.9760
2026-09-06 05:26:18 | Epoch  12/100 | Train Loss 4.2819 Acc 0.9863 | Val Loss 4.0739 Acc 0.9757 AUC 0.9975 Pre 0.9756 Rec 0.9755
2026-09-06 05:26:22 | Epoch  13/100 | Train Loss 4.2804 Acc 0.9868 | Val Loss 4.0803 Acc 0.9740 AUC 0.9959 Pre 0.9737 Rec 0.9739
2026-09-06 05:26:26 | Epoch  14/100 | Train Loss 4.2790 Acc 0.9878 | Val Loss 4.0747 Acc 0.9755 AUC 0.9968 Pre 0.9753 Rec 0.9754
2026-09-06 05:26:30 | Epoch  15/100 | Train Loss 4.2798 Acc 0.9880 | Val Loss 4.0736 Acc 0.9768 AUC 0.9969 Pre 0.9766 Rec 0.9767
2026-09-06 05:26:35 | Epoch  16/100 | Train Loss 4.2760 Acc 0.9890 | Val Loss 4.0704 Acc 0.9774 AUC 0.9973 Pre 0.9774 Rec 0.9772
2026-09-06 05:26:39 | Epoch  17/100 | Train Loss 4.2759 Acc 0.9888 | Val Loss 4.0730 Acc 0.9766 AUC 0.9973 Pre 0.9764 Rec 0.9765
2026-09-06 05:26:39 | Val AUC did not improve for 10 consecutive epochs, early stopping at Epoch 17 (best AUC 0.9978 @ Epoch 7)
2026-09-06 05:26:39 | Run 2/5 | Test (best model @ Epoch 7) | Loss 4.0778 Acc 0.9746 AUC 0.9981 Pre 0.9747 Rec 0.9744
2026-09-06 05:26:39 | ===== Run 3/5 (seed 2) =====
2026-09-06 05:26:43 | Epoch   1/100 | Train Loss 4.7889 Acc 0.8888 | Val Loss 4.2262 Acc 0.9511 AUC 0.9952 Pre 0.9509 Rec 0.9507
2026-09-06 05:26:43 |   Val AUC improved to 0.9952, model saved
2026-09-06 05:26:48 | Epoch   2/100 | Train Loss 4.3873 Acc 0.9588 | Val Loss 4.1288 Acc 0.9581 AUC 0.9972 Pre 0.9579 Rec 0.9578
2026-09-06 05:26:48 |   Val AUC improved to 0.9972, model saved
2026-09-06 05:26:52 | Epoch   3/100 | Train Loss 4.3308 Acc 0.9696 | Val Loss 4.1085 Acc 0.9632 AUC 0.9967 Pre 0.9634 Rec 0.9628
2026-09-06 05:26:56 | Epoch   4/100 | Train Loss 4.3174 Acc 0.9729 | Val Loss 4.0949 Acc 0.9682 AUC 0.9971 Pre 0.9684 Rec 0.9679
2026-09-06 05:27:00 | Epoch   5/100 | Train Loss 4.3064 Acc 0.9767 | Val Loss 4.0857 Acc 0.9727 AUC 0.9971 Pre 0.9726 Rec 0.9724
2026-09-06 05:27:04 | Epoch   6/100 | Train Loss 4.3016 Acc 0.9790 | Val Loss 4.0797 Acc 0.9745 AUC 0.9975 Pre 0.9744 Rec 0.9743
2026-09-06 05:27:04 |   Val AUC improved to 0.9975, model saved
2026-09-06 05:27:08 | Epoch   7/100 | Train Loss 4.2974 Acc 0.9807 | Val Loss 4.0792 Acc 0.9742 AUC 0.9974 Pre 0.9741 Rec 0.9740
2026-09-06 05:27:12 | Epoch   8/100 | Train Loss 4.2916 Acc 0.9831 | Val Loss 4.0751 Acc 0.9749 AUC 0.9977 Pre 0.9747 Rec 0.9747
2026-09-06 05:27:12 |   Val AUC improved to 0.9977, model saved
2026-09-06 05:27:16 | Epoch   9/100 | Train Loss 4.2909 Acc 0.9833 | Val Loss 4.0795 Acc 0.9738 AUC 0.9975 Pre 0.9736 Rec 0.9736
2026-09-06 05:27:20 | Epoch  10/100 | Train Loss 4.2863 Acc 0.9847 | Val Loss 4.0751 Acc 0.9747 AUC 0.9977 Pre 0.9745 Rec 0.9745
2026-09-06 05:27:24 | Epoch  11/100 | Train Loss 4.2840 Acc 0.9858 | Val Loss 4.0721 Acc 0.9761 AUC 0.9978 Pre 0.9761 Rec 0.9759
2026-09-06 05:27:24 |   Val AUC improved to 0.9978, model saved
2026-09-06 05:27:28 | Epoch  12/100 | Train Loss 4.2782 Acc 0.9879 | Val Loss 4.0714 Acc 0.9769 AUC 0.9975 Pre 0.9767 Rec 0.9768
2026-09-06 05:27:33 | Epoch  13/100 | Train Loss 4.2815 Acc 0.9864 | Val Loss 4.0765 Acc 0.9756 AUC 0.9972 Pre 0.9755 Rec 0.9753
2026-09-06 05:27:37 | Epoch  14/100 | Train Loss 4.2800 Acc 0.9870 | Val Loss 4.0693 Acc 0.9771 AUC 0.9971 Pre 0.9769 Rec 0.9769
2026-09-06 05:27:41 | Epoch  15/100 | Train Loss 4.2777 Acc 0.9882 | Val Loss 4.0714 Acc 0.9769 AUC 0.9974 Pre 0.9768 Rec 0.9767
2026-09-06 05:27:45 | Epoch  16/100 | Train Loss 4.2749 Acc 0.9886 | Val Loss 4.0726 Acc 0.9763 AUC 0.9965 Pre 0.9764 Rec 0.9760
2026-09-06 05:27:49 | Epoch  17/100 | Train Loss 4.2750 Acc 0.9899 | Val Loss 4.0660 Acc 0.9790 AUC 0.9974 Pre 0.9787 Rec 0.9789
2026-09-06 05:27:53 | Epoch  18/100 | Train Loss 4.2741 Acc 0.9898 | Val Loss 4.0722 Acc 0.9767 AUC 0.9974 Pre 0.9765 Rec 0.9764
2026-09-06 05:27:57 | Epoch  19/100 | Train Loss 4.2741 Acc 0.9899 | Val Loss 4.0686 Acc 0.9783 AUC 0.9974 Pre 0.9781 Rec 0.9783
2026-09-06 05:28:01 | Epoch  20/100 | Train Loss 4.2715 Acc 0.9908 | Val Loss 4.0682 Acc 0.9786 AUC 0.9973 Pre 0.9787 Rec 0.9784
2026-09-06 05:28:05 | Epoch  21/100 | Train Loss 4.2707 Acc 0.9913 | Val Loss 4.0676 Acc 0.9777 AUC 0.9968 Pre 0.9774 Rec 0.9777
2026-09-06 05:28:05 | Val AUC did not improve for 10 consecutive epochs, early stopping at Epoch 21 (best AUC 0.9978 @ Epoch 11)
2026-09-06 05:28:06 | Run 3/5 | Test (best model @ Epoch 11) | Loss 4.0694 Acc 0.9778 AUC 0.9982 Pre 0.9778 Rec 0.9776
2026-09-06 05:28:06 | ===== Run 4/5 (seed 3) =====
2026-09-06 05:28:10 | Epoch   1/100 | Train Loss 4.7848 Acc 0.8933 | Val Loss 4.2369 Acc 0.9494 AUC 0.9954 Pre 0.9491 Rec 0.9488
2026-09-06 05:28:10 |   Val AUC improved to 0.9954, model saved
2026-09-06 05:28:14 | Epoch   2/100 | Train Loss 4.3911 Acc 0.9604 | Val Loss 4.1313 Acc 0.9591 AUC 0.9970 Pre 0.9588 Rec 0.9588
2026-09-06 05:28:14 |   Val AUC improved to 0.9970, model saved
2026-09-06 05:28:18 | Epoch   3/100 | Train Loss 4.3362 Acc 0.9683 | Val Loss 4.1106 Acc 0.9635 AUC 0.9961 Pre 0.9634 Rec 0.9631
2026-09-06 05:28:23 | Epoch   4/100 | Train Loss 4.3166 Acc 0.9735 | Val Loss 4.1028 Acc 0.9658 AUC 0.9970 Pre 0.9654 Rec 0.9656
2026-09-06 05:28:23 |   Val AUC improved to 0.9970, model saved
2026-09-06 05:28:27 | Epoch   5/100 | Train Loss 4.3077 Acc 0.9771 | Val Loss 4.0901 Acc 0.9705 AUC 0.9977 Pre 0.9705 Rec 0.9701
2026-09-06 05:28:27 |   Val AUC improved to 0.9977, model saved
2026-09-06 05:28:31 | Epoch   6/100 | Train Loss 4.3048 Acc 0.9778 | Val Loss 4.0846 Acc 0.9728 AUC 0.9973 Pre 0.9726 Rec 0.9725
2026-09-06 05:28:35 | Epoch   7/100 | Train Loss 4.2975 Acc 0.9806 | Val Loss 4.0855 Acc 0.9720 AUC 0.9971 Pre 0.9719 Rec 0.9717
2026-09-06 05:28:39 | Epoch   8/100 | Train Loss 4.2935 Acc 0.9816 | Val Loss 4.0811 Acc 0.9733 AUC 0.9970 Pre 0.9730 Rec 0.9731
2026-09-06 05:28:43 | Epoch   9/100 | Train Loss 4.2878 Acc 0.9842 | Val Loss 4.0785 Acc 0.9746 AUC 0.9971 Pre 0.9745 Rec 0.9744
2026-09-06 05:28:47 | Epoch  10/100 | Train Loss 4.2864 Acc 0.9847 | Val Loss 4.0805 Acc 0.9739 AUC 0.9977 Pre 0.9740 Rec 0.9734
2026-09-06 05:28:47 |   Val AUC improved to 0.9977, model saved
2026-09-06 05:28:51 | Epoch  11/100 | Train Loss 4.2847 Acc 0.9853 | Val Loss 4.0811 Acc 0.9736 AUC 0.9958 Pre 0.9737 Rec 0.9732
2026-09-06 05:28:55 | Epoch  12/100 | Train Loss 4.2854 Acc 0.9852 | Val Loss 4.0731 Acc 0.9758 AUC 0.9967 Pre 0.9755 Rec 0.9755
2026-09-06 05:28:59 | Epoch  13/100 | Train Loss 4.2822 Acc 0.9864 | Val Loss 4.0718 Acc 0.9765 AUC 0.9973 Pre 0.9765 Rec 0.9764
2026-09-06 05:29:03 | Epoch  14/100 | Train Loss 4.2792 Acc 0.9875 | Val Loss 4.0770 Acc 0.9747 AUC 0.9973 Pre 0.9745 Rec 0.9745
2026-09-06 05:29:07 | Epoch  15/100 | Train Loss 4.2847 Acc 0.9853 | Val Loss 4.0831 Acc 0.9735 AUC 0.9969 Pre 0.9735 Rec 0.9732
2026-09-06 05:29:12 | Epoch  16/100 | Train Loss 4.2811 Acc 0.9862 | Val Loss 4.0715 Acc 0.9762 AUC 0.9968 Pre 0.9762 Rec 0.9759
2026-09-06 05:29:16 | Epoch  17/100 | Train Loss 4.2752 Acc 0.9887 | Val Loss 4.0748 Acc 0.9749 AUC 0.9972 Pre 0.9748 Rec 0.9745
2026-09-06 05:29:20 | Epoch  18/100 | Train Loss 4.2748 Acc 0.9888 | Val Loss 4.0761 Acc 0.9751 AUC 0.9974 Pre 0.9750 Rec 0.9749
2026-09-06 05:29:24 | Epoch  19/100 | Train Loss 4.2750 Acc 0.9897 | Val Loss 4.0722 Acc 0.9763 AUC 0.9967 Pre 0.9761 Rec 0.9761
2026-09-06 05:29:28 | Epoch  20/100 | Train Loss 4.2726 Acc 0.9903 | Val Loss 4.0713 Acc 0.9764 AUC 0.9974 Pre 0.9763 Rec 0.9762
2026-09-06 05:29:28 | Val AUC did not improve for 10 consecutive epochs, early stopping at Epoch 20 (best AUC 0.9977 @ Epoch 10)
2026-09-06 05:29:29 | Run 4/5 | Test (best model @ Epoch 10) | Loss 4.0794 Acc 0.9741 AUC 0.9976 Pre 0.9742 Rec 0.9736
2026-09-06 05:29:29 | ===== Run 5/5 (seed 4) =====
2026-09-06 05:29:33 | Epoch   1/100 | Train Loss 4.7820 Acc 0.8926 | Val Loss 4.2341 Acc 0.9498 AUC 0.9950 Pre 0.9494 Rec 0.9493
2026-09-06 05:29:33 |   Val AUC improved to 0.9950, model saved
2026-09-06 05:29:37 | Epoch   2/100 | Train Loss 4.3895 Acc 0.9599 | Val Loss 4.1279 Acc 0.9606 AUC 0.9972 Pre 0.9603 Rec 0.9604
2026-09-06 05:29:37 |   Val AUC improved to 0.9972, model saved
2026-09-06 05:29:41 | Epoch   3/100 | Train Loss 4.3327 Acc 0.9694 | Val Loss 4.0999 Acc 0.9674 AUC 0.9975 Pre 0.9674 Rec 0.9672
2026-09-06 05:29:41 |   Val AUC improved to 0.9975, model saved
2026-09-06 05:29:45 | Epoch   4/100 | Train Loss 4.3143 Acc 0.9747 | Val Loss 4.0911 Acc 0.9687 AUC 0.9978 Pre 0.9685 Rec 0.9684
2026-09-06 05:29:45 |   Val AUC improved to 0.9978, model saved
2026-09-06 05:29:49 | Epoch   5/100 | Train Loss 4.3056 Acc 0.9775 | Val Loss 4.0901 Acc 0.9704 AUC 0.9974 Pre 0.9702 Rec 0.9703
2026-09-06 05:29:54 | Epoch   6/100 | Train Loss 4.2984 Acc 0.9799 | Val Loss 4.0798 Acc 0.9741 AUC 0.9974 Pre 0.9740 Rec 0.9739
2026-09-06 05:29:58 | Epoch   7/100 | Train Loss 4.2955 Acc 0.9812 | Val Loss 4.0820 Acc 0.9724 AUC 0.9971 Pre 0.9722 Rec 0.9722
2026-09-06 05:30:02 | Epoch   8/100 | Train Loss 4.2911 Acc 0.9829 | Val Loss 4.0854 Acc 0.9715 AUC 0.9970 Pre 0.9714 Rec 0.9714
2026-09-06 05:30:06 | Epoch   9/100 | Train Loss 4.2876 Acc 0.9843 | Val Loss 4.0770 Acc 0.9753 AUC 0.9976 Pre 0.9752 Rec 0.9751
2026-09-06 05:30:10 | Epoch  10/100 | Train Loss 4.2836 Acc 0.9862 | Val Loss 4.0747 Acc 0.9757 AUC 0.9971 Pre 0.9756 Rec 0.9755
2026-09-06 05:30:14 | Epoch  11/100 | Train Loss 4.2842 Acc 0.9862 | Val Loss 4.0781 Acc 0.9740 AUC 0.9967 Pre 0.9736 Rec 0.9739
2026-09-06 05:30:18 | Epoch  12/100 | Train Loss 4.2802 Acc 0.9871 | Val Loss 4.0763 Acc 0.9741 AUC 0.9974 Pre 0.9741 Rec 0.9738
2026-09-06 05:30:22 | Epoch  13/100 | Train Loss 4.2819 Acc 0.9865 | Val Loss 4.0775 Acc 0.9742 AUC 0.9973 Pre 0.9740 Rec 0.9740
2026-09-06 05:30:26 | Epoch  14/100 | Train Loss 4.2795 Acc 0.9875 | Val Loss 4.0770 Acc 0.9738 AUC 0.9977 Pre 0.9738 Rec 0.9734
2026-09-06 05:30:26 | Val AUC did not improve for 10 consecutive epochs, early stopping at Epoch 14 (best AUC 0.9978 @ Epoch 4)
2026-09-06 05:30:27 | Run 5/5 | Test (best model @ Epoch 4) | Loss 4.0833 Acc 0.9735 AUC 0.9980 Pre 0.9736 Rec 0.9731
2026-09-06 05:30:27 | Average over 5 runs | Test Loss 4.0768±0.0053 Acc 0.9752±0.0017 AUC 0.9980±0.0002 Pre 0.9752±0.0017 Rec 0.9749±0.0018
