2026-09-01 12:59:22 | Device: cuda
2026-09-01 12:59:22 | Args: {'model': 'opb', 'backbone': 'mlp', 'task': 'imagenet100', 'epochs': 100, 'batch_size': 512, 'lr': 0.001, 'hidden_dims': [512, 256], 'dropout': 0.2, 'z_dim': 256, 'anchor_scale': 4.0, 'energy_classifier': False, 'max_len': 250, 'random_labels': False, 'beta': 0.0001, 'patience': 10, 'runs': 5, 'seed': 0, 'data_dir': './data', 'save_path': 'output/imagenet100_mlp_opb/imagenet100_mlp_opb.pt', 'log_path': '/root/autodl-tmp/IB/tune_results/imagenet100_mlp_opb_beta_0.0001_anchor_4/train.log', 'no_save': True}
2026-09-01 12:59:22 | ImageNet-100 特征：使用 4×4 空间池化文件 ./data/imagenet100/imagenet100_resnet50_layer3_pool4_features.npz
2026-09-01 12:59:22 | ImageNet-100 预处理缓存：mmap 共享 ./data/imagenet100/preprocessed_pool4
2026-09-01 12:59:22 | ===== Run 1/5 (seed 0) =====
2026-09-01 12:59:30 | Epoch   1/100 | Train Loss 1.2909 Acc 0.6756 | Val Loss 0.7214 Acc 0.8107 AUC 0.9964 Pre 0.8168 Rec 0.8075
2026-09-01 12:59:30 |   Val AUC improved to 0.9964, model saved
2026-09-01 12:59:36 | Epoch   2/100 | Train Loss 0.4934 Acc 0.8764 | Val Loss 0.6788 Acc 0.8222 AUC 0.9966 Pre 0.8272 Rec 0.8195
2026-09-01 12:59:36 |   Val AUC improved to 0.9966, model saved
2026-09-01 12:59:43 | Epoch   3/100 | Train Loss 0.2860 Acc 0.9304 | Val Loss 0.7012 Acc 0.8259 AUC 0.9965 Pre 0.8283 Rec 0.8242
2026-09-01 12:59:50 | Epoch   4/100 | Train Loss 0.2028 Acc 0.9543 | Val Loss 0.7271 Acc 0.8280 AUC 0.9961 Pre 0.8298 Rec 0.8254
2026-09-01 12:59:56 | Epoch   5/100 | Train Loss 0.1728 Acc 0.9617 | Val Loss 0.7700 Acc 0.8258 AUC 0.9958 Pre 0.8290 Rec 0.8231
2026-09-01 13:00:03 | Epoch   6/100 | Train Loss 0.1674 Acc 0.9630 | Val Loss 0.8128 Acc 0.8231 AUC 0.9955 Pre 0.8281 Rec 0.8196
2026-09-01 13:00:09 | Epoch   7/100 | Train Loss 0.1686 Acc 0.9615 | Val Loss 0.8586 Acc 0.8205 AUC 0.9951 Pre 0.8234 Rec 0.8179
2026-09-01 13:00:16 | Epoch   8/100 | Train Loss 0.1776 Acc 0.9598 | Val Loss 0.9063 Acc 0.8171 AUC 0.9946 Pre 0.8204 Rec 0.8143
2026-09-01 13:00:22 | Epoch   9/100 | Train Loss 0.1697 Acc 0.9628 | Val Loss 0.9369 Acc 0.8185 AUC 0.9946 Pre 0.8225 Rec 0.8153
2026-09-01 13:00:29 | Epoch  10/100 | Train Loss 0.1679 Acc 0.9631 | Val Loss 0.9409 Acc 0.8137 AUC 0.9940 Pre 0.8165 Rec 0.8107
2026-09-01 13:00:35 | Epoch  11/100 | Train Loss 0.1775 Acc 0.9615 | Val Loss 1.0070 Acc 0.8121 AUC 0.9942 Pre 0.8179 Rec 0.8086
2026-09-01 13:00:42 | Epoch  12/100 | Train Loss 0.1790 Acc 0.9613 | Val Loss 0.9915 Acc 0.8137 AUC 0.9941 Pre 0.8153 Rec 0.8110
2026-09-01 13:00:42 | Val AUC did not improve for 10 consecutive epochs, early stopping at Epoch 12 (best AUC 0.9966 @ Epoch 2)
2026-09-01 13:00:43 | Run 1/5 | Test (best model @ Epoch 2) | Loss 0.6792 Acc 0.8227 AUC 0.9966 Pre 0.8281 Rec 0.8204
2026-09-01 13:00:43 | ===== Run 2/5 (seed 1) =====
2026-09-01 13:00:50 | Epoch   1/100 | Train Loss 1.3099 Acc 0.6712 | Val Loss 0.7303 Acc 0.8098 AUC 0.9964 Pre 0.8180 Rec 0.8070
2026-09-01 13:00:50 |   Val AUC improved to 0.9964, model saved
2026-09-01 13:00:57 | Epoch   2/100 | Train Loss 0.4893 Acc 0.8750 | Val Loss 0.6670 Acc 0.8251 AUC 0.9966 Pre 0.8295 Rec 0.8219
2026-09-01 13:00:57 |   Val AUC improved to 0.9966, model saved
2026-09-01 13:01:04 | Epoch   3/100 | Train Loss 0.2859 Acc 0.9307 | Val Loss 0.6830 Acc 0.8301 AUC 0.9964 Pre 0.8334 Rec 0.8277
2026-09-01 13:01:10 | Epoch   4/100 | Train Loss 0.2062 Acc 0.9540 | Val Loss 0.7215 Acc 0.8303 AUC 0.9962 Pre 0.8320 Rec 0.8278
2026-09-01 13:01:16 | Epoch   5/100 | Train Loss 0.1739 Acc 0.9614 | Val Loss 0.7888 Acc 0.8272 AUC 0.9958 Pre 0.8324 Rec 0.8236
2026-09-01 13:01:23 | Epoch   6/100 | Train Loss 0.1648 Acc 0.9631 | Val Loss 0.8245 Acc 0.8240 AUC 0.9954 Pre 0.8286 Rec 0.8212
2026-09-01 13:01:29 | Epoch   7/100 | Train Loss 0.1687 Acc 0.9622 | Val Loss 0.8661 Acc 0.8181 AUC 0.9950 Pre 0.8212 Rec 0.8145
2026-09-01 13:01:35 | Epoch   8/100 | Train Loss 0.1688 Acc 0.9623 | Val Loss 0.9131 Acc 0.8143 AUC 0.9946 Pre 0.8199 Rec 0.8111
2026-09-01 13:01:42 | Epoch   9/100 | Train Loss 0.1707 Acc 0.9623 | Val Loss 0.9302 Acc 0.8179 AUC 0.9945 Pre 0.8224 Rec 0.8147
2026-09-01 13:01:48 | Epoch  10/100 | Train Loss 0.1595 Acc 0.9660 | Val Loss 0.9999 Acc 0.8132 AUC 0.9940 Pre 0.8178 Rec 0.8103
2026-09-01 13:01:55 | Epoch  11/100 | Train Loss 0.1923 Acc 0.9579 | Val Loss 0.9684 Acc 0.8170 AUC 0.9941 Pre 0.8181 Rec 0.8134
2026-09-01 13:02:01 | Epoch  12/100 | Train Loss 1654177.4661 Acc 0.9171 | Val Loss 3.6335 Acc 0.5648 AUC 0.9587 Pre 0.6677 Rec 0.5614
2026-09-01 13:02:01 | Val AUC did not improve for 10 consecutive epochs, early stopping at Epoch 12 (best AUC 0.9966 @ Epoch 2)
2026-09-01 13:02:03 | Run 2/5 | Test (best model @ Epoch 2) | Loss 0.6614 Acc 0.8273 AUC 0.9968 Pre 0.8310 Rec 0.8245
2026-09-01 13:02:03 | ===== Run 3/5 (seed 2) =====
2026-09-01 13:02:09 | Epoch   1/100 | Train Loss 1.2943 Acc 0.6729 | Val Loss 0.7244 Acc 0.8091 AUC 0.9964 Pre 0.8197 Rec 0.8068
2026-09-01 13:02:09 |   Val AUC improved to 0.9964, model saved
2026-09-01 13:02:16 | Epoch   2/100 | Train Loss 0.4921 Acc 0.8750 | Val Loss 0.6594 Acc 0.8265 AUC 0.9966 Pre 0.8292 Rec 0.8221
2026-09-01 13:02:16 |   Val AUC improved to 0.9966, model saved
2026-09-01 13:02:22 | Epoch   3/100 | Train Loss 0.2890 Acc 0.9301 | Val Loss 0.7007 Acc 0.8245 AUC 0.9963 Pre 0.8278 Rec 0.8223
2026-09-01 13:02:29 | Epoch   4/100 | Train Loss 0.2080 Acc 0.9516 | Val Loss 0.7489 Acc 0.8265 AUC 0.9960 Pre 0.8301 Rec 0.8240
2026-09-01 13:02:35 | Epoch   5/100 | Train Loss 0.1781 Acc 0.9603 | Val Loss 0.7605 Acc 0.8291 AUC 0.9958 Pre 0.8321 Rec 0.8265
2026-09-01 13:02:41 | Epoch   6/100 | Train Loss 0.1648 Acc 0.9625 | Val Loss 0.8401 Acc 0.8231 AUC 0.9954 Pre 0.8264 Rec 0.8201
2026-09-01 13:02:48 | Epoch   7/100 | Train Loss 0.1652 Acc 0.9634 | Val Loss 0.8576 Acc 0.8199 AUC 0.9951 Pre 0.8216 Rec 0.8169
2026-09-01 13:02:54 | Epoch   8/100 | Train Loss 0.1668 Acc 0.9629 | Val Loss 0.9233 Acc 0.8169 AUC 0.9945 Pre 0.8225 Rec 0.8142
2026-09-01 13:03:01 | Epoch   9/100 | Train Loss 0.1726 Acc 0.9611 | Val Loss 0.9274 Acc 0.8193 AUC 0.9947 Pre 0.8224 Rec 0.8155
2026-09-01 13:03:07 | Epoch  10/100 | Train Loss 0.1578 Acc 0.9653 | Val Loss 0.9552 Acc 0.8184 AUC 0.9945 Pre 0.8216 Rec 0.8145
2026-09-01 13:03:14 | Epoch  11/100 | Train Loss 0.2306 Acc 0.9509 | Val Loss 1.0251 Acc 0.8053 AUC 0.9934 Pre 0.8101 Rec 0.8031
2026-09-01 13:03:20 | Epoch  12/100 | Train Loss 337.1454 Acc 0.7738 | Val Loss 1.7762 Acc 0.6781 AUC 0.9804 Pre 0.7049 Rec 0.6736
2026-09-01 13:03:20 | Val AUC did not improve for 10 consecutive epochs, early stopping at Epoch 12 (best AUC 0.9966 @ Epoch 2)
2026-09-01 13:03:22 | Run 3/5 | Test (best model @ Epoch 2) | Loss 0.6482 Acc 0.8281 AUC 0.9969 Pre 0.8295 Rec 0.8240
2026-09-01 13:03:22 | ===== Run 4/5 (seed 3) =====
2026-09-01 13:03:28 | Epoch   1/100 | Train Loss 1.3000 Acc 0.6721 | Val Loss 0.7146 Acc 0.8134 AUC 0.9966 Pre 0.8194 Rec 0.8106
2026-09-01 13:03:29 |   Val AUC improved to 0.9966, model saved
2026-09-01 13:03:35 | Epoch   2/100 | Train Loss 0.4895 Acc 0.8770 | Val Loss 0.6550 Acc 0.8290 AUC 0.9968 Pre 0.8306 Rec 0.8252
2026-09-01 13:03:35 |   Val AUC improved to 0.9968, model saved
2026-09-01 13:03:41 | Epoch   3/100 | Train Loss 0.2895 Acc 0.9292 | Val Loss 0.6940 Acc 0.8301 AUC 0.9964 Pre 0.8320 Rec 0.8275
2026-09-01 13:03:47 | Epoch   4/100 | Train Loss 0.2067 Acc 0.9523 | Val Loss 0.7282 Acc 0.8286 AUC 0.9962 Pre 0.8302 Rec 0.8258
2026-09-01 13:03:54 | Epoch   5/100 | Train Loss 0.1764 Acc 0.9599 | Val Loss 0.7946 Acc 0.8221 AUC 0.9957 Pre 0.8259 Rec 0.8189
2026-09-01 13:04:00 | Epoch   6/100 | Train Loss 0.1690 Acc 0.9615 | Val Loss 0.8034 Acc 0.8262 AUC 0.9955 Pre 0.8287 Rec 0.8239
2026-09-01 13:04:06 | Epoch   7/100 | Train Loss 0.1647 Acc 0.9630 | Val Loss 0.8749 Acc 0.8208 AUC 0.9949 Pre 0.8238 Rec 0.8174
2026-09-01 13:04:13 | Epoch   8/100 | Train Loss 0.1706 Acc 0.9617 | Val Loss 0.9064 Acc 0.8207 AUC 0.9947 Pre 0.8211 Rec 0.8172
2026-09-01 13:04:20 | Epoch   9/100 | Train Loss 0.1707 Acc 0.9624 | Val Loss 0.9264 Acc 0.8200 AUC 0.9948 Pre 0.8216 Rec 0.8163
2026-09-01 13:04:26 | Epoch  10/100 | Train Loss 0.1653 Acc 0.9640 | Val Loss 0.9540 Acc 0.8180 AUC 0.9944 Pre 0.8223 Rec 0.8147
2026-09-01 13:04:33 | Epoch  11/100 | Train Loss 0.2153 Acc 0.9513 | Val Loss 1.0061 Acc 0.8101 AUC 0.9938 Pre 0.8135 Rec 0.8070
2026-09-01 13:04:40 | Epoch  12/100 | Train Loss 0.4469 Acc 0.9119 | Val Loss 1.0800 Acc 0.8022 AUC 0.9931 Pre 0.8086 Rec 0.8005
2026-09-01 13:04:40 | Val AUC did not improve for 10 consecutive epochs, early stopping at Epoch 12 (best AUC 0.9968 @ Epoch 2)
2026-09-01 13:04:42 | Run 4/5 | Test (best model @ Epoch 2) | Loss 0.6563 Acc 0.8260 AUC 0.9968 Pre 0.8281 Rec 0.8223
2026-09-01 13:04:42 | ===== Run 5/5 (seed 4) =====
2026-09-01 13:04:49 | Epoch   1/100 | Train Loss 1.2971 Acc 0.6703 | Val Loss 0.7165 Acc 0.8125 AUC 0.9965 Pre 0.8172 Rec 0.8089
2026-09-01 13:04:49 |   Val AUC improved to 0.9965, model saved
2026-09-01 13:04:56 | Epoch   2/100 | Train Loss 0.4892 Acc 0.8764 | Val Loss 0.6804 Acc 0.8233 AUC 0.9967 Pre 0.8277 Rec 0.8197
2026-09-01 13:04:56 |   Val AUC improved to 0.9967, model saved
2026-09-01 13:05:02 | Epoch   3/100 | Train Loss 0.2905 Acc 0.9289 | Val Loss 0.7126 Acc 0.8248 AUC 0.9962 Pre 0.8314 Rec 0.8212
2026-09-01 13:05:09 | Epoch   4/100 | Train Loss 0.2107 Acc 0.9514 | Val Loss 0.7486 Acc 0.8229 AUC 0.9960 Pre 0.8277 Rec 0.8199
2026-09-01 13:05:16 | Epoch   5/100 | Train Loss 0.1801 Acc 0.9588 | Val Loss 0.7769 Acc 0.8220 AUC 0.9957 Pre 0.8262 Rec 0.8187
2026-09-01 13:05:22 | Epoch   6/100 | Train Loss 0.1720 Acc 0.9616 | Val Loss 0.8060 Acc 0.8220 AUC 0.9956 Pre 0.8237 Rec 0.8188
2026-09-01 13:05:29 | Epoch   7/100 | Train Loss 0.1729 Acc 0.9608 | Val Loss 0.8585 Acc 0.8181 AUC 0.9948 Pre 0.8202 Rec 0.8154
2026-09-01 13:05:36 | Epoch   8/100 | Train Loss 0.1662 Acc 0.9630 | Val Loss 0.8869 Acc 0.8199 AUC 0.9949 Pre 0.8234 Rec 0.8170
2026-09-01 13:05:42 | Epoch   9/100 | Train Loss 0.1614 Acc 0.9648 | Val Loss 0.9186 Acc 0.8174 AUC 0.9945 Pre 0.8225 Rec 0.8142
2026-09-01 13:05:48 | Epoch  10/100 | Train Loss 0.1597 Acc 0.9653 | Val Loss 0.9938 Acc 0.8108 AUC 0.9942 Pre 0.8139 Rec 0.8085
2026-09-01 13:05:55 | Epoch  11/100 | Train Loss 0.1682 Acc 0.9645 | Val Loss 0.9816 Acc 0.8174 AUC 0.9943 Pre 0.8191 Rec 0.8151
2026-09-01 13:06:01 | Epoch  12/100 | Train Loss 0.2352 Acc 0.9609 | Val Loss 1.2827 Acc 0.7853 AUC 0.9917 Pre 0.7935 Rec 0.7828
2026-09-01 13:06:01 | Val AUC did not improve for 10 consecutive epochs, early stopping at Epoch 12 (best AUC 0.9967 @ Epoch 2)
2026-09-01 13:06:03 | Run 5/5 | Test (best model @ Epoch 2) | Loss 0.6820 Acc 0.8219 AUC 0.9967 Pre 0.8260 Rec 0.8185
2026-09-01 13:06:03 | Average over 5 runs | Test Loss 0.6654±0.0147 Acc 0.8252±0.0028 AUC 0.9968±0.0001 Pre 0.8285±0.0019 Rec 0.8219±0.0025
