2026-09-01 12:43:26 | Device: cuda
2026-09-01 12:43:26 | Args: {'model': 'opb', 'backbone': 'mlp', 'task': 'imagenet100', 'epochs': 100, 'batch_size': 512, 'lr': 0.001, 'hidden_dims': [512, 256], 'dropout': 0.2, 'z_dim': 256, 'anchor_scale': 16.0, 'energy_classifier': False, 'max_len': 250, 'random_labels': False, 'beta': 0.1, 'patience': 10, 'runs': 5, 'seed': 0, 'data_dir': './data', 'save_path': 'output/imagenet100_mlp_opb/imagenet100_mlp_opb.pt', 'log_path': '/root/autodl-tmp/IB/tune_results/imagenet100_mlp_opb_beta_0.1_anchor_16/train.log', 'no_save': True}
2026-09-01 12:43:26 | ImageNet-100 特征：使用 4×4 空间池化文件 ./data/imagenet100/imagenet100_resnet50_layer3_pool4_features.npz
2026-09-01 12:43:26 | ImageNet-100 预处理缓存：mmap 共享 ./data/imagenet100/preprocessed_pool4
2026-09-01 12:43:26 | ===== Run 1/5 (seed 0) =====
2026-09-01 12:43:35 | Epoch   1/100 | Train Loss 10.5899 Acc 0.4917 | Val Loss 5.3365 Acc 0.8015 AUC 0.9940 Pre 0.7905 Rec 0.7921
2026-09-01 12:43:35 |   Val AUC improved to 0.9940, model saved
2026-09-01 12:43:42 | Epoch   2/100 | Train Loss 4.6992 Acc 0.8042 | Val Loss 3.6736 Acc 0.8364 AUC 0.9948 Pre 0.8392 Rec 0.8308
2026-09-01 12:43:42 |   Val AUC improved to 0.9948, model saved
2026-09-01 12:43:48 | Epoch   3/100 | Train Loss 2.8803 Acc 0.8781 | Val Loss 2.9388 Acc 0.8465 AUC 0.9945 Pre 0.8425 Rec 0.8409
2026-09-01 12:43:55 | Epoch   4/100 | Train Loss 2.0181 Acc 0.9100 | Val Loss 2.5003 Acc 0.8505 AUC 0.9938 Pre 0.8522 Rec 0.8472
2026-09-01 12:44:02 | Epoch   5/100 | Train Loss 1.5414 Acc 0.9258 | Val Loss 2.2292 Acc 0.8516 AUC 0.9934 Pre 0.8515 Rec 0.8466
2026-09-01 12:44:09 | Epoch   6/100 | Train Loss 1.2656 Acc 0.9336 | Val Loss 2.0276 Acc 0.8560 AUC 0.9932 Pre 0.8560 Rec 0.8516
2026-09-01 12:44:17 | Epoch   7/100 | Train Loss 1.0780 Acc 0.9410 | Val Loss 1.8855 Acc 0.8523 AUC 0.9928 Pre 0.8546 Rec 0.8481
2026-09-01 12:44:23 | Epoch   8/100 | Train Loss 0.9705 Acc 0.9410 | Val Loss 1.7636 Acc 0.8546 AUC 0.9925 Pre 0.8566 Rec 0.8509
2026-09-01 12:44:30 | Epoch   9/100 | Train Loss 0.8850 Acc 0.9422 | Val Loss 1.6736 Acc 0.8514 AUC 0.9924 Pre 0.8530 Rec 0.8473
2026-09-01 12:44:37 | Epoch  10/100 | Train Loss 0.8334 Acc 0.9421 | Val Loss 1.6156 Acc 0.8502 AUC 0.9920 Pre 0.8522 Rec 0.8461
2026-09-01 12:44:44 | Epoch  11/100 | Train Loss 0.7928 Acc 0.9415 | Val Loss 1.5643 Acc 0.8512 AUC 0.9915 Pre 0.8544 Rec 0.8473
2026-09-01 12:44:51 | Epoch  12/100 | Train Loss 0.7719 Acc 0.9397 | Val Loss 1.5205 Acc 0.8490 AUC 0.9915 Pre 0.8519 Rec 0.8450
2026-09-01 12:44:51 | Val AUC did not improve for 10 consecutive epochs, early stopping at Epoch 12 (best AUC 0.9948 @ Epoch 2)
2026-09-01 12:44:53 | Run 1/5 | Test (best model @ Epoch 2) | Loss 3.6675 Acc 0.8380 AUC 0.9947 Pre 0.8409 Rec 0.8330
2026-09-01 12:44:53 | ===== Run 2/5 (seed 1) =====
2026-09-01 12:45:01 | Epoch   1/100 | Train Loss 10.6476 Acc 0.4836 | Val Loss 5.4639 Acc 0.8001 AUC 0.9940 Pre 0.8050 Rec 0.7918
2026-09-01 12:45:01 |   Val AUC improved to 0.9940, model saved
2026-09-01 12:45:08 | Epoch   2/100 | Train Loss 4.7253 Acc 0.8006 | Val Loss 3.6285 Acc 0.8405 AUC 0.9949 Pre 0.8392 Rec 0.8346
2026-09-01 12:45:08 |   Val AUC improved to 0.9949, model saved
2026-09-01 12:45:15 | Epoch   3/100 | Train Loss 2.8712 Acc 0.8803 | Val Loss 2.8978 Acc 0.8471 AUC 0.9946 Pre 0.8447 Rec 0.8424
2026-09-01 12:45:21 | Epoch   4/100 | Train Loss 1.9815 Acc 0.9144 | Val Loss 2.4833 Acc 0.8523 AUC 0.9942 Pre 0.8539 Rec 0.8478
2026-09-01 12:45:28 | Epoch   5/100 | Train Loss 1.5137 Acc 0.9296 | Val Loss 2.2093 Acc 0.8529 AUC 0.9936 Pre 0.8492 Rec 0.8481
2026-09-01 12:45:34 | Epoch   6/100 | Train Loss 1.2444 Acc 0.9377 | Val Loss 2.0058 Acc 0.8545 AUC 0.9936 Pre 0.8503 Rec 0.8499
2026-09-01 12:45:41 | Epoch   7/100 | Train Loss 1.0724 Acc 0.9424 | Val Loss 1.8813 Acc 0.8526 AUC 0.9928 Pre 0.8516 Rec 0.8476
2026-09-01 12:45:48 | Epoch   8/100 | Train Loss 0.9565 Acc 0.9438 | Val Loss 1.7682 Acc 0.8529 AUC 0.9925 Pre 0.8493 Rec 0.8486
2026-09-01 12:45:54 | Epoch   9/100 | Train Loss 0.8710 Acc 0.9441 | Val Loss 1.6783 Acc 0.8536 AUC 0.9925 Pre 0.8546 Rec 0.8493
2026-09-01 12:46:01 | Epoch  10/100 | Train Loss 0.8202 Acc 0.9449 | Val Loss 1.6018 Acc 0.8527 AUC 0.9923 Pre 0.8525 Rec 0.8483
2026-09-01 12:46:08 | Epoch  11/100 | Train Loss 0.7761 Acc 0.9445 | Val Loss 1.5432 Acc 0.8507 AUC 0.9920 Pre 0.8523 Rec 0.8469
2026-09-01 12:46:15 | Epoch  12/100 | Train Loss 0.7432 Acc 0.9437 | Val Loss 1.5084 Acc 0.8506 AUC 0.9916 Pre 0.8470 Rec 0.8462
2026-09-01 12:46:15 | Val AUC did not improve for 10 consecutive epochs, early stopping at Epoch 12 (best AUC 0.9949 @ Epoch 2)
2026-09-01 12:46:17 | Run 2/5 | Test (best model @ Epoch 2) | Loss 3.6173 Acc 0.8381 AUC 0.9950 Pre 0.8373 Rec 0.8324
2026-09-01 12:46:17 | ===== Run 3/5 (seed 2) =====
2026-09-01 12:46:25 | Epoch   1/100 | Train Loss 10.5968 Acc 0.4876 | Val Loss 5.4503 Acc 0.8054 AUC 0.9939 Pre 0.8124 Rec 0.7970
2026-09-01 12:46:25 |   Val AUC improved to 0.9939, model saved
2026-09-01 12:46:31 | Epoch   2/100 | Train Loss 4.7238 Acc 0.8019 | Val Loss 3.6471 Acc 0.8364 AUC 0.9953 Pre 0.8387 Rec 0.8304
2026-09-01 12:46:31 |   Val AUC improved to 0.9953, model saved
2026-09-01 12:46:38 | Epoch   3/100 | Train Loss 2.8791 Acc 0.8784 | Val Loss 2.9221 Acc 0.8463 AUC 0.9945 Pre 0.8424 Rec 0.8406
2026-09-01 12:46:44 | Epoch   4/100 | Train Loss 1.9981 Acc 0.9136 | Val Loss 2.4935 Acc 0.8496 AUC 0.9942 Pre 0.8510 Rec 0.8447
2026-09-01 12:46:50 | Epoch   5/100 | Train Loss 1.5453 Acc 0.9269 | Val Loss 2.2456 Acc 0.8503 AUC 0.9933 Pre 0.8574 Rec 0.8458
2026-09-01 12:46:57 | Epoch   6/100 | Train Loss 1.2522 Acc 0.9373 | Val Loss 2.0303 Acc 0.8548 AUC 0.9931 Pre 0.8556 Rec 0.8515
2026-09-01 12:47:03 | Epoch   7/100 | Train Loss 1.0634 Acc 0.9434 | Val Loss 1.8954 Acc 0.8505 AUC 0.9928 Pre 0.8498 Rec 0.8461
2026-09-01 12:47:10 | Epoch   8/100 | Train Loss 0.9556 Acc 0.9438 | Val Loss 1.7742 Acc 0.8509 AUC 0.9924 Pre 0.8513 Rec 0.8465
2026-09-01 12:47:16 | Epoch   9/100 | Train Loss 0.8712 Acc 0.9438 | Val Loss 1.6754 Acc 0.8511 AUC 0.9922 Pre 0.8525 Rec 0.8478
2026-09-01 12:47:23 | Epoch  10/100 | Train Loss 0.8196 Acc 0.9442 | Val Loss 1.6377 Acc 0.8507 AUC 0.9915 Pre 0.8529 Rec 0.8476
2026-09-01 12:47:29 | Epoch  11/100 | Train Loss 0.7784 Acc 0.9444 | Val Loss 1.5660 Acc 0.8499 AUC 0.9913 Pre 0.8520 Rec 0.8463
2026-09-01 12:47:35 | Epoch  12/100 | Train Loss 0.7532 Acc 0.9433 | Val Loss 1.5414 Acc 0.8458 AUC 0.9910 Pre 0.8490 Rec 0.8420
2026-09-01 12:47:35 | Val AUC did not improve for 10 consecutive epochs, early stopping at Epoch 12 (best AUC 0.9953 @ Epoch 2)
2026-09-01 12:47:37 | Run 3/5 | Test (best model @ Epoch 2) | Loss 3.6395 Acc 0.8402 AUC 0.9952 Pre 0.8418 Rec 0.8341
2026-09-01 12:47:37 | ===== Run 4/5 (seed 3) =====
2026-09-01 12:47:43 | Epoch   1/100 | Train Loss 10.5925 Acc 0.4863 | Val Loss 5.3714 Acc 0.7976 AUC 0.9942 Pre 0.8040 Rec 0.7894
2026-09-01 12:47:43 |   Val AUC improved to 0.9942, model saved
2026-09-01 12:47:50 | Epoch   2/100 | Train Loss 4.7116 Acc 0.8009 | Val Loss 3.5794 Acc 0.8398 AUC 0.9952 Pre 0.8431 Rec 0.8337
2026-09-01 12:47:50 |   Val AUC improved to 0.9952, model saved
2026-09-01 12:47:57 | Epoch   3/100 | Train Loss 2.8790 Acc 0.8775 | Val Loss 2.8838 Acc 0.8486 AUC 0.9946 Pre 0.8511 Rec 0.8446
2026-09-01 12:48:03 | Epoch   4/100 | Train Loss 1.9916 Acc 0.9118 | Val Loss 2.4431 Acc 0.8543 AUC 0.9944 Pre 0.8546 Rec 0.8496
2026-09-01 12:48:10 | Epoch   5/100 | Train Loss 1.5224 Acc 0.9282 | Val Loss 2.1967 Acc 0.8515 AUC 0.9936 Pre 0.8560 Rec 0.8480
2026-09-01 12:48:16 | Epoch   6/100 | Train Loss 1.2386 Acc 0.9364 | Val Loss 2.0129 Acc 0.8548 AUC 0.9930 Pre 0.8570 Rec 0.8507
2026-09-01 12:48:22 | Epoch   7/100 | Train Loss 1.0699 Acc 0.9414 | Val Loss 1.8723 Acc 0.8548 AUC 0.9927 Pre 0.8569 Rec 0.8512
2026-09-01 12:48:29 | Epoch   8/100 | Train Loss 0.9614 Acc 0.9423 | Val Loss 1.7629 Acc 0.8516 AUC 0.9925 Pre 0.8549 Rec 0.8481
2026-09-01 12:48:36 | Epoch   9/100 | Train Loss 0.8802 Acc 0.9442 | Val Loss 1.6693 Acc 0.8524 AUC 0.9924 Pre 0.8552 Rec 0.8490
2026-09-01 12:48:42 | Epoch  10/100 | Train Loss 0.8274 Acc 0.9435 | Val Loss 1.6028 Acc 0.8528 AUC 0.9923 Pre 0.8562 Rec 0.8489
2026-09-01 12:48:49 | Epoch  11/100 | Train Loss 0.7885 Acc 0.9439 | Val Loss 1.5558 Acc 0.8493 AUC 0.9918 Pre 0.8546 Rec 0.8456
2026-09-01 12:48:56 | Epoch  12/100 | Train Loss 0.7640 Acc 0.9434 | Val Loss 1.5342 Acc 0.8484 AUC 0.9915 Pre 0.8531 Rec 0.8448
2026-09-01 12:48:56 | Val AUC did not improve for 10 consecutive epochs, early stopping at Epoch 12 (best AUC 0.9952 @ Epoch 2)
2026-09-01 12:48:57 | Run 4/5 | Test (best model @ Epoch 2) | Loss 3.5538 Acc 0.8408 AUC 0.9953 Pre 0.8431 Rec 0.8349
2026-09-01 12:48:57 | ===== Run 5/5 (seed 4) =====
2026-09-01 12:49:04 | Epoch   1/100 | Train Loss 10.6072 Acc 0.4903 | Val Loss 5.4074 Acc 0.8034 AUC 0.9940 Pre 0.8077 Rec 0.7938
2026-09-01 12:49:04 |   Val AUC improved to 0.9940, model saved
2026-09-01 12:49:11 | Epoch   2/100 | Train Loss 4.7056 Acc 0.8066 | Val Loss 3.6281 Acc 0.8393 AUC 0.9950 Pre 0.8420 Rec 0.8335
2026-09-01 12:49:11 |   Val AUC improved to 0.9950, model saved
2026-09-01 12:49:18 | Epoch   3/100 | Train Loss 2.8627 Acc 0.8824 | Val Loss 2.8947 Acc 0.8490 AUC 0.9946 Pre 0.8464 Rec 0.8434
2026-09-01 12:49:24 | Epoch   4/100 | Train Loss 1.9907 Acc 0.9133 | Val Loss 2.4891 Acc 0.8528 AUC 0.9941 Pre 0.8555 Rec 0.8487
2026-09-01 12:49:31 | Epoch   5/100 | Train Loss 1.5186 Acc 0.9299 | Val Loss 2.2083 Acc 0.8517 AUC 0.9936 Pre 0.8551 Rec 0.8479
2026-09-01 12:49:37 | Epoch   6/100 | Train Loss 1.2428 Acc 0.9376 | Val Loss 2.0255 Acc 0.8538 AUC 0.9933 Pre 0.8565 Rec 0.8496
2026-09-01 12:49:44 | Epoch   7/100 | Train Loss 1.0603 Acc 0.9427 | Val Loss 1.8802 Acc 0.8558 AUC 0.9927 Pre 0.8582 Rec 0.8516
2026-09-01 12:49:51 | Epoch   8/100 | Train Loss 0.9431 Acc 0.9447 | Val Loss 1.7801 Acc 0.8544 AUC 0.9924 Pre 0.8590 Rec 0.8500
2026-09-01 12:49:57 | Epoch   9/100 | Train Loss 0.8703 Acc 0.9447 | Val Loss 1.6885 Acc 0.8507 AUC 0.9921 Pre 0.8560 Rec 0.8469
2026-09-01 12:50:03 | Epoch  10/100 | Train Loss 0.8138 Acc 0.9456 | Val Loss 1.6135 Acc 0.8525 AUC 0.9922 Pre 0.8567 Rec 0.8483
2026-09-01 12:50:10 | Epoch  11/100 | Train Loss 0.7788 Acc 0.9446 | Val Loss 1.5538 Acc 0.8533 AUC 0.9920 Pre 0.8576 Rec 0.8495
2026-09-01 12:50:16 | Epoch  12/100 | Train Loss 0.7579 Acc 0.9420 | Val Loss 1.5342 Acc 0.8484 AUC 0.9912 Pre 0.8521 Rec 0.8450
2026-09-01 12:50:16 | Val AUC did not improve for 10 consecutive epochs, early stopping at Epoch 12 (best AUC 0.9950 @ Epoch 2)
2026-09-01 12:50:18 | Run 5/5 | Test (best model @ Epoch 2) | Loss 3.6281 Acc 0.8374 AUC 0.9951 Pre 0.8392 Rec 0.8318
2026-09-01 12:50:18 | Average over 5 runs | Test Loss 3.6212±0.0421 Acc 0.8389±0.0015 AUC 0.9951±0.0002 Pre 0.8405±0.0023 Rec 0.8332±0.0012
