2026-08-27 16:13:13 | Device: cuda
2026-08-27 16:13:13 | Args: {'model': 'fgib', 'backbone': 'gnn', 'task': 'cora', 'epochs': 100, 'batch_size': 512, 'lr': 0.01, 'hidden_dims': [512, 256], 'dropout': 0.2, 'z_dim': 256, 'anchor_scale': 12.0, 'max_len': 250, 'random_labels': False, 'beta': 0.001, 'patience': 10, 'runs': 5, 'seed': 0, 'data_dir': './data', 'save_path': 'output/cora_gnn_fgib/cora_gnn_fgib.pt', 'log_path': '/root/autodl-tmp/FGIB/tune_results/cora_gnn_fgib_beta_0.001_anchor_12/train.log', 'no_save': True}
2026-08-27 16:13:23 | Cora 划分（60/20/20 分层）：train 1624 / val 542 / test 542（共 2708 节点，7 类）
2026-08-27 16:13:26 | ===== Run 1/5 (seed 0) =====
2026-08-27 16:13:28 | Epoch   1/100 | Train Loss 2.0266 Acc 0.1096 | Val Loss 1.9782 Acc 0.4465 AUC 0.9090 Pre 0.2543 Rec 0.2821
2026-08-27 16:13:28 |   Val AUC improved to 0.9090, model saved
2026-08-27 16:13:28 | Epoch   2/100 | Train Loss 1.9767 Acc 0.4600 | Val Loss 1.8594 Acc 0.3026 AUC 0.8793 Pre 0.0432 Rec 0.1429
2026-08-27 16:13:28 | Epoch   3/100 | Train Loss 1.8546 Acc 0.3017 | Val Loss 1.7579 Acc 0.3026 AUC 0.8371 Pre 0.0432 Rec 0.1429
2026-08-27 16:13:29 | Epoch   4/100 | Train Loss 1.7537 Acc 0.3017 | Val Loss 1.6110 Acc 0.3100 AUC 0.9069 Pre 0.1864 Rec 0.1497
2026-08-27 16:13:29 | Epoch   5/100 | Train Loss 1.5951 Acc 0.3091 | Val Loss 1.4341 Acc 0.5055 AUC 0.9420 Pre 0.4567 Rec 0.3320
2026-08-27 16:13:29 |   Val AUC improved to 0.9420, model saved
2026-08-27 16:13:29 | Epoch   6/100 | Train Loss 1.4029 Acc 0.5419 | Val Loss 1.2511 Acc 0.6827 AUC 0.9543 Pre 0.5462 Rec 0.5255
2026-08-27 16:13:29 |   Val AUC improved to 0.9543, model saved
2026-08-27 16:13:30 | Epoch   7/100 | Train Loss 1.2057 Acc 0.7124 | Val Loss 1.0561 Acc 0.7306 AUC 0.9605 Pre 0.5327 Rec 0.5831
2026-08-27 16:13:30 |   Val AUC improved to 0.9605, model saved
2026-08-27 16:13:30 | Epoch   8/100 | Train Loss 0.9977 Acc 0.7543 | Val Loss 0.8888 Acc 0.7583 AUC 0.9624 Pre 0.6910 Rec 0.6178
2026-08-27 16:13:30 |   Val AUC improved to 0.9624, model saved
2026-08-27 16:13:31 | Epoch   9/100 | Train Loss 0.8166 Acc 0.7716 | Val Loss 0.7722 Acc 0.7565 AUC 0.9642 Pre 0.6827 Rec 0.6205
2026-08-27 16:13:31 |   Val AUC improved to 0.9642, model saved
2026-08-27 16:13:31 | Epoch  10/100 | Train Loss 0.6760 Acc 0.7869 | Val Loss 0.6872 Acc 0.7878 AUC 0.9671 Pre 0.8399 Rec 0.6706
2026-08-27 16:13:32 |   Val AUC improved to 0.9671, model saved
2026-08-27 16:13:32 | Epoch  11/100 | Train Loss 0.5691 Acc 0.8067 | Val Loss 0.6308 Acc 0.7934 AUC 0.9700 Pre 0.8405 Rec 0.6969
2026-08-27 16:13:32 |   Val AUC improved to 0.9700, model saved
2026-08-27 16:13:32 | Epoch  12/100 | Train Loss 0.4863 Acc 0.8374 | Val Loss 0.5968 Acc 0.8229 AUC 0.9721 Pre 0.8495 Rec 0.7553
2026-08-27 16:13:33 |   Val AUC improved to 0.9721, model saved
2026-08-27 16:13:33 | Epoch  13/100 | Train Loss 0.4166 Acc 0.8873 | Val Loss 0.5734 Acc 0.8579 AUC 0.9736 Pre 0.8434 Rec 0.8297
2026-08-27 16:13:33 |   Val AUC improved to 0.9736, model saved
2026-08-27 16:13:33 | Epoch  14/100 | Train Loss 0.3525 Acc 0.9181 | Val Loss 0.5750 Acc 0.8635 AUC 0.9743 Pre 0.8372 Rec 0.8485
2026-08-27 16:13:34 |   Val AUC improved to 0.9743, model saved
2026-08-27 16:13:34 | Epoch  15/100 | Train Loss 0.3010 Acc 0.9280 | Val Loss 0.6020 Acc 0.8616 AUC 0.9741 Pre 0.8388 Rec 0.8488
2026-08-27 16:13:34 | Epoch  16/100 | Train Loss 0.2764 Acc 0.9267 | Val Loss 0.6255 Acc 0.8690 AUC 0.9740 Pre 0.8465 Rec 0.8523
2026-08-27 16:13:34 | Epoch  17/100 | Train Loss 0.2467 Acc 0.9298 | Val Loss 0.6554 Acc 0.8616 AUC 0.9739 Pre 0.8398 Rec 0.8408
2026-08-27 16:13:34 | Epoch  18/100 | Train Loss 0.2198 Acc 0.9372 | Val Loss 0.6958 Acc 0.8653 AUC 0.9740 Pre 0.8503 Rec 0.8465
2026-08-27 16:13:34 | Epoch  19/100 | Train Loss 0.1968 Acc 0.9477 | Val Loss 0.7434 Acc 0.8635 AUC 0.9742 Pre 0.8581 Rec 0.8450
2026-08-27 16:13:34 | Epoch  20/100 | Train Loss 0.1842 Acc 0.9470 | Val Loss 0.7960 Acc 0.8635 AUC 0.9740 Pre 0.8581 Rec 0.8481
2026-08-27 16:13:35 | Epoch  21/100 | Train Loss 0.1687 Acc 0.9520 | Val Loss 0.8337 Acc 0.8598 AUC 0.9736 Pre 0.8502 Rec 0.8457
2026-08-27 16:13:35 | Epoch  22/100 | Train Loss 0.1572 Acc 0.9563 | Val Loss 0.8684 Acc 0.8561 AUC 0.9733 Pre 0.8439 Rec 0.8420
2026-08-27 16:13:35 | Epoch  23/100 | Train Loss 0.1372 Acc 0.9649 | Val Loss 0.9029 Acc 0.8561 AUC 0.9729 Pre 0.8447 Rec 0.8436
2026-08-27 16:13:35 | Epoch  24/100 | Train Loss 0.1246 Acc 0.9661 | Val Loss 0.9335 Acc 0.8635 AUC 0.9725 Pre 0.8533 Rec 0.8506
2026-08-27 16:13:35 | Val AUC did not improve for 10 consecutive epochs, early stopping at Epoch 24 (best AUC 0.9743 @ Epoch 14)
2026-08-27 16:13:35 | Run 1/5 | Test (best model @ Epoch 14) | Loss 0.5459 Acc 0.8801 AUC 0.9786 Pre 0.8615 Rec 0.8737
2026-08-27 16:13:35 | ===== Run 2/5 (seed 1) =====
2026-08-27 16:13:35 | Epoch   1/100 | Train Loss 2.0076 Acc 0.3017 | Val Loss 1.9580 Acc 0.3026 AUC 0.9063 Pre 0.0432 Rec 0.1429
2026-08-27 16:13:36 |   Val AUC improved to 0.9063, model saved
2026-08-27 16:13:36 | Epoch   2/100 | Train Loss 1.9563 Acc 0.3017 | Val Loss 1.8417 Acc 0.3026 AUC 0.8740 Pre 0.0432 Rec 0.1429
2026-08-27 16:13:36 | Epoch   3/100 | Train Loss 1.8378 Acc 0.3017 | Val Loss 1.7635 Acc 0.3026 AUC 0.8383 Pre 0.0432 Rec 0.1429
2026-08-27 16:13:36 | Epoch   4/100 | Train Loss 1.7602 Acc 0.3017 | Val Loss 1.5998 Acc 0.3026 AUC 0.9166 Pre 0.0432 Rec 0.1429
2026-08-27 16:13:36 |   Val AUC improved to 0.9166, model saved
2026-08-27 16:13:36 | Epoch   5/100 | Train Loss 1.5851 Acc 0.3042 | Val Loss 1.4456 Acc 0.5258 AUC 0.9445 Pre 0.5599 Rec 0.3507
2026-08-27 16:13:37 |   Val AUC improved to 0.9445, model saved
2026-08-27 16:13:37 | Epoch   6/100 | Train Loss 1.4191 Acc 0.5573 | Val Loss 1.2700 Acc 0.6974 AUC 0.9542 Pre 0.5304 Rec 0.5454
2026-08-27 16:13:37 |   Val AUC improved to 0.9542, model saved
2026-08-27 16:13:38 | Epoch   7/100 | Train Loss 1.2294 Acc 0.7248 | Val Loss 1.0710 Acc 0.7343 AUC 0.9581 Pre 0.5362 Rec 0.5911
2026-08-27 16:13:38 |   Val AUC improved to 0.9581, model saved
2026-08-27 16:13:38 | Epoch   8/100 | Train Loss 1.0200 Acc 0.7611 | Val Loss 0.9029 Acc 0.7528 AUC 0.9597 Pre 0.6900 Rec 0.6143
2026-08-27 16:13:39 |   Val AUC improved to 0.9597, model saved
2026-08-27 16:13:39 | Epoch   9/100 | Train Loss 0.8343 Acc 0.7746 | Val Loss 0.7876 Acc 0.7583 AUC 0.9624 Pre 0.6853 Rec 0.6253
2026-08-27 16:13:39 |   Val AUC improved to 0.9624, model saved
2026-08-27 16:13:39 | Epoch  10/100 | Train Loss 0.6965 Acc 0.7826 | Val Loss 0.7057 Acc 0.7768 AUC 0.9658 Pre 0.8354 Rec 0.6549
2026-08-27 16:13:40 |   Val AUC improved to 0.9658, model saved
2026-08-27 16:13:40 | Epoch  11/100 | Train Loss 0.5937 Acc 0.7956 | Val Loss 0.6505 Acc 0.7768 AUC 0.9685 Pre 0.8306 Rec 0.6689
2026-08-27 16:13:41 |   Val AUC improved to 0.9685, model saved
2026-08-27 16:13:41 | Epoch  12/100 | Train Loss 0.5147 Acc 0.8165 | Val Loss 0.6057 Acc 0.8321 AUC 0.9703 Pre 0.8565 Rec 0.7766
2026-08-27 16:13:41 |   Val AUC improved to 0.9703, model saved
2026-08-27 16:13:41 | Epoch  13/100 | Train Loss 0.4342 Acc 0.8885 | Val Loss 0.5683 Acc 0.8579 AUC 0.9724 Pre 0.8439 Rec 0.8287
2026-08-27 16:13:42 |   Val AUC improved to 0.9724, model saved
2026-08-27 16:13:42 | Epoch  14/100 | Train Loss 0.3576 Acc 0.9175 | Val Loss 0.5611 Acc 0.8672 AUC 0.9735 Pre 0.8431 Rec 0.8475
2026-08-27 16:13:43 |   Val AUC improved to 0.9735, model saved
2026-08-27 16:13:43 | Epoch  15/100 | Train Loss 0.3070 Acc 0.9255 | Val Loss 0.5833 Acc 0.8616 AUC 0.9743 Pre 0.8382 Rec 0.8478
2026-08-27 16:13:43 |   Val AUC improved to 0.9743, model saved
2026-08-27 16:13:43 | Epoch  16/100 | Train Loss 0.2783 Acc 0.9286 | Val Loss 0.6049 Acc 0.8635 AUC 0.9747 Pre 0.8365 Rec 0.8476
2026-08-27 16:13:44 |   Val AUC improved to 0.9747, model saved
2026-08-27 16:13:44 | Epoch  17/100 | Train Loss 0.2513 Acc 0.9280 | Val Loss 0.6248 Acc 0.8690 AUC 0.9752 Pre 0.8447 Rec 0.8509
2026-08-27 16:13:44 |   Val AUC improved to 0.9752, model saved
2026-08-27 16:13:45 | Epoch  18/100 | Train Loss 0.2235 Acc 0.9329 | Val Loss 0.6599 Acc 0.8616 AUC 0.9755 Pre 0.8399 Rec 0.8434
2026-08-27 16:13:45 |   Val AUC improved to 0.9755, model saved
2026-08-27 16:13:45 | Epoch  19/100 | Train Loss 0.2040 Acc 0.9409 | Val Loss 0.7039 Acc 0.8635 AUC 0.9754 Pre 0.8510 Rec 0.8462
2026-08-27 16:13:45 | Epoch  20/100 | Train Loss 0.1833 Acc 0.9464 | Val Loss 0.7587 Acc 0.8635 AUC 0.9750 Pre 0.8563 Rec 0.8450
2026-08-27 16:13:45 | Epoch  21/100 | Train Loss 0.1725 Acc 0.9507 | Val Loss 0.8041 Acc 0.8653 AUC 0.9747 Pre 0.8591 Rec 0.8467
2026-08-27 16:13:45 | Epoch  22/100 | Train Loss 0.1535 Acc 0.9563 | Val Loss 0.8367 Acc 0.8598 AUC 0.9744 Pre 0.8504 Rec 0.8414
2026-08-27 16:13:46 | Epoch  23/100 | Train Loss 0.1378 Acc 0.9631 | Val Loss 0.8668 Acc 0.8616 AUC 0.9739 Pre 0.8491 Rec 0.8477
2026-08-27 16:13:46 | Epoch  24/100 | Train Loss 0.1233 Acc 0.9680 | Val Loss 0.8960 Acc 0.8579 AUC 0.9736 Pre 0.8437 Rec 0.8463
2026-08-27 16:13:46 | Epoch  25/100 | Train Loss 0.1109 Acc 0.9692 | Val Loss 0.9270 Acc 0.8616 AUC 0.9731 Pre 0.8464 Rec 0.8485
2026-08-27 16:13:46 | Epoch  26/100 | Train Loss 0.1048 Acc 0.9674 | Val Loss 0.9548 Acc 0.8598 AUC 0.9728 Pre 0.8434 Rec 0.8477
2026-08-27 16:13:46 | Epoch  27/100 | Train Loss 0.0997 Acc 0.9735 | Val Loss 0.9774 Acc 0.8635 AUC 0.9723 Pre 0.8508 Rec 0.8524
2026-08-27 16:13:46 | Epoch  28/100 | Train Loss 0.0925 Acc 0.9760 | Val Loss 1.0003 Acc 0.8635 AUC 0.9719 Pre 0.8503 Rec 0.8529
2026-08-27 16:13:46 | Val AUC did not improve for 10 consecutive epochs, early stopping at Epoch 28 (best AUC 0.9755 @ Epoch 18)
2026-08-27 16:13:46 | Run 2/5 | Test (best model @ Epoch 18) | Loss 0.5888 Acc 0.8727 AUC 0.9807 Pre 0.8618 Rec 0.8674
2026-08-27 16:13:46 | ===== Run 3/5 (seed 2) =====
2026-08-27 16:13:46 | Epoch   1/100 | Train Loss 2.0241 Acc 0.0683 | Val Loss 1.9759 Acc 0.5000 AUC 0.9148 Pre 0.2491 Rec 0.3347
2026-08-27 16:13:47 |   Val AUC improved to 0.9148, model saved
2026-08-27 16:13:47 | Epoch   2/100 | Train Loss 1.9742 Acc 0.5049 | Val Loss 1.8578 Acc 0.3026 AUC 0.8942 Pre 0.0432 Rec 0.1429
2026-08-27 16:13:47 | Epoch   3/100 | Train Loss 1.8544 Acc 0.3017 | Val Loss 1.7488 Acc 0.3026 AUC 0.8690 Pre 0.0432 Rec 0.1429
2026-08-27 16:13:47 | Epoch   4/100 | Train Loss 1.7442 Acc 0.3017 | Val Loss 1.6023 Acc 0.3026 AUC 0.9180 Pre 0.0432 Rec 0.1429
2026-08-27 16:13:48 |   Val AUC improved to 0.9180, model saved
2026-08-27 16:13:48 | Epoch   5/100 | Train Loss 1.5871 Acc 0.3023 | Val Loss 1.4146 Acc 0.5055 AUC 0.9455 Pre 0.6028 Rec 0.3334
2026-08-27 16:13:49 |   Val AUC improved to 0.9455, model saved
2026-08-27 16:13:49 | Epoch   6/100 | Train Loss 1.3822 Acc 0.5326 | Val Loss 1.2210 Acc 0.7288 AUC 0.9576 Pre 0.5533 Rec 0.5883
2026-08-27 16:13:49 |   Val AUC improved to 0.9576, model saved
2026-08-27 16:13:50 | Epoch   7/100 | Train Loss 1.1724 Acc 0.7543 | Val Loss 1.0122 Acc 0.7546 AUC 0.9624 Pre 0.6826 Rec 0.6258
2026-08-27 16:13:50 |   Val AUC improved to 0.9624, model saved
2026-08-27 16:13:50 | Epoch   8/100 | Train Loss 0.9496 Acc 0.7777 | Val Loss 0.8338 Acc 0.7565 AUC 0.9649 Pre 0.6764 Rec 0.6315
2026-08-27 16:13:51 |   Val AUC improved to 0.9649, model saved
2026-08-27 16:13:51 | Epoch   9/100 | Train Loss 0.7508 Acc 0.7845 | Val Loss 0.7200 Acc 0.7694 AUC 0.9670 Pre 0.8288 Rec 0.6503
2026-08-27 16:13:52 |   Val AUC improved to 0.9670, model saved
2026-08-27 16:13:52 | Epoch  10/100 | Train Loss 0.6130 Acc 0.7956 | Val Loss 0.6511 Acc 0.7897 AUC 0.9693 Pre 0.8387 Rec 0.6842
2026-08-27 16:13:53 |   Val AUC improved to 0.9693, model saved
2026-08-27 16:13:53 | Epoch  11/100 | Train Loss 0.5141 Acc 0.8319 | Val Loss 0.6028 Acc 0.8247 AUC 0.9715 Pre 0.8576 Rec 0.7525
2026-08-27 16:13:54 |   Val AUC improved to 0.9715, model saved
2026-08-27 16:13:54 | Epoch  12/100 | Train Loss 0.4347 Acc 0.8836 | Val Loss 0.5670 Acc 0.8598 AUC 0.9731 Pre 0.8680 Rec 0.8248
2026-08-27 16:13:54 |   Val AUC improved to 0.9731, model saved
2026-08-27 16:13:55 | Epoch  13/100 | Train Loss 0.3650 Acc 0.9181 | Val Loss 0.5552 Acc 0.8653 AUC 0.9743 Pre 0.8423 Rec 0.8451
2026-08-27 16:13:55 |   Val AUC improved to 0.9743, model saved
2026-08-27 16:13:55 | Epoch  14/100 | Train Loss 0.3088 Acc 0.9304 | Val Loss 0.5755 Acc 0.8653 AUC 0.9748 Pre 0.8430 Rec 0.8478
2026-08-27 16:13:56 |   Val AUC improved to 0.9748, model saved
2026-08-27 16:13:56 | Epoch  15/100 | Train Loss 0.2774 Acc 0.9249 | Val Loss 0.6009 Acc 0.8653 AUC 0.9749 Pre 0.8449 Rec 0.8498
2026-08-27 16:13:57 |   Val AUC improved to 0.9749, model saved
2026-08-27 16:13:57 | Epoch  16/100 | Train Loss 0.2515 Acc 0.9286 | Val Loss 0.6287 Acc 0.8708 AUC 0.9749 Pre 0.8524 Rec 0.8509
2026-08-27 16:13:57 | Epoch  17/100 | Train Loss 0.2247 Acc 0.9347 | Val Loss 0.6684 Acc 0.8708 AUC 0.9750 Pre 0.8600 Rec 0.8521
2026-08-27 16:13:58 |   Val AUC improved to 0.9750, model saved
2026-08-27 16:13:58 | Epoch  18/100 | Train Loss 0.2055 Acc 0.9415 | Val Loss 0.7161 Acc 0.8690 AUC 0.9752 Pre 0.8613 Rec 0.8524
2026-08-27 16:13:58 |   Val AUC improved to 0.9752, model saved
2026-08-27 16:13:58 | Epoch  19/100 | Train Loss 0.1880 Acc 0.9538 | Val Loss 0.7685 Acc 0.8672 AUC 0.9748 Pre 0.8603 Rec 0.8507
2026-08-27 16:13:59 | Epoch  20/100 | Train Loss 0.1708 Acc 0.9538 | Val Loss 0.8159 Acc 0.8598 AUC 0.9743 Pre 0.8506 Rec 0.8437
2026-08-27 16:13:59 | Epoch  21/100 | Train Loss 0.1506 Acc 0.9600 | Val Loss 0.8579 Acc 0.8598 AUC 0.9737 Pre 0.8506 Rec 0.8461
2026-08-27 16:13:59 | Epoch  22/100 | Train Loss 0.1387 Acc 0.9606 | Val Loss 0.8988 Acc 0.8598 AUC 0.9733 Pre 0.8490 Rec 0.8488
2026-08-27 16:13:59 | Epoch  23/100 | Train Loss 0.1228 Acc 0.9655 | Val Loss 0.9398 Acc 0.8616 AUC 0.9728 Pre 0.8511 Rec 0.8482
2026-08-27 16:13:59 | Epoch  24/100 | Train Loss 0.1126 Acc 0.9692 | Val Loss 0.9768 Acc 0.8616 AUC 0.9723 Pre 0.8507 Rec 0.8485
2026-08-27 16:13:59 | Epoch  25/100 | Train Loss 0.1056 Acc 0.9661 | Val Loss 1.0005 Acc 0.8690 AUC 0.9719 Pre 0.8563 Rec 0.8574
2026-08-27 16:13:59 | Epoch  26/100 | Train Loss 0.0944 Acc 0.9717 | Val Loss 1.0241 Acc 0.8635 AUC 0.9716 Pre 0.8481 Rec 0.8464
2026-08-27 16:13:59 | Epoch  27/100 | Train Loss 0.0878 Acc 0.9735 | Val Loss 1.0525 Acc 0.8616 AUC 0.9713 Pre 0.8513 Rec 0.8462
2026-08-27 16:13:59 | Epoch  28/100 | Train Loss 0.0809 Acc 0.9778 | Val Loss 1.0851 Acc 0.8672 AUC 0.9712 Pre 0.8576 Rec 0.8515
2026-08-27 16:13:59 | Val AUC did not improve for 10 consecutive epochs, early stopping at Epoch 28 (best AUC 0.9752 @ Epoch 18)
2026-08-27 16:13:59 | Run 3/5 | Test (best model @ Epoch 18) | Loss 0.6573 Acc 0.8690 AUC 0.9797 Pre 0.8643 Rec 0.8574
2026-08-27 16:13:59 | ===== Run 4/5 (seed 3) =====
2026-08-27 16:14:00 | Epoch   1/100 | Train Loss 2.0066 Acc 0.1539 | Val Loss 1.9584 Acc 0.3026 AUC 0.9174 Pre 0.0432 Rec 0.1429
2026-08-27 16:14:00 |   Val AUC improved to 0.9174, model saved
2026-08-27 16:14:01 | Epoch   2/100 | Train Loss 1.9572 Acc 0.3017 | Val Loss 1.8431 Acc 0.3026 AUC 0.8927 Pre 0.0432 Rec 0.1429
2026-08-27 16:14:01 | Epoch   3/100 | Train Loss 1.8401 Acc 0.3017 | Val Loss 1.7438 Acc 0.3026 AUC 0.8648 Pre 0.0432 Rec 0.1429
2026-08-27 16:14:01 | Epoch   4/100 | Train Loss 1.7422 Acc 0.3017 | Val Loss 1.5848 Acc 0.3026 AUC 0.9231 Pre 0.0432 Rec 0.1429
2026-08-27 16:14:01 |   Val AUC improved to 0.9231, model saved
2026-08-27 16:14:02 | Epoch   5/100 | Train Loss 1.5697 Acc 0.3073 | Val Loss 1.4085 Acc 0.5351 AUC 0.9480 Pre 0.4324 Rec 0.3588
2026-08-27 16:14:02 |   Val AUC improved to 0.9480, model saved
2026-08-27 16:14:02 | Epoch   6/100 | Train Loss 1.3809 Acc 0.5690 | Val Loss 1.2212 Acc 0.7103 AUC 0.9571 Pre 0.5486 Rec 0.5575
2026-08-27 16:14:03 |   Val AUC improved to 0.9571, model saved
2026-08-27 16:14:03 | Epoch   7/100 | Train Loss 1.1790 Acc 0.7284 | Val Loss 1.0212 Acc 0.7491 AUC 0.9609 Pre 0.6945 Rec 0.6092
2026-08-27 16:14:04 |   Val AUC improved to 0.9609, model saved
2026-08-27 16:14:04 | Epoch   8/100 | Train Loss 0.9645 Acc 0.7642 | Val Loss 0.8534 Acc 0.7620 AUC 0.9626 Pre 0.8387 Rec 0.6309
2026-08-27 16:14:05 |   Val AUC improved to 0.9626, model saved
2026-08-27 16:14:05 | Epoch   9/100 | Train Loss 0.7777 Acc 0.7863 | Val Loss 0.7362 Acc 0.7878 AUC 0.9654 Pre 0.8512 Rec 0.6728
2026-08-27 16:14:05 |   Val AUC improved to 0.9654, model saved
2026-08-27 16:14:05 | Epoch  10/100 | Train Loss 0.6381 Acc 0.8196 | Val Loss 0.6553 Acc 0.8063 AUC 0.9685 Pre 0.8496 Rec 0.7152
2026-08-27 16:14:06 |   Val AUC improved to 0.9685, model saved
2026-08-27 16:14:06 | Epoch  11/100 | Train Loss 0.5321 Acc 0.8424 | Val Loss 0.6037 Acc 0.8339 AUC 0.9707 Pre 0.8557 Rec 0.7798
2026-08-27 16:14:07 |   Val AUC improved to 0.9707, model saved
2026-08-27 16:14:07 | Epoch  12/100 | Train Loss 0.4508 Acc 0.8799 | Val Loss 0.5662 Acc 0.8598 AUC 0.9728 Pre 0.8526 Rec 0.8288
2026-08-27 16:14:08 |   Val AUC improved to 0.9728, model saved
2026-08-27 16:14:08 | Epoch  13/100 | Train Loss 0.3759 Acc 0.9132 | Val Loss 0.5494 Acc 0.8598 AUC 0.9749 Pre 0.8309 Rec 0.8367
2026-08-27 16:14:09 |   Val AUC improved to 0.9749, model saved
2026-08-27 16:14:09 | Epoch  14/100 | Train Loss 0.3136 Acc 0.9200 | Val Loss 0.5653 Acc 0.8598 AUC 0.9757 Pre 0.8337 Rec 0.8414
2026-08-27 16:14:09 |   Val AUC improved to 0.9757, model saved
2026-08-27 16:14:09 | Epoch  15/100 | Train Loss 0.2762 Acc 0.9304 | Val Loss 0.5952 Acc 0.8672 AUC 0.9757 Pre 0.8467 Rec 0.8484
2026-08-27 16:14:10 | Epoch  16/100 | Train Loss 0.2555 Acc 0.9212 | Val Loss 0.6192 Acc 0.8690 AUC 0.9758 Pre 0.8480 Rec 0.8489
2026-08-27 16:14:10 |   Val AUC improved to 0.9758, model saved
2026-08-27 16:14:10 | Epoch  17/100 | Train Loss 0.2277 Acc 0.9310 | Val Loss 0.6502 Acc 0.8690 AUC 0.9761 Pre 0.8516 Rec 0.8512
2026-08-27 16:14:11 |   Val AUC improved to 0.9761, model saved
2026-08-27 16:14:11 | Epoch  18/100 | Train Loss 0.2083 Acc 0.9378 | Val Loss 0.6896 Acc 0.8690 AUC 0.9761 Pre 0.8562 Rec 0.8516
2026-08-27 16:14:11 | Epoch  19/100 | Train Loss 0.1887 Acc 0.9464 | Val Loss 0.7393 Acc 0.8653 AUC 0.9760 Pre 0.8585 Rec 0.8471
2026-08-27 16:14:11 | Epoch  20/100 | Train Loss 0.1777 Acc 0.9483 | Val Loss 0.7873 Acc 0.8690 AUC 0.9757 Pre 0.8628 Rec 0.8552
2026-08-27 16:14:11 | Epoch  21/100 | Train Loss 0.1583 Acc 0.9550 | Val Loss 0.8319 Acc 0.8616 AUC 0.9753 Pre 0.8513 Rec 0.8490
2026-08-27 16:14:11 | Epoch  22/100 | Train Loss 0.1405 Acc 0.9569 | Val Loss 0.8686 Acc 0.8653 AUC 0.9744 Pre 0.8539 Rec 0.8537
2026-08-27 16:14:11 | Epoch  23/100 | Train Loss 0.1256 Acc 0.9667 | Val Loss 0.9019 Acc 0.8616 AUC 0.9739 Pre 0.8492 Rec 0.8516
2026-08-27 16:14:12 | Epoch  24/100 | Train Loss 0.1162 Acc 0.9667 | Val Loss 0.9332 Acc 0.8616 AUC 0.9733 Pre 0.8457 Rec 0.8485
2026-08-27 16:14:12 | Epoch  25/100 | Train Loss 0.1026 Acc 0.9748 | Val Loss 0.9661 Acc 0.8616 AUC 0.9730 Pre 0.8489 Rec 0.8485
2026-08-27 16:14:12 | Epoch  26/100 | Train Loss 0.0983 Acc 0.9729 | Val Loss 0.9943 Acc 0.8616 AUC 0.9726 Pre 0.8475 Rec 0.8515
2026-08-27 16:14:12 | Epoch  27/100 | Train Loss 0.0938 Acc 0.9778 | Val Loss 1.0146 Acc 0.8653 AUC 0.9723 Pre 0.8541 Rec 0.8556
2026-08-27 16:14:12 | Val AUC did not improve for 10 consecutive epochs, early stopping at Epoch 27 (best AUC 0.9761 @ Epoch 17)
2026-08-27 16:14:12 | Run 4/5 | Test (best model @ Epoch 17) | Loss 0.6014 Acc 0.8819 AUC 0.9804 Pre 0.8692 Rec 0.8713
2026-08-27 16:14:12 | ===== Run 5/5 (seed 4) =====
2026-08-27 16:14:12 | Epoch   1/100 | Train Loss 2.0252 Acc 0.1004 | Val Loss 1.9767 Acc 0.4926 AUC 0.9210 Pre 0.2625 Rec 0.3270
2026-08-27 16:14:13 |   Val AUC improved to 0.9210, model saved
2026-08-27 16:14:13 | Epoch   2/100 | Train Loss 1.9748 Acc 0.4914 | Val Loss 1.8548 Acc 0.3026 AUC 0.8926 Pre 0.0432 Rec 0.1429
2026-08-27 16:14:13 | Epoch   3/100 | Train Loss 1.8503 Acc 0.3017 | Val Loss 1.7386 Acc 0.3026 AUC 0.8569 Pre 0.0432 Rec 0.1429
2026-08-27 16:14:13 | Epoch   4/100 | Train Loss 1.7329 Acc 0.3017 | Val Loss 1.5811 Acc 0.3137 AUC 0.9128 Pre 0.1866 Rec 0.1531
2026-08-27 16:14:13 | Epoch   5/100 | Train Loss 1.5633 Acc 0.3208 | Val Loss 1.3821 Acc 0.5406 AUC 0.9435 Pre 0.5726 Rec 0.3657
2026-08-27 16:14:14 |   Val AUC improved to 0.9435, model saved
2026-08-27 16:14:14 | Epoch   6/100 | Train Loss 1.3500 Acc 0.5794 | Val Loss 1.1876 Acc 0.7269 AUC 0.9549 Pre 0.5402 Rec 0.5819
2026-08-27 16:14:14 |   Val AUC improved to 0.9549, model saved
2026-08-27 16:14:14 | Epoch   7/100 | Train Loss 1.1440 Acc 0.7518 | Val Loss 0.9938 Acc 0.7565 AUC 0.9596 Pre 0.5473 Rec 0.6201
2026-08-27 16:14:15 |   Val AUC improved to 0.9596, model saved
2026-08-27 16:14:15 | Epoch   8/100 | Train Loss 0.9390 Acc 0.7728 | Val Loss 0.8378 Acc 0.7583 AUC 0.9626 Pre 0.5437 Rec 0.6237
2026-08-27 16:14:16 |   Val AUC improved to 0.9626, model saved
2026-08-27 16:14:16 | Epoch   9/100 | Train Loss 0.7633 Acc 0.7814 | Val Loss 0.7419 Acc 0.7675 AUC 0.9650 Pre 0.5461 Rec 0.6333
2026-08-27 16:14:17 |   Val AUC improved to 0.9650, model saved
2026-08-27 16:14:17 | Epoch  10/100 | Train Loss 0.6425 Acc 0.7906 | Val Loss 0.6780 Acc 0.7897 AUC 0.9678 Pre 0.8403 Rec 0.6770
2026-08-27 16:14:18 |   Val AUC improved to 0.9678, model saved
2026-08-27 16:14:18 | Epoch  11/100 | Train Loss 0.5498 Acc 0.8140 | Val Loss 0.6293 Acc 0.8118 AUC 0.9698 Pre 0.8433 Rec 0.7240
2026-08-27 16:14:19 |   Val AUC improved to 0.9698, model saved
2026-08-27 16:14:19 | Epoch  12/100 | Train Loss 0.4710 Acc 0.8571 | Val Loss 0.5921 Acc 0.8542 AUC 0.9715 Pre 0.8704 Rec 0.8092
2026-08-27 16:14:19 |   Val AUC improved to 0.9715, model saved
2026-08-27 16:14:20 | Epoch  13/100 | Train Loss 0.3998 Acc 0.8929 | Val Loss 0.5681 Acc 0.8672 AUC 0.9732 Pre 0.8510 Rec 0.8376
2026-08-27 16:14:20 |   Val AUC improved to 0.9732, model saved
2026-08-27 16:14:20 | Epoch  14/100 | Train Loss 0.3364 Acc 0.9267 | Val Loss 0.5710 Acc 0.8616 AUC 0.9745 Pre 0.8358 Rec 0.8457
2026-08-27 16:14:21 |   Val AUC improved to 0.9745, model saved
2026-08-27 16:14:21 | Epoch  15/100 | Train Loss 0.2913 Acc 0.9286 | Val Loss 0.5966 Acc 0.8635 AUC 0.9753 Pre 0.8382 Rec 0.8500
2026-08-27 16:14:22 |   Val AUC improved to 0.9753, model saved
2026-08-27 16:14:22 | Epoch  16/100 | Train Loss 0.2677 Acc 0.9267 | Val Loss 0.6234 Acc 0.8653 AUC 0.9752 Pre 0.8400 Rec 0.8494
2026-08-27 16:14:22 | Epoch  17/100 | Train Loss 0.2419 Acc 0.9317 | Val Loss 0.6603 Acc 0.8616 AUC 0.9748 Pre 0.8392 Rec 0.8434
2026-08-27 16:14:22 | Epoch  18/100 | Train Loss 0.2169 Acc 0.9390 | Val Loss 0.7031 Acc 0.8561 AUC 0.9749 Pre 0.8371 Rec 0.8342
2026-08-27 16:14:22 | Epoch  19/100 | Train Loss 0.1933 Acc 0.9483 | Val Loss 0.7547 Acc 0.8542 AUC 0.9748 Pre 0.8444 Rec 0.8317
2026-08-27 16:14:22 | Epoch  20/100 | Train Loss 0.1748 Acc 0.9550 | Val Loss 0.8060 Acc 0.8616 AUC 0.9745 Pre 0.8552 Rec 0.8407
2026-08-27 16:14:22 | Epoch  21/100 | Train Loss 0.1613 Acc 0.9550 | Val Loss 0.8448 Acc 0.8579 AUC 0.9742 Pre 0.8487 Rec 0.8440
2026-08-27 16:14:22 | Epoch  22/100 | Train Loss 0.1429 Acc 0.9606 | Val Loss 0.8801 Acc 0.8616 AUC 0.9738 Pre 0.8529 Rec 0.8500
2026-08-27 16:14:22 | Epoch  23/100 | Train Loss 0.1286 Acc 0.9612 | Val Loss 0.9142 Acc 0.8616 AUC 0.9736 Pre 0.8498 Rec 0.8472
2026-08-27 16:14:22 | Epoch  24/100 | Train Loss 0.1167 Acc 0.9649 | Val Loss 0.9460 Acc 0.8653 AUC 0.9732 Pre 0.8529 Rec 0.8513
2026-08-27 16:14:22 | Epoch  25/100 | Train Loss 0.1060 Acc 0.9686 | Val Loss 0.9763 Acc 0.8653 AUC 0.9728 Pre 0.8531 Rec 0.8520
2026-08-27 16:14:22 | Val AUC did not improve for 10 consecutive epochs, early stopping at Epoch 25 (best AUC 0.9753 @ Epoch 15)
2026-08-27 16:14:22 | Run 5/5 | Test (best model @ Epoch 15) | Loss 0.5663 Acc 0.8782 AUC 0.9791 Pre 0.8599 Rec 0.8737
2026-08-27 16:14:22 | Average over 5 runs | Test Loss 0.5919±0.0422 Acc 0.8764±0.0054 AUC 0.9797±0.0009 Pre 0.8633±0.0036 Rec 0.8687±0.0068
