2026-09-01 09:19:12 | Device: cuda
2026-09-01 09:19:12 | Args: {'model': 'opb', 'backbone': 'cnn', 'task': 'agedb', 'epochs': 100, 'batch_size': 512, 'lr': 0.001, 'hidden_dims': [512, 256], 'dropout': 0.2, 'z_dim': 256, 'anchor_scale': 14.0, 'energy_classifier': False, 'max_len': 250, 'random_labels': False, 'beta': 0.1, 'patience': 10, 'runs': 5, 'seed': 0, 'data_dir': './data', 'save_path': 'output/agedb_cnn_opb/agedb_cnn_opb.pt', 'log_path': '/root/autodl-tmp/IB/tune_results/agedb_cnn_opb_beta_0.1_anchor_14/train.log', 'no_save': True}
2026-09-01 09:19:12 | AgeDB 图像：16488 张，年龄 1~101 岁
2026-09-01 09:19:12 | AgeDB 划分（60/20/20）：train 9892 / val 3298 / test 3298（共 16488 张）
2026-09-01 09:19:12 | AgeDB 预解码缓存命中：./data/agedb/agedb_64x64_uint8.npy
2026-09-01 09:19:12 | AgeDB 加载完成：9892/3298/3298（batch 512，RGB 64x64，ImageNet 归一化），年龄 MinMax 归一化到 [0,1]（1~101 岁）
2026-09-01 09:19:12 | ===== Run 1/5 (seed 0) =====
2026-09-01 09:19:16 | Epoch   1/100 | Train Loss 3.6969 | Val Loss 2.1960 MAE 18.9104 R2 -0.8898
2026-09-01 09:19:16 |   Val R2 improved to -0.8898, model saved
2026-09-01 09:19:17 | Epoch   2/100 | Train Loss 2.2247 | Val Loss 1.6481 MAE 13.6133 R2 0.0272
2026-09-01 09:19:17 |   Val R2 improved to 0.0272, model saved
2026-09-01 09:19:19 | Epoch   3/100 | Train Loss 1.5174 | Val Loss 0.5733 MAE 14.5070 R2 -0.1532
2026-09-01 09:19:21 | Epoch   4/100 | Train Loss 0.8887 | Val Loss 0.3409 MAE 13.2301 R2 0.0714
2026-09-01 09:19:21 |   Val R2 improved to 0.0714, model saved
2026-09-01 09:19:23 | Epoch   5/100 | Train Loss 0.5962 | Val Loss 0.2812 MAE 13.2404 R2 0.0654
2026-09-01 09:19:25 | Epoch   6/100 | Train Loss 0.5052 | Val Loss 0.2564 MAE 12.9843 R2 0.0973
2026-09-01 09:19:25 |   Val R2 improved to 0.0973, model saved
2026-09-01 09:19:26 | Epoch   7/100 | Train Loss 0.4547 | Val Loss 0.2399 MAE 12.3352 R2 0.1979
2026-09-01 09:19:26 |   Val R2 improved to 0.1979, model saved
2026-09-01 09:19:28 | Epoch   8/100 | Train Loss 0.4228 | Val Loss 0.2212 MAE 12.0750 R2 0.2504
2026-09-01 09:19:28 |   Val R2 improved to 0.2504, model saved
2026-09-01 09:19:30 | Epoch   9/100 | Train Loss 0.3975 | Val Loss 0.2159 MAE 11.8382 R2 0.2613
2026-09-01 09:19:30 |   Val R2 improved to 0.2613, model saved
2026-09-01 09:19:31 | Epoch  10/100 | Train Loss 0.3680 | Val Loss 0.2169 MAE 11.9925 R2 0.2247
2026-09-01 09:19:33 | Epoch  11/100 | Train Loss 0.3468 | Val Loss 0.2006 MAE 11.6728 R2 0.2782
2026-09-01 09:19:33 |   Val R2 improved to 0.2782, model saved
2026-09-01 09:19:35 | Epoch  12/100 | Train Loss 0.3322 | Val Loss 0.1998 MAE 11.6719 R2 0.2684
2026-09-01 09:19:36 | Epoch  13/100 | Train Loss 0.3118 | Val Loss 0.1866 MAE 11.6012 R2 0.2954
2026-09-01 09:19:36 |   Val R2 improved to 0.2954, model saved
2026-09-01 09:19:38 | Epoch  14/100 | Train Loss 0.2969 | Val Loss 0.1831 MAE 11.3337 R2 0.3134
2026-09-01 09:19:38 |   Val R2 improved to 0.3134, model saved
2026-09-01 09:19:40 | Epoch  15/100 | Train Loss 0.2852 | Val Loss 0.1995 MAE 11.7038 R2 0.2538
2026-09-01 09:19:42 | Epoch  16/100 | Train Loss 0.2779 | Val Loss 0.1958 MAE 11.6015 R2 0.2644
2026-09-01 09:19:43 | Epoch  17/100 | Train Loss 0.2667 | Val Loss 0.1994 MAE 11.6966 R2 0.2518
2026-09-01 09:19:45 | Epoch  18/100 | Train Loss 0.2564 | Val Loss 0.1611 MAE 11.1207 R2 0.3535
2026-09-01 09:19:45 |   Val R2 improved to 0.3535, model saved
2026-09-01 09:19:46 | Epoch  19/100 | Train Loss 0.2444 | Val Loss 0.1569 MAE 11.1094 R2 0.3520
2026-09-01 09:19:48 | Epoch  20/100 | Train Loss 0.2345 | Val Loss 0.1541 MAE 10.9778 R2 0.3594
2026-09-01 09:19:48 |   Val R2 improved to 0.3594, model saved
2026-09-01 09:19:50 | Epoch  21/100 | Train Loss 0.2277 | Val Loss 0.1506 MAE 10.9747 R2 0.3595
2026-09-01 09:19:50 |   Val R2 improved to 0.3595, model saved
2026-09-01 09:19:51 | Epoch  22/100 | Train Loss 0.2121 | Val Loss 0.1505 MAE 11.0248 R2 0.3505
2026-09-01 09:19:53 | Epoch  23/100 | Train Loss 0.2020 | Val Loss 0.1519 MAE 11.0894 R2 0.3402
2026-09-01 09:19:55 | Epoch  24/100 | Train Loss 0.1977 | Val Loss 0.1419 MAE 11.1084 R2 0.3378
2026-09-01 09:19:56 | Epoch  25/100 | Train Loss 0.1873 | Val Loss 0.1384 MAE 11.0825 R2 0.3430
2026-09-01 09:19:58 | Epoch  26/100 | Train Loss 0.1814 | Val Loss 0.1304 MAE 10.8915 R2 0.3709
2026-09-01 09:19:58 |   Val R2 improved to 0.3709, model saved
2026-09-01 09:20:00 | Epoch  27/100 | Train Loss 0.1768 | Val Loss 0.1271 MAE 10.8577 R2 0.3799
2026-09-01 09:20:00 |   Val R2 improved to 0.3799, model saved
2026-09-01 09:20:01 | Epoch  28/100 | Train Loss 0.1684 | Val Loss 0.1254 MAE 10.8844 R2 0.3664
2026-09-01 09:20:03 | Epoch  29/100 | Train Loss 0.1590 | Val Loss 0.1214 MAE 10.9988 R2 0.3558
2026-09-01 09:20:05 | Epoch  30/100 | Train Loss 0.1540 | Val Loss 0.1218 MAE 11.1240 R2 0.3373
2026-09-01 09:20:06 | Epoch  31/100 | Train Loss 0.1479 | Val Loss 0.1139 MAE 10.8951 R2 0.3786
2026-09-01 09:20:08 | Epoch  32/100 | Train Loss 0.1465 | Val Loss 0.1093 MAE 10.7778 R2 0.3844
2026-09-01 09:20:08 |   Val R2 improved to 0.3844, model saved
2026-09-01 09:20:10 | Epoch  33/100 | Train Loss 0.1379 | Val Loss 0.1063 MAE 10.8125 R2 0.3775
2026-09-01 09:20:11 | Epoch  34/100 | Train Loss 0.1331 | Val Loss 0.1121 MAE 11.1597 R2 0.3231
2026-09-01 09:20:13 | Epoch  35/100 | Train Loss 0.1267 | Val Loss 0.1009 MAE 10.8824 R2 0.3733
2026-09-01 09:20:15 | Epoch  36/100 | Train Loss 0.1225 | Val Loss 0.1012 MAE 10.8583 R2 0.3690
2026-09-01 09:20:16 | Epoch  37/100 | Train Loss 0.1185 | Val Loss 0.0956 MAE 10.8330 R2 0.3865
2026-09-01 09:20:16 |   Val R2 improved to 0.3865, model saved
2026-09-01 09:20:18 | Epoch  38/100 | Train Loss 0.1157 | Val Loss 0.0987 MAE 11.0224 R2 0.3430
2026-09-01 09:20:20 | Epoch  39/100 | Train Loss 0.1097 | Val Loss 0.0891 MAE 10.7465 R2 0.3923
2026-09-01 09:20:20 |   Val R2 improved to 0.3923, model saved
2026-09-01 09:20:21 | Epoch  40/100 | Train Loss 0.1048 | Val Loss 0.0873 MAE 10.7467 R2 0.3900
2026-09-01 09:20:23 | Epoch  41/100 | Train Loss 0.1000 | Val Loss 0.0862 MAE 10.8042 R2 0.3764
2026-09-01 09:20:25 | Epoch  42/100 | Train Loss 0.0990 | Val Loss 0.0831 MAE 10.7739 R2 0.3932
2026-09-01 09:20:25 |   Val R2 improved to 0.3932, model saved
2026-09-01 09:20:26 | Epoch  43/100 | Train Loss 0.0953 | Val Loss 0.0853 MAE 10.9901 R2 0.3529
2026-09-01 09:20:28 | Epoch  44/100 | Train Loss 0.0916 | Val Loss 0.0797 MAE 10.8358 R2 0.3762
2026-09-01 09:20:30 | Epoch  45/100 | Train Loss 0.0876 | Val Loss 0.0813 MAE 10.9602 R2 0.3566
2026-09-01 09:20:31 | Epoch  46/100 | Train Loss 0.0864 | Val Loss 0.0765 MAE 10.7667 R2 0.3881
2026-09-01 09:20:33 | Epoch  47/100 | Train Loss 0.0837 | Val Loss 0.0753 MAE 10.7957 R2 0.3821
2026-09-01 09:20:35 | Epoch  48/100 | Train Loss 0.0809 | Val Loss 0.0731 MAE 10.8368 R2 0.3828
2026-09-01 09:20:37 | Epoch  49/100 | Train Loss 0.0784 | Val Loss 0.0726 MAE 10.7220 R2 0.3927
2026-09-01 09:20:38 | Epoch  50/100 | Train Loss 0.0783 | Val Loss 0.0730 MAE 10.8353 R2 0.3894
2026-09-01 09:20:40 | Epoch  51/100 | Train Loss 0.0753 | Val Loss 0.0701 MAE 10.9236 R2 0.3698
2026-09-01 09:20:42 | Epoch  52/100 | Train Loss 0.0732 | Val Loss 0.0686 MAE 10.7539 R2 0.3974
2026-09-01 09:20:42 |   Val R2 improved to 0.3974, model saved
2026-09-01 09:20:44 | Epoch  53/100 | Train Loss 0.0702 | Val Loss 0.0688 MAE 10.8771 R2 0.3744
2026-09-01 09:20:45 | Epoch  54/100 | Train Loss 0.0675 | Val Loss 0.0663 MAE 10.7018 R2 0.3975
2026-09-01 09:20:45 |   Val R2 improved to 0.3975, model saved
2026-09-01 09:20:47 | Epoch  55/100 | Train Loss 0.0662 | Val Loss 0.0672 MAE 10.8095 R2 0.3801
2026-09-01 09:20:49 | Epoch  56/100 | Train Loss 0.0640 | Val Loss 0.0658 MAE 10.8778 R2 0.3757
2026-09-01 09:20:50 | Epoch  57/100 | Train Loss 0.0642 | Val Loss 0.0659 MAE 10.8847 R2 0.3721
2026-09-01 09:20:52 | Epoch  58/100 | Train Loss 0.0621 | Val Loss 0.0634 MAE 10.7958 R2 0.3946
2026-09-01 09:20:54 | Epoch  59/100 | Train Loss 0.0603 | Val Loss 0.0626 MAE 10.9447 R2 0.3715
2026-09-01 09:20:55 | Epoch  60/100 | Train Loss 0.0582 | Val Loss 0.0629 MAE 11.0286 R2 0.3595
2026-09-01 09:20:57 | Epoch  61/100 | Train Loss 0.0571 | Val Loss 0.0609 MAE 10.8956 R2 0.3789
2026-09-01 09:20:59 | Epoch  62/100 | Train Loss 0.0568 | Val Loss 0.0607 MAE 10.8532 R2 0.3860
2026-09-01 09:21:00 | Epoch  63/100 | Train Loss 0.0552 | Val Loss 0.0616 MAE 11.0859 R2 0.3518
2026-09-01 09:21:02 | Epoch  64/100 | Train Loss 0.0546 | Val Loss 0.0604 MAE 10.7620 R2 0.3927
2026-09-01 09:21:02 | Val R2 did not improve for 10 consecutive epochs, early stopping at Epoch 64 (best R2 0.3975 @ Epoch 54)
2026-09-01 09:21:02 | Run 1/5 | Test (best model @ Epoch 54) | Loss 0.0686 MAE 11.0292 R2 0.3950
2026-09-01 09:21:02 | ===== Run 2/5 (seed 1) =====
2026-09-01 09:21:04 | Epoch   1/100 | Train Loss 5.1520 | Val Loss 2.2072 MAE 16.7214 R2 -0.5549
2026-09-01 09:21:04 |   Val R2 improved to -0.5549, model saved
2026-09-01 09:21:06 | Epoch   2/100 | Train Loss 2.3043 | Val Loss 1.7659 MAE 13.8986 R2 -0.0017
2026-09-01 09:21:06 |   Val R2 improved to -0.0017, model saved
2026-09-01 09:21:08 | Epoch   3/100 | Train Loss 1.6150 | Val Loss 0.4847 MAE 15.4043 R2 -0.2988
2026-09-01 09:21:09 | Epoch   4/100 | Train Loss 0.8225 | Val Loss 0.3056 MAE 12.5326 R2 0.1605
2026-09-01 09:21:09 |   Val R2 improved to 0.1605, model saved
2026-09-01 09:21:11 | Epoch   5/100 | Train Loss 0.6328 | Val Loss 0.2752 MAE 12.8054 R2 0.1433
2026-09-01 09:21:13 | Epoch   6/100 | Train Loss 0.5773 | Val Loss 0.2577 MAE 12.5613 R2 0.1394
2026-09-01 09:21:15 | Epoch   7/100 | Train Loss 0.5172 | Val Loss 0.2437 MAE 12.2530 R2 0.1882
2026-09-01 09:21:15 |   Val R2 improved to 0.1882, model saved
2026-09-01 09:21:16 | Epoch   8/100 | Train Loss 0.4752 | Val Loss 0.2278 MAE 11.8081 R2 0.2613
2026-09-01 09:21:16 |   Val R2 improved to 0.2613, model saved
2026-09-01 09:21:18 | Epoch   9/100 | Train Loss 0.4498 | Val Loss 0.2229 MAE 11.8987 R2 0.2403
2026-09-01 09:21:20 | Epoch  10/100 | Train Loss 0.4300 | Val Loss 0.2067 MAE 11.7623 R2 0.2640
2026-09-01 09:21:20 |   Val R2 improved to 0.2640, model saved
2026-09-01 09:21:22 | Epoch  11/100 | Train Loss 0.4037 | Val Loss 0.2094 MAE 11.7325 R2 0.2564
2026-09-01 09:21:23 | Epoch  12/100 | Train Loss 0.3840 | Val Loss 0.1980 MAE 11.4574 R2 0.3028
2026-09-01 09:21:23 |   Val R2 improved to 0.3028, model saved
2026-09-01 09:21:25 | Epoch  13/100 | Train Loss 0.3710 | Val Loss 0.1933 MAE 11.4013 R2 0.3111
2026-09-01 09:21:25 |   Val R2 improved to 0.3111, model saved
2026-09-01 09:21:27 | Epoch  14/100 | Train Loss 0.3560 | Val Loss 0.1948 MAE 11.5547 R2 0.2822
2026-09-01 09:21:28 | Epoch  15/100 | Train Loss 0.3415 | Val Loss 0.1962 MAE 11.6521 R2 0.2596
2026-09-01 09:21:30 | Epoch  16/100 | Train Loss 0.3254 | Val Loss 0.1804 MAE 11.2583 R2 0.3267
2026-09-01 09:21:30 |   Val R2 improved to 0.3267, model saved
2026-09-01 09:21:31 | Epoch  17/100 | Train Loss 0.3200 | Val Loss 0.1797 MAE 11.2709 R2 0.3146
2026-09-01 09:21:33 | Epoch  18/100 | Train Loss 0.3080 | Val Loss 0.1857 MAE 11.4929 R2 0.2820
2026-09-01 09:21:34 | Epoch  19/100 | Train Loss 0.3056 | Val Loss 0.1712 MAE 11.2610 R2 0.3231
2026-09-01 09:21:36 | Epoch  20/100 | Train Loss 0.2905 | Val Loss 0.1735 MAE 11.1514 R2 0.3323
2026-09-01 09:21:36 |   Val R2 improved to 0.3323, model saved
2026-09-01 09:21:38 | Epoch  21/100 | Train Loss 0.2788 | Val Loss 0.1782 MAE 11.2160 R2 0.3161
2026-09-01 09:21:39 | Epoch  22/100 | Train Loss 0.2766 | Val Loss 0.1716 MAE 11.2524 R2 0.3129
2026-09-01 09:21:41 | Epoch  23/100 | Train Loss 0.2629 | Val Loss 0.1656 MAE 10.9574 R2 0.3583
2026-09-01 09:21:41 |   Val R2 improved to 0.3583, model saved
2026-09-01 09:21:43 | Epoch  24/100 | Train Loss 0.2583 | Val Loss 0.1632 MAE 11.1135 R2 0.3385
2026-09-01 09:21:45 | Epoch  25/100 | Train Loss 0.2525 | Val Loss 0.1662 MAE 11.1464 R2 0.3261
2026-09-01 09:21:46 | Epoch  26/100 | Train Loss 0.2447 | Val Loss 0.1617 MAE 11.0169 R2 0.3439
2026-09-01 09:21:48 | Epoch  27/100 | Train Loss 0.2366 | Val Loss 0.1542 MAE 10.9003 R2 0.3601
2026-09-01 09:21:48 |   Val R2 improved to 0.3601, model saved
2026-09-01 09:21:49 | Epoch  28/100 | Train Loss 0.2290 | Val Loss 0.1464 MAE 10.8615 R2 0.3711
2026-09-01 09:21:49 |   Val R2 improved to 0.3711, model saved
2026-09-01 09:21:51 | Epoch  29/100 | Train Loss 0.2139 | Val Loss 0.1484 MAE 11.1783 R2 0.3249
2026-09-01 09:21:53 | Epoch  30/100 | Train Loss 0.2061 | Val Loss 0.1560 MAE 11.4813 R2 0.2802
2026-09-01 09:21:54 | Epoch  31/100 | Train Loss 0.1953 | Val Loss 0.1339 MAE 10.8560 R2 0.3704
2026-09-01 09:21:56 | Epoch  32/100 | Train Loss 0.1885 | Val Loss 0.1308 MAE 10.8330 R2 0.3736
2026-09-01 09:21:56 |   Val R2 improved to 0.3736, model saved
2026-09-01 09:21:58 | Epoch  33/100 | Train Loss 0.1807 | Val Loss 0.1305 MAE 11.0544 R2 0.3378
2026-09-01 09:22:00 | Epoch  34/100 | Train Loss 0.1708 | Val Loss 0.1233 MAE 10.9060 R2 0.3681
2026-09-01 09:22:01 | Epoch  35/100 | Train Loss 0.1628 | Val Loss 0.1224 MAE 11.0712 R2 0.3411
2026-09-01 09:22:03 | Epoch  36/100 | Train Loss 0.1571 | Val Loss 0.1178 MAE 10.9708 R2 0.3498
2026-09-01 09:22:04 | Epoch  37/100 | Train Loss 0.1475 | Val Loss 0.1059 MAE 10.8283 R2 0.3760
2026-09-01 09:22:04 |   Val R2 improved to 0.3760, model saved
2026-09-01 09:22:06 | Epoch  38/100 | Train Loss 0.1407 | Val Loss 0.1127 MAE 11.1818 R2 0.3210
2026-09-01 09:22:08 | Epoch  39/100 | Train Loss 0.1382 | Val Loss 0.1077 MAE 11.0944 R2 0.3370
2026-09-01 09:22:09 | Epoch  40/100 | Train Loss 0.1291 | Val Loss 0.0956 MAE 10.7640 R2 0.3965
2026-09-01 09:22:09 |   Val R2 improved to 0.3965, model saved
2026-09-01 09:22:11 | Epoch  41/100 | Train Loss 0.1218 | Val Loss 0.0945 MAE 10.8135 R2 0.3785
2026-09-01 09:22:13 | Epoch  42/100 | Train Loss 0.1167 | Val Loss 0.0958 MAE 10.9804 R2 0.3530
2026-09-01 09:22:15 | Epoch  43/100 | Train Loss 0.1141 | Val Loss 0.0878 MAE 10.7529 R2 0.4003
2026-09-01 09:22:15 |   Val R2 improved to 0.4003, model saved
2026-09-01 09:22:16 | Epoch  44/100 | Train Loss 0.1091 | Val Loss 0.0859 MAE 10.7389 R2 0.3854
2026-09-01 09:22:18 | Epoch  45/100 | Train Loss 0.1024 | Val Loss 0.0830 MAE 10.7049 R2 0.3926
2026-09-01 09:22:20 | Epoch  46/100 | Train Loss 0.1000 | Val Loss 0.0844 MAE 10.8401 R2 0.3715
2026-09-01 09:22:21 | Epoch  47/100 | Train Loss 0.0973 | Val Loss 0.0824 MAE 10.9179 R2 0.3641
2026-09-01 09:22:23 | Epoch  48/100 | Train Loss 0.0914 | Val Loss 0.0775 MAE 10.7203 R2 0.3908
2026-09-01 09:22:25 | Epoch  49/100 | Train Loss 0.0897 | Val Loss 0.0781 MAE 10.8746 R2 0.3692
2026-09-01 09:22:26 | Epoch  50/100 | Train Loss 0.0878 | Val Loss 0.0740 MAE 10.7517 R2 0.3927
2026-09-01 09:22:28 | Epoch  51/100 | Train Loss 0.0832 | Val Loss 0.0729 MAE 10.8274 R2 0.3819
2026-09-01 09:22:29 | Epoch  52/100 | Train Loss 0.0823 | Val Loss 0.0724 MAE 10.9129 R2 0.3670
2026-09-01 09:22:31 | Epoch  53/100 | Train Loss 0.0804 | Val Loss 0.0715 MAE 10.9164 R2 0.3679
2026-09-01 09:22:31 | Val R2 did not improve for 10 consecutive epochs, early stopping at Epoch 53 (best R2 0.4003 @ Epoch 43)
2026-09-01 09:22:32 | Run 2/5 | Test (best model @ Epoch 43) | Loss 0.0909 MAE 10.9929 R2 0.3990
2026-09-01 09:22:32 | ===== Run 3/5 (seed 2) =====
2026-09-01 09:22:33 | Epoch   1/100 | Train Loss 4.3366 | Val Loss 2.2771 MAE 21.0023 R2 -1.3335
2026-09-01 09:22:33 |   Val R2 improved to -1.3335, model saved
2026-09-01 09:22:35 | Epoch   2/100 | Train Loss 2.3962 | Val Loss 1.9799 MAE 13.2011 R2 0.0921
2026-09-01 09:22:35 |   Val R2 improved to 0.0921, model saved
2026-09-01 09:22:37 | Epoch   3/100 | Train Loss 2.0405 | Val Loss 1.4965 MAE 12.8411 R2 0.1367
2026-09-01 09:22:37 |   Val R2 improved to 0.1367, model saved
2026-09-01 09:22:38 | Epoch   4/100 | Train Loss 1.4692 | Val Loss 0.6901 MAE 12.4586 R2 0.1858
2026-09-01 09:22:38 |   Val R2 improved to 0.1858, model saved
2026-09-01 09:22:40 | Epoch   5/100 | Train Loss 0.8510 | Val Loss 0.2962 MAE 12.4359 R2 0.1604
2026-09-01 09:22:42 | Epoch   6/100 | Train Loss 0.6002 | Val Loss 0.2647 MAE 13.0154 R2 0.0695
2026-09-01 09:22:43 | Epoch   7/100 | Train Loss 0.5459 | Val Loss 0.2363 MAE 11.5405 R2 0.2900
2026-09-01 09:22:43 |   Val R2 improved to 0.2900, model saved
2026-09-01 09:22:45 | Epoch   8/100 | Train Loss 0.5008 | Val Loss 0.2322 MAE 11.9520 R2 0.2169
2026-09-01 09:22:47 | Epoch   9/100 | Train Loss 0.4676 | Val Loss 0.2218 MAE 11.6421 R2 0.2600
2026-09-01 09:22:49 | Epoch  10/100 | Train Loss 0.4328 | Val Loss 0.2148 MAE 11.4446 R2 0.2899
2026-09-01 09:22:50 | Epoch  11/100 | Train Loss 0.4081 | Val Loss 0.2211 MAE 12.0357 R2 0.2026
2026-09-01 09:22:52 | Epoch  12/100 | Train Loss 0.3868 | Val Loss 0.2044 MAE 11.5030 R2 0.2764
2026-09-01 09:22:54 | Epoch  13/100 | Train Loss 0.3699 | Val Loss 0.1951 MAE 11.1671 R2 0.3201
2026-09-01 09:22:54 |   Val R2 improved to 0.3201, model saved
2026-09-01 09:22:55 | Epoch  14/100 | Train Loss 0.3577 | Val Loss 0.2088 MAE 11.8898 R2 0.2223
2026-09-01 09:22:57 | Epoch  15/100 | Train Loss 0.3371 | Val Loss 0.1855 MAE 11.1933 R2 0.3155
2026-09-01 09:22:59 | Epoch  16/100 | Train Loss 0.3230 | Val Loss 0.1801 MAE 10.9282 R2 0.3499
2026-09-01 09:22:59 |   Val R2 improved to 0.3499, model saved
2026-09-01 09:23:00 | Epoch  17/100 | Train Loss 0.3042 | Val Loss 0.1800 MAE 11.0022 R2 0.3386
2026-09-01 09:23:02 | Epoch  18/100 | Train Loss 0.2969 | Val Loss 0.1703 MAE 10.9458 R2 0.3477
2026-09-01 09:23:04 | Epoch  19/100 | Train Loss 0.2849 | Val Loss 0.1623 MAE 10.7366 R2 0.3735
2026-09-01 09:23:04 |   Val R2 improved to 0.3735, model saved
2026-09-01 09:23:06 | Epoch  20/100 | Train Loss 0.2685 | Val Loss 0.1592 MAE 10.6964 R2 0.3776
2026-09-01 09:23:06 |   Val R2 improved to 0.3776, model saved
2026-09-01 09:23:07 | Epoch  21/100 | Train Loss 0.2575 | Val Loss 0.1523 MAE 10.6200 R2 0.3880
2026-09-01 09:23:07 |   Val R2 improved to 0.3880, model saved
2026-09-01 09:23:09 | Epoch  22/100 | Train Loss 0.2510 | Val Loss 0.1493 MAE 10.5797 R2 0.3934
2026-09-01 09:23:09 |   Val R2 improved to 0.3934, model saved
2026-09-01 09:23:11 | Epoch  23/100 | Train Loss 0.2380 | Val Loss 0.1466 MAE 10.6636 R2 0.3862
2026-09-01 09:23:12 | Epoch  24/100 | Train Loss 0.2312 | Val Loss 0.1538 MAE 10.8962 R2 0.3470
2026-09-01 09:23:14 | Epoch  25/100 | Train Loss 0.2193 | Val Loss 0.1411 MAE 10.6203 R2 0.3878
2026-09-01 09:23:16 | Epoch  26/100 | Train Loss 0.2138 | Val Loss 0.1423 MAE 10.7078 R2 0.3724
2026-09-01 09:23:17 | Epoch  27/100 | Train Loss 0.2057 | Val Loss 0.1333 MAE 10.5319 R2 0.4012
2026-09-01 09:23:17 |   Val R2 improved to 0.4012, model saved
2026-09-01 09:23:19 | Epoch  28/100 | Train Loss 0.1978 | Val Loss 0.1398 MAE 10.8525 R2 0.3549
2026-09-01 09:23:21 | Epoch  29/100 | Train Loss 0.1931 | Val Loss 0.1307 MAE 10.5364 R2 0.3938
2026-09-01 09:23:22 | Epoch  30/100 | Train Loss 0.1807 | Val Loss 0.1401 MAE 11.1447 R2 0.3152
2026-09-01 09:23:24 | Epoch  31/100 | Train Loss 0.1778 | Val Loss 0.1266 MAE 10.7129 R2 0.3756
2026-09-01 09:23:26 | Epoch  32/100 | Train Loss 0.1712 | Val Loss 0.1218 MAE 10.5907 R2 0.3911
2026-09-01 09:23:27 | Epoch  33/100 | Train Loss 0.1645 | Val Loss 0.1295 MAE 10.9947 R2 0.3342
2026-09-01 09:23:29 | Epoch  34/100 | Train Loss 0.1630 | Val Loss 0.1225 MAE 10.8063 R2 0.3593
2026-09-01 09:23:31 | Epoch  35/100 | Train Loss 0.1549 | Val Loss 0.1142 MAE 10.5451 R2 0.3960
2026-09-01 09:23:32 | Epoch  36/100 | Train Loss 0.1496 | Val Loss 0.1147 MAE 10.7064 R2 0.3758
2026-09-01 09:23:34 | Epoch  37/100 | Train Loss 0.1438 | Val Loss 0.1148 MAE 10.8588 R2 0.3537
2026-09-01 09:23:34 | Val R2 did not improve for 10 consecutive epochs, early stopping at Epoch 37 (best R2 0.4012 @ Epoch 27)
2026-09-01 09:23:35 | Run 3/5 | Test (best model @ Epoch 27) | Loss 0.1352 MAE 10.7674 R2 0.4149
2026-09-01 09:23:35 | ===== Run 4/5 (seed 3) =====
2026-09-01 09:23:36 | Epoch   1/100 | Train Loss 4.5045 | Val Loss 2.3474 MAE 22.5765 R2 -1.5678
2026-09-01 09:23:36 |   Val R2 improved to -1.5678, model saved
2026-09-01 09:23:38 | Epoch   2/100 | Train Loss 2.4735 | Val Loss 2.0821 MAE 13.6186 R2 0.0327
2026-09-01 09:23:38 |   Val R2 improved to 0.0327, model saved
2026-09-01 09:23:40 | Epoch   3/100 | Train Loss 2.1410 | Val Loss 1.6268 MAE 13.6928 R2 0.0620
2026-09-01 09:23:40 |   Val R2 improved to 0.0620, model saved
2026-09-01 09:23:41 | Epoch   4/100 | Train Loss 1.5500 | Val Loss 0.7767 MAE 12.7585 R2 0.1576
2026-09-01 09:23:41 |   Val R2 improved to 0.1576, model saved
2026-09-01 09:23:43 | Epoch   5/100 | Train Loss 0.8247 | Val Loss 0.2807 MAE 12.1921 R2 0.2128
2026-09-01 09:23:43 |   Val R2 improved to 0.2128, model saved
2026-09-01 09:23:45 | Epoch   6/100 | Train Loss 0.5784 | Val Loss 0.2411 MAE 12.1017 R2 0.2434
2026-09-01 09:23:45 |   Val R2 improved to 0.2434, model saved
2026-09-01 09:23:46 | Epoch   7/100 | Train Loss 0.5167 | Val Loss 0.2396 MAE 12.0999 R2 0.2030
2026-09-01 09:23:48 | Epoch   8/100 | Train Loss 0.4759 | Val Loss 0.2155 MAE 11.6015 R2 0.2796
2026-09-01 09:23:48 |   Val R2 improved to 0.2796, model saved
2026-09-01 09:23:50 | Epoch   9/100 | Train Loss 0.4463 | Val Loss 0.2295 MAE 11.9147 R2 0.2236
2026-09-01 09:23:51 | Epoch  10/100 | Train Loss 0.4318 | Val Loss 0.2159 MAE 11.7324 R2 0.2515
2026-09-01 09:23:53 | Epoch  11/100 | Train Loss 0.4064 | Val Loss 0.2180 MAE 11.7929 R2 0.2398
2026-09-01 09:23:55 | Epoch  12/100 | Train Loss 0.3832 | Val Loss 0.1908 MAE 11.2946 R2 0.3341
2026-09-01 09:23:55 |   Val R2 improved to 0.3341, model saved
2026-09-01 09:23:57 | Epoch  13/100 | Train Loss 0.3713 | Val Loss 0.2170 MAE 12.1133 R2 0.1923
2026-09-01 09:23:58 | Epoch  14/100 | Train Loss 0.3546 | Val Loss 0.1823 MAE 11.3236 R2 0.3127
2026-09-01 09:24:00 | Epoch  15/100 | Train Loss 0.3280 | Val Loss 0.1832 MAE 11.2912 R2 0.3145
2026-09-01 09:24:01 | Epoch  16/100 | Train Loss 0.3226 | Val Loss 0.1972 MAE 11.6954 R2 0.2511
2026-09-01 09:24:03 | Epoch  17/100 | Train Loss 0.3049 | Val Loss 0.1692 MAE 11.0819 R2 0.3543
2026-09-01 09:24:03 |   Val R2 improved to 0.3543, model saved
2026-09-01 09:24:05 | Epoch  18/100 | Train Loss 0.2954 | Val Loss 0.1705 MAE 11.2347 R2 0.3238
2026-09-01 09:24:07 | Epoch  19/100 | Train Loss 0.2808 | Val Loss 0.1676 MAE 11.1046 R2 0.3365
2026-09-01 09:24:08 | Epoch  20/100 | Train Loss 0.2677 | Val Loss 0.1711 MAE 11.1340 R2 0.3302
2026-09-01 09:24:10 | Epoch  21/100 | Train Loss 0.2595 | Val Loss 0.1648 MAE 11.1002 R2 0.3310
2026-09-01 09:24:12 | Epoch  22/100 | Train Loss 0.2523 | Val Loss 0.1530 MAE 10.9154 R2 0.3713
2026-09-01 09:24:12 |   Val R2 improved to 0.3713, model saved
2026-09-01 09:24:13 | Epoch  23/100 | Train Loss 0.2423 | Val Loss 0.1567 MAE 10.9934 R2 0.3472
2026-09-01 09:24:15 | Epoch  24/100 | Train Loss 0.2314 | Val Loss 0.1550 MAE 11.0621 R2 0.3354
2026-09-01 09:24:17 | Epoch  25/100 | Train Loss 0.2205 | Val Loss 0.1449 MAE 10.7501 R2 0.3790
2026-09-01 09:24:17 |   Val R2 improved to 0.3790, model saved
2026-09-01 09:24:18 | Epoch  26/100 | Train Loss 0.2167 | Val Loss 0.1409 MAE 10.6943 R2 0.3869
2026-09-01 09:24:18 |   Val R2 improved to 0.3869, model saved
2026-09-01 09:24:20 | Epoch  27/100 | Train Loss 0.2106 | Val Loss 0.1385 MAE 10.7617 R2 0.3763
2026-09-01 09:24:22 | Epoch  28/100 | Train Loss 0.2048 | Val Loss 0.1418 MAE 10.8752 R2 0.3559
2026-09-01 09:24:23 | Epoch  29/100 | Train Loss 0.1931 | Val Loss 0.1433 MAE 10.9676 R2 0.3443
2026-09-01 09:24:25 | Epoch  30/100 | Train Loss 0.1925 | Val Loss 0.1439 MAE 11.1014 R2 0.3260
2026-09-01 09:24:27 | Epoch  31/100 | Train Loss 0.1808 | Val Loss 0.1283 MAE 10.7606 R2 0.3737
2026-09-01 09:24:29 | Epoch  32/100 | Train Loss 0.1735 | Val Loss 0.1220 MAE 10.6298 R2 0.3945
2026-09-01 09:24:29 |   Val R2 improved to 0.3945, model saved
2026-09-01 09:24:30 | Epoch  33/100 | Train Loss 0.1659 | Val Loss 0.1260 MAE 10.8284 R2 0.3653
2026-09-01 09:24:32 | Epoch  34/100 | Train Loss 0.1623 | Val Loss 0.1258 MAE 10.9909 R2 0.3436
2026-09-01 09:24:34 | Epoch  35/100 | Train Loss 0.1571 | Val Loss 0.1308 MAE 11.3046 R2 0.3009
2026-09-01 09:24:35 | Epoch  36/100 | Train Loss 0.1495 | Val Loss 0.1120 MAE 10.6671 R2 0.3941
2026-09-01 09:24:37 | Epoch  37/100 | Train Loss 0.1423 | Val Loss 0.1094 MAE 10.4941 R2 0.4089
2026-09-01 09:24:37 |   Val R2 improved to 0.4089, model saved
2026-09-01 09:24:38 | Epoch  38/100 | Train Loss 0.1421 | Val Loss 0.1076 MAE 10.5541 R2 0.4013
2026-09-01 09:24:40 | Epoch  39/100 | Train Loss 0.1351 | Val Loss 0.1047 MAE 10.6132 R2 0.3944
2026-09-01 09:24:42 | Epoch  40/100 | Train Loss 0.1328 | Val Loss 0.1024 MAE 10.5904 R2 0.4017
2026-09-01 09:24:43 | Epoch  41/100 | Train Loss 0.1275 | Val Loss 0.1002 MAE 10.6149 R2 0.3952
2026-09-01 09:24:45 | Epoch  42/100 | Train Loss 0.1238 | Val Loss 0.1059 MAE 11.0419 R2 0.3370
2026-09-01 09:24:47 | Epoch  43/100 | Train Loss 0.1183 | Val Loss 0.1007 MAE 10.8463 R2 0.3665
2026-09-01 09:24:48 | Epoch  44/100 | Train Loss 0.1144 | Val Loss 0.1045 MAE 11.0818 R2 0.3322
2026-09-01 09:24:50 | Epoch  45/100 | Train Loss 0.1135 | Val Loss 0.1053 MAE 11.2847 R2 0.3089
2026-09-01 09:24:52 | Epoch  46/100 | Train Loss 0.1099 | Val Loss 0.0930 MAE 10.8001 R2 0.3733
2026-09-01 09:24:53 | Epoch  47/100 | Train Loss 0.1049 | Val Loss 0.0899 MAE 10.6013 R2 0.3998
2026-09-01 09:24:53 | Val R2 did not improve for 10 consecutive epochs, early stopping at Epoch 47 (best R2 0.4089 @ Epoch 37)
2026-09-01 09:24:54 | Run 4/5 | Test (best model @ Epoch 37) | Loss 0.1092 MAE 10.6892 R2 0.4253
2026-09-01 09:24:54 | ===== Run 5/5 (seed 4) =====
2026-09-01 09:24:55 | Epoch   1/100 | Train Loss 3.9106 | Val Loss 2.3210 MAE 23.1717 R2 -1.7575
2026-09-01 09:24:55 |   Val R2 improved to -1.7575, model saved
2026-09-01 09:24:57 | Epoch   2/100 | Train Loss 2.3564 | Val Loss 1.7953 MAE 14.1898 R2 -0.0395
2026-09-01 09:24:57 |   Val R2 improved to -0.0395, model saved
2026-09-01 09:24:59 | Epoch   3/100 | Train Loss 1.6258 | Val Loss 0.5479 MAE 12.7964 R2 0.1125
2026-09-01 09:24:59 |   Val R2 improved to 0.1125, model saved
2026-09-01 09:25:00 | Epoch   4/100 | Train Loss 0.8658 | Val Loss 0.3042 MAE 12.2698 R2 0.1763
2026-09-01 09:25:00 |   Val R2 improved to 0.1763, model saved
2026-09-01 09:25:02 | Epoch   5/100 | Train Loss 0.5579 | Val Loss 0.2445 MAE 11.6139 R2 0.2788
2026-09-01 09:25:02 |   Val R2 improved to 0.2788, model saved
2026-09-01 09:25:04 | Epoch   6/100 | Train Loss 0.4557 | Val Loss 0.2206 MAE 11.3126 R2 0.3048
2026-09-01 09:25:04 |   Val R2 improved to 0.3048, model saved
2026-09-01 09:25:05 | Epoch   7/100 | Train Loss 0.4237 | Val Loss 0.2099 MAE 11.2978 R2 0.2982
2026-09-01 09:25:07 | Epoch   8/100 | Train Loss 0.3863 | Val Loss 0.1985 MAE 10.9680 R2 0.3516
2026-09-01 09:25:07 |   Val R2 improved to 0.3516, model saved
2026-09-01 09:25:09 | Epoch   9/100 | Train Loss 0.3704 | Val Loss 0.2139 MAE 11.9303 R2 0.2090
2026-09-01 09:25:10 | Epoch  10/100 | Train Loss 0.3418 | Val Loss 0.1914 MAE 10.8969 R2 0.3465
2026-09-01 09:25:12 | Epoch  11/100 | Train Loss 0.3258 | Val Loss 0.1856 MAE 10.7025 R2 0.3715
2026-09-01 09:25:12 |   Val R2 improved to 0.3715, model saved
2026-09-01 09:25:14 | Epoch  12/100 | Train Loss 0.3059 | Val Loss 0.1914 MAE 10.9601 R2 0.3327
2026-09-01 09:25:15 | Epoch  13/100 | Train Loss 0.2952 | Val Loss 0.2294 MAE 12.7133 R2 0.1147
2026-09-01 09:25:17 | Epoch  14/100 | Train Loss 0.2830 | Val Loss 0.1863 MAE 11.2595 R2 0.2934
2026-09-01 09:25:18 | Epoch  15/100 | Train Loss 0.2698 | Val Loss 0.1744 MAE 10.6854 R2 0.3658
2026-09-01 09:25:20 | Epoch  16/100 | Train Loss 0.2541 | Val Loss 0.1694 MAE 10.5575 R2 0.3858
2026-09-01 09:25:20 |   Val R2 improved to 0.3858, model saved
2026-09-01 09:25:22 | Epoch  17/100 | Train Loss 0.2468 | Val Loss 0.1688 MAE 10.5754 R2 0.3944
2026-09-01 09:25:22 |   Val R2 improved to 0.3944, model saved
2026-09-01 09:25:23 | Epoch  18/100 | Train Loss 0.2368 | Val Loss 0.1677 MAE 10.6715 R2 0.3668
2026-09-01 09:25:25 | Epoch  19/100 | Train Loss 0.2273 | Val Loss 0.1742 MAE 11.1068 R2 0.3142
2026-09-01 09:25:27 | Epoch  20/100 | Train Loss 0.2183 | Val Loss 0.1573 MAE 10.3715 R2 0.4122
2026-09-01 09:25:27 |   Val R2 improved to 0.4122, model saved
2026-09-01 09:25:28 | Epoch  21/100 | Train Loss 0.2111 | Val Loss 0.1588 MAE 10.5689 R2 0.3796
2026-09-01 09:25:30 | Epoch  22/100 | Train Loss 0.2027 | Val Loss 0.1517 MAE 10.3462 R2 0.4156
2026-09-01 09:25:30 |   Val R2 improved to 0.4156, model saved
2026-09-01 09:25:32 | Epoch  23/100 | Train Loss 0.1982 | Val Loss 0.1628 MAE 11.0197 R2 0.3255
2026-09-01 09:25:33 | Epoch  24/100 | Train Loss 0.1876 | Val Loss 0.1481 MAE 10.3500 R2 0.4075
2026-09-01 09:25:35 | Epoch  25/100 | Train Loss 0.1747 | Val Loss 0.1525 MAE 10.8034 R2 0.3536
2026-09-01 09:25:37 | Epoch  26/100 | Train Loss 0.1708 | Val Loss 0.1442 MAE 10.4830 R2 0.3933
2026-09-01 09:25:38 | Epoch  27/100 | Train Loss 0.1620 | Val Loss 0.1418 MAE 10.5121 R2 0.3920
2026-09-01 09:25:40 | Epoch  28/100 | Train Loss 0.1565 | Val Loss 0.1364 MAE 10.3076 R2 0.4194
2026-09-01 09:25:40 |   Val R2 improved to 0.4194, model saved
2026-09-01 09:25:42 | Epoch  29/100 | Train Loss 0.1494 | Val Loss 0.1355 MAE 10.3205 R2 0.4200
2026-09-01 09:25:42 |   Val R2 improved to 0.4200, model saved
2026-09-01 09:25:43 | Epoch  30/100 | Train Loss 0.1494 | Val Loss 0.1326 MAE 10.2716 R2 0.4210
2026-09-01 09:25:43 |   Val R2 improved to 0.4210, model saved
2026-09-01 09:25:45 | Epoch  31/100 | Train Loss 0.1424 | Val Loss 0.1351 MAE 10.5360 R2 0.3827
2026-09-01 09:25:47 | Epoch  32/100 | Train Loss 0.1393 | Val Loss 0.1405 MAE 10.9039 R2 0.3388
2026-09-01 09:25:49 | Epoch  33/100 | Train Loss 0.1291 | Val Loss 0.1334 MAE 10.6925 R2 0.3660
2026-09-01 09:25:50 | Epoch  34/100 | Train Loss 0.1249 | Val Loss 0.1263 MAE 10.4948 R2 0.3900
2026-09-01 09:25:52 | Epoch  35/100 | Train Loss 0.1206 | Val Loss 0.1302 MAE 10.5591 R2 0.4046
2026-09-01 09:25:54 | Epoch  36/100 | Train Loss 0.1156 | Val Loss 0.1194 MAE 10.3185 R2 0.4142
2026-09-01 09:25:55 | Epoch  37/100 | Train Loss 0.1128 | Val Loss 0.1264 MAE 10.7865 R2 0.3523
2026-09-01 09:25:57 | Epoch  38/100 | Train Loss 0.1057 | Val Loss 0.1346 MAE 11.3397 R2 0.2860
2026-09-01 09:25:58 | Epoch  39/100 | Train Loss 0.1066 | Val Loss 0.1175 MAE 10.6221 R2 0.3751
2026-09-01 09:26:00 | Epoch  40/100 | Train Loss 0.0977 | Val Loss 0.1126 MAE 10.3787 R2 0.4170
2026-09-01 09:26:00 | Val R2 did not improve for 10 consecutive epochs, early stopping at Epoch 40 (best R2 0.4210 @ Epoch 30)
2026-09-01 09:26:00 | Run 5/5 | Test (best model @ Epoch 30) | Loss 0.1336 MAE 10.4406 R2 0.4388
2026-09-01 09:26:00 | Average over 5 runs | Test Loss 0.1075±0.0285 MAE 10.7839±0.2403 R2 0.4146±0.0182
