2026-09-02 00:31:18 | Device: cuda
2026-09-02 00:31:18 | Args: {'model': 'opb', 'backbone': 'rnn', 'task': 'imdb', 'epochs': 100, 'batch_size': 512, 'lr': 0.001, 'hidden_dims': [512, 256], 'dropout': 0.2, 'z_dim': 256, 'anchor_scale': 12.0, 'energy_classifier': False, 'max_len': 250, 'random_labels': False, 'beta': 0.0001, 'patience': 10, 'runs': 5, 'seed': 0, 'data_dir': './data', 'save_path': 'output/imdb_rnn_opb/imdb_rnn_opb.pt', 'log_path': '/root/autodl-tmp/IB/tune_results/imdb_rnn_opb_beta_0.0001_anchor_12/train.log', 'no_save': True}
2026-09-02 00:31:18 | IMDb 预处理缓存：mmap 共享 ./data/imdb/imdb_processed_maxlen250
2026-09-02 00:31:18 | ===== Run 1/5 (seed 0) =====
2026-09-02 00:31:30 | Epoch   1/100 | Train Loss 0.6512 Acc 0.6432 | Val Loss 0.6474 Acc 0.6542 AUC 0.7462 Pre 0.6906 Rec 0.6542
2026-09-02 00:31:30 |   Val AUC improved to 0.7462, model saved
2026-09-02 00:31:41 | Epoch   2/100 | Train Loss 0.6066 Acc 0.6716 | Val Loss 0.5706 Acc 0.7006 AUC 0.7813 Pre 0.7027 Rec 0.7006
2026-09-02 00:31:41 |   Val AUC improved to 0.7813, model saved
2026-09-02 00:31:52 | Epoch   3/100 | Train Loss 0.5064 Acc 0.7630 | Val Loss 0.5894 Acc 0.7297 AUC 0.8237 Pre 0.7566 Rec 0.7297
2026-09-02 00:31:52 |   Val AUC improved to 0.8237, model saved
2026-09-02 00:32:03 | Epoch   4/100 | Train Loss 0.4190 Acc 0.8173 | Val Loss 0.4195 Acc 0.8111 AUC 0.8980 Pre 0.8189 Rec 0.8111
2026-09-02 00:32:03 |   Val AUC improved to 0.8980, model saved
2026-09-02 00:32:14 | Epoch   5/100 | Train Loss 0.3547 Acc 0.8490 | Val Loss 0.3876 Acc 0.8342 AUC 0.9136 Pre 0.8342 Rec 0.8342
2026-09-02 00:32:14 |   Val AUC improved to 0.9136, model saved
2026-09-02 00:32:24 | Epoch   6/100 | Train Loss 0.2570 Acc 0.8979 | Val Loss 0.3562 Acc 0.8526 AUC 0.9280 Pre 0.8526 Rec 0.8526
2026-09-02 00:32:25 |   Val AUC improved to 0.9280, model saved
2026-09-02 00:32:35 | Epoch   7/100 | Train Loss 0.2078 Acc 0.9221 | Val Loss 0.4555 Acc 0.8479 AUC 0.9258 Pre 0.8546 Rec 0.8479
2026-09-02 00:32:46 | Epoch   8/100 | Train Loss 0.1819 Acc 0.9326 | Val Loss 0.4358 Acc 0.8344 AUC 0.9196 Pre 0.8442 Rec 0.8344
2026-09-02 00:32:57 | Epoch   9/100 | Train Loss 0.1323 Acc 0.9546 | Val Loss 0.4508 Acc 0.8587 AUC 0.9344 Pre 0.8600 Rec 0.8587
2026-09-02 00:32:57 |   Val AUC improved to 0.9344, model saved
2026-09-02 00:33:07 | Epoch  10/100 | Train Loss 0.0762 Acc 0.9748 | Val Loss 0.4873 Acc 0.8570 AUC 0.9284 Pre 0.8573 Rec 0.8570
2026-09-02 00:33:18 | Epoch  11/100 | Train Loss 0.0563 Acc 0.9822 | Val Loss 0.5761 Acc 0.8439 AUC 0.9219 Pre 0.8457 Rec 0.8439
2026-09-02 00:33:29 | Epoch  12/100 | Train Loss 0.0340 Acc 0.9898 | Val Loss 0.6266 Acc 0.8598 AUC 0.9282 Pre 0.8605 Rec 0.8598
2026-09-02 00:33:39 | Epoch  13/100 | Train Loss 0.0225 Acc 0.9935 | Val Loss 0.6893 Acc 0.8536 AUC 0.9195 Pre 0.8541 Rec 0.8536
2026-09-02 00:33:50 | Epoch  14/100 | Train Loss 0.0400 Acc 0.9872 | Val Loss 0.6907 Acc 0.8532 AUC 0.9225 Pre 0.8538 Rec 0.8532
2026-09-02 00:34:00 | Epoch  15/100 | Train Loss 0.0273 Acc 0.9914 | Val Loss 0.7292 Acc 0.8566 AUC 0.9225 Pre 0.8571 Rec 0.8566
2026-09-02 00:34:11 | Epoch  16/100 | Train Loss 0.0120 Acc 0.9967 | Val Loss 0.7722 Acc 0.8545 AUC 0.9217 Pre 0.8546 Rec 0.8545
2026-09-02 00:34:22 | Epoch  17/100 | Train Loss 0.0064 Acc 0.9987 | Val Loss 0.8284 Acc 0.8562 AUC 0.9224 Pre 0.8563 Rec 0.8562
2026-09-02 00:34:32 | Epoch  18/100 | Train Loss 0.0067 Acc 0.9983 | Val Loss 0.8929 Acc 0.8545 AUC 0.9162 Pre 0.8548 Rec 0.8545
2026-09-02 00:34:43 | Epoch  19/100 | Train Loss 0.0085 Acc 0.9978 | Val Loss 0.8643 Acc 0.8594 AUC 0.9199 Pre 0.8599 Rec 0.8594
2026-09-02 00:34:43 | Val AUC did not improve for 10 consecutive epochs, early stopping at Epoch 19 (best AUC 0.9344 @ Epoch 9)
2026-09-02 00:34:44 | Run 1/5 | Test (best model @ Epoch 9) | Loss 0.4668 Acc 0.8566 AUC 0.9309 Pre 0.8581 Rec 0.8566
2026-09-02 00:34:44 | ===== Run 2/5 (seed 1) =====
2026-09-02 00:34:56 | Epoch   1/100 | Train Loss 0.6742 Acc 0.6118 | Val Loss 0.6713 Acc 0.5732 AUC 0.6111 Pre 0.6646 Rec 0.5732
2026-09-02 00:34:56 |   Val AUC improved to 0.6111, model saved
2026-09-02 00:35:07 | Epoch   2/100 | Train Loss 0.6713 Acc 0.5673 | Val Loss 0.6942 Acc 0.5127 AUC 0.5511 Pre 0.6749 Rec 0.5127
2026-09-02 00:35:18 | Epoch   3/100 | Train Loss 0.6961 Acc 0.5070 | Val Loss 0.6941 Acc 0.5083 AUC 0.6472 Pre 0.6997 Rec 0.5083
2026-09-02 00:35:18 |   Val AUC improved to 0.6472, model saved
2026-09-02 00:35:29 | Epoch   4/100 | Train Loss 0.6818 Acc 0.5371 | Val Loss 0.6700 Acc 0.5613 AUC 0.6442 Pre 0.6956 Rec 0.5613
2026-09-02 00:35:39 | Epoch   5/100 | Train Loss 0.6626 Acc 0.5752 | Val Loss 0.6670 Acc 0.5673 AUC 0.6482 Pre 0.6891 Rec 0.5673
2026-09-02 00:35:40 |   Val AUC improved to 0.6482, model saved
2026-09-02 00:35:50 | Epoch   6/100 | Train Loss 0.6534 Acc 0.5866 | Val Loss 0.6831 Acc 0.5136 AUC 0.7388 Pre 0.6924 Rec 0.5136
2026-09-02 00:35:51 |   Val AUC improved to 0.7388, model saved
2026-09-02 00:36:01 | Epoch   7/100 | Train Loss 0.6103 Acc 0.6611 | Val Loss 0.4925 Acc 0.7775 AUC 0.8489 Pre 0.7821 Rec 0.7775
2026-09-02 00:36:01 |   Val AUC improved to 0.8489, model saved
2026-09-02 00:36:12 | Epoch   8/100 | Train Loss 0.4321 Acc 0.8100 | Val Loss 0.4315 Acc 0.8120 AUC 0.8863 Pre 0.8121 Rec 0.8120
2026-09-02 00:36:12 |   Val AUC improved to 0.8863, model saved
2026-09-02 00:36:23 | Epoch   9/100 | Train Loss 0.3189 Acc 0.8708 | Val Loss 0.4191 Acc 0.8224 AUC 0.9097 Pre 0.8349 Rec 0.8224
2026-09-02 00:36:23 |   Val AUC improved to 0.9097, model saved
2026-09-02 00:36:34 | Epoch  10/100 | Train Loss 0.2630 Acc 0.8985 | Val Loss 0.4359 Acc 0.8337 AUC 0.9118 Pre 0.8429 Rec 0.8337
2026-09-02 00:36:34 |   Val AUC improved to 0.9118, model saved
2026-09-02 00:36:45 | Epoch  11/100 | Train Loss 0.1933 Acc 0.9292 | Val Loss 0.3902 Acc 0.8517 AUC 0.9251 Pre 0.8528 Rec 0.8517
2026-09-02 00:36:45 |   Val AUC improved to 0.9251, model saved
2026-09-02 00:36:56 | Epoch  12/100 | Train Loss 0.1327 Acc 0.9539 | Val Loss 0.4228 Acc 0.8608 AUC 0.9290 Pre 0.8610 Rec 0.8608
2026-09-02 00:36:56 |   Val AUC improved to 0.9290, model saved
2026-09-02 00:37:07 | Epoch  13/100 | Train Loss 0.0836 Acc 0.9737 | Val Loss 0.5022 Acc 0.8501 AUC 0.9236 Pre 0.8526 Rec 0.8501
2026-09-02 00:37:18 | Epoch  14/100 | Train Loss 0.0520 Acc 0.9841 | Val Loss 0.5824 Acc 0.8579 AUC 0.9210 Pre 0.8582 Rec 0.8579
2026-09-02 00:37:29 | Epoch  15/100 | Train Loss 0.0293 Acc 0.9922 | Val Loss 0.6985 Acc 0.8513 AUC 0.9137 Pre 0.8545 Rec 0.8513
2026-09-02 00:37:40 | Epoch  16/100 | Train Loss 0.0228 Acc 0.9940 | Val Loss 0.7052 Acc 0.8534 AUC 0.9132 Pre 0.8534 Rec 0.8534
2026-09-02 00:37:50 | Epoch  17/100 | Train Loss 0.0187 Acc 0.9943 | Val Loss 0.7500 Acc 0.8515 AUC 0.9052 Pre 0.8563 Rec 0.8515
2026-09-02 00:38:01 | Epoch  18/100 | Train Loss 0.0258 Acc 0.9920 | Val Loss 0.7000 Acc 0.8555 AUC 0.9149 Pre 0.8571 Rec 0.8555
2026-09-02 00:38:12 | Epoch  19/100 | Train Loss 0.0202 Acc 0.9940 | Val Loss 0.7812 Acc 0.8526 AUC 0.9157 Pre 0.8540 Rec 0.8526
2026-09-02 00:38:23 | Epoch  20/100 | Train Loss 0.0061 Acc 0.9989 | Val Loss 0.8827 Acc 0.8595 AUC 0.9148 Pre 0.8598 Rec 0.8595
2026-09-02 00:38:33 | Epoch  21/100 | Train Loss 0.0078 Acc 0.9981 | Val Loss 0.8524 Acc 0.8518 AUC 0.9085 Pre 0.8528 Rec 0.8518
2026-09-02 00:38:44 | Epoch  22/100 | Train Loss 0.0229 Acc 0.9927 | Val Loss 0.8096 Acc 0.8580 AUC 0.9225 Pre 0.8582 Rec 0.8580
2026-09-02 00:38:44 | Val AUC did not improve for 10 consecutive epochs, early stopping at Epoch 22 (best AUC 0.9290 @ Epoch 12)
2026-09-02 00:38:45 | Run 2/5 | Test (best model @ Epoch 12) | Loss 0.4320 Acc 0.8587 AUC 0.9271 Pre 0.8590 Rec 0.8587
2026-09-02 00:38:45 | ===== Run 3/5 (seed 2) =====
2026-09-02 00:38:56 | Epoch   1/100 | Train Loss 0.6671 Acc 0.6250 | Val Loss 0.6106 Acc 0.6791 AUC 0.7486 Pre 0.6871 Rec 0.6791
2026-09-02 00:38:56 |   Val AUC improved to 0.7486, model saved
2026-09-02 00:39:07 | Epoch   2/100 | Train Loss 0.5812 Acc 0.7067 | Val Loss 0.5649 Acc 0.7219 AUC 0.7966 Pre 0.7232 Rec 0.7219
2026-09-02 00:39:07 |   Val AUC improved to 0.7966, model saved
2026-09-02 00:39:18 | Epoch   3/100 | Train Loss 0.4983 Acc 0.7725 | Val Loss 0.5134 Acc 0.7537 AUC 0.8399 Pre 0.7621 Rec 0.7537
2026-09-02 00:39:18 |   Val AUC improved to 0.8399, model saved
2026-09-02 00:39:29 | Epoch   4/100 | Train Loss 0.4273 Acc 0.8134 | Val Loss 0.4440 Acc 0.8054 AUC 0.8862 Pre 0.8078 Rec 0.8054
2026-09-02 00:39:29 |   Val AUC improved to 0.8862, model saved
2026-09-02 00:39:40 | Epoch   5/100 | Train Loss 0.3699 Acc 0.8443 | Val Loss 0.4056 Acc 0.8253 AUC 0.8998 Pre 0.8253 Rec 0.8253
2026-09-02 00:39:40 |   Val AUC improved to 0.8998, model saved
2026-09-02 00:39:51 | Epoch   6/100 | Train Loss 0.2653 Acc 0.8972 | Val Loss 0.3924 Acc 0.8332 AUC 0.9131 Pre 0.8361 Rec 0.8332
2026-09-02 00:39:51 |   Val AUC improved to 0.9131, model saved
2026-09-02 00:40:01 | Epoch   7/100 | Train Loss 0.2497 Acc 0.9044 | Val Loss 0.6155 Acc 0.6836 AUC 0.8176 Pre 0.7027 Rec 0.6836
2026-09-02 00:40:12 | Epoch   8/100 | Train Loss 0.4310 Acc 0.8117 | Val Loss 0.5467 Acc 0.7501 AUC 0.8363 Pre 0.7515 Rec 0.7501
2026-09-02 00:40:21 | Epoch   9/100 | Train Loss 0.2581 Acc 0.8981 | Val Loss 0.3917 Acc 0.8501 AUC 0.9247 Pre 0.8502 Rec 0.8501
2026-09-02 00:40:21 |   Val AUC improved to 0.9247, model saved
2026-09-02 00:40:32 | Epoch  10/100 | Train Loss 0.1389 Acc 0.9518 | Val Loss 0.4438 Acc 0.8516 AUC 0.9247 Pre 0.8520 Rec 0.8516
2026-09-02 00:40:43 | Epoch  11/100 | Train Loss 0.0820 Acc 0.9748 | Val Loss 0.5121 Acc 0.8566 AUC 0.9261 Pre 0.8569 Rec 0.8566
2026-09-02 00:40:43 |   Val AUC improved to 0.9261, model saved
2026-09-02 00:40:54 | Epoch  12/100 | Train Loss 0.0473 Acc 0.9867 | Val Loss 0.6260 Acc 0.8444 AUC 0.9199 Pre 0.8484 Rec 0.8444
2026-09-02 00:41:04 | Epoch  13/100 | Train Loss 0.0302 Acc 0.9925 | Val Loss 0.6806 Acc 0.8564 AUC 0.9200 Pre 0.8565 Rec 0.8564
2026-09-02 00:41:15 | Epoch  14/100 | Train Loss 0.0176 Acc 0.9956 | Val Loss 0.7690 Acc 0.8550 AUC 0.9219 Pre 0.8552 Rec 0.8550
2026-09-02 00:41:26 | Epoch  15/100 | Train Loss 0.0112 Acc 0.9975 | Val Loss 0.7875 Acc 0.8560 AUC 0.9194 Pre 0.8563 Rec 0.8560
2026-09-02 00:41:37 | Epoch  16/100 | Train Loss 0.0089 Acc 0.9981 | Val Loss 0.9398 Acc 0.8482 AUC 0.9172 Pre 0.8515 Rec 0.8482
2026-09-02 00:41:47 | Epoch  17/100 | Train Loss 0.0163 Acc 0.9950 | Val Loss 0.7929 Acc 0.8534 AUC 0.9188 Pre 0.8534 Rec 0.8534
2026-09-02 00:41:58 | Epoch  18/100 | Train Loss 0.0133 Acc 0.9962 | Val Loss 0.8817 Acc 0.8532 AUC 0.9223 Pre 0.8556 Rec 0.8532
2026-09-02 00:42:09 | Epoch  19/100 | Train Loss 0.0090 Acc 0.9973 | Val Loss 0.8886 Acc 0.8576 AUC 0.9206 Pre 0.8586 Rec 0.8576
2026-09-02 00:42:19 | Epoch  20/100 | Train Loss 0.0080 Acc 0.9982 | Val Loss 0.9313 Acc 0.8473 AUC 0.9150 Pre 0.8501 Rec 0.8473
2026-09-02 00:42:30 | Epoch  21/100 | Train Loss 0.0131 Acc 0.9961 | Val Loss 0.8283 Acc 0.8570 AUC 0.9222 Pre 0.8578 Rec 0.8570
2026-09-02 00:42:30 | Val AUC did not improve for 10 consecutive epochs, early stopping at Epoch 21 (best AUC 0.9261 @ Epoch 11)
2026-09-02 00:42:32 | Run 3/5 | Test (best model @ Epoch 11) | Loss 0.5193 Acc 0.8518 AUC 0.9246 Pre 0.8523 Rec 0.8518
2026-09-02 00:42:32 | ===== Run 4/5 (seed 3) =====
2026-09-02 00:42:43 | Epoch   1/100 | Train Loss 0.6838 Acc 0.6066 | Val Loss 0.5974 Acc 0.6890 AUC 0.7627 Pre 0.7011 Rec 0.6890
2026-09-02 00:42:43 |   Val AUC improved to 0.7627, model saved
2026-09-02 00:42:53 | Epoch   2/100 | Train Loss 0.5564 Acc 0.7259 | Val Loss 0.6661 Acc 0.6252 AUC 0.6802 Pre 0.7194 Rec 0.6252
2026-09-02 00:43:04 | Epoch   3/100 | Train Loss 0.6241 Acc 0.6614 | Val Loss 0.5857 Acc 0.6885 AUC 0.7845 Pre 0.7245 Rec 0.6885
2026-09-02 00:43:04 |   Val AUC improved to 0.7845, model saved
2026-09-02 00:43:15 | Epoch   4/100 | Train Loss 0.5649 Acc 0.7085 | Val Loss 0.5907 Acc 0.6942 AUC 0.7721 Pre 0.7025 Rec 0.6942
2026-09-02 00:43:25 | Epoch   5/100 | Train Loss 0.4405 Acc 0.8034 | Val Loss 0.3908 Acc 0.8227 AUC 0.9086 Pre 0.8235 Rec 0.8227
2026-09-02 00:43:25 |   Val AUC improved to 0.9086, model saved
2026-09-02 00:43:35 | Epoch   6/100 | Train Loss 0.3011 Acc 0.8786 | Val Loss 0.3527 Acc 0.8509 AUC 0.9270 Pre 0.8518 Rec 0.8509
2026-09-02 00:43:36 |   Val AUC improved to 0.9270, model saved
2026-09-02 00:43:45 | Epoch   7/100 | Train Loss 0.2314 Acc 0.9111 | Val Loss 0.3485 Acc 0.8564 AUC 0.9339 Pre 0.8565 Rec 0.8564
2026-09-02 00:43:45 |   Val AUC improved to 0.9339, model saved
2026-09-02 00:43:56 | Epoch   8/100 | Train Loss 0.1802 Acc 0.9344 | Val Loss 0.3708 Acc 0.8592 AUC 0.9341 Pre 0.8598 Rec 0.8592
2026-09-02 00:43:56 |   Val AUC improved to 0.9341, model saved
2026-09-02 00:44:06 | Epoch   9/100 | Train Loss 0.1326 Acc 0.9546 | Val Loss 0.4068 Acc 0.8645 AUC 0.9352 Pre 0.8660 Rec 0.8645
2026-09-02 00:44:07 |   Val AUC improved to 0.9352, model saved
2026-09-02 00:44:17 | Epoch  10/100 | Train Loss 0.0936 Acc 0.9700 | Val Loss 0.4753 Acc 0.8529 AUC 0.9305 Pre 0.8586 Rec 0.8529
2026-09-02 00:44:27 | Epoch  11/100 | Train Loss 0.0618 Acc 0.9815 | Val Loss 0.5174 Acc 0.8630 AUC 0.9310 Pre 0.8630 Rec 0.8630
2026-09-02 00:44:38 | Epoch  12/100 | Train Loss 0.0483 Acc 0.9857 | Val Loss 0.5470 Acc 0.8649 AUC 0.9278 Pre 0.8649 Rec 0.8649
2026-09-02 00:44:49 | Epoch  13/100 | Train Loss 0.0367 Acc 0.9899 | Val Loss 0.6254 Acc 0.8604 AUC 0.9260 Pre 0.8607 Rec 0.8604
2026-09-02 00:44:59 | Epoch  14/100 | Train Loss 0.0190 Acc 0.9953 | Val Loss 0.6357 Acc 0.8635 AUC 0.9250 Pre 0.8636 Rec 0.8635
2026-09-02 00:45:10 | Epoch  15/100 | Train Loss 0.0126 Acc 0.9970 | Val Loss 0.7659 Acc 0.8605 AUC 0.9169 Pre 0.8621 Rec 0.8605
2026-09-02 00:45:20 | Epoch  16/100 | Train Loss 0.0110 Acc 0.9972 | Val Loss 0.7970 Acc 0.8563 AUC 0.9169 Pre 0.8584 Rec 0.8563
2026-09-02 00:45:31 | Epoch  17/100 | Train Loss 0.0155 Acc 0.9956 | Val Loss 0.7886 Acc 0.8614 AUC 0.9201 Pre 0.8628 Rec 0.8614
2026-09-02 00:45:41 | Epoch  18/100 | Train Loss 0.0218 Acc 0.9927 | Val Loss 0.7932 Acc 0.8610 AUC 0.9213 Pre 0.8624 Rec 0.8610
2026-09-02 00:45:50 | Epoch  19/100 | Train Loss 0.0160 Acc 0.9952 | Val Loss 0.7281 Acc 0.8634 AUC 0.9241 Pre 0.8634 Rec 0.8634
2026-09-02 00:45:50 | Val AUC did not improve for 10 consecutive epochs, early stopping at Epoch 19 (best AUC 0.9352 @ Epoch 9)
2026-09-02 00:45:51 | Run 4/5 | Test (best model @ Epoch 9) | Loss 0.4163 Acc 0.8611 AUC 0.9337 Pre 0.8630 Rec 0.8611
2026-09-02 00:45:51 | ===== Run 5/5 (seed 4) =====
2026-09-02 00:45:59 | Epoch   1/100 | Train Loss 0.6825 Acc 0.5994 | Val Loss 0.5655 Acc 0.7150 AUC 0.7956 Pre 0.7238 Rec 0.7150
2026-09-02 00:45:59 |   Val AUC improved to 0.7956, model saved
2026-09-02 00:46:07 | Epoch   2/100 | Train Loss 0.5897 Acc 0.6939 | Val Loss 0.6965 Acc 0.4788 AUC 0.6632 Pre 0.2737 Rec 0.4788
2026-09-02 00:46:15 | Epoch   3/100 | Train Loss 0.6189 Acc 0.6669 | Val Loss 0.5527 Acc 0.7356 AUC 0.8067 Pre 0.7405 Rec 0.7356
2026-09-02 00:46:15 |   Val AUC improved to 0.8067, model saved
2026-09-02 00:46:23 | Epoch   4/100 | Train Loss 0.4320 Acc 0.8074 | Val Loss 0.3842 Acc 0.8379 AUC 0.9239 Pre 0.8446 Rec 0.8379
2026-09-02 00:46:23 |   Val AUC improved to 0.9239, model saved
2026-09-02 00:46:31 | Epoch   5/100 | Train Loss 0.2901 Acc 0.8849 | Val Loss 0.3218 Acc 0.8684 AUC 0.9413 Pre 0.8688 Rec 0.8684
2026-09-02 00:46:31 |   Val AUC improved to 0.9413, model saved
2026-09-02 00:46:39 | Epoch   6/100 | Train Loss 0.1886 Acc 0.9313 | Val Loss 0.3259 Acc 0.8710 AUC 0.9435 Pre 0.8711 Rec 0.8710
2026-09-02 00:46:39 |   Val AUC improved to 0.9435, model saved
2026-09-02 00:46:47 | Epoch   7/100 | Train Loss 0.1231 Acc 0.9597 | Val Loss 0.3775 Acc 0.8700 AUC 0.9431 Pre 0.8709 Rec 0.8700
2026-09-02 00:46:55 | Epoch   8/100 | Train Loss 0.0724 Acc 0.9803 | Val Loss 0.4498 Acc 0.8708 AUC 0.9416 Pre 0.8712 Rec 0.8708
2026-09-02 00:47:03 | Epoch   9/100 | Train Loss 0.0555 Acc 0.9846 | Val Loss 0.5167 Acc 0.8728 AUC 0.9409 Pre 0.8728 Rec 0.8728
2026-09-02 00:47:11 | Epoch  10/100 | Train Loss 0.0312 Acc 0.9928 | Val Loss 0.5456 Acc 0.8734 AUC 0.9382 Pre 0.8737 Rec 0.8734
2026-09-02 00:47:19 | Epoch  11/100 | Train Loss 0.0338 Acc 0.9910 | Val Loss 0.5650 Acc 0.8409 AUC 0.9292 Pre 0.8579 Rec 0.8409
2026-09-02 00:47:27 | Epoch  12/100 | Train Loss 0.0315 Acc 0.9911 | Val Loss 0.6409 Acc 0.8655 AUC 0.9355 Pre 0.8666 Rec 0.8655
2026-09-02 00:47:34 | Epoch  13/100 | Train Loss 0.0152 Acc 0.9971 | Val Loss 0.6570 Acc 0.8714 AUC 0.9324 Pre 0.8715 Rec 0.8714
2026-09-02 00:47:42 | Epoch  14/100 | Train Loss 0.0103 Acc 0.9983 | Val Loss 0.7076 Acc 0.8677 AUC 0.9255 Pre 0.8685 Rec 0.8677
2026-09-02 00:47:50 | Epoch  15/100 | Train Loss 0.0086 Acc 0.9983 | Val Loss 0.8389 Acc 0.8591 AUC 0.9232 Pre 0.8622 Rec 0.8591
2026-09-02 00:47:58 | Epoch  16/100 | Train Loss 0.0123 Acc 0.9968 | Val Loss 0.8044 Acc 0.8701 AUC 0.9249 Pre 0.8711 Rec 0.8701
2026-09-02 00:47:58 | Val AUC did not improve for 10 consecutive epochs, early stopping at Epoch 16 (best AUC 0.9435 @ Epoch 6)
2026-09-02 00:47:59 | Run 5/5 | Test (best model @ Epoch 6) | Loss 0.3285 Acc 0.8702 AUC 0.9424 Pre 0.8703 Rec 0.8702
2026-09-02 00:47:59 | Average over 5 runs | Test Loss 0.4326±0.0703 Acc 0.8597±0.0068 AUC 0.9317±0.0069 Pre 0.8605±0.0067 Rec 0.8597±0.0068
