2026-08-30 05:50:34 | Device: cuda
2026-08-30 05:50:34 | Args: {'model': 'fgib', 'backbone': 'rnn', 'task': 'agnews', 'epochs': 100, 'batch_size': 512, 'lr': 0.001, 'hidden_dims': [512, 256], 'dropout': 0.2, 'z_dim': 256, 'anchor_scale': 4.0, 'anchor_geometry': 'qr', 'max_len': 250, 'random_labels': False, 'beta': 1.0, 'patience': 10, 'runs': 5, 'seed': 0, 'data_dir': './data', 'save_path': 'output/agnews_rnn_fgib/agnews_rnn_fgib.pt', 'log_path': '/root/autodl-tmp/FGIB/tune_results_ablation/hdirect_all/agnews_rnn_fgib_beta_1_anchor_4/train.log', 'no_save': True, 'freeze_a': False, 'a_identity': True, 'cosine_classifier': False, 'log_variance_stats': False, 'subject_disjoint': False}
2026-08-30 05:50:34 | AG News 特征文件：agnews_bert_base_layer10_pca50_features.npy（input_dim=50）
2026-08-30 05:50:34 | AG News 预处理缓存：mmap 共享 ./data/agnews/agnews_bert_base_layer10_pca50_features_fp32.npy
2026-08-30 05:50:34 | AG News BERT 特征划分（60/20/20 分层）：train 76560 / val 25520 / test 25520（共 127600 条）
2026-08-30 05:50:34 | ===== Run 1/5 (seed 0) =====
2026-08-30 05:51:01 | Epoch   1/100 | Train Loss 4.5485 Acc 0.7652 | Val Loss 2.3672 Acc 0.8633 AUC 0.9616 Pre 0.8634 Rec 0.8633
2026-08-30 05:51:02 |   Val AUC improved to 0.9616, model saved
2026-08-30 05:51:29 | Epoch   2/100 | Train Loss 3.6477 Acc 0.8534 | Val Loss 2.4793 Acc 0.8657 AUC 0.9613 Pre 0.8696 Rec 0.8657
2026-08-30 05:51:55 | Epoch   3/100 | Train Loss 3.1570 Acc 0.8862 | Val Loss 2.0139 Acc 0.8839 AUC 0.9726 Pre 0.8871 Rec 0.8839
2026-08-30 05:51:55 |   Val AUC improved to 0.9726, model saved
2026-08-30 05:52:23 | Epoch   4/100 | Train Loss 2.9457 Acc 0.9001 | Val Loss 1.7525 Acc 0.9020 AUC 0.9794 Pre 0.9028 Rec 0.9020
2026-08-30 05:52:23 |   Val AUC improved to 0.9794, model saved
2026-08-30 05:52:50 | Epoch   5/100 | Train Loss 2.8322 Acc 0.9079 | Val Loss 1.7833 Acc 0.9060 AUC 0.9811 Pre 0.9063 Rec 0.9060
2026-08-30 05:52:50 |   Val AUC improved to 0.9811, model saved
2026-08-30 05:53:17 | Epoch   6/100 | Train Loss 2.7722 Acc 0.9122 | Val Loss 1.6989 Acc 0.9043 AUC 0.9818 Pre 0.9082 Rec 0.9043
2026-08-30 05:53:18 |   Val AUC improved to 0.9818, model saved
2026-08-30 05:53:46 | Epoch   7/100 | Train Loss 2.7027 Acc 0.9168 | Val Loss 1.6001 Acc 0.9132 AUC 0.9832 Pre 0.9141 Rec 0.9132
2026-08-30 05:53:46 |   Val AUC improved to 0.9832, model saved
2026-08-30 05:54:15 | Epoch   8/100 | Train Loss 2.6222 Acc 0.9232 | Val Loss 1.5460 Acc 0.9167 AUC 0.9850 Pre 0.9173 Rec 0.9167
2026-08-30 05:54:16 |   Val AUC improved to 0.9850, model saved
2026-08-30 05:54:43 | Epoch   9/100 | Train Loss 2.5771 Acc 0.9277 | Val Loss 1.5481 Acc 0.9169 AUC 0.9847 Pre 0.9170 Rec 0.9169
2026-08-30 05:55:09 | Epoch  10/100 | Train Loss 2.5142 Acc 0.9324 | Val Loss 1.4851 Acc 0.9188 AUC 0.9859 Pre 0.9204 Rec 0.9188
2026-08-30 05:55:10 |   Val AUC improved to 0.9859, model saved
2026-08-30 05:55:38 | Epoch  11/100 | Train Loss 2.4731 Acc 0.9359 | Val Loss 1.5014 Acc 0.9188 AUC 0.9855 Pre 0.9194 Rec 0.9188
2026-08-30 05:56:03 | Epoch  12/100 | Train Loss 2.4171 Acc 0.9407 | Val Loss 1.4942 Acc 0.9195 AUC 0.9853 Pre 0.9193 Rec 0.9195
2026-08-30 05:56:31 | Epoch  13/100 | Train Loss 2.3711 Acc 0.9446 | Val Loss 1.4700 Acc 0.9230 AUC 0.9861 Pre 0.9230 Rec 0.9230
2026-08-30 05:56:32 |   Val AUC improved to 0.9861, model saved
2026-08-30 05:57:00 | Epoch  14/100 | Train Loss 2.3157 Acc 0.9492 | Val Loss 1.4721 Acc 0.9230 AUC 0.9865 Pre 0.9232 Rec 0.9230
2026-08-30 05:57:00 |   Val AUC improved to 0.9865, model saved
2026-08-30 05:57:28 | Epoch  15/100 | Train Loss 2.2632 Acc 0.9537 | Val Loss 1.4885 Acc 0.9212 AUC 0.9859 Pre 0.9213 Rec 0.9212
2026-08-30 05:57:57 | Epoch  16/100 | Train Loss 2.2187 Acc 0.9575 | Val Loss 1.4657 Acc 0.9222 AUC 0.9859 Pre 0.9226 Rec 0.9222
2026-08-30 05:58:25 | Epoch  17/100 | Train Loss 2.1895 Acc 0.9598 | Val Loss 1.4812 Acc 0.9210 AUC 0.9850 Pre 0.9221 Rec 0.9210
2026-08-30 05:58:53 | Epoch  18/100 | Train Loss 2.1505 Acc 0.9628 | Val Loss 1.4968 Acc 0.9209 AUC 0.9854 Pre 0.9215 Rec 0.9209
2026-08-30 05:59:20 | Epoch  19/100 | Train Loss 2.1859 Acc 0.9597 | Val Loss 1.4437 Acc 0.9228 AUC 0.9855 Pre 0.9231 Rec 0.9228
2026-08-30 05:59:48 | Epoch  20/100 | Train Loss 2.0907 Acc 0.9680 | Val Loss 1.4745 Acc 0.9225 AUC 0.9852 Pre 0.9226 Rec 0.9225
2026-08-30 06:00:17 | Epoch  21/100 | Train Loss 2.0505 Acc 0.9711 | Val Loss 1.4561 Acc 0.9248 AUC 0.9853 Pre 0.9252 Rec 0.9248
2026-08-30 06:00:45 | Epoch  22/100 | Train Loss 2.0288 Acc 0.9725 | Val Loss 1.5479 Acc 0.9203 AUC 0.9842 Pre 0.9201 Rec 0.9203
2026-08-30 06:01:13 | Epoch  23/100 | Train Loss 2.0210 Acc 0.9732 | Val Loss 1.5088 Acc 0.9235 AUC 0.9843 Pre 0.9235 Rec 0.9235
2026-08-30 06:01:41 | Epoch  24/100 | Train Loss 1.9906 Acc 0.9756 | Val Loss 1.5151 Acc 0.9224 AUC 0.9837 Pre 0.9225 Rec 0.9224
2026-08-30 06:01:41 | Val AUC did not improve for 10 consecutive epochs, early stopping at Epoch 24 (best AUC 0.9865 @ Epoch 14)
2026-08-30 06:01:48 | Run 1/5 | Test (best model @ Epoch 14) | Loss 1.4351 Acc 0.9264 AUC 0.9872 Pre 0.9266 Rec 0.9264
2026-08-30 06:01:48 | ===== Run 2/5 (seed 1) =====
2026-08-30 06:02:16 | Epoch   1/100 | Train Loss 5.0867 Acc 0.7091 | Val Loss 2.4452 Acc 0.8675 AUC 0.9585 Pre 0.8699 Rec 0.8675
2026-08-30 06:02:17 |   Val AUC improved to 0.9585, model saved
2026-08-30 06:02:45 | Epoch   2/100 | Train Loss 3.6215 Acc 0.8548 | Val Loss 2.2495 Acc 0.8774 AUC 0.9682 Pre 0.8791 Rec 0.8774
2026-08-30 06:02:45 |   Val AUC improved to 0.9682, model saved
2026-08-30 06:03:13 | Epoch   3/100 | Train Loss 3.1491 Acc 0.8838 | Val Loss 1.9179 Acc 0.8946 AUC 0.9753 Pre 0.8954 Rec 0.8946
2026-08-30 06:03:13 |   Val AUC improved to 0.9753, model saved
2026-08-30 06:03:41 | Epoch   4/100 | Train Loss 2.9493 Acc 0.8977 | Val Loss 1.7928 Acc 0.9007 AUC 0.9784 Pre 0.9013 Rec 0.9007
2026-08-30 06:03:41 |   Val AUC improved to 0.9784, model saved
2026-08-30 06:04:07 | Epoch   5/100 | Train Loss 2.8649 Acc 0.9041 | Val Loss 1.7670 Acc 0.9015 AUC 0.9798 Pre 0.9014 Rec 0.9015
2026-08-30 06:04:07 |   Val AUC improved to 0.9798, model saved
2026-08-30 06:04:32 | Epoch   6/100 | Train Loss 2.7957 Acc 0.9100 | Val Loss 1.6363 Acc 0.9094 AUC 0.9820 Pre 0.9098 Rec 0.9094
2026-08-30 06:04:32 |   Val AUC improved to 0.9820, model saved
2026-08-30 06:04:54 | Epoch   7/100 | Train Loss 2.7248 Acc 0.9159 | Val Loss 1.6300 Acc 0.9102 AUC 0.9832 Pre 0.9112 Rec 0.9102
2026-08-30 06:04:54 |   Val AUC improved to 0.9832, model saved
2026-08-30 06:05:15 | Epoch   8/100 | Train Loss 2.6887 Acc 0.9179 | Val Loss 1.5732 Acc 0.9132 AUC 0.9839 Pre 0.9130 Rec 0.9132
2026-08-30 06:05:16 |   Val AUC improved to 0.9839, model saved
2026-08-30 06:05:37 | Epoch   9/100 | Train Loss 2.6302 Acc 0.9228 | Val Loss 1.5477 Acc 0.9181 AUC 0.9846 Pre 0.9182 Rec 0.9181
2026-08-30 06:05:37 |   Val AUC improved to 0.9846, model saved
2026-08-30 06:05:59 | Epoch  10/100 | Train Loss 2.5740 Acc 0.9272 | Val Loss 1.5841 Acc 0.9150 AUC 0.9845 Pre 0.9156 Rec 0.9150
2026-08-30 06:06:20 | Epoch  11/100 | Train Loss 2.5212 Acc 0.9315 | Val Loss 1.5019 Acc 0.9184 AUC 0.9855 Pre 0.9188 Rec 0.9184
2026-08-30 06:06:21 |   Val AUC improved to 0.9855, model saved
2026-08-30 06:06:42 | Epoch  12/100 | Train Loss 2.4818 Acc 0.9350 | Val Loss 1.4833 Acc 0.9198 AUC 0.9860 Pre 0.9204 Rec 0.9198
2026-08-30 06:06:43 |   Val AUC improved to 0.9860, model saved
2026-08-30 06:07:03 | Epoch  13/100 | Train Loss 2.4364 Acc 0.9387 | Val Loss 1.4560 Acc 0.9237 AUC 0.9861 Pre 0.9237 Rec 0.9237
2026-08-30 06:07:04 |   Val AUC improved to 0.9861, model saved
2026-08-30 06:07:25 | Epoch  14/100 | Train Loss 2.3848 Acc 0.9430 | Val Loss 1.4695 Acc 0.9225 AUC 0.9861 Pre 0.9224 Rec 0.9225
2026-08-30 06:07:25 |   Val AUC improved to 0.9861, model saved
2026-08-30 06:07:46 | Epoch  15/100 | Train Loss 2.3357 Acc 0.9470 | Val Loss 1.4464 Acc 0.9243 AUC 0.9864 Pre 0.9250 Rec 0.9243
2026-08-30 06:07:47 |   Val AUC improved to 0.9864, model saved
2026-08-30 06:08:08 | Epoch  16/100 | Train Loss 2.3117 Acc 0.9492 | Val Loss 1.4467 Acc 0.9245 AUC 0.9862 Pre 0.9247 Rec 0.9245
2026-08-30 06:08:28 | Epoch  17/100 | Train Loss 2.2780 Acc 0.9524 | Val Loss 1.4717 Acc 0.9233 AUC 0.9855 Pre 0.9237 Rec 0.9233
2026-08-30 06:08:49 | Epoch  18/100 | Train Loss 2.2278 Acc 0.9562 | Val Loss 1.4514 Acc 0.9243 AUC 0.9853 Pre 0.9249 Rec 0.9243
2026-08-30 06:09:10 | Epoch  19/100 | Train Loss 2.2100 Acc 0.9584 | Val Loss 1.4662 Acc 0.9236 AUC 0.9852 Pre 0.9245 Rec 0.9236
2026-08-30 06:09:31 | Epoch  20/100 | Train Loss 2.1659 Acc 0.9619 | Val Loss 1.4983 Acc 0.9222 AUC 0.9846 Pre 0.9223 Rec 0.9222
2026-08-30 06:09:52 | Epoch  21/100 | Train Loss 2.1438 Acc 0.9638 | Val Loss 1.5086 Acc 0.9225 AUC 0.9838 Pre 0.9225 Rec 0.9225
2026-08-30 06:10:12 | Epoch  22/100 | Train Loss 2.1085 Acc 0.9664 | Val Loss 1.4717 Acc 0.9246 AUC 0.9840 Pre 0.9246 Rec 0.9246
2026-08-30 06:10:34 | Epoch  23/100 | Train Loss 2.0742 Acc 0.9694 | Val Loss 1.4696 Acc 0.9244 AUC 0.9848 Pre 0.9243 Rec 0.9244
2026-08-30 06:10:55 | Epoch  24/100 | Train Loss 2.0476 Acc 0.9714 | Val Loss 1.5062 Acc 0.9215 AUC 0.9840 Pre 0.9214 Rec 0.9215
2026-08-30 06:11:16 | Epoch  25/100 | Train Loss 2.0357 Acc 0.9723 | Val Loss 1.4941 Acc 0.9234 AUC 0.9841 Pre 0.9236 Rec 0.9234
2026-08-30 06:11:16 | Val AUC did not improve for 10 consecutive epochs, early stopping at Epoch 25 (best AUC 0.9864 @ Epoch 15)
2026-08-30 06:11:21 | Run 2/5 | Test (best model @ Epoch 15) | Loss 1.4300 Acc 0.9261 AUC 0.9866 Pre 0.9266 Rec 0.9261
2026-08-30 06:11:21 | ===== Run 3/5 (seed 2) =====
2026-08-30 06:11:43 | Epoch   1/100 | Train Loss 4.2641 Acc 0.7938 | Val Loss 2.3675 Acc 0.8650 AUC 0.9581 Pre 0.8658 Rec 0.8650
2026-08-30 06:11:43 |   Val AUC improved to 0.9581, model saved
2026-08-30 06:12:05 | Epoch   2/100 | Train Loss 3.3781 Acc 0.8729 | Val Loss 2.0301 Acc 0.8937 AUC 0.9702 Pre 0.8941 Rec 0.8937
2026-08-30 06:12:06 |   Val AUC improved to 0.9702, model saved
2026-08-30 06:12:28 | Epoch   3/100 | Train Loss 3.2876 Acc 0.8760 | Val Loss 2.2800 Acc 0.8800 AUC 0.9653 Pre 0.8816 Rec 0.8800
2026-08-30 06:12:49 | Epoch   4/100 | Train Loss 3.2689 Acc 0.8745 | Val Loss 1.7703 Acc 0.9033 AUC 0.9786 Pre 0.9045 Rec 0.9033
2026-08-30 06:12:49 |   Val AUC improved to 0.9786, model saved
2026-08-30 06:13:10 | Epoch   5/100 | Train Loss 2.8418 Acc 0.9075 | Val Loss 2.0287 Acc 0.8723 AUC 0.9770 Pre 0.8746 Rec 0.8723
2026-08-30 06:13:32 | Epoch   6/100 | Train Loss 2.8087 Acc 0.9089 | Val Loss 1.6114 Acc 0.9116 AUC 0.9825 Pre 0.9118 Rec 0.9116
2026-08-30 06:13:32 |   Val AUC improved to 0.9825, model saved
2026-08-30 06:13:53 | Epoch   7/100 | Train Loss 2.7011 Acc 0.9171 | Val Loss 1.5683 Acc 0.9146 AUC 0.9843 Pre 0.9150 Rec 0.9146
2026-08-30 06:13:54 |   Val AUC improved to 0.9843, model saved
2026-08-30 06:14:14 | Epoch   8/100 | Train Loss 2.6464 Acc 0.9214 | Val Loss 1.5417 Acc 0.9158 AUC 0.9851 Pre 0.9166 Rec 0.9158
2026-08-30 06:14:15 |   Val AUC improved to 0.9851, model saved
2026-08-30 06:14:36 | Epoch   9/100 | Train Loss 2.5957 Acc 0.9248 | Val Loss 1.5224 Acc 0.9185 AUC 0.9857 Pre 0.9184 Rec 0.9185
2026-08-30 06:14:36 |   Val AUC improved to 0.9857, model saved
2026-08-30 06:14:57 | Epoch  10/100 | Train Loss 2.5421 Acc 0.9292 | Val Loss 1.4937 Acc 0.9208 AUC 0.9859 Pre 0.9211 Rec 0.9208
2026-08-30 06:14:58 |   Val AUC improved to 0.9859, model saved
2026-08-30 06:15:19 | Epoch  11/100 | Train Loss 2.4932 Acc 0.9333 | Val Loss 1.4737 Acc 0.9197 AUC 0.9864 Pre 0.9209 Rec 0.9197
2026-08-30 06:15:19 |   Val AUC improved to 0.9864, model saved
2026-08-30 06:15:40 | Epoch  12/100 | Train Loss 2.4482 Acc 0.9375 | Val Loss 1.4441 Acc 0.9232 AUC 0.9864 Pre 0.9241 Rec 0.9232
2026-08-30 06:16:02 | Epoch  13/100 | Train Loss 2.4097 Acc 0.9398 | Val Loss 1.4813 Acc 0.9226 AUC 0.9857 Pre 0.9225 Rec 0.9226
2026-08-30 06:16:24 | Epoch  14/100 | Train Loss 2.3700 Acc 0.9444 | Val Loss 1.4594 Acc 0.9218 AUC 0.9861 Pre 0.9222 Rec 0.9218
2026-08-30 06:16:45 | Epoch  15/100 | Train Loss 2.3342 Acc 0.9470 | Val Loss 1.4691 Acc 0.9231 AUC 0.9867 Pre 0.9239 Rec 0.9231
2026-08-30 06:16:46 |   Val AUC improved to 0.9867, model saved
2026-08-30 06:17:07 | Epoch  16/100 | Train Loss 2.3042 Acc 0.9494 | Val Loss 1.4781 Acc 0.9225 AUC 0.9859 Pre 0.9236 Rec 0.9225
2026-08-30 06:17:27 | Epoch  17/100 | Train Loss 2.2668 Acc 0.9534 | Val Loss 1.4362 Acc 0.9242 AUC 0.9857 Pre 0.9245 Rec 0.9242
2026-08-30 06:17:47 | Epoch  18/100 | Train Loss 2.2235 Acc 0.9573 | Val Loss 1.4712 Acc 0.9221 AUC 0.9857 Pre 0.9224 Rec 0.9221
2026-08-30 06:18:08 | Epoch  19/100 | Train Loss 2.1840 Acc 0.9602 | Val Loss 1.4462 Acc 0.9252 AUC 0.9854 Pre 0.9255 Rec 0.9252
2026-08-30 06:18:29 | Epoch  20/100 | Train Loss 2.1666 Acc 0.9616 | Val Loss 1.4825 Acc 0.9226 AUC 0.9850 Pre 0.9227 Rec 0.9226
2026-08-30 06:18:50 | Epoch  21/100 | Train Loss 2.1343 Acc 0.9646 | Val Loss 1.4825 Acc 0.9223 AUC 0.9847 Pre 0.9228 Rec 0.9223
2026-08-30 06:19:11 | Epoch  22/100 | Train Loss 2.0918 Acc 0.9680 | Val Loss 1.4829 Acc 0.9227 AUC 0.9848 Pre 0.9232 Rec 0.9227
2026-08-30 06:19:32 | Epoch  23/100 | Train Loss 2.0851 Acc 0.9685 | Val Loss 1.4644 Acc 0.9233 AUC 0.9845 Pre 0.9235 Rec 0.9233
2026-08-30 06:19:54 | Epoch  24/100 | Train Loss 2.0613 Acc 0.9705 | Val Loss 1.5635 Acc 0.9180 AUC 0.9849 Pre 0.9196 Rec 0.9180
2026-08-30 06:20:14 | Epoch  25/100 | Train Loss 2.0425 Acc 0.9721 | Val Loss 1.5185 Acc 0.9219 AUC 0.9841 Pre 0.9221 Rec 0.9219
2026-08-30 06:20:14 | Val AUC did not improve for 10 consecutive epochs, early stopping at Epoch 25 (best AUC 0.9867 @ Epoch 15)
2026-08-30 06:20:19 | Run 3/5 | Test (best model @ Epoch 15) | Loss 1.4342 Acc 0.9273 AUC 0.9873 Pre 0.9280 Rec 0.9273
2026-08-30 06:20:19 | ===== Run 4/5 (seed 3) =====
2026-08-30 06:20:40 | Epoch   1/100 | Train Loss 5.6662 Acc 0.6329 | Val Loss 4.3891 Acc 0.7728 AUC 0.9345 Pre 0.8075 Rec 0.7728
2026-08-30 06:20:40 |   Val AUC improved to 0.9345, model saved
2026-08-30 06:21:00 | Epoch   2/100 | Train Loss 3.5818 Acc 0.8716 | Val Loss 1.9153 Acc 0.8953 AUC 0.9762 Pre 0.8950 Rec 0.8953
2026-08-30 06:21:01 |   Val AUC improved to 0.9762, model saved
2026-08-30 06:21:21 | Epoch   3/100 | Train Loss 3.1172 Acc 0.8901 | Val Loss 1.8236 Acc 0.8995 AUC 0.9783 Pre 0.8996 Rec 0.8995
2026-08-30 06:21:22 |   Val AUC improved to 0.9783, model saved
2026-08-30 06:21:43 | Epoch   4/100 | Train Loss 2.8702 Acc 0.9050 | Val Loss 1.6899 Acc 0.9061 AUC 0.9815 Pre 0.9062 Rec 0.9061
2026-08-30 06:21:43 |   Val AUC improved to 0.9815, model saved
2026-08-30 06:22:05 | Epoch   5/100 | Train Loss 2.7880 Acc 0.9110 | Val Loss 1.6668 Acc 0.9091 AUC 0.9825 Pre 0.9093 Rec 0.9091
2026-08-30 06:22:05 |   Val AUC improved to 0.9825, model saved
2026-08-30 06:22:27 | Epoch   6/100 | Train Loss 2.7252 Acc 0.9154 | Val Loss 1.6066 Acc 0.9119 AUC 0.9844 Pre 0.9129 Rec 0.9119
2026-08-30 06:22:27 |   Val AUC improved to 0.9844, model saved
2026-08-30 06:22:49 | Epoch   7/100 | Train Loss 2.6664 Acc 0.9202 | Val Loss 1.5484 Acc 0.9149 AUC 0.9847 Pre 0.9147 Rec 0.9149
2026-08-30 06:22:49 |   Val AUC improved to 0.9847, model saved
2026-08-30 06:23:11 | Epoch   8/100 | Train Loss 2.6146 Acc 0.9239 | Val Loss 1.5432 Acc 0.9148 AUC 0.9853 Pre 0.9145 Rec 0.9148
2026-08-30 06:23:11 |   Val AUC improved to 0.9853, model saved
2026-08-30 06:23:33 | Epoch   9/100 | Train Loss 2.5637 Acc 0.9285 | Val Loss 1.5273 Acc 0.9174 AUC 0.9851 Pre 0.9186 Rec 0.9174
2026-08-30 06:23:54 | Epoch  10/100 | Train Loss 2.5208 Acc 0.9317 | Val Loss 1.4976 Acc 0.9186 AUC 0.9857 Pre 0.9210 Rec 0.9186
2026-08-30 06:23:54 |   Val AUC improved to 0.9857, model saved
2026-08-30 06:24:16 | Epoch  11/100 | Train Loss 2.4912 Acc 0.9338 | Val Loss 1.4980 Acc 0.9185 AUC 0.9863 Pre 0.9196 Rec 0.9185
2026-08-30 06:24:16 |   Val AUC improved to 0.9863, model saved
2026-08-30 06:24:37 | Epoch  12/100 | Train Loss 2.4405 Acc 0.9384 | Val Loss 1.5288 Acc 0.9206 AUC 0.9861 Pre 0.9221 Rec 0.9206
2026-08-30 06:24:58 | Epoch  13/100 | Train Loss 2.3939 Acc 0.9426 | Val Loss 1.4752 Acc 0.9223 AUC 0.9859 Pre 0.9223 Rec 0.9223
2026-08-30 06:25:19 | Epoch  14/100 | Train Loss 2.3517 Acc 0.9462 | Val Loss 1.4658 Acc 0.9227 AUC 0.9857 Pre 0.9226 Rec 0.9227
2026-08-30 06:25:41 | Epoch  15/100 | Train Loss 2.3246 Acc 0.9484 | Val Loss 1.4758 Acc 0.9217 AUC 0.9851 Pre 0.9219 Rec 0.9217
2026-08-30 06:26:02 | Epoch  16/100 | Train Loss 2.2745 Acc 0.9533 | Val Loss 1.4783 Acc 0.9227 AUC 0.9845 Pre 0.9229 Rec 0.9227
2026-08-30 06:26:24 | Epoch  17/100 | Train Loss 2.2317 Acc 0.9560 | Val Loss 1.4968 Acc 0.9194 AUC 0.9852 Pre 0.9202 Rec 0.9194
2026-08-30 06:26:45 | Epoch  18/100 | Train Loss 2.1903 Acc 0.9598 | Val Loss 1.4585 Acc 0.9251 AUC 0.9851 Pre 0.9252 Rec 0.9251
2026-08-30 06:27:07 | Epoch  19/100 | Train Loss 2.1722 Acc 0.9616 | Val Loss 1.5417 Acc 0.9205 AUC 0.9845 Pre 0.9205 Rec 0.9205
2026-08-30 06:27:28 | Epoch  20/100 | Train Loss 2.1210 Acc 0.9654 | Val Loss 1.4990 Acc 0.9221 AUC 0.9841 Pre 0.9222 Rec 0.9221
2026-08-30 06:27:49 | Epoch  21/100 | Train Loss 2.0902 Acc 0.9679 | Val Loss 1.5067 Acc 0.9209 AUC 0.9843 Pre 0.9209 Rec 0.9209
2026-08-30 06:27:49 | Val AUC did not improve for 10 consecutive epochs, early stopping at Epoch 21 (best AUC 0.9863 @ Epoch 11)
2026-08-30 06:27:53 | Run 4/5 | Test (best model @ Epoch 11) | Loss 1.4406 Acc 0.9240 AUC 0.9870 Pre 0.9250 Rec 0.9240
2026-08-30 06:27:53 | ===== Run 5/5 (seed 4) =====
2026-08-30 06:28:15 | Epoch   1/100 | Train Loss 4.6419 Acc 0.7635 | Val Loss 7.0980 Acc 0.3638 AUC 0.5965 Pre 0.5020 Rec 0.3638
2026-08-30 06:28:15 |   Val AUC improved to 0.5965, model saved
2026-08-30 06:28:36 | Epoch   2/100 | Train Loss 6.0218 Acc 0.5771 | Val Loss 2.3596 Acc 0.8749 AUC 0.9657 Pre 0.8764 Rec 0.8749
2026-08-30 06:28:37 |   Val AUC improved to 0.9657, model saved
2026-08-30 06:28:58 | Epoch   3/100 | Train Loss 3.2045 Acc 0.8833 | Val Loss 1.9481 Acc 0.8901 AUC 0.9728 Pre 0.8911 Rec 0.8901
2026-08-30 06:28:59 |   Val AUC improved to 0.9728, model saved
2026-08-30 06:29:20 | Epoch   4/100 | Train Loss 3.0268 Acc 0.8929 | Val Loss 1.9160 Acc 0.8962 AUC 0.9771 Pre 0.8968 Rec 0.8962
2026-08-30 06:29:20 |   Val AUC improved to 0.9771, model saved
2026-08-30 06:29:41 | Epoch   5/100 | Train Loss 2.9162 Acc 0.9013 | Val Loss 1.8403 Acc 0.9009 AUC 0.9796 Pre 0.9023 Rec 0.9009
2026-08-30 06:29:42 |   Val AUC improved to 0.9796, model saved
2026-08-30 06:30:03 | Epoch   6/100 | Train Loss 2.8496 Acc 0.9053 | Val Loss 1.6755 Acc 0.9054 AUC 0.9817 Pre 0.9054 Rec 0.9054
2026-08-30 06:30:04 |   Val AUC improved to 0.9817, model saved
2026-08-30 06:30:26 | Epoch   7/100 | Train Loss 2.7614 Acc 0.9130 | Val Loss 1.6250 Acc 0.9107 AUC 0.9830 Pre 0.9111 Rec 0.9107
2026-08-30 06:30:26 |   Val AUC improved to 0.9830, model saved
2026-08-30 06:30:47 | Epoch   8/100 | Train Loss 2.6982 Acc 0.9177 | Val Loss 1.6232 Acc 0.9125 AUC 0.9837 Pre 0.9125 Rec 0.9125
2026-08-30 06:30:48 |   Val AUC improved to 0.9837, model saved
2026-08-30 06:31:10 | Epoch   9/100 | Train Loss 2.6261 Acc 0.9223 | Val Loss 1.5920 Acc 0.9157 AUC 0.9850 Pre 0.9164 Rec 0.9157
2026-08-30 06:31:10 |   Val AUC improved to 0.9850, model saved
2026-08-30 06:31:33 | Epoch  10/100 | Train Loss 2.5766 Acc 0.9272 | Val Loss 1.5005 Acc 0.9201 AUC 0.9857 Pre 0.9203 Rec 0.9201
2026-08-30 06:31:33 |   Val AUC improved to 0.9857, model saved
2026-08-30 06:31:56 | Epoch  11/100 | Train Loss 2.5152 Acc 0.9327 | Val Loss 1.5237 Acc 0.9187 AUC 0.9852 Pre 0.9189 Rec 0.9187
2026-08-30 06:32:17 | Epoch  12/100 | Train Loss 2.4616 Acc 0.9363 | Val Loss 1.4820 Acc 0.9197 AUC 0.9860 Pre 0.9207 Rec 0.9197
2026-08-30 06:32:18 |   Val AUC improved to 0.9860, model saved
2026-08-30 06:32:40 | Epoch  13/100 | Train Loss 2.4324 Acc 0.9393 | Val Loss 1.4495 Acc 0.9212 AUC 0.9858 Pre 0.9213 Rec 0.9212
2026-08-30 06:33:02 | Epoch  14/100 | Train Loss 2.3840 Acc 0.9434 | Val Loss 1.4744 Acc 0.9227 AUC 0.9856 Pre 0.9228 Rec 0.9227
2026-08-30 06:33:25 | Epoch  15/100 | Train Loss 2.3319 Acc 0.9474 | Val Loss 1.4997 Acc 0.9217 AUC 0.9854 Pre 0.9220 Rec 0.9217
2026-08-30 06:33:46 | Epoch  16/100 | Train Loss 2.3010 Acc 0.9508 | Val Loss 1.4929 Acc 0.9245 AUC 0.9861 Pre 0.9250 Rec 0.9245
2026-08-30 06:33:47 |   Val AUC improved to 0.9861, model saved
2026-08-30 06:34:09 | Epoch  17/100 | Train Loss 2.2543 Acc 0.9543 | Val Loss 1.4872 Acc 0.9211 AUC 0.9856 Pre 0.9211 Rec 0.9211
2026-08-30 06:34:32 | Epoch  18/100 | Train Loss 2.2308 Acc 0.9563 | Val Loss 1.5005 Acc 0.9220 AUC 0.9858 Pre 0.9227 Rec 0.9220
2026-08-30 06:34:55 | Epoch  19/100 | Train Loss 2.1770 Acc 0.9611 | Val Loss 1.4827 Acc 0.9211 AUC 0.9855 Pre 0.9212 Rec 0.9211
2026-08-30 06:35:18 | Epoch  20/100 | Train Loss 2.1554 Acc 0.9624 | Val Loss 1.4790 Acc 0.9226 AUC 0.9856 Pre 0.9230 Rec 0.9226
2026-08-30 06:35:43 | Epoch  21/100 | Train Loss 2.1141 Acc 0.9658 | Val Loss 1.5174 Acc 0.9220 AUC 0.9844 Pre 0.9219 Rec 0.9220
2026-08-30 06:36:06 | Epoch  22/100 | Train Loss 2.1124 Acc 0.9665 | Val Loss 1.5300 Acc 0.9205 AUC 0.9848 Pre 0.9210 Rec 0.9205
2026-08-30 06:36:29 | Epoch  23/100 | Train Loss 2.0732 Acc 0.9695 | Val Loss 1.5245 Acc 0.9214 AUC 0.9842 Pre 0.9222 Rec 0.9214
2026-08-30 06:36:54 | Epoch  24/100 | Train Loss 2.0535 Acc 0.9709 | Val Loss 1.5527 Acc 0.9196 AUC 0.9837 Pre 0.9198 Rec 0.9196
2026-08-30 06:37:17 | Epoch  25/100 | Train Loss 2.0148 Acc 0.9737 | Val Loss 1.5310 Acc 0.9222 AUC 0.9839 Pre 0.9223 Rec 0.9222
2026-08-30 06:37:40 | Epoch  26/100 | Train Loss 2.0097 Acc 0.9743 | Val Loss 1.5183 Acc 0.9236 AUC 0.9840 Pre 0.9236 Rec 0.9236
2026-08-30 06:37:40 | Val AUC did not improve for 10 consecutive epochs, early stopping at Epoch 26 (best AUC 0.9861 @ Epoch 16)
2026-08-30 06:37:45 | Run 5/5 | Test (best model @ Epoch 16) | Loss 1.4577 Acc 0.9269 AUC 0.9865 Pre 0.9274 Rec 0.9269
2026-08-30 06:37:45 | Average over 5 runs | Test Loss 1.4395±0.0109 Acc 0.9261±0.0013 AUC 0.9869±0.0004 Pre 0.9267±0.0011 Rec 0.9261±0.0013
