2026-09-14 20:58:58 | Device: cuda
2026-09-14 20:58:58 | Args: {'model': 'opb-fixed-frame', 'backbone': 'mlp', 'task': 'mnist', 'epochs': 100, 'batch_size': 512, 'lr': 0.001, 'hidden_dims': [512, 256], 'dropout': 0.2, 'z_dim': 256, 'anchor_scale': 12.0, 'energy_classifier': False, 'tied_head': False, 'max_len': 250, 'random_labels': False, 'beta': 10.0, 'patience': 10, 'runs': 5, 'seed': 0, 'data_dir': './data', 'save_path': 'output/mnist_mlp_opb-fixed-frame/mnist_mlp_opb-fixed-frame.pt', 'log_path': '/root/autodl-tmp/IB/output/ablation/mnist_mlp_opb-fixed-frame_beta_10_anchor_12/train.log', 'no_save': True}
2026-09-14 20:58:58 | ===== Run 1/5 (seed 0) =====
2026-09-14 20:59:06 | Epoch   1/100 | Train Loss 267.1215 Acc 0.8034 | Val Loss 80.5574 Acc 0.9478 AUC 0.9952 Pre 0.9472 Rec 0.9474
2026-09-14 20:59:06 |   Val AUC improved to 0.9952, model saved
2026-09-14 20:59:11 | Epoch   2/100 | Train Loss 78.5378 Acc 0.9558 | Val Loss 50.5810 Acc 0.9636 AUC 0.9976 Pre 0.9635 Rec 0.9632
2026-09-14 20:59:11 |   Val AUC improved to 0.9976, model saved
2026-09-14 20:59:16 | Epoch   3/100 | Train Loss 54.7328 Acc 0.9708 | Val Loss 38.4856 Acc 0.9721 AUC 0.9984 Pre 0.9720 Rec 0.9719
2026-09-14 20:59:16 |   Val AUC improved to 0.9984, model saved
2026-09-14 20:59:21 | Epoch   4/100 | Train Loss 43.6589 Acc 0.9774 | Val Loss 31.8130 Acc 0.9744 AUC 0.9987 Pre 0.9742 Rec 0.9742
2026-09-14 20:59:21 |   Val AUC improved to 0.9987, model saved
2026-09-14 20:59:26 | Epoch   5/100 | Train Loss 36.0160 Acc 0.9814 | Val Loss 26.8313 Acc 0.9782 AUC 0.9988 Pre 0.9779 Rec 0.9781
2026-09-14 20:59:26 |   Val AUC improved to 0.9988, model saved
2026-09-14 20:59:31 | Epoch   6/100 | Train Loss 30.2057 Acc 0.9848 | Val Loss 23.1542 Acc 0.9794 AUC 0.9989 Pre 0.9793 Rec 0.9792
2026-09-14 20:59:31 |   Val AUC improved to 0.9989, model saved
2026-09-14 20:59:36 | Epoch   7/100 | Train Loss 25.6941 Acc 0.9870 | Val Loss 20.5125 Acc 0.9791 AUC 0.9990 Pre 0.9788 Rec 0.9790
2026-09-14 20:59:36 |   Val AUC improved to 0.9990, model saved
2026-09-14 20:59:41 | Epoch   8/100 | Train Loss 22.0662 Acc 0.9880 | Val Loss 17.4805 Acc 0.9798 AUC 0.9990 Pre 0.9797 Rec 0.9796
2026-09-14 20:59:41 |   Val AUC improved to 0.9990, model saved
2026-09-14 20:59:46 | Epoch   9/100 | Train Loss 18.4027 Acc 0.9900 | Val Loss 15.1577 Acc 0.9806 AUC 0.9991 Pre 0.9805 Rec 0.9803
2026-09-14 20:59:46 |   Val AUC improved to 0.9991, model saved
2026-09-14 20:59:51 | Epoch  10/100 | Train Loss 15.7379 Acc 0.9900 | Val Loss 13.2880 Acc 0.9808 AUC 0.9992 Pre 0.9806 Rec 0.9806
2026-09-14 20:59:51 |   Val AUC improved to 0.9992, model saved
2026-09-14 20:59:56 | Epoch  11/100 | Train Loss 13.5685 Acc 0.9915 | Val Loss 11.9802 Acc 0.9805 AUC 0.9992 Pre 0.9804 Rec 0.9803
2026-09-14 21:00:01 | Epoch  12/100 | Train Loss 11.7924 Acc 0.9924 | Val Loss 11.0485 Acc 0.9816 AUC 0.9993 Pre 0.9814 Rec 0.9814
2026-09-14 21:00:01 |   Val AUC improved to 0.9993, model saved
2026-09-14 21:00:06 | Epoch  13/100 | Train Loss 10.3503 Acc 0.9922 | Val Loss 9.5220 Acc 0.9824 AUC 0.9993 Pre 0.9822 Rec 0.9822
2026-09-14 21:00:11 | Epoch  14/100 | Train Loss 9.1313 Acc 0.9924 | Val Loss 8.6734 Acc 0.9821 AUC 0.9994 Pre 0.9820 Rec 0.9819
2026-09-14 21:00:11 |   Val AUC improved to 0.9994, model saved
2026-09-14 21:00:16 | Epoch  15/100 | Train Loss 8.2336 Acc 0.9930 | Val Loss 8.5183 Acc 0.9822 AUC 0.9994 Pre 0.9820 Rec 0.9820
2026-09-14 21:00:16 |   Val AUC improved to 0.9994, model saved
2026-09-14 21:00:20 | Epoch  16/100 | Train Loss 7.4279 Acc 0.9931 | Val Loss 7.3480 Acc 0.9822 AUC 0.9994 Pre 0.9821 Rec 0.9820
2026-09-14 21:00:25 | Epoch  17/100 | Train Loss 6.7452 Acc 0.9923 | Val Loss 6.7156 Acc 0.9816 AUC 0.9994 Pre 0.9815 Rec 0.9814
2026-09-14 21:00:25 |   Val AUC improved to 0.9994, model saved
2026-09-14 21:00:30 | Epoch  18/100 | Train Loss 6.0829 Acc 0.9932 | Val Loss 6.3538 Acc 0.9827 AUC 0.9994 Pre 0.9825 Rec 0.9825
2026-09-14 21:00:35 | Epoch  19/100 | Train Loss 5.5476 Acc 0.9910 | Val Loss 5.7416 Acc 0.9827 AUC 0.9995 Pre 0.9825 Rec 0.9825
2026-09-14 21:00:35 |   Val AUC improved to 0.9995, model saved
2026-09-14 21:00:40 | Epoch  20/100 | Train Loss 5.1092 Acc 0.9910 | Val Loss 5.6786 Acc 0.9812 AUC 0.9995 Pre 0.9810 Rec 0.9810
2026-09-14 21:00:45 | Epoch  21/100 | Train Loss 4.7751 Acc 0.9902 | Val Loss 5.2037 Acc 0.9809 AUC 0.9995 Pre 0.9807 Rec 0.9807
2026-09-14 21:00:50 | Epoch  22/100 | Train Loss 4.4055 Acc 0.9892 | Val Loss 4.8885 Acc 0.9817 AUC 0.9994 Pre 0.9816 Rec 0.9815
2026-09-14 21:00:54 | Epoch  23/100 | Train Loss 4.1556 Acc 0.9881 | Val Loss 4.8044 Acc 0.9817 AUC 0.9995 Pre 0.9815 Rec 0.9815
2026-09-14 21:00:54 |   Val AUC improved to 0.9995, model saved
2026-09-14 21:00:59 | Epoch  24/100 | Train Loss 3.8752 Acc 0.9876 | Val Loss 4.5759 Acc 0.9814 AUC 0.9995 Pre 0.9813 Rec 0.9812
2026-09-14 21:00:59 |   Val AUC improved to 0.9995, model saved
2026-09-14 21:01:04 | Epoch  25/100 | Train Loss 3.6396 Acc 0.9859 | Val Loss 4.3173 Acc 0.9827 AUC 0.9995 Pre 0.9825 Rec 0.9825
2026-09-14 21:01:09 | Epoch  26/100 | Train Loss 3.4382 Acc 0.9841 | Val Loss 4.0906 Acc 0.9820 AUC 0.9995 Pre 0.9818 Rec 0.9818
2026-09-14 21:01:09 |   Val AUC improved to 0.9995, model saved
2026-09-14 21:01:14 | Epoch  27/100 | Train Loss 3.2654 Acc 0.9831 | Val Loss 4.0518 Acc 0.9816 AUC 0.9995 Pre 0.9814 Rec 0.9814
2026-09-14 21:01:14 |   Val AUC improved to 0.9995, model saved
2026-09-14 21:01:19 | Epoch  28/100 | Train Loss 3.0705 Acc 0.9824 | Val Loss 3.8317 Acc 0.9815 AUC 0.9995 Pre 0.9814 Rec 0.9813
2026-09-14 21:01:24 | Epoch  29/100 | Train Loss 2.9404 Acc 0.9794 | Val Loss 3.6768 Acc 0.9819 AUC 0.9995 Pre 0.9817 Rec 0.9817
2026-09-14 21:01:29 | Epoch  30/100 | Train Loss 2.7950 Acc 0.9787 | Val Loss 3.5660 Acc 0.9815 AUC 0.9995 Pre 0.9813 Rec 0.9813
2026-09-14 21:01:34 | Epoch  31/100 | Train Loss 2.7029 Acc 0.9771 | Val Loss 3.3933 Acc 0.9823 AUC 0.9996 Pre 0.9822 Rec 0.9821
2026-09-14 21:01:34 |   Val AUC improved to 0.9996, model saved
2026-09-14 21:01:39 | Epoch  32/100 | Train Loss 2.5645 Acc 0.9732 | Val Loss 3.4183 Acc 0.9830 AUC 0.9995 Pre 0.9829 Rec 0.9828
2026-09-14 21:01:44 | Epoch  33/100 | Train Loss 2.4584 Acc 0.9714 | Val Loss 3.2644 Acc 0.9821 AUC 0.9995 Pre 0.9820 Rec 0.9819
2026-09-14 21:01:49 | Epoch  34/100 | Train Loss 2.3743 Acc 0.9701 | Val Loss 3.2084 Acc 0.9810 AUC 0.9995 Pre 0.9809 Rec 0.9808
2026-09-14 21:01:53 | Epoch  35/100 | Train Loss 2.2740 Acc 0.9679 | Val Loss 3.1249 Acc 0.9809 AUC 0.9995 Pre 0.9807 Rec 0.9807
2026-09-14 21:01:58 | Epoch  36/100 | Train Loss 2.1891 Acc 0.9656 | Val Loss 2.9917 Acc 0.9816 AUC 0.9994 Pre 0.9814 Rec 0.9815
2026-09-14 21:02:04 | Epoch  37/100 | Train Loss 2.1154 Acc 0.9632 | Val Loss 2.9190 Acc 0.9817 AUC 0.9994 Pre 0.9815 Rec 0.9816
2026-09-14 21:02:09 | Epoch  38/100 | Train Loss 2.0596 Acc 0.9617 | Val Loss 2.7819 Acc 0.9827 AUC 0.9995 Pre 0.9826 Rec 0.9826
2026-09-14 21:02:13 | Epoch  39/100 | Train Loss 2.0312 Acc 0.9585 | Val Loss 2.7804 Acc 0.9813 AUC 0.9995 Pre 0.9811 Rec 0.9811
2026-09-14 21:02:18 | Epoch  40/100 | Train Loss 1.9582 Acc 0.9556 | Val Loss 2.7043 Acc 0.9822 AUC 0.9995 Pre 0.9820 Rec 0.9821
2026-09-14 21:02:23 | Epoch  41/100 | Train Loss 1.9027 Acc 0.9540 | Val Loss 2.6217 Acc 0.9817 AUC 0.9995 Pre 0.9815 Rec 0.9815
2026-09-14 21:02:23 | Val AUC did not improve for 10 consecutive epochs, early stopping at Epoch 41 (best AUC 0.9996 @ Epoch 31)
2026-09-14 21:02:24 | Run 1/5 | Test (best model @ Epoch 31) | Loss 3.1838 Acc 0.9840 AUC 0.9997 Pre 0.9839 Rec 0.9838
2026-09-14 21:02:24 | ===== Run 2/5 (seed 1) =====
2026-09-14 21:02:29 | Epoch   1/100 | Train Loss 263.0131 Acc 0.8118 | Val Loss 79.6526 Acc 0.9469 AUC 0.9953 Pre 0.9464 Rec 0.9464
2026-09-14 21:02:29 |   Val AUC improved to 0.9953, model saved
2026-09-14 21:02:33 | Epoch   2/100 | Train Loss 79.3520 Acc 0.9566 | Val Loss 49.5093 Acc 0.9648 AUC 0.9975 Pre 0.9646 Rec 0.9645
2026-09-14 21:02:33 |   Val AUC improved to 0.9975, model saved
2026-09-14 21:02:38 | Epoch   3/100 | Train Loss 55.3289 Acc 0.9707 | Val Loss 39.3275 Acc 0.9707 AUC 0.9982 Pre 0.9705 Rec 0.9706
2026-09-14 21:02:38 |   Val AUC improved to 0.9982, model saved
2026-09-14 21:02:43 | Epoch   4/100 | Train Loss 44.1212 Acc 0.9775 | Val Loss 34.7503 Acc 0.9751 AUC 0.9985 Pre 0.9749 Rec 0.9748
2026-09-14 21:02:43 |   Val AUC improved to 0.9985, model saved
2026-09-14 21:02:48 | Epoch   5/100 | Train Loss 36.5178 Acc 0.9815 | Val Loss 26.7600 Acc 0.9783 AUC 0.9989 Pre 0.9781 Rec 0.9782
2026-09-14 21:02:48 |   Val AUC improved to 0.9989, model saved
2026-09-14 21:02:53 | Epoch   6/100 | Train Loss 30.3977 Acc 0.9850 | Val Loss 23.3175 Acc 0.9791 AUC 0.9989 Pre 0.9790 Rec 0.9789
2026-09-14 21:02:53 |   Val AUC improved to 0.9989, model saved
2026-09-14 21:02:58 | Epoch   7/100 | Train Loss 25.8029 Acc 0.9870 | Val Loss 19.6975 Acc 0.9797 AUC 0.9991 Pre 0.9795 Rec 0.9795
2026-09-14 21:02:58 |   Val AUC improved to 0.9991, model saved
2026-09-14 21:03:04 | Epoch   8/100 | Train Loss 21.6825 Acc 0.9887 | Val Loss 17.6711 Acc 0.9810 AUC 0.9991 Pre 0.9808 Rec 0.9809
2026-09-14 21:03:04 |   Val AUC improved to 0.9991, model saved
2026-09-14 21:03:09 | Epoch   9/100 | Train Loss 18.4064 Acc 0.9901 | Val Loss 14.8275 Acc 0.9817 AUC 0.9992 Pre 0.9815 Rec 0.9816
2026-09-14 21:03:09 |   Val AUC improved to 0.9992, model saved
2026-09-14 21:03:14 | Epoch  10/100 | Train Loss 15.6541 Acc 0.9910 | Val Loss 12.7360 Acc 0.9825 AUC 0.9993 Pre 0.9823 Rec 0.9823
2026-09-14 21:03:14 |   Val AUC improved to 0.9993, model saved
2026-09-14 21:03:19 | Epoch  11/100 | Train Loss 13.5510 Acc 0.9916 | Val Loss 11.6219 Acc 0.9823 AUC 0.9993 Pre 0.9822 Rec 0.9821
2026-09-14 21:03:24 | Epoch  12/100 | Train Loss 11.8057 Acc 0.9921 | Val Loss 10.4662 Acc 0.9818 AUC 0.9992 Pre 0.9816 Rec 0.9816
2026-09-14 21:03:29 | Epoch  13/100 | Train Loss 10.2748 Acc 0.9926 | Val Loss 9.1918 Acc 0.9822 AUC 0.9994 Pre 0.9820 Rec 0.9821
2026-09-14 21:03:29 |   Val AUC improved to 0.9994, model saved
2026-09-14 21:03:34 | Epoch  14/100 | Train Loss 9.2768 Acc 0.9924 | Val Loss 8.4451 Acc 0.9826 AUC 0.9994 Pre 0.9824 Rec 0.9824
2026-09-14 21:03:34 |   Val AUC improved to 0.9994, model saved
2026-09-14 21:03:38 | Epoch  15/100 | Train Loss 8.3109 Acc 0.9920 | Val Loss 7.7785 Acc 0.9820 AUC 0.9994 Pre 0.9818 Rec 0.9818
2026-09-14 21:03:43 | Epoch  16/100 | Train Loss 7.4753 Acc 0.9924 | Val Loss 7.3743 Acc 0.9825 AUC 0.9994 Pre 0.9823 Rec 0.9823
2026-09-14 21:03:48 | Epoch  17/100 | Train Loss 6.7131 Acc 0.9923 | Val Loss 6.9230 Acc 0.9829 AUC 0.9994 Pre 0.9827 Rec 0.9828
2026-09-14 21:03:48 |   Val AUC improved to 0.9994, model saved
2026-09-14 21:03:53 | Epoch  18/100 | Train Loss 6.1506 Acc 0.9920 | Val Loss 6.2683 Acc 0.9819 AUC 0.9995 Pre 0.9817 Rec 0.9818
2026-09-14 21:03:53 |   Val AUC improved to 0.9995, model saved
2026-09-14 21:03:57 | Epoch  19/100 | Train Loss 5.7060 Acc 0.9915 | Val Loss 5.8799 Acc 0.9828 AUC 0.9995 Pre 0.9826 Rec 0.9827
2026-09-14 21:03:57 |   Val AUC improved to 0.9995, model saved
2026-09-14 21:04:02 | Epoch  20/100 | Train Loss 5.2314 Acc 0.9897 | Val Loss 5.6558 Acc 0.9817 AUC 0.9995 Pre 0.9816 Rec 0.9815
2026-09-14 21:04:07 | Epoch  21/100 | Train Loss 4.8180 Acc 0.9896 | Val Loss 5.1229 Acc 0.9828 AUC 0.9995 Pre 0.9826 Rec 0.9827
2026-09-14 21:04:07 |   Val AUC improved to 0.9995, model saved
2026-09-14 21:04:12 | Epoch  22/100 | Train Loss 4.5120 Acc 0.9882 | Val Loss 5.0454 Acc 0.9821 AUC 0.9995 Pre 0.9819 Rec 0.9819
2026-09-14 21:04:17 | Epoch  23/100 | Train Loss 4.2205 Acc 0.9880 | Val Loss 4.7015 Acc 0.9823 AUC 0.9995 Pre 0.9821 Rec 0.9822
2026-09-14 21:04:21 | Epoch  24/100 | Train Loss 3.9542 Acc 0.9866 | Val Loss 4.4410 Acc 0.9820 AUC 0.9995 Pre 0.9818 Rec 0.9819
2026-09-14 21:04:26 | Epoch  25/100 | Train Loss 3.7500 Acc 0.9850 | Val Loss 4.2565 Acc 0.9823 AUC 0.9995 Pre 0.9822 Rec 0.9822
2026-09-14 21:04:31 | Epoch  26/100 | Train Loss 3.5191 Acc 0.9838 | Val Loss 4.2809 Acc 0.9824 AUC 0.9995 Pre 0.9822 Rec 0.9822
2026-09-14 21:04:31 |   Val AUC improved to 0.9995, model saved
2026-09-14 21:04:36 | Epoch  27/100 | Train Loss 3.3258 Acc 0.9825 | Val Loss 3.9981 Acc 0.9826 AUC 0.9995 Pre 0.9825 Rec 0.9824
2026-09-14 21:04:41 | Epoch  28/100 | Train Loss 3.1748 Acc 0.9806 | Val Loss 3.9015 Acc 0.9823 AUC 0.9995 Pre 0.9821 Rec 0.9822
2026-09-14 21:04:46 | Epoch  29/100 | Train Loss 3.0238 Acc 0.9794 | Val Loss 3.7406 Acc 0.9820 AUC 0.9995 Pre 0.9818 Rec 0.9819
2026-09-14 21:04:52 | Epoch  30/100 | Train Loss 2.9076 Acc 0.9768 | Val Loss 3.6462 Acc 0.9826 AUC 0.9995 Pre 0.9824 Rec 0.9824
2026-09-14 21:04:57 | Epoch  31/100 | Train Loss 2.7646 Acc 0.9757 | Val Loss 3.4425 Acc 0.9820 AUC 0.9995 Pre 0.9818 Rec 0.9818
2026-09-14 21:05:02 | Epoch  32/100 | Train Loss 2.6322 Acc 0.9725 | Val Loss 3.3825 Acc 0.9827 AUC 0.9995 Pre 0.9825 Rec 0.9826
2026-09-14 21:05:07 | Epoch  33/100 | Train Loss 2.5519 Acc 0.9711 | Val Loss 3.2575 Acc 0.9828 AUC 0.9995 Pre 0.9826 Rec 0.9827
2026-09-14 21:05:12 | Epoch  34/100 | Train Loss 2.4534 Acc 0.9684 | Val Loss 3.1305 Acc 0.9821 AUC 0.9995 Pre 0.9820 Rec 0.9820
2026-09-14 21:05:17 | Epoch  35/100 | Train Loss 2.3445 Acc 0.9663 | Val Loss 3.0544 Acc 0.9818 AUC 0.9995 Pre 0.9816 Rec 0.9816
2026-09-14 21:05:22 | Epoch  36/100 | Train Loss 2.2649 Acc 0.9644 | Val Loss 2.9904 Acc 0.9829 AUC 0.9995 Pre 0.9827 Rec 0.9828
2026-09-14 21:05:22 | Val AUC did not improve for 10 consecutive epochs, early stopping at Epoch 36 (best AUC 0.9995 @ Epoch 26)
2026-09-14 21:05:23 | Run 2/5 | Test (best model @ Epoch 26) | Loss 4.1046 Acc 0.9850 AUC 0.9996 Pre 0.9849 Rec 0.9849
2026-09-14 21:05:23 | ===== Run 3/5 (seed 2) =====
2026-09-14 21:05:28 | Epoch   1/100 | Train Loss 264.2479 Acc 0.8072 | Val Loss 81.8768 Acc 0.9455 AUC 0.9952 Pre 0.9450 Rec 0.9449
2026-09-14 21:05:28 |   Val AUC improved to 0.9952, model saved
2026-09-14 21:05:33 | Epoch   2/100 | Train Loss 79.5974 Acc 0.9557 | Val Loss 50.1501 Acc 0.9645 AUC 0.9975 Pre 0.9642 Rec 0.9643
2026-09-14 21:05:33 |   Val AUC improved to 0.9975, model saved
2026-09-14 21:05:38 | Epoch   3/100 | Train Loss 54.5301 Acc 0.9710 | Val Loss 38.8958 Acc 0.9708 AUC 0.9983 Pre 0.9706 Rec 0.9706
2026-09-14 21:05:38 |   Val AUC improved to 0.9983, model saved
2026-09-14 21:05:43 | Epoch   4/100 | Train Loss 43.1872 Acc 0.9778 | Val Loss 31.7742 Acc 0.9750 AUC 0.9987 Pre 0.9749 Rec 0.9747
2026-09-14 21:05:43 |   Val AUC improved to 0.9987, model saved
2026-09-14 21:05:48 | Epoch   5/100 | Train Loss 35.9349 Acc 0.9817 | Val Loss 26.5092 Acc 0.9775 AUC 0.9988 Pre 0.9774 Rec 0.9773
2026-09-14 21:05:48 |   Val AUC improved to 0.9988, model saved
2026-09-14 21:05:53 | Epoch   6/100 | Train Loss 30.1237 Acc 0.9853 | Val Loss 23.1260 Acc 0.9792 AUC 0.9991 Pre 0.9790 Rec 0.9790
2026-09-14 21:05:53 |   Val AUC improved to 0.9991, model saved
2026-09-14 21:05:58 | Epoch   7/100 | Train Loss 25.7586 Acc 0.9873 | Val Loss 20.9584 Acc 0.9787 AUC 0.9990 Pre 0.9784 Rec 0.9786
2026-09-14 21:06:02 | Epoch   8/100 | Train Loss 22.3682 Acc 0.9889 | Val Loss 17.3241 Acc 0.9819 AUC 0.9992 Pre 0.9819 Rec 0.9817
2026-09-14 21:06:02 |   Val AUC improved to 0.9992, model saved
2026-09-14 21:06:07 | Epoch   9/100 | Train Loss 18.8341 Acc 0.9900 | Val Loss 15.4038 Acc 0.9813 AUC 0.9992 Pre 0.9810 Rec 0.9812
2026-09-14 21:06:07 |   Val AUC improved to 0.9992, model saved
2026-09-14 21:06:12 | Epoch  10/100 | Train Loss 16.1542 Acc 0.9917 | Val Loss 13.7893 Acc 0.9814 AUC 0.9993 Pre 0.9812 Rec 0.9811
2026-09-14 21:06:12 |   Val AUC improved to 0.9993, model saved
2026-09-14 21:06:16 | Epoch  11/100 | Train Loss 14.0692 Acc 0.9919 | Val Loss 12.3148 Acc 0.9817 AUC 0.9993 Pre 0.9816 Rec 0.9815
2026-09-14 21:06:16 |   Val AUC improved to 0.9993, model saved
2026-09-14 21:06:21 | Epoch  12/100 | Train Loss 12.4763 Acc 0.9921 | Val Loss 11.5181 Acc 0.9820 AUC 0.9993 Pre 0.9819 Rec 0.9817
2026-09-14 21:06:26 | Epoch  13/100 | Train Loss 10.8524 Acc 0.9927 | Val Loss 10.2235 Acc 0.9818 AUC 0.9993 Pre 0.9816 Rec 0.9816
2026-09-14 21:06:26 |   Val AUC improved to 0.9993, model saved
2026-09-14 21:06:31 | Epoch  14/100 | Train Loss 9.8176 Acc 0.9930 | Val Loss 9.3222 Acc 0.9828 AUC 0.9994 Pre 0.9827 Rec 0.9825
2026-09-14 21:06:31 |   Val AUC improved to 0.9994, model saved
2026-09-14 21:06:35 | Epoch  15/100 | Train Loss 8.6689 Acc 0.9927 | Val Loss 8.5520 Acc 0.9823 AUC 0.9993 Pre 0.9822 Rec 0.9821
2026-09-14 21:06:40 | Epoch  16/100 | Train Loss 7.8523 Acc 0.9937 | Val Loss 7.6362 Acc 0.9839 AUC 0.9994 Pre 0.9838 Rec 0.9838
2026-09-14 21:06:40 |   Val AUC improved to 0.9994, model saved
2026-09-14 21:06:44 | Epoch  17/100 | Train Loss 7.1263 Acc 0.9934 | Val Loss 7.1441 Acc 0.9825 AUC 0.9995 Pre 0.9823 Rec 0.9824
2026-09-14 21:06:44 |   Val AUC improved to 0.9995, model saved
2026-09-14 21:06:49 | Epoch  18/100 | Train Loss 6.5324 Acc 0.9928 | Val Loss 6.7972 Acc 0.9828 AUC 0.9995 Pre 0.9826 Rec 0.9826
2026-09-14 21:06:54 | Epoch  19/100 | Train Loss 6.1247 Acc 0.9929 | Val Loss 6.3249 Acc 0.9831 AUC 0.9994 Pre 0.9830 Rec 0.9829
2026-09-14 21:06:58 | Epoch  20/100 | Train Loss 5.5926 Acc 0.9924 | Val Loss 5.8100 Acc 0.9829 AUC 0.9995 Pre 0.9827 Rec 0.9828
2026-09-14 21:06:58 |   Val AUC improved to 0.9995, model saved
2026-09-14 21:07:02 | Epoch  21/100 | Train Loss 5.1280 Acc 0.9924 | Val Loss 5.7365 Acc 0.9824 AUC 0.9995 Pre 0.9822 Rec 0.9822
2026-09-14 21:07:07 | Epoch  22/100 | Train Loss 4.8111 Acc 0.9909 | Val Loss 5.3521 Acc 0.9831 AUC 0.9996 Pre 0.9829 Rec 0.9830
2026-09-14 21:07:07 |   Val AUC improved to 0.9996, model saved
2026-09-14 21:07:12 | Epoch  23/100 | Train Loss 4.4763 Acc 0.9909 | Val Loss 5.2139 Acc 0.9824 AUC 0.9995 Pre 0.9822 Rec 0.9822
2026-09-14 21:07:16 | Epoch  24/100 | Train Loss 4.1920 Acc 0.9909 | Val Loss 4.9640 Acc 0.9823 AUC 0.9996 Pre 0.9821 Rec 0.9821
2026-09-14 21:07:16 |   Val AUC improved to 0.9996, model saved
2026-09-14 21:07:21 | Epoch  25/100 | Train Loss 3.9466 Acc 0.9892 | Val Loss 4.6048 Acc 0.9830 AUC 0.9996 Pre 0.9829 Rec 0.9828
2026-09-14 21:07:21 |   Val AUC improved to 0.9996, model saved
2026-09-14 21:07:25 | Epoch  26/100 | Train Loss 3.7965 Acc 0.9877 | Val Loss 4.3877 Acc 0.9832 AUC 0.9996 Pre 0.9830 Rec 0.9830
2026-09-14 21:07:30 | Epoch  27/100 | Train Loss 3.5454 Acc 0.9881 | Val Loss 4.2047 Acc 0.9832 AUC 0.9996 Pre 0.9830 Rec 0.9830
2026-09-14 21:07:30 |   Val AUC improved to 0.9996, model saved
2026-09-14 21:07:34 | Epoch  28/100 | Train Loss 3.3929 Acc 0.9851 | Val Loss 4.0593 Acc 0.9828 AUC 0.9996 Pre 0.9826 Rec 0.9826
2026-09-14 21:07:39 | Epoch  29/100 | Train Loss 3.1680 Acc 0.9857 | Val Loss 3.9247 Acc 0.9840 AUC 0.9997 Pre 0.9838 Rec 0.9839
2026-09-14 21:07:39 |   Val AUC improved to 0.9997, model saved
2026-09-14 21:07:44 | Epoch  30/100 | Train Loss 3.0196 Acc 0.9832 | Val Loss 3.8003 Acc 0.9830 AUC 0.9996 Pre 0.9828 Rec 0.9828
2026-09-14 21:07:48 | Epoch  31/100 | Train Loss 2.9186 Acc 0.9821 | Val Loss 3.7275 Acc 0.9831 AUC 0.9996 Pre 0.9830 Rec 0.9829
2026-09-14 21:07:53 | Epoch  32/100 | Train Loss 2.8247 Acc 0.9807 | Val Loss 3.4882 Acc 0.9838 AUC 0.9996 Pre 0.9837 Rec 0.9836
2026-09-14 21:07:57 | Epoch  33/100 | Train Loss 2.7094 Acc 0.9786 | Val Loss 3.4519 Acc 0.9826 AUC 0.9996 Pre 0.9824 Rec 0.9824
2026-09-14 21:08:02 | Epoch  34/100 | Train Loss 2.5591 Acc 0.9777 | Val Loss 3.3475 Acc 0.9842 AUC 0.9997 Pre 0.9841 Rec 0.9840
2026-09-14 21:08:07 | Epoch  35/100 | Train Loss 2.5044 Acc 0.9743 | Val Loss 3.3456 Acc 0.9828 AUC 0.9996 Pre 0.9827 Rec 0.9826
2026-09-14 21:08:11 | Epoch  36/100 | Train Loss 2.4048 Acc 0.9734 | Val Loss 3.2457 Acc 0.9840 AUC 0.9996 Pre 0.9839 Rec 0.9838
2026-09-14 21:08:16 | Epoch  37/100 | Train Loss 2.3378 Acc 0.9707 | Val Loss 3.0794 Acc 0.9829 AUC 0.9996 Pre 0.9827 Rec 0.9828
2026-09-14 21:08:21 | Epoch  38/100 | Train Loss 2.2184 Acc 0.9709 | Val Loss 3.0281 Acc 0.9830 AUC 0.9996 Pre 0.9828 Rec 0.9828
2026-09-14 21:08:25 | Epoch  39/100 | Train Loss 2.1827 Acc 0.9670 | Val Loss 2.9785 Acc 0.9826 AUC 0.9996 Pre 0.9824 Rec 0.9824
2026-09-14 21:08:25 | Val AUC did not improve for 10 consecutive epochs, early stopping at Epoch 39 (best AUC 0.9997 @ Epoch 29)
2026-09-14 21:08:26 | Run 3/5 | Test (best model @ Epoch 29) | Loss 3.8584 Acc 0.9843 AUC 0.9997 Pre 0.9841 Rec 0.9842
2026-09-14 21:08:26 | ===== Run 4/5 (seed 3) =====
2026-09-14 21:08:30 | Epoch   1/100 | Train Loss 273.0256 Acc 0.7981 | Val Loss 81.3144 Acc 0.9442 AUC 0.9951 Pre 0.9437 Rec 0.9438
2026-09-14 21:08:30 |   Val AUC improved to 0.9951, model saved
2026-09-14 21:08:35 | Epoch   2/100 | Train Loss 79.7158 Acc 0.9554 | Val Loss 49.1050 Acc 0.9650 AUC 0.9976 Pre 0.9646 Rec 0.9649
2026-09-14 21:08:35 |   Val AUC improved to 0.9976, model saved
2026-09-14 21:08:40 | Epoch   3/100 | Train Loss 55.9855 Acc 0.9702 | Val Loss 38.2952 Acc 0.9716 AUC 0.9982 Pre 0.9715 Rec 0.9714
2026-09-14 21:08:40 |   Val AUC improved to 0.9982, model saved
2026-09-14 21:08:44 | Epoch   4/100 | Train Loss 44.4326 Acc 0.9761 | Val Loss 32.1417 Acc 0.9743 AUC 0.9987 Pre 0.9743 Rec 0.9740
2026-09-14 21:08:44 |   Val AUC improved to 0.9987, model saved
2026-09-14 21:08:49 | Epoch   5/100 | Train Loss 37.0058 Acc 0.9809 | Val Loss 28.1179 Acc 0.9768 AUC 0.9987 Pre 0.9768 Rec 0.9766
2026-09-14 21:08:49 |   Val AUC improved to 0.9987, model saved
2026-09-14 21:08:54 | Epoch   6/100 | Train Loss 31.1693 Acc 0.9852 | Val Loss 23.5314 Acc 0.9807 AUC 0.9989 Pre 0.9806 Rec 0.9806
2026-09-14 21:08:54 |   Val AUC improved to 0.9989, model saved
2026-09-14 21:08:58 | Epoch   7/100 | Train Loss 26.4229 Acc 0.9869 | Val Loss 19.7276 Acc 0.9803 AUC 0.9991 Pre 0.9802 Rec 0.9803
2026-09-14 21:08:58 |   Val AUC improved to 0.9991, model saved
2026-09-14 21:09:03 | Epoch   8/100 | Train Loss 22.1915 Acc 0.9880 | Val Loss 17.4312 Acc 0.9814 AUC 0.9991 Pre 0.9813 Rec 0.9813
2026-09-14 21:09:08 | Epoch   9/100 | Train Loss 18.8690 Acc 0.9895 | Val Loss 15.3237 Acc 0.9813 AUC 0.9991 Pre 0.9811 Rec 0.9812
2026-09-14 21:09:08 |   Val AUC improved to 0.9991, model saved
2026-09-14 21:09:12 | Epoch  10/100 | Train Loss 16.4929 Acc 0.9898 | Val Loss 13.4862 Acc 0.9814 AUC 0.9992 Pre 0.9813 Rec 0.9811
2026-09-14 21:09:12 |   Val AUC improved to 0.9992, model saved
2026-09-14 21:09:17 | Epoch  11/100 | Train Loss 14.1018 Acc 0.9915 | Val Loss 11.6508 Acc 0.9812 AUC 0.9992 Pre 0.9811 Rec 0.9811
2026-09-14 21:09:17 |   Val AUC improved to 0.9992, model saved
2026-09-14 21:09:22 | Epoch  12/100 | Train Loss 12.3114 Acc 0.9920 | Val Loss 10.8205 Acc 0.9815 AUC 0.9993 Pre 0.9813 Rec 0.9814
2026-09-14 21:09:22 |   Val AUC improved to 0.9993, model saved
2026-09-14 21:09:27 | Epoch  13/100 | Train Loss 10.8569 Acc 0.9916 | Val Loss 9.6605 Acc 0.9818 AUC 0.9993 Pre 0.9816 Rec 0.9817
2026-09-14 21:09:27 |   Val AUC improved to 0.9993, model saved
2026-09-14 21:09:32 | Epoch  14/100 | Train Loss 9.6966 Acc 0.9914 | Val Loss 8.6319 Acc 0.9816 AUC 0.9994 Pre 0.9815 Rec 0.9813
2026-09-14 21:09:32 |   Val AUC improved to 0.9994, model saved
2026-09-14 21:09:36 | Epoch  15/100 | Train Loss 8.6636 Acc 0.9922 | Val Loss 8.0738 Acc 0.9819 AUC 0.9994 Pre 0.9817 Rec 0.9817
2026-09-14 21:09:36 |   Val AUC improved to 0.9994, model saved
2026-09-14 21:09:41 | Epoch  16/100 | Train Loss 7.7637 Acc 0.9921 | Val Loss 7.4944 Acc 0.9816 AUC 0.9994 Pre 0.9814 Rec 0.9815
2026-09-14 21:09:41 |   Val AUC improved to 0.9994, model saved
2026-09-14 21:09:46 | Epoch  17/100 | Train Loss 7.0765 Acc 0.9914 | Val Loss 6.6617 Acc 0.9821 AUC 0.9994 Pre 0.9819 Rec 0.9819
2026-09-14 21:09:51 | Epoch  18/100 | Train Loss 6.4994 Acc 0.9912 | Val Loss 6.2506 Acc 0.9818 AUC 0.9995 Pre 0.9817 Rec 0.9816
2026-09-14 21:09:51 |   Val AUC improved to 0.9995, model saved
2026-09-14 21:09:56 | Epoch  19/100 | Train Loss 5.9558 Acc 0.9906 | Val Loss 5.8985 Acc 0.9824 AUC 0.9995 Pre 0.9823 Rec 0.9822
2026-09-14 21:10:00 | Epoch  20/100 | Train Loss 5.5131 Acc 0.9901 | Val Loss 5.5589 Acc 0.9822 AUC 0.9994 Pre 0.9820 Rec 0.9821
2026-09-14 21:10:05 | Epoch  21/100 | Train Loss 5.1064 Acc 0.9889 | Val Loss 5.1988 Acc 0.9820 AUC 0.9995 Pre 0.9818 Rec 0.9818
2026-09-14 21:10:05 |   Val AUC improved to 0.9995, model saved
2026-09-14 21:10:10 | Epoch  22/100 | Train Loss 4.7296 Acc 0.9883 | Val Loss 5.1108 Acc 0.9834 AUC 0.9995 Pre 0.9833 Rec 0.9832
2026-09-14 21:10:15 | Epoch  23/100 | Train Loss 4.4443 Acc 0.9876 | Val Loss 4.5308 Acc 0.9828 AUC 0.9995 Pre 0.9826 Rec 0.9827
2026-09-14 21:10:15 |   Val AUC improved to 0.9995, model saved
2026-09-14 21:10:20 | Epoch  24/100 | Train Loss 4.1453 Acc 0.9859 | Val Loss 4.5291 Acc 0.9817 AUC 0.9995 Pre 0.9815 Rec 0.9816
2026-09-14 21:10:25 | Epoch  25/100 | Train Loss 3.8824 Acc 0.9847 | Val Loss 4.2523 Acc 0.9822 AUC 0.9996 Pre 0.9820 Rec 0.9820
2026-09-14 21:10:25 |   Val AUC improved to 0.9996, model saved
2026-09-14 21:10:29 | Epoch  26/100 | Train Loss 3.6307 Acc 0.9832 | Val Loss 3.9738 Acc 0.9825 AUC 0.9996 Pre 0.9823 Rec 0.9823
2026-09-14 21:10:29 |   Val AUC improved to 0.9996, model saved
2026-09-14 21:10:34 | Epoch  27/100 | Train Loss 3.4802 Acc 0.9817 | Val Loss 3.9873 Acc 0.9819 AUC 0.9995 Pre 0.9819 Rec 0.9816
2026-09-14 21:10:39 | Epoch  28/100 | Train Loss 3.3070 Acc 0.9792 | Val Loss 3.7961 Acc 0.9824 AUC 0.9996 Pre 0.9823 Rec 0.9822
2026-09-14 21:10:44 | Epoch  29/100 | Train Loss 3.1468 Acc 0.9780 | Val Loss 3.6830 Acc 0.9815 AUC 0.9995 Pre 0.9813 Rec 0.9813
2026-09-14 21:10:49 | Epoch  30/100 | Train Loss 2.9831 Acc 0.9769 | Val Loss 3.5288 Acc 0.9817 AUC 0.9996 Pre 0.9815 Rec 0.9815
2026-09-14 21:10:54 | Epoch  31/100 | Train Loss 2.8578 Acc 0.9742 | Val Loss 3.4430 Acc 0.9816 AUC 0.9994 Pre 0.9814 Rec 0.9814
2026-09-14 21:10:59 | Epoch  32/100 | Train Loss 2.7299 Acc 0.9708 | Val Loss 3.3586 Acc 0.9826 AUC 0.9995 Pre 0.9824 Rec 0.9824
2026-09-14 21:11:04 | Epoch  33/100 | Train Loss 2.6433 Acc 0.9704 | Val Loss 3.1981 Acc 0.9828 AUC 0.9995 Pre 0.9826 Rec 0.9827
2026-09-14 21:11:09 | Epoch  34/100 | Train Loss 2.5427 Acc 0.9676 | Val Loss 3.1344 Acc 0.9816 AUC 0.9994 Pre 0.9814 Rec 0.9814
2026-09-14 21:11:14 | Epoch  35/100 | Train Loss 2.4199 Acc 0.9639 | Val Loss 3.0782 Acc 0.9827 AUC 0.9994 Pre 0.9826 Rec 0.9825
2026-09-14 21:11:19 | Epoch  36/100 | Train Loss 2.3493 Acc 0.9633 | Val Loss 3.0164 Acc 0.9823 AUC 0.9995 Pre 0.9822 Rec 0.9821
2026-09-14 21:11:19 | Val AUC did not improve for 10 consecutive epochs, early stopping at Epoch 36 (best AUC 0.9996 @ Epoch 26)
2026-09-14 21:11:20 | Run 4/5 | Test (best model @ Epoch 26) | Loss 3.8784 Acc 0.9831 AUC 0.9996 Pre 0.9829 Rec 0.9830
2026-09-14 21:11:20 | ===== Run 5/5 (seed 4) =====
2026-09-14 21:11:25 | Epoch   1/100 | Train Loss 264.7080 Acc 0.8062 | Val Loss 79.6627 Acc 0.9455 AUC 0.9952 Pre 0.9448 Rec 0.9450
2026-09-14 21:11:25 |   Val AUC improved to 0.9952, model saved
2026-09-14 21:11:30 | Epoch   2/100 | Train Loss 79.0644 Acc 0.9567 | Val Loss 52.3378 Acc 0.9655 AUC 0.9975 Pre 0.9653 Rec 0.9653
2026-09-14 21:11:30 |   Val AUC improved to 0.9975, model saved
2026-09-14 21:11:35 | Epoch   3/100 | Train Loss 54.4283 Acc 0.9713 | Val Loss 37.9255 Acc 0.9719 AUC 0.9984 Pre 0.9719 Rec 0.9717
2026-09-14 21:11:35 |   Val AUC improved to 0.9984, model saved
2026-09-14 21:11:40 | Epoch   4/100 | Train Loss 43.6801 Acc 0.9772 | Val Loss 31.7425 Acc 0.9755 AUC 0.9987 Pre 0.9752 Rec 0.9753
2026-09-14 21:11:40 |   Val AUC improved to 0.9987, model saved
2026-09-14 21:11:45 | Epoch   5/100 | Train Loss 36.0883 Acc 0.9817 | Val Loss 27.6598 Acc 0.9790 AUC 0.9989 Pre 0.9789 Rec 0.9788
2026-09-14 21:11:45 |   Val AUC improved to 0.9989, model saved
2026-09-14 21:11:50 | Epoch   6/100 | Train Loss 30.3520 Acc 0.9849 | Val Loss 23.4100 Acc 0.9790 AUC 0.9990 Pre 0.9789 Rec 0.9788
2026-09-14 21:11:50 |   Val AUC improved to 0.9990, model saved
2026-09-14 21:11:55 | Epoch   7/100 | Train Loss 25.6562 Acc 0.9870 | Val Loss 21.9290 Acc 0.9786 AUC 0.9990 Pre 0.9783 Rec 0.9784
2026-09-14 21:12:01 | Epoch   8/100 | Train Loss 21.7086 Acc 0.9889 | Val Loss 18.0307 Acc 0.9806 AUC 0.9990 Pre 0.9803 Rec 0.9805
2026-09-14 21:12:01 |   Val AUC improved to 0.9990, model saved
2026-09-14 21:12:06 | Epoch   9/100 | Train Loss 18.5137 Acc 0.9898 | Val Loss 14.9530 Acc 0.9809 AUC 0.9992 Pre 0.9808 Rec 0.9808
2026-09-14 21:12:06 |   Val AUC improved to 0.9992, model saved
2026-09-14 21:12:11 | Epoch  10/100 | Train Loss 15.9551 Acc 0.9914 | Val Loss 13.6376 Acc 0.9817 AUC 0.9992 Pre 0.9815 Rec 0.9815
2026-09-14 21:12:11 |   Val AUC improved to 0.9992, model saved
2026-09-14 21:12:16 | Epoch  11/100 | Train Loss 13.8224 Acc 0.9916 | Val Loss 12.1912 Acc 0.9799 AUC 0.9992 Pre 0.9798 Rec 0.9797
2026-09-14 21:12:21 | Epoch  12/100 | Train Loss 12.2474 Acc 0.9920 | Val Loss 11.1549 Acc 0.9821 AUC 0.9992 Pre 0.9820 Rec 0.9819
2026-09-14 21:12:21 |   Val AUC improved to 0.9992, model saved
2026-09-14 21:12:26 | Epoch  13/100 | Train Loss 10.7960 Acc 0.9924 | Val Loss 9.8893 Acc 0.9814 AUC 0.9993 Pre 0.9812 Rec 0.9812
2026-09-14 21:12:26 |   Val AUC improved to 0.9993, model saved
2026-09-14 21:12:31 | Epoch  14/100 | Train Loss 9.6032 Acc 0.9930 | Val Loss 9.0453 Acc 0.9815 AUC 0.9993 Pre 0.9812 Rec 0.9814
2026-09-14 21:12:31 |   Val AUC improved to 0.9993, model saved
2026-09-14 21:12:36 | Epoch  15/100 | Train Loss 8.6323 Acc 0.9928 | Val Loss 8.5002 Acc 0.9813 AUC 0.9994 Pre 0.9811 Rec 0.9811
2026-09-14 21:12:36 |   Val AUC improved to 0.9994, model saved
2026-09-14 21:12:42 | Epoch  16/100 | Train Loss 7.7776 Acc 0.9926 | Val Loss 7.9088 Acc 0.9808 AUC 0.9994 Pre 0.9806 Rec 0.9806
2026-09-14 21:12:42 |   Val AUC improved to 0.9994, model saved
2026-09-14 21:12:47 | Epoch  17/100 | Train Loss 7.1075 Acc 0.9923 | Val Loss 7.0209 Acc 0.9811 AUC 0.9994 Pre 0.9809 Rec 0.9809
2026-09-14 21:12:47 |   Val AUC improved to 0.9994, model saved
2026-09-14 21:12:52 | Epoch  18/100 | Train Loss 6.5396 Acc 0.9924 | Val Loss 6.7124 Acc 0.9815 AUC 0.9995 Pre 0.9812 Rec 0.9814
2026-09-14 21:12:52 |   Val AUC improved to 0.9995, model saved
2026-09-14 21:12:57 | Epoch  19/100 | Train Loss 5.9714 Acc 0.9927 | Val Loss 6.2793 Acc 0.9816 AUC 0.9995 Pre 0.9815 Rec 0.9815
2026-09-14 21:12:57 |   Val AUC improved to 0.9995, model saved
2026-09-14 21:13:02 | Epoch  20/100 | Train Loss 5.5430 Acc 0.9915 | Val Loss 5.6682 Acc 0.9822 AUC 0.9995 Pre 0.9820 Rec 0.9820
2026-09-14 21:13:07 | Epoch  21/100 | Train Loss 5.1269 Acc 0.9910 | Val Loss 5.5752 Acc 0.9817 AUC 0.9995 Pre 0.9815 Rec 0.9816
2026-09-14 21:13:13 | Epoch  22/100 | Train Loss 4.8026 Acc 0.9910 | Val Loss 5.3283 Acc 0.9824 AUC 0.9995 Pre 0.9822 Rec 0.9822
2026-09-14 21:13:18 | Epoch  23/100 | Train Loss 4.4242 Acc 0.9893 | Val Loss 5.0357 Acc 0.9817 AUC 0.9995 Pre 0.9815 Rec 0.9816
2026-09-14 21:13:23 | Epoch  24/100 | Train Loss 4.1707 Acc 0.9890 | Val Loss 4.8572 Acc 0.9814 AUC 0.9995 Pre 0.9813 Rec 0.9812
2026-09-14 21:13:29 | Epoch  25/100 | Train Loss 3.9504 Acc 0.9875 | Val Loss 4.5750 Acc 0.9824 AUC 0.9995 Pre 0.9822 Rec 0.9822
2026-09-14 21:13:34 | Epoch  26/100 | Train Loss 3.6786 Acc 0.9869 | Val Loss 4.3338 Acc 0.9817 AUC 0.9996 Pre 0.9815 Rec 0.9815
2026-09-14 21:13:34 |   Val AUC improved to 0.9996, model saved
2026-09-14 21:13:39 | Epoch  27/100 | Train Loss 3.5386 Acc 0.9859 | Val Loss 4.1802 Acc 0.9825 AUC 0.9995 Pre 0.9823 Rec 0.9824
2026-09-14 21:13:44 | Epoch  28/100 | Train Loss 3.3460 Acc 0.9851 | Val Loss 4.0467 Acc 0.9827 AUC 0.9995 Pre 0.9826 Rec 0.9825
2026-09-14 21:13:50 | Epoch  29/100 | Train Loss 3.1415 Acc 0.9822 | Val Loss 3.9582 Acc 0.9824 AUC 0.9996 Pre 0.9823 Rec 0.9822
2026-09-14 21:13:55 | Epoch  30/100 | Train Loss 3.0069 Acc 0.9819 | Val Loss 3.7142 Acc 0.9817 AUC 0.9995 Pre 0.9816 Rec 0.9815
2026-09-14 21:14:00 | Epoch  31/100 | Train Loss 2.8504 Acc 0.9802 | Val Loss 3.5502 Acc 0.9820 AUC 0.9995 Pre 0.9818 Rec 0.9818
2026-09-14 21:14:06 | Epoch  32/100 | Train Loss 2.7610 Acc 0.9773 | Val Loss 3.4424 Acc 0.9822 AUC 0.9996 Pre 0.9821 Rec 0.9821
2026-09-14 21:14:11 | Epoch  33/100 | Train Loss 2.6387 Acc 0.9760 | Val Loss 3.3429 Acc 0.9819 AUC 0.9995 Pre 0.9818 Rec 0.9817
2026-09-14 21:14:16 | Epoch  34/100 | Train Loss 2.4988 Acc 0.9752 | Val Loss 3.3089 Acc 0.9828 AUC 0.9995 Pre 0.9826 Rec 0.9827
2026-09-14 21:14:21 | Epoch  35/100 | Train Loss 2.3947 Acc 0.9729 | Val Loss 3.2330 Acc 0.9818 AUC 0.9996 Pre 0.9816 Rec 0.9816
2026-09-14 21:14:26 | Epoch  36/100 | Train Loss 2.3294 Acc 0.9700 | Val Loss 3.0751 Acc 0.9824 AUC 0.9995 Pre 0.9823 Rec 0.9822
2026-09-14 21:14:26 | Val AUC did not improve for 10 consecutive epochs, early stopping at Epoch 36 (best AUC 0.9996 @ Epoch 26)
2026-09-14 21:14:27 | Run 5/5 | Test (best model @ Epoch 26) | Loss 4.1846 Acc 0.9835 AUC 0.9996 Pre 0.9835 Rec 0.9834
2026-09-14 21:14:27 | Average over 5 runs | Test Loss 3.8420±0.3940 Acc 0.9840±0.0007 AUC 0.9996±0.0001 Pre 0.9839±0.0007 Rec 0.9839±0.0007
