2026-09-02 07:10:00 | Device: cuda
2026-09-02 07:10:00 | Args: {'model': 'opb', 'backbone': 'cnn', 'task': 'agedb', 'epochs': 100, 'batch_size': 512, 'lr': 0.001, 'hidden_dims': [512, 256], 'dropout': 0.2, 'z_dim': 256, 'anchor_scale': 10.0, 'energy_classifier': False, 'tied_head': True, 'max_len': 250, 'random_labels': False, 'beta': 1.0, 'patience': 10, 'runs': 5, 'seed': 0, 'data_dir': './data', 'save_path': 'output/agedb_cnn_opb/agedb_cnn_opb.pt', 'log_path': '/root/autodl-tmp/IB/tune_results/agedb_cnn_opb_beta_1_anchor_10/train.log', 'no_save': True}
2026-09-02 07:10:00 | AgeDB 图像：16488 张，年龄 1~101 岁
2026-09-02 07:10:00 | AgeDB 划分（60/20/20）：train 9892 / val 3298 / test 3298（共 16488 张）
2026-09-02 07:10:00 | AgeDB 预解码缓存命中：./data/agedb/agedb_64x64_uint8.npy
2026-09-02 07:10:00 | AgeDB 加载完成：9892/3298/3298（batch 512，RGB 64x64，ImageNet 归一化），年龄 MinMax 归一化到 [0,1]（1~101 岁）
2026-09-02 07:10:00 | ===== Run 1/5 (seed 0) =====
2026-09-02 07:10:03 | Epoch   1/100 | Train Loss 15.5187 | Val Loss 11.1259 MAE 43.7084 R2 -6.4799
2026-09-02 07:10:03 |   Val R2 improved to -6.4799, model saved
2026-09-02 07:10:04 | Epoch   2/100 | Train Loss 10.1447 | Val Loss 8.0569 MAE 35.3183 R2 -4.1959
2026-09-02 07:10:04 |   Val R2 improved to -4.1959, model saved
2026-09-02 07:10:06 | Epoch   3/100 | Train Loss 5.9458 | Val Loss 1.9665 MAE 15.7240 R2 -0.3529
2026-09-02 07:10:06 |   Val R2 improved to -0.3529, model saved
2026-09-02 07:10:08 | Epoch   4/100 | Train Loss 2.6660 | Val Loss 1.4290 MAE 13.6651 R2 -0.0092
2026-09-02 07:10:08 |   Val R2 improved to -0.0092, model saved
2026-09-02 07:10:10 | Epoch   5/100 | Train Loss 2.1066 | Val Loss 1.2503 MAE 12.8426 R2 0.1094
2026-09-02 07:10:10 |   Val R2 improved to 0.1094, model saved
2026-09-02 07:10:12 | Epoch   6/100 | Train Loss 1.8954 | Val Loss 1.1376 MAE 12.2583 R2 0.1861
2026-09-02 07:10:12 |   Val R2 improved to 0.1861, model saved
2026-09-02 07:10:13 | Epoch   7/100 | Train Loss 1.7317 | Val Loss 1.0775 MAE 11.9938 R2 0.2189
2026-09-02 07:10:13 |   Val R2 improved to 0.2189, model saved
2026-09-02 07:10:15 | Epoch   8/100 | Train Loss 1.6200 | Val Loss 0.9851 MAE 11.4629 R2 0.2972
2026-09-02 07:10:15 |   Val R2 improved to 0.2972, model saved
2026-09-02 07:10:16 | Epoch   9/100 | Train Loss 1.5320 | Val Loss 1.0043 MAE 11.5595 R2 0.2625
2026-09-02 07:10:18 | Epoch  10/100 | Train Loss 1.4548 | Val Loss 0.9653 MAE 11.3592 R2 0.2869
2026-09-02 07:10:20 | Epoch  11/100 | Train Loss 1.3828 | Val Loss 0.9097 MAE 11.0773 R2 0.3249
2026-09-02 07:10:20 |   Val R2 improved to 0.3249, model saved
2026-09-02 07:10:21 | Epoch  12/100 | Train Loss 1.3700 | Val Loss 0.9604 MAE 11.4053 R2 0.2804
2026-09-02 07:10:23 | Epoch  13/100 | Train Loss 1.3096 | Val Loss 0.8579 MAE 10.9185 R2 0.3516
2026-09-02 07:10:23 |   Val R2 improved to 0.3516, model saved
2026-09-02 07:10:25 | Epoch  14/100 | Train Loss 1.2418 | Val Loss 0.8177 MAE 10.6769 R2 0.3774
2026-09-02 07:10:25 |   Val R2 improved to 0.3774, model saved
2026-09-02 07:10:26 | Epoch  15/100 | Train Loss 1.1885 | Val Loss 0.9013 MAE 11.1992 R2 0.3048
2026-09-02 07:10:28 | Epoch  16/100 | Train Loss 1.1708 | Val Loss 0.8482 MAE 10.9274 R2 0.3391
2026-09-02 07:10:30 | Epoch  17/100 | Train Loss 1.1273 | Val Loss 0.8948 MAE 11.2901 R2 0.2929
2026-09-02 07:10:31 | Epoch  18/100 | Train Loss 1.1016 | Val Loss 0.7592 MAE 10.5434 R2 0.3925
2026-09-02 07:10:31 |   Val R2 improved to 0.3925, model saved
2026-09-02 07:10:33 | Epoch  19/100 | Train Loss 1.0266 | Val Loss 0.7274 MAE 10.3916 R2 0.4077
2026-09-02 07:10:33 |   Val R2 improved to 0.4077, model saved
2026-09-02 07:10:35 | Epoch  20/100 | Train Loss 0.9891 | Val Loss 0.7068 MAE 10.3225 R2 0.4150
2026-09-02 07:10:35 |   Val R2 improved to 0.4150, model saved
2026-09-02 07:10:37 | Epoch  21/100 | Train Loss 0.9669 | Val Loss 0.6973 MAE 10.3284 R2 0.4108
2026-09-02 07:10:38 | Epoch  22/100 | Train Loss 0.9157 | Val Loss 0.6831 MAE 10.3581 R2 0.4090
2026-09-02 07:10:40 | Epoch  23/100 | Train Loss 0.8669 | Val Loss 0.6949 MAE 10.5170 R2 0.3871
2026-09-02 07:10:42 | Epoch  24/100 | Train Loss 0.8622 | Val Loss 0.6412 MAE 10.2126 R2 0.4225
2026-09-02 07:10:42 |   Val R2 improved to 0.4225, model saved
2026-09-02 07:10:44 | Epoch  25/100 | Train Loss 0.7967 | Val Loss 0.6343 MAE 10.3287 R2 0.4122
2026-09-02 07:10:45 | Epoch  26/100 | Train Loss 0.7682 | Val Loss 0.6054 MAE 10.2135 R2 0.4269
2026-09-02 07:10:45 |   Val R2 improved to 0.4269, model saved
2026-09-02 07:10:47 | Epoch  27/100 | Train Loss 0.7345 | Val Loss 0.5873 MAE 10.1076 R2 0.4326
2026-09-02 07:10:47 |   Val R2 improved to 0.4326, model saved
2026-09-02 07:10:49 | Epoch  28/100 | Train Loss 0.7084 | Val Loss 0.6137 MAE 10.5671 R2 0.3833
2026-09-02 07:10:50 | Epoch  29/100 | Train Loss 0.6776 | Val Loss 0.5564 MAE 10.1219 R2 0.4378
2026-09-02 07:10:50 |   Val R2 improved to 0.4378, model saved
2026-09-02 07:10:52 | Epoch  30/100 | Train Loss 0.6440 | Val Loss 0.5779 MAE 10.4667 R2 0.3925
2026-09-02 07:10:54 | Epoch  31/100 | Train Loss 0.6187 | Val Loss 0.5337 MAE 10.1656 R2 0.4371
2026-09-02 07:10:55 | Epoch  32/100 | Train Loss 0.6014 | Val Loss 0.5139 MAE 10.1197 R2 0.4360
2026-09-02 07:10:57 | Epoch  33/100 | Train Loss 0.5684 | Val Loss 0.5244 MAE 10.3756 R2 0.4046
2026-09-02 07:10:59 | Epoch  34/100 | Train Loss 0.5509 | Val Loss 0.5028 MAE 10.2321 R2 0.4189
2026-09-02 07:11:01 | Epoch  35/100 | Train Loss 0.5142 | Val Loss 0.4755 MAE 10.0758 R2 0.4450
2026-09-02 07:11:01 |   Val R2 improved to 0.4450, model saved
2026-09-02 07:11:02 | Epoch  36/100 | Train Loss 0.4984 | Val Loss 0.4809 MAE 10.2505 R2 0.4208
2026-09-02 07:11:04 | Epoch  37/100 | Train Loss 0.4868 | Val Loss 0.4562 MAE 10.0075 R2 0.4487
2026-09-02 07:11:04 |   Val R2 improved to 0.4487, model saved
2026-09-02 07:11:06 | Epoch  38/100 | Train Loss 0.4667 | Val Loss 0.4798 MAE 10.4724 R2 0.3896
2026-09-02 07:11:08 | Epoch  39/100 | Train Loss 0.4460 | Val Loss 0.4380 MAE 10.0944 R2 0.4410
2026-09-02 07:11:09 | Epoch  40/100 | Train Loss 0.4213 | Val Loss 0.4301 MAE 10.0935 R2 0.4387
2026-09-02 07:11:11 | Epoch  41/100 | Train Loss 0.4078 | Val Loss 0.4328 MAE 10.2365 R2 0.4215
2026-09-02 07:11:13 | Epoch  42/100 | Train Loss 0.3987 | Val Loss 0.4163 MAE 10.0601 R2 0.4446
2026-09-02 07:11:14 | Epoch  43/100 | Train Loss 0.3865 | Val Loss 0.4084 MAE 10.1374 R2 0.4353
2026-09-02 07:11:16 | Epoch  44/100 | Train Loss 0.3606 | Val Loss 0.4014 MAE 10.1618 R2 0.4329
2026-09-02 07:11:18 | Epoch  45/100 | Train Loss 0.3408 | Val Loss 0.4131 MAE 10.4328 R2 0.4007
2026-09-02 07:11:19 | Epoch  46/100 | Train Loss 0.3384 | Val Loss 0.3887 MAE 10.1057 R2 0.4359
2026-09-02 07:11:21 | Epoch  47/100 | Train Loss 0.3278 | Val Loss 0.3904 MAE 10.2752 R2 0.4183
2026-09-02 07:11:21 | Val R2 did not improve for 10 consecutive epochs, early stopping at Epoch 47 (best R2 0.4487 @ Epoch 37)
2026-09-02 07:11:21 | Run 1/5 | Test (best model @ Epoch 37) | Loss 0.4676 MAE 10.1727 R2 0.4569
2026-09-02 07:11:21 | ===== Run 2/5 (seed 1) =====
2026-09-02 07:11:23 | Epoch   1/100 | Train Loss 20.1089 | Val Loss 11.5761 MAE 44.7738 R2 -6.8018
2026-09-02 07:11:23 |   Val R2 improved to -6.8018, model saved
2026-09-02 07:11:25 | Epoch   2/100 | Train Loss 10.8366 | Val Loss 9.7779 MAE 40.6743 R2 -5.5997
2026-09-02 07:11:25 |   Val R2 improved to -5.5997, model saved
2026-09-02 07:11:27 | Epoch   3/100 | Train Loss 7.6861 | Val Loss 3.2917 MAE 19.8555 R2 -1.1114
2026-09-02 07:11:27 |   Val R2 improved to -1.1114, model saved
2026-09-02 07:11:28 | Epoch   4/100 | Train Loss 3.7594 | Val Loss 2.2197 MAE 16.9192 R2 -0.5645
2026-09-02 07:11:28 |   Val R2 improved to -0.5645, model saved
2026-09-02 07:11:30 | Epoch   5/100 | Train Loss 3.3095 | Val Loss 1.7258 MAE 15.1618 R2 -0.2527
2026-09-02 07:11:30 |   Val R2 improved to -0.2527, model saved
2026-09-02 07:11:32 | Epoch   6/100 | Train Loss 3.1333 | Val Loss 1.6075 MAE 14.7045 R2 -0.1792
2026-09-02 07:11:32 |   Val R2 improved to -0.1792, model saved
2026-09-02 07:11:33 | Epoch   7/100 | Train Loss 2.8594 | Val Loss 1.6010 MAE 14.7097 R2 -0.1820
2026-09-02 07:11:35 | Epoch   8/100 | Train Loss 2.7519 | Val Loss 1.4548 MAE 14.0631 R2 -0.0798
2026-09-02 07:11:35 |   Val R2 improved to -0.0798, model saved
2026-09-02 07:11:37 | Epoch   9/100 | Train Loss 2.6698 | Val Loss 1.4640 MAE 14.1377 R2 -0.0945
2026-09-02 07:11:38 | Epoch  10/100 | Train Loss 2.6120 | Val Loss 1.3486 MAE 13.5292 R2 -0.0019
2026-09-02 07:11:39 |   Val R2 improved to -0.0019, model saved
2026-09-02 07:11:40 | Epoch  11/100 | Train Loss 2.4229 | Val Loss 1.3035 MAE 13.3339 R2 0.0242
2026-09-02 07:11:40 |   Val R2 improved to 0.0242, model saved
2026-09-02 07:11:42 | Epoch  12/100 | Train Loss 2.3125 | Val Loss 1.2887 MAE 13.2872 R2 0.0280
2026-09-02 07:11:42 |   Val R2 improved to 0.0280, model saved
2026-09-02 07:11:43 | Epoch  13/100 | Train Loss 2.1373 | Val Loss 1.2235 MAE 12.9606 R2 0.0758
2026-09-02 07:11:43 |   Val R2 improved to 0.0758, model saved
2026-09-02 07:11:45 | Epoch  14/100 | Train Loss 2.0663 | Val Loss 1.1695 MAE 12.7353 R2 0.1087
2026-09-02 07:11:45 |   Val R2 improved to 0.1087, model saved
2026-09-02 07:11:47 | Epoch  15/100 | Train Loss 1.9514 | Val Loss 1.1434 MAE 12.6389 R2 0.1220
2026-09-02 07:11:47 |   Val R2 improved to 0.1220, model saved
2026-09-02 07:11:48 | Epoch  16/100 | Train Loss 1.8638 | Val Loss 1.1197 MAE 12.5993 R2 0.1261
2026-09-02 07:11:48 |   Val R2 improved to 0.1261, model saved
2026-09-02 07:11:50 | Epoch  17/100 | Train Loss 1.7136 | Val Loss 1.0051 MAE 12.0025 R2 0.2160
2026-09-02 07:11:50 |   Val R2 improved to 0.2160, model saved
2026-09-02 07:11:52 | Epoch  18/100 | Train Loss 1.6345 | Val Loss 1.0169 MAE 12.1826 R2 0.1876
2026-09-02 07:11:54 | Epoch  19/100 | Train Loss 1.5456 | Val Loss 0.9676 MAE 11.9967 R2 0.2170
2026-09-02 07:11:54 |   Val R2 improved to 0.2170, model saved
2026-09-02 07:11:55 | Epoch  20/100 | Train Loss 1.4683 | Val Loss 0.9315 MAE 11.8911 R2 0.2324
2026-09-02 07:11:55 |   Val R2 improved to 0.2324, model saved
2026-09-02 07:11:57 | Epoch  21/100 | Train Loss 1.4014 | Val Loss 0.9522 MAE 12.0673 R2 0.2022
2026-09-02 07:11:59 | Epoch  22/100 | Train Loss 1.3145 | Val Loss 0.8754 MAE 11.7350 R2 0.2539
2026-09-02 07:11:59 |   Val R2 improved to 0.2539, model saved
2026-09-02 07:12:00 | Epoch  23/100 | Train Loss 1.2510 | Val Loss 0.8449 MAE 11.6532 R2 0.2673
2026-09-02 07:12:00 |   Val R2 improved to 0.2673, model saved
2026-09-02 07:12:02 | Epoch  24/100 | Train Loss 1.1657 | Val Loss 0.8096 MAE 11.5500 R2 0.2820
2026-09-02 07:12:02 |   Val R2 improved to 0.2820, model saved
2026-09-02 07:12:04 | Epoch  25/100 | Train Loss 1.1254 | Val Loss 0.7857 MAE 11.4680 R2 0.2925
2026-09-02 07:12:04 |   Val R2 improved to 0.2925, model saved
2026-09-02 07:12:05 | Epoch  26/100 | Train Loss 1.0641 | Val Loss 0.7512 MAE 11.3354 R2 0.3104
2026-09-02 07:12:05 |   Val R2 improved to 0.3104, model saved
2026-09-02 07:12:07 | Epoch  27/100 | Train Loss 1.0461 | Val Loss 0.7543 MAE 11.4409 R2 0.2941
2026-09-02 07:12:09 | Epoch  28/100 | Train Loss 1.0098 | Val Loss 0.6989 MAE 11.1768 R2 0.3321
2026-09-02 07:12:09 |   Val R2 improved to 0.3321, model saved
2026-09-02 07:12:11 | Epoch  29/100 | Train Loss 0.9286 | Val Loss 0.7001 MAE 11.2286 R2 0.3203
2026-09-02 07:12:12 | Epoch  30/100 | Train Loss 0.8979 | Val Loss 0.6932 MAE 11.2702 R2 0.3131
2026-09-02 07:12:14 | Epoch  31/100 | Train Loss 0.8678 | Val Loss 0.6700 MAE 11.2060 R2 0.3215
2026-09-02 07:12:16 | Epoch  32/100 | Train Loss 0.8369 | Val Loss 0.6471 MAE 11.1294 R2 0.3317
2026-09-02 07:12:17 | Epoch  33/100 | Train Loss 0.8145 | Val Loss 0.6081 MAE 10.9498 R2 0.3589
2026-09-02 07:12:17 |   Val R2 improved to 0.3589, model saved
2026-09-02 07:12:19 | Epoch  34/100 | Train Loss 0.7767 | Val Loss 0.5862 MAE 10.8415 R2 0.3721
2026-09-02 07:12:19 |   Val R2 improved to 0.3721, model saved
2026-09-02 07:12:21 | Epoch  35/100 | Train Loss 0.7528 | Val Loss 0.5962 MAE 11.0390 R2 0.3448
2026-09-02 07:12:22 | Epoch  36/100 | Train Loss 0.7451 | Val Loss 0.5904 MAE 11.0958 R2 0.3368
2026-09-02 07:12:24 | Epoch  37/100 | Train Loss 0.6998 | Val Loss 0.5505 MAE 10.8155 R2 0.3730
2026-09-02 07:12:24 |   Val R2 improved to 0.3730, model saved
2026-09-02 07:12:26 | Epoch  38/100 | Train Loss 0.6737 | Val Loss 0.5609 MAE 11.0385 R2 0.3437
2026-09-02 07:12:27 | Epoch  39/100 | Train Loss 0.6632 | Val Loss 0.5342 MAE 10.8817 R2 0.3646
2026-09-02 07:12:29 | Epoch  40/100 | Train Loss 0.6391 | Val Loss 0.5192 MAE 10.8367 R2 0.3704
2026-09-02 07:12:31 | Epoch  41/100 | Train Loss 0.6374 | Val Loss 0.5141 MAE 10.8901 R2 0.3635
2026-09-02 07:12:33 | Epoch  42/100 | Train Loss 0.6126 | Val Loss 0.5047 MAE 10.8987 R2 0.3629
2026-09-02 07:12:34 | Epoch  43/100 | Train Loss 0.5984 | Val Loss 0.4732 MAE 10.6410 R2 0.4022
2026-09-02 07:12:34 |   Val R2 improved to 0.4022, model saved
2026-09-02 07:12:36 | Epoch  44/100 | Train Loss 0.5801 | Val Loss 0.4680 MAE 10.6701 R2 0.3928
2026-09-02 07:12:38 | Epoch  45/100 | Train Loss 0.5692 | Val Loss 0.4755 MAE 10.8960 R2 0.3656
2026-09-02 07:12:39 | Epoch  46/100 | Train Loss 0.5575 | Val Loss 0.4779 MAE 11.0209 R2 0.3483
2026-09-02 07:12:41 | Epoch  47/100 | Train Loss 0.5446 | Val Loss 0.4483 MAE 10.7470 R2 0.3848
2026-09-02 07:12:43 | Epoch  48/100 | Train Loss 0.5334 | Val Loss 0.4403 MAE 10.7487 R2 0.3847
2026-09-02 07:12:45 | Epoch  49/100 | Train Loss 0.5149 | Val Loss 0.4357 MAE 10.8009 R2 0.3802
2026-09-02 07:12:46 | Epoch  50/100 | Train Loss 0.5030 | Val Loss 0.4202 MAE 10.6695 R2 0.3958
2026-09-02 07:12:48 | Epoch  51/100 | Train Loss 0.4898 | Val Loss 0.4134 MAE 10.6725 R2 0.3968
2026-09-02 07:12:50 | Epoch  52/100 | Train Loss 0.4797 | Val Loss 0.4179 MAE 10.8572 R2 0.3736
2026-09-02 07:12:51 | Epoch  53/100 | Train Loss 0.4678 | Val Loss 0.4020 MAE 10.7070 R2 0.3918
2026-09-02 07:12:51 | Val R2 did not improve for 10 consecutive epochs, early stopping at Epoch 53 (best R2 0.4022 @ Epoch 43)
2026-09-02 07:12:52 | Run 2/5 | Test (best model @ Epoch 43) | Loss 0.4924 MAE 10.9520 R2 0.4039
2026-09-02 07:12:52 | ===== Run 3/5 (seed 2) =====
2026-09-02 07:12:54 | Epoch   1/100 | Train Loss 15.2622 | Val Loss 11.4630 MAE 44.5334 R2 -6.7344
2026-09-02 07:12:54 |   Val R2 improved to -6.7344, model saved
2026-09-02 07:12:55 | Epoch   2/100 | Train Loss 10.8532 | Val Loss 10.1820 MAE 41.7000 R2 -5.9064
2026-09-02 07:12:55 |   Val R2 improved to -5.9064, model saved
2026-09-02 07:12:57 | Epoch   3/100 | Train Loss 9.0802 | Val Loss 7.0595 MAE 31.0249 R2 -3.2118
2026-09-02 07:12:57 |   Val R2 improved to -3.2118, model saved
2026-09-02 07:12:59 | Epoch   4/100 | Train Loss 5.6722 | Val Loss 2.3803 MAE 16.6820 R2 -0.5205
2026-09-02 07:12:59 |   Val R2 improved to -0.5205, model saved
2026-09-02 07:13:01 | Epoch   5/100 | Train Loss 2.8191 | Val Loss 1.4515 MAE 13.7819 R2 -0.0366
2026-09-02 07:13:01 |   Val R2 improved to -0.0366, model saved
2026-09-02 07:13:02 | Epoch   6/100 | Train Loss 2.1879 | Val Loss 1.2559 MAE 13.0143 R2 0.0900
2026-09-02 07:13:02 |   Val R2 improved to 0.0900, model saved
2026-09-02 07:13:04 | Epoch   7/100 | Train Loss 2.0281 | Val Loss 1.1810 MAE 12.6345 R2 0.1365
2026-09-02 07:13:04 |   Val R2 improved to 0.1365, model saved
2026-09-02 07:13:06 | Epoch   8/100 | Train Loss 1.9294 | Val Loss 1.1366 MAE 12.4074 R2 0.1633
2026-09-02 07:13:06 |   Val R2 improved to 0.1633, model saved
2026-09-02 07:13:07 | Epoch   9/100 | Train Loss 1.8482 | Val Loss 1.1172 MAE 12.3272 R2 0.1715
2026-09-02 07:13:07 |   Val R2 improved to 0.1715, model saved
2026-09-02 07:13:09 | Epoch  10/100 | Train Loss 1.7714 | Val Loss 1.1183 MAE 12.3564 R2 0.1629
2026-09-02 07:13:11 | Epoch  11/100 | Train Loss 1.6885 | Val Loss 1.1045 MAE 12.3064 R2 0.1674
2026-09-02 07:13:13 | Epoch  12/100 | Train Loss 1.6475 | Val Loss 1.0110 MAE 11.8843 R2 0.2327
2026-09-02 07:13:13 |   Val R2 improved to 0.2327, model saved
2026-09-02 07:13:14 | Epoch  13/100 | Train Loss 1.5754 | Val Loss 1.0045 MAE 11.8416 R2 0.2343
2026-09-02 07:13:14 |   Val R2 improved to 0.2343, model saved
2026-09-02 07:13:16 | Epoch  14/100 | Train Loss 1.5483 | Val Loss 1.0125 MAE 11.9408 R2 0.2205
2026-09-02 07:13:18 | Epoch  15/100 | Train Loss 1.4802 | Val Loss 0.9972 MAE 11.8954 R2 0.2254
2026-09-02 07:13:20 | Epoch  16/100 | Train Loss 1.4329 | Val Loss 0.9475 MAE 11.6753 R2 0.2586
2026-09-02 07:13:20 |   Val R2 improved to 0.2586, model saved
2026-09-02 07:13:21 | Epoch  17/100 | Train Loss 1.4001 | Val Loss 0.9752 MAE 11.8548 R2 0.2299
2026-09-02 07:13:23 | Epoch  18/100 | Train Loss 1.3586 | Val Loss 0.8874 MAE 11.4327 R2 0.2931
2026-09-02 07:13:23 |   Val R2 improved to 0.2931, model saved
2026-09-02 07:13:25 | Epoch  19/100 | Train Loss 1.2954 | Val Loss 0.9284 MAE 11.7224 R2 0.2489
2026-09-02 07:13:27 | Epoch  20/100 | Train Loss 1.2825 | Val Loss 0.8883 MAE 11.5279 R2 0.2755
2026-09-02 07:13:28 | Epoch  21/100 | Train Loss 1.2302 | Val Loss 0.8508 MAE 11.3822 R2 0.2970
2026-09-02 07:13:28 |   Val R2 improved to 0.2970, model saved
2026-09-02 07:13:30 | Epoch  22/100 | Train Loss 1.1736 | Val Loss 0.8295 MAE 11.3760 R2 0.2997
2026-09-02 07:13:30 |   Val R2 improved to 0.2997, model saved
2026-09-02 07:13:32 | Epoch  23/100 | Train Loss 1.1702 | Val Loss 0.8076 MAE 11.2670 R2 0.3127
2026-09-02 07:13:32 |   Val R2 improved to 0.3127, model saved
2026-09-02 07:13:33 | Epoch  24/100 | Train Loss 1.1388 | Val Loss 0.7610 MAE 11.0638 R2 0.3434
2026-09-02 07:13:33 |   Val R2 improved to 0.3434, model saved
2026-09-02 07:13:35 | Epoch  25/100 | Train Loss 1.0802 | Val Loss 0.7693 MAE 11.1921 R2 0.3248
2026-09-02 07:13:37 | Epoch  26/100 | Train Loss 1.0518 | Val Loss 0.7317 MAE 11.0156 R2 0.3479
2026-09-02 07:13:37 |   Val R2 improved to 0.3479, model saved
2026-09-02 07:13:39 | Epoch  27/100 | Train Loss 1.0221 | Val Loss 0.7381 MAE 11.0880 R2 0.3344
2026-09-02 07:13:40 | Epoch  28/100 | Train Loss 0.9796 | Val Loss 0.6991 MAE 10.9061 R2 0.3583
2026-09-02 07:13:40 |   Val R2 improved to 0.3583, model saved
2026-09-02 07:13:42 | Epoch  29/100 | Train Loss 0.9563 | Val Loss 0.6972 MAE 10.9752 R2 0.3488
2026-09-02 07:13:44 | Epoch  30/100 | Train Loss 0.9378 | Val Loss 0.6891 MAE 10.9344 R2 0.3476
2026-09-02 07:13:45 | Epoch  31/100 | Train Loss 0.9055 | Val Loss 0.6455 MAE 10.7908 R2 0.3724
2026-09-02 07:13:45 |   Val R2 improved to 0.3724, model saved
2026-09-02 07:13:47 | Epoch  32/100 | Train Loss 0.8901 | Val Loss 0.6289 MAE 10.7820 R2 0.3757
2026-09-02 07:13:47 |   Val R2 improved to 0.3757, model saved
2026-09-02 07:13:49 | Epoch  33/100 | Train Loss 0.8360 | Val Loss 0.7062 MAE 11.3697 R2 0.2932
2026-09-02 07:13:50 | Epoch  34/100 | Train Loss 0.8137 | Val Loss 0.6127 MAE 10.7980 R2 0.3693
2026-09-02 07:13:52 | Epoch  35/100 | Train Loss 0.7861 | Val Loss 0.5864 MAE 10.6553 R2 0.3871
2026-09-02 07:13:52 |   Val R2 improved to 0.3871, model saved
2026-09-02 07:13:54 | Epoch  36/100 | Train Loss 0.7731 | Val Loss 0.5914 MAE 10.7393 R2 0.3726
2026-09-02 07:13:56 | Epoch  37/100 | Train Loss 0.7460 | Val Loss 0.5835 MAE 10.7799 R2 0.3692
2026-09-02 07:13:57 | Epoch  38/100 | Train Loss 0.7221 | Val Loss 0.5490 MAE 10.4859 R2 0.4016
2026-09-02 07:13:57 |   Val R2 improved to 0.4016, model saved
2026-09-02 07:13:59 | Epoch  39/100 | Train Loss 0.7000 | Val Loss 0.5389 MAE 10.5882 R2 0.3952
2026-09-02 07:14:01 | Epoch  40/100 | Train Loss 0.6723 | Val Loss 0.5105 MAE 10.4103 R2 0.4157
2026-09-02 07:14:01 |   Val R2 improved to 0.4157, model saved
2026-09-02 07:14:02 | Epoch  41/100 | Train Loss 0.6696 | Val Loss 0.5444 MAE 10.8040 R2 0.3672
2026-09-02 07:14:04 | Epoch  42/100 | Train Loss 0.6544 | Val Loss 0.4957 MAE 10.4368 R2 0.4120
2026-09-02 07:14:06 | Epoch  43/100 | Train Loss 0.6174 | Val Loss 0.5074 MAE 10.6662 R2 0.3856
2026-09-02 07:14:08 | Epoch  44/100 | Train Loss 0.6022 | Val Loss 0.4794 MAE 10.4354 R2 0.4118
2026-09-02 07:14:09 | Epoch  45/100 | Train Loss 0.5850 | Val Loss 0.4649 MAE 10.3217 R2 0.4226
2026-09-02 07:14:09 |   Val R2 improved to 0.4226, model saved
2026-09-02 07:14:11 | Epoch  46/100 | Train Loss 0.5663 | Val Loss 0.4637 MAE 10.3908 R2 0.4152
2026-09-02 07:14:13 | Epoch  47/100 | Train Loss 0.5602 | Val Loss 0.4459 MAE 10.2829 R2 0.4271
2026-09-02 07:14:13 |   Val R2 improved to 0.4271, model saved
2026-09-02 07:14:14 | Epoch  48/100 | Train Loss 0.5352 | Val Loss 0.4460 MAE 10.4020 R2 0.4155
2026-09-02 07:14:16 | Epoch  49/100 | Train Loss 0.5249 | Val Loss 0.4326 MAE 10.3253 R2 0.4252
2026-09-02 07:14:18 | Epoch  50/100 | Train Loss 0.5085 | Val Loss 0.4302 MAE 10.3083 R2 0.4205
2026-09-02 07:14:20 | Epoch  51/100 | Train Loss 0.4980 | Val Loss 0.4248 MAE 10.3482 R2 0.4163
2026-09-02 07:14:21 | Epoch  52/100 | Train Loss 0.4899 | Val Loss 0.4132 MAE 10.2518 R2 0.4246
2026-09-02 07:14:23 | Epoch  53/100 | Train Loss 0.4746 | Val Loss 0.4184 MAE 10.4707 R2 0.4020
2026-09-02 07:14:25 | Epoch  54/100 | Train Loss 0.4745 | Val Loss 0.4196 MAE 10.5633 R2 0.3906
2026-09-02 07:14:27 | Epoch  55/100 | Train Loss 0.4548 | Val Loss 0.3873 MAE 10.2137 R2 0.4311
2026-09-02 07:14:27 |   Val R2 improved to 0.4311, model saved
2026-09-02 07:14:28 | Epoch  56/100 | Train Loss 0.4386 | Val Loss 0.3831 MAE 10.2772 R2 0.4254
2026-09-02 07:14:30 | Epoch  57/100 | Train Loss 0.4343 | Val Loss 0.3762 MAE 10.2690 R2 0.4259
2026-09-02 07:14:32 | Epoch  58/100 | Train Loss 0.4221 | Val Loss 0.4128 MAE 10.8417 R2 0.3569
2026-09-02 07:14:33 | Epoch  59/100 | Train Loss 0.4132 | Val Loss 0.3767 MAE 10.4974 R2 0.4023
2026-09-02 07:14:35 | Epoch  60/100 | Train Loss 0.4009 | Val Loss 0.3661 MAE 10.3350 R2 0.4150
2026-09-02 07:14:37 | Epoch  61/100 | Train Loss 0.3926 | Val Loss 0.3504 MAE 10.2420 R2 0.4306
2026-09-02 07:14:39 | Epoch  62/100 | Train Loss 0.3870 | Val Loss 0.3447 MAE 10.1946 R2 0.4331
2026-09-02 07:14:39 |   Val R2 improved to 0.4331, model saved
2026-09-02 07:14:40 | Epoch  63/100 | Train Loss 0.3763 | Val Loss 0.3388 MAE 10.1926 R2 0.4349
2026-09-02 07:14:40 |   Val R2 improved to 0.4349, model saved
2026-09-02 07:14:42 | Epoch  64/100 | Train Loss 0.3634 | Val Loss 0.3528 MAE 10.5587 R2 0.3943
2026-09-02 07:14:44 | Epoch  65/100 | Train Loss 0.3672 | Val Loss 0.3278 MAE 10.1638 R2 0.4357
2026-09-02 07:14:44 |   Val R2 improved to 0.4357, model saved
2026-09-02 07:14:46 | Epoch  66/100 | Train Loss 0.3553 | Val Loss 0.3370 MAE 10.4166 R2 0.4068
2026-09-02 07:14:47 | Epoch  67/100 | Train Loss 0.3441 | Val Loss 0.3251 MAE 10.2739 R2 0.4209
2026-09-02 07:14:49 | Epoch  68/100 | Train Loss 0.3360 | Val Loss 0.3283 MAE 10.4583 R2 0.4034
2026-09-02 07:14:51 | Epoch  69/100 | Train Loss 0.3303 | Val Loss 0.3103 MAE 10.1922 R2 0.4327
2026-09-02 07:14:53 | Epoch  70/100 | Train Loss 0.3192 | Val Loss 0.3073 MAE 10.2009 R2 0.4321
2026-09-02 07:14:54 | Epoch  71/100 | Train Loss 0.3125 | Val Loss 0.3080 MAE 10.3032 R2 0.4187
2026-09-02 07:14:56 | Epoch  72/100 | Train Loss 0.3098 | Val Loss 0.3047 MAE 10.3014 R2 0.4195
2026-09-02 07:14:58 | Epoch  73/100 | Train Loss 0.3062 | Val Loss 0.3044 MAE 10.3886 R2 0.4098
2026-09-02 07:15:00 | Epoch  74/100 | Train Loss 0.2991 | Val Loss 0.2958 MAE 10.2377 R2 0.4346
2026-09-02 07:15:01 | Epoch  75/100 | Train Loss 0.3078 | Val Loss 0.2874 MAE 10.1814 R2 0.4360
2026-09-02 07:15:01 |   Val R2 improved to 0.4360, model saved
2026-09-02 07:15:03 | Epoch  76/100 | Train Loss 0.2937 | Val Loss 0.2863 MAE 10.2505 R2 0.4260
2026-09-02 07:15:05 | Epoch  77/100 | Train Loss 0.2914 | Val Loss 0.2827 MAE 10.2234 R2 0.4261
2026-09-02 07:15:07 | Epoch  78/100 | Train Loss 0.2811 | Val Loss 0.2765 MAE 10.1787 R2 0.4355
2026-09-02 07:15:08 | Epoch  79/100 | Train Loss 0.2737 | Val Loss 0.2753 MAE 10.2088 R2 0.4300
2026-09-02 07:15:10 | Epoch  80/100 | Train Loss 0.2747 | Val Loss 0.2754 MAE 10.3060 R2 0.4191
2026-09-02 07:15:12 | Epoch  81/100 | Train Loss 0.2713 | Val Loss 0.2732 MAE 10.3427 R2 0.4167
2026-09-02 07:15:14 | Epoch  82/100 | Train Loss 0.2673 | Val Loss 0.2734 MAE 10.3889 R2 0.4086
2026-09-02 07:15:15 | Epoch  83/100 | Train Loss 0.2657 | Val Loss 0.2791 MAE 10.4832 R2 0.4065
2026-09-02 07:15:17 | Epoch  84/100 | Train Loss 0.2633 | Val Loss 0.2593 MAE 10.2021 R2 0.4315
2026-09-02 07:15:19 | Epoch  85/100 | Train Loss 0.2560 | Val Loss 0.2584 MAE 10.2246 R2 0.4266
2026-09-02 07:15:19 | Val R2 did not improve for 10 consecutive epochs, early stopping at Epoch 85 (best R2 0.4360 @ Epoch 75)
2026-09-02 07:15:19 | Run 3/5 | Test (best model @ Epoch 75) | Loss 0.2890 MAE 10.3288 R2 0.4539
2026-09-02 07:15:19 | ===== Run 4/5 (seed 3) =====
2026-09-02 07:15:21 | Epoch   1/100 | Train Loss 16.2745 | Val Loss 11.6924 MAE 45.1036 R2 -6.9008
2026-09-02 07:15:21 |   Val R2 improved to -6.9008, model saved
2026-09-02 07:15:23 | Epoch   2/100 | Train Loss 10.9132 | Val Loss 9.6625 MAE 39.9849 R2 -5.3897
2026-09-02 07:15:23 |   Val R2 improved to -5.3897, model saved
2026-09-02 07:15:25 | Epoch   3/100 | Train Loss 8.0028 | Val Loss 3.6612 MAE 21.3296 R2 -1.3125
2026-09-02 07:15:25 |   Val R2 improved to -1.3125, model saved
2026-09-02 07:15:26 | Epoch   4/100 | Train Loss 3.8859 | Val Loss 1.3520 MAE 13.2326 R2 0.0557
2026-09-02 07:15:26 |   Val R2 improved to 0.0557, model saved
2026-09-02 07:15:28 | Epoch   5/100 | Train Loss 2.0459 | Val Loss 1.1698 MAE 12.3515 R2 0.1709
2026-09-02 07:15:28 |   Val R2 improved to 0.1709, model saved
2026-09-02 07:15:30 | Epoch   6/100 | Train Loss 1.7456 | Val Loss 1.0287 MAE 11.6735 R2 0.2739
2026-09-02 07:15:30 |   Val R2 improved to 0.2739, model saved
2026-09-02 07:15:31 | Epoch   7/100 | Train Loss 1.6269 | Val Loss 1.0743 MAE 11.8900 R2 0.2223
2026-09-02 07:15:33 | Epoch   8/100 | Train Loss 1.5188 | Val Loss 0.9431 MAE 11.2673 R2 0.3227
2026-09-02 07:15:33 |   Val R2 improved to 0.3227, model saved
2026-09-02 07:15:35 | Epoch   9/100 | Train Loss 1.4764 | Val Loss 0.9693 MAE 11.3985 R2 0.2906
2026-09-02 07:15:37 | Epoch  10/100 | Train Loss 1.3962 | Val Loss 0.9555 MAE 11.3111 R2 0.2963
2026-09-02 07:15:38 | Epoch  11/100 | Train Loss 1.3356 | Val Loss 0.9172 MAE 11.1487 R2 0.3194
2026-09-02 07:15:40 | Epoch  12/100 | Train Loss 1.2404 | Val Loss 0.8624 MAE 10.8939 R2 0.3584
2026-09-02 07:15:40 |   Val R2 improved to 0.3584, model saved
2026-09-02 07:15:42 | Epoch  13/100 | Train Loss 1.2148 | Val Loss 0.9214 MAE 11.2270 R2 0.3041
2026-09-02 07:15:44 | Epoch  14/100 | Train Loss 1.1917 | Val Loss 0.8125 MAE 10.6905 R2 0.3861
2026-09-02 07:15:44 |   Val R2 improved to 0.3861, model saved
2026-09-02 07:15:46 | Epoch  15/100 | Train Loss 1.1172 | Val Loss 0.7934 MAE 10.5773 R2 0.3945
2026-09-02 07:15:46 |   Val R2 improved to 0.3945, model saved
2026-09-02 07:15:47 | Epoch  16/100 | Train Loss 1.0900 | Val Loss 0.7891 MAE 10.5553 R2 0.3888
2026-09-02 07:15:49 | Epoch  17/100 | Train Loss 1.0472 | Val Loss 0.7652 MAE 10.4662 R2 0.4027
2026-09-02 07:15:49 |   Val R2 improved to 0.4027, model saved
2026-09-02 07:15:51 | Epoch  18/100 | Train Loss 1.0179 | Val Loss 0.7546 MAE 10.3985 R2 0.4072
2026-09-02 07:15:51 |   Val R2 improved to 0.4072, model saved
2026-09-02 07:15:53 | Epoch  19/100 | Train Loss 0.9742 | Val Loss 0.7449 MAE 10.3380 R2 0.4085
2026-09-02 07:15:53 |   Val R2 improved to 0.4085, model saved
2026-09-02 07:15:54 | Epoch  20/100 | Train Loss 0.9351 | Val Loss 0.7652 MAE 10.5340 R2 0.3823
2026-09-02 07:15:56 | Epoch  21/100 | Train Loss 0.9052 | Val Loss 0.7155 MAE 10.2866 R2 0.4220
2026-09-02 07:15:56 |   Val R2 improved to 0.4220, model saved
2026-09-02 07:15:58 | Epoch  22/100 | Train Loss 0.8895 | Val Loss 0.7074 MAE 10.3020 R2 0.4165
2026-09-02 07:15:59 | Epoch  23/100 | Train Loss 0.8600 | Val Loss 0.7586 MAE 10.6878 R2 0.3662
2026-09-02 07:16:01 | Epoch  24/100 | Train Loss 0.8532 | Val Loss 0.6753 MAE 10.1613 R2 0.4338
2026-09-02 07:16:01 |   Val R2 improved to 0.4338, model saved
2026-09-02 07:16:02 | Epoch  25/100 | Train Loss 0.8056 | Val Loss 0.6692 MAE 10.1791 R2 0.4327
2026-09-02 07:16:04 | Epoch  26/100 | Train Loss 0.7759 | Val Loss 0.6625 MAE 10.2145 R2 0.4313
2026-09-02 07:16:06 | Epoch  27/100 | Train Loss 0.7480 | Val Loss 0.6595 MAE 10.2429 R2 0.4233
2026-09-02 07:16:07 | Epoch  28/100 | Train Loss 0.7181 | Val Loss 0.6481 MAE 10.2241 R2 0.4248
2026-09-02 07:16:09 | Epoch  29/100 | Train Loss 0.6910 | Val Loss 0.6265 MAE 10.1079 R2 0.4405
2026-09-02 07:16:09 |   Val R2 improved to 0.4405, model saved
2026-09-02 07:16:11 | Epoch  30/100 | Train Loss 0.6788 | Val Loss 0.6795 MAE 10.5402 R2 0.3814
2026-09-02 07:16:12 | Epoch  31/100 | Train Loss 0.6487 | Val Loss 0.6245 MAE 10.2025 R2 0.4227
2026-09-02 07:16:14 | Epoch  32/100 | Train Loss 0.6164 | Val Loss 0.6309 MAE 10.3282 R2 0.4060
2026-09-02 07:16:15 | Epoch  33/100 | Train Loss 0.5962 | Val Loss 0.5929 MAE 10.1182 R2 0.4365
2026-09-02 07:16:17 | Epoch  34/100 | Train Loss 0.5739 | Val Loss 0.6010 MAE 10.2488 R2 0.4177
2026-09-02 07:16:19 | Epoch  35/100 | Train Loss 0.5791 | Val Loss 0.5810 MAE 10.1590 R2 0.4283
2026-09-02 07:16:20 | Epoch  36/100 | Train Loss 0.5432 | Val Loss 0.5730 MAE 10.1709 R2 0.4278
2026-09-02 07:16:22 | Epoch  37/100 | Train Loss 0.5181 | Val Loss 0.5566 MAE 10.1125 R2 0.4355
2026-09-02 07:16:24 | Epoch  38/100 | Train Loss 0.5045 | Val Loss 0.5580 MAE 10.1899 R2 0.4256
2026-09-02 07:16:26 | Epoch  39/100 | Train Loss 0.4799 | Val Loss 0.5454 MAE 10.1445 R2 0.4295
2026-09-02 07:16:26 | Val R2 did not improve for 10 consecutive epochs, early stopping at Epoch 39 (best R2 0.4405 @ Epoch 29)
2026-09-02 07:16:26 | Run 4/5 | Test (best model @ Epoch 29) | Loss 0.6288 MAE 10.2254 R2 0.4587
2026-09-02 07:16:26 | ===== Run 5/5 (seed 4) =====
2026-09-02 07:16:28 | Epoch   1/100 | Train Loss 15.2994 | Val Loss 11.5793 MAE 44.7921 R2 -6.8163
2026-09-02 07:16:28 |   Val R2 improved to -6.8163, model saved
2026-09-02 07:16:29 | Epoch   2/100 | Train Loss 10.6033 | Val Loss 8.4971 MAE 36.0151 R2 -4.4330
2026-09-02 07:16:29 |   Val R2 improved to -4.4330, model saved
2026-09-02 07:16:31 | Epoch   3/100 | Train Loss 6.4996 | Val Loss 2.1915 MAE 16.4699 R2 -0.4785
2026-09-02 07:16:31 |   Val R2 improved to -0.4785, model saved
2026-09-02 07:16:33 | Epoch   4/100 | Train Loss 2.9476 | Val Loss 1.4437 MAE 13.6425 R2 -0.0074
2026-09-02 07:16:33 |   Val R2 improved to -0.0074, model saved
2026-09-02 07:16:34 | Epoch   5/100 | Train Loss 2.2299 | Val Loss 1.2509 MAE 12.8512 R2 0.1074
2026-09-02 07:16:34 |   Val R2 improved to 0.1074, model saved
2026-09-02 07:16:36 | Epoch   6/100 | Train Loss 1.8807 | Val Loss 1.0617 MAE 11.9200 R2 0.2475
2026-09-02 07:16:36 |   Val R2 improved to 0.2475, model saved
2026-09-02 07:16:38 | Epoch   7/100 | Train Loss 1.7326 | Val Loss 1.0173 MAE 11.6054 R2 0.2699
2026-09-02 07:16:38 |   Val R2 improved to 0.2699, model saved
2026-09-02 07:16:39 | Epoch   8/100 | Train Loss 1.5834 | Val Loss 0.9488 MAE 11.2937 R2 0.3204
2026-09-02 07:16:39 |   Val R2 improved to 0.3204, model saved
2026-09-02 07:16:41 | Epoch   9/100 | Train Loss 1.4959 | Val Loss 0.9611 MAE 11.3405 R2 0.2976
2026-09-02 07:16:43 | Epoch  10/100 | Train Loss 1.4196 | Val Loss 0.8890 MAE 10.9433 R2 0.3577
2026-09-02 07:16:43 |   Val R2 improved to 0.3577, model saved
2026-09-02 07:16:45 | Epoch  11/100 | Train Loss 1.3624 | Val Loss 0.8820 MAE 10.9250 R2 0.3482
2026-09-02 07:16:46 | Epoch  12/100 | Train Loss 1.2652 | Val Loss 0.8884 MAE 10.9947 R2 0.3328
2026-09-02 07:16:48 | Epoch  13/100 | Train Loss 1.2030 | Val Loss 1.0007 MAE 11.7719 R2 0.2374
2026-09-02 07:16:49 | Epoch  14/100 | Train Loss 1.1467 | Val Loss 0.8320 MAE 10.7482 R2 0.3624
2026-09-02 07:16:49 |   Val R2 improved to 0.3624, model saved
2026-09-02 07:16:51 | Epoch  15/100 | Train Loss 1.1113 | Val Loss 0.7901 MAE 10.5588 R2 0.3885
2026-09-02 07:16:51 |   Val R2 improved to 0.3885, model saved
2026-09-02 07:16:53 | Epoch  16/100 | Train Loss 1.0614 | Val Loss 0.7670 MAE 10.4854 R2 0.4016
2026-09-02 07:16:53 |   Val R2 improved to 0.4016, model saved
2026-09-02 07:16:54 | Epoch  17/100 | Train Loss 1.0476 | Val Loss 0.8221 MAE 10.9713 R2 0.3600
2026-09-02 07:16:56 | Epoch  18/100 | Train Loss 1.0028 | Val Loss 0.7727 MAE 10.6482 R2 0.3750
2026-09-02 07:16:57 | Epoch  19/100 | Train Loss 0.9350 | Val Loss 0.8014 MAE 10.8965 R2 0.3423
2026-09-02 07:16:59 | Epoch  20/100 | Train Loss 0.8979 | Val Loss 0.7070 MAE 10.3345 R2 0.4157
2026-09-02 07:16:59 |   Val R2 improved to 0.4157, model saved
2026-09-02 07:17:01 | Epoch  21/100 | Train Loss 0.8857 | Val Loss 0.6956 MAE 10.3250 R2 0.4167
2026-09-02 07:17:01 |   Val R2 improved to 0.4167, model saved
2026-09-02 07:17:02 | Epoch  22/100 | Train Loss 0.8556 | Val Loss 0.6758 MAE 10.2859 R2 0.4228
2026-09-02 07:17:02 |   Val R2 improved to 0.4228, model saved
2026-09-02 07:17:04 | Epoch  23/100 | Train Loss 0.8183 | Val Loss 0.7275 MAE 10.7556 R2 0.3598
2026-09-02 07:17:06 | Epoch  24/100 | Train Loss 0.7823 | Val Loss 0.6500 MAE 10.2365 R2 0.4250
2026-09-02 07:17:06 |   Val R2 improved to 0.4250, model saved
2026-09-02 07:17:07 | Epoch  25/100 | Train Loss 0.7409 | Val Loss 0.6488 MAE 10.3033 R2 0.4121
2026-09-02 07:17:09 | Epoch  26/100 | Train Loss 0.7265 | Val Loss 0.6262 MAE 10.2578 R2 0.4214
2026-09-02 07:17:11 | Epoch  27/100 | Train Loss 0.6867 | Val Loss 0.6100 MAE 10.2122 R2 0.4295
2026-09-02 07:17:11 |   Val R2 improved to 0.4295, model saved
2026-09-02 07:17:12 | Epoch  28/100 | Train Loss 0.6634 | Val Loss 0.5968 MAE 10.1479 R2 0.4307
2026-09-02 07:17:12 |   Val R2 improved to 0.4307, model saved
2026-09-02 07:17:14 | Epoch  29/100 | Train Loss 0.6340 | Val Loss 0.5917 MAE 10.2040 R2 0.4256
2026-09-02 07:17:16 | Epoch  30/100 | Train Loss 0.6223 | Val Loss 0.5842 MAE 10.1988 R2 0.4215
2026-09-02 07:17:18 | Epoch  31/100 | Train Loss 0.5944 | Val Loss 0.5669 MAE 10.1560 R2 0.4256
2026-09-02 07:17:20 | Epoch  32/100 | Train Loss 0.5804 | Val Loss 0.5487 MAE 10.0874 R2 0.4370
2026-09-02 07:17:20 |   Val R2 improved to 0.4370, model saved
2026-09-02 07:17:21 | Epoch  33/100 | Train Loss 0.5550 | Val Loss 0.5546 MAE 10.2513 R2 0.4146
2026-09-02 07:17:23 | Epoch  34/100 | Train Loss 0.5301 | Val Loss 0.5446 MAE 10.2120 R2 0.4174
2026-09-02 07:17:25 | Epoch  35/100 | Train Loss 0.5191 | Val Loss 0.5267 MAE 10.1627 R2 0.4324
2026-09-02 07:17:26 | Epoch  36/100 | Train Loss 0.5012 | Val Loss 0.5211 MAE 10.1781 R2 0.4330
2026-09-02 07:17:28 | Epoch  37/100 | Train Loss 0.4889 | Val Loss 0.5018 MAE 10.0832 R2 0.4394
2026-09-02 07:17:28 |   Val R2 improved to 0.4394, model saved
2026-09-02 07:17:30 | Epoch  38/100 | Train Loss 0.4670 | Val Loss 0.5230 MAE 10.3560 R2 0.3970
2026-09-02 07:17:32 | Epoch  39/100 | Train Loss 0.4553 | Val Loss 0.4920 MAE 10.1131 R2 0.4275
2026-09-02 07:17:33 | Epoch  40/100 | Train Loss 0.4305 | Val Loss 0.4791 MAE 10.1053 R2 0.4380
2026-09-02 07:17:35 | Epoch  41/100 | Train Loss 0.4272 | Val Loss 0.4811 MAE 10.1615 R2 0.4285
2026-09-02 07:17:37 | Epoch  42/100 | Train Loss 0.4027 | Val Loss 0.4716 MAE 10.1648 R2 0.4320
2026-09-02 07:17:39 | Epoch  43/100 | Train Loss 0.3870 | Val Loss 0.4643 MAE 10.1282 R2 0.4240
2026-09-02 07:17:40 | Epoch  44/100 | Train Loss 0.3747 | Val Loss 0.4748 MAE 10.3402 R2 0.4152
2026-09-02 07:17:42 | Epoch  45/100 | Train Loss 0.3639 | Val Loss 0.4660 MAE 10.3079 R2 0.4033
2026-09-02 07:17:44 | Epoch  46/100 | Train Loss 0.3496 | Val Loss 0.4588 MAE 10.3070 R2 0.4169
2026-09-02 07:17:45 | Epoch  47/100 | Train Loss 0.3349 | Val Loss 0.4463 MAE 10.2316 R2 0.4126
2026-09-02 07:17:45 | Val R2 did not improve for 10 consecutive epochs, early stopping at Epoch 47 (best R2 0.4394 @ Epoch 37)
2026-09-02 07:17:46 | Run 5/5 | Test (best model @ Epoch 37) | Loss 0.5115 MAE 10.2577 R2 0.4510
2026-09-02 07:17:46 | Average over 5 runs | Test Loss 0.4779±0.1224 MAE 10.3873±0.3207 R2 0.4449±0.0231
