2026-08-30 02:31:50 | Device: cuda
2026-08-30 02:31:50 | Args: {'model': 'fgib', 'backbone': 'cnn', 'task': 'agedb', 'epochs': 100, 'batch_size': 512, 'lr': 0.001, 'hidden_dims': [512, 256], 'dropout': 0.2, 'z_dim': 256, 'anchor_scale': 16.0, 'max_len': 250, 'random_labels': False, 'beta': 0.001, 'patience': 10, 'runs': 5, 'seed': 0, 'data_dir': './data', 'save_path': 'output/agedb_cnn_fgib/agedb_cnn_fgib.pt', 'log_path': '/root/autodl-tmp/FGIB/tune_results_ablation/agedb_disjoint/agedb_cnn_fgib_beta_0.001_anchor_16/train.log', 'no_save': True, 'freeze_a': False, 'a_identity': False, 'cosine_classifier': False, 'log_variance_stats': False, 'subject_disjoint': True}
2026-08-30 02:31:50 | AgeDB 图像：16488 张，年龄 1~101 岁
2026-08-30 02:31:50 | AgeDB 划分（subject-disjoint 60/20/20）：train 339 人/9740 张，val 114 人/3407 张，test 114 人/3341 张（共 567 人/16488 张）
2026-08-30 02:31:50 | AgeDB 预解码缓存命中：./data/agedb/agedb_64x64_uint8.npy
2026-08-30 02:31:50 | AgeDB 加载完成：9740/3407/3341（batch 512，RGB 64x64，ImageNet 归一化），年龄 MinMax 归一化到 [0,1]（3~101 岁）
2026-08-30 02:31:50 | ===== Run 1/5 (seed 0) =====
2026-08-30 02:31:53 | Epoch   1/100 | Train Loss 3.8658 | Val Loss 0.1756 MAE 18.5762 R2 -0.7712
2026-08-30 02:31:53 |   Val R2 improved to -0.7712, model saved
2026-08-30 02:31:54 | Epoch   2/100 | Train Loss 0.1721 | Val Loss 0.1494 MAE 16.1476 R2 -0.3159
2026-08-30 02:31:54 |   Val R2 improved to -0.3159, model saved
2026-08-30 02:31:55 | Epoch   3/100 | Train Loss 0.1534 | Val Loss 0.1342 MAE 14.3791 R2 -0.0591
2026-08-30 02:31:55 |   Val R2 improved to -0.0591, model saved
2026-08-30 02:31:57 | Epoch   4/100 | Train Loss 0.1449 | Val Loss 0.1273 MAE 13.7947 R2 0.0139
2026-08-30 02:31:57 |   Val R2 improved to 0.0139, model saved
2026-08-30 02:31:58 | Epoch   5/100 | Train Loss 0.1398 | Val Loss 0.1231 MAE 13.5042 R2 0.0598
2026-08-30 02:31:58 |   Val R2 improved to 0.0598, model saved
2026-08-30 02:31:59 | Epoch   6/100 | Train Loss 0.1354 | Val Loss 0.1206 MAE 13.2623 R2 0.0964
2026-08-30 02:31:59 |   Val R2 improved to 0.0964, model saved
2026-08-30 02:32:01 | Epoch   7/100 | Train Loss 0.1351 | Val Loss 0.1203 MAE 13.2012 R2 0.0951
2026-08-30 02:32:02 | Epoch   8/100 | Train Loss 0.1342 | Val Loss 0.1185 MAE 12.9403 R2 0.1410
2026-08-30 02:32:02 |   Val R2 improved to 0.1410, model saved
2026-08-30 02:32:03 | Epoch   9/100 | Train Loss 0.1325 | Val Loss 0.1183 MAE 12.7723 R2 0.1525
2026-08-30 02:32:03 |   Val R2 improved to 0.1525, model saved
2026-08-30 02:32:05 | Epoch  10/100 | Train Loss 0.1317 | Val Loss 0.1174 MAE 12.5923 R2 0.1773
2026-08-30 02:32:05 |   Val R2 improved to 0.1773, model saved
2026-08-30 02:32:06 | Epoch  11/100 | Train Loss 0.1310 | Val Loss 0.1164 MAE 12.4411 R2 0.1987
2026-08-30 02:32:06 |   Val R2 improved to 0.1987, model saved
2026-08-30 02:32:07 | Epoch  12/100 | Train Loss 0.1306 | Val Loss 0.1155 MAE 12.2583 R2 0.2247
2026-08-30 02:32:07 |   Val R2 improved to 0.2247, model saved
2026-08-30 02:32:09 | Epoch  13/100 | Train Loss 0.1310 | Val Loss 0.1153 MAE 12.1903 R2 0.2286
2026-08-30 02:32:09 |   Val R2 improved to 0.2286, model saved
2026-08-30 02:32:10 | Epoch  14/100 | Train Loss 0.1295 | Val Loss 0.1152 MAE 12.1541 R2 0.2274
2026-08-30 02:32:11 | Epoch  15/100 | Train Loss 0.1288 | Val Loss 0.1147 MAE 12.0497 R2 0.2385
2026-08-30 02:32:11 |   Val R2 improved to 0.2385, model saved
2026-08-30 02:32:13 | Epoch  16/100 | Train Loss 0.1276 | Val Loss 0.1131 MAE 11.8317 R2 0.2728
2026-08-30 02:32:13 |   Val R2 improved to 0.2728, model saved
2026-08-30 02:32:14 | Epoch  17/100 | Train Loss 0.1273 | Val Loss 0.1128 MAE 11.7723 R2 0.2732
2026-08-30 02:32:14 |   Val R2 improved to 0.2732, model saved
2026-08-30 02:32:15 | Epoch  18/100 | Train Loss 0.1265 | Val Loss 0.1123 MAE 11.7474 R2 0.2704
2026-08-30 02:32:16 | Epoch  19/100 | Train Loss 0.1247 | Val Loss 0.1097 MAE 11.4403 R2 0.3211
2026-08-30 02:32:16 |   Val R2 improved to 0.3211, model saved
2026-08-30 02:32:18 | Epoch  20/100 | Train Loss 0.1232 | Val Loss 0.1087 MAE 11.3248 R2 0.3339
2026-08-30 02:32:18 |   Val R2 improved to 0.3339, model saved
2026-08-30 02:32:19 | Epoch  21/100 | Train Loss 0.1243 | Val Loss 0.1077 MAE 11.2619 R2 0.3398
2026-08-30 02:32:19 |   Val R2 improved to 0.3398, model saved
2026-08-30 02:32:20 | Epoch  22/100 | Train Loss 0.1225 | Val Loss 0.1068 MAE 11.1701 R2 0.3450
2026-08-30 02:32:20 |   Val R2 improved to 0.3450, model saved
2026-08-30 02:32:22 | Epoch  23/100 | Train Loss 0.1226 | Val Loss 0.1060 MAE 11.1558 R2 0.3467
2026-08-30 02:32:22 |   Val R2 improved to 0.3467, model saved
2026-08-30 02:32:23 | Epoch  24/100 | Train Loss 0.1210 | Val Loss 0.1056 MAE 11.1547 R2 0.3434
2026-08-30 02:32:24 | Epoch  25/100 | Train Loss 0.1203 | Val Loss 0.1064 MAE 11.4110 R2 0.3097
2026-08-30 02:32:25 | Epoch  26/100 | Train Loss 0.1194 | Val Loss 0.1040 MAE 10.9973 R2 0.3669
2026-08-30 02:32:25 |   Val R2 improved to 0.3669, model saved
2026-08-30 02:32:27 | Epoch  27/100 | Train Loss 0.1187 | Val Loss 0.1034 MAE 10.9367 R2 0.3741
2026-08-30 02:32:27 |   Val R2 improved to 0.3741, model saved
2026-08-30 02:32:28 | Epoch  28/100 | Train Loss 0.1188 | Val Loss 0.1041 MAE 11.0828 R2 0.3512
2026-08-30 02:32:29 | Epoch  29/100 | Train Loss 0.1181 | Val Loss 0.1042 MAE 11.2008 R2 0.3410
2026-08-30 02:32:30 | Epoch  30/100 | Train Loss 0.1171 | Val Loss 0.1048 MAE 11.3346 R2 0.3174
2026-08-30 02:32:32 | Epoch  31/100 | Train Loss 0.1171 | Val Loss 0.1043 MAE 11.2483 R2 0.3274
2026-08-30 02:32:33 | Epoch  32/100 | Train Loss 0.1155 | Val Loss 0.1010 MAE 10.6635 R2 0.4086
2026-08-30 02:32:33 |   Val R2 improved to 0.4086, model saved
2026-08-30 02:32:34 | Epoch  33/100 | Train Loss 0.1158 | Val Loss 0.1015 MAE 10.7516 R2 0.3931
2026-08-30 02:32:36 | Epoch  34/100 | Train Loss 0.1148 | Val Loss 0.1022 MAE 10.9037 R2 0.3708
2026-08-30 02:32:37 | Epoch  35/100 | Train Loss 0.1143 | Val Loss 0.1008 MAE 10.7047 R2 0.4028
2026-08-30 02:32:38 | Epoch  36/100 | Train Loss 0.1141 | Val Loss 0.1018 MAE 10.8525 R2 0.3782
2026-08-30 02:32:40 | Epoch  37/100 | Train Loss 0.1142 | Val Loss 0.1001 MAE 10.5861 R2 0.4162
2026-08-30 02:32:40 |   Val R2 improved to 0.4162, model saved
2026-08-30 02:32:41 | Epoch  38/100 | Train Loss 0.1131 | Val Loss 0.1010 MAE 10.7300 R2 0.3922
2026-08-30 02:32:42 | Epoch  39/100 | Train Loss 0.1128 | Val Loss 0.1012 MAE 10.7962 R2 0.3838
2026-08-30 02:32:43 | Epoch  40/100 | Train Loss 0.1122 | Val Loss 0.1004 MAE 10.6472 R2 0.4032
2026-08-30 02:32:45 | Epoch  41/100 | Train Loss 0.1118 | Val Loss 0.0992 MAE 10.4294 R2 0.4301
2026-08-30 02:32:45 |   Val R2 improved to 0.4301, model saved
2026-08-30 02:32:46 | Epoch  42/100 | Train Loss 0.1109 | Val Loss 0.0993 MAE 10.4420 R2 0.4256
2026-08-30 02:32:47 | Epoch  43/100 | Train Loss 0.1107 | Val Loss 0.1003 MAE 10.7294 R2 0.3948
2026-08-30 02:32:49 | Epoch  44/100 | Train Loss 0.1110 | Val Loss 0.0991 MAE 10.4591 R2 0.4219
2026-08-30 02:32:50 | Epoch  45/100 | Train Loss 0.1103 | Val Loss 0.1004 MAE 10.7280 R2 0.3882
2026-08-30 02:32:51 | Epoch  46/100 | Train Loss 0.1098 | Val Loss 0.0983 MAE 10.3262 R2 0.4410
2026-08-30 02:32:51 |   Val R2 improved to 0.4410, model saved
2026-08-30 02:32:53 | Epoch  47/100 | Train Loss 0.1094 | Val Loss 0.0989 MAE 10.4738 R2 0.4237
2026-08-30 02:32:54 | Epoch  48/100 | Train Loss 0.1089 | Val Loss 0.0978 MAE 10.2621 R2 0.4498
2026-08-30 02:32:54 |   Val R2 improved to 0.4498, model saved
2026-08-30 02:32:55 | Epoch  49/100 | Train Loss 0.1088 | Val Loss 0.1005 MAE 10.6580 R2 0.3903
2026-08-30 02:32:56 | Epoch  50/100 | Train Loss 0.1089 | Val Loss 0.0990 MAE 10.3890 R2 0.4278
2026-08-30 02:32:58 | Epoch  51/100 | Train Loss 0.1074 | Val Loss 0.0988 MAE 10.3803 R2 0.4311
2026-08-30 02:32:59 | Epoch  52/100 | Train Loss 0.1082 | Val Loss 0.0995 MAE 10.5411 R2 0.4101
2026-08-30 02:33:00 | Epoch  53/100 | Train Loss 0.1055 | Val Loss 0.0980 MAE 10.2314 R2 0.4431
2026-08-30 02:33:02 | Epoch  54/100 | Train Loss 0.1069 | Val Loss 0.0994 MAE 10.5206 R2 0.4071
2026-08-30 02:33:03 | Epoch  55/100 | Train Loss 0.1066 | Val Loss 0.0978 MAE 10.2137 R2 0.4483
2026-08-30 02:33:04 | Epoch  56/100 | Train Loss 0.1064 | Val Loss 0.0976 MAE 10.1976 R2 0.4509
2026-08-30 02:33:04 |   Val R2 improved to 0.4509, model saved
2026-08-30 02:33:06 | Epoch  57/100 | Train Loss 0.1053 | Val Loss 0.0973 MAE 10.1355 R2 0.4582
2026-08-30 02:33:06 |   Val R2 improved to 0.4582, model saved
2026-08-30 02:33:07 | Epoch  58/100 | Train Loss 0.1056 | Val Loss 0.0972 MAE 10.0958 R2 0.4597
2026-08-30 02:33:07 |   Val R2 improved to 0.4597, model saved
2026-08-30 02:33:08 | Epoch  59/100 | Train Loss 0.1041 | Val Loss 0.0972 MAE 10.0483 R2 0.4628
2026-08-30 02:33:08 |   Val R2 improved to 0.4628, model saved
2026-08-30 02:33:09 | Epoch  60/100 | Train Loss 0.1057 | Val Loss 0.0970 MAE 10.1787 R2 0.4589
2026-08-30 02:33:11 | Epoch  61/100 | Train Loss 0.1051 | Val Loss 0.1012 MAE 10.8865 R2 0.3637
2026-08-30 02:33:12 | Epoch  62/100 | Train Loss 0.1034 | Val Loss 0.0972 MAE 10.0904 R2 0.4600
2026-08-30 02:33:13 | Epoch  63/100 | Train Loss 0.1025 | Val Loss 0.0982 MAE 10.2826 R2 0.4308
2026-08-30 02:33:14 | Epoch  64/100 | Train Loss 0.1019 | Val Loss 0.0972 MAE 10.1055 R2 0.4545
2026-08-30 02:33:16 | Epoch  65/100 | Train Loss 0.1023 | Val Loss 0.0976 MAE 10.1858 R2 0.4442
2026-08-30 02:33:17 | Epoch  66/100 | Train Loss 0.1021 | Val Loss 0.0978 MAE 10.2480 R2 0.4364
2026-08-30 02:33:18 | Epoch  67/100 | Train Loss 0.1017 | Val Loss 0.0976 MAE 10.2158 R2 0.4409
2026-08-30 02:33:20 | Epoch  68/100 | Train Loss 0.1005 | Val Loss 0.0974 MAE 10.1747 R2 0.4473
2026-08-30 02:33:21 | Epoch  69/100 | Train Loss 0.1000 | Val Loss 0.0973 MAE 10.1694 R2 0.4508
2026-08-30 02:33:21 | Val R2 did not improve for 10 consecutive epochs, early stopping at Epoch 69 (best R2 0.4628 @ Epoch 59)
2026-08-30 02:33:21 | Run 1/5 | Test (best model @ Epoch 59) | Loss 0.1031 MAE 11.1537 R2 0.3903
2026-08-30 02:33:21 | ===== Run 2/5 (seed 1) =====
2026-08-30 02:33:23 | Epoch   1/100 | Train Loss 10.4912 | Val Loss 0.3889 MAE 47.2105 R2 -7.4063
2026-08-30 02:33:23 |   Val R2 improved to -7.4063, model saved
2026-08-30 02:33:24 | Epoch   2/100 | Train Loss 0.3866 | Val Loss 0.3842 MAE 46.8634 R2 -7.2982
2026-08-30 02:33:24 |   Val R2 improved to -7.2982, model saved
2026-08-30 02:33:25 | Epoch   3/100 | Train Loss 0.3810 | Val Loss 0.3772 MAE 46.3575 R2 -7.1419
2026-08-30 02:33:25 |   Val R2 improved to -7.1419, model saved
2026-08-30 02:33:26 | Epoch   4/100 | Train Loss 0.3717 | Val Loss 0.3625 MAE 45.1898 R2 -6.7867
2026-08-30 02:33:26 |   Val R2 improved to -6.7867, model saved
2026-08-30 02:33:28 | Epoch   5/100 | Train Loss 0.3405 | Val Loss 0.2907 MAE 37.9533 R2 -4.7832
2026-08-30 02:33:28 |   Val R2 improved to -4.7832, model saved
2026-08-30 02:33:29 | Epoch   6/100 | Train Loss 0.2264 | Val Loss 0.1348 MAE 15.4872 R2 -0.2599
2026-08-30 02:33:29 |   Val R2 improved to -0.2599, model saved
2026-08-30 02:33:30 | Epoch   7/100 | Train Loss 0.1759 | Val Loss 0.1369 MAE 16.1514 R2 -0.4026
2026-08-30 02:33:32 | Epoch   8/100 | Train Loss 0.1684 | Val Loss 0.1312 MAE 15.3183 R2 -0.2582
2026-08-30 02:33:32 |   Val R2 improved to -0.2582, model saved
2026-08-30 02:33:33 | Epoch   9/100 | Train Loss 0.1693 | Val Loss 0.1311 MAE 15.3067 R2 -0.2615
2026-08-30 02:33:34 | Epoch  10/100 | Train Loss 0.1665 | Val Loss 0.1287 MAE 14.8695 R2 -0.1911
2026-08-30 02:33:34 |   Val R2 improved to -0.1911, model saved
2026-08-30 02:33:35 | Epoch  11/100 | Train Loss 0.1649 | Val Loss 0.1290 MAE 14.8507 R2 -0.1924
2026-08-30 02:33:37 | Epoch  12/100 | Train Loss 0.1635 | Val Loss 0.1270 MAE 14.4936 R2 -0.1366
2026-08-30 02:33:37 |   Val R2 improved to -0.1366, model saved
2026-08-30 02:33:38 | Epoch  13/100 | Train Loss 0.1622 | Val Loss 0.1270 MAE 14.4620 R2 -0.1327
2026-08-30 02:33:38 |   Val R2 improved to -0.1327, model saved
2026-08-30 02:33:39 | Epoch  14/100 | Train Loss 0.1635 | Val Loss 0.1264 MAE 14.3486 R2 -0.1160
2026-08-30 02:33:39 |   Val R2 improved to -0.1160, model saved
2026-08-30 02:33:40 | Epoch  15/100 | Train Loss 0.1616 | Val Loss 0.1253 MAE 14.1341 R2 -0.0834
2026-08-30 02:33:40 |   Val R2 improved to -0.0834, model saved
2026-08-30 02:33:42 | Epoch  16/100 | Train Loss 0.1599 | Val Loss 0.1250 MAE 14.0625 R2 -0.0728
2026-08-30 02:33:42 |   Val R2 improved to -0.0728, model saved
2026-08-30 02:33:43 | Epoch  17/100 | Train Loss 0.1608 | Val Loss 0.1251 MAE 14.0838 R2 -0.0766
2026-08-30 02:33:44 | Epoch  18/100 | Train Loss 0.1566 | Val Loss 0.1230 MAE 13.7082 R2 -0.0194
2026-08-30 02:33:44 |   Val R2 improved to -0.0194, model saved
2026-08-30 02:33:46 | Epoch  19/100 | Train Loss 0.1586 | Val Loss 0.1247 MAE 14.0332 R2 -0.0692
2026-08-30 02:33:47 | Epoch  20/100 | Train Loss 0.1564 | Val Loss 0.1227 MAE 13.6647 R2 -0.0138
2026-08-30 02:33:47 |   Val R2 improved to -0.0138, model saved
2026-08-30 02:33:48 | Epoch  21/100 | Train Loss 0.1553 | Val Loss 0.1228 MAE 13.6736 R2 -0.0160
2026-08-30 02:33:50 | Epoch  22/100 | Train Loss 0.1543 | Val Loss 0.1215 MAE 13.4191 R2 0.0224
2026-08-30 02:33:50 |   Val R2 improved to 0.0224, model saved
2026-08-30 02:33:51 | Epoch  23/100 | Train Loss 0.1559 | Val Loss 0.1219 MAE 13.5138 R2 0.0081
2026-08-30 02:33:52 | Epoch  24/100 | Train Loss 0.1545 | Val Loss 0.1200 MAE 13.1677 R2 0.0602
2026-08-30 02:33:52 |   Val R2 improved to 0.0602, model saved
2026-08-30 02:33:54 | Epoch  25/100 | Train Loss 0.1541 | Val Loss 0.1212 MAE 13.4069 R2 0.0235
2026-08-30 02:33:55 | Epoch  26/100 | Train Loss 0.1516 | Val Loss 0.1193 MAE 13.0604 R2 0.0749
2026-08-30 02:33:55 |   Val R2 improved to 0.0749, model saved
2026-08-30 02:33:56 | Epoch  27/100 | Train Loss 0.1513 | Val Loss 0.1198 MAE 13.1595 R2 0.0593
2026-08-30 02:33:58 | Epoch  28/100 | Train Loss 0.1512 | Val Loss 0.1198 MAE 13.1727 R2 0.0572
2026-08-30 02:33:59 | Epoch  29/100 | Train Loss 0.1484 | Val Loss 0.1184 MAE 12.8916 R2 0.0988
2026-08-30 02:33:59 |   Val R2 improved to 0.0988, model saved
2026-08-30 02:34:00 | Epoch  30/100 | Train Loss 0.1471 | Val Loss 0.1192 MAE 13.0730 R2 0.0717
2026-08-30 02:34:01 | Epoch  31/100 | Train Loss 0.1474 | Val Loss 0.1187 MAE 12.9963 R2 0.0832
2026-08-30 02:34:03 | Epoch  32/100 | Train Loss 0.1467 | Val Loss 0.1189 MAE 13.0559 R2 0.0746
2026-08-30 02:34:04 | Epoch  33/100 | Train Loss 0.1475 | Val Loss 0.1177 MAE 12.8270 R2 0.1079
2026-08-30 02:34:04 |   Val R2 improved to 0.1079, model saved
2026-08-30 02:34:05 | Epoch  34/100 | Train Loss 0.1438 | Val Loss 0.1165 MAE 12.6154 R2 0.1381
2026-08-30 02:34:05 |   Val R2 improved to 0.1381, model saved
2026-08-30 02:34:06 | Epoch  35/100 | Train Loss 0.1437 | Val Loss 0.1158 MAE 12.4796 R2 0.1580
2026-08-30 02:34:06 |   Val R2 improved to 0.1580, model saved
2026-08-30 02:34:08 | Epoch  36/100 | Train Loss 0.1435 | Val Loss 0.1156 MAE 12.4411 R2 0.1639
2026-08-30 02:34:08 |   Val R2 improved to 0.1639, model saved
2026-08-30 02:34:09 | Epoch  37/100 | Train Loss 0.1417 | Val Loss 0.1163 MAE 12.6340 R2 0.1365
2026-08-30 02:34:10 | Epoch  38/100 | Train Loss 0.1397 | Val Loss 0.1149 MAE 12.3838 R2 0.1724
2026-08-30 02:34:10 |   Val R2 improved to 0.1724, model saved
2026-08-30 02:34:12 | Epoch  39/100 | Train Loss 0.1407 | Val Loss 0.1136 MAE 12.1299 R2 0.2081
2026-08-30 02:34:12 |   Val R2 improved to 0.2081, model saved
2026-08-30 02:34:13 | Epoch  40/100 | Train Loss 0.1399 | Val Loss 0.1149 MAE 12.4396 R2 0.1647
2026-08-30 02:34:14 | Epoch  41/100 | Train Loss 0.1404 | Val Loss 0.1143 MAE 12.3325 R2 0.1795
2026-08-30 02:34:15 | Epoch  42/100 | Train Loss 0.1371 | Val Loss 0.1143 MAE 12.3649 R2 0.1753
2026-08-30 02:34:17 | Epoch  43/100 | Train Loss 0.1381 | Val Loss 0.1134 MAE 12.2050 R2 0.1976
2026-08-30 02:34:18 | Epoch  44/100 | Train Loss 0.1359 | Val Loss 0.1123 MAE 12.0006 R2 0.2259
2026-08-30 02:34:18 |   Val R2 improved to 0.2259, model saved
2026-08-30 02:34:19 | Epoch  45/100 | Train Loss 0.1364 | Val Loss 0.1141 MAE 12.4219 R2 0.1685
2026-08-30 02:34:20 | Epoch  46/100 | Train Loss 0.1359 | Val Loss 0.1129 MAE 12.1833 R2 0.2011
2026-08-30 02:34:22 | Epoch  47/100 | Train Loss 0.1366 | Val Loss 0.1130 MAE 12.2493 R2 0.1924
2026-08-30 02:34:23 | Epoch  48/100 | Train Loss 0.1338 | Val Loss 0.1106 MAE 11.7481 R2 0.2607
2026-08-30 02:34:23 |   Val R2 improved to 0.2607, model saved
2026-08-30 02:34:24 | Epoch  49/100 | Train Loss 0.1345 | Val Loss 0.1117 MAE 11.9987 R2 0.2263
2026-08-30 02:34:26 | Epoch  50/100 | Train Loss 0.1307 | Val Loss 0.1105 MAE 11.7726 R2 0.2574
2026-08-30 02:34:27 | Epoch  51/100 | Train Loss 0.1315 | Val Loss 0.1107 MAE 11.8583 R2 0.2455
2026-08-30 02:34:28 | Epoch  52/100 | Train Loss 0.1300 | Val Loss 0.1089 MAE 11.5170 R2 0.2917
2026-08-30 02:34:28 |   Val R2 improved to 0.2917, model saved
2026-08-30 02:34:29 | Epoch  53/100 | Train Loss 0.1314 | Val Loss 0.1086 MAE 11.4882 R2 0.2964
2026-08-30 02:34:29 |   Val R2 improved to 0.2964, model saved
2026-08-30 02:34:31 | Epoch  54/100 | Train Loss 0.1296 | Val Loss 0.1096 MAE 11.7296 R2 0.2636
2026-08-30 02:34:32 | Epoch  55/100 | Train Loss 0.1289 | Val Loss 0.1111 MAE 12.0871 R2 0.2164
2026-08-30 02:34:33 | Epoch  56/100 | Train Loss 0.1282 | Val Loss 0.1089 MAE 11.6530 R2 0.2754
2026-08-30 02:34:34 | Epoch  57/100 | Train Loss 0.1272 | Val Loss 0.1085 MAE 11.5894 R2 0.2845
2026-08-30 02:34:35 | Epoch  58/100 | Train Loss 0.1271 | Val Loss 0.1077 MAE 11.4698 R2 0.3004
2026-08-30 02:34:35 |   Val R2 improved to 0.3004, model saved
2026-08-30 02:34:37 | Epoch  59/100 | Train Loss 0.1258 | Val Loss 0.1069 MAE 11.3298 R2 0.3192
2026-08-30 02:34:37 |   Val R2 improved to 0.3192, model saved
2026-08-30 02:34:38 | Epoch  60/100 | Train Loss 0.1252 | Val Loss 0.1067 MAE 11.3116 R2 0.3203
2026-08-30 02:34:38 |   Val R2 improved to 0.3203, model saved
2026-08-30 02:34:39 | Epoch  61/100 | Train Loss 0.1236 | Val Loss 0.1062 MAE 11.2430 R2 0.3313
2026-08-30 02:34:39 |   Val R2 improved to 0.3313, model saved
2026-08-30 02:34:40 | Epoch  62/100 | Train Loss 0.1227 | Val Loss 0.1053 MAE 11.0767 R2 0.3520
2026-08-30 02:34:40 |   Val R2 improved to 0.3520, model saved
2026-08-30 02:34:42 | Epoch  63/100 | Train Loss 0.1228 | Val Loss 0.1047 MAE 10.9809 R2 0.3649
2026-08-30 02:34:42 |   Val R2 improved to 0.3649, model saved
2026-08-30 02:34:43 | Epoch  64/100 | Train Loss 0.1217 | Val Loss 0.1038 MAE 10.8038 R2 0.3889
2026-08-30 02:34:43 |   Val R2 improved to 0.3889, model saved
2026-08-30 02:34:44 | Epoch  65/100 | Train Loss 0.1220 | Val Loss 0.1054 MAE 11.1960 R2 0.3345
2026-08-30 02:34:45 | Epoch  66/100 | Train Loss 0.1215 | Val Loss 0.1071 MAE 11.6137 R2 0.2793
2026-08-30 02:34:47 | Epoch  67/100 | Train Loss 0.1204 | Val Loss 0.1065 MAE 11.5244 R2 0.2917
2026-08-30 02:34:48 | Epoch  68/100 | Train Loss 0.1190 | Val Loss 0.1040 MAE 11.0140 R2 0.3592
2026-08-30 02:34:49 | Epoch  69/100 | Train Loss 0.1185 | Val Loss 0.1037 MAE 10.9836 R2 0.3633
2026-08-30 02:34:50 | Epoch  70/100 | Train Loss 0.1176 | Val Loss 0.1039 MAE 11.0691 R2 0.3525
2026-08-30 02:34:52 | Epoch  71/100 | Train Loss 0.1161 | Val Loss 0.1047 MAE 11.2774 R2 0.3229
2026-08-30 02:34:53 | Epoch  72/100 | Train Loss 0.1172 | Val Loss 0.1074 MAE 11.8875 R2 0.2414
2026-08-30 02:34:54 | Epoch  73/100 | Train Loss 0.1168 | Val Loss 0.1049 MAE 11.3958 R2 0.3056
2026-08-30 02:34:55 | Epoch  74/100 | Train Loss 0.1147 | Val Loss 0.1023 MAE 10.8620 R2 0.3769
2026-08-30 02:34:55 | Val R2 did not improve for 10 consecutive epochs, early stopping at Epoch 74 (best R2 0.3889 @ Epoch 64)
2026-08-30 02:34:56 | Run 2/5 | Test (best model @ Epoch 64) | Loss 0.1094 MAE 11.7757 R2 0.3170
2026-08-30 02:34:56 | ===== Run 3/5 (seed 2) =====
2026-08-30 02:34:57 | Epoch   1/100 | Train Loss 3.0142 | Val Loss 0.3002 MAE 36.8950 R2 -4.5651
2026-08-30 02:34:57 |   Val R2 improved to -4.5651, model saved
2026-08-30 02:34:58 | Epoch   2/100 | Train Loss 0.2614 | Val Loss 0.1834 MAE 20.5665 R2 -1.1726
2026-08-30 02:34:58 |   Val R2 improved to -1.1726, model saved
2026-08-30 02:35:00 | Epoch   3/100 | Train Loss 0.1975 | Val Loss 0.1437 MAE 15.6078 R2 -0.2482
2026-08-30 02:35:00 |   Val R2 improved to -0.2482, model saved
2026-08-30 02:35:01 | Epoch   4/100 | Train Loss 0.1872 | Val Loss 0.1400 MAE 15.4836 R2 -0.2820
2026-08-30 02:35:02 | Epoch   5/100 | Train Loss 0.1795 | Val Loss 0.1349 MAE 15.0866 R2 -0.2251
2026-08-30 02:35:02 |   Val R2 improved to -0.2251, model saved
2026-08-30 02:35:03 | Epoch   6/100 | Train Loss 0.1755 | Val Loss 0.1297 MAE 14.5230 R2 -0.1330
2026-08-30 02:35:03 |   Val R2 improved to -0.1330, model saved
2026-08-30 02:35:05 | Epoch   7/100 | Train Loss 0.1733 | Val Loss 0.1302 MAE 14.7514 R2 -0.1769
2026-08-30 02:35:06 | Epoch   8/100 | Train Loss 0.1705 | Val Loss 0.1283 MAE 14.5382 R2 -0.1430
2026-08-30 02:35:07 | Epoch   9/100 | Train Loss 0.1702 | Val Loss 0.1266 MAE 14.3049 R2 -0.1061
2026-08-30 02:35:07 |   Val R2 improved to -0.1061, model saved
2026-08-30 02:35:08 | Epoch  10/100 | Train Loss 0.1677 | Val Loss 0.1262 MAE 14.2535 R2 -0.0993
2026-08-30 02:35:08 |   Val R2 improved to -0.0993, model saved
2026-08-30 02:35:10 | Epoch  11/100 | Train Loss 0.1650 | Val Loss 0.1258 MAE 14.1929 R2 -0.0901
2026-08-30 02:35:10 |   Val R2 improved to -0.0901, model saved
2026-08-30 02:35:11 | Epoch  12/100 | Train Loss 0.1655 | Val Loss 0.1250 MAE 14.0718 R2 -0.0712
2026-08-30 02:35:11 |   Val R2 improved to -0.0712, model saved
2026-08-30 02:35:12 | Epoch  13/100 | Train Loss 0.1637 | Val Loss 0.1249 MAE 14.0351 R2 -0.0665
2026-08-30 02:35:12 |   Val R2 improved to -0.0665, model saved
2026-08-30 02:35:14 | Epoch  14/100 | Train Loss 0.1603 | Val Loss 0.1238 MAE 13.8000 R2 -0.0303
2026-08-30 02:35:14 |   Val R2 improved to -0.0303, model saved
2026-08-30 02:35:15 | Epoch  15/100 | Train Loss 0.1632 | Val Loss 0.1227 MAE 13.6174 R2 -0.0023
2026-08-30 02:35:15 |   Val R2 improved to -0.0023, model saved
2026-08-30 02:35:16 | Epoch  16/100 | Train Loss 0.1591 | Val Loss 0.1244 MAE 13.9420 R2 -0.0531
2026-08-30 02:35:17 | Epoch  17/100 | Train Loss 0.1587 | Val Loss 0.1219 MAE 13.4879 R2 0.0165
2026-08-30 02:35:17 |   Val R2 improved to 0.0165, model saved
2026-08-30 02:35:19 | Epoch  18/100 | Train Loss 0.1577 | Val Loss 0.1225 MAE 13.5890 R2 0.0003
2026-08-30 02:35:20 | Epoch  19/100 | Train Loss 0.1568 | Val Loss 0.1211 MAE 13.3184 R2 0.0413
2026-08-30 02:35:20 |   Val R2 improved to 0.0413, model saved
2026-08-30 02:35:21 | Epoch  20/100 | Train Loss 0.1545 | Val Loss 0.1196 MAE 13.0349 R2 0.0846
2026-08-30 02:35:21 |   Val R2 improved to 0.0846, model saved
2026-08-30 02:35:22 | Epoch  21/100 | Train Loss 0.1548 | Val Loss 0.1208 MAE 13.2641 R2 0.0479
2026-08-30 02:35:24 | Epoch  22/100 | Train Loss 0.1524 | Val Loss 0.1187 MAE 12.8785 R2 0.1078
2026-08-30 02:35:24 |   Val R2 improved to 0.1078, model saved
2026-08-30 02:35:25 | Epoch  23/100 | Train Loss 0.1494 | Val Loss 0.1188 MAE 12.9041 R2 0.1028
2026-08-30 02:35:26 | Epoch  24/100 | Train Loss 0.1504 | Val Loss 0.1186 MAE 12.8818 R2 0.1062
2026-08-30 02:35:28 | Epoch  25/100 | Train Loss 0.1487 | Val Loss 0.1169 MAE 12.5693 R2 0.1534
2026-08-30 02:35:28 |   Val R2 improved to 0.1534, model saved
2026-08-30 02:35:29 | Epoch  26/100 | Train Loss 0.1488 | Val Loss 0.1175 MAE 12.6742 R2 0.1367
2026-08-30 02:35:30 | Epoch  27/100 | Train Loss 0.1466 | Val Loss 0.1181 MAE 12.8000 R2 0.1170
2026-08-30 02:35:31 | Epoch  28/100 | Train Loss 0.1465 | Val Loss 0.1180 MAE 12.7805 R2 0.1199
2026-08-30 02:35:33 | Epoch  29/100 | Train Loss 0.1453 | Val Loss 0.1193 MAE 13.0538 R2 0.0793
2026-08-30 02:35:34 | Epoch  30/100 | Train Loss 0.1435 | Val Loss 0.1171 MAE 12.6438 R2 0.1401
2026-08-30 02:35:35 | Epoch  31/100 | Train Loss 0.1421 | Val Loss 0.1157 MAE 12.3809 R2 0.1779
2026-08-30 02:35:35 |   Val R2 improved to 0.1779, model saved
2026-08-30 02:35:36 | Epoch  32/100 | Train Loss 0.1418 | Val Loss 0.1154 MAE 12.3265 R2 0.1853
2026-08-30 02:35:36 |   Val R2 improved to 0.1853, model saved
2026-08-30 02:35:38 | Epoch  33/100 | Train Loss 0.1410 | Val Loss 0.1148 MAE 12.2311 R2 0.1987
2026-08-30 02:35:38 |   Val R2 improved to 0.1987, model saved
2026-08-30 02:35:39 | Epoch  34/100 | Train Loss 0.1387 | Val Loss 0.1145 MAE 12.1641 R2 0.2075
2026-08-30 02:35:39 |   Val R2 improved to 0.2075, model saved
2026-08-30 02:35:40 | Epoch  35/100 | Train Loss 0.1379 | Val Loss 0.1148 MAE 12.2688 R2 0.1932
2026-08-30 02:35:42 | Epoch  36/100 | Train Loss 0.1385 | Val Loss 0.1143 MAE 12.1892 R2 0.2042
2026-08-30 02:35:43 | Epoch  37/100 | Train Loss 0.1360 | Val Loss 0.1136 MAE 12.0501 R2 0.2229
2026-08-30 02:35:43 |   Val R2 improved to 0.2229, model saved
2026-08-30 02:35:44 | Epoch  38/100 | Train Loss 0.1363 | Val Loss 0.1126 MAE 11.8767 R2 0.2472
2026-08-30 02:35:44 |   Val R2 improved to 0.2472, model saved
2026-08-30 02:35:46 | Epoch  39/100 | Train Loss 0.1349 | Val Loss 0.1127 MAE 11.8933 R2 0.2441
2026-08-30 02:35:47 | Epoch  40/100 | Train Loss 0.1324 | Val Loss 0.1123 MAE 11.8489 R2 0.2499
2026-08-30 02:35:47 |   Val R2 improved to 0.2499, model saved
2026-08-30 02:35:48 | Epoch  41/100 | Train Loss 0.1325 | Val Loss 0.1116 MAE 11.7382 R2 0.2658
2026-08-30 02:35:48 |   Val R2 improved to 0.2658, model saved
2026-08-30 02:35:49 | Epoch  42/100 | Train Loss 0.1319 | Val Loss 0.1125 MAE 11.9222 R2 0.2391
2026-08-30 02:35:51 | Epoch  43/100 | Train Loss 0.1310 | Val Loss 0.1119 MAE 11.8347 R2 0.2505
2026-08-30 02:35:52 | Epoch  44/100 | Train Loss 0.1287 | Val Loss 0.1121 MAE 11.9144 R2 0.2397
2026-08-30 02:35:53 | Epoch  45/100 | Train Loss 0.1286 | Val Loss 0.1120 MAE 11.9327 R2 0.2372
2026-08-30 02:35:55 | Epoch  46/100 | Train Loss 0.1275 | Val Loss 0.1111 MAE 11.7620 R2 0.2608
2026-08-30 02:35:56 | Epoch  47/100 | Train Loss 0.1274 | Val Loss 0.1097 MAE 11.5093 R2 0.2945
2026-08-30 02:35:56 |   Val R2 improved to 0.2945, model saved
2026-08-30 02:35:57 | Epoch  48/100 | Train Loss 0.1267 | Val Loss 0.1096 MAE 11.5324 R2 0.2911
2026-08-30 02:35:59 | Epoch  49/100 | Train Loss 0.1252 | Val Loss 0.1093 MAE 11.5104 R2 0.2936
2026-08-30 02:36:00 | Epoch  50/100 | Train Loss 0.1240 | Val Loss 0.1091 MAE 11.4976 R2 0.2954
2026-08-30 02:36:00 |   Val R2 improved to 0.2954, model saved
2026-08-30 02:36:01 | Epoch  51/100 | Train Loss 0.1241 | Val Loss 0.1088 MAE 11.4659 R2 0.2990
2026-08-30 02:36:01 |   Val R2 improved to 0.2990, model saved
2026-08-30 02:36:02 | Epoch  52/100 | Train Loss 0.1222 | Val Loss 0.1084 MAE 11.4216 R2 0.3057
2026-08-30 02:36:02 |   Val R2 improved to 0.3057, model saved
2026-08-30 02:36:04 | Epoch  53/100 | Train Loss 0.1221 | Val Loss 0.1076 MAE 11.2876 R2 0.3232
2026-08-30 02:36:04 |   Val R2 improved to 0.3232, model saved
2026-08-30 02:36:05 | Epoch  54/100 | Train Loss 0.1203 | Val Loss 0.1073 MAE 11.2668 R2 0.3258
2026-08-30 02:36:05 |   Val R2 improved to 0.3258, model saved
2026-08-30 02:36:06 | Epoch  55/100 | Train Loss 0.1204 | Val Loss 0.1071 MAE 11.2733 R2 0.3249
2026-08-30 02:36:08 | Epoch  56/100 | Train Loss 0.1189 | Val Loss 0.1074 MAE 11.3734 R2 0.3108
2026-08-30 02:36:09 | Epoch  57/100 | Train Loss 0.1178 | Val Loss 0.1062 MAE 11.1853 R2 0.3375
2026-08-30 02:36:09 |   Val R2 improved to 0.3375, model saved
2026-08-30 02:36:10 | Epoch  58/100 | Train Loss 0.1176 | Val Loss 0.1059 MAE 11.1729 R2 0.3376
2026-08-30 02:36:10 |   Val R2 improved to 0.3376, model saved
2026-08-30 02:36:12 | Epoch  59/100 | Train Loss 0.1154 | Val Loss 0.1045 MAE 10.9317 R2 0.3705
2026-08-30 02:36:12 |   Val R2 improved to 0.3705, model saved
2026-08-30 02:36:13 | Epoch  60/100 | Train Loss 0.1157 | Val Loss 0.1043 MAE 10.9244 R2 0.3694
2026-08-30 02:36:14 | Epoch  61/100 | Train Loss 0.1137 | Val Loss 0.1048 MAE 11.0798 R2 0.3482
2026-08-30 02:36:16 | Epoch  62/100 | Train Loss 0.1135 | Val Loss 0.1039 MAE 10.9465 R2 0.3667
2026-08-30 02:36:17 | Epoch  63/100 | Train Loss 0.1137 | Val Loss 0.1033 MAE 10.8577 R2 0.3787
2026-08-30 02:36:17 |   Val R2 improved to 0.3787, model saved
2026-08-30 02:36:18 | Epoch  64/100 | Train Loss 0.1127 | Val Loss 0.1037 MAE 11.0018 R2 0.3591
2026-08-30 02:36:20 | Epoch  65/100 | Train Loss 0.1118 | Val Loss 0.1045 MAE 11.2033 R2 0.3334
2026-08-30 02:36:21 | Epoch  66/100 | Train Loss 0.1110 | Val Loss 0.1023 MAE 10.7902 R2 0.3857
2026-08-30 02:36:21 |   Val R2 improved to 0.3857, model saved
2026-08-30 02:36:22 | Epoch  67/100 | Train Loss 0.1104 | Val Loss 0.1023 MAE 10.8142 R2 0.3829
2026-08-30 02:36:23 | Epoch  68/100 | Train Loss 0.1096 | Val Loss 0.1014 MAE 10.7035 R2 0.3994
2026-08-30 02:36:23 |   Val R2 improved to 0.3994, model saved
2026-08-30 02:36:25 | Epoch  69/100 | Train Loss 0.1088 | Val Loss 0.1015 MAE 10.7287 R2 0.3935
2026-08-30 02:36:26 | Epoch  70/100 | Train Loss 0.1086 | Val Loss 0.1015 MAE 10.7918 R2 0.3883
2026-08-30 02:36:27 | Epoch  71/100 | Train Loss 0.1080 | Val Loss 0.1004 MAE 10.6141 R2 0.4095
2026-08-30 02:36:27 |   Val R2 improved to 0.4095, model saved
2026-08-30 02:36:28 | Epoch  72/100 | Train Loss 0.1072 | Val Loss 0.1006 MAE 10.6850 R2 0.4030
2026-08-30 02:36:30 | Epoch  73/100 | Train Loss 0.1065 | Val Loss 0.1002 MAE 10.6401 R2 0.4089
2026-08-30 02:36:31 | Epoch  74/100 | Train Loss 0.1067 | Val Loss 0.1007 MAE 10.7738 R2 0.3928
2026-08-30 02:36:32 | Epoch  75/100 | Train Loss 0.1051 | Val Loss 0.0996 MAE 10.5911 R2 0.4156
2026-08-30 02:36:32 |   Val R2 improved to 0.4156, model saved
2026-08-30 02:36:33 | Epoch  76/100 | Train Loss 0.1054 | Val Loss 0.1003 MAE 10.7485 R2 0.3966
2026-08-30 02:36:35 | Epoch  77/100 | Train Loss 0.1047 | Val Loss 0.1006 MAE 10.8362 R2 0.3849
2026-08-30 02:36:36 | Epoch  78/100 | Train Loss 0.1042 | Val Loss 0.0997 MAE 10.6898 R2 0.4031
2026-08-30 02:36:37 | Epoch  79/100 | Train Loss 0.1039 | Val Loss 0.1008 MAE 10.9128 R2 0.3775
2026-08-30 02:36:38 | Epoch  80/100 | Train Loss 0.1036 | Val Loss 0.0990 MAE 10.6243 R2 0.4163
2026-08-30 02:36:38 |   Val R2 improved to 0.4163, model saved
2026-08-30 02:36:40 | Epoch  81/100 | Train Loss 0.1035 | Val Loss 0.0986 MAE 10.5679 R2 0.4231
2026-08-30 02:36:40 |   Val R2 improved to 0.4231, model saved
2026-08-30 02:36:41 | Epoch  82/100 | Train Loss 0.1024 | Val Loss 0.0988 MAE 10.6377 R2 0.4162
2026-08-30 02:36:42 | Epoch  83/100 | Train Loss 0.1016 | Val Loss 0.0988 MAE 10.6631 R2 0.4132
2026-08-30 02:36:44 | Epoch  84/100 | Train Loss 0.1025 | Val Loss 0.0986 MAE 10.6468 R2 0.4161
2026-08-30 02:36:45 | Epoch  85/100 | Train Loss 0.1024 | Val Loss 0.0993 MAE 10.7715 R2 0.4012
2026-08-30 02:36:46 | Epoch  86/100 | Train Loss 0.1017 | Val Loss 0.0978 MAE 10.5576 R2 0.4296
2026-08-30 02:36:46 |   Val R2 improved to 0.4296, model saved
2026-08-30 02:36:47 | Epoch  87/100 | Train Loss 0.1014 | Val Loss 0.0981 MAE 10.6406 R2 0.4238
2026-08-30 02:36:49 | Epoch  88/100 | Train Loss 0.1019 | Val Loss 0.0995 MAE 10.8454 R2 0.3936
2026-08-30 02:36:50 | Epoch  89/100 | Train Loss 0.1013 | Val Loss 0.0996 MAE 10.8970 R2 0.3891
2026-08-30 02:36:51 | Epoch  90/100 | Train Loss 0.1007 | Val Loss 0.0983 MAE 10.6924 R2 0.4149
2026-08-30 02:36:52 | Epoch  91/100 | Train Loss 0.1008 | Val Loss 0.0997 MAE 10.9256 R2 0.3869
2026-08-30 02:36:53 | Epoch  92/100 | Train Loss 0.1002 | Val Loss 0.0978 MAE 10.6626 R2 0.4219
2026-08-30 02:36:55 | Epoch  93/100 | Train Loss 0.0996 | Val Loss 0.0996 MAE 10.9349 R2 0.3866
2026-08-30 02:36:56 | Epoch  94/100 | Train Loss 0.1000 | Val Loss 0.0980 MAE 10.7060 R2 0.4161
2026-08-30 02:36:57 | Epoch  95/100 | Train Loss 0.0992 | Val Loss 0.0982 MAE 10.7622 R2 0.4107
2026-08-30 02:36:59 | Epoch  96/100 | Train Loss 0.0995 | Val Loss 0.0980 MAE 10.7371 R2 0.4147
2026-08-30 02:36:59 | Val R2 did not improve for 10 consecutive epochs, early stopping at Epoch 96 (best R2 0.4296 @ Epoch 86)
2026-08-30 02:36:59 | Run 3/5 | Test (best model @ Epoch 86) | Loss 0.1034 MAE 11.5347 R2 0.3671
2026-08-30 02:36:59 | ===== Run 4/5 (seed 3) =====
2026-08-30 02:37:00 | Epoch   1/100 | Train Loss 6.2674 | Val Loss 0.2280 MAE 26.1900 R2 -2.2264
2026-08-30 02:37:00 |   Val R2 improved to -2.2264, model saved
2026-08-30 02:37:02 | Epoch   2/100 | Train Loss 0.2175 | Val Loss 0.1829 MAE 19.2628 R2 -0.9775
2026-08-30 02:37:02 |   Val R2 improved to -0.9775, model saved
2026-08-30 02:37:03 | Epoch   3/100 | Train Loss 0.1827 | Val Loss 0.1476 MAE 14.7185 R2 -0.1067
2026-08-30 02:37:03 |   Val R2 improved to -0.1067, model saved
2026-08-30 02:37:04 | Epoch   4/100 | Train Loss 0.1738 | Val Loss 0.1446 MAE 14.6405 R2 -0.1402
2026-08-30 02:37:05 | Epoch   5/100 | Train Loss 0.1692 | Val Loss 0.1390 MAE 14.2104 R2 -0.0765
2026-08-30 02:37:05 |   Val R2 improved to -0.0765, model saved
2026-08-30 02:37:07 | Epoch   6/100 | Train Loss 0.1642 | Val Loss 0.1352 MAE 13.9534 R2 -0.0426
2026-08-30 02:37:07 |   Val R2 improved to -0.0426, model saved
2026-08-30 02:37:08 | Epoch   7/100 | Train Loss 0.1607 | Val Loss 0.1321 MAE 13.7556 R2 -0.0129
2026-08-30 02:37:08 |   Val R2 improved to -0.0129, model saved
2026-08-30 02:37:09 | Epoch   8/100 | Train Loss 0.1609 | Val Loss 0.1308 MAE 13.8070 R2 -0.0252
2026-08-30 02:37:11 | Epoch   9/100 | Train Loss 0.1567 | Val Loss 0.1285 MAE 13.6332 R2 0.0030
2026-08-30 02:37:11 |   Val R2 improved to 0.0030, model saved
2026-08-30 02:37:12 | Epoch  10/100 | Train Loss 0.1553 | Val Loss 0.1275 MAE 13.5822 R2 0.0093
2026-08-30 02:37:12 |   Val R2 improved to 0.0093, model saved
2026-08-30 02:37:13 | Epoch  11/100 | Train Loss 0.1543 | Val Loss 0.1265 MAE 13.5073 R2 0.0198
2026-08-30 02:37:13 |   Val R2 improved to 0.0198, model saved
2026-08-30 02:37:14 | Epoch  12/100 | Train Loss 0.1535 | Val Loss 0.1256 MAE 13.4223 R2 0.0329
2026-08-30 02:37:14 |   Val R2 improved to 0.0329, model saved
2026-08-30 02:37:16 | Epoch  13/100 | Train Loss 0.1526 | Val Loss 0.1251 MAE 13.3942 R2 0.0366
2026-08-30 02:37:16 |   Val R2 improved to 0.0366, model saved
2026-08-30 02:37:17 | Epoch  14/100 | Train Loss 0.1516 | Val Loss 0.1248 MAE 13.3581 R2 0.0410
2026-08-30 02:37:17 |   Val R2 improved to 0.0410, model saved
2026-08-30 02:37:18 | Epoch  15/100 | Train Loss 0.1511 | Val Loss 0.1239 MAE 13.2284 R2 0.0612
2026-08-30 02:37:18 |   Val R2 improved to 0.0612, model saved
2026-08-30 02:37:19 | Epoch  16/100 | Train Loss 0.1493 | Val Loss 0.1236 MAE 13.1567 R2 0.0709
2026-08-30 02:37:19 |   Val R2 improved to 0.0709, model saved
2026-08-30 02:37:20 | Epoch  17/100 | Train Loss 0.1502 | Val Loss 0.1240 MAE 13.2311 R2 0.0581
2026-08-30 02:37:22 | Epoch  18/100 | Train Loss 0.1498 | Val Loss 0.1218 MAE 12.8219 R2 0.1213
2026-08-30 02:37:22 |   Val R2 improved to 0.1213, model saved
2026-08-30 02:37:23 | Epoch  19/100 | Train Loss 0.1486 | Val Loss 0.1233 MAE 13.0895 R2 0.0769
2026-08-30 02:37:24 | Epoch  20/100 | Train Loss 0.1475 | Val Loss 0.1224 MAE 12.9473 R2 0.0993
2026-08-30 02:37:26 | Epoch  21/100 | Train Loss 0.1472 | Val Loss 0.1214 MAE 12.7657 R2 0.1276
2026-08-30 02:37:26 |   Val R2 improved to 0.1276, model saved
2026-08-30 02:37:27 | Epoch  22/100 | Train Loss 0.1450 | Val Loss 0.1211 MAE 12.7184 R2 0.1341
2026-08-30 02:37:27 |   Val R2 improved to 0.1341, model saved
2026-08-30 02:37:28 | Epoch  23/100 | Train Loss 0.1443 | Val Loss 0.1206 MAE 12.6239 R2 0.1476
2026-08-30 02:37:28 |   Val R2 improved to 0.1476, model saved
2026-08-30 02:37:29 | Epoch  24/100 | Train Loss 0.1447 | Val Loss 0.1213 MAE 12.7541 R2 0.1269
2026-08-30 02:37:31 | Epoch  25/100 | Train Loss 0.1439 | Val Loss 0.1204 MAE 12.6100 R2 0.1495
2026-08-30 02:37:31 |   Val R2 improved to 0.1495, model saved
2026-08-30 02:37:32 | Epoch  26/100 | Train Loss 0.1442 | Val Loss 0.1186 MAE 12.2924 R2 0.1992
2026-08-30 02:37:32 |   Val R2 improved to 0.1992, model saved
2026-08-30 02:37:33 | Epoch  27/100 | Train Loss 0.1420 | Val Loss 0.1196 MAE 12.4822 R2 0.1670
2026-08-30 02:37:35 | Epoch  28/100 | Train Loss 0.1422 | Val Loss 0.1212 MAE 12.7911 R2 0.1197
2026-08-30 02:37:36 | Epoch  29/100 | Train Loss 0.1415 | Val Loss 0.1177 MAE 12.1452 R2 0.2173
2026-08-30 02:37:36 |   Val R2 improved to 0.2173, model saved
2026-08-30 02:37:37 | Epoch  30/100 | Train Loss 0.1398 | Val Loss 0.1193 MAE 12.4288 R2 0.1724
2026-08-30 02:37:38 | Epoch  31/100 | Train Loss 0.1387 | Val Loss 0.1192 MAE 12.4499 R2 0.1687
2026-08-30 02:37:40 | Epoch  32/100 | Train Loss 0.1375 | Val Loss 0.1166 MAE 11.9772 R2 0.2398
2026-08-30 02:37:40 |   Val R2 improved to 0.2398, model saved
2026-08-30 02:37:41 | Epoch  33/100 | Train Loss 0.1375 | Val Loss 0.1171 MAE 12.0731 R2 0.2232
2026-08-30 02:37:42 | Epoch  34/100 | Train Loss 0.1375 | Val Loss 0.1182 MAE 12.3007 R2 0.1896
2026-08-30 02:37:43 | Epoch  35/100 | Train Loss 0.1379 | Val Loss 0.1172 MAE 12.1059 R2 0.2169
2026-08-30 02:37:45 | Epoch  36/100 | Train Loss 0.1357 | Val Loss 0.1162 MAE 11.9528 R2 0.2391
2026-08-30 02:37:46 | Epoch  37/100 | Train Loss 0.1355 | Val Loss 0.1169 MAE 12.1038 R2 0.2169
2026-08-30 02:37:48 | Epoch  38/100 | Train Loss 0.1334 | Val Loss 0.1160 MAE 11.9412 R2 0.2389
2026-08-30 02:37:49 | Epoch  39/100 | Train Loss 0.1363 | Val Loss 0.1156 MAE 11.8846 R2 0.2469
2026-08-30 02:37:49 |   Val R2 improved to 0.2469, model saved
2026-08-30 02:37:50 | Epoch  40/100 | Train Loss 0.1333 | Val Loss 0.1160 MAE 11.9915 R2 0.2307
2026-08-30 02:37:51 | Epoch  41/100 | Train Loss 0.1324 | Val Loss 0.1156 MAE 11.9483 R2 0.2365
2026-08-30 02:37:52 | Epoch  42/100 | Train Loss 0.1318 | Val Loss 0.1145 MAE 11.7413 R2 0.2659
2026-08-30 02:37:52 |   Val R2 improved to 0.2659, model saved
2026-08-30 02:37:54 | Epoch  43/100 | Train Loss 0.1312 | Val Loss 0.1139 MAE 11.6731 R2 0.2762
2026-08-30 02:37:54 |   Val R2 improved to 0.2762, model saved
2026-08-30 02:37:55 | Epoch  44/100 | Train Loss 0.1307 | Val Loss 0.1139 MAE 11.6828 R2 0.2733
2026-08-30 02:37:56 | Epoch  45/100 | Train Loss 0.1296 | Val Loss 0.1136 MAE 11.6630 R2 0.2757
2026-08-30 02:37:57 | Epoch  46/100 | Train Loss 0.1284 | Val Loss 0.1137 MAE 11.7161 R2 0.2681
2026-08-30 02:37:59 | Epoch  47/100 | Train Loss 0.1283 | Val Loss 0.1126 MAE 11.5265 R2 0.2945
2026-08-30 02:37:59 |   Val R2 improved to 0.2945, model saved
2026-08-30 02:38:00 | Epoch  48/100 | Train Loss 0.1274 | Val Loss 0.1123 MAE 11.4939 R2 0.2991
2026-08-30 02:38:00 |   Val R2 improved to 0.2991, model saved
2026-08-30 02:38:01 | Epoch  49/100 | Train Loss 0.1260 | Val Loss 0.1114 MAE 11.3434 R2 0.3195
2026-08-30 02:38:01 |   Val R2 improved to 0.3195, model saved
2026-08-30 02:38:03 | Epoch  50/100 | Train Loss 0.1263 | Val Loss 0.1118 MAE 11.4665 R2 0.3025
2026-08-30 02:38:04 | Epoch  51/100 | Train Loss 0.1250 | Val Loss 0.1116 MAE 11.4619 R2 0.3011
2026-08-30 02:38:05 | Epoch  52/100 | Train Loss 0.1252 | Val Loss 0.1107 MAE 11.3092 R2 0.3223
2026-08-30 02:38:05 |   Val R2 improved to 0.3223, model saved
2026-08-30 02:38:07 | Epoch  53/100 | Train Loss 0.1239 | Val Loss 0.1120 MAE 11.6235 R2 0.2789
2026-08-30 02:38:08 | Epoch  54/100 | Train Loss 0.1232 | Val Loss 0.1101 MAE 11.2650 R2 0.3279
2026-08-30 02:38:08 |   Val R2 improved to 0.3279, model saved
2026-08-30 02:38:09 | Epoch  55/100 | Train Loss 0.1223 | Val Loss 0.1090 MAE 11.0871 R2 0.3531
2026-08-30 02:38:09 |   Val R2 improved to 0.3531, model saved
2026-08-30 02:38:10 | Epoch  56/100 | Train Loss 0.1224 | Val Loss 0.1092 MAE 11.1500 R2 0.3438
2026-08-30 02:38:12 | Epoch  57/100 | Train Loss 0.1213 | Val Loss 0.1091 MAE 11.1563 R2 0.3416
2026-08-30 02:38:13 | Epoch  58/100 | Train Loss 0.1199 | Val Loss 0.1086 MAE 11.1027 R2 0.3478
2026-08-30 02:38:14 | Epoch  59/100 | Train Loss 0.1193 | Val Loss 0.1080 MAE 11.0247 R2 0.3582
2026-08-30 02:38:14 |   Val R2 improved to 0.3582, model saved
2026-08-30 02:38:15 | Epoch  60/100 | Train Loss 0.1186 | Val Loss 0.1091 MAE 11.2921 R2 0.3204
2026-08-30 02:38:17 | Epoch  61/100 | Train Loss 0.1185 | Val Loss 0.1080 MAE 11.1108 R2 0.3459
2026-08-30 02:38:18 | Epoch  62/100 | Train Loss 0.1179 | Val Loss 0.1079 MAE 11.1328 R2 0.3423
2026-08-30 02:38:19 | Epoch  63/100 | Train Loss 0.1170 | Val Loss 0.1074 MAE 11.0733 R2 0.3513
2026-08-30 02:38:21 | Epoch  64/100 | Train Loss 0.1165 | Val Loss 0.1069 MAE 11.0096 R2 0.3595
2026-08-30 02:38:21 |   Val R2 improved to 0.3595, model saved
2026-08-30 02:38:22 | Epoch  65/100 | Train Loss 0.1157 | Val Loss 0.1070 MAE 11.0648 R2 0.3521
2026-08-30 02:38:23 | Epoch  66/100 | Train Loss 0.1156 | Val Loss 0.1092 MAE 11.5163 R2 0.2882
2026-08-30 02:38:25 | Epoch  67/100 | Train Loss 0.1150 | Val Loss 0.1075 MAE 11.2191 R2 0.3291
2026-08-30 02:38:26 | Epoch  68/100 | Train Loss 0.1137 | Val Loss 0.1050 MAE 10.7656 R2 0.3934
2026-08-30 02:38:26 |   Val R2 improved to 0.3934, model saved
2026-08-30 02:38:27 | Epoch  69/100 | Train Loss 0.1129 | Val Loss 0.1048 MAE 10.7652 R2 0.3903
2026-08-30 02:38:28 | Epoch  70/100 | Train Loss 0.1121 | Val Loss 0.1054 MAE 10.9194 R2 0.3699
2026-08-30 02:38:30 | Epoch  71/100 | Train Loss 0.1120 | Val Loss 0.1039 MAE 10.6566 R2 0.4073
2026-08-30 02:38:30 |   Val R2 improved to 0.4073, model saved
2026-08-30 02:38:31 | Epoch  72/100 | Train Loss 0.1111 | Val Loss 0.1034 MAE 10.6035 R2 0.4198
2026-08-30 02:38:31 |   Val R2 improved to 0.4198, model saved
2026-08-30 02:38:32 | Epoch  73/100 | Train Loss 0.1106 | Val Loss 0.1038 MAE 10.7146 R2 0.3989
2026-08-30 02:38:34 | Epoch  74/100 | Train Loss 0.1102 | Val Loss 0.1047 MAE 10.9051 R2 0.3717
2026-08-30 02:38:35 | Epoch  75/100 | Train Loss 0.1102 | Val Loss 0.1040 MAE 10.7934 R2 0.3909
2026-08-30 02:38:36 | Epoch  76/100 | Train Loss 0.1093 | Val Loss 0.1038 MAE 10.7752 R2 0.3897
2026-08-30 02:38:38 | Epoch  77/100 | Train Loss 0.1087 | Val Loss 0.1030 MAE 10.6670 R2 0.4065
2026-08-30 02:38:39 | Epoch  78/100 | Train Loss 0.1081 | Val Loss 0.1037 MAE 10.8323 R2 0.3847
2026-08-30 02:38:40 | Epoch  79/100 | Train Loss 0.1083 | Val Loss 0.1036 MAE 10.8500 R2 0.3842
2026-08-30 02:38:41 | Epoch  80/100 | Train Loss 0.1075 | Val Loss 0.1036 MAE 10.8822 R2 0.3812
2026-08-30 02:38:43 | Epoch  81/100 | Train Loss 0.1077 | Val Loss 0.1041 MAE 10.9871 R2 0.3671
2026-08-30 02:38:44 | Epoch  82/100 | Train Loss 0.1068 | Val Loss 0.1026 MAE 10.7312 R2 0.4032
2026-08-30 02:38:44 | Val R2 did not improve for 10 consecutive epochs, early stopping at Epoch 82 (best R2 0.4198 @ Epoch 72)
2026-08-30 02:38:44 | Run 4/5 | Test (best model @ Epoch 72) | Loss 0.1093 MAE 11.6210 R2 0.3393
2026-08-30 02:38:44 | ===== Run 5/5 (seed 4) =====
2026-08-30 02:38:45 | Epoch   1/100 | Train Loss 4.9024 | Val Loss 0.2597 MAE 31.2119 R2 -3.3563
2026-08-30 02:38:45 |   Val R2 improved to -3.3563, model saved
2026-08-30 02:38:47 | Epoch   2/100 | Train Loss 0.2432 | Val Loss 0.1940 MAE 22.3677 R2 -1.5121
2026-08-30 02:38:47 |   Val R2 improved to -1.5121, model saved
2026-08-30 02:38:48 | Epoch   3/100 | Train Loss 0.2148 | Val Loss 0.1718 MAE 19.8796 R2 -1.0103
2026-08-30 02:38:48 |   Val R2 improved to -1.0103, model saved
2026-08-30 02:38:49 | Epoch   4/100 | Train Loss 0.1976 | Val Loss 0.1574 MAE 18.0494 R2 -0.6902
2026-08-30 02:38:49 |   Val R2 improved to -0.6902, model saved
2026-08-30 02:38:51 | Epoch   5/100 | Train Loss 0.1853 | Val Loss 0.1446 MAE 16.2896 R2 -0.4015
2026-08-30 02:38:51 |   Val R2 improved to -0.4015, model saved
2026-08-30 02:38:52 | Epoch   6/100 | Train Loss 0.1798 | Val Loss 0.1382 MAE 15.4224 R2 -0.2765
2026-08-30 02:38:52 |   Val R2 improved to -0.2765, model saved
2026-08-30 02:38:53 | Epoch   7/100 | Train Loss 0.1752 | Val Loss 0.1358 MAE 15.2105 R2 -0.2537
2026-08-30 02:38:53 |   Val R2 improved to -0.2537, model saved
2026-08-30 02:38:55 | Epoch   8/100 | Train Loss 0.1703 | Val Loss 0.1316 MAE 14.6765 R2 -0.1652
2026-08-30 02:38:55 |   Val R2 improved to -0.1652, model saved
2026-08-30 02:38:56 | Epoch   9/100 | Train Loss 0.1712 | Val Loss 0.1313 MAE 14.7183 R2 -0.1772
2026-08-30 02:38:57 | Epoch  10/100 | Train Loss 0.1706 | Val Loss 0.1302 MAE 14.6121 R2 -0.1608
2026-08-30 02:38:57 |   Val R2 improved to -0.1608, model saved
2026-08-30 02:38:59 | Epoch  11/100 | Train Loss 0.1670 | Val Loss 0.1301 MAE 14.6504 R2 -0.1685
2026-08-30 02:39:00 | Epoch  12/100 | Train Loss 0.1651 | Val Loss 0.1282 MAE 14.3399 R2 -0.1184
2026-08-30 02:39:00 |   Val R2 improved to -0.1184, model saved
2026-08-30 02:39:01 | Epoch  13/100 | Train Loss 0.1654 | Val Loss 0.1269 MAE 14.1323 R2 -0.0839
2026-08-30 02:39:01 |   Val R2 improved to -0.0839, model saved
2026-08-30 02:39:02 | Epoch  14/100 | Train Loss 0.1617 | Val Loss 0.1265 MAE 14.0707 R2 -0.0769
2026-08-30 02:39:02 |   Val R2 improved to -0.0769, model saved
2026-08-30 02:39:04 | Epoch  15/100 | Train Loss 0.1607 | Val Loss 0.1262 MAE 14.0152 R2 -0.0681
2026-08-30 02:39:04 |   Val R2 improved to -0.0681, model saved
2026-08-30 02:39:05 | Epoch  16/100 | Train Loss 0.1614 | Val Loss 0.1251 MAE 13.8189 R2 -0.0376
2026-08-30 02:39:05 |   Val R2 improved to -0.0376, model saved
2026-08-30 02:39:06 | Epoch  17/100 | Train Loss 0.1593 | Val Loss 0.1243 MAE 13.6801 R2 -0.0169
2026-08-30 02:39:06 |   Val R2 improved to -0.0169, model saved
2026-08-30 02:39:08 | Epoch  18/100 | Train Loss 0.1568 | Val Loss 0.1247 MAE 13.7474 R2 -0.0276
2026-08-30 02:39:09 | Epoch  19/100 | Train Loss 0.1580 | Val Loss 0.1234 MAE 13.5169 R2 0.0086
2026-08-30 02:39:09 |   Val R2 improved to 0.0086, model saved
2026-08-30 02:39:10 | Epoch  20/100 | Train Loss 0.1570 | Val Loss 0.1218 MAE 13.2211 R2 0.0530
2026-08-30 02:39:10 |   Val R2 improved to 0.0530, model saved
2026-08-30 02:39:11 | Epoch  21/100 | Train Loss 0.1564 | Val Loss 0.1220 MAE 13.2608 R2 0.0473
2026-08-30 02:39:13 | Epoch  22/100 | Train Loss 0.1539 | Val Loss 0.1237 MAE 13.5723 R2 -0.0018
2026-08-30 02:39:14 | Epoch  23/100 | Train Loss 0.1538 | Val Loss 0.1213 MAE 13.1339 R2 0.0654
2026-08-30 02:39:14 |   Val R2 improved to 0.0654, model saved
2026-08-30 02:39:15 | Epoch  24/100 | Train Loss 0.1521 | Val Loss 0.1203 MAE 12.9586 R2 0.0908
2026-08-30 02:39:15 |   Val R2 improved to 0.0908, model saved
2026-08-30 02:39:17 | Epoch  25/100 | Train Loss 0.1491 | Val Loss 0.1205 MAE 12.9955 R2 0.0846
2026-08-30 02:39:18 | Epoch  26/100 | Train Loss 0.1513 | Val Loss 0.1206 MAE 13.0309 R2 0.0794
2026-08-30 02:39:19 | Epoch  27/100 | Train Loss 0.1474 | Val Loss 0.1178 MAE 12.5222 R2 0.1573
2026-08-30 02:39:19 |   Val R2 improved to 0.1573, model saved
2026-08-30 02:39:20 | Epoch  28/100 | Train Loss 0.1460 | Val Loss 0.1190 MAE 12.7540 R2 0.1209
2026-08-30 02:39:22 | Epoch  29/100 | Train Loss 0.1470 | Val Loss 0.1193 MAE 12.8165 R2 0.1111
2026-08-30 02:39:23 | Epoch  30/100 | Train Loss 0.1459 | Val Loss 0.1178 MAE 12.5457 R2 0.1507
2026-08-30 02:39:25 | Epoch  31/100 | Train Loss 0.1453 | Val Loss 0.1183 MAE 12.6700 R2 0.1321
2026-08-30 02:39:26 | Epoch  32/100 | Train Loss 0.1432 | Val Loss 0.1170 MAE 12.4271 R2 0.1684
2026-08-30 02:39:26 |   Val R2 improved to 0.1684, model saved
2026-08-30 02:39:27 | Epoch  33/100 | Train Loss 0.1428 | Val Loss 0.1166 MAE 12.3691 R2 0.1762
2026-08-30 02:39:27 |   Val R2 improved to 0.1762, model saved
2026-08-30 02:39:29 | Epoch  34/100 | Train Loss 0.1409 | Val Loss 0.1164 MAE 12.3391 R2 0.1797
2026-08-30 02:39:29 |   Val R2 improved to 0.1797, model saved
2026-08-30 02:39:30 | Epoch  35/100 | Train Loss 0.1407 | Val Loss 0.1162 MAE 12.3303 R2 0.1812
2026-08-30 02:39:30 |   Val R2 improved to 0.1812, model saved
2026-08-30 02:39:31 | Epoch  36/100 | Train Loss 0.1389 | Val Loss 0.1156 MAE 12.2309 R2 0.1951
2026-08-30 02:39:31 |   Val R2 improved to 0.1951, model saved
2026-08-30 02:39:32 | Epoch  37/100 | Train Loss 0.1396 | Val Loss 0.1159 MAE 12.2996 R2 0.1858
2026-08-30 02:39:34 | Epoch  38/100 | Train Loss 0.1391 | Val Loss 0.1158 MAE 12.3162 R2 0.1828
2026-08-30 02:39:35 | Epoch  39/100 | Train Loss 0.1382 | Val Loss 0.1147 MAE 12.1088 R2 0.2122
2026-08-30 02:39:35 |   Val R2 improved to 0.2122, model saved
2026-08-30 02:39:36 | Epoch  40/100 | Train Loss 0.1368 | Val Loss 0.1145 MAE 12.1118 R2 0.2112
2026-08-30 02:39:38 | Epoch  41/100 | Train Loss 0.1344 | Val Loss 0.1124 MAE 11.7278 R2 0.2675
2026-08-30 02:39:38 |   Val R2 improved to 0.2675, model saved
2026-08-30 02:39:39 | Epoch  42/100 | Train Loss 0.1331 | Val Loss 0.1124 MAE 11.7604 R2 0.2611
2026-08-30 02:39:40 | Epoch  43/100 | Train Loss 0.1339 | Val Loss 0.1122 MAE 11.7357 R2 0.2649
2026-08-30 02:39:41 | Epoch  44/100 | Train Loss 0.1324 | Val Loss 0.1122 MAE 11.7655 R2 0.2601
2026-08-30 02:39:43 | Epoch  45/100 | Train Loss 0.1318 | Val Loss 0.1132 MAE 12.0165 R2 0.2244
2026-08-30 02:39:44 | Epoch  46/100 | Train Loss 0.1312 | Val Loss 0.1126 MAE 11.9280 R2 0.2365
2026-08-30 02:39:45 | Epoch  47/100 | Train Loss 0.1285 | Val Loss 0.1094 MAE 11.3071 R2 0.3231
2026-08-30 02:39:45 |   Val R2 improved to 0.3231, model saved
2026-08-30 02:39:47 | Epoch  48/100 | Train Loss 0.1291 | Val Loss 0.1095 MAE 11.3496 R2 0.3162
2026-08-30 02:39:48 | Epoch  49/100 | Train Loss 0.1276 | Val Loss 0.1092 MAE 11.3195 R2 0.3190
2026-08-30 02:39:49 | Epoch  50/100 | Train Loss 0.1268 | Val Loss 0.1108 MAE 11.7100 R2 0.2655
2026-08-30 02:39:50 | Epoch  51/100 | Train Loss 0.1245 | Val Loss 0.1084 MAE 11.2317 R2 0.3285
2026-08-30 02:39:50 |   Val R2 improved to 0.3285, model saved
2026-08-30 02:39:52 | Epoch  52/100 | Train Loss 0.1253 | Val Loss 0.1075 MAE 11.0760 R2 0.3499
2026-08-30 02:39:52 |   Val R2 improved to 0.3499, model saved
2026-08-30 02:39:53 | Epoch  53/100 | Train Loss 0.1232 | Val Loss 0.1080 MAE 11.2468 R2 0.3264
2026-08-30 02:39:54 | Epoch  54/100 | Train Loss 0.1234 | Val Loss 0.1083 MAE 11.3611 R2 0.3113
2026-08-30 02:39:56 | Epoch  55/100 | Train Loss 0.1227 | Val Loss 0.1079 MAE 11.3014 R2 0.3180
2026-08-30 02:39:57 | Epoch  56/100 | Train Loss 0.1220 | Val Loss 0.1094 MAE 11.6852 R2 0.2672
2026-08-30 02:39:58 | Epoch  57/100 | Train Loss 0.1206 | Val Loss 0.1065 MAE 11.0785 R2 0.3484
2026-08-30 02:39:59 | Epoch  58/100 | Train Loss 0.1192 | Val Loss 0.1058 MAE 10.9893 R2 0.3616
2026-08-30 02:39:59 |   Val R2 improved to 0.3616, model saved
2026-08-30 02:40:01 | Epoch  59/100 | Train Loss 0.1195 | Val Loss 0.1083 MAE 11.5835 R2 0.2806
2026-08-30 02:40:02 | Epoch  60/100 | Train Loss 0.1182 | Val Loss 0.1047 MAE 10.8502 R2 0.3801
2026-08-30 02:40:02 |   Val R2 improved to 0.3801, model saved
2026-08-30 02:40:03 | Epoch  61/100 | Train Loss 0.1180 | Val Loss 0.1053 MAE 11.0348 R2 0.3544
2026-08-30 02:40:05 | Epoch  62/100 | Train Loss 0.1169 | Val Loss 0.1033 MAE 10.6305 R2 0.4097
2026-08-30 02:40:05 |   Val R2 improved to 0.4097, model saved
2026-08-30 02:40:06 | Epoch  63/100 | Train Loss 0.1165 | Val Loss 0.1060 MAE 11.2643 R2 0.3198
2026-08-30 02:40:07 | Epoch  64/100 | Train Loss 0.1148 | Val Loss 0.1046 MAE 11.0176 R2 0.3541
2026-08-30 02:40:09 | Epoch  65/100 | Train Loss 0.1140 | Val Loss 0.1040 MAE 10.9443 R2 0.3605
2026-08-30 02:40:10 | Epoch  66/100 | Train Loss 0.1139 | Val Loss 0.1033 MAE 10.8030 R2 0.3823
2026-08-30 02:40:11 | Epoch  67/100 | Train Loss 0.1121 | Val Loss 0.1046 MAE 11.1519 R2 0.3329
2026-08-30 02:40:12 | Epoch  68/100 | Train Loss 0.1111 | Val Loss 0.1045 MAE 11.1563 R2 0.3309
2026-08-30 02:40:14 | Epoch  69/100 | Train Loss 0.1108 | Val Loss 0.1032 MAE 10.9260 R2 0.3609
2026-08-30 02:40:15 | Epoch  70/100 | Train Loss 0.1101 | Val Loss 0.1024 MAE 10.8143 R2 0.3782
2026-08-30 02:40:16 | Epoch  71/100 | Train Loss 0.1092 | Val Loss 0.1006 MAE 10.4931 R2 0.4205
2026-08-30 02:40:16 |   Val R2 improved to 0.4205, model saved
2026-08-30 02:40:17 | Epoch  72/100 | Train Loss 0.1093 | Val Loss 0.1033 MAE 11.0848 R2 0.3415
2026-08-30 02:40:19 | Epoch  73/100 | Train Loss 0.1081 | Val Loss 0.1012 MAE 10.6780 R2 0.3952
2026-08-30 02:40:20 | Epoch  74/100 | Train Loss 0.1068 | Val Loss 0.1020 MAE 10.9189 R2 0.3633
2026-08-30 02:40:21 | Epoch  75/100 | Train Loss 0.1071 | Val Loss 0.1004 MAE 10.6191 R2 0.4043
2026-08-30 02:40:23 | Epoch  76/100 | Train Loss 0.1065 | Val Loss 0.1008 MAE 10.7170 R2 0.3905
2026-08-30 02:40:24 | Epoch  77/100 | Train Loss 0.1059 | Val Loss 0.1019 MAE 10.9642 R2 0.3577
2026-08-30 02:40:25 | Epoch  78/100 | Train Loss 0.1060 | Val Loss 0.0995 MAE 10.5320 R2 0.4174
2026-08-30 02:40:26 | Epoch  79/100 | Train Loss 0.1045 | Val Loss 0.1008 MAE 10.7946 R2 0.3822
2026-08-30 02:40:28 | Epoch  80/100 | Train Loss 0.1041 | Val Loss 0.0995 MAE 10.5867 R2 0.4138
2026-08-30 02:40:29 | Epoch  81/100 | Train Loss 0.1040 | Val Loss 0.1023 MAE 11.1246 R2 0.3418
2026-08-30 02:40:29 | Val R2 did not improve for 10 consecutive epochs, early stopping at Epoch 81 (best R2 0.4205 @ Epoch 71)
2026-08-30 02:40:29 | Run 5/5 | Test (best model @ Epoch 71) | Loss 0.1068 MAE 11.5461 R2 0.3417
2026-08-30 02:40:29 | Average over 5 runs | Test Loss 0.1064±0.0030 MAE 11.5262±0.2294 R2 0.3510±0.0282
