2026-08-26 20:37:29 | Device: cuda
2026-08-26 20:37:29 | Args: {'model': 'dvcca', 'backbone': 'cnn', 'task': 'agedb', 'epochs': 100, 'batch_size': 512, 'lr': 0.001, 'hidden_dims': [512, 256], 'dropout': 0.2, 'z_dim': 256, 'anchor_scale': 4.0, 'max_len': 250, 'random_labels': False, 'beta': 1.0, 'patience': 10, 'runs': 5, 'seed': 0, 'data_dir': './data', 'save_path': 'output/agedb_cnn_dvcca/agedb_cnn_dvcca.pt', 'log_path': '/root/autodl-tmp/FGIB/tune_results/agedb_cnn_dvcca_beta_1/train.log', 'no_save': True}
2026-08-26 20:37:29 | AgeDB 图像：16488 张，年龄 1~101 岁
2026-08-26 20:37:29 | AgeDB 划分（60/20/20）：train 9892 / val 3298 / test 3298（共 16488 张）
2026-08-26 20:37:29 | AgeDB 预解码缓存命中：./data/agedb/agedb_64x64_uint8.npy
2026-08-26 20:37:29 | AgeDB 加载完成：9892/3298/3298（batch 512，RGB 64x64，ImageNet 归一化），年龄 MinMax 归一化到 [0,1]（1~101 岁）
2026-08-26 20:37:29 | ===== Run 1/5 (seed 0) =====
2026-08-26 20:37:33 | Epoch   1/100 | Train Loss 3.7155 | Val Loss 1.6277 MAE 33.2142 R2 -3.7352
2026-08-26 20:37:33 |   Val R2 improved to -3.7352, model saved
2026-08-26 20:37:34 | Epoch   2/100 | Train Loss 1.6359 | Val Loss 1.5495 MAE 30.3988 R2 -3.1088
2026-08-26 20:37:34 |   Val R2 improved to -3.1088, model saved
2026-08-26 20:37:36 | Epoch   3/100 | Train Loss 1.5039 | Val Loss 1.5162 MAE 31.1262 R2 -3.2743
2026-08-26 20:37:38 | Epoch   4/100 | Train Loss 1.4404 | Val Loss 1.5063 MAE 31.0133 R2 -3.2503
2026-08-26 20:37:39 | Epoch   5/100 | Train Loss 1.4062 | Val Loss 1.4963 MAE 30.2294 R2 -3.0835
2026-08-26 20:37:39 |   Val R2 improved to -3.0835, model saved
2026-08-26 20:37:41 | Epoch   6/100 | Train Loss 1.3802 | Val Loss 1.4857 MAE 29.0701 R2 -2.8433
2026-08-26 20:37:41 |   Val R2 improved to -2.8433, model saved
2026-08-26 20:37:43 | Epoch   7/100 | Train Loss 1.3619 | Val Loss 1.4753 MAE 27.7178 R2 -2.5718
2026-08-26 20:37:43 |   Val R2 improved to -2.5718, model saved
2026-08-26 20:37:44 | Epoch   8/100 | Train Loss 1.3470 | Val Loss 1.4651 MAE 26.2836 R2 -2.2924
2026-08-26 20:37:45 |   Val R2 improved to -2.2924, model saved
2026-08-26 20:37:46 | Epoch   9/100 | Train Loss 1.3366 | Val Loss 1.4556 MAE 24.8555 R2 -2.0230
2026-08-26 20:37:46 |   Val R2 improved to -2.0230, model saved
2026-08-26 20:37:48 | Epoch  10/100 | Train Loss 1.3255 | Val Loss 1.4463 MAE 23.4993 R2 -1.7749
2026-08-26 20:37:48 |   Val R2 improved to -1.7749, model saved
2026-08-26 20:37:50 | Epoch  11/100 | Train Loss 1.3166 | Val Loss 1.4381 MAE 22.2485 R2 -1.5493
2026-08-26 20:37:50 |   Val R2 improved to -1.5493, model saved
2026-08-26 20:37:51 | Epoch  12/100 | Train Loss 1.3087 | Val Loss 1.4308 MAE 21.1015 R2 -1.3465
2026-08-26 20:37:51 |   Val R2 improved to -1.3465, model saved
2026-08-26 20:37:53 | Epoch  13/100 | Train Loss 1.3030 | Val Loss 1.4241 MAE 20.0558 R2 -1.1634
2026-08-26 20:37:53 |   Val R2 improved to -1.1634, model saved
2026-08-26 20:37:55 | Epoch  14/100 | Train Loss 1.2969 | Val Loss 1.4174 MAE 19.1339 R2 -1.0025
2026-08-26 20:37:55 |   Val R2 improved to -1.0025, model saved
2026-08-26 20:37:57 | Epoch  15/100 | Train Loss 1.2926 | Val Loss 1.4123 MAE 18.3255 R2 -0.8609
2026-08-26 20:37:57 |   Val R2 improved to -0.8609, model saved
2026-08-26 20:37:58 | Epoch  16/100 | Train Loss 1.2879 | Val Loss 1.4069 MAE 17.6229 R2 -0.7370
2026-08-26 20:37:58 |   Val R2 improved to -0.7370, model saved
2026-08-26 20:38:00 | Epoch  17/100 | Train Loss 1.2838 | Val Loss 1.4028 MAE 17.0127 R2 -0.6278
2026-08-26 20:38:00 |   Val R2 improved to -0.6278, model saved
2026-08-26 20:38:02 | Epoch  18/100 | Train Loss 1.2813 | Val Loss 1.3983 MAE 16.4869 R2 -0.5328
2026-08-26 20:38:02 |   Val R2 improved to -0.5328, model saved
2026-08-26 20:38:04 | Epoch  19/100 | Train Loss 1.2775 | Val Loss 1.3946 MAE 16.0451 R2 -0.4509
2026-08-26 20:38:04 |   Val R2 improved to -0.4509, model saved
2026-08-26 20:38:05 | Epoch  20/100 | Train Loss 1.2758 | Val Loss 1.3915 MAE 15.6762 R2 -0.3797
2026-08-26 20:38:05 |   Val R2 improved to -0.3797, model saved
2026-08-26 20:38:07 | Epoch  21/100 | Train Loss 1.2737 | Val Loss 1.3879 MAE 15.3653 R2 -0.3188
2026-08-26 20:38:07 |   Val R2 improved to -0.3188, model saved
2026-08-26 20:38:09 | Epoch  22/100 | Train Loss 1.2715 | Val Loss 1.3851 MAE 15.1077 R2 -0.2661
2026-08-26 20:38:09 |   Val R2 improved to -0.2661, model saved
2026-08-26 20:38:10 | Epoch  23/100 | Train Loss 1.2701 | Val Loss 1.3826 MAE 14.9080 R2 -0.2217
2026-08-26 20:38:10 |   Val R2 improved to -0.2217, model saved
2026-08-26 20:38:12 | Epoch  24/100 | Train Loss 1.2695 | Val Loss 1.3800 MAE 14.7432 R2 -0.1845
2026-08-26 20:38:12 |   Val R2 improved to -0.1845, model saved
2026-08-26 20:38:14 | Epoch  25/100 | Train Loss 1.2674 | Val Loss 1.3779 MAE 14.6001 R2 -0.1521
2026-08-26 20:38:14 |   Val R2 improved to -0.1521, model saved
2026-08-26 20:38:16 | Epoch  26/100 | Train Loss 1.2661 | Val Loss 1.3758 MAE 14.4945 R2 -0.1255
2026-08-26 20:38:16 |   Val R2 improved to -0.1255, model saved
2026-08-26 20:38:18 | Epoch  27/100 | Train Loss 1.2658 | Val Loss 1.3742 MAE 14.4071 R2 -0.1033
2026-08-26 20:38:18 |   Val R2 improved to -0.1033, model saved
2026-08-26 20:38:19 | Epoch  28/100 | Train Loss 1.2648 | Val Loss 1.3722 MAE 14.3389 R2 -0.0849
2026-08-26 20:38:19 |   Val R2 improved to -0.0849, model saved
2026-08-26 20:38:21 | Epoch  29/100 | Train Loss 1.2641 | Val Loss 1.3709 MAE 14.2860 R2 -0.0695
2026-08-26 20:38:21 |   Val R2 improved to -0.0695, model saved
2026-08-26 20:38:23 | Epoch  30/100 | Train Loss 1.2636 | Val Loss 1.3694 MAE 14.2451 R2 -0.0564
2026-08-26 20:38:23 |   Val R2 improved to -0.0564, model saved
2026-08-26 20:38:24 | Epoch  31/100 | Train Loss 1.2645 | Val Loss 1.3680 MAE 14.2128 R2 -0.0462
2026-08-26 20:38:24 |   Val R2 improved to -0.0462, model saved
2026-08-26 20:38:26 | Epoch  32/100 | Train Loss 1.2636 | Val Loss 1.3664 MAE 14.1947 R2 -0.0376
2026-08-26 20:38:26 |   Val R2 improved to -0.0376, model saved
2026-08-26 20:38:28 | Epoch  33/100 | Train Loss 1.2629 | Val Loss 1.3652 MAE 14.1784 R2 -0.0307
2026-08-26 20:38:28 |   Val R2 improved to -0.0307, model saved
2026-08-26 20:38:30 | Epoch  34/100 | Train Loss 1.2628 | Val Loss 1.3637 MAE 14.1649 R2 -0.0247
2026-08-26 20:38:30 |   Val R2 improved to -0.0247, model saved
2026-08-26 20:38:31 | Epoch  35/100 | Train Loss 1.2628 | Val Loss 1.3624 MAE 14.1602 R2 -0.0203
2026-08-26 20:38:31 |   Val R2 improved to -0.0203, model saved
2026-08-26 20:38:33 | Epoch  36/100 | Train Loss 1.2627 | Val Loss 1.3614 MAE 14.1557 R2 -0.0165
2026-08-26 20:38:33 |   Val R2 improved to -0.0165, model saved
2026-08-26 20:38:35 | Epoch  37/100 | Train Loss 1.2619 | Val Loss 1.3600 MAE 14.1518 R2 -0.0136
2026-08-26 20:38:35 |   Val R2 improved to -0.0136, model saved
2026-08-26 20:38:36 | Epoch  38/100 | Train Loss 1.2619 | Val Loss 1.3589 MAE 14.1482 R2 -0.0111
2026-08-26 20:38:36 |   Val R2 improved to -0.0111, model saved
2026-08-26 20:38:38 | Epoch  39/100 | Train Loss 1.2620 | Val Loss 1.3578 MAE 14.1503 R2 -0.0091
2026-08-26 20:38:38 |   Val R2 improved to -0.0091, model saved
2026-08-26 20:38:40 | Epoch  40/100 | Train Loss 1.2616 | Val Loss 1.3564 MAE 14.1542 R2 -0.0075
2026-08-26 20:38:40 |   Val R2 improved to -0.0075, model saved
2026-08-26 20:38:42 | Epoch  41/100 | Train Loss 1.2616 | Val Loss 1.3553 MAE 14.1574 R2 -0.0062
2026-08-26 20:38:42 |   Val R2 improved to -0.0062, model saved
2026-08-26 20:38:44 | Epoch  42/100 | Train Loss 1.2622 | Val Loss 1.3542 MAE 14.1601 R2 -0.0052
2026-08-26 20:38:44 |   Val R2 improved to -0.0052, model saved
2026-08-26 20:38:45 | Epoch  43/100 | Train Loss 1.2618 | Val Loss 1.3529 MAE 14.1625 R2 -0.0044
2026-08-26 20:38:45 |   Val R2 improved to -0.0044, model saved
2026-08-26 20:38:47 | Epoch  44/100 | Train Loss 1.2617 | Val Loss 1.3521 MAE 14.1649 R2 -0.0037
2026-08-26 20:38:47 |   Val R2 improved to -0.0037, model saved
2026-08-26 20:38:49 | Epoch  45/100 | Train Loss 1.2620 | Val Loss 1.3508 MAE 14.1669 R2 -0.0031
2026-08-26 20:38:49 |   Val R2 improved to -0.0031, model saved
2026-08-26 20:38:51 | Epoch  46/100 | Train Loss 1.2618 | Val Loss 1.3497 MAE 14.1690 R2 -0.0026
2026-08-26 20:38:51 |   Val R2 improved to -0.0026, model saved
2026-08-26 20:38:52 | Epoch  47/100 | Train Loss 1.2611 | Val Loss 1.3487 MAE 14.1706 R2 -0.0022
2026-08-26 20:38:52 |   Val R2 improved to -0.0022, model saved
2026-08-26 20:38:54 | Epoch  48/100 | Train Loss 1.2617 | Val Loss 1.3476 MAE 14.1720 R2 -0.0019
2026-08-26 20:38:54 |   Val R2 improved to -0.0019, model saved
2026-08-26 20:38:56 | Epoch  49/100 | Train Loss 1.2613 | Val Loss 1.3469 MAE 14.1740 R2 -0.0018
2026-08-26 20:38:56 |   Val R2 improved to -0.0018, model saved
2026-08-26 20:38:57 | Epoch  50/100 | Train Loss 1.2618 | Val Loss 1.3456 MAE 14.1764 R2 -0.0016
2026-08-26 20:38:57 |   Val R2 improved to -0.0016, model saved
2026-08-26 20:38:59 | Epoch  51/100 | Train Loss 1.2613 | Val Loss 1.3445 MAE 14.1778 R2 -0.0015
2026-08-26 20:38:59 |   Val R2 improved to -0.0015, model saved
2026-08-26 20:39:01 | Epoch  52/100 | Train Loss 1.2618 | Val Loss 1.3439 MAE 14.1789 R2 -0.0015
2026-08-26 20:39:01 |   Val R2 improved to -0.0015, model saved
2026-08-26 20:39:03 | Epoch  53/100 | Train Loss 1.2612 | Val Loss 1.3430 MAE 14.1804 R2 -0.0014
2026-08-26 20:39:03 |   Val R2 improved to -0.0014, model saved
2026-08-26 20:39:05 | Epoch  54/100 | Train Loss 1.2612 | Val Loss 1.3418 MAE 14.1825 R2 -0.0012
2026-08-26 20:39:05 |   Val R2 improved to -0.0012, model saved
2026-08-26 20:39:06 | Epoch  55/100 | Train Loss 1.2618 | Val Loss 1.3411 MAE 14.1834 R2 -0.0012
2026-08-26 20:39:06 |   Val R2 improved to -0.0012, model saved
2026-08-26 20:39:08 | Epoch  56/100 | Train Loss 1.2610 | Val Loss 1.3401 MAE 14.1835 R2 -0.0012
2026-08-26 20:39:08 |   Val R2 improved to -0.0012, model saved
2026-08-26 20:39:10 | Epoch  57/100 | Train Loss 1.2614 | Val Loss 1.3390 MAE 14.1844 R2 -0.0011
2026-08-26 20:39:10 |   Val R2 improved to -0.0011, model saved
2026-08-26 20:39:12 | Epoch  58/100 | Train Loss 1.2615 | Val Loss 1.3382 MAE 14.1842 R2 -0.0011
2026-08-26 20:39:13 | Epoch  59/100 | Train Loss 1.2619 | Val Loss 1.3371 MAE 14.1840 R2 -0.0012
2026-08-26 20:39:15 | Epoch  60/100 | Train Loss 1.2610 | Val Loss 1.3364 MAE 14.1866 R2 -0.0010
2026-08-26 20:39:15 |   Val R2 improved to -0.0010, model saved
2026-08-26 20:39:17 | Epoch  61/100 | Train Loss 1.2612 | Val Loss 1.3355 MAE 14.1872 R2 -0.0010
2026-08-26 20:39:17 |   Val R2 improved to -0.0010, model saved
2026-08-26 20:39:19 | Epoch  62/100 | Train Loss 1.2614 | Val Loss 1.3351 MAE 14.1876 R2 -0.0010
2026-08-26 20:39:19 |   Val R2 improved to -0.0010, model saved
2026-08-26 20:39:21 | Epoch  63/100 | Train Loss 1.2614 | Val Loss 1.3337 MAE 14.1870 R2 -0.0010
2026-08-26 20:39:22 | Epoch  64/100 | Train Loss 1.2614 | Val Loss 1.3331 MAE 14.1861 R2 -0.0010
2026-08-26 20:39:24 | Epoch  65/100 | Train Loss 1.2617 | Val Loss 1.3320 MAE 14.1889 R2 -0.0009
2026-08-26 20:39:24 |   Val R2 improved to -0.0009, model saved
2026-08-26 20:39:26 | Epoch  66/100 | Train Loss 1.2618 | Val Loss 1.3310 MAE 14.1888 R2 -0.0009
2026-08-26 20:39:27 | Epoch  67/100 | Train Loss 1.2608 | Val Loss 1.3306 MAE 14.1897 R2 -0.0008
2026-08-26 20:39:27 |   Val R2 improved to -0.0008, model saved
2026-08-26 20:39:29 | Epoch  68/100 | Train Loss 1.2612 | Val Loss 1.3294 MAE 14.1881 R2 -0.0009
2026-08-26 20:39:31 | Epoch  69/100 | Train Loss 1.2609 | Val Loss 1.3289 MAE 14.1877 R2 -0.0009
2026-08-26 20:39:32 | Epoch  70/100 | Train Loss 1.2612 | Val Loss 1.3277 MAE 14.1892 R2 -0.0009
2026-08-26 20:39:34 | Epoch  71/100 | Train Loss 1.2614 | Val Loss 1.3270 MAE 14.1896 R2 -0.0009
2026-08-26 20:39:36 | Epoch  72/100 | Train Loss 1.2610 | Val Loss 1.3260 MAE 14.1906 R2 -0.0008
2026-08-26 20:39:36 |   Val R2 improved to -0.0008, model saved
2026-08-26 20:39:37 | Epoch  73/100 | Train Loss 1.2614 | Val Loss 1.3252 MAE 14.1892 R2 -0.0009
2026-08-26 20:39:39 | Epoch  74/100 | Train Loss 1.2607 | Val Loss 1.3246 MAE 14.1907 R2 -0.0008
2026-08-26 20:39:39 |   Val R2 improved to -0.0008, model saved
2026-08-26 20:39:41 | Epoch  75/100 | Train Loss 1.2609 | Val Loss 1.3238 MAE 14.1906 R2 -0.0008
2026-08-26 20:39:43 | Epoch  76/100 | Train Loss 1.2613 | Val Loss 1.3231 MAE 14.1895 R2 -0.0009
2026-08-26 20:39:44 | Epoch  77/100 | Train Loss 1.2610 | Val Loss 1.3223 MAE 14.1898 R2 -0.0009
2026-08-26 20:39:46 | Epoch  78/100 | Train Loss 1.2612 | Val Loss 1.3214 MAE 14.1925 R2 -0.0007
2026-08-26 20:39:46 |   Val R2 improved to -0.0007, model saved
2026-08-26 20:39:48 | Epoch  79/100 | Train Loss 1.2609 | Val Loss 1.3207 MAE 14.1917 R2 -0.0007
2026-08-26 20:39:49 | Epoch  80/100 | Train Loss 1.2608 | Val Loss 1.3200 MAE 14.1898 R2 -0.0008
2026-08-26 20:39:51 | Epoch  81/100 | Train Loss 1.2608 | Val Loss 1.3193 MAE 14.1887 R2 -0.0009
2026-08-26 20:39:53 | Epoch  82/100 | Train Loss 1.2611 | Val Loss 1.3185 MAE 14.1892 R2 -0.0009
2026-08-26 20:39:55 | Epoch  83/100 | Train Loss 1.2613 | Val Loss 1.3175 MAE 14.1887 R2 -0.0009
2026-08-26 20:39:56 | Epoch  84/100 | Train Loss 1.2608 | Val Loss 1.3169 MAE 14.1871 R2 -0.0010
2026-08-26 20:39:58 | Epoch  85/100 | Train Loss 1.2606 | Val Loss 1.3163 MAE 14.1863 R2 -0.0010
2026-08-26 20:40:00 | Epoch  86/100 | Train Loss 1.2611 | Val Loss 1.3152 MAE 14.1871 R2 -0.0010
2026-08-26 20:40:01 | Epoch  87/100 | Train Loss 1.2609 | Val Loss 1.3147 MAE 14.1863 R2 -0.0010
2026-08-26 20:40:03 | Epoch  88/100 | Train Loss 1.2607 | Val Loss 1.3136 MAE 14.1853 R2 -0.0011
2026-08-26 20:40:03 | Val R2 did not improve for 10 consecutive epochs, early stopping at Epoch 88 (best R2 -0.0007 @ Epoch 78)
2026-08-26 20:40:04 | Run 1/5 | Test (best model @ Epoch 78) | Loss 1.3229 MAE 14.6485 R2 -0.0008
2026-08-26 20:40:04 | ===== Run 2/5 (seed 1) =====
2026-08-26 20:40:05 | Epoch   1/100 | Train Loss 5.7898 | Val Loss 1.6287 MAE 33.9866 R2 -3.9119
2026-08-26 20:40:05 |   Val R2 improved to -3.9119, model saved
2026-08-26 20:40:07 | Epoch   2/100 | Train Loss 1.7083 | Val Loss 1.5400 MAE 29.4852 R2 -2.9205
2026-08-26 20:40:07 |   Val R2 improved to -2.9205, model saved
2026-08-26 20:40:09 | Epoch   3/100 | Train Loss 1.5789 | Val Loss 1.5115 MAE 29.1481 R2 -2.8531
2026-08-26 20:40:09 |   Val R2 improved to -2.8531, model saved
2026-08-26 20:40:11 | Epoch   4/100 | Train Loss 1.5217 | Val Loss 1.5043 MAE 28.8756 R2 -2.7930
2026-08-26 20:40:11 |   Val R2 improved to -2.7930, model saved
2026-08-26 20:40:12 | Epoch   5/100 | Train Loss 1.4731 | Val Loss 1.4977 MAE 28.8852 R2 -2.7918
2026-08-26 20:40:12 |   Val R2 improved to -2.7918, model saved
2026-08-26 20:40:14 | Epoch   6/100 | Train Loss 1.4429 | Val Loss 1.4896 MAE 28.4629 R2 -2.7065
2026-08-26 20:40:14 |   Val R2 improved to -2.7065, model saved
2026-08-26 20:40:16 | Epoch   7/100 | Train Loss 1.4109 | Val Loss 1.4815 MAE 27.7878 R2 -2.5714
2026-08-26 20:40:16 |   Val R2 improved to -2.5714, model saved
2026-08-26 20:40:17 | Epoch   8/100 | Train Loss 1.3888 | Val Loss 1.4726 MAE 26.8813 R2 -2.3964
2026-08-26 20:40:17 |   Val R2 improved to -2.3964, model saved
2026-08-26 20:40:19 | Epoch   9/100 | Train Loss 1.3699 | Val Loss 1.4639 MAE 25.8305 R2 -2.1978
2026-08-26 20:40:19 |   Val R2 improved to -2.1978, model saved
2026-08-26 20:40:21 | Epoch  10/100 | Train Loss 1.3540 | Val Loss 1.4551 MAE 24.7244 R2 -1.9923
2026-08-26 20:40:21 |   Val R2 improved to -1.9923, model saved
2026-08-26 20:40:22 | Epoch  11/100 | Train Loss 1.3409 | Val Loss 1.4465 MAE 23.5849 R2 -1.7861
2026-08-26 20:40:22 |   Val R2 improved to -1.7861, model saved
2026-08-26 20:40:24 | Epoch  12/100 | Train Loss 1.3298 | Val Loss 1.4387 MAE 22.4787 R2 -1.5882
2026-08-26 20:40:24 |   Val R2 improved to -1.5882, model saved
2026-08-26 20:40:26 | Epoch  13/100 | Train Loss 1.3184 | Val Loss 1.4314 MAE 21.4061 R2 -1.3979
2026-08-26 20:40:26 |   Val R2 improved to -1.3979, model saved
2026-08-26 20:40:27 | Epoch  14/100 | Train Loss 1.3121 | Val Loss 1.4250 MAE 20.4166 R2 -1.2252
2026-08-26 20:40:27 |   Val R2 improved to -1.2252, model saved
2026-08-26 20:40:29 | Epoch  15/100 | Train Loss 1.3039 | Val Loss 1.4183 MAE 19.5019 R2 -1.0667
2026-08-26 20:40:29 |   Val R2 improved to -1.0667, model saved
2026-08-26 20:40:31 | Epoch  16/100 | Train Loss 1.2980 | Val Loss 1.4131 MAE 18.6761 R2 -0.9223
2026-08-26 20:40:31 |   Val R2 improved to -0.9223, model saved
2026-08-26 20:40:33 | Epoch  17/100 | Train Loss 1.2918 | Val Loss 1.4076 MAE 17.9647 R2 -0.7966
2026-08-26 20:40:33 |   Val R2 improved to -0.7966, model saved
2026-08-26 20:40:34 | Epoch  18/100 | Train Loss 1.2881 | Val Loss 1.4029 MAE 17.3211 R2 -0.6824
2026-08-26 20:40:34 |   Val R2 improved to -0.6824, model saved
2026-08-26 20:40:36 | Epoch  19/100 | Train Loss 1.2838 | Val Loss 1.3988 MAE 16.7567 R2 -0.5814
2026-08-26 20:40:36 |   Val R2 improved to -0.5814, model saved
2026-08-26 20:40:38 | Epoch  20/100 | Train Loss 1.2806 | Val Loss 1.3952 MAE 16.2788 R2 -0.4945
2026-08-26 20:40:38 |   Val R2 improved to -0.4945, model saved
2026-08-26 20:40:39 | Epoch  21/100 | Train Loss 1.2777 | Val Loss 1.3914 MAE 15.8813 R2 -0.4192
2026-08-26 20:40:39 |   Val R2 improved to -0.4192, model saved
2026-08-26 20:40:41 | Epoch  22/100 | Train Loss 1.2756 | Val Loss 1.3884 MAE 15.5441 R2 -0.3534
2026-08-26 20:40:41 |   Val R2 improved to -0.3534, model saved
2026-08-26 20:40:43 | Epoch  23/100 | Train Loss 1.2733 | Val Loss 1.3852 MAE 15.2596 R2 -0.2966
2026-08-26 20:40:43 |   Val R2 improved to -0.2966, model saved
2026-08-26 20:40:45 | Epoch  24/100 | Train Loss 1.2715 | Val Loss 1.3825 MAE 15.0283 R2 -0.2487
2026-08-26 20:40:45 |   Val R2 improved to -0.2487, model saved
2026-08-26 20:40:46 | Epoch  25/100 | Train Loss 1.2698 | Val Loss 1.3801 MAE 14.8432 R2 -0.2078
2026-08-26 20:40:46 |   Val R2 improved to -0.2078, model saved
2026-08-26 20:40:48 | Epoch  26/100 | Train Loss 1.2689 | Val Loss 1.3780 MAE 14.6922 R2 -0.1728
2026-08-26 20:40:48 |   Val R2 improved to -0.1728, model saved
2026-08-26 20:40:50 | Epoch  27/100 | Train Loss 1.2683 | Val Loss 1.3759 MAE 14.5695 R2 -0.1442
2026-08-26 20:40:50 |   Val R2 improved to -0.1442, model saved
2026-08-26 20:40:51 | Epoch  28/100 | Train Loss 1.2662 | Val Loss 1.3737 MAE 14.4681 R2 -0.1193
2026-08-26 20:40:51 |   Val R2 improved to -0.1193, model saved
2026-08-26 20:40:53 | Epoch  29/100 | Train Loss 1.2658 | Val Loss 1.3723 MAE 14.3895 R2 -0.0984
2026-08-26 20:40:53 |   Val R2 improved to -0.0984, model saved
2026-08-26 20:40:55 | Epoch  30/100 | Train Loss 1.2651 | Val Loss 1.3700 MAE 14.3248 R2 -0.0813
2026-08-26 20:40:55 |   Val R2 improved to -0.0813, model saved
2026-08-26 20:40:56 | Epoch  31/100 | Train Loss 1.2650 | Val Loss 1.3690 MAE 14.2776 R2 -0.0668
2026-08-26 20:40:56 |   Val R2 improved to -0.0668, model saved
2026-08-26 20:40:58 | Epoch  32/100 | Train Loss 1.2644 | Val Loss 1.3670 MAE 14.2392 R2 -0.0546
2026-08-26 20:40:58 |   Val R2 improved to -0.0546, model saved
2026-08-26 20:41:00 | Epoch  33/100 | Train Loss 1.2642 | Val Loss 1.3658 MAE 14.2093 R2 -0.0445
2026-08-26 20:41:00 |   Val R2 improved to -0.0445, model saved
2026-08-26 20:41:02 | Epoch  34/100 | Train Loss 1.2635 | Val Loss 1.3642 MAE 14.1922 R2 -0.0365
2026-08-26 20:41:02 |   Val R2 improved to -0.0365, model saved
2026-08-26 20:41:03 | Epoch  35/100 | Train Loss 1.2631 | Val Loss 1.3629 MAE 14.1773 R2 -0.0302
2026-08-26 20:41:03 |   Val R2 improved to -0.0302, model saved
2026-08-26 20:41:05 | Epoch  36/100 | Train Loss 1.2630 | Val Loss 1.3617 MAE 14.1649 R2 -0.0247
2026-08-26 20:41:05 |   Val R2 improved to -0.0247, model saved
2026-08-26 20:41:07 | Epoch  37/100 | Train Loss 1.2620 | Val Loss 1.3606 MAE 14.1603 R2 -0.0204
2026-08-26 20:41:07 |   Val R2 improved to -0.0204, model saved
2026-08-26 20:41:09 | Epoch  38/100 | Train Loss 1.2621 | Val Loss 1.3591 MAE 14.1561 R2 -0.0168
2026-08-26 20:41:09 |   Val R2 improved to -0.0168, model saved
2026-08-26 20:41:10 | Epoch  39/100 | Train Loss 1.2628 | Val Loss 1.3578 MAE 14.1520 R2 -0.0137
2026-08-26 20:41:10 |   Val R2 improved to -0.0137, model saved
2026-08-26 20:41:12 | Epoch  40/100 | Train Loss 1.2619 | Val Loss 1.3570 MAE 14.1483 R2 -0.0113
2026-08-26 20:41:12 |   Val R2 improved to -0.0113, model saved
2026-08-26 20:41:13 | Epoch  41/100 | Train Loss 1.2619 | Val Loss 1.3555 MAE 14.1491 R2 -0.0096
2026-08-26 20:41:13 |   Val R2 improved to -0.0096, model saved
2026-08-26 20:41:15 | Epoch  42/100 | Train Loss 1.2621 | Val Loss 1.3545 MAE 14.1532 R2 -0.0079
2026-08-26 20:41:15 |   Val R2 improved to -0.0079, model saved
2026-08-26 20:41:17 | Epoch  43/100 | Train Loss 1.2615 | Val Loss 1.3535 MAE 14.1564 R2 -0.0066
2026-08-26 20:41:17 |   Val R2 improved to -0.0066, model saved
2026-08-26 20:41:18 | Epoch  44/100 | Train Loss 1.2614 | Val Loss 1.3525 MAE 14.1591 R2 -0.0055
2026-08-26 20:41:18 |   Val R2 improved to -0.0055, model saved
2026-08-26 20:41:20 | Epoch  45/100 | Train Loss 1.2618 | Val Loss 1.3513 MAE 14.1616 R2 -0.0046
2026-08-26 20:41:20 |   Val R2 improved to -0.0046, model saved
2026-08-26 20:41:22 | Epoch  46/100 | Train Loss 1.2616 | Val Loss 1.3505 MAE 14.1636 R2 -0.0041
2026-08-26 20:41:22 |   Val R2 improved to -0.0041, model saved
2026-08-26 20:41:23 | Epoch  47/100 | Train Loss 1.2619 | Val Loss 1.3490 MAE 14.1659 R2 -0.0034
2026-08-26 20:41:23 |   Val R2 improved to -0.0034, model saved
2026-08-26 20:41:25 | Epoch  48/100 | Train Loss 1.2613 | Val Loss 1.3483 MAE 14.1672 R2 -0.0030
2026-08-26 20:41:25 |   Val R2 improved to -0.0030, model saved
2026-08-26 20:41:27 | Epoch  49/100 | Train Loss 1.2612 | Val Loss 1.3469 MAE 14.1691 R2 -0.0025
2026-08-26 20:41:27 |   Val R2 improved to -0.0025, model saved
2026-08-26 20:41:28 | Epoch  50/100 | Train Loss 1.2614 | Val Loss 1.3460 MAE 14.1705 R2 -0.0022
2026-08-26 20:41:28 |   Val R2 improved to -0.0022, model saved
2026-08-26 20:41:30 | Epoch  51/100 | Train Loss 1.2610 | Val Loss 1.3451 MAE 14.1716 R2 -0.0019
2026-08-26 20:41:30 |   Val R2 improved to -0.0019, model saved
2026-08-26 20:41:32 | Epoch  52/100 | Train Loss 1.2614 | Val Loss 1.3441 MAE 14.1742 R2 -0.0018
2026-08-26 20:41:32 |   Val R2 improved to -0.0018, model saved
2026-08-26 20:41:34 | Epoch  53/100 | Train Loss 1.2621 | Val Loss 1.3433 MAE 14.1758 R2 -0.0017
2026-08-26 20:41:34 |   Val R2 improved to -0.0017, model saved
2026-08-26 20:41:35 | Epoch  54/100 | Train Loss 1.2610 | Val Loss 1.3420 MAE 14.1778 R2 -0.0015
2026-08-26 20:41:35 |   Val R2 improved to -0.0015, model saved
2026-08-26 20:41:37 | Epoch  55/100 | Train Loss 1.2609 | Val Loss 1.3414 MAE 14.1799 R2 -0.0014
2026-08-26 20:41:37 |   Val R2 improved to -0.0014, model saved
2026-08-26 20:41:38 | Epoch  56/100 | Train Loss 1.2610 | Val Loss 1.3406 MAE 14.1797 R2 -0.0014
2026-08-26 20:41:40 | Epoch  57/100 | Train Loss 1.2620 | Val Loss 1.3397 MAE 14.1810 R2 -0.0013
2026-08-26 20:41:40 |   Val R2 improved to -0.0013, model saved
2026-08-26 20:41:42 | Epoch  58/100 | Train Loss 1.2611 | Val Loss 1.3386 MAE 14.1824 R2 -0.0012
2026-08-26 20:41:42 |   Val R2 improved to -0.0012, model saved
2026-08-26 20:41:44 | Epoch  59/100 | Train Loss 1.2607 | Val Loss 1.3376 MAE 14.1835 R2 -0.0012
2026-08-26 20:41:44 |   Val R2 improved to -0.0012, model saved
2026-08-26 20:41:45 | Epoch  60/100 | Train Loss 1.2614 | Val Loss 1.3370 MAE 14.1853 R2 -0.0011
2026-08-26 20:41:45 |   Val R2 improved to -0.0011, model saved
2026-08-26 20:41:47 | Epoch  61/100 | Train Loss 1.2615 | Val Loss 1.3361 MAE 14.1870 R2 -0.0010
2026-08-26 20:41:47 |   Val R2 improved to -0.0010, model saved
2026-08-26 20:41:49 | Epoch  62/100 | Train Loss 1.2614 | Val Loss 1.3351 MAE 14.1875 R2 -0.0010
2026-08-26 20:41:49 |   Val R2 improved to -0.0010, model saved
2026-08-26 20:41:50 | Epoch  63/100 | Train Loss 1.2609 | Val Loss 1.3343 MAE 14.1880 R2 -0.0009
2026-08-26 20:41:50 |   Val R2 improved to -0.0009, model saved
2026-08-26 20:41:52 | Epoch  64/100 | Train Loss 1.2607 | Val Loss 1.3333 MAE 14.1877 R2 -0.0010
2026-08-26 20:41:54 | Epoch  65/100 | Train Loss 1.2611 | Val Loss 1.3325 MAE 14.1876 R2 -0.0010
2026-08-26 20:41:56 | Epoch  66/100 | Train Loss 1.2605 | Val Loss 1.3318 MAE 14.1886 R2 -0.0009
2026-08-26 20:41:56 |   Val R2 improved to -0.0009, model saved
2026-08-26 20:41:57 | Epoch  67/100 | Train Loss 1.2611 | Val Loss 1.3307 MAE 14.1884 R2 -0.0009
2026-08-26 20:41:59 | Epoch  68/100 | Train Loss 1.2611 | Val Loss 1.3302 MAE 14.1879 R2 -0.0009
2026-08-26 20:42:01 | Epoch  69/100 | Train Loss 1.2615 | Val Loss 1.3292 MAE 14.1894 R2 -0.0009
2026-08-26 20:42:01 |   Val R2 improved to -0.0009, model saved
2026-08-26 20:42:02 | Epoch  70/100 | Train Loss 1.2610 | Val Loss 1.3283 MAE 14.1896 R2 -0.0009
2026-08-26 20:42:02 |   Val R2 improved to -0.0009, model saved
2026-08-26 20:42:04 | Epoch  71/100 | Train Loss 1.2609 | Val Loss 1.3277 MAE 14.1887 R2 -0.0009
2026-08-26 20:42:06 | Epoch  72/100 | Train Loss 1.2603 | Val Loss 1.3265 MAE 14.1895 R2 -0.0009
2026-08-26 20:42:07 | Epoch  73/100 | Train Loss 1.2609 | Val Loss 1.3259 MAE 14.1899 R2 -0.0008
2026-08-26 20:42:07 |   Val R2 improved to -0.0008, model saved
2026-08-26 20:42:09 | Epoch  74/100 | Train Loss 1.2609 | Val Loss 1.3250 MAE 14.1890 R2 -0.0009
2026-08-26 20:42:11 | Epoch  75/100 | Train Loss 1.2609 | Val Loss 1.3244 MAE 14.1900 R2 -0.0008
2026-08-26 20:42:11 |   Val R2 improved to -0.0008, model saved
2026-08-26 20:42:13 | Epoch  76/100 | Train Loss 1.2613 | Val Loss 1.3234 MAE 14.1897 R2 -0.0009
2026-08-26 20:42:14 | Epoch  77/100 | Train Loss 1.2603 | Val Loss 1.3229 MAE 14.1880 R2 -0.0009
2026-08-26 20:42:16 | Epoch  78/100 | Train Loss 1.2609 | Val Loss 1.3219 MAE 14.1878 R2 -0.0009
2026-08-26 20:42:18 | Epoch  79/100 | Train Loss 1.2609 | Val Loss 1.3211 MAE 14.1857 R2 -0.0010
2026-08-26 20:42:19 | Epoch  80/100 | Train Loss 1.2606 | Val Loss 1.3202 MAE 14.1864 R2 -0.0010
2026-08-26 20:42:21 | Epoch  81/100 | Train Loss 1.2612 | Val Loss 1.3197 MAE 14.1866 R2 -0.0010
2026-08-26 20:42:22 | Epoch  82/100 | Train Loss 1.2614 | Val Loss 1.3189 MAE 14.1861 R2 -0.0010
2026-08-26 20:42:24 | Epoch  83/100 | Train Loss 1.2609 | Val Loss 1.3179 MAE 14.1859 R2 -0.0010
2026-08-26 20:42:26 | Epoch  84/100 | Train Loss 1.2603 | Val Loss 1.3173 MAE 14.1859 R2 -0.0010
2026-08-26 20:42:28 | Epoch  85/100 | Train Loss 1.2606 | Val Loss 1.3165 MAE 14.1864 R2 -0.0010
2026-08-26 20:42:28 | Val R2 did not improve for 10 consecutive epochs, early stopping at Epoch 85 (best R2 -0.0008 @ Epoch 75)
2026-08-26 20:42:28 | Run 2/5 | Test (best model @ Epoch 75) | Loss 1.3259 MAE 14.6444 R2 -0.0007
2026-08-26 20:42:28 | ===== Run 3/5 (seed 2) =====
2026-08-26 20:42:30 | Epoch   1/100 | Train Loss 4.6813 | Val Loss 1.7316 MAE 44.0015 R2 -6.5733
2026-08-26 20:42:30 |   Val R2 improved to -6.5733, model saved
2026-08-26 20:42:31 | Epoch   2/100 | Train Loss 1.7806 | Val Loss 1.6176 MAE 36.0180 R2 -4.3886
2026-08-26 20:42:31 |   Val R2 improved to -4.3886, model saved
2026-08-26 20:42:33 | Epoch   3/100 | Train Loss 1.6289 | Val Loss 1.5625 MAE 35.0950 R2 -4.1659
2026-08-26 20:42:33 |   Val R2 improved to -4.1659, model saved
2026-08-26 20:42:35 | Epoch   4/100 | Train Loss 1.5506 | Val Loss 1.5496 MAE 35.4316 R2 -4.2522
2026-08-26 20:42:36 | Epoch   5/100 | Train Loss 1.5014 | Val Loss 1.5416 MAE 35.3414 R2 -4.2331
2026-08-26 20:42:38 | Epoch   6/100 | Train Loss 1.4632 | Val Loss 1.5324 MAE 34.9304 R2 -4.1357
2026-08-26 20:42:38 |   Val R2 improved to -4.1357, model saved
2026-08-26 20:42:39 | Epoch   7/100 | Train Loss 1.4384 | Val Loss 1.5221 MAE 34.0957 R2 -3.9391
2026-08-26 20:42:39 |   Val R2 improved to -3.9391, model saved
2026-08-26 20:42:41 | Epoch   8/100 | Train Loss 1.4178 | Val Loss 1.5109 MAE 33.0499 R2 -3.6988
2026-08-26 20:42:41 |   Val R2 improved to -3.6988, model saved
2026-08-26 20:42:43 | Epoch   9/100 | Train Loss 1.3971 | Val Loss 1.4997 MAE 31.8102 R2 -3.4232
2026-08-26 20:42:43 |   Val R2 improved to -3.4232, model saved
2026-08-26 20:42:44 | Epoch  10/100 | Train Loss 1.3802 | Val Loss 1.4888 MAE 30.5070 R2 -3.1421
2026-08-26 20:42:44 |   Val R2 improved to -3.1421, model saved
2026-08-26 20:42:46 | Epoch  11/100 | Train Loss 1.3663 | Val Loss 1.4780 MAE 29.1364 R2 -2.8572
2026-08-26 20:42:46 |   Val R2 improved to -2.8572, model saved
2026-08-26 20:42:48 | Epoch  12/100 | Train Loss 1.3535 | Val Loss 1.4681 MAE 27.7623 R2 -2.5807
2026-08-26 20:42:48 |   Val R2 improved to -2.5807, model saved
2026-08-26 20:42:49 | Epoch  13/100 | Train Loss 1.3429 | Val Loss 1.4589 MAE 26.4018 R2 -2.3153
2026-08-26 20:42:49 |   Val R2 improved to -2.3153, model saved
2026-08-26 20:42:51 | Epoch  14/100 | Train Loss 1.3331 | Val Loss 1.4499 MAE 25.1117 R2 -2.0711
2026-08-26 20:42:51 |   Val R2 improved to -2.0711, model saved
2026-08-26 20:42:53 | Epoch  15/100 | Train Loss 1.3238 | Val Loss 1.4416 MAE 23.8753 R2 -1.8427
2026-08-26 20:42:53 |   Val R2 improved to -1.8427, model saved
2026-08-26 20:42:55 | Epoch  16/100 | Train Loss 1.3167 | Val Loss 1.4343 MAE 22.7247 R2 -1.6348
2026-08-26 20:42:55 |   Val R2 improved to -1.6348, model saved
2026-08-26 20:42:56 | Epoch  17/100 | Train Loss 1.3106 | Val Loss 1.4274 MAE 21.6620 R2 -1.4455
2026-08-26 20:42:56 |   Val R2 improved to -1.4455, model saved
2026-08-26 20:42:58 | Epoch  18/100 | Train Loss 1.3042 | Val Loss 1.4207 MAE 20.6931 R2 -1.2746
2026-08-26 20:42:58 |   Val R2 improved to -1.2746, model saved
2026-08-26 20:43:00 | Epoch  19/100 | Train Loss 1.2991 | Val Loss 1.4148 MAE 19.8142 R2 -1.1211
2026-08-26 20:43:00 |   Val R2 improved to -1.1211, model saved
2026-08-26 20:43:01 | Epoch  20/100 | Train Loss 1.2939 | Val Loss 1.4096 MAE 19.0145 R2 -0.9819
2026-08-26 20:43:01 |   Val R2 improved to -0.9819, model saved
2026-08-26 20:43:03 | Epoch  21/100 | Train Loss 1.2902 | Val Loss 1.4044 MAE 18.3098 R2 -0.8582
2026-08-26 20:43:03 |   Val R2 improved to -0.8582, model saved
2026-08-26 20:43:04 | Epoch  22/100 | Train Loss 1.2864 | Val Loss 1.4000 MAE 17.6811 R2 -0.7472
2026-08-26 20:43:04 |   Val R2 improved to -0.7472, model saved
2026-08-26 20:43:06 | Epoch  23/100 | Train Loss 1.2828 | Val Loss 1.3959 MAE 17.1314 R2 -0.6493
2026-08-26 20:43:06 |   Val R2 improved to -0.6493, model saved
2026-08-26 20:43:08 | Epoch  24/100 | Train Loss 1.2806 | Val Loss 1.3922 MAE 16.6508 R2 -0.5629
2026-08-26 20:43:08 |   Val R2 improved to -0.5629, model saved
2026-08-26 20:43:09 | Epoch  25/100 | Train Loss 1.2771 | Val Loss 1.3888 MAE 16.2327 R2 -0.4862
2026-08-26 20:43:09 |   Val R2 improved to -0.4862, model saved
2026-08-26 20:43:11 | Epoch  26/100 | Train Loss 1.2749 | Val Loss 1.3854 MAE 15.8816 R2 -0.4192
2026-08-26 20:43:11 |   Val R2 improved to -0.4192, model saved
2026-08-26 20:43:13 | Epoch  27/100 | Train Loss 1.2733 | Val Loss 1.3826 MAE 15.5780 R2 -0.3601
2026-08-26 20:43:13 |   Val R2 improved to -0.3601, model saved
2026-08-26 20:43:15 | Epoch  28/100 | Train Loss 1.2717 | Val Loss 1.3800 MAE 15.3172 R2 -0.3086
2026-08-26 20:43:15 |   Val R2 improved to -0.3086, model saved
2026-08-26 20:43:16 | Epoch  29/100 | Train Loss 1.2704 | Val Loss 1.3773 MAE 15.0987 R2 -0.2644
2026-08-26 20:43:16 |   Val R2 improved to -0.2644, model saved
2026-08-26 20:43:18 | Epoch  30/100 | Train Loss 1.2690 | Val Loss 1.3750 MAE 14.9268 R2 -0.2258
2026-08-26 20:43:18 |   Val R2 improved to -0.2258, model saved
2026-08-26 20:43:20 | Epoch  31/100 | Train Loss 1.2680 | Val Loss 1.3729 MAE 14.7760 R2 -0.1921
2026-08-26 20:43:20 |   Val R2 improved to -0.1921, model saved
2026-08-26 20:43:21 | Epoch  32/100 | Train Loss 1.2671 | Val Loss 1.3706 MAE 14.6458 R2 -0.1625
2026-08-26 20:43:21 |   Val R2 improved to -0.1625, model saved
2026-08-26 20:43:23 | Epoch  33/100 | Train Loss 1.2658 | Val Loss 1.3688 MAE 14.5437 R2 -0.1376
2026-08-26 20:43:23 |   Val R2 improved to -0.1376, model saved
2026-08-26 20:43:25 | Epoch  34/100 | Train Loss 1.2656 | Val Loss 1.3669 MAE 14.4563 R2 -0.1166
2026-08-26 20:43:25 |   Val R2 improved to -0.1166, model saved
2026-08-26 20:43:26 | Epoch  35/100 | Train Loss 1.2647 | Val Loss 1.3653 MAE 14.3889 R2 -0.0982
2026-08-26 20:43:26 |   Val R2 improved to -0.0982, model saved
2026-08-26 20:43:28 | Epoch  36/100 | Train Loss 1.2635 | Val Loss 1.3640 MAE 14.3303 R2 -0.0827
2026-08-26 20:43:28 |   Val R2 improved to -0.0827, model saved
2026-08-26 20:43:30 | Epoch  37/100 | Train Loss 1.2637 | Val Loss 1.3623 MAE 14.2859 R2 -0.0695
2026-08-26 20:43:30 |   Val R2 improved to -0.0695, model saved
2026-08-26 20:43:31 | Epoch  38/100 | Train Loss 1.2631 | Val Loss 1.3609 MAE 14.2521 R2 -0.0586
2026-08-26 20:43:31 |   Val R2 improved to -0.0586, model saved
2026-08-26 20:43:33 | Epoch  39/100 | Train Loss 1.2630 | Val Loss 1.3595 MAE 14.2199 R2 -0.0490
2026-08-26 20:43:33 |   Val R2 improved to -0.0490, model saved
2026-08-26 20:43:34 | Epoch  40/100 | Train Loss 1.2627 | Val Loss 1.3580 MAE 14.2028 R2 -0.0414
2026-08-26 20:43:34 |   Val R2 improved to -0.0414, model saved
2026-08-26 20:43:36 | Epoch  41/100 | Train Loss 1.2626 | Val Loss 1.3568 MAE 14.1869 R2 -0.0342
2026-08-26 20:43:36 |   Val R2 improved to -0.0342, model saved
2026-08-26 20:43:38 | Epoch  42/100 | Train Loss 1.2619 | Val Loss 1.3557 MAE 14.1738 R2 -0.0288
2026-08-26 20:43:38 |   Val R2 improved to -0.0288, model saved
2026-08-26 20:43:39 | Epoch  43/100 | Train Loss 1.2619 | Val Loss 1.3542 MAE 14.1642 R2 -0.0240
2026-08-26 20:43:39 |   Val R2 improved to -0.0240, model saved
2026-08-26 20:43:41 | Epoch  44/100 | Train Loss 1.2618 | Val Loss 1.3533 MAE 14.1599 R2 -0.0200
2026-08-26 20:43:41 |   Val R2 improved to -0.0200, model saved
2026-08-26 20:43:43 | Epoch  45/100 | Train Loss 1.2621 | Val Loss 1.3520 MAE 14.1560 R2 -0.0167
2026-08-26 20:43:43 |   Val R2 improved to -0.0167, model saved
2026-08-26 20:43:44 | Epoch  46/100 | Train Loss 1.2623 | Val Loss 1.3509 MAE 14.1527 R2 -0.0142
2026-08-26 20:43:44 |   Val R2 improved to -0.0142, model saved
2026-08-26 20:43:46 | Epoch  47/100 | Train Loss 1.2622 | Val Loss 1.3495 MAE 14.1494 R2 -0.0119
2026-08-26 20:43:46 |   Val R2 improved to -0.0119, model saved
2026-08-26 20:43:48 | Epoch  48/100 | Train Loss 1.2613 | Val Loss 1.3486 MAE 14.1480 R2 -0.0102
2026-08-26 20:43:48 |   Val R2 improved to -0.0102, model saved
2026-08-26 20:43:49 | Epoch  49/100 | Train Loss 1.2614 | Val Loss 1.3474 MAE 14.1514 R2 -0.0086
2026-08-26 20:43:49 |   Val R2 improved to -0.0086, model saved
2026-08-26 20:43:51 | Epoch  50/100 | Train Loss 1.2615 | Val Loss 1.3465 MAE 14.1542 R2 -0.0074
2026-08-26 20:43:51 |   Val R2 improved to -0.0074, model saved
2026-08-26 20:43:53 | Epoch  51/100 | Train Loss 1.2611 | Val Loss 1.3453 MAE 14.1568 R2 -0.0064
2026-08-26 20:43:53 |   Val R2 improved to -0.0064, model saved
2026-08-26 20:43:54 | Epoch  52/100 | Train Loss 1.2605 | Val Loss 1.3444 MAE 14.1598 R2 -0.0053
2026-08-26 20:43:55 |   Val R2 improved to -0.0053, model saved
2026-08-26 20:43:56 | Epoch  53/100 | Train Loss 1.2608 | Val Loss 1.3437 MAE 14.1618 R2 -0.0046
2026-08-26 20:43:56 |   Val R2 improved to -0.0046, model saved
2026-08-26 20:43:58 | Epoch  54/100 | Train Loss 1.2604 | Val Loss 1.3428 MAE 14.1635 R2 -0.0040
2026-08-26 20:43:58 |   Val R2 improved to -0.0040, model saved
2026-08-26 20:43:59 | Epoch  55/100 | Train Loss 1.2613 | Val Loss 1.3415 MAE 14.1657 R2 -0.0034
2026-08-26 20:43:59 |   Val R2 improved to -0.0034, model saved
2026-08-26 20:44:01 | Epoch  56/100 | Train Loss 1.2618 | Val Loss 1.3410 MAE 14.1674 R2 -0.0029
2026-08-26 20:44:01 |   Val R2 improved to -0.0029, model saved
2026-08-26 20:44:03 | Epoch  57/100 | Train Loss 1.2605 | Val Loss 1.3400 MAE 14.1686 R2 -0.0026
2026-08-26 20:44:03 |   Val R2 improved to -0.0026, model saved
2026-08-26 20:44:05 | Epoch  58/100 | Train Loss 1.2608 | Val Loss 1.3388 MAE 14.1696 R2 -0.0024
2026-08-26 20:44:05 |   Val R2 improved to -0.0024, model saved
2026-08-26 20:44:06 | Epoch  59/100 | Train Loss 1.2612 | Val Loss 1.3379 MAE 14.1708 R2 -0.0021
2026-08-26 20:44:06 |   Val R2 improved to -0.0021, model saved
2026-08-26 20:44:08 | Epoch  60/100 | Train Loss 1.2612 | Val Loss 1.3370 MAE 14.1714 R2 -0.0020
2026-08-26 20:44:08 |   Val R2 improved to -0.0020, model saved
2026-08-26 20:44:10 | Epoch  61/100 | Train Loss 1.2614 | Val Loss 1.3363 MAE 14.1736 R2 -0.0018
2026-08-26 20:44:10 |   Val R2 improved to -0.0018, model saved
2026-08-26 20:44:11 | Epoch  62/100 | Train Loss 1.2606 | Val Loss 1.3352 MAE 14.1756 R2 -0.0017
2026-08-26 20:44:11 |   Val R2 improved to -0.0017, model saved
2026-08-26 20:44:13 | Epoch  63/100 | Train Loss 1.2615 | Val Loss 1.3346 MAE 14.1773 R2 -0.0016
2026-08-26 20:44:13 |   Val R2 improved to -0.0016, model saved
2026-08-26 20:44:15 | Epoch  64/100 | Train Loss 1.2618 | Val Loss 1.3333 MAE 14.1782 R2 -0.0015
2026-08-26 20:44:15 |   Val R2 improved to -0.0015, model saved
2026-08-26 20:44:16 | Epoch  65/100 | Train Loss 1.2612 | Val Loss 1.3325 MAE 14.1813 R2 -0.0013
2026-08-26 20:44:16 |   Val R2 improved to -0.0013, model saved
2026-08-26 20:44:18 | Epoch  66/100 | Train Loss 1.2613 | Val Loss 1.3319 MAE 14.1820 R2 -0.0013
2026-08-26 20:44:18 |   Val R2 improved to -0.0013, model saved
2026-08-26 20:44:20 | Epoch  67/100 | Train Loss 1.2612 | Val Loss 1.3309 MAE 14.1816 R2 -0.0013
2026-08-26 20:44:22 | Epoch  68/100 | Train Loss 1.2611 | Val Loss 1.3298 MAE 14.1832 R2 -0.0012
2026-08-26 20:44:22 |   Val R2 improved to -0.0012, model saved
2026-08-26 20:44:23 | Epoch  69/100 | Train Loss 1.2601 | Val Loss 1.3292 MAE 14.1839 R2 -0.0012
2026-08-26 20:44:23 |   Val R2 improved to -0.0012, model saved
2026-08-26 20:44:25 | Epoch  70/100 | Train Loss 1.2611 | Val Loss 1.3286 MAE 14.1866 R2 -0.0010
2026-08-26 20:44:25 |   Val R2 improved to -0.0010, model saved
2026-08-26 20:44:27 | Epoch  71/100 | Train Loss 1.2614 | Val Loss 1.3274 MAE 14.1871 R2 -0.0010
2026-08-26 20:44:27 |   Val R2 improved to -0.0010, model saved
2026-08-26 20:44:28 | Epoch  72/100 | Train Loss 1.2613 | Val Loss 1.3266 MAE 14.1875 R2 -0.0010
2026-08-26 20:44:28 |   Val R2 improved to -0.0010, model saved
2026-08-26 20:44:30 | Epoch  73/100 | Train Loss 1.2609 | Val Loss 1.3259 MAE 14.1872 R2 -0.0010
2026-08-26 20:44:32 | Epoch  74/100 | Train Loss 1.2609 | Val Loss 1.3249 MAE 14.1893 R2 -0.0009
2026-08-26 20:44:32 |   Val R2 improved to -0.0009, model saved
2026-08-26 20:44:33 | Epoch  75/100 | Train Loss 1.2605 | Val Loss 1.3243 MAE 14.1880 R2 -0.0009
2026-08-26 20:44:35 | Epoch  76/100 | Train Loss 1.2612 | Val Loss 1.3232 MAE 14.1887 R2 -0.0009
2026-08-26 20:44:37 | Epoch  77/100 | Train Loss 1.2608 | Val Loss 1.3226 MAE 14.1885 R2 -0.0009
2026-08-26 20:44:39 | Epoch  78/100 | Train Loss 1.2609 | Val Loss 1.3218 MAE 14.1890 R2 -0.0009
2026-08-26 20:44:40 | Epoch  79/100 | Train Loss 1.2608 | Val Loss 1.3210 MAE 14.1893 R2 -0.0009
2026-08-26 20:44:42 | Epoch  80/100 | Train Loss 1.2616 | Val Loss 1.3201 MAE 14.1883 R2 -0.0009
2026-08-26 20:44:44 | Epoch  81/100 | Train Loss 1.2607 | Val Loss 1.3193 MAE 14.1883 R2 -0.0009
2026-08-26 20:44:45 | Epoch  82/100 | Train Loss 1.2610 | Val Loss 1.3184 MAE 14.1904 R2 -0.0008
2026-08-26 20:44:45 |   Val R2 improved to -0.0008, model saved
2026-08-26 20:44:47 | Epoch  83/100 | Train Loss 1.2609 | Val Loss 1.3179 MAE 14.1900 R2 -0.0008
2026-08-26 20:44:49 | Epoch  84/100 | Train Loss 1.2608 | Val Loss 1.3171 MAE 14.1894 R2 -0.0009
2026-08-26 20:44:50 | Epoch  85/100 | Train Loss 1.2608 | Val Loss 1.3162 MAE 14.1890 R2 -0.0009
2026-08-26 20:44:52 | Epoch  86/100 | Train Loss 1.2602 | Val Loss 1.3160 MAE 14.1893 R2 -0.0009
2026-08-26 20:44:54 | Epoch  87/100 | Train Loss 1.2612 | Val Loss 1.3151 MAE 14.1895 R2 -0.0008
2026-08-26 20:44:56 | Epoch  88/100 | Train Loss 1.2605 | Val Loss 1.3143 MAE 14.1888 R2 -0.0009
2026-08-26 20:44:57 | Epoch  89/100 | Train Loss 1.2605 | Val Loss 1.3138 MAE 14.1888 R2 -0.0009
2026-08-26 20:44:59 | Epoch  90/100 | Train Loss 1.2609 | Val Loss 1.3129 MAE 14.1891 R2 -0.0009
2026-08-26 20:45:01 | Epoch  91/100 | Train Loss 1.2611 | Val Loss 1.3122 MAE 14.1879 R2 -0.0009
2026-08-26 20:45:02 | Epoch  92/100 | Train Loss 1.2604 | Val Loss 1.3116 MAE 14.1867 R2 -0.0010
2026-08-26 20:45:02 | Val R2 did not improve for 10 consecutive epochs, early stopping at Epoch 92 (best R2 -0.0008 @ Epoch 82)
2026-08-26 20:45:03 | Run 3/5 | Test (best model @ Epoch 82) | Loss 1.3199 MAE 14.6449 R2 -0.0007
2026-08-26 20:45:03 | ===== Run 4/5 (seed 3) =====
2026-08-26 20:45:04 | Epoch   1/100 | Train Loss 3.9505 | Val Loss 1.6785 MAE 38.6659 R2 -5.0745
2026-08-26 20:45:04 |   Val R2 improved to -5.0745, model saved
2026-08-26 20:45:06 | Epoch   2/100 | Train Loss 1.7452 | Val Loss 1.6244 MAE 36.1294 R2 -4.4287
2026-08-26 20:45:06 |   Val R2 improved to -4.4287, model saved
2026-08-26 20:45:08 | Epoch   3/100 | Train Loss 1.6095 | Val Loss 1.5685 MAE 34.9003 R2 -4.1296
2026-08-26 20:45:08 |   Val R2 improved to -4.1296, model saved
2026-08-26 20:45:09 | Epoch   4/100 | Train Loss 1.5211 | Val Loss 1.5407 MAE 34.3656 R2 -4.0024
2026-08-26 20:45:09 |   Val R2 improved to -4.0024, model saved
2026-08-26 20:45:11 | Epoch   5/100 | Train Loss 1.4657 | Val Loss 1.5284 MAE 33.9682 R2 -3.9099
2026-08-26 20:45:11 |   Val R2 improved to -3.9099, model saved
2026-08-26 20:45:13 | Epoch   6/100 | Train Loss 1.4377 | Val Loss 1.5181 MAE 33.2123 R2 -3.7360
2026-08-26 20:45:13 |   Val R2 improved to -3.7360, model saved
2026-08-26 20:45:15 | Epoch   7/100 | Train Loss 1.4100 | Val Loss 1.5073 MAE 32.2139 R2 -3.5119
2026-08-26 20:45:15 |   Val R2 improved to -3.5119, model saved
2026-08-26 20:45:16 | Epoch   8/100 | Train Loss 1.3904 | Val Loss 1.4961 MAE 30.9844 R2 -3.2439
2026-08-26 20:45:16 |   Val R2 improved to -3.2439, model saved
2026-08-26 20:45:18 | Epoch   9/100 | Train Loss 1.3758 | Val Loss 1.4849 MAE 29.6487 R2 -2.9624
2026-08-26 20:45:18 |   Val R2 improved to -2.9624, model saved
2026-08-26 20:45:19 | Epoch  10/100 | Train Loss 1.3611 | Val Loss 1.4745 MAE 28.2767 R2 -2.6829
2026-08-26 20:45:19 |   Val R2 improved to -2.6829, model saved
2026-08-26 20:45:21 | Epoch  11/100 | Train Loss 1.3475 | Val Loss 1.4644 MAE 26.8921 R2 -2.4099
2026-08-26 20:45:21 |   Val R2 improved to -2.4099, model saved
2026-08-26 20:45:23 | Epoch  12/100 | Train Loss 1.3372 | Val Loss 1.4546 MAE 25.5404 R2 -2.1511
2026-08-26 20:45:23 |   Val R2 improved to -2.1511, model saved
2026-08-26 20:45:24 | Epoch  13/100 | Train Loss 1.3278 | Val Loss 1.4464 MAE 24.2640 R2 -1.9141
2026-08-26 20:45:24 |   Val R2 improved to -1.9141, model saved
2026-08-26 20:45:26 | Epoch  14/100 | Train Loss 1.3184 | Val Loss 1.4382 MAE 23.0555 R2 -1.6941
2026-08-26 20:45:26 |   Val R2 improved to -1.6941, model saved
2026-08-26 20:45:28 | Epoch  15/100 | Train Loss 1.3125 | Val Loss 1.4311 MAE 21.9367 R2 -1.4940
2026-08-26 20:45:28 |   Val R2 improved to -1.4940, model saved
2026-08-26 20:45:30 | Epoch  16/100 | Train Loss 1.3058 | Val Loss 1.4244 MAE 20.9148 R2 -1.3138
2026-08-26 20:45:30 |   Val R2 improved to -1.3138, model saved
2026-08-26 20:45:31 | Epoch  17/100 | Train Loss 1.2999 | Val Loss 1.4177 MAE 19.9856 R2 -1.1510
2026-08-26 20:45:31 |   Val R2 improved to -1.1510, model saved
2026-08-26 20:45:33 | Epoch  18/100 | Train Loss 1.2954 | Val Loss 1.4125 MAE 19.1470 R2 -1.0048
2026-08-26 20:45:33 |   Val R2 improved to -1.0048, model saved
2026-08-26 20:45:35 | Epoch  19/100 | Train Loss 1.2909 | Val Loss 1.4071 MAE 18.4017 R2 -0.8741
2026-08-26 20:45:35 |   Val R2 improved to -0.8741, model saved
2026-08-26 20:45:36 | Epoch  20/100 | Train Loss 1.2870 | Val Loss 1.4025 MAE 17.7483 R2 -0.7588
2026-08-26 20:45:36 |   Val R2 improved to -0.7588, model saved
2026-08-26 20:45:38 | Epoch  21/100 | Train Loss 1.2833 | Val Loss 1.3980 MAE 17.1768 R2 -0.6571
2026-08-26 20:45:38 |   Val R2 improved to -0.6571, model saved
2026-08-26 20:45:40 | Epoch  22/100 | Train Loss 1.2802 | Val Loss 1.3942 MAE 16.6737 R2 -0.5669
2026-08-26 20:45:40 |   Val R2 improved to -0.5669, model saved
2026-08-26 20:45:41 | Epoch  23/100 | Train Loss 1.2782 | Val Loss 1.3906 MAE 16.2417 R2 -0.4879
2026-08-26 20:45:41 |   Val R2 improved to -0.4879, model saved
2026-08-26 20:45:43 | Epoch  24/100 | Train Loss 1.2754 | Val Loss 1.3871 MAE 15.8778 R2 -0.4185
2026-08-26 20:45:43 |   Val R2 improved to -0.4185, model saved
2026-08-26 20:45:45 | Epoch  25/100 | Train Loss 1.2739 | Val Loss 1.3839 MAE 15.5675 R2 -0.3580
2026-08-26 20:45:45 |   Val R2 improved to -0.3580, model saved
2026-08-26 20:45:46 | Epoch  26/100 | Train Loss 1.2712 | Val Loss 1.3811 MAE 15.3020 R2 -0.3054
2026-08-26 20:45:46 |   Val R2 improved to -0.3054, model saved
2026-08-26 20:45:48 | Epoch  27/100 | Train Loss 1.2708 | Val Loss 1.3789 MAE 15.0737 R2 -0.2593
2026-08-26 20:45:48 |   Val R2 improved to -0.2593, model saved
2026-08-26 20:45:50 | Epoch  28/100 | Train Loss 1.2689 | Val Loss 1.3761 MAE 14.9010 R2 -0.2202
2026-08-26 20:45:50 |   Val R2 improved to -0.2202, model saved
2026-08-26 20:45:51 | Epoch  29/100 | Train Loss 1.2671 | Val Loss 1.3742 MAE 14.7490 R2 -0.1858
2026-08-26 20:45:51 |   Val R2 improved to -0.1858, model saved
2026-08-26 20:45:53 | Epoch  30/100 | Train Loss 1.2667 | Val Loss 1.3723 MAE 14.6160 R2 -0.1561
2026-08-26 20:45:53 |   Val R2 improved to -0.1561, model saved
2026-08-26 20:45:55 | Epoch  31/100 | Train Loss 1.2659 | Val Loss 1.3703 MAE 14.5180 R2 -0.1312
2026-08-26 20:45:55 |   Val R2 improved to -0.1312, model saved
2026-08-26 20:45:56 | Epoch  32/100 | Train Loss 1.2653 | Val Loss 1.3686 MAE 14.4325 R2 -0.1106
2026-08-26 20:45:56 |   Val R2 improved to -0.1106, model saved
2026-08-26 20:45:58 | Epoch  33/100 | Train Loss 1.2649 | Val Loss 1.3667 MAE 14.3674 R2 -0.0924
2026-08-26 20:45:58 |   Val R2 improved to -0.0924, model saved
2026-08-26 20:46:00 | Epoch  34/100 | Train Loss 1.2637 | Val Loss 1.3651 MAE 14.3076 R2 -0.0770
2026-08-26 20:46:00 |   Val R2 improved to -0.0770, model saved
2026-08-26 20:46:01 | Epoch  35/100 | Train Loss 1.2638 | Val Loss 1.3635 MAE 14.2695 R2 -0.0641
2026-08-26 20:46:02 |   Val R2 improved to -0.0641, model saved
2026-08-26 20:46:03 | Epoch  36/100 | Train Loss 1.2631 | Val Loss 1.3621 MAE 14.2356 R2 -0.0536
2026-08-26 20:46:03 |   Val R2 improved to -0.0536, model saved
2026-08-26 20:46:05 | Epoch  37/100 | Train Loss 1.2624 | Val Loss 1.3606 MAE 14.2100 R2 -0.0448
2026-08-26 20:46:05 |   Val R2 improved to -0.0448, model saved
2026-08-26 20:46:07 | Epoch  38/100 | Train Loss 1.2618 | Val Loss 1.3598 MAE 14.1941 R2 -0.0374
2026-08-26 20:46:07 |   Val R2 improved to -0.0374, model saved
2026-08-26 20:46:08 | Epoch  39/100 | Train Loss 1.2628 | Val Loss 1.3584 MAE 14.1793 R2 -0.0310
2026-08-26 20:46:08 |   Val R2 improved to -0.0310, model saved
2026-08-26 20:46:10 | Epoch  40/100 | Train Loss 1.2617 | Val Loss 1.3571 MAE 14.1660 R2 -0.0257
2026-08-26 20:46:10 |   Val R2 improved to -0.0257, model saved
2026-08-26 20:46:12 | Epoch  41/100 | Train Loss 1.2626 | Val Loss 1.3555 MAE 14.1614 R2 -0.0213
2026-08-26 20:46:12 |   Val R2 improved to -0.0213, model saved
2026-08-26 20:46:14 | Epoch  42/100 | Train Loss 1.2620 | Val Loss 1.3547 MAE 14.1576 R2 -0.0180
2026-08-26 20:46:14 |   Val R2 improved to -0.0180, model saved
2026-08-26 20:46:15 | Epoch  43/100 | Train Loss 1.2617 | Val Loss 1.3529 MAE 14.1534 R2 -0.0148
2026-08-26 20:46:15 |   Val R2 improved to -0.0148, model saved
2026-08-26 20:46:17 | Epoch  44/100 | Train Loss 1.2612 | Val Loss 1.3521 MAE 14.1501 R2 -0.0124
2026-08-26 20:46:17 |   Val R2 improved to -0.0124, model saved
2026-08-26 20:46:19 | Epoch  45/100 | Train Loss 1.2612 | Val Loss 1.3508 MAE 14.1476 R2 -0.0104
2026-08-26 20:46:19 |   Val R2 improved to -0.0104, model saved
2026-08-26 20:46:20 | Epoch  46/100 | Train Loss 1.2611 | Val Loss 1.3499 MAE 14.1513 R2 -0.0087
2026-08-26 20:46:20 |   Val R2 improved to -0.0087, model saved
2026-08-26 20:46:22 | Epoch  47/100 | Train Loss 1.2614 | Val Loss 1.3488 MAE 14.1544 R2 -0.0073
2026-08-26 20:46:22 |   Val R2 improved to -0.0073, model saved
2026-08-26 20:46:23 | Epoch  48/100 | Train Loss 1.2609 | Val Loss 1.3477 MAE 14.1575 R2 -0.0061
2026-08-26 20:46:24 |   Val R2 improved to -0.0061, model saved
2026-08-26 20:46:25 | Epoch  49/100 | Train Loss 1.2620 | Val Loss 1.3468 MAE 14.1599 R2 -0.0053
2026-08-26 20:46:25 |   Val R2 improved to -0.0053, model saved
2026-08-26 20:46:27 | Epoch  50/100 | Train Loss 1.2614 | Val Loss 1.3455 MAE 14.1620 R2 -0.0046
2026-08-26 20:46:27 |   Val R2 improved to -0.0046, model saved
2026-08-26 20:46:28 | Epoch  51/100 | Train Loss 1.2613 | Val Loss 1.3444 MAE 14.1644 R2 -0.0038
2026-08-26 20:46:28 |   Val R2 improved to -0.0038, model saved
2026-08-26 20:46:30 | Epoch  52/100 | Train Loss 1.2612 | Val Loss 1.3438 MAE 14.1663 R2 -0.0033
2026-08-26 20:46:30 |   Val R2 improved to -0.0033, model saved
2026-08-26 20:46:31 | Epoch  53/100 | Train Loss 1.2615 | Val Loss 1.3428 MAE 14.1678 R2 -0.0029
2026-08-26 20:46:31 |   Val R2 improved to -0.0029, model saved
2026-08-26 20:46:33 | Epoch  54/100 | Train Loss 1.2611 | Val Loss 1.3421 MAE 14.1693 R2 -0.0025
2026-08-26 20:46:33 |   Val R2 improved to -0.0025, model saved
2026-08-26 20:46:35 | Epoch  55/100 | Train Loss 1.2614 | Val Loss 1.3406 MAE 14.1705 R2 -0.0022
2026-08-26 20:46:35 |   Val R2 improved to -0.0022, model saved
2026-08-26 20:46:37 | Epoch  56/100 | Train Loss 1.2610 | Val Loss 1.3400 MAE 14.1715 R2 -0.0020
2026-08-26 20:46:37 |   Val R2 improved to -0.0020, model saved
2026-08-26 20:46:38 | Epoch  57/100 | Train Loss 1.2609 | Val Loss 1.3388 MAE 14.1743 R2 -0.0018
2026-08-26 20:46:38 |   Val R2 improved to -0.0018, model saved
2026-08-26 20:46:40 | Epoch  58/100 | Train Loss 1.2607 | Val Loss 1.3379 MAE 14.1777 R2 -0.0015
2026-08-26 20:46:40 |   Val R2 improved to -0.0015, model saved
2026-08-26 20:46:42 | Epoch  59/100 | Train Loss 1.2610 | Val Loss 1.3372 MAE 14.1786 R2 -0.0015
2026-08-26 20:46:42 |   Val R2 improved to -0.0015, model saved
2026-08-26 20:46:43 | Epoch  60/100 | Train Loss 1.2613 | Val Loss 1.3359 MAE 14.1785 R2 -0.0015
2026-08-26 20:46:45 | Epoch  61/100 | Train Loss 1.2609 | Val Loss 1.3355 MAE 14.1803 R2 -0.0014
2026-08-26 20:46:45 |   Val R2 improved to -0.0014, model saved
2026-08-26 20:46:47 | Epoch  62/100 | Train Loss 1.2608 | Val Loss 1.3343 MAE 14.1822 R2 -0.0013
2026-08-26 20:46:47 |   Val R2 improved to -0.0013, model saved
2026-08-26 20:46:48 | Epoch  63/100 | Train Loss 1.2611 | Val Loss 1.3336 MAE 14.1826 R2 -0.0012
2026-08-26 20:46:48 |   Val R2 improved to -0.0012, model saved
2026-08-26 20:46:50 | Epoch  64/100 | Train Loss 1.2608 | Val Loss 1.3326 MAE 14.1833 R2 -0.0012
2026-08-26 20:46:50 |   Val R2 improved to -0.0012, model saved
2026-08-26 20:46:52 | Epoch  65/100 | Train Loss 1.2612 | Val Loss 1.3315 MAE 14.1844 R2 -0.0011
2026-08-26 20:46:52 |   Val R2 improved to -0.0011, model saved
2026-08-26 20:46:54 | Epoch  66/100 | Train Loss 1.2611 | Val Loss 1.3310 MAE 14.1848 R2 -0.0011
2026-08-26 20:46:54 |   Val R2 improved to -0.0011, model saved
2026-08-26 20:46:55 | Epoch  67/100 | Train Loss 1.2611 | Val Loss 1.3299 MAE 14.1859 R2 -0.0010
2026-08-26 20:46:55 |   Val R2 improved to -0.0010, model saved
2026-08-26 20:46:57 | Epoch  68/100 | Train Loss 1.2607 | Val Loss 1.3292 MAE 14.1870 R2 -0.0010
2026-08-26 20:46:57 |   Val R2 improved to -0.0010, model saved
2026-08-26 20:46:58 | Epoch  69/100 | Train Loss 1.2609 | Val Loss 1.3285 MAE 14.1879 R2 -0.0009
2026-08-26 20:46:59 |   Val R2 improved to -0.0009, model saved
2026-08-26 20:47:00 | Epoch  70/100 | Train Loss 1.2611 | Val Loss 1.3276 MAE 14.1890 R2 -0.0009
2026-08-26 20:47:00 |   Val R2 improved to -0.0009, model saved
2026-08-26 20:47:02 | Epoch  71/100 | Train Loss 1.2611 | Val Loss 1.3265 MAE 14.1890 R2 -0.0009
2026-08-26 20:47:03 | Epoch  72/100 | Train Loss 1.2608 | Val Loss 1.3258 MAE 14.1894 R2 -0.0009
2026-08-26 20:47:03 |   Val R2 improved to -0.0009, model saved
2026-08-26 20:47:05 | Epoch  73/100 | Train Loss 1.2614 | Val Loss 1.3251 MAE 14.1893 R2 -0.0009
2026-08-26 20:47:06 | Epoch  74/100 | Train Loss 1.2612 | Val Loss 1.3243 MAE 14.1898 R2 -0.0008
2026-08-26 20:47:06 |   Val R2 improved to -0.0008, model saved
2026-08-26 20:47:08 | Epoch  75/100 | Train Loss 1.2609 | Val Loss 1.3234 MAE 14.1893 R2 -0.0009
2026-08-26 20:47:10 | Epoch  76/100 | Train Loss 1.2608 | Val Loss 1.3226 MAE 14.1884 R2 -0.0009
2026-08-26 20:47:11 | Epoch  77/100 | Train Loss 1.2618 | Val Loss 1.3219 MAE 14.1885 R2 -0.0009
2026-08-26 20:47:13 | Epoch  78/100 | Train Loss 1.2606 | Val Loss 1.3211 MAE 14.1882 R2 -0.0009
2026-08-26 20:47:14 | Epoch  79/100 | Train Loss 1.2608 | Val Loss 1.3201 MAE 14.1893 R2 -0.0009
2026-08-26 20:47:16 | Epoch  80/100 | Train Loss 1.2605 | Val Loss 1.3195 MAE 14.1900 R2 -0.0008
2026-08-26 20:47:16 |   Val R2 improved to -0.0008, model saved
2026-08-26 20:47:18 | Epoch  81/100 | Train Loss 1.2608 | Val Loss 1.3186 MAE 14.1902 R2 -0.0008
2026-08-26 20:47:18 |   Val R2 improved to -0.0008, model saved
2026-08-26 20:47:19 | Epoch  82/100 | Train Loss 1.2612 | Val Loss 1.3180 MAE 14.1904 R2 -0.0008
2026-08-26 20:47:19 |   Val R2 improved to -0.0008, model saved
2026-08-26 20:47:21 | Epoch  83/100 | Train Loss 1.2602 | Val Loss 1.3173 MAE 14.1908 R2 -0.0008
2026-08-26 20:47:21 |   Val R2 improved to -0.0008, model saved
2026-08-26 20:47:23 | Epoch  84/100 | Train Loss 1.2606 | Val Loss 1.3165 MAE 14.1880 R2 -0.0009
2026-08-26 20:47:25 | Epoch  85/100 | Train Loss 1.2608 | Val Loss 1.3158 MAE 14.1873 R2 -0.0010
2026-08-26 20:47:26 | Epoch  86/100 | Train Loss 1.2608 | Val Loss 1.3153 MAE 14.1884 R2 -0.0009
2026-08-26 20:47:28 | Epoch  87/100 | Train Loss 1.2611 | Val Loss 1.3144 MAE 14.1891 R2 -0.0009
2026-08-26 20:47:30 | Epoch  88/100 | Train Loss 1.2611 | Val Loss 1.3139 MAE 14.1890 R2 -0.0009
2026-08-26 20:47:31 | Epoch  89/100 | Train Loss 1.2607 | Val Loss 1.3130 MAE 14.1894 R2 -0.0009
2026-08-26 20:47:33 | Epoch  90/100 | Train Loss 1.2609 | Val Loss 1.3126 MAE 14.1887 R2 -0.0009
2026-08-26 20:47:35 | Epoch  91/100 | Train Loss 1.2611 | Val Loss 1.3115 MAE 14.1881 R2 -0.0009
2026-08-26 20:47:36 | Epoch  92/100 | Train Loss 1.2610 | Val Loss 1.3110 MAE 14.1893 R2 -0.0009
2026-08-26 20:47:38 | Epoch  93/100 | Train Loss 1.2610 | Val Loss 1.3102 MAE 14.1892 R2 -0.0009
2026-08-26 20:47:38 | Val R2 did not improve for 10 consecutive epochs, early stopping at Epoch 93 (best R2 -0.0008 @ Epoch 83)
2026-08-26 20:47:38 | Run 4/5 | Test (best model @ Epoch 83) | Loss 1.3188 MAE 14.6457 R2 -0.0008
2026-08-26 20:47:38 | ===== Run 5/5 (seed 4) =====
2026-08-26 20:47:40 | Epoch   1/100 | Train Loss 3.9805 | Val Loss 1.7040 MAE 41.8158 R2 -5.9316
2026-08-26 20:47:40 |   Val R2 improved to -5.9316, model saved
2026-08-26 20:47:42 | Epoch   2/100 | Train Loss 1.7169 | Val Loss 1.6054 MAE 38.1229 R2 -4.9324
2026-08-26 20:47:42 |   Val R2 improved to -4.9324, model saved
2026-08-26 20:47:43 | Epoch   3/100 | Train Loss 1.5706 | Val Loss 1.5801 MAE 39.1949 R2 -5.2132
2026-08-26 20:47:45 | Epoch   4/100 | Train Loss 1.5119 | Val Loss 1.5723 MAE 39.4098 R2 -5.2695
2026-08-26 20:47:47 | Epoch   5/100 | Train Loss 1.4760 | Val Loss 1.5610 MAE 38.9141 R2 -5.1373
2026-08-26 20:47:48 | Epoch   6/100 | Train Loss 1.4460 | Val Loss 1.5480 MAE 37.9011 R2 -4.8727
2026-08-26 20:47:48 |   Val R2 improved to -4.8727, model saved
2026-08-26 20:47:50 | Epoch   7/100 | Train Loss 1.4260 | Val Loss 1.5346 MAE 36.5209 R2 -4.5230
2026-08-26 20:47:50 |   Val R2 improved to -4.5230, model saved
2026-08-26 20:47:52 | Epoch   8/100 | Train Loss 1.4057 | Val Loss 1.5211 MAE 34.9870 R2 -4.1491
2026-08-26 20:47:52 |   Val R2 improved to -4.1491, model saved
2026-08-26 20:47:53 | Epoch   9/100 | Train Loss 1.3900 | Val Loss 1.5077 MAE 33.3854 R2 -3.7749
2026-08-26 20:47:53 |   Val R2 improved to -3.7749, model saved
2026-08-26 20:47:55 | Epoch  10/100 | Train Loss 1.3771 | Val Loss 1.4957 MAE 31.7891 R2 -3.4182
2026-08-26 20:47:55 |   Val R2 improved to -3.4182, model saved
2026-08-26 20:47:57 | Epoch  11/100 | Train Loss 1.3638 | Val Loss 1.4837 MAE 30.2070 R2 -3.0788
2026-08-26 20:47:57 |   Val R2 improved to -3.0788, model saved
2026-08-26 20:47:58 | Epoch  12/100 | Train Loss 1.3538 | Val Loss 1.4731 MAE 28.6749 R2 -2.7633
2026-08-26 20:47:58 |   Val R2 improved to -2.7633, model saved
2026-08-26 20:48:00 | Epoch  13/100 | Train Loss 1.3435 | Val Loss 1.4630 MAE 27.2169 R2 -2.4734
2026-08-26 20:48:00 |   Val R2 improved to -2.4734, model saved
2026-08-26 20:48:02 | Epoch  14/100 | Train Loss 1.3346 | Val Loss 1.4535 MAE 25.8405 R2 -2.2082
2026-08-26 20:48:02 |   Val R2 improved to -2.2082, model saved
2026-08-26 20:48:04 | Epoch  15/100 | Train Loss 1.3263 | Val Loss 1.4454 MAE 24.5523 R2 -1.9670
2026-08-26 20:48:04 |   Val R2 improved to -1.9670, model saved
2026-08-26 20:48:05 | Epoch  16/100 | Train Loss 1.3195 | Val Loss 1.4375 MAE 23.3450 R2 -1.7470
2026-08-26 20:48:05 |   Val R2 improved to -1.7470, model saved
2026-08-26 20:48:07 | Epoch  17/100 | Train Loss 1.3127 | Val Loss 1.4300 MAE 22.2465 R2 -1.5489
2026-08-26 20:48:07 |   Val R2 improved to -1.5489, model saved
2026-08-26 20:48:09 | Epoch  18/100 | Train Loss 1.3068 | Val Loss 1.4235 MAE 21.2309 R2 -1.3690
2026-08-26 20:48:09 |   Val R2 improved to -1.3690, model saved
2026-08-26 20:48:10 | Epoch  19/100 | Train Loss 1.3011 | Val Loss 1.4176 MAE 20.3084 R2 -1.2078
2026-08-26 20:48:10 |   Val R2 improved to -1.2078, model saved
2026-08-26 20:48:12 | Epoch  20/100 | Train Loss 1.2968 | Val Loss 1.4121 MAE 19.4759 R2 -1.0627
2026-08-26 20:48:12 |   Val R2 improved to -1.0627, model saved
2026-08-26 20:48:14 | Epoch  21/100 | Train Loss 1.2923 | Val Loss 1.4069 MAE 18.7293 R2 -0.9321
2026-08-26 20:48:14 |   Val R2 improved to -0.9321, model saved
2026-08-26 20:48:15 | Epoch  22/100 | Train Loss 1.2890 | Val Loss 1.4024 MAE 18.0645 R2 -0.8145
2026-08-26 20:48:15 |   Val R2 improved to -0.8145, model saved
2026-08-26 20:48:17 | Epoch  23/100 | Train Loss 1.2854 | Val Loss 1.3979 MAE 17.4804 R2 -0.7110
2026-08-26 20:48:17 |   Val R2 improved to -0.7110, model saved
2026-08-26 20:48:19 | Epoch  24/100 | Train Loss 1.2824 | Val Loss 1.3942 MAE 16.9575 R2 -0.6176
2026-08-26 20:48:19 |   Val R2 improved to -0.6176, model saved
2026-08-26 20:48:21 | Epoch  25/100 | Train Loss 1.2798 | Val Loss 1.3902 MAE 16.5086 R2 -0.5369
2026-08-26 20:48:21 |   Val R2 improved to -0.5369, model saved
2026-08-26 20:48:22 | Epoch  26/100 | Train Loss 1.2770 | Val Loss 1.3872 MAE 16.1172 R2 -0.4652
2026-08-26 20:48:22 |   Val R2 improved to -0.4652, model saved
2026-08-26 20:48:24 | Epoch  27/100 | Train Loss 1.2755 | Val Loss 1.3842 MAE 15.7902 R2 -0.4020
2026-08-26 20:48:24 |   Val R2 improved to -0.4020, model saved
2026-08-26 20:48:26 | Epoch  28/100 | Train Loss 1.2731 | Val Loss 1.3814 MAE 15.5043 R2 -0.3457
2026-08-26 20:48:26 |   Val R2 improved to -0.3457, model saved
2026-08-26 20:48:27 | Epoch  29/100 | Train Loss 1.2719 | Val Loss 1.3786 MAE 15.2605 R2 -0.2968
2026-08-26 20:48:27 |   Val R2 improved to -0.2968, model saved
2026-08-26 20:48:29 | Epoch  30/100 | Train Loss 1.2709 | Val Loss 1.3760 MAE 15.0531 R2 -0.2545
2026-08-26 20:48:29 |   Val R2 improved to -0.2545, model saved
2026-08-26 20:48:31 | Epoch  31/100 | Train Loss 1.2691 | Val Loss 1.3734 MAE 14.8880 R2 -0.2174
2026-08-26 20:48:31 |   Val R2 improved to -0.2174, model saved
2026-08-26 20:48:33 | Epoch  32/100 | Train Loss 1.2680 | Val Loss 1.3715 MAE 14.7468 R2 -0.1853
2026-08-26 20:48:33 |   Val R2 improved to -0.1853, model saved
2026-08-26 20:48:35 | Epoch  33/100 | Train Loss 1.2668 | Val Loss 1.3696 MAE 14.6244 R2 -0.1579
2026-08-26 20:48:35 |   Val R2 improved to -0.1579, model saved
2026-08-26 20:48:36 | Epoch  34/100 | Train Loss 1.2666 | Val Loss 1.3673 MAE 14.5280 R2 -0.1337
2026-08-26 20:48:36 |   Val R2 improved to -0.1337, model saved
2026-08-26 20:48:38 | Epoch  35/100 | Train Loss 1.2648 | Val Loss 1.3658 MAE 14.4437 R2 -0.1136
2026-08-26 20:48:38 |   Val R2 improved to -0.1136, model saved
2026-08-26 20:48:39 | Epoch  36/100 | Train Loss 1.2643 | Val Loss 1.3639 MAE 14.3805 R2 -0.0959
2026-08-26 20:48:39 |   Val R2 improved to -0.0959, model saved
2026-08-26 20:48:41 | Epoch  37/100 | Train Loss 1.2641 | Val Loss 1.3630 MAE 14.3234 R2 -0.0809
2026-08-26 20:48:41 |   Val R2 improved to -0.0809, model saved
2026-08-26 20:48:43 | Epoch  38/100 | Train Loss 1.2628 | Val Loss 1.3609 MAE 14.2817 R2 -0.0681
2026-08-26 20:48:43 |   Val R2 improved to -0.0681, model saved
2026-08-26 20:48:44 | Epoch  39/100 | Train Loss 1.2634 | Val Loss 1.3603 MAE 14.2489 R2 -0.0576
2026-08-26 20:48:44 |   Val R2 improved to -0.0576, model saved
2026-08-26 20:48:46 | Epoch  40/100 | Train Loss 1.2634 | Val Loss 1.3589 MAE 14.2184 R2 -0.0486
2026-08-26 20:48:46 |   Val R2 improved to -0.0486, model saved
2026-08-26 20:48:48 | Epoch  41/100 | Train Loss 1.2631 | Val Loss 1.3575 MAE 14.2017 R2 -0.0409
2026-08-26 20:48:48 |   Val R2 improved to -0.0409, model saved
2026-08-26 20:48:49 | Epoch  42/100 | Train Loss 1.2620 | Val Loss 1.3566 MAE 14.1865 R2 -0.0341
2026-08-26 20:48:49 |   Val R2 improved to -0.0341, model saved
2026-08-26 20:48:51 | Epoch  43/100 | Train Loss 1.2622 | Val Loss 1.3554 MAE 14.1729 R2 -0.0285
2026-08-26 20:48:51 |   Val R2 improved to -0.0285, model saved
2026-08-26 20:48:53 | Epoch  44/100 | Train Loss 1.2624 | Val Loss 1.3544 MAE 14.1643 R2 -0.0241
2026-08-26 20:48:53 |   Val R2 improved to -0.0241, model saved
2026-08-26 20:48:54 | Epoch  45/100 | Train Loss 1.2619 | Val Loss 1.3531 MAE 14.1600 R2 -0.0202
2026-08-26 20:48:54 |   Val R2 improved to -0.0202, model saved
2026-08-26 20:48:56 | Epoch  46/100 | Train Loss 1.2621 | Val Loss 1.3521 MAE 14.1564 R2 -0.0171
2026-08-26 20:48:56 |   Val R2 improved to -0.0171, model saved
2026-08-26 20:48:57 | Epoch  47/100 | Train Loss 1.2618 | Val Loss 1.3510 MAE 14.1529 R2 -0.0143
2026-08-26 20:48:57 |   Val R2 improved to -0.0143, model saved
2026-08-26 20:48:59 | Epoch  48/100 | Train Loss 1.2619 | Val Loss 1.3494 MAE 14.1496 R2 -0.0120
2026-08-26 20:48:59 |   Val R2 improved to -0.0120, model saved
2026-08-26 20:49:01 | Epoch  49/100 | Train Loss 1.2618 | Val Loss 1.3487 MAE 14.1484 R2 -0.0101
2026-08-26 20:49:01 |   Val R2 improved to -0.0101, model saved
2026-08-26 20:49:02 | Epoch  50/100 | Train Loss 1.2615 | Val Loss 1.3473 MAE 14.1516 R2 -0.0085
2026-08-26 20:49:02 |   Val R2 improved to -0.0085, model saved
2026-08-26 20:49:04 | Epoch  51/100 | Train Loss 1.2613 | Val Loss 1.3462 MAE 14.1546 R2 -0.0072
2026-08-26 20:49:04 |   Val R2 improved to -0.0072, model saved
2026-08-26 20:49:06 | Epoch  52/100 | Train Loss 1.2616 | Val Loss 1.3457 MAE 14.1572 R2 -0.0063
2026-08-26 20:49:06 |   Val R2 improved to -0.0063, model saved
2026-08-26 20:49:08 | Epoch  53/100 | Train Loss 1.2615 | Val Loss 1.3444 MAE 14.1599 R2 -0.0053
2026-08-26 20:49:08 |   Val R2 improved to -0.0053, model saved
2026-08-26 20:49:09 | Epoch  54/100 | Train Loss 1.2614 | Val Loss 1.3436 MAE 14.1617 R2 -0.0047
2026-08-26 20:49:09 |   Val R2 improved to -0.0047, model saved
2026-08-26 20:49:11 | Epoch  55/100 | Train Loss 1.2618 | Val Loss 1.3426 MAE 14.1637 R2 -0.0040
2026-08-26 20:49:11 |   Val R2 improved to -0.0040, model saved
2026-08-26 20:49:13 | Epoch  56/100 | Train Loss 1.2613 | Val Loss 1.3412 MAE 14.1654 R2 -0.0035
2026-08-26 20:49:13 |   Val R2 improved to -0.0035, model saved
2026-08-26 20:49:14 | Epoch  57/100 | Train Loss 1.2618 | Val Loss 1.3405 MAE 14.1668 R2 -0.0031
2026-08-26 20:49:14 |   Val R2 improved to -0.0031, model saved
2026-08-26 20:49:16 | Epoch  58/100 | Train Loss 1.2611 | Val Loss 1.3393 MAE 14.1682 R2 -0.0027
2026-08-26 20:49:16 |   Val R2 improved to -0.0027, model saved
2026-08-26 20:49:18 | Epoch  59/100 | Train Loss 1.2610 | Val Loss 1.3386 MAE 14.1692 R2 -0.0025
2026-08-26 20:49:18 |   Val R2 improved to -0.0025, model saved
2026-08-26 20:49:20 | Epoch  60/100 | Train Loss 1.2610 | Val Loss 1.3381 MAE 14.1705 R2 -0.0022
2026-08-26 20:49:20 |   Val R2 improved to -0.0022, model saved
2026-08-26 20:49:22 | Epoch  61/100 | Train Loss 1.2617 | Val Loss 1.3368 MAE 14.1721 R2 -0.0019
2026-08-26 20:49:22 |   Val R2 improved to -0.0019, model saved
2026-08-26 20:49:23 | Epoch  62/100 | Train Loss 1.2610 | Val Loss 1.3360 MAE 14.1749 R2 -0.0017
2026-08-26 20:49:23 |   Val R2 improved to -0.0017, model saved
2026-08-26 20:49:25 | Epoch  63/100 | Train Loss 1.2611 | Val Loss 1.3353 MAE 14.1763 R2 -0.0016
2026-08-26 20:49:25 |   Val R2 improved to -0.0016, model saved
2026-08-26 20:49:27 | Epoch  64/100 | Train Loss 1.2610 | Val Loss 1.3346 MAE 14.1787 R2 -0.0015
2026-08-26 20:49:27 |   Val R2 improved to -0.0015, model saved
2026-08-26 20:49:28 | Epoch  65/100 | Train Loss 1.2614 | Val Loss 1.3336 MAE 14.1804 R2 -0.0014
2026-08-26 20:49:28 |   Val R2 improved to -0.0014, model saved
2026-08-26 20:49:30 | Epoch  66/100 | Train Loss 1.2610 | Val Loss 1.3327 MAE 14.1821 R2 -0.0013
2026-08-26 20:49:30 |   Val R2 improved to -0.0013, model saved
2026-08-26 20:49:32 | Epoch  67/100 | Train Loss 1.2617 | Val Loss 1.3319 MAE 14.1822 R2 -0.0012
2026-08-26 20:49:32 |   Val R2 improved to -0.0012, model saved
2026-08-26 20:49:34 | Epoch  68/100 | Train Loss 1.2614 | Val Loss 1.3311 MAE 14.1829 R2 -0.0012
2026-08-26 20:49:34 |   Val R2 improved to -0.0012, model saved
2026-08-26 20:49:36 | Epoch  69/100 | Train Loss 1.2611 | Val Loss 1.3302 MAE 14.1838 R2 -0.0012
2026-08-26 20:49:36 |   Val R2 improved to -0.0012, model saved
2026-08-26 20:49:37 | Epoch  70/100 | Train Loss 1.2610 | Val Loss 1.3292 MAE 14.1843 R2 -0.0011
2026-08-26 20:49:37 |   Val R2 improved to -0.0011, model saved
2026-08-26 20:49:39 | Epoch  71/100 | Train Loss 1.2614 | Val Loss 1.3286 MAE 14.1862 R2 -0.0010
2026-08-26 20:49:39 |   Val R2 improved to -0.0010, model saved
2026-08-26 20:49:41 | Epoch  72/100 | Train Loss 1.2612 | Val Loss 1.3277 MAE 14.1866 R2 -0.0010
2026-08-26 20:49:41 |   Val R2 improved to -0.0010, model saved
2026-08-26 20:49:43 | Epoch  73/100 | Train Loss 1.2607 | Val Loss 1.3268 MAE 14.1876 R2 -0.0009
2026-08-26 20:49:43 |   Val R2 improved to -0.0009, model saved
2026-08-26 20:49:44 | Epoch  74/100 | Train Loss 1.2612 | Val Loss 1.3260 MAE 14.1876 R2 -0.0009
2026-08-26 20:49:46 | Epoch  75/100 | Train Loss 1.2608 | Val Loss 1.3253 MAE 14.1883 R2 -0.0009
2026-08-26 20:49:46 |   Val R2 improved to -0.0009, model saved
2026-08-26 20:49:48 | Epoch  76/100 | Train Loss 1.2610 | Val Loss 1.3243 MAE 14.1885 R2 -0.0009
2026-08-26 20:49:48 |   Val R2 improved to -0.0009, model saved
2026-08-26 20:49:50 | Epoch  77/100 | Train Loss 1.2610 | Val Loss 1.3237 MAE 14.1886 R2 -0.0009
2026-08-26 20:49:50 |   Val R2 improved to -0.0009, model saved
2026-08-26 20:49:51 | Epoch  78/100 | Train Loss 1.2611 | Val Loss 1.3230 MAE 14.1887 R2 -0.0009
2026-08-26 20:49:53 | Epoch  79/100 | Train Loss 1.2615 | Val Loss 1.3220 MAE 14.1899 R2 -0.0009
2026-08-26 20:49:53 |   Val R2 improved to -0.0009, model saved
2026-08-26 20:49:55 | Epoch  80/100 | Train Loss 1.2617 | Val Loss 1.3212 MAE 14.1908 R2 -0.0008
2026-08-26 20:49:55 |   Val R2 improved to -0.0008, model saved
2026-08-26 20:49:57 | Epoch  81/100 | Train Loss 1.2607 | Val Loss 1.3204 MAE 14.1908 R2 -0.0008
2026-08-26 20:49:58 | Epoch  82/100 | Train Loss 1.2613 | Val Loss 1.3196 MAE 14.1910 R2 -0.0008
2026-08-26 20:49:58 |   Val R2 improved to -0.0008, model saved
2026-08-26 20:50:00 | Epoch  83/100 | Train Loss 1.2607 | Val Loss 1.3187 MAE 14.1919 R2 -0.0007
2026-08-26 20:50:00 |   Val R2 improved to -0.0007, model saved
2026-08-26 20:50:01 | Epoch  84/100 | Train Loss 1.2613 | Val Loss 1.3181 MAE 14.1910 R2 -0.0008
2026-08-26 20:50:03 | Epoch  85/100 | Train Loss 1.2612 | Val Loss 1.3174 MAE 14.1900 R2 -0.0008
2026-08-26 20:50:05 | Epoch  86/100 | Train Loss 1.2608 | Val Loss 1.3166 MAE 14.1893 R2 -0.0009
2026-08-26 20:50:06 | Epoch  87/100 | Train Loss 1.2610 | Val Loss 1.3159 MAE 14.1897 R2 -0.0008
2026-08-26 20:50:08 | Epoch  88/100 | Train Loss 1.2605 | Val Loss 1.3153 MAE 14.1896 R2 -0.0008
2026-08-26 20:50:10 | Epoch  89/100 | Train Loss 1.2611 | Val Loss 1.3146 MAE 14.1887 R2 -0.0009
2026-08-26 20:50:12 | Epoch  90/100 | Train Loss 1.2613 | Val Loss 1.3138 MAE 14.1882 R2 -0.0009
2026-08-26 20:50:13 | Epoch  91/100 | Train Loss 1.2608 | Val Loss 1.3130 MAE 14.1877 R2 -0.0009
2026-08-26 20:50:15 | Epoch  92/100 | Train Loss 1.2610 | Val Loss 1.3122 MAE 14.1882 R2 -0.0009
2026-08-26 20:50:17 | Epoch  93/100 | Train Loss 1.2610 | Val Loss 1.3115 MAE 14.1898 R2 -0.0008
2026-08-26 20:50:17 | Val R2 did not improve for 10 consecutive epochs, early stopping at Epoch 93 (best R2 -0.0007 @ Epoch 83)
2026-08-26 20:50:17 | Run 5/5 | Test (best model @ Epoch 83) | Loss 1.3202 MAE 14.6474 R2 -0.0008
2026-08-26 20:50:17 | Average over 5 runs | Test Loss 1.3216±0.0029 MAE 14.6462±0.0017 R2 -0.0008±0.0000
