2026-08-28 23:25:49 | Device: cuda
2026-08-28 23:25:49 | Args: {'model': 'vib', 'backbone': 'mlp', 'task': 'mnist', 'epochs': 100, 'batch_size': 512, 'lr': 0.001, 'hidden_dims': [512, 256], 'dropout': 0.2, 'z_dim': 256, 'anchor_scale': 4.0, 'max_len': 250, 'random_labels': False, 'beta': 0.01, 'patience': 10, 'runs': 5, 'seed': 0, 'data_dir': './data', 'save_path': 'output/mnist_mlp_vib/mnist_mlp_vib.pt', 'log_path': '/root/autodl-tmp/FGIB/tune_results_ablation/p3_diag/mnist_mlp_vib_beta_0.01/train.log', 'no_save': True, 'freeze_a': False, 'a_identity': False, 'cosine_classifier': False, 'log_variance_stats': True, 'subject_disjoint': False}
2026-08-28 23:25:49 | ===== Run 1/5 (seed 0) =====
2026-08-28 23:25:53 | Epoch   1/100 | Train Loss 0.7878 Acc 0.8485 | Val Loss 0.3471 Acc 0.9565 AUC 0.9983 Pre 0.9561 Rec 0.9561
2026-08-28 23:25:53 | Diag logvar_q_mean=-0.0554 logvar_q_clamp=0.0000
2026-08-28 23:25:53 |   Val AUC improved to 0.9983, model saved
2026-08-28 23:25:57 | Epoch   2/100 | Train Loss 0.4006 Acc 0.9475 | Val Loss 0.2727 Acc 0.9683 AUC 0.9989 Pre 0.9681 Rec 0.9680
2026-08-28 23:25:57 | Diag logvar_q_mean=-0.0605 logvar_q_clamp=0.0000
2026-08-28 23:25:57 |   Val AUC improved to 0.9989, model saved
2026-08-28 23:26:00 | Epoch   3/100 | Train Loss 0.3319 Acc 0.9575 | Val Loss 0.2337 Acc 0.9723 AUC 0.9992 Pre 0.9724 Rec 0.9719
2026-08-28 23:26:00 | Diag logvar_q_mean=-0.0643 logvar_q_clamp=0.0000
2026-08-28 23:26:00 |   Val AUC improved to 0.9992, model saved
2026-08-28 23:26:04 | Epoch   4/100 | Train Loss 0.3060 Acc 0.9615 | Val Loss 0.2290 Acc 0.9753 AUC 0.9993 Pre 0.9754 Rec 0.9749
2026-08-28 23:26:04 | Diag logvar_q_mean=-0.0710 logvar_q_clamp=0.0000
2026-08-28 23:26:04 |   Val AUC improved to 0.9993, model saved
2026-08-28 23:26:07 | Epoch   5/100 | Train Loss 0.2791 Acc 0.9664 | Val Loss 0.2091 Acc 0.9780 AUC 0.9994 Pre 0.9779 Rec 0.9778
2026-08-28 23:26:07 | Diag logvar_q_mean=-0.0694 logvar_q_clamp=0.0000
2026-08-28 23:26:07 |   Val AUC improved to 0.9994, model saved
2026-08-28 23:26:11 | Epoch   6/100 | Train Loss 0.2600 Acc 0.9701 | Val Loss 0.2118 Acc 0.9759 AUC 0.9992 Pre 0.9757 Rec 0.9757
2026-08-28 23:26:11 | Diag logvar_q_mean=-0.0687 logvar_q_clamp=0.0000
2026-08-28 23:26:14 | Epoch   7/100 | Train Loss 0.2529 Acc 0.9708 | Val Loss 0.2007 Acc 0.9764 AUC 0.9993 Pre 0.9761 Rec 0.9763
2026-08-28 23:26:14 | Diag logvar_q_mean=-0.0743 logvar_q_clamp=0.0000
2026-08-28 23:26:17 | Epoch   8/100 | Train Loss 0.2377 Acc 0.9734 | Val Loss 0.1948 Acc 0.9788 AUC 0.9994 Pre 0.9786 Rec 0.9785
2026-08-28 23:26:18 | Diag logvar_q_mean=-0.0732 logvar_q_clamp=0.0000
2026-08-28 23:26:21 | Epoch   9/100 | Train Loss 0.2342 Acc 0.9737 | Val Loss 0.2156 Acc 0.9789 AUC 0.9993 Pre 0.9789 Rec 0.9786
2026-08-28 23:26:21 | Diag logvar_q_mean=-0.0754 logvar_q_clamp=0.0000
2026-08-28 23:26:25 | Epoch  10/100 | Train Loss 0.2312 Acc 0.9731 | Val Loss 0.2093 Acc 0.9789 AUC 0.9995 Pre 0.9786 Rec 0.9788
2026-08-28 23:26:25 | Diag logvar_q_mean=-0.0740 logvar_q_clamp=0.0000
2026-08-28 23:26:25 |   Val AUC improved to 0.9995, model saved
2026-08-28 23:26:28 | Epoch  11/100 | Train Loss 0.2235 Acc 0.9754 | Val Loss 0.1917 Acc 0.9802 AUC 0.9995 Pre 0.9802 Rec 0.9799
2026-08-28 23:26:28 | Diag logvar_q_mean=-0.0769 logvar_q_clamp=0.0000
2026-08-28 23:26:31 | Epoch  12/100 | Train Loss 0.2266 Acc 0.9737 | Val Loss 0.1788 Acc 0.9820 AUC 0.9996 Pre 0.9818 Rec 0.9819
2026-08-28 23:26:31 | Diag logvar_q_mean=-0.0782 logvar_q_clamp=0.0000
2026-08-28 23:26:31 |   Val AUC improved to 0.9996, model saved
2026-08-28 23:26:35 | Epoch  13/100 | Train Loss 0.2154 Acc 0.9762 | Val Loss 0.1855 Acc 0.9803 AUC 0.9994 Pre 0.9801 Rec 0.9801
2026-08-28 23:26:35 | Diag logvar_q_mean=-0.0762 logvar_q_clamp=0.0000
2026-08-28 23:26:38 | Epoch  14/100 | Train Loss 0.2135 Acc 0.9767 | Val Loss 0.1973 Acc 0.9804 AUC 0.9993 Pre 0.9803 Rec 0.9804
2026-08-28 23:26:38 | Diag logvar_q_mean=-0.0838 logvar_q_clamp=0.0000
2026-08-28 23:26:42 | Epoch  15/100 | Train Loss 0.2063 Acc 0.9782 | Val Loss 0.1912 Acc 0.9806 AUC 0.9993 Pre 0.9806 Rec 0.9804
2026-08-28 23:26:42 | Diag logvar_q_mean=-0.0788 logvar_q_clamp=0.0000
2026-08-28 23:26:45 | Epoch  16/100 | Train Loss 0.2017 Acc 0.9793 | Val Loss 0.1870 Acc 0.9805 AUC 0.9994 Pre 0.9805 Rec 0.9803
2026-08-28 23:26:45 | Diag logvar_q_mean=-0.0771 logvar_q_clamp=0.0000
2026-08-28 23:26:48 | Epoch  17/100 | Train Loss 0.2012 Acc 0.9792 | Val Loss 0.1970 Acc 0.9807 AUC 0.9992 Pre 0.9806 Rec 0.9805
2026-08-28 23:26:48 | Diag logvar_q_mean=-0.0772 logvar_q_clamp=0.0000
2026-08-28 23:26:52 | Epoch  18/100 | Train Loss 0.2011 Acc 0.9788 | Val Loss 0.1886 Acc 0.9803 AUC 0.9994 Pre 0.9802 Rec 0.9801
2026-08-28 23:26:52 | Diag logvar_q_mean=-0.0791 logvar_q_clamp=0.0000
2026-08-28 23:26:55 | Epoch  19/100 | Train Loss 0.1960 Acc 0.9796 | Val Loss 0.1923 Acc 0.9830 AUC 0.9993 Pre 0.9830 Rec 0.9828
2026-08-28 23:26:55 | Diag logvar_q_mean=-0.0792 logvar_q_clamp=0.0000
2026-08-28 23:26:59 | Epoch  20/100 | Train Loss 0.1983 Acc 0.9794 | Val Loss 0.1866 Acc 0.9813 AUC 0.9995 Pre 0.9812 Rec 0.9811
2026-08-28 23:26:59 | Diag logvar_q_mean=-0.0806 logvar_q_clamp=0.0000
2026-08-28 23:27:02 | Epoch  21/100 | Train Loss 0.2029 Acc 0.9787 | Val Loss 0.1945 Acc 0.9820 AUC 0.9992 Pre 0.9820 Rec 0.9818
2026-08-28 23:27:02 | Diag logvar_q_mean=-0.0855 logvar_q_clamp=0.0000
2026-08-28 23:27:06 | Epoch  22/100 | Train Loss 0.1966 Acc 0.9791 | Val Loss 0.1988 Acc 0.9822 AUC 0.9994 Pre 0.9821 Rec 0.9821
2026-08-28 23:27:06 | Diag logvar_q_mean=-0.0823 logvar_q_clamp=0.0000
2026-08-28 23:27:06 | Val AUC did not improve for 10 consecutive epochs, early stopping at Epoch 22 (best AUC 0.9996 @ Epoch 12)
2026-08-28 23:27:06 | Run 1/5 | Test (best model @ Epoch 12) | Loss 0.1779 Acc 0.9826 AUC 0.9996 Pre 0.9826 Rec 0.9825
2026-08-28 23:27:06 | ===== Run 2/5 (seed 1) =====
2026-08-28 23:27:10 | Epoch   1/100 | Train Loss 0.7868 Acc 0.8475 | Val Loss 0.3597 Acc 0.9542 AUC 0.9982 Pre 0.9539 Rec 0.9539
2026-08-28 23:27:10 | Diag logvar_q_mean=-0.0584 logvar_q_clamp=0.0000
2026-08-28 23:27:10 |   Val AUC improved to 0.9982, model saved
2026-08-28 23:27:13 | Epoch   2/100 | Train Loss 0.4007 Acc 0.9481 | Val Loss 0.2777 Acc 0.9702 AUC 0.9990 Pre 0.9699 Rec 0.9700
2026-08-28 23:27:13 | Diag logvar_q_mean=-0.0624 logvar_q_clamp=0.0000
2026-08-28 23:27:13 |   Val AUC improved to 0.9990, model saved
2026-08-28 23:27:16 | Epoch   3/100 | Train Loss 0.3332 Acc 0.9580 | Val Loss 0.2385 Acc 0.9732 AUC 0.9994 Pre 0.9732 Rec 0.9728
2026-08-28 23:27:16 | Diag logvar_q_mean=-0.0660 logvar_q_clamp=0.0000
2026-08-28 23:27:16 |   Val AUC improved to 0.9994, model saved
2026-08-28 23:27:20 | Epoch   4/100 | Train Loss 0.2981 Acc 0.9637 | Val Loss 0.2153 Acc 0.9765 AUC 0.9994 Pre 0.9763 Rec 0.9763
2026-08-28 23:27:20 | Diag logvar_q_mean=-0.0694 logvar_q_clamp=0.0000
2026-08-28 23:27:20 |   Val AUC improved to 0.9994, model saved
2026-08-28 23:27:23 | Epoch   5/100 | Train Loss 0.2825 Acc 0.9649 | Val Loss 0.2198 Acc 0.9772 AUC 0.9995 Pre 0.9772 Rec 0.9769
2026-08-28 23:27:23 | Diag logvar_q_mean=-0.0736 logvar_q_clamp=0.0000
2026-08-28 23:27:23 |   Val AUC improved to 0.9995, model saved
2026-08-28 23:27:27 | Epoch   6/100 | Train Loss 0.2634 Acc 0.9694 | Val Loss 0.2033 Acc 0.9795 AUC 0.9996 Pre 0.9792 Rec 0.9794
2026-08-28 23:27:27 | Diag logvar_q_mean=-0.0748 logvar_q_clamp=0.0000
2026-08-28 23:27:27 |   Val AUC improved to 0.9996, model saved
2026-08-28 23:27:30 | Epoch   7/100 | Train Loss 0.2537 Acc 0.9699 | Val Loss 0.2107 Acc 0.9775 AUC 0.9995 Pre 0.9775 Rec 0.9771
2026-08-28 23:27:30 | Diag logvar_q_mean=-0.0781 logvar_q_clamp=0.0000
2026-08-28 23:27:33 | Epoch   8/100 | Train Loss 0.2467 Acc 0.9712 | Val Loss 0.1907 Acc 0.9795 AUC 0.9996 Pre 0.9793 Rec 0.9794
2026-08-28 23:27:33 | Diag logvar_q_mean=-0.0727 logvar_q_clamp=0.0000
2026-08-28 23:27:33 |   Val AUC improved to 0.9996, model saved
2026-08-28 23:27:37 | Epoch   9/100 | Train Loss 0.2353 Acc 0.9732 | Val Loss 0.1854 Acc 0.9809 AUC 0.9994 Pre 0.9809 Rec 0.9807
2026-08-28 23:27:37 | Diag logvar_q_mean=-0.0745 logvar_q_clamp=0.0000
2026-08-28 23:27:40 | Epoch  10/100 | Train Loss 0.2310 Acc 0.9733 | Val Loss 0.2035 Acc 0.9807 AUC 0.9995 Pre 0.9807 Rec 0.9804
2026-08-28 23:27:40 | Diag logvar_q_mean=-0.0755 logvar_q_clamp=0.0000
2026-08-28 23:27:44 | Epoch  11/100 | Train Loss 0.2220 Acc 0.9757 | Val Loss 0.1741 Acc 0.9815 AUC 0.9995 Pre 0.9815 Rec 0.9814
2026-08-28 23:27:44 | Diag logvar_q_mean=-0.0799 logvar_q_clamp=0.0000
2026-08-28 23:27:47 | Epoch  12/100 | Train Loss 0.2176 Acc 0.9762 | Val Loss 0.1902 Acc 0.9817 AUC 0.9995 Pre 0.9816 Rec 0.9816
2026-08-28 23:27:47 | Diag logvar_q_mean=-0.0765 logvar_q_clamp=0.0000
2026-08-28 23:27:51 | Epoch  13/100 | Train Loss 0.2143 Acc 0.9769 | Val Loss 0.1849 Acc 0.9811 AUC 0.9996 Pre 0.9810 Rec 0.9810
2026-08-28 23:27:51 | Diag logvar_q_mean=-0.0753 logvar_q_clamp=0.0000
2026-08-28 23:27:51 |   Val AUC improved to 0.9996, model saved
2026-08-28 23:27:54 | Epoch  14/100 | Train Loss 0.2191 Acc 0.9755 | Val Loss 0.1960 Acc 0.9808 AUC 0.9994 Pre 0.9806 Rec 0.9806
2026-08-28 23:27:54 | Diag logvar_q_mean=-0.0810 logvar_q_clamp=0.0000
2026-08-28 23:27:58 | Epoch  15/100 | Train Loss 0.2071 Acc 0.9776 | Val Loss 0.1892 Acc 0.9808 AUC 0.9995 Pre 0.9806 Rec 0.9806
2026-08-28 23:27:58 | Diag logvar_q_mean=-0.0773 logvar_q_clamp=0.0000
2026-08-28 23:28:01 | Epoch  16/100 | Train Loss 0.2063 Acc 0.9788 | Val Loss 0.1888 Acc 0.9806 AUC 0.9995 Pre 0.9805 Rec 0.9805
2026-08-28 23:28:01 | Diag logvar_q_mean=-0.0809 logvar_q_clamp=0.0000
2026-08-28 23:28:04 | Epoch  17/100 | Train Loss 0.2007 Acc 0.9792 | Val Loss 0.1797 Acc 0.9820 AUC 0.9994 Pre 0.9820 Rec 0.9818
2026-08-28 23:28:04 | Diag logvar_q_mean=-0.0753 logvar_q_clamp=0.0000
2026-08-28 23:28:08 | Epoch  18/100 | Train Loss 0.1979 Acc 0.9796 | Val Loss 0.1840 Acc 0.9816 AUC 0.9992 Pre 0.9816 Rec 0.9814
2026-08-28 23:28:08 | Diag logvar_q_mean=-0.0791 logvar_q_clamp=0.0000
2026-08-28 23:28:11 | Epoch  19/100 | Train Loss 0.1993 Acc 0.9793 | Val Loss 0.1920 Acc 0.9819 AUC 0.9994 Pre 0.9816 Rec 0.9817
2026-08-28 23:28:11 | Diag logvar_q_mean=-0.0814 logvar_q_clamp=0.0000
2026-08-28 23:28:15 | Epoch  20/100 | Train Loss 0.1974 Acc 0.9797 | Val Loss 0.1791 Acc 0.9838 AUC 0.9994 Pre 0.9837 Rec 0.9837
2026-08-28 23:28:15 | Diag logvar_q_mean=-0.0805 logvar_q_clamp=0.0000
2026-08-28 23:28:18 | Epoch  21/100 | Train Loss 0.1947 Acc 0.9804 | Val Loss 0.1957 Acc 0.9806 AUC 0.9994 Pre 0.9804 Rec 0.9805
2026-08-28 23:28:18 | Diag logvar_q_mean=-0.0826 logvar_q_clamp=0.0000
2026-08-28 23:28:22 | Epoch  22/100 | Train Loss 0.1938 Acc 0.9800 | Val Loss 0.1901 Acc 0.9802 AUC 0.9995 Pre 0.9803 Rec 0.9800
2026-08-28 23:28:22 | Diag logvar_q_mean=-0.0834 logvar_q_clamp=0.0000
2026-08-28 23:28:25 | Epoch  23/100 | Train Loss 0.1978 Acc 0.9790 | Val Loss 0.1996 Acc 0.9816 AUC 0.9993 Pre 0.9815 Rec 0.9814
2026-08-28 23:28:25 | Diag logvar_q_mean=-0.0827 logvar_q_clamp=0.0000
2026-08-28 23:28:25 | Val AUC did not improve for 10 consecutive epochs, early stopping at Epoch 23 (best AUC 0.9996 @ Epoch 13)
2026-08-28 23:28:26 | Run 2/5 | Test (best model @ Epoch 13) | Loss 0.1811 Acc 0.9809 AUC 0.9995 Pre 0.9809 Rec 0.9807
2026-08-28 23:28:26 | ===== Run 3/5 (seed 2) =====
2026-08-28 23:28:29 | Epoch   1/100 | Train Loss 0.7739 Acc 0.8514 | Val Loss 0.3605 Acc 0.9556 AUC 0.9983 Pre 0.9549 Rec 0.9554
2026-08-28 23:28:29 | Diag logvar_q_mean=-0.0577 logvar_q_clamp=0.0000
2026-08-28 23:28:29 |   Val AUC improved to 0.9983, model saved
2026-08-28 23:28:32 | Epoch   2/100 | Train Loss 0.3940 Acc 0.9500 | Val Loss 0.2672 Acc 0.9692 AUC 0.9991 Pre 0.9688 Rec 0.9692
2026-08-28 23:28:32 | Diag logvar_q_mean=-0.0621 logvar_q_clamp=0.0000
2026-08-28 23:28:32 |   Val AUC improved to 0.9991, model saved
2026-08-28 23:28:36 | Epoch   3/100 | Train Loss 0.3288 Acc 0.9592 | Val Loss 0.2434 Acc 0.9736 AUC 0.9990 Pre 0.9734 Rec 0.9735
2026-08-28 23:28:36 | Diag logvar_q_mean=-0.0642 logvar_q_clamp=0.0000
2026-08-28 23:28:39 | Epoch   4/100 | Train Loss 0.3058 Acc 0.9616 | Val Loss 0.2234 Acc 0.9751 AUC 0.9993 Pre 0.9749 Rec 0.9749
2026-08-28 23:28:39 | Diag logvar_q_mean=-0.0682 logvar_q_clamp=0.0000
2026-08-28 23:28:39 |   Val AUC improved to 0.9993, model saved
2026-08-28 23:28:43 | Epoch   5/100 | Train Loss 0.2784 Acc 0.9675 | Val Loss 0.2107 Acc 0.9779 AUC 0.9994 Pre 0.9777 Rec 0.9776
2026-08-28 23:28:43 | Diag logvar_q_mean=-0.0689 logvar_q_clamp=0.0000
2026-08-28 23:28:43 |   Val AUC improved to 0.9994, model saved
2026-08-28 23:28:46 | Epoch   6/100 | Train Loss 0.2636 Acc 0.9691 | Val Loss 0.2116 Acc 0.9780 AUC 0.9994 Pre 0.9778 Rec 0.9779
2026-08-28 23:28:46 | Diag logvar_q_mean=-0.0723 logvar_q_clamp=0.0000
2026-08-28 23:28:50 | Epoch   7/100 | Train Loss 0.2522 Acc 0.9706 | Val Loss 0.1919 Acc 0.9763 AUC 0.9993 Pre 0.9760 Rec 0.9760
2026-08-28 23:28:50 | Diag logvar_q_mean=-0.0700 logvar_q_clamp=0.0000
2026-08-28 23:28:53 | Epoch   8/100 | Train Loss 0.2458 Acc 0.9712 | Val Loss 0.1949 Acc 0.9770 AUC 0.9994 Pre 0.9766 Rec 0.9770
2026-08-28 23:28:53 | Diag logvar_q_mean=-0.0752 logvar_q_clamp=0.0000
2026-08-28 23:28:57 | Epoch   9/100 | Train Loss 0.2332 Acc 0.9738 | Val Loss 0.2002 Acc 0.9802 AUC 0.9993 Pre 0.9799 Rec 0.9800
2026-08-28 23:28:57 | Diag logvar_q_mean=-0.0738 logvar_q_clamp=0.0000
2026-08-28 23:29:00 | Epoch  10/100 | Train Loss 0.2314 Acc 0.9738 | Val Loss 0.2019 Acc 0.9798 AUC 0.9993 Pre 0.9795 Rec 0.9798
2026-08-28 23:29:00 | Diag logvar_q_mean=-0.0775 logvar_q_clamp=0.0000
2026-08-28 23:29:04 | Epoch  11/100 | Train Loss 0.2264 Acc 0.9742 | Val Loss 0.2095 Acc 0.9772 AUC 0.9993 Pre 0.9772 Rec 0.9769
2026-08-28 23:29:04 | Diag logvar_q_mean=-0.0781 logvar_q_clamp=0.0000
2026-08-28 23:29:07 | Epoch  12/100 | Train Loss 0.2224 Acc 0.9750 | Val Loss 0.2079 Acc 0.9803 AUC 0.9992 Pre 0.9802 Rec 0.9800
2026-08-28 23:29:07 | Diag logvar_q_mean=-0.0788 logvar_q_clamp=0.0000
2026-08-28 23:29:10 | Epoch  13/100 | Train Loss 0.2139 Acc 0.9763 | Val Loss 0.2036 Acc 0.9799 AUC 0.9994 Pre 0.9798 Rec 0.9796
2026-08-28 23:29:10 | Diag logvar_q_mean=-0.0771 logvar_q_clamp=0.0000
2026-08-28 23:29:10 |   Val AUC improved to 0.9994, model saved
2026-08-28 23:29:14 | Epoch  14/100 | Train Loss 0.2157 Acc 0.9759 | Val Loss 0.2082 Acc 0.9797 AUC 0.9994 Pre 0.9794 Rec 0.9795
2026-08-28 23:29:14 | Diag logvar_q_mean=-0.0787 logvar_q_clamp=0.0000
2026-08-28 23:29:17 | Epoch  15/100 | Train Loss 0.2088 Acc 0.9772 | Val Loss 0.1824 Acc 0.9816 AUC 0.9994 Pre 0.9814 Rec 0.9814
2026-08-28 23:29:17 | Diag logvar_q_mean=-0.0803 logvar_q_clamp=0.0000
2026-08-28 23:29:21 | Epoch  16/100 | Train Loss 0.2074 Acc 0.9776 | Val Loss 0.1898 Acc 0.9817 AUC 0.9994 Pre 0.9816 Rec 0.9815
2026-08-28 23:29:21 | Diag logvar_q_mean=-0.0790 logvar_q_clamp=0.0000
2026-08-28 23:29:24 | Epoch  17/100 | Train Loss 0.2040 Acc 0.9785 | Val Loss 0.1909 Acc 0.9816 AUC 0.9993 Pre 0.9816 Rec 0.9814
2026-08-28 23:29:24 | Diag logvar_q_mean=-0.0802 logvar_q_clamp=0.0000
2026-08-28 23:29:27 | Epoch  18/100 | Train Loss 0.1967 Acc 0.9800 | Val Loss 0.1923 Acc 0.9808 AUC 0.9994 Pre 0.9806 Rec 0.9806
2026-08-28 23:29:27 | Diag logvar_q_mean=-0.0774 logvar_q_clamp=0.0000
2026-08-28 23:29:27 |   Val AUC improved to 0.9994, model saved
2026-08-28 23:29:31 | Epoch  19/100 | Train Loss 0.1988 Acc 0.9796 | Val Loss 0.1875 Acc 0.9805 AUC 0.9992 Pre 0.9803 Rec 0.9802
2026-08-28 23:29:31 | Diag logvar_q_mean=-0.0829 logvar_q_clamp=0.0000
2026-08-28 23:29:34 | Epoch  20/100 | Train Loss 0.2012 Acc 0.9790 | Val Loss 0.1984 Acc 0.9815 AUC 0.9992 Pre 0.9814 Rec 0.9812
2026-08-28 23:29:34 | Diag logvar_q_mean=-0.0807 logvar_q_clamp=0.0000
2026-08-28 23:29:38 | Epoch  21/100 | Train Loss 0.2008 Acc 0.9786 | Val Loss 0.2047 Acc 0.9794 AUC 0.9992 Pre 0.9790 Rec 0.9792
2026-08-28 23:29:38 | Diag logvar_q_mean=-0.0817 logvar_q_clamp=0.0000
2026-08-28 23:29:41 | Epoch  22/100 | Train Loss 0.1992 Acc 0.9800 | Val Loss 0.2089 Acc 0.9795 AUC 0.9993 Pre 0.9792 Rec 0.9792
2026-08-28 23:29:41 | Diag logvar_q_mean=-0.0815 logvar_q_clamp=0.0000
2026-08-28 23:29:44 | Epoch  23/100 | Train Loss 0.1952 Acc 0.9800 | Val Loss 0.1897 Acc 0.9824 AUC 0.9993 Pre 0.9823 Rec 0.9822
2026-08-28 23:29:44 | Diag logvar_q_mean=-0.0826 logvar_q_clamp=0.0000
2026-08-28 23:29:48 | Epoch  24/100 | Train Loss 0.1907 Acc 0.9803 | Val Loss 0.1871 Acc 0.9814 AUC 0.9993 Pre 0.9814 Rec 0.9811
2026-08-28 23:29:48 | Diag logvar_q_mean=-0.0828 logvar_q_clamp=0.0000
2026-08-28 23:29:51 | Epoch  25/100 | Train Loss 0.1949 Acc 0.9795 | Val Loss 0.1934 Acc 0.9811 AUC 0.9994 Pre 0.9810 Rec 0.9809
2026-08-28 23:29:51 | Diag logvar_q_mean=-0.0851 logvar_q_clamp=0.0000
2026-08-28 23:29:55 | Epoch  26/100 | Train Loss 0.1889 Acc 0.9803 | Val Loss 0.2184 Acc 0.9808 AUC 0.9992 Pre 0.9807 Rec 0.9805
2026-08-28 23:29:55 | Diag logvar_q_mean=-0.0788 logvar_q_clamp=0.0000
2026-08-28 23:29:58 | Epoch  27/100 | Train Loss 0.1913 Acc 0.9807 | Val Loss 0.1877 Acc 0.9816 AUC 0.9993 Pre 0.9813 Rec 0.9814
2026-08-28 23:29:58 | Diag logvar_q_mean=-0.0768 logvar_q_clamp=0.0000
2026-08-28 23:30:01 | Epoch  28/100 | Train Loss 0.1878 Acc 0.9815 | Val Loss 0.1994 Acc 0.9803 AUC 0.9994 Pre 0.9800 Rec 0.9801
2026-08-28 23:30:02 | Diag logvar_q_mean=-0.0864 logvar_q_clamp=0.0000
2026-08-28 23:30:02 | Val AUC did not improve for 10 consecutive epochs, early stopping at Epoch 28 (best AUC 0.9994 @ Epoch 18)
2026-08-28 23:30:02 | Run 3/5 | Test (best model @ Epoch 18) | Loss 0.1822 Acc 0.9821 AUC 0.9995 Pre 0.9818 Rec 0.9820
2026-08-28 23:30:02 | ===== Run 4/5 (seed 3) =====
2026-08-28 23:30:05 | Epoch   1/100 | Train Loss 0.7708 Acc 0.8543 | Val Loss 0.3599 Acc 0.9570 AUC 0.9983 Pre 0.9567 Rec 0.9565
2026-08-28 23:30:05 | Diag logvar_q_mean=-0.0620 logvar_q_clamp=0.0000
2026-08-28 23:30:05 |   Val AUC improved to 0.9983, model saved
2026-08-28 23:30:09 | Epoch   2/100 | Train Loss 0.3936 Acc 0.9496 | Val Loss 0.2717 Acc 0.9697 AUC 0.9992 Pre 0.9695 Rec 0.9693
2026-08-28 23:30:09 | Diag logvar_q_mean=-0.0615 logvar_q_clamp=0.0000
2026-08-28 23:30:09 |   Val AUC improved to 0.9992, model saved
2026-08-28 23:30:12 | Epoch   3/100 | Train Loss 0.3301 Acc 0.9588 | Val Loss 0.2306 Acc 0.9743 AUC 0.9993 Pre 0.9740 Rec 0.9741
2026-08-28 23:30:12 | Diag logvar_q_mean=-0.0685 logvar_q_clamp=0.0000
2026-08-28 23:30:12 |   Val AUC improved to 0.9993, model saved
2026-08-28 23:30:16 | Epoch   4/100 | Train Loss 0.2956 Acc 0.9647 | Val Loss 0.2119 Acc 0.9762 AUC 0.9993 Pre 0.9761 Rec 0.9760
2026-08-28 23:30:16 | Diag logvar_q_mean=-0.0693 logvar_q_clamp=0.0000
2026-08-28 23:30:16 |   Val AUC improved to 0.9993, model saved
2026-08-28 23:30:19 | Epoch   5/100 | Train Loss 0.2811 Acc 0.9651 | Val Loss 0.2088 Acc 0.9774 AUC 0.9993 Pre 0.9773 Rec 0.9774
2026-08-28 23:30:19 | Diag logvar_q_mean=-0.0709 logvar_q_clamp=0.0000
2026-08-28 23:30:22 | Epoch   6/100 | Train Loss 0.2631 Acc 0.9691 | Val Loss 0.2109 Acc 0.9806 AUC 0.9996 Pre 0.9804 Rec 0.9805
2026-08-28 23:30:22 | Diag logvar_q_mean=-0.0725 logvar_q_clamp=0.0000
2026-08-28 23:30:22 |   Val AUC improved to 0.9996, model saved
2026-08-28 23:30:26 | Epoch   7/100 | Train Loss 0.2509 Acc 0.9706 | Val Loss 0.2038 Acc 0.9802 AUC 0.9994 Pre 0.9800 Rec 0.9800
2026-08-28 23:30:26 | Diag logvar_q_mean=-0.0757 logvar_q_clamp=0.0000
2026-08-28 23:30:29 | Epoch   8/100 | Train Loss 0.2414 Acc 0.9732 | Val Loss 0.1938 Acc 0.9800 AUC 0.9994 Pre 0.9798 Rec 0.9797
2026-08-28 23:30:29 | Diag logvar_q_mean=-0.0735 logvar_q_clamp=0.0000
2026-08-28 23:30:33 | Epoch   9/100 | Train Loss 0.2314 Acc 0.9746 | Val Loss 0.1815 Acc 0.9816 AUC 0.9995 Pre 0.9817 Rec 0.9813
2026-08-28 23:30:33 | Diag logvar_q_mean=-0.0726 logvar_q_clamp=0.0000
2026-08-28 23:30:36 | Epoch  10/100 | Train Loss 0.2281 Acc 0.9742 | Val Loss 0.1854 Acc 0.9804 AUC 0.9994 Pre 0.9801 Rec 0.9803
2026-08-28 23:30:36 | Diag logvar_q_mean=-0.0736 logvar_q_clamp=0.0000
2026-08-28 23:30:40 | Epoch  11/100 | Train Loss 0.2206 Acc 0.9765 | Val Loss 0.1955 Acc 0.9821 AUC 0.9994 Pre 0.9819 Rec 0.9818
2026-08-28 23:30:40 | Diag logvar_q_mean=-0.0778 logvar_q_clamp=0.0000
2026-08-28 23:30:43 | Epoch  12/100 | Train Loss 0.2185 Acc 0.9759 | Val Loss 0.1945 Acc 0.9804 AUC 0.9992 Pre 0.9803 Rec 0.9803
2026-08-28 23:30:43 | Diag logvar_q_mean=-0.0725 logvar_q_clamp=0.0000
2026-08-28 23:30:46 | Epoch  13/100 | Train Loss 0.2138 Acc 0.9772 | Val Loss 0.1958 Acc 0.9814 AUC 0.9992 Pre 0.9812 Rec 0.9813
2026-08-28 23:30:46 | Diag logvar_q_mean=-0.0750 logvar_q_clamp=0.0000
2026-08-28 23:30:50 | Epoch  14/100 | Train Loss 0.2133 Acc 0.9764 | Val Loss 0.1804 Acc 0.9827 AUC 0.9995 Pre 0.9826 Rec 0.9825
2026-08-28 23:30:50 | Diag logvar_q_mean=-0.0749 logvar_q_clamp=0.0000
2026-08-28 23:30:53 | Epoch  15/100 | Train Loss 0.2088 Acc 0.9770 | Val Loss 0.1875 Acc 0.9816 AUC 0.9994 Pre 0.9814 Rec 0.9814
2026-08-28 23:30:53 | Diag logvar_q_mean=-0.0806 logvar_q_clamp=0.0000
2026-08-28 23:30:56 | Epoch  16/100 | Train Loss 0.2148 Acc 0.9760 | Val Loss 0.1797 Acc 0.9811 AUC 0.9995 Pre 0.9809 Rec 0.9809
2026-08-28 23:30:56 | Diag logvar_q_mean=-0.0858 logvar_q_clamp=0.0000
2026-08-28 23:30:56 | Val AUC did not improve for 10 consecutive epochs, early stopping at Epoch 16 (best AUC 0.9996 @ Epoch 6)
2026-08-28 23:30:57 | Run 4/5 | Test (best model @ Epoch 6) | Loss 0.2085 Acc 0.9816 AUC 0.9995 Pre 0.9815 Rec 0.9814
2026-08-28 23:30:57 | ===== Run 5/5 (seed 4) =====
2026-08-28 23:31:00 | Epoch   1/100 | Train Loss 0.7750 Acc 0.8495 | Val Loss 0.3539 Acc 0.9594 AUC 0.9983 Pre 0.9592 Rec 0.9589
2026-08-28 23:31:00 | Diag logvar_q_mean=-0.0599 logvar_q_clamp=0.0000
2026-08-28 23:31:00 |   Val AUC improved to 0.9983, model saved
2026-08-28 23:31:04 | Epoch   2/100 | Train Loss 0.3967 Acc 0.9476 | Val Loss 0.2778 Acc 0.9677 AUC 0.9989 Pre 0.9680 Rec 0.9672
2026-08-28 23:31:04 | Diag logvar_q_mean=-0.0650 logvar_q_clamp=0.0000
2026-08-28 23:31:04 |   Val AUC improved to 0.9989, model saved
2026-08-28 23:31:07 | Epoch   3/100 | Train Loss 0.3309 Acc 0.9574 | Val Loss 0.2418 Acc 0.9737 AUC 0.9994 Pre 0.9739 Rec 0.9732
2026-08-28 23:31:07 | Diag logvar_q_mean=-0.0687 logvar_q_clamp=0.0000
2026-08-28 23:31:07 |   Val AUC improved to 0.9994, model saved
2026-08-28 23:31:10 | Epoch   4/100 | Train Loss 0.2976 Acc 0.9638 | Val Loss 0.2271 Acc 0.9773 AUC 0.9994 Pre 0.9771 Rec 0.9772
2026-08-28 23:31:10 | Diag logvar_q_mean=-0.0757 logvar_q_clamp=0.0000
2026-08-28 23:31:14 | Epoch   5/100 | Train Loss 0.2768 Acc 0.9670 | Val Loss 0.2163 Acc 0.9777 AUC 0.9994 Pre 0.9774 Rec 0.9774
2026-08-28 23:31:14 | Diag logvar_q_mean=-0.0729 logvar_q_clamp=0.0000
2026-08-28 23:31:17 | Epoch   6/100 | Train Loss 0.2649 Acc 0.9681 | Val Loss 0.2129 Acc 0.9765 AUC 0.9995 Pre 0.9761 Rec 0.9763
2026-08-28 23:31:17 | Diag logvar_q_mean=-0.0739 logvar_q_clamp=0.0000
2026-08-28 23:31:17 |   Val AUC improved to 0.9995, model saved
2026-08-28 23:31:20 | Epoch   7/100 | Train Loss 0.2541 Acc 0.9701 | Val Loss 0.1850 Acc 0.9816 AUC 0.9994 Pre 0.9814 Rec 0.9814
2026-08-28 23:31:21 | Diag logvar_q_mean=-0.0703 logvar_q_clamp=0.0000
2026-08-28 23:31:24 | Epoch   8/100 | Train Loss 0.2443 Acc 0.9717 | Val Loss 0.2079 Acc 0.9777 AUC 0.9993 Pre 0.9778 Rec 0.9773
2026-08-28 23:31:24 | Diag logvar_q_mean=-0.0752 logvar_q_clamp=0.0000
2026-08-28 23:31:27 | Epoch   9/100 | Train Loss 0.2393 Acc 0.9723 | Val Loss 0.1845 Acc 0.9810 AUC 0.9994 Pre 0.9809 Rec 0.9807
2026-08-28 23:31:27 | Diag logvar_q_mean=-0.0731 logvar_q_clamp=0.0000
2026-08-28 23:31:31 | Epoch  10/100 | Train Loss 0.2297 Acc 0.9746 | Val Loss 0.1992 Acc 0.9786 AUC 0.9994 Pre 0.9784 Rec 0.9783
2026-08-28 23:31:31 | Diag logvar_q_mean=-0.0784 logvar_q_clamp=0.0000
2026-08-28 23:31:34 | Epoch  11/100 | Train Loss 0.2289 Acc 0.9740 | Val Loss 0.1890 Acc 0.9819 AUC 0.9993 Pre 0.9819 Rec 0.9815
2026-08-28 23:31:34 | Diag logvar_q_mean=-0.0794 logvar_q_clamp=0.0000
2026-08-28 23:31:37 | Epoch  12/100 | Train Loss 0.2188 Acc 0.9761 | Val Loss 0.1896 Acc 0.9811 AUC 0.9996 Pre 0.9810 Rec 0.9809
2026-08-28 23:31:38 | Diag logvar_q_mean=-0.0813 logvar_q_clamp=0.0000
2026-08-28 23:31:38 |   Val AUC improved to 0.9996, model saved
2026-08-28 23:31:41 | Epoch  13/100 | Train Loss 0.2194 Acc 0.9751 | Val Loss 0.1887 Acc 0.9799 AUC 0.9991 Pre 0.9798 Rec 0.9796
2026-08-28 23:31:41 | Diag logvar_q_mean=-0.0775 logvar_q_clamp=0.0000
2026-08-28 23:31:44 | Epoch  14/100 | Train Loss 0.2097 Acc 0.9781 | Val Loss 0.1978 Acc 0.9814 AUC 0.9994 Pre 0.9812 Rec 0.9811
2026-08-28 23:31:44 | Diag logvar_q_mean=-0.0744 logvar_q_clamp=0.0000
2026-08-28 23:31:47 | Epoch  15/100 | Train Loss 0.2135 Acc 0.9762 | Val Loss 0.1881 Acc 0.9809 AUC 0.9993 Pre 0.9807 Rec 0.9807
2026-08-28 23:31:47 | Diag logvar_q_mean=-0.0860 logvar_q_clamp=0.0000
2026-08-28 23:31:51 | Epoch  16/100 | Train Loss 0.2106 Acc 0.9773 | Val Loss 0.2010 Acc 0.9811 AUC 0.9992 Pre 0.9808 Rec 0.9809
2026-08-28 23:31:51 | Diag logvar_q_mean=-0.0776 logvar_q_clamp=0.0000
2026-08-28 23:31:54 | Epoch  17/100 | Train Loss 0.2069 Acc 0.9789 | Val Loss 0.1803 Acc 0.9821 AUC 0.9994 Pre 0.9818 Rec 0.9820
2026-08-28 23:31:54 | Diag logvar_q_mean=-0.0811 logvar_q_clamp=0.0000
2026-08-28 23:31:57 | Epoch  18/100 | Train Loss 0.2019 Acc 0.9790 | Val Loss 0.1829 Acc 0.9825 AUC 0.9996 Pre 0.9824 Rec 0.9823
2026-08-28 23:31:57 | Diag logvar_q_mean=-0.0779 logvar_q_clamp=0.0000
2026-08-28 23:32:01 | Epoch  19/100 | Train Loss 0.2013 Acc 0.9780 | Val Loss 0.1846 Acc 0.9824 AUC 0.9994 Pre 0.9823 Rec 0.9822
2026-08-28 23:32:01 | Diag logvar_q_mean=-0.0823 logvar_q_clamp=0.0000
2026-08-28 23:32:04 | Epoch  20/100 | Train Loss 0.2025 Acc 0.9784 | Val Loss 0.1791 Acc 0.9816 AUC 0.9992 Pre 0.9815 Rec 0.9814
2026-08-28 23:32:04 | Diag logvar_q_mean=-0.0847 logvar_q_clamp=0.0000
2026-08-28 23:32:08 | Epoch  21/100 | Train Loss 0.1969 Acc 0.9796 | Val Loss 0.1835 Acc 0.9819 AUC 0.9994 Pre 0.9817 Rec 0.9817
2026-08-28 23:32:08 | Diag logvar_q_mean=-0.0852 logvar_q_clamp=0.0000
2026-08-28 23:32:11 | Epoch  22/100 | Train Loss 0.1928 Acc 0.9802 | Val Loss 0.1960 Acc 0.9817 AUC 0.9995 Pre 0.9816 Rec 0.9814
2026-08-28 23:32:11 | Diag logvar_q_mean=-0.0818 logvar_q_clamp=0.0000
2026-08-28 23:32:11 | Val AUC did not improve for 10 consecutive epochs, early stopping at Epoch 22 (best AUC 0.9996 @ Epoch 12)
2026-08-28 23:32:12 | Run 5/5 | Test (best model @ Epoch 12) | Loss 0.1909 Acc 0.9815 AUC 0.9995 Pre 0.9814 Rec 0.9814
2026-08-28 23:32:12 | Average over 5 runs | Test Loss 0.1881±0.0124 Acc 0.9817±0.0006 AUC 0.9995±0.0000 Pre 0.9817±0.0006 Rec 0.9816±0.0007
