2026-08-27 16:01:25 | Device: cuda
2026-08-27 16:01:25 | Args: {'model': 'vib', 'backbone': 'rnn', 'task': 'stsb', 'epochs': 100, 'batch_size': 512, 'lr': 0.001, 'hidden_dims': [512, 256], 'dropout': 0.2, 'z_dim': 256, 'anchor_scale': 4.0, 'max_len': 250, 'random_labels': False, 'beta': 0.1, 'patience': 10, 'runs': 5, 'seed': 0, 'data_dir': './data', 'save_path': 'output/stsb_rnn_vib/stsb_rnn_vib.pt', 'log_path': '/root/autodl-tmp/FGIB/tune_results/stsb_rnn_vib_beta_0.1/train.log', 'no_save': True}
2026-08-27 16:01:25 | STS-B 预处理缓存：mmap 共享 ./data/stsb/stsb_processed_maxlen250
2026-08-27 16:01:25 | ===== Run 1/5 (seed 0) =====
2026-08-27 16:01:43 | Epoch   1/100 | Train Loss 0.5147 | Val Loss 0.1795 MAE 1.6037 R2 -0.6506
2026-08-27 16:01:44 |   Val R2 improved to -0.6506, model saved
2026-08-27 16:01:58 | Epoch   2/100 | Train Loss 0.3783 | Val Loss 0.1728 MAE 1.3294 R2 -0.1243
2026-08-27 16:01:59 |   Val R2 improved to -0.1243, model saved
2026-08-27 16:02:13 | Epoch   3/100 | Train Loss 0.3362 | Val Loss 0.1848 MAE 1.5577 R2 -0.5426
2026-08-27 16:02:27 | Epoch   4/100 | Train Loss 0.3009 | Val Loss 0.1962 MAE 1.5415 R2 -0.5101
2026-08-27 16:02:42 | Epoch   5/100 | Train Loss 0.2863 | Val Loss 0.2052 MAE 1.5664 R2 -0.5676
2026-08-27 16:02:57 | Epoch   6/100 | Train Loss 0.2757 | Val Loss 0.2061 MAE 1.6020 R2 -0.6487
2026-08-27 16:03:12 | Epoch   7/100 | Train Loss 0.2785 | Val Loss 0.2029 MAE 1.5772 R2 -0.5944
2026-08-27 16:03:26 | Epoch   8/100 | Train Loss 0.2737 | Val Loss 0.1985 MAE 1.5678 R2 -0.5743
2026-08-27 16:03:40 | Epoch   9/100 | Train Loss 0.2655 | Val Loss 0.1943 MAE 1.5650 R2 -0.5693
2026-08-27 16:03:53 | Epoch  10/100 | Train Loss 0.2599 | Val Loss 0.1907 MAE 1.5510 R2 -0.5413
2026-08-27 16:04:07 | Epoch  11/100 | Train Loss 0.2584 | Val Loss 0.1888 MAE 1.5269 R2 -0.4904
2026-08-27 16:04:18 | Epoch  12/100 | Train Loss 0.2547 | Val Loss 0.1857 MAE 1.5252 R2 -0.4901
2026-08-27 16:04:18 | Val R2 did not improve for 10 consecutive epochs, early stopping at Epoch 12 (best R2 -0.1243 @ Epoch 2)
2026-08-27 16:04:22 | Run 1/5 | Test (best model @ Epoch 2) | Loss 0.1776 MAE 1.3654 R2 -0.1171
2026-08-27 16:04:22 | ===== Run 2/5 (seed 1) =====
2026-08-27 16:04:37 | Epoch   1/100 | Train Loss 0.4978 | Val Loss 0.1565 MAE 1.5143 R2 -0.4598
2026-08-27 16:04:38 |   Val R2 improved to -0.4598, model saved
2026-08-27 16:04:50 | Epoch   2/100 | Train Loss 0.3453 | Val Loss 0.1510 MAE 1.3186 R2 -0.1070
2026-08-27 16:04:51 |   Val R2 improved to -0.1070, model saved
2026-08-27 16:05:02 | Epoch   3/100 | Train Loss 0.3054 | Val Loss 0.1608 MAE 1.5002 R2 -0.4243
2026-08-27 16:05:15 | Epoch   4/100 | Train Loss 0.2642 | Val Loss 0.1703 MAE 1.4683 R2 -0.3607
2026-08-27 16:05:29 | Epoch   5/100 | Train Loss 0.2512 | Val Loss 0.1800 MAE 1.5647 R2 -0.5611
2026-08-27 16:05:41 | Epoch   6/100 | Train Loss 0.2385 | Val Loss 0.1835 MAE 1.5777 R2 -0.5900
2026-08-27 16:05:54 | Epoch   7/100 | Train Loss 0.2368 | Val Loss 0.1822 MAE 1.5722 R2 -0.5774
2026-08-27 16:06:06 | Epoch   8/100 | Train Loss 0.2283 | Val Loss 0.1779 MAE 1.5651 R2 -0.5623
2026-08-27 16:06:17 | Epoch   9/100 | Train Loss 0.2231 | Val Loss 0.1731 MAE 1.5529 R2 -0.5381
2026-08-27 16:06:29 | Epoch  10/100 | Train Loss 0.2229 | Val Loss 0.1691 MAE 1.5272 R2 -0.4851
2026-08-27 16:06:40 | Epoch  11/100 | Train Loss 0.2142 | Val Loss 0.1656 MAE 1.5296 R2 -0.4936
2026-08-27 16:06:51 | Epoch  12/100 | Train Loss 0.2076 | Val Loss 0.1616 MAE 1.4976 R2 -0.4284
2026-08-27 16:06:51 | Val R2 did not improve for 10 consecutive epochs, early stopping at Epoch 12 (best R2 -0.1070 @ Epoch 2)
2026-08-27 16:06:53 | Run 2/5 | Test (best model @ Epoch 2) | Loss 0.1553 MAE 1.3531 R2 -0.0945
2026-08-27 16:06:53 | ===== Run 3/5 (seed 2) =====
2026-08-27 16:07:06 | Epoch   1/100 | Train Loss 0.4993 | Val Loss 0.1697 MAE 1.5149 R2 -0.4673
2026-08-27 16:07:07 |   Val R2 improved to -0.4673, model saved
2026-08-27 16:07:17 | Epoch   2/100 | Train Loss 0.3762 | Val Loss 0.1695 MAE 1.3569 R2 -0.1663
2026-08-27 16:07:19 |   Val R2 improved to -0.1663, model saved
2026-08-27 16:07:30 | Epoch   3/100 | Train Loss 0.3261 | Val Loss 0.1854 MAE 1.5529 R2 -0.5424
2026-08-27 16:07:40 | Epoch   4/100 | Train Loss 0.2916 | Val Loss 0.1952 MAE 1.5017 R2 -0.4318
2026-08-27 16:07:52 | Epoch   5/100 | Train Loss 0.2878 | Val Loss 0.2047 MAE 1.6092 R2 -0.6632
2026-08-27 16:08:02 | Epoch   6/100 | Train Loss 0.2756 | Val Loss 0.2049 MAE 1.5682 R2 -0.5747
2026-08-27 16:08:13 | Epoch   7/100 | Train Loss 0.2697 | Val Loss 0.2017 MAE 1.5976 R2 -0.6413
2026-08-27 16:08:25 | Epoch   8/100 | Train Loss 0.2701 | Val Loss 0.1951 MAE 1.5495 R2 -0.5361
2026-08-27 16:08:37 | Epoch   9/100 | Train Loss 0.2615 | Val Loss 0.1901 MAE 1.5264 R2 -0.4863
2026-08-27 16:08:49 | Epoch  10/100 | Train Loss 0.2549 | Val Loss 0.1875 MAE 1.5484 R2 -0.5395
2026-08-27 16:09:01 | Epoch  11/100 | Train Loss 0.2566 | Val Loss 0.1840 MAE 1.5304 R2 -0.5036
2026-08-27 16:09:12 | Epoch  12/100 | Train Loss 0.2436 | Val Loss 0.1807 MAE 1.5064 R2 -0.4573
2026-08-27 16:09:12 | Val R2 did not improve for 10 consecutive epochs, early stopping at Epoch 12 (best R2 -0.1663 @ Epoch 2)
2026-08-27 16:09:15 | Run 3/5 | Test (best model @ Epoch 2) | Loss 0.1738 MAE 1.3846 R2 -0.1487
2026-08-27 16:09:15 | ===== Run 4/5 (seed 3) =====
2026-08-27 16:09:25 | Epoch   1/100 | Train Loss 0.4840 | Val Loss 0.1564 MAE 1.5356 R2 -0.4981
2026-08-27 16:09:26 |   Val R2 improved to -0.4981, model saved
2026-08-27 16:09:36 | Epoch   2/100 | Train Loss 0.3542 | Val Loss 0.1465 MAE 1.3313 R2 -0.1183
2026-08-27 16:09:37 |   Val R2 improved to -0.1183, model saved
2026-08-27 16:09:49 | Epoch   3/100 | Train Loss 0.2965 | Val Loss 0.1550 MAE 1.4647 R2 -0.3494
2026-08-27 16:09:57 | Epoch   4/100 | Train Loss 0.2623 | Val Loss 0.1660 MAE 1.4962 R2 -0.4134
2026-08-27 16:10:06 | Epoch   5/100 | Train Loss 0.2475 | Val Loss 0.1753 MAE 1.5325 R2 -0.4898
2026-08-27 16:10:17 | Epoch   6/100 | Train Loss 0.2333 | Val Loss 0.1794 MAE 1.5682 R2 -0.5672
2026-08-27 16:10:28 | Epoch   7/100 | Train Loss 0.2277 | Val Loss 0.1782 MAE 1.5770 R2 -0.5866
2026-08-27 16:10:39 | Epoch   8/100 | Train Loss 0.2258 | Val Loss 0.1745 MAE 1.5602 R2 -0.5503
2026-08-27 16:10:49 | Epoch   9/100 | Train Loss 0.2164 | Val Loss 0.1703 MAE 1.5579 R2 -0.5465
2026-08-27 16:11:00 | Epoch  10/100 | Train Loss 0.2122 | Val Loss 0.1665 MAE 1.5445 R2 -0.5185
2026-08-27 16:11:10 | Epoch  11/100 | Train Loss 0.2069 | Val Loss 0.1622 MAE 1.5212 R2 -0.4710
2026-08-27 16:11:20 | Epoch  12/100 | Train Loss 0.2013 | Val Loss 0.1589 MAE 1.5195 R2 -0.4697
2026-08-27 16:11:20 | Val R2 did not improve for 10 consecutive epochs, early stopping at Epoch 12 (best R2 -0.1183 @ Epoch 2)
2026-08-27 16:11:22 | Run 4/5 | Test (best model @ Epoch 2) | Loss 0.1512 MAE 1.3684 R2 -0.1089
2026-08-27 16:11:22 | ===== Run 5/5 (seed 4) =====
2026-08-27 16:11:34 | Epoch   1/100 | Train Loss 0.5059 | Val Loss 0.1682 MAE 1.5276 R2 -0.4931
2026-08-27 16:11:35 |   Val R2 improved to -0.4931, model saved
2026-08-27 16:11:47 | Epoch   2/100 | Train Loss 0.3766 | Val Loss 0.1662 MAE 1.3676 R2 -0.1866
2026-08-27 16:11:49 |   Val R2 improved to -0.1866, model saved
2026-08-27 16:11:59 | Epoch   3/100 | Train Loss 0.3185 | Val Loss 0.1772 MAE 1.4991 R2 -0.4248
2026-08-27 16:12:10 | Epoch   4/100 | Train Loss 0.2900 | Val Loss 0.1906 MAE 1.5494 R2 -0.5283
2026-08-27 16:12:22 | Epoch   5/100 | Train Loss 0.2819 | Val Loss 0.2006 MAE 1.5698 R2 -0.5725
2026-08-27 16:12:34 | Epoch   6/100 | Train Loss 0.2730 | Val Loss 0.2028 MAE 1.5953 R2 -0.6290
2026-08-27 16:12:44 | Epoch   7/100 | Train Loss 0.2652 | Val Loss 0.1987 MAE 1.5870 R2 -0.6130
2026-08-27 16:12:55 | Epoch   8/100 | Train Loss 0.2667 | Val Loss 0.1939 MAE 1.5528 R2 -0.5395
2026-08-27 16:13:06 | Epoch   9/100 | Train Loss 0.2606 | Val Loss 0.1901 MAE 1.5708 R2 -0.5787
2026-08-27 16:13:17 | Epoch  10/100 | Train Loss 0.2429 | Val Loss 0.1848 MAE 1.5441 R2 -0.5215
2026-08-27 16:13:28 | Epoch  11/100 | Train Loss 0.2445 | Val Loss 0.1803 MAE 1.5169 R2 -0.4647
2026-08-27 16:13:38 | Epoch  12/100 | Train Loss 0.2454 | Val Loss 0.1786 MAE 1.5544 R2 -0.5502
2026-08-27 16:13:38 | Val R2 did not improve for 10 consecutive epochs, early stopping at Epoch 12 (best R2 -0.1866 @ Epoch 2)
2026-08-27 16:13:41 | Run 5/5 | Test (best model @ Epoch 2) | Loss 0.1707 MAE 1.4004 R2 -0.1738
2026-08-27 16:13:41 | Average over 5 runs | Test Loss 0.1657±0.0117 MAE 1.3744±0.0184 R2 -0.1286±0.0321
