2026-08-29 23:21:10 | Device: cuda
2026-08-29 23:21:10 | Args: {'model': 'ceb', 'backbone': 'mlp', 'task': 'mnist', 'epochs': 100, 'batch_size': 512, 'lr': 0.001, 'hidden_dims': [512, 256], 'dropout': 0.2, 'z_dim': 256, 'anchor_scale': 4.0, 'max_len': 250, 'random_labels': False, 'beta': 0.0001, 'patience': 10, 'runs': 5, 'seed': 0, 'data_dir': './data', 'save_path': 'output/mnist_mlp_ceb/mnist_mlp_ceb.pt', 'log_path': '/root/autodl-tmp/FGIB/tune_results_ablation/p3_diag_full/mnist_mlp_ceb_beta_0.0001/train.log', 'no_save': True, 'freeze_a': False, 'a_identity': False, 'cosine_classifier': False, 'log_variance_stats': True, 'subject_disjoint': False}
2026-08-29 23:21:10 | ===== Run 1/5 (seed 0) =====
2026-08-29 23:21:15 | Epoch   1/100 | Train Loss 0.4864 Acc 0.8537 | Val Loss 0.2066 Acc 0.9414 AUC 0.9974 Pre 0.9408 Rec 0.9414
2026-08-29 23:21:16 | Diag logvar_q_mean=-0.9344 logvar_q_clamp=0.0000 logvar_p_mean=0.0868 logvar_p_clamp=0.0000
2026-08-29 23:21:16 |   Val AUC improved to 0.9974, model saved
2026-08-29 23:21:19 | Epoch   2/100 | Train Loss 0.1703 Acc 0.9536 | Val Loss 0.1314 Acc 0.9640 AUC 0.9989 Pre 0.9639 Rec 0.9637
2026-08-29 23:21:20 | Diag logvar_q_mean=-0.7294 logvar_q_clamp=0.0000 logvar_p_mean=0.1362 logvar_p_clamp=0.0000
2026-08-29 23:21:20 |   Val AUC improved to 0.9989, model saved
2026-08-29 23:21:23 | Epoch   3/100 | Train Loss 0.1199 Acc 0.9669 | Val Loss 0.1104 Acc 0.9693 AUC 0.9992 Pre 0.9691 Rec 0.9690
2026-08-29 23:21:24 | Diag logvar_q_mean=-0.5919 logvar_q_clamp=0.0000 logvar_p_mean=0.1815 logvar_p_clamp=0.0000
2026-08-29 23:21:24 |   Val AUC improved to 0.9992, model saved
2026-08-29 23:21:27 | Epoch   4/100 | Train Loss 0.0964 Acc 0.9740 | Val Loss 0.1051 Acc 0.9707 AUC 0.9993 Pre 0.9710 Rec 0.9706
2026-08-29 23:21:27 | Diag logvar_q_mean=-0.5201 logvar_q_clamp=0.0000 logvar_p_mean=0.2197 logvar_p_clamp=0.0000
2026-08-29 23:21:27 |   Val AUC improved to 0.9993, model saved
2026-08-29 23:21:31 | Epoch   5/100 | Train Loss 0.0764 Acc 0.9790 | Val Loss 0.0879 Acc 0.9751 AUC 0.9995 Pre 0.9752 Rec 0.9745
2026-08-29 23:21:31 | Diag logvar_q_mean=-0.3991 logvar_q_clamp=0.0000 logvar_p_mean=0.2521 logvar_p_clamp=0.0000
2026-08-29 23:21:31 |   Val AUC improved to 0.9995, model saved
2026-08-29 23:21:35 | Epoch   6/100 | Train Loss 0.0622 Acc 0.9838 | Val Loss 0.0896 Acc 0.9758 AUC 0.9995 Pre 0.9755 Rec 0.9757
2026-08-29 23:21:35 | Diag logvar_q_mean=-0.3034 logvar_q_clamp=0.0000 logvar_p_mean=0.2876 logvar_p_clamp=0.0000
2026-08-29 23:21:38 | Epoch   7/100 | Train Loss 0.0591 Acc 0.9842 | Val Loss 0.0823 Acc 0.9767 AUC 0.9995 Pre 0.9768 Rec 0.9762
2026-08-29 23:21:39 | Diag logvar_q_mean=-0.2944 logvar_q_clamp=0.0000 logvar_p_mean=0.3168 logvar_p_clamp=0.0000
2026-08-29 23:21:39 |   Val AUC improved to 0.9995, model saved
2026-08-29 23:21:42 | Epoch   8/100 | Train Loss 0.0511 Acc 0.9860 | Val Loss 0.0772 Acc 0.9788 AUC 0.9996 Pre 0.9785 Rec 0.9786
2026-08-29 23:21:43 | Diag logvar_q_mean=-0.2613 logvar_q_clamp=0.0000 logvar_p_mean=0.3320 logvar_p_clamp=0.0000
2026-08-29 23:21:43 |   Val AUC improved to 0.9996, model saved
2026-08-29 23:21:46 | Epoch   9/100 | Train Loss 0.0468 Acc 0.9874 | Val Loss 0.0796 Acc 0.9788 AUC 0.9996 Pre 0.9786 Rec 0.9786
2026-08-29 23:21:47 | Diag logvar_q_mean=-0.2249 logvar_q_clamp=0.0000 logvar_p_mean=0.3506 logvar_p_clamp=0.0000
2026-08-29 23:21:50 | Epoch  10/100 | Train Loss 0.0411 Acc 0.9889 | Val Loss 0.0789 Acc 0.9790 AUC 0.9996 Pre 0.9788 Rec 0.9787
2026-08-29 23:21:51 | Diag logvar_q_mean=-0.1477 logvar_q_clamp=0.0000 logvar_p_mean=0.3596 logvar_p_clamp=0.0000
2026-08-29 23:21:51 |   Val AUC improved to 0.9996, model saved
2026-08-29 23:21:54 | Epoch  11/100 | Train Loss 0.0380 Acc 0.9898 | Val Loss 0.0884 Acc 0.9775 AUC 0.9995 Pre 0.9773 Rec 0.9774
2026-08-29 23:21:55 | Diag logvar_q_mean=-0.1188 logvar_q_clamp=0.0000 logvar_p_mean=0.3822 logvar_p_clamp=0.0000
2026-08-29 23:21:58 | Epoch  12/100 | Train Loss 0.0369 Acc 0.9901 | Val Loss 0.0798 Acc 0.9787 AUC 0.9996 Pre 0.9787 Rec 0.9785
2026-08-29 23:21:59 | Diag logvar_q_mean=-0.0791 logvar_q_clamp=0.0000 logvar_p_mean=0.4017 logvar_p_clamp=0.0000
2026-08-29 23:22:02 | Epoch  13/100 | Train Loss 0.0344 Acc 0.9908 | Val Loss 0.0888 Acc 0.9782 AUC 0.9995 Pre 0.9782 Rec 0.9778
2026-08-29 23:22:02 | Diag logvar_q_mean=-0.0195 logvar_q_clamp=0.0000 logvar_p_mean=0.4247 logvar_p_clamp=0.0000
2026-08-29 23:22:06 | Epoch  14/100 | Train Loss 0.0302 Acc 0.9915 | Val Loss 0.0894 Acc 0.9799 AUC 0.9996 Pre 0.9798 Rec 0.9797
2026-08-29 23:22:06 | Diag logvar_q_mean=-0.0324 logvar_q_clamp=0.0000 logvar_p_mean=0.4410 logvar_p_clamp=0.0000
2026-08-29 23:22:10 | Epoch  15/100 | Train Loss 0.0301 Acc 0.9920 | Val Loss 0.0958 Acc 0.9781 AUC 0.9995 Pre 0.9780 Rec 0.9779
2026-08-29 23:22:10 | Diag logvar_q_mean=0.0201 logvar_q_clamp=0.0000 logvar_p_mean=0.4585 logvar_p_clamp=0.0000
2026-08-29 23:22:14 | Epoch  16/100 | Train Loss 0.0239 Acc 0.9941 | Val Loss 0.0925 Acc 0.9787 AUC 0.9995 Pre 0.9788 Rec 0.9783
2026-08-29 23:22:14 | Diag logvar_q_mean=0.0905 logvar_q_clamp=0.0000 logvar_p_mean=0.4746 logvar_p_clamp=0.0000
2026-08-29 23:22:17 | Epoch  17/100 | Train Loss 0.0275 Acc 0.9926 | Val Loss 0.0895 Acc 0.9785 AUC 0.9996 Pre 0.9784 Rec 0.9783
2026-08-29 23:22:18 | Diag logvar_q_mean=0.0874 logvar_q_clamp=0.0000 logvar_p_mean=0.4921 logvar_p_clamp=0.0000
2026-08-29 23:22:21 | Epoch  18/100 | Train Loss 0.0290 Acc 0.9926 | Val Loss 0.0911 Acc 0.9800 AUC 0.9995 Pre 0.9798 Rec 0.9799
2026-08-29 23:22:22 | Diag logvar_q_mean=0.0609 logvar_q_clamp=0.0000 logvar_p_mean=0.5048 logvar_p_clamp=0.0000
2026-08-29 23:22:25 | Epoch  19/100 | Train Loss 0.0273 Acc 0.9929 | Val Loss 0.0898 Acc 0.9802 AUC 0.9995 Pre 0.9802 Rec 0.9801
2026-08-29 23:22:26 | Diag logvar_q_mean=0.1228 logvar_q_clamp=0.0000 logvar_p_mean=0.5195 logvar_p_clamp=0.0000
2026-08-29 23:22:29 | Epoch  20/100 | Train Loss 0.0235 Acc 0.9944 | Val Loss 0.0924 Acc 0.9785 AUC 0.9996 Pre 0.9789 Rec 0.9781
2026-08-29 23:22:30 | Diag logvar_q_mean=0.1601 logvar_q_clamp=0.0000 logvar_p_mean=0.5376 logvar_p_clamp=0.0000
2026-08-29 23:22:30 | Val AUC did not improve for 10 consecutive epochs, early stopping at Epoch 20 (best AUC 0.9996 @ Epoch 10)
2026-08-29 23:22:30 | Run 1/5 | Test (best model @ Epoch 10) | Loss 0.0744 Acc 0.9807 AUC 0.9997 Pre 0.9806 Rec 0.9805
2026-08-29 23:22:30 | ===== Run 2/5 (seed 1) =====
2026-08-29 23:22:33 | Epoch   1/100 | Train Loss 0.4916 Acc 0.8511 | Val Loss 0.2086 Acc 0.9392 AUC 0.9975 Pre 0.9400 Rec 0.9385
2026-08-29 23:22:34 | Diag logvar_q_mean=-1.0546 logvar_q_clamp=0.0000 logvar_p_mean=0.0854 logvar_p_clamp=0.0000
2026-08-29 23:22:34 |   Val AUC improved to 0.9975, model saved
2026-08-29 23:22:37 | Epoch   2/100 | Train Loss 0.1724 Acc 0.9525 | Val Loss 0.1337 Acc 0.9621 AUC 0.9989 Pre 0.9618 Rec 0.9619
2026-08-29 23:22:38 | Diag logvar_q_mean=-0.7224 logvar_q_clamp=0.0000 logvar_p_mean=0.1401 logvar_p_clamp=0.0000
2026-08-29 23:22:38 |   Val AUC improved to 0.9989, model saved
2026-08-29 23:22:41 | Epoch   3/100 | Train Loss 0.1228 Acc 0.9667 | Val Loss 0.1129 Acc 0.9695 AUC 0.9992 Pre 0.9698 Rec 0.9692
2026-08-29 23:22:42 | Diag logvar_q_mean=-0.5948 logvar_q_clamp=0.0000 logvar_p_mean=0.1928 logvar_p_clamp=0.0000
2026-08-29 23:22:42 |   Val AUC improved to 0.9992, model saved
2026-08-29 23:22:45 | Epoch   4/100 | Train Loss 0.0986 Acc 0.9733 | Val Loss 0.0939 Acc 0.9761 AUC 0.9994 Pre 0.9759 Rec 0.9759
2026-08-29 23:22:45 | Diag logvar_q_mean=-0.4912 logvar_q_clamp=0.0000 logvar_p_mean=0.2331 logvar_p_clamp=0.0000
2026-08-29 23:22:45 |   Val AUC improved to 0.9994, model saved
2026-08-29 23:22:49 | Epoch   5/100 | Train Loss 0.0761 Acc 0.9794 | Val Loss 0.0872 Acc 0.9763 AUC 0.9995 Pre 0.9762 Rec 0.9759
2026-08-29 23:22:49 | Diag logvar_q_mean=-0.3680 logvar_q_clamp=0.0000 logvar_p_mean=0.2707 logvar_p_clamp=0.0000
2026-08-29 23:22:49 |   Val AUC improved to 0.9995, model saved
2026-08-29 23:22:53 | Epoch   6/100 | Train Loss 0.0641 Acc 0.9832 | Val Loss 0.0813 Acc 0.9773 AUC 0.9996 Pre 0.9773 Rec 0.9770
2026-08-29 23:22:53 | Diag logvar_q_mean=-0.2930 logvar_q_clamp=0.0000 logvar_p_mean=0.3072 logvar_p_clamp=0.0000
2026-08-29 23:22:53 |   Val AUC improved to 0.9996, model saved
2026-08-29 23:22:57 | Epoch   7/100 | Train Loss 0.0570 Acc 0.9846 | Val Loss 0.0807 Acc 0.9765 AUC 0.9996 Pre 0.9762 Rec 0.9763
2026-08-29 23:22:57 | Diag logvar_q_mean=-0.2600 logvar_q_clamp=0.0000 logvar_p_mean=0.3352 logvar_p_clamp=0.0000
2026-08-29 23:23:00 | Epoch   8/100 | Train Loss 0.0518 Acc 0.9864 | Val Loss 0.0778 Acc 0.9799 AUC 0.9996 Pre 0.9800 Rec 0.9795
2026-08-29 23:23:01 | Diag logvar_q_mean=-0.2362 logvar_q_clamp=0.0000 logvar_p_mean=0.3567 logvar_p_clamp=0.0000
2026-08-29 23:23:01 |   Val AUC improved to 0.9996, model saved
2026-08-29 23:23:04 | Epoch   9/100 | Train Loss 0.0456 Acc 0.9877 | Val Loss 0.0803 Acc 0.9787 AUC 0.9996 Pre 0.9785 Rec 0.9784
2026-08-29 23:23:05 | Diag logvar_q_mean=-0.1735 logvar_q_clamp=0.0000 logvar_p_mean=0.3723 logvar_p_clamp=0.0000
2026-08-29 23:23:08 | Epoch  10/100 | Train Loss 0.0418 Acc 0.9890 | Val Loss 0.0773 Acc 0.9808 AUC 0.9996 Pre 0.9807 Rec 0.9806
2026-08-29 23:23:08 | Diag logvar_q_mean=-0.1391 logvar_q_clamp=0.0000 logvar_p_mean=0.3946 logvar_p_clamp=0.0000
2026-08-29 23:23:12 | Epoch  11/100 | Train Loss 0.0364 Acc 0.9905 | Val Loss 0.0804 Acc 0.9778 AUC 0.9996 Pre 0.9775 Rec 0.9777
2026-08-29 23:23:12 | Diag logvar_q_mean=-0.0747 logvar_q_clamp=0.0000 logvar_p_mean=0.4152 logvar_p_clamp=0.0000
2026-08-29 23:23:16 | Epoch  12/100 | Train Loss 0.0346 Acc 0.9903 | Val Loss 0.0834 Acc 0.9792 AUC 0.9997 Pre 0.9789 Rec 0.9792
2026-08-29 23:23:16 | Diag logvar_q_mean=-0.0489 logvar_q_clamp=0.0000 logvar_p_mean=0.4366 logvar_p_clamp=0.0000
2026-08-29 23:23:16 |   Val AUC improved to 0.9997, model saved
2026-08-29 23:23:20 | Epoch  13/100 | Train Loss 0.0292 Acc 0.9923 | Val Loss 0.0754 Acc 0.9795 AUC 0.9996 Pre 0.9794 Rec 0.9793
2026-08-29 23:23:20 | Diag logvar_q_mean=0.0417 logvar_q_clamp=0.0000 logvar_p_mean=0.4638 logvar_p_clamp=0.0000
2026-08-29 23:23:23 | Epoch  14/100 | Train Loss 0.0300 Acc 0.9920 | Val Loss 0.0822 Acc 0.9811 AUC 0.9996 Pre 0.9809 Rec 0.9808
2026-08-29 23:23:24 | Diag logvar_q_mean=0.0218 logvar_q_clamp=0.0000 logvar_p_mean=0.4781 logvar_p_clamp=0.0000
2026-08-29 23:23:27 | Epoch  15/100 | Train Loss 0.0306 Acc 0.9913 | Val Loss 0.0758 Acc 0.9816 AUC 0.9996 Pre 0.9815 Rec 0.9814
2026-08-29 23:23:28 | Diag logvar_q_mean=0.0351 logvar_q_clamp=0.0000 logvar_p_mean=0.4860 logvar_p_clamp=0.0000
2026-08-29 23:23:31 | Epoch  16/100 | Train Loss 0.0287 Acc 0.9924 | Val Loss 0.0800 Acc 0.9807 AUC 0.9996 Pre 0.9807 Rec 0.9805
2026-08-29 23:23:31 | Diag logvar_q_mean=0.0666 logvar_q_clamp=0.0000 logvar_p_mean=0.4884 logvar_p_clamp=0.0000
2026-08-29 23:23:35 | Epoch  17/100 | Train Loss 0.0313 Acc 0.9912 | Val Loss 0.0730 Acc 0.9812 AUC 0.9997 Pre 0.9812 Rec 0.9811
2026-08-29 23:23:35 | Diag logvar_q_mean=0.0930 logvar_q_clamp=0.0000 logvar_p_mean=0.5005 logvar_p_clamp=0.0000
2026-08-29 23:23:35 |   Val AUC improved to 0.9997, model saved
2026-08-29 23:23:38 | Epoch  18/100 | Train Loss 0.0231 Acc 0.9942 | Val Loss 0.0779 Acc 0.9821 AUC 0.9996 Pre 0.9819 Rec 0.9821
2026-08-29 23:23:39 | Diag logvar_q_mean=0.1043 logvar_q_clamp=0.0000 logvar_p_mean=0.5263 logvar_p_clamp=0.0000
2026-08-29 23:23:42 | Epoch  19/100 | Train Loss 0.0246 Acc 0.9936 | Val Loss 0.0789 Acc 0.9818 AUC 0.9996 Pre 0.9816 Rec 0.9817
2026-08-29 23:23:43 | Diag logvar_q_mean=0.1442 logvar_q_clamp=0.0000 logvar_p_mean=0.5427 logvar_p_clamp=0.0000
2026-08-29 23:23:46 | Epoch  20/100 | Train Loss 0.0270 Acc 0.9934 | Val Loss 0.0806 Acc 0.9806 AUC 0.9997 Pre 0.9805 Rec 0.9805
2026-08-29 23:23:46 | Diag logvar_q_mean=0.1443 logvar_q_clamp=0.0000 logvar_p_mean=0.5461 logvar_p_clamp=0.0000
2026-08-29 23:23:46 |   Val AUC improved to 0.9997, model saved
2026-08-29 23:23:50 | Epoch  21/100 | Train Loss 0.0215 Acc 0.9945 | Val Loss 0.0846 Acc 0.9806 AUC 0.9996 Pre 0.9808 Rec 0.9802
2026-08-29 23:23:50 | Diag logvar_q_mean=0.2021 logvar_q_clamp=0.0000 logvar_p_mean=0.5591 logvar_p_clamp=0.0000
2026-08-29 23:23:54 | Epoch  22/100 | Train Loss 0.0227 Acc 0.9940 | Val Loss 0.0833 Acc 0.9826 AUC 0.9996 Pre 0.9826 Rec 0.9825
2026-08-29 23:23:54 | Diag logvar_q_mean=0.1772 logvar_q_clamp=0.0000 logvar_p_mean=0.5681 logvar_p_clamp=0.0000
2026-08-29 23:23:58 | Epoch  23/100 | Train Loss 0.0261 Acc 0.9933 | Val Loss 0.0958 Acc 0.9793 AUC 0.9995 Pre 0.9790 Rec 0.9792
2026-08-29 23:23:58 | Diag logvar_q_mean=0.1634 logvar_q_clamp=0.0000 logvar_p_mean=0.5854 logvar_p_clamp=0.0000
2026-08-29 23:24:01 | Epoch  24/100 | Train Loss 0.0243 Acc 0.9939 | Val Loss 0.0938 Acc 0.9801 AUC 0.9996 Pre 0.9801 Rec 0.9799
2026-08-29 23:24:02 | Diag logvar_q_mean=0.2016 logvar_q_clamp=0.0000 logvar_p_mean=0.5826 logvar_p_clamp=0.0000
2026-08-29 23:24:05 | Epoch  25/100 | Train Loss 0.0219 Acc 0.9944 | Val Loss 0.0818 Acc 0.9818 AUC 0.9997 Pre 0.9818 Rec 0.9814
2026-08-29 23:24:06 | Diag logvar_q_mean=0.2191 logvar_q_clamp=0.0000 logvar_p_mean=0.6088 logvar_p_clamp=0.0000
2026-08-29 23:24:09 | Epoch  26/100 | Train Loss 0.0211 Acc 0.9945 | Val Loss 0.0898 Acc 0.9804 AUC 0.9996 Pre 0.9804 Rec 0.9801
2026-08-29 23:24:10 | Diag logvar_q_mean=0.3146 logvar_q_clamp=0.0000 logvar_p_mean=0.6384 logvar_p_clamp=0.0000
2026-08-29 23:24:13 | Epoch  27/100 | Train Loss 0.0217 Acc 0.9944 | Val Loss 0.0869 Acc 0.9826 AUC 0.9996 Pre 0.9826 Rec 0.9823
2026-08-29 23:24:14 | Diag logvar_q_mean=0.3046 logvar_q_clamp=0.0000 logvar_p_mean=0.6576 logvar_p_clamp=0.0000
2026-08-29 23:24:17 | Epoch  28/100 | Train Loss 0.0199 Acc 0.9949 | Val Loss 0.0870 Acc 0.9812 AUC 0.9995 Pre 0.9811 Rec 0.9810
2026-08-29 23:24:17 | Diag logvar_q_mean=0.3115 logvar_q_clamp=0.0000 logvar_p_mean=0.6683 logvar_p_clamp=0.0000
2026-08-29 23:24:21 | Epoch  29/100 | Train Loss 0.0225 Acc 0.9943 | Val Loss 0.0845 Acc 0.9809 AUC 0.9996 Pre 0.9808 Rec 0.9806
2026-08-29 23:24:21 | Diag logvar_q_mean=0.2972 logvar_q_clamp=0.0000 logvar_p_mean=0.6873 logvar_p_clamp=0.0000
2026-08-29 23:24:24 | Epoch  30/100 | Train Loss 0.0202 Acc 0.9948 | Val Loss 0.0963 Acc 0.9804 AUC 0.9996 Pre 0.9803 Rec 0.9801
2026-08-29 23:24:25 | Diag logvar_q_mean=0.3232 logvar_q_clamp=0.0000 logvar_p_mean=0.7076 logvar_p_clamp=0.0000
2026-08-29 23:24:25 | Val AUC did not improve for 10 consecutive epochs, early stopping at Epoch 30 (best AUC 0.9997 @ Epoch 20)
2026-08-29 23:24:25 | Run 2/5 | Test (best model @ Epoch 20) | Loss 0.0724 Acc 0.9828 AUC 0.9997 Pre 0.9828 Rec 0.9826
2026-08-29 23:24:25 | ===== Run 3/5 (seed 2) =====
2026-08-29 23:24:29 | Epoch   1/100 | Train Loss 0.4769 Acc 0.8573 | Val Loss 0.2007 Acc 0.9439 AUC 0.9975 Pre 0.9440 Rec 0.9431
2026-08-29 23:24:29 | Diag logvar_q_mean=-0.9043 logvar_q_clamp=0.0000 logvar_p_mean=0.0935 logvar_p_clamp=0.0000
2026-08-29 23:24:29 |   Val AUC improved to 0.9975, model saved
2026-08-29 23:24:33 | Epoch   2/100 | Train Loss 0.1703 Acc 0.9544 | Val Loss 0.1311 Acc 0.9630 AUC 0.9989 Pre 0.9630 Rec 0.9625
2026-08-29 23:24:33 | Diag logvar_q_mean=-0.6841 logvar_q_clamp=0.0000 logvar_p_mean=0.1527 logvar_p_clamp=0.0000
2026-08-29 23:24:33 |   Val AUC improved to 0.9989, model saved
2026-08-29 23:24:37 | Epoch   3/100 | Train Loss 0.1210 Acc 0.9674 | Val Loss 0.1119 Acc 0.9700 AUC 0.9992 Pre 0.9698 Rec 0.9695
2026-08-29 23:24:37 | Diag logvar_q_mean=-0.5904 logvar_q_clamp=0.0000 logvar_p_mean=0.1993 logvar_p_clamp=0.0000
2026-08-29 23:24:37 |   Val AUC improved to 0.9992, model saved
2026-08-29 23:24:40 | Epoch   4/100 | Train Loss 0.0938 Acc 0.9749 | Val Loss 0.1005 Acc 0.9726 AUC 0.9994 Pre 0.9727 Rec 0.9721
2026-08-29 23:24:41 | Diag logvar_q_mean=-0.4610 logvar_q_clamp=0.0000 logvar_p_mean=0.2358 logvar_p_clamp=0.0000
2026-08-29 23:24:41 |   Val AUC improved to 0.9994, model saved
2026-08-29 23:24:44 | Epoch   5/100 | Train Loss 0.0769 Acc 0.9791 | Val Loss 0.0933 Acc 0.9746 AUC 0.9994 Pre 0.9747 Rec 0.9743
2026-08-29 23:24:45 | Diag logvar_q_mean=-0.3667 logvar_q_clamp=0.0000 logvar_p_mean=0.2708 logvar_p_clamp=0.0000
2026-08-29 23:24:45 |   Val AUC improved to 0.9994, model saved
2026-08-29 23:24:48 | Epoch   6/100 | Train Loss 0.0642 Acc 0.9824 | Val Loss 0.0910 Acc 0.9753 AUC 0.9995 Pre 0.9752 Rec 0.9750
2026-08-29 23:24:49 | Diag logvar_q_mean=-0.3189 logvar_q_clamp=0.0000 logvar_p_mean=0.2996 logvar_p_clamp=0.0000
2026-08-29 23:24:49 |   Val AUC improved to 0.9995, model saved
2026-08-29 23:24:52 | Epoch   7/100 | Train Loss 0.0563 Acc 0.9851 | Val Loss 0.0859 Acc 0.9775 AUC 0.9996 Pre 0.9774 Rec 0.9771
2026-08-29 23:24:53 | Diag logvar_q_mean=-0.2842 logvar_q_clamp=0.0000 logvar_p_mean=0.3292 logvar_p_clamp=0.0000
2026-08-29 23:24:53 |   Val AUC improved to 0.9996, model saved
2026-08-29 23:24:56 | Epoch   8/100 | Train Loss 0.0480 Acc 0.9875 | Val Loss 0.0876 Acc 0.9774 AUC 0.9995 Pre 0.9774 Rec 0.9772
2026-08-29 23:24:56 | Diag logvar_q_mean=-0.2289 logvar_q_clamp=0.0000 logvar_p_mean=0.3581 logvar_p_clamp=0.0000
2026-08-29 23:25:00 | Epoch   9/100 | Train Loss 0.0476 Acc 0.9875 | Val Loss 0.0849 Acc 0.9783 AUC 0.9995 Pre 0.9781 Rec 0.9781
2026-08-29 23:25:00 | Diag logvar_q_mean=-0.2090 logvar_q_clamp=0.0000 logvar_p_mean=0.3696 logvar_p_clamp=0.0000
2026-08-29 23:25:03 | Epoch  10/100 | Train Loss 0.0414 Acc 0.9887 | Val Loss 0.0892 Acc 0.9784 AUC 0.9995 Pre 0.9783 Rec 0.9781
2026-08-29 23:25:04 | Diag logvar_q_mean=-0.1791 logvar_q_clamp=0.0000 logvar_p_mean=0.3855 logvar_p_clamp=0.0000
2026-08-29 23:25:07 | Epoch  11/100 | Train Loss 0.0371 Acc 0.9898 | Val Loss 0.0866 Acc 0.9784 AUC 0.9995 Pre 0.9781 Rec 0.9782
2026-08-29 23:25:08 | Diag logvar_q_mean=-0.0841 logvar_q_clamp=0.0000 logvar_p_mean=0.4097 logvar_p_clamp=0.0000
2026-08-29 23:25:11 | Epoch  12/100 | Train Loss 0.0360 Acc 0.9903 | Val Loss 0.1006 Acc 0.9761 AUC 0.9994 Pre 0.9761 Rec 0.9757
2026-08-29 23:25:12 | Diag logvar_q_mean=-0.0654 logvar_q_clamp=0.0000 logvar_p_mean=0.4303 logvar_p_clamp=0.0000
2026-08-29 23:25:15 | Epoch  13/100 | Train Loss 0.0346 Acc 0.9906 | Val Loss 0.0780 Acc 0.9800 AUC 0.9996 Pre 0.9798 Rec 0.9798
2026-08-29 23:25:15 | Diag logvar_q_mean=-0.0100 logvar_q_clamp=0.0000 logvar_p_mean=0.4483 logvar_p_clamp=0.0000
2026-08-29 23:25:15 |   Val AUC improved to 0.9996, model saved
2026-08-29 23:25:19 | Epoch  14/100 | Train Loss 0.0339 Acc 0.9909 | Val Loss 0.0843 Acc 0.9791 AUC 0.9995 Pre 0.9788 Rec 0.9790
2026-08-29 23:25:19 | Diag logvar_q_mean=-0.0274 logvar_q_clamp=0.0000 logvar_p_mean=0.4605 logvar_p_clamp=0.0000
2026-08-29 23:25:23 | Epoch  15/100 | Train Loss 0.0277 Acc 0.9924 | Val Loss 0.0874 Acc 0.9799 AUC 0.9995 Pre 0.9798 Rec 0.9798
2026-08-29 23:25:23 | Diag logvar_q_mean=0.0659 logvar_q_clamp=0.0000 logvar_p_mean=0.4723 logvar_p_clamp=0.0000
2026-08-29 23:25:26 | Epoch  16/100 | Train Loss 0.0259 Acc 0.9935 | Val Loss 0.0891 Acc 0.9800 AUC 0.9996 Pre 0.9800 Rec 0.9797
2026-08-29 23:25:27 | Diag logvar_q_mean=0.0816 logvar_q_clamp=0.0000 logvar_p_mean=0.4990 logvar_p_clamp=0.0000
2026-08-29 23:25:30 | Epoch  17/100 | Train Loss 0.0290 Acc 0.9921 | Val Loss 0.0844 Acc 0.9808 AUC 0.9996 Pre 0.9809 Rec 0.9805
2026-08-29 23:25:31 | Diag logvar_q_mean=0.1200 logvar_q_clamp=0.0000 logvar_p_mean=0.5154 logvar_p_clamp=0.0000
2026-08-29 23:25:34 | Epoch  18/100 | Train Loss 0.0267 Acc 0.9931 | Val Loss 0.0869 Acc 0.9806 AUC 0.9996 Pre 0.9804 Rec 0.9805
2026-08-29 23:25:35 | Diag logvar_q_mean=0.1191 logvar_q_clamp=0.0000 logvar_p_mean=0.5315 logvar_p_clamp=0.0000
2026-08-29 23:25:38 | Epoch  19/100 | Train Loss 0.0274 Acc 0.9930 | Val Loss 0.0875 Acc 0.9801 AUC 0.9996 Pre 0.9801 Rec 0.9798
2026-08-29 23:25:39 | Diag logvar_q_mean=0.0991 logvar_q_clamp=0.0000 logvar_p_mean=0.5421 logvar_p_clamp=0.0000
2026-08-29 23:25:42 | Epoch  20/100 | Train Loss 0.0231 Acc 0.9940 | Val Loss 0.0932 Acc 0.9802 AUC 0.9995 Pre 0.9804 Rec 0.9800
2026-08-29 23:25:42 | Diag logvar_q_mean=0.1761 logvar_q_clamp=0.0000 logvar_p_mean=0.5601 logvar_p_clamp=0.0000
2026-08-29 23:25:46 | Epoch  21/100 | Train Loss 0.0215 Acc 0.9944 | Val Loss 0.0885 Acc 0.9802 AUC 0.9995 Pre 0.9803 Rec 0.9799
2026-08-29 23:25:46 | Diag logvar_q_mean=0.1988 logvar_q_clamp=0.0000 logvar_p_mean=0.5788 logvar_p_clamp=0.0000
2026-08-29 23:25:50 | Epoch  22/100 | Train Loss 0.0231 Acc 0.9940 | Val Loss 0.0850 Acc 0.9815 AUC 0.9996 Pre 0.9815 Rec 0.9812
2026-08-29 23:25:50 | Diag logvar_q_mean=0.2397 logvar_q_clamp=0.0000 logvar_p_mean=0.5982 logvar_p_clamp=0.0000
2026-08-29 23:25:50 |   Val AUC improved to 0.9996, model saved
2026-08-29 23:25:54 | Epoch  23/100 | Train Loss 0.0217 Acc 0.9943 | Val Loss 0.0919 Acc 0.9805 AUC 0.9996 Pre 0.9805 Rec 0.9802
2026-08-29 23:25:54 | Diag logvar_q_mean=0.2225 logvar_q_clamp=0.0000 logvar_p_mean=0.6077 logvar_p_clamp=0.0000
2026-08-29 23:25:57 | Epoch  24/100 | Train Loss 0.0205 Acc 0.9949 | Val Loss 0.0915 Acc 0.9807 AUC 0.9996 Pre 0.9806 Rec 0.9805
2026-08-29 23:25:58 | Diag logvar_q_mean=0.3217 logvar_q_clamp=0.0000 logvar_p_mean=0.6261 logvar_p_clamp=0.0000
2026-08-29 23:26:01 | Epoch  25/100 | Train Loss 0.0226 Acc 0.9944 | Val Loss 0.0897 Acc 0.9811 AUC 0.9996 Pre 0.9809 Rec 0.9810
2026-08-29 23:26:02 | Diag logvar_q_mean=0.2498 logvar_q_clamp=0.0000 logvar_p_mean=0.6521 logvar_p_clamp=0.0000
2026-08-29 23:26:05 | Epoch  26/100 | Train Loss 0.0199 Acc 0.9954 | Val Loss 0.0976 Acc 0.9807 AUC 0.9995 Pre 0.9805 Rec 0.9805
2026-08-29 23:26:06 | Diag logvar_q_mean=0.3315 logvar_q_clamp=0.0000 logvar_p_mean=0.6681 logvar_p_clamp=0.0000
2026-08-29 23:26:09 | Epoch  27/100 | Train Loss 0.0245 Acc 0.9937 | Val Loss 0.0909 Acc 0.9813 AUC 0.9996 Pre 0.9811 Rec 0.9813
2026-08-29 23:26:09 | Diag logvar_q_mean=0.2955 logvar_q_clamp=0.0000 logvar_p_mean=0.6794 logvar_p_clamp=0.0000
2026-08-29 23:26:13 | Epoch  28/100 | Train Loss 0.0199 Acc 0.9949 | Val Loss 0.1018 Acc 0.9803 AUC 0.9995 Pre 0.9802 Rec 0.9801
2026-08-29 23:26:13 | Diag logvar_q_mean=0.3518 logvar_q_clamp=0.0000 logvar_p_mean=0.6861 logvar_p_clamp=0.0000
2026-08-29 23:26:17 | Epoch  29/100 | Train Loss 0.0185 Acc 0.9956 | Val Loss 0.1017 Acc 0.9802 AUC 0.9996 Pre 0.9800 Rec 0.9800
2026-08-29 23:26:17 | Diag logvar_q_mean=0.3838 logvar_q_clamp=0.0000 logvar_p_mean=0.7140 logvar_p_clamp=0.0000
2026-08-29 23:26:20 | Epoch  30/100 | Train Loss 0.0149 Acc 0.9968 | Val Loss 0.0880 Acc 0.9813 AUC 0.9996 Pre 0.9811 Rec 0.9810
2026-08-29 23:26:21 | Diag logvar_q_mean=0.4035 logvar_q_clamp=0.0000 logvar_p_mean=0.7369 logvar_p_clamp=0.0000
2026-08-29 23:26:24 | Epoch  31/100 | Train Loss 0.0195 Acc 0.9949 | Val Loss 0.1062 Acc 0.9807 AUC 0.9994 Pre 0.9805 Rec 0.9806
2026-08-29 23:26:25 | Diag logvar_q_mean=0.3976 logvar_q_clamp=0.0000 logvar_p_mean=0.7586 logvar_p_clamp=0.0000
2026-08-29 23:26:28 | Epoch  32/100 | Train Loss 0.0164 Acc 0.9963 | Val Loss 0.1010 Acc 0.9804 AUC 0.9995 Pre 0.9805 Rec 0.9800
2026-08-29 23:26:29 | Diag logvar_q_mean=0.4691 logvar_q_clamp=0.0000 logvar_p_mean=0.8067 logvar_p_clamp=0.0000
2026-08-29 23:26:29 | Val AUC did not improve for 10 consecutive epochs, early stopping at Epoch 32 (best AUC 0.9996 @ Epoch 22)
2026-08-29 23:26:29 | Run 3/5 | Test (best model @ Epoch 22) | Loss 0.0773 Acc 0.9838 AUC 0.9996 Pre 0.9838 Rec 0.9836
2026-08-29 23:26:29 | ===== Run 4/5 (seed 3) =====
2026-08-29 23:26:33 | Epoch   1/100 | Train Loss 0.4773 Acc 0.8568 | Val Loss 0.1993 Acc 0.9435 AUC 0.9975 Pre 0.9432 Rec 0.9431
2026-08-29 23:26:33 | Diag logvar_q_mean=-0.9580 logvar_q_clamp=0.0000 logvar_p_mean=0.0862 logvar_p_clamp=0.0000
2026-08-29 23:26:33 |   Val AUC improved to 0.9975, model saved
2026-08-29 23:26:36 | Epoch   2/100 | Train Loss 0.1700 Acc 0.9533 | Val Loss 0.1440 Acc 0.9606 AUC 0.9987 Pre 0.9612 Rec 0.9599
2026-08-29 23:26:37 | Diag logvar_q_mean=-0.7094 logvar_q_clamp=0.0000 logvar_p_mean=0.1370 logvar_p_clamp=0.0000
2026-08-29 23:26:37 |   Val AUC improved to 0.9987, model saved
2026-08-29 23:26:40 | Epoch   3/100 | Train Loss 0.1190 Acc 0.9681 | Val Loss 0.1096 Acc 0.9695 AUC 0.9992 Pre 0.9692 Rec 0.9693
2026-08-29 23:26:41 | Diag logvar_q_mean=-0.5746 logvar_q_clamp=0.0000 logvar_p_mean=0.1873 logvar_p_clamp=0.0000
2026-08-29 23:26:41 |   Val AUC improved to 0.9992, model saved
2026-08-29 23:26:44 | Epoch   4/100 | Train Loss 0.0917 Acc 0.9753 | Val Loss 0.1020 Acc 0.9708 AUC 0.9994 Pre 0.9710 Rec 0.9705
2026-08-29 23:26:45 | Diag logvar_q_mean=-0.4650 logvar_q_clamp=0.0000 logvar_p_mean=0.2380 logvar_p_clamp=0.0000
2026-08-29 23:26:45 |   Val AUC improved to 0.9994, model saved
2026-08-29 23:26:48 | Epoch   5/100 | Train Loss 0.0756 Acc 0.9798 | Val Loss 0.0907 Acc 0.9738 AUC 0.9996 Pre 0.9738 Rec 0.9735
2026-08-29 23:26:49 | Diag logvar_q_mean=-0.3797 logvar_q_clamp=0.0000 logvar_p_mean=0.2713 logvar_p_clamp=0.0000
2026-08-29 23:26:49 |   Val AUC improved to 0.9996, model saved
2026-08-29 23:26:52 | Epoch   6/100 | Train Loss 0.0646 Acc 0.9830 | Val Loss 0.0920 Acc 0.9757 AUC 0.9995 Pre 0.9757 Rec 0.9754
2026-08-29 23:26:52 | Diag logvar_q_mean=-0.3196 logvar_q_clamp=0.0000 logvar_p_mean=0.3016 logvar_p_clamp=0.0000
2026-08-29 23:26:56 | Epoch   7/100 | Train Loss 0.0556 Acc 0.9847 | Val Loss 0.0802 Acc 0.9776 AUC 0.9996 Pre 0.9777 Rec 0.9772
2026-08-29 23:26:56 | Diag logvar_q_mean=-0.2717 logvar_q_clamp=0.0000 logvar_p_mean=0.3363 logvar_p_clamp=0.0000
2026-08-29 23:26:56 |   Val AUC improved to 0.9996, model saved
2026-08-29 23:26:59 | Epoch   8/100 | Train Loss 0.0534 Acc 0.9857 | Val Loss 0.0847 Acc 0.9772 AUC 0.9995 Pre 0.9771 Rec 0.9769
2026-08-29 23:27:00 | Diag logvar_q_mean=-0.2351 logvar_q_clamp=0.0000 logvar_p_mean=0.3627 logvar_p_clamp=0.0000
2026-08-29 23:27:03 | Epoch   9/100 | Train Loss 0.0443 Acc 0.9883 | Val Loss 0.0836 Acc 0.9794 AUC 0.9996 Pre 0.9793 Rec 0.9791
2026-08-29 23:27:04 | Diag logvar_q_mean=-0.1204 logvar_q_clamp=0.0000 logvar_p_mean=0.3871 logvar_p_clamp=0.0000
2026-08-29 23:27:07 | Epoch  10/100 | Train Loss 0.0416 Acc 0.9889 | Val Loss 0.0859 Acc 0.9765 AUC 0.9996 Pre 0.9763 Rec 0.9762
2026-08-29 23:27:08 | Diag logvar_q_mean=-0.1028 logvar_q_clamp=0.0000 logvar_p_mean=0.4068 logvar_p_clamp=0.0000
2026-08-29 23:27:08 |   Val AUC improved to 0.9996, model saved
2026-08-29 23:27:11 | Epoch  11/100 | Train Loss 0.0389 Acc 0.9894 | Val Loss 0.0823 Acc 0.9779 AUC 0.9996 Pre 0.9778 Rec 0.9776
2026-08-29 23:27:12 | Diag logvar_q_mean=-0.0474 logvar_q_clamp=0.0000 logvar_p_mean=0.4224 logvar_p_clamp=0.0000
2026-08-29 23:27:12 |   Val AUC improved to 0.9996, model saved
2026-08-29 23:27:15 | Epoch  12/100 | Train Loss 0.0348 Acc 0.9905 | Val Loss 0.0832 Acc 0.9782 AUC 0.9996 Pre 0.9778 Rec 0.9781
2026-08-29 23:27:15 | Diag logvar_q_mean=-0.0510 logvar_q_clamp=0.0000 logvar_p_mean=0.4351 logvar_p_clamp=0.0000
2026-08-29 23:27:19 | Epoch  13/100 | Train Loss 0.0284 Acc 0.9926 | Val Loss 0.0826 Acc 0.9796 AUC 0.9996 Pre 0.9792 Rec 0.9795
2026-08-29 23:27:19 | Diag logvar_q_mean=0.0277 logvar_q_clamp=0.0000 logvar_p_mean=0.4645 logvar_p_clamp=0.0000
2026-08-29 23:27:19 |   Val AUC improved to 0.9996, model saved
2026-08-29 23:27:23 | Epoch  14/100 | Train Loss 0.0342 Acc 0.9906 | Val Loss 0.0867 Acc 0.9789 AUC 0.9996 Pre 0.9788 Rec 0.9786
2026-08-29 23:27:23 | Diag logvar_q_mean=0.0135 logvar_q_clamp=0.0000 logvar_p_mean=0.4807 logvar_p_clamp=0.0000
2026-08-29 23:27:26 | Epoch  15/100 | Train Loss 0.0315 Acc 0.9914 | Val Loss 0.0854 Acc 0.9794 AUC 0.9996 Pre 0.9791 Rec 0.9794
2026-08-29 23:27:27 | Diag logvar_q_mean=0.0746 logvar_q_clamp=0.0000 logvar_p_mean=0.5008 logvar_p_clamp=0.0000
2026-08-29 23:27:30 | Epoch  16/100 | Train Loss 0.0286 Acc 0.9923 | Val Loss 0.0865 Acc 0.9808 AUC 0.9996 Pre 0.9808 Rec 0.9805
2026-08-29 23:27:31 | Diag logvar_q_mean=0.1056 logvar_q_clamp=0.0000 logvar_p_mean=0.5242 logvar_p_clamp=0.0000
2026-08-29 23:27:34 | Epoch  17/100 | Train Loss 0.0275 Acc 0.9923 | Val Loss 0.0835 Acc 0.9799 AUC 0.9997 Pre 0.9796 Rec 0.9797
2026-08-29 23:27:35 | Diag logvar_q_mean=0.0946 logvar_q_clamp=0.0000 logvar_p_mean=0.5298 logvar_p_clamp=0.0000
2026-08-29 23:27:35 |   Val AUC improved to 0.9997, model saved
2026-08-29 23:27:38 | Epoch  18/100 | Train Loss 0.0267 Acc 0.9928 | Val Loss 0.0924 Acc 0.9778 AUC 0.9996 Pre 0.9774 Rec 0.9776
2026-08-29 23:27:39 | Diag logvar_q_mean=0.1164 logvar_q_clamp=0.0000 logvar_p_mean=0.5491 logvar_p_clamp=0.0000
2026-08-29 23:27:42 | Epoch  19/100 | Train Loss 0.0262 Acc 0.9936 | Val Loss 0.0877 Acc 0.9803 AUC 0.9996 Pre 0.9803 Rec 0.9801
2026-08-29 23:27:42 | Diag logvar_q_mean=0.1808 logvar_q_clamp=0.0000 logvar_p_mean=0.5579 logvar_p_clamp=0.0000
2026-08-29 23:27:46 | Epoch  20/100 | Train Loss 0.0262 Acc 0.9933 | Val Loss 0.0938 Acc 0.9798 AUC 0.9995 Pre 0.9796 Rec 0.9797
2026-08-29 23:27:46 | Diag logvar_q_mean=0.1638 logvar_q_clamp=0.0000 logvar_p_mean=0.5738 logvar_p_clamp=0.0000
2026-08-29 23:27:50 | Epoch  21/100 | Train Loss 0.0235 Acc 0.9941 | Val Loss 0.0957 Acc 0.9807 AUC 0.9996 Pre 0.9805 Rec 0.9805
2026-08-29 23:27:50 | Diag logvar_q_mean=0.1971 logvar_q_clamp=0.0000 logvar_p_mean=0.5931 logvar_p_clamp=0.0000
2026-08-29 23:27:53 | Epoch  22/100 | Train Loss 0.0235 Acc 0.9939 | Val Loss 0.1026 Acc 0.9789 AUC 0.9995 Pre 0.9786 Rec 0.9787
2026-08-29 23:27:54 | Diag logvar_q_mean=0.2269 logvar_q_clamp=0.0000 logvar_p_mean=0.6091 logvar_p_clamp=0.0000
2026-08-29 23:27:57 | Epoch  23/100 | Train Loss 0.0256 Acc 0.9931 | Val Loss 0.0861 Acc 0.9804 AUC 0.9997 Pre 0.9804 Rec 0.9801
2026-08-29 23:27:58 | Diag logvar_q_mean=0.2420 logvar_q_clamp=0.0000 logvar_p_mean=0.6289 logvar_p_clamp=0.0000
2026-08-29 23:28:01 | Epoch  24/100 | Train Loss 0.0198 Acc 0.9950 | Val Loss 0.0917 Acc 0.9805 AUC 0.9996 Pre 0.9803 Rec 0.9803
2026-08-29 23:28:02 | Diag logvar_q_mean=0.2659 logvar_q_clamp=0.0000 logvar_p_mean=0.6339 logvar_p_clamp=0.0000
2026-08-29 23:28:05 | Epoch  25/100 | Train Loss 0.0210 Acc 0.9950 | Val Loss 0.0953 Acc 0.9799 AUC 0.9995 Pre 0.9798 Rec 0.9796
2026-08-29 23:28:06 | Diag logvar_q_mean=0.3011 logvar_q_clamp=0.0000 logvar_p_mean=0.6532 logvar_p_clamp=0.0000
2026-08-29 23:28:09 | Epoch  26/100 | Train Loss 0.0206 Acc 0.9945 | Val Loss 0.0981 Acc 0.9799 AUC 0.9995 Pre 0.9796 Rec 0.9798
2026-08-29 23:28:09 | Diag logvar_q_mean=0.2853 logvar_q_clamp=0.0000 logvar_p_mean=0.6745 logvar_p_clamp=0.0000
2026-08-29 23:28:13 | Epoch  27/100 | Train Loss 0.0211 Acc 0.9947 | Val Loss 0.0926 Acc 0.9810 AUC 0.9996 Pre 0.9808 Rec 0.9808
2026-08-29 23:28:13 | Diag logvar_q_mean=0.3063 logvar_q_clamp=0.0000 logvar_p_mean=0.6941 logvar_p_clamp=0.0000
2026-08-29 23:28:13 | Val AUC did not improve for 10 consecutive epochs, early stopping at Epoch 27 (best AUC 0.9997 @ Epoch 17)
2026-08-29 23:28:14 | Run 4/5 | Test (best model @ Epoch 17) | Loss 0.0701 Acc 0.9819 AUC 0.9997 Pre 0.9817 Rec 0.9819
2026-08-29 23:28:14 | ===== Run 5/5 (seed 4) =====
2026-08-29 23:28:17 | Epoch   1/100 | Train Loss 0.4850 Acc 0.8539 | Val Loss 0.2013 Acc 0.9452 AUC 0.9976 Pre 0.9452 Rec 0.9444
2026-08-29 23:28:18 | Diag logvar_q_mean=-0.9539 logvar_q_clamp=0.0000 logvar_p_mean=0.0893 logvar_p_clamp=0.0000
2026-08-29 23:28:18 |   Val AUC improved to 0.9976, model saved
2026-08-29 23:28:21 | Epoch   2/100 | Train Loss 0.1746 Acc 0.9530 | Val Loss 0.1320 Acc 0.9630 AUC 0.9989 Pre 0.9629 Rec 0.9624
2026-08-29 23:28:22 | Diag logvar_q_mean=-0.7266 logvar_q_clamp=0.0000 logvar_p_mean=0.1467 logvar_p_clamp=0.0000
2026-08-29 23:28:22 |   Val AUC improved to 0.9989, model saved
2026-08-29 23:28:25 | Epoch   3/100 | Train Loss 0.1226 Acc 0.9665 | Val Loss 0.1120 Acc 0.9677 AUC 0.9992 Pre 0.9677 Rec 0.9673
2026-08-29 23:28:26 | Diag logvar_q_mean=-0.5700 logvar_q_clamp=0.0000 logvar_p_mean=0.2030 logvar_p_clamp=0.0000
2026-08-29 23:28:26 |   Val AUC improved to 0.9992, model saved
2026-08-29 23:28:29 | Epoch   4/100 | Train Loss 0.1003 Acc 0.9726 | Val Loss 0.1062 Acc 0.9691 AUC 0.9994 Pre 0.9693 Rec 0.9684
2026-08-29 23:28:29 | Diag logvar_q_mean=-0.5258 logvar_q_clamp=0.0000 logvar_p_mean=0.2441 logvar_p_clamp=0.0000
2026-08-29 23:28:29 |   Val AUC improved to 0.9994, model saved
2026-08-29 23:28:33 | Epoch   5/100 | Train Loss 0.0803 Acc 0.9781 | Val Loss 0.0973 Acc 0.9724 AUC 0.9994 Pre 0.9720 Rec 0.9723
2026-08-29 23:28:33 | Diag logvar_q_mean=-0.3716 logvar_q_clamp=0.0000 logvar_p_mean=0.2826 logvar_p_clamp=0.0000
2026-08-29 23:28:33 |   Val AUC improved to 0.9994, model saved
2026-08-29 23:28:37 | Epoch   6/100 | Train Loss 0.0676 Acc 0.9818 | Val Loss 0.0961 Acc 0.9741 AUC 0.9994 Pre 0.9744 Rec 0.9737
2026-08-29 23:28:37 | Diag logvar_q_mean=-0.2904 logvar_q_clamp=0.0000 logvar_p_mean=0.3156 logvar_p_clamp=0.0000
2026-08-29 23:28:37 |   Val AUC improved to 0.9994, model saved
2026-08-29 23:28:40 | Epoch   7/100 | Train Loss 0.0603 Acc 0.9836 | Val Loss 0.0855 Acc 0.9772 AUC 0.9996 Pre 0.9770 Rec 0.9771
2026-08-29 23:28:41 | Diag logvar_q_mean=-0.2420 logvar_q_clamp=0.0000 logvar_p_mean=0.3397 logvar_p_clamp=0.0000
2026-08-29 23:28:41 |   Val AUC improved to 0.9996, model saved
2026-08-29 23:28:44 | Epoch   8/100 | Train Loss 0.0499 Acc 0.9868 | Val Loss 0.0834 Acc 0.9776 AUC 0.9996 Pre 0.9775 Rec 0.9773
2026-08-29 23:28:45 | Diag logvar_q_mean=-0.2266 logvar_q_clamp=0.0000 logvar_p_mean=0.3692 logvar_p_clamp=0.0000
2026-08-29 23:28:45 |   Val AUC improved to 0.9996, model saved
2026-08-29 23:28:48 | Epoch   9/100 | Train Loss 0.0437 Acc 0.9879 | Val Loss 0.0865 Acc 0.9766 AUC 0.9995 Pre 0.9764 Rec 0.9763
2026-08-29 23:28:49 | Diag logvar_q_mean=-0.1525 logvar_q_clamp=0.0000 logvar_p_mean=0.3927 logvar_p_clamp=0.0000
2026-08-29 23:28:52 | Epoch  10/100 | Train Loss 0.0416 Acc 0.9888 | Val Loss 0.0843 Acc 0.9788 AUC 0.9996 Pre 0.9787 Rec 0.9787
2026-08-29 23:28:53 | Diag logvar_q_mean=-0.1431 logvar_q_clamp=0.0000 logvar_p_mean=0.4110 logvar_p_clamp=0.0000
2026-08-29 23:28:53 |   Val AUC improved to 0.9996, model saved
2026-08-29 23:28:56 | Epoch  11/100 | Train Loss 0.0373 Acc 0.9899 | Val Loss 0.0799 Acc 0.9795 AUC 0.9996 Pre 0.9792 Rec 0.9794
2026-08-29 23:28:56 | Diag logvar_q_mean=-0.0682 logvar_q_clamp=0.0000 logvar_p_mean=0.4291 logvar_p_clamp=0.0000
2026-08-29 23:28:56 |   Val AUC improved to 0.9996, model saved
2026-08-29 23:29:00 | Epoch  12/100 | Train Loss 0.0342 Acc 0.9909 | Val Loss 0.0828 Acc 0.9788 AUC 0.9996 Pre 0.9784 Rec 0.9787
2026-08-29 23:29:00 | Diag logvar_q_mean=0.0024 logvar_q_clamp=0.0000 logvar_p_mean=0.4572 logvar_p_clamp=0.0000
2026-08-29 23:29:04 | Epoch  13/100 | Train Loss 0.0342 Acc 0.9909 | Val Loss 0.0845 Acc 0.9782 AUC 0.9996 Pre 0.9779 Rec 0.9782
2026-08-29 23:29:04 | Diag logvar_q_mean=0.0120 logvar_q_clamp=0.0000 logvar_p_mean=0.4767 logvar_p_clamp=0.0000
2026-08-29 23:29:07 | Epoch  14/100 | Train Loss 0.0314 Acc 0.9915 | Val Loss 0.0829 Acc 0.9797 AUC 0.9996 Pre 0.9797 Rec 0.9795
2026-08-29 23:29:08 | Diag logvar_q_mean=-0.0011 logvar_q_clamp=0.0000 logvar_p_mean=0.4889 logvar_p_clamp=0.0000
2026-08-29 23:29:08 |   Val AUC improved to 0.9996, model saved
2026-08-29 23:29:11 | Epoch  15/100 | Train Loss 0.0337 Acc 0.9913 | Val Loss 0.0836 Acc 0.9808 AUC 0.9996 Pre 0.9805 Rec 0.9808
2026-08-29 23:29:12 | Diag logvar_q_mean=-0.0054 logvar_q_clamp=0.0000 logvar_p_mean=0.4850 logvar_p_clamp=0.0000
2026-08-29 23:29:15 | Epoch  16/100 | Train Loss 0.0282 Acc 0.9925 | Val Loss 0.0809 Acc 0.9812 AUC 0.9996 Pre 0.9811 Rec 0.9809
2026-08-29 23:29:16 | Diag logvar_q_mean=0.0903 logvar_q_clamp=0.0000 logvar_p_mean=0.5018 logvar_p_clamp=0.0000
2026-08-29 23:29:19 | Epoch  17/100 | Train Loss 0.0280 Acc 0.9928 | Val Loss 0.0883 Acc 0.9790 AUC 0.9995 Pre 0.9791 Rec 0.9785
2026-08-29 23:29:20 | Diag logvar_q_mean=0.1023 logvar_q_clamp=0.0000 logvar_p_mean=0.5118 logvar_p_clamp=0.0000
2026-08-29 23:29:23 | Epoch  18/100 | Train Loss 0.0314 Acc 0.9916 | Val Loss 0.0904 Acc 0.9796 AUC 0.9996 Pre 0.9794 Rec 0.9795
2026-08-29 23:29:24 | Diag logvar_q_mean=0.0899 logvar_q_clamp=0.0000 logvar_p_mean=0.5170 logvar_p_clamp=0.0000
2026-08-29 23:29:27 | Epoch  19/100 | Train Loss 0.0267 Acc 0.9928 | Val Loss 0.0792 Acc 0.9805 AUC 0.9996 Pre 0.9804 Rec 0.9804
2026-08-29 23:29:27 | Diag logvar_q_mean=0.1101 logvar_q_clamp=0.0000 logvar_p_mean=0.5259 logvar_p_clamp=0.0000
2026-08-29 23:29:31 | Epoch  20/100 | Train Loss 0.0221 Acc 0.9946 | Val Loss 0.0832 Acc 0.9819 AUC 0.9995 Pre 0.9818 Rec 0.9817
2026-08-29 23:29:31 | Diag logvar_q_mean=0.1555 logvar_q_clamp=0.0000 logvar_p_mean=0.5397 logvar_p_clamp=0.0000
2026-08-29 23:29:35 | Epoch  21/100 | Train Loss 0.0249 Acc 0.9938 | Val Loss 0.0825 Acc 0.9821 AUC 0.9996 Pre 0.9820 Rec 0.9819
2026-08-29 23:29:35 | Diag logvar_q_mean=0.1767 logvar_q_clamp=0.0000 logvar_p_mean=0.5638 logvar_p_clamp=0.0000
2026-08-29 23:29:39 | Epoch  22/100 | Train Loss 0.0239 Acc 0.9942 | Val Loss 0.0865 Acc 0.9822 AUC 0.9996 Pre 0.9821 Rec 0.9819
2026-08-29 23:29:39 | Diag logvar_q_mean=0.2252 logvar_q_clamp=0.0000 logvar_p_mean=0.5857 logvar_p_clamp=0.0000
2026-08-29 23:29:43 | Epoch  23/100 | Train Loss 0.0205 Acc 0.9951 | Val Loss 0.0855 Acc 0.9805 AUC 0.9997 Pre 0.9802 Rec 0.9804
2026-08-29 23:29:43 | Diag logvar_q_mean=0.2363 logvar_q_clamp=0.0000 logvar_p_mean=0.6101 logvar_p_clamp=0.0000
2026-08-29 23:29:43 |   Val AUC improved to 0.9997, model saved
2026-08-29 23:29:46 | Epoch  24/100 | Train Loss 0.0191 Acc 0.9953 | Val Loss 0.0885 Acc 0.9827 AUC 0.9996 Pre 0.9827 Rec 0.9824
2026-08-29 23:29:47 | Diag logvar_q_mean=0.2904 logvar_q_clamp=0.0000 logvar_p_mean=0.6392 logvar_p_clamp=0.0000
2026-08-29 23:29:50 | Epoch  25/100 | Train Loss 0.0222 Acc 0.9940 | Val Loss 0.0989 Acc 0.9790 AUC 0.9995 Pre 0.9787 Rec 0.9789
2026-08-29 23:29:51 | Diag logvar_q_mean=0.2679 logvar_q_clamp=0.0000 logvar_p_mean=0.6689 logvar_p_clamp=0.0000
2026-08-29 23:29:54 | Epoch  26/100 | Train Loss 0.0226 Acc 0.9940 | Val Loss 0.0891 Acc 0.9808 AUC 0.9996 Pre 0.9808 Rec 0.9805
2026-08-29 23:29:54 | Diag logvar_q_mean=0.3046 logvar_q_clamp=0.0000 logvar_p_mean=0.6795 logvar_p_clamp=0.0000
2026-08-29 23:29:58 | Epoch  27/100 | Train Loss 0.0222 Acc 0.9945 | Val Loss 0.0880 Acc 0.9820 AUC 0.9995 Pre 0.9820 Rec 0.9818
2026-08-29 23:29:58 | Diag logvar_q_mean=0.3123 logvar_q_clamp=0.0000 logvar_p_mean=0.6903 logvar_p_clamp=0.0000
2026-08-29 23:30:02 | Epoch  28/100 | Train Loss 0.0181 Acc 0.9958 | Val Loss 0.0859 Acc 0.9822 AUC 0.9996 Pre 0.9822 Rec 0.9820
2026-08-29 23:30:02 | Diag logvar_q_mean=0.3508 logvar_q_clamp=0.0000 logvar_p_mean=0.7010 logvar_p_clamp=0.0000
2026-08-29 23:30:05 | Epoch  29/100 | Train Loss 0.0197 Acc 0.9949 | Val Loss 0.0859 Acc 0.9813 AUC 0.9996 Pre 0.9812 Rec 0.9812
2026-08-29 23:30:06 | Diag logvar_q_mean=0.3485 logvar_q_clamp=0.0000 logvar_p_mean=0.7113 logvar_p_clamp=0.0000
2026-08-29 23:30:09 | Epoch  30/100 | Train Loss 0.0200 Acc 0.9952 | Val Loss 0.0997 Acc 0.9803 AUC 0.9995 Pre 0.9800 Rec 0.9801
2026-08-29 23:30:10 | Diag logvar_q_mean=0.3441 logvar_q_clamp=0.0000 logvar_p_mean=0.7265 logvar_p_clamp=0.0000
2026-08-29 23:30:13 | Epoch  31/100 | Train Loss 0.0212 Acc 0.9948 | Val Loss 0.0934 Acc 0.9809 AUC 0.9995 Pre 0.9808 Rec 0.9807
2026-08-29 23:30:13 | Diag logvar_q_mean=0.3595 logvar_q_clamp=0.0000 logvar_p_mean=0.7546 logvar_p_clamp=0.0000
2026-08-29 23:30:17 | Epoch  32/100 | Train Loss 0.0224 Acc 0.9944 | Val Loss 0.0830 Acc 0.9821 AUC 0.9997 Pre 0.9819 Rec 0.9820
2026-08-29 23:30:17 | Diag logvar_q_mean=0.3685 logvar_q_clamp=0.0000 logvar_p_mean=0.7562 logvar_p_clamp=0.0000
2026-08-29 23:30:21 | Epoch  33/100 | Train Loss 0.0166 Acc 0.9964 | Val Loss 0.0881 Acc 0.9813 AUC 0.9996 Pre 0.9812 Rec 0.9810
2026-08-29 23:30:21 | Diag logvar_q_mean=0.4439 logvar_q_clamp=0.0000 logvar_p_mean=0.7714 logvar_p_clamp=0.0000
2026-08-29 23:30:21 | Val AUC did not improve for 10 consecutive epochs, early stopping at Epoch 33 (best AUC 0.9997 @ Epoch 23)
2026-08-29 23:30:22 | Run 5/5 | Test (best model @ Epoch 23) | Loss 0.0722 Acc 0.9830 AUC 0.9997 Pre 0.9829 Rec 0.9829
2026-08-29 23:30:22 | Average over 5 runs | Test Loss 0.0733±0.0027 Acc 0.9824±0.0012 AUC 0.9997±0.0000 Pre 0.9824±0.0012 Rec 0.9823±0.0012
