2026-09-03 00:39:58 | Device: cuda
2026-09-03 00:39:58 | Args: {'model': 'opb', 'backbone': 'rnn', 'task': 'stsb', 'epochs': 100, 'batch_size': 512, 'lr': 0.001, 'hidden_dims': [512, 256], 'dropout': 0.2, 'z_dim': 256, 'anchor_scale': 4.0, 'energy_classifier': False, 'tied_head': True, 'max_len': 250, 'random_labels': False, 'beta': 0.0001, 'patience': 10, 'runs': 5, 'seed': 0, 'data_dir': './data', 'save_path': 'output/stsb_rnn_opb/stsb_rnn_opb.pt', 'log_path': '/root/autodl-tmp/IB/tune_results/stsb_rnn_opb_beta_0.0001_anchor_4/train.log', 'no_save': True}
2026-09-03 00:39:58 | STS-B 预处理缓存：mmap 共享 ./data/stsb/stsb_processed_maxlen250
2026-09-03 00:39:58 | ===== Run 1/5 (seed 0) =====
2026-09-03 00:40:06 | Epoch   1/100 | Train Loss 0.2717 | Val Loss 0.1284 MAE 1.4122 R2 -0.4839
2026-09-03 00:40:06 |   Val R2 improved to -0.4839, model saved
2026-09-03 00:40:07 | Epoch   2/100 | Train Loss 0.1382 | Val Loss 0.0938 MAE 1.3145 R2 -0.0962
2026-09-03 00:40:07 |   Val R2 improved to -0.0962, model saved
2026-09-03 00:40:09 | Epoch   3/100 | Train Loss 0.1159 | Val Loss 0.0892 MAE 1.2265 R2 -0.0405
2026-09-03 00:40:09 |   Val R2 improved to -0.0405, model saved
2026-09-03 00:40:11 | Epoch   4/100 | Train Loss 0.1004 | Val Loss 0.0861 MAE 1.2498 R2 -0.0077
2026-09-03 00:40:11 |   Val R2 improved to -0.0077, model saved
2026-09-03 00:40:13 | Epoch   5/100 | Train Loss 0.0948 | Val Loss 0.0850 MAE 1.2211 R2 0.0055
2026-09-03 00:40:13 |   Val R2 improved to 0.0055, model saved
2026-09-03 00:40:15 | Epoch   6/100 | Train Loss 0.0895 | Val Loss 0.0842 MAE 1.2261 R2 0.0162
2026-09-03 00:40:15 |   Val R2 improved to 0.0162, model saved
2026-09-03 00:40:17 | Epoch   7/100 | Train Loss 0.0878 | Val Loss 0.0837 MAE 1.2220 R2 0.0220
2026-09-03 00:40:17 |   Val R2 improved to 0.0220, model saved
2026-09-03 00:40:19 | Epoch   8/100 | Train Loss 0.0869 | Val Loss 0.0847 MAE 1.2038 R2 0.0101
2026-09-03 00:40:21 | Epoch   9/100 | Train Loss 0.0860 | Val Loss 0.0838 MAE 1.2002 R2 0.0195
2026-09-03 00:40:23 | Epoch  10/100 | Train Loss 0.0852 | Val Loss 0.0826 MAE 1.2101 R2 0.0345
2026-09-03 00:40:23 |   Val R2 improved to 0.0345, model saved
2026-09-03 00:40:25 | Epoch  11/100 | Train Loss 0.0834 | Val Loss 0.0833 MAE 1.2255 R2 0.0262
2026-09-03 00:40:27 | Epoch  12/100 | Train Loss 0.0832 | Val Loss 0.0825 MAE 1.2141 R2 0.0353
2026-09-03 00:40:27 |   Val R2 improved to 0.0353, model saved
2026-09-03 00:40:29 | Epoch  13/100 | Train Loss 0.0831 | Val Loss 0.0815 MAE 1.1811 R2 0.0472
2026-09-03 00:40:29 |   Val R2 improved to 0.0472, model saved
2026-09-03 00:40:31 | Epoch  14/100 | Train Loss 0.0819 | Val Loss 0.0805 MAE 1.1787 R2 0.0596
2026-09-03 00:40:31 |   Val R2 improved to 0.0596, model saved
2026-09-03 00:40:32 | Epoch  15/100 | Train Loss 0.0805 | Val Loss 0.0808 MAE 1.1918 R2 0.0563
2026-09-03 00:40:35 | Epoch  16/100 | Train Loss 0.0806 | Val Loss 0.0800 MAE 1.1744 R2 0.0661
2026-09-03 00:40:35 |   Val R2 improved to 0.0661, model saved
2026-09-03 00:40:37 | Epoch  17/100 | Train Loss 0.0798 | Val Loss 0.0802 MAE 1.1637 R2 0.0630
2026-09-03 00:40:39 | Epoch  18/100 | Train Loss 0.0777 | Val Loss 0.0804 MAE 1.1579 R2 0.0617
2026-09-03 00:40:41 | Epoch  19/100 | Train Loss 0.0768 | Val Loss 0.0798 MAE 1.1794 R2 0.0689
2026-09-03 00:40:41 |   Val R2 improved to 0.0689, model saved
2026-09-03 00:40:44 | Epoch  20/100 | Train Loss 0.0765 | Val Loss 0.0790 MAE 1.1690 R2 0.0775
2026-09-03 00:40:44 |   Val R2 improved to 0.0775, model saved
2026-09-03 00:40:45 | Epoch  21/100 | Train Loss 0.0753 | Val Loss 0.0782 MAE 1.1444 R2 0.0874
2026-09-03 00:40:46 |   Val R2 improved to 0.0874, model saved
2026-09-03 00:40:48 | Epoch  22/100 | Train Loss 0.0731 | Val Loss 0.0785 MAE 1.1415 R2 0.0854
2026-09-03 00:40:50 | Epoch  23/100 | Train Loss 0.0733 | Val Loss 0.0791 MAE 1.1748 R2 0.0777
2026-09-03 00:40:52 | Epoch  24/100 | Train Loss 0.0729 | Val Loss 0.0814 MAE 1.1516 R2 0.0515
2026-09-03 00:40:54 | Epoch  25/100 | Train Loss 0.0703 | Val Loss 0.0752 MAE 1.1241 R2 0.1239
2026-09-03 00:40:54 |   Val R2 improved to 0.1239, model saved
2026-09-03 00:40:56 | Epoch  26/100 | Train Loss 0.0660 | Val Loss 0.0743 MAE 1.1172 R2 0.1345
2026-09-03 00:40:56 |   Val R2 improved to 0.1345, model saved
2026-09-03 00:40:58 | Epoch  27/100 | Train Loss 0.0652 | Val Loss 0.0734 MAE 1.1087 R2 0.1464
2026-09-03 00:40:58 |   Val R2 improved to 0.1464, model saved
2026-09-03 00:40:59 | Epoch  28/100 | Train Loss 0.0626 | Val Loss 0.0724 MAE 1.1040 R2 0.1589
2026-09-03 00:41:00 |   Val R2 improved to 0.1589, model saved
2026-09-03 00:41:02 | Epoch  29/100 | Train Loss 0.0614 | Val Loss 0.0716 MAE 1.0932 R2 0.1688
2026-09-03 00:41:02 |   Val R2 improved to 0.1688, model saved
2026-09-03 00:41:03 | Epoch  30/100 | Train Loss 0.0583 | Val Loss 0.0718 MAE 1.0960 R2 0.1671
2026-09-03 00:41:05 | Epoch  31/100 | Train Loss 0.0575 | Val Loss 0.0718 MAE 1.0970 R2 0.1677
2026-09-03 00:41:07 | Epoch  32/100 | Train Loss 0.0572 | Val Loss 0.0693 MAE 1.0758 R2 0.1972
2026-09-03 00:41:07 |   Val R2 improved to 0.1972, model saved
2026-09-03 00:41:08 | Epoch  33/100 | Train Loss 0.0533 | Val Loss 0.0693 MAE 1.0717 R2 0.1977
2026-09-03 00:41:09 |   Val R2 improved to 0.1977, model saved
2026-09-03 00:41:11 | Epoch  34/100 | Train Loss 0.0514 | Val Loss 0.0684 MAE 1.0621 R2 0.2080
2026-09-03 00:41:11 |   Val R2 improved to 0.2080, model saved
2026-09-03 00:41:12 | Epoch  35/100 | Train Loss 0.0503 | Val Loss 0.0684 MAE 1.0580 R2 0.2088
2026-09-03 00:41:12 |   Val R2 improved to 0.2088, model saved
2026-09-03 00:41:14 | Epoch  36/100 | Train Loss 0.0479 | Val Loss 0.0687 MAE 1.0595 R2 0.2048
2026-09-03 00:41:16 | Epoch  37/100 | Train Loss 0.0462 | Val Loss 0.0680 MAE 1.0553 R2 0.2128
2026-09-03 00:41:16 |   Val R2 improved to 0.2128, model saved
2026-09-03 00:41:19 | Epoch  38/100 | Train Loss 0.0443 | Val Loss 0.0692 MAE 1.0631 R2 0.1988
2026-09-03 00:41:20 | Epoch  39/100 | Train Loss 0.0440 | Val Loss 0.0685 MAE 1.0527 R2 0.2082
2026-09-03 00:41:23 | Epoch  40/100 | Train Loss 0.0417 | Val Loss 0.0692 MAE 1.0582 R2 0.1990
2026-09-03 00:41:24 | Epoch  41/100 | Train Loss 0.0410 | Val Loss 0.0747 MAE 1.0938 R2 0.1363
2026-09-03 00:41:26 | Epoch  42/100 | Train Loss 0.0395 | Val Loss 0.0746 MAE 1.0929 R2 0.1380
2026-09-03 00:41:28 | Epoch  43/100 | Train Loss 0.0378 | Val Loss 0.0703 MAE 1.0598 R2 0.1880
2026-09-03 00:41:30 | Epoch  44/100 | Train Loss 0.0369 | Val Loss 0.0753 MAE 1.0974 R2 0.1292
2026-09-03 00:41:32 | Epoch  45/100 | Train Loss 0.0364 | Val Loss 0.0690 MAE 1.0499 R2 0.2024
2026-09-03 00:41:35 | Epoch  46/100 | Train Loss 0.0350 | Val Loss 0.0680 MAE 1.0449 R2 0.2139
2026-09-03 00:41:35 |   Val R2 improved to 0.2139, model saved
2026-09-03 00:41:37 | Epoch  47/100 | Train Loss 0.0354 | Val Loss 0.0801 MAE 1.1270 R2 0.0752
2026-09-03 00:41:39 | Epoch  48/100 | Train Loss 0.0358 | Val Loss 0.0667 MAE 1.0410 R2 0.2289
2026-09-03 00:41:39 |   Val R2 improved to 0.2289, model saved
2026-09-03 00:41:41 | Epoch  49/100 | Train Loss 0.0339 | Val Loss 0.0689 MAE 1.0493 R2 0.2035
2026-09-03 00:41:43 | Epoch  50/100 | Train Loss 0.0321 | Val Loss 0.0710 MAE 1.0629 R2 0.1790
2026-09-03 00:41:45 | Epoch  51/100 | Train Loss 0.0316 | Val Loss 0.0716 MAE 1.0681 R2 0.1718
2026-09-03 00:41:47 | Epoch  52/100 | Train Loss 0.0316 | Val Loss 0.0765 MAE 1.1019 R2 0.1160
2026-09-03 00:41:49 | Epoch  53/100 | Train Loss 0.0305 | Val Loss 0.0742 MAE 1.0870 R2 0.1431
2026-09-03 00:41:51 | Epoch  54/100 | Train Loss 0.0289 | Val Loss 0.0726 MAE 1.0714 R2 0.1608
2026-09-03 00:41:53 | Epoch  55/100 | Train Loss 0.0297 | Val Loss 0.0703 MAE 1.0615 R2 0.1877
2026-09-03 00:41:55 | Epoch  56/100 | Train Loss 0.0281 | Val Loss 0.0674 MAE 1.0389 R2 0.2210
2026-09-03 00:41:57 | Epoch  57/100 | Train Loss 0.0293 | Val Loss 0.0679 MAE 1.0426 R2 0.2154
2026-09-03 00:41:59 | Epoch  58/100 | Train Loss 0.0272 | Val Loss 0.0737 MAE 1.0780 R2 0.1489
2026-09-03 00:41:59 | Val R2 did not improve for 10 consecutive epochs, early stopping at Epoch 58 (best R2 0.2289 @ Epoch 48)
2026-09-03 00:41:59 | Run 1/5 | Test (best model @ Epoch 48) | Loss 0.0691 MAE 1.0530 R2 0.2514
2026-09-03 00:41:59 | ===== Run 2/5 (seed 1) =====
2026-09-03 00:42:01 | Epoch   1/100 | Train Loss 0.2524 | Val Loss 0.1240 MAE 1.3896 R2 -0.4359
2026-09-03 00:42:01 |   Val R2 improved to -0.4359, model saved
2026-09-03 00:42:03 | Epoch   2/100 | Train Loss 0.1325 | Val Loss 0.0929 MAE 1.3065 R2 -0.0863
2026-09-03 00:42:03 |   Val R2 improved to -0.0863, model saved
2026-09-03 00:42:04 | Epoch   3/100 | Train Loss 0.1151 | Val Loss 0.0898 MAE 1.2285 R2 -0.0489
2026-09-03 00:42:04 |   Val R2 improved to -0.0489, model saved
2026-09-03 00:42:06 | Epoch   4/100 | Train Loss 0.1022 | Val Loss 0.0866 MAE 1.2547 R2 -0.0129
2026-09-03 00:42:06 |   Val R2 improved to -0.0129, model saved
2026-09-03 00:42:08 | Epoch   5/100 | Train Loss 0.0955 | Val Loss 0.0850 MAE 1.2241 R2 0.0066
2026-09-03 00:42:08 |   Val R2 improved to 0.0066, model saved
2026-09-03 00:42:09 | Epoch   6/100 | Train Loss 0.0911 | Val Loss 0.0845 MAE 1.2196 R2 0.0121
2026-09-03 00:42:10 |   Val R2 improved to 0.0121, model saved
2026-09-03 00:42:12 | Epoch   7/100 | Train Loss 0.0876 | Val Loss 0.0839 MAE 1.2213 R2 0.0200
2026-09-03 00:42:12 |   Val R2 improved to 0.0200, model saved
2026-09-03 00:42:14 | Epoch   8/100 | Train Loss 0.0867 | Val Loss 0.0835 MAE 1.2193 R2 0.0245
2026-09-03 00:42:14 |   Val R2 improved to 0.0245, model saved
2026-09-03 00:42:16 | Epoch   9/100 | Train Loss 0.0858 | Val Loss 0.0831 MAE 1.2047 R2 0.0282
2026-09-03 00:42:16 |   Val R2 improved to 0.0282, model saved
2026-09-03 00:42:18 | Epoch  10/100 | Train Loss 0.0848 | Val Loss 0.0839 MAE 1.1961 R2 0.0200
2026-09-03 00:42:20 | Epoch  11/100 | Train Loss 0.0845 | Val Loss 0.0822 MAE 1.1975 R2 0.0398
2026-09-03 00:42:21 |   Val R2 improved to 0.0398, model saved
2026-09-03 00:42:23 | Epoch  12/100 | Train Loss 0.0827 | Val Loss 0.0817 MAE 1.2027 R2 0.0448
2026-09-03 00:42:23 |   Val R2 improved to 0.0448, model saved
2026-09-03 00:42:24 | Epoch  13/100 | Train Loss 0.0827 | Val Loss 0.0810 MAE 1.1860 R2 0.0533
2026-09-03 00:42:24 |   Val R2 improved to 0.0533, model saved
2026-09-03 00:42:26 | Epoch  14/100 | Train Loss 0.0808 | Val Loss 0.0806 MAE 1.1821 R2 0.0579
2026-09-03 00:42:26 |   Val R2 improved to 0.0579, model saved
2026-09-03 00:42:27 | Epoch  15/100 | Train Loss 0.0803 | Val Loss 0.0805 MAE 1.1835 R2 0.0600
2026-09-03 00:42:28 |   Val R2 improved to 0.0600, model saved
2026-09-03 00:42:29 | Epoch  16/100 | Train Loss 0.0798 | Val Loss 0.0810 MAE 1.1922 R2 0.0544
2026-09-03 00:42:31 | Epoch  17/100 | Train Loss 0.0789 | Val Loss 0.0797 MAE 1.1731 R2 0.0689
2026-09-03 00:42:31 |   Val R2 improved to 0.0689, model saved
2026-09-03 00:42:32 | Epoch  18/100 | Train Loss 0.0789 | Val Loss 0.0799 MAE 1.1589 R2 0.0678
2026-09-03 00:42:33 | Epoch  19/100 | Train Loss 0.0780 | Val Loss 0.0793 MAE 1.1674 R2 0.0739
2026-09-03 00:42:33 |   Val R2 improved to 0.0739, model saved
2026-09-03 00:42:34 | Epoch  20/100 | Train Loss 0.0778 | Val Loss 0.0829 MAE 1.1663 R2 0.0328
2026-09-03 00:42:35 | Epoch  21/100 | Train Loss 0.0797 | Val Loss 0.0793 MAE 1.1679 R2 0.0744
2026-09-03 00:42:35 |   Val R2 improved to 0.0744, model saved
2026-09-03 00:42:36 | Epoch  22/100 | Train Loss 0.0765 | Val Loss 0.0791 MAE 1.1691 R2 0.0761
2026-09-03 00:42:36 |   Val R2 improved to 0.0761, model saved
2026-09-03 00:42:37 | Epoch  23/100 | Train Loss 0.0746 | Val Loss 0.0787 MAE 1.1634 R2 0.0818
2026-09-03 00:42:37 |   Val R2 improved to 0.0818, model saved
2026-09-03 00:42:38 | Epoch  24/100 | Train Loss 0.0735 | Val Loss 0.0784 MAE 1.1439 R2 0.0862
2026-09-03 00:42:38 |   Val R2 improved to 0.0862, model saved
2026-09-03 00:42:39 | Epoch  25/100 | Train Loss 0.0722 | Val Loss 0.0772 MAE 1.1510 R2 0.0993
2026-09-03 00:42:39 |   Val R2 improved to 0.0993, model saved
2026-09-03 00:42:40 | Epoch  26/100 | Train Loss 0.0717 | Val Loss 0.0786 MAE 1.1380 R2 0.0845
2026-09-03 00:42:41 | Epoch  27/100 | Train Loss 0.0702 | Val Loss 0.0759 MAE 1.1305 R2 0.1156
2026-09-03 00:42:41 |   Val R2 improved to 0.1156, model saved
2026-09-03 00:42:42 | Epoch  28/100 | Train Loss 0.0665 | Val Loss 0.0749 MAE 1.1246 R2 0.1275
2026-09-03 00:42:42 |   Val R2 improved to 0.1275, model saved
2026-09-03 00:42:43 | Epoch  29/100 | Train Loss 0.0637 | Val Loss 0.0747 MAE 1.1113 R2 0.1315
2026-09-03 00:42:43 |   Val R2 improved to 0.1315, model saved
2026-09-03 00:42:44 | Epoch  30/100 | Train Loss 0.0627 | Val Loss 0.0738 MAE 1.1056 R2 0.1418
2026-09-03 00:42:44 |   Val R2 improved to 0.1418, model saved
2026-09-03 00:42:45 | Epoch  31/100 | Train Loss 0.0597 | Val Loss 0.0735 MAE 1.0977 R2 0.1474
2026-09-03 00:42:45 |   Val R2 improved to 0.1474, model saved
2026-09-03 00:42:47 | Epoch  32/100 | Train Loss 0.0573 | Val Loss 0.0714 MAE 1.0843 R2 0.1728
2026-09-03 00:42:47 |   Val R2 improved to 0.1728, model saved
2026-09-03 00:42:48 | Epoch  33/100 | Train Loss 0.0565 | Val Loss 0.0704 MAE 1.0750 R2 0.1849
2026-09-03 00:42:48 |   Val R2 improved to 0.1849, model saved
2026-09-03 00:42:50 | Epoch  34/100 | Train Loss 0.0533 | Val Loss 0.0801 MAE 1.1376 R2 0.0724
2026-09-03 00:42:51 | Epoch  35/100 | Train Loss 0.0567 | Val Loss 0.0791 MAE 1.1321 R2 0.0846
2026-09-03 00:42:53 | Epoch  36/100 | Train Loss 0.0534 | Val Loss 0.0798 MAE 1.1307 R2 0.0769
2026-09-03 00:42:55 | Epoch  37/100 | Train Loss 0.0502 | Val Loss 0.0692 MAE 1.0676 R2 0.1990
2026-09-03 00:42:55 |   Val R2 improved to 0.1990, model saved
2026-09-03 00:42:57 | Epoch  38/100 | Train Loss 0.0477 | Val Loss 0.0693 MAE 1.0650 R2 0.1972
2026-09-03 00:42:59 | Epoch  39/100 | Train Loss 0.0473 | Val Loss 0.0708 MAE 1.0730 R2 0.1815
2026-09-03 00:43:01 | Epoch  40/100 | Train Loss 0.0479 | Val Loss 0.0815 MAE 1.1484 R2 0.0586
2026-09-03 00:43:03 | Epoch  41/100 | Train Loss 0.0449 | Val Loss 0.0701 MAE 1.0692 R2 0.1895
2026-09-03 00:43:05 | Epoch  42/100 | Train Loss 0.0427 | Val Loss 0.0694 MAE 1.0653 R2 0.1966
2026-09-03 00:43:07 | Epoch  43/100 | Train Loss 0.0407 | Val Loss 0.0705 MAE 1.0690 R2 0.1836
2026-09-03 00:43:09 | Epoch  44/100 | Train Loss 0.0394 | Val Loss 0.0752 MAE 1.1014 R2 0.1299
2026-09-03 00:43:11 | Epoch  45/100 | Train Loss 0.0382 | Val Loss 0.0750 MAE 1.0980 R2 0.1326
2026-09-03 00:43:13 | Epoch  46/100 | Train Loss 0.0382 | Val Loss 0.0694 MAE 1.0601 R2 0.1975
2026-09-03 00:43:15 | Epoch  47/100 | Train Loss 0.0369 | Val Loss 0.0708 MAE 1.0703 R2 0.1823
2026-09-03 00:43:15 | Val R2 did not improve for 10 consecutive epochs, early stopping at Epoch 47 (best R2 0.1990 @ Epoch 37)
2026-09-03 00:43:15 | Run 2/5 | Test (best model @ Epoch 37) | Loss 0.0733 MAE 1.1060 R2 0.2037
2026-09-03 00:43:15 | ===== Run 3/5 (seed 2) =====
2026-09-03 00:43:17 | Epoch   1/100 | Train Loss 0.3008 | Val Loss 0.1353 MAE 1.4368 R2 -0.5551
2026-09-03 00:43:17 |   Val R2 improved to -0.5551, model saved
2026-09-03 00:43:19 | Epoch   2/100 | Train Loss 0.1386 | Val Loss 0.0965 MAE 1.3392 R2 -0.1271
2026-09-03 00:43:19 |   Val R2 improved to -0.1271, model saved
2026-09-03 00:43:21 | Epoch   3/100 | Train Loss 0.1168 | Val Loss 0.0870 MAE 1.2278 R2 -0.0142
2026-09-03 00:43:21 |   Val R2 improved to -0.0142, model saved
2026-09-03 00:43:23 | Epoch   4/100 | Train Loss 0.1016 | Val Loss 0.0852 MAE 1.2332 R2 0.0045
2026-09-03 00:43:23 |   Val R2 improved to 0.0045, model saved
2026-09-03 00:43:25 | Epoch   5/100 | Train Loss 0.0937 | Val Loss 0.0849 MAE 1.2413 R2 0.0067
2026-09-03 00:43:25 |   Val R2 improved to 0.0067, model saved
2026-09-03 00:43:27 | Epoch   6/100 | Train Loss 0.0924 | Val Loss 0.0844 MAE 1.2214 R2 0.0128
2026-09-03 00:43:28 |   Val R2 improved to 0.0128, model saved
2026-09-03 00:43:30 | Epoch   7/100 | Train Loss 0.0889 | Val Loss 0.0840 MAE 1.2286 R2 0.0182
2026-09-03 00:43:30 |   Val R2 improved to 0.0182, model saved
2026-09-03 00:43:31 | Epoch   8/100 | Train Loss 0.0870 | Val Loss 0.0840 MAE 1.2309 R2 0.0184
2026-09-03 00:43:31 |   Val R2 improved to 0.0184, model saved
2026-09-03 00:43:33 | Epoch   9/100 | Train Loss 0.0871 | Val Loss 0.0835 MAE 1.2139 R2 0.0235
2026-09-03 00:43:33 |   Val R2 improved to 0.0235, model saved
2026-09-03 00:43:35 | Epoch  10/100 | Train Loss 0.0861 | Val Loss 0.0832 MAE 1.2167 R2 0.0269
2026-09-03 00:43:35 |   Val R2 improved to 0.0269, model saved
2026-09-03 00:43:37 | Epoch  11/100 | Train Loss 0.0842 | Val Loss 0.0830 MAE 1.2137 R2 0.0300
2026-09-03 00:43:37 |   Val R2 improved to 0.0300, model saved
2026-09-03 00:43:39 | Epoch  12/100 | Train Loss 0.0846 | Val Loss 0.0827 MAE 1.2113 R2 0.0336
2026-09-03 00:43:39 |   Val R2 improved to 0.0336, model saved
2026-09-03 00:43:41 | Epoch  13/100 | Train Loss 0.0834 | Val Loss 0.0826 MAE 1.2097 R2 0.0356
2026-09-03 00:43:41 |   Val R2 improved to 0.0356, model saved
2026-09-03 00:43:43 | Epoch  14/100 | Train Loss 0.0827 | Val Loss 0.0853 MAE 1.2421 R2 0.0045
2026-09-03 00:43:44 | Epoch  15/100 | Train Loss 0.0847 | Val Loss 0.0827 MAE 1.2134 R2 0.0341
2026-09-03 00:43:46 | Epoch  16/100 | Train Loss 0.0822 | Val Loss 0.0820 MAE 1.2019 R2 0.0421
2026-09-03 00:43:46 |   Val R2 improved to 0.0421, model saved
2026-09-03 00:43:48 | Epoch  17/100 | Train Loss 0.0821 | Val Loss 0.0820 MAE 1.1836 R2 0.0421
2026-09-03 00:43:49 | Epoch  18/100 | Train Loss 0.0812 | Val Loss 0.0819 MAE 1.1804 R2 0.0437
2026-09-03 00:43:49 |   Val R2 improved to 0.0437, model saved
2026-09-03 00:43:51 | Epoch  19/100 | Train Loss 0.0813 | Val Loss 0.0814 MAE 1.1793 R2 0.0500
2026-09-03 00:43:51 |   Val R2 improved to 0.0500, model saved
2026-09-03 00:43:52 | Epoch  20/100 | Train Loss 0.0801 | Val Loss 0.0807 MAE 1.1820 R2 0.0578
2026-09-03 00:43:52 |   Val R2 improved to 0.0578, model saved
2026-09-03 00:43:53 | Epoch  21/100 | Train Loss 0.0797 | Val Loss 0.0808 MAE 1.1708 R2 0.0574
2026-09-03 00:43:54 | Epoch  22/100 | Train Loss 0.0793 | Val Loss 0.0802 MAE 1.1770 R2 0.0638
2026-09-03 00:43:54 |   Val R2 improved to 0.0638, model saved
2026-09-03 00:43:56 | Epoch  23/100 | Train Loss 0.0786 | Val Loss 0.0803 MAE 1.1847 R2 0.0625
2026-09-03 00:43:57 | Epoch  24/100 | Train Loss 0.0779 | Val Loss 0.0797 MAE 1.1570 R2 0.0701
2026-09-03 00:43:57 |   Val R2 improved to 0.0701, model saved
2026-09-03 00:43:59 | Epoch  25/100 | Train Loss 0.0771 | Val Loss 0.0789 MAE 1.1673 R2 0.0790
2026-09-03 00:43:59 |   Val R2 improved to 0.0790, model saved
2026-09-03 00:44:00 | Epoch  26/100 | Train Loss 0.0753 | Val Loss 0.0784 MAE 1.1511 R2 0.0855
2026-09-03 00:44:00 |   Val R2 improved to 0.0855, model saved
2026-09-03 00:44:01 | Epoch  27/100 | Train Loss 0.0748 | Val Loss 0.0822 MAE 1.2040 R2 0.0412
2026-09-03 00:44:03 | Epoch  28/100 | Train Loss 0.0744 | Val Loss 0.0778 MAE 1.1383 R2 0.0930
2026-09-03 00:44:03 |   Val R2 improved to 0.0930, model saved
2026-09-03 00:44:04 | Epoch  29/100 | Train Loss 0.0721 | Val Loss 0.0766 MAE 1.1401 R2 0.1079
2026-09-03 00:44:04 |   Val R2 improved to 0.1079, model saved
2026-09-03 00:44:05 | Epoch  30/100 | Train Loss 0.0706 | Val Loss 0.0752 MAE 1.1263 R2 0.1247
2026-09-03 00:44:05 |   Val R2 improved to 0.1247, model saved
2026-09-03 00:44:06 | Epoch  31/100 | Train Loss 0.0698 | Val Loss 0.0769 MAE 1.1242 R2 0.1055
2026-09-03 00:44:07 | Epoch  32/100 | Train Loss 0.0680 | Val Loss 0.0739 MAE 1.1160 R2 0.1397
2026-09-03 00:44:07 |   Val R2 improved to 0.1397, model saved
2026-09-03 00:44:08 | Epoch  33/100 | Train Loss 0.0659 | Val Loss 0.0740 MAE 1.1229 R2 0.1392
2026-09-03 00:44:10 | Epoch  34/100 | Train Loss 0.0640 | Val Loss 0.0751 MAE 1.1287 R2 0.1274
2026-09-03 00:44:11 | Epoch  35/100 | Train Loss 0.0644 | Val Loss 0.0728 MAE 1.1146 R2 0.1540
2026-09-03 00:44:11 |   Val R2 improved to 0.1540, model saved
2026-09-03 00:44:12 | Epoch  36/100 | Train Loss 0.0612 | Val Loss 0.0718 MAE 1.0938 R2 0.1662
2026-09-03 00:44:12 |   Val R2 improved to 0.1662, model saved
2026-09-03 00:44:13 | Epoch  37/100 | Train Loss 0.0586 | Val Loss 0.0709 MAE 1.0906 R2 0.1767
2026-09-03 00:44:13 |   Val R2 improved to 0.1767, model saved
2026-09-03 00:44:15 | Epoch  38/100 | Train Loss 0.0573 | Val Loss 0.0734 MAE 1.1089 R2 0.1474
2026-09-03 00:44:17 | Epoch  39/100 | Train Loss 0.0559 | Val Loss 0.0702 MAE 1.0817 R2 0.1858
2026-09-03 00:44:17 |   Val R2 improved to 0.1858, model saved
2026-09-03 00:44:18 | Epoch  40/100 | Train Loss 0.0545 | Val Loss 0.0733 MAE 1.1057 R2 0.1500
2026-09-03 00:44:20 | Epoch  41/100 | Train Loss 0.0558 | Val Loss 0.0696 MAE 1.0756 R2 0.1940
2026-09-03 00:44:20 |   Val R2 improved to 0.1940, model saved
2026-09-03 00:44:22 | Epoch  42/100 | Train Loss 0.0506 | Val Loss 0.0703 MAE 1.0825 R2 0.1853
2026-09-03 00:44:24 | Epoch  43/100 | Train Loss 0.0498 | Val Loss 0.0686 MAE 1.0688 R2 0.2053
2026-09-03 00:44:24 |   Val R2 improved to 0.2053, model saved
2026-09-03 00:44:26 | Epoch  44/100 | Train Loss 0.0475 | Val Loss 0.0691 MAE 1.0634 R2 0.1995
2026-09-03 00:44:28 | Epoch  45/100 | Train Loss 0.0482 | Val Loss 0.0681 MAE 1.0620 R2 0.2116
2026-09-03 00:44:28 |   Val R2 improved to 0.2116, model saved
2026-09-03 00:44:30 | Epoch  46/100 | Train Loss 0.0459 | Val Loss 0.0745 MAE 1.1010 R2 0.1380
2026-09-03 00:44:32 | Epoch  47/100 | Train Loss 0.0458 | Val Loss 0.0682 MAE 1.0599 R2 0.2102
2026-09-03 00:44:34 | Epoch  48/100 | Train Loss 0.0459 | Val Loss 0.0684 MAE 1.0626 R2 0.2077
2026-09-03 00:44:36 | Epoch  49/100 | Train Loss 0.0435 | Val Loss 0.0680 MAE 1.0539 R2 0.2133
2026-09-03 00:44:36 |   Val R2 improved to 0.2133, model saved
2026-09-03 00:44:37 | Epoch  50/100 | Train Loss 0.0406 | Val Loss 0.0736 MAE 1.0909 R2 0.1487
2026-09-03 00:44:39 | Epoch  51/100 | Train Loss 0.0407 | Val Loss 0.0834 MAE 1.1532 R2 0.0361
2026-09-03 00:44:41 | Epoch  52/100 | Train Loss 0.0417 | Val Loss 0.0758 MAE 1.1040 R2 0.1238
2026-09-03 00:44:43 | Epoch  53/100 | Train Loss 0.0392 | Val Loss 0.0742 MAE 1.0950 R2 0.1428
2026-09-03 00:44:44 | Epoch  54/100 | Train Loss 0.0379 | Val Loss 0.0697 MAE 1.0640 R2 0.1938
2026-09-03 00:44:47 | Epoch  55/100 | Train Loss 0.0345 | Val Loss 0.0719 MAE 1.0788 R2 0.1681
2026-09-03 00:44:49 | Epoch  56/100 | Train Loss 0.0351 | Val Loss 0.0693 MAE 1.0593 R2 0.1979
2026-09-03 00:44:51 | Epoch  57/100 | Train Loss 0.0330 | Val Loss 0.0700 MAE 1.0688 R2 0.1903
2026-09-03 00:44:53 | Epoch  58/100 | Train Loss 0.0330 | Val Loss 0.0668 MAE 1.0382 R2 0.2271
2026-09-03 00:44:53 |   Val R2 improved to 0.2271, model saved
2026-09-03 00:44:54 | Epoch  59/100 | Train Loss 0.0336 | Val Loss 0.0675 MAE 1.0479 R2 0.2194
2026-09-03 00:44:56 | Epoch  60/100 | Train Loss 0.0328 | Val Loss 0.0713 MAE 1.0704 R2 0.1754
2026-09-03 00:44:58 | Epoch  61/100 | Train Loss 0.0318 | Val Loss 0.0728 MAE 1.0772 R2 0.1581
2026-09-03 00:45:00 | Epoch  62/100 | Train Loss 0.0320 | Val Loss 0.0691 MAE 1.0538 R2 0.2011
2026-09-03 00:45:02 | Epoch  63/100 | Train Loss 0.0304 | Val Loss 0.0694 MAE 1.0567 R2 0.1984
2026-09-03 00:45:04 | Epoch  64/100 | Train Loss 0.0302 | Val Loss 0.0689 MAE 1.0579 R2 0.2033
2026-09-03 00:45:06 | Epoch  65/100 | Train Loss 0.0304 | Val Loss 0.0675 MAE 1.0438 R2 0.2201
2026-09-03 00:45:08 | Epoch  66/100 | Train Loss 0.0296 | Val Loss 0.0697 MAE 1.0553 R2 0.1944
2026-09-03 00:45:10 | Epoch  67/100 | Train Loss 0.0286 | Val Loss 0.0764 MAE 1.1069 R2 0.1166
2026-09-03 00:45:12 | Epoch  68/100 | Train Loss 0.0275 | Val Loss 0.0686 MAE 1.0550 R2 0.2062
2026-09-03 00:45:12 | Val R2 did not improve for 10 consecutive epochs, early stopping at Epoch 68 (best R2 0.2271 @ Epoch 58)
2026-09-03 00:45:12 | Run 3/5 | Test (best model @ Epoch 58) | Loss 0.0715 MAE 1.0676 R2 0.2246
2026-09-03 00:45:12 | ===== Run 4/5 (seed 3) =====
2026-09-03 00:45:14 | Epoch   1/100 | Train Loss 0.2649 | Val Loss 0.1343 MAE 1.4423 R2 -0.5550
2026-09-03 00:45:14 |   Val R2 improved to -0.5550, model saved
2026-09-03 00:45:15 | Epoch   2/100 | Train Loss 0.1422 | Val Loss 0.0958 MAE 1.3314 R2 -0.1210
2026-09-03 00:45:15 |   Val R2 improved to -0.1210, model saved
2026-09-03 00:45:17 | Epoch   3/100 | Train Loss 0.1159 | Val Loss 0.0903 MAE 1.2279 R2 -0.0531
2026-09-03 00:45:17 |   Val R2 improved to -0.0531, model saved
2026-09-03 00:45:18 | Epoch   4/100 | Train Loss 0.1046 | Val Loss 0.0859 MAE 1.2459 R2 -0.0051
2026-09-03 00:45:18 |   Val R2 improved to -0.0051, model saved
2026-09-03 00:45:20 | Epoch   5/100 | Train Loss 0.0975 | Val Loss 0.0849 MAE 1.2274 R2 0.0066
2026-09-03 00:45:20 |   Val R2 improved to 0.0066, model saved
2026-09-03 00:45:21 | Epoch   6/100 | Train Loss 0.0902 | Val Loss 0.0844 MAE 1.2258 R2 0.0129
2026-09-03 00:45:21 |   Val R2 improved to 0.0129, model saved
2026-09-03 00:45:22 | Epoch   7/100 | Train Loss 0.0877 | Val Loss 0.0841 MAE 1.2245 R2 0.0176
2026-09-03 00:45:23 |   Val R2 improved to 0.0176, model saved
2026-09-03 00:45:24 | Epoch   8/100 | Train Loss 0.0867 | Val Loss 0.0846 MAE 1.2097 R2 0.0105
2026-09-03 00:45:26 | Epoch   9/100 | Train Loss 0.0871 | Val Loss 0.0834 MAE 1.2176 R2 0.0246
2026-09-03 00:45:26 |   Val R2 improved to 0.0246, model saved
2026-09-03 00:45:28 | Epoch  10/100 | Train Loss 0.0855 | Val Loss 0.0831 MAE 1.2142 R2 0.0283
2026-09-03 00:45:28 |   Val R2 improved to 0.0283, model saved
2026-09-03 00:45:29 | Epoch  11/100 | Train Loss 0.0841 | Val Loss 0.0831 MAE 1.2183 R2 0.0290
2026-09-03 00:45:29 |   Val R2 improved to 0.0290, model saved
2026-09-03 00:45:31 | Epoch  12/100 | Train Loss 0.0845 | Val Loss 0.0828 MAE 1.2158 R2 0.0319
2026-09-03 00:45:31 |   Val R2 improved to 0.0319, model saved
2026-09-03 00:45:32 | Epoch  13/100 | Train Loss 0.0835 | Val Loss 0.0815 MAE 1.1871 R2 0.0471
2026-09-03 00:45:32 |   Val R2 improved to 0.0471, model saved
2026-09-03 00:45:34 | Epoch  14/100 | Train Loss 0.0823 | Val Loss 0.0811 MAE 1.1929 R2 0.0529
2026-09-03 00:45:34 |   Val R2 improved to 0.0529, model saved
2026-09-03 00:45:35 | Epoch  15/100 | Train Loss 0.0804 | Val Loss 0.0800 MAE 1.1748 R2 0.0660
2026-09-03 00:45:35 |   Val R2 improved to 0.0660, model saved
2026-09-03 00:45:36 | Epoch  16/100 | Train Loss 0.0821 | Val Loss 0.0806 MAE 1.1668 R2 0.0589
2026-09-03 00:45:38 | Epoch  17/100 | Train Loss 0.0809 | Val Loss 0.0793 MAE 1.1724 R2 0.0738
2026-09-03 00:45:38 |   Val R2 improved to 0.0738, model saved
2026-09-03 00:45:39 | Epoch  18/100 | Train Loss 0.0807 | Val Loss 0.0839 MAE 1.2294 R2 0.0202
2026-09-03 00:45:41 | Epoch  19/100 | Train Loss 0.0810 | Val Loss 0.0833 MAE 1.2252 R2 0.0264
2026-09-03 00:45:42 | Epoch  20/100 | Train Loss 0.0801 | Val Loss 0.0794 MAE 1.1779 R2 0.0731
2026-09-03 00:45:44 | Epoch  21/100 | Train Loss 0.0780 | Val Loss 0.0784 MAE 1.1591 R2 0.0846
2026-09-03 00:45:44 |   Val R2 improved to 0.0846, model saved
2026-09-03 00:45:46 | Epoch  22/100 | Train Loss 0.0765 | Val Loss 0.0790 MAE 1.1514 R2 0.0783
2026-09-03 00:45:47 | Epoch  23/100 | Train Loss 0.0755 | Val Loss 0.0773 MAE 1.1513 R2 0.0979
2026-09-03 00:45:47 |   Val R2 improved to 0.0979, model saved
2026-09-03 00:45:49 | Epoch  24/100 | Train Loss 0.0740 | Val Loss 0.0788 MAE 1.1458 R2 0.0804
2026-09-03 00:45:50 | Epoch  25/100 | Train Loss 0.0738 | Val Loss 0.0767 MAE 1.1437 R2 0.1048
2026-09-03 00:45:50 |   Val R2 improved to 0.1048, model saved
2026-09-03 00:45:52 | Epoch  26/100 | Train Loss 0.0725 | Val Loss 0.0768 MAE 1.1306 R2 0.1047
2026-09-03 00:45:54 | Epoch  27/100 | Train Loss 0.0697 | Val Loss 0.0751 MAE 1.1354 R2 0.1247
2026-09-03 00:45:54 |   Val R2 improved to 0.1247, model saved
2026-09-03 00:45:56 | Epoch  28/100 | Train Loss 0.0686 | Val Loss 0.0740 MAE 1.1211 R2 0.1380
2026-09-03 00:45:56 |   Val R2 improved to 0.1380, model saved
2026-09-03 00:45:57 | Epoch  29/100 | Train Loss 0.0664 | Val Loss 0.0737 MAE 1.1098 R2 0.1430
2026-09-03 00:45:57 |   Val R2 improved to 0.1430, model saved
2026-09-03 00:45:59 | Epoch  30/100 | Train Loss 0.0663 | Val Loss 0.0732 MAE 1.1077 R2 0.1490
2026-09-03 00:45:59 |   Val R2 improved to 0.1490, model saved
2026-09-03 00:46:00 | Epoch  31/100 | Train Loss 0.0628 | Val Loss 0.0713 MAE 1.0975 R2 0.1716
2026-09-03 00:46:00 |   Val R2 improved to 0.1716, model saved
2026-09-03 00:46:02 | Epoch  32/100 | Train Loss 0.0623 | Val Loss 0.0734 MAE 1.1172 R2 0.1468
2026-09-03 00:46:03 | Epoch  33/100 | Train Loss 0.0608 | Val Loss 0.0747 MAE 1.1029 R2 0.1331
2026-09-03 00:46:05 | Epoch  34/100 | Train Loss 0.0586 | Val Loss 0.0725 MAE 1.0899 R2 0.1598
2026-09-03 00:46:06 | Epoch  35/100 | Train Loss 0.0550 | Val Loss 0.0683 MAE 1.0638 R2 0.2084
2026-09-03 00:46:07 |   Val R2 improved to 0.2084, model saved
2026-09-03 00:46:08 | Epoch  36/100 | Train Loss 0.0536 | Val Loss 0.0689 MAE 1.0681 R2 0.2014
2026-09-03 00:46:10 | Epoch  37/100 | Train Loss 0.0505 | Val Loss 0.0762 MAE 1.1062 R2 0.1165
2026-09-03 00:46:11 | Epoch  38/100 | Train Loss 0.0499 | Val Loss 0.0685 MAE 1.0631 R2 0.2070
2026-09-03 00:46:13 | Epoch  39/100 | Train Loss 0.0483 | Val Loss 0.0671 MAE 1.0460 R2 0.2244
2026-09-03 00:46:13 |   Val R2 improved to 0.2244, model saved
2026-09-03 00:46:14 | Epoch  40/100 | Train Loss 0.0457 | Val Loss 0.0692 MAE 1.0636 R2 0.1997
2026-09-03 00:46:16 | Epoch  41/100 | Train Loss 0.0434 | Val Loss 0.0688 MAE 1.0550 R2 0.2039
2026-09-03 00:46:17 | Epoch  42/100 | Train Loss 0.0439 | Val Loss 0.0833 MAE 1.1546 R2 0.0362
2026-09-03 00:46:19 | Epoch  43/100 | Train Loss 0.0483 | Val Loss 0.0817 MAE 1.1406 R2 0.0557
2026-09-03 00:46:20 | Epoch  44/100 | Train Loss 0.0442 | Val Loss 0.0685 MAE 1.0580 R2 0.2081
2026-09-03 00:46:21 | Epoch  45/100 | Train Loss 0.0416 | Val Loss 0.0664 MAE 1.0412 R2 0.2320
2026-09-03 00:46:21 |   Val R2 improved to 0.2320, model saved
2026-09-03 00:46:23 | Epoch  46/100 | Train Loss 0.0392 | Val Loss 0.0692 MAE 1.0596 R2 0.1991
2026-09-03 00:46:24 | Epoch  47/100 | Train Loss 0.0371 | Val Loss 0.0685 MAE 1.0496 R2 0.2084
2026-09-03 00:46:26 | Epoch  48/100 | Train Loss 0.0367 | Val Loss 0.0663 MAE 1.0404 R2 0.2338
2026-09-03 00:46:26 |   Val R2 improved to 0.2338, model saved
2026-09-03 00:46:27 | Epoch  49/100 | Train Loss 0.0351 | Val Loss 0.0662 MAE 1.0373 R2 0.2347
2026-09-03 00:46:27 |   Val R2 improved to 0.2347, model saved
2026-09-03 00:46:29 | Epoch  50/100 | Train Loss 0.0347 | Val Loss 0.0669 MAE 1.0422 R2 0.2268
2026-09-03 00:46:30 | Epoch  51/100 | Train Loss 0.0364 | Val Loss 0.0669 MAE 1.0431 R2 0.2267
2026-09-03 00:46:32 | Epoch  52/100 | Train Loss 0.0336 | Val Loss 0.0710 MAE 1.0685 R2 0.1797
2026-09-03 00:46:34 | Epoch  53/100 | Train Loss 0.0318 | Val Loss 0.0763 MAE 1.0994 R2 0.1190
2026-09-03 00:46:35 | Epoch  54/100 | Train Loss 0.0319 | Val Loss 0.0733 MAE 1.0804 R2 0.1530
2026-09-03 00:46:37 | Epoch  55/100 | Train Loss 0.0311 | Val Loss 0.0699 MAE 1.0554 R2 0.1920
2026-09-03 00:46:38 | Epoch  56/100 | Train Loss 0.0300 | Val Loss 0.0690 MAE 1.0529 R2 0.2031
2026-09-03 00:46:40 | Epoch  57/100 | Train Loss 0.0296 | Val Loss 0.0687 MAE 1.0518 R2 0.2065
2026-09-03 00:46:41 | Epoch  58/100 | Train Loss 0.0283 | Val Loss 0.0704 MAE 1.0550 R2 0.1870
2026-09-03 00:46:43 | Epoch  59/100 | Train Loss 0.0281 | Val Loss 0.0779 MAE 1.1098 R2 0.1000
2026-09-03 00:46:43 | Val R2 did not improve for 10 consecutive epochs, early stopping at Epoch 59 (best R2 0.2347 @ Epoch 49)
2026-09-03 00:46:43 | Run 4/5 | Test (best model @ Epoch 49) | Loss 0.0706 MAE 1.0772 R2 0.2341
2026-09-03 00:46:43 | ===== Run 5/5 (seed 4) =====
2026-09-03 00:46:45 | Epoch   1/100 | Train Loss 0.2607 | Val Loss 0.1323 MAE 1.4265 R2 -0.5280
2026-09-03 00:46:45 |   Val R2 improved to -0.5280, model saved
2026-09-03 00:46:46 | Epoch   2/100 | Train Loss 0.1380 | Val Loss 0.0946 MAE 1.3224 R2 -0.1058
2026-09-03 00:46:46 |   Val R2 improved to -0.1058, model saved
2026-09-03 00:46:48 | Epoch   3/100 | Train Loss 0.1169 | Val Loss 0.0899 MAE 1.2276 R2 -0.0483
2026-09-03 00:46:48 |   Val R2 improved to -0.0483, model saved
2026-09-03 00:46:50 | Epoch   4/100 | Train Loss 0.1021 | Val Loss 0.0860 MAE 1.2484 R2 -0.0059
2026-09-03 00:46:50 |   Val R2 improved to -0.0059, model saved
2026-09-03 00:46:52 | Epoch   5/100 | Train Loss 0.0939 | Val Loss 0.0849 MAE 1.2264 R2 0.0068
2026-09-03 00:46:52 |   Val R2 improved to 0.0068, model saved
2026-09-03 00:46:53 | Epoch   6/100 | Train Loss 0.0897 | Val Loss 0.0845 MAE 1.2319 R2 0.0125
2026-09-03 00:46:53 |   Val R2 improved to 0.0125, model saved
2026-09-03 00:46:55 | Epoch   7/100 | Train Loss 0.0884 | Val Loss 0.0841 MAE 1.2282 R2 0.0168
2026-09-03 00:46:55 |   Val R2 improved to 0.0168, model saved
2026-09-03 00:46:57 | Epoch   8/100 | Train Loss 0.0872 | Val Loss 0.0839 MAE 1.2163 R2 0.0190
2026-09-03 00:46:57 |   Val R2 improved to 0.0190, model saved
2026-09-03 00:46:58 | Epoch   9/100 | Train Loss 0.0860 | Val Loss 0.0834 MAE 1.2182 R2 0.0244
2026-09-03 00:46:58 |   Val R2 improved to 0.0244, model saved
2026-09-03 00:47:00 | Epoch  10/100 | Train Loss 0.0849 | Val Loss 0.0833 MAE 1.2085 R2 0.0263
2026-09-03 00:47:00 |   Val R2 improved to 0.0263, model saved
2026-09-03 00:47:01 | Epoch  11/100 | Train Loss 0.0854 | Val Loss 0.0828 MAE 1.2112 R2 0.0315
2026-09-03 00:47:01 |   Val R2 improved to 0.0315, model saved
2026-09-03 00:47:02 | Epoch  12/100 | Train Loss 0.0844 | Val Loss 0.0826 MAE 1.2070 R2 0.0344
2026-09-03 00:47:03 |   Val R2 improved to 0.0344, model saved
2026-09-03 00:47:04 | Epoch  13/100 | Train Loss 0.0840 | Val Loss 0.0822 MAE 1.2059 R2 0.0387
2026-09-03 00:47:04 |   Val R2 improved to 0.0387, model saved
2026-09-03 00:47:05 | Epoch  14/100 | Train Loss 0.0836 | Val Loss 0.0818 MAE 1.1943 R2 0.0445
2026-09-03 00:47:05 |   Val R2 improved to 0.0445, model saved
2026-09-03 00:47:06 | Epoch  15/100 | Train Loss 0.0818 | Val Loss 0.0819 MAE 1.1854 R2 0.0434
2026-09-03 00:47:08 | Epoch  16/100 | Train Loss 0.0813 | Val Loss 0.0815 MAE 1.2037 R2 0.0474
2026-09-03 00:47:08 |   Val R2 improved to 0.0474, model saved
2026-09-03 00:47:09 | Epoch  17/100 | Train Loss 0.0811 | Val Loss 0.0814 MAE 1.1727 R2 0.0490
2026-09-03 00:47:09 |   Val R2 improved to 0.0490, model saved
2026-09-03 00:47:10 | Epoch  18/100 | Train Loss 0.0805 | Val Loss 0.0804 MAE 1.1753 R2 0.0617
2026-09-03 00:47:10 |   Val R2 improved to 0.0617, model saved
2026-09-03 00:47:12 | Epoch  19/100 | Train Loss 0.0785 | Val Loss 0.0797 MAE 1.1662 R2 0.0705
2026-09-03 00:47:12 |   Val R2 improved to 0.0705, model saved
2026-09-03 00:47:14 | Epoch  20/100 | Train Loss 0.0777 | Val Loss 0.0803 MAE 1.1882 R2 0.0627
2026-09-03 00:47:16 | Epoch  21/100 | Train Loss 0.0781 | Val Loss 0.0807 MAE 1.1614 R2 0.0590
2026-09-03 00:47:17 | Epoch  22/100 | Train Loss 0.0756 | Val Loss 0.0784 MAE 1.1601 R2 0.0852
2026-09-03 00:47:17 |   Val R2 improved to 0.0852, model saved
2026-09-03 00:47:19 | Epoch  23/100 | Train Loss 0.0749 | Val Loss 0.0795 MAE 1.1508 R2 0.0732
2026-09-03 00:47:21 | Epoch  24/100 | Train Loss 0.0737 | Val Loss 0.0775 MAE 1.1577 R2 0.0968
2026-09-03 00:47:21 |   Val R2 improved to 0.0968, model saved
2026-09-03 00:47:22 | Epoch  25/100 | Train Loss 0.0724 | Val Loss 0.0772 MAE 1.1600 R2 0.1000
2026-09-03 00:47:22 |   Val R2 improved to 0.1000, model saved
2026-09-03 00:47:24 | Epoch  26/100 | Train Loss 0.0704 | Val Loss 0.0781 MAE 1.1398 R2 0.0903
2026-09-03 00:47:26 | Epoch  27/100 | Train Loss 0.0690 | Val Loss 0.0748 MAE 1.1348 R2 0.1281
2026-09-03 00:47:26 |   Val R2 improved to 0.1281, model saved
2026-09-03 00:47:28 | Epoch  28/100 | Train Loss 0.0673 | Val Loss 0.0752 MAE 1.1389 R2 0.1251
2026-09-03 00:47:30 | Epoch  29/100 | Train Loss 0.0666 | Val Loss 0.0736 MAE 1.1120 R2 0.1444
2026-09-03 00:47:30 |   Val R2 improved to 0.1444, model saved
2026-09-03 00:47:32 | Epoch  30/100 | Train Loss 0.0631 | Val Loss 0.0721 MAE 1.1038 R2 0.1629
2026-09-03 00:47:32 |   Val R2 improved to 0.1629, model saved
2026-09-03 00:47:33 | Epoch  31/100 | Train Loss 0.0628 | Val Loss 0.0716 MAE 1.1005 R2 0.1682
2026-09-03 00:47:33 |   Val R2 improved to 0.1682, model saved
2026-09-03 00:47:35 | Epoch  32/100 | Train Loss 0.0590 | Val Loss 0.0711 MAE 1.0900 R2 0.1756
2026-09-03 00:47:35 |   Val R2 improved to 0.1756, model saved
2026-09-03 00:47:36 | Epoch  33/100 | Train Loss 0.0606 | Val Loss 0.0711 MAE 1.0905 R2 0.1749
2026-09-03 00:47:38 | Epoch  34/100 | Train Loss 0.0584 | Val Loss 0.0706 MAE 1.0857 R2 0.1815
2026-09-03 00:47:38 |   Val R2 improved to 0.1815, model saved
2026-09-03 00:47:40 | Epoch  35/100 | Train Loss 0.0551 | Val Loss 0.0734 MAE 1.0995 R2 0.1494
2026-09-03 00:47:41 | Epoch  36/100 | Train Loss 0.0526 | Val Loss 0.0695 MAE 1.0786 R2 0.1949
2026-09-03 00:47:41 |   Val R2 improved to 0.1949, model saved
2026-09-03 00:47:43 | Epoch  37/100 | Train Loss 0.0505 | Val Loss 0.0685 MAE 1.0649 R2 0.2065
2026-09-03 00:47:43 |   Val R2 improved to 0.2065, model saved
2026-09-03 00:47:44 | Epoch  38/100 | Train Loss 0.0496 | Val Loss 0.0708 MAE 1.0798 R2 0.1807
2026-09-03 00:47:46 | Epoch  39/100 | Train Loss 0.0477 | Val Loss 0.0688 MAE 1.0680 R2 0.2039
2026-09-03 00:47:48 | Epoch  40/100 | Train Loss 0.0462 | Val Loss 0.0800 MAE 1.1417 R2 0.0750
2026-09-03 00:47:49 | Epoch  41/100 | Train Loss 0.0461 | Val Loss 0.0683 MAE 1.0616 R2 0.2094
2026-09-03 00:47:49 |   Val R2 improved to 0.2094, model saved
2026-09-03 00:47:50 | Epoch  42/100 | Train Loss 0.0446 | Val Loss 0.0677 MAE 1.0558 R2 0.2174
2026-09-03 00:47:50 |   Val R2 improved to 0.2174, model saved
2026-09-03 00:47:52 | Epoch  43/100 | Train Loss 0.0428 | Val Loss 0.0748 MAE 1.1020 R2 0.1361
2026-09-03 00:47:53 | Epoch  44/100 | Train Loss 0.0425 | Val Loss 0.0701 MAE 1.0715 R2 0.1911
2026-09-03 00:47:55 | Epoch  45/100 | Train Loss 0.0396 | Val Loss 0.0674 MAE 1.0495 R2 0.2208
2026-09-03 00:47:55 |   Val R2 improved to 0.2208, model saved
2026-09-03 00:47:56 | Epoch  46/100 | Train Loss 0.0409 | Val Loss 0.0704 MAE 1.0728 R2 0.1861
2026-09-03 00:47:58 | Epoch  47/100 | Train Loss 0.0394 | Val Loss 0.0736 MAE 1.0899 R2 0.1504
2026-09-03 00:48:00 | Epoch  48/100 | Train Loss 0.0396 | Val Loss 0.0702 MAE 1.0697 R2 0.1893
2026-09-03 00:48:01 | Epoch  49/100 | Train Loss 0.0387 | Val Loss 0.0677 MAE 1.0515 R2 0.2177
2026-09-03 00:48:02 | Epoch  50/100 | Train Loss 0.0362 | Val Loss 0.0657 MAE 1.0435 R2 0.2412
2026-09-03 00:48:02 |   Val R2 improved to 0.2412, model saved
2026-09-03 00:48:04 | Epoch  51/100 | Train Loss 0.0366 | Val Loss 0.0662 MAE 1.0391 R2 0.2352
2026-09-03 00:48:05 | Epoch  52/100 | Train Loss 0.0341 | Val Loss 0.0678 MAE 1.0497 R2 0.2170
2026-09-03 00:48:07 | Epoch  53/100 | Train Loss 0.0334 | Val Loss 0.0693 MAE 1.0628 R2 0.1997
2026-09-03 00:48:08 | Epoch  54/100 | Train Loss 0.0316 | Val Loss 0.0717 MAE 1.0788 R2 0.1723
2026-09-03 00:48:09 | Epoch  55/100 | Train Loss 0.0312 | Val Loss 0.0699 MAE 1.0651 R2 0.1932
2026-09-03 00:48:11 | Epoch  56/100 | Train Loss 0.0323 | Val Loss 0.0692 MAE 1.0599 R2 0.2010
2026-09-03 00:48:12 | Epoch  57/100 | Train Loss 0.0320 | Val Loss 0.0703 MAE 1.0687 R2 0.1882
2026-09-03 00:48:14 | Epoch  58/100 | Train Loss 0.0301 | Val Loss 0.0682 MAE 1.0519 R2 0.2119
2026-09-03 00:48:15 | Epoch  59/100 | Train Loss 0.0288 | Val Loss 0.0690 MAE 1.0576 R2 0.2031
2026-09-03 00:48:17 | Epoch  60/100 | Train Loss 0.0288 | Val Loss 0.0693 MAE 1.0587 R2 0.1999
2026-09-03 00:48:17 | Val R2 did not improve for 10 consecutive epochs, early stopping at Epoch 60 (best R2 0.2412 @ Epoch 50)
2026-09-03 00:48:17 | Run 5/5 | Test (best model @ Epoch 50) | Loss 0.0706 MAE 1.0670 R2 0.2335
2026-09-03 00:48:17 | Average over 5 runs | Test Loss 0.0710±0.0015 MAE 1.0742±0.0198 R2 0.2295±0.0174
