2026-09-02 06:57:12 | Device: cuda
2026-09-02 06:57:12 | Args: {'model': 'opb', 'backbone': 'mlp', 'task': 'agedb', 'epochs': 100, 'batch_size': 512, 'lr': 0.001, 'hidden_dims': [512, 256], 'dropout': 0.2, 'z_dim': 256, 'anchor_scale': 4.0, 'energy_classifier': False, 'tied_head': True, 'max_len': 250, 'random_labels': False, 'beta': 0.0001, 'patience': 10, 'runs': 5, 'seed': 0, 'data_dir': './data', 'save_path': 'output/agedb_mlp_opb/agedb_mlp_opb.pt', 'log_path': '/root/autodl-tmp/IB/tune_results/agedb_mlp_opb_beta_0.0001_anchor_4/train.log', 'no_save': True}
2026-09-02 06:57:13 | AgeDB 图像：16488 张，年龄 1~101 岁
2026-09-02 06:57:13 | AgeDB 划分（60/20/20）：train 9892 / val 3298 / test 3298（共 16488 张）
2026-09-02 06:57:13 | AgeDB 预解码缓存命中：./data/agedb/agedb_64x64_uint8.npy
2026-09-02 06:57:13 | AgeDB 加载完成：9892/3298/3298（batch 512，RGB 64x64，ImageNet 归一化），年龄 MinMax 归一化到 [0,1]（1~101 岁）
2026-09-02 06:57:13 | ===== Run 1/5 (seed 0) =====
2026-09-02 06:57:15 | Epoch   1/100 | Train Loss 0.3975 | Val Loss 0.0607 MAE 19.0913 R2 -0.8982
2026-09-02 06:57:15 |   Val R2 improved to -0.8982, model saved
2026-09-02 06:57:16 | Epoch   2/100 | Train Loss 0.0637 | Val Loss 0.0471 MAE 16.6970 R2 -0.4933
2026-09-02 06:57:16 |   Val R2 improved to -0.4933, model saved
2026-09-02 06:57:17 | Epoch   3/100 | Train Loss 0.0462 | Val Loss 0.0413 MAE 15.6297 R2 -0.3350
2026-09-02 06:57:17 |   Val R2 improved to -0.3350, model saved
2026-09-02 06:57:18 | Epoch   4/100 | Train Loss 0.0395 | Val Loss 0.0344 MAE 14.2194 R2 -0.1079
2026-09-02 06:57:18 |   Val R2 improved to -0.1079, model saved
2026-09-02 06:57:19 | Epoch   5/100 | Train Loss 0.0361 | Val Loss 0.0332 MAE 14.0797 R2 -0.0790
2026-09-02 06:57:19 |   Val R2 improved to -0.0790, model saved
2026-09-02 06:57:20 | Epoch   6/100 | Train Loss 0.0332 | Val Loss 0.0289 MAE 13.0595 R2 0.0595
2026-09-02 06:57:20 |   Val R2 improved to 0.0595, model saved
2026-09-02 06:57:21 | Epoch   7/100 | Train Loss 0.0318 | Val Loss 0.0292 MAE 13.1463 R2 0.0490
2026-09-02 06:57:23 | Epoch   8/100 | Train Loss 0.0303 | Val Loss 0.0287 MAE 13.0834 R2 0.0611
2026-09-02 06:57:23 |   Val R2 improved to 0.0611, model saved
2026-09-02 06:57:24 | Epoch   9/100 | Train Loss 0.0283 | Val Loss 0.0311 MAE 13.6363 R2 -0.0258
2026-09-02 06:57:25 | Epoch  10/100 | Train Loss 0.0273 | Val Loss 0.0293 MAE 13.1910 R2 0.0341
2026-09-02 06:57:26 | Epoch  11/100 | Train Loss 0.0258 | Val Loss 0.0310 MAE 13.6249 R2 -0.0241
2026-09-02 06:57:27 | Epoch  12/100 | Train Loss 0.0251 | Val Loss 0.0314 MAE 13.7289 R2 -0.0371
2026-09-02 06:57:28 | Epoch  13/100 | Train Loss 0.0241 | Val Loss 0.0318 MAE 13.9109 R2 -0.0539
2026-09-02 06:57:29 | Epoch  14/100 | Train Loss 0.0231 | Val Loss 0.0282 MAE 12.9579 R2 0.0682
2026-09-02 06:57:29 |   Val R2 improved to 0.0682, model saved
2026-09-02 06:57:30 | Epoch  15/100 | Train Loss 0.0223 | Val Loss 0.0266 MAE 12.5395 R2 0.1241
2026-09-02 06:57:30 |   Val R2 improved to 0.1241, model saved
2026-09-02 06:57:31 | Epoch  16/100 | Train Loss 0.0212 | Val Loss 0.0279 MAE 12.8774 R2 0.0764
2026-09-02 06:57:33 | Epoch  17/100 | Train Loss 0.0206 | Val Loss 0.0267 MAE 12.6037 R2 0.1169
2026-09-02 06:57:34 | Epoch  18/100 | Train Loss 0.0204 | Val Loss 0.0268 MAE 12.5966 R2 0.1173
2026-09-02 06:57:35 | Epoch  19/100 | Train Loss 0.0196 | Val Loss 0.0246 MAE 12.0873 R2 0.1908
2026-09-02 06:57:35 |   Val R2 improved to 0.1908, model saved
2026-09-02 06:57:36 | Epoch  20/100 | Train Loss 0.0191 | Val Loss 0.0270 MAE 12.6758 R2 0.1084
2026-09-02 06:57:37 | Epoch  21/100 | Train Loss 0.0185 | Val Loss 0.0265 MAE 12.4471 R2 0.1265
2026-09-02 06:57:38 | Epoch  22/100 | Train Loss 0.0176 | Val Loss 0.0276 MAE 12.7639 R2 0.0861
2026-09-02 06:57:39 | Epoch  23/100 | Train Loss 0.0171 | Val Loss 0.0252 MAE 12.1946 R2 0.1693
2026-09-02 06:57:40 | Epoch  24/100 | Train Loss 0.0166 | Val Loss 0.0249 MAE 12.1224 R2 0.1793
2026-09-02 06:57:42 | Epoch  25/100 | Train Loss 0.0165 | Val Loss 0.0262 MAE 12.4076 R2 0.1341
2026-09-02 06:57:43 | Epoch  26/100 | Train Loss 0.0160 | Val Loss 0.0261 MAE 12.4572 R2 0.1366
2026-09-02 06:57:44 | Epoch  27/100 | Train Loss 0.0151 | Val Loss 0.0273 MAE 12.7082 R2 0.0966
2026-09-02 06:57:45 | Epoch  28/100 | Train Loss 0.0146 | Val Loss 0.0264 MAE 12.4479 R2 0.1277
2026-09-02 06:57:46 | Epoch  29/100 | Train Loss 0.0142 | Val Loss 0.0249 MAE 12.1304 R2 0.1780
2026-09-02 06:57:46 | Val R2 did not improve for 10 consecutive epochs, early stopping at Epoch 29 (best R2 0.1908 @ Epoch 19)
2026-09-02 06:57:47 | Run 1/5 | Test (best model @ Epoch 19) | Loss 0.0240 MAE 12.0282 R2 0.2377
2026-09-02 06:57:47 | ===== Run 2/5 (seed 1) =====
2026-09-02 06:57:48 | Epoch   1/100 | Train Loss 0.3275 | Val Loss 0.0470 MAE 16.2170 R2 -0.4503
2026-09-02 06:57:48 |   Val R2 improved to -0.4503, model saved
2026-09-02 06:57:49 | Epoch   2/100 | Train Loss 0.0590 | Val Loss 0.0398 MAE 15.2729 R2 -0.2481
2026-09-02 06:57:49 |   Val R2 improved to -0.2481, model saved
2026-09-02 06:57:50 | Epoch   3/100 | Train Loss 0.0448 | Val Loss 0.0417 MAE 15.8292 R2 -0.3520
2026-09-02 06:57:51 | Epoch   4/100 | Train Loss 0.0399 | Val Loss 0.0365 MAE 14.6983 R2 -0.1867
2026-09-02 06:57:51 |   Val R2 improved to -0.1867, model saved
2026-09-02 06:57:52 | Epoch   5/100 | Train Loss 0.0363 | Val Loss 0.0318 MAE 13.7570 R2 -0.0356
2026-09-02 06:57:52 |   Val R2 improved to -0.0356, model saved
2026-09-02 06:57:53 | Epoch   6/100 | Train Loss 0.0326 | Val Loss 0.0306 MAE 13.4895 R2 -0.0041
2026-09-02 06:57:53 |   Val R2 improved to -0.0041, model saved
2026-09-02 06:57:55 | Epoch   7/100 | Train Loss 0.0312 | Val Loss 0.0313 MAE 13.7239 R2 -0.0305
2026-09-02 06:57:56 | Epoch   8/100 | Train Loss 0.0299 | Val Loss 0.0277 MAE 12.8555 R2 0.0898
2026-09-02 06:57:56 |   Val R2 improved to 0.0898, model saved
2026-09-02 06:57:57 | Epoch   9/100 | Train Loss 0.0278 | Val Loss 0.0278 MAE 12.8917 R2 0.0840
2026-09-02 06:57:58 | Epoch  10/100 | Train Loss 0.0266 | Val Loss 0.0260 MAE 12.4829 R2 0.1457
2026-09-02 06:57:58 |   Val R2 improved to 0.1457, model saved
2026-09-02 06:57:59 | Epoch  11/100 | Train Loss 0.0257 | Val Loss 0.0300 MAE 13.4167 R2 0.0059
2026-09-02 06:58:00 | Epoch  12/100 | Train Loss 0.0249 | Val Loss 0.0264 MAE 12.5405 R2 0.1294
2026-09-02 06:58:01 | Epoch  13/100 | Train Loss 0.0230 | Val Loss 0.0290 MAE 13.1695 R2 0.0369
2026-09-02 06:58:02 | Epoch  14/100 | Train Loss 0.0226 | Val Loss 0.0270 MAE 12.7015 R2 0.1079
2026-09-02 06:58:04 | Epoch  15/100 | Train Loss 0.0223 | Val Loss 0.0276 MAE 12.8225 R2 0.0873
2026-09-02 06:58:05 | Epoch  16/100 | Train Loss 0.0218 | Val Loss 0.0287 MAE 13.0926 R2 0.0497
2026-09-02 06:58:06 | Epoch  17/100 | Train Loss 0.0206 | Val Loss 0.0256 MAE 12.3462 R2 0.1531
2026-09-02 06:58:06 |   Val R2 improved to 0.1531, model saved
2026-09-02 06:58:07 | Epoch  18/100 | Train Loss 0.0193 | Val Loss 0.0254 MAE 12.2704 R2 0.1605
2026-09-02 06:58:07 |   Val R2 improved to 0.1605, model saved
2026-09-02 06:58:08 | Epoch  19/100 | Train Loss 0.0192 | Val Loss 0.0264 MAE 12.5192 R2 0.1263
2026-09-02 06:58:09 | Epoch  20/100 | Train Loss 0.0187 | Val Loss 0.0270 MAE 12.7202 R2 0.1039
2026-09-02 06:58:10 | Epoch  21/100 | Train Loss 0.0175 | Val Loss 0.0281 MAE 12.9770 R2 0.0651
2026-09-02 06:58:12 | Epoch  22/100 | Train Loss 0.0176 | Val Loss 0.0250 MAE 12.2075 R2 0.1719
2026-09-02 06:58:12 |   Val R2 improved to 0.1719, model saved
2026-09-02 06:58:13 | Epoch  23/100 | Train Loss 0.0172 | Val Loss 0.0271 MAE 12.7029 R2 0.1008
2026-09-02 06:58:14 | Epoch  24/100 | Train Loss 0.0163 | Val Loss 0.0256 MAE 12.3270 R2 0.1514
2026-09-02 06:58:15 | Epoch  25/100 | Train Loss 0.0156 | Val Loss 0.0243 MAE 12.0802 R2 0.1975
2026-09-02 06:58:15 |   Val R2 improved to 0.1975, model saved
2026-09-02 06:58:16 | Epoch  26/100 | Train Loss 0.0151 | Val Loss 0.0247 MAE 12.1421 R2 0.1823
2026-09-02 06:58:17 | Epoch  27/100 | Train Loss 0.0151 | Val Loss 0.0260 MAE 12.4876 R2 0.1370
2026-09-02 06:58:18 | Epoch  28/100 | Train Loss 0.0148 | Val Loss 0.0248 MAE 12.1700 R2 0.1779
2026-09-02 06:58:20 | Epoch  29/100 | Train Loss 0.0143 | Val Loss 0.0254 MAE 12.3197 R2 0.1590
2026-09-02 06:58:21 | Epoch  30/100 | Train Loss 0.0137 | Val Loss 0.0250 MAE 12.2106 R2 0.1724
2026-09-02 06:58:22 | Epoch  31/100 | Train Loss 0.0133 | Val Loss 0.0247 MAE 12.1648 R2 0.1807
2026-09-02 06:58:23 | Epoch  32/100 | Train Loss 0.0132 | Val Loss 0.0261 MAE 12.4666 R2 0.1326
2026-09-02 06:58:24 | Epoch  33/100 | Train Loss 0.0129 | Val Loss 0.0257 MAE 12.4122 R2 0.1469
2026-09-02 06:58:25 | Epoch  34/100 | Train Loss 0.0128 | Val Loss 0.0251 MAE 12.2653 R2 0.1677
2026-09-02 06:58:26 | Epoch  35/100 | Train Loss 0.0121 | Val Loss 0.0256 MAE 12.3602 R2 0.1507
2026-09-02 06:58:26 | Val R2 did not improve for 10 consecutive epochs, early stopping at Epoch 35 (best R2 0.1975 @ Epoch 25)
2026-09-02 06:58:27 | Run 2/5 | Test (best model @ Epoch 25) | Loss 0.0235 MAE 11.9194 R2 0.2496
2026-09-02 06:58:27 | ===== Run 3/5 (seed 2) =====
2026-09-02 06:58:28 | Epoch   1/100 | Train Loss 0.4230 | Val Loss 0.0678 MAE 20.4264 R2 -1.1473
2026-09-02 06:58:28 |   Val R2 improved to -1.1473, model saved
2026-09-02 06:58:29 | Epoch   2/100 | Train Loss 0.0628 | Val Loss 0.0448 MAE 16.2159 R2 -0.4276
2026-09-02 06:58:29 |   Val R2 improved to -0.4276, model saved
2026-09-02 06:58:30 | Epoch   3/100 | Train Loss 0.0468 | Val Loss 0.0366 MAE 14.6559 R2 -0.1679
2026-09-02 06:58:30 |   Val R2 improved to -0.1679, model saved
2026-09-02 06:58:31 | Epoch   4/100 | Train Loss 0.0407 | Val Loss 0.0375 MAE 14.8970 R2 -0.2229
2026-09-02 06:58:32 | Epoch   5/100 | Train Loss 0.0373 | Val Loss 0.0311 MAE 13.5782 R2 -0.0107
2026-09-02 06:58:32 |   Val R2 improved to -0.0107, model saved
2026-09-02 06:58:33 | Epoch   6/100 | Train Loss 0.0341 | Val Loss 0.0350 MAE 14.4625 R2 -0.1499
2026-09-02 06:58:35 | Epoch   7/100 | Train Loss 0.0322 | Val Loss 0.0293 MAE 13.2093 R2 0.0435
2026-09-02 06:58:35 |   Val R2 improved to 0.0435, model saved
2026-09-02 06:58:36 | Epoch   8/100 | Train Loss 0.0307 | Val Loss 0.0313 MAE 13.7086 R2 -0.0311
2026-09-02 06:58:37 | Epoch   9/100 | Train Loss 0.0293 | Val Loss 0.0313 MAE 13.6558 R2 -0.0339
2026-09-02 06:58:38 | Epoch  10/100 | Train Loss 0.0279 | Val Loss 0.0296 MAE 13.2651 R2 0.0213
2026-09-02 06:58:39 | Epoch  11/100 | Train Loss 0.0268 | Val Loss 0.0276 MAE 12.8408 R2 0.0891
2026-09-02 06:58:39 |   Val R2 improved to 0.0891, model saved
2026-09-02 06:58:40 | Epoch  12/100 | Train Loss 0.0264 | Val Loss 0.0263 MAE 12.5484 R2 0.1329
2026-09-02 06:58:40 |   Val R2 improved to 0.1329, model saved
2026-09-02 06:58:41 | Epoch  13/100 | Train Loss 0.0247 | Val Loss 0.0273 MAE 12.8188 R2 0.0975
2026-09-02 06:58:43 | Epoch  14/100 | Train Loss 0.0237 | Val Loss 0.0261 MAE 12.4933 R2 0.1378
2026-09-02 06:58:43 |   Val R2 improved to 0.1378, model saved
2026-09-02 06:58:44 | Epoch  15/100 | Train Loss 0.0235 | Val Loss 0.0285 MAE 13.0358 R2 0.0569
2026-09-02 06:58:45 | Epoch  16/100 | Train Loss 0.0222 | Val Loss 0.0278 MAE 12.9541 R2 0.0779
2026-09-02 06:58:46 | Epoch  17/100 | Train Loss 0.0219 | Val Loss 0.0303 MAE 13.5868 R2 -0.0086
2026-09-02 06:58:47 | Epoch  18/100 | Train Loss 0.0212 | Val Loss 0.0256 MAE 12.3427 R2 0.1551
2026-09-02 06:58:47 |   Val R2 improved to 0.1551, model saved
2026-09-02 06:58:48 | Epoch  19/100 | Train Loss 0.0204 | Val Loss 0.0282 MAE 13.0472 R2 0.0629
2026-09-02 06:58:49 | Epoch  20/100 | Train Loss 0.0201 | Val Loss 0.0262 MAE 12.4912 R2 0.1319
2026-09-02 06:58:51 | Epoch  21/100 | Train Loss 0.0190 | Val Loss 0.0280 MAE 12.9279 R2 0.0700
2026-09-02 06:58:52 | Epoch  22/100 | Train Loss 0.0186 | Val Loss 0.0278 MAE 12.9642 R2 0.0794
2026-09-02 06:58:53 | Epoch  23/100 | Train Loss 0.0187 | Val Loss 0.0251 MAE 12.1454 R2 0.1712
2026-09-02 06:58:53 |   Val R2 improved to 0.1712, model saved
2026-09-02 06:58:54 | Epoch  24/100 | Train Loss 0.0174 | Val Loss 0.0292 MAE 13.3061 R2 0.0302
2026-09-02 06:58:55 | Epoch  25/100 | Train Loss 0.0170 | Val Loss 0.0264 MAE 12.4997 R2 0.1252
2026-09-02 06:58:56 | Epoch  26/100 | Train Loss 0.0161 | Val Loss 0.0270 MAE 12.6999 R2 0.1059
2026-09-02 06:58:57 | Epoch  27/100 | Train Loss 0.0160 | Val Loss 0.0243 MAE 12.0374 R2 0.1967
2026-09-02 06:58:57 |   Val R2 improved to 0.1967, model saved
2026-09-02 06:58:58 | Epoch  28/100 | Train Loss 0.0154 | Val Loss 0.0255 MAE 12.3525 R2 0.1566
2026-09-02 06:59:00 | Epoch  29/100 | Train Loss 0.0150 | Val Loss 0.0258 MAE 12.4451 R2 0.1443
2026-09-02 06:59:01 | Epoch  30/100 | Train Loss 0.0147 | Val Loss 0.0260 MAE 12.4951 R2 0.1402
2026-09-02 06:59:02 | Epoch  31/100 | Train Loss 0.0145 | Val Loss 0.0253 MAE 12.3236 R2 0.1610
2026-09-02 06:59:03 | Epoch  32/100 | Train Loss 0.0145 | Val Loss 0.0270 MAE 12.7848 R2 0.1046
2026-09-02 06:59:04 | Epoch  33/100 | Train Loss 0.0141 | Val Loss 0.0246 MAE 12.1597 R2 0.1853
2026-09-02 06:59:05 | Epoch  34/100 | Train Loss 0.0134 | Val Loss 0.0247 MAE 12.1534 R2 0.1832
2026-09-02 06:59:06 | Epoch  35/100 | Train Loss 0.0127 | Val Loss 0.0247 MAE 12.1535 R2 0.1828
2026-09-02 06:59:07 | Epoch  36/100 | Train Loss 0.0125 | Val Loss 0.0264 MAE 12.6286 R2 0.1252
2026-09-02 06:59:08 | Epoch  37/100 | Train Loss 0.0127 | Val Loss 0.0247 MAE 12.1168 R2 0.1828
2026-09-02 06:59:08 | Val R2 did not improve for 10 consecutive epochs, early stopping at Epoch 37 (best R2 0.1967 @ Epoch 27)
2026-09-02 06:59:09 | Run 3/5 | Test (best model @ Epoch 27) | Loss 0.0241 MAE 12.0559 R2 0.2317
2026-09-02 06:59:09 | ===== Run 4/5 (seed 3) =====
2026-09-02 06:59:10 | Epoch   1/100 | Train Loss 0.4383 | Val Loss 0.0458 MAE 16.0312 R2 -0.3958
2026-09-02 06:59:10 |   Val R2 improved to -0.3958, model saved
2026-09-02 06:59:11 | Epoch   2/100 | Train Loss 0.0608 | Val Loss 0.0452 MAE 16.5263 R2 -0.4471
2026-09-02 06:59:12 | Epoch   3/100 | Train Loss 0.0470 | Val Loss 0.0386 MAE 15.1040 R2 -0.2439
2026-09-02 06:59:12 |   Val R2 improved to -0.2439, model saved
2026-09-02 06:59:14 | Epoch   4/100 | Train Loss 0.0407 | Val Loss 0.0360 MAE 14.7180 R2 -0.1679
2026-09-02 06:59:14 |   Val R2 improved to -0.1679, model saved
2026-09-02 06:59:15 | Epoch   5/100 | Train Loss 0.0368 | Val Loss 0.0366 MAE 14.9082 R2 -0.2012
2026-09-02 06:59:16 | Epoch   6/100 | Train Loss 0.0339 | Val Loss 0.0305 MAE 13.4745 R2 0.0041
2026-09-02 06:59:16 |   Val R2 improved to 0.0041, model saved
2026-09-02 06:59:17 | Epoch   7/100 | Train Loss 0.0319 | Val Loss 0.0345 MAE 14.5325 R2 -0.1400
2026-09-02 06:59:18 | Epoch   8/100 | Train Loss 0.0300 | Val Loss 0.0309 MAE 13.6598 R2 -0.0206
2026-09-02 06:59:19 | Epoch   9/100 | Train Loss 0.0293 | Val Loss 0.0311 MAE 13.6956 R2 -0.0267
2026-09-02 06:59:20 | Epoch  10/100 | Train Loss 0.0274 | Val Loss 0.0277 MAE 12.8833 R2 0.0893
2026-09-02 06:59:20 |   Val R2 improved to 0.0893, model saved
2026-09-02 06:59:21 | Epoch  11/100 | Train Loss 0.0267 | Val Loss 0.0284 MAE 13.0419 R2 0.0617
2026-09-02 06:59:22 | Epoch  12/100 | Train Loss 0.0255 | Val Loss 0.0282 MAE 13.0327 R2 0.0681
2026-09-02 06:59:23 | Epoch  13/100 | Train Loss 0.0246 | Val Loss 0.0275 MAE 12.8204 R2 0.0920
2026-09-02 06:59:23 |   Val R2 improved to 0.0920, model saved
2026-09-02 06:59:25 | Epoch  14/100 | Train Loss 0.0243 | Val Loss 0.0278 MAE 12.9246 R2 0.0792
2026-09-02 06:59:26 | Epoch  15/100 | Train Loss 0.0232 | Val Loss 0.0288 MAE 13.1392 R2 0.0461
2026-09-02 06:59:27 | Epoch  16/100 | Train Loss 0.0222 | Val Loss 0.0268 MAE 12.6665 R2 0.1146
2026-09-02 06:59:27 |   Val R2 improved to 0.1146, model saved
2026-09-02 06:59:28 | Epoch  17/100 | Train Loss 0.0211 | Val Loss 0.0289 MAE 13.2347 R2 0.0408
2026-09-02 06:59:29 | Epoch  18/100 | Train Loss 0.0206 | Val Loss 0.0255 MAE 12.3003 R2 0.1589
2026-09-02 06:59:29 |   Val R2 improved to 0.1589, model saved
2026-09-02 06:59:30 | Epoch  19/100 | Train Loss 0.0198 | Val Loss 0.0288 MAE 13.1045 R2 0.0458
2026-09-02 06:59:31 | Epoch  20/100 | Train Loss 0.0193 | Val Loss 0.0257 MAE 12.3443 R2 0.1490
2026-09-02 06:59:33 | Epoch  21/100 | Train Loss 0.0188 | Val Loss 0.0258 MAE 12.3670 R2 0.1473
2026-09-02 06:59:34 | Epoch  22/100 | Train Loss 0.0185 | Val Loss 0.0264 MAE 12.5301 R2 0.1265
2026-09-02 06:59:35 | Epoch  23/100 | Train Loss 0.0175 | Val Loss 0.0266 MAE 12.5943 R2 0.1169
2026-09-02 06:59:36 | Epoch  24/100 | Train Loss 0.0178 | Val Loss 0.0264 MAE 12.5952 R2 0.1257
2026-09-02 06:59:37 | Epoch  25/100 | Train Loss 0.0169 | Val Loss 0.0274 MAE 12.8136 R2 0.0930
2026-09-02 06:59:38 | Epoch  26/100 | Train Loss 0.0166 | Val Loss 0.0271 MAE 12.7251 R2 0.1022
2026-09-02 06:59:39 | Epoch  27/100 | Train Loss 0.0165 | Val Loss 0.0286 MAE 13.0527 R2 0.0500
2026-09-02 06:59:40 | Epoch  28/100 | Train Loss 0.0153 | Val Loss 0.0269 MAE 12.7060 R2 0.1072
2026-09-02 06:59:40 | Val R2 did not improve for 10 consecutive epochs, early stopping at Epoch 28 (best R2 0.1589 @ Epoch 18)
2026-09-02 06:59:40 | Run 4/5 | Test (best model @ Epoch 18) | Loss 0.0242 MAE 12.0588 R2 0.2267
2026-09-02 06:59:40 | ===== Run 5/5 (seed 4) =====
2026-09-02 06:59:42 | Epoch   1/100 | Train Loss 0.4009 | Val Loss 0.0531 MAE 17.5310 R2 -0.6567
2026-09-02 06:59:42 |   Val R2 improved to -0.6567, model saved
2026-09-02 06:59:43 | Epoch   2/100 | Train Loss 0.0623 | Val Loss 0.0508 MAE 17.4238 R2 -0.6338
2026-09-02 06:59:43 |   Val R2 improved to -0.6338, model saved
2026-09-02 06:59:44 | Epoch   3/100 | Train Loss 0.0480 | Val Loss 0.0375 MAE 14.8931 R2 -0.2016
2026-09-02 06:59:44 |   Val R2 improved to -0.2016, model saved
2026-09-02 06:59:45 | Epoch   4/100 | Train Loss 0.0412 | Val Loss 0.0368 MAE 14.8451 R2 -0.1972
2026-09-02 06:59:45 |   Val R2 improved to -0.1972, model saved
2026-09-02 06:59:46 | Epoch   5/100 | Train Loss 0.0369 | Val Loss 0.0361 MAE 14.6803 R2 -0.1822
2026-09-02 06:59:46 |   Val R2 improved to -0.1822, model saved
2026-09-02 06:59:47 | Epoch   6/100 | Train Loss 0.0348 | Val Loss 0.0337 MAE 14.2589 R2 -0.1059
2026-09-02 06:59:47 |   Val R2 improved to -0.1059, model saved
2026-09-02 06:59:48 | Epoch   7/100 | Train Loss 0.0318 | Val Loss 0.0284 MAE 12.9871 R2 0.0702
2026-09-02 06:59:48 |   Val R2 improved to 0.0702, model saved
2026-09-02 06:59:50 | Epoch   8/100 | Train Loss 0.0309 | Val Loss 0.0290 MAE 13.1767 R2 0.0503
2026-09-02 06:59:51 | Epoch   9/100 | Train Loss 0.0292 | Val Loss 0.0286 MAE 13.0809 R2 0.0595
2026-09-02 06:59:52 | Epoch  10/100 | Train Loss 0.0281 | Val Loss 0.0290 MAE 13.1157 R2 0.0426
2026-09-02 06:59:53 | Epoch  11/100 | Train Loss 0.0270 | Val Loss 0.0282 MAE 12.9591 R2 0.0716
2026-09-02 06:59:53 |   Val R2 improved to 0.0716, model saved
2026-09-02 06:59:54 | Epoch  12/100 | Train Loss 0.0251 | Val Loss 0.0268 MAE 12.6485 R2 0.1182
2026-09-02 06:59:54 |   Val R2 improved to 0.1182, model saved
2026-09-02 06:59:55 | Epoch  13/100 | Train Loss 0.0246 | Val Loss 0.0275 MAE 12.8089 R2 0.0923
2026-09-02 06:59:56 | Epoch  14/100 | Train Loss 0.0235 | Val Loss 0.0296 MAE 13.3023 R2 0.0192
2026-09-02 06:59:57 | Epoch  15/100 | Train Loss 0.0231 | Val Loss 0.0278 MAE 12.8557 R2 0.0808
2026-09-02 06:59:59 | Epoch  16/100 | Train Loss 0.0220 | Val Loss 0.0276 MAE 12.7878 R2 0.0876
2026-09-02 07:00:00 | Epoch  17/100 | Train Loss 0.0211 | Val Loss 0.0275 MAE 12.7741 R2 0.0912
2026-09-02 07:00:01 | Epoch  18/100 | Train Loss 0.0204 | Val Loss 0.0279 MAE 12.8606 R2 0.0785
2026-09-02 07:00:02 | Epoch  19/100 | Train Loss 0.0195 | Val Loss 0.0278 MAE 12.8651 R2 0.0819
2026-09-02 07:00:03 | Epoch  20/100 | Train Loss 0.0185 | Val Loss 0.0281 MAE 12.8922 R2 0.0694
2026-09-02 07:00:04 | Epoch  21/100 | Train Loss 0.0184 | Val Loss 0.0256 MAE 12.3039 R2 0.1555
2026-09-02 07:00:04 |   Val R2 improved to 0.1555, model saved
2026-09-02 07:00:06 | Epoch  22/100 | Train Loss 0.0180 | Val Loss 0.0283 MAE 12.9134 R2 0.0638
2026-09-02 07:00:07 | Epoch  23/100 | Train Loss 0.0179 | Val Loss 0.0269 MAE 12.5946 R2 0.1118
2026-09-02 07:00:08 | Epoch  24/100 | Train Loss 0.0174 | Val Loss 0.0264 MAE 12.5605 R2 0.1267
2026-09-02 07:00:09 | Epoch  25/100 | Train Loss 0.0165 | Val Loss 0.0265 MAE 12.5077 R2 0.1238
2026-09-02 07:00:10 | Epoch  26/100 | Train Loss 0.0159 | Val Loss 0.0256 MAE 12.3100 R2 0.1543
2026-09-02 07:00:11 | Epoch  27/100 | Train Loss 0.0151 | Val Loss 0.0292 MAE 13.2359 R2 0.0295
2026-09-02 07:00:12 | Epoch  28/100 | Train Loss 0.0155 | Val Loss 0.0249 MAE 12.1984 R2 0.1772
2026-09-02 07:00:12 |   Val R2 improved to 0.1772, model saved
2026-09-02 07:00:13 | Epoch  29/100 | Train Loss 0.0148 | Val Loss 0.0284 MAE 13.0192 R2 0.0568
2026-09-02 07:00:14 | Epoch  30/100 | Train Loss 0.0146 | Val Loss 0.0298 MAE 13.4258 R2 0.0096
2026-09-02 07:00:16 | Epoch  31/100 | Train Loss 0.0146 | Val Loss 0.0261 MAE 12.3937 R2 0.1382
2026-09-02 07:00:17 | Epoch  32/100 | Train Loss 0.0139 | Val Loss 0.0259 MAE 12.3886 R2 0.1414
2026-09-02 07:00:18 | Epoch  33/100 | Train Loss 0.0140 | Val Loss 0.0275 MAE 12.8155 R2 0.0882
2026-09-02 07:00:19 | Epoch  34/100 | Train Loss 0.0135 | Val Loss 0.0282 MAE 12.9498 R2 0.0650
2026-09-02 07:00:20 | Epoch  35/100 | Train Loss 0.0127 | Val Loss 0.0251 MAE 12.2214 R2 0.1684
2026-09-02 07:00:21 | Epoch  36/100 | Train Loss 0.0125 | Val Loss 0.0252 MAE 12.1810 R2 0.1659
2026-09-02 07:00:23 | Epoch  37/100 | Train Loss 0.0124 | Val Loss 0.0263 MAE 12.4947 R2 0.1279
2026-09-02 07:00:24 | Epoch  38/100 | Train Loss 0.0122 | Val Loss 0.0244 MAE 12.0221 R2 0.1947
2026-09-02 07:00:24 |   Val R2 improved to 0.1947, model saved
2026-09-02 07:00:25 | Epoch  39/100 | Train Loss 0.0118 | Val Loss 0.0275 MAE 12.7835 R2 0.0883
2026-09-02 07:00:26 | Epoch  40/100 | Train Loss 0.0118 | Val Loss 0.0254 MAE 12.2302 R2 0.1601
2026-09-02 07:00:27 | Epoch  41/100 | Train Loss 0.0114 | Val Loss 0.0255 MAE 12.2762 R2 0.1565
2026-09-02 07:00:28 | Epoch  42/100 | Train Loss 0.0108 | Val Loss 0.0253 MAE 12.2376 R2 0.1621
2026-09-02 07:00:29 | Epoch  43/100 | Train Loss 0.0104 | Val Loss 0.0255 MAE 12.3251 R2 0.1538
2026-09-02 07:00:30 | Epoch  44/100 | Train Loss 0.0104 | Val Loss 0.0268 MAE 12.6237 R2 0.1125
2026-09-02 07:00:31 | Epoch  45/100 | Train Loss 0.0108 | Val Loss 0.0267 MAE 12.6013 R2 0.1159
2026-09-02 07:00:32 | Epoch  46/100 | Train Loss 0.0106 | Val Loss 0.0248 MAE 12.1364 R2 0.1780
2026-09-02 07:00:33 | Epoch  47/100 | Train Loss 0.0102 | Val Loss 0.0251 MAE 12.2068 R2 0.1701
2026-09-02 07:00:35 | Epoch  48/100 | Train Loss 0.0097 | Val Loss 0.0248 MAE 12.1763 R2 0.1798
2026-09-02 07:00:35 | Val R2 did not improve for 10 consecutive epochs, early stopping at Epoch 48 (best R2 0.1947 @ Epoch 38)
2026-09-02 07:00:35 | Run 5/5 | Test (best model @ Epoch 38) | Loss 0.0237 MAE 11.9025 R2 0.2444
2026-09-02 07:00:35 | Average over 5 runs | Test Loss 0.0239±0.0003 MAE 11.9929±0.0760 R2 0.2380±0.0093
