2026-09-01 08:38:40 | Device: cuda
2026-09-01 08:38:40 | Args: {'model': 'opb', 'backbone': 'mlp', 'task': 'agedb', 'epochs': 100, 'batch_size': 512, 'lr': 0.001, 'hidden_dims': [512, 256], 'dropout': 0.2, 'z_dim': 256, 'anchor_scale': 10.0, 'energy_classifier': False, 'max_len': 250, 'random_labels': False, 'beta': 0.1, 'patience': 10, 'runs': 5, 'seed': 0, 'data_dir': './data', 'save_path': 'output/agedb_mlp_opb/agedb_mlp_opb.pt', 'log_path': '/root/autodl-tmp/IB/tune_results/agedb_mlp_opb_beta_0.1_anchor_10/train.log', 'no_save': True}
2026-09-01 08:38:40 | AgeDB 图像：16488 张，年龄 1~101 岁
2026-09-01 08:38:40 | AgeDB 划分（60/20/20）：train 9892 / val 3298 / test 3298（共 16488 张）
2026-09-01 08:38:40 | AgeDB 预解码缓存命中：./data/agedb/agedb_64x64_uint8.npy
2026-09-01 08:38:40 | AgeDB 加载完成：9892/3298/3298（batch 512，RGB 64x64，ImageNet 归一化），年龄 MinMax 归一化到 [0,1]（1~101 岁）
2026-09-01 08:38:40 | ===== Run 1/5 (seed 0) =====
2026-09-01 08:38:42 | Epoch   1/100 | Train Loss 3.9504 | Val Loss 1.4010 MAE 47.3552 R2 -7.6127
2026-09-01 08:38:42 |   Val R2 improved to -7.6127, model saved
2026-09-01 08:38:43 | Epoch   2/100 | Train Loss 1.5598 | Val Loss 1.2616 MAE 38.8092 R2 -5.1093
2026-09-01 08:38:43 |   Val R2 improved to -5.1093, model saved
2026-09-01 08:38:44 | Epoch   3/100 | Train Loss 1.3874 | Val Loss 1.0281 MAE 22.2321 R2 -1.5451
2026-09-01 08:38:44 |   Val R2 improved to -1.5451, model saved
2026-09-01 08:38:46 | Epoch   4/100 | Train Loss 1.0179 | Val Loss 0.3721 MAE 15.5379 R2 -0.3192
2026-09-01 08:38:46 |   Val R2 improved to -0.3192, model saved
2026-09-01 08:38:47 | Epoch   5/100 | Train Loss 0.5785 | Val Loss 0.2131 MAE 13.4482 R2 0.0220
2026-09-01 08:38:47 |   Val R2 improved to 0.0220, model saved
2026-09-01 08:38:48 | Epoch   6/100 | Train Loss 0.4963 | Val Loss 0.1886 MAE 13.2555 R2 0.0484
2026-09-01 08:38:48 |   Val R2 improved to 0.0484, model saved
2026-09-01 08:38:49 | Epoch   7/100 | Train Loss 0.4568 | Val Loss 0.1859 MAE 13.0947 R2 0.0683
2026-09-01 08:38:49 |   Val R2 improved to 0.0683, model saved
2026-09-01 08:38:50 | Epoch   8/100 | Train Loss 0.4302 | Val Loss 0.1750 MAE 13.0956 R2 0.0619
2026-09-01 08:38:51 | Epoch   9/100 | Train Loss 0.4118 | Val Loss 0.1683 MAE 12.4411 R2 0.1717
2026-09-01 08:38:51 |   Val R2 improved to 0.1717, model saved
2026-09-01 08:38:53 | Epoch  10/100 | Train Loss 0.3694 | Val Loss 0.1679 MAE 13.0059 R2 0.0728
2026-09-01 08:38:54 | Epoch  11/100 | Train Loss 0.3603 | Val Loss 0.1633 MAE 12.6387 R2 0.1335
2026-09-01 08:38:55 | Epoch  12/100 | Train Loss 0.3449 | Val Loss 0.1630 MAE 12.6939 R2 0.1194
2026-09-01 08:38:56 | Epoch  13/100 | Train Loss 0.3277 | Val Loss 0.1517 MAE 12.3153 R2 0.1764
2026-09-01 08:38:56 |   Val R2 improved to 0.1764, model saved
2026-09-01 08:38:57 | Epoch  14/100 | Train Loss 0.3080 | Val Loss 0.1560 MAE 12.4343 R2 0.1544
2026-09-01 08:38:59 | Epoch  15/100 | Train Loss 0.2970 | Val Loss 0.1511 MAE 12.2006 R2 0.1734
2026-09-01 08:39:00 | Epoch  16/100 | Train Loss 0.2624 | Val Loss 0.1524 MAE 13.2914 R2 0.0229
2026-09-01 08:39:01 | Epoch  17/100 | Train Loss 0.2307 | Val Loss 0.1422 MAE 12.4978 R2 0.1465
2026-09-01 08:39:02 | Epoch  18/100 | Train Loss 0.2213 | Val Loss 0.1359 MAE 12.4295 R2 0.1538
2026-09-01 08:39:03 | Epoch  19/100 | Train Loss 0.1999 | Val Loss 0.1207 MAE 11.6652 R2 0.2780
2026-09-01 08:39:03 |   Val R2 improved to 0.2780, model saved
2026-09-01 08:39:04 | Epoch  20/100 | Train Loss 0.1957 | Val Loss 0.1214 MAE 11.7545 R2 0.2652
2026-09-01 08:39:06 | Epoch  21/100 | Train Loss 0.1891 | Val Loss 0.1191 MAE 11.9116 R2 0.2409
2026-09-01 08:39:07 | Epoch  22/100 | Train Loss 0.1780 | Val Loss 0.1175 MAE 11.7492 R2 0.2587
2026-09-01 08:39:08 | Epoch  23/100 | Train Loss 0.1717 | Val Loss 0.1156 MAE 11.7288 R2 0.2594
2026-09-01 08:39:09 | Epoch  24/100 | Train Loss 0.1645 | Val Loss 0.1110 MAE 11.4746 R2 0.2945
2026-09-01 08:39:09 |   Val R2 improved to 0.2945, model saved
2026-09-01 08:39:10 | Epoch  25/100 | Train Loss 0.1600 | Val Loss 0.1137 MAE 11.7957 R2 0.2480
2026-09-01 08:39:12 | Epoch  26/100 | Train Loss 0.1509 | Val Loss 0.1065 MAE 11.5533 R2 0.2854
2026-09-01 08:39:13 | Epoch  27/100 | Train Loss 0.1496 | Val Loss 0.1118 MAE 11.8295 R2 0.2320
2026-09-01 08:39:14 | Epoch  28/100 | Train Loss 0.1405 | Val Loss 0.1083 MAE 11.6714 R2 0.2635
2026-09-01 08:39:15 | Epoch  29/100 | Train Loss 0.1367 | Val Loss 0.1012 MAE 11.5407 R2 0.2880
2026-09-01 08:39:16 | Epoch  30/100 | Train Loss 0.1272 | Val Loss 0.1068 MAE 11.8105 R2 0.2408
2026-09-01 08:39:17 | Epoch  31/100 | Train Loss 0.1224 | Val Loss 0.1023 MAE 11.6462 R2 0.2670
2026-09-01 08:39:19 | Epoch  32/100 | Train Loss 0.1158 | Val Loss 0.0970 MAE 11.5490 R2 0.2860
2026-09-01 08:39:20 | Epoch  33/100 | Train Loss 0.1101 | Val Loss 0.0949 MAE 11.3767 R2 0.3049
2026-09-01 08:39:20 |   Val R2 improved to 0.3049, model saved
2026-09-01 08:39:21 | Epoch  34/100 | Train Loss 0.1049 | Val Loss 0.0958 MAE 11.4040 R2 0.2998
2026-09-01 08:39:22 | Epoch  35/100 | Train Loss 0.1025 | Val Loss 0.0920 MAE 11.2650 R2 0.3195
2026-09-01 08:39:22 |   Val R2 improved to 0.3195, model saved
2026-09-01 08:39:23 | Epoch  36/100 | Train Loss 0.0978 | Val Loss 0.0973 MAE 11.7526 R2 0.2439
2026-09-01 08:39:25 | Epoch  37/100 | Train Loss 0.0936 | Val Loss 0.0887 MAE 11.3568 R2 0.3042
2026-09-01 08:39:26 | Epoch  38/100 | Train Loss 0.0919 | Val Loss 0.0910 MAE 11.6913 R2 0.2643
2026-09-01 08:39:27 | Epoch  39/100 | Train Loss 0.0899 | Val Loss 0.0900 MAE 11.5496 R2 0.2713
2026-09-01 08:39:28 | Epoch  40/100 | Train Loss 0.0849 | Val Loss 0.0866 MAE 11.3293 R2 0.3107
2026-09-01 08:39:29 | Epoch  41/100 | Train Loss 0.0831 | Val Loss 0.0881 MAE 11.6456 R2 0.2629
2026-09-01 08:39:30 | Epoch  42/100 | Train Loss 0.0798 | Val Loss 0.0902 MAE 11.9524 R2 0.2167
2026-09-01 08:39:31 | Epoch  43/100 | Train Loss 0.0811 | Val Loss 0.0874 MAE 11.7002 R2 0.2493
2026-09-01 08:39:33 | Epoch  44/100 | Train Loss 0.0754 | Val Loss 0.0852 MAE 11.6924 R2 0.2531
2026-09-01 08:39:34 | Epoch  45/100 | Train Loss 0.0734 | Val Loss 0.0827 MAE 11.5412 R2 0.2832
2026-09-01 08:39:34 | Val R2 did not improve for 10 consecutive epochs, early stopping at Epoch 45 (best R2 0.3195 @ Epoch 35)
2026-09-01 08:39:34 | Run 1/5 | Test (best model @ Epoch 35) | Loss 0.0926 MAE 11.3651 R2 0.3441
2026-09-01 08:39:34 | ===== Run 2/5 (seed 1) =====
2026-09-01 08:39:35 | Epoch   1/100 | Train Loss 3.1896 | Val Loss 1.3200 MAE 36.9001 R2 -4.6127
2026-09-01 08:39:35 |   Val R2 improved to -4.6127, model saved
2026-09-01 08:39:36 | Epoch   2/100 | Train Loss 1.4817 | Val Loss 1.2004 MAE 29.3378 R2 -2.8886
2026-09-01 08:39:36 |   Val R2 improved to -2.8886, model saved
2026-09-01 08:39:38 | Epoch   3/100 | Train Loss 1.3351 | Val Loss 1.0838 MAE 21.9803 R2 -1.4639
2026-09-01 08:39:38 |   Val R2 improved to -1.4639, model saved
2026-09-01 08:39:39 | Epoch   4/100 | Train Loss 1.1748 | Val Loss 0.8261 MAE 14.7522 R2 -0.1992
2026-09-01 08:39:39 |   Val R2 improved to -0.1992, model saved
2026-09-01 08:39:40 | Epoch   5/100 | Train Loss 0.7312 | Val Loss 0.2404 MAE 14.4758 R2 -0.1398
2026-09-01 08:39:40 |   Val R2 improved to -0.1398, model saved
2026-09-01 08:39:41 | Epoch   6/100 | Train Loss 0.4570 | Val Loss 0.2059 MAE 13.9708 R2 -0.0702
2026-09-01 08:39:41 |   Val R2 improved to -0.0702, model saved
2026-09-01 08:39:43 | Epoch   7/100 | Train Loss 0.4126 | Val Loss 0.1907 MAE 12.6903 R2 0.1588
2026-09-01 08:39:43 |   Val R2 improved to 0.1588, model saved
2026-09-01 08:39:44 | Epoch   8/100 | Train Loss 0.3736 | Val Loss 0.1839 MAE 13.6799 R2 -0.0222
2026-09-01 08:39:45 | Epoch   9/100 | Train Loss 0.3492 | Val Loss 0.1670 MAE 13.1014 R2 0.0780
2026-09-01 08:39:46 | Epoch  10/100 | Train Loss 0.3305 | Val Loss 0.1634 MAE 12.5654 R2 0.1663
2026-09-01 08:39:46 |   Val R2 improved to 0.1663, model saved
2026-09-01 08:39:47 | Epoch  11/100 | Train Loss 0.3061 | Val Loss 0.1592 MAE 12.6635 R2 0.1522
2026-09-01 08:39:49 | Epoch  12/100 | Train Loss 0.2954 | Val Loss 0.1512 MAE 12.5426 R2 0.1665
2026-09-01 08:39:49 |   Val R2 improved to 0.1665, model saved
2026-09-01 08:39:50 | Epoch  13/100 | Train Loss 0.2838 | Val Loss 0.1486 MAE 12.4083 R2 0.1904
2026-09-01 08:39:50 |   Val R2 improved to 0.1904, model saved
2026-09-01 08:39:51 | Epoch  14/100 | Train Loss 0.2663 | Val Loss 0.1546 MAE 12.7370 R2 0.1370
2026-09-01 08:39:52 | Epoch  15/100 | Train Loss 0.2461 | Val Loss 0.1342 MAE 12.1453 R2 0.2358
2026-09-01 08:39:52 |   Val R2 improved to 0.2358, model saved
2026-09-01 08:39:53 | Epoch  16/100 | Train Loss 0.2411 | Val Loss 0.1404 MAE 12.3163 R2 0.2053
2026-09-01 08:39:54 | Epoch  17/100 | Train Loss 0.2337 | Val Loss 0.1313 MAE 12.2152 R2 0.2271
2026-09-01 08:39:56 | Epoch  18/100 | Train Loss 0.2169 | Val Loss 0.1293 MAE 12.3382 R2 0.2066
2026-09-01 08:39:57 | Epoch  19/100 | Train Loss 0.2144 | Val Loss 0.1295 MAE 12.3021 R2 0.2133
2026-09-01 08:39:58 | Epoch  20/100 | Train Loss 0.1964 | Val Loss 0.1294 MAE 12.1663 R2 0.2246
2026-09-01 08:39:59 | Epoch  21/100 | Train Loss 0.1916 | Val Loss 0.1347 MAE 12.4988 R2 0.1731
2026-09-01 08:40:00 | Epoch  22/100 | Train Loss 0.1862 | Val Loss 0.1317 MAE 12.3926 R2 0.1910
2026-09-01 08:40:01 | Epoch  23/100 | Train Loss 0.1767 | Val Loss 0.1208 MAE 12.2219 R2 0.2210
2026-09-01 08:40:03 | Epoch  24/100 | Train Loss 0.1663 | Val Loss 0.1161 MAE 12.2272 R2 0.2253
2026-09-01 08:40:04 | Epoch  25/100 | Train Loss 0.1566 | Val Loss 0.1156 MAE 12.2924 R2 0.2135
2026-09-01 08:40:04 | Val R2 did not improve for 10 consecutive epochs, early stopping at Epoch 25 (best R2 0.2358 @ Epoch 15)
2026-09-01 08:40:04 | Run 2/5 | Test (best model @ Epoch 15) | Loss 0.1332 MAE 12.3387 R2 0.2522
2026-09-01 08:40:04 | ===== Run 3/5 (seed 2) =====
2026-09-01 08:40:05 | Epoch   1/100 | Train Loss 3.2821 | Val Loss 1.3404 MAE 41.9046 R2 -5.9426
2026-09-01 08:40:05 |   Val R2 improved to -5.9426, model saved
2026-09-01 08:40:07 | Epoch   2/100 | Train Loss 1.4851 | Val Loss 1.1065 MAE 23.3802 R2 -1.7303
2026-09-01 08:40:07 |   Val R2 improved to -1.7303, model saved
2026-09-01 08:40:08 | Epoch   3/100 | Train Loss 1.1484 | Val Loss 0.5036 MAE 14.7432 R2 -0.1691
2026-09-01 08:40:08 |   Val R2 improved to -0.1691, model saved
2026-09-01 08:40:09 | Epoch   4/100 | Train Loss 0.6261 | Val Loss 0.2361 MAE 15.9052 R2 -0.3885
2026-09-01 08:40:10 | Epoch   5/100 | Train Loss 0.4945 | Val Loss 0.1983 MAE 13.6592 R2 -0.0164
2026-09-01 08:40:10 |   Val R2 improved to -0.0164, model saved
2026-09-01 08:40:11 | Epoch   6/100 | Train Loss 0.4657 | Val Loss 0.1808 MAE 13.0824 R2 0.0714
2026-09-01 08:40:11 |   Val R2 improved to 0.0714, model saved
2026-09-01 08:40:12 | Epoch   7/100 | Train Loss 0.4269 | Val Loss 0.1833 MAE 13.0007 R2 0.0830
2026-09-01 08:40:12 |   Val R2 improved to 0.0830, model saved
2026-09-01 08:40:14 | Epoch   8/100 | Train Loss 0.3939 | Val Loss 0.1820 MAE 13.2295 R2 0.0413
2026-09-01 08:40:15 | Epoch   9/100 | Train Loss 0.3870 | Val Loss 0.1726 MAE 13.0290 R2 0.0746
2026-09-01 08:40:16 | Epoch  10/100 | Train Loss 0.3474 | Val Loss 0.1618 MAE 12.7763 R2 0.1128
2026-09-01 08:40:16 |   Val R2 improved to 0.1128, model saved
2026-09-01 08:40:17 | Epoch  11/100 | Train Loss 0.3287 | Val Loss 0.1631 MAE 12.6861 R2 0.1290
2026-09-01 08:40:17 |   Val R2 improved to 0.1290, model saved
2026-09-01 08:40:18 | Epoch  12/100 | Train Loss 0.3113 | Val Loss 0.1703 MAE 13.1261 R2 0.0579
2026-09-01 08:40:20 | Epoch  13/100 | Train Loss 0.2896 | Val Loss 0.1464 MAE 12.3272 R2 0.1861
2026-09-01 08:40:20 |   Val R2 improved to 0.1861, model saved
2026-09-01 08:40:21 | Epoch  14/100 | Train Loss 0.2826 | Val Loss 0.1453 MAE 12.3440 R2 0.1841
2026-09-01 08:40:22 | Epoch  15/100 | Train Loss 0.2584 | Val Loss 0.1504 MAE 12.5608 R2 0.1459
2026-09-01 08:40:23 | Epoch  16/100 | Train Loss 0.2505 | Val Loss 0.1401 MAE 12.2689 R2 0.1957
2026-09-01 08:40:23 |   Val R2 improved to 0.1957, model saved
2026-09-01 08:40:24 | Epoch  17/100 | Train Loss 0.2360 | Val Loss 0.1472 MAE 12.4951 R2 0.1566
2026-09-01 08:40:25 | Epoch  18/100 | Train Loss 0.2243 | Val Loss 0.1362 MAE 12.2101 R2 0.2030
2026-09-01 08:40:25 |   Val R2 improved to 0.2030, model saved
2026-09-01 08:40:27 | Epoch  19/100 | Train Loss 0.2141 | Val Loss 0.1268 MAE 11.9061 R2 0.2551
2026-09-01 08:40:27 |   Val R2 improved to 0.2551, model saved
2026-09-01 08:40:28 | Epoch  20/100 | Train Loss 0.1998 | Val Loss 0.1205 MAE 11.9877 R2 0.2465
2026-09-01 08:40:29 | Epoch  21/100 | Train Loss 0.1888 | Val Loss 0.1209 MAE 12.0452 R2 0.2384
2026-09-01 08:40:30 | Epoch  22/100 | Train Loss 0.1758 | Val Loss 0.1152 MAE 11.8533 R2 0.2677
2026-09-01 08:40:30 |   Val R2 improved to 0.2677, model saved
2026-09-01 08:40:31 | Epoch  23/100 | Train Loss 0.1706 | Val Loss 0.1136 MAE 11.8874 R2 0.2563
2026-09-01 08:40:32 | Epoch  24/100 | Train Loss 0.1587 | Val Loss 0.1144 MAE 12.1180 R2 0.2267
2026-09-01 08:40:34 | Epoch  25/100 | Train Loss 0.1513 | Val Loss 0.1079 MAE 11.9829 R2 0.2523
2026-09-01 08:40:35 | Epoch  26/100 | Train Loss 0.1466 | Val Loss 0.1177 MAE 12.2067 R2 0.2134
2026-09-01 08:40:36 | Epoch  27/100 | Train Loss 0.1396 | Val Loss 0.1053 MAE 11.9623 R2 0.2504
2026-09-01 08:40:37 | Epoch  28/100 | Train Loss 0.1288 | Val Loss 0.1015 MAE 11.9914 R2 0.2579
2026-09-01 08:40:38 | Epoch  29/100 | Train Loss 0.1272 | Val Loss 0.0960 MAE 11.7283 R2 0.2866
2026-09-01 08:40:38 |   Val R2 improved to 0.2866, model saved
2026-09-01 08:40:39 | Epoch  30/100 | Train Loss 0.1202 | Val Loss 0.0988 MAE 11.9012 R2 0.2628
2026-09-01 08:40:40 | Epoch  31/100 | Train Loss 0.1162 | Val Loss 0.0976 MAE 11.8370 R2 0.2651
2026-09-01 08:40:42 | Epoch  32/100 | Train Loss 0.1107 | Val Loss 0.1017 MAE 12.1675 R2 0.2210
2026-09-01 08:40:43 | Epoch  33/100 | Train Loss 0.1089 | Val Loss 0.0938 MAE 11.8926 R2 0.2647
2026-09-01 08:40:44 | Epoch  34/100 | Train Loss 0.1033 | Val Loss 0.0910 MAE 11.7927 R2 0.2791
2026-09-01 08:40:45 | Epoch  35/100 | Train Loss 0.0984 | Val Loss 0.0897 MAE 11.7400 R2 0.2847
2026-09-01 08:40:47 | Epoch  36/100 | Train Loss 0.0970 | Val Loss 0.0929 MAE 11.9652 R2 0.2483
2026-09-01 08:40:48 | Epoch  37/100 | Train Loss 0.0919 | Val Loss 0.0864 MAE 11.8536 R2 0.2743
2026-09-01 08:40:49 | Epoch  38/100 | Train Loss 0.0912 | Val Loss 0.0832 MAE 11.5236 R2 0.3137
2026-09-01 08:40:49 |   Val R2 improved to 0.3137, model saved
2026-09-01 08:40:50 | Epoch  39/100 | Train Loss 0.0925 | Val Loss 0.0883 MAE 12.0354 R2 0.2488
2026-09-01 08:40:51 | Epoch  40/100 | Train Loss 0.0871 | Val Loss 0.0845 MAE 11.8939 R2 0.2688
2026-09-01 08:40:52 | Epoch  41/100 | Train Loss 0.0848 | Val Loss 0.0855 MAE 11.9302 R2 0.2654
2026-09-01 08:40:54 | Epoch  42/100 | Train Loss 0.0856 | Val Loss 0.0823 MAE 11.9591 R2 0.2605
2026-09-01 08:40:55 | Epoch  43/100 | Train Loss 0.0805 | Val Loss 0.0845 MAE 12.1392 R2 0.2332
2026-09-01 08:40:56 | Epoch  44/100 | Train Loss 0.0812 | Val Loss 0.0856 MAE 12.2355 R2 0.2202
2026-09-01 08:40:57 | Epoch  45/100 | Train Loss 0.0793 | Val Loss 0.0793 MAE 11.8868 R2 0.2803
2026-09-01 08:40:58 | Epoch  46/100 | Train Loss 0.0803 | Val Loss 0.0786 MAE 11.8432 R2 0.2775
2026-09-01 08:40:59 | Epoch  47/100 | Train Loss 0.0744 | Val Loss 0.0795 MAE 12.0402 R2 0.2530
2026-09-01 08:41:00 | Epoch  48/100 | Train Loss 0.0752 | Val Loss 0.0793 MAE 12.0972 R2 0.2479
2026-09-01 08:41:00 | Val R2 did not improve for 10 consecutive epochs, early stopping at Epoch 48 (best R2 0.3137 @ Epoch 38)
2026-09-01 08:41:01 | Run 3/5 | Test (best model @ Epoch 38) | Loss 0.0841 MAE 11.6575 R2 0.3267
2026-09-01 08:41:01 | ===== Run 4/5 (seed 3) =====
2026-09-01 08:41:02 | Epoch   1/100 | Train Loss 2.6829 | Val Loss 1.3088 MAE 34.7046 R2 -4.0784
2026-09-01 08:41:02 |   Val R2 improved to -4.0784, model saved
2026-09-01 08:41:03 | Epoch   2/100 | Train Loss 1.4449 | Val Loss 1.1571 MAE 25.1273 R2 -2.0327
2026-09-01 08:41:03 |   Val R2 improved to -2.0327, model saved
2026-09-01 08:41:04 | Epoch   3/100 | Train Loss 1.2188 | Val Loss 0.7738 MAE 13.6244 R2 -0.0159
2026-09-01 08:41:04 |   Val R2 improved to -0.0159, model saved
2026-09-01 08:41:05 | Epoch   4/100 | Train Loss 0.6894 | Val Loss 0.2067 MAE 13.4259 R2 0.0327
2026-09-01 08:41:05 |   Val R2 improved to 0.0327, model saved
2026-09-01 08:41:07 | Epoch   5/100 | Train Loss 0.4080 | Val Loss 0.1802 MAE 12.9201 R2 0.0913
2026-09-01 08:41:07 |   Val R2 improved to 0.0913, model saved
2026-09-01 08:41:08 | Epoch   6/100 | Train Loss 0.3375 | Val Loss 0.1671 MAE 12.9337 R2 0.0884
2026-09-01 08:41:09 | Epoch   7/100 | Train Loss 0.3063 | Val Loss 0.1593 MAE 12.3021 R2 0.1862
2026-09-01 08:41:09 |   Val R2 improved to 0.1862, model saved
2026-09-01 08:41:10 | Epoch   8/100 | Train Loss 0.2826 | Val Loss 0.1456 MAE 12.2186 R2 0.1959
2026-09-01 08:41:10 |   Val R2 improved to 0.1959, model saved
2026-09-01 08:41:11 | Epoch   9/100 | Train Loss 0.2528 | Val Loss 0.1609 MAE 13.0290 R2 0.0677
2026-09-01 08:41:12 | Epoch  10/100 | Train Loss 0.2350 | Val Loss 0.1375 MAE 12.1768 R2 0.2002
2026-09-01 08:41:12 |   Val R2 improved to 0.2002, model saved
2026-09-01 08:41:14 | Epoch  11/100 | Train Loss 0.2168 | Val Loss 0.1389 MAE 12.1565 R2 0.2136
2026-09-01 08:41:14 |   Val R2 improved to 0.2136, model saved
2026-09-01 08:41:15 | Epoch  12/100 | Train Loss 0.2046 | Val Loss 0.1338 MAE 12.0635 R2 0.2170
2026-09-01 08:41:15 |   Val R2 improved to 0.2170, model saved
2026-09-01 08:41:16 | Epoch  13/100 | Train Loss 0.2019 | Val Loss 0.1351 MAE 12.0149 R2 0.2244
2026-09-01 08:41:16 |   Val R2 improved to 0.2244, model saved
2026-09-01 08:41:17 | Epoch  14/100 | Train Loss 0.1902 | Val Loss 0.1301 MAE 11.9852 R2 0.2351
2026-09-01 08:41:17 |   Val R2 improved to 0.2351, model saved
2026-09-01 08:41:19 | Epoch  15/100 | Train Loss 0.1766 | Val Loss 0.1325 MAE 12.1114 R2 0.2113
2026-09-01 08:41:20 | Epoch  16/100 | Train Loss 0.1747 | Val Loss 0.1238 MAE 11.8033 R2 0.2675
2026-09-01 08:41:20 |   Val R2 improved to 0.2675, model saved
2026-09-01 08:41:21 | Epoch  17/100 | Train Loss 0.1738 | Val Loss 0.1225 MAE 11.6489 R2 0.2847
2026-09-01 08:41:21 |   Val R2 improved to 0.2847, model saved
2026-09-01 08:41:22 | Epoch  18/100 | Train Loss 0.1634 | Val Loss 0.1218 MAE 11.6252 R2 0.2864
2026-09-01 08:41:22 |   Val R2 improved to 0.2864, model saved
2026-09-01 08:41:23 | Epoch  19/100 | Train Loss 0.1616 | Val Loss 0.1285 MAE 11.8849 R2 0.2475
2026-09-01 08:41:25 | Epoch  20/100 | Train Loss 0.1566 | Val Loss 0.1209 MAE 11.6819 R2 0.2797
2026-09-01 08:41:26 | Epoch  21/100 | Train Loss 0.1485 | Val Loss 0.1326 MAE 12.0453 R2 0.2155
2026-09-01 08:41:27 | Epoch  22/100 | Train Loss 0.1457 | Val Loss 0.1171 MAE 11.5531 R2 0.2953
2026-09-01 08:41:27 |   Val R2 improved to 0.2953, model saved
2026-09-01 08:41:28 | Epoch  23/100 | Train Loss 0.1405 | Val Loss 0.1227 MAE 11.9628 R2 0.2383
2026-09-01 08:41:29 | Epoch  24/100 | Train Loss 0.1347 | Val Loss 0.1152 MAE 11.7910 R2 0.2829
2026-09-01 08:41:31 | Epoch  25/100 | Train Loss 0.1292 | Val Loss 0.1232 MAE 11.8501 R2 0.2467
2026-09-01 08:41:32 | Epoch  26/100 | Train Loss 0.1268 | Val Loss 0.1115 MAE 11.5432 R2 0.2983
2026-09-01 08:41:32 |   Val R2 improved to 0.2983, model saved
2026-09-01 08:41:33 | Epoch  27/100 | Train Loss 0.1228 | Val Loss 0.1136 MAE 11.7215 R2 0.2760
2026-09-01 08:41:34 | Epoch  28/100 | Train Loss 0.1170 | Val Loss 0.1076 MAE 11.4523 R2 0.3186
2026-09-01 08:41:34 |   Val R2 improved to 0.3186, model saved
2026-09-01 08:41:35 | Epoch  29/100 | Train Loss 0.1112 | Val Loss 0.1088 MAE 11.7961 R2 0.2744
2026-09-01 08:41:36 | Epoch  30/100 | Train Loss 0.1057 | Val Loss 0.1049 MAE 11.3784 R2 0.3204
2026-09-01 08:41:36 |   Val R2 improved to 0.3204, model saved
2026-09-01 08:41:38 | Epoch  31/100 | Train Loss 0.1041 | Val Loss 0.1098 MAE 11.8749 R2 0.2528
2026-09-01 08:41:39 | Epoch  32/100 | Train Loss 0.0991 | Val Loss 0.1055 MAE 11.5195 R2 0.2968
2026-09-01 08:41:40 | Epoch  33/100 | Train Loss 0.0973 | Val Loss 0.1069 MAE 11.8575 R2 0.2709
2026-09-01 08:41:41 | Epoch  34/100 | Train Loss 0.0947 | Val Loss 0.1011 MAE 11.3819 R2 0.3158
2026-09-01 08:41:42 | Epoch  35/100 | Train Loss 0.0887 | Val Loss 0.1034 MAE 11.5915 R2 0.2923
2026-09-01 08:41:43 | Epoch  36/100 | Train Loss 0.0869 | Val Loss 0.1081 MAE 11.7032 R2 0.2706
2026-09-01 08:41:45 | Epoch  37/100 | Train Loss 0.0844 | Val Loss 0.0979 MAE 11.5353 R2 0.3106
2026-09-01 08:41:46 | Epoch  38/100 | Train Loss 0.0833 | Val Loss 0.0964 MAE 11.5890 R2 0.3035
2026-09-01 08:41:47 | Epoch  39/100 | Train Loss 0.0784 | Val Loss 0.0977 MAE 11.7445 R2 0.2779
2026-09-01 08:41:48 | Epoch  40/100 | Train Loss 0.0746 | Val Loss 0.0946 MAE 11.5255 R2 0.3049
2026-09-01 08:41:48 | Val R2 did not improve for 10 consecutive epochs, early stopping at Epoch 40 (best R2 0.3204 @ Epoch 30)
2026-09-01 08:41:48 | Run 4/5 | Test (best model @ Epoch 30) | Loss 0.1060 MAE 11.5262 R2 0.3361
2026-09-01 08:41:48 | ===== Run 5/5 (seed 4) =====
2026-09-01 08:41:49 | Epoch   1/100 | Train Loss 3.4161 | Val Loss 1.3759 MAE 40.8674 R2 -5.6685
2026-09-01 08:41:49 |   Val R2 improved to -5.6685, model saved
2026-09-01 08:41:51 | Epoch   2/100 | Train Loss 1.5266 | Val Loss 1.2311 MAE 31.4604 R2 -3.3103
2026-09-01 08:41:51 |   Val R2 improved to -3.3103, model saved
2026-09-01 08:41:52 | Epoch   3/100 | Train Loss 1.3590 | Val Loss 1.0607 MAE 21.9240 R2 -1.4092
2026-09-01 08:41:52 |   Val R2 improved to -1.4092, model saved
2026-09-01 08:41:53 | Epoch   4/100 | Train Loss 1.0874 | Val Loss 0.5579 MAE 14.1757 R2 -0.0888
2026-09-01 08:41:53 |   Val R2 improved to -0.0888, model saved
2026-09-01 08:41:54 | Epoch   5/100 | Train Loss 0.5893 | Val Loss 0.2249 MAE 13.2685 R2 0.0643
2026-09-01 08:41:54 |   Val R2 improved to 0.0643, model saved
2026-09-01 08:41:56 | Epoch   6/100 | Train Loss 0.4711 | Val Loss 0.1982 MAE 13.8829 R2 -0.0549
2026-09-01 08:41:57 | Epoch   7/100 | Train Loss 0.4259 | Val Loss 0.1788 MAE 12.6983 R2 0.1343
2026-09-01 08:41:57 |   Val R2 improved to 0.1343, model saved
2026-09-01 08:41:58 | Epoch   8/100 | Train Loss 0.3986 | Val Loss 0.1717 MAE 12.7099 R2 0.1337
2026-09-01 08:41:59 | Epoch   9/100 | Train Loss 0.3704 | Val Loss 0.1620 MAE 12.5180 R2 0.1604
2026-09-01 08:41:59 |   Val R2 improved to 0.1604, model saved
2026-09-01 08:42:00 | Epoch  10/100 | Train Loss 0.3419 | Val Loss 0.1639 MAE 12.7261 R2 0.1245
2026-09-01 08:42:01 | Epoch  11/100 | Train Loss 0.3346 | Val Loss 0.1631 MAE 12.6466 R2 0.1320
2026-09-01 08:42:03 | Epoch  12/100 | Train Loss 0.3170 | Val Loss 0.1489 MAE 12.3664 R2 0.1825
2026-09-01 08:42:03 |   Val R2 improved to 0.1825, model saved
2026-09-01 08:42:04 | Epoch  13/100 | Train Loss 0.2978 | Val Loss 0.1506 MAE 12.4899 R2 0.1580
2026-09-01 08:42:05 | Epoch  14/100 | Train Loss 0.2783 | Val Loss 0.1450 MAE 12.2859 R2 0.1914
2026-09-01 08:42:05 |   Val R2 improved to 0.1914, model saved
2026-09-01 08:42:06 | Epoch  15/100 | Train Loss 0.2606 | Val Loss 0.1369 MAE 12.1323 R2 0.2175
2026-09-01 08:42:06 |   Val R2 improved to 0.2175, model saved
2026-09-01 08:42:07 | Epoch  16/100 | Train Loss 0.2538 | Val Loss 0.1400 MAE 12.2022 R2 0.1997
2026-09-01 08:42:09 | Epoch  17/100 | Train Loss 0.2397 | Val Loss 0.1332 MAE 11.9949 R2 0.2336
2026-09-01 08:42:09 |   Val R2 improved to 0.2336, model saved
2026-09-01 08:42:10 | Epoch  18/100 | Train Loss 0.2285 | Val Loss 0.1340 MAE 12.0712 R2 0.2250
2026-09-01 08:42:11 | Epoch  19/100 | Train Loss 0.2200 | Val Loss 0.1303 MAE 12.0175 R2 0.2292
2026-09-01 08:42:12 | Epoch  20/100 | Train Loss 0.2121 | Val Loss 0.1204 MAE 11.7799 R2 0.2725
2026-09-01 08:42:12 |   Val R2 improved to 0.2725, model saved
2026-09-01 08:42:13 | Epoch  21/100 | Train Loss 0.1999 | Val Loss 0.1205 MAE 11.9026 R2 0.2560
2026-09-01 08:42:14 | Epoch  22/100 | Train Loss 0.1914 | Val Loss 0.1213 MAE 11.9412 R2 0.2423
2026-09-01 08:42:15 | Epoch  23/100 | Train Loss 0.1850 | Val Loss 0.1194 MAE 11.8304 R2 0.2635
2026-09-01 08:42:17 | Epoch  24/100 | Train Loss 0.1732 | Val Loss 0.1150 MAE 11.9579 R2 0.2483
2026-09-01 08:42:18 | Epoch  25/100 | Train Loss 0.1638 | Val Loss 0.1145 MAE 11.9035 R2 0.2569
2026-09-01 08:42:19 | Epoch  26/100 | Train Loss 0.1569 | Val Loss 0.1152 MAE 11.9879 R2 0.2385
2026-09-01 08:42:20 | Epoch  27/100 | Train Loss 0.1502 | Val Loss 0.1108 MAE 11.8996 R2 0.2574
2026-09-01 08:42:21 | Epoch  28/100 | Train Loss 0.1467 | Val Loss 0.1138 MAE 12.1007 R2 0.2232
2026-09-01 08:42:22 | Epoch  29/100 | Train Loss 0.1421 | Val Loss 0.1102 MAE 11.9121 R2 0.2509
2026-09-01 08:42:24 | Epoch  30/100 | Train Loss 0.1363 | Val Loss 0.1082 MAE 11.8561 R2 0.2586
2026-09-01 08:42:24 | Val R2 did not improve for 10 consecutive epochs, early stopping at Epoch 30 (best R2 0.2725 @ Epoch 20)
2026-09-01 08:42:24 | Run 5/5 | Test (best model @ Epoch 20) | Loss 0.1196 MAE 11.8896 R2 0.2946
2026-09-01 08:42:24 | Average over 5 runs | Test Loss 0.1071±0.0199 MAE 11.7554±0.3784 R2 0.3108±0.0377
