2026-09-04 23:18:23 | Device: cuda
2026-09-04 23:18:23 | Args: {'model': 'ceb', 'backbone': 'mlp', 'task': 'mnist', 'epochs': 100, 'batch_size': 512, 'lr': 0.001, 'hidden_dims': [512, 256], 'dropout': 0.2, 'z_dim': 256, 'anchor_scale': 4.0, 'energy_classifier': False, 'tied_head': False, 'max_len': 250, 'random_labels': False, 'beta': 0.0005, 'patience': 10, 'runs': 5, 'seed': 0, 'data_dir': './data', 'save_path': 'output/adv_mnist/mnist_mlp_ceb_beta_0.0005/mnist_mlp_ceb_beta_0.0005.pt', 'log_path': '/root/autodl-tmp/IB/output/adv_mnist/mnist_mlp_ceb_beta_0.0005/train.log', 'no_save': False}
2026-09-04 23:18:23 | ===== Run 1/5 (seed 0) =====
2026-09-04 23:18:28 | Epoch   1/100 | Train Loss 0.5204 Acc 0.8539 | Val Loss 0.2193 Acc 0.9447 AUC 0.9977 Pre 0.9443 Rec 0.9446
2026-09-04 23:18:28 |   Val AUC improved to 0.9977, model saved
2026-09-04 23:18:32 | Epoch   2/100 | Train Loss 0.1899 Acc 0.9544 | Val Loss 0.1423 Acc 0.9633 AUC 0.9989 Pre 0.9631 Rec 0.9630
2026-09-04 23:18:32 |   Val AUC improved to 0.9989, model saved
2026-09-04 23:18:37 | Epoch   3/100 | Train Loss 0.1348 Acc 0.9680 | Val Loss 0.1116 Acc 0.9716 AUC 0.9993 Pre 0.9717 Rec 0.9712
2026-09-04 23:18:37 |   Val AUC improved to 0.9993, model saved
2026-09-04 23:18:41 | Epoch   4/100 | Train Loss 0.1086 Acc 0.9745 | Val Loss 0.1173 Acc 0.9701 AUC 0.9993 Pre 0.9701 Rec 0.9700
2026-09-04 23:18:45 | Epoch   5/100 | Train Loss 0.0922 Acc 0.9782 | Val Loss 0.0952 Acc 0.9764 AUC 0.9995 Pre 0.9763 Rec 0.9762
2026-09-04 23:18:45 |   Val AUC improved to 0.9995, model saved
2026-09-04 23:18:49 | Epoch   6/100 | Train Loss 0.0779 Acc 0.9815 | Val Loss 0.0896 Acc 0.9767 AUC 0.9995 Pre 0.9765 Rec 0.9765
2026-09-04 23:18:53 | Epoch   7/100 | Train Loss 0.0666 Acc 0.9844 | Val Loss 0.0866 Acc 0.9773 AUC 0.9995 Pre 0.9772 Rec 0.9770
2026-09-04 23:18:53 |   Val AUC improved to 0.9995, model saved
2026-09-04 23:18:58 | Epoch   8/100 | Train Loss 0.0640 Acc 0.9845 | Val Loss 0.0932 Acc 0.9782 AUC 0.9994 Pre 0.9780 Rec 0.9781
2026-09-04 23:19:02 | Epoch   9/100 | Train Loss 0.0554 Acc 0.9864 | Val Loss 0.0921 Acc 0.9765 AUC 0.9995 Pre 0.9768 Rec 0.9759
2026-09-04 23:19:06 | Epoch  10/100 | Train Loss 0.0470 Acc 0.9893 | Val Loss 0.0745 Acc 0.9803 AUC 0.9996 Pre 0.9802 Rec 0.9802
2026-09-04 23:19:06 |   Val AUC improved to 0.9996, model saved
2026-09-04 23:19:11 | Epoch  11/100 | Train Loss 0.0460 Acc 0.9886 | Val Loss 0.0807 Acc 0.9794 AUC 0.9996 Pre 0.9794 Rec 0.9791
2026-09-04 23:19:11 |   Val AUC improved to 0.9996, model saved
2026-09-04 23:19:15 | Epoch  12/100 | Train Loss 0.0445 Acc 0.9894 | Val Loss 0.0806 Acc 0.9803 AUC 0.9995 Pre 0.9803 Rec 0.9801
2026-09-04 23:19:19 | Epoch  13/100 | Train Loss 0.0397 Acc 0.9902 | Val Loss 0.0825 Acc 0.9804 AUC 0.9996 Pre 0.9803 Rec 0.9801
2026-09-04 23:19:24 | Epoch  14/100 | Train Loss 0.0361 Acc 0.9915 | Val Loss 0.0876 Acc 0.9800 AUC 0.9995 Pre 0.9799 Rec 0.9798
2026-09-04 23:19:28 | Epoch  15/100 | Train Loss 0.0329 Acc 0.9927 | Val Loss 0.0898 Acc 0.9802 AUC 0.9994 Pre 0.9802 Rec 0.9800
2026-09-04 23:19:32 | Epoch  16/100 | Train Loss 0.0336 Acc 0.9918 | Val Loss 0.0834 Acc 0.9805 AUC 0.9996 Pre 0.9804 Rec 0.9804
2026-09-04 23:19:36 | Epoch  17/100 | Train Loss 0.0372 Acc 0.9909 | Val Loss 0.0874 Acc 0.9792 AUC 0.9996 Pre 0.9789 Rec 0.9790
2026-09-04 23:19:41 | Epoch  18/100 | Train Loss 0.0342 Acc 0.9919 | Val Loss 0.0906 Acc 0.9796 AUC 0.9995 Pre 0.9795 Rec 0.9794
2026-09-04 23:19:45 | Epoch  19/100 | Train Loss 0.0294 Acc 0.9935 | Val Loss 0.0896 Acc 0.9806 AUC 0.9996 Pre 0.9804 Rec 0.9804
2026-09-04 23:19:49 | Epoch  20/100 | Train Loss 0.0311 Acc 0.9924 | Val Loss 0.0860 Acc 0.9807 AUC 0.9997 Pre 0.9803 Rec 0.9806
2026-09-04 23:19:49 |   Val AUC improved to 0.9997, model saved
2026-09-04 23:19:53 | Epoch  21/100 | Train Loss 0.0292 Acc 0.9937 | Val Loss 0.0770 Acc 0.9824 AUC 0.9997 Pre 0.9823 Rec 0.9822
2026-09-04 23:19:53 |   Val AUC improved to 0.9997, model saved
2026-09-04 23:19:57 | Epoch  22/100 | Train Loss 0.0276 Acc 0.9938 | Val Loss 0.0924 Acc 0.9810 AUC 0.9995 Pre 0.9809 Rec 0.9808
2026-09-04 23:20:01 | Epoch  23/100 | Train Loss 0.0254 Acc 0.9946 | Val Loss 0.1006 Acc 0.9791 AUC 0.9995 Pre 0.9789 Rec 0.9790
2026-09-04 23:20:06 | Epoch  24/100 | Train Loss 0.0238 Acc 0.9950 | Val Loss 0.0873 Acc 0.9810 AUC 0.9996 Pre 0.9809 Rec 0.9809
2026-09-04 23:20:10 | Epoch  25/100 | Train Loss 0.0295 Acc 0.9934 | Val Loss 0.0914 Acc 0.9816 AUC 0.9995 Pre 0.9815 Rec 0.9814
2026-09-04 23:20:14 | Epoch  26/100 | Train Loss 0.0244 Acc 0.9949 | Val Loss 0.0975 Acc 0.9806 AUC 0.9995 Pre 0.9804 Rec 0.9804
2026-09-04 23:20:18 | Epoch  27/100 | Train Loss 0.0243 Acc 0.9949 | Val Loss 0.0981 Acc 0.9812 AUC 0.9994 Pre 0.9811 Rec 0.9810
2026-09-04 23:20:22 | Epoch  28/100 | Train Loss 0.0250 Acc 0.9948 | Val Loss 0.0927 Acc 0.9815 AUC 0.9996 Pre 0.9814 Rec 0.9813
2026-09-04 23:20:26 | Epoch  29/100 | Train Loss 0.0230 Acc 0.9952 | Val Loss 0.0873 Acc 0.9826 AUC 0.9996 Pre 0.9824 Rec 0.9825
2026-09-04 23:20:30 | Epoch  30/100 | Train Loss 0.0229 Acc 0.9952 | Val Loss 0.1064 Acc 0.9795 AUC 0.9995 Pre 0.9794 Rec 0.9793
2026-09-04 23:20:35 | Epoch  31/100 | Train Loss 0.0226 Acc 0.9956 | Val Loss 0.0892 Acc 0.9816 AUC 0.9996 Pre 0.9814 Rec 0.9814
2026-09-04 23:20:35 | Val AUC did not improve for 10 consecutive epochs, early stopping at Epoch 31 (best AUC 0.9997 @ Epoch 21)
2026-09-04 23:20:35 | Run 1/5 | Test (best model @ Epoch 21) | Loss 0.0685 Acc 0.9835 AUC 0.9997 Pre 0.9834 Rec 0.9833
2026-09-04 23:20:35 | ===== Run 2/5 (seed 1) =====
2026-09-04 23:20:40 | Epoch   1/100 | Train Loss 0.5228 Acc 0.8529 | Val Loss 0.2216 Acc 0.9428 AUC 0.9977 Pre 0.9437 Rec 0.9420
2026-09-04 23:20:40 |   Val AUC improved to 0.9977, model saved
2026-09-04 23:20:44 | Epoch   2/100 | Train Loss 0.1947 Acc 0.9533 | Val Loss 0.1416 Acc 0.9638 AUC 0.9990 Pre 0.9633 Rec 0.9638
2026-09-04 23:20:44 |   Val AUC improved to 0.9990, model saved
2026-09-04 23:20:48 | Epoch   3/100 | Train Loss 0.1387 Acc 0.9670 | Val Loss 0.1132 Acc 0.9720 AUC 0.9993 Pre 0.9718 Rec 0.9718
2026-09-04 23:20:48 |   Val AUC improved to 0.9993, model saved
2026-09-04 23:20:52 | Epoch   4/100 | Train Loss 0.1090 Acc 0.9743 | Val Loss 0.0952 Acc 0.9756 AUC 0.9995 Pre 0.9755 Rec 0.9754
2026-09-04 23:20:52 |   Val AUC improved to 0.9995, model saved
2026-09-04 23:20:56 | Epoch   5/100 | Train Loss 0.0903 Acc 0.9780 | Val Loss 0.0944 Acc 0.9766 AUC 0.9995 Pre 0.9764 Rec 0.9764
2026-09-04 23:20:56 |   Val AUC improved to 0.9995, model saved
2026-09-04 23:21:01 | Epoch   6/100 | Train Loss 0.0776 Acc 0.9813 | Val Loss 0.0915 Acc 0.9756 AUC 0.9996 Pre 0.9757 Rec 0.9752
2026-09-04 23:21:01 |   Val AUC improved to 0.9996, model saved
2026-09-04 23:21:05 | Epoch   7/100 | Train Loss 0.0688 Acc 0.9831 | Val Loss 0.0973 Acc 0.9751 AUC 0.9994 Pre 0.9749 Rec 0.9749
2026-09-04 23:21:09 | Epoch   8/100 | Train Loss 0.0597 Acc 0.9858 | Val Loss 0.0833 Acc 0.9788 AUC 0.9996 Pre 0.9787 Rec 0.9786
2026-09-04 23:21:09 |   Val AUC improved to 0.9996, model saved
2026-09-04 23:21:13 | Epoch   9/100 | Train Loss 0.0549 Acc 0.9872 | Val Loss 0.0818 Acc 0.9781 AUC 0.9996 Pre 0.9782 Rec 0.9777
2026-09-04 23:21:13 |   Val AUC improved to 0.9996, model saved
2026-09-04 23:21:18 | Epoch  10/100 | Train Loss 0.0530 Acc 0.9871 | Val Loss 0.0844 Acc 0.9770 AUC 0.9996 Pre 0.9767 Rec 0.9768
2026-09-04 23:21:22 | Epoch  11/100 | Train Loss 0.0493 Acc 0.9880 | Val Loss 0.0752 Acc 0.9809 AUC 0.9996 Pre 0.9807 Rec 0.9808
2026-09-04 23:21:22 |   Val AUC improved to 0.9996, model saved
2026-09-04 23:21:26 | Epoch  12/100 | Train Loss 0.0459 Acc 0.9888 | Val Loss 0.0819 Acc 0.9793 AUC 0.9996 Pre 0.9795 Rec 0.9790
2026-09-04 23:21:30 | Epoch  13/100 | Train Loss 0.0397 Acc 0.9906 | Val Loss 0.0813 Acc 0.9804 AUC 0.9996 Pre 0.9803 Rec 0.9802
2026-09-04 23:21:35 | Epoch  14/100 | Train Loss 0.0372 Acc 0.9912 | Val Loss 0.0819 Acc 0.9796 AUC 0.9996 Pre 0.9795 Rec 0.9795
2026-09-04 23:21:39 | Epoch  15/100 | Train Loss 0.0322 Acc 0.9930 | Val Loss 0.0807 Acc 0.9814 AUC 0.9996 Pre 0.9812 Rec 0.9813
2026-09-04 23:21:43 | Epoch  16/100 | Train Loss 0.0322 Acc 0.9928 | Val Loss 0.0824 Acc 0.9803 AUC 0.9996 Pre 0.9803 Rec 0.9800
2026-09-04 23:21:47 | Epoch  17/100 | Train Loss 0.0302 Acc 0.9929 | Val Loss 0.0838 Acc 0.9803 AUC 0.9996 Pre 0.9802 Rec 0.9801
2026-09-04 23:21:51 | Epoch  18/100 | Train Loss 0.0312 Acc 0.9930 | Val Loss 0.0775 Acc 0.9814 AUC 0.9997 Pre 0.9813 Rec 0.9812
2026-09-04 23:21:51 |   Val AUC improved to 0.9997, model saved
2026-09-04 23:21:56 | Epoch  19/100 | Train Loss 0.0279 Acc 0.9937 | Val Loss 0.0816 Acc 0.9820 AUC 0.9996 Pre 0.9819 Rec 0.9818
2026-09-04 23:22:00 | Epoch  20/100 | Train Loss 0.0288 Acc 0.9933 | Val Loss 0.0810 Acc 0.9818 AUC 0.9996 Pre 0.9819 Rec 0.9815
2026-09-04 23:22:04 | Epoch  21/100 | Train Loss 0.0299 Acc 0.9931 | Val Loss 0.0832 Acc 0.9806 AUC 0.9996 Pre 0.9805 Rec 0.9805
2026-09-04 23:22:08 | Epoch  22/100 | Train Loss 0.0324 Acc 0.9928 | Val Loss 0.0812 Acc 0.9817 AUC 0.9996 Pre 0.9816 Rec 0.9815
2026-09-04 23:22:12 | Epoch  23/100 | Train Loss 0.0251 Acc 0.9948 | Val Loss 0.0771 Acc 0.9816 AUC 0.9996 Pre 0.9814 Rec 0.9814
2026-09-04 23:22:16 | Epoch  24/100 | Train Loss 0.0208 Acc 0.9957 | Val Loss 0.0893 Acc 0.9798 AUC 0.9997 Pre 0.9800 Rec 0.9794
2026-09-04 23:22:21 | Epoch  25/100 | Train Loss 0.0271 Acc 0.9942 | Val Loss 0.0911 Acc 0.9814 AUC 0.9996 Pre 0.9814 Rec 0.9813
2026-09-04 23:22:25 | Epoch  26/100 | Train Loss 0.0275 Acc 0.9940 | Val Loss 0.0986 Acc 0.9805 AUC 0.9995 Pre 0.9802 Rec 0.9803
2026-09-04 23:22:29 | Epoch  27/100 | Train Loss 0.0268 Acc 0.9943 | Val Loss 0.0843 Acc 0.9840 AUC 0.9995 Pre 0.9839 Rec 0.9839
2026-09-04 23:22:34 | Epoch  28/100 | Train Loss 0.0270 Acc 0.9941 | Val Loss 0.0983 Acc 0.9810 AUC 0.9995 Pre 0.9807 Rec 0.9809
2026-09-04 23:22:34 | Val AUC did not improve for 10 consecutive epochs, early stopping at Epoch 28 (best AUC 0.9997 @ Epoch 18)
2026-09-04 23:22:34 | Run 2/5 | Test (best model @ Epoch 18) | Loss 0.0780 Acc 0.9821 AUC 0.9995 Pre 0.9820 Rec 0.9820
2026-09-04 23:22:34 | ===== Run 3/5 (seed 2) =====
2026-09-04 23:22:39 | Epoch   1/100 | Train Loss 0.5085 Acc 0.8582 | Val Loss 0.2120 Acc 0.9468 AUC 0.9977 Pre 0.9470 Rec 0.9459
2026-09-04 23:22:39 |   Val AUC improved to 0.9977, model saved
2026-09-04 23:22:43 | Epoch   2/100 | Train Loss 0.1905 Acc 0.9544 | Val Loss 0.1395 Acc 0.9661 AUC 0.9990 Pre 0.9663 Rec 0.9658
2026-09-04 23:22:43 |   Val AUC improved to 0.9990, model saved
2026-09-04 23:22:47 | Epoch   3/100 | Train Loss 0.1355 Acc 0.9678 | Val Loss 0.1188 Acc 0.9708 AUC 0.9993 Pre 0.9709 Rec 0.9705
2026-09-04 23:22:47 |   Val AUC improved to 0.9993, model saved
2026-09-04 23:22:51 | Epoch   4/100 | Train Loss 0.1093 Acc 0.9743 | Val Loss 0.1027 Acc 0.9732 AUC 0.9994 Pre 0.9729 Rec 0.9730
2026-09-04 23:22:51 |   Val AUC improved to 0.9994, model saved
2026-09-04 23:22:55 | Epoch   5/100 | Train Loss 0.0858 Acc 0.9799 | Val Loss 0.1028 Acc 0.9759 AUC 0.9994 Pre 0.9761 Rec 0.9755
2026-09-04 23:23:00 | Epoch   6/100 | Train Loss 0.0782 Acc 0.9812 | Val Loss 0.0867 Acc 0.9761 AUC 0.9996 Pre 0.9760 Rec 0.9758
2026-09-04 23:23:00 |   Val AUC improved to 0.9996, model saved
2026-09-04 23:23:04 | Epoch   7/100 | Train Loss 0.0665 Acc 0.9840 | Val Loss 0.0896 Acc 0.9770 AUC 0.9995 Pre 0.9767 Rec 0.9769
2026-09-04 23:23:08 | Epoch   8/100 | Train Loss 0.0589 Acc 0.9856 | Val Loss 0.0822 Acc 0.9788 AUC 0.9995 Pre 0.9786 Rec 0.9786
2026-09-04 23:23:13 | Epoch   9/100 | Train Loss 0.0529 Acc 0.9873 | Val Loss 0.0792 Acc 0.9795 AUC 0.9996 Pre 0.9794 Rec 0.9793
2026-09-04 23:23:13 |   Val AUC improved to 0.9996, model saved
2026-09-04 23:23:17 | Epoch  10/100 | Train Loss 0.0496 Acc 0.9883 | Val Loss 0.0788 Acc 0.9800 AUC 0.9996 Pre 0.9798 Rec 0.9798
2026-09-04 23:23:21 | Epoch  11/100 | Train Loss 0.0471 Acc 0.9889 | Val Loss 0.0814 Acc 0.9808 AUC 0.9995 Pre 0.9807 Rec 0.9807
2026-09-04 23:23:26 | Epoch  12/100 | Train Loss 0.0423 Acc 0.9899 | Val Loss 0.0775 Acc 0.9817 AUC 0.9995 Pre 0.9816 Rec 0.9815
2026-09-04 23:23:30 | Epoch  13/100 | Train Loss 0.0371 Acc 0.9913 | Val Loss 0.0851 Acc 0.9790 AUC 0.9995 Pre 0.9788 Rec 0.9788
2026-09-04 23:23:35 | Epoch  14/100 | Train Loss 0.0377 Acc 0.9907 | Val Loss 0.0815 Acc 0.9810 AUC 0.9996 Pre 0.9810 Rec 0.9807
2026-09-04 23:23:39 | Epoch  15/100 | Train Loss 0.0352 Acc 0.9916 | Val Loss 0.0815 Acc 0.9807 AUC 0.9995 Pre 0.9805 Rec 0.9805
2026-09-04 23:23:43 | Epoch  16/100 | Train Loss 0.0365 Acc 0.9912 | Val Loss 0.0871 Acc 0.9800 AUC 0.9995 Pre 0.9798 Rec 0.9797
2026-09-04 23:23:47 | Epoch  17/100 | Train Loss 0.0336 Acc 0.9922 | Val Loss 0.0889 Acc 0.9793 AUC 0.9996 Pre 0.9792 Rec 0.9790
2026-09-04 23:23:51 | Epoch  18/100 | Train Loss 0.0301 Acc 0.9935 | Val Loss 0.0775 Acc 0.9820 AUC 0.9995 Pre 0.9819 Rec 0.9817
2026-09-04 23:23:55 | Epoch  19/100 | Train Loss 0.0272 Acc 0.9941 | Val Loss 0.0808 Acc 0.9822 AUC 0.9996 Pre 0.9820 Rec 0.9821
2026-09-04 23:23:55 | Val AUC did not improve for 10 consecutive epochs, early stopping at Epoch 19 (best AUC 0.9996 @ Epoch 9)
2026-09-04 23:23:56 | Run 3/5 | Test (best model @ Epoch 9) | Loss 0.0775 Acc 0.9806 AUC 0.9996 Pre 0.9806 Rec 0.9805
2026-09-04 23:23:56 | ===== Run 4/5 (seed 3) =====
2026-09-04 23:24:00 | Epoch   1/100 | Train Loss 0.5117 Acc 0.8570 | Val Loss 0.2084 Acc 0.9491 AUC 0.9977 Pre 0.9487 Rec 0.9488
2026-09-04 23:24:00 |   Val AUC improved to 0.9977, model saved
2026-09-04 23:24:05 | Epoch   2/100 | Train Loss 0.1908 Acc 0.9538 | Val Loss 0.1471 Acc 0.9635 AUC 0.9990 Pre 0.9633 Rec 0.9633
2026-09-04 23:24:05 |   Val AUC improved to 0.9990, model saved
2026-09-04 23:24:09 | Epoch   3/100 | Train Loss 0.1355 Acc 0.9680 | Val Loss 0.1251 Acc 0.9683 AUC 0.9992 Pre 0.9684 Rec 0.9678
2026-09-04 23:24:09 |   Val AUC improved to 0.9992, model saved
2026-09-04 23:24:13 | Epoch   4/100 | Train Loss 0.1085 Acc 0.9748 | Val Loss 0.1053 Acc 0.9721 AUC 0.9993 Pre 0.9724 Rec 0.9716
2026-09-04 23:24:13 |   Val AUC improved to 0.9993, model saved
2026-09-04 23:24:17 | Epoch   5/100 | Train Loss 0.0916 Acc 0.9780 | Val Loss 0.0970 Acc 0.9746 AUC 0.9994 Pre 0.9742 Rec 0.9746
2026-09-04 23:24:17 |   Val AUC improved to 0.9994, model saved
2026-09-04 23:24:22 | Epoch   6/100 | Train Loss 0.0769 Acc 0.9815 | Val Loss 0.0890 Acc 0.9780 AUC 0.9995 Pre 0.9779 Rec 0.9778
2026-09-04 23:24:22 |   Val AUC improved to 0.9995, model saved
2026-09-04 23:24:26 | Epoch   7/100 | Train Loss 0.0693 Acc 0.9833 | Val Loss 0.0957 Acc 0.9753 AUC 0.9994 Pre 0.9754 Rec 0.9750
2026-09-04 23:24:30 | Epoch   8/100 | Train Loss 0.0598 Acc 0.9859 | Val Loss 0.0792 Acc 0.9787 AUC 0.9996 Pre 0.9785 Rec 0.9786
2026-09-04 23:24:30 |   Val AUC improved to 0.9996, model saved
2026-09-04 23:24:34 | Epoch   9/100 | Train Loss 0.0508 Acc 0.9878 | Val Loss 0.0825 Acc 0.9796 AUC 0.9996 Pre 0.9798 Rec 0.9792
2026-09-04 23:24:34 |   Val AUC improved to 0.9996, model saved
2026-09-04 23:24:38 | Epoch  10/100 | Train Loss 0.0500 Acc 0.9876 | Val Loss 0.0863 Acc 0.9804 AUC 0.9995 Pre 0.9803 Rec 0.9802
2026-09-04 23:24:43 | Epoch  11/100 | Train Loss 0.0493 Acc 0.9879 | Val Loss 0.0824 Acc 0.9803 AUC 0.9996 Pre 0.9801 Rec 0.9803
2026-09-04 23:24:47 | Epoch  12/100 | Train Loss 0.0431 Acc 0.9899 | Val Loss 0.0828 Acc 0.9814 AUC 0.9995 Pre 0.9815 Rec 0.9811
2026-09-04 23:24:51 | Epoch  13/100 | Train Loss 0.0406 Acc 0.9901 | Val Loss 0.0876 Acc 0.9795 AUC 0.9995 Pre 0.9797 Rec 0.9792
2026-09-04 23:24:55 | Epoch  14/100 | Train Loss 0.0357 Acc 0.9915 | Val Loss 0.0836 Acc 0.9791 AUC 0.9996 Pre 0.9789 Rec 0.9789
2026-09-04 23:24:55 |   Val AUC improved to 0.9996, model saved
2026-09-04 23:25:00 | Epoch  15/100 | Train Loss 0.0348 Acc 0.9921 | Val Loss 0.0812 Acc 0.9801 AUC 0.9996 Pre 0.9798 Rec 0.9799
2026-09-04 23:25:04 | Epoch  16/100 | Train Loss 0.0352 Acc 0.9913 | Val Loss 0.0881 Acc 0.9799 AUC 0.9996 Pre 0.9797 Rec 0.9798
2026-09-04 23:25:08 | Epoch  17/100 | Train Loss 0.0287 Acc 0.9937 | Val Loss 0.0908 Acc 0.9790 AUC 0.9995 Pre 0.9789 Rec 0.9789
2026-09-04 23:25:12 | Epoch  18/100 | Train Loss 0.0353 Acc 0.9916 | Val Loss 0.0878 Acc 0.9806 AUC 0.9996 Pre 0.9806 Rec 0.9803
2026-09-04 23:25:17 | Epoch  19/100 | Train Loss 0.0290 Acc 0.9934 | Val Loss 0.0821 Acc 0.9818 AUC 0.9995 Pre 0.9816 Rec 0.9816
2026-09-04 23:25:21 | Epoch  20/100 | Train Loss 0.0314 Acc 0.9928 | Val Loss 0.0932 Acc 0.9788 AUC 0.9996 Pre 0.9789 Rec 0.9784
2026-09-04 23:25:25 | Epoch  21/100 | Train Loss 0.0301 Acc 0.9933 | Val Loss 0.0933 Acc 0.9788 AUC 0.9997 Pre 0.9784 Rec 0.9788
2026-09-04 23:25:25 |   Val AUC improved to 0.9997, model saved
2026-09-04 23:25:29 | Epoch  22/100 | Train Loss 0.0268 Acc 0.9940 | Val Loss 0.0850 Acc 0.9819 AUC 0.9997 Pre 0.9819 Rec 0.9816
2026-09-04 23:25:29 |   Val AUC improved to 0.9997, model saved
2026-09-04 23:25:33 | Epoch  23/100 | Train Loss 0.0272 Acc 0.9941 | Val Loss 0.0834 Acc 0.9803 AUC 0.9996 Pre 0.9799 Rec 0.9801
2026-09-04 23:25:38 | Epoch  24/100 | Train Loss 0.0275 Acc 0.9942 | Val Loss 0.0917 Acc 0.9798 AUC 0.9996 Pre 0.9798 Rec 0.9795
2026-09-04 23:25:42 | Epoch  25/100 | Train Loss 0.0220 Acc 0.9955 | Val Loss 0.0924 Acc 0.9810 AUC 0.9995 Pre 0.9808 Rec 0.9808
2026-09-04 23:25:46 | Epoch  26/100 | Train Loss 0.0242 Acc 0.9948 | Val Loss 0.0917 Acc 0.9812 AUC 0.9996 Pre 0.9811 Rec 0.9810
2026-09-04 23:25:50 | Epoch  27/100 | Train Loss 0.0258 Acc 0.9944 | Val Loss 0.0977 Acc 0.9809 AUC 0.9995 Pre 0.9808 Rec 0.9807
2026-09-04 23:25:54 | Epoch  28/100 | Train Loss 0.0243 Acc 0.9951 | Val Loss 0.0897 Acc 0.9808 AUC 0.9996 Pre 0.9807 Rec 0.9807
2026-09-04 23:25:58 | Epoch  29/100 | Train Loss 0.0224 Acc 0.9955 | Val Loss 0.0928 Acc 0.9804 AUC 0.9996 Pre 0.9800 Rec 0.9804
2026-09-04 23:26:02 | Epoch  30/100 | Train Loss 0.0259 Acc 0.9941 | Val Loss 0.1002 Acc 0.9806 AUC 0.9995 Pre 0.9804 Rec 0.9804
2026-09-04 23:26:07 | Epoch  31/100 | Train Loss 0.0256 Acc 0.9946 | Val Loss 0.0992 Acc 0.9808 AUC 0.9995 Pre 0.9807 Rec 0.9805
2026-09-04 23:26:11 | Epoch  32/100 | Train Loss 0.0246 Acc 0.9950 | Val Loss 0.0938 Acc 0.9805 AUC 0.9995 Pre 0.9805 Rec 0.9803
2026-09-04 23:26:11 | Val AUC did not improve for 10 consecutive epochs, early stopping at Epoch 32 (best AUC 0.9997 @ Epoch 22)
2026-09-04 23:26:11 | Run 4/5 | Test (best model @ Epoch 22) | Loss 0.0768 Acc 0.9829 AUC 0.9996 Pre 0.9830 Rec 0.9827
2026-09-04 23:26:11 | ===== Run 5/5 (seed 4) =====
2026-09-04 23:26:16 | Epoch   1/100 | Train Loss 0.5200 Acc 0.8551 | Val Loss 0.2157 Acc 0.9480 AUC 0.9978 Pre 0.9482 Rec 0.9473
2026-09-04 23:26:16 |   Val AUC improved to 0.9978, model saved
2026-09-04 23:26:20 | Epoch   2/100 | Train Loss 0.1948 Acc 0.9536 | Val Loss 0.1519 Acc 0.9618 AUC 0.9989 Pre 0.9619 Rec 0.9616
2026-09-04 23:26:20 |   Val AUC improved to 0.9989, model saved
2026-09-04 23:26:24 | Epoch   3/100 | Train Loss 0.1399 Acc 0.9658 | Val Loss 0.1167 Acc 0.9739 AUC 0.9992 Pre 0.9739 Rec 0.9737
2026-09-04 23:26:24 |   Val AUC improved to 0.9992, model saved
2026-09-04 23:26:28 | Epoch   4/100 | Train Loss 0.1116 Acc 0.9730 | Val Loss 0.1037 Acc 0.9735 AUC 0.9995 Pre 0.9730 Rec 0.9735
2026-09-04 23:26:28 |   Val AUC improved to 0.9995, model saved
2026-09-04 23:26:32 | Epoch   5/100 | Train Loss 0.0910 Acc 0.9778 | Val Loss 0.0967 Acc 0.9748 AUC 0.9995 Pre 0.9747 Rec 0.9746
2026-09-04 23:26:32 |   Val AUC improved to 0.9995, model saved
2026-09-04 23:26:36 | Epoch   6/100 | Train Loss 0.0757 Acc 0.9823 | Val Loss 0.0954 Acc 0.9764 AUC 0.9995 Pre 0.9765 Rec 0.9758
2026-09-04 23:26:36 |   Val AUC improved to 0.9995, model saved
2026-09-04 23:26:41 | Epoch   7/100 | Train Loss 0.0682 Acc 0.9837 | Val Loss 0.0941 Acc 0.9784 AUC 0.9995 Pre 0.9783 Rec 0.9782
2026-09-04 23:26:45 | Epoch   8/100 | Train Loss 0.0579 Acc 0.9860 | Val Loss 0.0800 Acc 0.9794 AUC 0.9996 Pre 0.9791 Rec 0.9792
2026-09-04 23:26:45 |   Val AUC improved to 0.9996, model saved
2026-09-04 23:26:49 | Epoch   9/100 | Train Loss 0.0566 Acc 0.9865 | Val Loss 0.0827 Acc 0.9782 AUC 0.9995 Pre 0.9780 Rec 0.9780
2026-09-04 23:26:53 | Epoch  10/100 | Train Loss 0.0518 Acc 0.9872 | Val Loss 0.0844 Acc 0.9789 AUC 0.9996 Pre 0.9787 Rec 0.9790
2026-09-04 23:26:57 | Epoch  11/100 | Train Loss 0.0440 Acc 0.9898 | Val Loss 0.0854 Acc 0.9791 AUC 0.9996 Pre 0.9790 Rec 0.9789
2026-09-04 23:26:57 |   Val AUC improved to 0.9996, model saved
2026-09-04 23:27:01 | Epoch  12/100 | Train Loss 0.0449 Acc 0.9889 | Val Loss 0.0879 Acc 0.9792 AUC 0.9995 Pre 0.9792 Rec 0.9787
2026-09-04 23:27:06 | Epoch  13/100 | Train Loss 0.0443 Acc 0.9891 | Val Loss 0.0963 Acc 0.9800 AUC 0.9994 Pre 0.9798 Rec 0.9800
2026-09-04 23:27:10 | Epoch  14/100 | Train Loss 0.0362 Acc 0.9918 | Val Loss 0.0799 Acc 0.9805 AUC 0.9996 Pre 0.9803 Rec 0.9804
2026-09-04 23:27:14 | Epoch  15/100 | Train Loss 0.0345 Acc 0.9919 | Val Loss 0.0836 Acc 0.9815 AUC 0.9996 Pre 0.9815 Rec 0.9814
2026-09-04 23:27:18 | Epoch  16/100 | Train Loss 0.0307 Acc 0.9929 | Val Loss 0.0819 Acc 0.9807 AUC 0.9995 Pre 0.9805 Rec 0.9805
2026-09-04 23:27:22 | Epoch  17/100 | Train Loss 0.0311 Acc 0.9925 | Val Loss 0.0829 Acc 0.9813 AUC 0.9995 Pre 0.9812 Rec 0.9812
2026-09-04 23:27:26 | Epoch  18/100 | Train Loss 0.0322 Acc 0.9933 | Val Loss 0.0911 Acc 0.9808 AUC 0.9996 Pre 0.9806 Rec 0.9806
2026-09-04 23:27:30 | Epoch  19/100 | Train Loss 0.0301 Acc 0.9930 | Val Loss 0.0908 Acc 0.9799 AUC 0.9996 Pre 0.9797 Rec 0.9798
2026-09-04 23:27:30 |   Val AUC improved to 0.9996, model saved
2026-09-04 23:27:34 | Epoch  20/100 | Train Loss 0.0308 Acc 0.9929 | Val Loss 0.0835 Acc 0.9802 AUC 0.9996 Pre 0.9800 Rec 0.9799
2026-09-04 23:27:38 | Epoch  21/100 | Train Loss 0.0302 Acc 0.9932 | Val Loss 0.0867 Acc 0.9809 AUC 0.9996 Pre 0.9809 Rec 0.9808
2026-09-04 23:27:43 | Epoch  22/100 | Train Loss 0.0253 Acc 0.9947 | Val Loss 0.0909 Acc 0.9812 AUC 0.9996 Pre 0.9811 Rec 0.9810
2026-09-04 23:27:47 | Epoch  23/100 | Train Loss 0.0257 Acc 0.9944 | Val Loss 0.0832 Acc 0.9821 AUC 0.9996 Pre 0.9818 Rec 0.9821
2026-09-04 23:27:47 |   Val AUC improved to 0.9996, model saved
2026-09-04 23:27:51 | Epoch  24/100 | Train Loss 0.0257 Acc 0.9940 | Val Loss 0.0961 Acc 0.9815 AUC 0.9995 Pre 0.9816 Rec 0.9813
2026-09-04 23:27:55 | Epoch  25/100 | Train Loss 0.0276 Acc 0.9942 | Val Loss 0.0937 Acc 0.9793 AUC 0.9996 Pre 0.9791 Rec 0.9791
2026-09-04 23:27:59 | Epoch  26/100 | Train Loss 0.0271 Acc 0.9938 | Val Loss 0.0925 Acc 0.9795 AUC 0.9995 Pre 0.9794 Rec 0.9792
2026-09-04 23:28:03 | Epoch  27/100 | Train Loss 0.0278 Acc 0.9939 | Val Loss 0.0934 Acc 0.9808 AUC 0.9996 Pre 0.9808 Rec 0.9805
2026-09-04 23:28:07 | Epoch  28/100 | Train Loss 0.0254 Acc 0.9944 | Val Loss 0.0890 Acc 0.9816 AUC 0.9996 Pre 0.9816 Rec 0.9813
2026-09-04 23:28:12 | Epoch  29/100 | Train Loss 0.0199 Acc 0.9960 | Val Loss 0.0837 Acc 0.9816 AUC 0.9996 Pre 0.9816 Rec 0.9813
2026-09-04 23:28:12 |   Val AUC improved to 0.9996, model saved
2026-09-04 23:28:16 | Epoch  30/100 | Train Loss 0.0213 Acc 0.9955 | Val Loss 0.0920 Acc 0.9810 AUC 0.9996 Pre 0.9807 Rec 0.9809
2026-09-04 23:28:20 | Epoch  31/100 | Train Loss 0.0229 Acc 0.9952 | Val Loss 0.0929 Acc 0.9809 AUC 0.9995 Pre 0.9808 Rec 0.9808
2026-09-04 23:28:24 | Epoch  32/100 | Train Loss 0.0246 Acc 0.9950 | Val Loss 0.0938 Acc 0.9809 AUC 0.9996 Pre 0.9808 Rec 0.9808
2026-09-04 23:28:28 | Epoch  33/100 | Train Loss 0.0217 Acc 0.9955 | Val Loss 0.0916 Acc 0.9824 AUC 0.9996 Pre 0.9824 Rec 0.9822
2026-09-04 23:28:33 | Epoch  34/100 | Train Loss 0.0211 Acc 0.9958 | Val Loss 0.0905 Acc 0.9815 AUC 0.9997 Pre 0.9813 Rec 0.9815
2026-09-04 23:28:33 |   Val AUC improved to 0.9997, model saved
2026-09-04 23:28:37 | Epoch  35/100 | Train Loss 0.0216 Acc 0.9959 | Val Loss 0.0989 Acc 0.9813 AUC 0.9995 Pre 0.9813 Rec 0.9812
2026-09-04 23:28:41 | Epoch  36/100 | Train Loss 0.0222 Acc 0.9952 | Val Loss 0.0960 Acc 0.9810 AUC 0.9996 Pre 0.9810 Rec 0.9807
2026-09-04 23:28:46 | Epoch  37/100 | Train Loss 0.0223 Acc 0.9956 | Val Loss 0.0866 Acc 0.9834 AUC 0.9996 Pre 0.9833 Rec 0.9832
2026-09-04 23:28:50 | Epoch  38/100 | Train Loss 0.0209 Acc 0.9958 | Val Loss 0.0944 Acc 0.9825 AUC 0.9996 Pre 0.9825 Rec 0.9822
2026-09-04 23:28:54 | Epoch  39/100 | Train Loss 0.0209 Acc 0.9957 | Val Loss 0.0922 Acc 0.9827 AUC 0.9996 Pre 0.9826 Rec 0.9826
2026-09-04 23:28:58 | Epoch  40/100 | Train Loss 0.0201 Acc 0.9962 | Val Loss 0.1020 Acc 0.9822 AUC 0.9996 Pre 0.9820 Rec 0.9820
2026-09-04 23:29:03 | Epoch  41/100 | Train Loss 0.0202 Acc 0.9963 | Val Loss 0.0887 Acc 0.9832 AUC 0.9996 Pre 0.9831 Rec 0.9830
2026-09-04 23:29:07 | Epoch  42/100 | Train Loss 0.0205 Acc 0.9959 | Val Loss 0.0990 Acc 0.9832 AUC 0.9995 Pre 0.9830 Rec 0.9830
2026-09-04 23:29:11 | Epoch  43/100 | Train Loss 0.0187 Acc 0.9966 | Val Loss 0.0945 Acc 0.9826 AUC 0.9996 Pre 0.9826 Rec 0.9823
2026-09-04 23:29:15 | Epoch  44/100 | Train Loss 0.0217 Acc 0.9958 | Val Loss 0.0971 Acc 0.9814 AUC 0.9995 Pre 0.9814 Rec 0.9810
2026-09-04 23:29:15 | Val AUC did not improve for 10 consecutive epochs, early stopping at Epoch 44 (best AUC 0.9997 @ Epoch 34)
2026-09-04 23:29:16 | Run 5/5 | Test (best model @ Epoch 34) | Loss 0.0848 Acc 0.9836 AUC 0.9995 Pre 0.9835 Rec 0.9834
2026-09-04 23:29:16 | Average over 5 runs | Test Loss 0.0771±0.0058 Acc 0.9825±0.0012 AUC 0.9996±0.0001 Pre 0.9825±0.0012 Rec 0.9824±0.0012
