2026-08-26 22:45:48 | Device: cuda
2026-08-26 22:45:48 | Args: {'model': 'fgib', 'backbone': 'mlp', 'task': 'imagenet100', 'epochs': 100, 'batch_size': 512, 'lr': 0.001, 'hidden_dims': [512, 256], 'dropout': 0.2, 'z_dim': 256, 'anchor_scale': 6.0, 'max_len': 250, 'random_labels': False, 'beta': 10.0, 'patience': 10, 'runs': 5, 'seed': 0, 'data_dir': './data', 'save_path': 'output/imagenet100_mlp_fgib/imagenet100_mlp_fgib.pt', 'log_path': '/root/autodl-tmp/FGIB/tune_results/imagenet100_mlp_fgib_beta_10_anchor_6/train.log', 'no_save': True}
2026-08-26 22:45:48 | ImageNet-100 特征：使用 4×4 空间池化文件 ./data/imagenet100/imagenet100_resnet50_layer3_pool4_features.npz
2026-08-26 22:45:48 | ImageNet-100 预处理缓存：mmap 共享 ./data/imagenet100/preprocessed_pool4
2026-08-26 22:45:48 | ===== Run 1/5 (seed 0) =====
2026-08-26 22:45:57 | Epoch   1/100 | Train Loss 148.4189 Acc 0.2458 | Val Loss 105.8292 Acc 0.5292 AUC 0.9112 Pre 0.4498 Rec 0.5205
2026-08-26 22:45:57 |   Val AUC improved to 0.9112, model saved
2026-08-26 22:46:04 | Epoch   2/100 | Train Loss 107.5899 Acc 0.5119 | Val Loss 95.5957 Acc 0.5913 AUC 0.9522 Pre 0.5265 Rec 0.5839
2026-08-26 22:46:04 |   Val AUC improved to 0.9522, model saved
2026-08-26 22:46:11 | Epoch   3/100 | Train Loss 96.2256 Acc 0.5572 | Val Loss 91.3159 Acc 0.6180 AUC 0.9642 Pre 0.5926 Rec 0.6112
2026-08-26 22:46:11 |   Val AUC improved to 0.9642, model saved
2026-08-26 22:46:19 | Epoch   4/100 | Train Loss 91.1060 Acc 0.5801 | Val Loss 89.8731 Acc 0.6273 AUC 0.9607 Pre 0.6072 Rec 0.6204
2026-08-26 22:46:26 | Epoch   5/100 | Train Loss 88.4492 Acc 0.5851 | Val Loss 89.4624 Acc 0.6223 AUC 0.9579 Pre 0.6144 Rec 0.6151
2026-08-26 22:46:34 | Epoch   6/100 | Train Loss 87.1245 Acc 0.5864 | Val Loss 90.0998 Acc 0.6261 AUC 0.9557 Pre 0.6214 Rec 0.6191
2026-08-26 22:46:41 | Epoch   7/100 | Train Loss 85.7962 Acc 0.5929 | Val Loss 88.9685 Acc 0.6298 AUC 0.9570 Pre 0.6293 Rec 0.6225
2026-08-26 22:46:48 | Epoch   8/100 | Train Loss 84.5377 Acc 0.5976 | Val Loss 88.2617 Acc 0.6323 AUC 0.9565 Pre 0.6390 Rec 0.6250
2026-08-26 22:46:55 | Epoch   9/100 | Train Loss 84.0241 Acc 0.5980 | Val Loss 88.4610 Acc 0.6325 AUC 0.9548 Pre 0.6387 Rec 0.6250
2026-08-26 22:47:02 | Epoch  10/100 | Train Loss 83.2781 Acc 0.6010 | Val Loss 88.7723 Acc 0.6354 AUC 0.9550 Pre 0.6426 Rec 0.6281
2026-08-26 22:47:09 | Epoch  11/100 | Train Loss 83.3407 Acc 0.5998 | Val Loss 88.9442 Acc 0.6340 AUC 0.9538 Pre 0.6425 Rec 0.6266
2026-08-26 22:47:16 | Epoch  12/100 | Train Loss 83.1003 Acc 0.6015 | Val Loss 88.7808 Acc 0.6366 AUC 0.9547 Pre 0.6460 Rec 0.6291
2026-08-26 22:47:24 | Epoch  13/100 | Train Loss 82.3739 Acc 0.6054 | Val Loss 88.9900 Acc 0.6361 AUC 0.9543 Pre 0.6509 Rec 0.6285
2026-08-26 22:47:24 | Val AUC did not improve for 10 consecutive epochs, early stopping at Epoch 13 (best AUC 0.9642 @ Epoch 3)
2026-08-26 22:47:26 | Run 1/5 | Test (best model @ Epoch 3) | Loss 91.2725 Acc 0.6210 AUC 0.9639 Pre 0.5938 Rec 0.6142
2026-08-26 22:47:26 | ===== Run 2/5 (seed 1) =====
2026-08-26 22:47:33 | Epoch   1/100 | Train Loss 147.0682 Acc 0.2599 | Val Loss 103.5936 Acc 0.5443 AUC 0.9331 Pre 0.5089 Rec 0.5377
2026-08-26 22:47:33 |   Val AUC improved to 0.9331, model saved
2026-08-26 22:47:40 | Epoch   2/100 | Train Loss 103.2728 Acc 0.5397 | Val Loss 92.5673 Acc 0.6173 AUC 0.9662 Pre 0.5835 Rec 0.6096
2026-08-26 22:47:40 |   Val AUC improved to 0.9662, model saved
2026-08-26 22:47:47 | Epoch   3/100 | Train Loss 91.1601 Acc 0.5926 | Val Loss 87.7357 Acc 0.6562 AUC 0.9664 Pre 0.6181 Rec 0.6472
2026-08-26 22:47:47 |   Val AUC improved to 0.9664, model saved
2026-08-26 22:47:55 | Epoch   4/100 | Train Loss 85.1230 Acc 0.6186 | Val Loss 85.4839 Acc 0.6636 AUC 0.9668 Pre 0.6442 Rec 0.6545
2026-08-26 22:47:55 |   Val AUC improved to 0.9668, model saved
2026-08-26 22:48:02 | Epoch   5/100 | Train Loss 81.9091 Acc 0.6265 | Val Loss 85.1216 Acc 0.6651 AUC 0.9651 Pre 0.6584 Rec 0.6560
2026-08-26 22:48:09 | Epoch   6/100 | Train Loss 80.2222 Acc 0.6297 | Val Loss 84.7585 Acc 0.6666 AUC 0.9662 Pre 0.6651 Rec 0.6574
2026-08-26 22:48:16 | Epoch   7/100 | Train Loss 79.2723 Acc 0.6325 | Val Loss 84.2262 Acc 0.6680 AUC 0.9646 Pre 0.6726 Rec 0.6588
2026-08-26 22:48:23 | Epoch   8/100 | Train Loss 78.5071 Acc 0.6342 | Val Loss 84.0287 Acc 0.6676 AUC 0.9652 Pre 0.6710 Rec 0.6585
2026-08-26 22:48:30 | Epoch   9/100 | Train Loss 77.9179 Acc 0.6359 | Val Loss 84.8769 Acc 0.6670 AUC 0.9647 Pre 0.6757 Rec 0.6581
2026-08-26 22:48:38 | Epoch  10/100 | Train Loss 77.2985 Acc 0.6379 | Val Loss 84.8553 Acc 0.6669 AUC 0.9649 Pre 0.6809 Rec 0.6579
2026-08-26 22:48:45 | Epoch  11/100 | Train Loss 77.0694 Acc 0.6393 | Val Loss 84.2378 Acc 0.6703 AUC 0.9651 Pre 0.6829 Rec 0.6615
2026-08-26 22:48:52 | Epoch  12/100 | Train Loss 76.4707 Acc 0.6436 | Val Loss 84.1788 Acc 0.6705 AUC 0.9647 Pre 0.6912 Rec 0.6619
2026-08-26 22:48:59 | Epoch  13/100 | Train Loss 76.8023 Acc 0.6412 | Val Loss 83.9212 Acc 0.6710 AUC 0.9646 Pre 0.6859 Rec 0.6621
2026-08-26 22:49:06 | Epoch  14/100 | Train Loss 76.2132 Acc 0.6463 | Val Loss 83.6931 Acc 0.6677 AUC 0.9638 Pre 0.6894 Rec 0.6590
2026-08-26 22:49:06 | Val AUC did not improve for 10 consecutive epochs, early stopping at Epoch 14 (best AUC 0.9668 @ Epoch 4)
2026-08-26 22:49:08 | Run 2/5 | Test (best model @ Epoch 4) | Loss 85.5798 Acc 0.6608 AUC 0.9666 Pre 0.6402 Rec 0.6515
2026-08-26 22:49:08 | ===== Run 3/5 (seed 2) =====
2026-08-26 22:49:15 | Epoch   1/100 | Train Loss 146.7262 Acc 0.2550 | Val Loss 101.6803 Acc 0.5367 AUC 0.9255 Pre 0.4949 Rec 0.5278
2026-08-26 22:49:15 |   Val AUC improved to 0.9255, model saved
2026-08-26 22:49:22 | Epoch   2/100 | Train Loss 102.8242 Acc 0.5355 | Val Loss 87.8865 Acc 0.6440 AUC 0.9690 Pre 0.6003 Rec 0.6341
2026-08-26 22:49:22 |   Val AUC improved to 0.9690, model saved
2026-08-26 22:49:30 | Epoch   3/100 | Train Loss 88.9077 Acc 0.6077 | Val Loss 83.5349 Acc 0.6734 AUC 0.9709 Pre 0.6454 Rec 0.6628
2026-08-26 22:49:30 |   Val AUC improved to 0.9709, model saved
2026-08-26 22:49:37 | Epoch   4/100 | Train Loss 82.4224 Acc 0.6312 | Val Loss 81.8666 Acc 0.6795 AUC 0.9725 Pre 0.6553 Rec 0.6688
2026-08-26 22:49:37 |   Val AUC improved to 0.9725, model saved
2026-08-26 22:49:44 | Epoch   5/100 | Train Loss 79.1110 Acc 0.6403 | Val Loss 81.4826 Acc 0.6828 AUC 0.9719 Pre 0.6757 Rec 0.6722
2026-08-26 22:49:51 | Epoch   6/100 | Train Loss 77.1509 Acc 0.6460 | Val Loss 80.5905 Acc 0.6877 AUC 0.9728 Pre 0.6787 Rec 0.6770
2026-08-26 22:49:51 |   Val AUC improved to 0.9728, model saved
2026-08-26 22:49:58 | Epoch   7/100 | Train Loss 76.1015 Acc 0.6496 | Val Loss 81.1462 Acc 0.6868 AUC 0.9709 Pre 0.6859 Rec 0.6761
2026-08-26 22:50:06 | Epoch   8/100 | Train Loss 75.2501 Acc 0.6523 | Val Loss 81.0336 Acc 0.6875 AUC 0.9707 Pre 0.6928 Rec 0.6767
2026-08-26 22:50:12 | Epoch   9/100 | Train Loss 74.8915 Acc 0.6545 | Val Loss 81.3518 Acc 0.6857 AUC 0.9690 Pre 0.6873 Rec 0.6750
2026-08-26 22:50:20 | Epoch  10/100 | Train Loss 74.4512 Acc 0.6562 | Val Loss 80.8342 Acc 0.6827 AUC 0.9671 Pre 0.6864 Rec 0.6721
2026-08-26 22:50:26 | Epoch  11/100 | Train Loss 73.8813 Acc 0.6564 | Val Loss 81.6837 Acc 0.6833 AUC 0.9649 Pre 0.6997 Rec 0.6728
2026-08-26 22:50:33 | Epoch  12/100 | Train Loss 73.7968 Acc 0.6557 | Val Loss 80.6473 Acc 0.6831 AUC 0.9646 Pre 0.7003 Rec 0.6725
2026-08-26 22:50:40 | Epoch  13/100 | Train Loss 73.6429 Acc 0.6561 | Val Loss 80.2983 Acc 0.6845 AUC 0.9661 Pre 0.7017 Rec 0.6740
2026-08-26 22:50:47 | Epoch  14/100 | Train Loss 73.2829 Acc 0.6556 | Val Loss 81.4941 Acc 0.6843 AUC 0.9657 Pre 0.7032 Rec 0.6737
2026-08-26 22:50:54 | Epoch  15/100 | Train Loss 72.9494 Acc 0.6578 | Val Loss 81.0329 Acc 0.6823 AUC 0.9655 Pre 0.7026 Rec 0.6718
2026-08-26 22:51:01 | Epoch  16/100 | Train Loss 72.9263 Acc 0.6561 | Val Loss 80.8028 Acc 0.6829 AUC 0.9647 Pre 0.7020 Rec 0.6723
2026-08-26 22:51:01 | Val AUC did not improve for 10 consecutive epochs, early stopping at Epoch 16 (best AUC 0.9728 @ Epoch 6)
2026-08-26 22:51:03 | Run 3/5 | Test (best model @ Epoch 6) | Loss 80.8843 Acc 0.6818 AUC 0.9721 Pre 0.6750 Rec 0.6712
2026-08-26 22:51:03 | ===== Run 4/5 (seed 3) =====
2026-08-26 22:51:11 | Epoch   1/100 | Train Loss 146.8441 Acc 0.2578 | Val Loss 102.7285 Acc 0.5402 AUC 0.9448 Pre 0.5283 Rec 0.5302
2026-08-26 22:51:11 |   Val AUC improved to 0.9448, model saved
2026-08-26 22:51:18 | Epoch   2/100 | Train Loss 101.6267 Acc 0.5560 | Val Loss 88.3372 Acc 0.6561 AUC 0.9725 Pre 0.6204 Rec 0.6459
2026-08-26 22:51:18 |   Val AUC improved to 0.9725, model saved
2026-08-26 22:51:25 | Epoch   3/100 | Train Loss 89.0955 Acc 0.6054 | Val Loss 84.8179 Acc 0.6669 AUC 0.9764 Pre 0.6367 Rec 0.6567
2026-08-26 22:51:25 |   Val AUC improved to 0.9764, model saved
2026-08-26 22:51:32 | Epoch   4/100 | Train Loss 82.8944 Acc 0.6269 | Val Loss 83.7824 Acc 0.6760 AUC 0.9747 Pre 0.6640 Rec 0.6655
2026-08-26 22:51:40 | Epoch   5/100 | Train Loss 79.9156 Acc 0.6362 | Val Loss 82.9968 Acc 0.6790 AUC 0.9754 Pre 0.6709 Rec 0.6685
2026-08-26 22:51:47 | Epoch   6/100 | Train Loss 77.7027 Acc 0.6426 | Val Loss 82.7635 Acc 0.6826 AUC 0.9743 Pre 0.6852 Rec 0.6719
2026-08-26 22:51:55 | Epoch   7/100 | Train Loss 76.7220 Acc 0.6437 | Val Loss 82.3491 Acc 0.6823 AUC 0.9744 Pre 0.6840 Rec 0.6717
2026-08-26 22:52:02 | Epoch   8/100 | Train Loss 76.1448 Acc 0.6450 | Val Loss 82.6486 Acc 0.6847 AUC 0.9743 Pre 0.6928 Rec 0.6741
2026-08-26 22:52:10 | Epoch   9/100 | Train Loss 75.2501 Acc 0.6501 | Val Loss 81.7202 Acc 0.6850 AUC 0.9761 Pre 0.6909 Rec 0.6745
2026-08-26 22:52:17 | Epoch  10/100 | Train Loss 74.9587 Acc 0.6507 | Val Loss 82.1497 Acc 0.6853 AUC 0.9739 Pre 0.6976 Rec 0.6748
2026-08-26 22:52:25 | Epoch  11/100 | Train Loss 74.9366 Acc 0.6500 | Val Loss 81.4438 Acc 0.6845 AUC 0.9745 Pre 0.6932 Rec 0.6740
2026-08-26 22:52:32 | Epoch  12/100 | Train Loss 74.2290 Acc 0.6535 | Val Loss 82.2124 Acc 0.6865 AUC 0.9731 Pre 0.6958 Rec 0.6760
2026-08-26 22:52:39 | Epoch  13/100 | Train Loss 73.9545 Acc 0.6551 | Val Loss 81.6719 Acc 0.6889 AUC 0.9741 Pre 0.7031 Rec 0.6784
2026-08-26 22:52:39 | Val AUC did not improve for 10 consecutive epochs, early stopping at Epoch 13 (best AUC 0.9764 @ Epoch 3)
2026-08-26 22:52:41 | Run 4/5 | Test (best model @ Epoch 3) | Loss 84.7285 Acc 0.6688 AUC 0.9759 Pre 0.6312 Rec 0.6586
2026-08-26 22:52:41 | ===== Run 5/5 (seed 4) =====
2026-08-26 22:52:49 | Epoch   1/100 | Train Loss 147.3599 Acc 0.2687 | Val Loss 102.4812 Acc 0.5411 AUC 0.9217 Pre 0.4718 Rec 0.5329
2026-08-26 22:52:49 |   Val AUC improved to 0.9217, model saved
2026-08-26 22:52:56 | Epoch   2/100 | Train Loss 102.9184 Acc 0.5443 | Val Loss 89.6343 Acc 0.6359 AUC 0.9595 Pre 0.5763 Rec 0.6273
2026-08-26 22:52:56 |   Val AUC improved to 0.9595, model saved
2026-08-26 22:53:03 | Epoch   3/100 | Train Loss 90.5188 Acc 0.5986 | Val Loss 85.8713 Acc 0.6540 AUC 0.9654 Pre 0.6135 Rec 0.6450
2026-08-26 22:53:04 |   Val AUC improved to 0.9654, model saved
2026-08-26 22:53:11 | Epoch   4/100 | Train Loss 84.8652 Acc 0.6200 | Val Loss 84.6939 Acc 0.6653 AUC 0.9678 Pre 0.6486 Rec 0.6558
2026-08-26 22:53:11 |   Val AUC improved to 0.9678, model saved
2026-08-26 22:53:18 | Epoch   5/100 | Train Loss 80.6773 Acc 0.6385 | Val Loss 83.1276 Acc 0.6757 AUC 0.9667 Pre 0.6812 Rec 0.6663
2026-08-26 22:53:25 | Epoch   6/100 | Train Loss 77.9154 Acc 0.6475 | Val Loss 81.0657 Acc 0.6870 AUC 0.9678 Pre 0.6785 Rec 0.6774
2026-08-26 22:53:33 | Epoch   7/100 | Train Loss 75.2911 Acc 0.6557 | Val Loss 81.0172 Acc 0.6892 AUC 0.9675 Pre 0.6925 Rec 0.6795
2026-08-26 22:53:40 | Epoch   8/100 | Train Loss 74.4899 Acc 0.6569 | Val Loss 80.0225 Acc 0.6915 AUC 0.9676 Pre 0.6959 Rec 0.6816
2026-08-26 22:53:47 | Epoch   9/100 | Train Loss 73.5648 Acc 0.6605 | Val Loss 79.8081 Acc 0.6911 AUC 0.9670 Pre 0.6956 Rec 0.6813
2026-08-26 22:53:54 | Epoch  10/100 | Train Loss 73.5570 Acc 0.6593 | Val Loss 79.6452 Acc 0.6901 AUC 0.9673 Pre 0.6951 Rec 0.6804
2026-08-26 22:54:02 | Epoch  11/100 | Train Loss 72.9921 Acc 0.6609 | Val Loss 80.2689 Acc 0.6906 AUC 0.9664 Pre 0.7015 Rec 0.6808
2026-08-26 22:54:09 | Epoch  12/100 | Train Loss 72.5806 Acc 0.6623 | Val Loss 80.5057 Acc 0.6894 AUC 0.9661 Pre 0.7025 Rec 0.6796
2026-08-26 22:54:16 | Epoch  13/100 | Train Loss 72.1668 Acc 0.6645 | Val Loss 80.4003 Acc 0.6906 AUC 0.9658 Pre 0.7029 Rec 0.6807
2026-08-26 22:54:23 | Epoch  14/100 | Train Loss 71.7777 Acc 0.6645 | Val Loss 80.6058 Acc 0.6896 AUC 0.9657 Pre 0.7081 Rec 0.6798
2026-08-26 22:54:23 | Val AUC did not improve for 10 consecutive epochs, early stopping at Epoch 14 (best AUC 0.9678 @ Epoch 4)
2026-08-26 22:54:25 | Run 5/5 | Test (best model @ Epoch 4) | Loss 84.6592 Acc 0.6680 AUC 0.9671 Pre 0.6455 Rec 0.6585
2026-08-26 22:54:25 | Average over 5 runs | Test Loss 85.4249±3.7385 Acc 0.6601±0.0231 AUC 0.9691±0.0048 Pre 0.6371±0.0293 Rec 0.6508±0.0217
