2026-09-14 23:01:16 | Device: cuda
2026-09-14 23:01:16 | Args: {'model': 'opb-fixed-frame-randvar', 'backbone': 'mlp', 'task': 'imagenet100', 'epochs': 100, 'batch_size': 512, 'lr': 0.001, 'hidden_dims': [512, 256], 'dropout': 0.2, 'z_dim': 256, 'anchor_scale': 12.0, 'energy_classifier': False, 'tied_head': False, 'max_len': 250, 'random_labels': False, 'beta': 0.01, 'patience': 10, 'runs': 5, 'seed': 0, 'data_dir': './data', 'save_path': 'output/imagenet100_mlp_opb-fixed-frame-randvar/imagenet100_mlp_opb-fixed-frame-randvar.pt', 'log_path': '/root/autodl-tmp/IB/output/ablation/imagenet100_mlp_opb-fixed-frame-randvar_beta_0.01_anchor_12/train.log', 'no_save': True}
2026-09-14 23:01:16 | ImageNet-100 特征：使用 4×4 空间池化文件 ./data/imagenet100/imagenet100_resnet50_layer3_pool4_features.npz
2026-09-14 23:01:16 | ImageNet-100 预处理缓存：mmap 共享 ./data/imagenet100/preprocessed_pool4
2026-09-14 23:01:16 | ===== Run 1/5 (seed 0) =====
2026-09-14 23:01:24 | Epoch   1/100 | Train Loss 6.7344 Acc 0.5564 | Val Loss 2.7301 Acc 0.7583 AUC 0.9938 Pre 0.7755 Rec 0.7539
2026-09-14 23:01:24 |   Val AUC improved to 0.9938, model saved
2026-09-14 23:01:32 | Epoch   2/100 | Train Loss 2.8997 Acc 0.7625 | Val Loss 2.3790 Acc 0.7918 AUC 0.9954 Pre 0.7983 Rec 0.7875
2026-09-14 23:01:32 |   Val AUC improved to 0.9954, model saved
2026-09-14 23:01:39 | Epoch   3/100 | Train Loss 2.2083 Acc 0.8272 | Val Loss 2.3668 Acc 0.7962 AUC 0.9954 Pre 0.8074 Rec 0.7934
2026-09-14 23:01:39 |   Val AUC improved to 0.9954, model saved
2026-09-14 23:01:46 | Epoch   4/100 | Train Loss 1.9061 Acc 0.8609 | Val Loss 2.4648 Acc 0.8020 AUC 0.9954 Pre 0.8136 Rec 0.7978
2026-09-14 23:01:53 | Epoch   5/100 | Train Loss 1.7810 Acc 0.8763 | Val Loss 2.4893 Acc 0.8003 AUC 0.9953 Pre 0.8111 Rec 0.7973
2026-09-14 23:02:00 | Epoch   6/100 | Train Loss 1.6900 Acc 0.8902 | Val Loss 2.6177 Acc 0.8024 AUC 0.9950 Pre 0.8112 Rec 0.7995
2026-09-14 23:02:07 | Epoch   7/100 | Train Loss 1.6194 Acc 0.8989 | Val Loss 2.6048 Acc 0.8093 AUC 0.9950 Pre 0.8125 Rec 0.8064
2026-09-14 23:02:14 | Epoch   8/100 | Train Loss 1.5430 Acc 0.9090 | Val Loss 2.7192 Acc 0.8070 AUC 0.9944 Pre 0.8172 Rec 0.8031
2026-09-14 23:02:21 | Epoch   9/100 | Train Loss 1.5144 Acc 0.9133 | Val Loss 2.7988 Acc 0.8129 AUC 0.9942 Pre 0.8173 Rec 0.8097
2026-09-14 23:02:28 | Epoch  10/100 | Train Loss 1.4652 Acc 0.9193 | Val Loss 2.7515 Acc 0.8119 AUC 0.9942 Pre 0.8173 Rec 0.8091
2026-09-14 23:02:36 | Epoch  11/100 | Train Loss 1.4588 Acc 0.9220 | Val Loss 2.7943 Acc 0.8112 AUC 0.9937 Pre 0.8190 Rec 0.8078
2026-09-14 23:02:43 | Epoch  12/100 | Train Loss 1.3804 Acc 0.9288 | Val Loss 2.8769 Acc 0.8154 AUC 0.9935 Pre 0.8221 Rec 0.8119
2026-09-14 23:02:50 | Epoch  13/100 | Train Loss 1.3394 Acc 0.9327 | Val Loss 2.9848 Acc 0.8151 AUC 0.9935 Pre 0.8222 Rec 0.8118
2026-09-14 23:02:50 | Val AUC did not improve for 10 consecutive epochs, early stopping at Epoch 13 (best AUC 0.9954 @ Epoch 3)
2026-09-14 23:02:52 | Run 1/5 | Test (best model @ Epoch 3) | Loss 2.3508 Acc 0.7981 AUC 0.9955 Pre 0.8083 Rec 0.7952
2026-09-14 23:02:52 | ===== Run 2/5 (seed 1) =====
2026-09-14 23:02:59 | Epoch   1/100 | Train Loss 6.7500 Acc 0.5553 | Val Loss 2.8677 Acc 0.7564 AUC 0.9938 Pre 0.7770 Rec 0.7527
2026-09-14 23:02:59 |   Val AUC improved to 0.9938, model saved
2026-09-14 23:03:06 | Epoch   2/100 | Train Loss 2.9128 Acc 0.7629 | Val Loss 2.4869 Acc 0.7842 AUC 0.9951 Pre 0.7995 Rec 0.7804
2026-09-14 23:03:06 |   Val AUC improved to 0.9951, model saved
2026-09-14 23:03:14 | Epoch   3/100 | Train Loss 2.2249 Acc 0.8260 | Val Loss 2.4420 Acc 0.7981 AUC 0.9956 Pre 0.8135 Rec 0.7951
2026-09-14 23:03:14 |   Val AUC improved to 0.9956, model saved
2026-09-14 23:03:21 | Epoch   4/100 | Train Loss 1.9138 Acc 0.8613 | Val Loss 2.4433 Acc 0.8077 AUC 0.9955 Pre 0.8123 Rec 0.8045
2026-09-14 23:03:28 | Epoch   5/100 | Train Loss 1.7772 Acc 0.8771 | Val Loss 2.5822 Acc 0.8019 AUC 0.9953 Pre 0.8104 Rec 0.7994
2026-09-14 23:03:35 | Epoch   6/100 | Train Loss 1.6792 Acc 0.8906 | Val Loss 2.5589 Acc 0.8105 AUC 0.9952 Pre 0.8189 Rec 0.8067
2026-09-14 23:03:42 | Epoch   7/100 | Train Loss 1.5993 Acc 0.9011 | Val Loss 2.6341 Acc 0.8058 AUC 0.9951 Pre 0.8172 Rec 0.8025
2026-09-14 23:03:49 | Epoch   8/100 | Train Loss 1.5440 Acc 0.9091 | Val Loss 2.7167 Acc 0.8085 AUC 0.9945 Pre 0.8145 Rec 0.8050
2026-09-14 23:03:57 | Epoch   9/100 | Train Loss 1.5216 Acc 0.9134 | Val Loss 2.8077 Acc 0.8140 AUC 0.9944 Pre 0.8226 Rec 0.8109
2026-09-14 23:04:04 | Epoch  10/100 | Train Loss 1.4491 Acc 0.9216 | Val Loss 2.9042 Acc 0.8062 AUC 0.9939 Pre 0.8169 Rec 0.8019
2026-09-14 23:04:11 | Epoch  11/100 | Train Loss 1.4217 Acc 0.9245 | Val Loss 3.0311 Acc 0.8054 AUC 0.9933 Pre 0.8152 Rec 0.8026
2026-09-14 23:04:19 | Epoch  12/100 | Train Loss 1.3987 Acc 0.9272 | Val Loss 2.8895 Acc 0.8109 AUC 0.9932 Pre 0.8219 Rec 0.8077
2026-09-14 23:04:27 | Epoch  13/100 | Train Loss 1.3403 Acc 0.9330 | Val Loss 2.9749 Acc 0.8091 AUC 0.9929 Pre 0.8176 Rec 0.8058
2026-09-14 23:04:27 | Val AUC did not improve for 10 consecutive epochs, early stopping at Epoch 13 (best AUC 0.9956 @ Epoch 3)
2026-09-14 23:04:29 | Run 2/5 | Test (best model @ Epoch 3) | Loss 2.4239 Acc 0.7985 AUC 0.9956 Pre 0.8129 Rec 0.7955
2026-09-14 23:04:29 | ===== Run 3/5 (seed 2) =====
2026-09-14 23:04:37 | Epoch   1/100 | Train Loss 6.7829 Acc 0.5549 | Val Loss 2.7825 Acc 0.7652 AUC 0.9934 Pre 0.7748 Rec 0.7611
2026-09-14 23:04:37 |   Val AUC improved to 0.9934, model saved
2026-09-14 23:04:44 | Epoch   2/100 | Train Loss 2.9349 Acc 0.7616 | Val Loss 2.4165 Acc 0.7846 AUC 0.9951 Pre 0.7939 Rec 0.7817
2026-09-14 23:04:44 |   Val AUC improved to 0.9951, model saved
2026-09-14 23:04:52 | Epoch   3/100 | Train Loss 2.2246 Acc 0.8247 | Val Loss 2.3846 Acc 0.7979 AUC 0.9956 Pre 0.8079 Rec 0.7944
2026-09-14 23:04:52 |   Val AUC improved to 0.9956, model saved
2026-09-14 23:05:00 | Epoch   4/100 | Train Loss 1.9183 Acc 0.8591 | Val Loss 2.4849 Acc 0.7936 AUC 0.9954 Pre 0.8100 Rec 0.7893
2026-09-14 23:05:09 | Epoch   5/100 | Train Loss 1.7563 Acc 0.8797 | Val Loss 2.4158 Acc 0.8063 AUC 0.9956 Pre 0.8129 Rec 0.8034
2026-09-14 23:05:17 | Epoch   6/100 | Train Loss 1.6892 Acc 0.8888 | Val Loss 2.6174 Acc 0.8039 AUC 0.9950 Pre 0.8139 Rec 0.8009
2026-09-14 23:05:25 | Epoch   7/100 | Train Loss 1.5743 Acc 0.9026 | Val Loss 2.6407 Acc 0.8079 AUC 0.9949 Pre 0.8122 Rec 0.8043
2026-09-14 23:05:33 | Epoch   8/100 | Train Loss 1.5420 Acc 0.9079 | Val Loss 2.7328 Acc 0.8102 AUC 0.9947 Pre 0.8167 Rec 0.8071
2026-09-14 23:05:41 | Epoch   9/100 | Train Loss 1.5017 Acc 0.9141 | Val Loss 2.7266 Acc 0.8124 AUC 0.9943 Pre 0.8184 Rec 0.8096
2026-09-14 23:05:49 | Epoch  10/100 | Train Loss 1.4431 Acc 0.9218 | Val Loss 2.7096 Acc 0.8131 AUC 0.9943 Pre 0.8188 Rec 0.8096
2026-09-14 23:05:58 | Epoch  11/100 | Train Loss 1.4223 Acc 0.9249 | Val Loss 2.9386 Acc 0.8096 AUC 0.9939 Pre 0.8161 Rec 0.8067
2026-09-14 23:06:06 | Epoch  12/100 | Train Loss 1.3930 Acc 0.9271 | Val Loss 2.9325 Acc 0.8135 AUC 0.9937 Pre 0.8191 Rec 0.8112
2026-09-14 23:06:14 | Epoch  13/100 | Train Loss 1.3799 Acc 0.9299 | Val Loss 2.9457 Acc 0.8081 AUC 0.9932 Pre 0.8165 Rec 0.8053
2026-09-14 23:06:14 | Val AUC did not improve for 10 consecutive epochs, early stopping at Epoch 13 (best AUC 0.9956 @ Epoch 3)
2026-09-14 23:06:16 | Run 3/5 | Test (best model @ Epoch 3) | Loss 2.4072 Acc 0.7977 AUC 0.9956 Pre 0.8058 Rec 0.7940
2026-09-14 23:06:16 | ===== Run 4/5 (seed 3) =====
2026-09-14 23:06:25 | Epoch   1/100 | Train Loss 6.8733 Acc 0.5515 | Val Loss 2.8240 Acc 0.7580 AUC 0.9935 Pre 0.7715 Rec 0.7547
2026-09-14 23:06:25 |   Val AUC improved to 0.9935, model saved
2026-09-14 23:06:33 | Epoch   2/100 | Train Loss 2.9575 Acc 0.7616 | Val Loss 2.4825 Acc 0.7895 AUC 0.9950 Pre 0.8011 Rec 0.7856
2026-09-14 23:06:33 |   Val AUC improved to 0.9950, model saved
2026-09-14 23:06:41 | Epoch   3/100 | Train Loss 2.2484 Acc 0.8275 | Val Loss 2.4383 Acc 0.7975 AUC 0.9953 Pre 0.8044 Rec 0.7946
2026-09-14 23:06:41 |   Val AUC improved to 0.9953, model saved
2026-09-14 23:06:50 | Epoch   4/100 | Train Loss 1.9309 Acc 0.8604 | Val Loss 2.5506 Acc 0.7992 AUC 0.9953 Pre 0.8072 Rec 0.7960
2026-09-14 23:06:58 | Epoch   5/100 | Train Loss 1.7899 Acc 0.8785 | Val Loss 2.5207 Acc 0.8053 AUC 0.9951 Pre 0.8149 Rec 0.8018
2026-09-14 23:07:06 | Epoch   6/100 | Train Loss 1.7128 Acc 0.8889 | Val Loss 2.6566 Acc 0.8063 AUC 0.9950 Pre 0.8125 Rec 0.8035
2026-09-14 23:07:14 | Epoch   7/100 | Train Loss 1.6385 Acc 0.9006 | Val Loss 2.6302 Acc 0.8087 AUC 0.9948 Pre 0.8135 Rec 0.8052
2026-09-14 23:07:22 | Epoch   8/100 | Train Loss 1.5933 Acc 0.9068 | Val Loss 2.7406 Acc 0.8095 AUC 0.9944 Pre 0.8144 Rec 0.8063
2026-09-14 23:07:29 | Epoch   9/100 | Train Loss 1.5259 Acc 0.9139 | Val Loss 2.8108 Acc 0.8066 AUC 0.9944 Pre 0.8106 Rec 0.8039
2026-09-14 23:07:37 | Epoch  10/100 | Train Loss 1.5056 Acc 0.9178 | Val Loss 2.7991 Acc 0.8086 AUC 0.9942 Pre 0.8135 Rec 0.8050
2026-09-14 23:07:45 | Epoch  11/100 | Train Loss 1.4650 Acc 0.9214 | Val Loss 3.0165 Acc 0.8084 AUC 0.9934 Pre 0.8118 Rec 0.8062
2026-09-14 23:07:53 | Epoch  12/100 | Train Loss 1.4508 Acc 0.9238 | Val Loss 3.0343 Acc 0.8077 AUC 0.9932 Pre 0.8147 Rec 0.8046
2026-09-14 23:08:01 | Epoch  13/100 | Train Loss 1.3978 Acc 0.9297 | Val Loss 3.0648 Acc 0.8106 AUC 0.9933 Pre 0.8196 Rec 0.8077
2026-09-14 23:08:01 | Val AUC did not improve for 10 consecutive epochs, early stopping at Epoch 13 (best AUC 0.9953 @ Epoch 3)
2026-09-14 23:08:03 | Run 4/5 | Test (best model @ Epoch 3) | Loss 2.4404 Acc 0.8007 AUC 0.9954 Pre 0.8081 Rec 0.7982
2026-09-14 23:08:03 | ===== Run 5/5 (seed 4) =====
2026-09-14 23:08:11 | Epoch   1/100 | Train Loss 6.7764 Acc 0.5585 | Val Loss 2.8288 Acc 0.7542 AUC 0.9936 Pre 0.7782 Rec 0.7503
2026-09-14 23:08:11 |   Val AUC improved to 0.9936, model saved
2026-09-14 23:08:19 | Epoch   2/100 | Train Loss 2.9428 Acc 0.7645 | Val Loss 2.5207 Acc 0.7911 AUC 0.9952 Pre 0.8004 Rec 0.7868
2026-09-14 23:08:19 |   Val AUC improved to 0.9952, model saved
2026-09-14 23:08:27 | Epoch   3/100 | Train Loss 2.2468 Acc 0.8253 | Val Loss 2.4696 Acc 0.7987 AUC 0.9953 Pre 0.8082 Rec 0.7946
2026-09-14 23:08:27 |   Val AUC improved to 0.9953, model saved
2026-09-14 23:08:34 | Epoch   4/100 | Train Loss 1.9435 Acc 0.8595 | Val Loss 2.5021 Acc 0.8008 AUC 0.9954 Pre 0.8116 Rec 0.7967
2026-09-14 23:08:34 |   Val AUC improved to 0.9954, model saved
2026-09-14 23:08:42 | Epoch   5/100 | Train Loss 1.7869 Acc 0.8807 | Val Loss 2.6414 Acc 0.8014 AUC 0.9953 Pre 0.8117 Rec 0.7972
2026-09-14 23:08:50 | Epoch   6/100 | Train Loss 1.6910 Acc 0.8922 | Val Loss 2.6514 Acc 0.8062 AUC 0.9949 Pre 0.8140 Rec 0.8024
2026-09-14 23:08:57 | Epoch   7/100 | Train Loss 1.6387 Acc 0.8995 | Val Loss 2.7538 Acc 0.8056 AUC 0.9946 Pre 0.8098 Rec 0.8028
2026-09-14 23:09:04 | Epoch   8/100 | Train Loss 1.5536 Acc 0.9086 | Val Loss 2.8319 Acc 0.8114 AUC 0.9945 Pre 0.8189 Rec 0.8079
2026-09-14 23:09:11 | Epoch   9/100 | Train Loss 1.5221 Acc 0.9150 | Val Loss 2.9203 Acc 0.8088 AUC 0.9942 Pre 0.8170 Rec 0.8049
2026-09-14 23:09:18 | Epoch  10/100 | Train Loss 1.4587 Acc 0.9216 | Val Loss 2.9273 Acc 0.8091 AUC 0.9940 Pre 0.8149 Rec 0.8062
2026-09-14 23:09:25 | Epoch  11/100 | Train Loss 1.4317 Acc 0.9246 | Val Loss 2.9566 Acc 0.8127 AUC 0.9937 Pre 0.8193 Rec 0.8093
2026-09-14 23:09:32 | Epoch  12/100 | Train Loss 1.3978 Acc 0.9290 | Val Loss 3.0060 Acc 0.8085 AUC 0.9933 Pre 0.8172 Rec 0.8055
2026-09-14 23:09:40 | Epoch  13/100 | Train Loss 1.3696 Acc 0.9301 | Val Loss 3.0294 Acc 0.8136 AUC 0.9931 Pre 0.8188 Rec 0.8104
2026-09-14 23:09:47 | Epoch  14/100 | Train Loss 1.3486 Acc 0.9336 | Val Loss 3.1133 Acc 0.8106 AUC 0.9929 Pre 0.8146 Rec 0.8082
2026-09-14 23:09:47 | Val AUC did not improve for 10 consecutive epochs, early stopping at Epoch 14 (best AUC 0.9954 @ Epoch 4)
2026-09-14 23:09:48 | Run 5/5 | Test (best model @ Epoch 4) | Loss 2.4932 Acc 0.8027 AUC 0.9954 Pre 0.8146 Rec 0.7989
2026-09-14 23:09:48 | Average over 5 runs | Test Loss 2.4231±0.0517 Acc 0.7995±0.0021 AUC 0.9955±0.0001 Pre 0.8099±0.0037 Rec 0.7964±0.0021
