2026-09-03 03:08:40 | Device: cuda
2026-09-03 03:08:40 | Args: {'model': 'opb', 'backbone': 'gnn', 'task': 'zinc', 'epochs': 100, 'batch_size': 128, 'lr': 0.001, 'hidden_dims': [512, 256], 'dropout': 0.2, 'z_dim': 256, 'anchor_scale': 8.0, 'energy_classifier': False, 'tied_head': True, 'max_len': 250, 'random_labels': False, 'beta': 0.01, 'patience': 10, 'runs': 5, 'seed': 0, 'data_dir': './data', 'save_path': 'output/zinc_gnn_opb/zinc_gnn_opb.pt', 'log_path': '/root/autodl-tmp/IB/tune_results/zinc_gnn_opb_beta_0.01_anchor_8/train.log', 'no_save': True}
2026-09-03 03:08:41 | ZINC-12k 加载完成：10000/1000/1000 图（batch 128，官方划分），目标 MinMax 归一化到 [0,1]，节点特征 28 维
2026-09-03 03:08:41 | ===== Run 1/5 (seed 0) =====
2026-09-03 03:08:58 | Epoch   1/100 | Train Loss 0.2125 | Val Loss 0.0057 MAE 1.1258 R2 0.2415
2026-09-03 03:08:58 |   Val R2 improved to 0.2415, model saved
2026-09-03 03:09:10 | Epoch   2/100 | Train Loss 0.0107 | Val Loss 0.0045 MAE 0.9172 R2 0.4952
2026-09-03 03:09:10 |   Val R2 improved to 0.4952, model saved
2026-09-03 03:09:21 | Epoch   3/100 | Train Loss 0.0099 | Val Loss 0.0047 MAE 0.8867 R2 0.5325
2026-09-03 03:09:21 |   Val R2 improved to 0.5325, model saved
2026-09-03 03:09:33 | Epoch   4/100 | Train Loss 0.0094 | Val Loss 0.0046 MAE 0.8744 R2 0.4463
2026-09-03 03:09:44 | Epoch   5/100 | Train Loss 0.0091 | Val Loss 0.0043 MAE 0.8312 R2 0.5661
2026-09-03 03:09:44 |   Val R2 improved to 0.5661, model saved
2026-09-03 03:09:56 | Epoch   6/100 | Train Loss 0.0089 | Val Loss 0.0044 MAE 0.7856 R2 0.5861
2026-09-03 03:09:56 |   Val R2 improved to 0.5861, model saved
2026-09-03 03:10:06 | Epoch   7/100 | Train Loss 0.0086 | Val Loss 0.0044 MAE 0.6939 R2 0.6018
2026-09-03 03:10:06 |   Val R2 improved to 0.6018, model saved
2026-09-03 03:10:17 | Epoch   8/100 | Train Loss 0.0083 | Val Loss 0.0043 MAE 0.6954 R2 0.6001
2026-09-03 03:10:29 | Epoch   9/100 | Train Loss 0.0082 | Val Loss 0.0043 MAE 0.6801 R2 0.5908
2026-09-03 03:10:40 | Epoch  10/100 | Train Loss 0.0081 | Val Loss 0.0039 MAE 0.6969 R2 0.6078
2026-09-03 03:10:40 |   Val R2 improved to 0.6078, model saved
2026-09-03 03:10:51 | Epoch  11/100 | Train Loss 0.0079 | Val Loss 0.0038 MAE 0.6763 R2 0.6012
2026-09-03 03:11:01 | Epoch  12/100 | Train Loss 0.0080 | Val Loss 0.0042 MAE 0.8934 R2 0.5574
2026-09-03 03:11:13 | Epoch  13/100 | Train Loss 0.0077 | Val Loss 0.0037 MAE 0.7465 R2 0.6050
2026-09-03 03:11:23 | Epoch  14/100 | Train Loss 0.0077 | Val Loss 0.0038 MAE 0.6952 R2 0.6157
2026-09-03 03:11:23 |   Val R2 improved to 0.6157, model saved
2026-09-03 03:11:31 | Epoch  15/100 | Train Loss 0.0077 | Val Loss 0.0037 MAE 0.6867 R2 0.6157
2026-09-03 03:11:40 | Epoch  16/100 | Train Loss 0.0075 | Val Loss 0.0038 MAE 0.6660 R2 0.6125
2026-09-03 03:11:48 | Epoch  17/100 | Train Loss 0.0074 | Val Loss 0.0035 MAE 0.7361 R2 0.6105
2026-09-03 03:11:57 | Epoch  18/100 | Train Loss 0.0073 | Val Loss 0.0038 MAE 0.7200 R2 0.6154
2026-09-03 03:12:04 | Epoch  19/100 | Train Loss 0.0072 | Val Loss 0.0037 MAE 0.7614 R2 0.6013
2026-09-03 03:12:13 | Epoch  20/100 | Train Loss 0.0071 | Val Loss 0.0037 MAE 0.8681 R2 0.5684
2026-09-03 03:12:23 | Epoch  21/100 | Train Loss 0.0071 | Val Loss 0.0029 MAE 0.6981 R2 0.6191
2026-09-03 03:12:23 |   Val R2 improved to 0.6191, model saved
2026-09-03 03:12:32 | Epoch  22/100 | Train Loss 0.0071 | Val Loss 0.0036 MAE 0.6539 R2 0.6082
2026-09-03 03:12:40 | Epoch  23/100 | Train Loss 0.0068 | Val Loss 0.0032 MAE 0.6741 R2 0.6162
2026-09-03 03:12:47 | Epoch  24/100 | Train Loss 0.0067 | Val Loss 0.0034 MAE 0.6572 R2 0.5910
2026-09-03 03:12:55 | Epoch  25/100 | Train Loss 0.0065 | Val Loss 0.0032 MAE 0.7077 R2 0.5611
2026-09-03 03:13:03 | Epoch  26/100 | Train Loss 0.0064 | Val Loss 0.0033 MAE 0.7651 R2 0.6026
2026-09-03 03:13:12 | Epoch  27/100 | Train Loss 0.0063 | Val Loss 0.0030 MAE 0.7476 R2 0.6089
2026-09-03 03:13:21 | Epoch  28/100 | Train Loss 0.0063 | Val Loss 0.0030 MAE 0.6531 R2 0.5991
2026-09-03 03:13:31 | Epoch  29/100 | Train Loss 0.0062 | Val Loss 0.0032 MAE 0.7762 R2 0.5998
2026-09-03 03:13:40 | Epoch  30/100 | Train Loss 0.0060 | Val Loss 0.0032 MAE 0.7343 R2 0.6103
2026-09-03 03:13:53 | Epoch  31/100 | Train Loss 0.0059 | Val Loss 0.0025 MAE 0.6716 R2 0.6156
2026-09-03 03:13:53 | Val R2 did not improve for 10 consecutive epochs, early stopping at Epoch 31 (best R2 0.6191 @ Epoch 21)
2026-09-03 03:13:53 | Run 1/5 | Test (best model @ Epoch 21) | Loss 0.0030 MAE 0.7713 R2 0.6209
2026-09-03 03:13:53 | ===== Run 2/5 (seed 1) =====
2026-09-03 03:14:03 | Epoch   1/100 | Train Loss 0.2201 | Val Loss 0.0057 MAE 1.1258 R2 0.2261
2026-09-03 03:14:03 |   Val R2 improved to 0.2261, model saved
2026-09-03 03:14:14 | Epoch   2/100 | Train Loss 0.0106 | Val Loss 0.0043 MAE 0.9628 R2 0.4843
2026-09-03 03:14:14 |   Val R2 improved to 0.4843, model saved
2026-09-03 03:14:25 | Epoch   3/100 | Train Loss 0.0100 | Val Loss 0.0043 MAE 0.7853 R2 0.5629
2026-09-03 03:14:25 |   Val R2 improved to 0.5629, model saved
2026-09-03 03:14:35 | Epoch   4/100 | Train Loss 0.0095 | Val Loss 0.0048 MAE 0.7779 R2 0.5771
2026-09-03 03:14:35 |   Val R2 improved to 0.5771, model saved
2026-09-03 03:14:46 | Epoch   5/100 | Train Loss 0.0092 | Val Loss 0.0043 MAE 0.9000 R2 0.5426
2026-09-03 03:14:57 | Epoch   6/100 | Train Loss 0.0088 | Val Loss 0.0043 MAE 0.8011 R2 0.5784
2026-09-03 03:14:57 |   Val R2 improved to 0.5784, model saved
2026-09-03 03:15:07 | Epoch   7/100 | Train Loss 0.0087 | Val Loss 0.0045 MAE 0.7589 R2 0.5280
2026-09-03 03:15:18 | Epoch   8/100 | Train Loss 0.0085 | Val Loss 0.0045 MAE 0.6831 R2 0.5921
2026-09-03 03:15:18 |   Val R2 improved to 0.5921, model saved
2026-09-03 03:15:28 | Epoch   9/100 | Train Loss 0.0082 | Val Loss 0.0044 MAE 0.8390 R2 0.5725
2026-09-03 03:15:39 | Epoch  10/100 | Train Loss 0.0081 | Val Loss 0.0042 MAE 0.6947 R2 0.5711
2026-09-03 03:15:51 | Epoch  11/100 | Train Loss 0.0081 | Val Loss 0.0041 MAE 0.8811 R2 0.5605
2026-09-03 03:16:02 | Epoch  12/100 | Train Loss 0.0080 | Val Loss 0.0048 MAE 0.9611 R2 0.5293
2026-09-03 03:16:12 | Epoch  13/100 | Train Loss 0.0079 | Val Loss 0.0043 MAE 0.8345 R2 0.5782
2026-09-03 03:16:23 | Epoch  14/100 | Train Loss 0.0077 | Val Loss 0.0040 MAE 0.7803 R2 0.5964
2026-09-03 03:16:23 |   Val R2 improved to 0.5964, model saved
2026-09-03 03:16:34 | Epoch  15/100 | Train Loss 0.0076 | Val Loss 0.0039 MAE 0.6981 R2 0.5685
2026-09-03 03:16:45 | Epoch  16/100 | Train Loss 0.0075 | Val Loss 0.0036 MAE 0.6678 R2 0.6137
2026-09-03 03:16:45 |   Val R2 improved to 0.6137, model saved
2026-09-03 03:16:56 | Epoch  17/100 | Train Loss 0.0073 | Val Loss 0.0037 MAE 0.7245 R2 0.6132
2026-09-03 03:17:07 | Epoch  18/100 | Train Loss 0.0073 | Val Loss 0.0039 MAE 0.6640 R2 0.6151
2026-09-03 03:17:07 |   Val R2 improved to 0.6151, model saved
2026-09-03 03:17:19 | Epoch  19/100 | Train Loss 0.0073 | Val Loss 0.0038 MAE 0.7102 R2 0.6151
2026-09-03 03:17:30 | Epoch  20/100 | Train Loss 0.0072 | Val Loss 0.0038 MAE 0.8441 R2 0.5768
2026-09-03 03:17:41 | Epoch  21/100 | Train Loss 0.0070 | Val Loss 0.0034 MAE 0.6552 R2 0.6093
2026-09-03 03:17:52 | Epoch  22/100 | Train Loss 0.0070 | Val Loss 0.0029 MAE 0.8049 R2 0.5915
2026-09-03 03:18:01 | Epoch  23/100 | Train Loss 0.0068 | Val Loss 0.0036 MAE 0.6663 R2 0.6114
2026-09-03 03:18:10 | Epoch  24/100 | Train Loss 0.0069 | Val Loss 0.0033 MAE 0.7379 R2 0.6121
2026-09-03 03:18:18 | Epoch  25/100 | Train Loss 0.0067 | Val Loss 0.0033 MAE 0.6885 R2 0.5738
2026-09-03 03:18:26 | Epoch  26/100 | Train Loss 0.0065 | Val Loss 0.0031 MAE 0.8118 R2 0.5901
2026-09-03 03:18:36 | Epoch  27/100 | Train Loss 0.0064 | Val Loss 0.0031 MAE 0.7105 R2 0.6179
2026-09-03 03:18:36 |   Val R2 improved to 0.6179, model saved
2026-09-03 03:18:47 | Epoch  28/100 | Train Loss 0.0062 | Val Loss 0.0028 MAE 0.6504 R2 0.6198
2026-09-03 03:18:47 |   Val R2 improved to 0.6198, model saved
2026-09-03 03:18:59 | Epoch  29/100 | Train Loss 0.0061 | Val Loss 0.0031 MAE 0.7081 R2 0.5622
2026-09-03 03:19:08 | Epoch  30/100 | Train Loss 0.0060 | Val Loss 0.0028 MAE 0.6702 R2 0.6211
2026-09-03 03:19:08 |   Val R2 improved to 0.6211, model saved
2026-09-03 03:19:17 | Epoch  31/100 | Train Loss 0.0060 | Val Loss 0.0029 MAE 0.6749 R2 0.6221
2026-09-03 03:19:17 |   Val R2 improved to 0.6221, model saved
2026-09-03 03:19:26 | Epoch  32/100 | Train Loss 0.0058 | Val Loss 0.0027 MAE 0.9047 R2 0.5540
2026-09-03 03:19:34 | Epoch  33/100 | Train Loss 0.0058 | Val Loss 0.0028 MAE 0.6850 R2 0.6192
2026-09-03 03:19:44 | Epoch  34/100 | Train Loss 0.0056 | Val Loss 0.0029 MAE 0.7211 R2 0.5522
2026-09-03 03:19:55 | Epoch  35/100 | Train Loss 0.0056 | Val Loss 0.0026 MAE 0.6980 R2 0.6185
2026-09-03 03:20:06 | Epoch  36/100 | Train Loss 0.0055 | Val Loss 0.0026 MAE 0.7952 R2 0.5974
2026-09-03 03:20:18 | Epoch  37/100 | Train Loss 0.0053 | Val Loss 0.0021 MAE 0.6917 R2 0.6236
2026-09-03 03:20:18 |   Val R2 improved to 0.6236, model saved
2026-09-03 03:20:29 | Epoch  38/100 | Train Loss 0.0052 | Val Loss 0.0024 MAE 0.7134 R2 0.6170
2026-09-03 03:20:39 | Epoch  39/100 | Train Loss 0.0052 | Val Loss 0.0024 MAE 0.6726 R2 0.6226
2026-09-03 03:20:48 | Epoch  40/100 | Train Loss 0.0051 | Val Loss 0.0022 MAE 0.7069 R2 0.6178
2026-09-03 03:20:57 | Epoch  41/100 | Train Loss 0.0050 | Val Loss 0.0031 MAE 0.9058 R2 0.4429
2026-09-03 03:21:06 | Epoch  42/100 | Train Loss 0.0050 | Val Loss 0.0025 MAE 0.6414 R2 0.6061
2026-09-03 03:21:16 | Epoch  43/100 | Train Loss 0.0048 | Val Loss 0.0023 MAE 0.6925 R2 0.6216
2026-09-03 03:21:25 | Epoch  44/100 | Train Loss 0.0047 | Val Loss 0.0032 MAE 0.9844 R2 0.4027
2026-09-03 03:21:34 | Epoch  45/100 | Train Loss 0.0049 | Val Loss 0.0023 MAE 0.7509 R2 0.6127
2026-09-03 03:21:43 | Epoch  46/100 | Train Loss 0.0047 | Val Loss 0.0025 MAE 0.7986 R2 0.5982
2026-09-03 03:21:53 | Epoch  47/100 | Train Loss 0.0047 | Val Loss 0.0021 MAE 0.6900 R2 0.6261
2026-09-03 03:21:53 |   Val R2 improved to 0.6261, model saved
2026-09-03 03:22:02 | Epoch  48/100 | Train Loss 0.0045 | Val Loss 0.0022 MAE 0.6539 R2 0.6248
2026-09-03 03:22:11 | Epoch  49/100 | Train Loss 0.0045 | Val Loss 0.0025 MAE 0.6869 R2 0.5737
2026-09-03 03:22:20 | Epoch  50/100 | Train Loss 0.0045 | Val Loss 0.0025 MAE 0.6415 R2 0.6046
2026-09-03 03:22:32 | Epoch  51/100 | Train Loss 0.0045 | Val Loss 0.0026 MAE 0.7116 R2 0.5534
2026-09-03 03:22:42 | Epoch  52/100 | Train Loss 0.0043 | Val Loss 0.0030 MAE 0.8364 R2 0.4827
2026-09-03 03:22:51 | Epoch  53/100 | Train Loss 0.0043 | Val Loss 0.0026 MAE 0.8131 R2 0.5939
2026-09-03 03:23:00 | Epoch  54/100 | Train Loss 0.0044 | Val Loss 0.0022 MAE 0.7921 R2 0.6028
2026-09-03 03:23:08 | Epoch  55/100 | Train Loss 0.0043 | Val Loss 0.0038 MAE 1.3578 R2 0.3246
2026-09-03 03:23:18 | Epoch  56/100 | Train Loss 0.0043 | Val Loss 0.0029 MAE 0.9979 R2 0.5218
2026-09-03 03:23:27 | Epoch  57/100 | Train Loss 0.0042 | Val Loss 0.0023 MAE 0.6537 R2 0.6331
2026-09-03 03:23:27 |   Val R2 improved to 0.6331, model saved
2026-09-03 03:23:35 | Epoch  58/100 | Train Loss 0.0042 | Val Loss 0.0022 MAE 0.6998 R2 0.6272
2026-09-03 03:23:44 | Epoch  59/100 | Train Loss 0.0042 | Val Loss 0.0022 MAE 0.6704 R2 0.6326
2026-09-03 03:23:53 | Epoch  60/100 | Train Loss 0.0042 | Val Loss 0.0023 MAE 0.6311 R2 0.6316
2026-09-03 03:24:02 | Epoch  61/100 | Train Loss 0.0042 | Val Loss 0.0025 MAE 0.6245 R2 0.6304
2026-09-03 03:24:12 | Epoch  62/100 | Train Loss 0.0041 | Val Loss 0.0023 MAE 0.6406 R2 0.6346
2026-09-03 03:24:12 |   Val R2 improved to 0.6346, model saved
2026-09-03 03:24:22 | Epoch  63/100 | Train Loss 0.0042 | Val Loss 0.0023 MAE 0.6363 R2 0.6168
2026-09-03 03:24:30 | Epoch  64/100 | Train Loss 0.0042 | Val Loss 0.0024 MAE 0.7489 R2 0.6175
2026-09-03 03:24:39 | Epoch  65/100 | Train Loss 0.0042 | Val Loss 0.0025 MAE 0.6404 R2 0.6110
2026-09-03 03:24:47 | Epoch  66/100 | Train Loss 0.0041 | Val Loss 0.0027 MAE 0.8904 R2 0.5689
2026-09-03 03:24:56 | Epoch  67/100 | Train Loss 0.0041 | Val Loss 0.0024 MAE 0.7018 R2 0.6288
2026-09-03 03:25:05 | Epoch  68/100 | Train Loss 0.0041 | Val Loss 0.0026 MAE 0.6434 R2 0.6079
2026-09-03 03:25:14 | Epoch  69/100 | Train Loss 0.0041 | Val Loss 0.0022 MAE 0.6519 R2 0.6317
2026-09-03 03:25:23 | Epoch  70/100 | Train Loss 0.0042 | Val Loss 0.0024 MAE 0.6683 R2 0.6310
2026-09-03 03:25:32 | Epoch  71/100 | Train Loss 0.0040 | Val Loss 0.0023 MAE 0.7046 R2 0.6288
2026-09-03 03:25:42 | Epoch  72/100 | Train Loss 0.0042 | Val Loss 0.0025 MAE 0.6250 R2 0.6233
2026-09-03 03:25:42 | Val R2 did not improve for 10 consecutive epochs, early stopping at Epoch 72 (best R2 0.6346 @ Epoch 62)
2026-09-03 03:25:42 | Run 2/5 | Test (best model @ Epoch 62) | Loss 0.0024 MAE 0.7068 R2 0.6340
2026-09-03 03:25:42 | ===== Run 3/5 (seed 2) =====
2026-09-03 03:25:50 | Epoch   1/100 | Train Loss 0.2201 | Val Loss 0.0061 MAE 1.1151 R2 0.2829
2026-09-03 03:25:50 |   Val R2 improved to 0.2829, model saved
2026-09-03 03:25:59 | Epoch   2/100 | Train Loss 0.0107 | Val Loss 0.0043 MAE 0.8451 R2 0.5024
2026-09-03 03:25:59 |   Val R2 improved to 0.5024, model saved
2026-09-03 03:26:08 | Epoch   3/100 | Train Loss 0.0100 | Val Loss 0.0044 MAE 0.9045 R2 0.5211
2026-09-03 03:26:08 |   Val R2 improved to 0.5211, model saved
2026-09-03 03:26:16 | Epoch   4/100 | Train Loss 0.0096 | Val Loss 0.0038 MAE 0.7754 R2 0.5744
2026-09-03 03:26:16 |   Val R2 improved to 0.5744, model saved
2026-09-03 03:26:25 | Epoch   5/100 | Train Loss 0.0091 | Val Loss 0.0041 MAE 0.7432 R2 0.5841
2026-09-03 03:26:25 |   Val R2 improved to 0.5841, model saved
2026-09-03 03:26:34 | Epoch   6/100 | Train Loss 0.0089 | Val Loss 0.0043 MAE 0.7743 R2 0.5855
2026-09-03 03:26:34 |   Val R2 improved to 0.5855, model saved
2026-09-03 03:26:42 | Epoch   7/100 | Train Loss 0.0086 | Val Loss 0.0044 MAE 0.7136 R2 0.5640
2026-09-03 03:26:50 | Epoch   8/100 | Train Loss 0.0085 | Val Loss 0.0041 MAE 0.7040 R2 0.6025
2026-09-03 03:26:51 |   Val R2 improved to 0.6025, model saved
2026-09-03 03:26:59 | Epoch   9/100 | Train Loss 0.0082 | Val Loss 0.0042 MAE 0.6953 R2 0.5948
2026-09-03 03:27:07 | Epoch  10/100 | Train Loss 0.0080 | Val Loss 0.0039 MAE 0.6919 R2 0.6049
2026-09-03 03:27:07 |   Val R2 improved to 0.6049, model saved
2026-09-03 03:27:16 | Epoch  11/100 | Train Loss 0.0079 | Val Loss 0.0045 MAE 0.7567 R2 0.5263
2026-09-03 03:27:24 | Epoch  12/100 | Train Loss 0.0079 | Val Loss 0.0042 MAE 0.6768 R2 0.5876
2026-09-03 03:27:32 | Epoch  13/100 | Train Loss 0.0078 | Val Loss 0.0037 MAE 0.6670 R2 0.6105
2026-09-03 03:27:32 |   Val R2 improved to 0.6105, model saved
2026-09-03 03:27:41 | Epoch  14/100 | Train Loss 0.0078 | Val Loss 0.0036 MAE 0.7901 R2 0.5889
2026-09-03 03:27:49 | Epoch  15/100 | Train Loss 0.0077 | Val Loss 0.0033 MAE 0.6938 R2 0.6123
2026-09-03 03:27:49 |   Val R2 improved to 0.6123, model saved
2026-09-03 03:27:57 | Epoch  16/100 | Train Loss 0.0075 | Val Loss 0.0037 MAE 0.7222 R2 0.6091
2026-09-03 03:28:07 | Epoch  17/100 | Train Loss 0.0073 | Val Loss 0.0035 MAE 0.7426 R2 0.6063
2026-09-03 03:28:16 | Epoch  18/100 | Train Loss 0.0073 | Val Loss 0.0038 MAE 0.6621 R2 0.6137
2026-09-03 03:28:16 |   Val R2 improved to 0.6137, model saved
2026-09-03 03:28:24 | Epoch  19/100 | Train Loss 0.0072 | Val Loss 0.0038 MAE 0.6540 R2 0.6066
2026-09-03 03:28:33 | Epoch  20/100 | Train Loss 0.0071 | Val Loss 0.0033 MAE 0.6757 R2 0.6174
2026-09-03 03:28:33 |   Val R2 improved to 0.6174, model saved
2026-09-03 03:28:43 | Epoch  21/100 | Train Loss 0.0070 | Val Loss 0.0033 MAE 0.6758 R2 0.5821
2026-09-03 03:28:51 | Epoch  22/100 | Train Loss 0.0069 | Val Loss 0.0034 MAE 0.6973 R2 0.5621
2026-09-03 03:29:00 | Epoch  23/100 | Train Loss 0.0068 | Val Loss 0.0033 MAE 0.6613 R2 0.6222
2026-09-03 03:29:00 |   Val R2 improved to 0.6222, model saved
2026-09-03 03:29:06 | Epoch  24/100 | Train Loss 0.0066 | Val Loss 0.0030 MAE 0.6724 R2 0.6180
2026-09-03 03:29:13 | Epoch  25/100 | Train Loss 0.0065 | Val Loss 0.0032 MAE 0.6593 R2 0.6131
2026-09-03 03:29:19 | Epoch  26/100 | Train Loss 0.0065 | Val Loss 0.0030 MAE 0.8207 R2 0.5872
2026-09-03 03:29:27 | Epoch  27/100 | Train Loss 0.0064 | Val Loss 0.0031 MAE 0.6671 R2 0.6235
2026-09-03 03:29:27 |   Val R2 improved to 0.6235, model saved
2026-09-03 03:29:34 | Epoch  28/100 | Train Loss 0.0064 | Val Loss 0.0036 MAE 1.2351 R2 0.3944
2026-09-03 03:29:41 | Epoch  29/100 | Train Loss 0.0062 | Val Loss 0.0033 MAE 0.6450 R2 0.6036
2026-09-03 03:29:51 | Epoch  30/100 | Train Loss 0.0060 | Val Loss 0.0030 MAE 0.8878 R2 0.5646
2026-09-03 03:29:59 | Epoch  31/100 | Train Loss 0.0059 | Val Loss 0.0027 MAE 0.6633 R2 0.6249
2026-09-03 03:29:59 |   Val R2 improved to 0.6249, model saved
2026-09-03 03:30:08 | Epoch  32/100 | Train Loss 0.0057 | Val Loss 0.0027 MAE 0.7767 R2 0.6015
2026-09-03 03:30:17 | Epoch  33/100 | Train Loss 0.0057 | Val Loss 0.0025 MAE 0.6650 R2 0.5831
2026-09-03 03:30:26 | Epoch  34/100 | Train Loss 0.0056 | Val Loss 0.0027 MAE 0.7832 R2 0.6013
2026-09-03 03:30:35 | Epoch  35/100 | Train Loss 0.0055 | Val Loss 0.0028 MAE 0.6443 R2 0.6194
2026-09-03 03:30:44 | Epoch  36/100 | Train Loss 0.0054 | Val Loss 0.0027 MAE 0.8139 R2 0.5897
2026-09-03 03:30:53 | Epoch  37/100 | Train Loss 0.0054 | Val Loss 0.0028 MAE 0.7937 R2 0.5984
2026-09-03 03:31:03 | Epoch  38/100 | Train Loss 0.0053 | Val Loss 0.0028 MAE 1.0397 R2 0.4991
2026-09-03 03:31:12 | Epoch  39/100 | Train Loss 0.0052 | Val Loss 0.0023 MAE 0.6829 R2 0.6231
2026-09-03 03:31:20 | Epoch  40/100 | Train Loss 0.0051 | Val Loss 0.0025 MAE 0.6584 R2 0.6192
2026-09-03 03:31:30 | Epoch  41/100 | Train Loss 0.0050 | Val Loss 0.0024 MAE 0.7328 R2 0.6188
2026-09-03 03:31:30 | Val R2 did not improve for 10 consecutive epochs, early stopping at Epoch 41 (best R2 0.6249 @ Epoch 31)
2026-09-03 03:31:30 | Run 3/5 | Test (best model @ Epoch 31) | Loss 0.0028 MAE 0.7382 R2 0.6267
2026-09-03 03:31:30 | ===== Run 4/5 (seed 3) =====
2026-09-03 03:31:42 | Epoch   1/100 | Train Loss 0.2299 | Val Loss 0.0057 MAE 1.3586 R2 0.0008
2026-09-03 03:31:42 |   Val R2 improved to 0.0008, model saved
2026-09-03 03:31:55 | Epoch   2/100 | Train Loss 0.0107 | Val Loss 0.0040 MAE 0.9790 R2 0.4758
2026-09-03 03:31:55 |   Val R2 improved to 0.4758, model saved
2026-09-03 03:32:06 | Epoch   3/100 | Train Loss 0.0099 | Val Loss 0.0047 MAE 0.9551 R2 0.5015
2026-09-03 03:32:06 |   Val R2 improved to 0.5015, model saved
2026-09-03 03:32:18 | Epoch   4/100 | Train Loss 0.0097 | Val Loss 0.0045 MAE 0.7874 R2 0.5717
2026-09-03 03:32:18 |   Val R2 improved to 0.5717, model saved
2026-09-03 03:32:27 | Epoch   5/100 | Train Loss 0.0092 | Val Loss 0.0041 MAE 0.7816 R2 0.5822
2026-09-03 03:32:28 |   Val R2 improved to 0.5822, model saved
2026-09-03 03:32:38 | Epoch   6/100 | Train Loss 0.0091 | Val Loss 0.0042 MAE 0.8527 R2 0.5629
2026-09-03 03:32:49 | Epoch   7/100 | Train Loss 0.0088 | Val Loss 0.0046 MAE 0.7831 R2 0.5848
2026-09-03 03:32:49 |   Val R2 improved to 0.5848, model saved
2026-09-03 03:33:01 | Epoch   8/100 | Train Loss 0.0086 | Val Loss 0.0039 MAE 0.7417 R2 0.6011
2026-09-03 03:33:01 |   Val R2 improved to 0.6011, model saved
2026-09-03 03:33:12 | Epoch   9/100 | Train Loss 0.0083 | Val Loss 0.0042 MAE 0.8398 R2 0.5718
2026-09-03 03:33:23 | Epoch  10/100 | Train Loss 0.0082 | Val Loss 0.0039 MAE 0.7071 R2 0.6090
2026-09-03 03:33:23 |   Val R2 improved to 0.6090, model saved
2026-09-03 03:33:34 | Epoch  11/100 | Train Loss 0.0080 | Val Loss 0.0041 MAE 0.6858 R2 0.5793
2026-09-03 03:33:44 | Epoch  12/100 | Train Loss 0.0080 | Val Loss 0.0040 MAE 0.6684 R2 0.6011
2026-09-03 03:33:55 | Epoch  13/100 | Train Loss 0.0078 | Val Loss 0.0040 MAE 0.7217 R2 0.6106
2026-09-03 03:33:55 |   Val R2 improved to 0.6106, model saved
2026-09-03 03:34:02 | Epoch  14/100 | Train Loss 0.0078 | Val Loss 0.0040 MAE 0.6722 R2 0.5856
2026-09-03 03:34:11 | Epoch  15/100 | Train Loss 0.0077 | Val Loss 0.0037 MAE 0.7153 R2 0.6111
2026-09-03 03:34:11 |   Val R2 improved to 0.6111, model saved
2026-09-03 03:34:20 | Epoch  16/100 | Train Loss 0.0076 | Val Loss 0.0044 MAE 0.6834 R2 0.6149
2026-09-03 03:34:20 |   Val R2 improved to 0.6149, model saved
2026-09-03 03:34:28 | Epoch  17/100 | Train Loss 0.0075 | Val Loss 0.0037 MAE 0.6709 R2 0.5863
2026-09-03 03:34:38 | Epoch  18/100 | Train Loss 0.0073 | Val Loss 0.0037 MAE 0.6729 R2 0.5894
2026-09-03 03:34:48 | Epoch  19/100 | Train Loss 0.0073 | Val Loss 0.0033 MAE 0.7082 R2 0.6153
2026-09-03 03:34:48 |   Val R2 improved to 0.6153, model saved
2026-09-03 03:34:59 | Epoch  20/100 | Train Loss 0.0072 | Val Loss 0.0043 MAE 0.9516 R2 0.4086
2026-09-03 03:35:09 | Epoch  21/100 | Train Loss 0.0072 | Val Loss 0.0035 MAE 0.6804 R2 0.6155
2026-09-03 03:35:09 |   Val R2 improved to 0.6155, model saved
2026-09-03 03:35:20 | Epoch  22/100 | Train Loss 0.0069 | Val Loss 0.0034 MAE 0.7190 R2 0.6094
2026-09-03 03:35:32 | Epoch  23/100 | Train Loss 0.0069 | Val Loss 0.0034 MAE 0.6488 R2 0.6051
2026-09-03 03:35:42 | Epoch  24/100 | Train Loss 0.0068 | Val Loss 0.0031 MAE 0.6846 R2 0.6191
2026-09-03 03:35:42 |   Val R2 improved to 0.6191, model saved
2026-09-03 03:35:54 | Epoch  25/100 | Train Loss 0.0067 | Val Loss 0.0033 MAE 0.6941 R2 0.6215
2026-09-03 03:35:54 |   Val R2 improved to 0.6215, model saved
2026-09-03 03:36:03 | Epoch  26/100 | Train Loss 0.0066 | Val Loss 0.0029 MAE 0.7521 R2 0.6089
2026-09-03 03:36:14 | Epoch  27/100 | Train Loss 0.0064 | Val Loss 0.0033 MAE 0.6703 R2 0.5902
2026-09-03 03:36:23 | Epoch  28/100 | Train Loss 0.0063 | Val Loss 0.0031 MAE 0.7714 R2 0.6048
2026-09-03 03:36:33 | Epoch  29/100 | Train Loss 0.0063 | Val Loss 0.0028 MAE 0.6496 R2 0.5999
2026-09-03 03:36:44 | Epoch  30/100 | Train Loss 0.0061 | Val Loss 0.0029 MAE 0.7221 R2 0.6160
2026-09-03 03:36:55 | Epoch  31/100 | Train Loss 0.0061 | Val Loss 0.0029 MAE 0.7143 R2 0.6119
2026-09-03 03:37:05 | Epoch  32/100 | Train Loss 0.0060 | Val Loss 0.0029 MAE 0.7266 R2 0.6185
2026-09-03 03:37:16 | Epoch  33/100 | Train Loss 0.0057 | Val Loss 0.0027 MAE 0.6435 R2 0.6180
2026-09-03 03:37:27 | Epoch  34/100 | Train Loss 0.0058 | Val Loss 0.0027 MAE 0.6490 R2 0.6110
2026-09-03 03:37:37 | Epoch  35/100 | Train Loss 0.0055 | Val Loss 0.0024 MAE 0.6767 R2 0.6240
2026-09-03 03:37:37 |   Val R2 improved to 0.6240, model saved
2026-09-03 03:37:50 | Epoch  36/100 | Train Loss 0.0055 | Val Loss 0.0030 MAE 0.6514 R2 0.6090
2026-09-03 03:38:00 | Epoch  37/100 | Train Loss 0.0054 | Val Loss 0.0023 MAE 0.6885 R2 0.6259
2026-09-03 03:38:00 |   Val R2 improved to 0.6259, model saved
2026-09-03 03:38:10 | Epoch  38/100 | Train Loss 0.0053 | Val Loss 0.0024 MAE 0.7768 R2 0.5997
2026-09-03 03:38:17 | Epoch  39/100 | Train Loss 0.0052 | Val Loss 0.0028 MAE 0.9272 R2 0.5497
2026-09-03 03:38:25 | Epoch  40/100 | Train Loss 0.0051 | Val Loss 0.0023 MAE 0.6831 R2 0.6240
2026-09-03 03:38:34 | Epoch  41/100 | Train Loss 0.0051 | Val Loss 0.0021 MAE 0.7281 R2 0.6177
2026-09-03 03:38:42 | Epoch  42/100 | Train Loss 0.0049 | Val Loss 0.0020 MAE 0.6412 R2 0.6225
2026-09-03 03:38:51 | Epoch  43/100 | Train Loss 0.0049 | Val Loss 0.0025 MAE 0.7400 R2 0.6149
2026-09-03 03:39:03 | Epoch  44/100 | Train Loss 0.0048 | Val Loss 0.0022 MAE 0.6357 R2 0.6253
2026-09-03 03:39:14 | Epoch  45/100 | Train Loss 0.0047 | Val Loss 0.0024 MAE 0.6606 R2 0.5876
2026-09-03 03:39:24 | Epoch  46/100 | Train Loss 0.0047 | Val Loss 0.0032 MAE 0.8702 R2 0.4647
2026-09-03 03:39:35 | Epoch  47/100 | Train Loss 0.0048 | Val Loss 0.0024 MAE 0.7722 R2 0.6076
2026-09-03 03:39:35 | Val R2 did not improve for 10 consecutive epochs, early stopping at Epoch 47 (best R2 0.6259 @ Epoch 37)
2026-09-03 03:39:36 | Run 4/5 | Test (best model @ Epoch 37) | Loss 0.0024 MAE 0.7593 R2 0.6267
2026-09-03 03:39:36 | ===== Run 5/5 (seed 4) =====
2026-09-03 03:39:45 | Epoch   1/100 | Train Loss 0.2140 | Val Loss 0.0057 MAE 1.0714 R2 0.2970
2026-09-03 03:39:45 |   Val R2 improved to 0.2970, model saved
2026-09-03 03:39:55 | Epoch   2/100 | Train Loss 0.0105 | Val Loss 0.0049 MAE 0.8528 R2 0.5156
2026-09-03 03:39:55 |   Val R2 improved to 0.5156, model saved
2026-09-03 03:40:04 | Epoch   3/100 | Train Loss 0.0100 | Val Loss 0.0049 MAE 0.8357 R2 0.4738
2026-09-03 03:40:14 | Epoch   4/100 | Train Loss 0.0093 | Val Loss 0.0041 MAE 0.7416 R2 0.5799
2026-09-03 03:40:14 |   Val R2 improved to 0.5799, model saved
2026-09-03 03:40:23 | Epoch   5/100 | Train Loss 0.0091 | Val Loss 0.0048 MAE 0.7096 R2 0.5885
2026-09-03 03:40:23 |   Val R2 improved to 0.5885, model saved
2026-09-03 03:40:33 | Epoch   6/100 | Train Loss 0.0087 | Val Loss 0.0042 MAE 0.7038 R2 0.5860
2026-09-03 03:40:44 | Epoch   7/100 | Train Loss 0.0086 | Val Loss 0.0041 MAE 0.7335 R2 0.5990
2026-09-03 03:40:44 |   Val R2 improved to 0.5990, model saved
2026-09-03 03:40:53 | Epoch   8/100 | Train Loss 0.0085 | Val Loss 0.0043 MAE 0.6965 R2 0.5986
2026-09-03 03:41:01 | Epoch   9/100 | Train Loss 0.0083 | Val Loss 0.0043 MAE 0.7171 R2 0.6072
2026-09-03 03:41:01 |   Val R2 improved to 0.6072, model saved
2026-09-03 03:41:12 | Epoch  10/100 | Train Loss 0.0081 | Val Loss 0.0042 MAE 0.7642 R2 0.5987
2026-09-03 03:41:21 | Epoch  11/100 | Train Loss 0.0081 | Val Loss 0.0042 MAE 0.6672 R2 0.6045
2026-09-03 03:41:31 | Epoch  12/100 | Train Loss 0.0079 | Val Loss 0.0040 MAE 0.6948 R2 0.6122
2026-09-03 03:41:31 |   Val R2 improved to 0.6122, model saved
2026-09-03 03:41:40 | Epoch  13/100 | Train Loss 0.0077 | Val Loss 0.0039 MAE 0.6627 R2 0.6069
2026-09-03 03:41:49 | Epoch  14/100 | Train Loss 0.0077 | Val Loss 0.0040 MAE 0.8059 R2 0.5891
2026-09-03 03:41:59 | Epoch  15/100 | Train Loss 0.0076 | Val Loss 0.0038 MAE 0.6900 R2 0.6150
2026-09-03 03:41:59 |   Val R2 improved to 0.6150, model saved
2026-09-03 03:42:09 | Epoch  16/100 | Train Loss 0.0074 | Val Loss 0.0040 MAE 0.6633 R2 0.5957
2026-09-03 03:42:18 | Epoch  17/100 | Train Loss 0.0075 | Val Loss 0.0036 MAE 0.9525 R2 0.5339
2026-09-03 03:42:27 | Epoch  18/100 | Train Loss 0.0073 | Val Loss 0.0033 MAE 0.7783 R2 0.5982
2026-09-03 03:42:37 | Epoch  19/100 | Train Loss 0.0073 | Val Loss 0.0037 MAE 0.7606 R2 0.6034
2026-09-03 03:42:46 | Epoch  20/100 | Train Loss 0.0072 | Val Loss 0.0036 MAE 0.7758 R2 0.6003
2026-09-03 03:42:55 | Epoch  21/100 | Train Loss 0.0070 | Val Loss 0.0031 MAE 0.6928 R2 0.6152
2026-09-03 03:42:55 |   Val R2 improved to 0.6152, model saved
2026-09-03 03:43:05 | Epoch  22/100 | Train Loss 0.0070 | Val Loss 0.0036 MAE 0.8892 R2 0.5603
2026-09-03 03:43:15 | Epoch  23/100 | Train Loss 0.0067 | Val Loss 0.0029 MAE 0.7174 R2 0.6153
2026-09-03 03:43:15 |   Val R2 improved to 0.6153, model saved
2026-09-03 03:43:24 | Epoch  24/100 | Train Loss 0.0068 | Val Loss 0.0038 MAE 0.6717 R2 0.5823
2026-09-03 03:43:33 | Epoch  25/100 | Train Loss 0.0067 | Val Loss 0.0031 MAE 0.7959 R2 0.5956
2026-09-03 03:43:43 | Epoch  26/100 | Train Loss 0.0064 | Val Loss 0.0032 MAE 0.7327 R2 0.5423
2026-09-03 03:43:52 | Epoch  27/100 | Train Loss 0.0064 | Val Loss 0.0029 MAE 0.9311 R2 0.5460
2026-09-03 03:44:01 | Epoch  28/100 | Train Loss 0.0063 | Val Loss 0.0030 MAE 0.6792 R2 0.6189
2026-09-03 03:44:01 |   Val R2 improved to 0.6189, model saved
2026-09-03 03:44:11 | Epoch  29/100 | Train Loss 0.0061 | Val Loss 0.0031 MAE 0.7609 R2 0.6085
2026-09-03 03:44:20 | Epoch  30/100 | Train Loss 0.0060 | Val Loss 0.0027 MAE 0.6433 R2 0.6058
2026-09-03 03:44:30 | Epoch  31/100 | Train Loss 0.0060 | Val Loss 0.0027 MAE 0.6682 R2 0.6182
2026-09-03 03:44:40 | Epoch  32/100 | Train Loss 0.0059 | Val Loss 0.0031 MAE 0.7369 R2 0.5432
2026-09-03 03:44:51 | Epoch  33/100 | Train Loss 0.0058 | Val Loss 0.0027 MAE 0.6472 R2 0.6082
2026-09-03 03:45:01 | Epoch  34/100 | Train Loss 0.0057 | Val Loss 0.0028 MAE 0.6459 R2 0.6253
2026-09-03 03:45:01 |   Val R2 improved to 0.6253, model saved
2026-09-03 03:45:10 | Epoch  35/100 | Train Loss 0.0055 | Val Loss 0.0028 MAE 0.6717 R2 0.5752
2026-09-03 03:45:20 | Epoch  36/100 | Train Loss 0.0056 | Val Loss 0.0032 MAE 1.2330 R2 0.3942
2026-09-03 03:45:30 | Epoch  37/100 | Train Loss 0.0054 | Val Loss 0.0023 MAE 0.6578 R2 0.6244
2026-09-03 03:45:40 | Epoch  38/100 | Train Loss 0.0053 | Val Loss 0.0024 MAE 0.6528 R2 0.6248
2026-09-03 03:45:50 | Epoch  39/100 | Train Loss 0.0052 | Val Loss 0.0030 MAE 0.8961 R2 0.4526
2026-09-03 03:46:01 | Epoch  40/100 | Train Loss 0.0053 | Val Loss 0.0024 MAE 0.6451 R2 0.6252
2026-09-03 03:46:10 | Epoch  41/100 | Train Loss 0.0050 | Val Loss 0.0023 MAE 0.7356 R2 0.6166
2026-09-03 03:46:19 | Epoch  42/100 | Train Loss 0.0050 | Val Loss 0.0021 MAE 0.7412 R2 0.6133
2026-09-03 03:46:29 | Epoch  43/100 | Train Loss 0.0048 | Val Loss 0.0023 MAE 0.6553 R2 0.5994
2026-09-03 03:46:38 | Epoch  44/100 | Train Loss 0.0046 | Val Loss 0.0022 MAE 0.6380 R2 0.6175
2026-09-03 03:46:38 | Val R2 did not improve for 10 consecutive epochs, early stopping at Epoch 44 (best R2 0.6253 @ Epoch 34)
2026-09-03 03:46:39 | Run 5/5 | Test (best model @ Epoch 34) | Loss 0.0029 MAE 0.7093 R2 0.6280
2026-09-03 03:46:39 | Average over 5 runs | Test Loss 0.0027±0.0003 MAE 0.7370±0.0290 R2 0.6272±0.0047
