2026-08-30 04:41:54 | Device: cuda
2026-08-30 04:41:54 | Args: {'model': 'fgib', 'backbone': 'cnn', 'task': 'imagenet100', 'epochs': 100, 'batch_size': 512, 'lr': 0.001, 'hidden_dims': [512, 256], 'dropout': 0.2, 'z_dim': 256, 'anchor_scale': 4.0, 'anchor_geometry': 'qr', 'max_len': 250, 'random_labels': False, 'beta': 0.001, 'patience': 10, 'runs': 5, 'seed': 0, 'data_dir': './data', 'save_path': 'output/imagenet100_cnn_fgib/imagenet100_cnn_fgib.pt', 'log_path': '/root/autodl-tmp/FGIB/tune_results_ablation/hdirect_all/imagenet100_cnn_fgib_beta_0.001_anchor_4/train.log', 'no_save': True, 'freeze_a': False, 'a_identity': True, 'cosine_classifier': False, 'log_variance_stats': False, 'subject_disjoint': False}
2026-08-30 04:41:54 | ImageNet-100 特征：使用 4×4 空间池化文件 ./data/imagenet100/imagenet100_resnet50_layer3_pool4_features.npz
2026-08-30 04:41:54 | ImageNet-100 预处理缓存：mmap 共享 ./data/imagenet100/preprocessed_pool4
2026-08-30 04:41:54 | ===== Run 1/5 (seed 0) =====
2026-08-30 04:42:02 | Epoch   1/100 | Train Loss 1.7036 Acc 0.6518 | Val Loss 0.9480 Acc 0.8058 AUC 0.9960 Pre 0.8127 Rec 0.8032
2026-08-30 04:42:02 |   Val AUC improved to 0.9960, model saved
2026-08-30 04:42:08 | Epoch   2/100 | Train Loss 0.7854 Acc 0.8519 | Val Loss 0.7764 Acc 0.8309 AUC 0.9966 Pre 0.8360 Rec 0.8280
2026-08-30 04:42:08 |   Val AUC improved to 0.9966, model saved
2026-08-30 04:42:14 | Epoch   3/100 | Train Loss 0.5445 Acc 0.9045 | Val Loss 0.7280 Acc 0.8365 AUC 0.9965 Pre 0.8420 Rec 0.8336
2026-08-30 04:42:20 | Epoch   4/100 | Train Loss 0.3916 Acc 0.9397 | Val Loss 0.6871 Acc 0.8439 AUC 0.9965 Pre 0.8477 Rec 0.8414
2026-08-30 04:42:26 | Epoch   5/100 | Train Loss 0.2805 Acc 0.9656 | Val Loss 0.6807 Acc 0.8447 AUC 0.9961 Pre 0.8467 Rec 0.8420
2026-08-30 04:42:32 | Epoch   6/100 | Train Loss 0.2131 Acc 0.9799 | Val Loss 0.6566 Acc 0.8473 AUC 0.9961 Pre 0.8511 Rec 0.8439
2026-08-30 04:42:38 | Epoch   7/100 | Train Loss 0.1629 Acc 0.9898 | Val Loss 0.6482 Acc 0.8530 AUC 0.9960 Pre 0.8539 Rec 0.8503
2026-08-30 04:42:45 | Epoch   8/100 | Train Loss 0.1314 Acc 0.9943 | Val Loss 0.6505 Acc 0.8503 AUC 0.9959 Pre 0.8518 Rec 0.8474
2026-08-30 04:42:52 | Epoch   9/100 | Train Loss 0.1116 Acc 0.9967 | Val Loss 0.6387 Acc 0.8523 AUC 0.9957 Pre 0.8524 Rec 0.8496
2026-08-30 04:42:58 | Epoch  10/100 | Train Loss 0.0978 Acc 0.9971 | Val Loss 0.6485 Acc 0.8492 AUC 0.9955 Pre 0.8513 Rec 0.8460
2026-08-30 04:43:04 | Epoch  11/100 | Train Loss 0.0904 Acc 0.9975 | Val Loss 0.6627 Acc 0.8483 AUC 0.9949 Pre 0.8484 Rec 0.8455
2026-08-30 04:43:11 | Epoch  12/100 | Train Loss 0.1006 Acc 0.9937 | Val Loss 0.7856 Acc 0.8241 AUC 0.9935 Pre 0.8319 Rec 0.8206
2026-08-30 04:43:11 | Val AUC did not improve for 10 consecutive epochs, early stopping at Epoch 12 (best AUC 0.9966 @ Epoch 2)
2026-08-30 04:43:13 | Run 1/5 | Test (best model @ Epoch 2) | Loss 0.7702 Acc 0.8337 AUC 0.9968 Pre 0.8391 Rec 0.8311
2026-08-30 04:43:13 | ===== Run 2/5 (seed 1) =====
2026-08-30 04:43:20 | Epoch   1/100 | Train Loss 1.6997 Acc 0.6500 | Val Loss 0.9448 Acc 0.8033 AUC 0.9960 Pre 0.8117 Rec 0.8001
2026-08-30 04:43:20 |   Val AUC improved to 0.9960, model saved
2026-08-30 04:43:27 | Epoch   2/100 | Train Loss 0.7826 Acc 0.8537 | Val Loss 0.7835 Acc 0.8318 AUC 0.9965 Pre 0.8379 Rec 0.8281
2026-08-30 04:43:27 |   Val AUC improved to 0.9965, model saved
2026-08-30 04:43:34 | Epoch   3/100 | Train Loss 0.5443 Acc 0.9042 | Val Loss 0.7105 Acc 0.8379 AUC 0.9967 Pre 0.8433 Rec 0.8348
2026-08-30 04:43:34 |   Val AUC improved to 0.9967, model saved
2026-08-30 04:43:41 | Epoch   4/100 | Train Loss 0.3947 Acc 0.9382 | Val Loss 0.6961 Acc 0.8407 AUC 0.9964 Pre 0.8445 Rec 0.8367
2026-08-30 04:43:47 | Epoch   5/100 | Train Loss 0.2854 Acc 0.9643 | Val Loss 0.6924 Acc 0.8446 AUC 0.9961 Pre 0.8496 Rec 0.8419
2026-08-30 04:43:53 | Epoch   6/100 | Train Loss 0.2136 Acc 0.9806 | Val Loss 0.6662 Acc 0.8491 AUC 0.9959 Pre 0.8502 Rec 0.8461
2026-08-30 04:43:59 | Epoch   7/100 | Train Loss 0.1639 Acc 0.9899 | Val Loss 0.6444 Acc 0.8522 AUC 0.9961 Pre 0.8536 Rec 0.8491
2026-08-30 04:44:05 | Epoch   8/100 | Train Loss 0.1284 Acc 0.9953 | Val Loss 0.6515 Acc 0.8517 AUC 0.9957 Pre 0.8547 Rec 0.8480
2026-08-30 04:44:12 | Epoch   9/100 | Train Loss 0.1072 Acc 0.9972 | Val Loss 0.6463 Acc 0.8527 AUC 0.9955 Pre 0.8549 Rec 0.8498
2026-08-30 04:44:18 | Epoch  10/100 | Train Loss 0.0900 Acc 0.9987 | Val Loss 0.6123 Acc 0.8584 AUC 0.9958 Pre 0.8575 Rec 0.8552
2026-08-30 04:44:24 | Epoch  11/100 | Train Loss 0.0777 Acc 0.9990 | Val Loss 0.6154 Acc 0.8577 AUC 0.9955 Pre 0.8565 Rec 0.8548
2026-08-30 04:44:31 | Epoch  12/100 | Train Loss 0.0693 Acc 0.9991 | Val Loss 0.6404 Acc 0.8522 AUC 0.9953 Pre 0.8517 Rec 0.8492
2026-08-30 04:44:38 | Epoch  13/100 | Train Loss 0.1169 Acc 0.9871 | Val Loss 0.9369 Acc 0.7929 AUC 0.9910 Pre 0.8051 Rec 0.7908
2026-08-30 04:44:38 | Val AUC did not improve for 10 consecutive epochs, early stopping at Epoch 13 (best AUC 0.9967 @ Epoch 3)
2026-08-30 04:44:40 | Run 2/5 | Test (best model @ Epoch 3) | Loss 0.7085 Acc 0.8389 AUC 0.9968 Pre 0.8426 Rec 0.8356
2026-08-30 04:44:40 | ===== Run 3/5 (seed 2) =====
2026-08-30 04:44:47 | Epoch   1/100 | Train Loss 1.6968 Acc 0.6495 | Val Loss 0.9279 Acc 0.8099 AUC 0.9961 Pre 0.8154 Rec 0.8068
2026-08-30 04:44:47 |   Val AUC improved to 0.9961, model saved
2026-08-30 04:44:53 | Epoch   2/100 | Train Loss 0.7698 Acc 0.8553 | Val Loss 0.7711 Acc 0.8296 AUC 0.9967 Pre 0.8349 Rec 0.8255
2026-08-30 04:44:53 |   Val AUC improved to 0.9967, model saved
2026-08-30 04:45:00 | Epoch   3/100 | Train Loss 0.5327 Acc 0.9061 | Val Loss 0.7151 Acc 0.8358 AUC 0.9968 Pre 0.8400 Rec 0.8319
2026-08-30 04:45:00 |   Val AUC improved to 0.9968, model saved
2026-08-30 04:45:07 | Epoch   4/100 | Train Loss 0.3799 Acc 0.9407 | Val Loss 0.6908 Acc 0.8407 AUC 0.9965 Pre 0.8431 Rec 0.8385
2026-08-30 04:45:14 | Epoch   5/100 | Train Loss 0.2703 Acc 0.9680 | Val Loss 0.6595 Acc 0.8501 AUC 0.9964 Pre 0.8520 Rec 0.8470
2026-08-30 04:45:21 | Epoch   6/100 | Train Loss 0.2020 Acc 0.9826 | Val Loss 0.6756 Acc 0.8476 AUC 0.9958 Pre 0.8532 Rec 0.8439
2026-08-30 04:45:27 | Epoch   7/100 | Train Loss 0.1608 Acc 0.9908 | Val Loss 0.6419 Acc 0.8505 AUC 0.9960 Pre 0.8523 Rec 0.8473
2026-08-30 04:45:33 | Epoch   8/100 | Train Loss 0.1272 Acc 0.9949 | Val Loss 0.6411 Acc 0.8558 AUC 0.9957 Pre 0.8583 Rec 0.8527
2026-08-30 04:45:40 | Epoch   9/100 | Train Loss 0.1026 Acc 0.9978 | Val Loss 0.6212 Acc 0.8574 AUC 0.9960 Pre 0.8579 Rec 0.8543
2026-08-30 04:45:47 | Epoch  10/100 | Train Loss 0.0838 Acc 0.9992 | Val Loss 0.6077 Acc 0.8589 AUC 0.9960 Pre 0.8582 Rec 0.8561
2026-08-30 04:45:53 | Epoch  11/100 | Train Loss 0.0722 Acc 0.9995 | Val Loss 0.6003 Acc 0.8594 AUC 0.9958 Pre 0.8596 Rec 0.8564
2026-08-30 04:45:59 | Epoch  12/100 | Train Loss 0.0643 Acc 0.9995 | Val Loss 0.6035 Acc 0.8602 AUC 0.9956 Pre 0.8590 Rec 0.8567
2026-08-30 04:46:05 | Epoch  13/100 | Train Loss 0.0616 Acc 0.9992 | Val Loss 0.6098 Acc 0.8597 AUC 0.9953 Pre 0.8592 Rec 0.8566
2026-08-30 04:46:05 | Val AUC did not improve for 10 consecutive epochs, early stopping at Epoch 13 (best AUC 0.9968 @ Epoch 3)
2026-08-30 04:46:07 | Run 3/5 | Test (best model @ Epoch 3) | Loss 0.7065 Acc 0.8414 AUC 0.9968 Pre 0.8452 Rec 0.8377
2026-08-30 04:46:07 | ===== Run 4/5 (seed 3) =====
2026-08-30 04:46:12 | Epoch   1/100 | Train Loss 1.7044 Acc 0.6507 | Val Loss 0.9442 Acc 0.8052 AUC 0.9961 Pre 0.8118 Rec 0.8024
2026-08-30 04:46:12 |   Val AUC improved to 0.9961, model saved
2026-08-30 04:46:18 | Epoch   2/100 | Train Loss 0.7818 Acc 0.8532 | Val Loss 0.7680 Acc 0.8330 AUC 0.9968 Pre 0.8346 Rec 0.8304
2026-08-30 04:46:18 |   Val AUC improved to 0.9968, model saved
2026-08-30 04:46:24 | Epoch   3/100 | Train Loss 0.5396 Acc 0.9035 | Val Loss 0.7343 Acc 0.8365 AUC 0.9964 Pre 0.8420 Rec 0.8335
2026-08-30 04:46:30 | Epoch   4/100 | Train Loss 0.3887 Acc 0.9392 | Val Loss 0.7042 Acc 0.8393 AUC 0.9966 Pre 0.8429 Rec 0.8366
2026-08-30 04:46:37 | Epoch   5/100 | Train Loss 0.2781 Acc 0.9651 | Val Loss 0.6955 Acc 0.8411 AUC 0.9960 Pre 0.8450 Rec 0.8389
2026-08-30 04:46:43 | Epoch   6/100 | Train Loss 0.2117 Acc 0.9797 | Val Loss 0.6776 Acc 0.8459 AUC 0.9960 Pre 0.8503 Rec 0.8420
2026-08-30 04:46:49 | Epoch   7/100 | Train Loss 0.1656 Acc 0.9886 | Val Loss 0.6716 Acc 0.8449 AUC 0.9958 Pre 0.8468 Rec 0.8415
2026-08-30 04:46:56 | Epoch   8/100 | Train Loss 0.1285 Acc 0.9950 | Val Loss 0.6541 Acc 0.8510 AUC 0.9957 Pre 0.8526 Rec 0.8480
2026-08-30 04:47:02 | Epoch   9/100 | Train Loss 0.1045 Acc 0.9975 | Val Loss 0.6368 Acc 0.8535 AUC 0.9955 Pre 0.8543 Rec 0.8510
2026-08-30 04:47:08 | Epoch  10/100 | Train Loss 0.0865 Acc 0.9989 | Val Loss 0.6200 Acc 0.8558 AUC 0.9958 Pre 0.8564 Rec 0.8527
2026-08-30 04:47:14 | Epoch  11/100 | Train Loss 0.0777 Acc 0.9985 | Val Loss 0.6479 Acc 0.8503 AUC 0.9955 Pre 0.8513 Rec 0.8478
2026-08-30 04:47:20 | Epoch  12/100 | Train Loss 0.0805 Acc 0.9974 | Val Loss 0.7223 Acc 0.8390 AUC 0.9941 Pre 0.8460 Rec 0.8356
2026-08-30 04:47:20 | Val AUC did not improve for 10 consecutive epochs, early stopping at Epoch 12 (best AUC 0.9968 @ Epoch 2)
2026-08-30 04:47:22 | Run 4/5 | Test (best model @ Epoch 2) | Loss 0.7609 Acc 0.8348 AUC 0.9968 Pre 0.8366 Rec 0.8325
2026-08-30 04:47:22 | ===== Run 5/5 (seed 4) =====
2026-08-30 04:47:28 | Epoch   1/100 | Train Loss 1.6868 Acc 0.6538 | Val Loss 0.9266 Acc 0.8098 AUC 0.9962 Pre 0.8152 Rec 0.8074
2026-08-30 04:47:28 |   Val AUC improved to 0.9962, model saved
2026-08-30 04:47:35 | Epoch   2/100 | Train Loss 0.7757 Acc 0.8534 | Val Loss 0.7748 Acc 0.8286 AUC 0.9968 Pre 0.8332 Rec 0.8253
2026-08-30 04:47:35 |   Val AUC improved to 0.9968, model saved
2026-08-30 04:47:41 | Epoch   3/100 | Train Loss 0.5379 Acc 0.9049 | Val Loss 0.7286 Acc 0.8325 AUC 0.9965 Pre 0.8389 Rec 0.8276
2026-08-30 04:47:47 | Epoch   4/100 | Train Loss 0.3808 Acc 0.9413 | Val Loss 0.6950 Acc 0.8421 AUC 0.9965 Pre 0.8469 Rec 0.8384
2026-08-30 04:47:53 | Epoch   5/100 | Train Loss 0.2804 Acc 0.9653 | Val Loss 0.6786 Acc 0.8435 AUC 0.9961 Pre 0.8461 Rec 0.8410
2026-08-30 04:47:59 | Epoch   6/100 | Train Loss 0.2091 Acc 0.9805 | Val Loss 0.6900 Acc 0.8438 AUC 0.9958 Pre 0.8486 Rec 0.8414
2026-08-30 04:48:06 | Epoch   7/100 | Train Loss 0.1611 Acc 0.9906 | Val Loss 0.6533 Acc 0.8483 AUC 0.9959 Pre 0.8491 Rec 0.8453
2026-08-30 04:48:12 | Epoch   8/100 | Train Loss 0.1283 Acc 0.9953 | Val Loss 0.6344 Acc 0.8534 AUC 0.9959 Pre 0.8539 Rec 0.8509
2026-08-30 04:48:18 | Epoch   9/100 | Train Loss 0.1004 Acc 0.9983 | Val Loss 0.6230 Acc 0.8559 AUC 0.9958 Pre 0.8563 Rec 0.8534
2026-08-30 04:48:24 | Epoch  10/100 | Train Loss 0.0838 Acc 0.9991 | Val Loss 0.6035 Acc 0.8613 AUC 0.9959 Pre 0.8612 Rec 0.8584
2026-08-30 04:48:29 | Epoch  11/100 | Train Loss 0.0730 Acc 0.9993 | Val Loss 0.6002 Acc 0.8610 AUC 0.9958 Pre 0.8599 Rec 0.8584
2026-08-30 04:48:34 | Epoch  12/100 | Train Loss 0.0644 Acc 0.9994 | Val Loss 0.5960 Acc 0.8623 AUC 0.9957 Pre 0.8611 Rec 0.8594
2026-08-30 04:48:34 | Val AUC did not improve for 10 consecutive epochs, early stopping at Epoch 12 (best AUC 0.9968 @ Epoch 2)
2026-08-30 04:48:35 | Run 5/5 | Test (best model @ Epoch 2) | Loss 0.7806 Acc 0.8277 AUC 0.9967 Pre 0.8339 Rec 0.8249
2026-08-30 04:48:35 | Average over 5 runs | Test Loss 0.7453±0.0352 Acc 0.8353±0.0053 AUC 0.9968±0.0001 Pre 0.8395±0.0045 Rec 0.8324±0.0049
