2026-09-18 11:32:14 | Device: cuda
2026-09-18 11:32:14 | Args: {'model': 'opb-fixedvar', 'backbone': 'mlp', 'task': 'imagenet100', 'epochs': 100, 'batch_size': 512, 'lr': 0.001, 'hidden_dims': [512, 256], 'dropout': 0.2, 'z_dim': 256, 'anchor_scale': 2.0, 'energy_classifier': False, 'tied_head': False, 'max_len': 250, 'random_labels': False, 'beta': 1.0, 'patience': 10, 'runs': 5, 'seed': 0, 'data_dir': './data', 'save_path': 'output/imagenet100_mlp_opb-fixedvar/imagenet100_mlp_opb-fixedvar.pt', 'log_path': '/root/autodl-tmp/IB/output/ablation/imagenet100_mlp_opb-fixedvar_beta_1_anchor_2/train.log', 'no_save': True}
2026-09-18 11:32:14 | ImageNet-100 特征：使用 4×4 空间池化文件 ./data/imagenet100/imagenet100_resnet50_layer3_pool4_features.npz
2026-09-18 11:32:14 | ImageNet-100 预处理缓存：mmap 共享 ./data/imagenet100/preprocessed_pool4
2026-09-18 11:32:14 | ===== Run 1/5 (seed 0) =====
2026-09-18 11:32:23 | Epoch   1/100 | Train Loss 8.2298 Acc 0.0259 | Val Loss 5.8323 Acc 0.1826 AUC 0.7853 Pre 0.1025 Rec 0.1803
2026-09-18 11:32:23 |   Val AUC improved to 0.7853, model saved
2026-09-18 11:32:32 | Epoch   2/100 | Train Loss 7.6152 Acc 0.0732 | Val Loss 5.5509 Acc 0.2180 AUC 0.7872 Pre 0.1501 Rec 0.2148
2026-09-18 11:32:32 |   Val AUC improved to 0.7872, model saved
2026-09-18 11:32:40 | Epoch   3/100 | Train Loss 7.3963 Acc 0.0988 | Val Loss 5.5033 Acc 0.2242 AUC 0.7778 Pre 0.1450 Rec 0.2209
2026-09-18 11:32:48 | Epoch   4/100 | Train Loss 7.3575 Acc 0.1024 | Val Loss 5.4757 Acc 0.2211 AUC 0.7699 Pre 0.1452 Rec 0.2178
2026-09-18 11:32:57 | Epoch   5/100 | Train Loss 7.3241 Acc 0.1077 | Val Loss 5.4688 Acc 0.2275 AUC 0.7690 Pre 0.1509 Rec 0.2240
2026-09-18 11:33:06 | Epoch   6/100 | Train Loss 7.3154 Acc 0.1082 | Val Loss 5.4693 Acc 0.2244 AUC 0.7638 Pre 0.1521 Rec 0.2211
2026-09-18 11:33:15 | Epoch   7/100 | Train Loss 7.2981 Acc 0.1094 | Val Loss 5.4788 Acc 0.2278 AUC 0.7593 Pre 0.1577 Rec 0.2243
2026-09-18 11:33:24 | Epoch   8/100 | Train Loss 7.3149 Acc 0.1084 | Val Loss 5.4589 Acc 0.2287 AUC 0.7596 Pre 0.1544 Rec 0.2252
2026-09-18 11:33:33 | Epoch   9/100 | Train Loss 7.2898 Acc 0.1077 | Val Loss 5.4564 Acc 0.2251 AUC 0.7591 Pre 0.1519 Rec 0.2217
2026-09-18 11:33:42 | Epoch  10/100 | Train Loss 7.2786 Acc 0.1109 | Val Loss 5.4523 Acc 0.2288 AUC 0.7612 Pre 0.1560 Rec 0.2253
2026-09-18 11:33:50 | Epoch  11/100 | Train Loss 7.2803 Acc 0.1116 | Val Loss 5.4503 Acc 0.2269 AUC 0.7585 Pre 0.1560 Rec 0.2235
2026-09-18 11:33:59 | Epoch  12/100 | Train Loss 7.2827 Acc 0.1099 | Val Loss 5.4411 Acc 0.2194 AUC 0.7600 Pre 0.1423 Rec 0.2164
2026-09-18 11:33:59 | Val AUC did not improve for 10 consecutive epochs, early stopping at Epoch 12 (best AUC 0.7872 @ Epoch 2)
2026-09-18 11:34:01 | Run 1/5 | Test (best model @ Epoch 2) | Loss 5.5553 Acc 0.2173 AUC 0.7855 Pre 0.1588 Rec 0.2141
2026-09-18 11:34:01 | ===== Run 2/5 (seed 1) =====
2026-09-18 11:34:10 | Epoch   1/100 | Train Loss 8.3728 Acc 0.0156 | Val Loss 6.1802 Acc 0.0982 AUC 0.7022 Pre 0.0425 Rec 0.0957
2026-09-18 11:34:10 |   Val AUC improved to 0.7022, model saved
2026-09-18 11:34:18 | Epoch   2/100 | Train Loss 8.0013 Acc 0.0394 | Val Loss 6.1100 Acc 0.0984 AUC 0.6808 Pre 0.0473 Rec 0.0959
2026-09-18 11:34:27 | Epoch   3/100 | Train Loss 7.9253 Acc 0.0458 | Val Loss 5.9962 Acc 0.1179 AUC 0.6985 Pre 0.0569 Rec 0.1149
2026-09-18 11:34:35 | Epoch   4/100 | Train Loss 7.8510 Acc 0.0531 | Val Loss 5.9091 Acc 0.1377 AUC 0.6961 Pre 0.0839 Rec 0.1342
2026-09-18 11:34:45 | Epoch   5/100 | Train Loss 7.7431 Acc 0.0639 | Val Loss 5.8400 Acc 0.1463 AUC 0.7022 Pre 0.0818 Rec 0.1426
2026-09-18 11:34:54 | Epoch   6/100 | Train Loss 7.7068 Acc 0.0677 | Val Loss 5.8211 Acc 0.1462 AUC 0.7013 Pre 0.0837 Rec 0.1425
2026-09-18 11:35:02 | Epoch   7/100 | Train Loss 7.6932 Acc 0.0695 | Val Loss 5.8227 Acc 0.1478 AUC 0.7008 Pre 0.0943 Rec 0.1440
2026-09-18 11:35:12 | Epoch   8/100 | Train Loss 7.6997 Acc 0.0698 | Val Loss 5.8234 Acc 0.1476 AUC 0.6998 Pre 0.0912 Rec 0.1438
2026-09-18 11:35:22 | Epoch   9/100 | Train Loss 7.6953 Acc 0.0696 | Val Loss 5.8219 Acc 0.1474 AUC 0.6993 Pre 0.0977 Rec 0.1437
2026-09-18 11:35:31 | Epoch  10/100 | Train Loss 7.6948 Acc 0.0692 | Val Loss 5.8157 Acc 0.1476 AUC 0.7003 Pre 0.0866 Rec 0.1438
2026-09-18 11:35:41 | Epoch  11/100 | Train Loss 7.6876 Acc 0.0696 | Val Loss 5.8090 Acc 0.1469 AUC 0.6996 Pre 0.0846 Rec 0.1432
2026-09-18 11:35:41 | Val AUC did not improve for 10 consecutive epochs, early stopping at Epoch 11 (best AUC 0.7022 @ Epoch 1)
2026-09-18 11:35:43 | Run 2/5 | Test (best model @ Epoch 1) | Loss 6.1837 Acc 0.0969 AUC 0.7002 Pre 0.0505 Rec 0.0945
2026-09-18 11:35:43 | ===== Run 3/5 (seed 2) =====
2026-09-18 11:35:52 | Epoch   1/100 | Train Loss 8.3993 Acc 0.0158 | Val Loss 6.2074 Acc 0.0980 AUC 0.6887 Pre 0.0550 Rec 0.0955
2026-09-18 11:35:52 |   Val AUC improved to 0.6887, model saved
2026-09-18 11:36:01 | Epoch   2/100 | Train Loss 7.9152 Acc 0.0467 | Val Loss 5.8764 Acc 0.1472 AUC 0.7515 Pre 0.0829 Rec 0.1435
2026-09-18 11:36:01 |   Val AUC improved to 0.7515, model saved
2026-09-18 11:36:10 | Epoch   3/100 | Train Loss 7.7513 Acc 0.0611 | Val Loss 5.8529 Acc 0.1466 AUC 0.7391 Pre 0.0859 Rec 0.1428
2026-09-18 11:36:18 | Epoch   4/100 | Train Loss 7.7127 Acc 0.0643 | Val Loss 5.8271 Acc 0.1487 AUC 0.7373 Pre 0.0893 Rec 0.1449
2026-09-18 11:36:27 | Epoch   5/100 | Train Loss 7.7032 Acc 0.0626 | Val Loss 5.8257 Acc 0.1486 AUC 0.7317 Pre 0.0814 Rec 0.1448
2026-09-18 11:36:36 | Epoch   6/100 | Train Loss 7.6790 Acc 0.0650 | Val Loss 5.7777 Acc 0.1542 AUC 0.7295 Pre 0.0830 Rec 0.1502
2026-09-18 11:36:45 | Epoch   7/100 | Train Loss 7.6458 Acc 0.0683 | Val Loss 5.7682 Acc 0.1564 AUC 0.7285 Pre 0.0896 Rec 0.1524
2026-09-18 11:36:54 | Epoch   8/100 | Train Loss 7.6432 Acc 0.0700 | Val Loss 5.7633 Acc 0.1566 AUC 0.7273 Pre 0.0859 Rec 0.1526
2026-09-18 11:37:02 | Epoch   9/100 | Train Loss 7.6358 Acc 0.0706 | Val Loss 5.7698 Acc 0.1554 AUC 0.7266 Pre 0.0953 Rec 0.1515
2026-09-18 11:37:11 | Epoch  10/100 | Train Loss 7.6197 Acc 0.0701 | Val Loss 5.7559 Acc 0.1553 AUC 0.7272 Pre 0.0933 Rec 0.1513
2026-09-18 11:37:19 | Epoch  11/100 | Train Loss 7.6195 Acc 0.0725 | Val Loss 5.7571 Acc 0.1562 AUC 0.7270 Pre 0.0865 Rec 0.1522
2026-09-18 11:37:27 | Epoch  12/100 | Train Loss 7.6295 Acc 0.0708 | Val Loss 5.7705 Acc 0.1563 AUC 0.7254 Pre 0.0837 Rec 0.1523
2026-09-18 11:37:27 | Val AUC did not improve for 10 consecutive epochs, early stopping at Epoch 12 (best AUC 0.7515 @ Epoch 2)
2026-09-18 11:37:29 | Run 3/5 | Test (best model @ Epoch 2) | Loss 5.8801 Acc 0.1456 AUC 0.7509 Pre 0.0813 Rec 0.1419
2026-09-18 11:37:29 | ===== Run 4/5 (seed 3) =====
2026-09-18 11:37:38 | Epoch   1/100 | Train Loss 8.4022 Acc 0.0144 | Val Loss 6.2299 Acc 0.0860 AUC 0.7179 Pre 0.0498 Rec 0.0848
2026-09-18 11:37:38 |   Val AUC improved to 0.7179, model saved
2026-09-18 11:37:47 | Epoch   2/100 | Train Loss 8.0480 Acc 0.0319 | Val Loss 6.0595 Acc 0.1164 AUC 0.7370 Pre 0.0534 Rec 0.1144
2026-09-18 11:37:47 |   Val AUC improved to 0.7370, model saved
2026-09-18 11:37:57 | Epoch   3/100 | Train Loss 7.8720 Acc 0.0463 | Val Loss 5.9032 Acc 0.1428 AUC 0.7308 Pre 0.0743 Rec 0.1391
2026-09-18 11:38:06 | Epoch   4/100 | Train Loss 7.7442 Acc 0.0628 | Val Loss 5.8183 Acc 0.1562 AUC 0.7313 Pre 0.1024 Rec 0.1523
2026-09-18 11:38:15 | Epoch   5/100 | Train Loss 7.6946 Acc 0.0693 | Val Loss 5.8011 Acc 0.1549 AUC 0.7286 Pre 0.0897 Rec 0.1509
2026-09-18 11:38:24 | Epoch   6/100 | Train Loss 7.6606 Acc 0.0716 | Val Loss 5.7910 Acc 0.1570 AUC 0.7274 Pre 0.0934 Rec 0.1530
2026-09-18 11:38:34 | Epoch   7/100 | Train Loss 7.6522 Acc 0.0713 | Val Loss 5.7863 Acc 0.1559 AUC 0.7262 Pre 0.0933 Rec 0.1520
2026-09-18 11:38:43 | Epoch   8/100 | Train Loss 7.6525 Acc 0.0730 | Val Loss 5.7839 Acc 0.1553 AUC 0.7255 Pre 0.0946 Rec 0.1513
2026-09-18 11:38:53 | Epoch   9/100 | Train Loss 7.6346 Acc 0.0743 | Val Loss 5.7546 Acc 0.1659 AUC 0.7320 Pre 0.1013 Rec 0.1617
2026-09-18 11:39:02 | Epoch  10/100 | Train Loss 7.6131 Acc 0.0772 | Val Loss 5.7476 Acc 0.1647 AUC 0.7334 Pre 0.1018 Rec 0.1605
2026-09-18 11:39:10 | Epoch  11/100 | Train Loss 7.5977 Acc 0.0781 | Val Loss 5.7479 Acc 0.1687 AUC 0.7279 Pre 0.1079 Rec 0.1644
2026-09-18 11:39:20 | Epoch  12/100 | Train Loss 7.6022 Acc 0.0781 | Val Loss 5.7352 Acc 0.1642 AUC 0.7273 Pre 0.1000 Rec 0.1600
2026-09-18 11:39:20 | Val AUC did not improve for 10 consecutive epochs, early stopping at Epoch 12 (best AUC 0.7370 @ Epoch 2)
2026-09-18 11:39:23 | Run 4/5 | Test (best model @ Epoch 2) | Loss 6.0655 Acc 0.1152 AUC 0.7352 Pre 0.0651 Rec 0.1133
2026-09-18 11:39:23 | ===== Run 5/5 (seed 4) =====
2026-09-18 11:39:33 | Epoch   1/100 | Train Loss 8.4036 Acc 0.0164 | Val Loss 6.2831 Acc 0.0835 AUC 0.6627 Pre 0.0620 Rec 0.0828
2026-09-18 11:39:33 |   Val AUC improved to 0.6627, model saved
2026-09-18 11:39:42 | Epoch   2/100 | Train Loss 8.0513 Acc 0.0374 | Val Loss 5.9831 Acc 0.1257 AUC 0.7193 Pre 0.0618 Rec 0.1225
2026-09-18 11:39:42 |   Val AUC improved to 0.7193, model saved
2026-09-18 11:39:51 | Epoch   3/100 | Train Loss 7.8537 Acc 0.0553 | Val Loss 5.9257 Acc 0.1368 AUC 0.7129 Pre 0.0717 Rec 0.1333
2026-09-18 11:39:59 | Epoch   4/100 | Train Loss 7.7843 Acc 0.0614 | Val Loss 5.8879 Acc 0.1364 AUC 0.7083 Pre 0.0753 Rec 0.1329
2026-09-18 11:40:08 | Epoch   5/100 | Train Loss 7.7360 Acc 0.0629 | Val Loss 5.8328 Acc 0.1474 AUC 0.7075 Pre 0.0914 Rec 0.1436
2026-09-18 11:40:16 | Epoch   6/100 | Train Loss 7.7114 Acc 0.0667 | Val Loss 5.8201 Acc 0.1466 AUC 0.7084 Pre 0.0877 Rec 0.1428
2026-09-18 11:40:25 | Epoch   7/100 | Train Loss 7.6960 Acc 0.0668 | Val Loss 5.8284 Acc 0.1461 AUC 0.7066 Pre 0.0875 Rec 0.1424
2026-09-18 11:40:33 | Epoch   8/100 | Train Loss 7.7045 Acc 0.0678 | Val Loss 5.8250 Acc 0.1433 AUC 0.7073 Pre 0.0880 Rec 0.1397
2026-09-18 11:40:41 | Epoch   9/100 | Train Loss 7.7019 Acc 0.0670 | Val Loss 5.8179 Acc 0.1465 AUC 0.7073 Pre 0.0951 Rec 0.1428
2026-09-18 11:40:50 | Epoch  10/100 | Train Loss 7.6831 Acc 0.0686 | Val Loss 5.8115 Acc 0.1480 AUC 0.7082 Pre 0.0943 Rec 0.1443
2026-09-18 11:40:58 | Epoch  11/100 | Train Loss 7.6557 Acc 0.0714 | Val Loss 5.7650 Acc 0.1584 AUC 0.7148 Pre 0.0964 Rec 0.1544
2026-09-18 11:41:07 | Epoch  12/100 | Train Loss 7.6408 Acc 0.0722 | Val Loss 5.7632 Acc 0.1539 AUC 0.7140 Pre 0.0943 Rec 0.1500
2026-09-18 11:41:07 | Val AUC did not improve for 10 consecutive epochs, early stopping at Epoch 12 (best AUC 0.7193 @ Epoch 2)
2026-09-18 11:41:09 | Run 5/5 | Test (best model @ Epoch 2) | Loss 5.9852 Acc 0.1251 AUC 0.7176 Pre 0.0605 Rec 0.1220
2026-09-18 11:41:09 | Average over 5 runs | Test Loss 5.9340±0.2391 Acc 0.1400±0.0466 AUC 0.7379±0.0327 Pre 0.0832±0.0437 Rec 0.1371±0.0463
