2026-09-02 07:54:41 | Device: cuda
2026-09-02 07:54:41 | Args: {'model': 'opb', 'backbone': 'mlp', 'task': 'housing', 'epochs': 100, 'batch_size': 512, 'lr': 0.001, 'hidden_dims': [512, 256], 'dropout': 0.2, 'z_dim': 256, 'anchor_scale': 2.0, 'energy_classifier': False, 'tied_head': True, 'max_len': 250, 'random_labels': False, 'beta': 10.0, 'patience': 10, 'runs': 5, 'seed': 0, 'data_dir': './data', 'save_path': 'output/california_mlp_opb/california_mlp_opb.pt', 'log_path': '/root/autodl-tmp/IB/tune_results/california_mlp_opb_beta_10_anchor_2/train.log', 'no_save': True}
2026-09-02 07:54:41 | ===== Run 1/5 (seed 0) =====
2026-09-02 07:54:42 | Epoch   1/100 | Train Loss 5.5431 | Val Loss 1.5627 MAE 0.8396 R2 0.0018
2026-09-02 07:54:42 |   Val R2 improved to 0.0018, model saved
2026-09-02 07:54:42 | Epoch   2/100 | Train Loss 1.9102 | Val Loss 0.6186 MAE 0.5405 R2 0.5564
2026-09-02 07:54:42 |   Val R2 improved to 0.5564, model saved
2026-09-02 07:54:43 | Epoch   3/100 | Train Loss 1.1476 | Val Loss 0.4096 MAE 0.4622 R2 0.6838
2026-09-02 07:54:43 |   Val R2 improved to 0.6838, model saved
2026-09-02 07:54:43 | Epoch   4/100 | Train Loss 0.8651 | Val Loss 0.3690 MAE 0.4481 R2 0.6999
2026-09-02 07:54:43 |   Val R2 improved to 0.6999, model saved
2026-09-02 07:54:43 | Epoch   5/100 | Train Loss 0.7570 | Val Loss 0.3527 MAE 0.4440 R2 0.7114
2026-09-02 07:54:43 |   Val R2 improved to 0.7114, model saved
2026-09-02 07:54:43 | Epoch   6/100 | Train Loss 0.7142 | Val Loss 0.3316 MAE 0.4313 R2 0.7209
2026-09-02 07:54:43 |   Val R2 improved to 0.7209, model saved
2026-09-02 07:54:44 | Epoch   7/100 | Train Loss 0.6878 | Val Loss 0.3195 MAE 0.4261 R2 0.7298
2026-09-02 07:54:44 |   Val R2 improved to 0.7298, model saved
2026-09-02 07:54:44 | Epoch   8/100 | Train Loss 0.6755 | Val Loss 0.3252 MAE 0.4415 R2 0.7290
2026-09-02 07:54:44 | Epoch   9/100 | Train Loss 0.6523 | Val Loss 0.3166 MAE 0.4297 R2 0.7295
2026-09-02 07:54:44 | Epoch  10/100 | Train Loss 0.6351 | Val Loss 0.3029 MAE 0.4167 R2 0.7381
2026-09-02 07:54:44 |   Val R2 improved to 0.7381, model saved
2026-09-02 07:54:45 | Epoch  11/100 | Train Loss 0.6264 | Val Loss 0.2909 MAE 0.4218 R2 0.7471
2026-09-02 07:54:45 |   Val R2 improved to 0.7471, model saved
2026-09-02 07:54:45 | Epoch  12/100 | Train Loss 0.6382 | Val Loss 0.2918 MAE 0.4107 R2 0.7467
2026-09-02 07:54:45 | Epoch  13/100 | Train Loss 0.6226 | Val Loss 0.2946 MAE 0.4141 R2 0.7424
2026-09-02 07:54:46 | Epoch  14/100 | Train Loss 0.6261 | Val Loss 0.2937 MAE 0.4114 R2 0.7408
2026-09-02 07:54:46 | Epoch  15/100 | Train Loss 0.6233 | Val Loss 0.2866 MAE 0.4157 R2 0.7487
2026-09-02 07:54:46 |   Val R2 improved to 0.7487, model saved
2026-09-02 07:54:46 | Epoch  16/100 | Train Loss 0.6114 | Val Loss 0.2820 MAE 0.4222 R2 0.7523
2026-09-02 07:54:46 |   Val R2 improved to 0.7523, model saved
2026-09-02 07:54:46 | Epoch  17/100 | Train Loss 0.6231 | Val Loss 0.2805 MAE 0.4050 R2 0.7525
2026-09-02 07:54:46 |   Val R2 improved to 0.7525, model saved
2026-09-02 07:54:47 | Epoch  18/100 | Train Loss 0.6121 | Val Loss 0.2803 MAE 0.4049 R2 0.7520
2026-09-02 07:54:47 | Epoch  19/100 | Train Loss 0.6049 | Val Loss 0.2903 MAE 0.4081 R2 0.7419
2026-09-02 07:54:47 | Epoch  20/100 | Train Loss 0.5954 | Val Loss 0.2678 MAE 0.4019 R2 0.7609
2026-09-02 07:54:47 |   Val R2 improved to 0.7609, model saved
2026-09-02 07:54:47 | Epoch  21/100 | Train Loss 0.5919 | Val Loss 0.2726 MAE 0.4010 R2 0.7554
2026-09-02 07:54:48 | Epoch  22/100 | Train Loss 0.5931 | Val Loss 0.2786 MAE 0.3992 R2 0.7514
2026-09-02 07:54:48 | Epoch  23/100 | Train Loss 0.5907 | Val Loss 0.2720 MAE 0.3994 R2 0.7558
2026-09-02 07:54:48 | Epoch  24/100 | Train Loss 0.5797 | Val Loss 0.2743 MAE 0.4052 R2 0.7536
2026-09-02 07:54:48 | Epoch  25/100 | Train Loss 0.5819 | Val Loss 0.2719 MAE 0.3965 R2 0.7551
2026-09-02 07:54:49 | Epoch  26/100 | Train Loss 0.5855 | Val Loss 0.2726 MAE 0.3987 R2 0.7532
2026-09-02 07:54:49 | Epoch  27/100 | Train Loss 0.5840 | Val Loss 0.2619 MAE 0.3953 R2 0.7640
2026-09-02 07:54:49 |   Val R2 improved to 0.7640, model saved
2026-09-02 07:54:49 | Epoch  28/100 | Train Loss 0.5783 | Val Loss 0.2613 MAE 0.3903 R2 0.7628
2026-09-02 07:54:49 | Epoch  29/100 | Train Loss 0.5822 | Val Loss 0.2549 MAE 0.3884 R2 0.7685
2026-09-02 07:54:49 |   Val R2 improved to 0.7685, model saved
2026-09-02 07:54:50 | Epoch  30/100 | Train Loss 0.5740 | Val Loss 0.2675 MAE 0.3923 R2 0.7552
2026-09-02 07:54:50 | Epoch  31/100 | Train Loss 0.5758 | Val Loss 0.2614 MAE 0.3888 R2 0.7627
2026-09-02 07:54:50 | Epoch  32/100 | Train Loss 0.5729 | Val Loss 0.2596 MAE 0.3884 R2 0.7643
2026-09-02 07:54:51 | Epoch  33/100 | Train Loss 0.5804 | Val Loss 0.2673 MAE 0.3953 R2 0.7575
2026-09-02 07:54:51 | Epoch  34/100 | Train Loss 0.5727 | Val Loss 0.2529 MAE 0.3948 R2 0.7709
2026-09-02 07:54:51 |   Val R2 improved to 0.7709, model saved
2026-09-02 07:54:51 | Epoch  35/100 | Train Loss 0.5710 | Val Loss 0.2662 MAE 0.3914 R2 0.7567
2026-09-02 07:54:51 | Epoch  36/100 | Train Loss 0.5735 | Val Loss 0.2737 MAE 0.3991 R2 0.7494
2026-09-02 07:54:52 | Epoch  37/100 | Train Loss 0.5692 | Val Loss 0.2487 MAE 0.3905 R2 0.7724
2026-09-02 07:54:52 |   Val R2 improved to 0.7724, model saved
2026-09-02 07:54:52 | Epoch  38/100 | Train Loss 0.5671 | Val Loss 0.2454 MAE 0.3833 R2 0.7746
2026-09-02 07:54:52 |   Val R2 improved to 0.7746, model saved
2026-09-02 07:54:52 | Epoch  39/100 | Train Loss 0.5643 | Val Loss 0.2680 MAE 0.3924 R2 0.7555
2026-09-02 07:54:52 | Epoch  40/100 | Train Loss 0.5735 | Val Loss 0.2575 MAE 0.3874 R2 0.7631
2026-09-02 07:54:53 | Epoch  41/100 | Train Loss 0.5649 | Val Loss 0.2473 MAE 0.3813 R2 0.7736
2026-09-02 07:54:53 | Epoch  42/100 | Train Loss 0.5584 | Val Loss 0.2532 MAE 0.3840 R2 0.7687
2026-09-02 07:54:53 | Epoch  43/100 | Train Loss 0.5620 | Val Loss 0.2457 MAE 0.3813 R2 0.7748
2026-09-02 07:54:53 |   Val R2 improved to 0.7748, model saved
2026-09-02 07:54:53 | Epoch  44/100 | Train Loss 0.5563 | Val Loss 0.2505 MAE 0.3847 R2 0.7705
2026-09-02 07:54:54 | Epoch  45/100 | Train Loss 0.5562 | Val Loss 0.2445 MAE 0.3820 R2 0.7752
2026-09-02 07:54:54 |   Val R2 improved to 0.7752, model saved
2026-09-02 07:54:54 | Epoch  46/100 | Train Loss 0.5678 | Val Loss 0.2660 MAE 0.3846 R2 0.7603
2026-09-02 07:54:54 | Epoch  47/100 | Train Loss 0.5537 | Val Loss 0.2516 MAE 0.3812 R2 0.7708
2026-09-02 07:54:55 | Epoch  48/100 | Train Loss 0.5546 | Val Loss 0.2465 MAE 0.3798 R2 0.7746
2026-09-02 07:54:55 | Epoch  49/100 | Train Loss 0.5537 | Val Loss 0.2436 MAE 0.3785 R2 0.7781
2026-09-02 07:54:55 |   Val R2 improved to 0.7781, model saved
2026-09-02 07:54:55 | Epoch  50/100 | Train Loss 0.5506 | Val Loss 0.2449 MAE 0.3782 R2 0.7753
2026-09-02 07:54:55 | Epoch  51/100 | Train Loss 0.5516 | Val Loss 0.2440 MAE 0.3782 R2 0.7760
2026-09-02 07:54:56 | Epoch  52/100 | Train Loss 0.5457 | Val Loss 0.2410 MAE 0.3795 R2 0.7800
2026-09-02 07:54:56 |   Val R2 improved to 0.7800, model saved
2026-09-02 07:54:56 | Epoch  53/100 | Train Loss 0.5633 | Val Loss 0.2485 MAE 0.3900 R2 0.7748
2026-09-02 07:54:56 | Epoch  54/100 | Train Loss 0.5465 | Val Loss 0.2406 MAE 0.3772 R2 0.7801
2026-09-02 07:54:56 |   Val R2 improved to 0.7801, model saved
2026-09-02 07:54:56 | Epoch  55/100 | Train Loss 0.5426 | Val Loss 0.2424 MAE 0.3830 R2 0.7804
2026-09-02 07:54:56 |   Val R2 improved to 0.7804, model saved
2026-09-02 07:54:57 | Epoch  56/100 | Train Loss 0.5474 | Val Loss 0.2399 MAE 0.3758 R2 0.7809
2026-09-02 07:54:57 |   Val R2 improved to 0.7809, model saved
2026-09-02 07:54:57 | Epoch  57/100 | Train Loss 0.5488 | Val Loss 0.2428 MAE 0.3760 R2 0.7782
2026-09-02 07:54:57 | Epoch  58/100 | Train Loss 0.5437 | Val Loss 0.2416 MAE 0.3780 R2 0.7795
2026-09-02 07:54:57 | Epoch  59/100 | Train Loss 0.5367 | Val Loss 0.2400 MAE 0.3822 R2 0.7828
2026-09-02 07:54:57 |   Val R2 improved to 0.7828, model saved
2026-09-02 07:54:58 | Epoch  60/100 | Train Loss 0.5387 | Val Loss 0.2406 MAE 0.3736 R2 0.7816
2026-09-02 07:54:58 | Epoch  61/100 | Train Loss 0.5344 | Val Loss 0.2429 MAE 0.3733 R2 0.7789
2026-09-02 07:54:58 | Epoch  62/100 | Train Loss 0.5459 | Val Loss 0.2393 MAE 0.3759 R2 0.7836
2026-09-02 07:54:58 |   Val R2 improved to 0.7836, model saved
2026-09-02 07:54:58 | Epoch  63/100 | Train Loss 0.5560 | Val Loss 0.2483 MAE 0.3814 R2 0.7747
2026-09-02 07:54:59 | Epoch  64/100 | Train Loss 0.5379 | Val Loss 0.2479 MAE 0.3789 R2 0.7769
2026-09-02 07:54:59 | Epoch  65/100 | Train Loss 0.5438 | Val Loss 0.2469 MAE 0.3820 R2 0.7787
2026-09-02 07:54:59 | Epoch  66/100 | Train Loss 0.5456 | Val Loss 0.2504 MAE 0.3755 R2 0.7748
2026-09-02 07:55:00 | Epoch  67/100 | Train Loss 0.5369 | Val Loss 0.2412 MAE 0.3757 R2 0.7818
2026-09-02 07:55:00 | Epoch  68/100 | Train Loss 0.5379 | Val Loss 0.2785 MAE 0.3793 R2 0.7510
2026-09-02 07:55:00 | Epoch  69/100 | Train Loss 0.5327 | Val Loss 0.2381 MAE 0.3762 R2 0.7860
2026-09-02 07:55:00 |   Val R2 improved to 0.7860, model saved
2026-09-02 07:55:00 | Epoch  70/100 | Train Loss 0.5331 | Val Loss 0.2380 MAE 0.3719 R2 0.7859
2026-09-02 07:55:01 | Epoch  71/100 | Train Loss 0.5271 | Val Loss 0.2509 MAE 0.3796 R2 0.7746
2026-09-02 07:55:01 | Epoch  72/100 | Train Loss 0.5407 | Val Loss 0.2425 MAE 0.3792 R2 0.7837
2026-09-02 07:55:01 | Epoch  73/100 | Train Loss 0.5304 | Val Loss 0.2403 MAE 0.3800 R2 0.7845
2026-09-02 07:55:01 | Epoch  74/100 | Train Loss 0.5258 | Val Loss 0.2395 MAE 0.3756 R2 0.7857
2026-09-02 07:55:02 | Epoch  75/100 | Train Loss 0.5363 | Val Loss 0.2410 MAE 0.3739 R2 0.7843
2026-09-02 07:55:02 | Epoch  76/100 | Train Loss 0.5315 | Val Loss 0.2396 MAE 0.3748 R2 0.7871
2026-09-02 07:55:02 |   Val R2 improved to 0.7871, model saved
2026-09-02 07:55:02 | Epoch  77/100 | Train Loss 0.5241 | Val Loss 0.2466 MAE 0.3763 R2 0.7791
2026-09-02 07:55:02 | Epoch  78/100 | Train Loss 0.5201 | Val Loss 0.2398 MAE 0.3734 R2 0.7850
2026-09-02 07:55:03 | Epoch  79/100 | Train Loss 0.5281 | Val Loss 0.2435 MAE 0.3731 R2 0.7829
2026-09-02 07:55:03 | Epoch  80/100 | Train Loss 0.5194 | Val Loss 0.2380 MAE 0.3735 R2 0.7878
2026-09-02 07:55:03 |   Val R2 improved to 0.7878, model saved
2026-09-02 07:55:03 | Epoch  81/100 | Train Loss 0.5290 | Val Loss 0.2400 MAE 0.3748 R2 0.7868
2026-09-02 07:55:03 | Epoch  82/100 | Train Loss 0.5330 | Val Loss 0.2422 MAE 0.3741 R2 0.7866
2026-09-02 07:55:04 | Epoch  83/100 | Train Loss 0.5284 | Val Loss 0.2438 MAE 0.3794 R2 0.7851
2026-09-02 07:55:04 | Epoch  84/100 | Train Loss 0.5209 | Val Loss 0.2360 MAE 0.3699 R2 0.7897
2026-09-02 07:55:04 |   Val R2 improved to 0.7897, model saved
2026-09-02 07:55:04 | Epoch  85/100 | Train Loss 0.5265 | Val Loss 0.2377 MAE 0.3705 R2 0.7894
2026-09-02 07:55:04 | Epoch  86/100 | Train Loss 0.5230 | Val Loss 0.2406 MAE 0.3771 R2 0.7871
2026-09-02 07:55:05 | Epoch  87/100 | Train Loss 0.5225 | Val Loss 0.2381 MAE 0.3699 R2 0.7883
2026-09-02 07:55:05 | Epoch  88/100 | Train Loss 0.5272 | Val Loss 0.2401 MAE 0.3702 R2 0.7869
2026-09-02 07:55:05 | Epoch  89/100 | Train Loss 0.5234 | Val Loss 0.2399 MAE 0.3718 R2 0.7867
2026-09-02 07:55:06 | Epoch  90/100 | Train Loss 0.5202 | Val Loss 0.2381 MAE 0.3706 R2 0.7898
2026-09-02 07:55:06 |   Val R2 improved to 0.7898, model saved
2026-09-02 07:55:06 | Epoch  91/100 | Train Loss 0.5197 | Val Loss 0.2417 MAE 0.3743 R2 0.7886
2026-09-02 07:55:06 | Epoch  92/100 | Train Loss 0.5166 | Val Loss 0.2441 MAE 0.3723 R2 0.7838
2026-09-02 07:55:06 | Epoch  93/100 | Train Loss 0.5189 | Val Loss 0.2382 MAE 0.3703 R2 0.7900
2026-09-02 07:55:06 |   Val R2 improved to 0.7900, model saved
2026-09-02 07:55:07 | Epoch  94/100 | Train Loss 0.5311 | Val Loss 0.2424 MAE 0.3689 R2 0.7876
2026-09-02 07:55:07 | Epoch  95/100 | Train Loss 0.5316 | Val Loss 0.2413 MAE 0.3775 R2 0.7886
2026-09-02 07:55:07 | Epoch  96/100 | Train Loss 0.5263 | Val Loss 0.2430 MAE 0.3698 R2 0.7868
2026-09-02 07:55:07 | Epoch  97/100 | Train Loss 0.5184 | Val Loss 0.2413 MAE 0.3695 R2 0.7882
2026-09-02 07:55:07 | Epoch  98/100 | Train Loss 0.5148 | Val Loss 0.2468 MAE 0.3734 R2 0.7829
2026-09-02 07:55:08 | Epoch  99/100 | Train Loss 0.5197 | Val Loss 0.2390 MAE 0.3707 R2 0.7899
2026-09-02 07:55:08 | Epoch 100/100 | Train Loss 0.5168 | Val Loss 0.2501 MAE 0.3787 R2 0.7786
2026-09-02 07:55:08 | Run 1/5 | Test (best model @ Epoch 93) | Loss 0.2378 MAE 0.3699 R2 0.7795
2026-09-02 07:55:08 | ===== Run 2/5 (seed 1) =====
2026-09-02 07:55:08 | Epoch   1/100 | Train Loss 5.9241 | Val Loss 1.9963 MAE 0.8647 R2 -0.0773
2026-09-02 07:55:08 |   Val R2 improved to -0.0773, model saved
2026-09-02 07:55:09 | Epoch   2/100 | Train Loss 2.0103 | Val Loss 0.6267 MAE 0.5357 R2 0.5615
2026-09-02 07:55:09 |   Val R2 improved to 0.5615, model saved
2026-09-02 07:55:09 | Epoch   3/100 | Train Loss 1.2118 | Val Loss 0.4230 MAE 0.4752 R2 0.6715
2026-09-02 07:55:09 |   Val R2 improved to 0.6715, model saved
2026-09-02 07:55:09 | Epoch   4/100 | Train Loss 0.8833 | Val Loss 0.3734 MAE 0.4559 R2 0.6985
2026-09-02 07:55:09 |   Val R2 improved to 0.6985, model saved
2026-09-02 07:55:09 | Epoch   5/100 | Train Loss 0.7748 | Val Loss 0.3558 MAE 0.4533 R2 0.7038
2026-09-02 07:55:09 |   Val R2 improved to 0.7038, model saved
2026-09-02 07:55:09 | Epoch   6/100 | Train Loss 0.7232 | Val Loss 0.3365 MAE 0.4430 R2 0.7163
2026-09-02 07:55:09 |   Val R2 improved to 0.7163, model saved
2026-09-02 07:55:10 | Epoch   7/100 | Train Loss 0.7008 | Val Loss 0.3232 MAE 0.4338 R2 0.7237
2026-09-02 07:55:10 |   Val R2 improved to 0.7237, model saved
2026-09-02 07:55:10 | Epoch   8/100 | Train Loss 0.6786 | Val Loss 0.3391 MAE 0.4374 R2 0.7101
2026-09-02 07:55:10 | Epoch   9/100 | Train Loss 0.6825 | Val Loss 0.3432 MAE 0.4384 R2 0.7065
2026-09-02 07:55:11 | Epoch  10/100 | Train Loss 0.6723 | Val Loss 0.3135 MAE 0.4231 R2 0.7301
2026-09-02 07:55:11 |   Val R2 improved to 0.7301, model saved
2026-09-02 07:55:11 | Epoch  11/100 | Train Loss 0.6539 | Val Loss 0.2957 MAE 0.4185 R2 0.7424
2026-09-02 07:55:11 |   Val R2 improved to 0.7424, model saved
2026-09-02 07:55:11 | Epoch  12/100 | Train Loss 0.6464 | Val Loss 0.3074 MAE 0.4219 R2 0.7305
2026-09-02 07:55:11 | Epoch  13/100 | Train Loss 0.6372 | Val Loss 0.2976 MAE 0.4199 R2 0.7382
2026-09-02 07:55:12 | Epoch  14/100 | Train Loss 0.6374 | Val Loss 0.2849 MAE 0.4174 R2 0.7485
2026-09-02 07:55:12 |   Val R2 improved to 0.7485, model saved
2026-09-02 07:55:12 | Epoch  15/100 | Train Loss 0.6384 | Val Loss 0.2902 MAE 0.4160 R2 0.7436
2026-09-02 07:55:12 | Epoch  16/100 | Train Loss 0.6354 | Val Loss 0.2852 MAE 0.4149 R2 0.7477
2026-09-02 07:55:12 | Epoch  17/100 | Train Loss 0.6056 | Val Loss 0.2787 MAE 0.4094 R2 0.7507
2026-09-02 07:55:12 |   Val R2 improved to 0.7507, model saved
2026-09-02 07:55:13 | Epoch  18/100 | Train Loss 0.6168 | Val Loss 0.2885 MAE 0.4064 R2 0.7420
2026-09-02 07:55:13 | Epoch  19/100 | Train Loss 0.6157 | Val Loss 0.2851 MAE 0.4123 R2 0.7431
2026-09-02 07:55:13 | Epoch  20/100 | Train Loss 0.6134 | Val Loss 0.2711 MAE 0.4041 R2 0.7554
2026-09-02 07:55:13 |   Val R2 improved to 0.7554, model saved
2026-09-02 07:55:13 | Epoch  21/100 | Train Loss 0.6240 | Val Loss 0.2787 MAE 0.4064 R2 0.7473
2026-09-02 07:55:14 | Epoch  22/100 | Train Loss 0.6147 | Val Loss 0.2766 MAE 0.4037 R2 0.7506
2026-09-02 07:55:14 | Epoch  23/100 | Train Loss 0.6026 | Val Loss 0.2706 MAE 0.4100 R2 0.7555
2026-09-02 07:55:14 |   Val R2 improved to 0.7555, model saved
2026-09-02 07:55:14 | Epoch  24/100 | Train Loss 0.5999 | Val Loss 0.2644 MAE 0.4018 R2 0.7597
2026-09-02 07:55:14 |   Val R2 improved to 0.7597, model saved
2026-09-02 07:55:14 | Epoch  25/100 | Train Loss 0.5979 | Val Loss 0.2701 MAE 0.4016 R2 0.7528
2026-09-02 07:55:15 | Epoch  26/100 | Train Loss 0.5975 | Val Loss 0.2587 MAE 0.3962 R2 0.7639
2026-09-02 07:55:15 |   Val R2 improved to 0.7639, model saved
2026-09-02 07:55:15 | Epoch  27/100 | Train Loss 0.5989 | Val Loss 0.2696 MAE 0.3990 R2 0.7535
2026-09-02 07:55:15 | Epoch  28/100 | Train Loss 0.5974 | Val Loss 0.2710 MAE 0.3926 R2 0.7520
2026-09-02 07:55:15 | Epoch  29/100 | Train Loss 0.5923 | Val Loss 0.2654 MAE 0.3964 R2 0.7570
2026-09-02 07:55:16 | Epoch  30/100 | Train Loss 0.5818 | Val Loss 0.2593 MAE 0.4019 R2 0.7636
2026-09-02 07:55:16 | Epoch  31/100 | Train Loss 0.5930 | Val Loss 0.2535 MAE 0.3935 R2 0.7660
2026-09-02 07:55:16 |   Val R2 improved to 0.7660, model saved
2026-09-02 07:55:16 | Epoch  32/100 | Train Loss 0.5848 | Val Loss 0.2641 MAE 0.3895 R2 0.7564
2026-09-02 07:55:17 | Epoch  33/100 | Train Loss 0.5808 | Val Loss 0.2525 MAE 0.3972 R2 0.7667
2026-09-02 07:55:17 |   Val R2 improved to 0.7667, model saved
2026-09-02 07:55:17 | Epoch  34/100 | Train Loss 0.5798 | Val Loss 0.2512 MAE 0.3929 R2 0.7676
2026-09-02 07:55:17 |   Val R2 improved to 0.7676, model saved
2026-09-02 07:55:17 | Epoch  35/100 | Train Loss 0.5896 | Val Loss 0.2621 MAE 0.3902 R2 0.7575
2026-09-02 07:55:17 | Epoch  36/100 | Train Loss 0.5799 | Val Loss 0.2584 MAE 0.3892 R2 0.7613
2026-09-02 07:55:18 | Epoch  37/100 | Train Loss 0.5844 | Val Loss 0.2589 MAE 0.3867 R2 0.7593
2026-09-02 07:55:18 | Epoch  38/100 | Train Loss 0.5790 | Val Loss 0.2680 MAE 0.3928 R2 0.7514
2026-09-02 07:55:18 | Epoch  39/100 | Train Loss 0.5813 | Val Loss 0.2598 MAE 0.3895 R2 0.7581
2026-09-02 07:55:18 | Epoch  40/100 | Train Loss 0.5702 | Val Loss 0.2568 MAE 0.3864 R2 0.7618
2026-09-02 07:55:18 | Epoch  41/100 | Train Loss 0.5655 | Val Loss 0.2491 MAE 0.3928 R2 0.7706
2026-09-02 07:55:18 |   Val R2 improved to 0.7706, model saved
2026-09-02 07:55:19 | Epoch  42/100 | Train Loss 0.5729 | Val Loss 0.2508 MAE 0.3860 R2 0.7673
2026-09-02 07:55:19 | Epoch  43/100 | Train Loss 0.5742 | Val Loss 0.2536 MAE 0.3840 R2 0.7637
2026-09-02 07:55:19 | Epoch  44/100 | Train Loss 0.5680 | Val Loss 0.2479 MAE 0.3823 R2 0.7705
2026-09-02 07:55:19 | Epoch  45/100 | Train Loss 0.5619 | Val Loss 0.2433 MAE 0.3829 R2 0.7721
2026-09-02 07:55:19 |   Val R2 improved to 0.7721, model saved
2026-09-02 07:55:20 | Epoch  46/100 | Train Loss 0.5669 | Val Loss 0.2437 MAE 0.3845 R2 0.7736
2026-09-02 07:55:20 |   Val R2 improved to 0.7736, model saved
2026-09-02 07:55:20 | Epoch  47/100 | Train Loss 0.5628 | Val Loss 0.2391 MAE 0.3842 R2 0.7773
2026-09-02 07:55:20 |   Val R2 improved to 0.7773, model saved
2026-09-02 07:55:20 | Epoch  48/100 | Train Loss 0.5669 | Val Loss 0.2544 MAE 0.3864 R2 0.7637
2026-09-02 07:55:20 | Epoch  49/100 | Train Loss 0.5660 | Val Loss 0.2444 MAE 0.3937 R2 0.7744
2026-09-02 07:55:21 | Epoch  50/100 | Train Loss 0.5535 | Val Loss 0.2433 MAE 0.3828 R2 0.7739
2026-09-02 07:55:21 | Epoch  51/100 | Train Loss 0.5548 | Val Loss 0.2388 MAE 0.3810 R2 0.7774
2026-09-02 07:55:21 |   Val R2 improved to 0.7774, model saved
2026-09-02 07:55:21 | Epoch  52/100 | Train Loss 0.5608 | Val Loss 0.2376 MAE 0.3794 R2 0.7776
2026-09-02 07:55:21 |   Val R2 improved to 0.7776, model saved
2026-09-02 07:55:21 | Epoch  53/100 | Train Loss 0.5511 | Val Loss 0.2397 MAE 0.3759 R2 0.7762
2026-09-02 07:55:22 | Epoch  54/100 | Train Loss 0.5538 | Val Loss 0.2435 MAE 0.3798 R2 0.7722
2026-09-02 07:55:22 | Epoch  55/100 | Train Loss 0.5504 | Val Loss 0.2400 MAE 0.3767 R2 0.7773
2026-09-02 07:55:22 | Epoch  56/100 | Train Loss 0.5428 | Val Loss 0.2453 MAE 0.3779 R2 0.7719
2026-09-02 07:55:22 | Epoch  57/100 | Train Loss 0.5402 | Val Loss 0.2393 MAE 0.3845 R2 0.7782
2026-09-02 07:55:22 |   Val R2 improved to 0.7782, model saved
2026-09-02 07:55:23 | Epoch  58/100 | Train Loss 0.5464 | Val Loss 0.2384 MAE 0.3772 R2 0.7792
2026-09-02 07:55:23 |   Val R2 improved to 0.7792, model saved
2026-09-02 07:55:23 | Epoch  59/100 | Train Loss 0.5419 | Val Loss 0.2414 MAE 0.3803 R2 0.7759
2026-09-02 07:55:23 | Epoch  60/100 | Train Loss 0.5435 | Val Loss 0.2392 MAE 0.3741 R2 0.7784
2026-09-02 07:55:23 | Epoch  61/100 | Train Loss 0.5454 | Val Loss 0.2371 MAE 0.3745 R2 0.7813
2026-09-02 07:55:23 |   Val R2 improved to 0.7813, model saved
2026-09-02 07:55:24 | Epoch  62/100 | Train Loss 0.5471 | Val Loss 0.2389 MAE 0.3750 R2 0.7797
2026-09-02 07:55:24 | Epoch  63/100 | Train Loss 0.5381 | Val Loss 0.2376 MAE 0.3795 R2 0.7797
2026-09-02 07:55:24 | Epoch  64/100 | Train Loss 0.5434 | Val Loss 0.2360 MAE 0.3726 R2 0.7814
2026-09-02 07:55:24 |   Val R2 improved to 0.7814, model saved
2026-09-02 07:55:25 | Epoch  65/100 | Train Loss 0.5416 | Val Loss 0.2361 MAE 0.3769 R2 0.7835
2026-09-02 07:55:25 |   Val R2 improved to 0.7835, model saved
2026-09-02 07:55:25 | Epoch  66/100 | Train Loss 0.5446 | Val Loss 0.2435 MAE 0.3769 R2 0.7766
2026-09-02 07:55:25 | Epoch  67/100 | Train Loss 0.5419 | Val Loss 0.2423 MAE 0.3770 R2 0.7779
2026-09-02 07:55:25 | Epoch  68/100 | Train Loss 0.5435 | Val Loss 0.2399 MAE 0.3802 R2 0.7797
2026-09-02 07:55:26 | Epoch  69/100 | Train Loss 0.5465 | Val Loss 0.2414 MAE 0.3804 R2 0.7805
2026-09-02 07:55:26 | Epoch  70/100 | Train Loss 0.5354 | Val Loss 0.2375 MAE 0.3714 R2 0.7827
2026-09-02 07:55:26 | Epoch  71/100 | Train Loss 0.5403 | Val Loss 0.2423 MAE 0.3818 R2 0.7801
2026-09-02 07:55:26 | Epoch  72/100 | Train Loss 0.5351 | Val Loss 0.2342 MAE 0.3744 R2 0.7855
2026-09-02 07:55:26 |   Val R2 improved to 0.7855, model saved
2026-09-02 07:55:27 | Epoch  73/100 | Train Loss 0.5382 | Val Loss 0.2382 MAE 0.3747 R2 0.7830
2026-09-02 07:55:27 | Epoch  74/100 | Train Loss 0.5323 | Val Loss 0.2387 MAE 0.3770 R2 0.7842
2026-09-02 07:55:27 | Epoch  75/100 | Train Loss 0.5293 | Val Loss 0.2388 MAE 0.3745 R2 0.7839
2026-09-02 07:55:27 | Epoch  76/100 | Train Loss 0.5247 | Val Loss 0.2375 MAE 0.3746 R2 0.7843
2026-09-02 07:55:28 | Epoch  77/100 | Train Loss 0.5229 | Val Loss 0.2392 MAE 0.3734 R2 0.7828
2026-09-02 07:55:28 | Epoch  78/100 | Train Loss 0.5279 | Val Loss 0.2460 MAE 0.3779 R2 0.7764
2026-09-02 07:55:28 | Epoch  79/100 | Train Loss 0.5362 | Val Loss 0.2382 MAE 0.3740 R2 0.7845
2026-09-02 07:55:28 | Epoch  80/100 | Train Loss 0.5238 | Val Loss 0.2406 MAE 0.3740 R2 0.7828
2026-09-02 07:55:29 | Epoch  81/100 | Train Loss 0.5248 | Val Loss 0.2476 MAE 0.3732 R2 0.7776
2026-09-02 07:55:29 | Epoch  82/100 | Train Loss 0.5312 | Val Loss 0.2408 MAE 0.3734 R2 0.7827
2026-09-02 07:55:29 | Val R2 did not improve for 10 consecutive epochs, early stopping at Epoch 82 (best R2 0.7855 @ Epoch 72)
2026-09-02 07:55:29 | Run 2/5 | Test (best model @ Epoch 72) | Loss 0.2319 MAE 0.3723 R2 0.7764
2026-09-02 07:55:29 | ===== Run 3/5 (seed 2) =====
2026-09-02 07:55:29 | Epoch   1/100 | Train Loss 6.0627 | Val Loss 1.6068 MAE 0.8129 R2 0.0567
2026-09-02 07:55:29 |   Val R2 improved to 0.0567, model saved
2026-09-02 07:55:29 | Epoch   2/100 | Train Loss 1.9402 | Val Loss 0.5710 MAE 0.5185 R2 0.5834
2026-09-02 07:55:29 |   Val R2 improved to 0.5834, model saved
2026-09-02 07:55:30 | Epoch   3/100 | Train Loss 1.1509 | Val Loss 0.4297 MAE 0.4653 R2 0.6615
2026-09-02 07:55:30 |   Val R2 improved to 0.6615, model saved
2026-09-02 07:55:30 | Epoch   4/100 | Train Loss 0.8534 | Val Loss 0.3666 MAE 0.4495 R2 0.7035
2026-09-02 07:55:30 |   Val R2 improved to 0.7035, model saved
2026-09-02 07:55:30 | Epoch   5/100 | Train Loss 0.7608 | Val Loss 0.3374 MAE 0.4431 R2 0.7210
2026-09-02 07:55:30 |   Val R2 improved to 0.7210, model saved
2026-09-02 07:55:30 | Epoch   6/100 | Train Loss 0.7170 | Val Loss 0.3297 MAE 0.4437 R2 0.7255
2026-09-02 07:55:30 |   Val R2 improved to 0.7255, model saved
2026-09-02 07:55:31 | Epoch   7/100 | Train Loss 0.7011 | Val Loss 0.3251 MAE 0.4259 R2 0.7282
2026-09-02 07:55:31 |   Val R2 improved to 0.7282, model saved
2026-09-02 07:55:31 | Epoch   8/100 | Train Loss 0.6738 | Val Loss 0.3149 MAE 0.4270 R2 0.7322
2026-09-02 07:55:31 |   Val R2 improved to 0.7322, model saved
2026-09-02 07:55:31 | Epoch   9/100 | Train Loss 0.6593 | Val Loss 0.3141 MAE 0.4235 R2 0.7333
2026-09-02 07:55:31 |   Val R2 improved to 0.7333, model saved
2026-09-02 07:55:31 | Epoch  10/100 | Train Loss 0.6588 | Val Loss 0.3107 MAE 0.4200 R2 0.7348
2026-09-02 07:55:31 |   Val R2 improved to 0.7348, model saved
2026-09-02 07:55:32 | Epoch  11/100 | Train Loss 0.6464 | Val Loss 0.3014 MAE 0.4187 R2 0.7408
2026-09-02 07:55:32 |   Val R2 improved to 0.7408, model saved
2026-09-02 07:55:32 | Epoch  12/100 | Train Loss 0.6301 | Val Loss 0.2966 MAE 0.4173 R2 0.7429
2026-09-02 07:55:32 |   Val R2 improved to 0.7429, model saved
2026-09-02 07:55:32 | Epoch  13/100 | Train Loss 0.6265 | Val Loss 0.2892 MAE 0.4150 R2 0.7481
2026-09-02 07:55:32 |   Val R2 improved to 0.7481, model saved
2026-09-02 07:55:32 | Epoch  14/100 | Train Loss 0.6168 | Val Loss 0.3060 MAE 0.4143 R2 0.7332
2026-09-02 07:55:33 | Epoch  15/100 | Train Loss 0.6155 | Val Loss 0.2920 MAE 0.4127 R2 0.7438
2026-09-02 07:55:33 | Epoch  16/100 | Train Loss 0.6241 | Val Loss 0.2895 MAE 0.4260 R2 0.7459
2026-09-02 07:55:33 | Epoch  17/100 | Train Loss 0.6116 | Val Loss 0.2828 MAE 0.4055 R2 0.7505
2026-09-02 07:55:33 |   Val R2 improved to 0.7505, model saved
2026-09-02 07:55:33 | Epoch  18/100 | Train Loss 0.5997 | Val Loss 0.2852 MAE 0.4088 R2 0.7477
2026-09-02 07:55:34 | Epoch  19/100 | Train Loss 0.6064 | Val Loss 0.2983 MAE 0.4045 R2 0.7365
2026-09-02 07:55:34 | Epoch  20/100 | Train Loss 0.6080 | Val Loss 0.2807 MAE 0.4098 R2 0.7494
2026-09-02 07:55:34 | Epoch  21/100 | Train Loss 0.6014 | Val Loss 0.2747 MAE 0.4080 R2 0.7545
2026-09-02 07:55:34 |   Val R2 improved to 0.7545, model saved
2026-09-02 07:55:34 | Epoch  22/100 | Train Loss 0.6154 | Val Loss 0.2936 MAE 0.4163 R2 0.7373
2026-09-02 07:55:35 | Epoch  23/100 | Train Loss 0.6089 | Val Loss 0.2707 MAE 0.4037 R2 0.7563
2026-09-02 07:55:35 |   Val R2 improved to 0.7563, model saved
2026-09-02 07:55:35 | Epoch  24/100 | Train Loss 0.6058 | Val Loss 0.2865 MAE 0.4019 R2 0.7435
2026-09-02 07:55:35 | Epoch  25/100 | Train Loss 0.5874 | Val Loss 0.2709 MAE 0.3948 R2 0.7562
2026-09-02 07:55:36 | Epoch  26/100 | Train Loss 0.5954 | Val Loss 0.2734 MAE 0.3991 R2 0.7513
2026-09-02 07:55:36 | Epoch  27/100 | Train Loss 0.5834 | Val Loss 0.2698 MAE 0.3981 R2 0.7541
2026-09-02 07:55:36 | Epoch  28/100 | Train Loss 0.5976 | Val Loss 0.2772 MAE 0.4015 R2 0.7477
2026-09-02 07:55:36 | Epoch  29/100 | Train Loss 0.5793 | Val Loss 0.2686 MAE 0.3951 R2 0.7576
2026-09-02 07:55:36 |   Val R2 improved to 0.7576, model saved
2026-09-02 07:55:37 | Epoch  30/100 | Train Loss 0.5847 | Val Loss 0.2579 MAE 0.3936 R2 0.7651
2026-09-02 07:55:37 |   Val R2 improved to 0.7651, model saved
2026-09-02 07:55:37 | Epoch  31/100 | Train Loss 0.5807 | Val Loss 0.2605 MAE 0.3942 R2 0.7625
2026-09-02 07:55:37 | Epoch  32/100 | Train Loss 0.5682 | Val Loss 0.2620 MAE 0.3908 R2 0.7593
2026-09-02 07:55:37 | Epoch  33/100 | Train Loss 0.5736 | Val Loss 0.2520 MAE 0.3882 R2 0.7688
2026-09-02 07:55:37 |   Val R2 improved to 0.7688, model saved
2026-09-02 07:55:38 | Epoch  34/100 | Train Loss 0.5838 | Val Loss 0.2547 MAE 0.3861 R2 0.7683
2026-09-02 07:55:38 | Epoch  35/100 | Train Loss 0.5795 | Val Loss 0.2552 MAE 0.3914 R2 0.7665
2026-09-02 07:55:38 | Epoch  36/100 | Train Loss 0.5703 | Val Loss 0.2535 MAE 0.3851 R2 0.7671
2026-09-02 07:55:38 | Epoch  37/100 | Train Loss 0.5722 | Val Loss 0.2508 MAE 0.3846 R2 0.7695
2026-09-02 07:55:38 |   Val R2 improved to 0.7695, model saved
2026-09-02 07:55:39 | Epoch  38/100 | Train Loss 0.5740 | Val Loss 0.2546 MAE 0.3887 R2 0.7699
2026-09-02 07:55:39 |   Val R2 improved to 0.7699, model saved
2026-09-02 07:55:39 | Epoch  39/100 | Train Loss 0.5729 | Val Loss 0.2561 MAE 0.3857 R2 0.7637
2026-09-02 07:55:39 | Epoch  40/100 | Train Loss 0.5676 | Val Loss 0.2480 MAE 0.3850 R2 0.7723
2026-09-02 07:55:39 |   Val R2 improved to 0.7723, model saved
2026-09-02 07:55:39 | Epoch  41/100 | Train Loss 0.5613 | Val Loss 0.2476 MAE 0.3878 R2 0.7709
2026-09-02 07:55:40 | Epoch  42/100 | Train Loss 0.5583 | Val Loss 0.2492 MAE 0.3835 R2 0.7699
2026-09-02 07:55:40 | Epoch  43/100 | Train Loss 0.5577 | Val Loss 0.2478 MAE 0.3833 R2 0.7698
2026-09-02 07:55:40 | Epoch  44/100 | Train Loss 0.5618 | Val Loss 0.2608 MAE 0.3887 R2 0.7593
2026-09-02 07:55:40 | Epoch  45/100 | Train Loss 0.5590 | Val Loss 0.2509 MAE 0.3803 R2 0.7685
2026-09-02 07:55:41 | Epoch  46/100 | Train Loss 0.5509 | Val Loss 0.2433 MAE 0.3824 R2 0.7753
2026-09-02 07:55:41 |   Val R2 improved to 0.7753, model saved
2026-09-02 07:55:41 | Epoch  47/100 | Train Loss 0.5574 | Val Loss 0.2463 MAE 0.3794 R2 0.7711
2026-09-02 07:55:41 | Epoch  48/100 | Train Loss 0.5561 | Val Loss 0.2455 MAE 0.3819 R2 0.7717
2026-09-02 07:55:42 | Epoch  49/100 | Train Loss 0.5538 | Val Loss 0.2431 MAE 0.3808 R2 0.7749
2026-09-02 07:55:42 | Epoch  50/100 | Train Loss 0.5497 | Val Loss 0.2487 MAE 0.3860 R2 0.7710
2026-09-02 07:55:42 | Epoch  51/100 | Train Loss 0.5555 | Val Loss 0.2562 MAE 0.3850 R2 0.7641
2026-09-02 07:55:42 | Epoch  52/100 | Train Loss 0.5656 | Val Loss 0.2458 MAE 0.3819 R2 0.7752
2026-09-02 07:55:43 | Epoch  53/100 | Train Loss 0.5581 | Val Loss 0.2407 MAE 0.3758 R2 0.7760
2026-09-02 07:55:43 |   Val R2 improved to 0.7760, model saved
2026-09-02 07:55:43 | Epoch  54/100 | Train Loss 0.5359 | Val Loss 0.2417 MAE 0.3751 R2 0.7760
2026-09-02 07:55:43 | Epoch  55/100 | Train Loss 0.5497 | Val Loss 0.2429 MAE 0.3797 R2 0.7749
2026-09-02 07:55:43 | Epoch  56/100 | Train Loss 0.5509 | Val Loss 0.2428 MAE 0.3808 R2 0.7793
2026-09-02 07:55:43 |   Val R2 improved to 0.7793, model saved
2026-09-02 07:55:43 | Epoch  57/100 | Train Loss 0.5541 | Val Loss 0.2454 MAE 0.3801 R2 0.7731
2026-09-02 07:55:44 | Epoch  58/100 | Train Loss 0.5501 | Val Loss 0.2372 MAE 0.3755 R2 0.7808
2026-09-02 07:55:44 |   Val R2 improved to 0.7808, model saved
2026-09-02 07:55:44 | Epoch  59/100 | Train Loss 0.5482 | Val Loss 0.2415 MAE 0.3769 R2 0.7775
2026-09-02 07:55:44 | Epoch  60/100 | Train Loss 0.5441 | Val Loss 0.2417 MAE 0.3790 R2 0.7766
2026-09-02 07:55:44 | Epoch  61/100 | Train Loss 0.5526 | Val Loss 0.2354 MAE 0.3715 R2 0.7830
2026-09-02 07:55:44 |   Val R2 improved to 0.7830, model saved
2026-09-02 07:55:45 | Epoch  62/100 | Train Loss 0.5453 | Val Loss 0.2364 MAE 0.3796 R2 0.7835
2026-09-02 07:55:45 |   Val R2 improved to 0.7835, model saved
2026-09-02 07:55:45 | Epoch  63/100 | Train Loss 0.5426 | Val Loss 0.2455 MAE 0.3760 R2 0.7747
2026-09-02 07:55:45 | Epoch  64/100 | Train Loss 0.5439 | Val Loss 0.2364 MAE 0.3757 R2 0.7836
2026-09-02 07:55:45 |   Val R2 improved to 0.7836, model saved
2026-09-02 07:55:46 | Epoch  65/100 | Train Loss 0.5334 | Val Loss 0.2352 MAE 0.3723 R2 0.7837
2026-09-02 07:55:46 |   Val R2 improved to 0.7837, model saved
2026-09-02 07:55:46 | Epoch  66/100 | Train Loss 0.5324 | Val Loss 0.2410 MAE 0.3767 R2 0.7810
2026-09-02 07:55:46 | Epoch  67/100 | Train Loss 0.5348 | Val Loss 0.2431 MAE 0.3706 R2 0.7761
2026-09-02 07:55:46 | Epoch  68/100 | Train Loss 0.5310 | Val Loss 0.2462 MAE 0.3729 R2 0.7739
2026-09-02 07:55:46 | Epoch  69/100 | Train Loss 0.5338 | Val Loss 0.2379 MAE 0.3743 R2 0.7827
2026-09-02 07:55:47 | Epoch  70/100 | Train Loss 0.5296 | Val Loss 0.2379 MAE 0.3713 R2 0.7843
2026-09-02 07:55:47 |   Val R2 improved to 0.7843, model saved
2026-09-02 07:55:47 | Epoch  71/100 | Train Loss 0.5380 | Val Loss 0.2343 MAE 0.3687 R2 0.7847
2026-09-02 07:55:47 |   Val R2 improved to 0.7847, model saved
2026-09-02 07:55:47 | Epoch  72/100 | Train Loss 0.5284 | Val Loss 0.2394 MAE 0.3730 R2 0.7815
2026-09-02 07:55:47 | Epoch  73/100 | Train Loss 0.5306 | Val Loss 0.2452 MAE 0.3741 R2 0.7780
2026-09-02 07:55:48 | Epoch  74/100 | Train Loss 0.5291 | Val Loss 0.2348 MAE 0.3714 R2 0.7878
2026-09-02 07:55:48 |   Val R2 improved to 0.7878, model saved
2026-09-02 07:55:48 | Epoch  75/100 | Train Loss 0.5295 | Val Loss 0.2357 MAE 0.3701 R2 0.7874
2026-09-02 07:55:48 | Epoch  76/100 | Train Loss 0.5289 | Val Loss 0.2336 MAE 0.3731 R2 0.7887
2026-09-02 07:55:48 |   Val R2 improved to 0.7887, model saved
2026-09-02 07:55:48 | Epoch  77/100 | Train Loss 0.5220 | Val Loss 0.2347 MAE 0.3695 R2 0.7875
2026-09-02 07:55:48 | Epoch  78/100 | Train Loss 0.5198 | Val Loss 0.2360 MAE 0.3697 R2 0.7871
2026-09-02 07:55:49 | Epoch  79/100 | Train Loss 0.5324 | Val Loss 0.2349 MAE 0.3659 R2 0.7877
2026-09-02 07:55:49 | Epoch  80/100 | Train Loss 0.5256 | Val Loss 0.2411 MAE 0.3702 R2 0.7812
2026-09-02 07:55:49 | Epoch  81/100 | Train Loss 0.5250 | Val Loss 0.2442 MAE 0.3709 R2 0.7802
2026-09-02 07:55:50 | Epoch  82/100 | Train Loss 0.5246 | Val Loss 0.2396 MAE 0.3681 R2 0.7848
2026-09-02 07:55:50 | Epoch  83/100 | Train Loss 0.5267 | Val Loss 0.2375 MAE 0.3710 R2 0.7908
2026-09-02 07:55:50 |   Val R2 improved to 0.7908, model saved
2026-09-02 07:55:50 | Epoch  84/100 | Train Loss 0.5289 | Val Loss 0.2441 MAE 0.3724 R2 0.7817
2026-09-02 07:55:50 | Epoch  85/100 | Train Loss 0.5217 | Val Loss 0.2361 MAE 0.3661 R2 0.7876
2026-09-02 07:55:51 | Epoch  86/100 | Train Loss 0.5198 | Val Loss 0.2342 MAE 0.3735 R2 0.7914
2026-09-02 07:55:51 |   Val R2 improved to 0.7914, model saved
2026-09-02 07:55:51 | Epoch  87/100 | Train Loss 0.5141 | Val Loss 0.2335 MAE 0.3681 R2 0.7911
2026-09-02 07:55:51 | Epoch  88/100 | Train Loss 0.5226 | Val Loss 0.2464 MAE 0.3732 R2 0.7794
2026-09-02 07:55:51 | Epoch  89/100 | Train Loss 0.5158 | Val Loss 0.2388 MAE 0.3699 R2 0.7877
2026-09-02 07:55:52 | Epoch  90/100 | Train Loss 0.5215 | Val Loss 0.2341 MAE 0.3642 R2 0.7915
2026-09-02 07:55:52 |   Val R2 improved to 0.7915, model saved
2026-09-02 07:55:52 | Epoch  91/100 | Train Loss 0.5274 | Val Loss 0.2370 MAE 0.3662 R2 0.7910
2026-09-02 07:55:52 | Epoch  92/100 | Train Loss 0.5130 | Val Loss 0.2358 MAE 0.3702 R2 0.7907
2026-09-02 07:55:52 | Epoch  93/100 | Train Loss 0.5241 | Val Loss 0.2416 MAE 0.3675 R2 0.7858
2026-09-02 07:55:53 | Epoch  94/100 | Train Loss 0.5210 | Val Loss 0.2673 MAE 0.3718 R2 0.7652
2026-09-02 07:55:53 | Epoch  95/100 | Train Loss 0.5180 | Val Loss 0.2429 MAE 0.3694 R2 0.7844
2026-09-02 07:55:53 | Epoch  96/100 | Train Loss 0.5208 | Val Loss 0.2488 MAE 0.3708 R2 0.7807
2026-09-02 07:55:53 | Epoch  97/100 | Train Loss 0.5160 | Val Loss 0.2387 MAE 0.3704 R2 0.7902
2026-09-02 07:55:54 | Epoch  98/100 | Train Loss 0.5085 | Val Loss 0.2439 MAE 0.3713 R2 0.7838
2026-09-02 07:55:54 | Epoch  99/100 | Train Loss 0.5134 | Val Loss 0.2452 MAE 0.3742 R2 0.7846
2026-09-02 07:55:54 | Epoch 100/100 | Train Loss 0.5217 | Val Loss 0.2478 MAE 0.3705 R2 0.7827
2026-09-02 07:55:54 | Val R2 did not improve for 10 consecutive epochs, early stopping at Epoch 100 (best R2 0.7915 @ Epoch 90)
2026-09-02 07:55:54 | Run 3/5 | Test (best model @ Epoch 90) | Loss 0.2355 MAE 0.3639 R2 0.7792
2026-09-02 07:55:54 | ===== Run 4/5 (seed 3) =====
2026-09-02 07:55:54 | Epoch   1/100 | Train Loss 5.4624 | Val Loss 1.6924 MAE 0.9173 R2 -0.1748
2026-09-02 07:55:54 |   Val R2 improved to -0.1748, model saved
2026-09-02 07:55:55 | Epoch   2/100 | Train Loss 1.9849 | Val Loss 0.6625 MAE 0.5544 R2 0.5193
2026-09-02 07:55:55 |   Val R2 improved to 0.5193, model saved
2026-09-02 07:55:55 | Epoch   3/100 | Train Loss 1.1598 | Val Loss 0.4323 MAE 0.4723 R2 0.6597
2026-09-02 07:55:55 |   Val R2 improved to 0.6597, model saved
2026-09-02 07:55:55 | Epoch   4/100 | Train Loss 0.8717 | Val Loss 0.3797 MAE 0.4551 R2 0.6886
2026-09-02 07:55:55 |   Val R2 improved to 0.6886, model saved
2026-09-02 07:55:56 | Epoch   5/100 | Train Loss 0.7698 | Val Loss 0.3587 MAE 0.4491 R2 0.7000
2026-09-02 07:55:56 |   Val R2 improved to 0.7000, model saved
2026-09-02 07:55:56 | Epoch   6/100 | Train Loss 0.7151 | Val Loss 0.3296 MAE 0.4396 R2 0.7221
2026-09-02 07:55:56 |   Val R2 improved to 0.7221, model saved
2026-09-02 07:55:56 | Epoch   7/100 | Train Loss 0.7011 | Val Loss 0.3425 MAE 0.4384 R2 0.7100
2026-09-02 07:55:56 | Epoch   8/100 | Train Loss 0.6839 | Val Loss 0.3235 MAE 0.4301 R2 0.7230
2026-09-02 07:55:56 |   Val R2 improved to 0.7230, model saved
2026-09-02 07:55:57 | Epoch   9/100 | Train Loss 0.6564 | Val Loss 0.3068 MAE 0.4244 R2 0.7363
2026-09-02 07:55:57 |   Val R2 improved to 0.7363, model saved
2026-09-02 07:55:57 | Epoch  10/100 | Train Loss 0.6577 | Val Loss 0.3158 MAE 0.4266 R2 0.7271
2026-09-02 07:55:57 | Epoch  11/100 | Train Loss 0.6381 | Val Loss 0.3054 MAE 0.4164 R2 0.7364
2026-09-02 07:55:57 |   Val R2 improved to 0.7364, model saved
2026-09-02 07:55:57 | Epoch  12/100 | Train Loss 0.6331 | Val Loss 0.2933 MAE 0.4165 R2 0.7456
2026-09-02 07:55:57 |   Val R2 improved to 0.7456, model saved
2026-09-02 07:55:58 | Epoch  13/100 | Train Loss 0.6303 | Val Loss 0.3053 MAE 0.4165 R2 0.7327
2026-09-02 07:55:58 | Epoch  14/100 | Train Loss 0.6218 | Val Loss 0.2923 MAE 0.4110 R2 0.7437
2026-09-02 07:55:58 | Epoch  15/100 | Train Loss 0.6219 | Val Loss 0.2922 MAE 0.4187 R2 0.7418
2026-09-02 07:55:58 | Epoch  16/100 | Train Loss 0.5993 | Val Loss 0.2806 MAE 0.4044 R2 0.7513
2026-09-02 07:55:58 |   Val R2 improved to 0.7513, model saved
2026-09-02 07:55:59 | Epoch  17/100 | Train Loss 0.6064 | Val Loss 0.2921 MAE 0.4167 R2 0.7401
2026-09-02 07:55:59 | Epoch  18/100 | Train Loss 0.6219 | Val Loss 0.2835 MAE 0.4107 R2 0.7498
2026-09-02 07:55:59 | Epoch  19/100 | Train Loss 0.6025 | Val Loss 0.2823 MAE 0.4044 R2 0.7488
2026-09-02 07:56:00 | Epoch  20/100 | Train Loss 0.6001 | Val Loss 0.2728 MAE 0.3992 R2 0.7558
2026-09-02 07:56:00 |   Val R2 improved to 0.7558, model saved
2026-09-02 07:56:00 | Epoch  21/100 | Train Loss 0.6044 | Val Loss 0.2714 MAE 0.4076 R2 0.7569
2026-09-02 07:56:00 |   Val R2 improved to 0.7569, model saved
2026-09-02 07:56:00 | Epoch  22/100 | Train Loss 0.5974 | Val Loss 0.2694 MAE 0.4015 R2 0.7581
2026-09-02 07:56:00 |   Val R2 improved to 0.7581, model saved
2026-09-02 07:56:00 | Epoch  23/100 | Train Loss 0.5918 | Val Loss 0.2661 MAE 0.4011 R2 0.7594
2026-09-02 07:56:00 |   Val R2 improved to 0.7594, model saved
2026-09-02 07:56:01 | Epoch  24/100 | Train Loss 0.5937 | Val Loss 0.2689 MAE 0.3985 R2 0.7558
2026-09-02 07:56:01 | Epoch  25/100 | Train Loss 0.5925 | Val Loss 0.2650 MAE 0.3925 R2 0.7589
2026-09-02 07:56:01 | Epoch  26/100 | Train Loss 0.5837 | Val Loss 0.2997 MAE 0.4071 R2 0.7285
2026-09-02 07:56:01 | Epoch  27/100 | Train Loss 0.5959 | Val Loss 0.2676 MAE 0.3964 R2 0.7561
2026-09-02 07:56:02 | Epoch  28/100 | Train Loss 0.5903 | Val Loss 0.2662 MAE 0.3912 R2 0.7580
2026-09-02 07:56:02 | Epoch  29/100 | Train Loss 0.5813 | Val Loss 0.2613 MAE 0.3900 R2 0.7610
2026-09-02 07:56:02 |   Val R2 improved to 0.7610, model saved
2026-09-02 07:56:02 | Epoch  30/100 | Train Loss 0.5806 | Val Loss 0.2636 MAE 0.4028 R2 0.7601
2026-09-02 07:56:02 | Epoch  31/100 | Train Loss 0.5848 | Val Loss 0.2596 MAE 0.3941 R2 0.7630
2026-09-02 07:56:02 |   Val R2 improved to 0.7630, model saved
2026-09-02 07:56:02 | Epoch  32/100 | Train Loss 0.5724 | Val Loss 0.2551 MAE 0.3921 R2 0.7665
2026-09-02 07:56:02 |   Val R2 improved to 0.7665, model saved
2026-09-02 07:56:03 | Epoch  33/100 | Train Loss 0.5771 | Val Loss 0.2547 MAE 0.3922 R2 0.7659
2026-09-02 07:56:03 | Epoch  34/100 | Train Loss 0.5626 | Val Loss 0.2550 MAE 0.3871 R2 0.7667
2026-09-02 07:56:03 |   Val R2 improved to 0.7667, model saved
2026-09-02 07:56:03 | Epoch  35/100 | Train Loss 0.5721 | Val Loss 0.2584 MAE 0.3883 R2 0.7619
2026-09-02 07:56:04 | Epoch  36/100 | Train Loss 0.5698 | Val Loss 0.2521 MAE 0.3868 R2 0.7682
2026-09-02 07:56:04 |   Val R2 improved to 0.7682, model saved
2026-09-02 07:56:04 | Epoch  37/100 | Train Loss 0.5702 | Val Loss 0.2603 MAE 0.3837 R2 0.7610
2026-09-02 07:56:04 | Epoch  38/100 | Train Loss 0.5671 | Val Loss 0.2615 MAE 0.3884 R2 0.7596
2026-09-02 07:56:04 | Epoch  39/100 | Train Loss 0.5717 | Val Loss 0.2520 MAE 0.3815 R2 0.7681
2026-09-02 07:56:05 | Epoch  40/100 | Train Loss 0.5616 | Val Loss 0.2478 MAE 0.3829 R2 0.7719
2026-09-02 07:56:05 |   Val R2 improved to 0.7719, model saved
2026-09-02 07:56:05 | Epoch  41/100 | Train Loss 0.5630 | Val Loss 0.2457 MAE 0.3870 R2 0.7747
2026-09-02 07:56:05 |   Val R2 improved to 0.7747, model saved
2026-09-02 07:56:05 | Epoch  42/100 | Train Loss 0.5635 | Val Loss 0.2471 MAE 0.3875 R2 0.7740
2026-09-02 07:56:06 | Epoch  43/100 | Train Loss 0.5690 | Val Loss 0.2489 MAE 0.3903 R2 0.7725
2026-09-02 07:56:06 | Epoch  44/100 | Train Loss 0.5604 | Val Loss 0.2445 MAE 0.3801 R2 0.7751
2026-09-02 07:56:06 |   Val R2 improved to 0.7751, model saved
2026-09-02 07:56:06 | Epoch  45/100 | Train Loss 0.5630 | Val Loss 0.2464 MAE 0.3869 R2 0.7741
2026-09-02 07:56:06 | Epoch  46/100 | Train Loss 0.5651 | Val Loss 0.2464 MAE 0.3828 R2 0.7733
2026-09-02 07:56:07 | Epoch  47/100 | Train Loss 0.5584 | Val Loss 0.2427 MAE 0.3820 R2 0.7763
2026-09-02 07:56:07 |   Val R2 improved to 0.7763, model saved
2026-09-02 07:56:07 | Epoch  48/100 | Train Loss 0.5551 | Val Loss 0.2438 MAE 0.3835 R2 0.7747
2026-09-02 07:56:07 | Epoch  49/100 | Train Loss 0.5522 | Val Loss 0.2457 MAE 0.3808 R2 0.7728
2026-09-02 07:56:07 | Epoch  50/100 | Train Loss 0.5558 | Val Loss 0.2538 MAE 0.3845 R2 0.7640
2026-09-02 07:56:08 | Epoch  51/100 | Train Loss 0.5511 | Val Loss 0.2448 MAE 0.3764 R2 0.7746
2026-09-02 07:56:08 | Epoch  52/100 | Train Loss 0.5533 | Val Loss 0.2378 MAE 0.3766 R2 0.7808
2026-09-02 07:56:08 |   Val R2 improved to 0.7808, model saved
2026-09-02 07:56:08 | Epoch  53/100 | Train Loss 0.5531 | Val Loss 0.2377 MAE 0.3789 R2 0.7816
2026-09-02 07:56:08 |   Val R2 improved to 0.7816, model saved
2026-09-02 07:56:08 | Epoch  54/100 | Train Loss 0.5593 | Val Loss 0.2487 MAE 0.3800 R2 0.7710
2026-09-02 07:56:09 | Epoch  55/100 | Train Loss 0.5447 | Val Loss 0.2393 MAE 0.3764 R2 0.7799
2026-09-02 07:56:09 | Epoch  56/100 | Train Loss 0.5523 | Val Loss 0.2474 MAE 0.3746 R2 0.7734
2026-09-02 07:56:09 | Epoch  57/100 | Train Loss 0.5408 | Val Loss 0.2372 MAE 0.3712 R2 0.7808
2026-09-02 07:56:09 | Epoch  58/100 | Train Loss 0.5507 | Val Loss 0.2429 MAE 0.3729 R2 0.7776
2026-09-02 07:56:10 | Epoch  59/100 | Train Loss 0.5384 | Val Loss 0.2420 MAE 0.3757 R2 0.7772
2026-09-02 07:56:10 | Epoch  60/100 | Train Loss 0.5365 | Val Loss 0.2384 MAE 0.3759 R2 0.7829
2026-09-02 07:56:10 |   Val R2 improved to 0.7829, model saved
2026-09-02 07:56:10 | Epoch  61/100 | Train Loss 0.5371 | Val Loss 0.2545 MAE 0.3794 R2 0.7659
2026-09-02 07:56:10 | Epoch  62/100 | Train Loss 0.5330 | Val Loss 0.2416 MAE 0.3702 R2 0.7783
2026-09-02 07:56:11 | Epoch  63/100 | Train Loss 0.5366 | Val Loss 0.2808 MAE 0.3773 R2 0.7435
2026-09-02 07:56:11 | Epoch  64/100 | Train Loss 0.5384 | Val Loss 0.2342 MAE 0.3688 R2 0.7858
2026-09-02 07:56:11 |   Val R2 improved to 0.7858, model saved
2026-09-02 07:56:11 | Epoch  65/100 | Train Loss 0.5334 | Val Loss 0.2424 MAE 0.3736 R2 0.7804
2026-09-02 07:56:12 | Epoch  66/100 | Train Loss 0.5351 | Val Loss 0.2408 MAE 0.3758 R2 0.7813
2026-09-02 07:56:12 | Epoch  67/100 | Train Loss 0.5306 | Val Loss 0.2403 MAE 0.3723 R2 0.7799
2026-09-02 07:56:12 | Epoch  68/100 | Train Loss 0.5358 | Val Loss 0.2360 MAE 0.3692 R2 0.7859
2026-09-02 07:56:12 |   Val R2 improved to 0.7859, model saved
2026-09-02 07:56:12 | Epoch  69/100 | Train Loss 0.5334 | Val Loss 0.2358 MAE 0.3746 R2 0.7853
2026-09-02 07:56:13 | Epoch  70/100 | Train Loss 0.5350 | Val Loss 0.2490 MAE 0.3774 R2 0.7726
2026-09-02 07:56:13 | Epoch  71/100 | Train Loss 0.5409 | Val Loss 0.2436 MAE 0.3719 R2 0.7789
2026-09-02 07:56:13 | Epoch  72/100 | Train Loss 0.5364 | Val Loss 0.2489 MAE 0.3767 R2 0.7751
2026-09-02 07:56:13 | Epoch  73/100 | Train Loss 0.5306 | Val Loss 0.2390 MAE 0.3731 R2 0.7878
2026-09-02 07:56:13 |   Val R2 improved to 0.7878, model saved
2026-09-02 07:56:14 | Epoch  74/100 | Train Loss 0.5359 | Val Loss 0.2368 MAE 0.3685 R2 0.7877
2026-09-02 07:56:14 | Epoch  75/100 | Train Loss 0.5345 | Val Loss 0.2418 MAE 0.3701 R2 0.7811
2026-09-02 07:56:14 | Epoch  76/100 | Train Loss 0.5201 | Val Loss 0.2408 MAE 0.3722 R2 0.7827
2026-09-02 07:56:14 | Epoch  77/100 | Train Loss 0.5252 | Val Loss 0.2361 MAE 0.3695 R2 0.7873
2026-09-02 07:56:15 | Epoch  78/100 | Train Loss 0.5307 | Val Loss 0.2399 MAE 0.3714 R2 0.7853
2026-09-02 07:56:15 | Epoch  79/100 | Train Loss 0.5244 | Val Loss 0.2355 MAE 0.3680 R2 0.7868
2026-09-02 07:56:15 | Epoch  80/100 | Train Loss 0.5276 | Val Loss 0.2386 MAE 0.3680 R2 0.7862
2026-09-02 07:56:16 | Epoch  81/100 | Train Loss 0.5216 | Val Loss 0.2601 MAE 0.3752 R2 0.7668
2026-09-02 07:56:16 | Epoch  82/100 | Train Loss 0.5301 | Val Loss 0.2416 MAE 0.3718 R2 0.7837
2026-09-02 07:56:16 | Epoch  83/100 | Train Loss 0.5193 | Val Loss 0.2513 MAE 0.3789 R2 0.7750
2026-09-02 07:56:16 | Val R2 did not improve for 10 consecutive epochs, early stopping at Epoch 83 (best R2 0.7878 @ Epoch 73)
2026-09-02 07:56:16 | Run 4/5 | Test (best model @ Epoch 73) | Loss 0.2352 MAE 0.3727 R2 0.7802
2026-09-02 07:56:16 | ===== Run 5/5 (seed 4) =====
2026-09-02 07:56:16 | Epoch   1/100 | Train Loss 7.3796 | Val Loss 1.8364 MAE 0.8498 R2 -0.0245
2026-09-02 07:56:16 |   Val R2 improved to -0.0245, model saved
2026-09-02 07:56:17 | Epoch   2/100 | Train Loss 2.1655 | Val Loss 0.7121 MAE 0.5581 R2 0.5094
2026-09-02 07:56:17 |   Val R2 improved to 0.5094, model saved
2026-09-02 07:56:17 | Epoch   3/100 | Train Loss 1.2419 | Val Loss 0.4185 MAE 0.4635 R2 0.6757
2026-09-02 07:56:17 |   Val R2 improved to 0.6757, model saved
2026-09-02 07:56:17 | Epoch   4/100 | Train Loss 0.9013 | Val Loss 0.3904 MAE 0.4560 R2 0.6836
2026-09-02 07:56:17 |   Val R2 improved to 0.6836, model saved
2026-09-02 07:56:17 | Epoch   5/100 | Train Loss 0.7630 | Val Loss 0.3866 MAE 0.4420 R2 0.6993
2026-09-02 07:56:17 |   Val R2 improved to 0.6993, model saved
2026-09-02 07:56:18 | Epoch   6/100 | Train Loss 0.7240 | Val Loss 0.3271 MAE 0.4367 R2 0.7275
2026-09-02 07:56:18 |   Val R2 improved to 0.7275, model saved
2026-09-02 07:56:18 | Epoch   7/100 | Train Loss 0.6981 | Val Loss 0.3480 MAE 0.4382 R2 0.7059
2026-09-02 07:56:18 | Epoch   8/100 | Train Loss 0.6881 | Val Loss 0.3094 MAE 0.4305 R2 0.7366
2026-09-02 07:56:18 |   Val R2 improved to 0.7366, model saved
2026-09-02 07:56:18 | Epoch   9/100 | Train Loss 0.6615 | Val Loss 0.3070 MAE 0.4194 R2 0.7364
2026-09-02 07:56:19 | Epoch  10/100 | Train Loss 0.6599 | Val Loss 0.3085 MAE 0.4190 R2 0.7339
2026-09-02 07:56:19 | Epoch  11/100 | Train Loss 0.6458 | Val Loss 0.2971 MAE 0.4142 R2 0.7428
2026-09-02 07:56:19 |   Val R2 improved to 0.7428, model saved
2026-09-02 07:56:19 | Epoch  12/100 | Train Loss 0.6342 | Val Loss 0.3035 MAE 0.4141 R2 0.7374
2026-09-02 07:56:20 | Epoch  13/100 | Train Loss 0.6319 | Val Loss 0.2877 MAE 0.4152 R2 0.7480
2026-09-02 07:56:20 |   Val R2 improved to 0.7480, model saved
2026-09-02 07:56:20 | Epoch  14/100 | Train Loss 0.6297 | Val Loss 0.3090 MAE 0.4165 R2 0.7298
2026-09-02 07:56:20 | Epoch  15/100 | Train Loss 0.6271 | Val Loss 0.3128 MAE 0.4141 R2 0.7243
2026-09-02 07:56:20 | Epoch  16/100 | Train Loss 0.6314 | Val Loss 0.2845 MAE 0.4128 R2 0.7504
2026-09-02 07:56:20 |   Val R2 improved to 0.7504, model saved
2026-09-02 07:56:21 | Epoch  17/100 | Train Loss 0.6289 | Val Loss 0.2809 MAE 0.4111 R2 0.7522
2026-09-02 07:56:21 |   Val R2 improved to 0.7522, model saved
2026-09-02 07:56:21 | Epoch  18/100 | Train Loss 0.6076 | Val Loss 0.2914 MAE 0.4078 R2 0.7410
2026-09-02 07:56:21 | Epoch  19/100 | Train Loss 0.6221 | Val Loss 0.2996 MAE 0.4111 R2 0.7336
2026-09-02 07:56:21 | Epoch  20/100 | Train Loss 0.6008 | Val Loss 0.2878 MAE 0.4005 R2 0.7440
2026-09-02 07:56:22 | Epoch  21/100 | Train Loss 0.6016 | Val Loss 0.2716 MAE 0.3981 R2 0.7559
2026-09-02 07:56:22 |   Val R2 improved to 0.7559, model saved
2026-09-02 07:56:22 | Epoch  22/100 | Train Loss 0.5932 | Val Loss 0.2684 MAE 0.3975 R2 0.7592
2026-09-02 07:56:22 |   Val R2 improved to 0.7592, model saved
2026-09-02 07:56:22 | Epoch  23/100 | Train Loss 0.5916 | Val Loss 0.2673 MAE 0.3951 R2 0.7589
2026-09-02 07:56:22 | Epoch  24/100 | Train Loss 0.5910 | Val Loss 0.2614 MAE 0.3961 R2 0.7648
2026-09-02 07:56:22 |   Val R2 improved to 0.7648, model saved
2026-09-02 07:56:23 | Epoch  25/100 | Train Loss 0.5876 | Val Loss 0.2599 MAE 0.3979 R2 0.7647
2026-09-02 07:56:23 | Epoch  26/100 | Train Loss 0.5976 | Val Loss 0.2618 MAE 0.3939 R2 0.7634
2026-09-02 07:56:23 | Epoch  27/100 | Train Loss 0.5886 | Val Loss 0.2574 MAE 0.3980 R2 0.7666
2026-09-02 07:56:23 |   Val R2 improved to 0.7666, model saved
2026-09-02 07:56:23 | Epoch  28/100 | Train Loss 0.5896 | Val Loss 0.2553 MAE 0.3936 R2 0.7677
2026-09-02 07:56:23 |   Val R2 improved to 0.7677, model saved
2026-09-02 07:56:24 | Epoch  29/100 | Train Loss 0.5829 | Val Loss 0.2629 MAE 0.3902 R2 0.7593
2026-09-02 07:56:24 | Epoch  30/100 | Train Loss 0.5849 | Val Loss 0.2535 MAE 0.3914 R2 0.7685
2026-09-02 07:56:24 |   Val R2 improved to 0.7685, model saved
2026-09-02 07:56:24 | Epoch  31/100 | Train Loss 0.5837 | Val Loss 0.2561 MAE 0.3879 R2 0.7645
2026-09-02 07:56:24 | Epoch  32/100 | Train Loss 0.5811 | Val Loss 0.2541 MAE 0.3918 R2 0.7670
2026-09-02 07:56:25 | Epoch  33/100 | Train Loss 0.5705 | Val Loss 0.2595 MAE 0.3919 R2 0.7619
2026-09-02 07:56:25 | Epoch  34/100 | Train Loss 0.5848 | Val Loss 0.2551 MAE 0.3897 R2 0.7658
2026-09-02 07:56:25 | Epoch  35/100 | Train Loss 0.5757 | Val Loss 0.2525 MAE 0.3895 R2 0.7665
2026-09-02 07:56:25 | Epoch  36/100 | Train Loss 0.5693 | Val Loss 0.2482 MAE 0.3871 R2 0.7720
2026-09-02 07:56:25 |   Val R2 improved to 0.7720, model saved
2026-09-02 07:56:26 | Epoch  37/100 | Train Loss 0.5733 | Val Loss 0.2514 MAE 0.3827 R2 0.7682
2026-09-02 07:56:26 | Epoch  38/100 | Train Loss 0.5679 | Val Loss 0.2473 MAE 0.3872 R2 0.7705
2026-09-02 07:56:26 | Epoch  39/100 | Train Loss 0.5589 | Val Loss 0.2457 MAE 0.3859 R2 0.7732
2026-09-02 07:56:26 |   Val R2 improved to 0.7732, model saved
2026-09-02 07:56:26 | Epoch  40/100 | Train Loss 0.5639 | Val Loss 0.2466 MAE 0.3839 R2 0.7721
2026-09-02 07:56:27 | Epoch  41/100 | Train Loss 0.5616 | Val Loss 0.2542 MAE 0.3853 R2 0.7627
2026-09-02 07:56:27 | Epoch  42/100 | Train Loss 0.5615 | Val Loss 0.2449 MAE 0.3827 R2 0.7719
2026-09-02 07:56:27 | Epoch  43/100 | Train Loss 0.5569 | Val Loss 0.2573 MAE 0.3894 R2 0.7594
2026-09-02 07:56:28 | Epoch  44/100 | Train Loss 0.5526 | Val Loss 0.2485 MAE 0.3805 R2 0.7698
2026-09-02 07:56:28 | Epoch  45/100 | Train Loss 0.5605 | Val Loss 0.2430 MAE 0.3807 R2 0.7741
2026-09-02 07:56:28 |   Val R2 improved to 0.7741, model saved
2026-09-02 07:56:28 | Epoch  46/100 | Train Loss 0.5632 | Val Loss 0.2431 MAE 0.3829 R2 0.7745
2026-09-02 07:56:28 |   Val R2 improved to 0.7745, model saved
2026-09-02 07:56:28 | Epoch  47/100 | Train Loss 0.5481 | Val Loss 0.2454 MAE 0.3881 R2 0.7741
2026-09-02 07:56:29 | Epoch  48/100 | Train Loss 0.5534 | Val Loss 0.2447 MAE 0.3807 R2 0.7727
2026-09-02 07:56:29 | Epoch  49/100 | Train Loss 0.5593 | Val Loss 0.2452 MAE 0.3781 R2 0.7717
2026-09-02 07:56:29 | Epoch  50/100 | Train Loss 0.5541 | Val Loss 0.2491 MAE 0.3812 R2 0.7681
2026-09-02 07:56:29 | Epoch  51/100 | Train Loss 0.5562 | Val Loss 0.2466 MAE 0.3870 R2 0.7721
2026-09-02 07:56:30 | Epoch  52/100 | Train Loss 0.5562 | Val Loss 0.2454 MAE 0.3787 R2 0.7742
2026-09-02 07:56:30 | Epoch  53/100 | Train Loss 0.5626 | Val Loss 0.2382 MAE 0.3755 R2 0.7803
2026-09-02 07:56:30 |   Val R2 improved to 0.7803, model saved
2026-09-02 07:56:30 | Epoch  54/100 | Train Loss 0.5480 | Val Loss 0.2418 MAE 0.3847 R2 0.7758
2026-09-02 07:56:30 | Epoch  55/100 | Train Loss 0.5522 | Val Loss 0.2424 MAE 0.3790 R2 0.7776
2026-09-02 07:56:30 | Epoch  56/100 | Train Loss 0.5521 | Val Loss 0.2525 MAE 0.3807 R2 0.7648
2026-09-02 07:56:31 | Epoch  57/100 | Train Loss 0.5544 | Val Loss 0.2454 MAE 0.3773 R2 0.7726
2026-09-02 07:56:31 | Epoch  58/100 | Train Loss 0.5464 | Val Loss 0.2448 MAE 0.3842 R2 0.7726
2026-09-02 07:56:31 | Epoch  59/100 | Train Loss 0.5400 | Val Loss 0.2450 MAE 0.3745 R2 0.7735
2026-09-02 07:56:31 | Epoch  60/100 | Train Loss 0.5425 | Val Loss 0.2385 MAE 0.3741 R2 0.7805
2026-09-02 07:56:31 |   Val R2 improved to 0.7805, model saved
2026-09-02 07:56:32 | Epoch  61/100 | Train Loss 0.5437 | Val Loss 0.2506 MAE 0.3823 R2 0.7676
2026-09-02 07:56:32 | Epoch  62/100 | Train Loss 0.5489 | Val Loss 0.2420 MAE 0.3736 R2 0.7755
2026-09-02 07:56:32 | Epoch  63/100 | Train Loss 0.5431 | Val Loss 0.2373 MAE 0.3755 R2 0.7820
2026-09-02 07:56:32 |   Val R2 improved to 0.7820, model saved
2026-09-02 07:56:32 | Epoch  64/100 | Train Loss 0.5398 | Val Loss 0.2402 MAE 0.3804 R2 0.7774
2026-09-02 07:56:33 | Epoch  65/100 | Train Loss 0.5406 | Val Loss 0.2456 MAE 0.3719 R2 0.7757
2026-09-02 07:56:33 | Epoch  66/100 | Train Loss 0.5453 | Val Loss 0.2369 MAE 0.3783 R2 0.7826
2026-09-02 07:56:33 |   Val R2 improved to 0.7826, model saved
2026-09-02 07:56:33 | Epoch  67/100 | Train Loss 0.5348 | Val Loss 0.2383 MAE 0.3757 R2 0.7805
2026-09-02 07:56:33 | Epoch  68/100 | Train Loss 0.5446 | Val Loss 0.2406 MAE 0.3734 R2 0.7820
2026-09-02 07:56:34 | Epoch  69/100 | Train Loss 0.5383 | Val Loss 0.2410 MAE 0.3715 R2 0.7785
2026-09-02 07:56:34 | Epoch  70/100 | Train Loss 0.5398 | Val Loss 0.2342 MAE 0.3673 R2 0.7861
2026-09-02 07:56:34 |   Val R2 improved to 0.7861, model saved
2026-09-02 07:56:34 | Epoch  71/100 | Train Loss 0.5397 | Val Loss 0.2373 MAE 0.3699 R2 0.7841
2026-09-02 07:56:34 | Epoch  72/100 | Train Loss 0.5324 | Val Loss 0.2347 MAE 0.3693 R2 0.7872
2026-09-02 07:56:34 |   Val R2 improved to 0.7872, model saved
2026-09-02 07:56:35 | Epoch  73/100 | Train Loss 0.5323 | Val Loss 0.2408 MAE 0.3708 R2 0.7808
2026-09-02 07:56:35 | Epoch  74/100 | Train Loss 0.5344 | Val Loss 0.2354 MAE 0.3692 R2 0.7853
2026-09-02 07:56:35 | Epoch  75/100 | Train Loss 0.5296 | Val Loss 0.2326 MAE 0.3724 R2 0.7872
2026-09-02 07:56:35 |   Val R2 improved to 0.7872, model saved
2026-09-02 07:56:35 | Epoch  76/100 | Train Loss 0.5439 | Val Loss 0.2491 MAE 0.3759 R2 0.7734
2026-09-02 07:56:36 | Epoch  77/100 | Train Loss 0.5405 | Val Loss 0.2413 MAE 0.3714 R2 0.7830
2026-09-02 07:56:36 | Epoch  78/100 | Train Loss 0.5311 | Val Loss 0.2381 MAE 0.3737 R2 0.7868
2026-09-02 07:56:36 | Epoch  79/100 | Train Loss 0.5315 | Val Loss 0.2437 MAE 0.3721 R2 0.7787
2026-09-02 07:56:36 | Epoch  80/100 | Train Loss 0.5287 | Val Loss 0.2360 MAE 0.3677 R2 0.7865
2026-09-02 07:56:37 | Epoch  81/100 | Train Loss 0.5255 | Val Loss 0.2410 MAE 0.3711 R2 0.7816
2026-09-02 07:56:37 | Epoch  82/100 | Train Loss 0.5333 | Val Loss 0.2524 MAE 0.3744 R2 0.7732
2026-09-02 07:56:37 | Epoch  83/100 | Train Loss 0.5306 | Val Loss 0.2403 MAE 0.3689 R2 0.7824
2026-09-02 07:56:37 | Epoch  84/100 | Train Loss 0.5261 | Val Loss 0.2384 MAE 0.3690 R2 0.7852
2026-09-02 07:56:38 | Epoch  85/100 | Train Loss 0.5167 | Val Loss 0.2442 MAE 0.3748 R2 0.7800
2026-09-02 07:56:38 | Val R2 did not improve for 10 consecutive epochs, early stopping at Epoch 85 (best R2 0.7872 @ Epoch 75)
2026-09-02 07:56:38 | Run 5/5 | Test (best model @ Epoch 75) | Loss 0.2303 MAE 0.3703 R2 0.7784
2026-09-02 07:56:38 | Average over 5 runs | Test Loss 0.2341±0.0030 MAE 0.3698±0.0035 R2 0.7788±0.0014
