2026-09-14 22:11:28 | Device: cuda
2026-09-14 22:11:28 | Args: {'model': 'opb-fixed-frame', 'backbone': 'gnn', 'task': 'cora', 'epochs': 100, 'batch_size': 512, 'lr': 0.01, 'hidden_dims': [512, 256], 'dropout': 0.2, 'z_dim': 256, 'anchor_scale': 2.0, 'energy_classifier': False, 'tied_head': False, 'max_len': 250, 'random_labels': False, 'beta': 1.0, 'patience': 10, 'runs': 5, 'seed': 0, 'data_dir': './data', 'save_path': 'output/cora_gnn_opb-fixed-frame/cora_gnn_opb-fixed-frame.pt', 'log_path': '/root/autodl-tmp/IB/output/ablation/cora_gnn_opb-fixed-frame_beta_1_anchor_2/train.log', 'no_save': True}
2026-09-14 22:11:30 | Cora 划分（60/20/20 分层）：train 1624 / val 542 / test 542（共 2708 节点，7 类）
2026-09-14 22:11:30 | ===== Run 1/5 (seed 0) =====
2026-09-14 22:11:31 | Epoch   1/100 | Train Loss 5.4843 Acc 0.1379 | Val Loss 3.8079 Acc 0.3026 AUC 0.9204 Pre 0.0432 Rec 0.1429
2026-09-14 22:11:31 |   Val AUC improved to 0.9204, model saved
2026-09-14 22:11:31 | Epoch   2/100 | Train Loss 5.2125 Acc 0.1459 | Val Loss 5.5025 Acc 0.3026 AUC 0.8929 Pre 0.0432 Rec 0.1429
2026-09-14 22:11:31 | Epoch   3/100 | Train Loss 6.7928 Acc 0.1638 | Val Loss 3.5637 Acc 0.3026 AUC 0.9230 Pre 0.0432 Rec 0.1429
2026-09-14 22:11:31 |   Val AUC improved to 0.9230, model saved
2026-09-14 22:11:31 | Epoch   4/100 | Train Loss 4.8148 Acc 0.1435 | Val Loss 3.7557 Acc 0.3506 AUC 0.9310 Pre 0.1883 Rec 0.1871
2026-09-14 22:11:31 |   Val AUC improved to 0.9310, model saved
2026-09-14 22:11:31 | Epoch   5/100 | Train Loss 4.9753 Acc 0.1675 | Val Loss 3.8061 Acc 0.4686 AUC 0.9290 Pre 0.3263 Rec 0.3136
2026-09-14 22:11:31 | Epoch   6/100 | Train Loss 5.0797 Acc 0.1558 | Val Loss 3.7787 Acc 0.5387 AUC 0.9221 Pre 0.2698 Rec 0.3954
2026-09-14 22:11:31 | Epoch   7/100 | Train Loss 5.0934 Acc 0.1398 | Val Loss 3.7160 Acc 0.5498 AUC 0.9143 Pre 0.2591 Rec 0.4107
2026-09-14 22:11:31 | Epoch   8/100 | Train Loss 4.9269 Acc 0.1656 | Val Loss 3.6107 Acc 0.5535 AUC 0.9086 Pre 0.3869 Rec 0.4134
2026-09-14 22:11:31 | Epoch   9/100 | Train Loss 4.7821 Acc 0.1804 | Val Loss 3.4476 Acc 0.5812 AUC 0.9075 Pre 0.3676 Rec 0.4358
2026-09-14 22:11:31 | Epoch  10/100 | Train Loss 4.6111 Acc 0.1909 | Val Loss 3.2190 Acc 0.5849 AUC 0.9107 Pre 0.3780 Rec 0.4335
2026-09-14 22:11:31 | Epoch  11/100 | Train Loss 4.3283 Acc 0.2063 | Val Loss 2.9548 Acc 0.5904 AUC 0.9257 Pre 0.4077 Rec 0.4358
2026-09-14 22:11:31 | Epoch  12/100 | Train Loss 4.0600 Acc 0.2389 | Val Loss 2.7561 Acc 0.5812 AUC 0.9413 Pre 0.4193 Rec 0.4223
2026-09-14 22:11:31 |   Val AUC improved to 0.9413, model saved
2026-09-14 22:11:31 | Epoch  13/100 | Train Loss 3.7465 Acc 0.3257 | Val Loss 2.7250 Acc 0.5849 AUC 0.9461 Pre 0.4272 Rec 0.4264
2026-09-14 22:11:31 |   Val AUC improved to 0.9461, model saved
2026-09-14 22:11:31 | Epoch  14/100 | Train Loss 3.4827 Acc 0.4119 | Val Loss 2.5872 Acc 0.6107 AUC 0.9522 Pre 0.5514 Rec 0.4581
2026-09-14 22:11:31 |   Val AUC improved to 0.9522, model saved
2026-09-14 22:11:31 | Epoch  15/100 | Train Loss 3.2314 Acc 0.4852 | Val Loss 2.3174 Acc 0.6624 AUC 0.9614 Pre 0.8270 Rec 0.5220
2026-09-14 22:11:31 |   Val AUC improved to 0.9614, model saved
2026-09-14 22:11:31 | Epoch  16/100 | Train Loss 2.9996 Acc 0.5135 | Val Loss 2.0862 Acc 0.6827 AUC 0.9669 Pre 0.8312 Rec 0.5472
2026-09-14 22:11:31 |   Val AUC improved to 0.9669, model saved
2026-09-14 22:11:31 | Epoch  17/100 | Train Loss 2.7958 Acc 0.5166 | Val Loss 1.9211 Acc 0.7048 AUC 0.9676 Pre 0.8423 Rec 0.5771
2026-09-14 22:11:31 |   Val AUC improved to 0.9676, model saved
2026-09-14 22:11:31 | Epoch  18/100 | Train Loss 2.6302 Acc 0.5222 | Val Loss 1.7996 Acc 0.7362 AUC 0.9681 Pre 0.8238 Rec 0.6179
2026-09-14 22:11:31 |   Val AUC improved to 0.9681, model saved
2026-09-14 22:11:31 | Epoch  19/100 | Train Loss 2.4810 Acc 0.5376 | Val Loss 1.7108 Acc 0.7841 AUC 0.9695 Pre 0.8521 Rec 0.6924
2026-09-14 22:11:31 |   Val AUC improved to 0.9695, model saved
2026-09-14 22:11:31 | Epoch  20/100 | Train Loss 2.2790 Acc 0.5782 | Val Loss 1.6221 Acc 0.8192 AUC 0.9706 Pre 0.8483 Rec 0.7413
2026-09-14 22:11:31 |   Val AUC improved to 0.9706, model saved
2026-09-14 22:11:31 | Epoch  21/100 | Train Loss 2.1691 Acc 0.5948 | Val Loss 1.5573 Acc 0.8432 AUC 0.9710 Pre 0.8642 Rec 0.7814
2026-09-14 22:11:31 |   Val AUC improved to 0.9710, model saved
2026-09-14 22:11:31 | Epoch  22/100 | Train Loss 2.0178 Acc 0.6151 | Val Loss 1.5349 Acc 0.8506 AUC 0.9712 Pre 0.8724 Rec 0.7929
2026-09-14 22:11:31 |   Val AUC improved to 0.9712, model saved
2026-09-14 22:11:31 | Epoch  23/100 | Train Loss 2.0196 Acc 0.6336 | Val Loss 1.5113 Acc 0.8487 AUC 0.9712 Pre 0.8712 Rec 0.7965
2026-09-14 22:11:31 |   Val AUC improved to 0.9712, model saved
2026-09-14 22:11:31 | Epoch  24/100 | Train Loss 1.8768 Acc 0.6552 | Val Loss 1.4311 Acc 0.8561 AUC 0.9716 Pre 0.8775 Rec 0.8126
2026-09-14 22:11:31 |   Val AUC improved to 0.9716, model saved
2026-09-14 22:11:31 | Epoch  25/100 | Train Loss 1.7816 Acc 0.6773 | Val Loss 1.3320 Acc 0.8690 AUC 0.9728 Pre 0.8707 Rec 0.8460
2026-09-14 22:11:31 |   Val AUC improved to 0.9728, model saved
2026-09-14 22:11:31 | Epoch  26/100 | Train Loss 1.6619 Acc 0.6792 | Val Loss 1.2804 Acc 0.8690 AUC 0.9740 Pre 0.8642 Rec 0.8505
2026-09-14 22:11:31 |   Val AUC improved to 0.9740, model saved
2026-09-14 22:11:31 | Epoch  27/100 | Train Loss 1.6043 Acc 0.6730 | Val Loss 1.2596 Acc 0.8690 AUC 0.9751 Pre 0.8583 Rec 0.8509
2026-09-14 22:11:31 |   Val AUC improved to 0.9751, model saved
2026-09-14 22:11:31 | Epoch  28/100 | Train Loss 1.5253 Acc 0.7038 | Val Loss 1.2295 Acc 0.8672 AUC 0.9755 Pre 0.8526 Rec 0.8524
2026-09-14 22:11:31 |   Val AUC improved to 0.9755, model saved
2026-09-14 22:11:31 | Epoch  29/100 | Train Loss 1.4495 Acc 0.6983 | Val Loss 1.2112 Acc 0.8635 AUC 0.9755 Pre 0.8476 Rec 0.8495
2026-09-14 22:11:31 | Epoch  30/100 | Train Loss 1.3690 Acc 0.7266 | Val Loss 1.2190 Acc 0.8672 AUC 0.9747 Pre 0.8523 Rec 0.8544
2026-09-14 22:11:31 | Epoch  31/100 | Train Loss 1.3908 Acc 0.7328 | Val Loss 1.2509 Acc 0.8764 AUC 0.9739 Pre 0.8683 Rec 0.8646
2026-09-14 22:11:31 | Epoch  32/100 | Train Loss 1.3340 Acc 0.7568 | Val Loss 1.2695 Acc 0.8727 AUC 0.9729 Pre 0.8611 Rec 0.8618
2026-09-14 22:11:31 | Epoch  33/100 | Train Loss 1.3774 Acc 0.7518 | Val Loss 1.2798 Acc 0.8672 AUC 0.9719 Pre 0.8540 Rec 0.8549
2026-09-14 22:11:31 | Epoch  34/100 | Train Loss 1.3051 Acc 0.7672 | Val Loss 1.2853 Acc 0.8708 AUC 0.9711 Pre 0.8567 Rec 0.8598
2026-09-14 22:11:31 | Epoch  35/100 | Train Loss 1.2386 Acc 0.7783 | Val Loss 1.2793 Acc 0.8727 AUC 0.9701 Pre 0.8563 Rec 0.8585
2026-09-14 22:11:31 | Epoch  36/100 | Train Loss 1.1960 Acc 0.7956 | Val Loss 1.2771 Acc 0.8672 AUC 0.9687 Pre 0.8512 Rec 0.8512
2026-09-14 22:11:31 | Epoch  37/100 | Train Loss 1.2134 Acc 0.7697 | Val Loss 1.2755 Acc 0.8616 AUC 0.9672 Pre 0.8465 Rec 0.8445
2026-09-14 22:11:31 | Epoch  38/100 | Train Loss 1.1836 Acc 0.7746 | Val Loss 1.2722 Acc 0.8616 AUC 0.9658 Pre 0.8465 Rec 0.8425
2026-09-14 22:11:31 | Val AUC did not improve for 10 consecutive epochs, early stopping at Epoch 38 (best AUC 0.9755 @ Epoch 28)
2026-09-14 22:11:31 | Run 1/5 | Test (best model @ Epoch 28) | Loss 1.2181 Acc 0.8875 AUC 0.9783 Pre 0.8791 Rec 0.8834
2026-09-14 22:11:31 | ===== Run 2/5 (seed 1) =====
2026-09-14 22:11:31 | Epoch   1/100 | Train Loss 5.4923 Acc 0.1398 | Val Loss 3.7661 Acc 0.3026 AUC 0.9100 Pre 0.0432 Rec 0.1429
2026-09-14 22:11:31 |   Val AUC improved to 0.9100, model saved
2026-09-14 22:11:31 | Epoch   2/100 | Train Loss 5.0715 Acc 0.1484 | Val Loss 5.5883 Acc 0.3026 AUC 0.8761 Pre 0.0432 Rec 0.1429
2026-09-14 22:11:31 | Epoch   3/100 | Train Loss 6.9277 Acc 0.1607 | Val Loss 3.5498 Acc 0.3026 AUC 0.9216 Pre 0.0432 Rec 0.1429
2026-09-14 22:11:31 |   Val AUC improved to 0.9216, model saved
2026-09-14 22:11:31 | Epoch   4/100 | Train Loss 4.8101 Acc 0.1681 | Val Loss 3.7234 Acc 0.3561 AUC 0.9465 Pre 0.1885 Rec 0.1922
2026-09-14 22:11:31 |   Val AUC improved to 0.9465, model saved
2026-09-14 22:11:31 | Epoch   5/100 | Train Loss 4.9878 Acc 0.1385 | Val Loss 3.7748 Acc 0.4410 AUC 0.9580 Pre 0.1663 Rec 0.2704
2026-09-14 22:11:31 |   Val AUC improved to 0.9580, model saved
2026-09-14 22:11:31 | Epoch   6/100 | Train Loss 5.0776 Acc 0.1558 | Val Loss 3.7551 Acc 0.4613 AUC 0.9612 Pre 0.4130 Rec 0.2918
2026-09-14 22:11:31 |   Val AUC improved to 0.9612, model saved
2026-09-14 22:11:31 | Epoch   7/100 | Train Loss 4.9322 Acc 0.1619 | Val Loss 3.7004 Acc 0.4742 AUC 0.9587 Pre 0.4222 Rec 0.3131
2026-09-14 22:11:31 | Epoch   8/100 | Train Loss 4.8403 Acc 0.1669 | Val Loss 3.6055 Acc 0.4889 AUC 0.9528 Pre 0.5628 Rec 0.3331
2026-09-14 22:11:31 | Epoch   9/100 | Train Loss 4.8518 Acc 0.1724 | Val Loss 3.4591 Acc 0.5240 AUC 0.9474 Pre 0.5687 Rec 0.3703
2026-09-14 22:11:31 | Epoch  10/100 | Train Loss 4.6290 Acc 0.1860 | Val Loss 3.2540 Acc 0.5923 AUC 0.9468 Pre 0.5847 Rec 0.4384
2026-09-14 22:11:31 | Epoch  11/100 | Train Loss 4.4465 Acc 0.1940 | Val Loss 2.9903 Acc 0.6328 AUC 0.9485 Pre 0.5610 Rec 0.4787
2026-09-14 22:11:31 | Epoch  12/100 | Train Loss 4.0726 Acc 0.2371 | Val Loss 2.7054 Acc 0.6587 AUC 0.9504 Pre 0.5622 Rec 0.4994
2026-09-14 22:11:31 | Epoch  13/100 | Train Loss 3.5984 Acc 0.3282 | Val Loss 2.6060 Acc 0.6494 AUC 0.9503 Pre 0.5405 Rec 0.4909
2026-09-14 22:11:31 | Epoch  14/100 | Train Loss 3.4217 Acc 0.4132 | Val Loss 2.5398 Acc 0.6642 AUC 0.9524 Pre 0.5056 Rec 0.5103
2026-09-14 22:11:31 | Epoch  15/100 | Train Loss 3.2212 Acc 0.4674 | Val Loss 2.3741 Acc 0.7066 AUC 0.9590 Pre 0.6490 Rec 0.5657
2026-09-14 22:11:31 | Epoch  16/100 | Train Loss 2.9787 Acc 0.5314 | Val Loss 2.0847 Acc 0.7417 AUC 0.9648 Pre 0.6671 Rec 0.6112
2026-09-14 22:11:31 |   Val AUC improved to 0.9648, model saved
2026-09-14 22:11:31 | Epoch  17/100 | Train Loss 2.6981 Acc 0.5573 | Val Loss 1.9211 Acc 0.7601 AUC 0.9670 Pre 0.6786 Rec 0.6402
2026-09-14 22:11:31 |   Val AUC improved to 0.9670, model saved
2026-09-14 22:11:31 | Epoch  18/100 | Train Loss 2.5796 Acc 0.5560 | Val Loss 1.7591 Acc 0.7601 AUC 0.9668 Pre 0.6792 Rec 0.6441
2026-09-14 22:11:31 | Epoch  19/100 | Train Loss 2.3973 Acc 0.5708 | Val Loss 1.6623 Acc 0.7712 AUC 0.9674 Pre 0.8277 Rec 0.6585
2026-09-14 22:11:31 |   Val AUC improved to 0.9674, model saved
2026-09-14 22:11:31 | Epoch  20/100 | Train Loss 2.2998 Acc 0.5696 | Val Loss 1.5817 Acc 0.7989 AUC 0.9689 Pre 0.8328 Rec 0.7027
2026-09-14 22:11:31 |   Val AUC improved to 0.9689, model saved
2026-09-14 22:11:31 | Epoch  21/100 | Train Loss 2.0818 Acc 0.6219 | Val Loss 1.5263 Acc 0.8376 AUC 0.9707 Pre 0.8616 Rec 0.7689
2026-09-14 22:11:31 |   Val AUC improved to 0.9707, model saved
2026-09-14 22:11:31 | Epoch  22/100 | Train Loss 2.0163 Acc 0.6287 | Val Loss 1.4996 Acc 0.8542 AUC 0.9720 Pre 0.8776 Rec 0.7982
2026-09-14 22:11:31 |   Val AUC improved to 0.9720, model saved
2026-09-14 22:11:31 | Epoch  23/100 | Train Loss 1.9705 Acc 0.6330 | Val Loss 1.4503 Acc 0.8598 AUC 0.9727 Pre 0.8832 Rec 0.8070
2026-09-14 22:11:31 |   Val AUC improved to 0.9727, model saved
2026-09-14 22:11:31 | Epoch  24/100 | Train Loss 1.8315 Acc 0.6656 | Val Loss 1.3813 Acc 0.8616 AUC 0.9734 Pre 0.8856 Rec 0.8164
2026-09-14 22:11:31 |   Val AUC improved to 0.9734, model saved
2026-09-14 22:11:31 | Epoch  25/100 | Train Loss 1.7324 Acc 0.6712 | Val Loss 1.3165 Acc 0.8653 AUC 0.9742 Pre 0.8743 Rec 0.8323
2026-09-14 22:11:31 |   Val AUC improved to 0.9742, model saved
2026-09-14 22:11:31 | Epoch  26/100 | Train Loss 1.6065 Acc 0.6792 | Val Loss 1.2699 Acc 0.8672 AUC 0.9750 Pre 0.8631 Rec 0.8479
2026-09-14 22:11:31 |   Val AUC improved to 0.9750, model saved
2026-09-14 22:11:31 | Epoch  27/100 | Train Loss 1.5892 Acc 0.6687 | Val Loss 1.2422 Acc 0.8690 AUC 0.9757 Pre 0.8601 Rec 0.8507
2026-09-14 22:11:31 |   Val AUC improved to 0.9757, model saved
2026-09-14 22:11:31 | Epoch  28/100 | Train Loss 1.5178 Acc 0.6897 | Val Loss 1.2128 Acc 0.8782 AUC 0.9765 Pre 0.8658 Rec 0.8613
2026-09-14 22:11:31 |   Val AUC improved to 0.9765, model saved
2026-09-14 22:11:31 | Epoch  29/100 | Train Loss 1.5238 Acc 0.6866 | Val Loss 1.1976 Acc 0.8764 AUC 0.9769 Pre 0.8629 Rec 0.8596
2026-09-14 22:11:31 |   Val AUC improved to 0.9769, model saved
2026-09-14 22:11:31 | Epoch  30/100 | Train Loss 1.3987 Acc 0.7235 | Val Loss 1.2118 Acc 0.8745 AUC 0.9762 Pre 0.8598 Rec 0.8571
2026-09-14 22:11:31 | Epoch  31/100 | Train Loss 1.3563 Acc 0.7518 | Val Loss 1.2443 Acc 0.8764 AUC 0.9755 Pre 0.8598 Rec 0.8588
2026-09-14 22:11:31 | Epoch  32/100 | Train Loss 1.3248 Acc 0.7580 | Val Loss 1.2475 Acc 0.8745 AUC 0.9746 Pre 0.8576 Rec 0.8591
2026-09-14 22:11:31 | Epoch  33/100 | Train Loss 1.2882 Acc 0.7845 | Val Loss 1.2496 Acc 0.8708 AUC 0.9736 Pre 0.8549 Rec 0.8546
2026-09-14 22:11:31 | Epoch  34/100 | Train Loss 1.2710 Acc 0.7771 | Val Loss 1.2531 Acc 0.8690 AUC 0.9724 Pre 0.8518 Rec 0.8537
2026-09-14 22:11:31 | Epoch  35/100 | Train Loss 1.2392 Acc 0.7900 | Val Loss 1.2483 Acc 0.8708 AUC 0.9710 Pre 0.8534 Rec 0.8546
2026-09-14 22:11:31 | Epoch  36/100 | Train Loss 1.1964 Acc 0.7802 | Val Loss 1.2393 Acc 0.8708 AUC 0.9696 Pre 0.8562 Rec 0.8536
2026-09-14 22:11:31 | Epoch  37/100 | Train Loss 1.1681 Acc 0.7783 | Val Loss 1.2396 Acc 0.8708 AUC 0.9679 Pre 0.8568 Rec 0.8528
2026-09-14 22:11:31 | Epoch  38/100 | Train Loss 1.1675 Acc 0.7648 | Val Loss 1.2461 Acc 0.8672 AUC 0.9662 Pre 0.8553 Rec 0.8466
2026-09-14 22:11:31 | Epoch  39/100 | Train Loss 1.1539 Acc 0.7759 | Val Loss 1.2621 Acc 0.8672 AUC 0.9647 Pre 0.8563 Rec 0.8442
2026-09-14 22:11:31 | Val AUC did not improve for 10 consecutive epochs, early stopping at Epoch 39 (best AUC 0.9769 @ Epoch 29)
2026-09-14 22:11:31 | Run 2/5 | Test (best model @ Epoch 29) | Loss 1.2157 Acc 0.8838 AUC 0.9772 Pre 0.8762 Rec 0.8809
2026-09-14 22:11:31 | ===== Run 3/5 (seed 2) =====
2026-09-14 22:11:32 | Epoch   1/100 | Train Loss 5.3364 Acc 0.1527 | Val Loss 3.7133 Acc 0.3026 AUC 0.9078 Pre 0.0432 Rec 0.1429
2026-09-14 22:11:32 |   Val AUC improved to 0.9078, model saved
2026-09-14 22:11:32 | Epoch   2/100 | Train Loss 4.9725 Acc 0.1669 | Val Loss 5.7753 Acc 0.3026 AUC 0.8841 Pre 0.0432 Rec 0.1429
2026-09-14 22:11:32 | Epoch   3/100 | Train Loss 7.0404 Acc 0.1884 | Val Loss 3.5323 Acc 0.3026 AUC 0.9344 Pre 0.0432 Rec 0.1429
2026-09-14 22:11:32 |   Val AUC improved to 0.9344, model saved
2026-09-14 22:11:32 | Epoch   4/100 | Train Loss 4.7114 Acc 0.1780 | Val Loss 3.6943 Acc 0.3044 AUC 0.9551 Pre 0.1862 Rec 0.1446
2026-09-14 22:11:32 |   Val AUC improved to 0.9551, model saved
2026-09-14 22:11:32 | Epoch   5/100 | Train Loss 4.9680 Acc 0.1632 | Val Loss 3.7492 Acc 0.4723 AUC 0.9624 Pre 0.3260 Rec 0.3136
2026-09-14 22:11:32 |   Val AUC improved to 0.9624, model saved
2026-09-14 22:11:32 | Epoch   6/100 | Train Loss 4.9531 Acc 0.1663 | Val Loss 3.7440 Acc 0.5498 AUC 0.9612 Pre 0.4573 Rec 0.3998
2026-09-14 22:11:32 | Epoch   7/100 | Train Loss 5.0186 Acc 0.1515 | Val Loss 3.7048 Acc 0.5959 AUC 0.9565 Pre 0.5349 Rec 0.4518
2026-09-14 22:11:32 | Epoch   8/100 | Train Loss 5.0463 Acc 0.1539 | Val Loss 3.6296 Acc 0.6273 AUC 0.9537 Pre 0.5216 Rec 0.4885
2026-09-14 22:11:32 | Epoch   9/100 | Train Loss 4.9220 Acc 0.1589 | Val Loss 3.5124 Acc 0.6550 AUC 0.9544 Pre 0.5299 Rec 0.5224
2026-09-14 22:11:32 | Epoch  10/100 | Train Loss 4.6998 Acc 0.1700 | Val Loss 3.3460 Acc 0.6679 AUC 0.9558 Pre 0.6836 Rec 0.5388
2026-09-14 22:11:32 | Epoch  11/100 | Train Loss 4.5184 Acc 0.1878 | Val Loss 3.1144 Acc 0.6790 AUC 0.9581 Pre 0.6899 Rec 0.5511
2026-09-14 22:11:32 | Epoch  12/100 | Train Loss 4.2123 Acc 0.2217 | Val Loss 2.8066 Acc 0.6882 AUC 0.9604 Pre 0.6765 Rec 0.5664
2026-09-14 22:11:32 | Epoch  13/100 | Train Loss 3.8477 Acc 0.2605 | Val Loss 2.5479 Acc 0.6993 AUC 0.9617 Pre 0.6774 Rec 0.5730
2026-09-14 22:11:32 | Epoch  14/100 | Train Loss 3.3379 Acc 0.3615 | Val Loss 2.4766 Acc 0.7066 AUC 0.9638 Pre 0.6821 Rec 0.5772
2026-09-14 22:11:32 |   Val AUC improved to 0.9638, model saved
2026-09-14 22:11:32 | Epoch  15/100 | Train Loss 3.2498 Acc 0.4335 | Val Loss 2.3104 Acc 0.7196 AUC 0.9663 Pre 0.6788 Rec 0.5932
2026-09-14 22:11:32 |   Val AUC improved to 0.9663, model saved
2026-09-14 22:11:32 | Epoch  16/100 | Train Loss 2.9085 Acc 0.5154 | Val Loss 2.2354 Acc 0.7325 AUC 0.9673 Pre 0.6771 Rec 0.6098
2026-09-14 22:11:32 |   Val AUC improved to 0.9673, model saved
2026-09-14 22:11:32 | Epoch  17/100 | Train Loss 2.7953 Acc 0.5825 | Val Loss 2.1339 Acc 0.7472 AUC 0.9673 Pre 0.6709 Rec 0.6263
2026-09-14 22:11:32 | Epoch  18/100 | Train Loss 2.6465 Acc 0.6078 | Val Loss 1.8960 Acc 0.7731 AUC 0.9679 Pre 0.6790 Rec 0.6689
2026-09-14 22:11:32 |   Val AUC improved to 0.9679, model saved
2026-09-14 22:11:32 | Epoch  19/100 | Train Loss 2.4179 Acc 0.6115 | Val Loss 1.7314 Acc 0.7989 AUC 0.9689 Pre 0.6946 Rec 0.7087
2026-09-14 22:11:32 |   Val AUC improved to 0.9689, model saved
2026-09-14 22:11:32 | Epoch  20/100 | Train Loss 2.2192 Acc 0.6447 | Val Loss 1.5815 Acc 0.7989 AUC 0.9696 Pre 0.8433 Rec 0.7133
2026-09-14 22:11:32 |   Val AUC improved to 0.9696, model saved
2026-09-14 22:11:32 | Epoch  21/100 | Train Loss 2.0285 Acc 0.6484 | Val Loss 1.5105 Acc 0.8007 AUC 0.9697 Pre 0.8491 Rec 0.7145
2026-09-14 22:11:32 |   Val AUC improved to 0.9697, model saved
2026-09-14 22:11:32 | Epoch  22/100 | Train Loss 1.9682 Acc 0.6392 | Val Loss 1.4633 Acc 0.8192 AUC 0.9698 Pre 0.8632 Rec 0.7414
2026-09-14 22:11:32 |   Val AUC improved to 0.9698, model saved
2026-09-14 22:11:32 | Epoch  23/100 | Train Loss 1.9642 Acc 0.6385 | Val Loss 1.4319 Acc 0.8266 AUC 0.9698 Pre 0.8721 Rec 0.7520
2026-09-14 22:11:32 | Epoch  24/100 | Train Loss 1.8121 Acc 0.6459 | Val Loss 1.4201 Acc 0.8247 AUC 0.9698 Pre 0.8545 Rec 0.7485
2026-09-14 22:11:32 | Epoch  25/100 | Train Loss 1.8176 Acc 0.6416 | Val Loss 1.3850 Acc 0.8376 AUC 0.9707 Pre 0.8567 Rec 0.7737
2026-09-14 22:11:32 |   Val AUC improved to 0.9707, model saved
2026-09-14 22:11:32 | Epoch  26/100 | Train Loss 1.7923 Acc 0.6687 | Val Loss 1.3300 Acc 0.8450 AUC 0.9714 Pre 0.8608 Rec 0.7908
2026-09-14 22:11:32 |   Val AUC improved to 0.9714, model saved
2026-09-14 22:11:32 | Epoch  27/100 | Train Loss 1.6686 Acc 0.6589 | Val Loss 1.2859 Acc 0.8561 AUC 0.9721 Pre 0.8560 Rec 0.8109
2026-09-14 22:11:32 |   Val AUC improved to 0.9721, model saved
2026-09-14 22:11:32 | Epoch  28/100 | Train Loss 1.6423 Acc 0.6570 | Val Loss 1.2606 Acc 0.8635 AUC 0.9723 Pre 0.8623 Rec 0.8225
2026-09-14 22:11:32 |   Val AUC improved to 0.9723, model saved
2026-09-14 22:11:32 | Epoch  29/100 | Train Loss 1.5195 Acc 0.6792 | Val Loss 1.2419 Acc 0.8708 AUC 0.9723 Pre 0.8668 Rec 0.8361
2026-09-14 22:11:32 | Epoch  30/100 | Train Loss 1.4940 Acc 0.6878 | Val Loss 1.2201 Acc 0.8690 AUC 0.9724 Pre 0.8622 Rec 0.8381
2026-09-14 22:11:32 |   Val AUC improved to 0.9724, model saved
2026-09-14 22:11:32 | Epoch  31/100 | Train Loss 1.3970 Acc 0.7180 | Val Loss 1.2197 Acc 0.8819 AUC 0.9726 Pre 0.8733 Rec 0.8578
2026-09-14 22:11:32 |   Val AUC improved to 0.9726, model saved
2026-09-14 22:11:32 | Epoch  32/100 | Train Loss 1.3607 Acc 0.7303 | Val Loss 1.2358 Acc 0.8782 AUC 0.9725 Pre 0.8663 Rec 0.8544
2026-09-14 22:11:32 | Epoch  33/100 | Train Loss 1.3126 Acc 0.7469 | Val Loss 1.2570 Acc 0.8782 AUC 0.9720 Pre 0.8666 Rec 0.8538
2026-09-14 22:11:32 | Epoch  34/100 | Train Loss 1.2545 Acc 0.7728 | Val Loss 1.2626 Acc 0.8782 AUC 0.9714 Pre 0.8674 Rec 0.8585
2026-09-14 22:11:32 | Epoch  35/100 | Train Loss 1.2082 Acc 0.7913 | Val Loss 1.2698 Acc 0.8801 AUC 0.9704 Pre 0.8669 Rec 0.8650
2026-09-14 22:11:32 | Epoch  36/100 | Train Loss 1.2087 Acc 0.7943 | Val Loss 1.2681 Acc 0.8782 AUC 0.9695 Pre 0.8632 Rec 0.8610
2026-09-14 22:11:32 | Epoch  37/100 | Train Loss 1.2155 Acc 0.7679 | Val Loss 1.2662 Acc 0.8745 AUC 0.9684 Pre 0.8586 Rec 0.8568
2026-09-14 22:11:32 | Epoch  38/100 | Train Loss 1.1639 Acc 0.7919 | Val Loss 1.2589 Acc 0.8764 AUC 0.9676 Pre 0.8606 Rec 0.8580
2026-09-14 22:11:32 | Epoch  39/100 | Train Loss 1.1428 Acc 0.7943 | Val Loss 1.2555 Acc 0.8745 AUC 0.9666 Pre 0.8604 Rec 0.8551
2026-09-14 22:11:32 | Epoch  40/100 | Train Loss 1.1540 Acc 0.7826 | Val Loss 1.2515 Acc 0.8745 AUC 0.9654 Pre 0.8637 Rec 0.8543
2026-09-14 22:11:32 | Epoch  41/100 | Train Loss 1.1361 Acc 0.7740 | Val Loss 1.2544 Acc 0.8708 AUC 0.9643 Pre 0.8603 Rec 0.8493
2026-09-14 22:11:32 | Val AUC did not improve for 10 consecutive epochs, early stopping at Epoch 41 (best AUC 0.9726 @ Epoch 31)
2026-09-14 22:11:32 | Run 3/5 | Test (best model @ Epoch 31) | Loss 1.2222 Acc 0.8727 AUC 0.9754 Pre 0.8629 Rec 0.8601
2026-09-14 22:11:32 | ===== Run 4/5 (seed 3) =====
2026-09-14 22:11:32 | Epoch   1/100 | Train Loss 5.4093 Acc 0.1416 | Val Loss 3.7855 Acc 0.3376 AUC 0.9234 Pre 0.1806 Rec 0.1752
2026-09-14 22:11:32 |   Val AUC improved to 0.9234, model saved
2026-09-14 22:11:32 | Epoch   2/100 | Train Loss 5.1150 Acc 0.1570 | Val Loss 5.6347 Acc 0.3026 AUC 0.8895 Pre 0.0432 Rec 0.1429
2026-09-14 22:11:32 | Epoch   3/100 | Train Loss 6.9530 Acc 0.1681 | Val Loss 3.5589 Acc 0.3026 AUC 0.9302 Pre 0.0432 Rec 0.1429
2026-09-14 22:11:32 |   Val AUC improved to 0.9302, model saved
2026-09-14 22:11:32 | Epoch   4/100 | Train Loss 4.7003 Acc 0.1712 | Val Loss 3.7396 Acc 0.4668 AUC 0.9452 Pre 0.3260 Rec 0.2945
2026-09-14 22:11:32 |   Val AUC improved to 0.9452, model saved
2026-09-14 22:11:32 | Epoch   5/100 | Train Loss 5.0129 Acc 0.1650 | Val Loss 3.7942 Acc 0.5627 AUC 0.9504 Pre 0.2575 Rec 0.3864
2026-09-14 22:11:32 |   Val AUC improved to 0.9504, model saved
2026-09-14 22:11:32 | Epoch   6/100 | Train Loss 5.0634 Acc 0.1509 | Val Loss 3.7767 Acc 0.5332 AUC 0.9531 Pre 0.5601 Rec 0.3814
2026-09-14 22:11:32 |   Val AUC improved to 0.9531, model saved
2026-09-14 22:11:32 | Epoch   7/100 | Train Loss 4.9593 Acc 0.1626 | Val Loss 3.7233 Acc 0.5148 AUC 0.9557 Pre 0.5398 Rec 0.3789
2026-09-14 22:11:32 |   Val AUC improved to 0.9557, model saved
2026-09-14 22:11:32 | Epoch   8/100 | Train Loss 5.0345 Acc 0.1453 | Val Loss 3.6300 Acc 0.5387 AUC 0.9578 Pre 0.5500 Rec 0.4123
2026-09-14 22:11:32 |   Val AUC improved to 0.9578, model saved
2026-09-14 22:11:32 | Epoch   9/100 | Train Loss 4.8299 Acc 0.1853 | Val Loss 3.4870 Acc 0.5849 AUC 0.9601 Pre 0.6971 Rec 0.4525
2026-09-14 22:11:32 |   Val AUC improved to 0.9601, model saved
2026-09-14 22:11:32 | Epoch  10/100 | Train Loss 4.7134 Acc 0.1736 | Val Loss 3.2852 Acc 0.6162 AUC 0.9610 Pre 0.6528 Rec 0.4771
2026-09-14 22:11:32 |   Val AUC improved to 0.9610, model saved
2026-09-14 22:11:32 | Epoch  11/100 | Train Loss 4.4459 Acc 0.1933 | Val Loss 3.0192 Acc 0.6550 AUC 0.9602 Pre 0.6507 Rec 0.5140
2026-09-14 22:11:32 | Epoch  12/100 | Train Loss 4.0280 Acc 0.2383 | Val Loss 2.7478 Acc 0.6328 AUC 0.9565 Pre 0.6026 Rec 0.4795
2026-09-14 22:11:32 | Epoch  13/100 | Train Loss 3.6741 Acc 0.3005 | Val Loss 2.6876 Acc 0.6273 AUC 0.9520 Pre 0.6045 Rec 0.4713
2026-09-14 22:11:32 | Epoch  14/100 | Train Loss 3.3689 Acc 0.3966 | Val Loss 2.5183 Acc 0.6845 AUC 0.9520 Pre 0.7888 Rec 0.5491
2026-09-14 22:11:32 | Epoch  15/100 | Train Loss 3.2294 Acc 0.4594 | Val Loss 2.3916 Acc 0.7417 AUC 0.9568 Pre 0.8158 Rec 0.6408
2026-09-14 22:11:32 | Epoch  16/100 | Train Loss 3.1016 Acc 0.5000 | Val Loss 2.1828 Acc 0.7897 AUC 0.9612 Pre 0.8440 Rec 0.7048
2026-09-14 22:11:32 |   Val AUC improved to 0.9612, model saved
2026-09-14 22:11:32 | Epoch  17/100 | Train Loss 2.8224 Acc 0.5659 | Val Loss 1.9750 Acc 0.8229 AUC 0.9650 Pre 0.8372 Rec 0.7648
2026-09-14 22:11:32 |   Val AUC improved to 0.9650, model saved
2026-09-14 22:11:32 | Epoch  18/100 | Train Loss 2.5941 Acc 0.5579 | Val Loss 1.8336 Acc 0.8579 AUC 0.9675 Pre 0.8494 Rec 0.8150
2026-09-14 22:11:32 |   Val AUC improved to 0.9675, model saved
2026-09-14 22:11:32 | Epoch  19/100 | Train Loss 2.4920 Acc 0.5480 | Val Loss 1.7239 Acc 0.8542 AUC 0.9687 Pre 0.8687 Rec 0.7997
2026-09-14 22:11:32 |   Val AUC improved to 0.9687, model saved
2026-09-14 22:11:32 | Epoch  20/100 | Train Loss 2.3359 Acc 0.5647 | Val Loss 1.6467 Acc 0.8395 AUC 0.9697 Pre 0.8583 Rec 0.7734
2026-09-14 22:11:32 |   Val AUC improved to 0.9697, model saved
2026-09-14 22:11:32 | Epoch  21/100 | Train Loss 2.2628 Acc 0.5634 | Val Loss 1.5460 Acc 0.8376 AUC 0.9706 Pre 0.8585 Rec 0.7672
2026-09-14 22:11:32 |   Val AUC improved to 0.9706, model saved
2026-09-14 22:11:32 | Epoch  22/100 | Train Loss 2.0813 Acc 0.5967 | Val Loss 1.4896 Acc 0.8321 AUC 0.9714 Pre 0.8515 Rec 0.7585
2026-09-14 22:11:32 |   Val AUC improved to 0.9714, model saved
2026-09-14 22:11:32 | Epoch  23/100 | Train Loss 1.9711 Acc 0.6139 | Val Loss 1.4565 Acc 0.8339 AUC 0.9719 Pre 0.8540 Rec 0.7614
2026-09-14 22:11:32 |   Val AUC improved to 0.9719, model saved
2026-09-14 22:11:32 | Epoch  24/100 | Train Loss 1.8940 Acc 0.6546 | Val Loss 1.3974 Acc 0.8450 AUC 0.9719 Pre 0.8613 Rec 0.7807
2026-09-14 22:11:32 |   Val AUC improved to 0.9719, model saved
2026-09-14 22:11:32 | Epoch  25/100 | Train Loss 1.7240 Acc 0.6817 | Val Loss 1.3484 Acc 0.8506 AUC 0.9720 Pre 0.8613 Rec 0.7995
2026-09-14 22:11:32 |   Val AUC improved to 0.9720, model saved
2026-09-14 22:11:32 | Epoch  26/100 | Train Loss 1.6632 Acc 0.6693 | Val Loss 1.3103 Acc 0.8579 AUC 0.9729 Pre 0.8668 Rec 0.8191
2026-09-14 22:11:32 |   Val AUC improved to 0.9729, model saved
2026-09-14 22:11:32 | Epoch  27/100 | Train Loss 1.5763 Acc 0.6847 | Val Loss 1.2586 Acc 0.8727 AUC 0.9741 Pre 0.8706 Rec 0.8490
2026-09-14 22:11:32 |   Val AUC improved to 0.9741, model saved
2026-09-14 22:11:33 | Epoch  28/100 | Train Loss 1.5093 Acc 0.6946 | Val Loss 1.2226 Acc 0.8764 AUC 0.9751 Pre 0.8617 Rec 0.8574
2026-09-14 22:11:33 |   Val AUC improved to 0.9751, model saved
2026-09-14 22:11:33 | Epoch  29/100 | Train Loss 1.4571 Acc 0.7081 | Val Loss 1.2268 Acc 0.8708 AUC 0.9755 Pre 0.8492 Rec 0.8560
2026-09-14 22:11:33 |   Val AUC improved to 0.9755, model saved
2026-09-14 22:11:33 | Epoch  30/100 | Train Loss 1.4358 Acc 0.7143 | Val Loss 1.2448 Acc 0.8708 AUC 0.9750 Pre 0.8507 Rec 0.8566
2026-09-14 22:11:33 | Epoch  31/100 | Train Loss 1.3609 Acc 0.7488 | Val Loss 1.2530 Acc 0.8727 AUC 0.9744 Pre 0.8526 Rec 0.8563
2026-09-14 22:11:33 | Epoch  32/100 | Train Loss 1.3934 Acc 0.7506 | Val Loss 1.2662 Acc 0.8764 AUC 0.9734 Pre 0.8619 Rec 0.8588
2026-09-14 22:11:33 | Epoch  33/100 | Train Loss 1.3392 Acc 0.7716 | Val Loss 1.2806 Acc 0.8764 AUC 0.9721 Pre 0.8619 Rec 0.8588
2026-09-14 22:11:33 | Epoch  34/100 | Train Loss 1.2971 Acc 0.7783 | Val Loss 1.2773 Acc 0.8764 AUC 0.9708 Pre 0.8638 Rec 0.8552
2026-09-14 22:11:33 | Epoch  35/100 | Train Loss 1.2310 Acc 0.7900 | Val Loss 1.2554 Acc 0.8727 AUC 0.9695 Pre 0.8613 Rec 0.8537
2026-09-14 22:11:33 | Epoch  36/100 | Train Loss 1.2152 Acc 0.7777 | Val Loss 1.2363 Acc 0.8727 AUC 0.9684 Pre 0.8600 Rec 0.8537
2026-09-14 22:11:33 | Epoch  37/100 | Train Loss 1.1438 Acc 0.7962 | Val Loss 1.2276 Acc 0.8727 AUC 0.9675 Pre 0.8589 Rec 0.8537
2026-09-14 22:11:33 | Epoch  38/100 | Train Loss 1.1703 Acc 0.7642 | Val Loss 1.2302 Acc 0.8727 AUC 0.9663 Pre 0.8583 Rec 0.8501
2026-09-14 22:11:33 | Epoch  39/100 | Train Loss 1.1275 Acc 0.7734 | Val Loss 1.2384 Acc 0.8690 AUC 0.9653 Pre 0.8555 Rec 0.8451
2026-09-14 22:11:33 | Val AUC did not improve for 10 consecutive epochs, early stopping at Epoch 39 (best AUC 0.9755 @ Epoch 29)
2026-09-14 22:11:33 | Run 4/5 | Test (best model @ Epoch 29) | Loss 1.2226 Acc 0.8911 AUC 0.9767 Pre 0.8813 Rec 0.8910
2026-09-14 22:11:33 | ===== Run 5/5 (seed 4) =====
2026-09-14 22:11:33 | Epoch   1/100 | Train Loss 5.4847 Acc 0.1305 | Val Loss 3.7297 Acc 0.3026 AUC 0.9128 Pre 0.0432 Rec 0.1429
2026-09-14 22:11:33 |   Val AUC improved to 0.9128, model saved
2026-09-14 22:11:33 | Epoch   2/100 | Train Loss 4.9975 Acc 0.1478 | Val Loss 5.8926 Acc 0.3026 AUC 0.8812 Pre 0.0432 Rec 0.1429
2026-09-14 22:11:33 | Epoch   3/100 | Train Loss 7.2381 Acc 0.1743 | Val Loss 3.5468 Acc 0.3026 AUC 0.9188 Pre 0.0432 Rec 0.1429
2026-09-14 22:11:33 |   Val AUC improved to 0.9188, model saved
2026-09-14 22:11:33 | Epoch   4/100 | Train Loss 4.7293 Acc 0.1656 | Val Loss 3.7202 Acc 0.3155 AUC 0.9463 Pre 0.1866 Rec 0.1548
2026-09-14 22:11:33 |   Val AUC improved to 0.9463, model saved
2026-09-14 22:11:33 | Epoch   5/100 | Train Loss 4.9159 Acc 0.1638 | Val Loss 3.7726 Acc 0.4041 AUC 0.9581 Pre 0.3338 Rec 0.2363
2026-09-14 22:11:33 |   Val AUC improved to 0.9581, model saved
2026-09-14 22:11:33 | Epoch   6/100 | Train Loss 5.0525 Acc 0.1607 | Val Loss 3.7570 Acc 0.4834 AUC 0.9621 Pre 0.3224 Rec 0.3099
2026-09-14 22:11:33 |   Val AUC improved to 0.9621, model saved
2026-09-14 22:11:33 | Epoch   7/100 | Train Loss 4.9441 Acc 0.1638 | Val Loss 3.7066 Acc 0.5240 AUC 0.9606 Pre 0.4555 Rec 0.3489
2026-09-14 22:11:33 | Epoch   8/100 | Train Loss 4.9808 Acc 0.1539 | Val Loss 3.6187 Acc 0.5720 AUC 0.9532 Pre 0.5655 Rec 0.4023
2026-09-14 22:11:33 | Epoch   9/100 | Train Loss 4.8580 Acc 0.1650 | Val Loss 3.4887 Acc 0.5849 AUC 0.9440 Pre 0.5473 Rec 0.4251
2026-09-14 22:11:33 | Epoch  10/100 | Train Loss 4.6517 Acc 0.1755 | Val Loss 3.3178 Acc 0.5314 AUC 0.9356 Pre 0.5267 Rec 0.4046
2026-09-14 22:11:33 | Epoch  11/100 | Train Loss 4.5332 Acc 0.1810 | Val Loss 3.1126 Acc 0.5074 AUC 0.9317 Pre 0.5265 Rec 0.3986
2026-09-14 22:11:33 | Epoch  12/100 | Train Loss 4.2783 Acc 0.2044 | Val Loss 2.8966 Acc 0.5258 AUC 0.9306 Pre 0.5306 Rec 0.4165
2026-09-14 22:11:33 | Epoch  13/100 | Train Loss 3.9034 Acc 0.2642 | Val Loss 2.7349 Acc 0.5590 AUC 0.9341 Pre 0.5359 Rec 0.4466
2026-09-14 22:11:33 | Epoch  14/100 | Train Loss 3.6152 Acc 0.3559 | Val Loss 2.6087 Acc 0.6181 AUC 0.9436 Pre 0.5166 Rec 0.4847
2026-09-14 22:11:33 | Epoch  15/100 | Train Loss 3.3833 Acc 0.4317 | Val Loss 2.4169 Acc 0.6863 AUC 0.9546 Pre 0.5116 Rec 0.5394
2026-09-14 22:11:33 | Epoch  16/100 | Train Loss 3.2112 Acc 0.4594 | Val Loss 2.2743 Acc 0.7048 AUC 0.9598 Pre 0.5133 Rec 0.5593
2026-09-14 22:11:33 | Val AUC did not improve for 10 consecutive epochs, early stopping at Epoch 16 (best AUC 0.9621 @ Epoch 6)
2026-09-14 22:11:33 | Run 5/5 | Test (best model @ Epoch 6) | Loss 3.7478 Acc 0.5037 AUC 0.9596 Pre 0.3330 Rec 0.3284
2026-09-14 22:11:33 | Average over 5 runs | Test Loss 1.7253±1.1306 Acc 0.8077±0.1701 AUC 0.9734±0.0078 Pre 0.7665±0.2424 Rec 0.7688±0.2464
