2026-08-30 02:56:04 | Device: cuda
2026-08-30 02:56:04 | Args: {'model': 'fgib', 'backbone': 'cnn', 'task': 'mnist', 'epochs': 100, 'batch_size': 512, 'lr': 0.001, 'hidden_dims': [512, 256], 'dropout': 0.2, 'z_dim': 256, 'anchor_scale': 4.0, 'max_len': 250, 'random_labels': False, 'beta': 0.001, 'patience': 10, 'runs': 5, 'seed': 0, 'data_dir': './data', 'save_path': 'output/mnist_cnn_fgib/mnist_cnn_fgib.pt', 'log_path': '/root/autodl-tmp/FGIB/tune_results_ablation/hdirect_a48/mnist_cnn_fgib_beta_0.001_anchor_4/train.log', 'no_save': True, 'freeze_a': False, 'a_identity': True, 'cosine_classifier': False, 'log_variance_stats': False, 'subject_disjoint': False}
2026-08-30 02:56:04 | ===== Run 1/5 (seed 0) =====
2026-08-30 02:56:10 | Epoch   1/100 | Train Loss 0.4788 Acc 0.9106 | Val Loss 0.1815 Acc 0.9768 AUC 0.9995 Pre 0.9767 Rec 0.9769
2026-08-30 02:56:10 |   Val AUC improved to 0.9995, model saved
2026-08-30 02:56:13 | Epoch   2/100 | Train Loss 0.1593 Acc 0.9820 | Val Loss 0.1177 Acc 0.9847 AUC 0.9998 Pre 0.9845 Rec 0.9847
2026-08-30 02:56:13 |   Val AUC improved to 0.9998, model saved
2026-08-30 02:56:17 | Epoch   3/100 | Train Loss 0.1126 Acc 0.9884 | Val Loss 0.0941 Acc 0.9879 AUC 0.9999 Pre 0.9880 Rec 0.9878
2026-08-30 02:56:17 |   Val AUC improved to 0.9999, model saved
2026-08-30 02:56:21 | Epoch   4/100 | Train Loss 0.0886 Acc 0.9914 | Val Loss 0.0793 Acc 0.9892 AUC 0.9999 Pre 0.9892 Rec 0.9890
2026-08-30 02:56:21 |   Val AUC improved to 0.9999, model saved
2026-08-30 02:56:25 | Epoch   5/100 | Train Loss 0.0722 Acc 0.9938 | Val Loss 0.0715 Acc 0.9888 AUC 0.9999 Pre 0.9887 Rec 0.9887
2026-08-30 02:56:25 |   Val AUC improved to 0.9999, model saved
2026-08-30 02:56:28 | Epoch   6/100 | Train Loss 0.0615 Acc 0.9955 | Val Loss 0.0653 Acc 0.9901 AUC 0.9999 Pre 0.9900 Rec 0.9900
2026-08-30 02:56:28 |   Val AUC improved to 0.9999, model saved
2026-08-30 02:56:32 | Epoch   7/100 | Train Loss 0.0541 Acc 0.9966 | Val Loss 0.0604 Acc 0.9906 AUC 0.9999 Pre 0.9906 Rec 0.9905
2026-08-30 02:56:32 |   Val AUC improved to 0.9999, model saved
2026-08-30 02:56:36 | Epoch   8/100 | Train Loss 0.0478 Acc 0.9974 | Val Loss 0.0592 Acc 0.9898 AUC 0.9999 Pre 0.9898 Rec 0.9898
2026-08-30 02:56:36 |   Val AUC improved to 0.9999, model saved
2026-08-30 02:56:39 | Epoch   9/100 | Train Loss 0.0426 Acc 0.9983 | Val Loss 0.0545 Acc 0.9911 AUC 0.9999 Pre 0.9912 Rec 0.9910
2026-08-30 02:56:39 |   Val AUC improved to 0.9999, model saved
2026-08-30 02:56:43 | Epoch  10/100 | Train Loss 0.0371 Acc 0.9992 | Val Loss 0.0524 Acc 0.9910 AUC 0.9999 Pre 0.9910 Rec 0.9909
2026-08-30 02:56:47 | Epoch  11/100 | Train Loss 0.0340 Acc 0.9994 | Val Loss 0.0509 Acc 0.9913 AUC 0.9999 Pre 0.9913 Rec 0.9912
2026-08-30 02:56:50 | Epoch  12/100 | Train Loss 0.0314 Acc 0.9995 | Val Loss 0.0490 Acc 0.9915 AUC 0.9999 Pre 0.9915 Rec 0.9914
2026-08-30 02:56:50 |   Val AUC improved to 0.9999, model saved
2026-08-30 02:56:54 | Epoch  13/100 | Train Loss 0.0289 Acc 0.9997 | Val Loss 0.0452 Acc 0.9919 AUC 0.9999 Pre 0.9918 Rec 0.9919
2026-08-30 02:56:54 |   Val AUC improved to 0.9999, model saved
2026-08-30 02:56:58 | Epoch  14/100 | Train Loss 0.0267 Acc 0.9999 | Val Loss 0.0460 Acc 0.9916 AUC 0.9999 Pre 0.9916 Rec 0.9915
2026-08-30 02:57:02 | Epoch  15/100 | Train Loss 0.0254 Acc 0.9999 | Val Loss 0.0444 Acc 0.9912 AUC 0.9999 Pre 0.9911 Rec 0.9911
2026-08-30 02:57:05 | Epoch  16/100 | Train Loss 0.0241 Acc 0.9998 | Val Loss 0.0428 Acc 0.9920 AUC 0.9999 Pre 0.9920 Rec 0.9919
2026-08-30 02:57:09 | Epoch  17/100 | Train Loss 0.0230 Acc 0.9999 | Val Loss 0.0428 Acc 0.9915 AUC 0.9999 Pre 0.9914 Rec 0.9914
2026-08-30 02:57:09 |   Val AUC improved to 0.9999, model saved
2026-08-30 02:57:13 | Epoch  18/100 | Train Loss 0.0220 Acc 0.9999 | Val Loss 0.0427 Acc 0.9919 AUC 0.9999 Pre 0.9919 Rec 0.9918
2026-08-30 02:57:16 | Epoch  19/100 | Train Loss 0.0212 Acc 0.9999 | Val Loss 0.0415 Acc 0.9922 AUC 0.9999 Pre 0.9922 Rec 0.9921
2026-08-30 02:57:20 | Epoch  20/100 | Train Loss 0.0200 Acc 1.0000 | Val Loss 0.0413 Acc 0.9914 AUC 0.9999 Pre 0.9913 Rec 0.9913
2026-08-30 02:57:24 | Epoch  21/100 | Train Loss 0.0195 Acc 1.0000 | Val Loss 0.0401 Acc 0.9920 AUC 0.9999 Pre 0.9920 Rec 0.9919
2026-08-30 02:57:28 | Epoch  22/100 | Train Loss 0.0192 Acc 0.9999 | Val Loss 0.0405 Acc 0.9923 AUC 0.9999 Pre 0.9923 Rec 0.9922
2026-08-30 02:57:31 | Epoch  23/100 | Train Loss 0.0182 Acc 1.0000 | Val Loss 0.0412 Acc 0.9913 AUC 0.9999 Pre 0.9913 Rec 0.9913
2026-08-30 02:57:35 | Epoch  24/100 | Train Loss 0.0176 Acc 1.0000 | Val Loss 0.0396 Acc 0.9914 AUC 0.9999 Pre 0.9914 Rec 0.9913
2026-08-30 02:57:39 | Epoch  25/100 | Train Loss 0.0170 Acc 1.0000 | Val Loss 0.0402 Acc 0.9921 AUC 0.9999 Pre 0.9920 Rec 0.9920
2026-08-30 02:57:43 | Epoch  26/100 | Train Loss 0.0165 Acc 1.0000 | Val Loss 0.0390 Acc 0.9916 AUC 0.9999 Pre 0.9916 Rec 0.9916
2026-08-30 02:57:46 | Epoch  27/100 | Train Loss 0.0160 Acc 1.0000 | Val Loss 0.0392 Acc 0.9917 AUC 0.9999 Pre 0.9917 Rec 0.9916
2026-08-30 02:57:46 | Val AUC did not improve for 10 consecutive epochs, early stopping at Epoch 27 (best AUC 0.9999 @ Epoch 17)
2026-08-30 02:57:47 | Run 1/5 | Test (best model @ Epoch 17) | Loss 0.0390 Acc 0.9928 AUC 1.0000 Pre 0.9927 Rec 0.9927
2026-08-30 02:57:47 | ===== Run 2/5 (seed 1) =====
2026-08-30 02:57:51 | Epoch   1/100 | Train Loss 0.4805 Acc 0.9115 | Val Loss 0.1749 Acc 0.9789 AUC 0.9996 Pre 0.9789 Rec 0.9789
2026-08-30 02:57:51 |   Val AUC improved to 0.9996, model saved
2026-08-30 02:57:54 | Epoch   2/100 | Train Loss 0.1538 Acc 0.9834 | Val Loss 0.1150 Acc 0.9864 AUC 0.9998 Pre 0.9865 Rec 0.9863
2026-08-30 02:57:54 |   Val AUC improved to 0.9998, model saved
2026-08-30 02:57:58 | Epoch   3/100 | Train Loss 0.1087 Acc 0.9898 | Val Loss 0.0899 Acc 0.9878 AUC 0.9999 Pre 0.9877 Rec 0.9877
2026-08-30 02:57:58 |   Val AUC improved to 0.9999, model saved
2026-08-30 02:58:02 | Epoch   4/100 | Train Loss 0.0857 Acc 0.9925 | Val Loss 0.0777 Acc 0.9888 AUC 0.9999 Pre 0.9887 Rec 0.9887
2026-08-30 02:58:02 |   Val AUC improved to 0.9999, model saved
2026-08-30 02:58:06 | Epoch   5/100 | Train Loss 0.0714 Acc 0.9940 | Val Loss 0.0701 Acc 0.9898 AUC 0.9999 Pre 0.9899 Rec 0.9896
2026-08-30 02:58:06 |   Val AUC improved to 0.9999, model saved
2026-08-30 02:58:09 | Epoch   6/100 | Train Loss 0.0604 Acc 0.9960 | Val Loss 0.0634 Acc 0.9908 AUC 0.9999 Pre 0.9908 Rec 0.9907
2026-08-30 02:58:13 | Epoch   7/100 | Train Loss 0.0521 Acc 0.9969 | Val Loss 0.0580 Acc 0.9911 AUC 0.9999 Pre 0.9911 Rec 0.9910
2026-08-30 02:58:13 |   Val AUC improved to 0.9999, model saved
2026-08-30 02:58:17 | Epoch   8/100 | Train Loss 0.0454 Acc 0.9982 | Val Loss 0.0556 Acc 0.9914 AUC 0.9999 Pre 0.9914 Rec 0.9913
2026-08-30 02:58:20 | Epoch   9/100 | Train Loss 0.0406 Acc 0.9988 | Val Loss 0.0528 Acc 0.9917 AUC 0.9999 Pre 0.9917 Rec 0.9916
2026-08-30 02:58:20 |   Val AUC improved to 0.9999, model saved
2026-08-30 02:58:24 | Epoch  10/100 | Train Loss 0.0367 Acc 0.9990 | Val Loss 0.0510 Acc 0.9918 AUC 0.9999 Pre 0.9918 Rec 0.9917
2026-08-30 02:58:28 | Epoch  11/100 | Train Loss 0.0336 Acc 0.9994 | Val Loss 0.0488 Acc 0.9922 AUC 0.9999 Pre 0.9922 Rec 0.9921
2026-08-30 02:58:28 |   Val AUC improved to 0.9999, model saved
2026-08-30 02:58:32 | Epoch  12/100 | Train Loss 0.0312 Acc 0.9994 | Val Loss 0.0483 Acc 0.9920 AUC 0.9999 Pre 0.9920 Rec 0.9919
2026-08-30 02:58:35 | Epoch  13/100 | Train Loss 0.0287 Acc 0.9997 | Val Loss 0.0467 Acc 0.9913 AUC 0.9999 Pre 0.9913 Rec 0.9912
2026-08-30 02:58:39 | Epoch  14/100 | Train Loss 0.0266 Acc 0.9999 | Val Loss 0.0458 Acc 0.9923 AUC 0.9999 Pre 0.9923 Rec 0.9922
2026-08-30 02:58:43 | Epoch  15/100 | Train Loss 0.0252 Acc 0.9999 | Val Loss 0.0439 Acc 0.9929 AUC 0.9999 Pre 0.9929 Rec 0.9928
2026-08-30 02:58:46 | Epoch  16/100 | Train Loss 0.0245 Acc 0.9998 | Val Loss 0.0470 Acc 0.9922 AUC 0.9999 Pre 0.9923 Rec 0.9922
2026-08-30 02:58:50 | Epoch  17/100 | Train Loss 0.0228 Acc 0.9999 | Val Loss 0.0430 Acc 0.9929 AUC 0.9999 Pre 0.9929 Rec 0.9929
2026-08-30 02:58:54 | Epoch  18/100 | Train Loss 0.0218 Acc 1.0000 | Val Loss 0.0427 Acc 0.9926 AUC 0.9999 Pre 0.9927 Rec 0.9925
2026-08-30 02:58:57 | Epoch  19/100 | Train Loss 0.0205 Acc 1.0000 | Val Loss 0.0407 Acc 0.9928 AUC 0.9999 Pre 0.9928 Rec 0.9928
2026-08-30 02:59:01 | Epoch  20/100 | Train Loss 0.0197 Acc 1.0000 | Val Loss 0.0407 Acc 0.9927 AUC 0.9999 Pre 0.9927 Rec 0.9927
2026-08-30 02:59:05 | Epoch  21/100 | Train Loss 0.0191 Acc 1.0000 | Val Loss 0.0414 Acc 0.9926 AUC 0.9999 Pre 0.9926 Rec 0.9925
2026-08-30 02:59:05 | Val AUC did not improve for 10 consecutive epochs, early stopping at Epoch 21 (best AUC 0.9999 @ Epoch 11)
2026-08-30 02:59:05 | Run 2/5 | Test (best model @ Epoch 11) | Loss 0.0460 Acc 0.9915 AUC 1.0000 Pre 0.9915 Rec 0.9914
2026-08-30 02:59:05 | ===== Run 3/5 (seed 2) =====
2026-08-30 02:59:09 | Epoch   1/100 | Train Loss 0.5147 Acc 0.9035 | Val Loss 0.1882 Acc 0.9775 AUC 0.9995 Pre 0.9774 Rec 0.9774
2026-08-30 02:59:09 |   Val AUC improved to 0.9995, model saved
2026-08-30 02:59:13 | Epoch   2/100 | Train Loss 0.1658 Acc 0.9821 | Val Loss 0.1225 Acc 0.9853 AUC 0.9998 Pre 0.9854 Rec 0.9851
2026-08-30 02:59:13 |   Val AUC improved to 0.9998, model saved
2026-08-30 02:59:17 | Epoch   3/100 | Train Loss 0.1185 Acc 0.9877 | Val Loss 0.0961 Acc 0.9891 AUC 0.9998 Pre 0.9891 Rec 0.9890
2026-08-30 02:59:17 |   Val AUC improved to 0.9998, model saved
2026-08-30 02:59:20 | Epoch   4/100 | Train Loss 0.0931 Acc 0.9915 | Val Loss 0.0812 Acc 0.9897 AUC 0.9998 Pre 0.9897 Rec 0.9896
2026-08-30 02:59:24 | Epoch   5/100 | Train Loss 0.0774 Acc 0.9940 | Val Loss 0.0726 Acc 0.9905 AUC 0.9999 Pre 0.9904 Rec 0.9904
2026-08-30 02:59:24 |   Val AUC improved to 0.9999, model saved
2026-08-30 02:59:28 | Epoch   6/100 | Train Loss 0.0658 Acc 0.9952 | Val Loss 0.0665 Acc 0.9904 AUC 0.9999 Pre 0.9905 Rec 0.9903
2026-08-30 02:59:28 |   Val AUC improved to 0.9999, model saved
2026-08-30 02:59:32 | Epoch   7/100 | Train Loss 0.0555 Acc 0.9968 | Val Loss 0.0606 Acc 0.9915 AUC 0.9999 Pre 0.9915 Rec 0.9914
2026-08-30 02:59:32 |   Val AUC improved to 0.9999, model saved
2026-08-30 02:59:35 | Epoch   8/100 | Train Loss 0.0493 Acc 0.9977 | Val Loss 0.0577 Acc 0.9910 AUC 0.9999 Pre 0.9911 Rec 0.9909
2026-08-30 02:59:39 | Epoch   9/100 | Train Loss 0.0445 Acc 0.9980 | Val Loss 0.0548 Acc 0.9915 AUC 0.9999 Pre 0.9915 Rec 0.9914
2026-08-30 02:59:43 | Epoch  10/100 | Train Loss 0.0401 Acc 0.9987 | Val Loss 0.0536 Acc 0.9912 AUC 0.9999 Pre 0.9911 Rec 0.9911
2026-08-30 02:59:46 | Epoch  11/100 | Train Loss 0.0353 Acc 0.9993 | Val Loss 0.0497 Acc 0.9922 AUC 0.9999 Pre 0.9922 Rec 0.9921
2026-08-30 02:59:50 | Epoch  12/100 | Train Loss 0.0328 Acc 0.9994 | Val Loss 0.0509 Acc 0.9904 AUC 0.9999 Pre 0.9905 Rec 0.9902
2026-08-30 02:59:54 | Epoch  13/100 | Train Loss 0.0305 Acc 0.9996 | Val Loss 0.0474 Acc 0.9922 AUC 0.9999 Pre 0.9922 Rec 0.9922
2026-08-30 02:59:54 |   Val AUC improved to 0.9999, model saved
2026-08-30 02:59:58 | Epoch  14/100 | Train Loss 0.0283 Acc 0.9998 | Val Loss 0.0456 Acc 0.9918 AUC 0.9999 Pre 0.9918 Rec 0.9917
2026-08-30 03:00:01 | Epoch  15/100 | Train Loss 0.0266 Acc 0.9997 | Val Loss 0.0428 Acc 0.9930 AUC 0.9999 Pre 0.9930 Rec 0.9929
2026-08-30 03:00:05 | Epoch  16/100 | Train Loss 0.0251 Acc 0.9998 | Val Loss 0.0426 Acc 0.9925 AUC 0.9999 Pre 0.9925 Rec 0.9924
2026-08-30 03:00:09 | Epoch  17/100 | Train Loss 0.0242 Acc 0.9998 | Val Loss 0.0434 Acc 0.9929 AUC 0.9999 Pre 0.9929 Rec 0.9929
2026-08-30 03:00:13 | Epoch  18/100 | Train Loss 0.0229 Acc 0.9999 | Val Loss 0.0409 Acc 0.9929 AUC 0.9999 Pre 0.9929 Rec 0.9928
2026-08-30 03:00:16 | Epoch  19/100 | Train Loss 0.0217 Acc 1.0000 | Val Loss 0.0405 Acc 0.9930 AUC 0.9999 Pre 0.9930 Rec 0.9929
2026-08-30 03:00:20 | Epoch  20/100 | Train Loss 0.0209 Acc 0.9999 | Val Loss 0.0444 Acc 0.9914 AUC 0.9998 Pre 0.9914 Rec 0.9913
2026-08-30 03:00:24 | Epoch  21/100 | Train Loss 0.0204 Acc 0.9999 | Val Loss 0.0427 Acc 0.9919 AUC 0.9998 Pre 0.9919 Rec 0.9918
2026-08-30 03:00:28 | Epoch  22/100 | Train Loss 0.0195 Acc 1.0000 | Val Loss 0.0394 Acc 0.9926 AUC 0.9999 Pre 0.9926 Rec 0.9925
2026-08-30 03:00:31 | Epoch  23/100 | Train Loss 0.0186 Acc 1.0000 | Val Loss 0.0407 Acc 0.9924 AUC 0.9998 Pre 0.9925 Rec 0.9922
2026-08-30 03:00:31 | Val AUC did not improve for 10 consecutive epochs, early stopping at Epoch 23 (best AUC 0.9999 @ Epoch 13)
2026-08-30 03:00:32 | Run 3/5 | Test (best model @ Epoch 13) | Loss 0.0421 Acc 0.9931 AUC 1.0000 Pre 0.9930 Rec 0.9931
2026-08-30 03:00:32 | ===== Run 4/5 (seed 3) =====
2026-08-30 03:00:36 | Epoch   1/100 | Train Loss 0.4910 Acc 0.9080 | Val Loss 0.1825 Acc 0.9769 AUC 0.9995 Pre 0.9771 Rec 0.9767
2026-08-30 03:00:36 |   Val AUC improved to 0.9995, model saved
2026-08-30 03:00:39 | Epoch   2/100 | Train Loss 0.1631 Acc 0.9821 | Val Loss 0.1178 Acc 0.9866 AUC 0.9998 Pre 0.9867 Rec 0.9864
2026-08-30 03:00:39 |   Val AUC improved to 0.9998, model saved
2026-08-30 03:00:43 | Epoch   3/100 | Train Loss 0.1148 Acc 0.9889 | Val Loss 0.0945 Acc 0.9879 AUC 0.9998 Pre 0.9879 Rec 0.9878
2026-08-30 03:00:43 |   Val AUC improved to 0.9998, model saved
2026-08-30 03:00:47 | Epoch   4/100 | Train Loss 0.0904 Acc 0.9919 | Val Loss 0.0796 Acc 0.9895 AUC 0.9999 Pre 0.9894 Rec 0.9894
2026-08-30 03:00:47 |   Val AUC improved to 0.9999, model saved
2026-08-30 03:00:51 | Epoch   5/100 | Train Loss 0.0746 Acc 0.9941 | Val Loss 0.0726 Acc 0.9902 AUC 0.9999 Pre 0.9903 Rec 0.9901
2026-08-30 03:00:54 | Epoch   6/100 | Train Loss 0.0641 Acc 0.9956 | Val Loss 0.0658 Acc 0.9905 AUC 0.9999 Pre 0.9905 Rec 0.9904
2026-08-30 03:00:58 | Epoch   7/100 | Train Loss 0.0555 Acc 0.9969 | Val Loss 0.0625 Acc 0.9914 AUC 0.9999 Pre 0.9914 Rec 0.9914
2026-08-30 03:00:58 |   Val AUC improved to 0.9999, model saved
2026-08-30 03:01:02 | Epoch   8/100 | Train Loss 0.0497 Acc 0.9975 | Val Loss 0.0587 Acc 0.9904 AUC 0.9999 Pre 0.9904 Rec 0.9903
2026-08-30 03:01:05 | Epoch   9/100 | Train Loss 0.0443 Acc 0.9983 | Val Loss 0.0537 Acc 0.9919 AUC 0.9999 Pre 0.9918 Rec 0.9918
2026-08-30 03:01:05 |   Val AUC improved to 0.9999, model saved
2026-08-30 03:01:09 | Epoch  10/100 | Train Loss 0.0405 Acc 0.9986 | Val Loss 0.0549 Acc 0.9914 AUC 0.9999 Pre 0.9915 Rec 0.9913
2026-08-30 03:01:13 | Epoch  11/100 | Train Loss 0.0364 Acc 0.9992 | Val Loss 0.0512 Acc 0.9913 AUC 0.9999 Pre 0.9913 Rec 0.9913
2026-08-30 03:01:17 | Epoch  12/100 | Train Loss 0.0330 Acc 0.9996 | Val Loss 0.0487 Acc 0.9919 AUC 0.9999 Pre 0.9919 Rec 0.9918
2026-08-30 03:01:20 | Epoch  13/100 | Train Loss 0.0315 Acc 0.9996 | Val Loss 0.0489 Acc 0.9910 AUC 0.9999 Pre 0.9911 Rec 0.9909
2026-08-30 03:01:24 | Epoch  14/100 | Train Loss 0.0291 Acc 0.9997 | Val Loss 0.0477 Acc 0.9902 AUC 0.9999 Pre 0.9901 Rec 0.9902
2026-08-30 03:01:24 |   Val AUC improved to 0.9999, model saved
2026-08-30 03:01:27 | Epoch  15/100 | Train Loss 0.0272 Acc 0.9997 | Val Loss 0.0454 Acc 0.9916 AUC 0.9999 Pre 0.9915 Rec 0.9915
2026-08-30 03:01:27 |   Val AUC improved to 0.9999, model saved
2026-08-30 03:01:31 | Epoch  16/100 | Train Loss 0.0258 Acc 0.9998 | Val Loss 0.0466 Acc 0.9910 AUC 0.9999 Pre 0.9910 Rec 0.9910
2026-08-30 03:01:35 | Epoch  17/100 | Train Loss 0.0248 Acc 0.9999 | Val Loss 0.0456 Acc 0.9920 AUC 0.9999 Pre 0.9919 Rec 0.9920
2026-08-30 03:01:39 | Epoch  18/100 | Train Loss 0.0236 Acc 0.9999 | Val Loss 0.0440 Acc 0.9919 AUC 0.9999 Pre 0.9919 Rec 0.9919
2026-08-30 03:01:43 | Epoch  19/100 | Train Loss 0.0226 Acc 0.9999 | Val Loss 0.0430 Acc 0.9925 AUC 0.9999 Pre 0.9925 Rec 0.9925
2026-08-30 03:01:46 | Epoch  20/100 | Train Loss 0.0217 Acc 0.9999 | Val Loss 0.0432 Acc 0.9917 AUC 0.9999 Pre 0.9917 Rec 0.9917
2026-08-30 03:01:50 | Epoch  21/100 | Train Loss 0.0206 Acc 1.0000 | Val Loss 0.0424 Acc 0.9918 AUC 0.9999 Pre 0.9918 Rec 0.9918
2026-08-30 03:01:54 | Epoch  22/100 | Train Loss 0.0201 Acc 1.0000 | Val Loss 0.0416 Acc 0.9920 AUC 0.9999 Pre 0.9920 Rec 0.9919
2026-08-30 03:01:57 | Epoch  23/100 | Train Loss 0.0195 Acc 1.0000 | Val Loss 0.0439 Acc 0.9913 AUC 0.9999 Pre 0.9915 Rec 0.9912
2026-08-30 03:02:01 | Epoch  24/100 | Train Loss 0.0190 Acc 1.0000 | Val Loss 0.0398 Acc 0.9922 AUC 0.9999 Pre 0.9922 Rec 0.9922
2026-08-30 03:02:05 | Epoch  25/100 | Train Loss 0.0183 Acc 1.0000 | Val Loss 0.0415 Acc 0.9917 AUC 0.9999 Pre 0.9918 Rec 0.9917
2026-08-30 03:02:05 | Val AUC did not improve for 10 consecutive epochs, early stopping at Epoch 25 (best AUC 0.9999 @ Epoch 15)
2026-08-30 03:02:05 | Run 4/5 | Test (best model @ Epoch 15) | Loss 0.0400 Acc 0.9934 AUC 1.0000 Pre 0.9933 Rec 0.9933
2026-08-30 03:02:05 | ===== Run 5/5 (seed 4) =====
2026-08-30 03:02:09 | Epoch   1/100 | Train Loss 0.4577 Acc 0.9161 | Val Loss 0.1723 Acc 0.9769 AUC 0.9996 Pre 0.9767 Rec 0.9769
2026-08-30 03:02:09 |   Val AUC improved to 0.9996, model saved
2026-08-30 03:02:13 | Epoch   2/100 | Train Loss 0.1543 Acc 0.9826 | Val Loss 0.1134 Acc 0.9859 AUC 0.9998 Pre 0.9859 Rec 0.9858
2026-08-30 03:02:13 |   Val AUC improved to 0.9998, model saved
2026-08-30 03:02:17 | Epoch   3/100 | Train Loss 0.1088 Acc 0.9892 | Val Loss 0.0911 Acc 0.9882 AUC 0.9999 Pre 0.9881 Rec 0.9881
2026-08-30 03:02:17 |   Val AUC improved to 0.9999, model saved
2026-08-30 03:02:20 | Epoch   4/100 | Train Loss 0.0847 Acc 0.9924 | Val Loss 0.0764 Acc 0.9898 AUC 0.9999 Pre 0.9898 Rec 0.9897
2026-08-30 03:02:20 |   Val AUC improved to 0.9999, model saved
2026-08-30 03:02:24 | Epoch   5/100 | Train Loss 0.0704 Acc 0.9945 | Val Loss 0.0691 Acc 0.9899 AUC 0.9999 Pre 0.9899 Rec 0.9898
2026-08-30 03:02:24 |   Val AUC improved to 0.9999, model saved
2026-08-30 03:02:28 | Epoch   6/100 | Train Loss 0.0601 Acc 0.9965 | Val Loss 0.0649 Acc 0.9912 AUC 0.9999 Pre 0.9912 Rec 0.9912
2026-08-30 03:02:32 | Epoch   7/100 | Train Loss 0.0533 Acc 0.9966 | Val Loss 0.0580 Acc 0.9907 AUC 0.9999 Pre 0.9908 Rec 0.9906
2026-08-30 03:02:32 |   Val AUC improved to 0.9999, model saved
2026-08-30 03:02:35 | Epoch   8/100 | Train Loss 0.0459 Acc 0.9979 | Val Loss 0.0546 Acc 0.9910 AUC 0.9999 Pre 0.9911 Rec 0.9908
2026-08-30 03:02:35 |   Val AUC improved to 0.9999, model saved
2026-08-30 03:02:39 | Epoch   9/100 | Train Loss 0.0412 Acc 0.9986 | Val Loss 0.0515 Acc 0.9917 AUC 0.9999 Pre 0.9917 Rec 0.9916
2026-08-30 03:02:39 |   Val AUC improved to 0.9999, model saved
2026-08-30 03:02:43 | Epoch  10/100 | Train Loss 0.0371 Acc 0.9989 | Val Loss 0.0479 Acc 0.9918 AUC 1.0000 Pre 0.9918 Rec 0.9917
2026-08-30 03:02:43 |   Val AUC improved to 1.0000, model saved
2026-08-30 03:02:47 | Epoch  11/100 | Train Loss 0.0338 Acc 0.9994 | Val Loss 0.0465 Acc 0.9916 AUC 0.9999 Pre 0.9916 Rec 0.9915
2026-08-30 03:02:50 | Epoch  12/100 | Train Loss 0.0313 Acc 0.9995 | Val Loss 0.0434 Acc 0.9920 AUC 0.9999 Pre 0.9919 Rec 0.9919
2026-08-30 03:02:54 | Epoch  13/100 | Train Loss 0.0284 Acc 0.9998 | Val Loss 0.0430 Acc 0.9927 AUC 0.9999 Pre 0.9927 Rec 0.9926
2026-08-30 03:02:58 | Epoch  14/100 | Train Loss 0.0266 Acc 0.9998 | Val Loss 0.0411 Acc 0.9929 AUC 0.9999 Pre 0.9929 Rec 0.9928
2026-08-30 03:03:02 | Epoch  15/100 | Train Loss 0.0249 Acc 0.9999 | Val Loss 0.0406 Acc 0.9929 AUC 0.9999 Pre 0.9929 Rec 0.9928
2026-08-30 03:03:05 | Epoch  16/100 | Train Loss 0.0234 Acc 0.9999 | Val Loss 0.0398 Acc 0.9922 AUC 1.0000 Pre 0.9922 Rec 0.9921
2026-08-30 03:03:05 |   Val AUC improved to 1.0000, model saved
2026-08-30 03:03:09 | Epoch  17/100 | Train Loss 0.0222 Acc 0.9999 | Val Loss 0.0389 Acc 0.9925 AUC 0.9999 Pre 0.9925 Rec 0.9924
2026-08-30 03:03:13 | Epoch  18/100 | Train Loss 0.0219 Acc 0.9999 | Val Loss 0.0383 Acc 0.9930 AUC 1.0000 Pre 0.9930 Rec 0.9929
2026-08-30 03:03:17 | Epoch  19/100 | Train Loss 0.0206 Acc 1.0000 | Val Loss 0.0370 Acc 0.9929 AUC 0.9999 Pre 0.9929 Rec 0.9928
2026-08-30 03:03:20 | Epoch  20/100 | Train Loss 0.0201 Acc 1.0000 | Val Loss 0.0390 Acc 0.9929 AUC 0.9999 Pre 0.9929 Rec 0.9928
2026-08-30 03:03:24 | Epoch  21/100 | Train Loss 0.0190 Acc 1.0000 | Val Loss 0.0377 Acc 0.9934 AUC 0.9999 Pre 0.9935 Rec 0.9933
2026-08-30 03:03:28 | Epoch  22/100 | Train Loss 0.0183 Acc 1.0000 | Val Loss 0.0372 Acc 0.9928 AUC 0.9999 Pre 0.9928 Rec 0.9927
2026-08-30 03:03:32 | Epoch  23/100 | Train Loss 0.0176 Acc 1.0000 | Val Loss 0.0356 Acc 0.9930 AUC 0.9999 Pre 0.9930 Rec 0.9929
2026-08-30 03:03:35 | Epoch  24/100 | Train Loss 0.0171 Acc 1.0000 | Val Loss 0.0346 Acc 0.9932 AUC 0.9999 Pre 0.9932 Rec 0.9931
2026-08-30 03:03:39 | Epoch  25/100 | Train Loss 0.0165 Acc 1.0000 | Val Loss 0.0340 Acc 0.9937 AUC 0.9999 Pre 0.9937 Rec 0.9936
2026-08-30 03:03:43 | Epoch  26/100 | Train Loss 0.0160 Acc 1.0000 | Val Loss 0.0343 Acc 0.9935 AUC 0.9999 Pre 0.9935 Rec 0.9934
2026-08-30 03:03:43 | Val AUC did not improve for 10 consecutive epochs, early stopping at Epoch 26 (best AUC 1.0000 @ Epoch 16)
2026-08-30 03:03:43 | Run 5/5 | Test (best model @ Epoch 16) | Loss 0.0379 Acc 0.9935 AUC 1.0000 Pre 0.9935 Rec 0.9935
2026-08-30 03:03:43 | Average over 5 runs | Test Loss 0.0410±0.0032 Acc 0.9929±0.0008 AUC 1.0000±0.0000 Pre 0.9928±0.0008 Rec 0.9928±0.0008
