2026-08-26 23:37:50 | Device: cuda
2026-08-26 23:37:50 | Args: {'model': 'fgib', 'backbone': 'cnn', 'task': 'imagenet100', 'epochs': 100, 'batch_size': 512, 'lr': 0.001, 'hidden_dims': [512, 256], 'dropout': 0.2, 'z_dim': 256, 'anchor_scale': 14.0, 'max_len': 250, 'random_labels': False, 'beta': 1.0, 'patience': 10, 'runs': 5, 'seed': 0, 'data_dir': './data', 'save_path': 'output/imagenet100_cnn_fgib/imagenet100_cnn_fgib.pt', 'log_path': '/root/autodl-tmp/FGIB/tune_results/imagenet100_cnn_fgib_beta_1_anchor_14/train.log', 'no_save': True}
2026-08-26 23:37:50 | ImageNet-100 特征：使用 4×4 空间池化文件 ./data/imagenet100/imagenet100_resnet50_layer3_pool4_features.npz
2026-08-26 23:37:50 | ImageNet-100 预处理缓存：mmap 共享 ./data/imagenet100/preprocessed_pool4
2026-08-26 23:37:50 | ===== Run 1/5 (seed 0) =====
2026-08-26 23:37:57 | Epoch   1/100 | Train Loss 70.5451 Acc 0.5314 | Val Loss 43.8345 Acc 0.7691 AUC 0.9920 Pre 0.7626 Rec 0.7592
2026-08-26 23:37:57 |   Val AUC improved to 0.9920, model saved
2026-08-26 23:38:04 | Epoch   2/100 | Train Loss 41.7371 Acc 0.8247 | Val Loss 33.0392 Acc 0.8308 AUC 0.9954 Pre 0.8269 Rec 0.8234
2026-08-26 23:38:04 |   Val AUC improved to 0.9954, model saved
2026-08-26 23:38:10 | Epoch   3/100 | Train Loss 32.1337 Acc 0.8887 | Val Loss 29.1656 Acc 0.8477 AUC 0.9955 Pre 0.8497 Rec 0.8415
2026-08-26 23:38:10 |   Val AUC improved to 0.9955, model saved
2026-08-26 23:38:16 | Epoch   4/100 | Train Loss 26.9154 Acc 0.9226 | Val Loss 27.4912 Acc 0.8550 AUC 0.9955 Pre 0.8531 Rec 0.8495
2026-08-26 23:38:16 |   Val AUC improved to 0.9955, model saved
2026-08-26 23:38:22 | Epoch   5/100 | Train Loss 23.3175 Acc 0.9457 | Val Loss 27.5738 Acc 0.8540 AUC 0.9949 Pre 0.8541 Rec 0.8495
2026-08-26 23:38:28 | Epoch   6/100 | Train Loss 20.7463 Acc 0.9604 | Val Loss 27.2512 Acc 0.8529 AUC 0.9942 Pre 0.8522 Rec 0.8484
2026-08-26 23:38:35 | Epoch   7/100 | Train Loss 18.7955 Acc 0.9701 | Val Loss 27.0892 Acc 0.8565 AUC 0.9940 Pre 0.8568 Rec 0.8517
2026-08-26 23:38:41 | Epoch   8/100 | Train Loss 17.4211 Acc 0.9771 | Val Loss 26.9124 Acc 0.8567 AUC 0.9934 Pre 0.8578 Rec 0.8527
2026-08-26 23:38:47 | Epoch   9/100 | Train Loss 16.5383 Acc 0.9813 | Val Loss 26.4714 Acc 0.8597 AUC 0.9934 Pre 0.8601 Rec 0.8555
2026-08-26 23:38:53 | Epoch  10/100 | Train Loss 15.6500 Acc 0.9842 | Val Loss 26.9557 Acc 0.8557 AUC 0.9929 Pre 0.8559 Rec 0.8524
2026-08-26 23:38:59 | Epoch  11/100 | Train Loss 15.0845 Acc 0.9865 | Val Loss 27.0522 Acc 0.8561 AUC 0.9925 Pre 0.8575 Rec 0.8523
2026-08-26 23:39:06 | Epoch  12/100 | Train Loss 14.5989 Acc 0.9886 | Val Loss 26.7914 Acc 0.8563 AUC 0.9926 Pre 0.8563 Rec 0.8531
2026-08-26 23:39:12 | Epoch  13/100 | Train Loss 14.2786 Acc 0.9901 | Val Loss 27.1278 Acc 0.8569 AUC 0.9922 Pre 0.8574 Rec 0.8534
2026-08-26 23:39:18 | Epoch  14/100 | Train Loss 14.0009 Acc 0.9912 | Val Loss 26.8821 Acc 0.8535 AUC 0.9917 Pre 0.8538 Rec 0.8502
2026-08-26 23:39:18 | Val AUC did not improve for 10 consecutive epochs, early stopping at Epoch 14 (best AUC 0.9955 @ Epoch 4)
2026-08-26 23:39:20 | Run 1/5 | Test (best model @ Epoch 4) | Loss 27.3760 Acc 0.8562 AUC 0.9952 Pre 0.8586 Rec 0.8507
2026-08-26 23:39:20 | ===== Run 2/5 (seed 1) =====
2026-08-26 23:39:26 | Epoch   1/100 | Train Loss 70.5344 Acc 0.5388 | Val Loss 44.6094 Acc 0.7753 AUC 0.9926 Pre 0.7677 Rec 0.7667
2026-08-26 23:39:27 |   Val AUC improved to 0.9926, model saved
2026-08-26 23:39:33 | Epoch   2/100 | Train Loss 41.7947 Acc 0.8340 | Val Loss 32.5467 Acc 0.8335 AUC 0.9950 Pre 0.8361 Rec 0.8255
2026-08-26 23:39:33 |   Val AUC improved to 0.9950, model saved
2026-08-26 23:39:39 | Epoch   3/100 | Train Loss 31.8938 Acc 0.8923 | Val Loss 29.3643 Acc 0.8503 AUC 0.9953 Pre 0.8515 Rec 0.8445
2026-08-26 23:39:39 |   Val AUC improved to 0.9953, model saved
2026-08-26 23:39:45 | Epoch   4/100 | Train Loss 26.7251 Acc 0.9244 | Val Loss 27.7553 Acc 0.8549 AUC 0.9951 Pre 0.8559 Rec 0.8499
2026-08-26 23:39:51 | Epoch   5/100 | Train Loss 23.2102 Acc 0.9459 | Val Loss 26.9168 Acc 0.8563 AUC 0.9949 Pre 0.8563 Rec 0.8522
2026-08-26 23:39:57 | Epoch   6/100 | Train Loss 20.6981 Acc 0.9600 | Val Loss 26.7429 Acc 0.8590 AUC 0.9945 Pre 0.8613 Rec 0.8549
2026-08-26 23:40:03 | Epoch   7/100 | Train Loss 18.9154 Acc 0.9702 | Val Loss 26.5561 Acc 0.8567 AUC 0.9940 Pre 0.8576 Rec 0.8526
2026-08-26 23:40:09 | Epoch   8/100 | Train Loss 17.5885 Acc 0.9760 | Val Loss 26.7721 Acc 0.8607 AUC 0.9935 Pre 0.8605 Rec 0.8566
2026-08-26 23:40:15 | Epoch   9/100 | Train Loss 16.6168 Acc 0.9803 | Val Loss 27.1264 Acc 0.8560 AUC 0.9930 Pre 0.8558 Rec 0.8533
2026-08-26 23:40:21 | Epoch  10/100 | Train Loss 15.8659 Acc 0.9831 | Val Loss 27.1860 Acc 0.8556 AUC 0.9925 Pre 0.8572 Rec 0.8523
2026-08-26 23:40:28 | Epoch  11/100 | Train Loss 15.3537 Acc 0.9850 | Val Loss 27.0513 Acc 0.8577 AUC 0.9925 Pre 0.8566 Rec 0.8547
2026-08-26 23:40:34 | Epoch  12/100 | Train Loss 14.9876 Acc 0.9865 | Val Loss 27.1132 Acc 0.8551 AUC 0.9920 Pre 0.8545 Rec 0.8522
2026-08-26 23:40:40 | Epoch  13/100 | Train Loss 14.7557 Acc 0.9874 | Val Loss 26.7679 Acc 0.8565 AUC 0.9921 Pre 0.8568 Rec 0.8530
2026-08-26 23:40:40 | Val AUC did not improve for 10 consecutive epochs, early stopping at Epoch 13 (best AUC 0.9953 @ Epoch 3)
2026-08-26 23:40:41 | Run 2/5 | Test (best model @ Epoch 3) | Loss 29.1624 Acc 0.8496 AUC 0.9954 Pre 0.8503 Rec 0.8441
2026-08-26 23:40:41 | ===== Run 3/5 (seed 2) =====
2026-08-26 23:40:48 | Epoch   1/100 | Train Loss 70.6993 Acc 0.5334 | Val Loss 44.1609 Acc 0.7765 AUC 0.9925 Pre 0.7706 Rec 0.7675
2026-08-26 23:40:48 |   Val AUC improved to 0.9925, model saved
2026-08-26 23:40:54 | Epoch   2/100 | Train Loss 41.0716 Acc 0.8345 | Val Loss 32.2972 Acc 0.8339 AUC 0.9952 Pre 0.8422 Rec 0.8266
2026-08-26 23:40:54 |   Val AUC improved to 0.9952, model saved
2026-08-26 23:41:00 | Epoch   3/100 | Train Loss 31.7086 Acc 0.8934 | Val Loss 29.6161 Acc 0.8480 AUC 0.9954 Pre 0.8510 Rec 0.8430
2026-08-26 23:41:00 |   Val AUC improved to 0.9954, model saved
2026-08-26 23:41:07 | Epoch   4/100 | Train Loss 26.5120 Acc 0.9271 | Val Loss 27.8086 Acc 0.8537 AUC 0.9951 Pre 0.8536 Rec 0.8489
2026-08-26 23:41:13 | Epoch   5/100 | Train Loss 23.0611 Acc 0.9477 | Val Loss 26.8947 Acc 0.8597 AUC 0.9948 Pre 0.8592 Rec 0.8546
2026-08-26 23:41:20 | Epoch   6/100 | Train Loss 20.5584 Acc 0.9622 | Val Loss 26.9192 Acc 0.8587 AUC 0.9945 Pre 0.8609 Rec 0.8546
2026-08-26 23:41:26 | Epoch   7/100 | Train Loss 18.6463 Acc 0.9710 | Val Loss 26.7492 Acc 0.8602 AUC 0.9937 Pre 0.8614 Rec 0.8565
2026-08-26 23:41:32 | Epoch   8/100 | Train Loss 17.3518 Acc 0.9779 | Val Loss 26.9751 Acc 0.8586 AUC 0.9935 Pre 0.8591 Rec 0.8553
2026-08-26 23:41:39 | Epoch   9/100 | Train Loss 16.3125 Acc 0.9823 | Val Loss 26.6410 Acc 0.8587 AUC 0.9929 Pre 0.8590 Rec 0.8555
2026-08-26 23:41:45 | Epoch  10/100 | Train Loss 15.5534 Acc 0.9849 | Val Loss 27.0676 Acc 0.8568 AUC 0.9923 Pre 0.8585 Rec 0.8531
2026-08-26 23:41:51 | Epoch  11/100 | Train Loss 15.0462 Acc 0.9870 | Val Loss 26.8357 Acc 0.8566 AUC 0.9923 Pre 0.8559 Rec 0.8533
2026-08-26 23:41:57 | Epoch  12/100 | Train Loss 14.6865 Acc 0.9883 | Val Loss 27.0830 Acc 0.8565 AUC 0.9918 Pre 0.8584 Rec 0.8532
2026-08-26 23:42:04 | Epoch  13/100 | Train Loss 14.4355 Acc 0.9888 | Val Loss 27.2632 Acc 0.8531 AUC 0.9914 Pre 0.8547 Rec 0.8495
2026-08-26 23:42:04 | Val AUC did not improve for 10 consecutive epochs, early stopping at Epoch 13 (best AUC 0.9954 @ Epoch 3)
2026-08-26 23:42:05 | Run 3/5 | Test (best model @ Epoch 3) | Loss 29.4881 Acc 0.8507 AUC 0.9954 Pre 0.8580 Rec 0.8458
2026-08-26 23:42:05 | ===== Run 4/5 (seed 3) =====
2026-08-26 23:42:11 | Epoch   1/100 | Train Loss 70.4696 Acc 0.5243 | Val Loss 44.0604 Acc 0.7721 AUC 0.9927 Pre 0.7734 Rec 0.7632
2026-08-26 23:42:11 |   Val AUC improved to 0.9927, model saved
2026-08-26 23:42:17 | Epoch   2/100 | Train Loss 41.3735 Acc 0.8296 | Val Loss 32.3597 Acc 0.8364 AUC 0.9954 Pre 0.8375 Rec 0.8312
2026-08-26 23:42:17 |   Val AUC improved to 0.9954, model saved
2026-08-26 23:42:23 | Epoch   3/100 | Train Loss 31.4207 Acc 0.8926 | Val Loss 29.5826 Acc 0.8458 AUC 0.9951 Pre 0.8480 Rec 0.8395
2026-08-26 23:42:30 | Epoch   4/100 | Train Loss 26.2802 Acc 0.9271 | Val Loss 27.8158 Acc 0.8521 AUC 0.9948 Pre 0.8531 Rec 0.8473
2026-08-26 23:42:36 | Epoch   5/100 | Train Loss 22.8078 Acc 0.9468 | Val Loss 27.1355 Acc 0.8575 AUC 0.9945 Pre 0.8558 Rec 0.8530
2026-08-26 23:42:42 | Epoch   6/100 | Train Loss 20.3655 Acc 0.9610 | Val Loss 26.8045 Acc 0.8566 AUC 0.9941 Pre 0.8531 Rec 0.8525
2026-08-26 23:42:48 | Epoch   7/100 | Train Loss 18.4348 Acc 0.9704 | Val Loss 26.8357 Acc 0.8576 AUC 0.9935 Pre 0.8537 Rec 0.8534
2026-08-26 23:42:54 | Epoch   8/100 | Train Loss 17.1749 Acc 0.9758 | Val Loss 26.6833 Acc 0.8566 AUC 0.9932 Pre 0.8546 Rec 0.8520
2026-08-26 23:43:01 | Epoch   9/100 | Train Loss 16.2849 Acc 0.9792 | Val Loss 27.0812 Acc 0.8555 AUC 0.9926 Pre 0.8555 Rec 0.8513
2026-08-26 23:43:07 | Epoch  10/100 | Train Loss 15.6862 Acc 0.9826 | Val Loss 26.9117 Acc 0.8539 AUC 0.9926 Pre 0.8547 Rec 0.8496
2026-08-26 23:43:13 | Epoch  11/100 | Train Loss 15.0889 Acc 0.9852 | Val Loss 27.3050 Acc 0.8554 AUC 0.9918 Pre 0.8551 Rec 0.8524
2026-08-26 23:43:19 | Epoch  12/100 | Train Loss 14.7557 Acc 0.9864 | Val Loss 26.6885 Acc 0.8544 AUC 0.9924 Pre 0.8539 Rec 0.8515
2026-08-26 23:43:19 | Val AUC did not improve for 10 consecutive epochs, early stopping at Epoch 12 (best AUC 0.9954 @ Epoch 2)
2026-08-26 23:43:21 | Run 4/5 | Test (best model @ Epoch 2) | Loss 32.0926 Acc 0.8380 AUC 0.9954 Pre 0.8404 Rec 0.8333
2026-08-26 23:43:21 | ===== Run 5/5 (seed 4) =====
2026-08-26 23:43:27 | Epoch   1/100 | Train Loss 70.6573 Acc 0.5401 | Val Loss 44.4979 Acc 0.7731 AUC 0.9924 Pre 0.7641 Rec 0.7632
2026-08-26 23:43:27 |   Val AUC improved to 0.9924, model saved
2026-08-26 23:43:33 | Epoch   2/100 | Train Loss 41.8136 Acc 0.8297 | Val Loss 33.5690 Acc 0.8293 AUC 0.9953 Pre 0.8289 Rec 0.8216
2026-08-26 23:43:33 |   Val AUC improved to 0.9953, model saved
2026-08-26 23:43:39 | Epoch   3/100 | Train Loss 32.0007 Acc 0.8908 | Val Loss 29.2116 Acc 0.8509 AUC 0.9955 Pre 0.8504 Rec 0.8465
2026-08-26 23:43:39 |   Val AUC improved to 0.9955, model saved
2026-08-26 23:43:45 | Epoch   4/100 | Train Loss 26.7735 Acc 0.9235 | Val Loss 27.8578 Acc 0.8539 AUC 0.9953 Pre 0.8538 Rec 0.8492
2026-08-26 23:43:51 | Epoch   5/100 | Train Loss 23.3233 Acc 0.9458 | Val Loss 28.3240 Acc 0.8537 AUC 0.9947 Pre 0.8535 Rec 0.8493
2026-08-26 23:43:57 | Epoch   6/100 | Train Loss 20.7750 Acc 0.9594 | Val Loss 27.0352 Acc 0.8572 AUC 0.9944 Pre 0.8559 Rec 0.8527
2026-08-26 23:44:03 | Epoch   7/100 | Train Loss 18.9539 Acc 0.9699 | Val Loss 26.7226 Acc 0.8586 AUC 0.9943 Pre 0.8592 Rec 0.8547
2026-08-26 23:44:09 | Epoch   8/100 | Train Loss 17.6292 Acc 0.9753 | Val Loss 27.1080 Acc 0.8594 AUC 0.9936 Pre 0.8591 Rec 0.8554
2026-08-26 23:44:16 | Epoch   9/100 | Train Loss 16.6775 Acc 0.9792 | Val Loss 27.0957 Acc 0.8576 AUC 0.9932 Pre 0.8581 Rec 0.8540
2026-08-26 23:44:22 | Epoch  10/100 | Train Loss 15.9646 Acc 0.9821 | Val Loss 26.9718 Acc 0.8571 AUC 0.9932 Pre 0.8573 Rec 0.8539
2026-08-26 23:44:28 | Epoch  11/100 | Train Loss 15.5954 Acc 0.9840 | Val Loss 27.0364 Acc 0.8573 AUC 0.9927 Pre 0.8590 Rec 0.8543
2026-08-26 23:44:34 | Epoch  12/100 | Train Loss 15.1066 Acc 0.9854 | Val Loss 26.8609 Acc 0.8565 AUC 0.9924 Pre 0.8568 Rec 0.8535
2026-08-26 23:44:40 | Epoch  13/100 | Train Loss 14.7450 Acc 0.9870 | Val Loss 27.3222 Acc 0.8551 AUC 0.9918 Pre 0.8565 Rec 0.8521
2026-08-26 23:44:40 | Val AUC did not improve for 10 consecutive epochs, early stopping at Epoch 13 (best AUC 0.9955 @ Epoch 3)
2026-08-26 23:44:42 | Run 5/5 | Test (best model @ Epoch 3) | Loss 28.7672 Acc 0.8546 AUC 0.9956 Pre 0.8549 Rec 0.8506
2026-08-26 23:44:42 | Average over 5 runs | Test Loss 29.3772±1.7182 Acc 0.8498±0.0071 AUC 0.9954±0.0002 Pre 0.8524±0.0075 Rec 0.8449±0.0071
