2026-09-02 09:27:33 | Device: cuda
2026-09-02 09:27:33 | Args: {'model': 'opb', 'backbone': 'cnn', 'task': 'mnist', 'epochs': 100, 'batch_size': 512, 'lr': 0.001, 'hidden_dims': [512, 256], 'dropout': 0.2, 'z_dim': 256, 'anchor_scale': 4.0, 'energy_classifier': True, 'tied_head': False, 'max_len': 250, 'random_labels': False, 'beta': 10.0, 'patience': 10, 'runs': 5, 'seed': 0, 'data_dir': './data', 'save_path': 'output/mnist_cnn_opb/mnist_cnn_opb.pt', 'log_path': '/root/autodl-tmp/IB/tune_results/mnist_cnn_opb_beta_10_anchor_4/train.log', 'no_save': True}
2026-09-02 09:27:34 | ===== Run 1/5 (seed 0) =====
2026-09-02 09:27:39 | Epoch   1/100 | Train Loss 47.9293 Acc 0.4329 | Val Loss 10.7975 Acc 0.9659 AUC 0.9989 Pre 0.9656 Rec 0.9659
2026-09-02 09:27:39 |   Val AUC improved to 0.9989, model saved
2026-09-02 09:27:44 | Epoch   2/100 | Train Loss 12.6196 Acc 0.8316 | Val Loss 5.7363 Acc 0.9795 AUC 0.9996 Pre 0.9793 Rec 0.9796
2026-09-02 09:27:44 |   Val AUC improved to 0.9996, model saved
2026-09-02 09:27:48 | Epoch   3/100 | Train Loss 9.3290 Acc 0.8507 | Val Loss 4.2752 Acc 0.9847 AUC 0.9997 Pre 0.9846 Rec 0.9847
2026-09-02 09:27:48 |   Val AUC improved to 0.9997, model saved
2026-09-02 09:27:53 | Epoch   4/100 | Train Loss 7.9582 Acc 0.8578 | Val Loss 3.7634 Acc 0.9857 AUC 0.9998 Pre 0.9855 Rec 0.9857
2026-09-02 09:27:53 |   Val AUC improved to 0.9998, model saved
2026-09-02 09:27:57 | Epoch   5/100 | Train Loss 7.1634 Acc 0.8570 | Val Loss 3.2737 Acc 0.9873 AUC 0.9999 Pre 0.9872 Rec 0.9872
2026-09-02 09:27:57 |   Val AUC improved to 0.9999, model saved
2026-09-02 09:28:02 | Epoch   6/100 | Train Loss 6.5025 Acc 0.8527 | Val Loss 2.8957 Acc 0.9890 AUC 0.9999 Pre 0.9890 Rec 0.9889
2026-09-02 09:28:02 |   Val AUC improved to 0.9999, model saved
2026-09-02 09:28:07 | Epoch   7/100 | Train Loss 5.9603 Acc 0.8489 | Val Loss 2.5198 Acc 0.9893 AUC 0.9999 Pre 0.9893 Rec 0.9892
2026-09-02 09:28:11 | Epoch   8/100 | Train Loss 5.5019 Acc 0.8395 | Val Loss 2.2590 Acc 0.9901 AUC 0.9999 Pre 0.9900 Rec 0.9900
2026-09-02 09:28:16 | Epoch   9/100 | Train Loss 5.0221 Acc 0.8274 | Val Loss 1.9697 Acc 0.9901 AUC 0.9999 Pre 0.9901 Rec 0.9900
2026-09-02 09:28:16 |   Val AUC improved to 0.9999, model saved
2026-09-02 09:28:20 | Epoch  10/100 | Train Loss 4.6027 Acc 0.8116 | Val Loss 1.7506 Acc 0.9900 AUC 0.9999 Pre 0.9899 Rec 0.9900
2026-09-02 09:28:25 | Epoch  11/100 | Train Loss 4.2457 Acc 0.7958 | Val Loss 1.5317 Acc 0.9911 AUC 0.9999 Pre 0.9910 Rec 0.9911
2026-09-02 09:28:25 |   Val AUC improved to 0.9999, model saved
2026-09-02 09:28:30 | Epoch  12/100 | Train Loss 3.9185 Acc 0.7757 | Val Loss 1.4282 Acc 0.9905 AUC 0.9999 Pre 0.9904 Rec 0.9904
2026-09-02 09:28:30 |   Val AUC improved to 0.9999, model saved
2026-09-02 09:28:34 | Epoch  13/100 | Train Loss 3.6598 Acc 0.7559 | Val Loss 1.4442 Acc 0.9908 AUC 0.9999 Pre 0.9908 Rec 0.9907
2026-09-02 09:28:39 | Epoch  14/100 | Train Loss 3.4472 Acc 0.7368 | Val Loss 1.2210 Acc 0.9914 AUC 0.9999 Pre 0.9914 Rec 0.9914
2026-09-02 09:28:44 | Epoch  15/100 | Train Loss 3.2364 Acc 0.7194 | Val Loss 1.1371 Acc 0.9913 AUC 0.9999 Pre 0.9913 Rec 0.9912
2026-09-02 09:28:48 | Epoch  16/100 | Train Loss 3.0829 Acc 0.7010 | Val Loss 0.9806 Acc 0.9913 AUC 0.9999 Pre 0.9913 Rec 0.9912
2026-09-02 09:28:53 | Epoch  17/100 | Train Loss 2.9460 Acc 0.6840 | Val Loss 1.0472 Acc 0.9915 AUC 0.9999 Pre 0.9915 Rec 0.9914
2026-09-02 09:28:57 | Epoch  18/100 | Train Loss 2.8286 Acc 0.6673 | Val Loss 0.9213 Acc 0.9910 AUC 0.9998 Pre 0.9910 Rec 0.9909
2026-09-02 09:29:02 | Epoch  19/100 | Train Loss 2.7450 Acc 0.6537 | Val Loss 0.9529 Acc 0.9917 AUC 0.9998 Pre 0.9917 Rec 0.9916
2026-09-02 09:29:06 | Epoch  20/100 | Train Loss 2.6477 Acc 0.6430 | Val Loss 0.9353 Acc 0.9917 AUC 0.9998 Pre 0.9917 Rec 0.9916
2026-09-02 09:29:11 | Epoch  21/100 | Train Loss 2.5839 Acc 0.6364 | Val Loss 0.9539 Acc 0.9909 AUC 0.9998 Pre 0.9909 Rec 0.9908
2026-09-02 09:29:15 | Epoch  22/100 | Train Loss 2.5513 Acc 0.6191 | Val Loss 0.9277 Acc 0.9911 AUC 0.9998 Pre 0.9911 Rec 0.9911
2026-09-02 09:29:15 | Val AUC did not improve for 10 consecutive epochs, early stopping at Epoch 22 (best AUC 0.9999 @ Epoch 12)
2026-09-02 09:29:16 | Run 1/5 | Test (best model @ Epoch 12) | Loss 1.3564 Acc 0.9928 AUC 0.9999 Pre 0.9927 Rec 0.9927
2026-09-02 09:29:16 | ===== Run 2/5 (seed 1) =====
2026-09-02 09:29:20 | Epoch   1/100 | Train Loss 48.2646 Acc 0.4310 | Val Loss 10.6012 Acc 0.9636 AUC 0.9987 Pre 0.9635 Rec 0.9635
2026-09-02 09:29:20 |   Val AUC improved to 0.9987, model saved
2026-09-02 09:29:25 | Epoch   2/100 | Train Loss 12.6004 Acc 0.8317 | Val Loss 5.9457 Acc 0.9799 AUC 0.9996 Pre 0.9798 Rec 0.9799
2026-09-02 09:29:25 |   Val AUC improved to 0.9996, model saved
2026-09-02 09:29:29 | Epoch   3/100 | Train Loss 9.5028 Acc 0.8535 | Val Loss 4.5100 Acc 0.9846 AUC 0.9997 Pre 0.9846 Rec 0.9846
2026-09-02 09:29:29 |   Val AUC improved to 0.9997, model saved
2026-09-02 09:29:34 | Epoch   4/100 | Train Loss 8.1701 Acc 0.8559 | Val Loss 3.7728 Acc 0.9856 AUC 0.9998 Pre 0.9855 Rec 0.9856
2026-09-02 09:29:34 |   Val AUC improved to 0.9998, model saved
2026-09-02 09:29:39 | Epoch   5/100 | Train Loss 7.2578 Acc 0.8533 | Val Loss 3.2211 Acc 0.9883 AUC 0.9998 Pre 0.9883 Rec 0.9882
2026-09-02 09:29:39 |   Val AUC improved to 0.9998, model saved
2026-09-02 09:29:43 | Epoch   6/100 | Train Loss 6.6247 Acc 0.8473 | Val Loss 2.9177 Acc 0.9877 AUC 0.9999 Pre 0.9876 Rec 0.9876
2026-09-02 09:29:43 |   Val AUC improved to 0.9999, model saved
2026-09-02 09:29:48 | Epoch   7/100 | Train Loss 6.0835 Acc 0.8414 | Val Loss 2.4946 Acc 0.9893 AUC 0.9999 Pre 0.9893 Rec 0.9892
2026-09-02 09:29:48 |   Val AUC improved to 0.9999, model saved
2026-09-02 09:29:53 | Epoch   8/100 | Train Loss 5.5867 Acc 0.8354 | Val Loss 2.2959 Acc 0.9899 AUC 0.9998 Pre 0.9899 Rec 0.9898
2026-09-02 09:29:58 | Epoch   9/100 | Train Loss 5.1409 Acc 0.8196 | Val Loss 2.1545 Acc 0.9905 AUC 0.9999 Pre 0.9905 Rec 0.9904
2026-09-02 09:29:58 |   Val AUC improved to 0.9999, model saved
2026-09-02 09:30:02 | Epoch  10/100 | Train Loss 4.7676 Acc 0.8074 | Val Loss 1.9073 Acc 0.9897 AUC 0.9999 Pre 0.9897 Rec 0.9896
2026-09-02 09:30:07 | Epoch  11/100 | Train Loss 4.4014 Acc 0.7915 | Val Loss 1.6285 Acc 0.9911 AUC 0.9998 Pre 0.9911 Rec 0.9911
2026-09-02 09:30:12 | Epoch  12/100 | Train Loss 4.1107 Acc 0.7749 | Val Loss 1.5777 Acc 0.9907 AUC 0.9998 Pre 0.9907 Rec 0.9907
2026-09-02 09:30:16 | Epoch  13/100 | Train Loss 3.8682 Acc 0.7548 | Val Loss 1.3943 Acc 0.9900 AUC 0.9998 Pre 0.9900 Rec 0.9900
2026-09-02 09:30:21 | Epoch  14/100 | Train Loss 3.6353 Acc 0.7411 | Val Loss 1.3226 Acc 0.9905 AUC 0.9998 Pre 0.9905 Rec 0.9904
2026-09-02 09:30:26 | Epoch  15/100 | Train Loss 3.4148 Acc 0.7248 | Val Loss 1.1454 Acc 0.9915 AUC 0.9998 Pre 0.9915 Rec 0.9915
2026-09-02 09:30:31 | Epoch  16/100 | Train Loss 3.2861 Acc 0.7134 | Val Loss 1.1148 Acc 0.9911 AUC 0.9998 Pre 0.9911 Rec 0.9911
2026-09-02 09:30:35 | Epoch  17/100 | Train Loss 3.1429 Acc 0.6956 | Val Loss 1.0374 Acc 0.9914 AUC 0.9998 Pre 0.9914 Rec 0.9913
2026-09-02 09:30:40 | Epoch  18/100 | Train Loss 3.0400 Acc 0.6842 | Val Loss 0.9970 Acc 0.9912 AUC 0.9998 Pre 0.9912 Rec 0.9911
2026-09-02 09:30:44 | Epoch  19/100 | Train Loss 2.9358 Acc 0.6748 | Val Loss 0.9878 Acc 0.9906 AUC 0.9997 Pre 0.9906 Rec 0.9905
2026-09-02 09:30:44 | Val AUC did not improve for 10 consecutive epochs, early stopping at Epoch 19 (best AUC 0.9999 @ Epoch 9)
2026-09-02 09:30:45 | Run 2/5 | Test (best model @ Epoch 9) | Loss 2.0187 Acc 0.9914 AUC 1.0000 Pre 0.9914 Rec 0.9913
2026-09-02 09:30:45 | ===== Run 3/5 (seed 2) =====
2026-09-02 09:30:50 | Epoch   1/100 | Train Loss 43.7835 Acc 0.4913 | Val Loss 9.0183 Acc 0.9711 AUC 0.9992 Pre 0.9709 Rec 0.9711
2026-09-02 09:30:50 |   Val AUC improved to 0.9992, model saved
2026-09-02 09:30:54 | Epoch   2/100 | Train Loss 10.6431 Acc 0.8577 | Val Loss 5.2823 Acc 0.9821 AUC 0.9997 Pre 0.9820 Rec 0.9821
2026-09-02 09:30:54 |   Val AUC improved to 0.9997, model saved
2026-09-02 09:30:58 | Epoch   3/100 | Train Loss 7.8743 Acc 0.8775 | Val Loss 4.0984 Acc 0.9856 AUC 0.9998 Pre 0.9855 Rec 0.9856
2026-09-02 09:30:58 |   Val AUC improved to 0.9998, model saved
2026-09-02 09:31:03 | Epoch   4/100 | Train Loss 6.7064 Acc 0.8794 | Val Loss 3.5606 Acc 0.9872 AUC 0.9998 Pre 0.9871 Rec 0.9872
2026-09-02 09:31:03 |   Val AUC improved to 0.9998, model saved
2026-09-02 09:31:08 | Epoch   5/100 | Train Loss 5.9475 Acc 0.8806 | Val Loss 3.0782 Acc 0.9888 AUC 0.9999 Pre 0.9887 Rec 0.9888
2026-09-02 09:31:08 |   Val AUC improved to 0.9999, model saved
2026-09-02 09:31:12 | Epoch   6/100 | Train Loss 5.3974 Acc 0.8779 | Val Loss 2.8029 Acc 0.9895 AUC 0.9998 Pre 0.9895 Rec 0.9895
2026-09-02 09:31:17 | Epoch   7/100 | Train Loss 5.0219 Acc 0.8706 | Val Loss 2.4926 Acc 0.9899 AUC 0.9999 Pre 0.9899 Rec 0.9898
2026-09-02 09:31:17 |   Val AUC improved to 0.9999, model saved
2026-09-02 09:31:22 | Epoch   8/100 | Train Loss 4.6335 Acc 0.8672 | Val Loss 2.2156 Acc 0.9913 AUC 0.9999 Pre 0.9913 Rec 0.9912
2026-09-02 09:31:22 |   Val AUC improved to 0.9999, model saved
2026-09-02 09:31:26 | Epoch   9/100 | Train Loss 4.3055 Acc 0.8609 | Val Loss 2.0303 Acc 0.9911 AUC 0.9999 Pre 0.9911 Rec 0.9910
2026-09-02 09:31:31 | Epoch  10/100 | Train Loss 4.0581 Acc 0.8525 | Val Loss 1.8525 Acc 0.9921 AUC 0.9999 Pre 0.9921 Rec 0.9920
2026-09-02 09:31:35 | Epoch  11/100 | Train Loss 3.8341 Acc 0.8426 | Val Loss 1.8164 Acc 0.9917 AUC 0.9999 Pre 0.9917 Rec 0.9916
2026-09-02 09:31:40 | Epoch  12/100 | Train Loss 3.6283 Acc 0.8306 | Val Loss 1.7374 Acc 0.9915 AUC 0.9999 Pre 0.9915 Rec 0.9915
2026-09-02 09:31:44 | Epoch  13/100 | Train Loss 3.4322 Acc 0.8218 | Val Loss 1.5929 Acc 0.9926 AUC 0.9999 Pre 0.9926 Rec 0.9926
2026-09-02 09:31:44 |   Val AUC improved to 0.9999, model saved
2026-09-02 09:31:49 | Epoch  14/100 | Train Loss 3.2527 Acc 0.8096 | Val Loss 1.4759 Acc 0.9921 AUC 0.9999 Pre 0.9921 Rec 0.9921
2026-09-02 09:31:53 | Epoch  15/100 | Train Loss 3.0592 Acc 0.8007 | Val Loss 1.2852 Acc 0.9921 AUC 0.9999 Pre 0.9921 Rec 0.9920
2026-09-02 09:31:58 | Epoch  16/100 | Train Loss 2.9358 Acc 0.7844 | Val Loss 1.2058 Acc 0.9929 AUC 0.9998 Pre 0.9929 Rec 0.9929
2026-09-02 09:32:02 | Epoch  17/100 | Train Loss 2.8101 Acc 0.7731 | Val Loss 1.1284 Acc 0.9922 AUC 0.9999 Pre 0.9923 Rec 0.9922
2026-09-02 09:32:07 | Epoch  18/100 | Train Loss 2.6893 Acc 0.7627 | Val Loss 1.1111 Acc 0.9930 AUC 0.9998 Pre 0.9930 Rec 0.9930
2026-09-02 09:32:12 | Epoch  19/100 | Train Loss 2.6051 Acc 0.7457 | Val Loss 1.0385 Acc 0.9926 AUC 0.9998 Pre 0.9927 Rec 0.9926
2026-09-02 09:32:17 | Epoch  20/100 | Train Loss 2.5057 Acc 0.7385 | Val Loss 0.9702 Acc 0.9927 AUC 0.9998 Pre 0.9928 Rec 0.9926
2026-09-02 09:32:21 | Epoch  21/100 | Train Loss 2.4445 Acc 0.7291 | Val Loss 0.9617 Acc 0.9925 AUC 0.9998 Pre 0.9926 Rec 0.9925
2026-09-02 09:32:26 | Epoch  22/100 | Train Loss 2.3774 Acc 0.7163 | Val Loss 0.9062 Acc 0.9930 AUC 0.9998 Pre 0.9931 Rec 0.9930
2026-09-02 09:32:30 | Epoch  23/100 | Train Loss 2.3149 Acc 0.7115 | Val Loss 0.9165 Acc 0.9930 AUC 0.9998 Pre 0.9930 Rec 0.9930
2026-09-02 09:32:30 | Val AUC did not improve for 10 consecutive epochs, early stopping at Epoch 23 (best AUC 0.9999 @ Epoch 13)
2026-09-02 09:32:31 | Run 3/5 | Test (best model @ Epoch 13) | Loss 1.5281 Acc 0.9921 AUC 1.0000 Pre 0.9921 Rec 0.9920
2026-09-02 09:32:31 | ===== Run 4/5 (seed 3) =====
2026-09-02 09:32:35 | Epoch   1/100 | Train Loss 46.4973 Acc 0.4534 | Val Loss 10.0949 Acc 0.9657 AUC 0.9990 Pre 0.9655 Rec 0.9656
2026-09-02 09:32:35 |   Val AUC improved to 0.9990, model saved
2026-09-02 09:32:40 | Epoch   2/100 | Train Loss 11.7347 Acc 0.8453 | Val Loss 5.4409 Acc 0.9816 AUC 0.9997 Pre 0.9815 Rec 0.9817
2026-09-02 09:32:40 |   Val AUC improved to 0.9997, model saved
2026-09-02 09:32:45 | Epoch   3/100 | Train Loss 8.7078 Acc 0.8651 | Val Loss 4.3509 Acc 0.9852 AUC 0.9998 Pre 0.9851 Rec 0.9852
2026-09-02 09:32:45 |   Val AUC improved to 0.9998, model saved
2026-09-02 09:32:49 | Epoch   4/100 | Train Loss 7.5280 Acc 0.8684 | Val Loss 3.6316 Acc 0.9862 AUC 0.9998 Pre 0.9862 Rec 0.9861
2026-09-02 09:32:49 |   Val AUC improved to 0.9998, model saved
2026-09-02 09:32:54 | Epoch   5/100 | Train Loss 6.7573 Acc 0.8686 | Val Loss 3.2955 Acc 0.9880 AUC 0.9998 Pre 0.9880 Rec 0.9880
2026-09-02 09:32:54 |   Val AUC improved to 0.9998, model saved
2026-09-02 09:32:58 | Epoch   6/100 | Train Loss 6.1488 Acc 0.8611 | Val Loss 2.9676 Acc 0.9893 AUC 0.9999 Pre 0.9892 Rec 0.9892
2026-09-02 09:32:58 |   Val AUC improved to 0.9999, model saved
2026-09-02 09:33:03 | Epoch   7/100 | Train Loss 5.7015 Acc 0.8573 | Val Loss 2.5825 Acc 0.9894 AUC 0.9999 Pre 0.9894 Rec 0.9893
2026-09-02 09:33:03 |   Val AUC improved to 0.9999, model saved
2026-09-02 09:33:08 | Epoch   8/100 | Train Loss 5.2550 Acc 0.8538 | Val Loss 2.3260 Acc 0.9898 AUC 0.9999 Pre 0.9898 Rec 0.9897
2026-09-02 09:33:08 |   Val AUC improved to 0.9999, model saved
2026-09-02 09:33:12 | Epoch   9/100 | Train Loss 4.8836 Acc 0.8459 | Val Loss 2.1033 Acc 0.9908 AUC 0.9999 Pre 0.9908 Rec 0.9907
2026-09-02 09:33:12 |   Val AUC improved to 0.9999, model saved
2026-09-02 09:33:17 | Epoch  10/100 | Train Loss 4.6355 Acc 0.8359 | Val Loss 2.1013 Acc 0.9905 AUC 0.9999 Pre 0.9905 Rec 0.9904
2026-09-02 09:33:21 | Epoch  11/100 | Train Loss 4.3212 Acc 0.8213 | Val Loss 1.8312 Acc 0.9908 AUC 0.9999 Pre 0.9908 Rec 0.9908
2026-09-02 09:33:26 | Epoch  12/100 | Train Loss 4.0341 Acc 0.8124 | Val Loss 1.5891 Acc 0.9903 AUC 0.9999 Pre 0.9903 Rec 0.9903
2026-09-02 09:33:26 |   Val AUC improved to 0.9999, model saved
2026-09-02 09:33:30 | Epoch  13/100 | Train Loss 3.7665 Acc 0.7967 | Val Loss 1.4860 Acc 0.9908 AUC 0.9999 Pre 0.9908 Rec 0.9907
2026-09-02 09:33:35 | Epoch  14/100 | Train Loss 3.4937 Acc 0.7830 | Val Loss 1.3761 Acc 0.9902 AUC 0.9999 Pre 0.9902 Rec 0.9902
2026-09-02 09:33:39 | Epoch  15/100 | Train Loss 3.3018 Acc 0.7626 | Val Loss 1.2320 Acc 0.9904 AUC 0.9999 Pre 0.9904 Rec 0.9903
2026-09-02 09:33:39 |   Val AUC improved to 0.9999, model saved
2026-09-02 09:33:44 | Epoch  16/100 | Train Loss 3.1477 Acc 0.7500 | Val Loss 1.1307 Acc 0.9910 AUC 0.9999 Pre 0.9910 Rec 0.9910
2026-09-02 09:33:48 | Epoch  17/100 | Train Loss 2.9889 Acc 0.7328 | Val Loss 1.1312 Acc 0.9907 AUC 0.9999 Pre 0.9907 Rec 0.9906
2026-09-02 09:33:53 | Epoch  18/100 | Train Loss 2.8592 Acc 0.7190 | Val Loss 1.0250 Acc 0.9908 AUC 0.9999 Pre 0.9908 Rec 0.9907
2026-09-02 09:33:57 | Epoch  19/100 | Train Loss 2.7425 Acc 0.7021 | Val Loss 1.0021 Acc 0.9909 AUC 0.9999 Pre 0.9909 Rec 0.9908
2026-09-02 09:34:02 | Epoch  20/100 | Train Loss 2.6683 Acc 0.6889 | Val Loss 0.9433 Acc 0.9908 AUC 0.9999 Pre 0.9908 Rec 0.9907
2026-09-02 09:34:07 | Epoch  21/100 | Train Loss 2.5779 Acc 0.6786 | Val Loss 0.9449 Acc 0.9914 AUC 0.9999 Pre 0.9914 Rec 0.9913
2026-09-02 09:34:11 | Epoch  22/100 | Train Loss 2.5147 Acc 0.6705 | Val Loss 0.9578 Acc 0.9910 AUC 0.9999 Pre 0.9910 Rec 0.9909
2026-09-02 09:34:16 | Epoch  23/100 | Train Loss 2.4688 Acc 0.6627 | Val Loss 0.9178 Acc 0.9907 AUC 0.9999 Pre 0.9907 Rec 0.9906
2026-09-02 09:34:20 | Epoch  24/100 | Train Loss 2.4013 Acc 0.6560 | Val Loss 0.9361 Acc 0.9911 AUC 0.9999 Pre 0.9911 Rec 0.9910
2026-09-02 09:34:25 | Epoch  25/100 | Train Loss 2.3503 Acc 0.6477 | Val Loss 0.8969 Acc 0.9912 AUC 0.9998 Pre 0.9912 Rec 0.9911
2026-09-02 09:34:25 | Val AUC did not improve for 10 consecutive epochs, early stopping at Epoch 25 (best AUC 0.9999 @ Epoch 15)
2026-09-02 09:34:26 | Run 4/5 | Test (best model @ Epoch 15) | Loss 1.1683 Acc 0.9917 AUC 0.9999 Pre 0.9916 Rec 0.9916
2026-09-02 09:34:26 | ===== Run 5/5 (seed 4) =====
2026-09-02 09:34:30 | Epoch   1/100 | Train Loss 41.9522 Acc 0.5199 | Val Loss 9.1935 Acc 0.9699 AUC 0.9992 Pre 0.9696 Rec 0.9697
2026-09-02 09:34:30 |   Val AUC improved to 0.9992, model saved
2026-09-02 09:34:35 | Epoch   2/100 | Train Loss 10.9879 Acc 0.8567 | Val Loss 5.4622 Acc 0.9821 AUC 0.9997 Pre 0.9820 Rec 0.9821
2026-09-02 09:34:35 |   Val AUC improved to 0.9997, model saved
2026-09-02 09:34:39 | Epoch   3/100 | Train Loss 8.3097 Acc 0.8718 | Val Loss 4.1392 Acc 0.9866 AUC 0.9998 Pre 0.9867 Rec 0.9866
2026-09-02 09:34:39 |   Val AUC improved to 0.9998, model saved
2026-09-02 09:34:44 | Epoch   4/100 | Train Loss 6.9900 Acc 0.8798 | Val Loss 3.5727 Acc 0.9884 AUC 0.9999 Pre 0.9884 Rec 0.9884
2026-09-02 09:34:44 |   Val AUC improved to 0.9999, model saved
2026-09-02 09:34:49 | Epoch   5/100 | Train Loss 6.2384 Acc 0.8759 | Val Loss 3.2197 Acc 0.9884 AUC 0.9999 Pre 0.9884 Rec 0.9883
2026-09-02 09:34:49 |   Val AUC improved to 0.9999, model saved
2026-09-02 09:34:53 | Epoch   6/100 | Train Loss 5.6128 Acc 0.8737 | Val Loss 2.8419 Acc 0.9891 AUC 0.9999 Pre 0.9890 Rec 0.9891
2026-09-02 09:34:57 | Epoch   7/100 | Train Loss 5.1839 Acc 0.8669 | Val Loss 2.5512 Acc 0.9904 AUC 0.9999 Pre 0.9904 Rec 0.9903
2026-09-02 09:35:02 | Epoch   8/100 | Train Loss 4.8423 Acc 0.8604 | Val Loss 2.3246 Acc 0.9910 AUC 0.9999 Pre 0.9910 Rec 0.9909
2026-09-02 09:35:02 |   Val AUC improved to 0.9999, model saved
2026-09-02 09:35:06 | Epoch   9/100 | Train Loss 4.5359 Acc 0.8544 | Val Loss 2.1296 Acc 0.9900 AUC 0.9999 Pre 0.9900 Rec 0.9899
2026-09-02 09:35:11 | Epoch  10/100 | Train Loss 4.1813 Acc 0.8475 | Val Loss 2.0513 Acc 0.9912 AUC 0.9999 Pre 0.9912 Rec 0.9912
2026-09-02 09:35:16 | Epoch  11/100 | Train Loss 3.9173 Acc 0.8379 | Val Loss 1.8405 Acc 0.9908 AUC 0.9999 Pre 0.9908 Rec 0.9907
2026-09-02 09:35:20 | Epoch  12/100 | Train Loss 3.6965 Acc 0.8252 | Val Loss 1.6613 Acc 0.9909 AUC 0.9999 Pre 0.9909 Rec 0.9908
2026-09-02 09:35:25 | Epoch  13/100 | Train Loss 3.5364 Acc 0.8121 | Val Loss 1.5522 Acc 0.9910 AUC 0.9999 Pre 0.9911 Rec 0.9909
2026-09-02 09:35:29 | Epoch  14/100 | Train Loss 3.3521 Acc 0.7986 | Val Loss 1.4288 Acc 0.9906 AUC 0.9999 Pre 0.9906 Rec 0.9906
2026-09-02 09:35:34 | Epoch  15/100 | Train Loss 3.1646 Acc 0.7844 | Val Loss 1.2657 Acc 0.9913 AUC 0.9999 Pre 0.9913 Rec 0.9913
2026-09-02 09:35:39 | Epoch  16/100 | Train Loss 3.0297 Acc 0.7734 | Val Loss 1.1962 Acc 0.9915 AUC 0.9999 Pre 0.9915 Rec 0.9915
2026-09-02 09:35:43 | Epoch  17/100 | Train Loss 2.9058 Acc 0.7614 | Val Loss 1.1402 Acc 0.9910 AUC 0.9998 Pre 0.9910 Rec 0.9909
2026-09-02 09:35:48 | Epoch  18/100 | Train Loss 2.7778 Acc 0.7499 | Val Loss 1.1188 Acc 0.9911 AUC 0.9998 Pre 0.9912 Rec 0.9910
2026-09-02 09:35:48 | Val AUC did not improve for 10 consecutive epochs, early stopping at Epoch 18 (best AUC 0.9999 @ Epoch 8)
2026-09-02 09:35:49 | Run 5/5 | Test (best model @ Epoch 8) | Loss 2.2296 Acc 0.9917 AUC 1.0000 Pre 0.9917 Rec 0.9916
2026-09-02 09:35:49 | Average over 5 runs | Test Loss 1.6602±0.4485 Acc 0.9919±0.0005 AUC 0.9999±0.0000 Pre 0.9919±0.0005 Rec 0.9919±0.0006
