2026-08-27 16:01:23 | Device: cuda
2026-08-27 16:01:23 | Args: {'model': 'vib', 'backbone': 'rnn', 'task': 'stsb', 'epochs': 100, 'batch_size': 512, 'lr': 0.001, 'hidden_dims': [512, 256], 'dropout': 0.2, 'z_dim': 256, 'anchor_scale': 4.0, 'max_len': 250, 'random_labels': False, 'beta': 0.01, 'patience': 10, 'runs': 5, 'seed': 0, 'data_dir': './data', 'save_path': 'output/stsb_rnn_vib/stsb_rnn_vib.pt', 'log_path': '/root/autodl-tmp/FGIB/tune_results/stsb_rnn_vib_beta_0.01/train.log', 'no_save': True}
2026-08-27 16:01:23 | STS-B 预处理缓存：mmap 共享 ./data/stsb/stsb_processed_maxlen250
2026-08-27 16:01:23 | ===== Run 1/5 (seed 0) =====
2026-08-27 16:01:28 | Epoch   1/100 | Train Loss 0.4399 | Val Loss 0.1254 MAE 1.4583 R2 -0.3485
2026-08-27 16:01:28 |   Val R2 improved to -0.3485, model saved
2026-08-27 16:01:28 | Epoch   2/100 | Train Loss 0.2985 | Val Loss 0.1157 MAE 1.2444 R2 -0.0558
2026-08-27 16:01:28 |   Val R2 improved to -0.0558, model saved
2026-08-27 16:01:29 | Epoch   3/100 | Train Loss 0.2476 | Val Loss 0.1222 MAE 1.3175 R2 -0.1061
2026-08-27 16:01:30 | Epoch   4/100 | Train Loss 0.2060 | Val Loss 0.1245 MAE 1.3098 R2 -0.0939
2026-08-27 16:01:43 | Epoch   5/100 | Train Loss 0.1826 | Val Loss 0.1234 MAE 1.2726 R2 -0.0465
2026-08-27 16:01:44 |   Val R2 improved to -0.0465, model saved
2026-08-27 16:01:58 | Epoch   6/100 | Train Loss 0.1659 | Val Loss 0.1227 MAE 1.2997 R2 -0.0803
2026-08-27 16:02:11 | Epoch   7/100 | Train Loss 0.1647 | Val Loss 0.1223 MAE 1.2793 R2 -0.0518
2026-08-27 16:02:25 | Epoch   8/100 | Train Loss 0.1600 | Val Loss 0.1234 MAE 1.2934 R2 -0.0704
2026-08-27 16:02:40 | Epoch   9/100 | Train Loss 0.1566 | Val Loss 0.1225 MAE 1.2726 R2 -0.0411
2026-08-27 16:02:41 |   Val R2 improved to -0.0411, model saved
2026-08-27 16:02:57 | Epoch  10/100 | Train Loss 0.1543 | Val Loss 0.1216 MAE 1.2870 R2 -0.0601
2026-08-27 16:03:12 | Epoch  11/100 | Train Loss 0.1545 | Val Loss 0.1197 MAE 1.2407 R2 0.0015
2026-08-27 16:03:13 |   Val R2 improved to 0.0015, model saved
2026-08-27 16:03:25 | Epoch  12/100 | Train Loss 0.1514 | Val Loss 0.1175 MAE 1.2432 R2 0.0005
2026-08-27 16:03:36 | Epoch  13/100 | Train Loss 0.1467 | Val Loss 0.1160 MAE 1.2723 R2 -0.0362
2026-08-27 16:03:47 | Epoch  14/100 | Train Loss 0.1424 | Val Loss 0.1137 MAE 1.2565 R2 -0.0139
2026-08-27 16:03:58 | Epoch  15/100 | Train Loss 0.1453 | Val Loss 0.1123 MAE 1.2490 R2 -0.0032
2026-08-27 16:04:09 | Epoch  16/100 | Train Loss 0.1429 | Val Loss 0.1169 MAE 1.3182 R2 -0.1161
2026-08-27 16:04:21 | Epoch  17/100 | Train Loss 0.1404 | Val Loss 0.1108 MAE 1.1963 R2 0.0657
2026-08-27 16:04:22 |   Val R2 improved to 0.0657, model saved
2026-08-27 16:04:33 | Epoch  18/100 | Train Loss 0.1368 | Val Loss 0.1104 MAE 1.1685 R2 0.0966
2026-08-27 16:04:34 |   Val R2 improved to 0.0966, model saved
2026-08-27 16:04:43 | Epoch  19/100 | Train Loss 0.1352 | Val Loss 0.1077 MAE 1.1700 R2 0.0993
2026-08-27 16:04:44 |   Val R2 improved to 0.0993, model saved
2026-08-27 16:04:54 | Epoch  20/100 | Train Loss 0.1341 | Val Loss 0.1067 MAE 1.1537 R2 0.1155
2026-08-27 16:04:55 |   Val R2 improved to 0.1155, model saved
2026-08-27 16:05:04 | Epoch  21/100 | Train Loss 0.1326 | Val Loss 0.1054 MAE 1.1374 R2 0.1325
2026-08-27 16:05:05 |   Val R2 improved to 0.1325, model saved
2026-08-27 16:05:12 | Epoch  22/100 | Train Loss 0.1300 | Val Loss 0.1036 MAE 1.1390 R2 0.1301
2026-08-27 16:05:21 | Epoch  23/100 | Train Loss 0.1258 | Val Loss 0.1031 MAE 1.1252 R2 0.1492
2026-08-27 16:05:21 |   Val R2 improved to 0.1492, model saved
2026-08-27 16:05:30 | Epoch  24/100 | Train Loss 0.1232 | Val Loss 0.1019 MAE 1.1794 R2 0.0797
2026-08-27 16:05:41 | Epoch  25/100 | Train Loss 0.1233 | Val Loss 0.1030 MAE 1.1047 R2 0.1791
2026-08-27 16:05:42 |   Val R2 improved to 0.1791, model saved
2026-08-27 16:05:53 | Epoch  26/100 | Train Loss 0.1204 | Val Loss 0.1056 MAE 1.0887 R2 0.1833
2026-08-27 16:05:54 |   Val R2 improved to 0.1833, model saved
2026-08-27 16:06:04 | Epoch  27/100 | Train Loss 0.1187 | Val Loss 0.0992 MAE 1.1097 R2 0.1759
2026-08-27 16:06:15 | Epoch  28/100 | Train Loss 0.1145 | Val Loss 0.0967 MAE 1.1291 R2 0.1428
2026-08-27 16:06:24 | Epoch  29/100 | Train Loss 0.1135 | Val Loss 0.0961 MAE 1.0852 R2 0.2036
2026-08-27 16:06:25 |   Val R2 improved to 0.2036, model saved
2026-08-27 16:06:35 | Epoch  30/100 | Train Loss 0.1105 | Val Loss 0.0950 MAE 1.0796 R2 0.2062
2026-08-27 16:06:36 |   Val R2 improved to 0.2062, model saved
2026-08-27 16:06:46 | Epoch  31/100 | Train Loss 0.1083 | Val Loss 0.0949 MAE 1.0660 R2 0.2226
2026-08-27 16:06:47 |   Val R2 improved to 0.2226, model saved
2026-08-27 16:06:57 | Epoch  32/100 | Train Loss 0.1061 | Val Loss 0.0938 MAE 1.1095 R2 0.1672
2026-08-27 16:07:06 | Epoch  33/100 | Train Loss 0.1052 | Val Loss 0.0928 MAE 1.0633 R2 0.2261
2026-08-27 16:07:07 |   Val R2 improved to 0.2261, model saved
2026-08-27 16:07:17 | Epoch  34/100 | Train Loss 0.1001 | Val Loss 0.0936 MAE 1.0513 R2 0.2348
2026-08-27 16:07:18 |   Val R2 improved to 0.2348, model saved
2026-08-27 16:07:28 | Epoch  35/100 | Train Loss 0.1010 | Val Loss 0.0910 MAE 1.0654 R2 0.2174
2026-08-27 16:07:39 | Epoch  36/100 | Train Loss 0.0974 | Val Loss 0.0905 MAE 1.0582 R2 0.2287
2026-08-27 16:07:49 | Epoch  37/100 | Train Loss 0.0959 | Val Loss 0.0889 MAE 1.0609 R2 0.2237
2026-08-27 16:07:58 | Epoch  38/100 | Train Loss 0.0942 | Val Loss 0.0925 MAE 1.0423 R2 0.2409
2026-08-27 16:07:59 |   Val R2 improved to 0.2409, model saved
2026-08-27 16:08:08 | Epoch  39/100 | Train Loss 0.0931 | Val Loss 0.0905 MAE 1.0434 R2 0.2360
2026-08-27 16:08:17 | Epoch  40/100 | Train Loss 0.0914 | Val Loss 0.0901 MAE 1.0377 R2 0.2511
2026-08-27 16:08:17 |   Val R2 improved to 0.2511, model saved
2026-08-27 16:08:27 | Epoch  41/100 | Train Loss 0.0894 | Val Loss 0.0903 MAE 1.0289 R2 0.2566
2026-08-27 16:08:28 |   Val R2 improved to 0.2566, model saved
2026-08-27 16:08:38 | Epoch  42/100 | Train Loss 0.0856 | Val Loss 0.0869 MAE 1.0393 R2 0.2558
2026-08-27 16:08:48 | Epoch  43/100 | Train Loss 0.0859 | Val Loss 0.0877 MAE 1.0329 R2 0.2558
2026-08-27 16:08:58 | Epoch  44/100 | Train Loss 0.0855 | Val Loss 0.0968 MAE 1.0405 R2 0.2344
2026-08-27 16:09:07 | Epoch  45/100 | Train Loss 0.0852 | Val Loss 0.0868 MAE 1.0486 R2 0.2372
2026-08-27 16:09:18 | Epoch  46/100 | Train Loss 0.0815 | Val Loss 0.0858 MAE 1.0318 R2 0.2600
2026-08-27 16:09:19 |   Val R2 improved to 0.2600, model saved
2026-08-27 16:09:30 | Epoch  47/100 | Train Loss 0.0803 | Val Loss 0.0844 MAE 1.0512 R2 0.2396
2026-08-27 16:09:41 | Epoch  48/100 | Train Loss 0.0800 | Val Loss 0.0846 MAE 1.0597 R2 0.2259
2026-08-27 16:09:51 | Epoch  49/100 | Train Loss 0.0781 | Val Loss 0.0838 MAE 1.0516 R2 0.2347
2026-08-27 16:10:02 | Epoch  50/100 | Train Loss 0.0770 | Val Loss 0.0830 MAE 1.0502 R2 0.2404
2026-08-27 16:10:12 | Epoch  51/100 | Train Loss 0.0764 | Val Loss 0.0852 MAE 1.0335 R2 0.2532
2026-08-27 16:10:24 | Epoch  52/100 | Train Loss 0.0752 | Val Loss 0.0930 MAE 1.0482 R2 0.2317
2026-08-27 16:10:33 | Epoch  53/100 | Train Loss 0.0741 | Val Loss 0.0855 MAE 1.0277 R2 0.2620
2026-08-27 16:10:33 |   Val R2 improved to 0.2620, model saved
2026-08-27 16:10:44 | Epoch  54/100 | Train Loss 0.0741 | Val Loss 0.0823 MAE 1.0636 R2 0.2158
2026-08-27 16:10:55 | Epoch  55/100 | Train Loss 0.0706 | Val Loss 0.0820 MAE 1.0437 R2 0.2417
2026-08-27 16:11:05 | Epoch  56/100 | Train Loss 0.0700 | Val Loss 0.0883 MAE 1.0282 R2 0.2516
2026-08-27 16:11:17 | Epoch  57/100 | Train Loss 0.0699 | Val Loss 0.0810 MAE 1.0529 R2 0.2311
2026-08-27 16:11:28 | Epoch  58/100 | Train Loss 0.0678 | Val Loss 0.0805 MAE 1.0199 R2 0.2676
2026-08-27 16:11:30 |   Val R2 improved to 0.2676, model saved
2026-08-27 16:11:41 | Epoch  59/100 | Train Loss 0.0679 | Val Loss 0.0826 MAE 1.0161 R2 0.2679
2026-08-27 16:11:42 |   Val R2 improved to 0.2679, model saved
2026-08-27 16:11:53 | Epoch  60/100 | Train Loss 0.0676 | Val Loss 0.0796 MAE 1.0260 R2 0.2627
2026-08-27 16:12:04 | Epoch  61/100 | Train Loss 0.0649 | Val Loss 0.0794 MAE 1.0236 R2 0.2614
2026-08-27 16:12:13 | Epoch  62/100 | Train Loss 0.0647 | Val Loss 0.0815 MAE 1.0162 R2 0.2697
2026-08-27 16:12:14 |   Val R2 improved to 0.2697, model saved
2026-08-27 16:12:26 | Epoch  63/100 | Train Loss 0.0637 | Val Loss 0.0800 MAE 1.0181 R2 0.2717
2026-08-27 16:12:27 |   Val R2 improved to 0.2717, model saved
2026-08-27 16:12:37 | Epoch  64/100 | Train Loss 0.0637 | Val Loss 0.0800 MAE 1.0184 R2 0.2696
2026-08-27 16:12:47 | Epoch  65/100 | Train Loss 0.0629 | Val Loss 0.0798 MAE 1.0235 R2 0.2680
2026-08-27 16:12:58 | Epoch  66/100 | Train Loss 0.0619 | Val Loss 0.0786 MAE 1.0514 R2 0.2253
2026-08-27 16:13:09 | Epoch  67/100 | Train Loss 0.0606 | Val Loss 0.0773 MAE 1.0245 R2 0.2638
2026-08-27 16:13:21 | Epoch  68/100 | Train Loss 0.0625 | Val Loss 0.0798 MAE 1.0172 R2 0.2669
2026-08-27 16:13:30 | Epoch  69/100 | Train Loss 0.0592 | Val Loss 0.0775 MAE 1.0251 R2 0.2634
2026-08-27 16:13:40 | Epoch  70/100 | Train Loss 0.0585 | Val Loss 0.0767 MAE 1.0486 R2 0.2320
2026-08-27 16:13:50 | Epoch  71/100 | Train Loss 0.0589 | Val Loss 0.0769 MAE 1.0201 R2 0.2613
2026-08-27 16:14:00 | Epoch  72/100 | Train Loss 0.0583 | Val Loss 0.0771 MAE 1.0249 R2 0.2634
2026-08-27 16:14:10 | Epoch  73/100 | Train Loss 0.0554 | Val Loss 0.0762 MAE 1.0236 R2 0.2614
2026-08-27 16:14:10 | Val R2 did not improve for 10 consecutive epochs, early stopping at Epoch 73 (best R2 0.2717 @ Epoch 63)
2026-08-27 16:14:13 | Run 1/5 | Test (best model @ Epoch 63) | Loss 0.0833 MAE 1.0551 R2 0.2784
2026-08-27 16:14:13 | ===== Run 2/5 (seed 1) =====
2026-08-27 16:14:24 | Epoch   1/100 | Train Loss 0.4330 | Val Loss 0.1159 MAE 1.4059 R2 -0.2503
2026-08-27 16:14:25 |   Val R2 improved to -0.2503, model saved
2026-08-27 16:14:36 | Epoch   2/100 | Train Loss 0.2823 | Val Loss 0.1110 MAE 1.2357 R2 -0.0422
2026-08-27 16:14:37 |   Val R2 improved to -0.0422, model saved
2026-08-27 16:14:49 | Epoch   3/100 | Train Loss 0.2356 | Val Loss 0.1158 MAE 1.3063 R2 -0.0877
2026-08-27 16:14:59 | Epoch   4/100 | Train Loss 0.1917 | Val Loss 0.1162 MAE 1.2715 R2 -0.0425
2026-08-27 16:15:12 | Epoch   5/100 | Train Loss 0.1719 | Val Loss 0.1159 MAE 1.2815 R2 -0.0529
2026-08-27 16:15:24 | Epoch   6/100 | Train Loss 0.1549 | Val Loss 0.1156 MAE 1.2840 R2 -0.0552
2026-08-27 16:15:35 | Epoch   7/100 | Train Loss 0.1492 | Val Loss 0.1161 MAE 1.2768 R2 -0.0446
2026-08-27 16:15:46 | Epoch   8/100 | Train Loss 0.1439 | Val Loss 0.1160 MAE 1.2661 R2 -0.0298
2026-08-27 16:15:47 |   Val R2 improved to -0.0298, model saved
2026-08-27 16:15:58 | Epoch   9/100 | Train Loss 0.1418 | Val Loss 0.1151 MAE 1.2793 R2 -0.0470
2026-08-27 16:16:11 | Epoch  10/100 | Train Loss 0.1425 | Val Loss 0.1130 MAE 1.2537 R2 -0.0132
2026-08-27 16:16:11 |   Val R2 improved to -0.0132, model saved
2026-08-27 16:16:23 | Epoch  11/100 | Train Loss 0.1382 | Val Loss 0.1114 MAE 1.2637 R2 -0.0272
2026-08-27 16:16:36 | Epoch  12/100 | Train Loss 0.1347 | Val Loss 0.1086 MAE 1.2444 R2 -0.0001
2026-08-27 16:16:37 |   Val R2 improved to -0.0001, model saved
2026-08-27 16:16:48 | Epoch  13/100 | Train Loss 0.1322 | Val Loss 0.1068 MAE 1.2261 R2 0.0219
2026-08-27 16:16:49 |   Val R2 improved to 0.0219, model saved
2026-08-27 16:17:00 | Epoch  14/100 | Train Loss 0.1318 | Val Loss 0.1054 MAE 1.2005 R2 0.0537
2026-08-27 16:17:01 |   Val R2 improved to 0.0537, model saved
2026-08-27 16:17:12 | Epoch  15/100 | Train Loss 0.1304 | Val Loss 0.1045 MAE 1.1915 R2 0.0692
2026-08-27 16:17:13 |   Val R2 improved to 0.0692, model saved
2026-08-27 16:17:22 | Epoch  16/100 | Train Loss 0.1271 | Val Loss 0.1053 MAE 1.1511 R2 0.1112
2026-08-27 16:17:23 |   Val R2 improved to 0.1112, model saved
2026-08-27 16:17:34 | Epoch  17/100 | Train Loss 0.1249 | Val Loss 0.1014 MAE 1.1853 R2 0.0833
2026-08-27 16:17:46 | Epoch  18/100 | Train Loss 0.1206 | Val Loss 0.0997 MAE 1.1865 R2 0.0785
2026-08-27 16:17:58 | Epoch  19/100 | Train Loss 0.1171 | Val Loss 0.0977 MAE 1.1248 R2 0.1509
2026-08-27 16:17:59 |   Val R2 improved to 0.1509, model saved
2026-08-27 16:18:11 | Epoch  20/100 | Train Loss 0.1167 | Val Loss 0.0961 MAE 1.1232 R2 0.1606
2026-08-27 16:18:12 |   Val R2 improved to 0.1606, model saved
2026-08-27 16:18:24 | Epoch  21/100 | Train Loss 0.1113 | Val Loss 0.0961 MAE 1.1008 R2 0.1831
2026-08-27 16:18:25 |   Val R2 improved to 0.1831, model saved
2026-08-27 16:18:37 | Epoch  22/100 | Train Loss 0.1121 | Val Loss 0.0934 MAE 1.0912 R2 0.1964
2026-08-27 16:18:38 |   Val R2 improved to 0.1964, model saved
2026-08-27 16:18:50 | Epoch  23/100 | Train Loss 0.1051 | Val Loss 0.0918 MAE 1.0858 R2 0.2015
2026-08-27 16:18:51 |   Val R2 improved to 0.2015, model saved
2026-08-27 16:19:03 | Epoch  24/100 | Train Loss 0.1039 | Val Loss 0.1015 MAE 1.0710 R2 0.2015
2026-08-27 16:19:17 | Epoch  25/100 | Train Loss 0.1049 | Val Loss 0.0907 MAE 1.0607 R2 0.2329
2026-08-27 16:19:18 |   Val R2 improved to 0.2329, model saved
2026-08-27 16:19:31 | Epoch  26/100 | Train Loss 0.0988 | Val Loss 0.0903 MAE 1.0562 R2 0.2433
2026-08-27 16:19:32 |   Val R2 improved to 0.2433, model saved
2026-08-27 16:19:46 | Epoch  27/100 | Train Loss 0.0986 | Val Loss 0.0887 MAE 1.0850 R2 0.2048
2026-08-27 16:19:58 | Epoch  28/100 | Train Loss 0.0928 | Val Loss 0.0862 MAE 1.0577 R2 0.2412
2026-08-27 16:20:11 | Epoch  29/100 | Train Loss 0.0919 | Val Loss 0.0869 MAE 1.0266 R2 0.2686
2026-08-27 16:20:12 |   Val R2 improved to 0.2686, model saved
2026-08-27 16:20:25 | Epoch  30/100 | Train Loss 0.0894 | Val Loss 0.0970 MAE 1.0468 R2 0.2306
2026-08-27 16:20:38 | Epoch  31/100 | Train Loss 0.0873 | Val Loss 0.0859 MAE 1.0531 R2 0.2363
2026-08-27 16:20:49 | Epoch  32/100 | Train Loss 0.0886 | Val Loss 0.0840 MAE 1.0649 R2 0.2277
2026-08-27 16:21:02 | Epoch  33/100 | Train Loss 0.0855 | Val Loss 0.0829 MAE 1.0387 R2 0.2576
2026-08-27 16:21:15 | Epoch  34/100 | Train Loss 0.0819 | Val Loss 0.0819 MAE 1.0350 R2 0.2654
2026-08-27 16:21:27 | Epoch  35/100 | Train Loss 0.0828 | Val Loss 0.0828 MAE 1.0175 R2 0.2798
2026-08-27 16:21:29 |   Val R2 improved to 0.2798, model saved
2026-08-27 16:21:42 | Epoch  36/100 | Train Loss 0.0796 | Val Loss 0.0847 MAE 1.0143 R2 0.2840
2026-08-27 16:21:43 |   Val R2 improved to 0.2840, model saved
2026-08-27 16:21:56 | Epoch  37/100 | Train Loss 0.0791 | Val Loss 0.0859 MAE 1.0154 R2 0.2786
2026-08-27 16:22:09 | Epoch  38/100 | Train Loss 0.0782 | Val Loss 0.0841 MAE 1.0037 R2 0.2907
2026-08-27 16:22:10 |   Val R2 improved to 0.2907, model saved
2026-08-27 16:22:24 | Epoch  39/100 | Train Loss 0.0781 | Val Loss 0.0822 MAE 1.0135 R2 0.2876
2026-08-27 16:22:36 | Epoch  40/100 | Train Loss 0.0765 | Val Loss 0.0831 MAE 1.0066 R2 0.2921
2026-08-27 16:22:37 |   Val R2 improved to 0.2921, model saved
2026-08-27 16:22:50 | Epoch  41/100 | Train Loss 0.0733 | Val Loss 0.0833 MAE 1.0103 R2 0.2845
2026-08-27 16:23:01 | Epoch  42/100 | Train Loss 0.0708 | Val Loss 0.0816 MAE 1.0012 R2 0.2966
2026-08-27 16:23:03 |   Val R2 improved to 0.2966, model saved
2026-08-27 16:23:16 | Epoch  43/100 | Train Loss 0.0706 | Val Loss 0.0781 MAE 1.0083 R2 0.2947
2026-08-27 16:23:28 | Epoch  44/100 | Train Loss 0.0692 | Val Loss 0.0789 MAE 1.0183 R2 0.2763
2026-08-27 16:23:42 | Epoch  45/100 | Train Loss 0.0689 | Val Loss 0.0802 MAE 1.0011 R2 0.2956
2026-08-27 16:23:55 | Epoch  46/100 | Train Loss 0.0672 | Val Loss 0.0805 MAE 1.0007 R2 0.2947
2026-08-27 16:24:08 | Epoch  47/100 | Train Loss 0.0657 | Val Loss 0.0785 MAE 1.0065 R2 0.2938
2026-08-27 16:24:21 | Epoch  48/100 | Train Loss 0.0679 | Val Loss 0.0797 MAE 1.0874 R2 0.1943
2026-08-27 16:24:33 | Epoch  49/100 | Train Loss 0.0663 | Val Loss 0.0806 MAE 1.0064 R2 0.2885
2026-08-27 16:24:46 | Epoch  50/100 | Train Loss 0.0635 | Val Loss 0.0770 MAE 0.9993 R2 0.2984
2026-08-27 16:24:47 |   Val R2 improved to 0.2984, model saved
2026-08-27 16:25:00 | Epoch  51/100 | Train Loss 0.0645 | Val Loss 0.0755 MAE 1.0066 R2 0.2977
2026-08-27 16:25:14 | Epoch  52/100 | Train Loss 0.0608 | Val Loss 0.0775 MAE 1.0023 R2 0.2961
2026-08-27 16:25:27 | Epoch  53/100 | Train Loss 0.0617 | Val Loss 0.0787 MAE 1.0059 R2 0.2868
2026-08-27 16:25:40 | Epoch  54/100 | Train Loss 0.0618 | Val Loss 0.0786 MAE 1.0082 R2 0.2840
2026-08-27 16:25:52 | Epoch  55/100 | Train Loss 0.0596 | Val Loss 0.0812 MAE 1.0112 R2 0.2734
2026-08-27 16:26:04 | Epoch  56/100 | Train Loss 0.0595 | Val Loss 0.0760 MAE 1.0074 R2 0.2908
2026-08-27 16:26:16 | Epoch  57/100 | Train Loss 0.0572 | Val Loss 0.0742 MAE 1.0104 R2 0.2911
2026-08-27 16:26:27 | Epoch  58/100 | Train Loss 0.0557 | Val Loss 0.0754 MAE 0.9976 R2 0.2972
2026-08-27 16:26:40 | Epoch  59/100 | Train Loss 0.0550 | Val Loss 0.0768 MAE 0.9993 R2 0.2910
2026-08-27 16:26:54 | Epoch  60/100 | Train Loss 0.0543 | Val Loss 0.0760 MAE 1.0134 R2 0.2859
2026-08-27 16:26:54 | Val R2 did not improve for 10 consecutive epochs, early stopping at Epoch 60 (best R2 0.2984 @ Epoch 50)
2026-08-27 16:26:57 | Run 2/5 | Test (best model @ Epoch 50) | Loss 0.0823 MAE 1.0463 R2 0.2819
2026-08-27 16:26:57 | ===== Run 3/5 (seed 2) =====
2026-08-27 16:27:11 | Epoch   1/100 | Train Loss 0.4277 | Val Loss 0.1201 MAE 1.4148 R2 -0.2738
2026-08-27 16:27:11 |   Val R2 improved to -0.2738, model saved
2026-08-27 16:27:23 | Epoch   2/100 | Train Loss 0.2924 | Val Loss 0.1209 MAE 1.2408 R2 -0.0738
2026-08-27 16:27:24 |   Val R2 improved to -0.0738, model saved
2026-08-27 16:27:38 | Epoch   3/100 | Train Loss 0.2369 | Val Loss 0.1275 MAE 1.3707 R2 -0.1931
2026-08-27 16:27:50 | Epoch   4/100 | Train Loss 0.1978 | Val Loss 0.1225 MAE 1.2485 R2 -0.0256
2026-08-27 16:27:51 |   Val R2 improved to -0.0256, model saved
2026-08-27 16:28:04 | Epoch   5/100 | Train Loss 0.1821 | Val Loss 0.1231 MAE 1.3153 R2 -0.1041
2026-08-27 16:28:16 | Epoch   6/100 | Train Loss 0.1653 | Val Loss 0.1211 MAE 1.2590 R2 -0.0283
2026-08-27 16:28:29 | Epoch   7/100 | Train Loss 0.1580 | Val Loss 0.1229 MAE 1.3047 R2 -0.0885
2026-08-27 16:28:42 | Epoch   8/100 | Train Loss 0.1590 | Val Loss 0.1219 MAE 1.2856 R2 -0.0589
2026-08-27 16:28:54 | Epoch   9/100 | Train Loss 0.1549 | Val Loss 0.1203 MAE 1.2458 R2 -0.0037
2026-08-27 16:28:55 |   Val R2 improved to -0.0037, model saved
2026-08-27 16:29:07 | Epoch  10/100 | Train Loss 0.1526 | Val Loss 0.1195 MAE 1.2743 R2 -0.0429
2026-08-27 16:29:21 | Epoch  11/100 | Train Loss 0.1536 | Val Loss 0.1175 MAE 1.2696 R2 -0.0367
2026-08-27 16:29:32 | Epoch  12/100 | Train Loss 0.1468 | Val Loss 0.1152 MAE 1.2547 R2 -0.0172
2026-08-27 16:29:45 | Epoch  13/100 | Train Loss 0.1463 | Val Loss 0.1138 MAE 1.2552 R2 -0.0158
2026-08-27 16:29:58 | Epoch  14/100 | Train Loss 0.1436 | Val Loss 0.1112 MAE 1.2165 R2 0.0409
2026-08-27 16:29:59 |   Val R2 improved to 0.0409, model saved
2026-08-27 16:30:09 | Epoch  15/100 | Train Loss 0.1391 | Val Loss 0.1103 MAE 1.2218 R2 0.0318
2026-08-27 16:30:22 | Epoch  16/100 | Train Loss 0.1383 | Val Loss 0.1084 MAE 1.1910 R2 0.0654
2026-08-27 16:30:23 |   Val R2 improved to 0.0654, model saved
2026-08-27 16:30:36 | Epoch  17/100 | Train Loss 0.1365 | Val Loss 0.1080 MAE 1.1254 R2 0.1468
2026-08-27 16:30:37 |   Val R2 improved to 0.1468, model saved
2026-08-27 16:30:51 | Epoch  18/100 | Train Loss 0.1314 | Val Loss 0.1053 MAE 1.1867 R2 0.0698
2026-08-27 16:31:03 | Epoch  19/100 | Train Loss 0.1291 | Val Loss 0.1105 MAE 1.1040 R2 0.1623
2026-08-27 16:31:04 |   Val R2 improved to 0.1623, model saved
2026-08-27 16:31:17 | Epoch  20/100 | Train Loss 0.1287 | Val Loss 0.1022 MAE 1.1077 R2 0.1725
2026-08-27 16:31:18 |   Val R2 improved to 0.1725, model saved
2026-08-27 16:31:30 | Epoch  21/100 | Train Loss 0.1226 | Val Loss 0.0999 MAE 1.1318 R2 0.1477
2026-08-27 16:31:42 | Epoch  22/100 | Train Loss 0.1198 | Val Loss 0.1010 MAE 1.0832 R2 0.1975
2026-08-27 16:31:43 |   Val R2 improved to 0.1975, model saved
2026-08-27 16:31:56 | Epoch  23/100 | Train Loss 0.1187 | Val Loss 0.0972 MAE 1.1011 R2 0.1845
2026-08-27 16:32:10 | Epoch  24/100 | Train Loss 0.1133 | Val Loss 0.0964 MAE 1.0831 R2 0.2054
2026-08-27 16:32:11 |   Val R2 improved to 0.2054, model saved
2026-08-27 16:32:24 | Epoch  25/100 | Train Loss 0.1094 | Val Loss 0.0955 MAE 1.0664 R2 0.2247
2026-08-27 16:32:25 |   Val R2 improved to 0.2247, model saved
2026-08-27 16:32:37 | Epoch  26/100 | Train Loss 0.1110 | Val Loss 0.1056 MAE 1.0570 R2 0.2164
2026-08-27 16:32:49 | Epoch  27/100 | Train Loss 0.1111 | Val Loss 0.0957 MAE 1.1241 R2 0.1460
2026-08-27 16:33:02 | Epoch  28/100 | Train Loss 0.1075 | Val Loss 0.1009 MAE 1.0490 R2 0.2340
2026-08-27 16:33:03 |   Val R2 improved to 0.2340, model saved
2026-08-27 16:33:15 | Epoch  29/100 | Train Loss 0.1048 | Val Loss 0.0922 MAE 1.0703 R2 0.2174
2026-08-27 16:33:27 | Epoch  30/100 | Train Loss 0.0976 | Val Loss 0.0904 MAE 1.0384 R2 0.2551
2026-08-27 16:33:28 |   Val R2 improved to 0.2551, model saved
2026-08-27 16:33:40 | Epoch  31/100 | Train Loss 0.0987 | Val Loss 0.0893 MAE 1.0387 R2 0.2582
2026-08-27 16:33:41 |   Val R2 improved to 0.2582, model saved
2026-08-27 16:33:53 | Epoch  32/100 | Train Loss 0.0982 | Val Loss 0.0905 MAE 1.0587 R2 0.2196
2026-08-27 16:34:05 | Epoch  33/100 | Train Loss 0.0938 | Val Loss 0.0903 MAE 1.0294 R2 0.2637
2026-08-27 16:34:06 |   Val R2 improved to 0.2637, model saved
2026-08-27 16:34:18 | Epoch  34/100 | Train Loss 0.0929 | Val Loss 0.0888 MAE 1.0321 R2 0.2595
2026-08-27 16:34:30 | Epoch  35/100 | Train Loss 0.0946 | Val Loss 0.0878 MAE 1.0379 R2 0.2578
2026-08-27 16:34:43 | Epoch  36/100 | Train Loss 0.0916 | Val Loss 0.0979 MAE 1.0232 R2 0.2558
2026-08-27 16:34:55 | Epoch  37/100 | Train Loss 0.0918 | Val Loss 0.0867 MAE 1.0645 R2 0.2237
2026-08-27 16:35:05 | Epoch  38/100 | Train Loss 0.0873 | Val Loss 0.0853 MAE 1.0451 R2 0.2480
2026-08-27 16:35:17 | Epoch  39/100 | Train Loss 0.0867 | Val Loss 0.0887 MAE 1.0112 R2 0.2836
2026-08-27 16:35:18 |   Val R2 improved to 0.2836, model saved
2026-08-27 16:35:30 | Epoch  40/100 | Train Loss 0.0851 | Val Loss 0.0867 MAE 1.0187 R2 0.2819
2026-08-27 16:35:42 | Epoch  41/100 | Train Loss 0.0836 | Val Loss 0.0852 MAE 1.0408 R2 0.2445
2026-08-27 16:35:54 | Epoch  42/100 | Train Loss 0.0811 | Val Loss 0.0854 MAE 1.0172 R2 0.2788
2026-08-27 16:36:05 | Epoch  43/100 | Train Loss 0.0793 | Val Loss 0.0867 MAE 1.0083 R2 0.2925
2026-08-27 16:36:06 |   Val R2 improved to 0.2925, model saved
2026-08-27 16:36:20 | Epoch  44/100 | Train Loss 0.0801 | Val Loss 0.0845 MAE 1.0515 R2 0.2343
2026-08-27 16:36:33 | Epoch  45/100 | Train Loss 0.0784 | Val Loss 0.0824 MAE 1.0346 R2 0.2598
2026-08-27 16:36:46 | Epoch  46/100 | Train Loss 0.0765 | Val Loss 0.0847 MAE 1.0211 R2 0.2727
2026-08-27 16:36:59 | Epoch  47/100 | Train Loss 0.0774 | Val Loss 0.0886 MAE 1.0174 R2 0.2686
2026-08-27 16:37:12 | Epoch  48/100 | Train Loss 0.0737 | Val Loss 0.0832 MAE 1.0130 R2 0.2879
2026-08-27 16:37:24 | Epoch  49/100 | Train Loss 0.0730 | Val Loss 0.0837 MAE 1.0155 R2 0.2800
2026-08-27 16:37:38 | Epoch  50/100 | Train Loss 0.0729 | Val Loss 0.0822 MAE 1.0120 R2 0.2871
2026-08-27 16:37:48 | Epoch  51/100 | Train Loss 0.0715 | Val Loss 0.0842 MAE 1.0067 R2 0.2852
2026-08-27 16:38:01 | Epoch  52/100 | Train Loss 0.0723 | Val Loss 0.0809 MAE 1.0254 R2 0.2655
2026-08-27 16:38:13 | Epoch  53/100 | Train Loss 0.0693 | Val Loss 0.0788 MAE 1.0426 R2 0.2492
2026-08-27 16:38:13 | Val R2 did not improve for 10 consecutive epochs, early stopping at Epoch 53 (best R2 0.2925 @ Epoch 43)
2026-08-27 16:38:16 | Run 3/5 | Test (best model @ Epoch 43) | Loss 0.0911 MAE 1.0525 R2 0.2850
2026-08-27 16:38:16 | ===== Run 4/5 (seed 3) =====
2026-08-27 16:38:29 | Epoch   1/100 | Train Loss 0.4271 | Val Loss 0.1190 MAE 1.4353 R2 -0.2969
2026-08-27 16:38:30 |   Val R2 improved to -0.2969, model saved
2026-08-27 16:38:43 | Epoch   2/100 | Train Loss 0.2971 | Val Loss 0.1073 MAE 1.2484 R2 -0.0328
2026-08-27 16:38:44 |   Val R2 improved to -0.0328, model saved
2026-08-27 16:38:56 | Epoch   3/100 | Train Loss 0.2327 | Val Loss 0.1133 MAE 1.2824 R2 -0.0549
2026-08-27 16:39:09 | Epoch   4/100 | Train Loss 0.1950 | Val Loss 0.1161 MAE 1.3017 R2 -0.0769
2026-08-27 16:39:22 | Epoch   5/100 | Train Loss 0.1738 | Val Loss 0.1145 MAE 1.2687 R2 -0.0357
2026-08-27 16:39:34 | Epoch   6/100 | Train Loss 0.1531 | Val Loss 0.1145 MAE 1.2869 R2 -0.0568
2026-08-27 16:39:47 | Epoch   7/100 | Train Loss 0.1465 | Val Loss 0.1149 MAE 1.2803 R2 -0.0475
2026-08-27 16:40:00 | Epoch   8/100 | Train Loss 0.1454 | Val Loss 0.1156 MAE 1.2888 R2 -0.0582
2026-08-27 16:40:12 | Epoch   9/100 | Train Loss 0.1415 | Val Loss 0.1150 MAE 1.2880 R2 -0.0565
2026-08-27 16:40:25 | Epoch  10/100 | Train Loss 0.1403 | Val Loss 0.1130 MAE 1.2468 R2 -0.0026
2026-08-27 16:40:26 |   Val R2 improved to -0.0026, model saved
2026-08-27 16:40:38 | Epoch  11/100 | Train Loss 0.1371 | Val Loss 0.1115 MAE 1.2873 R2 -0.0541
2026-08-27 16:40:50 | Epoch  12/100 | Train Loss 0.1353 | Val Loss 0.1086 MAE 1.2470 R2 0.0013
2026-08-27 16:40:51 |   Val R2 improved to 0.0013, model saved
2026-08-27 16:41:05 | Epoch  13/100 | Train Loss 0.1324 | Val Loss 0.1078 MAE 1.2602 R2 -0.0177
2026-08-27 16:41:18 | Epoch  14/100 | Train Loss 0.1301 | Val Loss 0.1058 MAE 1.2180 R2 0.0369
2026-08-27 16:41:19 |   Val R2 improved to 0.0369, model saved
2026-08-27 16:41:31 | Epoch  15/100 | Train Loss 0.1285 | Val Loss 0.1055 MAE 1.1724 R2 0.0877
2026-08-27 16:41:32 |   Val R2 improved to 0.0877, model saved
2026-08-27 16:41:45 | Epoch  16/100 | Train Loss 0.1265 | Val Loss 0.1039 MAE 1.1673 R2 0.0991
2026-08-27 16:41:46 |   Val R2 improved to 0.0991, model saved
2026-08-27 16:41:59 | Epoch  17/100 | Train Loss 0.1229 | Val Loss 0.1011 MAE 1.2038 R2 0.0627
2026-08-27 16:42:11 | Epoch  18/100 | Train Loss 0.1217 | Val Loss 0.0992 MAE 1.1686 R2 0.1007
2026-08-27 16:42:12 |   Val R2 improved to 0.1007, model saved
2026-08-27 16:42:25 | Epoch  19/100 | Train Loss 0.1184 | Val Loss 0.0979 MAE 1.1536 R2 0.1198
2026-08-27 16:42:26 |   Val R2 improved to 0.1198, model saved
2026-08-27 16:42:38 | Epoch  20/100 | Train Loss 0.1146 | Val Loss 0.0976 MAE 1.1902 R2 0.0735
2026-08-27 16:42:50 | Epoch  21/100 | Train Loss 0.1153 | Val Loss 0.0961 MAE 1.1328 R2 0.1553
2026-08-27 16:42:51 |   Val R2 improved to 0.1553, model saved
2026-08-27 16:43:04 | Epoch  22/100 | Train Loss 0.1093 | Val Loss 0.0946 MAE 1.1126 R2 0.1714
2026-08-27 16:43:05 |   Val R2 improved to 0.1714, model saved
2026-08-27 16:43:17 | Epoch  23/100 | Train Loss 0.1064 | Val Loss 0.0947 MAE 1.0962 R2 0.1941
2026-08-27 16:43:18 |   Val R2 improved to 0.1941, model saved
2026-08-27 16:43:31 | Epoch  24/100 | Train Loss 0.1091 | Val Loss 0.0944 MAE 1.0895 R2 0.2040
2026-08-27 16:43:32 |   Val R2 improved to 0.2040, model saved
2026-08-27 16:43:45 | Epoch  25/100 | Train Loss 0.1017 | Val Loss 0.0910 MAE 1.1447 R2 0.1306
2026-08-27 16:43:56 | Epoch  26/100 | Train Loss 0.1030 | Val Loss 0.0896 MAE 1.0877 R2 0.2043
2026-08-27 16:43:58 |   Val R2 improved to 0.2043, model saved
2026-08-27 16:44:08 | Epoch  27/100 | Train Loss 0.0997 | Val Loss 0.0949 MAE 1.0626 R2 0.2264
2026-08-27 16:44:10 |   Val R2 improved to 0.2264, model saved
2026-08-27 16:44:22 | Epoch  28/100 | Train Loss 0.0968 | Val Loss 0.0871 MAE 1.0973 R2 0.1926
2026-08-27 16:44:35 | Epoch  29/100 | Train Loss 0.0919 | Val Loss 0.0857 MAE 1.0546 R2 0.2356
2026-08-27 16:44:36 |   Val R2 improved to 0.2356, model saved
2026-08-27 16:44:49 | Epoch  30/100 | Train Loss 0.0921 | Val Loss 0.0873 MAE 1.0542 R2 0.2422
2026-08-27 16:44:50 |   Val R2 improved to 0.2422, model saved
2026-08-27 16:45:02 | Epoch  31/100 | Train Loss 0.0942 | Val Loss 0.0900 MAE 1.0424 R2 0.2491
2026-08-27 16:45:03 |   Val R2 improved to 0.2491, model saved
2026-08-27 16:45:16 | Epoch  32/100 | Train Loss 0.0893 | Val Loss 0.0849 MAE 1.0842 R2 0.2049
2026-08-27 16:45:28 | Epoch  33/100 | Train Loss 0.0874 | Val Loss 0.0839 MAE 1.0640 R2 0.2350
2026-08-27 16:45:41 | Epoch  34/100 | Train Loss 0.0849 | Val Loss 0.0828 MAE 1.0626 R2 0.2336
2026-08-27 16:45:53 | Epoch  35/100 | Train Loss 0.0845 | Val Loss 0.0820 MAE 1.0687 R2 0.2229
2026-08-27 16:46:05 | Epoch  36/100 | Train Loss 0.0822 | Val Loss 0.0845 MAE 1.0331 R2 0.2626
2026-08-27 16:46:07 |   Val R2 improved to 0.2626, model saved
2026-08-27 16:46:18 | Epoch  37/100 | Train Loss 0.0812 | Val Loss 0.0847 MAE 1.0343 R2 0.2633
2026-08-27 16:46:19 |   Val R2 improved to 0.2633, model saved
2026-08-27 16:46:31 | Epoch  38/100 | Train Loss 0.0813 | Val Loss 0.0814 MAE 1.0613 R2 0.2293
2026-08-27 16:46:43 | Epoch  39/100 | Train Loss 0.0760 | Val Loss 0.0815 MAE 1.0328 R2 0.2622
2026-08-27 16:46:54 | Epoch  40/100 | Train Loss 0.0763 | Val Loss 0.0818 MAE 1.0282 R2 0.2671
2026-08-27 16:46:55 |   Val R2 improved to 0.2671, model saved
2026-08-27 16:47:08 | Epoch  41/100 | Train Loss 0.0770 | Val Loss 0.0819 MAE 1.0262 R2 0.2676
2026-08-27 16:47:09 |   Val R2 improved to 0.2676, model saved
2026-08-27 16:47:21 | Epoch  42/100 | Train Loss 0.0737 | Val Loss 0.0797 MAE 1.0278 R2 0.2668
2026-08-27 16:47:34 | Epoch  43/100 | Train Loss 0.0734 | Val Loss 0.0839 MAE 1.0228 R2 0.2678
2026-08-27 16:47:35 |   Val R2 improved to 0.2678, model saved
2026-08-27 16:47:47 | Epoch  44/100 | Train Loss 0.0716 | Val Loss 0.0798 MAE 1.0219 R2 0.2724
2026-08-27 16:47:48 |   Val R2 improved to 0.2724, model saved
2026-08-27 16:47:59 | Epoch  45/100 | Train Loss 0.0678 | Val Loss 0.0768 MAE 1.0416 R2 0.2483
2026-08-27 16:48:12 | Epoch  46/100 | Train Loss 0.0701 | Val Loss 0.0771 MAE 1.0518 R2 0.2417
2026-08-27 16:48:24 | Epoch  47/100 | Train Loss 0.0686 | Val Loss 0.0780 MAE 1.0541 R2 0.2333
2026-08-27 16:48:35 | Epoch  48/100 | Train Loss 0.0699 | Val Loss 0.0791 MAE 1.0826 R2 0.1936
2026-08-27 16:48:47 | Epoch  49/100 | Train Loss 0.0672 | Val Loss 0.0762 MAE 1.0251 R2 0.2711
2026-08-27 16:48:59 | Epoch  50/100 | Train Loss 0.0649 | Val Loss 0.0763 MAE 1.0147 R2 0.2779
2026-08-27 16:49:00 |   Val R2 improved to 0.2779, model saved
2026-08-27 16:49:12 | Epoch  51/100 | Train Loss 0.0645 | Val Loss 0.0752 MAE 1.0130 R2 0.2844
2026-08-27 16:49:13 |   Val R2 improved to 0.2844, model saved
2026-08-27 16:49:26 | Epoch  52/100 | Train Loss 0.0628 | Val Loss 0.0761 MAE 1.0247 R2 0.2684
2026-08-27 16:49:39 | Epoch  53/100 | Train Loss 0.0633 | Val Loss 0.0745 MAE 1.0285 R2 0.2717
2026-08-27 16:49:52 | Epoch  54/100 | Train Loss 0.0622 | Val Loss 0.0752 MAE 1.0107 R2 0.2820
2026-08-27 16:50:04 | Epoch  55/100 | Train Loss 0.0611 | Val Loss 0.0760 MAE 1.0130 R2 0.2788
2026-08-27 16:50:15 | Epoch  56/100 | Train Loss 0.0613 | Val Loss 0.0757 MAE 1.0092 R2 0.2806
2026-08-27 16:50:28 | Epoch  57/100 | Train Loss 0.0591 | Val Loss 0.0744 MAE 1.0172 R2 0.2783
2026-08-27 16:50:41 | Epoch  58/100 | Train Loss 0.0582 | Val Loss 0.0735 MAE 1.0265 R2 0.2654
2026-08-27 16:50:54 | Epoch  59/100 | Train Loss 0.0582 | Val Loss 0.0727 MAE 1.0181 R2 0.2770
2026-08-27 16:51:07 | Epoch  60/100 | Train Loss 0.0578 | Val Loss 0.0747 MAE 1.0116 R2 0.2789
2026-08-27 16:51:19 | Epoch  61/100 | Train Loss 0.0566 | Val Loss 0.0732 MAE 1.0204 R2 0.2710
2026-08-27 16:51:19 | Val R2 did not improve for 10 consecutive epochs, early stopping at Epoch 61 (best R2 0.2844 @ Epoch 51)
2026-08-27 16:51:22 | Run 4/5 | Test (best model @ Epoch 51) | Loss 0.0803 MAE 1.0646 R2 0.2696
2026-08-27 16:51:22 | ===== Run 5/5 (seed 4) =====
2026-08-27 16:51:36 | Epoch   1/100 | Train Loss 0.4340 | Val Loss 0.1191 MAE 1.4125 R2 -0.2705
2026-08-27 16:51:37 |   Val R2 improved to -0.2705, model saved
2026-08-27 16:51:50 | Epoch   2/100 | Train Loss 0.3007 | Val Loss 0.1133 MAE 1.2423 R2 -0.0403
2026-08-27 16:51:51 |   Val R2 improved to -0.0403, model saved
2026-08-27 16:52:04 | Epoch   3/100 | Train Loss 0.2310 | Val Loss 0.1195 MAE 1.2949 R2 -0.0768
2026-08-27 16:52:17 | Epoch   4/100 | Train Loss 0.2003 | Val Loss 0.1225 MAE 1.3087 R2 -0.0923
2026-08-27 16:52:30 | Epoch   5/100 | Train Loss 0.1820 | Val Loss 0.1214 MAE 1.2690 R2 -0.0399
2026-08-27 16:52:32 |   Val R2 improved to -0.0399, model saved
2026-08-27 16:52:45 | Epoch   6/100 | Train Loss 0.1663 | Val Loss 0.1212 MAE 1.2916 R2 -0.0666
2026-08-27 16:52:56 | Epoch   7/100 | Train Loss 0.1589 | Val Loss 0.1210 MAE 1.2906 R2 -0.0645
2026-08-27 16:53:08 | Epoch   8/100 | Train Loss 0.1585 | Val Loss 0.1211 MAE 1.2627 R2 -0.0274
2026-08-27 16:53:09 |   Val R2 improved to -0.0274, model saved
2026-08-27 16:53:23 | Epoch   9/100 | Train Loss 0.1561 | Val Loss 0.1219 MAE 1.3015 R2 -0.0770
2026-08-27 16:53:35 | Epoch  10/100 | Train Loss 0.1473 | Val Loss 0.1190 MAE 1.2757 R2 -0.0390
2026-08-27 16:53:48 | Epoch  11/100 | Train Loss 0.1484 | Val Loss 0.1163 MAE 1.2471 R2 -0.0008
2026-08-27 16:53:49 |   Val R2 improved to -0.0008, model saved
2026-08-27 16:54:01 | Epoch  12/100 | Train Loss 0.1501 | Val Loss 0.1161 MAE 1.2830 R2 -0.0480
2026-08-27 16:54:15 | Epoch  13/100 | Train Loss 0.1451 | Val Loss 0.1141 MAE 1.2271 R2 0.0234
2026-08-27 16:54:16 |   Val R2 improved to 0.0234, model saved
2026-08-27 16:54:28 | Epoch  14/100 | Train Loss 0.1442 | Val Loss 0.1125 MAE 1.2355 R2 0.0173
2026-08-27 16:54:42 | Epoch  15/100 | Train Loss 0.1412 | Val Loss 0.1113 MAE 1.2242 R2 0.0300
2026-08-27 16:54:42 |   Val R2 improved to 0.0300, model saved
2026-08-27 16:54:55 | Epoch  16/100 | Train Loss 0.1372 | Val Loss 0.1096 MAE 1.2142 R2 0.0452
2026-08-27 16:54:55 |   Val R2 improved to 0.0452, model saved
2026-08-27 16:55:08 | Epoch  17/100 | Train Loss 0.1336 | Val Loss 0.1073 MAE 1.1869 R2 0.0722
2026-08-27 16:55:09 |   Val R2 improved to 0.0722, model saved
2026-08-27 16:55:20 | Epoch  18/100 | Train Loss 0.1337 | Val Loss 0.1068 MAE 1.1456 R2 0.1237
2026-08-27 16:55:21 |   Val R2 improved to 0.1237, model saved
2026-08-27 16:55:34 | Epoch  19/100 | Train Loss 0.1299 | Val Loss 0.1047 MAE 1.1774 R2 0.0870
2026-08-27 16:55:48 | Epoch  20/100 | Train Loss 0.1298 | Val Loss 0.1049 MAE 1.1292 R2 0.1473
2026-08-27 16:55:49 |   Val R2 improved to 0.1473, model saved
2026-08-27 16:56:02 | Epoch  21/100 | Train Loss 0.1247 | Val Loss 0.1010 MAE 1.1323 R2 0.1458
2026-08-27 16:56:15 | Epoch  22/100 | Train Loss 0.1217 | Val Loss 0.1011 MAE 1.1462 R2 0.1230
2026-08-27 16:56:28 | Epoch  23/100 | Train Loss 0.1196 | Val Loss 0.1003 MAE 1.1033 R2 0.1820
2026-08-27 16:56:29 |   Val R2 improved to 0.1820, model saved
2026-08-27 16:56:43 | Epoch  24/100 | Train Loss 0.1149 | Val Loss 0.0978 MAE 1.0896 R2 0.2019
2026-08-27 16:56:44 |   Val R2 improved to 0.2019, model saved
2026-08-27 16:56:57 | Epoch  25/100 | Train Loss 0.1153 | Val Loss 0.1088 MAE 1.0936 R2 0.1733
2026-08-27 16:57:10 | Epoch  26/100 | Train Loss 0.1166 | Val Loss 0.0979 MAE 1.1490 R2 0.1248
2026-08-27 16:57:22 | Epoch  27/100 | Train Loss 0.1099 | Val Loss 0.0956 MAE 1.0836 R2 0.2087
2026-08-27 16:57:23 |   Val R2 improved to 0.2087, model saved
2026-08-27 16:57:36 | Epoch  28/100 | Train Loss 0.1060 | Val Loss 0.0937 MAE 1.0827 R2 0.2058
2026-08-27 16:57:49 | Epoch  29/100 | Train Loss 0.1057 | Val Loss 0.0931 MAE 1.0682 R2 0.2229
2026-08-27 16:57:50 |   Val R2 improved to 0.2229, model saved
2026-08-27 16:58:02 | Epoch  30/100 | Train Loss 0.1026 | Val Loss 0.0940 MAE 1.0727 R2 0.2243
2026-08-27 16:58:03 |   Val R2 improved to 0.2243, model saved
2026-08-27 16:58:15 | Epoch  31/100 | Train Loss 0.1001 | Val Loss 0.0946 MAE 1.0703 R2 0.2183
2026-08-27 16:58:28 | Epoch  32/100 | Train Loss 0.0988 | Val Loss 0.0928 MAE 1.0597 R2 0.2333
2026-08-27 16:58:29 |   Val R2 improved to 0.2333, model saved
2026-08-27 16:58:42 | Epoch  33/100 | Train Loss 0.0958 | Val Loss 0.0903 MAE 1.0780 R2 0.2136
2026-08-27 16:58:55 | Epoch  34/100 | Train Loss 0.0937 | Val Loss 0.0896 MAE 1.0437 R2 0.2516
2026-08-27 16:58:56 |   Val R2 improved to 0.2516, model saved
2026-08-27 16:59:09 | Epoch  35/100 | Train Loss 0.0932 | Val Loss 0.0952 MAE 1.0464 R2 0.2442
2026-08-27 16:59:20 | Epoch  36/100 | Train Loss 0.0936 | Val Loss 0.0921 MAE 1.0424 R2 0.2535
2026-08-27 16:59:20 |   Val R2 improved to 0.2535, model saved
2026-08-27 16:59:32 | Epoch  37/100 | Train Loss 0.0892 | Val Loss 0.0874 MAE 1.0597 R2 0.2294
2026-08-27 16:59:43 | Epoch  38/100 | Train Loss 0.0864 | Val Loss 0.0878 MAE 1.0371 R2 0.2606
2026-08-27 16:59:44 |   Val R2 improved to 0.2606, model saved
2026-08-27 16:59:57 | Epoch  39/100 | Train Loss 0.0872 | Val Loss 0.0865 MAE 1.0556 R2 0.2375
2026-08-27 17:00:10 | Epoch  40/100 | Train Loss 0.0868 | Val Loss 0.0873 MAE 1.0851 R2 0.1960
2026-08-27 17:00:23 | Epoch  41/100 | Train Loss 0.0866 | Val Loss 0.0890 MAE 1.1305 R2 0.1367
2026-08-27 17:00:36 | Epoch  42/100 | Train Loss 0.0858 | Val Loss 0.0906 MAE 1.0437 R2 0.2469
2026-08-27 17:00:47 | Epoch  43/100 | Train Loss 0.0834 | Val Loss 0.0855 MAE 1.0785 R2 0.1968
2026-08-27 17:00:58 | Epoch  44/100 | Train Loss 0.0840 | Val Loss 0.0855 MAE 1.0461 R2 0.2460
2026-08-27 17:01:10 | Epoch  45/100 | Train Loss 0.0797 | Val Loss 0.0859 MAE 1.0331 R2 0.2589
2026-08-27 17:01:22 | Epoch  46/100 | Train Loss 0.0765 | Val Loss 0.0873 MAE 1.0320 R2 0.2601
2026-08-27 17:01:35 | Epoch  47/100 | Train Loss 0.0780 | Val Loss 0.0823 MAE 1.0443 R2 0.2503
2026-08-27 17:01:47 | Epoch  48/100 | Train Loss 0.0763 | Val Loss 0.0830 MAE 1.0382 R2 0.2527
2026-08-27 17:01:47 | Val R2 did not improve for 10 consecutive epochs, early stopping at Epoch 48 (best R2 0.2606 @ Epoch 38)
2026-08-27 17:01:51 | Run 5/5 | Test (best model @ Epoch 38) | Loss 0.0929 MAE 1.0856 R2 0.2445
2026-08-27 17:01:51 | Average over 5 runs | Test Loss 0.0860±0.0056 MAE 1.0608±0.0154 R2 0.2719±0.0164
