2026-09-01 12:20:21 | Device: cuda
2026-09-01 12:20:21 | Args: {'model': 'opb', 'backbone': 'mlp', 'task': 'imagenet100', 'epochs': 100, 'batch_size': 512, 'lr': 0.001, 'hidden_dims': [512, 256], 'dropout': 0.2, 'z_dim': 256, 'anchor_scale': 12.0, 'energy_classifier': False, 'max_len': 250, 'random_labels': False, 'beta': 10.0, 'patience': 10, 'runs': 5, 'seed': 0, 'data_dir': './data', 'save_path': 'output/imagenet100_mlp_opb/imagenet100_mlp_opb.pt', 'log_path': '/root/autodl-tmp/IB/tune_results/imagenet100_mlp_opb_beta_10_anchor_12/train.log', 'no_save': True}
2026-09-01 12:20:21 | ImageNet-100 特征：使用 4×4 空间池化文件 ./data/imagenet100/imagenet100_resnet50_layer3_pool4_features.npz
2026-09-01 12:20:21 | ImageNet-100 预处理缓存：mmap 共享 ./data/imagenet100/preprocessed_pool4
2026-09-01 12:20:21 | ===== Run 1/5 (seed 0) =====
2026-09-01 12:20:35 | Epoch   1/100 | Train Loss 454.9787 Acc 0.2232 | Val Loss 250.2130 Acc 0.7678 AUC 0.9876 Pre 0.7557 Rec 0.7576
2026-09-01 12:20:35 |   Val AUC improved to 0.9876, model saved
2026-09-01 12:20:42 | Epoch   2/100 | Train Loss 214.2800 Acc 0.6832 | Val Loss 164.0582 Acc 0.8286 AUC 0.9935 Pre 0.8258 Rec 0.8196
2026-09-01 12:20:42 |   Val AUC improved to 0.9935, model saved
2026-09-01 12:20:48 | Epoch   3/100 | Train Loss 125.8186 Acc 0.7930 | Val Loss 119.1745 Acc 0.8400 AUC 0.9932 Pre 0.8367 Rec 0.8332
2026-09-01 12:20:55 | Epoch   4/100 | Train Loss 82.0254 Acc 0.8240 | Val Loss 92.3870 Acc 0.8467 AUC 0.9927 Pre 0.8518 Rec 0.8415
2026-09-01 12:21:02 | Epoch   5/100 | Train Loss 58.0737 Acc 0.8352 | Val Loss 73.0816 Acc 0.8479 AUC 0.9923 Pre 0.8644 Rec 0.8436
2026-09-01 12:21:09 | Epoch   6/100 | Train Loss 44.1095 Acc 0.8383 | Val Loss 60.4496 Acc 0.8504 AUC 0.9919 Pre 0.8691 Rec 0.8468
2026-09-01 12:21:16 | Epoch   7/100 | Train Loss 34.9768 Acc 0.8392 | Val Loss 52.4718 Acc 0.8490 AUC 0.9913 Pre 0.8721 Rec 0.8457
2026-09-01 12:21:23 | Epoch   8/100 | Train Loss 28.5511 Acc 0.8356 | Val Loss 44.4182 Acc 0.8510 AUC 0.9913 Pre 0.8748 Rec 0.8478
2026-09-01 12:21:30 | Epoch   9/100 | Train Loss 24.2024 Acc 0.8299 | Val Loss 39.1452 Acc 0.8503 AUC 0.9911 Pre 0.8765 Rec 0.8469
2026-09-01 12:21:36 | Epoch  10/100 | Train Loss 20.4670 Acc 0.8229 | Val Loss 34.7243 Acc 0.8500 AUC 0.9910 Pre 0.8795 Rec 0.8470
2026-09-01 12:21:43 | Epoch  11/100 | Train Loss 17.8546 Acc 0.8149 | Val Loss 31.1519 Acc 0.8487 AUC 0.9907 Pre 0.8824 Rec 0.8457
2026-09-01 12:21:50 | Epoch  12/100 | Train Loss 15.7648 Acc 0.7977 | Val Loss 27.4881 Acc 0.8495 AUC 0.9907 Pre 0.8835 Rec 0.8464
2026-09-01 12:21:50 | Val AUC did not improve for 10 consecutive epochs, early stopping at Epoch 12 (best AUC 0.9935 @ Epoch 2)
2026-09-01 12:21:51 | Run 1/5 | Test (best model @ Epoch 2) | Loss 163.1566 Acc 0.8266 AUC 0.9934 Pre 0.8288 Rec 0.8176
2026-09-01 12:21:51 | ===== Run 2/5 (seed 1) =====
2026-09-01 12:21:58 | Epoch   1/100 | Train Loss 457.1904 Acc 0.2279 | Val Loss 251.2857 Acc 0.7602 AUC 0.9880 Pre 0.7627 Rec 0.7516
2026-09-01 12:21:58 |   Val AUC improved to 0.9880, model saved
2026-09-01 12:22:05 | Epoch   2/100 | Train Loss 215.0230 Acc 0.6826 | Val Loss 161.6735 Acc 0.8314 AUC 0.9941 Pre 0.8264 Rec 0.8222
2026-09-01 12:22:05 |   Val AUC improved to 0.9941, model saved
2026-09-01 12:22:11 | Epoch   3/100 | Train Loss 126.2549 Acc 0.7877 | Val Loss 115.9919 Acc 0.8423 AUC 0.9941 Pre 0.8440 Rec 0.8346
2026-09-01 12:22:18 | Epoch   4/100 | Train Loss 82.1555 Acc 0.8195 | Val Loss 89.8101 Acc 0.8484 AUC 0.9927 Pre 0.8488 Rec 0.8426
2026-09-01 12:22:25 | Epoch   5/100 | Train Loss 58.6435 Acc 0.8290 | Val Loss 72.6808 Acc 0.8514 AUC 0.9923 Pre 0.8503 Rec 0.8457
2026-09-01 12:22:31 | Epoch   6/100 | Train Loss 44.2045 Acc 0.8365 | Val Loss 60.1553 Acc 0.8499 AUC 0.9918 Pre 0.8526 Rec 0.8442
2026-09-01 12:22:38 | Epoch   7/100 | Train Loss 34.9908 Acc 0.8329 | Val Loss 51.3306 Acc 0.8491 AUC 0.9913 Pre 0.8552 Rec 0.8439
2026-09-01 12:22:45 | Epoch   8/100 | Train Loss 29.0809 Acc 0.8285 | Val Loss 44.1500 Acc 0.8501 AUC 0.9912 Pre 0.8594 Rec 0.8451
2026-09-01 12:22:52 | Epoch   9/100 | Train Loss 24.5381 Acc 0.8211 | Val Loss 38.6296 Acc 0.8498 AUC 0.9910 Pre 0.8638 Rec 0.8445
2026-09-01 12:22:59 | Epoch  10/100 | Train Loss 21.0357 Acc 0.8135 | Val Loss 34.2541 Acc 0.8492 AUC 0.9905 Pre 0.8659 Rec 0.8439
2026-09-01 12:23:05 | Epoch  11/100 | Train Loss 18.4974 Acc 0.8021 | Val Loss 31.1057 Acc 0.8462 AUC 0.9904 Pre 0.8684 Rec 0.8412
2026-09-01 12:23:12 | Epoch  12/100 | Train Loss 16.0999 Acc 0.7938 | Val Loss 28.0973 Acc 0.8489 AUC 0.9902 Pre 0.8808 Rec 0.8442
2026-09-01 12:23:12 | Val AUC did not improve for 10 consecutive epochs, early stopping at Epoch 12 (best AUC 0.9941 @ Epoch 2)
2026-09-01 12:23:13 | Run 2/5 | Test (best model @ Epoch 2) | Loss 161.2799 Acc 0.8280 AUC 0.9940 Pre 0.8212 Rec 0.8188
2026-09-01 12:23:13 | ===== Run 3/5 (seed 2) =====
2026-09-01 12:23:20 | Epoch   1/100 | Train Loss 453.9750 Acc 0.2274 | Val Loss 251.0282 Acc 0.7535 AUC 0.9876 Pre 0.7444 Rec 0.7441
2026-09-01 12:23:20 |   Val AUC improved to 0.9876, model saved
2026-09-01 12:23:27 | Epoch   2/100 | Train Loss 214.1497 Acc 0.6809 | Val Loss 165.2895 Acc 0.8245 AUC 0.9937 Pre 0.8185 Rec 0.8156
2026-09-01 12:23:27 |   Val AUC improved to 0.9937, model saved
2026-09-01 12:23:33 | Epoch   3/100 | Train Loss 126.1809 Acc 0.7871 | Val Loss 117.9667 Acc 0.8400 AUC 0.9936 Pre 0.8404 Rec 0.8334
2026-09-01 12:23:40 | Epoch   4/100 | Train Loss 82.2856 Acc 0.8199 | Val Loss 91.2224 Acc 0.8430 AUC 0.9930 Pre 0.8485 Rec 0.8367
2026-09-01 12:23:46 | Epoch   5/100 | Train Loss 58.9351 Acc 0.8326 | Val Loss 72.9332 Acc 0.8472 AUC 0.9926 Pre 0.8540 Rec 0.8404
2026-09-01 12:23:53 | Epoch   6/100 | Train Loss 44.6456 Acc 0.8380 | Val Loss 60.5086 Acc 0.8494 AUC 0.9925 Pre 0.8619 Rec 0.8433
2026-09-01 12:23:59 | Epoch   7/100 | Train Loss 35.2732 Acc 0.8365 | Val Loss 51.2393 Acc 0.8497 AUC 0.9921 Pre 0.8623 Rec 0.8444
2026-09-01 12:24:06 | Epoch   8/100 | Train Loss 29.0706 Acc 0.8324 | Val Loss 44.1072 Acc 0.8512 AUC 0.9919 Pre 0.8667 Rec 0.8463
2026-09-01 12:24:12 | Epoch   9/100 | Train Loss 24.1642 Acc 0.8285 | Val Loss 39.0968 Acc 0.8484 AUC 0.9915 Pre 0.8710 Rec 0.8438
2026-09-01 12:24:19 | Epoch  10/100 | Train Loss 20.7057 Acc 0.8169 | Val Loss 34.4724 Acc 0.8496 AUC 0.9916 Pre 0.8713 Rec 0.8446
2026-09-01 12:24:26 | Epoch  11/100 | Train Loss 17.9692 Acc 0.8070 | Val Loss 30.3573 Acc 0.8490 AUC 0.9915 Pre 0.8774 Rec 0.8444
2026-09-01 12:24:32 | Epoch  12/100 | Train Loss 15.9475 Acc 0.7975 | Val Loss 27.5981 Acc 0.8488 AUC 0.9913 Pre 0.8854 Rec 0.8443
2026-09-01 12:24:32 | Val AUC did not improve for 10 consecutive epochs, early stopping at Epoch 12 (best AUC 0.9937 @ Epoch 2)
2026-09-01 12:24:34 | Run 3/5 | Test (best model @ Epoch 2) | Loss 164.5898 Acc 0.8277 AUC 0.9936 Pre 0.8271 Rec 0.8187
2026-09-01 12:24:34 | ===== Run 4/5 (seed 3) =====
2026-09-01 12:24:38 | Epoch   1/100 | Train Loss 455.2615 Acc 0.2253 | Val Loss 253.3448 Acc 0.7490 AUC 0.9874 Pre 0.7542 Rec 0.7390
2026-09-01 12:24:38 |   Val AUC improved to 0.9874, model saved
2026-09-01 12:24:45 | Epoch   2/100 | Train Loss 216.5618 Acc 0.6768 | Val Loss 160.2371 Acc 0.8320 AUC 0.9938 Pre 0.8357 Rec 0.8235
2026-09-01 12:24:45 |   Val AUC improved to 0.9938, model saved
2026-09-01 12:24:51 | Epoch   3/100 | Train Loss 126.6770 Acc 0.7850 | Val Loss 116.7708 Acc 0.8419 AUC 0.9933 Pre 0.8475 Rec 0.8344
2026-09-01 12:24:58 | Epoch   4/100 | Train Loss 82.7693 Acc 0.8160 | Val Loss 91.5246 Acc 0.8447 AUC 0.9927 Pre 0.8432 Rec 0.8373
2026-09-01 12:25:04 | Epoch   5/100 | Train Loss 59.4189 Acc 0.8292 | Val Loss 73.1803 Acc 0.8462 AUC 0.9920 Pre 0.8543 Rec 0.8399
2026-09-01 12:25:11 | Epoch   6/100 | Train Loss 45.1841 Acc 0.8340 | Val Loss 61.1724 Acc 0.8496 AUC 0.9913 Pre 0.8647 Rec 0.8440
2026-09-01 12:25:17 | Epoch   7/100 | Train Loss 35.7276 Acc 0.8332 | Val Loss 51.6896 Acc 0.8471 AUC 0.9914 Pre 0.8594 Rec 0.8412
2026-09-01 12:25:23 | Epoch   8/100 | Train Loss 29.3977 Acc 0.8280 | Val Loss 44.8924 Acc 0.8464 AUC 0.9908 Pre 0.8707 Rec 0.8399
2026-09-01 12:25:30 | Epoch   9/100 | Train Loss 24.8343 Acc 0.8211 | Val Loss 38.6756 Acc 0.8485 AUC 0.9913 Pre 0.8697 Rec 0.8436
2026-09-01 12:25:37 | Epoch  10/100 | Train Loss 20.9594 Acc 0.8135 | Val Loss 34.7276 Acc 0.8456 AUC 0.9909 Pre 0.8754 Rec 0.8406
2026-09-01 12:25:44 | Epoch  11/100 | Train Loss 18.2999 Acc 0.8033 | Val Loss 30.5374 Acc 0.8438 AUC 0.9906 Pre 0.8787 Rec 0.8387
2026-09-01 12:25:50 | Epoch  12/100 | Train Loss 16.0359 Acc 0.7909 | Val Loss 27.5157 Acc 0.8428 AUC 0.9904 Pre 0.8839 Rec 0.8372
2026-09-01 12:25:50 | Val AUC did not improve for 10 consecutive epochs, early stopping at Epoch 12 (best AUC 0.9938 @ Epoch 2)
2026-09-01 12:25:52 | Run 4/5 | Test (best model @ Epoch 2) | Loss 159.8392 Acc 0.8308 AUC 0.9938 Pre 0.8331 Rec 0.8224
2026-09-01 12:25:52 | ===== Run 5/5 (seed 4) =====
2026-09-01 12:25:59 | Epoch   1/100 | Train Loss 456.9260 Acc 0.2226 | Val Loss 252.6773 Acc 0.7576 AUC 0.9866 Pre 0.7435 Rec 0.7477
2026-09-01 12:25:59 |   Val AUC improved to 0.9866, model saved
2026-09-01 12:26:05 | Epoch   2/100 | Train Loss 216.8213 Acc 0.6805 | Val Loss 164.5682 Acc 0.8287 AUC 0.9935 Pre 0.8232 Rec 0.8191
2026-09-01 12:26:05 |   Val AUC improved to 0.9935, model saved
2026-09-01 12:26:12 | Epoch   3/100 | Train Loss 127.4644 Acc 0.7890 | Val Loss 118.6214 Acc 0.8346 AUC 0.9933 Pre 0.8312 Rec 0.8255
2026-09-01 12:26:19 | Epoch   4/100 | Train Loss 82.4355 Acc 0.8220 | Val Loss 91.5433 Acc 0.8389 AUC 0.9927 Pre 0.8325 Rec 0.8308
2026-09-01 12:26:25 | Epoch   5/100 | Train Loss 58.6444 Acc 0.8305 | Val Loss 72.4972 Acc 0.8413 AUC 0.9924 Pre 0.8442 Rec 0.8334
2026-09-01 12:26:32 | Epoch   6/100 | Train Loss 44.4199 Acc 0.8348 | Val Loss 61.2363 Acc 0.8386 AUC 0.9915 Pre 0.8486 Rec 0.8306
2026-09-01 12:26:39 | Epoch   7/100 | Train Loss 35.2508 Acc 0.8326 | Val Loss 51.2567 Acc 0.8400 AUC 0.9918 Pre 0.8623 Rec 0.8321
2026-09-01 12:26:45 | Epoch   8/100 | Train Loss 28.9111 Acc 0.8288 | Val Loss 44.7573 Acc 0.8393 AUC 0.9911 Pre 0.8663 Rec 0.8317
2026-09-01 12:26:52 | Epoch   9/100 | Train Loss 24.3264 Acc 0.8187 | Val Loss 38.6914 Acc 0.8364 AUC 0.9912 Pre 0.8612 Rec 0.8299
2026-09-01 12:26:59 | Epoch  10/100 | Train Loss 20.7473 Acc 0.8100 | Val Loss 34.5831 Acc 0.8346 AUC 0.9908 Pre 0.8709 Rec 0.8289
2026-09-01 12:27:05 | Epoch  11/100 | Train Loss 18.1086 Acc 0.7975 | Val Loss 30.5978 Acc 0.8333 AUC 0.9909 Pre 0.8720 Rec 0.8279
2026-09-01 12:27:12 | Epoch  12/100 | Train Loss 16.0509 Acc 0.7845 | Val Loss 27.5733 Acc 0.8292 AUC 0.9908 Pre 0.8781 Rec 0.8242
2026-09-01 12:27:12 | Val AUC did not improve for 10 consecutive epochs, early stopping at Epoch 12 (best AUC 0.9935 @ Epoch 2)
2026-09-01 12:27:14 | Run 5/5 | Test (best model @ Epoch 2) | Loss 164.1935 Acc 0.8273 AUC 0.9935 Pre 0.8206 Rec 0.8175
2026-09-01 12:27:14 | Average over 5 runs | Test Loss 162.6118±2.0108 Acc 0.8281±0.0016 AUC 0.9937±0.0002 Pre 0.8262±0.0053 Rec 0.8190±0.0020
