2026-08-27 16:13:58 | Device: cuda
2026-08-27 16:13:58 | Args: {'model': 'fgib', 'backbone': 'gnn', 'task': 'cora', 'epochs': 100, 'batch_size': 512, 'lr': 0.01, 'hidden_dims': [512, 256], 'dropout': 0.2, 'z_dim': 256, 'anchor_scale': 4.0, 'max_len': 250, 'random_labels': False, 'beta': 0.0001, 'patience': 10, 'runs': 5, 'seed': 0, 'data_dir': './data', 'save_path': 'output/cora_gnn_fgib/cora_gnn_fgib.pt', 'log_path': '/root/autodl-tmp/FGIB/tune_results/cora_gnn_fgib_beta_0.0001_anchor_4/train.log', 'no_save': True}
2026-08-27 16:14:14 | Cora 划分（60/20/20 分层）：train 1624 / val 542 / test 542（共 2708 节点，7 类）
2026-08-27 16:14:16 | ===== Run 1/5 (seed 0) =====
2026-08-27 16:14:19 | Epoch   1/100 | Train Loss 1.9550 Acc 0.1096 | Val Loss 1.9077 Acc 0.4539 AUC 0.9091 Pre 0.2552 Rec 0.2889
2026-08-27 16:14:19 |   Val AUC improved to 0.9091, model saved
2026-08-27 16:14:19 | Epoch   2/100 | Train Loss 1.9061 Acc 0.4618 | Val Loss 1.7943 Acc 0.3026 AUC 0.8800 Pre 0.0432 Rec 0.1429
2026-08-27 16:14:19 | Epoch   3/100 | Train Loss 1.7896 Acc 0.3017 | Val Loss 1.6940 Acc 0.3026 AUC 0.8400 Pre 0.0432 Rec 0.1429
2026-08-27 16:14:19 | Epoch   4/100 | Train Loss 1.6893 Acc 0.3017 | Val Loss 1.5515 Acc 0.3100 AUC 0.9060 Pre 0.1864 Rec 0.1497
2026-08-27 16:14:19 | Epoch   5/100 | Train Loss 1.5352 Acc 0.3091 | Val Loss 1.3745 Acc 0.5074 AUC 0.9416 Pre 0.4608 Rec 0.3328
2026-08-27 16:14:20 |   Val AUC improved to 0.9416, model saved
2026-08-27 16:14:20 | Epoch   6/100 | Train Loss 1.3431 Acc 0.5406 | Val Loss 1.1932 Acc 0.6845 AUC 0.9543 Pre 0.5426 Rec 0.5275
2026-08-27 16:14:21 |   Val AUC improved to 0.9543, model saved
2026-08-27 16:14:21 | Epoch   7/100 | Train Loss 1.1481 Acc 0.7161 | Val Loss 1.0027 Acc 0.7306 AUC 0.9607 Pre 0.5329 Rec 0.5838
2026-08-27 16:14:21 |   Val AUC improved to 0.9607, model saved
2026-08-27 16:14:22 | Epoch   8/100 | Train Loss 0.9450 Acc 0.7555 | Val Loss 0.8392 Acc 0.7565 AUC 0.9625 Pre 0.6884 Rec 0.6154
2026-08-27 16:14:22 |   Val AUC improved to 0.9625, model saved
2026-08-27 16:14:22 | Epoch   9/100 | Train Loss 0.7675 Acc 0.7716 | Val Loss 0.7250 Acc 0.7546 AUC 0.9643 Pre 0.6816 Rec 0.6188
2026-08-27 16:14:23 |   Val AUC improved to 0.9643, model saved
2026-08-27 16:14:23 | Epoch  10/100 | Train Loss 0.6287 Acc 0.7857 | Val Loss 0.6427 Acc 0.7860 AUC 0.9671 Pre 0.8395 Rec 0.6689
2026-08-27 16:14:23 |   Val AUC improved to 0.9671, model saved
2026-08-27 16:14:23 | Epoch  11/100 | Train Loss 0.5229 Acc 0.8073 | Val Loss 0.5875 Acc 0.7989 AUC 0.9700 Pre 0.8459 Rec 0.6995
2026-08-27 16:14:24 |   Val AUC improved to 0.9700, model saved
2026-08-27 16:14:24 | Epoch  12/100 | Train Loss 0.4401 Acc 0.8368 | Val Loss 0.5542 Acc 0.8210 AUC 0.9723 Pre 0.8487 Rec 0.7505
2026-08-27 16:14:24 |   Val AUC improved to 0.9723, model saved
2026-08-27 16:14:25 | Epoch  13/100 | Train Loss 0.3706 Acc 0.8867 | Val Loss 0.5336 Acc 0.8579 AUC 0.9737 Pre 0.8402 Rec 0.8292
2026-08-27 16:14:25 |   Val AUC improved to 0.9737, model saved
2026-08-27 16:14:25 | Epoch  14/100 | Train Loss 0.3096 Acc 0.9175 | Val Loss 0.5408 Acc 0.8635 AUC 0.9744 Pre 0.8356 Rec 0.8493
2026-08-27 16:14:25 |   Val AUC improved to 0.9744, model saved
2026-08-27 16:14:25 | Epoch  15/100 | Train Loss 0.2627 Acc 0.9255 | Val Loss 0.5749 Acc 0.8616 AUC 0.9743 Pre 0.8387 Rec 0.8520
2026-08-27 16:14:26 | Epoch  16/100 | Train Loss 0.2424 Acc 0.9261 | Val Loss 0.6030 Acc 0.8653 AUC 0.9741 Pre 0.8420 Rec 0.8491
2026-08-27 16:14:26 | Epoch  17/100 | Train Loss 0.2133 Acc 0.9261 | Val Loss 0.6367 Acc 0.8635 AUC 0.9739 Pre 0.8417 Rec 0.8436
2026-08-27 16:14:26 | Epoch  18/100 | Train Loss 0.1871 Acc 0.9366 | Val Loss 0.6813 Acc 0.8635 AUC 0.9740 Pre 0.8486 Rec 0.8448
2026-08-27 16:14:26 | Epoch  19/100 | Train Loss 0.1649 Acc 0.9477 | Val Loss 0.7349 Acc 0.8635 AUC 0.9741 Pre 0.8581 Rec 0.8450
2026-08-27 16:14:26 | Epoch  20/100 | Train Loss 0.1557 Acc 0.9483 | Val Loss 0.7919 Acc 0.8690 AUC 0.9741 Pre 0.8647 Rec 0.8527
2026-08-27 16:14:26 | Epoch  21/100 | Train Loss 0.1406 Acc 0.9532 | Val Loss 0.8343 Acc 0.8598 AUC 0.9737 Pre 0.8513 Rec 0.8457
2026-08-27 16:14:26 | Epoch  22/100 | Train Loss 0.1305 Acc 0.9557 | Val Loss 0.8746 Acc 0.8561 AUC 0.9735 Pre 0.8439 Rec 0.8420
2026-08-27 16:14:26 | Epoch  23/100 | Train Loss 0.1087 Acc 0.9655 | Val Loss 0.9160 Acc 0.8561 AUC 0.9731 Pre 0.8456 Rec 0.8420
2026-08-27 16:14:26 | Epoch  24/100 | Train Loss 0.0974 Acc 0.9649 | Val Loss 0.9508 Acc 0.8598 AUC 0.9726 Pre 0.8506 Rec 0.8477
2026-08-27 16:14:26 | Val AUC did not improve for 10 consecutive epochs, early stopping at Epoch 24 (best AUC 0.9744 @ Epoch 14)
2026-08-27 16:14:26 | Run 1/5 | Test (best model @ Epoch 14) | Loss 0.5073 Acc 0.8782 AUC 0.9788 Pre 0.8575 Rec 0.8728
2026-08-27 16:14:26 | ===== Run 2/5 (seed 1) =====
2026-08-27 16:14:26 | Epoch   1/100 | Train Loss 1.9364 Acc 0.3017 | Val Loss 1.8880 Acc 0.3026 AUC 0.9061 Pre 0.0432 Rec 0.1429
2026-08-27 16:14:27 |   Val AUC improved to 0.9061, model saved
2026-08-27 16:14:27 | Epoch   2/100 | Train Loss 1.8863 Acc 0.3017 | Val Loss 1.7776 Acc 0.3026 AUC 0.8747 Pre 0.0432 Rec 0.1429
2026-08-27 16:14:27 | Epoch   3/100 | Train Loss 1.7737 Acc 0.3017 | Val Loss 1.6990 Acc 0.3026 AUC 0.8409 Pre 0.0432 Rec 0.1429
2026-08-27 16:14:27 | Epoch   4/100 | Train Loss 1.6951 Acc 0.3017 | Val Loss 1.5403 Acc 0.3026 AUC 0.9167 Pre 0.0432 Rec 0.1429
2026-08-27 16:14:27 |   Val AUC improved to 0.9167, model saved
2026-08-27 16:14:27 | Epoch   5/100 | Train Loss 1.5253 Acc 0.3042 | Val Loss 1.3847 Acc 0.5240 AUC 0.9444 Pre 0.5596 Rec 0.3491
2026-08-27 16:14:28 |   Val AUC improved to 0.9444, model saved
2026-08-27 16:14:28 | Epoch   6/100 | Train Loss 1.3581 Acc 0.5579 | Val Loss 1.2095 Acc 0.6993 AUC 0.9541 Pre 0.5315 Rec 0.5475
2026-08-27 16:14:28 |   Val AUC improved to 0.9541, model saved
2026-08-27 16:14:29 | Epoch   7/100 | Train Loss 1.1690 Acc 0.7297 | Val Loss 1.0136 Acc 0.7343 AUC 0.9581 Pre 0.5368 Rec 0.5918
2026-08-27 16:14:29 |   Val AUC improved to 0.9581, model saved
2026-08-27 16:14:29 | Epoch   8/100 | Train Loss 0.9628 Acc 0.7635 | Val Loss 0.8487 Acc 0.7509 AUC 0.9596 Pre 0.6889 Rec 0.6126
2026-08-27 16:14:29 |   Val AUC improved to 0.9596, model saved
2026-08-27 16:14:29 | Epoch   9/100 | Train Loss 0.7802 Acc 0.7728 | Val Loss 0.7369 Acc 0.7583 AUC 0.9623 Pre 0.6851 Rec 0.6253
2026-08-27 16:14:30 |   Val AUC improved to 0.9623, model saved
2026-08-27 16:14:30 | Epoch  10/100 | Train Loss 0.6447 Acc 0.7826 | Val Loss 0.6590 Acc 0.7749 AUC 0.9655 Pre 0.8343 Rec 0.6521
2026-08-27 16:14:30 |   Val AUC improved to 0.9655, model saved
2026-08-27 16:14:30 | Epoch  11/100 | Train Loss 0.5441 Acc 0.7956 | Val Loss 0.6057 Acc 0.7786 AUC 0.9685 Pre 0.8321 Rec 0.6701
2026-08-27 16:14:31 |   Val AUC improved to 0.9685, model saved
2026-08-27 16:14:31 | Epoch  12/100 | Train Loss 0.4658 Acc 0.8177 | Val Loss 0.5639 Acc 0.8284 AUC 0.9702 Pre 0.8500 Rec 0.7685
2026-08-27 16:14:31 |   Val AUC improved to 0.9702, model saved
2026-08-27 16:14:31 | Epoch  13/100 | Train Loss 0.3878 Acc 0.8879 | Val Loss 0.5304 Acc 0.8561 AUC 0.9723 Pre 0.8441 Rec 0.8254
2026-08-27 16:14:32 |   Val AUC improved to 0.9723, model saved
2026-08-27 16:14:32 | Epoch  14/100 | Train Loss 0.3151 Acc 0.9175 | Val Loss 0.5273 Acc 0.8672 AUC 0.9735 Pre 0.8423 Rec 0.8475
2026-08-27 16:14:32 |   Val AUC improved to 0.9735, model saved
2026-08-27 16:14:32 | Epoch  15/100 | Train Loss 0.2679 Acc 0.9280 | Val Loss 0.5575 Acc 0.8616 AUC 0.9742 Pre 0.8382 Rec 0.8478
2026-08-27 16:14:32 |   Val AUC improved to 0.9742, model saved
2026-08-27 16:14:33 | Epoch  16/100 | Train Loss 0.2449 Acc 0.9243 | Val Loss 0.5841 Acc 0.8653 AUC 0.9747 Pre 0.8406 Rec 0.8515
2026-08-27 16:14:33 |   Val AUC improved to 0.9747, model saved
2026-08-27 16:14:33 | Epoch  17/100 | Train Loss 0.2206 Acc 0.9261 | Val Loss 0.6033 Acc 0.8672 AUC 0.9752 Pre 0.8440 Rec 0.8500
2026-08-27 16:14:33 |   Val AUC improved to 0.9752, model saved
2026-08-27 16:14:33 | Epoch  18/100 | Train Loss 0.1905 Acc 0.9310 | Val Loss 0.6410 Acc 0.8635 AUC 0.9755 Pre 0.8419 Rec 0.8443
2026-08-27 16:14:34 |   Val AUC improved to 0.9755, model saved
2026-08-27 16:14:34 | Epoch  19/100 | Train Loss 0.1714 Acc 0.9421 | Val Loss 0.6892 Acc 0.8616 AUC 0.9755 Pre 0.8488 Rec 0.8429
2026-08-27 16:14:34 | Epoch  20/100 | Train Loss 0.1527 Acc 0.9470 | Val Loss 0.7494 Acc 0.8616 AUC 0.9752 Pre 0.8559 Rec 0.8417
2026-08-27 16:14:34 | Epoch  21/100 | Train Loss 0.1442 Acc 0.9514 | Val Loss 0.7982 Acc 0.8598 AUC 0.9750 Pre 0.8551 Rec 0.8408
2026-08-27 16:14:34 | Epoch  22/100 | Train Loss 0.1256 Acc 0.9594 | Val Loss 0.8343 Acc 0.8579 AUC 0.9745 Pre 0.8486 Rec 0.8381
2026-08-27 16:14:34 | Epoch  23/100 | Train Loss 0.1110 Acc 0.9631 | Val Loss 0.8677 Acc 0.8616 AUC 0.9743 Pre 0.8480 Rec 0.8481
2026-08-27 16:14:34 | Epoch  24/100 | Train Loss 0.0971 Acc 0.9655 | Val Loss 0.8988 Acc 0.8542 AUC 0.9740 Pre 0.8405 Rec 0.8380
2026-08-27 16:14:34 | Epoch  25/100 | Train Loss 0.0847 Acc 0.9704 | Val Loss 0.9321 Acc 0.8579 AUC 0.9736 Pre 0.8447 Rec 0.8444
2026-08-27 16:14:34 | Epoch  26/100 | Train Loss 0.0796 Acc 0.9698 | Val Loss 0.9629 Acc 0.8616 AUC 0.9733 Pre 0.8474 Rec 0.8497
2026-08-27 16:14:34 | Epoch  27/100 | Train Loss 0.0764 Acc 0.9729 | Val Loss 0.9887 Acc 0.8653 AUC 0.9728 Pre 0.8522 Rec 0.8545
2026-08-27 16:14:34 | Epoch  28/100 | Train Loss 0.0700 Acc 0.9760 | Val Loss 1.0156 Acc 0.8708 AUC 0.9725 Pre 0.8566 Rec 0.8602
2026-08-27 16:14:34 | Val AUC did not improve for 10 consecutive epochs, early stopping at Epoch 28 (best AUC 0.9755 @ Epoch 18)
2026-08-27 16:14:34 | Run 2/5 | Test (best model @ Epoch 18) | Loss 0.5596 Acc 0.8727 AUC 0.9809 Pre 0.8618 Rec 0.8674
2026-08-27 16:14:34 | ===== Run 3/5 (seed 2) =====
2026-08-27 16:14:34 | Epoch   1/100 | Train Loss 1.9529 Acc 0.0683 | Val Loss 1.9058 Acc 0.5000 AUC 0.9147 Pre 0.2491 Rec 0.3347
2026-08-27 16:14:34 |   Val AUC improved to 0.9147, model saved
2026-08-27 16:14:34 | Epoch   2/100 | Train Loss 1.9041 Acc 0.5037 | Val Loss 1.7933 Acc 0.3026 AUC 0.8945 Pre 0.0432 Rec 0.1429
2026-08-27 16:14:34 | Epoch   3/100 | Train Loss 1.7900 Acc 0.3017 | Val Loss 1.6859 Acc 0.3026 AUC 0.8712 Pre 0.0432 Rec 0.1429
2026-08-27 16:14:34 | Epoch   4/100 | Train Loss 1.6807 Acc 0.3017 | Val Loss 1.5433 Acc 0.3026 AUC 0.9174 Pre 0.0432 Rec 0.1429
2026-08-27 16:14:34 |   Val AUC improved to 0.9174, model saved
2026-08-27 16:14:34 | Epoch   5/100 | Train Loss 1.5275 Acc 0.3017 | Val Loss 1.3559 Acc 0.5055 AUC 0.9450 Pre 0.6028 Rec 0.3334
2026-08-27 16:14:34 |   Val AUC improved to 0.9450, model saved
2026-08-27 16:14:34 | Epoch   6/100 | Train Loss 1.3233 Acc 0.5320 | Val Loss 1.1642 Acc 0.7288 AUC 0.9573 Pre 0.5522 Rec 0.5883
2026-08-27 16:14:34 |   Val AUC improved to 0.9573, model saved
2026-08-27 16:14:34 | Epoch   7/100 | Train Loss 1.1157 Acc 0.7537 | Val Loss 0.9604 Acc 0.7546 AUC 0.9622 Pre 0.6826 Rec 0.6258
2026-08-27 16:14:34 |   Val AUC improved to 0.9622, model saved
2026-08-27 16:14:35 | Epoch   8/100 | Train Loss 0.8982 Acc 0.7777 | Val Loss 0.7869 Acc 0.7583 AUC 0.9649 Pre 0.6780 Rec 0.6324
2026-08-27 16:14:35 |   Val AUC improved to 0.9649, model saved
2026-08-27 16:14:35 | Epoch   9/100 | Train Loss 0.7042 Acc 0.7845 | Val Loss 0.6762 Acc 0.7675 AUC 0.9670 Pre 0.8295 Rec 0.6486
2026-08-27 16:14:35 |   Val AUC improved to 0.9670, model saved
2026-08-27 16:14:35 | Epoch  10/100 | Train Loss 0.5685 Acc 0.7986 | Val Loss 0.6082 Acc 0.7915 AUC 0.9694 Pre 0.8415 Rec 0.6888
2026-08-27 16:14:35 |   Val AUC improved to 0.9694, model saved
2026-08-27 16:14:35 | Epoch  11/100 | Train Loss 0.4687 Acc 0.8374 | Val Loss 0.5611 Acc 0.8247 AUC 0.9715 Pre 0.8583 Rec 0.7525
2026-08-27 16:14:35 |   Val AUC improved to 0.9715, model saved
2026-08-27 16:14:35 | Epoch  12/100 | Train Loss 0.3887 Acc 0.8812 | Val Loss 0.5297 Acc 0.8616 AUC 0.9731 Pre 0.8679 Rec 0.8288
2026-08-27 16:14:35 |   Val AUC improved to 0.9731, model saved
2026-08-27 16:14:35 | Epoch  13/100 | Train Loss 0.3226 Acc 0.9175 | Val Loss 0.5247 Acc 0.8635 AUC 0.9744 Pre 0.8390 Rec 0.8419
2026-08-27 16:14:35 |   Val AUC improved to 0.9744, model saved
2026-08-27 16:14:35 | Epoch  14/100 | Train Loss 0.2731 Acc 0.9286 | Val Loss 0.5521 Acc 0.8653 AUC 0.9749 Pre 0.8430 Rec 0.8478
2026-08-27 16:14:35 |   Val AUC improved to 0.9749, model saved
2026-08-27 16:14:35 | Epoch  15/100 | Train Loss 0.2466 Acc 0.9187 | Val Loss 0.5793 Acc 0.8672 AUC 0.9751 Pre 0.8454 Rec 0.8495
2026-08-27 16:14:35 |   Val AUC improved to 0.9751, model saved
2026-08-27 16:14:35 | Epoch  16/100 | Train Loss 0.2190 Acc 0.9298 | Val Loss 0.6074 Acc 0.8708 AUC 0.9750 Pre 0.8524 Rec 0.8509
2026-08-27 16:14:35 | Epoch  17/100 | Train Loss 0.1889 Acc 0.9353 | Val Loss 0.6518 Acc 0.8672 AUC 0.9752 Pre 0.8573 Rec 0.8479
2026-08-27 16:14:35 |   Val AUC improved to 0.9752, model saved
2026-08-27 16:14:35 | Epoch  18/100 | Train Loss 0.1712 Acc 0.9409 | Val Loss 0.7064 Acc 0.8635 AUC 0.9753 Pre 0.8563 Rec 0.8442
2026-08-27 16:14:35 |   Val AUC improved to 0.9753, model saved
2026-08-27 16:14:35 | Epoch  19/100 | Train Loss 0.1562 Acc 0.9544 | Val Loss 0.7651 Acc 0.8672 AUC 0.9750 Pre 0.8612 Rec 0.8507
2026-08-27 16:14:35 | Epoch  20/100 | Train Loss 0.1411 Acc 0.9544 | Val Loss 0.8174 Acc 0.8579 AUC 0.9746 Pre 0.8501 Rec 0.8420
2026-08-27 16:14:35 | Epoch  21/100 | Train Loss 0.1222 Acc 0.9581 | Val Loss 0.8643 Acc 0.8616 AUC 0.9739 Pre 0.8558 Rec 0.8473
2026-08-27 16:14:35 | Epoch  22/100 | Train Loss 0.1117 Acc 0.9618 | Val Loss 0.9106 Acc 0.8579 AUC 0.9734 Pre 0.8475 Rec 0.8455
2026-08-27 16:14:35 | Epoch  23/100 | Train Loss 0.0952 Acc 0.9655 | Val Loss 0.9577 Acc 0.8616 AUC 0.9729 Pre 0.8518 Rec 0.8482
2026-08-27 16:14:35 | Epoch  24/100 | Train Loss 0.0877 Acc 0.9674 | Val Loss 0.9995 Acc 0.8598 AUC 0.9725 Pre 0.8495 Rec 0.8465
2026-08-27 16:14:35 | Epoch  25/100 | Train Loss 0.0817 Acc 0.9667 | Val Loss 1.0257 Acc 0.8653 AUC 0.9723 Pre 0.8524 Rec 0.8517
2026-08-27 16:14:35 | Epoch  26/100 | Train Loss 0.0713 Acc 0.9717 | Val Loss 1.0519 Acc 0.8616 AUC 0.9719 Pre 0.8463 Rec 0.8447
2026-08-27 16:14:35 | Epoch  27/100 | Train Loss 0.0661 Acc 0.9741 | Val Loss 1.0842 Acc 0.8616 AUC 0.9718 Pre 0.8498 Rec 0.8454
2026-08-27 16:14:35 | Epoch  28/100 | Train Loss 0.0586 Acc 0.9754 | Val Loss 1.1234 Acc 0.8690 AUC 0.9716 Pre 0.8604 Rec 0.8535
2026-08-27 16:14:35 | Val AUC did not improve for 10 consecutive epochs, early stopping at Epoch 28 (best AUC 0.9753 @ Epoch 18)
2026-08-27 16:14:35 | Run 3/5 | Test (best model @ Epoch 18) | Loss 0.6318 Acc 0.8727 AUC 0.9801 Pre 0.8681 Rec 0.8587
2026-08-27 16:14:35 | ===== Run 4/5 (seed 3) =====
2026-08-27 16:14:35 | Epoch   1/100 | Train Loss 1.9354 Acc 0.1539 | Val Loss 1.8883 Acc 0.3026 AUC 0.9173 Pre 0.0432 Rec 0.1429
2026-08-27 16:14:35 |   Val AUC improved to 0.9173, model saved
2026-08-27 16:14:35 | Epoch   2/100 | Train Loss 1.8871 Acc 0.3017 | Val Loss 1.7788 Acc 0.3026 AUC 0.8929 Pre 0.0432 Rec 0.1429
2026-08-27 16:14:35 | Epoch   3/100 | Train Loss 1.7758 Acc 0.3017 | Val Loss 1.6804 Acc 0.3026 AUC 0.8673 Pre 0.0432 Rec 0.1429
2026-08-27 16:14:35 | Epoch   4/100 | Train Loss 1.6782 Acc 0.3017 | Val Loss 1.5252 Acc 0.3026 AUC 0.9229 Pre 0.0432 Rec 0.1429
2026-08-27 16:14:35 |   Val AUC improved to 0.9229, model saved
2026-08-27 16:14:35 | Epoch   5/100 | Train Loss 1.5096 Acc 0.3073 | Val Loss 1.3486 Acc 0.5351 AUC 0.9476 Pre 0.4324 Rec 0.3588
2026-08-27 16:14:35 |   Val AUC improved to 0.9476, model saved
2026-08-27 16:14:35 | Epoch   6/100 | Train Loss 1.3207 Acc 0.5677 | Val Loss 1.1632 Acc 0.7066 AUC 0.9567 Pre 0.5470 Rec 0.5531
2026-08-27 16:14:36 |   Val AUC improved to 0.9567, model saved
2026-08-27 16:14:36 | Epoch   7/100 | Train Loss 1.1210 Acc 0.7278 | Val Loss 0.9679 Acc 0.7472 AUC 0.9607 Pre 0.6938 Rec 0.6076
2026-08-27 16:14:36 |   Val AUC improved to 0.9607, model saved
2026-08-27 16:14:36 | Epoch   8/100 | Train Loss 0.9113 Acc 0.7642 | Val Loss 0.8045 Acc 0.7657 AUC 0.9625 Pre 0.8406 Rec 0.6369
2026-08-27 16:14:36 |   Val AUC improved to 0.9625, model saved
2026-08-27 16:14:36 | Epoch   9/100 | Train Loss 0.7285 Acc 0.7894 | Val Loss 0.6905 Acc 0.7897 AUC 0.9653 Pre 0.8532 Rec 0.6784
2026-08-27 16:14:36 |   Val AUC improved to 0.9653, model saved
2026-08-27 16:14:36 | Epoch  10/100 | Train Loss 0.5910 Acc 0.8190 | Val Loss 0.6119 Acc 0.8044 AUC 0.9683 Pre 0.8493 Rec 0.7135
2026-08-27 16:14:36 |   Val AUC improved to 0.9683, model saved
2026-08-27 16:14:36 | Epoch  11/100 | Train Loss 0.4858 Acc 0.8405 | Val Loss 0.5606 Acc 0.8339 AUC 0.9706 Pre 0.8557 Rec 0.7798
2026-08-27 16:14:36 |   Val AUC improved to 0.9706, model saved
2026-08-27 16:14:36 | Epoch  12/100 | Train Loss 0.4035 Acc 0.8768 | Val Loss 0.5255 Acc 0.8561 AUC 0.9728 Pre 0.8490 Rec 0.8254
2026-08-27 16:14:36 |   Val AUC improved to 0.9728, model saved
2026-08-27 16:14:36 | Epoch  13/100 | Train Loss 0.3308 Acc 0.9144 | Val Loss 0.5135 Acc 0.8598 AUC 0.9748 Pre 0.8313 Rec 0.8365
2026-08-27 16:14:36 |   Val AUC improved to 0.9748, model saved
2026-08-27 16:14:36 | Epoch  14/100 | Train Loss 0.2740 Acc 0.9200 | Val Loss 0.5350 Acc 0.8616 AUC 0.9758 Pre 0.8362 Rec 0.8454
2026-08-27 16:14:36 |   Val AUC improved to 0.9758, model saved
2026-08-27 16:14:36 | Epoch  15/100 | Train Loss 0.2411 Acc 0.9267 | Val Loss 0.5712 Acc 0.8635 AUC 0.9756 Pre 0.8447 Rec 0.8455
2026-08-27 16:14:36 | Epoch  16/100 | Train Loss 0.2225 Acc 0.9230 | Val Loss 0.5986 Acc 0.8672 AUC 0.9758 Pre 0.8480 Rec 0.8472
2026-08-27 16:14:36 | Epoch  17/100 | Train Loss 0.1957 Acc 0.9298 | Val Loss 0.6321 Acc 0.8672 AUC 0.9761 Pre 0.8517 Rec 0.8495
2026-08-27 16:14:36 |   Val AUC improved to 0.9761, model saved
2026-08-27 16:14:36 | Epoch  18/100 | Train Loss 0.1772 Acc 0.9397 | Val Loss 0.6756 Acc 0.8690 AUC 0.9762 Pre 0.8579 Rec 0.8516
2026-08-27 16:14:36 |   Val AUC improved to 0.9762, model saved
2026-08-27 16:14:36 | Epoch  19/100 | Train Loss 0.1596 Acc 0.9452 | Val Loss 0.7290 Acc 0.8653 AUC 0.9762 Pre 0.8582 Rec 0.8471
2026-08-27 16:14:36 | Epoch  20/100 | Train Loss 0.1499 Acc 0.9470 | Val Loss 0.7800 Acc 0.8672 AUC 0.9760 Pre 0.8610 Rec 0.8488
2026-08-27 16:14:36 | Epoch  21/100 | Train Loss 0.1320 Acc 0.9557 | Val Loss 0.8288 Acc 0.8616 AUC 0.9756 Pre 0.8525 Rec 0.8457
2026-08-27 16:14:36 | Epoch  22/100 | Train Loss 0.1134 Acc 0.9581 | Val Loss 0.8699 Acc 0.8616 AUC 0.9750 Pre 0.8488 Rec 0.8487
2026-08-27 16:14:36 | Epoch  23/100 | Train Loss 0.0991 Acc 0.9631 | Val Loss 0.9078 Acc 0.8598 AUC 0.9744 Pre 0.8483 Rec 0.8470
2026-08-27 16:14:36 | Epoch  24/100 | Train Loss 0.0920 Acc 0.9655 | Val Loss 0.9434 Acc 0.8616 AUC 0.9739 Pre 0.8501 Rec 0.8485
2026-08-27 16:14:36 | Epoch  25/100 | Train Loss 0.0786 Acc 0.9741 | Val Loss 0.9818 Acc 0.8598 AUC 0.9734 Pre 0.8497 Rec 0.8465
2026-08-27 16:14:36 | Epoch  26/100 | Train Loss 0.0743 Acc 0.9754 | Val Loss 1.0154 Acc 0.8635 AUC 0.9731 Pre 0.8514 Rec 0.8506
2026-08-27 16:14:36 | Epoch  27/100 | Train Loss 0.0710 Acc 0.9772 | Val Loss 1.0373 Acc 0.8653 AUC 0.9728 Pre 0.8541 Rec 0.8556
2026-08-27 16:14:36 | Epoch  28/100 | Train Loss 0.0668 Acc 0.9766 | Val Loss 1.0599 Acc 0.8653 AUC 0.9725 Pre 0.8522 Rec 0.8518
2026-08-27 16:14:36 | Val AUC did not improve for 10 consecutive epochs, early stopping at Epoch 28 (best AUC 0.9762 @ Epoch 18)
2026-08-27 16:14:36 | Run 4/5 | Test (best model @ Epoch 18) | Loss 0.6196 Acc 0.8727 AUC 0.9802 Pre 0.8712 Rec 0.8627
2026-08-27 16:14:36 | ===== Run 5/5 (seed 4) =====
2026-08-27 16:14:36 | Epoch   1/100 | Train Loss 1.9538 Acc 0.1004 | Val Loss 1.9063 Acc 0.4926 AUC 0.9213 Pre 0.2625 Rec 0.3270
2026-08-27 16:14:36 |   Val AUC improved to 0.9213, model saved
2026-08-27 16:14:36 | Epoch   2/100 | Train Loss 1.9044 Acc 0.4914 | Val Loss 1.7899 Acc 0.3026 AUC 0.8932 Pre 0.0432 Rec 0.1429
2026-08-27 16:14:36 | Epoch   3/100 | Train Loss 1.7855 Acc 0.3017 | Val Loss 1.6757 Acc 0.3026 AUC 0.8588 Pre 0.0432 Rec 0.1429
2026-08-27 16:14:36 | Epoch   4/100 | Train Loss 1.6696 Acc 0.3017 | Val Loss 1.5226 Acc 0.3137 AUC 0.9123 Pre 0.1866 Rec 0.1531
2026-08-27 16:14:36 | Epoch   5/100 | Train Loss 1.5045 Acc 0.3208 | Val Loss 1.3247 Acc 0.5387 AUC 0.9433 Pre 0.5722 Rec 0.3640
2026-08-27 16:14:36 |   Val AUC improved to 0.9433, model saved
2026-08-27 16:14:36 | Epoch   6/100 | Train Loss 1.2925 Acc 0.5788 | Val Loss 1.1331 Acc 0.7288 AUC 0.9546 Pre 0.5414 Rec 0.5839
2026-08-27 16:14:36 |   Val AUC improved to 0.9546, model saved
2026-08-27 16:14:36 | Epoch   7/100 | Train Loss 1.0898 Acc 0.7518 | Val Loss 0.9439 Acc 0.7565 AUC 0.9596 Pre 0.5473 Rec 0.6201
2026-08-27 16:14:36 |   Val AUC improved to 0.9596, model saved
2026-08-27 16:14:36 | Epoch   8/100 | Train Loss 0.8896 Acc 0.7746 | Val Loss 0.7907 Acc 0.7583 AUC 0.9627 Pre 0.5437 Rec 0.6237
2026-08-27 16:14:36 |   Val AUC improved to 0.9627, model saved
2026-08-27 16:14:36 | Epoch   9/100 | Train Loss 0.7165 Acc 0.7820 | Val Loss 0.6961 Acc 0.7657 AUC 0.9651 Pre 0.6891 Rec 0.6339
2026-08-27 16:14:36 |   Val AUC improved to 0.9651, model saved
2026-08-27 16:14:36 | Epoch  10/100 | Train Loss 0.5961 Acc 0.7900 | Val Loss 0.6354 Acc 0.7897 AUC 0.9677 Pre 0.8421 Rec 0.6770
2026-08-27 16:14:36 |   Val AUC improved to 0.9677, model saved
2026-08-27 16:14:36 | Epoch  11/100 | Train Loss 0.5049 Acc 0.8153 | Val Loss 0.5888 Acc 0.8137 AUC 0.9697 Pre 0.8447 Rec 0.7249
2026-08-27 16:14:36 |   Val AUC improved to 0.9697, model saved
2026-08-27 16:14:36 | Epoch  12/100 | Train Loss 0.4271 Acc 0.8547 | Val Loss 0.5534 Acc 0.8542 AUC 0.9715 Pre 0.8722 Rec 0.8076
2026-08-27 16:14:36 |   Val AUC improved to 0.9715, model saved
2026-08-27 16:14:36 | Epoch  13/100 | Train Loss 0.3575 Acc 0.8941 | Val Loss 0.5328 Acc 0.8653 AUC 0.9732 Pre 0.8524 Rec 0.8382
2026-08-27 16:14:36 |   Val AUC improved to 0.9732, model saved
2026-08-27 16:14:36 | Epoch  14/100 | Train Loss 0.2970 Acc 0.9273 | Val Loss 0.5412 Acc 0.8616 AUC 0.9745 Pre 0.8363 Rec 0.8457
2026-08-27 16:14:36 |   Val AUC improved to 0.9745, model saved
2026-08-27 16:14:36 | Epoch  15/100 | Train Loss 0.2564 Acc 0.9292 | Val Loss 0.5727 Acc 0.8635 AUC 0.9753 Pre 0.8383 Rec 0.8500
2026-08-27 16:14:36 |   Val AUC improved to 0.9753, model saved
2026-08-27 16:14:36 | Epoch  16/100 | Train Loss 0.2356 Acc 0.9267 | Val Loss 0.6013 Acc 0.8653 AUC 0.9752 Pre 0.8400 Rec 0.8494
2026-08-27 16:14:36 | Epoch  17/100 | Train Loss 0.2093 Acc 0.9304 | Val Loss 0.6394 Acc 0.8635 AUC 0.9748 Pre 0.8407 Rec 0.8474
2026-08-27 16:14:36 | Epoch  18/100 | Train Loss 0.1830 Acc 0.9372 | Val Loss 0.6873 Acc 0.8616 AUC 0.9748 Pre 0.8443 Rec 0.8415
2026-08-27 16:14:36 | Epoch  19/100 | Train Loss 0.1600 Acc 0.9477 | Val Loss 0.7472 Acc 0.8598 AUC 0.9748 Pre 0.8531 Rec 0.8377
2026-08-27 16:14:36 | Epoch  20/100 | Train Loss 0.1453 Acc 0.9550 | Val Loss 0.8052 Acc 0.8598 AUC 0.9746 Pre 0.8542 Rec 0.8398
2026-08-27 16:14:36 | Epoch  21/100 | Train Loss 0.1335 Acc 0.9544 | Val Loss 0.8499 Acc 0.8579 AUC 0.9742 Pre 0.8511 Rec 0.8415
2026-08-27 16:14:36 | Epoch  22/100 | Train Loss 0.1159 Acc 0.9600 | Val Loss 0.8900 Acc 0.8579 AUC 0.9739 Pre 0.8487 Rec 0.8427
2026-08-27 16:14:36 | Epoch  23/100 | Train Loss 0.1013 Acc 0.9600 | Val Loss 0.9274 Acc 0.8635 AUC 0.9737 Pre 0.8537 Rec 0.8489
2026-08-27 16:14:36 | Epoch  24/100 | Train Loss 0.0902 Acc 0.9637 | Val Loss 0.9622 Acc 0.8672 AUC 0.9734 Pre 0.8552 Rec 0.8553
2026-08-27 16:14:36 | Epoch  25/100 | Train Loss 0.0813 Acc 0.9655 | Val Loss 0.9965 Acc 0.8672 AUC 0.9731 Pre 0.8550 Rec 0.8540
2026-08-27 16:14:36 | Val AUC did not improve for 10 consecutive epochs, early stopping at Epoch 25 (best AUC 0.9753 @ Epoch 15)
2026-08-27 16:14:36 | Run 5/5 | Test (best model @ Epoch 15) | Loss 0.5398 Acc 0.8764 AUC 0.9791 Pre 0.8598 Rec 0.8753
2026-08-27 16:14:36 | Average over 5 runs | Test Loss 0.5716±0.0530 Acc 0.8745±0.0026 AUC 0.9798±0.0009 Pre 0.8637±0.0058 Rec 0.8674±0.0069
