2026-09-02 07:26:58 | Device: cuda
2026-09-02 07:26:58 | Args: {'model': 'opb', 'backbone': 'cnn', 'task': 'agedb', 'epochs': 100, 'batch_size': 512, 'lr': 0.001, 'hidden_dims': [512, 256], 'dropout': 0.2, 'z_dim': 256, 'anchor_scale': 8.0, 'energy_classifier': False, 'tied_head': True, 'max_len': 250, 'random_labels': False, 'beta': 0.01, 'patience': 10, 'runs': 5, 'seed': 0, 'data_dir': './data', 'save_path': 'output/agedb_cnn_opb/agedb_cnn_opb.pt', 'log_path': '/root/autodl-tmp/IB/tune_results/agedb_cnn_opb_beta_0.01_anchor_8/train.log', 'no_save': True}
2026-09-02 07:26:58 | AgeDB 图像：16488 张，年龄 1~101 岁
2026-09-02 07:26:58 | AgeDB 划分（60/20/20）：train 9892 / val 3298 / test 3298（共 16488 张）
2026-09-02 07:26:58 | AgeDB 预解码缓存命中：./data/agedb/agedb_64x64_uint8.npy
2026-09-02 07:26:58 | AgeDB 加载完成：9892/3298/3298（batch 512，RGB 64x64，ImageNet 归一化），年龄 MinMax 归一化到 [0,1]（1~101 岁）
2026-09-02 07:26:58 | ===== Run 1/5 (seed 0) =====
2026-09-02 07:27:01 | Epoch   1/100 | Train Loss 0.3346 | Val Loss 0.1675 MAE 26.4778 R2 -2.3043
2026-09-02 07:27:01 |   Val R2 improved to -2.3043, model saved
2026-09-02 07:27:02 | Epoch   2/100 | Train Loss 0.1340 | Val Loss 0.0533 MAE 14.9678 R2 -0.2232
2026-09-02 07:27:02 |   Val R2 improved to -0.2232, model saved
2026-09-02 07:27:04 | Epoch   3/100 | Train Loss 0.0819 | Val Loss 0.0430 MAE 13.6269 R2 -0.0046
2026-09-02 07:27:04 |   Val R2 improved to -0.0046, model saved
2026-09-02 07:27:06 | Epoch   4/100 | Train Loss 0.0626 | Val Loss 0.0351 MAE 12.3307 R2 0.1811
2026-09-02 07:27:06 |   Val R2 improved to 0.1811, model saved
2026-09-02 07:27:07 | Epoch   5/100 | Train Loss 0.0531 | Val Loss 0.0319 MAE 11.7549 R2 0.2530
2026-09-02 07:27:07 |   Val R2 improved to 0.2530, model saved
2026-09-02 07:27:09 | Epoch   6/100 | Train Loss 0.0479 | Val Loss 0.0297 MAE 11.3417 R2 0.3133
2026-09-02 07:27:09 |   Val R2 improved to 0.3133, model saved
2026-09-02 07:27:11 | Epoch   7/100 | Train Loss 0.0451 | Val Loss 0.0295 MAE 11.2189 R2 0.3099
2026-09-02 07:27:13 | Epoch   8/100 | Train Loss 0.0434 | Val Loss 0.0279 MAE 10.9117 R2 0.3548
2026-09-02 07:27:13 |   Val R2 improved to 0.3548, model saved
2026-09-02 07:27:14 | Epoch   9/100 | Train Loss 0.0417 | Val Loss 0.0276 MAE 10.8642 R2 0.3565
2026-09-02 07:27:14 |   Val R2 improved to 0.3565, model saved
2026-09-02 07:27:16 | Epoch  10/100 | Train Loss 0.0401 | Val Loss 0.0270 MAE 10.7454 R2 0.3842
2026-09-02 07:27:16 |   Val R2 improved to 0.3842, model saved
2026-09-02 07:27:18 | Epoch  11/100 | Train Loss 0.0394 | Val Loss 0.0267 MAE 10.5788 R2 0.3853
2026-09-02 07:27:18 |   Val R2 improved to 0.3853, model saved
2026-09-02 07:27:19 | Epoch  12/100 | Train Loss 0.0389 | Val Loss 0.0276 MAE 10.8283 R2 0.3536
2026-09-02 07:27:21 | Epoch  13/100 | Train Loss 0.0379 | Val Loss 0.0266 MAE 10.5610 R2 0.3862
2026-09-02 07:27:21 |   Val R2 improved to 0.3862, model saved
2026-09-02 07:27:23 | Epoch  14/100 | Train Loss 0.0373 | Val Loss 0.0259 MAE 10.4097 R2 0.4137
2026-09-02 07:27:23 |   Val R2 improved to 0.4137, model saved
2026-09-02 07:27:24 | Epoch  15/100 | Train Loss 0.0361 | Val Loss 0.0268 MAE 10.6118 R2 0.3767
2026-09-02 07:27:26 | Epoch  16/100 | Train Loss 0.0360 | Val Loss 0.0256 MAE 10.3103 R2 0.4155
2026-09-02 07:27:26 |   Val R2 improved to 0.4155, model saved
2026-09-02 07:27:28 | Epoch  17/100 | Train Loss 0.0353 | Val Loss 0.0254 MAE 10.2819 R2 0.4185
2026-09-02 07:27:28 |   Val R2 improved to 0.4185, model saved
2026-09-02 07:27:29 | Epoch  18/100 | Train Loss 0.0344 | Val Loss 0.0252 MAE 10.2060 R2 0.4323
2026-09-02 07:27:29 |   Val R2 improved to 0.4323, model saved
2026-09-02 07:27:31 | Epoch  19/100 | Train Loss 0.0346 | Val Loss 0.0252 MAE 10.1810 R2 0.4279
2026-09-02 07:27:33 | Epoch  20/100 | Train Loss 0.0338 | Val Loss 0.0254 MAE 10.2893 R2 0.4154
2026-09-02 07:27:34 | Epoch  21/100 | Train Loss 0.0327 | Val Loss 0.0250 MAE 10.1649 R2 0.4298
2026-09-02 07:27:36 | Epoch  22/100 | Train Loss 0.0329 | Val Loss 0.0250 MAE 10.1428 R2 0.4314
2026-09-02 07:27:38 | Epoch  23/100 | Train Loss 0.0312 | Val Loss 0.0252 MAE 10.2531 R2 0.4340
2026-09-02 07:27:38 |   Val R2 improved to 0.4340, model saved
2026-09-02 07:27:39 | Epoch  24/100 | Train Loss 0.0312 | Val Loss 0.0248 MAE 10.1135 R2 0.4314
2026-09-02 07:27:41 | Epoch  25/100 | Train Loss 0.0306 | Val Loss 0.0245 MAE 9.9731 R2 0.4464
2026-09-02 07:27:41 |   Val R2 improved to 0.4464, model saved
2026-09-02 07:27:42 | Epoch  26/100 | Train Loss 0.0306 | Val Loss 0.0246 MAE 10.0021 R2 0.4506
2026-09-02 07:27:42 |   Val R2 improved to 0.4506, model saved
2026-09-02 07:27:44 | Epoch  27/100 | Train Loss 0.0295 | Val Loss 0.0250 MAE 10.1140 R2 0.4258
2026-09-02 07:27:46 | Epoch  28/100 | Train Loss 0.0288 | Val Loss 0.0253 MAE 10.1978 R2 0.4345
2026-09-02 07:27:47 | Epoch  29/100 | Train Loss 0.0293 | Val Loss 0.0247 MAE 10.0507 R2 0.4365
2026-09-02 07:27:49 | Epoch  30/100 | Train Loss 0.0280 | Val Loss 0.0255 MAE 10.2405 R2 0.4288
2026-09-02 07:27:51 | Epoch  31/100 | Train Loss 0.0289 | Val Loss 0.0254 MAE 10.3043 R2 0.4269
2026-09-02 07:27:52 | Epoch  32/100 | Train Loss 0.0271 | Val Loss 0.0246 MAE 10.0003 R2 0.4458
2026-09-02 07:27:54 | Epoch  33/100 | Train Loss 0.0272 | Val Loss 0.0246 MAE 10.0197 R2 0.4454
2026-09-02 07:27:56 | Epoch  34/100 | Train Loss 0.0256 | Val Loss 0.0249 MAE 10.0579 R2 0.4327
2026-09-02 07:27:58 | Epoch  35/100 | Train Loss 0.0253 | Val Loss 0.0249 MAE 10.0811 R2 0.4318
2026-09-02 07:27:59 | Epoch  36/100 | Train Loss 0.0255 | Val Loss 0.0247 MAE 10.0403 R2 0.4406
2026-09-02 07:27:59 | Val R2 did not improve for 10 consecutive epochs, early stopping at Epoch 36 (best R2 0.4506 @ Epoch 26)
2026-09-02 07:28:00 | Run 1/5 | Test (best model @ Epoch 26) | Loss 0.0252 MAE 10.2382 R2 0.4545
2026-09-02 07:28:00 | ===== Run 2/5 (seed 1) =====
2026-09-02 07:28:01 | Epoch   1/100 | Train Loss 0.5157 | Val Loss 0.2680 MAE 40.7509 R2 -5.6340
2026-09-02 07:28:01 |   Val R2 improved to -5.6340, model saved
2026-09-02 07:28:03 | Epoch   2/100 | Train Loss 0.2231 | Val Loss 0.1002 MAE 19.6085 R2 -1.0711
2026-09-02 07:28:03 |   Val R2 improved to -1.0711, model saved
2026-09-02 07:28:05 | Epoch   3/100 | Train Loss 0.1049 | Val Loss 0.0493 MAE 14.7290 R2 -0.1685
2026-09-02 07:28:05 |   Val R2 improved to -0.1685, model saved
2026-09-02 07:28:07 | Epoch   4/100 | Train Loss 0.0780 | Val Loss 0.0425 MAE 13.7595 R2 -0.0229
2026-09-02 07:28:07 |   Val R2 improved to -0.0229, model saved
2026-09-02 07:28:08 | Epoch   5/100 | Train Loss 0.0721 | Val Loss 0.0398 MAE 13.2652 R2 0.0456
2026-09-02 07:28:08 |   Val R2 improved to 0.0456, model saved
2026-09-02 07:28:10 | Epoch   6/100 | Train Loss 0.0691 | Val Loss 0.0372 MAE 12.7922 R2 0.1110
2026-09-02 07:28:10 |   Val R2 improved to 0.1110, model saved
2026-09-02 07:28:12 | Epoch   7/100 | Train Loss 0.0645 | Val Loss 0.0359 MAE 12.4679 R2 0.1523
2026-09-02 07:28:12 |   Val R2 improved to 0.1523, model saved
2026-09-02 07:28:13 | Epoch   8/100 | Train Loss 0.0629 | Val Loss 0.0344 MAE 12.1828 R2 0.1861
2026-09-02 07:28:13 |   Val R2 improved to 0.1861, model saved
2026-09-02 07:28:15 | Epoch   9/100 | Train Loss 0.0619 | Val Loss 0.0328 MAE 11.8348 R2 0.2318
2026-09-02 07:28:15 |   Val R2 improved to 0.2318, model saved
2026-09-02 07:28:17 | Epoch  10/100 | Train Loss 0.0591 | Val Loss 0.0302 MAE 11.3850 R2 0.2948
2026-09-02 07:28:17 |   Val R2 improved to 0.2948, model saved
2026-09-02 07:28:18 | Epoch  11/100 | Train Loss 0.0565 | Val Loss 0.0322 MAE 11.7681 R2 0.2352
2026-09-02 07:28:20 | Epoch  12/100 | Train Loss 0.0551 | Val Loss 0.0292 MAE 11.1671 R2 0.3179
2026-09-02 07:28:20 |   Val R2 improved to 0.3179, model saved
2026-09-02 07:28:22 | Epoch  13/100 | Train Loss 0.0539 | Val Loss 0.0285 MAE 10.9332 R2 0.3550
2026-09-02 07:28:22 |   Val R2 improved to 0.3550, model saved
2026-09-02 07:28:23 | Epoch  14/100 | Train Loss 0.0524 | Val Loss 0.0284 MAE 11.0218 R2 0.3356
2026-09-02 07:28:25 | Epoch  15/100 | Train Loss 0.0517 | Val Loss 0.0291 MAE 11.2019 R2 0.3081
2026-09-02 07:28:27 | Epoch  16/100 | Train Loss 0.0491 | Val Loss 0.0278 MAE 10.9312 R2 0.3441
2026-09-02 07:28:28 | Epoch  17/100 | Train Loss 0.0488 | Val Loss 0.0279 MAE 10.9557 R2 0.3411
2026-09-02 07:28:30 | Epoch  18/100 | Train Loss 0.0475 | Val Loss 0.0283 MAE 11.1057 R2 0.3237
2026-09-02 07:28:32 | Epoch  19/100 | Train Loss 0.0467 | Val Loss 0.0259 MAE 10.6103 R2 0.3942
2026-09-02 07:28:32 |   Val R2 improved to 0.3942, model saved
2026-09-02 07:28:33 | Epoch  20/100 | Train Loss 0.0450 | Val Loss 0.0263 MAE 10.7057 R2 0.3837
2026-09-02 07:28:35 | Epoch  21/100 | Train Loss 0.0450 | Val Loss 0.0280 MAE 11.0592 R2 0.3311
2026-09-02 07:28:37 | Epoch  22/100 | Train Loss 0.0451 | Val Loss 0.0256 MAE 10.5865 R2 0.3957
2026-09-02 07:28:37 |   Val R2 improved to 0.3957, model saved
2026-09-02 07:28:38 | Epoch  23/100 | Train Loss 0.0436 | Val Loss 0.0254 MAE 10.5645 R2 0.4024
2026-09-02 07:28:38 |   Val R2 improved to 0.4024, model saved
2026-09-02 07:28:40 | Epoch  24/100 | Train Loss 0.0429 | Val Loss 0.0256 MAE 10.5785 R2 0.3947
2026-09-02 07:28:42 | Epoch  25/100 | Train Loss 0.0429 | Val Loss 0.0271 MAE 10.8938 R2 0.3534
2026-09-02 07:28:43 | Epoch  26/100 | Train Loss 0.0417 | Val Loss 0.0254 MAE 10.5448 R2 0.4011
2026-09-02 07:28:45 | Epoch  27/100 | Train Loss 0.0413 | Val Loss 0.0250 MAE 10.4950 R2 0.4093
2026-09-02 07:28:45 |   Val R2 improved to 0.4093, model saved
2026-09-02 07:28:47 | Epoch  28/100 | Train Loss 0.0418 | Val Loss 0.0248 MAE 10.4153 R2 0.4167
2026-09-02 07:28:47 |   Val R2 improved to 0.4167, model saved
2026-09-02 07:28:48 | Epoch  29/100 | Train Loss 0.0403 | Val Loss 0.0247 MAE 10.3690 R2 0.4248
2026-09-02 07:28:48 |   Val R2 improved to 0.4248, model saved
2026-09-02 07:28:50 | Epoch  30/100 | Train Loss 0.0400 | Val Loss 0.0249 MAE 10.4560 R2 0.4111
2026-09-02 07:28:52 | Epoch  31/100 | Train Loss 0.0391 | Val Loss 0.0245 MAE 10.3096 R2 0.4295
2026-09-02 07:28:52 |   Val R2 improved to 0.4295, model saved
2026-09-02 07:28:53 | Epoch  32/100 | Train Loss 0.0401 | Val Loss 0.0254 MAE 10.5846 R2 0.3950
2026-09-02 07:28:55 | Epoch  33/100 | Train Loss 0.0387 | Val Loss 0.0246 MAE 10.3988 R2 0.4155
2026-09-02 07:28:57 | Epoch  34/100 | Train Loss 0.0379 | Val Loss 0.0241 MAE 10.2933 R2 0.4343
2026-09-02 07:28:57 |   Val R2 improved to 0.4343, model saved
2026-09-02 07:28:58 | Epoch  35/100 | Train Loss 0.0387 | Val Loss 0.0249 MAE 10.4403 R2 0.4123
2026-09-02 07:29:00 | Epoch  36/100 | Train Loss 0.0383 | Val Loss 0.0249 MAE 10.4501 R2 0.4094
2026-09-02 07:29:02 | Epoch  37/100 | Train Loss 0.0360 | Val Loss 0.0241 MAE 10.2947 R2 0.4297
2026-09-02 07:29:04 | Epoch  38/100 | Train Loss 0.0361 | Val Loss 0.0266 MAE 10.8083 R2 0.3647
2026-09-02 07:29:05 | Epoch  39/100 | Train Loss 0.0376 | Val Loss 0.0250 MAE 10.4697 R2 0.4075
2026-09-02 07:29:07 | Epoch  40/100 | Train Loss 0.0361 | Val Loss 0.0247 MAE 10.4296 R2 0.4122
2026-09-02 07:29:09 | Epoch  41/100 | Train Loss 0.0354 | Val Loss 0.0254 MAE 10.5349 R2 0.3981
2026-09-02 07:29:10 | Epoch  42/100 | Train Loss 0.0352 | Val Loss 0.0256 MAE 10.5761 R2 0.3916
2026-09-02 07:29:12 | Epoch  43/100 | Train Loss 0.0366 | Val Loss 0.0251 MAE 10.5445 R2 0.4107
2026-09-02 07:29:14 | Epoch  44/100 | Train Loss 0.0350 | Val Loss 0.0244 MAE 10.3237 R2 0.4240
2026-09-02 07:29:14 | Val R2 did not improve for 10 consecutive epochs, early stopping at Epoch 44 (best R2 0.4343 @ Epoch 34)
2026-09-02 07:29:14 | Run 2/5 | Test (best model @ Epoch 34) | Loss 0.0248 MAE 10.5520 R2 0.4365
2026-09-02 07:29:14 | ===== Run 3/5 (seed 2) =====
2026-09-02 07:29:16 | Epoch   1/100 | Train Loss 0.3186 | Val Loss 0.1572 MAE 24.2162 R2 -1.8723
2026-09-02 07:29:16 |   Val R2 improved to -1.8723, model saved
2026-09-02 07:29:18 | Epoch   2/100 | Train Loss 0.1305 | Val Loss 0.0494 MAE 14.3952 R2 -0.1335
2026-09-02 07:29:18 |   Val R2 improved to -0.1335, model saved
2026-09-02 07:29:19 | Epoch   3/100 | Train Loss 0.0789 | Val Loss 0.0401 MAE 13.1226 R2 0.0775
2026-09-02 07:29:19 |   Val R2 improved to 0.0775, model saved
2026-09-02 07:29:21 | Epoch   4/100 | Train Loss 0.0615 | Val Loss 0.0341 MAE 12.2437 R2 0.2032
2026-09-02 07:29:21 |   Val R2 improved to 0.2032, model saved
2026-09-02 07:29:23 | Epoch   5/100 | Train Loss 0.0531 | Val Loss 0.0318 MAE 11.7850 R2 0.2510
2026-09-02 07:29:23 |   Val R2 improved to 0.2510, model saved
2026-09-02 07:29:24 | Epoch   6/100 | Train Loss 0.0487 | Val Loss 0.0292 MAE 11.3062 R2 0.3249
2026-09-02 07:29:24 |   Val R2 improved to 0.3249, model saved
2026-09-02 07:29:26 | Epoch   7/100 | Train Loss 0.0465 | Val Loss 0.0286 MAE 11.1669 R2 0.3369
2026-09-02 07:29:26 |   Val R2 improved to 0.3369, model saved
2026-09-02 07:29:28 | Epoch   8/100 | Train Loss 0.0453 | Val Loss 0.0295 MAE 11.3378 R2 0.3008
2026-09-02 07:29:29 | Epoch   9/100 | Train Loss 0.0438 | Val Loss 0.0283 MAE 11.0929 R2 0.3350
2026-09-02 07:29:31 | Epoch  10/100 | Train Loss 0.0425 | Val Loss 0.0280 MAE 10.9908 R2 0.3441
2026-09-02 07:29:31 |   Val R2 improved to 0.3441, model saved
2026-09-02 07:29:33 | Epoch  11/100 | Train Loss 0.0411 | Val Loss 0.0282 MAE 11.0114 R2 0.3342
2026-09-02 07:29:34 | Epoch  12/100 | Train Loss 0.0400 | Val Loss 0.0266 MAE 10.7023 R2 0.3874
2026-09-02 07:29:34 |   Val R2 improved to 0.3874, model saved
2026-09-02 07:29:36 | Epoch  13/100 | Train Loss 0.0394 | Val Loss 0.0265 MAE 10.6077 R2 0.3882
2026-09-02 07:29:36 |   Val R2 improved to 0.3882, model saved
2026-09-02 07:29:38 | Epoch  14/100 | Train Loss 0.0394 | Val Loss 0.0293 MAE 11.2040 R2 0.3074
2026-09-02 07:29:39 | Epoch  15/100 | Train Loss 0.0374 | Val Loss 0.0264 MAE 10.5982 R2 0.3863
2026-09-02 07:29:41 | Epoch  16/100 | Train Loss 0.0374 | Val Loss 0.0256 MAE 10.4175 R2 0.4084
2026-09-02 07:29:41 |   Val R2 improved to 0.4084, model saved
2026-09-02 07:29:43 | Epoch  17/100 | Train Loss 0.0366 | Val Loss 0.0266 MAE 10.5872 R2 0.3822
2026-09-02 07:29:44 | Epoch  18/100 | Train Loss 0.0365 | Val Loss 0.0255 MAE 10.3310 R2 0.4201
2026-09-02 07:29:44 |   Val R2 improved to 0.4201, model saved
2026-09-02 07:29:46 | Epoch  19/100 | Train Loss 0.0357 | Val Loss 0.0252 MAE 10.2971 R2 0.4265
2026-09-02 07:29:46 |   Val R2 improved to 0.4265, model saved
2026-09-02 07:29:48 | Epoch  20/100 | Train Loss 0.0359 | Val Loss 0.0280 MAE 10.9250 R2 0.3409
2026-09-02 07:29:50 | Epoch  21/100 | Train Loss 0.0355 | Val Loss 0.0262 MAE 10.4902 R2 0.3915
2026-09-02 07:29:51 | Epoch  22/100 | Train Loss 0.0332 | Val Loss 0.0250 MAE 10.2248 R2 0.4280
2026-09-02 07:29:51 |   Val R2 improved to 0.4280, model saved
2026-09-02 07:29:53 | Epoch  23/100 | Train Loss 0.0341 | Val Loss 0.0254 MAE 10.3501 R2 0.4238
2026-09-02 07:29:55 | Epoch  24/100 | Train Loss 0.0331 | Val Loss 0.0251 MAE 10.1691 R2 0.4287
2026-09-02 07:29:55 |   Val R2 improved to 0.4287, model saved
2026-09-02 07:29:57 | Epoch  25/100 | Train Loss 0.0324 | Val Loss 0.0247 MAE 10.1345 R2 0.4369
2026-09-02 07:29:57 |   Val R2 improved to 0.4369, model saved
2026-09-02 07:29:58 | Epoch  26/100 | Train Loss 0.0316 | Val Loss 0.0247 MAE 10.1094 R2 0.4370
2026-09-02 07:29:58 |   Val R2 improved to 0.4370, model saved
2026-09-02 07:30:00 | Epoch  27/100 | Train Loss 0.0318 | Val Loss 0.0249 MAE 10.1784 R2 0.4363
2026-09-02 07:30:02 | Epoch  28/100 | Train Loss 0.0312 | Val Loss 0.0253 MAE 10.3122 R2 0.4110
2026-09-02 07:30:03 | Epoch  29/100 | Train Loss 0.0321 | Val Loss 0.0257 MAE 10.3433 R2 0.4186
2026-09-02 07:30:05 | Epoch  30/100 | Train Loss 0.0308 | Val Loss 0.0259 MAE 10.4258 R2 0.3996
2026-09-02 07:30:07 | Epoch  31/100 | Train Loss 0.0306 | Val Loss 0.0242 MAE 10.0688 R2 0.4451
2026-09-02 07:30:07 |   Val R2 improved to 0.4451, model saved
2026-09-02 07:30:09 | Epoch  32/100 | Train Loss 0.0301 | Val Loss 0.0244 MAE 10.0285 R2 0.4467
2026-09-02 07:30:09 |   Val R2 improved to 0.4467, model saved
2026-09-02 07:30:10 | Epoch  33/100 | Train Loss 0.0291 | Val Loss 0.0243 MAE 10.0274 R2 0.4425
2026-09-02 07:30:12 | Epoch  34/100 | Train Loss 0.0289 | Val Loss 0.0244 MAE 10.0751 R2 0.4442
2026-09-02 07:30:14 | Epoch  35/100 | Train Loss 0.0285 | Val Loss 0.0244 MAE 10.0763 R2 0.4447
2026-09-02 07:30:15 | Epoch  36/100 | Train Loss 0.0285 | Val Loss 0.0241 MAE 10.0011 R2 0.4516
2026-09-02 07:30:15 |   Val R2 improved to 0.4516, model saved
2026-09-02 07:30:17 | Epoch  37/100 | Train Loss 0.0285 | Val Loss 0.0246 MAE 10.0084 R2 0.4404
2026-09-02 07:30:19 | Epoch  38/100 | Train Loss 0.0274 | Val Loss 0.0243 MAE 9.9712 R2 0.4439
2026-09-02 07:30:20 | Epoch  39/100 | Train Loss 0.0277 | Val Loss 0.0274 MAE 10.7300 R2 0.3607
2026-09-02 07:30:22 | Epoch  40/100 | Train Loss 0.0278 | Val Loss 0.0246 MAE 10.0143 R2 0.4423
2026-09-02 07:30:23 | Epoch  41/100 | Train Loss 0.0264 | Val Loss 0.0240 MAE 9.9109 R2 0.4577
2026-09-02 07:30:23 |   Val R2 improved to 0.4577, model saved
2026-09-02 07:30:25 | Epoch  42/100 | Train Loss 0.0264 | Val Loss 0.0247 MAE 10.0768 R2 0.4340
2026-09-02 07:30:27 | Epoch  43/100 | Train Loss 0.0257 | Val Loss 0.0244 MAE 9.9939 R2 0.4464
2026-09-02 07:30:28 | Epoch  44/100 | Train Loss 0.0255 | Val Loss 0.0244 MAE 9.9645 R2 0.4507
2026-09-02 07:30:30 | Epoch  45/100 | Train Loss 0.0247 | Val Loss 0.0253 MAE 10.2387 R2 0.4196
2026-09-02 07:30:32 | Epoch  46/100 | Train Loss 0.0254 | Val Loss 0.0256 MAE 10.3383 R2 0.4183
2026-09-02 07:30:33 | Epoch  47/100 | Train Loss 0.0244 | Val Loss 0.0251 MAE 10.1680 R2 0.4294
2026-09-02 07:30:35 | Epoch  48/100 | Train Loss 0.0240 | Val Loss 0.0250 MAE 10.1736 R2 0.4247
2026-09-02 07:30:37 | Epoch  49/100 | Train Loss 0.0237 | Val Loss 0.0249 MAE 10.0871 R2 0.4350
2026-09-02 07:30:38 | Epoch  50/100 | Train Loss 0.0242 | Val Loss 0.0260 MAE 10.4209 R2 0.4011
2026-09-02 07:30:40 | Epoch  51/100 | Train Loss 0.0235 | Val Loss 0.0252 MAE 10.1939 R2 0.4302
2026-09-02 07:30:40 | Val R2 did not improve for 10 consecutive epochs, early stopping at Epoch 51 (best R2 0.4577 @ Epoch 41)
2026-09-02 07:30:40 | Run 3/5 | Test (best model @ Epoch 41) | Loss 0.0240 MAE 9.9303 R2 0.4764
2026-09-02 07:30:40 | ===== Run 4/5 (seed 3) =====
2026-09-02 07:30:42 | Epoch   1/100 | Train Loss 0.4021 | Val Loss 0.2777 MAE 41.9043 R2 -5.9564
2026-09-02 07:30:42 |   Val R2 improved to -5.9564, model saved
2026-09-02 07:30:44 | Epoch   2/100 | Train Loss 0.2367 | Val Loss 0.1383 MAE 22.3966 R2 -1.5471
2026-09-02 07:30:44 |   Val R2 improved to -1.5471, model saved
2026-09-02 07:30:46 | Epoch   3/100 | Train Loss 0.1228 | Val Loss 0.0499 MAE 14.2207 R2 -0.0910
2026-09-02 07:30:46 |   Val R2 improved to -0.0910, model saved
2026-09-02 07:30:47 | Epoch   4/100 | Train Loss 0.0776 | Val Loss 0.0399 MAE 13.0071 R2 0.0917
2026-09-02 07:30:47 |   Val R2 improved to 0.0917, model saved
2026-09-02 07:30:49 | Epoch   5/100 | Train Loss 0.0619 | Val Loss 0.0338 MAE 12.2728 R2 0.2058
2026-09-02 07:30:49 |   Val R2 improved to 0.2058, model saved
2026-09-02 07:30:50 | Epoch   6/100 | Train Loss 0.0549 | Val Loss 0.0317 MAE 11.8559 R2 0.2509
2026-09-02 07:30:50 |   Val R2 improved to 0.2509, model saved
2026-09-02 07:30:52 | Epoch   7/100 | Train Loss 0.0519 | Val Loss 0.0309 MAE 11.6691 R2 0.2657
2026-09-02 07:30:52 |   Val R2 improved to 0.2657, model saved
2026-09-02 07:30:54 | Epoch   8/100 | Train Loss 0.0493 | Val Loss 0.0298 MAE 11.4689 R2 0.3013
2026-09-02 07:30:54 |   Val R2 improved to 0.3013, model saved
2026-09-02 07:30:55 | Epoch   9/100 | Train Loss 0.0495 | Val Loss 0.0299 MAE 11.4158 R2 0.2956
2026-09-02 07:30:57 | Epoch  10/100 | Train Loss 0.0479 | Val Loss 0.0317 MAE 11.7496 R2 0.2371
2026-09-02 07:30:59 | Epoch  11/100 | Train Loss 0.0473 | Val Loss 0.0299 MAE 11.4002 R2 0.2855
2026-09-02 07:31:00 | Epoch  12/100 | Train Loss 0.0467 | Val Loss 0.0282 MAE 11.0834 R2 0.3385
2026-09-02 07:31:00 |   Val R2 improved to 0.3385, model saved
2026-09-02 07:31:02 | Epoch  13/100 | Train Loss 0.0450 | Val Loss 0.0311 MAE 11.6302 R2 0.2522
2026-09-02 07:31:04 | Epoch  14/100 | Train Loss 0.0455 | Val Loss 0.0278 MAE 11.0290 R2 0.3535
2026-09-02 07:31:04 |   Val R2 improved to 0.3535, model saved
2026-09-02 07:31:05 | Epoch  15/100 | Train Loss 0.0439 | Val Loss 0.0278 MAE 11.0019 R2 0.3434
2026-09-02 07:31:07 | Epoch  16/100 | Train Loss 0.0449 | Val Loss 0.0285 MAE 11.0608 R2 0.3298
2026-09-02 07:31:09 | Epoch  17/100 | Train Loss 0.0434 | Val Loss 0.0270 MAE 10.8297 R2 0.3708
2026-09-02 07:31:09 |   Val R2 improved to 0.3708, model saved
2026-09-02 07:31:10 | Epoch  18/100 | Train Loss 0.0439 | Val Loss 0.0274 MAE 10.8329 R2 0.3542
2026-09-02 07:31:12 | Epoch  19/100 | Train Loss 0.0420 | Val Loss 0.0264 MAE 10.6767 R2 0.3802
2026-09-02 07:31:12 |   Val R2 improved to 0.3802, model saved
2026-09-02 07:31:14 | Epoch  20/100 | Train Loss 0.0424 | Val Loss 0.0278 MAE 10.9288 R2 0.3382
2026-09-02 07:31:15 | Epoch  21/100 | Train Loss 0.0416 | Val Loss 0.0262 MAE 10.5706 R2 0.3960
2026-09-02 07:31:15 |   Val R2 improved to 0.3960, model saved
2026-09-02 07:31:17 | Epoch  22/100 | Train Loss 0.0412 | Val Loss 0.0261 MAE 10.5734 R2 0.3898
2026-09-02 07:31:19 | Epoch  23/100 | Train Loss 0.0414 | Val Loss 0.0266 MAE 10.6607 R2 0.3745
2026-09-02 07:31:20 | Epoch  24/100 | Train Loss 0.0410 | Val Loss 0.0257 MAE 10.4789 R2 0.4028
2026-09-02 07:31:20 |   Val R2 improved to 0.4028, model saved
2026-09-02 07:31:22 | Epoch  25/100 | Train Loss 0.0404 | Val Loss 0.0255 MAE 10.4038 R2 0.4055
2026-09-02 07:31:22 |   Val R2 improved to 0.4055, model saved
2026-09-02 07:31:24 | Epoch  26/100 | Train Loss 0.0403 | Val Loss 0.0257 MAE 10.4382 R2 0.4018
2026-09-02 07:31:25 | Epoch  27/100 | Train Loss 0.0397 | Val Loss 0.0254 MAE 10.3535 R2 0.4144
2026-09-02 07:31:25 |   Val R2 improved to 0.4144, model saved
2026-09-02 07:31:27 | Epoch  28/100 | Train Loss 0.0392 | Val Loss 0.0268 MAE 10.7139 R2 0.3676
2026-09-02 07:31:29 | Epoch  29/100 | Train Loss 0.0395 | Val Loss 0.0259 MAE 10.4879 R2 0.3936
2026-09-02 07:31:31 | Epoch  30/100 | Train Loss 0.0388 | Val Loss 0.0259 MAE 10.4958 R2 0.3926
2026-09-02 07:31:32 | Epoch  31/100 | Train Loss 0.0396 | Val Loss 0.0257 MAE 10.4391 R2 0.3996
2026-09-02 07:31:34 | Epoch  32/100 | Train Loss 0.0394 | Val Loss 0.0252 MAE 10.3120 R2 0.4145
2026-09-02 07:31:34 |   Val R2 improved to 0.4145, model saved
2026-09-02 07:31:36 | Epoch  33/100 | Train Loss 0.0383 | Val Loss 0.0253 MAE 10.3306 R2 0.4138
2026-09-02 07:31:37 | Epoch  34/100 | Train Loss 0.0386 | Val Loss 0.0264 MAE 10.6189 R2 0.3770
2026-09-02 07:31:39 | Epoch  35/100 | Train Loss 0.0380 | Val Loss 0.0270 MAE 10.7153 R2 0.3641
2026-09-02 07:31:41 | Epoch  36/100 | Train Loss 0.0385 | Val Loss 0.0252 MAE 10.3116 R2 0.4143
2026-09-02 07:31:42 | Epoch  37/100 | Train Loss 0.0383 | Val Loss 0.0247 MAE 10.1799 R2 0.4318
2026-09-02 07:31:42 |   Val R2 improved to 0.4318, model saved
2026-09-02 07:31:44 | Epoch  38/100 | Train Loss 0.0374 | Val Loss 0.0248 MAE 10.2248 R2 0.4237
2026-09-02 07:31:46 | Epoch  39/100 | Train Loss 0.0376 | Val Loss 0.0253 MAE 10.3559 R2 0.4102
2026-09-02 07:31:47 | Epoch  40/100 | Train Loss 0.0366 | Val Loss 0.0244 MAE 10.1706 R2 0.4347
2026-09-02 07:31:47 |   Val R2 improved to 0.4347, model saved
2026-09-02 07:31:49 | Epoch  41/100 | Train Loss 0.0371 | Val Loss 0.0244 MAE 10.1196 R2 0.4372
2026-09-02 07:31:49 |   Val R2 improved to 0.4372, model saved
2026-09-02 07:31:51 | Epoch  42/100 | Train Loss 0.0369 | Val Loss 0.0275 MAE 10.8292 R2 0.3501
2026-09-02 07:31:52 | Epoch  43/100 | Train Loss 0.0370 | Val Loss 0.0247 MAE 10.1628 R2 0.4298
2026-09-02 07:31:54 | Epoch  44/100 | Train Loss 0.0358 | Val Loss 0.0256 MAE 10.3906 R2 0.4036
2026-09-02 07:31:56 | Epoch  45/100 | Train Loss 0.0369 | Val Loss 0.0266 MAE 10.5943 R2 0.3771
2026-09-02 07:31:57 | Epoch  46/100 | Train Loss 0.0361 | Val Loss 0.0242 MAE 10.0651 R2 0.4413
2026-09-02 07:31:57 |   Val R2 improved to 0.4413, model saved
2026-09-02 07:31:59 | Epoch  47/100 | Train Loss 0.0356 | Val Loss 0.0241 MAE 10.0209 R2 0.4454
2026-09-02 07:31:59 |   Val R2 improved to 0.4454, model saved
2026-09-02 07:32:01 | Epoch  48/100 | Train Loss 0.0355 | Val Loss 0.0247 MAE 10.0895 R2 0.4373
2026-09-02 07:32:02 | Epoch  49/100 | Train Loss 0.0351 | Val Loss 0.0264 MAE 10.4935 R2 0.3867
2026-09-02 07:32:04 | Epoch  50/100 | Train Loss 0.0351 | Val Loss 0.0249 MAE 10.2422 R2 0.4188
2026-09-02 07:32:06 | Epoch  51/100 | Train Loss 0.0349 | Val Loss 0.0247 MAE 10.0947 R2 0.4359
2026-09-02 07:32:07 | Epoch  52/100 | Train Loss 0.0347 | Val Loss 0.0251 MAE 10.2350 R2 0.4191
2026-09-02 07:32:09 | Epoch  53/100 | Train Loss 0.0341 | Val Loss 0.0242 MAE 10.0521 R2 0.4466
2026-09-02 07:32:09 |   Val R2 improved to 0.4466, model saved
2026-09-02 07:32:11 | Epoch  54/100 | Train Loss 0.0344 | Val Loss 0.0246 MAE 10.1399 R2 0.4350
2026-09-02 07:32:12 | Epoch  55/100 | Train Loss 0.0342 | Val Loss 0.0242 MAE 10.0550 R2 0.4440
2026-09-02 07:32:14 | Epoch  56/100 | Train Loss 0.0336 | Val Loss 0.0249 MAE 10.1586 R2 0.4239
2026-09-02 07:32:16 | Epoch  57/100 | Train Loss 0.0334 | Val Loss 0.0244 MAE 10.0586 R2 0.4383
2026-09-02 07:32:17 | Epoch  58/100 | Train Loss 0.0331 | Val Loss 0.0260 MAE 10.4535 R2 0.3967
2026-09-02 07:32:19 | Epoch  59/100 | Train Loss 0.0333 | Val Loss 0.0242 MAE 10.0722 R2 0.4404
2026-09-02 07:32:21 | Epoch  60/100 | Train Loss 0.0321 | Val Loss 0.0241 MAE 10.0369 R2 0.4449
2026-09-02 07:32:23 | Epoch  61/100 | Train Loss 0.0323 | Val Loss 0.0245 MAE 10.0834 R2 0.4349
2026-09-02 07:32:24 | Epoch  62/100 | Train Loss 0.0317 | Val Loss 0.0244 MAE 10.0400 R2 0.4402
2026-09-02 07:32:26 | Epoch  63/100 | Train Loss 0.0320 | Val Loss 0.0249 MAE 10.2235 R2 0.4212
2026-09-02 07:32:26 | Val R2 did not improve for 10 consecutive epochs, early stopping at Epoch 63 (best R2 0.4466 @ Epoch 53)
2026-09-02 07:32:26 | Run 4/5 | Test (best model @ Epoch 53) | Loss 0.0243 MAE 10.2216 R2 0.4625
2026-09-02 07:32:26 | ===== Run 5/5 (seed 4) =====
2026-09-02 07:32:28 | Epoch   1/100 | Train Loss 0.3547 | Val Loss 0.2052 MAE 31.6984 R2 -3.4438
2026-09-02 07:32:28 |   Val R2 improved to -3.4438, model saved
2026-09-02 07:32:30 | Epoch   2/100 | Train Loss 0.1557 | Val Loss 0.0550 MAE 15.2105 R2 -0.2653
2026-09-02 07:32:30 |   Val R2 improved to -0.2653, model saved
2026-09-02 07:32:31 | Epoch   3/100 | Train Loss 0.0851 | Val Loss 0.0417 MAE 13.3231 R2 0.0439
2026-09-02 07:32:31 |   Val R2 improved to 0.0439, model saved
2026-09-02 07:32:33 | Epoch   4/100 | Train Loss 0.0643 | Val Loss 0.0354 MAE 12.5344 R2 0.1670
2026-09-02 07:32:33 |   Val R2 improved to 0.1670, model saved
2026-09-02 07:32:35 | Epoch   5/100 | Train Loss 0.0546 | Val Loss 0.0328 MAE 12.0065 R2 0.2314
2026-09-02 07:32:35 |   Val R2 improved to 0.2314, model saved
2026-09-02 07:32:37 | Epoch   6/100 | Train Loss 0.0499 | Val Loss 0.0312 MAE 11.6965 R2 0.2714
2026-09-02 07:32:37 |   Val R2 improved to 0.2714, model saved
2026-09-02 07:32:38 | Epoch   7/100 | Train Loss 0.0470 | Val Loss 0.0302 MAE 11.4587 R2 0.2951
2026-09-02 07:32:38 |   Val R2 improved to 0.2951, model saved
2026-09-02 07:32:40 | Epoch   8/100 | Train Loss 0.0454 | Val Loss 0.0289 MAE 11.2702 R2 0.3331
2026-09-02 07:32:40 |   Val R2 improved to 0.3331, model saved
2026-09-02 07:32:42 | Epoch   9/100 | Train Loss 0.0442 | Val Loss 0.0300 MAE 11.3719 R2 0.2929
2026-09-02 07:32:43 | Epoch  10/100 | Train Loss 0.0436 | Val Loss 0.0279 MAE 10.9481 R2 0.3576
2026-09-02 07:32:43 |   Val R2 improved to 0.3576, model saved
2026-09-02 07:32:45 | Epoch  11/100 | Train Loss 0.0425 | Val Loss 0.0290 MAE 11.0879 R2 0.3229
2026-09-02 07:32:46 | Epoch  12/100 | Train Loss 0.0409 | Val Loss 0.0283 MAE 10.9379 R2 0.3407
2026-09-02 07:32:48 | Epoch  13/100 | Train Loss 0.0396 | Val Loss 0.0284 MAE 10.9810 R2 0.3345
2026-09-02 07:32:49 | Epoch  14/100 | Train Loss 0.0393 | Val Loss 0.0282 MAE 10.8989 R2 0.3430
2026-09-02 07:32:51 | Epoch  15/100 | Train Loss 0.0387 | Val Loss 0.0275 MAE 10.7795 R2 0.3596
2026-09-02 07:32:51 |   Val R2 improved to 0.3596, model saved
2026-09-02 07:32:52 | Epoch  16/100 | Train Loss 0.0383 | Val Loss 0.0260 MAE 10.4333 R2 0.4057
2026-09-02 07:32:52 |   Val R2 improved to 0.4057, model saved
2026-09-02 07:32:54 | Epoch  17/100 | Train Loss 0.0379 | Val Loss 0.0311 MAE 11.5929 R2 0.2992
2026-09-02 07:32:55 | Epoch  18/100 | Train Loss 0.0380 | Val Loss 0.0270 MAE 10.7090 R2 0.3680
2026-09-02 07:32:57 | Epoch  19/100 | Train Loss 0.0362 | Val Loss 0.0264 MAE 10.4954 R2 0.3909
2026-09-02 07:32:58 | Epoch  20/100 | Train Loss 0.0358 | Val Loss 0.0268 MAE 10.6341 R2 0.3956
2026-09-02 07:33:00 | Epoch  21/100 | Train Loss 0.0369 | Val Loss 0.0254 MAE 10.3218 R2 0.4147
2026-09-02 07:33:00 |   Val R2 improved to 0.4147, model saved
2026-09-02 07:33:02 | Epoch  22/100 | Train Loss 0.0355 | Val Loss 0.0252 MAE 10.2288 R2 0.4304
2026-09-02 07:33:02 |   Val R2 improved to 0.4304, model saved
2026-09-02 07:33:04 | Epoch  23/100 | Train Loss 0.0349 | Val Loss 0.0253 MAE 10.2988 R2 0.4164
2026-09-02 07:33:05 | Epoch  24/100 | Train Loss 0.0339 | Val Loss 0.0248 MAE 10.1375 R2 0.4372
2026-09-02 07:33:05 |   Val R2 improved to 0.4372, model saved
2026-09-02 07:33:07 | Epoch  25/100 | Train Loss 0.0338 | Val Loss 0.0249 MAE 10.1749 R2 0.4315
2026-09-02 07:33:08 | Epoch  26/100 | Train Loss 0.0339 | Val Loss 0.0253 MAE 10.2109 R2 0.4352
2026-09-02 07:33:10 | Epoch  27/100 | Train Loss 0.0328 | Val Loss 0.0247 MAE 10.1481 R2 0.4335
2026-09-02 07:33:12 | Epoch  28/100 | Train Loss 0.0327 | Val Loss 0.0249 MAE 10.1639 R2 0.4283
2026-09-02 07:33:14 | Epoch  29/100 | Train Loss 0.0320 | Val Loss 0.0246 MAE 10.1125 R2 0.4366
2026-09-02 07:33:15 | Epoch  30/100 | Train Loss 0.0323 | Val Loss 0.0258 MAE 10.3174 R2 0.4237
2026-09-02 07:33:17 | Epoch  31/100 | Train Loss 0.0323 | Val Loss 0.0265 MAE 10.4864 R2 0.3860
2026-09-02 07:33:19 | Epoch  32/100 | Train Loss 0.0323 | Val Loss 0.0243 MAE 9.9773 R2 0.4522
2026-09-02 07:33:19 |   Val R2 improved to 0.4522, model saved
2026-09-02 07:33:20 | Epoch  33/100 | Train Loss 0.0314 | Val Loss 0.0246 MAE 10.0955 R2 0.4391
2026-09-02 07:33:22 | Epoch  34/100 | Train Loss 0.0297 | Val Loss 0.0245 MAE 10.0607 R2 0.4389
2026-09-02 07:33:24 | Epoch  35/100 | Train Loss 0.0311 | Val Loss 0.0282 MAE 10.9481 R2 0.3639
2026-09-02 07:33:25 | Epoch  36/100 | Train Loss 0.0314 | Val Loss 0.0246 MAE 10.0243 R2 0.4418
2026-09-02 07:33:27 | Epoch  37/100 | Train Loss 0.0312 | Val Loss 0.0273 MAE 10.6760 R2 0.3611
2026-09-02 07:33:29 | Epoch  38/100 | Train Loss 0.0292 | Val Loss 0.0244 MAE 10.0594 R2 0.4359
2026-09-02 07:33:30 | Epoch  39/100 | Train Loss 0.0296 | Val Loss 0.0250 MAE 10.1124 R2 0.4306
2026-09-02 07:33:32 | Epoch  40/100 | Train Loss 0.0286 | Val Loss 0.0242 MAE 9.9469 R2 0.4515
2026-09-02 07:33:34 | Epoch  41/100 | Train Loss 0.0284 | Val Loss 0.0251 MAE 10.2241 R2 0.4339
2026-09-02 07:33:35 | Epoch  42/100 | Train Loss 0.0278 | Val Loss 0.0248 MAE 10.0993 R2 0.4417
2026-09-02 07:33:35 | Val R2 did not improve for 10 consecutive epochs, early stopping at Epoch 42 (best R2 0.4522 @ Epoch 32)
2026-09-02 07:33:36 | Run 5/5 | Test (best model @ Epoch 32) | Loss 0.0248 MAE 10.2527 R2 0.4584
2026-09-02 07:33:36 | Average over 5 runs | Test Loss 0.0246±0.0005 MAE 10.2390±0.2201 R2 0.4576±0.0144
