2026-09-04 23:26:45 | Device: cuda
2026-09-04 23:26:45 | Args: {'model': 'ceb', 'backbone': 'mlp', 'task': 'mnist', 'epochs': 100, 'batch_size': 512, 'lr': 0.001, 'hidden_dims': [512, 256], 'dropout': 0.2, 'z_dim': 256, 'anchor_scale': 4.0, 'energy_classifier': False, 'tied_head': False, 'max_len': 250, 'random_labels': False, 'beta': 0.5, 'patience': 10, 'runs': 5, 'seed': 0, 'data_dir': './data', 'save_path': 'output/adv_mnist/mnist_mlp_ceb_beta_0.5/mnist_mlp_ceb_beta_0.5.pt', 'log_path': '/root/autodl-tmp/IB/output/adv_mnist/mnist_mlp_ceb_beta_0.5/train.log', 'no_save': False}
2026-09-04 23:26:45 | ===== Run 1/5 (seed 0) =====
2026-09-04 23:26:50 | Epoch   1/100 | Train Loss 2.3911 Acc 0.1233 | Val Loss 2.2114 Acc 0.3547 AUC 0.7292 Pre 0.2816 Rec 0.3345
2026-09-04 23:26:50 |   Val AUC improved to 0.7292, model saved
2026-09-04 23:26:54 | Epoch   2/100 | Train Loss 2.2135 Acc 0.2283 | Val Loss 1.9561 Acc 0.4000 AUC 0.7812 Pre 0.2560 Rec 0.3785
2026-09-04 23:26:54 |   Val AUC improved to 0.7812, model saved
2026-09-04 23:26:59 | Epoch   3/100 | Train Loss 2.0943 Acc 0.2808 | Val Loss 1.7468 Acc 0.4125 AUC 0.7683 Pre 0.2918 Rec 0.3902
2026-09-04 23:27:03 | Epoch   4/100 | Train Loss 1.9505 Acc 0.3215 | Val Loss 1.6067 Acc 0.4136 AUC 0.7692 Pre 0.3032 Rec 0.3912
2026-09-04 23:27:07 | Epoch   5/100 | Train Loss 1.7997 Acc 0.3585 | Val Loss 1.5139 Acc 0.4135 AUC 0.7742 Pre 0.3051 Rec 0.3911
2026-09-04 23:27:11 | Epoch   6/100 | Train Loss 1.7383 Acc 0.3735 | Val Loss 1.5071 Acc 0.4119 AUC 0.7751 Pre 0.3102 Rec 0.3896
2026-09-04 23:27:15 | Epoch   7/100 | Train Loss 1.6990 Acc 0.3784 | Val Loss 1.4796 Acc 0.4150 AUC 0.7822 Pre 0.3238 Rec 0.3926
2026-09-04 23:27:15 |   Val AUC improved to 0.7822, model saved
2026-09-04 23:27:19 | Epoch   8/100 | Train Loss 1.6647 Acc 0.3815 | Val Loss 1.4701 Acc 0.4132 AUC 0.7761 Pre 0.3090 Rec 0.3908
2026-09-04 23:27:23 | Epoch   9/100 | Train Loss 1.6571 Acc 0.3854 | Val Loss 1.4728 Acc 0.4146 AUC 0.7786 Pre 0.3063 Rec 0.3922
2026-09-04 23:27:27 | Epoch  10/100 | Train Loss 1.6439 Acc 0.3865 | Val Loss 1.4601 Acc 0.4153 AUC 0.7767 Pre 0.3412 Rec 0.3929
2026-09-04 23:27:31 | Epoch  11/100 | Train Loss 1.6301 Acc 0.3871 | Val Loss 1.4689 Acc 0.4152 AUC 0.7750 Pre 0.3090 Rec 0.3928
2026-09-04 23:27:35 | Epoch  12/100 | Train Loss 1.6234 Acc 0.3926 | Val Loss 1.4562 Acc 0.4145 AUC 0.7735 Pre 0.3096 Rec 0.3921
2026-09-04 23:27:40 | Epoch  13/100 | Train Loss 1.6168 Acc 0.3888 | Val Loss 1.4547 Acc 0.4168 AUC 0.7739 Pre 0.3429 Rec 0.3944
2026-09-04 23:27:44 | Epoch  14/100 | Train Loss 1.6120 Acc 0.3903 | Val Loss 1.4634 Acc 0.4150 AUC 0.7727 Pre 0.3104 Rec 0.3926
2026-09-04 23:27:48 | Epoch  15/100 | Train Loss 1.6038 Acc 0.3912 | Val Loss 1.4561 Acc 0.4155 AUC 0.7733 Pre 0.3098 Rec 0.3931
2026-09-04 23:27:52 | Epoch  16/100 | Train Loss 1.5947 Acc 0.3911 | Val Loss 1.4589 Acc 0.4150 AUC 0.7752 Pre 0.3100 Rec 0.3926
2026-09-04 23:27:56 | Epoch  17/100 | Train Loss 1.5895 Acc 0.3936 | Val Loss 1.4613 Acc 0.4049 AUC 0.7743 Pre 0.3176 Rec 0.3916
2026-09-04 23:27:56 | Val AUC did not improve for 10 consecutive epochs, early stopping at Epoch 17 (best AUC 0.7822 @ Epoch 7)
2026-09-04 23:27:57 | Run 1/5 | Test (best model @ Epoch 7) | Loss 1.4557 Acc 0.4108 AUC 0.7819 Pre 0.3249 Rec 0.3956
2026-09-04 23:27:57 | ===== Run 2/5 (seed 1) =====
2026-09-04 23:28:01 | Epoch   1/100 | Train Loss 2.3271 Acc 0.1900 | Val Loss 1.9265 Acc 0.7834 AUC 0.9693 Pre 0.7271 Rec 0.7765
2026-09-04 23:28:01 |   Val AUC improved to 0.9693, model saved
2026-09-04 23:28:05 | Epoch   2/100 | Train Loss 1.8190 Acc 0.4927 | Val Loss 1.0977 Acc 0.8854 AUC 0.9836 Pre 0.8935 Rec 0.8821
2026-09-04 23:28:05 |   Val AUC improved to 0.9836, model saved
2026-09-04 23:28:09 | Epoch   3/100 | Train Loss 1.4420 Acc 0.6248 | Val Loss 0.7425 Acc 0.8661 AUC 0.9863 Pre 0.8837 Rec 0.8620
2026-09-04 23:28:09 |   Val AUC improved to 0.9863, model saved
2026-09-04 23:28:13 | Epoch   4/100 | Train Loss 1.2624 Acc 0.6771 | Val Loss 0.6132 Acc 0.9220 AUC 0.9893 Pre 0.9246 Rec 0.9200
2026-09-04 23:28:13 |   Val AUC improved to 0.9893, model saved
2026-09-04 23:28:18 | Epoch   5/100 | Train Loss 1.1442 Acc 0.7166 | Val Loss 0.5361 Acc 0.8982 AUC 0.9931 Pre 0.9135 Rec 0.8953
2026-09-04 23:28:18 |   Val AUC improved to 0.9931, model saved
2026-09-04 23:28:22 | Epoch   6/100 | Train Loss 1.0664 Acc 0.7451 | Val Loss 0.4972 Acc 0.9089 AUC 0.9948 Pre 0.9247 Rec 0.9062
2026-09-04 23:28:22 |   Val AUC improved to 0.9948, model saved
2026-09-04 23:28:26 | Epoch   7/100 | Train Loss 1.0322 Acc 0.7552 | Val Loss 0.4635 Acc 0.9521 AUC 0.9955 Pre 0.9514 Rec 0.9511
2026-09-04 23:28:26 |   Val AUC improved to 0.9955, model saved
2026-09-04 23:28:30 | Epoch   8/100 | Train Loss 0.9860 Acc 0.7714 | Val Loss 0.4263 Acc 0.9605 AUC 0.9967 Pre 0.9602 Rec 0.9598
2026-09-04 23:28:30 |   Val AUC improved to 0.9967, model saved
2026-09-04 23:28:34 | Epoch   9/100 | Train Loss 0.9561 Acc 0.7824 | Val Loss 0.4167 Acc 0.9585 AUC 0.9966 Pre 0.9597 Rec 0.9578
2026-09-04 23:28:39 | Epoch  10/100 | Train Loss 0.9264 Acc 0.7971 | Val Loss 0.3928 Acc 0.9539 AUC 0.9970 Pre 0.9567 Rec 0.9532
2026-09-04 23:28:39 |   Val AUC improved to 0.9970, model saved
2026-09-04 23:28:43 | Epoch  11/100 | Train Loss 0.8883 Acc 0.8101 | Val Loss 0.3848 Acc 0.9644 AUC 0.9975 Pre 0.9643 Rec 0.9639
2026-09-04 23:28:43 |   Val AUC improved to 0.9975, model saved
2026-09-04 23:28:47 | Epoch  12/100 | Train Loss 0.8556 Acc 0.8209 | Val Loss 0.3661 Acc 0.9659 AUC 0.9978 Pre 0.9661 Rec 0.9655
2026-09-04 23:28:47 |   Val AUC improved to 0.9978, model saved
2026-09-04 23:28:51 | Epoch  13/100 | Train Loss 0.8367 Acc 0.8349 | Val Loss 0.3394 Acc 0.9706 AUC 0.9982 Pre 0.9704 Rec 0.9703
2026-09-04 23:28:51 |   Val AUC improved to 0.9982, model saved
2026-09-04 23:28:56 | Epoch  14/100 | Train Loss 0.8067 Acc 0.8452 | Val Loss 0.3392 Acc 0.9697 AUC 0.9982 Pre 0.9693 Rec 0.9694
2026-09-04 23:28:56 |   Val AUC improved to 0.9982, model saved
2026-09-04 23:29:00 | Epoch  15/100 | Train Loss 0.7651 Acc 0.8597 | Val Loss 0.3232 Acc 0.9697 AUC 0.9984 Pre 0.9696 Rec 0.9695
2026-09-04 23:29:00 |   Val AUC improved to 0.9984, model saved
2026-09-04 23:29:04 | Epoch  16/100 | Train Loss 0.7464 Acc 0.8683 | Val Loss 0.3028 Acc 0.9726 AUC 0.9986 Pre 0.9722 Rec 0.9724
2026-09-04 23:29:04 |   Val AUC improved to 0.9986, model saved
2026-09-04 23:29:09 | Epoch  17/100 | Train Loss 0.7364 Acc 0.8725 | Val Loss 0.2983 Acc 0.9730 AUC 0.9985 Pre 0.9727 Rec 0.9727
2026-09-04 23:29:13 | Epoch  18/100 | Train Loss 0.7075 Acc 0.8806 | Val Loss 0.2943 Acc 0.9725 AUC 0.9987 Pre 0.9725 Rec 0.9724
2026-09-04 23:29:13 |   Val AUC improved to 0.9987, model saved
2026-09-04 23:29:17 | Epoch  19/100 | Train Loss 0.6826 Acc 0.8862 | Val Loss 0.2955 Acc 0.9740 AUC 0.9987 Pre 0.9739 Rec 0.9738
2026-09-04 23:29:22 | Epoch  20/100 | Train Loss 0.6604 Acc 0.8940 | Val Loss 0.2807 Acc 0.9739 AUC 0.9987 Pre 0.9736 Rec 0.9737
2026-09-04 23:29:22 |   Val AUC improved to 0.9987, model saved
2026-09-04 23:29:26 | Epoch  21/100 | Train Loss 0.6430 Acc 0.8978 | Val Loss 0.2757 Acc 0.9754 AUC 0.9986 Pre 0.9751 Rec 0.9752
2026-09-04 23:29:30 | Epoch  22/100 | Train Loss 0.6301 Acc 0.9028 | Val Loss 0.2780 Acc 0.9757 AUC 0.9987 Pre 0.9755 Rec 0.9755
2026-09-04 23:29:34 | Epoch  23/100 | Train Loss 0.6245 Acc 0.9050 | Val Loss 0.2878 Acc 0.9744 AUC 0.9986 Pre 0.9745 Rec 0.9741
2026-09-04 23:29:38 | Epoch  24/100 | Train Loss 0.6250 Acc 0.9046 | Val Loss 0.2811 Acc 0.9753 AUC 0.9988 Pre 0.9750 Rec 0.9752
2026-09-04 23:29:38 |   Val AUC improved to 0.9988, model saved
2026-09-04 23:29:42 | Epoch  25/100 | Train Loss 0.6149 Acc 0.9062 | Val Loss 0.2675 Acc 0.9760 AUC 0.9987 Pre 0.9758 Rec 0.9758
2026-09-04 23:29:46 | Epoch  26/100 | Train Loss 0.5996 Acc 0.9092 | Val Loss 0.2776 Acc 0.9754 AUC 0.9987 Pre 0.9751 Rec 0.9752
2026-09-04 23:29:51 | Epoch  27/100 | Train Loss 0.6018 Acc 0.9093 | Val Loss 0.2721 Acc 0.9762 AUC 0.9985 Pre 0.9760 Rec 0.9761
2026-09-04 23:29:55 | Epoch  28/100 | Train Loss 0.6013 Acc 0.9106 | Val Loss 0.2720 Acc 0.9764 AUC 0.9986 Pre 0.9762 Rec 0.9763
2026-09-04 23:29:59 | Epoch  29/100 | Train Loss 0.5854 Acc 0.9134 | Val Loss 0.2742 Acc 0.9757 AUC 0.9984 Pre 0.9756 Rec 0.9755
2026-09-04 23:30:03 | Epoch  30/100 | Train Loss 0.5747 Acc 0.9154 | Val Loss 0.2744 Acc 0.9756 AUC 0.9987 Pre 0.9754 Rec 0.9754
2026-09-04 23:30:08 | Epoch  31/100 | Train Loss 0.5680 Acc 0.9178 | Val Loss 0.2796 Acc 0.9736 AUC 0.9987 Pre 0.9734 Rec 0.9736
2026-09-04 23:30:12 | Epoch  32/100 | Train Loss 0.5503 Acc 0.9203 | Val Loss 0.2830 Acc 0.9748 AUC 0.9987 Pre 0.9746 Rec 0.9747
2026-09-04 23:30:16 | Epoch  33/100 | Train Loss 0.5476 Acc 0.9217 | Val Loss 0.2733 Acc 0.9758 AUC 0.9986 Pre 0.9757 Rec 0.9757
2026-09-04 23:30:20 | Epoch  34/100 | Train Loss 0.5642 Acc 0.9186 | Val Loss 0.2866 Acc 0.9735 AUC 0.9985 Pre 0.9735 Rec 0.9733
2026-09-04 23:30:20 | Val AUC did not improve for 10 consecutive epochs, early stopping at Epoch 34 (best AUC 0.9988 @ Epoch 24)
2026-09-04 23:30:20 | Run 2/5 | Test (best model @ Epoch 24) | Loss 0.2719 Acc 0.9765 AUC 0.9988 Pre 0.9765 Rec 0.9764
2026-09-04 23:30:20 | ===== Run 3/5 (seed 2) =====
2026-09-04 23:30:24 | Epoch   1/100 | Train Loss 2.3410 Acc 0.1738 | Val Loss 2.0216 Acc 0.5631 AUC 0.9323 Pre 0.4137 Rec 0.5435
2026-09-04 23:30:24 |   Val AUC improved to 0.9323, model saved
2026-09-04 23:30:28 | Epoch   2/100 | Train Loss 1.9478 Acc 0.3980 | Val Loss 1.3786 Acc 0.6911 AUC 0.9544 Pre 0.6057 Rec 0.6735
2026-09-04 23:30:28 |   Val AUC improved to 0.9544, model saved
2026-09-04 23:30:32 | Epoch   3/100 | Train Loss 1.5806 Acc 0.5551 | Val Loss 0.9650 Acc 0.7771 AUC 0.9749 Pre 0.6933 Rec 0.7623
2026-09-04 23:30:32 |   Val AUC improved to 0.9749, model saved
2026-09-04 23:30:37 | Epoch   4/100 | Train Loss 1.3734 Acc 0.6185 | Val Loss 0.7421 Acc 0.7983 AUC 0.9764 Pre 0.8267 Rec 0.7828
2026-09-04 23:30:37 |   Val AUC improved to 0.9764, model saved
2026-09-04 23:30:41 | Epoch   5/100 | Train Loss 1.2241 Acc 0.6648 | Val Loss 0.6331 Acc 0.8486 AUC 0.9786 Pre 0.8744 Rec 0.8390
2026-09-04 23:30:41 |   Val AUC improved to 0.9786, model saved
2026-09-04 23:30:45 | Epoch   6/100 | Train Loss 1.1122 Acc 0.6954 | Val Loss 0.5900 Acc 0.7988 AUC 0.9802 Pre 0.8030 Rec 0.7923
2026-09-04 23:30:45 |   Val AUC improved to 0.9802, model saved
2026-09-04 23:30:49 | Epoch   7/100 | Train Loss 1.0629 Acc 0.7100 | Val Loss 0.5444 Acc 0.8670 AUC 0.9835 Pre 0.8657 Rec 0.8627
2026-09-04 23:30:49 |   Val AUC improved to 0.9835, model saved
2026-09-04 23:30:53 | Epoch   8/100 | Train Loss 1.0157 Acc 0.7195 | Val Loss 0.5239 Acc 0.8089 AUC 0.9888 Pre 0.8198 Rec 0.8026
2026-09-04 23:30:53 |   Val AUC improved to 0.9888, model saved
2026-09-04 23:30:57 | Epoch   9/100 | Train Loss 0.9734 Acc 0.7330 | Val Loss 0.5051 Acc 0.8706 AUC 0.9900 Pre 0.8839 Rec 0.8637
2026-09-04 23:30:57 |   Val AUC improved to 0.9900, model saved
2026-09-04 23:31:01 | Epoch  10/100 | Train Loss 0.9521 Acc 0.7364 | Val Loss 0.5039 Acc 0.8912 AUC 0.9898 Pre 0.9101 Rec 0.8835
2026-09-04 23:31:05 | Epoch  11/100 | Train Loss 0.9268 Acc 0.7427 | Val Loss 0.5077 Acc 0.8653 AUC 0.9930 Pre 0.8634 Rec 0.8613
2026-09-04 23:31:05 |   Val AUC improved to 0.9930, model saved
2026-09-04 23:31:09 | Epoch  12/100 | Train Loss 0.8967 Acc 0.7496 | Val Loss 0.5000 Acc 0.8706 AUC 0.9923 Pre 0.8857 Rec 0.8634
2026-09-04 23:31:13 | Epoch  13/100 | Train Loss 0.8764 Acc 0.7553 | Val Loss 0.5065 Acc 0.8531 AUC 0.9931 Pre 0.8601 Rec 0.8476
2026-09-04 23:31:13 |   Val AUC improved to 0.9931, model saved
2026-09-04 23:31:17 | Epoch  14/100 | Train Loss 0.8690 Acc 0.7599 | Val Loss 0.4843 Acc 0.9123 AUC 0.9932 Pre 0.9090 Rec 0.9087
2026-09-04 23:31:17 |   Val AUC improved to 0.9932, model saved
2026-09-04 23:31:22 | Epoch  15/100 | Train Loss 0.8497 Acc 0.7624 | Val Loss 0.4936 Acc 0.9341 AUC 0.9935 Pre 0.9351 Rec 0.9309
2026-09-04 23:31:22 |   Val AUC improved to 0.9935, model saved
2026-09-04 23:31:26 | Epoch  16/100 | Train Loss 0.8421 Acc 0.7659 | Val Loss 0.4791 Acc 0.9106 AUC 0.9943 Pre 0.9091 Rec 0.9073
2026-09-04 23:31:26 |   Val AUC improved to 0.9943, model saved
2026-09-04 23:31:30 | Epoch  17/100 | Train Loss 0.8261 Acc 0.7709 | Val Loss 0.4904 Acc 0.9065 AUC 0.9942 Pre 0.9153 Rec 0.9020
2026-09-04 23:31:34 | Epoch  18/100 | Train Loss 0.8156 Acc 0.7760 | Val Loss 0.4774 Acc 0.9298 AUC 0.9947 Pre 0.9283 Rec 0.9274
2026-09-04 23:31:34 |   Val AUC improved to 0.9947, model saved
2026-09-04 23:31:38 | Epoch  19/100 | Train Loss 0.8010 Acc 0.7812 | Val Loss 0.4795 Acc 0.9231 AUC 0.9948 Pre 0.9206 Rec 0.9205
2026-09-04 23:31:38 |   Val AUC improved to 0.9948, model saved
2026-09-04 23:31:42 | Epoch  20/100 | Train Loss 0.8113 Acc 0.7827 | Val Loss 0.4852 Acc 0.9474 AUC 0.9951 Pre 0.9494 Rec 0.9449
2026-09-04 23:31:42 |   Val AUC improved to 0.9951, model saved
2026-09-04 23:31:46 | Epoch  21/100 | Train Loss 0.7958 Acc 0.7895 | Val Loss 0.4834 Acc 0.9387 AUC 0.9950 Pre 0.9371 Rec 0.9368
2026-09-04 23:31:50 | Epoch  22/100 | Train Loss 0.7872 Acc 0.7925 | Val Loss 0.4741 Acc 0.9417 AUC 0.9952 Pre 0.9428 Rec 0.9393
2026-09-04 23:31:50 |   Val AUC improved to 0.9952, model saved
2026-09-04 23:31:54 | Epoch  23/100 | Train Loss 0.7727 Acc 0.7972 | Val Loss 0.4597 Acc 0.9483 AUC 0.9957 Pre 0.9468 Rec 0.9466
2026-09-04 23:31:54 |   Val AUC improved to 0.9957, model saved
2026-09-04 23:31:58 | Epoch  24/100 | Train Loss 0.7668 Acc 0.7995 | Val Loss 0.4700 Acc 0.9364 AUC 0.9956 Pre 0.9347 Rec 0.9344
2026-09-04 23:32:02 | Epoch  25/100 | Train Loss 0.7568 Acc 0.8053 | Val Loss 0.4619 Acc 0.9540 AUC 0.9959 Pre 0.9565 Rec 0.9519
2026-09-04 23:32:02 |   Val AUC improved to 0.9959, model saved
2026-09-04 23:32:06 | Epoch  26/100 | Train Loss 0.7494 Acc 0.8068 | Val Loss 0.4610 Acc 0.9533 AUC 0.9957 Pre 0.9546 Rec 0.9512
2026-09-04 23:32:11 | Epoch  27/100 | Train Loss 0.7425 Acc 0.8131 | Val Loss 0.4658 Acc 0.9519 AUC 0.9955 Pre 0.9522 Rec 0.9503
2026-09-04 23:32:15 | Epoch  28/100 | Train Loss 0.7303 Acc 0.8165 | Val Loss 0.4632 Acc 0.9572 AUC 0.9958 Pre 0.9585 Rec 0.9555
2026-09-04 23:32:19 | Epoch  29/100 | Train Loss 0.7207 Acc 0.8230 | Val Loss 0.4585 Acc 0.9587 AUC 0.9962 Pre 0.9594 Rec 0.9574
2026-09-04 23:32:19 |   Val AUC improved to 0.9962, model saved
2026-09-04 23:32:23 | Epoch  30/100 | Train Loss 0.7012 Acc 0.8364 | Val Loss 0.4364 Acc 0.9612 AUC 0.9972 Pre 0.9617 Rec 0.9601
2026-09-04 23:32:23 |   Val AUC improved to 0.9972, model saved
2026-09-04 23:32:27 | Epoch  31/100 | Train Loss 0.6922 Acc 0.8462 | Val Loss 0.4170 Acc 0.9631 AUC 0.9970 Pre 0.9636 Rec 0.9620
2026-09-04 23:32:31 | Epoch  32/100 | Train Loss 0.6850 Acc 0.8521 | Val Loss 0.3968 Acc 0.9648 AUC 0.9974 Pre 0.9655 Rec 0.9641
2026-09-04 23:32:31 |   Val AUC improved to 0.9974, model saved
2026-09-04 23:32:35 | Epoch  33/100 | Train Loss 0.6810 Acc 0.8556 | Val Loss 0.3953 Acc 0.9646 AUC 0.9973 Pre 0.9649 Rec 0.9641
2026-09-04 23:32:39 | Epoch  34/100 | Train Loss 0.6721 Acc 0.8579 | Val Loss 0.3966 Acc 0.9644 AUC 0.9974 Pre 0.9652 Rec 0.9639
2026-09-04 23:32:43 | Epoch  35/100 | Train Loss 0.6602 Acc 0.8626 | Val Loss 0.3938 Acc 0.9612 AUC 0.9975 Pre 0.9625 Rec 0.9607
2026-09-04 23:32:43 |   Val AUC improved to 0.9975, model saved
2026-09-04 23:32:47 | Epoch  36/100 | Train Loss 0.6558 Acc 0.8659 | Val Loss 0.3855 Acc 0.9669 AUC 0.9974 Pre 0.9668 Rec 0.9663
2026-09-04 23:32:52 | Epoch  37/100 | Train Loss 0.6522 Acc 0.8678 | Val Loss 0.3800 Acc 0.9665 AUC 0.9974 Pre 0.9666 Rec 0.9659
2026-09-04 23:32:56 | Epoch  38/100 | Train Loss 0.6509 Acc 0.8685 | Val Loss 0.3741 Acc 0.9661 AUC 0.9972 Pre 0.9665 Rec 0.9655
2026-09-04 23:33:00 | Epoch  39/100 | Train Loss 0.6418 Acc 0.8712 | Val Loss 0.3833 Acc 0.9667 AUC 0.9973 Pre 0.9671 Rec 0.9663
2026-09-04 23:33:04 | Epoch  40/100 | Train Loss 0.6251 Acc 0.8763 | Val Loss 0.3711 Acc 0.9681 AUC 0.9977 Pre 0.9685 Rec 0.9678
2026-09-04 23:33:04 |   Val AUC improved to 0.9977, model saved
2026-09-04 23:33:08 | Epoch  41/100 | Train Loss 0.6301 Acc 0.8773 | Val Loss 0.3723 Acc 0.9683 AUC 0.9974 Pre 0.9685 Rec 0.9679
2026-09-04 23:33:12 | Epoch  42/100 | Train Loss 0.6231 Acc 0.8781 | Val Loss 0.3739 Acc 0.9683 AUC 0.9975 Pre 0.9686 Rec 0.9679
2026-09-04 23:33:17 | Epoch  43/100 | Train Loss 0.6209 Acc 0.8797 | Val Loss 0.3622 Acc 0.9700 AUC 0.9977 Pre 0.9704 Rec 0.9697
2026-09-04 23:33:17 |   Val AUC improved to 0.9977, model saved
2026-09-04 23:33:21 | Epoch  44/100 | Train Loss 0.6081 Acc 0.8818 | Val Loss 0.3745 Acc 0.9693 AUC 0.9977 Pre 0.9696 Rec 0.9691
2026-09-04 23:33:25 | Epoch  45/100 | Train Loss 0.6105 Acc 0.8855 | Val Loss 0.3739 Acc 0.9691 AUC 0.9974 Pre 0.9693 Rec 0.9687
2026-09-04 23:33:29 | Epoch  46/100 | Train Loss 0.6008 Acc 0.8880 | Val Loss 0.3625 Acc 0.9695 AUC 0.9977 Pre 0.9697 Rec 0.9693
2026-09-04 23:33:33 | Epoch  47/100 | Train Loss 0.5906 Acc 0.8898 | Val Loss 0.3636 Acc 0.9703 AUC 0.9979 Pre 0.9704 Rec 0.9700
2026-09-04 23:33:33 |   Val AUC improved to 0.9979, model saved
2026-09-04 23:33:38 | Epoch  48/100 | Train Loss 0.5816 Acc 0.8929 | Val Loss 0.3664 Acc 0.9674 AUC 0.9979 Pre 0.9676 Rec 0.9672
2026-09-04 23:33:38 |   Val AUC improved to 0.9979, model saved
2026-09-04 23:33:42 | Epoch  49/100 | Train Loss 0.5744 Acc 0.8941 | Val Loss 0.3742 Acc 0.9682 AUC 0.9978 Pre 0.9685 Rec 0.9679
2026-09-04 23:33:46 | Epoch  50/100 | Train Loss 0.5723 Acc 0.8963 | Val Loss 0.3588 Acc 0.9705 AUC 0.9978 Pre 0.9704 Rec 0.9703
2026-09-04 23:33:50 | Epoch  51/100 | Train Loss 0.5668 Acc 0.8960 | Val Loss 0.3575 Acc 0.9695 AUC 0.9979 Pre 0.9698 Rec 0.9693
2026-09-04 23:33:54 | Epoch  52/100 | Train Loss 0.5624 Acc 0.8963 | Val Loss 0.3694 Acc 0.9700 AUC 0.9975 Pre 0.9702 Rec 0.9698
2026-09-04 23:33:59 | Epoch  53/100 | Train Loss 0.5648 Acc 0.8982 | Val Loss 0.3768 Acc 0.9688 AUC 0.9974 Pre 0.9691 Rec 0.9686
2026-09-04 23:34:03 | Epoch  54/100 | Train Loss 0.5634 Acc 0.8982 | Val Loss 0.3628 Acc 0.9708 AUC 0.9978 Pre 0.9709 Rec 0.9706
2026-09-04 23:34:07 | Epoch  55/100 | Train Loss 0.5631 Acc 0.8986 | Val Loss 0.3686 Acc 0.9693 AUC 0.9976 Pre 0.9694 Rec 0.9692
2026-09-04 23:34:11 | Epoch  56/100 | Train Loss 0.5571 Acc 0.9003 | Val Loss 0.3676 Acc 0.9715 AUC 0.9976 Pre 0.9718 Rec 0.9714
2026-09-04 23:34:15 | Epoch  57/100 | Train Loss 0.5372 Acc 0.9035 | Val Loss 0.3698 Acc 0.9699 AUC 0.9974 Pre 0.9701 Rec 0.9697
2026-09-04 23:34:19 | Epoch  58/100 | Train Loss 0.5427 Acc 0.9028 | Val Loss 0.3745 Acc 0.9683 AUC 0.9976 Pre 0.9692 Rec 0.9680
2026-09-04 23:34:19 | Val AUC did not improve for 10 consecutive epochs, early stopping at Epoch 58 (best AUC 0.9979 @ Epoch 48)
2026-09-04 23:34:20 | Run 3/5 | Test (best model @ Epoch 48) | Loss 0.3555 Acc 0.9690 AUC 0.9980 Pre 0.9698 Rec 0.9689
2026-09-04 23:34:20 | ===== Run 4/5 (seed 3) =====
2026-09-04 23:34:24 | Epoch   1/100 | Train Loss 2.2881 Acc 0.2208 | Val Loss 1.8140 Acc 0.8310 AUC 0.9815 Pre 0.8632 Rec 0.8228
2026-09-04 23:34:24 |   Val AUC improved to 0.9815, model saved
2026-09-04 23:34:29 | Epoch   2/100 | Train Loss 1.6897 Acc 0.5531 | Val Loss 0.9056 Acc 0.9215 AUC 0.9912 Pre 0.9280 Rec 0.9194
2026-09-04 23:34:29 |   Val AUC improved to 0.9912, model saved
2026-09-04 23:34:33 | Epoch   3/100 | Train Loss 1.2351 Acc 0.7241 | Val Loss 0.5690 Acc 0.9505 AUC 0.9960 Pre 0.9509 Rec 0.9493
2026-09-04 23:34:33 |   Val AUC improved to 0.9960, model saved
2026-09-04 23:34:37 | Epoch   4/100 | Train Loss 1.0410 Acc 0.7920 | Val Loss 0.4396 Acc 0.9622 AUC 0.9978 Pre 0.9618 Rec 0.9616
2026-09-04 23:34:37 |   Val AUC improved to 0.9978, model saved
2026-09-04 23:34:41 | Epoch   5/100 | Train Loss 0.9144 Acc 0.8357 | Val Loss 0.3801 Acc 0.9667 AUC 0.9982 Pre 0.9663 Rec 0.9662
2026-09-04 23:34:41 |   Val AUC improved to 0.9982, model saved
2026-09-04 23:34:45 | Epoch   6/100 | Train Loss 0.8348 Acc 0.8582 | Val Loss 0.3287 Acc 0.9699 AUC 0.9986 Pre 0.9694 Rec 0.9697
2026-09-04 23:34:45 |   Val AUC improved to 0.9986, model saved
2026-09-04 23:34:49 | Epoch   7/100 | Train Loss 0.7916 Acc 0.8703 | Val Loss 0.3044 Acc 0.9727 AUC 0.9988 Pre 0.9725 Rec 0.9723
2026-09-04 23:34:49 |   Val AUC improved to 0.9988, model saved
2026-09-04 23:34:53 | Epoch   8/100 | Train Loss 0.7568 Acc 0.8778 | Val Loss 0.2936 Acc 0.9746 AUC 0.9989 Pre 0.9743 Rec 0.9744
2026-09-04 23:34:53 |   Val AUC improved to 0.9989, model saved
2026-09-04 23:34:57 | Epoch   9/100 | Train Loss 0.7107 Acc 0.8921 | Val Loss 0.2985 Acc 0.9748 AUC 0.9988 Pre 0.9744 Rec 0.9746
2026-09-04 23:35:01 | Epoch  10/100 | Train Loss 0.6701 Acc 0.9001 | Val Loss 0.2782 Acc 0.9749 AUC 0.9990 Pre 0.9746 Rec 0.9745
2026-09-04 23:35:01 |   Val AUC improved to 0.9990, model saved
2026-09-04 23:35:06 | Epoch  11/100 | Train Loss 0.6372 Acc 0.9065 | Val Loss 0.2858 Acc 0.9751 AUC 0.9989 Pre 0.9747 Rec 0.9749
2026-09-04 23:35:10 | Epoch  12/100 | Train Loss 0.6166 Acc 0.9109 | Val Loss 0.2767 Acc 0.9762 AUC 0.9990 Pre 0.9759 Rec 0.9759
2026-09-04 23:35:10 |   Val AUC improved to 0.9990, model saved
2026-09-04 23:35:14 | Epoch  13/100 | Train Loss 0.6029 Acc 0.9155 | Val Loss 0.2841 Acc 0.9754 AUC 0.9990 Pre 0.9751 Rec 0.9751
2026-09-04 23:35:18 | Epoch  14/100 | Train Loss 0.5873 Acc 0.9178 | Val Loss 0.2873 Acc 0.9750 AUC 0.9989 Pre 0.9748 Rec 0.9747
2026-09-04 23:35:22 | Epoch  15/100 | Train Loss 0.5590 Acc 0.9229 | Val Loss 0.2803 Acc 0.9757 AUC 0.9991 Pre 0.9754 Rec 0.9755
2026-09-04 23:35:22 |   Val AUC improved to 0.9991, model saved
2026-09-04 23:35:26 | Epoch  16/100 | Train Loss 0.5404 Acc 0.9269 | Val Loss 0.2825 Acc 0.9764 AUC 0.9990 Pre 0.9760 Rec 0.9763
2026-09-04 23:35:30 | Epoch  17/100 | Train Loss 0.5216 Acc 0.9309 | Val Loss 0.2800 Acc 0.9757 AUC 0.9989 Pre 0.9754 Rec 0.9753
2026-09-04 23:35:34 | Epoch  18/100 | Train Loss 0.5177 Acc 0.9314 | Val Loss 0.2821 Acc 0.9766 AUC 0.9990 Pre 0.9762 Rec 0.9763
2026-09-04 23:35:39 | Epoch  19/100 | Train Loss 0.5026 Acc 0.9360 | Val Loss 0.2915 Acc 0.9752 AUC 0.9991 Pre 0.9749 Rec 0.9749
2026-09-04 23:35:43 | Epoch  20/100 | Train Loss 0.4966 Acc 0.9351 | Val Loss 0.2919 Acc 0.9753 AUC 0.9990 Pre 0.9748 Rec 0.9752
2026-09-04 23:35:47 | Epoch  21/100 | Train Loss 0.4836 Acc 0.9380 | Val Loss 0.2813 Acc 0.9760 AUC 0.9990 Pre 0.9755 Rec 0.9757
2026-09-04 23:35:51 | Epoch  22/100 | Train Loss 0.4735 Acc 0.9399 | Val Loss 0.2907 Acc 0.9766 AUC 0.9990 Pre 0.9763 Rec 0.9763
2026-09-04 23:35:55 | Epoch  23/100 | Train Loss 0.4594 Acc 0.9425 | Val Loss 0.2905 Acc 0.9756 AUC 0.9990 Pre 0.9752 Rec 0.9754
2026-09-04 23:36:00 | Epoch  24/100 | Train Loss 0.4602 Acc 0.9416 | Val Loss 0.2978 Acc 0.9769 AUC 0.9989 Pre 0.9766 Rec 0.9767
2026-09-04 23:36:04 | Epoch  25/100 | Train Loss 0.4534 Acc 0.9446 | Val Loss 0.2841 Acc 0.9774 AUC 0.9990 Pre 0.9770 Rec 0.9772
2026-09-04 23:36:04 | Val AUC did not improve for 10 consecutive epochs, early stopping at Epoch 25 (best AUC 0.9991 @ Epoch 15)
2026-09-04 23:36:04 | Run 4/5 | Test (best model @ Epoch 15) | Loss 0.2633 Acc 0.9776 AUC 0.9992 Pre 0.9773 Rec 0.9773
2026-09-04 23:36:04 | ===== Run 5/5 (seed 4) =====
2026-09-04 23:36:09 | Epoch   1/100 | Train Loss 2.3186 Acc 0.1965 | Val Loss 1.9426 Acc 0.6706 AUC 0.9547 Pre 0.5332 Rec 0.6524
2026-09-04 23:36:09 |   Val AUC improved to 0.9547, model saved
2026-09-04 23:36:13 | Epoch   2/100 | Train Loss 1.8657 Acc 0.4539 | Val Loss 1.2211 Acc 0.6907 AUC 0.9549 Pre 0.6169 Rec 0.6731
2026-09-04 23:36:13 |   Val AUC improved to 0.9549, model saved
2026-09-04 23:36:17 | Epoch   3/100 | Train Loss 1.4842 Acc 0.5844 | Val Loss 0.8747 Acc 0.7792 AUC 0.9754 Pre 0.8120 Rec 0.7698
2026-09-04 23:36:17 |   Val AUC improved to 0.9754, model saved
2026-09-04 23:36:21 | Epoch   4/100 | Train Loss 1.2858 Acc 0.6464 | Val Loss 0.7308 Acc 0.7823 AUC 0.9768 Pre 0.7495 Rec 0.7770
2026-09-04 23:36:21 |   Val AUC improved to 0.9768, model saved
2026-09-04 23:36:26 | Epoch   5/100 | Train Loss 1.1547 Acc 0.6857 | Val Loss 0.6331 Acc 0.8420 AUC 0.9779 Pre 0.8556 Rec 0.8359
2026-09-04 23:36:26 |   Val AUC improved to 0.9779, model saved
2026-09-04 23:36:30 | Epoch   6/100 | Train Loss 1.0728 Acc 0.7089 | Val Loss 0.5698 Acc 0.8142 AUC 0.9788 Pre 0.8231 Rec 0.8079
2026-09-04 23:36:30 |   Val AUC improved to 0.9788, model saved
2026-09-04 23:36:34 | Epoch   7/100 | Train Loss 1.0177 Acc 0.7209 | Val Loss 0.5463 Acc 0.8396 AUC 0.9791 Pre 0.8259 Rec 0.8336
2026-09-04 23:36:34 |   Val AUC improved to 0.9791, model saved
2026-09-04 23:36:38 | Epoch   8/100 | Train Loss 0.9732 Acc 0.7341 | Val Loss 0.5218 Acc 0.8485 AUC 0.9848 Pre 0.8492 Rec 0.8435
2026-09-04 23:36:38 |   Val AUC improved to 0.9848, model saved
2026-09-04 23:36:43 | Epoch   9/100 | Train Loss 0.9418 Acc 0.7434 | Val Loss 0.5157 Acc 0.8511 AUC 0.9889 Pre 0.8472 Rec 0.8460
2026-09-04 23:36:43 |   Val AUC improved to 0.9889, model saved
2026-09-04 23:36:47 | Epoch  10/100 | Train Loss 0.9103 Acc 0.7527 | Val Loss 0.4975 Acc 0.8804 AUC 0.9909 Pre 0.8810 Rec 0.8756
2026-09-04 23:36:47 |   Val AUC improved to 0.9909, model saved
2026-09-04 23:36:51 | Epoch  11/100 | Train Loss 0.8927 Acc 0.7570 | Val Loss 0.4982 Acc 0.9204 AUC 0.9919 Pre 0.9261 Rec 0.9181
2026-09-04 23:36:51 |   Val AUC improved to 0.9919, model saved
2026-09-04 23:36:56 | Epoch  12/100 | Train Loss 0.8784 Acc 0.7661 | Val Loss 0.4847 Acc 0.9283 AUC 0.9928 Pre 0.9294 Rec 0.9260
2026-09-04 23:36:56 |   Val AUC improved to 0.9928, model saved
2026-09-04 23:37:00 | Epoch  13/100 | Train Loss 0.8420 Acc 0.7724 | Val Loss 0.4760 Acc 0.8933 AUC 0.9946 Pre 0.9003 Rec 0.8897
2026-09-04 23:37:00 |   Val AUC improved to 0.9946, model saved
2026-09-04 23:37:05 | Epoch  14/100 | Train Loss 0.8230 Acc 0.7835 | Val Loss 0.4640 Acc 0.9101 AUC 0.9953 Pre 0.9163 Rec 0.9071
2026-09-04 23:37:05 |   Val AUC improved to 0.9953, model saved
2026-09-04 23:37:09 | Epoch  15/100 | Train Loss 0.7963 Acc 0.7977 | Val Loss 0.4408 Acc 0.8951 AUC 0.9948 Pre 0.9005 Rec 0.8917
2026-09-04 23:37:13 | Epoch  16/100 | Train Loss 0.7883 Acc 0.8063 | Val Loss 0.4435 Acc 0.9044 AUC 0.9955 Pre 0.9105 Rec 0.9014
2026-09-04 23:37:13 |   Val AUC improved to 0.9955, model saved
2026-09-04 23:37:17 | Epoch  17/100 | Train Loss 0.7671 Acc 0.8163 | Val Loss 0.4056 Acc 0.9404 AUC 0.9961 Pre 0.9402 Rec 0.9390
2026-09-04 23:37:17 |   Val AUC improved to 0.9961, model saved
2026-09-04 23:37:21 | Epoch  18/100 | Train Loss 0.7497 Acc 0.8256 | Val Loss 0.3955 Acc 0.9500 AUC 0.9963 Pre 0.9488 Rec 0.9489
2026-09-04 23:37:21 |   Val AUC improved to 0.9963, model saved
2026-09-04 23:37:25 | Epoch  19/100 | Train Loss 0.7240 Acc 0.8324 | Val Loss 0.3903 Acc 0.9240 AUC 0.9964 Pre 0.9293 Rec 0.9219
2026-09-04 23:37:25 |   Val AUC improved to 0.9964, model saved
2026-09-04 23:37:29 | Epoch  20/100 | Train Loss 0.7147 Acc 0.8350 | Val Loss 0.3886 Acc 0.9512 AUC 0.9965 Pre 0.9504 Rec 0.9501
2026-09-04 23:37:29 |   Val AUC improved to 0.9965, model saved
2026-09-04 23:37:33 | Epoch  21/100 | Train Loss 0.7037 Acc 0.8389 | Val Loss 0.3813 Acc 0.9507 AUC 0.9970 Pre 0.9503 Rec 0.9496
2026-09-04 23:37:33 |   Val AUC improved to 0.9970, model saved
2026-09-04 23:37:37 | Epoch  22/100 | Train Loss 0.6900 Acc 0.8450 | Val Loss 0.3901 Acc 0.9303 AUC 0.9963 Pre 0.9322 Rec 0.9285
2026-09-04 23:37:41 | Epoch  23/100 | Train Loss 0.6793 Acc 0.8474 | Val Loss 0.3855 Acc 0.9608 AUC 0.9970 Pre 0.9611 Rec 0.9603
2026-09-04 23:37:45 | Epoch  24/100 | Train Loss 0.6657 Acc 0.8520 | Val Loss 0.3788 Acc 0.9135 AUC 0.9972 Pre 0.9204 Rec 0.9111
2026-09-04 23:37:45 |   Val AUC improved to 0.9972, model saved
2026-09-04 23:37:50 | Epoch  25/100 | Train Loss 0.6635 Acc 0.8522 | Val Loss 0.3766 Acc 0.9602 AUC 0.9970 Pre 0.9624 Rec 0.9597
2026-09-04 23:37:54 | Epoch  26/100 | Train Loss 0.6424 Acc 0.8599 | Val Loss 0.3788 Acc 0.9437 AUC 0.9973 Pre 0.9456 Rec 0.9423
2026-09-04 23:37:54 |   Val AUC improved to 0.9973, model saved
2026-09-04 23:37:58 | Epoch  27/100 | Train Loss 0.6495 Acc 0.8582 | Val Loss 0.3715 Acc 0.9624 AUC 0.9973 Pre 0.9625 Rec 0.9619
2026-09-04 23:38:02 | Epoch  28/100 | Train Loss 0.6287 Acc 0.8645 | Val Loss 0.3800 Acc 0.9552 AUC 0.9974 Pre 0.9551 Rec 0.9545
2026-09-04 23:38:02 |   Val AUC improved to 0.9974, model saved
2026-09-04 23:38:06 | Epoch  29/100 | Train Loss 0.6160 Acc 0.8665 | Val Loss 0.3793 Acc 0.9663 AUC 0.9976 Pre 0.9671 Rec 0.9658
2026-09-04 23:38:06 |   Val AUC improved to 0.9976, model saved
2026-09-04 23:38:10 | Epoch  30/100 | Train Loss 0.6212 Acc 0.8671 | Val Loss 0.3837 Acc 0.9600 AUC 0.9976 Pre 0.9596 Rec 0.9593
2026-09-04 23:38:15 | Epoch  31/100 | Train Loss 0.6084 Acc 0.8689 | Val Loss 0.3878 Acc 0.9644 AUC 0.9975 Pre 0.9656 Rec 0.9640
2026-09-04 23:38:19 | Epoch  32/100 | Train Loss 0.6050 Acc 0.8705 | Val Loss 0.3855 Acc 0.9612 AUC 0.9976 Pre 0.9612 Rec 0.9609
2026-09-04 23:38:19 |   Val AUC improved to 0.9976, model saved
2026-09-04 23:38:23 | Epoch  33/100 | Train Loss 0.5998 Acc 0.8755 | Val Loss 0.3748 Acc 0.9678 AUC 0.9975 Pre 0.9676 Rec 0.9673
2026-09-04 23:38:27 | Epoch  34/100 | Train Loss 0.5965 Acc 0.8745 | Val Loss 0.3817 Acc 0.9609 AUC 0.9972 Pre 0.9605 Rec 0.9602
2026-09-04 23:38:32 | Epoch  35/100 | Train Loss 0.5860 Acc 0.8780 | Val Loss 0.3793 Acc 0.9669 AUC 0.9974 Pre 0.9671 Rec 0.9665
2026-09-04 23:38:36 | Epoch  36/100 | Train Loss 0.5824 Acc 0.8803 | Val Loss 0.3657 Acc 0.9640 AUC 0.9974 Pre 0.9638 Rec 0.9634
2026-09-04 23:38:40 | Epoch  37/100 | Train Loss 0.5716 Acc 0.8822 | Val Loss 0.3880 Acc 0.9660 AUC 0.9974 Pre 0.9665 Rec 0.9657
2026-09-04 23:38:44 | Epoch  38/100 | Train Loss 0.5623 Acc 0.8832 | Val Loss 0.3775 Acc 0.9677 AUC 0.9973 Pre 0.9686 Rec 0.9674
2026-09-04 23:38:48 | Epoch  39/100 | Train Loss 0.5615 Acc 0.8836 | Val Loss 0.3735 Acc 0.9683 AUC 0.9975 Pre 0.9692 Rec 0.9680
2026-09-04 23:38:52 | Epoch  40/100 | Train Loss 0.5642 Acc 0.8866 | Val Loss 0.3864 Acc 0.9646 AUC 0.9973 Pre 0.9647 Rec 0.9640
2026-09-04 23:38:56 | Epoch  41/100 | Train Loss 0.5474 Acc 0.8896 | Val Loss 0.3775 Acc 0.9655 AUC 0.9975 Pre 0.9653 Rec 0.9650
2026-09-04 23:39:00 | Epoch  42/100 | Train Loss 0.5474 Acc 0.8914 | Val Loss 0.3780 Acc 0.9682 AUC 0.9973 Pre 0.9686 Rec 0.9678
2026-09-04 23:39:00 | Val AUC did not improve for 10 consecutive epochs, early stopping at Epoch 42 (best AUC 0.9976 @ Epoch 32)
2026-09-04 23:39:00 | Run 5/5 | Test (best model @ Epoch 32) | Loss 0.3772 Acc 0.9654 AUC 0.9976 Pre 0.9666 Rec 0.9652
2026-09-04 23:39:00 | Average over 5 runs | Test Loss 0.5447±0.5117 Acc 0.8599±0.2511 AUC 0.9551±0.0968 Pre 0.8430±0.2897 Rec 0.8567±0.2578
