2026-08-26 20:30:14 | Device: cuda
2026-08-26 20:30:14 | Args: {'model': 'nib', 'backbone': 'cnn', 'task': 'agedb', 'epochs': 100, 'batch_size': 512, 'lr': 0.001, 'hidden_dims': [512, 256], 'dropout': 0.2, 'z_dim': 256, 'anchor_scale': 4.0, 'max_len': 250, 'random_labels': False, 'beta': 0.001, 'patience': 10, 'runs': 5, 'seed': 0, 'data_dir': './data', 'save_path': 'output/agedb_cnn_nib/agedb_cnn_nib.pt', 'log_path': '/root/autodl-tmp/FGIB/tune_results/agedb_cnn_nib_beta_0.001/train.log', 'no_save': True}
2026-08-26 20:30:14 | AgeDB 图像：16488 张，年龄 1~101 岁
2026-08-26 20:30:14 | AgeDB 划分（60/20/20）：train 9892 / val 3298 / test 3298（共 16488 张）
2026-08-26 20:30:14 | AgeDB 预解码缓存命中：./data/agedb/agedb_64x64_uint8.npy
2026-08-26 20:30:14 | AgeDB 加载完成：9892/3298/3298（batch 512，RGB 64x64，ImageNet 归一化），年龄 MinMax 归一化到 [0,1]（1~101 岁）
2026-08-26 20:30:14 | ===== Run 1/5 (seed 0) =====
2026-08-26 20:30:21 | Epoch   1/100 | Train Loss 3.0533 | Val Loss 0.0627 MAE 20.1566 R2 -1.1181
2026-08-26 20:30:21 |   Val R2 improved to -1.1181, model saved
2026-08-26 20:30:22 | Epoch   2/100 | Train Loss 0.3485 | Val Loss 0.0553 MAE 18.7960 R2 -0.8734
2026-08-26 20:30:23 |   Val R2 improved to -0.8734, model saved
2026-08-26 20:30:24 | Epoch   3/100 | Train Loss 0.2986 | Val Loss 0.0357 MAE 14.9432 R2 -0.2095
2026-08-26 20:30:24 |   Val R2 improved to -0.2095, model saved
2026-08-26 20:30:26 | Epoch   4/100 | Train Loss 0.2809 | Val Loss 0.0369 MAE 15.1189 R2 -0.2496
2026-08-26 20:30:28 | Epoch   5/100 | Train Loss 0.2490 | Val Loss 0.0324 MAE 14.2285 R2 -0.0964
2026-08-26 20:30:28 |   Val R2 improved to -0.0964, model saved
2026-08-26 20:30:29 | Epoch   6/100 | Train Loss 0.2278 | Val Loss 0.0320 MAE 14.0825 R2 -0.0810
2026-08-26 20:30:29 |   Val R2 improved to -0.0810, model saved
2026-08-26 20:30:31 | Epoch   7/100 | Train Loss 0.2094 | Val Loss 0.0297 MAE 13.5646 R2 0.0005
2026-08-26 20:30:31 |   Val R2 improved to 0.0005, model saved
2026-08-26 20:30:33 | Epoch   8/100 | Train Loss 0.1932 | Val Loss 0.0280 MAE 13.1659 R2 0.0603
2026-08-26 20:30:33 |   Val R2 improved to 0.0603, model saved
2026-08-26 20:30:35 | Epoch   9/100 | Train Loss 0.1786 | Val Loss 0.0279 MAE 13.1568 R2 0.0619
2026-08-26 20:30:35 |   Val R2 improved to 0.0619, model saved
2026-08-26 20:30:36 | Epoch  10/100 | Train Loss 0.1639 | Val Loss 0.0260 MAE 12.7024 R2 0.1295
2026-08-26 20:30:36 |   Val R2 improved to 0.1295, model saved
2026-08-26 20:30:38 | Epoch  11/100 | Train Loss 0.1566 | Val Loss 0.0272 MAE 12.9494 R2 0.0878
2026-08-26 20:30:40 | Epoch  12/100 | Train Loss 0.1500 | Val Loss 0.0262 MAE 12.7266 R2 0.1208
2026-08-26 20:30:41 | Epoch  13/100 | Train Loss 0.1355 | Val Loss 0.0248 MAE 12.3749 R2 0.1706
2026-08-26 20:30:41 |   Val R2 improved to 0.1706, model saved
2026-08-26 20:30:43 | Epoch  14/100 | Train Loss 0.1296 | Val Loss 0.0264 MAE 12.7136 R2 0.1173
2026-08-26 20:30:45 | Epoch  15/100 | Train Loss 0.1275 | Val Loss 0.0248 MAE 12.3363 R2 0.1717
2026-08-26 20:30:45 |   Val R2 improved to 0.1717, model saved
2026-08-26 20:30:46 | Epoch  16/100 | Train Loss 0.1176 | Val Loss 0.0246 MAE 12.3076 R2 0.1783
2026-08-26 20:30:46 |   Val R2 improved to 0.1783, model saved
2026-08-26 20:30:48 | Epoch  17/100 | Train Loss 0.1113 | Val Loss 0.0247 MAE 12.3068 R2 0.1758
2026-08-26 20:30:50 | Epoch  18/100 | Train Loss 0.1034 | Val Loss 0.0240 MAE 12.1429 R2 0.1997
2026-08-26 20:30:50 |   Val R2 improved to 0.1997, model saved
2026-08-26 20:30:52 | Epoch  19/100 | Train Loss 0.1008 | Val Loss 0.0239 MAE 12.0955 R2 0.2065
2026-08-26 20:30:52 |   Val R2 improved to 0.2065, model saved
2026-08-26 20:30:53 | Epoch  20/100 | Train Loss 0.0946 | Val Loss 0.0238 MAE 12.0602 R2 0.2102
2026-08-26 20:30:53 |   Val R2 improved to 0.2102, model saved
2026-08-26 20:30:55 | Epoch  21/100 | Train Loss 0.0901 | Val Loss 0.0242 MAE 12.1183 R2 0.1981
2026-08-26 20:30:57 | Epoch  22/100 | Train Loss 0.0875 | Val Loss 0.0230 MAE 11.8632 R2 0.2394
2026-08-26 20:30:57 |   Val R2 improved to 0.2394, model saved
2026-08-26 20:30:58 | Epoch  23/100 | Train Loss 0.0835 | Val Loss 0.0222 MAE 11.6938 R2 0.2673
2026-08-26 20:30:58 |   Val R2 improved to 0.2673, model saved
2026-08-26 20:31:00 | Epoch  24/100 | Train Loss 0.0767 | Val Loss 0.0220 MAE 11.6284 R2 0.2769
2026-08-26 20:31:00 |   Val R2 improved to 0.2769, model saved
2026-08-26 20:31:02 | Epoch  25/100 | Train Loss 0.0756 | Val Loss 0.0220 MAE 11.6182 R2 0.2766
2026-08-26 20:31:03 | Epoch  26/100 | Train Loss 0.0719 | Val Loss 0.0220 MAE 11.5889 R2 0.2769
2026-08-26 20:31:03 |   Val R2 improved to 0.2769, model saved
2026-08-26 20:31:05 | Epoch  27/100 | Train Loss 0.0701 | Val Loss 0.0224 MAE 11.6486 R2 0.2639
2026-08-26 20:31:07 | Epoch  28/100 | Train Loss 0.0664 | Val Loss 0.0222 MAE 11.6085 R2 0.2708
2026-08-26 20:31:08 | Epoch  29/100 | Train Loss 0.0640 | Val Loss 0.0223 MAE 11.6045 R2 0.2689
2026-08-26 20:31:10 | Epoch  30/100 | Train Loss 0.0639 | Val Loss 0.0219 MAE 11.5218 R2 0.2841
2026-08-26 20:31:10 |   Val R2 improved to 0.2841, model saved
2026-08-26 20:31:12 | Epoch  31/100 | Train Loss 0.0601 | Val Loss 0.0220 MAE 11.5346 R2 0.2807
2026-08-26 20:31:13 | Epoch  32/100 | Train Loss 0.0571 | Val Loss 0.0220 MAE 11.5106 R2 0.2826
2026-08-26 20:31:15 | Epoch  33/100 | Train Loss 0.0571 | Val Loss 0.0224 MAE 11.5898 R2 0.2676
2026-08-26 20:31:16 | Epoch  34/100 | Train Loss 0.0546 | Val Loss 0.0218 MAE 11.4566 R2 0.2893
2026-08-26 20:31:17 |   Val R2 improved to 0.2893, model saved
2026-08-26 20:31:18 | Epoch  35/100 | Train Loss 0.0530 | Val Loss 0.0212 MAE 11.3135 R2 0.3124
2026-08-26 20:31:18 |   Val R2 improved to 0.3124, model saved
2026-08-26 20:31:20 | Epoch  36/100 | Train Loss 0.0526 | Val Loss 0.0213 MAE 11.3200 R2 0.3081
2026-08-26 20:31:21 | Epoch  37/100 | Train Loss 0.0499 | Val Loss 0.0216 MAE 11.3623 R2 0.2974
2026-08-26 20:31:23 | Epoch  38/100 | Train Loss 0.0486 | Val Loss 0.0216 MAE 11.3671 R2 0.2979
2026-08-26 20:31:25 | Epoch  39/100 | Train Loss 0.0480 | Val Loss 0.0213 MAE 11.2867 R2 0.3086
2026-08-26 20:31:26 | Epoch  40/100 | Train Loss 0.0464 | Val Loss 0.0208 MAE 11.1688 R2 0.3263
2026-08-26 20:31:26 |   Val R2 improved to 0.3263, model saved
2026-08-26 20:31:28 | Epoch  41/100 | Train Loss 0.0467 | Val Loss 0.0208 MAE 11.1574 R2 0.3280
2026-08-26 20:31:28 |   Val R2 improved to 0.3280, model saved
2026-08-26 20:31:30 | Epoch  42/100 | Train Loss 0.0448 | Val Loss 0.0211 MAE 11.1780 R2 0.3190
2026-08-26 20:31:31 | Epoch  43/100 | Train Loss 0.0441 | Val Loss 0.0210 MAE 11.1434 R2 0.3227
2026-08-26 20:31:33 | Epoch  44/100 | Train Loss 0.0434 | Val Loss 0.0201 MAE 10.9732 R2 0.3521
2026-08-26 20:31:33 |   Val R2 improved to 0.3521, model saved
2026-08-26 20:31:35 | Epoch  45/100 | Train Loss 0.0421 | Val Loss 0.0204 MAE 11.0037 R2 0.3447
2026-08-26 20:31:36 | Epoch  46/100 | Train Loss 0.0413 | Val Loss 0.0200 MAE 10.9230 R2 0.3574
2026-08-26 20:31:36 |   Val R2 improved to 0.3574, model saved
2026-08-26 20:31:38 | Epoch  47/100 | Train Loss 0.0410 | Val Loss 0.0199 MAE 10.8794 R2 0.3637
2026-08-26 20:31:38 |   Val R2 improved to 0.3637, model saved
2026-08-26 20:31:40 | Epoch  48/100 | Train Loss 0.0403 | Val Loss 0.0205 MAE 11.0047 R2 0.3422
2026-08-26 20:31:41 | Epoch  49/100 | Train Loss 0.0395 | Val Loss 0.0200 MAE 10.8783 R2 0.3600
2026-08-26 20:31:43 | Epoch  50/100 | Train Loss 0.0389 | Val Loss 0.0200 MAE 10.8657 R2 0.3617
2026-08-26 20:31:45 | Epoch  51/100 | Train Loss 0.0382 | Val Loss 0.0204 MAE 10.9546 R2 0.3460
2026-08-26 20:31:46 | Epoch  52/100 | Train Loss 0.0375 | Val Loss 0.0196 MAE 10.7580 R2 0.3750
2026-08-26 20:31:46 |   Val R2 improved to 0.3750, model saved
2026-08-26 20:31:48 | Epoch  53/100 | Train Loss 0.0373 | Val Loss 0.0201 MAE 10.8499 R2 0.3576
2026-08-26 20:31:50 | Epoch  54/100 | Train Loss 0.0367 | Val Loss 0.0194 MAE 10.6883 R2 0.3830
2026-08-26 20:31:50 |   Val R2 improved to 0.3830, model saved
2026-08-26 20:31:51 | Epoch  55/100 | Train Loss 0.0360 | Val Loss 0.0199 MAE 10.7645 R2 0.3674
2026-08-26 20:31:53 | Epoch  56/100 | Train Loss 0.0349 | Val Loss 0.0205 MAE 10.9424 R2 0.3441
2026-08-26 20:31:55 | Epoch  57/100 | Train Loss 0.0359 | Val Loss 0.0193 MAE 10.6449 R2 0.3861
2026-08-26 20:31:55 |   Val R2 improved to 0.3861, model saved
2026-08-26 20:31:56 | Epoch  58/100 | Train Loss 0.0352 | Val Loss 0.0197 MAE 10.7155 R2 0.3740
2026-08-26 20:31:58 | Epoch  59/100 | Train Loss 0.0342 | Val Loss 0.0193 MAE 10.6022 R2 0.3897
2026-08-26 20:31:58 |   Val R2 improved to 0.3897, model saved
2026-08-26 20:32:00 | Epoch  60/100 | Train Loss 0.0343 | Val Loss 0.0198 MAE 10.7293 R2 0.3725
2026-08-26 20:32:01 | Epoch  61/100 | Train Loss 0.0335 | Val Loss 0.0192 MAE 10.5594 R2 0.3943
2026-08-26 20:32:01 |   Val R2 improved to 0.3943, model saved
2026-08-26 20:32:03 | Epoch  62/100 | Train Loss 0.0334 | Val Loss 0.0192 MAE 10.5957 R2 0.3915
2026-08-26 20:32:05 | Epoch  63/100 | Train Loss 0.0329 | Val Loss 0.0190 MAE 10.5183 R2 0.4020
2026-08-26 20:32:05 |   Val R2 improved to 0.4020, model saved
2026-08-26 20:32:07 | Epoch  64/100 | Train Loss 0.0328 | Val Loss 0.0198 MAE 10.7260 R2 0.3717
2026-08-26 20:32:08 | Epoch  65/100 | Train Loss 0.0322 | Val Loss 0.0195 MAE 10.6131 R2 0.3834
2026-08-26 20:32:10 | Epoch  66/100 | Train Loss 0.0323 | Val Loss 0.0189 MAE 10.4848 R2 0.4035
2026-08-26 20:32:10 |   Val R2 improved to 0.4035, model saved
2026-08-26 20:32:12 | Epoch  67/100 | Train Loss 0.0314 | Val Loss 0.0193 MAE 10.5815 R2 0.3915
2026-08-26 20:32:13 | Epoch  68/100 | Train Loss 0.0312 | Val Loss 0.0190 MAE 10.4830 R2 0.4026
2026-08-26 20:32:15 | Epoch  69/100 | Train Loss 0.0316 | Val Loss 0.0192 MAE 10.5377 R2 0.3938
2026-08-26 20:32:17 | Epoch  70/100 | Train Loss 0.0306 | Val Loss 0.0191 MAE 10.5125 R2 0.3990
2026-08-26 20:32:18 | Epoch  71/100 | Train Loss 0.0305 | Val Loss 0.0190 MAE 10.4851 R2 0.4020
2026-08-26 20:32:20 | Epoch  72/100 | Train Loss 0.0301 | Val Loss 0.0188 MAE 10.4099 R2 0.4106
2026-08-26 20:32:20 |   Val R2 improved to 0.4106, model saved
2026-08-26 20:32:22 | Epoch  73/100 | Train Loss 0.0303 | Val Loss 0.0189 MAE 10.4349 R2 0.4065
2026-08-26 20:32:23 | Epoch  74/100 | Train Loss 0.0300 | Val Loss 0.0190 MAE 10.4405 R2 0.4049
2026-08-26 20:32:25 | Epoch  75/100 | Train Loss 0.0298 | Val Loss 0.0187 MAE 10.3857 R2 0.4140
2026-08-26 20:32:25 |   Val R2 improved to 0.4140, model saved
2026-08-26 20:32:27 | Epoch  76/100 | Train Loss 0.0293 | Val Loss 0.0188 MAE 10.4115 R2 0.4104
2026-08-26 20:32:28 | Epoch  77/100 | Train Loss 0.0293 | Val Loss 0.0186 MAE 10.3650 R2 0.4179
2026-08-26 20:32:28 |   Val R2 improved to 0.4179, model saved
2026-08-26 20:32:30 | Epoch  78/100 | Train Loss 0.0290 | Val Loss 0.0188 MAE 10.3853 R2 0.4127
2026-08-26 20:32:32 | Epoch  79/100 | Train Loss 0.0293 | Val Loss 0.0187 MAE 10.3654 R2 0.4131
2026-08-26 20:32:33 | Epoch  80/100 | Train Loss 0.0281 | Val Loss 0.0193 MAE 10.5341 R2 0.3934
2026-08-26 20:32:35 | Epoch  81/100 | Train Loss 0.0284 | Val Loss 0.0193 MAE 10.5414 R2 0.3930
2026-08-26 20:32:37 | Epoch  82/100 | Train Loss 0.0281 | Val Loss 0.0190 MAE 10.4141 R2 0.4059
2026-08-26 20:32:38 | Epoch  83/100 | Train Loss 0.0282 | Val Loss 0.0193 MAE 10.5486 R2 0.3914
2026-08-26 20:32:40 | Epoch  84/100 | Train Loss 0.0279 | Val Loss 0.0185 MAE 10.3093 R2 0.4221
2026-08-26 20:32:40 |   Val R2 improved to 0.4221, model saved
2026-08-26 20:32:42 | Epoch  85/100 | Train Loss 0.0274 | Val Loss 0.0185 MAE 10.2796 R2 0.4226
2026-08-26 20:32:42 |   Val R2 improved to 0.4226, model saved
2026-08-26 20:32:43 | Epoch  86/100 | Train Loss 0.0276 | Val Loss 0.0188 MAE 10.3745 R2 0.4132
2026-08-26 20:32:45 | Epoch  87/100 | Train Loss 0.0275 | Val Loss 0.0189 MAE 10.3892 R2 0.4108
2026-08-26 20:32:46 | Epoch  88/100 | Train Loss 0.0271 | Val Loss 0.0190 MAE 10.4169 R2 0.4066
2026-08-26 20:32:48 | Epoch  89/100 | Train Loss 0.0271 | Val Loss 0.0186 MAE 10.3199 R2 0.4186
2026-08-26 20:32:50 | Epoch  90/100 | Train Loss 0.0269 | Val Loss 0.0184 MAE 10.2701 R2 0.4262
2026-08-26 20:32:50 |   Val R2 improved to 0.4262, model saved
2026-08-26 20:32:51 | Epoch  91/100 | Train Loss 0.0267 | Val Loss 0.0184 MAE 10.2434 R2 0.4285
2026-08-26 20:32:51 |   Val R2 improved to 0.4285, model saved
2026-08-26 20:32:53 | Epoch  92/100 | Train Loss 0.0268 | Val Loss 0.0188 MAE 10.3483 R2 0.4151
2026-08-26 20:32:55 | Epoch  93/100 | Train Loss 0.0263 | Val Loss 0.0184 MAE 10.2429 R2 0.4269
2026-08-26 20:32:57 | Epoch  94/100 | Train Loss 0.0263 | Val Loss 0.0185 MAE 10.2625 R2 0.4237
2026-08-26 20:32:58 | Epoch  95/100 | Train Loss 0.0261 | Val Loss 0.0185 MAE 10.2794 R2 0.4250
2026-08-26 20:33:00 | Epoch  96/100 | Train Loss 0.0261 | Val Loss 0.0184 MAE 10.2586 R2 0.4293
2026-08-26 20:33:00 |   Val R2 improved to 0.4293, model saved
2026-08-26 20:33:02 | Epoch  97/100 | Train Loss 0.0259 | Val Loss 0.0185 MAE 10.2517 R2 0.4271
2026-08-26 20:33:03 | Epoch  98/100 | Train Loss 0.0256 | Val Loss 0.0183 MAE 10.2156 R2 0.4324
2026-08-26 20:33:03 |   Val R2 improved to 0.4324, model saved
2026-08-26 20:33:05 | Epoch  99/100 | Train Loss 0.0258 | Val Loss 0.0183 MAE 10.1946 R2 0.4333
2026-08-26 20:33:05 |   Val R2 improved to 0.4333, model saved
2026-08-26 20:33:07 | Epoch 100/100 | Train Loss 0.0253 | Val Loss 0.0185 MAE 10.2862 R2 0.4243
2026-08-26 20:33:07 | Run 1/5 | Test (best model @ Epoch 99) | Loss 0.0192 MAE 10.5985 R2 0.4242
2026-08-26 20:33:07 | ===== Run 2/5 (seed 1) =====
2026-08-26 20:33:09 | Epoch   1/100 | Train Loss 6.3052 | Val Loss 0.0376 MAE 15.7190 R2 -0.2709
2026-08-26 20:33:09 |   Val R2 improved to -0.2709, model saved
2026-08-26 20:33:11 | Epoch   2/100 | Train Loss 0.3681 | Val Loss 0.0515 MAE 17.8657 R2 -0.7452
2026-08-26 20:33:12 | Epoch   3/100 | Train Loss 0.3446 | Val Loss 0.0414 MAE 15.9897 R2 -0.4011
2026-08-26 20:33:14 | Epoch   4/100 | Train Loss 0.3180 | Val Loss 0.0391 MAE 15.5484 R2 -0.3251
2026-08-26 20:33:16 | Epoch   5/100 | Train Loss 0.3091 | Val Loss 0.0331 MAE 14.2967 R2 -0.1189
2026-08-26 20:33:16 |   Val R2 improved to -0.1189, model saved
2026-08-26 20:33:17 | Epoch   6/100 | Train Loss 0.2895 | Val Loss 0.0349 MAE 14.6750 R2 -0.1803
2026-08-26 20:33:19 | Epoch   7/100 | Train Loss 0.2700 | Val Loss 0.0326 MAE 14.1662 R2 -0.1005
2026-08-26 20:33:19 |   Val R2 improved to -0.1005, model saved
2026-08-26 20:33:21 | Epoch   8/100 | Train Loss 0.2603 | Val Loss 0.0314 MAE 13.8980 R2 -0.0603
2026-08-26 20:33:21 |   Val R2 improved to -0.0603, model saved
2026-08-26 20:33:22 | Epoch   9/100 | Train Loss 0.2428 | Val Loss 0.0305 MAE 13.7079 R2 -0.0318
2026-08-26 20:33:22 |   Val R2 improved to -0.0318, model saved
2026-08-26 20:33:24 | Epoch  10/100 | Train Loss 0.2417 | Val Loss 0.0303 MAE 13.6365 R2 -0.0221
2026-08-26 20:33:24 |   Val R2 improved to -0.0221, model saved
2026-08-26 20:33:26 | Epoch  11/100 | Train Loss 0.2241 | Val Loss 0.0282 MAE 13.1563 R2 0.0468
2026-08-26 20:33:26 |   Val R2 improved to 0.0468, model saved
2026-08-26 20:33:28 | Epoch  12/100 | Train Loss 0.2129 | Val Loss 0.0262 MAE 12.6818 R2 0.1158
2026-08-26 20:33:28 |   Val R2 improved to 0.1158, model saved
2026-08-26 20:33:29 | Epoch  13/100 | Train Loss 0.2021 | Val Loss 0.0284 MAE 13.1700 R2 0.0408
2026-08-26 20:33:31 | Epoch  14/100 | Train Loss 0.1944 | Val Loss 0.0251 MAE 12.4164 R2 0.1528
2026-08-26 20:33:31 |   Val R2 improved to 0.1528, model saved
2026-08-26 20:33:33 | Epoch  15/100 | Train Loss 0.1865 | Val Loss 0.0259 MAE 12.5899 R2 0.1254
2026-08-26 20:33:34 | Epoch  16/100 | Train Loss 0.1766 | Val Loss 0.0251 MAE 12.3963 R2 0.1548
2026-08-26 20:33:34 |   Val R2 improved to 0.1548, model saved
2026-08-26 20:33:36 | Epoch  17/100 | Train Loss 0.1720 | Val Loss 0.0238 MAE 12.1114 R2 0.1971
2026-08-26 20:33:36 |   Val R2 improved to 0.1971, model saved
2026-08-26 20:33:38 | Epoch  18/100 | Train Loss 0.1613 | Val Loss 0.0238 MAE 12.0728 R2 0.2004
2026-08-26 20:33:38 |   Val R2 improved to 0.2004, model saved
2026-08-26 20:33:39 | Epoch  19/100 | Train Loss 0.1525 | Val Loss 0.0245 MAE 12.2504 R2 0.1740
2026-08-26 20:33:41 | Epoch  20/100 | Train Loss 0.1468 | Val Loss 0.0244 MAE 12.2063 R2 0.1798
2026-08-26 20:33:43 | Epoch  21/100 | Train Loss 0.1413 | Val Loss 0.0225 MAE 11.7698 R2 0.2448
2026-08-26 20:33:43 |   Val R2 improved to 0.2448, model saved
2026-08-26 20:33:45 | Epoch  22/100 | Train Loss 0.1380 | Val Loss 0.0221 MAE 11.6860 R2 0.2578
2026-08-26 20:33:45 |   Val R2 improved to 0.2578, model saved
2026-08-26 20:33:46 | Epoch  23/100 | Train Loss 0.1291 | Val Loss 0.0239 MAE 12.0879 R2 0.1954
2026-08-26 20:33:48 | Epoch  24/100 | Train Loss 0.1275 | Val Loss 0.0226 MAE 11.7675 R2 0.2407
2026-08-26 20:33:50 | Epoch  25/100 | Train Loss 0.1203 | Val Loss 0.0229 MAE 11.8333 R2 0.2321
2026-08-26 20:33:51 | Epoch  26/100 | Train Loss 0.1196 | Val Loss 0.0225 MAE 11.7600 R2 0.2451
2026-08-26 20:33:53 | Epoch  27/100 | Train Loss 0.1127 | Val Loss 0.0219 MAE 11.6116 R2 0.2655
2026-08-26 20:33:53 |   Val R2 improved to 0.2655, model saved
2026-08-26 20:33:54 | Epoch  28/100 | Train Loss 0.1101 | Val Loss 0.0217 MAE 11.5560 R2 0.2707
2026-08-26 20:33:54 |   Val R2 improved to 0.2707, model saved
2026-08-26 20:33:56 | Epoch  29/100 | Train Loss 0.1016 | Val Loss 0.0214 MAE 11.4621 R2 0.2835
2026-08-26 20:33:56 |   Val R2 improved to 0.2835, model saved
2026-08-26 20:33:58 | Epoch  30/100 | Train Loss 0.1006 | Val Loss 0.0218 MAE 11.5578 R2 0.2694
2026-08-26 20:33:59 | Epoch  31/100 | Train Loss 0.0982 | Val Loss 0.0207 MAE 11.3260 R2 0.3065
2026-08-26 20:33:59 |   Val R2 improved to 0.3065, model saved
2026-08-26 20:34:01 | Epoch  32/100 | Train Loss 0.0964 | Val Loss 0.0211 MAE 11.4027 R2 0.2943
2026-08-26 20:34:03 | Epoch  33/100 | Train Loss 0.0930 | Val Loss 0.0218 MAE 11.5628 R2 0.2707
2026-08-26 20:34:04 | Epoch  34/100 | Train Loss 0.0920 | Val Loss 0.0213 MAE 11.4435 R2 0.2865
2026-08-26 20:34:06 | Epoch  35/100 | Train Loss 0.0862 | Val Loss 0.0212 MAE 11.4248 R2 0.2899
2026-08-26 20:34:08 | Epoch  36/100 | Train Loss 0.0833 | Val Loss 0.0208 MAE 11.3267 R2 0.3043
2026-08-26 20:34:09 | Epoch  37/100 | Train Loss 0.0824 | Val Loss 0.0198 MAE 11.1059 R2 0.3395
2026-08-26 20:34:09 |   Val R2 improved to 0.3395, model saved
2026-08-26 20:34:11 | Epoch  38/100 | Train Loss 0.0781 | Val Loss 0.0205 MAE 11.2572 R2 0.3155
2026-08-26 20:34:13 | Epoch  39/100 | Train Loss 0.0772 | Val Loss 0.0204 MAE 11.2336 R2 0.3178
2026-08-26 20:34:14 | Epoch  40/100 | Train Loss 0.0726 | Val Loss 0.0200 MAE 11.1202 R2 0.3341
2026-08-26 20:34:16 | Epoch  41/100 | Train Loss 0.0733 | Val Loss 0.0200 MAE 11.1301 R2 0.3331
2026-08-26 20:34:18 | Epoch  42/100 | Train Loss 0.0703 | Val Loss 0.0200 MAE 11.1394 R2 0.3337
2026-08-26 20:34:19 | Epoch  43/100 | Train Loss 0.0692 | Val Loss 0.0196 MAE 11.0722 R2 0.3454
2026-08-26 20:34:20 |   Val R2 improved to 0.3454, model saved
2026-08-26 20:34:21 | Epoch  44/100 | Train Loss 0.0681 | Val Loss 0.0197 MAE 11.0954 R2 0.3423
2026-08-26 20:34:23 | Epoch  45/100 | Train Loss 0.0667 | Val Loss 0.0196 MAE 11.0618 R2 0.3461
2026-08-26 20:34:23 |   Val R2 improved to 0.3461, model saved
2026-08-26 20:34:25 | Epoch  46/100 | Train Loss 0.0654 | Val Loss 0.0202 MAE 11.1808 R2 0.3252
2026-08-26 20:34:26 | Epoch  47/100 | Train Loss 0.0620 | Val Loss 0.0192 MAE 10.9575 R2 0.3604
2026-08-26 20:34:26 |   Val R2 improved to 0.3604, model saved
2026-08-26 20:34:28 | Epoch  48/100 | Train Loss 0.0613 | Val Loss 0.0196 MAE 11.0517 R2 0.3476
2026-08-26 20:34:30 | Epoch  49/100 | Train Loss 0.0606 | Val Loss 0.0196 MAE 11.0569 R2 0.3472
2026-08-26 20:34:31 | Epoch  50/100 | Train Loss 0.0577 | Val Loss 0.0198 MAE 11.1048 R2 0.3416
2026-08-26 20:34:33 | Epoch  51/100 | Train Loss 0.0573 | Val Loss 0.0199 MAE 11.1221 R2 0.3382
2026-08-26 20:34:35 | Epoch  52/100 | Train Loss 0.0571 | Val Loss 0.0194 MAE 10.9970 R2 0.3563
2026-08-26 20:34:36 | Epoch  53/100 | Train Loss 0.0549 | Val Loss 0.0195 MAE 11.0296 R2 0.3537
2026-08-26 20:34:38 | Epoch  54/100 | Train Loss 0.0540 | Val Loss 0.0197 MAE 11.0913 R2 0.3448
2026-08-26 20:34:40 | Epoch  55/100 | Train Loss 0.0526 | Val Loss 0.0194 MAE 11.0167 R2 0.3550
2026-08-26 20:34:41 | Epoch  56/100 | Train Loss 0.0524 | Val Loss 0.0194 MAE 11.0190 R2 0.3565
2026-08-26 20:34:43 | Epoch  57/100 | Train Loss 0.0503 | Val Loss 0.0194 MAE 11.0105 R2 0.3559
2026-08-26 20:34:43 | Val R2 did not improve for 10 consecutive epochs, early stopping at Epoch 57 (best R2 0.3604 @ Epoch 47)
2026-08-26 20:34:43 | Run 2/5 | Test (best model @ Epoch 47) | Loss 0.0196 MAE 11.2084 R2 0.3699
2026-08-26 20:34:43 | ===== Run 3/5 (seed 2) =====
2026-08-26 20:34:45 | Epoch   1/100 | Train Loss 3.1159 | Val Loss 0.0338 MAE 15.1447 R2 -0.1409
2026-08-26 20:34:45 |   Val R2 improved to -0.1409, model saved
2026-08-26 20:34:47 | Epoch   2/100 | Train Loss 0.2909 | Val Loss 0.0289 MAE 13.6979 R2 0.0233
2026-08-26 20:34:47 |   Val R2 improved to 0.0233, model saved
2026-08-26 20:34:48 | Epoch   3/100 | Train Loss 0.2688 | Val Loss 0.0287 MAE 13.3731 R2 0.0308
2026-08-26 20:34:48 |   Val R2 improved to 0.0308, model saved
2026-08-26 20:34:50 | Epoch   4/100 | Train Loss 0.2526 | Val Loss 0.0267 MAE 12.9068 R2 0.1004
2026-08-26 20:34:50 |   Val R2 improved to 0.1004, model saved
2026-08-26 20:34:52 | Epoch   5/100 | Train Loss 0.2377 | Val Loss 0.0275 MAE 13.0686 R2 0.0715
2026-08-26 20:34:53 | Epoch   6/100 | Train Loss 0.2198 | Val Loss 0.0244 MAE 12.3906 R2 0.1785
2026-08-26 20:34:53 |   Val R2 improved to 0.1785, model saved
2026-08-26 20:34:55 | Epoch   7/100 | Train Loss 0.2078 | Val Loss 0.0251 MAE 12.4742 R2 0.1555
2026-08-26 20:34:57 | Epoch   8/100 | Train Loss 0.1926 | Val Loss 0.0264 MAE 12.7195 R2 0.1123
2026-08-26 20:34:58 | Epoch   9/100 | Train Loss 0.1789 | Val Loss 0.0243 MAE 12.2373 R2 0.1829
2026-08-26 20:34:58 |   Val R2 improved to 0.1829, model saved
2026-08-26 20:35:00 | Epoch  10/100 | Train Loss 0.1675 | Val Loss 0.0231 MAE 11.9733 R2 0.2231
2026-08-26 20:35:00 |   Val R2 improved to 0.2231, model saved
2026-08-26 20:35:02 | Epoch  11/100 | Train Loss 0.1552 | Val Loss 0.0239 MAE 12.1578 R2 0.1958
2026-08-26 20:35:03 | Epoch  12/100 | Train Loss 0.1494 | Val Loss 0.0222 MAE 11.7454 R2 0.2570
2026-08-26 20:35:03 |   Val R2 improved to 0.2570, model saved
2026-08-26 20:35:05 | Epoch  13/100 | Train Loss 0.1385 | Val Loss 0.0219 MAE 11.6492 R2 0.2662
2026-08-26 20:35:05 |   Val R2 improved to 0.2662, model saved
2026-08-26 20:35:07 | Epoch  14/100 | Train Loss 0.1334 | Val Loss 0.0220 MAE 11.6386 R2 0.2648
2026-08-26 20:35:08 | Epoch  15/100 | Train Loss 0.1253 | Val Loss 0.0215 MAE 11.5575 R2 0.2805
2026-08-26 20:35:08 |   Val R2 improved to 0.2805, model saved
2026-08-26 20:35:10 | Epoch  16/100 | Train Loss 0.1206 | Val Loss 0.0221 MAE 11.6546 R2 0.2601
2026-08-26 20:35:12 | Epoch  17/100 | Train Loss 0.1124 | Val Loss 0.0211 MAE 11.4440 R2 0.2960
2026-08-26 20:35:12 |   Val R2 improved to 0.2960, model saved
2026-08-26 20:35:13 | Epoch  18/100 | Train Loss 0.1073 | Val Loss 0.0211 MAE 11.3616 R2 0.2989
2026-08-26 20:35:13 |   Val R2 improved to 0.2989, model saved
2026-08-26 20:35:15 | Epoch  19/100 | Train Loss 0.1038 | Val Loss 0.0207 MAE 11.3026 R2 0.3110
2026-08-26 20:35:15 |   Val R2 improved to 0.3110, model saved
2026-08-26 20:35:17 | Epoch  20/100 | Train Loss 0.0946 | Val Loss 0.0200 MAE 11.1862 R2 0.3353
2026-08-26 20:35:17 |   Val R2 improved to 0.3353, model saved
2026-08-26 20:35:18 | Epoch  21/100 | Train Loss 0.0916 | Val Loss 0.0201 MAE 11.1891 R2 0.3317
2026-08-26 20:35:20 | Epoch  22/100 | Train Loss 0.0886 | Val Loss 0.0200 MAE 11.0950 R2 0.3361
2026-08-26 20:35:20 |   Val R2 improved to 0.3361, model saved
2026-08-26 20:35:22 | Epoch  23/100 | Train Loss 0.0855 | Val Loss 0.0210 MAE 11.3303 R2 0.3024
2026-08-26 20:35:23 | Epoch  24/100 | Train Loss 0.0828 | Val Loss 0.0202 MAE 11.1697 R2 0.3301
2026-08-26 20:35:25 | Epoch  25/100 | Train Loss 0.0761 | Val Loss 0.0199 MAE 11.0399 R2 0.3422
2026-08-26 20:35:25 |   Val R2 improved to 0.3422, model saved
2026-08-26 20:35:27 | Epoch  26/100 | Train Loss 0.0750 | Val Loss 0.0206 MAE 11.2072 R2 0.3169
2026-08-26 20:35:28 | Epoch  27/100 | Train Loss 0.0707 | Val Loss 0.0203 MAE 11.1363 R2 0.3268
2026-08-26 20:35:30 | Epoch  28/100 | Train Loss 0.0687 | Val Loss 0.0192 MAE 10.9068 R2 0.3658
2026-08-26 20:35:30 |   Val R2 improved to 0.3658, model saved
2026-08-26 20:35:31 | Epoch  29/100 | Train Loss 0.0669 | Val Loss 0.0196 MAE 10.9183 R2 0.3545
2026-08-26 20:35:33 | Epoch  30/100 | Train Loss 0.0633 | Val Loss 0.0197 MAE 10.9674 R2 0.3489
2026-08-26 20:35:35 | Epoch  31/100 | Train Loss 0.0607 | Val Loss 0.0198 MAE 10.9537 R2 0.3479
2026-08-26 20:35:36 | Epoch  32/100 | Train Loss 0.0591 | Val Loss 0.0192 MAE 10.8392 R2 0.3691
2026-08-26 20:35:36 |   Val R2 improved to 0.3691, model saved
2026-08-26 20:35:38 | Epoch  33/100 | Train Loss 0.0566 | Val Loss 0.0196 MAE 10.8970 R2 0.3545
2026-08-26 20:35:40 | Epoch  34/100 | Train Loss 0.0552 | Val Loss 0.0193 MAE 10.8254 R2 0.3662
2026-08-26 20:35:41 | Epoch  35/100 | Train Loss 0.0539 | Val Loss 0.0191 MAE 10.7583 R2 0.3746
2026-08-26 20:35:41 |   Val R2 improved to 0.3746, model saved
2026-08-26 20:35:43 | Epoch  36/100 | Train Loss 0.0521 | Val Loss 0.0197 MAE 10.9161 R2 0.3539
2026-08-26 20:35:44 | Epoch  37/100 | Train Loss 0.0511 | Val Loss 0.0187 MAE 10.6459 R2 0.3903
2026-08-26 20:35:44 |   Val R2 improved to 0.3903, model saved
2026-08-26 20:35:46 | Epoch  38/100 | Train Loss 0.0484 | Val Loss 0.0185 MAE 10.6178 R2 0.3950
2026-08-26 20:35:46 |   Val R2 improved to 0.3950, model saved
2026-08-26 20:35:48 | Epoch  39/100 | Train Loss 0.0478 | Val Loss 0.0197 MAE 10.8691 R2 0.3569
2026-08-26 20:35:49 | Epoch  40/100 | Train Loss 0.0470 | Val Loss 0.0187 MAE 10.6310 R2 0.3897
2026-08-26 20:35:51 | Epoch  41/100 | Train Loss 0.0451 | Val Loss 0.0192 MAE 10.7152 R2 0.3746
2026-08-26 20:35:53 | Epoch  42/100 | Train Loss 0.0445 | Val Loss 0.0184 MAE 10.5317 R2 0.4043
2026-08-26 20:35:53 |   Val R2 improved to 0.4043, model saved
2026-08-26 20:35:54 | Epoch  43/100 | Train Loss 0.0432 | Val Loss 0.0187 MAE 10.6015 R2 0.3917
2026-08-26 20:35:56 | Epoch  44/100 | Train Loss 0.0410 | Val Loss 0.0184 MAE 10.5143 R2 0.4025
2026-08-26 20:35:58 | Epoch  45/100 | Train Loss 0.0411 | Val Loss 0.0186 MAE 10.5803 R2 0.3960
2026-08-26 20:36:00 | Epoch  46/100 | Train Loss 0.0399 | Val Loss 0.0187 MAE 10.5628 R2 0.3940
2026-08-26 20:36:01 | Epoch  47/100 | Train Loss 0.0392 | Val Loss 0.0195 MAE 10.7905 R2 0.3671
2026-08-26 20:36:03 | Epoch  48/100 | Train Loss 0.0398 | Val Loss 0.0185 MAE 10.4897 R2 0.4046
2026-08-26 20:36:03 |   Val R2 improved to 0.4046, model saved
2026-08-26 20:36:05 | Epoch  49/100 | Train Loss 0.0378 | Val Loss 0.0188 MAE 10.5582 R2 0.3937
2026-08-26 20:36:06 | Epoch  50/100 | Train Loss 0.0366 | Val Loss 0.0185 MAE 10.4948 R2 0.4046
2026-08-26 20:36:06 |   Val R2 improved to 0.4046, model saved
2026-08-26 20:36:08 | Epoch  51/100 | Train Loss 0.0362 | Val Loss 0.0185 MAE 10.4991 R2 0.4041
2026-08-26 20:36:10 | Epoch  52/100 | Train Loss 0.0357 | Val Loss 0.0189 MAE 10.5736 R2 0.3922
2026-08-26 20:36:11 | Epoch  53/100 | Train Loss 0.0353 | Val Loss 0.0192 MAE 10.6613 R2 0.3824
2026-08-26 20:36:13 | Epoch  54/100 | Train Loss 0.0350 | Val Loss 0.0185 MAE 10.4406 R2 0.4076
2026-08-26 20:36:13 |   Val R2 improved to 0.4076, model saved
2026-08-26 20:36:15 | Epoch  55/100 | Train Loss 0.0332 | Val Loss 0.0186 MAE 10.4923 R2 0.4045
2026-08-26 20:36:16 | Epoch  56/100 | Train Loss 0.0329 | Val Loss 0.0193 MAE 10.6654 R2 0.3806
2026-08-26 20:36:18 | Epoch  57/100 | Train Loss 0.0328 | Val Loss 0.0189 MAE 10.5537 R2 0.3947
2026-08-26 20:36:20 | Epoch  58/100 | Train Loss 0.0320 | Val Loss 0.0186 MAE 10.4526 R2 0.4058
2026-08-26 20:36:21 | Epoch  59/100 | Train Loss 0.0312 | Val Loss 0.0183 MAE 10.3614 R2 0.4177
2026-08-26 20:36:21 |   Val R2 improved to 0.4177, model saved
2026-08-26 20:36:23 | Epoch  60/100 | Train Loss 0.0314 | Val Loss 0.0181 MAE 10.3161 R2 0.4242
2026-08-26 20:36:23 |   Val R2 improved to 0.4242, model saved
2026-08-26 20:36:25 | Epoch  61/100 | Train Loss 0.0303 | Val Loss 0.0181 MAE 10.2770 R2 0.4275
2026-08-26 20:36:25 |   Val R2 improved to 0.4275, model saved
2026-08-26 20:36:26 | Epoch  62/100 | Train Loss 0.0299 | Val Loss 0.0188 MAE 10.5041 R2 0.3999
2026-08-26 20:36:28 | Epoch  63/100 | Train Loss 0.0294 | Val Loss 0.0187 MAE 10.4507 R2 0.4064
2026-08-26 20:36:30 | Epoch  64/100 | Train Loss 0.0294 | Val Loss 0.0184 MAE 10.3640 R2 0.4154
2026-08-26 20:36:31 | Epoch  65/100 | Train Loss 0.0292 | Val Loss 0.0181 MAE 10.2787 R2 0.4289
2026-08-26 20:36:31 |   Val R2 improved to 0.4289, model saved
2026-08-26 20:36:33 | Epoch  66/100 | Train Loss 0.0281 | Val Loss 0.0183 MAE 10.3388 R2 0.4205
2026-08-26 20:36:34 | Epoch  67/100 | Train Loss 0.0275 | Val Loss 0.0186 MAE 10.4082 R2 0.4105
2026-08-26 20:36:36 | Epoch  68/100 | Train Loss 0.0271 | Val Loss 0.0187 MAE 10.4599 R2 0.4057
2026-08-26 20:36:38 | Epoch  69/100 | Train Loss 0.0271 | Val Loss 0.0182 MAE 10.3207 R2 0.4253
2026-08-26 20:36:39 | Epoch  70/100 | Train Loss 0.0274 | Val Loss 0.0181 MAE 10.2487 R2 0.4296
2026-08-26 20:36:39 |   Val R2 improved to 0.4296, model saved
2026-08-26 20:36:41 | Epoch  71/100 | Train Loss 0.0266 | Val Loss 0.0183 MAE 10.2984 R2 0.4246
2026-08-26 20:36:43 | Epoch  72/100 | Train Loss 0.0263 | Val Loss 0.0182 MAE 10.2690 R2 0.4282
2026-08-26 20:36:44 | Epoch  73/100 | Train Loss 0.0262 | Val Loss 0.0186 MAE 10.3883 R2 0.4133
2026-08-26 20:36:46 | Epoch  74/100 | Train Loss 0.0259 | Val Loss 0.0183 MAE 10.2720 R2 0.4249
2026-08-26 20:36:48 | Epoch  75/100 | Train Loss 0.0255 | Val Loss 0.0184 MAE 10.2916 R2 0.4231
2026-08-26 20:36:49 | Epoch  76/100 | Train Loss 0.0252 | Val Loss 0.0182 MAE 10.2034 R2 0.4321
2026-08-26 20:36:49 |   Val R2 improved to 0.4321, model saved
2026-08-26 20:36:51 | Epoch  77/100 | Train Loss 0.0254 | Val Loss 0.0194 MAE 10.5960 R2 0.3866
2026-08-26 20:36:53 | Epoch  78/100 | Train Loss 0.0248 | Val Loss 0.0183 MAE 10.2309 R2 0.4301
2026-08-26 20:36:54 | Epoch  79/100 | Train Loss 0.0243 | Val Loss 0.0183 MAE 10.2803 R2 0.4263
2026-08-26 20:36:56 | Epoch  80/100 | Train Loss 0.0242 | Val Loss 0.0184 MAE 10.2786 R2 0.4272
2026-08-26 20:36:57 | Epoch  81/100 | Train Loss 0.0240 | Val Loss 0.0195 MAE 10.5947 R2 0.3865
2026-08-26 20:36:59 | Epoch  82/100 | Train Loss 0.0235 | Val Loss 0.0186 MAE 10.3032 R2 0.4199
2026-08-26 20:37:01 | Epoch  83/100 | Train Loss 0.0231 | Val Loss 0.0184 MAE 10.1953 R2 0.4295
2026-08-26 20:37:03 | Epoch  84/100 | Train Loss 0.0229 | Val Loss 0.0184 MAE 10.1891 R2 0.4303
2026-08-26 20:37:04 | Epoch  85/100 | Train Loss 0.0232 | Val Loss 0.0185 MAE 10.2384 R2 0.4261
2026-08-26 20:37:06 | Epoch  86/100 | Train Loss 0.0227 | Val Loss 0.0185 MAE 10.2069 R2 0.4276
2026-08-26 20:37:06 | Val R2 did not improve for 10 consecutive epochs, early stopping at Epoch 86 (best R2 0.4321 @ Epoch 76)
2026-08-26 20:37:06 | Run 3/5 | Test (best model @ Epoch 76) | Loss 0.0182 MAE 10.3077 R2 0.4508
2026-08-26 20:37:06 | ===== Run 4/5 (seed 3) =====
2026-08-26 20:37:08 | Epoch   1/100 | Train Loss 2.3143 | Val Loss 0.0364 MAE 15.1505 R2 -0.2320
2026-08-26 20:37:08 |   Val R2 improved to -0.2320, model saved
2026-08-26 20:37:10 | Epoch   2/100 | Train Loss 0.3104 | Val Loss 0.0289 MAE 13.4820 R2 0.0207
2026-08-26 20:37:10 |   Val R2 improved to 0.0207, model saved
2026-08-26 20:37:11 | Epoch   3/100 | Train Loss 0.2832 | Val Loss 0.0252 MAE 12.6536 R2 0.1473
2026-08-26 20:37:11 |   Val R2 improved to 0.1473, model saved
2026-08-26 20:37:13 | Epoch   4/100 | Train Loss 0.2522 | Val Loss 0.0237 MAE 12.2277 R2 0.1990
2026-08-26 20:37:13 |   Val R2 improved to 0.1990, model saved
2026-08-26 20:37:15 | Epoch   5/100 | Train Loss 0.2294 | Val Loss 0.0227 MAE 11.9420 R2 0.2319
2026-08-26 20:37:15 |   Val R2 improved to 0.2319, model saved
2026-08-26 20:37:16 | Epoch   6/100 | Train Loss 0.2066 | Val Loss 0.0233 MAE 12.0662 R2 0.2111
2026-08-26 20:37:18 | Epoch   7/100 | Train Loss 0.1925 | Val Loss 0.0237 MAE 12.1028 R2 0.2002
2026-08-26 20:37:20 | Epoch   8/100 | Train Loss 0.1767 | Val Loss 0.0219 MAE 11.7285 R2 0.2595
2026-08-26 20:37:20 |   Val R2 improved to 0.2595, model saved
2026-08-26 20:37:21 | Epoch   9/100 | Train Loss 0.1654 | Val Loss 0.0220 MAE 11.6791 R2 0.2585
2026-08-26 20:37:23 | Epoch  10/100 | Train Loss 0.1491 | Val Loss 0.0207 MAE 11.4475 R2 0.3016
2026-08-26 20:37:23 |   Val R2 improved to 0.3016, model saved
2026-08-26 20:37:25 | Epoch  11/100 | Train Loss 0.1417 | Val Loss 0.0209 MAE 11.4174 R2 0.2980
2026-08-26 20:37:26 | Epoch  12/100 | Train Loss 0.1276 | Val Loss 0.0205 MAE 11.3446 R2 0.3120
2026-08-26 20:37:26 |   Val R2 improved to 0.3120, model saved
2026-08-26 20:37:28 | Epoch  13/100 | Train Loss 0.1210 | Val Loss 0.0209 MAE 11.3766 R2 0.2985
2026-08-26 20:37:30 | Epoch  14/100 | Train Loss 0.1136 | Val Loss 0.0214 MAE 11.4804 R2 0.2821
2026-08-26 20:37:31 | Epoch  15/100 | Train Loss 0.1084 | Val Loss 0.0216 MAE 11.4966 R2 0.2761
2026-08-26 20:37:33 | Epoch  16/100 | Train Loss 0.0987 | Val Loss 0.0207 MAE 11.2946 R2 0.3064
2026-08-26 20:37:35 | Epoch  17/100 | Train Loss 0.0957 | Val Loss 0.0202 MAE 11.1899 R2 0.3241
2026-08-26 20:37:35 |   Val R2 improved to 0.3241, model saved
2026-08-26 20:37:37 | Epoch  18/100 | Train Loss 0.0870 | Val Loss 0.0203 MAE 11.1904 R2 0.3215
2026-08-26 20:37:38 | Epoch  19/100 | Train Loss 0.0843 | Val Loss 0.0201 MAE 11.0962 R2 0.3304
2026-08-26 20:37:38 |   Val R2 improved to 0.3304, model saved
2026-08-26 20:37:40 | Epoch  20/100 | Train Loss 0.0791 | Val Loss 0.0196 MAE 11.0126 R2 0.3457
2026-08-26 20:37:40 |   Val R2 improved to 0.3457, model saved
2026-08-26 20:37:42 | Epoch  21/100 | Train Loss 0.0743 | Val Loss 0.0203 MAE 11.1020 R2 0.3240
2026-08-26 20:37:43 | Epoch  22/100 | Train Loss 0.0699 | Val Loss 0.0205 MAE 11.1277 R2 0.3170
2026-08-26 20:37:45 | Epoch  23/100 | Train Loss 0.0683 | Val Loss 0.0204 MAE 11.0958 R2 0.3234
2026-08-26 20:37:47 | Epoch  24/100 | Train Loss 0.0644 | Val Loss 0.0199 MAE 10.9954 R2 0.3381
2026-08-26 20:37:48 | Epoch  25/100 | Train Loss 0.0616 | Val Loss 0.0196 MAE 10.9014 R2 0.3504
2026-08-26 20:37:48 |   Val R2 improved to 0.3504, model saved
2026-08-26 20:37:50 | Epoch  26/100 | Train Loss 0.0592 | Val Loss 0.0190 MAE 10.7572 R2 0.3726
2026-08-26 20:37:50 |   Val R2 improved to 0.3726, model saved
2026-08-26 20:37:52 | Epoch  27/100 | Train Loss 0.0577 | Val Loss 0.0196 MAE 10.8525 R2 0.3527
2026-08-26 20:37:54 | Epoch  28/100 | Train Loss 0.0543 | Val Loss 0.0195 MAE 10.8072 R2 0.3570
2026-08-26 20:37:55 | Epoch  29/100 | Train Loss 0.0518 | Val Loss 0.0195 MAE 10.8089 R2 0.3592
2026-08-26 20:37:57 | Epoch  30/100 | Train Loss 0.0498 | Val Loss 0.0199 MAE 10.8928 R2 0.3468
2026-08-26 20:37:59 | Epoch  31/100 | Train Loss 0.0474 | Val Loss 0.0195 MAE 10.7862 R2 0.3596
2026-08-26 20:38:00 | Epoch  32/100 | Train Loss 0.0454 | Val Loss 0.0187 MAE 10.5805 R2 0.3904
2026-08-26 20:38:00 |   Val R2 improved to 0.3904, model saved
2026-08-26 20:38:02 | Epoch  33/100 | Train Loss 0.0450 | Val Loss 0.0185 MAE 10.5177 R2 0.3980
2026-08-26 20:38:02 |   Val R2 improved to 0.3980, model saved
2026-08-26 20:38:04 | Epoch  34/100 | Train Loss 0.0430 | Val Loss 0.0191 MAE 10.6350 R2 0.3800
2026-08-26 20:38:05 | Epoch  35/100 | Train Loss 0.0413 | Val Loss 0.0190 MAE 10.6113 R2 0.3835
2026-08-26 20:38:07 | Epoch  36/100 | Train Loss 0.0398 | Val Loss 0.0189 MAE 10.5763 R2 0.3873
2026-08-26 20:38:09 | Epoch  37/100 | Train Loss 0.0386 | Val Loss 0.0190 MAE 10.5982 R2 0.3847
2026-08-26 20:38:10 | Epoch  38/100 | Train Loss 0.0380 | Val Loss 0.0185 MAE 10.5022 R2 0.4036
2026-08-26 20:38:10 |   Val R2 improved to 0.4036, model saved
2026-08-26 20:38:12 | Epoch  39/100 | Train Loss 0.0371 | Val Loss 0.0185 MAE 10.4805 R2 0.4056
2026-08-26 20:38:12 |   Val R2 improved to 0.4056, model saved
2026-08-26 20:38:14 | Epoch  40/100 | Train Loss 0.0359 | Val Loss 0.0186 MAE 10.4854 R2 0.4045
2026-08-26 20:38:15 | Epoch  41/100 | Train Loss 0.0349 | Val Loss 0.0191 MAE 10.5880 R2 0.3871
2026-08-26 20:38:17 | Epoch  42/100 | Train Loss 0.0338 | Val Loss 0.0191 MAE 10.5452 R2 0.3897
2026-08-26 20:38:19 | Epoch  43/100 | Train Loss 0.0327 | Val Loss 0.0186 MAE 10.4736 R2 0.4066
2026-08-26 20:38:19 |   Val R2 improved to 0.4066, model saved
2026-08-26 20:38:20 | Epoch  44/100 | Train Loss 0.0324 | Val Loss 0.0188 MAE 10.4926 R2 0.4021
2026-08-26 20:38:22 | Epoch  45/100 | Train Loss 0.0319 | Val Loss 0.0192 MAE 10.5974 R2 0.3873
2026-08-26 20:38:24 | Epoch  46/100 | Train Loss 0.0310 | Val Loss 0.0187 MAE 10.4498 R2 0.4087
2026-08-26 20:38:24 |   Val R2 improved to 0.4087, model saved
2026-08-26 20:38:25 | Epoch  47/100 | Train Loss 0.0306 | Val Loss 0.0191 MAE 10.5611 R2 0.3929
2026-08-26 20:38:27 | Epoch  48/100 | Train Loss 0.0300 | Val Loss 0.0187 MAE 10.4234 R2 0.4097
2026-08-26 20:38:27 |   Val R2 improved to 0.4097, model saved
2026-08-26 20:38:29 | Epoch  49/100 | Train Loss 0.0299 | Val Loss 0.0189 MAE 10.4785 R2 0.4035
2026-08-26 20:38:30 | Epoch  50/100 | Train Loss 0.0291 | Val Loss 0.0190 MAE 10.5188 R2 0.3988
2026-08-26 20:38:32 | Epoch  51/100 | Train Loss 0.0290 | Val Loss 0.0190 MAE 10.4958 R2 0.4013
2026-08-26 20:38:34 | Epoch  52/100 | Train Loss 0.0275 | Val Loss 0.0189 MAE 10.4956 R2 0.4057
2026-08-26 20:38:35 | Epoch  53/100 | Train Loss 0.0277 | Val Loss 0.0191 MAE 10.4883 R2 0.3990
2026-08-26 20:38:37 | Epoch  54/100 | Train Loss 0.0268 | Val Loss 0.0194 MAE 10.5550 R2 0.3897
2026-08-26 20:38:39 | Epoch  55/100 | Train Loss 0.0267 | Val Loss 0.0191 MAE 10.5291 R2 0.4005
2026-08-26 20:38:41 | Epoch  56/100 | Train Loss 0.0258 | Val Loss 0.0194 MAE 10.5603 R2 0.3921
2026-08-26 20:38:42 | Epoch  57/100 | Train Loss 0.0260 | Val Loss 0.0195 MAE 10.6044 R2 0.3889
2026-08-26 20:38:44 | Epoch  58/100 | Train Loss 0.0256 | Val Loss 0.0191 MAE 10.4915 R2 0.4045
2026-08-26 20:38:44 | Val R2 did not improve for 10 consecutive epochs, early stopping at Epoch 58 (best R2 0.4097 @ Epoch 48)
2026-08-26 20:38:44 | Run 4/5 | Test (best model @ Epoch 48) | Loss 0.0189 MAE 10.5417 R2 0.4238
2026-08-26 20:38:44 | ===== Run 5/5 (seed 4) =====
2026-08-26 20:38:46 | Epoch   1/100 | Train Loss 1.4964 | Val Loss 0.2112 MAE 42.6271 R2 -6.1692
2026-08-26 20:38:46 |   Val R2 improved to -6.1692, model saved
2026-08-26 20:38:48 | Epoch   2/100 | Train Loss 0.4160 | Val Loss 0.1575 MAE 35.8025 R2 -4.3477
2026-08-26 20:38:48 |   Val R2 improved to -4.3477, model saved
2026-08-26 20:38:50 | Epoch   3/100 | Train Loss 0.3391 | Val Loss 0.1144 MAE 29.2756 R2 -2.8857
2026-08-26 20:38:50 |   Val R2 improved to -2.8857, model saved
2026-08-26 20:38:51 | Epoch   4/100 | Train Loss 0.2793 | Val Loss 0.0846 MAE 24.0337 R2 -1.8718
2026-08-26 20:38:51 |   Val R2 improved to -1.8718, model saved
2026-08-26 20:38:53 | Epoch   5/100 | Train Loss 0.2360 | Val Loss 0.0651 MAE 20.3309 R2 -1.2117
2026-08-26 20:38:53 |   Val R2 improved to -1.2117, model saved
2026-08-26 20:38:55 | Epoch   6/100 | Train Loss 0.2065 | Val Loss 0.0531 MAE 17.9960 R2 -0.8023
2026-08-26 20:38:55 |   Val R2 improved to -0.8023, model saved
2026-08-26 20:38:56 | Epoch   7/100 | Train Loss 0.1802 | Val Loss 0.0459 MAE 16.6168 R2 -0.5570
2026-08-26 20:38:56 |   Val R2 improved to -0.5570, model saved
2026-08-26 20:38:58 | Epoch   8/100 | Train Loss 0.1636 | Val Loss 0.0418 MAE 15.8789 R2 -0.4187
2026-08-26 20:38:58 |   Val R2 improved to -0.4187, model saved
2026-08-26 20:39:00 | Epoch   9/100 | Train Loss 0.1514 | Val Loss 0.0393 MAE 15.4409 R2 -0.3336
2026-08-26 20:39:00 |   Val R2 improved to -0.3336, model saved
2026-08-26 20:39:01 | Epoch  10/100 | Train Loss 0.1372 | Val Loss 0.0383 MAE 15.2716 R2 -0.2991
2026-08-26 20:39:01 |   Val R2 improved to -0.2991, model saved
2026-08-26 20:39:03 | Epoch  11/100 | Train Loss 0.1244 | Val Loss 0.0372 MAE 15.0891 R2 -0.2625
2026-08-26 20:39:03 |   Val R2 improved to -0.2625, model saved
2026-08-26 20:39:05 | Epoch  12/100 | Train Loss 0.1168 | Val Loss 0.0359 MAE 14.9019 R2 -0.2204
2026-08-26 20:39:05 |   Val R2 improved to -0.2204, model saved
2026-08-26 20:39:06 | Epoch  13/100 | Train Loss 0.1083 | Val Loss 0.0350 MAE 14.7590 R2 -0.1881
2026-08-26 20:39:06 |   Val R2 improved to -0.1881, model saved
2026-08-26 20:39:08 | Epoch  14/100 | Train Loss 0.1033 | Val Loss 0.0344 MAE 14.6750 R2 -0.1690
2026-08-26 20:39:08 |   Val R2 improved to -0.1690, model saved
2026-08-26 20:39:10 | Epoch  15/100 | Train Loss 0.0932 | Val Loss 0.0338 MAE 14.5781 R2 -0.1464
2026-08-26 20:39:10 |   Val R2 improved to -0.1464, model saved
2026-08-26 20:39:11 | Epoch  16/100 | Train Loss 0.0888 | Val Loss 0.0332 MAE 14.5049 R2 -0.1280
2026-08-26 20:39:11 |   Val R2 improved to -0.1280, model saved
2026-08-26 20:39:13 | Epoch  17/100 | Train Loss 0.0852 | Val Loss 0.0333 MAE 14.5084 R2 -0.1289
2026-08-26 20:39:14 | Epoch  18/100 | Train Loss 0.0806 | Val Loss 0.0329 MAE 14.4612 R2 -0.1177
2026-08-26 20:39:14 |   Val R2 improved to -0.1177, model saved
2026-08-26 20:39:16 | Epoch  19/100 | Train Loss 0.0781 | Val Loss 0.0324 MAE 14.3957 R2 -0.1001
2026-08-26 20:39:16 |   Val R2 improved to -0.1001, model saved
2026-08-26 20:39:18 | Epoch  20/100 | Train Loss 0.0729 | Val Loss 0.0321 MAE 14.3530 R2 -0.0886
2026-08-26 20:39:18 |   Val R2 improved to -0.0886, model saved
2026-08-26 20:39:20 | Epoch  21/100 | Train Loss 0.0724 | Val Loss 0.0317 MAE 14.3044 R2 -0.0759
2026-08-26 20:39:20 |   Val R2 improved to -0.0759, model saved
2026-08-26 20:39:21 | Epoch  22/100 | Train Loss 0.0673 | Val Loss 0.0315 MAE 14.2857 R2 -0.0695
2026-08-26 20:39:21 |   Val R2 improved to -0.0695, model saved
2026-08-26 20:39:23 | Epoch  23/100 | Train Loss 0.0652 | Val Loss 0.0316 MAE 14.2919 R2 -0.0716
2026-08-26 20:39:25 | Epoch  24/100 | Train Loss 0.0642 | Val Loss 0.0316 MAE 14.2996 R2 -0.0742
2026-08-26 20:39:26 | Epoch  25/100 | Train Loss 0.0612 | Val Loss 0.0312 MAE 14.2585 R2 -0.0606
2026-08-26 20:39:26 |   Val R2 improved to -0.0606, model saved
2026-08-26 20:39:28 | Epoch  26/100 | Train Loss 0.0593 | Val Loss 0.0312 MAE 14.2544 R2 -0.0593
2026-08-26 20:39:28 |   Val R2 improved to -0.0593, model saved
2026-08-26 20:39:30 | Epoch  27/100 | Train Loss 0.0570 | Val Loss 0.0311 MAE 14.2453 R2 -0.0565
2026-08-26 20:39:30 |   Val R2 improved to -0.0565, model saved
2026-08-26 20:39:31 | Epoch  28/100 | Train Loss 0.0551 | Val Loss 0.0311 MAE 14.2439 R2 -0.0561
2026-08-26 20:39:31 |   Val R2 improved to -0.0561, model saved
2026-08-26 20:39:33 | Epoch  29/100 | Train Loss 0.0547 | Val Loss 0.0309 MAE 14.2243 R2 -0.0503
2026-08-26 20:39:33 |   Val R2 improved to -0.0503, model saved
2026-08-26 20:39:35 | Epoch  30/100 | Train Loss 0.0535 | Val Loss 0.0308 MAE 14.2118 R2 -0.0457
2026-08-26 20:39:35 |   Val R2 improved to -0.0457, model saved
2026-08-26 20:39:36 | Epoch  31/100 | Train Loss 0.0527 | Val Loss 0.0306 MAE 14.1939 R2 -0.0373
2026-08-26 20:39:36 |   Val R2 improved to -0.0373, model saved
2026-08-26 20:39:38 | Epoch  32/100 | Train Loss 0.0507 | Val Loss 0.0307 MAE 14.2043 R2 -0.0420
2026-08-26 20:39:40 | Epoch  33/100 | Train Loss 0.0503 | Val Loss 0.0305 MAE 14.1931 R2 -0.0369
2026-08-26 20:39:40 |   Val R2 improved to -0.0369, model saved
2026-08-26 20:39:41 | Epoch  34/100 | Train Loss 0.0488 | Val Loss 0.0305 MAE 14.1896 R2 -0.0354
2026-08-26 20:39:41 |   Val R2 improved to -0.0354, model saved
2026-08-26 20:39:43 | Epoch  35/100 | Train Loss 0.0486 | Val Loss 0.0303 MAE 14.1751 R2 -0.0293
2026-08-26 20:39:43 |   Val R2 improved to -0.0293, model saved
2026-08-26 20:39:45 | Epoch  36/100 | Train Loss 0.0480 | Val Loss 0.0305 MAE 14.1934 R2 -0.0371
2026-08-26 20:39:46 | Epoch  37/100 | Train Loss 0.0480 | Val Loss 0.0306 MAE 14.1988 R2 -0.0395
2026-08-26 20:39:48 | Epoch  38/100 | Train Loss 0.0472 | Val Loss 0.0304 MAE 14.1791 R2 -0.0309
2026-08-26 20:39:50 | Epoch  39/100 | Train Loss 0.0469 | Val Loss 0.0304 MAE 14.1804 R2 -0.0315
2026-08-26 20:39:51 | Epoch  40/100 | Train Loss 0.0453 | Val Loss 0.0301 MAE 14.1618 R2 -0.0218
2026-08-26 20:39:51 |   Val R2 improved to -0.0218, model saved
2026-08-26 20:39:53 | Epoch  41/100 | Train Loss 0.0455 | Val Loss 0.0301 MAE 14.1611 R2 -0.0211
2026-08-26 20:39:53 |   Val R2 improved to -0.0211, model saved
2026-08-26 20:39:55 | Epoch  42/100 | Train Loss 0.0451 | Val Loss 0.0302 MAE 14.1689 R2 -0.0269
2026-08-26 20:39:56 | Epoch  43/100 | Train Loss 0.0439 | Val Loss 0.0302 MAE 14.1691 R2 -0.0270
2026-08-26 20:39:58 | Epoch  44/100 | Train Loss 0.0443 | Val Loss 0.0301 MAE 14.1612 R2 -0.0212
2026-08-26 20:40:00 | Epoch  45/100 | Train Loss 0.0438 | Val Loss 0.0301 MAE 14.1621 R2 -0.0221
2026-08-26 20:40:01 | Epoch  46/100 | Train Loss 0.0439 | Val Loss 0.0303 MAE 14.1704 R2 -0.0275
2026-08-26 20:40:03 | Epoch  47/100 | Train Loss 0.0432 | Val Loss 0.0299 MAE 14.1556 R2 -0.0164
2026-08-26 20:40:03 |   Val R2 improved to -0.0164, model saved
2026-08-26 20:40:05 | Epoch  48/100 | Train Loss 0.0429 | Val Loss 0.0301 MAE 14.1607 R2 -0.0207
2026-08-26 20:40:07 | Epoch  49/100 | Train Loss 0.0423 | Val Loss 0.0301 MAE 14.1612 R2 -0.0212
2026-08-26 20:40:08 | Epoch  50/100 | Train Loss 0.0424 | Val Loss 0.0298 MAE 14.1507 R2 -0.0128
2026-08-26 20:40:08 |   Val R2 improved to -0.0128, model saved
2026-08-26 20:40:10 | Epoch  51/100 | Train Loss 0.0423 | Val Loss 0.0300 MAE 14.1568 R2 -0.0174
2026-08-26 20:40:12 | Epoch  52/100 | Train Loss 0.0417 | Val Loss 0.0300 MAE 14.1566 R2 -0.0173
2026-08-26 20:40:13 | Epoch  53/100 | Train Loss 0.0415 | Val Loss 0.0299 MAE 14.1525 R2 -0.0141
2026-08-26 20:40:15 | Epoch  54/100 | Train Loss 0.0412 | Val Loss 0.0299 MAE 14.1558 R2 -0.0166
2026-08-26 20:40:16 | Epoch  55/100 | Train Loss 0.0415 | Val Loss 0.0299 MAE 14.1547 R2 -0.0157
2026-08-26 20:40:18 | Epoch  56/100 | Train Loss 0.0413 | Val Loss 0.0298 MAE 14.1516 R2 -0.0134
2026-08-26 20:40:20 | Epoch  57/100 | Train Loss 0.0406 | Val Loss 0.0298 MAE 14.1492 R2 -0.0118
2026-08-26 20:40:20 |   Val R2 improved to -0.0118, model saved
2026-08-26 20:40:21 | Epoch  58/100 | Train Loss 0.0407 | Val Loss 0.0299 MAE 14.1520 R2 -0.0137
2026-08-26 20:40:23 | Epoch  59/100 | Train Loss 0.0406 | Val Loss 0.0299 MAE 14.1525 R2 -0.0141
2026-08-26 20:40:25 | Epoch  60/100 | Train Loss 0.0406 | Val Loss 0.0298 MAE 14.1514 R2 -0.0133
2026-08-26 20:40:26 | Epoch  61/100 | Train Loss 0.0402 | Val Loss 0.0297 MAE 14.1506 R2 -0.0090
2026-08-26 20:40:26 |   Val R2 improved to -0.0090, model saved
2026-08-26 20:40:28 | Epoch  62/100 | Train Loss 0.0402 | Val Loss 0.0298 MAE 14.1512 R2 -0.0131
2026-08-26 20:40:30 | Epoch  63/100 | Train Loss 0.0397 | Val Loss 0.0297 MAE 14.1487 R2 -0.0099
2026-08-26 20:40:31 | Epoch  64/100 | Train Loss 0.0402 | Val Loss 0.0298 MAE 14.1483 R2 -0.0112
2026-08-26 20:40:33 | Epoch  65/100 | Train Loss 0.0399 | Val Loss 0.0298 MAE 14.1479 R2 -0.0109
2026-08-26 20:40:35 | Epoch  66/100 | Train Loss 0.0397 | Val Loss 0.0297 MAE 14.1534 R2 -0.0078
2026-08-26 20:40:35 |   Val R2 improved to -0.0078, model saved
2026-08-26 20:40:36 | Epoch  67/100 | Train Loss 0.0396 | Val Loss 0.0297 MAE 14.1524 R2 -0.0082
2026-08-26 20:40:38 | Epoch  68/100 | Train Loss 0.0395 | Val Loss 0.0297 MAE 14.1536 R2 -0.0077
2026-08-26 20:40:38 |   Val R2 improved to -0.0077, model saved
2026-08-26 20:40:40 | Epoch  69/100 | Train Loss 0.0397 | Val Loss 0.0298 MAE 14.1508 R2 -0.0129
2026-08-26 20:40:41 | Epoch  70/100 | Train Loss 0.0393 | Val Loss 0.0296 MAE 14.1566 R2 -0.0065
2026-08-26 20:40:41 |   Val R2 improved to -0.0065, model saved
2026-08-26 20:40:43 | Epoch  71/100 | Train Loss 0.0395 | Val Loss 0.0297 MAE 14.1515 R2 -0.0086
2026-08-26 20:40:45 | Epoch  72/100 | Train Loss 0.0392 | Val Loss 0.0297 MAE 14.1548 R2 -0.0072
2026-08-26 20:40:46 | Epoch  73/100 | Train Loss 0.0391 | Val Loss 0.0297 MAE 14.1558 R2 -0.0068
2026-08-26 20:40:48 | Epoch  74/100 | Train Loss 0.0392 | Val Loss 0.0298 MAE 14.1483 R2 -0.0101
2026-08-26 20:40:50 | Epoch  75/100 | Train Loss 0.0390 | Val Loss 0.0297 MAE 14.1534 R2 -0.0078
2026-08-26 20:40:51 | Epoch  76/100 | Train Loss 0.0389 | Val Loss 0.0296 MAE 14.1573 R2 -0.0062
2026-08-26 20:40:51 |   Val R2 improved to -0.0062, model saved
2026-08-26 20:40:53 | Epoch  77/100 | Train Loss 0.0390 | Val Loss 0.0297 MAE 14.1505 R2 -0.0091
2026-08-26 20:40:55 | Epoch  78/100 | Train Loss 0.0388 | Val Loss 0.0297 MAE 14.1520 R2 -0.0084
2026-08-26 20:40:57 | Epoch  79/100 | Train Loss 0.0388 | Val Loss 0.0296 MAE 14.1597 R2 -0.0053
2026-08-26 20:40:57 |   Val R2 improved to -0.0053, model saved
2026-08-26 20:40:58 | Epoch  80/100 | Train Loss 0.0388 | Val Loss 0.0298 MAE 14.1488 R2 -0.0115
2026-08-26 20:41:00 | Epoch  81/100 | Train Loss 0.0386 | Val Loss 0.0296 MAE 14.1616 R2 -0.0047
2026-08-26 20:41:00 |   Val R2 improved to -0.0047, model saved
2026-08-26 20:41:02 | Epoch  82/100 | Train Loss 0.0387 | Val Loss 0.0296 MAE 14.1602 R2 -0.0052
2026-08-26 20:41:03 | Epoch  83/100 | Train Loss 0.0386 | Val Loss 0.0296 MAE 14.1568 R2 -0.0064
2026-08-26 20:41:05 | Epoch  84/100 | Train Loss 0.0386 | Val Loss 0.0296 MAE 14.1641 R2 -0.0039
2026-08-26 20:41:05 |   Val R2 improved to -0.0039, model saved
2026-08-26 20:41:07 | Epoch  85/100 | Train Loss 0.0386 | Val Loss 0.0300 MAE 14.1565 R2 -0.0172
2026-08-26 20:41:08 | Epoch  86/100 | Train Loss 0.0387 | Val Loss 0.0296 MAE 14.1635 R2 -0.0041
2026-08-26 20:41:10 | Epoch  87/100 | Train Loss 0.0384 | Val Loss 0.0298 MAE 14.1509 R2 -0.0129
2026-08-26 20:41:12 | Epoch  88/100 | Train Loss 0.0382 | Val Loss 0.0297 MAE 14.1561 R2 -0.0067
2026-08-26 20:41:13 | Epoch  89/100 | Train Loss 0.0384 | Val Loss 0.0296 MAE 14.1630 R2 -0.0042
2026-08-26 20:41:15 | Epoch  90/100 | Train Loss 0.0386 | Val Loss 0.0296 MAE 14.1642 R2 -0.0039
2026-08-26 20:41:15 |   Val R2 improved to -0.0039, model saved
2026-08-26 20:41:17 | Epoch  91/100 | Train Loss 0.0383 | Val Loss 0.0295 MAE 14.1664 R2 -0.0032
2026-08-26 20:41:17 |   Val R2 improved to -0.0032, model saved
2026-08-26 20:41:18 | Epoch  92/100 | Train Loss 0.0380 | Val Loss 0.0296 MAE 14.1564 R2 -0.0066
2026-08-26 20:41:20 | Epoch  93/100 | Train Loss 0.0380 | Val Loss 0.0296 MAE 14.1645 R2 -0.0038
2026-08-26 20:41:22 | Epoch  94/100 | Train Loss 0.0381 | Val Loss 0.0296 MAE 14.1640 R2 -0.0039
2026-08-26 20:41:23 | Epoch  95/100 | Train Loss 0.0380 | Val Loss 0.0295 MAE 14.1672 R2 -0.0030
2026-08-26 20:41:24 |   Val R2 improved to -0.0030, model saved
2026-08-26 20:41:25 | Epoch  96/100 | Train Loss 0.0381 | Val Loss 0.0295 MAE 14.1751 R2 -0.0017
2026-08-26 20:41:25 |   Val R2 improved to -0.0017, model saved
2026-08-26 20:41:27 | Epoch  97/100 | Train Loss 0.0382 | Val Loss 0.0296 MAE 14.1603 R2 -0.0051
2026-08-26 20:41:29 | Epoch  98/100 | Train Loss 0.0381 | Val Loss 0.0296 MAE 14.1661 R2 -0.0033
2026-08-26 20:41:30 | Epoch  99/100 | Train Loss 0.0381 | Val Loss 0.0296 MAE 14.1585 R2 -0.0058
2026-08-26 20:41:32 | Epoch 100/100 | Train Loss 0.0381 | Val Loss 0.0295 MAE 14.1742 R2 -0.0018
2026-08-26 20:41:32 | Run 5/5 | Test (best model @ Epoch 96) | Loss 0.0305 MAE 14.6197 R2 -0.0002
2026-08-26 20:41:32 | Average over 5 runs | Test Loss 0.0213±0.0052 MAE 11.4552±1.8000 R2 0.3337±0.1890
