2026-08-27 10:47:54 | Device: cuda
2026-08-27 10:47:54 | Args: {'model': 'fgib', 'backbone': 'rnn', 'task': 'imdb', 'epochs': 100, 'batch_size': 512, 'lr': 0.001, 'hidden_dims': [512, 256], 'dropout': 0.2, 'z_dim': 256, 'anchor_scale': 14.0, 'max_len': 250, 'random_labels': False, 'beta': 1.0, 'patience': 10, 'runs': 5, 'seed': 0, 'data_dir': './data', 'save_path': 'output/imdb_rnn_fgib/imdb_rnn_fgib.pt', 'log_path': '/root/autodl-tmp/FGIB/tune_results/imdb_rnn_fgib_beta_1_anchor_14/train.log', 'no_save': True}
2026-08-27 10:47:54 | IMDb 预处理缓存：mmap 共享 ./data/imdb/imdb_processed_maxlen250
2026-08-27 10:47:54 | ===== Run 1/5 (seed 0) =====
2026-08-27 10:48:41 | Epoch   1/100 | Train Loss 53.9909 Acc 0.5516 | Val Loss 44.1743 Acc 0.6554 AUC 0.7234 Pre 0.6630 Rec 0.6554
2026-08-27 10:48:42 |   Val AUC improved to 0.7234, model saved
2026-08-27 10:49:22 | Epoch   2/100 | Train Loss 36.1440 Acc 0.7382 | Val Loss 37.9251 Acc 0.7313 AUC 0.8540 Pre 0.7802 Rec 0.7313
2026-08-27 10:49:23 |   Val AUC improved to 0.8540, model saved
2026-08-27 10:50:04 | Epoch   3/100 | Train Loss 26.8622 Acc 0.8199 | Val Loss 26.4487 Acc 0.8142 AUC 0.8916 Pre 0.8154 Rec 0.8142
2026-08-27 10:50:05 |   Val AUC improved to 0.8916, model saved
2026-08-27 10:50:45 | Epoch   4/100 | Train Loss 22.7974 Acc 0.8495 | Val Loss 26.3684 Acc 0.8134 AUC 0.9008 Pre 0.8239 Rec 0.8134
2026-08-27 10:50:46 |   Val AUC improved to 0.9008, model saved
2026-08-27 10:51:25 | Epoch   5/100 | Train Loss 18.0277 Acc 0.8858 | Val Loss 24.3877 Acc 0.8313 AUC 0.9097 Pre 0.8313 Rec 0.8313
2026-08-27 10:51:27 |   Val AUC improved to 0.9097, model saved
2026-08-27 10:52:07 | Epoch   6/100 | Train Loss 13.7891 Acc 0.9176 | Val Loss 22.2743 Acc 0.8519 AUC 0.9234 Pre 0.8527 Rec 0.8519
2026-08-27 10:52:08 |   Val AUC improved to 0.9234, model saved
2026-08-27 10:52:47 | Epoch   7/100 | Train Loss 9.2604 Acc 0.9461 | Val Loss 22.6505 Acc 0.8524 AUC 0.9200 Pre 0.8528 Rec 0.8524
2026-08-27 10:53:27 | Epoch   8/100 | Train Loss 7.0607 Acc 0.9623 | Val Loss 25.1597 Acc 0.8438 AUC 0.9171 Pre 0.8476 Rec 0.8438
2026-08-27 10:54:07 | Epoch   9/100 | Train Loss 4.6964 Acc 0.9767 | Val Loss 23.8867 Acc 0.8558 AUC 0.9122 Pre 0.8558 Rec 0.8558
2026-08-27 10:54:47 | Epoch  10/100 | Train Loss 3.3420 Acc 0.9845 | Val Loss 25.1371 Acc 0.8518 AUC 0.9162 Pre 0.8523 Rec 0.8518
2026-08-27 10:55:25 | Epoch  11/100 | Train Loss 3.3058 Acc 0.9836 | Val Loss 24.4912 Acc 0.8549 AUC 0.9146 Pre 0.8555 Rec 0.8549
2026-08-27 10:56:05 | Epoch  12/100 | Train Loss 2.3941 Acc 0.9898 | Val Loss 25.2635 Acc 0.8549 AUC 0.9166 Pre 0.8549 Rec 0.8549
2026-08-27 10:56:45 | Epoch  13/100 | Train Loss 1.8996 Acc 0.9921 | Val Loss 25.3385 Acc 0.8543 AUC 0.9171 Pre 0.8544 Rec 0.8543
2026-08-27 10:57:25 | Epoch  14/100 | Train Loss 1.6400 Acc 0.9934 | Val Loss 25.4379 Acc 0.8546 AUC 0.9178 Pre 0.8547 Rec 0.8546
2026-08-27 10:58:03 | Epoch  15/100 | Train Loss 1.3945 Acc 0.9947 | Val Loss 25.4969 Acc 0.8557 AUC 0.9176 Pre 0.8557 Rec 0.8557
2026-08-27 10:58:43 | Epoch  16/100 | Train Loss 1.2974 Acc 0.9949 | Val Loss 26.3778 Acc 0.8497 AUC 0.9132 Pre 0.8502 Rec 0.8497
2026-08-27 10:58:43 | Val AUC did not improve for 10 consecutive epochs, early stopping at Epoch 16 (best AUC 0.9234 @ Epoch 6)
2026-08-27 10:58:52 | Run 1/5 | Test (best model @ Epoch 6) | Loss 22.2257 Acc 0.8523 AUC 0.9229 Pre 0.8531 Rec 0.8523
2026-08-27 10:58:52 | ===== Run 2/5 (seed 1) =====
2026-08-27 10:59:35 | Epoch   1/100 | Train Loss 54.0634 Acc 0.5490 | Val Loss 44.6838 Acc 0.6503 AUC 0.7149 Pre 0.6591 Rec 0.6503
2026-08-27 10:59:36 |   Val AUC improved to 0.7149, model saved
2026-08-27 11:00:17 | Epoch   2/100 | Train Loss 37.7808 Acc 0.7261 | Val Loss 30.0557 Acc 0.7846 AUC 0.8643 Pre 0.7871 Rec 0.7846
2026-08-27 11:00:18 |   Val AUC improved to 0.8643, model saved
2026-08-27 11:00:58 | Epoch   3/100 | Train Loss 26.6272 Acc 0.8197 | Val Loss 30.8520 Acc 0.7876 AUC 0.8925 Pre 0.8112 Rec 0.7876
2026-08-27 11:00:59 |   Val AUC improved to 0.8925, model saved
2026-08-27 11:01:41 | Epoch   4/100 | Train Loss 21.8305 Acc 0.8613 | Val Loss 25.3407 Acc 0.8246 AUC 0.9037 Pre 0.8252 Rec 0.8246
2026-08-27 11:01:42 |   Val AUC improved to 0.9037, model saved
2026-08-27 11:02:22 | Epoch   5/100 | Train Loss 16.2397 Acc 0.8998 | Val Loss 22.2452 Acc 0.8445 AUC 0.9197 Pre 0.8445 Rec 0.8445
2026-08-27 11:02:23 |   Val AUC improved to 0.9197, model saved
2026-08-27 11:03:02 | Epoch   6/100 | Train Loss 12.2469 Acc 0.9276 | Val Loss 23.2052 Acc 0.8519 AUC 0.9172 Pre 0.8547 Rec 0.8519
2026-08-27 11:03:43 | Epoch   7/100 | Train Loss 8.7340 Acc 0.9510 | Val Loss 23.4605 Acc 0.8465 AUC 0.9186 Pre 0.8474 Rec 0.8465
2026-08-27 11:04:22 | Epoch   8/100 | Train Loss 6.0728 Acc 0.9684 | Val Loss 24.8631 Acc 0.8429 AUC 0.9152 Pre 0.8453 Rec 0.8429
2026-08-27 11:05:00 | Epoch   9/100 | Train Loss 5.2690 Acc 0.9729 | Val Loss 23.9769 Acc 0.8556 AUC 0.9195 Pre 0.8556 Rec 0.8556
2026-08-27 11:05:39 | Epoch  10/100 | Train Loss 3.4630 Acc 0.9838 | Val Loss 24.9072 Acc 0.8548 AUC 0.9175 Pre 0.8562 Rec 0.8548
2026-08-27 11:06:18 | Epoch  11/100 | Train Loss 2.8235 Acc 0.9876 | Val Loss 25.5334 Acc 0.8444 AUC 0.9136 Pre 0.8445 Rec 0.8444
2026-08-27 11:06:58 | Epoch  12/100 | Train Loss 2.5411 Acc 0.9886 | Val Loss 25.2321 Acc 0.8544 AUC 0.9187 Pre 0.8561 Rec 0.8544
2026-08-27 11:07:37 | Epoch  13/100 | Train Loss 1.7901 Acc 0.9928 | Val Loss 25.8051 Acc 0.8517 AUC 0.9192 Pre 0.8533 Rec 0.8517
2026-08-27 11:08:17 | Epoch  14/100 | Train Loss 1.5256 Acc 0.9942 | Val Loss 24.8547 Acc 0.8579 AUC 0.9201 Pre 0.8580 Rec 0.8579
2026-08-27 11:08:18 |   Val AUC improved to 0.9201, model saved
2026-08-27 11:08:53 | Epoch  15/100 | Train Loss 1.3822 Acc 0.9947 | Val Loss 25.6220 Acc 0.8545 AUC 0.9191 Pre 0.8545 Rec 0.8545
2026-08-27 11:09:33 | Epoch  16/100 | Train Loss 1.2254 Acc 0.9955 | Val Loss 24.9010 Acc 0.8601 AUC 0.9164 Pre 0.8604 Rec 0.8601
2026-08-27 11:10:14 | Epoch  17/100 | Train Loss 1.1590 Acc 0.9957 | Val Loss 25.4365 Acc 0.8576 AUC 0.9150 Pre 0.8581 Rec 0.8576
2026-08-27 11:10:54 | Epoch  18/100 | Train Loss 1.1060 Acc 0.9958 | Val Loss 25.3801 Acc 0.8587 AUC 0.9187 Pre 0.8587 Rec 0.8587
2026-08-27 11:11:33 | Epoch  19/100 | Train Loss 1.0178 Acc 0.9962 | Val Loss 25.5092 Acc 0.8542 AUC 0.9177 Pre 0.8542 Rec 0.8542
2026-08-27 11:12:13 | Epoch  20/100 | Train Loss 0.9605 Acc 0.9965 | Val Loss 25.6704 Acc 0.8574 AUC 0.9140 Pre 0.8574 Rec 0.8574
2026-08-27 11:12:53 | Epoch  21/100 | Train Loss 0.9668 Acc 0.9963 | Val Loss 26.6013 Acc 0.8532 AUC 0.9091 Pre 0.8577 Rec 0.8532
2026-08-27 11:13:31 | Epoch  22/100 | Train Loss 1.0653 Acc 0.9956 | Val Loss 25.6504 Acc 0.8568 AUC 0.9149 Pre 0.8571 Rec 0.8568
2026-08-27 11:14:10 | Epoch  23/100 | Train Loss 1.0073 Acc 0.9959 | Val Loss 26.3764 Acc 0.8541 AUC 0.9162 Pre 0.8541 Rec 0.8541
2026-08-27 11:14:50 | Epoch  24/100 | Train Loss 0.9725 Acc 0.9957 | Val Loss 31.5445 Acc 0.8312 AUC 0.8910 Pre 0.8474 Rec 0.8312
2026-08-27 11:14:50 | Val AUC did not improve for 10 consecutive epochs, early stopping at Epoch 24 (best AUC 0.9201 @ Epoch 14)
2026-08-27 11:14:59 | Run 2/5 | Test (best model @ Epoch 14) | Loss 26.3560 Acc 0.8506 AUC 0.9163 Pre 0.8507 Rec 0.8506
2026-08-27 11:14:59 | ===== Run 3/5 (seed 2) =====
2026-08-27 11:15:40 | Epoch   1/100 | Train Loss 54.0053 Acc 0.5357 | Val Loss 43.7715 Acc 0.6591 AUC 0.7702 Pre 0.7060 Rec 0.6591
2026-08-27 11:15:41 |   Val AUC improved to 0.7702, model saved
2026-08-27 11:16:20 | Epoch   2/100 | Train Loss 36.2626 Acc 0.7411 | Val Loss 27.8595 Acc 0.8090 AUC 0.8807 Pre 0.8101 Rec 0.8090
2026-08-27 11:16:21 |   Val AUC improved to 0.8807, model saved
2026-08-27 11:17:03 | Epoch   3/100 | Train Loss 22.5045 Acc 0.8531 | Val Loss 21.6168 Acc 0.8535 AUC 0.9264 Pre 0.8543 Rec 0.8535
2026-08-27 11:17:04 |   Val AUC improved to 0.9264, model saved
2026-08-27 11:17:44 | Epoch   4/100 | Train Loss 15.1443 Acc 0.9058 | Val Loss 19.8570 Acc 0.8688 AUC 0.9355 Pre 0.8689 Rec 0.8688
2026-08-27 11:17:44 |   Val AUC improved to 0.9355, model saved
2026-08-27 11:18:26 | Epoch   5/100 | Train Loss 10.1466 Acc 0.9412 | Val Loss 20.0680 Acc 0.8707 AUC 0.9358 Pre 0.8716 Rec 0.8707
2026-08-27 11:18:27 |   Val AUC improved to 0.9358, model saved
2026-08-27 11:19:03 | Epoch   6/100 | Train Loss 6.5963 Acc 0.9659 | Val Loss 20.3322 Acc 0.8727 AUC 0.9281 Pre 0.8739 Rec 0.8727
2026-08-27 11:19:44 | Epoch   7/100 | Train Loss 4.6900 Acc 0.9772 | Val Loss 20.9748 Acc 0.8746 AUC 0.9248 Pre 0.8747 Rec 0.8746
2026-08-27 11:20:24 | Epoch   8/100 | Train Loss 3.3688 Acc 0.9841 | Val Loss 21.8605 Acc 0.8746 AUC 0.9223 Pre 0.8747 Rec 0.8746
2026-08-27 11:21:04 | Epoch   9/100 | Train Loss 2.7637 Acc 0.9879 | Val Loss 22.0378 Acc 0.8705 AUC 0.9251 Pre 0.8706 Rec 0.8705
2026-08-27 11:21:45 | Epoch  10/100 | Train Loss 2.2059 Acc 0.9904 | Val Loss 22.3538 Acc 0.8727 AUC 0.9240 Pre 0.8735 Rec 0.8727
2026-08-27 11:22:24 | Epoch  11/100 | Train Loss 2.4588 Acc 0.9884 | Val Loss 22.6911 Acc 0.8717 AUC 0.9233 Pre 0.8719 Rec 0.8717
2026-08-27 11:23:06 | Epoch  12/100 | Train Loss 2.2848 Acc 0.9892 | Val Loss 22.2303 Acc 0.8759 AUC 0.9229 Pre 0.8759 Rec 0.8759
2026-08-27 11:23:47 | Epoch  13/100 | Train Loss 1.8499 Acc 0.9920 | Val Loss 24.0194 Acc 0.8666 AUC 0.9166 Pre 0.8697 Rec 0.8666
2026-08-27 11:24:27 | Epoch  14/100 | Train Loss 1.7649 Acc 0.9921 | Val Loss 25.9977 Acc 0.8581 AUC 0.9159 Pre 0.8654 Rec 0.8581
2026-08-27 11:25:08 | Epoch  15/100 | Train Loss 2.0416 Acc 0.9901 | Val Loss 23.9503 Acc 0.8642 AUC 0.9231 Pre 0.8646 Rec 0.8642
2026-08-27 11:25:08 | Val AUC did not improve for 10 consecutive epochs, early stopping at Epoch 15 (best AUC 0.9358 @ Epoch 5)
2026-08-27 11:25:16 | Run 3/5 | Test (best model @ Epoch 5) | Loss 21.2776 Acc 0.8619 AUC 0.9295 Pre 0.8630 Rec 0.8619
2026-08-27 11:25:16 | ===== Run 4/5 (seed 3) =====
2026-08-27 11:25:59 | Epoch   1/100 | Train Loss 54.0238 Acc 0.5489 | Val Loss 44.4352 Acc 0.6559 AUC 0.7622 Pre 0.7075 Rec 0.6559
2026-08-27 11:26:00 |   Val AUC improved to 0.7622, model saved
2026-08-27 11:26:41 | Epoch   2/100 | Train Loss 38.6868 Acc 0.7182 | Val Loss 34.7748 Acc 0.7579 AUC 0.8428 Pre 0.7768 Rec 0.7579
2026-08-27 11:26:42 |   Val AUC improved to 0.8428, model saved
2026-08-27 11:27:22 | Epoch   3/100 | Train Loss 26.2462 Acc 0.8252 | Val Loss 26.4553 Acc 0.8223 AUC 0.8983 Pre 0.8254 Rec 0.8223
2026-08-27 11:27:23 |   Val AUC improved to 0.8983, model saved
2026-08-27 11:28:02 | Epoch   4/100 | Train Loss 21.6556 Acc 0.8621 | Val Loss 26.8361 Acc 0.8152 AUC 0.9059 Pre 0.8315 Rec 0.8152
2026-08-27 11:28:02 |   Val AUC improved to 0.9059, model saved
2026-08-27 11:28:42 | Epoch   5/100 | Train Loss 17.1704 Acc 0.8924 | Val Loss 21.3583 Acc 0.8558 AUC 0.9230 Pre 0.8560 Rec 0.8558
2026-08-27 11:28:44 |   Val AUC improved to 0.9230, model saved
2026-08-27 11:29:24 | Epoch   6/100 | Train Loss 12.0821 Acc 0.9273 | Val Loss 22.8358 Acc 0.8501 AUC 0.9218 Pre 0.8563 Rec 0.8501
2026-08-27 11:30:03 | Epoch   7/100 | Train Loss 8.9443 Acc 0.9501 | Val Loss 21.5073 Acc 0.8607 AUC 0.9252 Pre 0.8607 Rec 0.8607
2026-08-27 11:30:04 |   Val AUC improved to 0.9252, model saved
2026-08-27 11:30:41 | Epoch   8/100 | Train Loss 5.9365 Acc 0.9699 | Val Loss 22.0689 Acc 0.8629 AUC 0.9195 Pre 0.8631 Rec 0.8629
2026-08-27 11:31:18 | Epoch   9/100 | Train Loss 5.7157 Acc 0.9695 | Val Loss 23.8393 Acc 0.8623 AUC 0.9203 Pre 0.8623 Rec 0.8623
2026-08-27 11:31:58 | Epoch  10/100 | Train Loss 4.3740 Acc 0.9773 | Val Loss 23.8897 Acc 0.8546 AUC 0.9196 Pre 0.8548 Rec 0.8546
2026-08-27 11:32:37 | Epoch  11/100 | Train Loss 2.9094 Acc 0.9866 | Val Loss 23.5087 Acc 0.8613 AUC 0.9239 Pre 0.8615 Rec 0.8613
2026-08-27 11:33:17 | Epoch  12/100 | Train Loss 2.1525 Acc 0.9913 | Val Loss 24.1864 Acc 0.8614 AUC 0.9227 Pre 0.8619 Rec 0.8614
2026-08-27 11:33:56 | Epoch  13/100 | Train Loss 1.8849 Acc 0.9922 | Val Loss 24.9375 Acc 0.8582 AUC 0.9241 Pre 0.8586 Rec 0.8582
2026-08-27 11:34:37 | Epoch  14/100 | Train Loss 1.6025 Acc 0.9937 | Val Loss 25.1708 Acc 0.8562 AUC 0.9219 Pre 0.8574 Rec 0.8562
2026-08-27 11:35:16 | Epoch  15/100 | Train Loss 1.4852 Acc 0.9942 | Val Loss 24.7419 Acc 0.8612 AUC 0.9247 Pre 0.8615 Rec 0.8612
2026-08-27 11:35:55 | Epoch  16/100 | Train Loss 1.3067 Acc 0.9950 | Val Loss 24.4756 Acc 0.8642 AUC 0.9195 Pre 0.8645 Rec 0.8642
2026-08-27 11:36:34 | Epoch  17/100 | Train Loss 1.2380 Acc 0.9952 | Val Loss 24.8476 Acc 0.8613 AUC 0.9228 Pre 0.8614 Rec 0.8613
2026-08-27 11:36:34 | Val AUC did not improve for 10 consecutive epochs, early stopping at Epoch 17 (best AUC 0.9252 @ Epoch 7)
2026-08-27 11:36:44 | Run 4/5 | Test (best model @ Epoch 7) | Loss 22.3348 Acc 0.8531 AUC 0.9249 Pre 0.8531 Rec 0.8531
2026-08-27 11:36:44 | ===== Run 5/5 (seed 4) =====
2026-08-27 11:37:26 | Epoch   1/100 | Train Loss 53.1387 Acc 0.5679 | Val Loss 44.3921 Acc 0.6526 AUC 0.7474 Pre 0.6871 Rec 0.6526
2026-08-27 11:37:27 |   Val AUC improved to 0.7474, model saved
2026-08-27 11:38:08 | Epoch   2/100 | Train Loss 38.2563 Acc 0.7252 | Val Loss 32.9235 Acc 0.7658 AUC 0.8484 Pre 0.7780 Rec 0.7658
2026-08-27 11:38:09 |   Val AUC improved to 0.8484, model saved
2026-08-27 11:38:49 | Epoch   3/100 | Train Loss 31.0259 Acc 0.7852 | Val Loss 27.8470 Acc 0.8175 AUC 0.8867 Pre 0.8231 Rec 0.8175
2026-08-27 11:38:50 |   Val AUC improved to 0.8867, model saved
2026-08-27 11:39:29 | Epoch   4/100 | Train Loss 20.8439 Acc 0.8637 | Val Loss 23.4630 Acc 0.8324 AUC 0.9164 Pre 0.8364 Rec 0.8324
2026-08-27 11:39:30 |   Val AUC improved to 0.9164, model saved
2026-08-27 11:40:11 | Epoch   5/100 | Train Loss 15.5378 Acc 0.9038 | Val Loss 20.6159 Acc 0.8617 AUC 0.9299 Pre 0.8617 Rec 0.8617
2026-08-27 11:40:12 |   Val AUC improved to 0.9299, model saved
2026-08-27 11:40:53 | Epoch   6/100 | Train Loss 11.9481 Acc 0.9291 | Val Loss 21.7569 Acc 0.8577 AUC 0.9260 Pre 0.8634 Rec 0.8577
2026-08-27 11:41:33 | Epoch   7/100 | Train Loss 8.8236 Acc 0.9505 | Val Loss 20.9386 Acc 0.8716 AUC 0.9259 Pre 0.8717 Rec 0.8716
2026-08-27 11:42:14 | Epoch   8/100 | Train Loss 5.8011 Acc 0.9695 | Val Loss 21.5673 Acc 0.8690 AUC 0.9255 Pre 0.8690 Rec 0.8690
2026-08-27 11:42:53 | Epoch   9/100 | Train Loss 4.0503 Acc 0.9811 | Val Loss 21.8785 Acc 0.8698 AUC 0.9224 Pre 0.8701 Rec 0.8698
2026-08-27 11:43:32 | Epoch  10/100 | Train Loss 3.1639 Acc 0.9855 | Val Loss 22.9865 Acc 0.8710 AUC 0.9199 Pre 0.8713 Rec 0.8710
2026-08-27 11:44:12 | Epoch  11/100 | Train Loss 2.5732 Acc 0.9886 | Val Loss 23.1291 Acc 0.8679 AUC 0.9214 Pre 0.8684 Rec 0.8679
2026-08-27 11:44:53 | Epoch  12/100 | Train Loss 2.3149 Acc 0.9900 | Val Loss 23.3736 Acc 0.8665 AUC 0.9187 Pre 0.8668 Rec 0.8665
2026-08-27 11:45:34 | Epoch  13/100 | Train Loss 2.2373 Acc 0.9901 | Val Loss 23.8821 Acc 0.8637 AUC 0.9174 Pre 0.8645 Rec 0.8637
2026-08-27 11:46:12 | Epoch  14/100 | Train Loss 2.2504 Acc 0.9895 | Val Loss 23.5987 Acc 0.8691 AUC 0.9216 Pre 0.8706 Rec 0.8691
2026-08-27 11:46:50 | Epoch  15/100 | Train Loss 2.1012 Acc 0.9903 | Val Loss 23.3893 Acc 0.8704 AUC 0.9226 Pre 0.8705 Rec 0.8704
2026-08-27 11:46:50 | Val AUC did not improve for 10 consecutive epochs, early stopping at Epoch 15 (best AUC 0.9299 @ Epoch 5)
2026-08-27 11:46:58 | Run 5/5 | Test (best model @ Epoch 5) | Loss 20.6957 Acc 0.8617 AUC 0.9303 Pre 0.8618 Rec 0.8617
2026-08-27 11:46:58 | Average over 5 runs | Test Loss 22.5780±2.2187 Acc 0.8559±0.0054 AUC 0.9248±0.0057 Pre 0.8563±0.0056 Rec 0.8559±0.0054
