2026-08-27 11:04:03 | Device: cuda
2026-08-27 11:04:03 | Args: {'model': 'fgib', 'backbone': 'rnn', 'task': 'imdb', 'epochs': 100, 'batch_size': 512, 'lr': 0.001, 'hidden_dims': [512, 256], 'dropout': 0.2, 'z_dim': 256, 'anchor_scale': 1.0, 'max_len': 250, 'random_labels': False, 'beta': 0.01, 'patience': 10, 'runs': 5, 'seed': 0, 'data_dir': './data', 'save_path': 'output/imdb_rnn_fgib/imdb_rnn_fgib.pt', 'log_path': '/root/autodl-tmp/FGIB/tune_results/imdb_rnn_fgib_beta_0.01_anchor_1/train.log', 'no_save': True}
2026-08-27 11:04:03 | IMDb 预处理缓存：mmap 共享 ./data/imdb/imdb_processed_maxlen250
2026-08-27 11:04:03 | ===== Run 1/5 (seed 0) =====
2026-08-27 11:04:46 | Epoch   1/100 | Train Loss 0.6388 Acc 0.6419 | Val Loss 0.6359 Acc 0.6347 AUC 0.7025 Pre 0.6592 Rec 0.6347
2026-08-27 11:04:47 |   Val AUC improved to 0.7025, model saved
2026-08-27 11:05:27 | Epoch   2/100 | Train Loss 0.6036 Acc 0.6715 | Val Loss 0.6196 Acc 0.6491 AUC 0.7121 Pre 0.6521 Rec 0.6491
2026-08-27 11:05:28 |   Val AUC improved to 0.7121, model saved
2026-08-27 11:06:08 | Epoch   3/100 | Train Loss 0.4912 Acc 0.7706 | Val Loss 0.4950 Acc 0.7768 AUC 0.8638 Pre 0.7817 Rec 0.7768
2026-08-27 11:06:09 |   Val AUC improved to 0.8638, model saved
2026-08-27 11:06:50 | Epoch   4/100 | Train Loss 0.3714 Acc 0.8480 | Val Loss 0.4263 Acc 0.8057 AUC 0.8870 Pre 0.8058 Rec 0.8057
2026-08-27 11:06:51 |   Val AUC improved to 0.8870, model saved
2026-08-27 11:07:29 | Epoch   5/100 | Train Loss 0.2840 Acc 0.8895 | Val Loss 0.4125 Acc 0.8219 AUC 0.8995 Pre 0.8227 Rec 0.8219
2026-08-27 11:07:31 |   Val AUC improved to 0.8995, model saved
2026-08-27 11:08:11 | Epoch   6/100 | Train Loss 0.2235 Acc 0.9161 | Val Loss 0.4181 Acc 0.8251 AUC 0.9053 Pre 0.8270 Rec 0.8251
2026-08-27 11:08:12 |   Val AUC improved to 0.9053, model saved
2026-08-27 11:08:49 | Epoch   7/100 | Train Loss 0.1485 Acc 0.9463 | Val Loss 0.4336 Acc 0.8440 AUC 0.9195 Pre 0.8455 Rec 0.8440
2026-08-27 11:08:50 |   Val AUC improved to 0.9195, model saved
2026-08-27 11:09:28 | Epoch   8/100 | Train Loss 0.0941 Acc 0.9683 | Val Loss 0.5016 Acc 0.8575 AUC 0.9267 Pre 0.8575 Rec 0.8575
2026-08-27 11:09:29 |   Val AUC improved to 0.9267, model saved
2026-08-27 11:10:08 | Epoch   9/100 | Train Loss 0.0700 Acc 0.9767 | Val Loss 0.5577 Acc 0.8424 AUC 0.9128 Pre 0.8446 Rec 0.8424
2026-08-27 11:10:47 | Epoch  10/100 | Train Loss 0.0631 Acc 0.9784 | Val Loss 0.6311 Acc 0.8471 AUC 0.9178 Pre 0.8476 Rec 0.8471
2026-08-27 11:11:26 | Epoch  11/100 | Train Loss 0.0509 Acc 0.9840 | Val Loss 0.6779 Acc 0.8423 AUC 0.9145 Pre 0.8464 Rec 0.8423
2026-08-27 11:12:07 | Epoch  12/100 | Train Loss 0.0308 Acc 0.9907 | Val Loss 0.7344 Acc 0.8389 AUC 0.9147 Pre 0.8429 Rec 0.8389
2026-08-27 11:12:46 | Epoch  13/100 | Train Loss 0.0464 Acc 0.9850 | Val Loss 0.6344 Acc 0.8427 AUC 0.9089 Pre 0.8427 Rec 0.8427
2026-08-27 11:13:27 | Epoch  14/100 | Train Loss 0.0266 Acc 0.9920 | Val Loss 0.7264 Acc 0.8462 AUC 0.9173 Pre 0.8481 Rec 0.8462
2026-08-27 11:14:05 | Epoch  15/100 | Train Loss 0.0129 Acc 0.9965 | Val Loss 0.7756 Acc 0.8522 AUC 0.9175 Pre 0.8528 Rec 0.8522
2026-08-27 11:14:45 | Epoch  16/100 | Train Loss 0.0079 Acc 0.9980 | Val Loss 0.8691 Acc 0.8475 AUC 0.9156 Pre 0.8477 Rec 0.8475
2026-08-27 11:15:24 | Epoch  17/100 | Train Loss 0.0066 Acc 0.9982 | Val Loss 0.8619 Acc 0.8493 AUC 0.9184 Pre 0.8495 Rec 0.8493
2026-08-27 11:16:03 | Epoch  18/100 | Train Loss 0.0065 Acc 0.9982 | Val Loss 0.8966 Acc 0.8606 AUC 0.9222 Pre 0.8606 Rec 0.8606
2026-08-27 11:16:03 | Val AUC did not improve for 10 consecutive epochs, early stopping at Epoch 18 (best AUC 0.9267 @ Epoch 8)
2026-08-27 11:16:12 | Run 1/5 | Test (best model @ Epoch 8) | Loss 0.4996 Acc 0.8598 AUC 0.9264 Pre 0.8598 Rec 0.8598
2026-08-27 11:16:12 | ===== Run 2/5 (seed 1) =====
2026-08-27 11:16:53 | Epoch   1/100 | Train Loss 0.6038 Acc 0.6673 | Val Loss 0.4941 Acc 0.7752 AUC 0.8531 Pre 0.7757 Rec 0.7752
2026-08-27 11:16:54 |   Val AUC improved to 0.8531, model saved
2026-08-27 11:17:33 | Epoch   2/100 | Train Loss 0.5570 Acc 0.7265 | Val Loss 0.6043 Acc 0.6722 AUC 0.7405 Pre 0.6793 Rec 0.6722
2026-08-27 11:18:12 | Epoch   3/100 | Train Loss 0.4635 Acc 0.7839 | Val Loss 0.4359 Acc 0.8039 AUC 0.8947 Pre 0.8140 Rec 0.8039
2026-08-27 11:18:13 |   Val AUC improved to 0.8947, model saved
2026-08-27 11:18:53 | Epoch   4/100 | Train Loss 0.2957 Acc 0.8786 | Val Loss 0.3602 Acc 0.8433 AUC 0.9259 Pre 0.8447 Rec 0.8433
2026-08-27 11:18:54 |   Val AUC improved to 0.9259, model saved
2026-08-27 11:19:34 | Epoch   5/100 | Train Loss 0.2361 Acc 0.9065 | Val Loss 0.3551 Acc 0.8520 AUC 0.9309 Pre 0.8540 Rec 0.8520
2026-08-27 11:19:35 |   Val AUC improved to 0.9309, model saved
2026-08-27 11:20:16 | Epoch   6/100 | Train Loss 0.1880 Acc 0.9293 | Val Loss 0.4016 Acc 0.8445 AUC 0.9323 Pre 0.8532 Rec 0.8445
2026-08-27 11:20:17 |   Val AUC improved to 0.9323, model saved
2026-08-27 11:20:56 | Epoch   7/100 | Train Loss 0.1284 Acc 0.9546 | Val Loss 0.4495 Acc 0.8542 AUC 0.9267 Pre 0.8590 Rec 0.8542
2026-08-27 11:21:36 | Epoch   8/100 | Train Loss 0.0868 Acc 0.9706 | Val Loss 0.5020 Acc 0.8474 AUC 0.9247 Pre 0.8518 Rec 0.8474
2026-08-27 11:22:13 | Epoch   9/100 | Train Loss 0.0523 Acc 0.9830 | Val Loss 0.5791 Acc 0.8555 AUC 0.9282 Pre 0.8571 Rec 0.8555
2026-08-27 11:22:52 | Epoch  10/100 | Train Loss 0.0332 Acc 0.9896 | Val Loss 0.6033 Acc 0.8595 AUC 0.9248 Pre 0.8612 Rec 0.8595
2026-08-27 11:23:30 | Epoch  11/100 | Train Loss 0.0159 Acc 0.9952 | Val Loss 0.6984 Acc 0.8549 AUC 0.9244 Pre 0.8566 Rec 0.8549
2026-08-27 11:24:10 | Epoch  12/100 | Train Loss 0.0109 Acc 0.9969 | Val Loss 0.7551 Acc 0.8527 AUC 0.9212 Pre 0.8562 Rec 0.8527
2026-08-27 11:24:46 | Epoch  13/100 | Train Loss 0.0077 Acc 0.9976 | Val Loss 0.7817 Acc 0.8516 AUC 0.9227 Pre 0.8537 Rec 0.8516
2026-08-27 11:25:24 | Epoch  14/100 | Train Loss 0.0063 Acc 0.9981 | Val Loss 0.9750 Acc 0.8430 AUC 0.9152 Pre 0.8522 Rec 0.8430
2026-08-27 11:26:03 | Epoch  15/100 | Train Loss 0.0092 Acc 0.9968 | Val Loss 0.9896 Acc 0.8411 AUC 0.9187 Pre 0.8528 Rec 0.8411
2026-08-27 11:26:43 | Epoch  16/100 | Train Loss 0.0442 Acc 0.9850 | Val Loss 0.6858 Acc 0.8492 AUC 0.9247 Pre 0.8530 Rec 0.8492
2026-08-27 11:26:43 | Val AUC did not improve for 10 consecutive epochs, early stopping at Epoch 16 (best AUC 0.9323 @ Epoch 6)
2026-08-27 11:26:51 | Run 2/5 | Test (best model @ Epoch 6) | Loss 0.4144 Acc 0.8393 AUC 0.9287 Pre 0.8471 Rec 0.8393
2026-08-27 11:26:51 | ===== Run 3/5 (seed 2) =====
2026-08-27 11:27:31 | Epoch   1/100 | Train Loss 0.6497 Acc 0.6204 | Val Loss 0.5505 Acc 0.7222 AUC 0.8022 Pre 0.7230 Rec 0.7222
2026-08-27 11:27:32 |   Val AUC improved to 0.8022, model saved
2026-08-27 11:28:09 | Epoch   2/100 | Train Loss 0.5361 Acc 0.7410 | Val Loss 0.5207 Acc 0.7523 AUC 0.8325 Pre 0.7725 Rec 0.7523
2026-08-27 11:28:11 |   Val AUC improved to 0.8325, model saved
2026-08-27 11:28:50 | Epoch   3/100 | Train Loss 0.4611 Acc 0.7865 | Val Loss 0.5808 Acc 0.7955 AUC 0.8804 Pre 0.8069 Rec 0.7955
2026-08-27 11:28:51 |   Val AUC improved to 0.8804, model saved
2026-08-27 11:29:31 | Epoch   4/100 | Train Loss 0.4076 Acc 0.8286 | Val Loss 0.5484 Acc 0.7210 AUC 0.8047 Pre 0.7215 Rec 0.7210
2026-08-27 11:30:09 | Epoch   5/100 | Train Loss 0.4098 Acc 0.8143 | Val Loss 0.4787 Acc 0.7812 AUC 0.8637 Pre 0.7815 Rec 0.7812
2026-08-27 11:30:43 | Epoch   6/100 | Train Loss 0.2798 Acc 0.8890 | Val Loss 0.3988 Acc 0.8339 AUC 0.9090 Pre 0.8351 Rec 0.8339
2026-08-27 11:30:44 |   Val AUC improved to 0.9090, model saved
2026-08-27 11:31:25 | Epoch   7/100 | Train Loss 0.2175 Acc 0.9156 | Val Loss 0.4266 Acc 0.8426 AUC 0.9162 Pre 0.8426 Rec 0.8426
2026-08-27 11:31:26 |   Val AUC improved to 0.9162, model saved
2026-08-27 11:32:06 | Epoch   8/100 | Train Loss 0.1531 Acc 0.9425 | Val Loss 0.4759 Acc 0.8314 AUC 0.9134 Pre 0.8362 Rec 0.8314
2026-08-27 11:32:45 | Epoch   9/100 | Train Loss 0.0853 Acc 0.9718 | Val Loss 0.5281 Acc 0.8330 AUC 0.9102 Pre 0.8345 Rec 0.8330
2026-08-27 11:33:24 | Epoch  10/100 | Train Loss 0.0501 Acc 0.9835 | Val Loss 0.6175 Acc 0.8347 AUC 0.9102 Pre 0.8357 Rec 0.8347
2026-08-27 11:34:04 | Epoch  11/100 | Train Loss 0.0302 Acc 0.9902 | Val Loss 0.7007 Acc 0.8414 AUC 0.9104 Pre 0.8420 Rec 0.8414
2026-08-27 11:34:43 | Epoch  12/100 | Train Loss 0.0280 Acc 0.9903 | Val Loss 0.8251 Acc 0.8290 AUC 0.9069 Pre 0.8338 Rec 0.8290
2026-08-27 11:35:22 | Epoch  13/100 | Train Loss 0.0180 Acc 0.9947 | Val Loss 0.8183 Acc 0.8401 AUC 0.9090 Pre 0.8402 Rec 0.8401
2026-08-27 11:36:00 | Epoch  14/100 | Train Loss 0.0125 Acc 0.9959 | Val Loss 0.9020 Acc 0.8326 AUC 0.9047 Pre 0.8334 Rec 0.8326
2026-08-27 11:36:39 | Epoch  15/100 | Train Loss 0.0104 Acc 0.9967 | Val Loss 0.8942 Acc 0.8382 AUC 0.9121 Pre 0.8403 Rec 0.8382
2026-08-27 11:37:18 | Epoch  16/100 | Train Loss 0.0138 Acc 0.9952 | Val Loss 0.9579 Acc 0.8396 AUC 0.9140 Pre 0.8414 Rec 0.8396
2026-08-27 11:37:55 | Epoch  17/100 | Train Loss 0.0103 Acc 0.9967 | Val Loss 1.0021 Acc 0.8429 AUC 0.9156 Pre 0.8434 Rec 0.8429
2026-08-27 11:37:55 | Val AUC did not improve for 10 consecutive epochs, early stopping at Epoch 17 (best AUC 0.9162 @ Epoch 7)
2026-08-27 11:38:02 | Run 3/5 | Test (best model @ Epoch 7) | Loss 0.4361 Acc 0.8427 AUC 0.9139 Pre 0.8427 Rec 0.8427
2026-08-27 11:38:02 | ===== Run 4/5 (seed 3) =====
2026-08-27 11:38:42 | Epoch   1/100 | Train Loss 0.5982 Acc 0.6818 | Val Loss 0.6235 Acc 0.6347 AUC 0.7706 Pre 0.6957 Rec 0.6347
2026-08-27 11:38:43 |   Val AUC improved to 0.7706, model saved
2026-08-27 11:39:21 | Epoch   2/100 | Train Loss 0.5659 Acc 0.7084 | Val Loss 0.5413 Acc 0.7333 AUC 0.8155 Pre 0.7344 Rec 0.7333
2026-08-27 11:39:22 |   Val AUC improved to 0.8155, model saved
2026-08-27 11:40:01 | Epoch   3/100 | Train Loss 0.4483 Acc 0.7969 | Val Loss 0.6187 Acc 0.6418 AUC 0.7087 Pre 0.6440 Rec 0.6418
2026-08-27 11:40:39 | Epoch   4/100 | Train Loss 0.5211 Acc 0.7437 | Val Loss 0.5297 Acc 0.7435 AUC 0.8150 Pre 0.7462 Rec 0.7435
2026-08-27 11:41:16 | Epoch   5/100 | Train Loss 0.4104 Acc 0.8196 | Val Loss 0.5250 Acc 0.7583 AUC 0.8472 Pre 0.7846 Rec 0.7583
2026-08-27 11:41:17 |   Val AUC improved to 0.8472, model saved
2026-08-27 11:41:56 | Epoch   6/100 | Train Loss 0.3708 Acc 0.8384 | Val Loss 0.4352 Acc 0.8160 AUC 0.8863 Pre 0.8163 Rec 0.8160
2026-08-27 11:41:57 |   Val AUC improved to 0.8863, model saved
2026-08-27 11:42:35 | Epoch   7/100 | Train Loss 0.3353 Acc 0.8601 | Val Loss 0.4300 Acc 0.8049 AUC 0.8881 Pre 0.8080 Rec 0.8049
2026-08-27 11:42:35 |   Val AUC improved to 0.8881, model saved
2026-08-27 11:43:14 | Epoch   8/100 | Train Loss 0.3556 Acc 0.8481 | Val Loss 0.4398 Acc 0.8091 AUC 0.8847 Pre 0.8113 Rec 0.8091
2026-08-27 11:43:52 | Epoch   9/100 | Train Loss 0.2420 Acc 0.9043 | Val Loss 0.4189 Acc 0.8389 AUC 0.9172 Pre 0.8421 Rec 0.8389
2026-08-27 11:43:53 |   Val AUC improved to 0.9172, model saved
2026-08-27 11:44:32 | Epoch  10/100 | Train Loss 0.1669 Acc 0.9386 | Val Loss 0.3918 Acc 0.8500 AUC 0.9280 Pre 0.8508 Rec 0.8500
2026-08-27 11:44:33 |   Val AUC improved to 0.9280, model saved
2026-08-27 11:45:13 | Epoch  11/100 | Train Loss 0.1084 Acc 0.9627 | Val Loss 0.4439 Acc 0.8573 AUC 0.9245 Pre 0.8583 Rec 0.8573
2026-08-27 11:45:50 | Epoch  12/100 | Train Loss 0.0729 Acc 0.9769 | Val Loss 0.5019 Acc 0.8586 AUC 0.9256 Pre 0.8587 Rec 0.8586
2026-08-27 11:46:29 | Epoch  13/100 | Train Loss 0.0501 Acc 0.9846 | Val Loss 0.5714 Acc 0.8496 AUC 0.9220 Pre 0.8521 Rec 0.8496
2026-08-27 11:47:09 | Epoch  14/100 | Train Loss 0.0248 Acc 0.9933 | Val Loss 0.6505 Acc 0.8514 AUC 0.9244 Pre 0.8528 Rec 0.8514
2026-08-27 11:47:47 | Epoch  15/100 | Train Loss 0.0122 Acc 0.9975 | Val Loss 0.6964 Acc 0.8613 AUC 0.9238 Pre 0.8617 Rec 0.8613
2026-08-27 11:48:25 | Epoch  16/100 | Train Loss 0.0098 Acc 0.9978 | Val Loss 0.7491 Acc 0.8600 AUC 0.9243 Pre 0.8602 Rec 0.8600
2026-08-27 11:49:06 | Epoch  17/100 | Train Loss 0.0049 Acc 0.9989 | Val Loss 0.7942 Acc 0.8555 AUC 0.9252 Pre 0.8555 Rec 0.8555
2026-08-27 11:49:46 | Epoch  18/100 | Train Loss 0.0029 Acc 0.9995 | Val Loss 0.8410 Acc 0.8600 AUC 0.9228 Pre 0.8612 Rec 0.8600
2026-08-27 11:50:26 | Epoch  19/100 | Train Loss 0.0027 Acc 0.9995 | Val Loss 0.9116 Acc 0.8571 AUC 0.9236 Pre 0.8573 Rec 0.8571
2026-08-27 11:51:06 | Epoch  20/100 | Train Loss 0.0029 Acc 0.9993 | Val Loss 0.9029 Acc 0.8551 AUC 0.9230 Pre 0.8552 Rec 0.8551
2026-08-27 11:51:06 | Val AUC did not improve for 10 consecutive epochs, early stopping at Epoch 20 (best AUC 0.9280 @ Epoch 10)
2026-08-27 11:51:15 | Run 4/5 | Test (best model @ Epoch 10) | Loss 0.3987 Acc 0.8428 AUC 0.9263 Pre 0.8438 Rec 0.8428
2026-08-27 11:51:15 | ===== Run 5/5 (seed 4) =====
2026-08-27 11:51:56 | Epoch   1/100 | Train Loss 0.6265 Acc 0.6442 | Val Loss 0.5116 Acc 0.7540 AUC 0.8446 Pre 0.7692 Rec 0.7540
2026-08-27 11:51:57 |   Val AUC improved to 0.8446, model saved
2026-08-27 11:52:37 | Epoch   2/100 | Train Loss 0.4734 Acc 0.7891 | Val Loss 0.5852 Acc 0.7717 AUC 0.8592 Pre 0.7905 Rec 0.7717
2026-08-27 11:52:38 |   Val AUC improved to 0.8592, model saved
2026-08-27 11:53:20 | Epoch   3/100 | Train Loss 0.4392 Acc 0.8036 | Val Loss 0.4289 Acc 0.8149 AUC 0.8852 Pre 0.8154 Rec 0.8149
2026-08-27 11:53:21 |   Val AUC improved to 0.8852, model saved
2026-08-27 11:54:03 | Epoch   4/100 | Train Loss 0.3346 Acc 0.8632 | Val Loss 0.4065 Acc 0.8302 AUC 0.9009 Pre 0.8307 Rec 0.8302
2026-08-27 11:54:04 |   Val AUC improved to 0.9009, model saved
2026-08-27 11:54:44 | Epoch   5/100 | Train Loss 0.2424 Acc 0.9074 | Val Loss 0.4271 Acc 0.8212 AUC 0.8979 Pre 0.8228 Rec 0.8212
2026-08-27 11:55:25 | Epoch   6/100 | Train Loss 0.1648 Acc 0.9391 | Val Loss 0.4779 Acc 0.8485 AUC 0.9153 Pre 0.8488 Rec 0.8485
2026-08-27 11:55:26 |   Val AUC improved to 0.9153, model saved
2026-08-27 11:56:06 | Epoch   7/100 | Train Loss 0.0889 Acc 0.9685 | Val Loss 0.5739 Acc 0.8443 AUC 0.9115 Pre 0.8469 Rec 0.8443
2026-08-27 11:56:46 | Epoch   8/100 | Train Loss 0.0781 Acc 0.9716 | Val Loss 0.5787 Acc 0.8118 AUC 0.8879 Pre 0.8169 Rec 0.8118
2026-08-27 11:57:25 | Epoch   9/100 | Train Loss 0.0721 Acc 0.9758 | Val Loss 0.7326 Acc 0.8398 AUC 0.9104 Pre 0.8435 Rec 0.8398
2026-08-27 11:58:05 | Epoch  10/100 | Train Loss 0.0477 Acc 0.9842 | Val Loss 0.7574 Acc 0.8374 AUC 0.9056 Pre 0.8379 Rec 0.8374
2026-08-27 11:58:45 | Epoch  11/100 | Train Loss 0.0188 Acc 0.9936 | Val Loss 0.8891 Acc 0.8431 AUC 0.9122 Pre 0.8457 Rec 0.8431
2026-08-27 11:59:25 | Epoch  12/100 | Train Loss 0.0243 Acc 0.9927 | Val Loss 0.8046 Acc 0.8409 AUC 0.9065 Pre 0.8422 Rec 0.8409
2026-08-27 12:00:04 | Epoch  13/100 | Train Loss 0.0195 Acc 0.9939 | Val Loss 0.8391 Acc 0.8145 AUC 0.8927 Pre 0.8153 Rec 0.8145
2026-08-27 12:00:45 | Epoch  14/100 | Train Loss 0.0060 Acc 0.9985 | Val Loss 0.9912 Acc 0.8334 AUC 0.9086 Pre 0.8343 Rec 0.8334
2026-08-27 12:01:21 | Epoch  15/100 | Train Loss 0.0080 Acc 0.9975 | Val Loss 1.0963 Acc 0.8438 AUC 0.9124 Pre 0.8441 Rec 0.8438
2026-08-27 12:01:59 | Epoch  16/100 | Train Loss 0.0198 Acc 0.9932 | Val Loss 0.8776 Acc 0.8360 AUC 0.9044 Pre 0.8363 Rec 0.8360
2026-08-27 12:01:59 | Val AUC did not improve for 10 consecutive epochs, early stopping at Epoch 16 (best AUC 0.9153 @ Epoch 6)
2026-08-27 12:02:07 | Run 5/5 | Test (best model @ Epoch 6) | Loss 0.4763 Acc 0.8464 AUC 0.9154 Pre 0.8469 Rec 0.8464
2026-08-27 12:02:07 | Average over 5 runs | Test Loss 0.4450±0.0422 Acc 0.8462±0.0080 AUC 0.9222±0.0069 Pre 0.8481±0.0068 Rec 0.8462±0.0080
