2026-09-18 10:41:06 | Device: cuda
2026-09-18 10:41:06 | Args: {'model': 'opb-noorth', 'backbone': 'mlp', 'task': 'imagenet100', 'epochs': 100, 'batch_size': 512, 'lr': 0.001, 'hidden_dims': [512, 256], 'dropout': 0.2, 'z_dim': 256, 'anchor_scale': 4.0, 'energy_classifier': False, 'tied_head': False, 'max_len': 250, 'random_labels': False, 'beta': 0.0001, 'patience': 10, 'runs': 5, 'seed': 0, 'data_dir': './data', 'save_path': 'output/imagenet100_mlp_opb-noorth/imagenet100_mlp_opb-noorth.pt', 'log_path': '/root/autodl-tmp/IB/output/ablation/imagenet100_mlp_opb-noorth_beta_0.0001_anchor_4/train.log', 'no_save': True}
2026-09-18 10:41:06 | ImageNet-100 特征：使用 4×4 空间池化文件 ./data/imagenet100/imagenet100_resnet50_layer3_pool4_features.npz
2026-09-18 10:41:06 | ImageNet-100 预处理缓存：mmap 共享 ./data/imagenet100/preprocessed_pool4
2026-09-18 10:41:06 | ===== Run 1/5 (seed 0) =====
2026-09-18 10:41:16 | Epoch   1/100 | Train Loss 1.8182 Acc 0.6287 | Val Loss 0.7705 Acc 0.7889 AUC 0.9956 Pre 0.7981 Rec 0.7863
2026-09-18 10:41:16 |   Val AUC improved to 0.9956, model saved
2026-09-18 10:41:22 | Epoch   2/100 | Train Loss 0.5840 Acc 0.8397 | Val Loss 0.7278 Acc 0.8099 AUC 0.9960 Pre 0.8142 Rec 0.8069
2026-09-18 10:41:22 |   Val AUC improved to 0.9960, model saved
2026-09-18 10:41:29 | Epoch   3/100 | Train Loss 0.3738 Acc 0.8966 | Val Loss 0.7531 Acc 0.8132 AUC 0.9959 Pre 0.8168 Rec 0.8108
2026-09-18 10:41:35 | Epoch   4/100 | Train Loss 0.2937 Acc 0.9197 | Val Loss 0.8314 Acc 0.8147 AUC 0.9959 Pre 0.8224 Rec 0.8121
2026-09-18 10:41:42 | Epoch   5/100 | Train Loss 0.2703 Acc 0.9274 | Val Loss 0.8711 Acc 0.8125 AUC 0.9953 Pre 0.8161 Rec 0.8095
2026-09-18 10:41:49 | Epoch   6/100 | Train Loss 0.2580 Acc 0.9309 | Val Loss 0.9198 Acc 0.8123 AUC 0.9953 Pre 0.8180 Rec 0.8088
2026-09-18 10:41:55 | Epoch   7/100 | Train Loss 0.2488 Acc 0.9354 | Val Loss 0.9575 Acc 0.8090 AUC 0.9950 Pre 0.8129 Rec 0.8065
2026-09-18 10:42:01 | Epoch   8/100 | Train Loss 0.2592 Acc 0.9363 | Val Loss 1.0346 Acc 0.8049 AUC 0.9945 Pre 0.8117 Rec 0.8013
2026-09-18 10:42:08 | Epoch   9/100 | Train Loss 39371606105973209574670336.0000 Acc 0.3956 | Val Loss 9.4700 Acc 0.2746 AUC 0.8537 Pre 0.3765 Rec 0.2723
2026-09-18 10:42:15 | Epoch  10/100 | Train Loss 12.5538 Acc 0.2601 | Val Loss 3.3467 Acc 0.3551 AUC 0.9250 Pre 0.4475 Rec 0.3514
2026-09-18 10:42:21 | Epoch  11/100 | Train Loss 4.5522 Acc 0.3299 | Val Loss 2.4598 Acc 0.4365 AUC 0.9583 Pre 0.5086 Rec 0.4336
2026-09-18 10:42:28 | Epoch  12/100 | Train Loss 883207.9509 Acc 0.3520 | Val Loss 3.9091 Acc 0.3987 AUC 0.9256 Pre 0.4944 Rec 0.3940
2026-09-18 10:42:28 | Val AUC did not improve for 10 consecutive epochs, early stopping at Epoch 12 (best AUC 0.9960 @ Epoch 2)
2026-09-18 10:42:30 | Run 1/5 | Test (best model @ Epoch 2) | Loss 0.7246 Acc 0.8098 AUC 0.9961 Pre 0.8137 Rec 0.8070
2026-09-18 10:42:30 | ===== Run 2/5 (seed 1) =====
2026-09-18 10:42:36 | Epoch   1/100 | Train Loss 1.8314 Acc 0.6261 | Val Loss 0.7653 Acc 0.7894 AUC 0.9956 Pre 0.7968 Rec 0.7868
2026-09-18 10:42:36 |   Val AUC improved to 0.9956, model saved
2026-09-18 10:42:42 | Epoch   2/100 | Train Loss 0.5893 Acc 0.8373 | Val Loss 0.7308 Acc 0.8070 AUC 0.9961 Pre 0.8126 Rec 0.8033
2026-09-18 10:42:42 |   Val AUC improved to 0.9961, model saved
2026-09-18 10:42:48 | Epoch   3/100 | Train Loss 0.3762 Acc 0.8953 | Val Loss 0.7455 Acc 0.8162 AUC 0.9961 Pre 0.8213 Rec 0.8122
2026-09-18 10:42:55 | Epoch   4/100 | Train Loss 0.2934 Acc 0.9203 | Val Loss 0.8244 Acc 0.8122 AUC 0.9958 Pre 0.8160 Rec 0.8100
2026-09-18 10:43:02 | Epoch   5/100 | Train Loss 0.2595 Acc 0.9301 | Val Loss 0.8690 Acc 0.8148 AUC 0.9955 Pre 0.8167 Rec 0.8115
2026-09-18 10:43:08 | Epoch   6/100 | Train Loss 0.2516 Acc 0.9337 | Val Loss 0.9209 Acc 0.8130 AUC 0.9953 Pre 0.8156 Rec 0.8104
2026-09-18 10:43:15 | Epoch   7/100 | Train Loss 0.2492 Acc 0.9364 | Val Loss 0.9720 Acc 0.8124 AUC 0.9951 Pre 0.8157 Rec 0.8093
2026-09-18 10:43:21 | Epoch   8/100 | Train Loss 0.2457 Acc 0.9398 | Val Loss 1.0513 Acc 0.8031 AUC 0.9946 Pre 0.8088 Rec 0.8001
2026-09-18 10:43:28 | Epoch   9/100 | Train Loss 0.2517 Acc 0.9385 | Val Loss 1.0725 Acc 0.8046 AUC 0.9946 Pre 0.8104 Rec 0.8020
2026-09-18 10:43:35 | Epoch  10/100 | Train Loss 0.2980 Acc 0.9293 | Val Loss 1.0812 Acc 0.8035 AUC 0.9941 Pre 0.8079 Rec 0.8010
2026-09-18 10:43:41 | Epoch  11/100 | Train Loss 3801.2444 Acc 0.7754 | Val Loss 31.4680 Acc 0.2887 AUC 0.8253 Pre 0.4061 Rec 0.2864
2026-09-18 10:43:47 | Epoch  12/100 | Train Loss 1059619086585.1035 Acc 0.2230 | Val Loss 6.1580 Acc 0.3346 AUC 0.8899 Pre 0.4362 Rec 0.3314
2026-09-18 10:43:47 | Val AUC did not improve for 10 consecutive epochs, early stopping at Epoch 12 (best AUC 0.9961 @ Epoch 2)
2026-09-18 10:43:49 | Run 2/5 | Test (best model @ Epoch 2) | Loss 0.7226 Acc 0.8102 AUC 0.9962 Pre 0.8161 Rec 0.8065
2026-09-18 10:43:49 | ===== Run 3/5 (seed 2) =====
2026-09-18 10:43:55 | Epoch   1/100 | Train Loss 1.8293 Acc 0.6289 | Val Loss 0.7637 Acc 0.7915 AUC 0.9957 Pre 0.8007 Rec 0.7887
2026-09-18 10:43:55 |   Val AUC improved to 0.9957, model saved
2026-09-18 10:44:01 | Epoch   2/100 | Train Loss 0.5875 Acc 0.8394 | Val Loss 0.7229 Acc 0.8096 AUC 0.9962 Pre 0.8175 Rec 0.8050
2026-09-18 10:44:02 |   Val AUC improved to 0.9962, model saved
2026-09-18 10:44:08 | Epoch   3/100 | Train Loss 0.3783 Acc 0.8932 | Val Loss 0.7636 Acc 0.8153 AUC 0.9960 Pre 0.8198 Rec 0.8118
2026-09-18 10:44:16 | Epoch   4/100 | Train Loss 0.2985 Acc 0.9191 | Val Loss 0.8259 Acc 0.8146 AUC 0.9957 Pre 0.8181 Rec 0.8121
2026-09-18 10:44:22 | Epoch   5/100 | Train Loss 0.2661 Acc 0.9291 | Val Loss 0.8564 Acc 0.8160 AUC 0.9956 Pre 0.8190 Rec 0.8132
2026-09-18 10:44:28 | Epoch   6/100 | Train Loss 0.2589 Acc 0.9320 | Val Loss 0.9017 Acc 0.8142 AUC 0.9955 Pre 0.8168 Rec 0.8110
2026-09-18 10:44:35 | Epoch   7/100 | Train Loss 0.2497 Acc 0.9368 | Val Loss 0.9792 Acc 0.8083 AUC 0.9951 Pre 0.8140 Rec 0.8053
2026-09-18 10:45:19 | Device: cuda
2026-09-18 10:45:19 | Args: {'model': 'opb-noorth', 'backbone': 'mlp', 'task': 'imagenet100', 'epochs': 100, 'batch_size': 512, 'lr': 0.001, 'hidden_dims': [512, 256], 'dropout': 0.2, 'z_dim': 256, 'anchor_scale': 4.0, 'energy_classifier': False, 'tied_head': False, 'max_len': 250, 'random_labels': False, 'beta': 0.0001, 'patience': 10, 'runs': 5, 'seed': 0, 'data_dir': './data', 'save_path': 'output/imagenet100_mlp_opb-noorth/imagenet100_mlp_opb-noorth.pt', 'log_path': '/root/autodl-tmp/IB/output/ablation/imagenet100_mlp_opb-noorth_beta_0.0001_anchor_4/train.log', 'no_save': True}
2026-09-18 10:45:19 | ImageNet-100 特征：使用 4×4 空间池化文件 ./data/imagenet100/imagenet100_resnet50_layer3_pool4_features.npz
2026-09-18 10:45:19 | ImageNet-100 预处理缓存：mmap 共享 ./data/imagenet100/preprocessed_pool4
2026-09-18 10:45:19 | ===== Run 1/5 (seed 0) =====
2026-09-18 10:45:32 | Epoch   1/100 | Train Loss 1.8182 Acc 0.6287 | Val Loss 0.7705 Acc 0.7889 AUC 0.9956 Pre 0.7981 Rec 0.7863
2026-09-18 10:45:32 |   Val AUC improved to 0.9956, model saved
2026-09-18 10:45:40 | Epoch   2/100 | Train Loss 0.5840 Acc 0.8397 | Val Loss 0.7278 Acc 0.8099 AUC 0.9960 Pre 0.8142 Rec 0.8069
2026-09-18 10:45:40 |   Val AUC improved to 0.9960, model saved
2026-09-18 10:45:49 | Epoch   3/100 | Train Loss 0.3738 Acc 0.8966 | Val Loss 0.7531 Acc 0.8132 AUC 0.9959 Pre 0.8168 Rec 0.8108
2026-09-18 10:45:57 | Epoch   4/100 | Train Loss 0.2937 Acc 0.9197 | Val Loss 0.8314 Acc 0.8147 AUC 0.9959 Pre 0.8224 Rec 0.8121
2026-09-18 10:46:05 | Epoch   5/100 | Train Loss 0.2703 Acc 0.9274 | Val Loss 0.8711 Acc 0.8125 AUC 0.9953 Pre 0.8161 Rec 0.8095
2026-09-18 10:46:13 | Epoch   6/100 | Train Loss 0.2580 Acc 0.9309 | Val Loss 0.9198 Acc 0.8123 AUC 0.9953 Pre 0.8180 Rec 0.8088
2026-09-18 10:46:22 | Epoch   7/100 | Train Loss 0.2488 Acc 0.9354 | Val Loss 0.9575 Acc 0.8090 AUC 0.9950 Pre 0.8129 Rec 0.8065
2026-09-18 10:46:30 | Epoch   8/100 | Train Loss 0.2592 Acc 0.9363 | Val Loss 1.0346 Acc 0.8049 AUC 0.9945 Pre 0.8117 Rec 0.8013
2026-09-18 10:46:39 | Epoch   9/100 | Train Loss 39371606105973209574670336.0000 Acc 0.3956 | Val Loss 9.4700 Acc 0.2746 AUC 0.8537 Pre 0.3765 Rec 0.2723
2026-09-18 10:46:47 | Epoch  10/100 | Train Loss 12.5538 Acc 0.2601 | Val Loss 3.3467 Acc 0.3551 AUC 0.9250 Pre 0.4475 Rec 0.3514
2026-09-18 10:46:55 | Epoch  11/100 | Train Loss 4.5522 Acc 0.3299 | Val Loss 2.4598 Acc 0.4365 AUC 0.9583 Pre 0.5086 Rec 0.4336
2026-09-18 10:47:02 | Epoch  12/100 | Train Loss 883207.9509 Acc 0.3520 | Val Loss 3.9091 Acc 0.3987 AUC 0.9256 Pre 0.4944 Rec 0.3940
2026-09-18 10:47:02 | Val AUC did not improve for 10 consecutive epochs, early stopping at Epoch 12 (best AUC 0.9960 @ Epoch 2)
2026-09-18 10:47:05 | Run 1/5 | Test (best model @ Epoch 2) | Loss 0.7246 Acc 0.8098 AUC 0.9961 Pre 0.8137 Rec 0.8070
2026-09-18 10:47:05 | ===== Run 2/5 (seed 1) =====
2026-09-18 10:47:12 | Epoch   1/100 | Train Loss 1.8314 Acc 0.6261 | Val Loss 0.7653 Acc 0.7894 AUC 0.9956 Pre 0.7968 Rec 0.7868
2026-09-18 10:47:12 |   Val AUC improved to 0.9956, model saved
2026-09-18 10:47:21 | Epoch   2/100 | Train Loss 0.5893 Acc 0.8373 | Val Loss 0.7308 Acc 0.8070 AUC 0.9961 Pre 0.8126 Rec 0.8033
2026-09-18 10:47:21 |   Val AUC improved to 0.9961, model saved
2026-09-18 10:47:29 | Epoch   3/100 | Train Loss 0.3762 Acc 0.8953 | Val Loss 0.7455 Acc 0.8162 AUC 0.9961 Pre 0.8213 Rec 0.8122
2026-09-18 10:47:37 | Epoch   4/100 | Train Loss 0.2934 Acc 0.9203 | Val Loss 0.8244 Acc 0.8122 AUC 0.9958 Pre 0.8160 Rec 0.8100
2026-09-18 10:47:46 | Epoch   5/100 | Train Loss 0.2595 Acc 0.9301 | Val Loss 0.8690 Acc 0.8148 AUC 0.9955 Pre 0.8167 Rec 0.8115
2026-09-18 10:47:54 | Epoch   6/100 | Train Loss 0.2516 Acc 0.9337 | Val Loss 0.9209 Acc 0.8130 AUC 0.9953 Pre 0.8156 Rec 0.8104
2026-09-18 10:48:02 | Epoch   7/100 | Train Loss 0.2492 Acc 0.9364 | Val Loss 0.9720 Acc 0.8124 AUC 0.9951 Pre 0.8157 Rec 0.8093
2026-09-18 10:48:10 | Epoch   8/100 | Train Loss 0.2457 Acc 0.9398 | Val Loss 1.0513 Acc 0.8031 AUC 0.9946 Pre 0.8088 Rec 0.8001
2026-09-18 10:48:19 | Epoch   9/100 | Train Loss 0.2517 Acc 0.9385 | Val Loss 1.0725 Acc 0.8046 AUC 0.9946 Pre 0.8104 Rec 0.8020
2026-09-18 10:48:27 | Epoch  10/100 | Train Loss 0.2980 Acc 0.9293 | Val Loss 1.0812 Acc 0.8035 AUC 0.9941 Pre 0.8079 Rec 0.8010
2026-09-18 10:48:35 | Epoch  11/100 | Train Loss 3801.2444 Acc 0.7754 | Val Loss 31.4680 Acc 0.2887 AUC 0.8253 Pre 0.4061 Rec 0.2864
2026-09-18 10:48:43 | Epoch  12/100 | Train Loss 1059619086585.1035 Acc 0.2230 | Val Loss 6.1580 Acc 0.3346 AUC 0.8899 Pre 0.4362 Rec 0.3314
2026-09-18 10:48:43 | Val AUC did not improve for 10 consecutive epochs, early stopping at Epoch 12 (best AUC 0.9961 @ Epoch 2)
2026-09-18 10:48:45 | Run 2/5 | Test (best model @ Epoch 2) | Loss 0.7226 Acc 0.8102 AUC 0.9962 Pre 0.8161 Rec 0.8065
2026-09-18 10:48:45 | ===== Run 3/5 (seed 2) =====
2026-09-18 10:48:53 | Epoch   1/100 | Train Loss 1.8293 Acc 0.6289 | Val Loss 0.7637 Acc 0.7915 AUC 0.9957 Pre 0.8007 Rec 0.7887
2026-09-18 10:48:53 |   Val AUC improved to 0.9957, model saved
2026-09-18 10:49:00 | Epoch   2/100 | Train Loss 0.5875 Acc 0.8394 | Val Loss 0.7229 Acc 0.8096 AUC 0.9962 Pre 0.8175 Rec 0.8050
2026-09-18 10:49:00 |   Val AUC improved to 0.9962, model saved
2026-09-18 10:49:09 | Epoch   3/100 | Train Loss 0.3783 Acc 0.8932 | Val Loss 0.7636 Acc 0.8153 AUC 0.9960 Pre 0.8198 Rec 0.8118
2026-09-18 10:49:17 | Epoch   4/100 | Train Loss 0.2985 Acc 0.9191 | Val Loss 0.8259 Acc 0.8146 AUC 0.9957 Pre 0.8181 Rec 0.8121
2026-09-18 10:49:25 | Epoch   5/100 | Train Loss 0.2661 Acc 0.9291 | Val Loss 0.8564 Acc 0.8160 AUC 0.9956 Pre 0.8190 Rec 0.8132
2026-09-18 10:49:33 | Epoch   6/100 | Train Loss 0.2589 Acc 0.9320 | Val Loss 0.9017 Acc 0.8142 AUC 0.9955 Pre 0.8168 Rec 0.8110
2026-09-18 10:49:42 | Epoch   7/100 | Train Loss 0.2497 Acc 0.9368 | Val Loss 0.9792 Acc 0.8083 AUC 0.9951 Pre 0.8140 Rec 0.8053
2026-09-18 10:49:51 | Epoch   8/100 | Train Loss 0.2694 Acc 0.9321 | Val Loss 1.0062 Acc 0.8074 AUC 0.9947 Pre 0.8126 Rec 0.8043
2026-09-18 10:49:59 | Epoch   9/100 | Train Loss 0.3501 Acc 0.9176 | Val Loss 1.0681 Acc 0.7987 AUC 0.9941 Pre 0.8022 Rec 0.7954
2026-09-18 10:50:07 | Epoch  10/100 | Train Loss 0.6904 Acc 0.9276 | Val Loss 2.1481 Acc 0.7208 AUC 0.9835 Pre 0.7535 Rec 0.7192
2026-09-18 10:50:15 | Epoch  11/100 | Train Loss 281332882330751.2500 Acc 0.3076 | Val Loss 12.0237 Acc 0.2859 AUC 0.8672 Pre 0.3744 Rec 0.2839
2026-09-18 10:50:23 | Epoch  12/100 | Train Loss 20.1152 Acc 0.2774 | Val Loss 3.2398 Acc 0.4007 AUC 0.9368 Pre 0.5052 Rec 0.3976
2026-09-18 10:50:23 | Val AUC did not improve for 10 consecutive epochs, early stopping at Epoch 12 (best AUC 0.9962 @ Epoch 2)
2026-09-18 10:50:25 | Run 3/5 | Test (best model @ Epoch 2) | Loss 0.7294 Acc 0.8073 AUC 0.9962 Pre 0.8137 Rec 0.8028
2026-09-18 10:50:25 | ===== Run 4/5 (seed 3) =====
2026-09-18 10:50:34 | Epoch   1/100 | Train Loss 1.8129 Acc 0.6290 | Val Loss 0.7678 Acc 0.7898 AUC 0.9957 Pre 0.7963 Rec 0.7864
2026-09-18 10:50:35 |   Val AUC improved to 0.9957, model saved
2026-09-18 10:50:43 | Epoch   2/100 | Train Loss 0.5921 Acc 0.8376 | Val Loss 0.7295 Acc 0.8100 AUC 0.9962 Pre 0.8179 Rec 0.8053
2026-09-18 10:50:43 |   Val AUC improved to 0.9962, model saved
2026-09-18 10:50:50 | Epoch   3/100 | Train Loss 0.3793 Acc 0.8945 | Val Loss 0.7520 Acc 0.8157 AUC 0.9961 Pre 0.8179 Rec 0.8132
2026-09-18 10:50:58 | Epoch   4/100 | Train Loss 0.2865 Acc 0.9222 | Val Loss 0.8110 Acc 0.8155 AUC 0.9959 Pre 0.8175 Rec 0.8130
2026-09-18 10:51:07 | Epoch   5/100 | Train Loss 0.2631 Acc 0.9299 | Val Loss 0.8791 Acc 0.8099 AUC 0.9954 Pre 0.8145 Rec 0.8069
2026-09-18 10:51:15 | Epoch   6/100 | Train Loss 0.2628 Acc 0.9311 | Val Loss 0.9316 Acc 0.8088 AUC 0.9953 Pre 0.8136 Rec 0.8051
2026-09-18 10:51:23 | Epoch   7/100 | Train Loss 0.2475 Acc 0.9368 | Val Loss 0.9760 Acc 0.8101 AUC 0.9951 Pre 0.8137 Rec 0.8074
2026-09-18 10:51:32 | Epoch   8/100 | Train Loss 0.2385 Acc 0.9400 | Val Loss 0.9911 Acc 0.8095 AUC 0.9951 Pre 0.8145 Rec 0.8054
2026-09-18 10:51:39 | Epoch   9/100 | Train Loss 0.2719 Acc 0.9342 | Val Loss 1.0525 Acc 0.8063 AUC 0.9944 Pre 0.8092 Rec 0.8033
2026-09-18 10:51:48 | Epoch  10/100 | Train Loss 0.3527 Acc 0.9192 | Val Loss 1.2167 Acc 0.7880 AUC 0.9932 Pre 0.7950 Rec 0.7851
2026-09-18 10:51:56 | Epoch  11/100 | Train Loss 5341235576259239535968256.0000 Acc 0.5865 | Val Loss 16.6100 Acc 0.3213 AUC 0.8442 Pre 0.4531 Rec 0.3186
2026-09-18 10:52:05 | Epoch  12/100 | Train Loss 18.7723 Acc 0.3065 | Val Loss 3.1425 Acc 0.4290 AUC 0.9356 Pre 0.5224 Rec 0.4268
2026-09-18 10:52:05 | Val AUC did not improve for 10 consecutive epochs, early stopping at Epoch 12 (best AUC 0.9962 @ Epoch 2)
2026-09-18 10:52:07 | Run 4/5 | Test (best model @ Epoch 2) | Loss 0.7239 Acc 0.8127 AUC 0.9963 Pre 0.8206 Rec 0.8080
2026-09-18 10:52:07 | ===== Run 5/5 (seed 4) =====
2026-09-18 10:52:15 | Epoch   1/100 | Train Loss 1.8240 Acc 0.6269 | Val Loss 0.7549 Acc 0.7944 AUC 0.9957 Pre 0.8008 Rec 0.7916
2026-09-18 10:52:15 |   Val AUC improved to 0.9957, model saved
2026-09-18 10:52:24 | Epoch   2/100 | Train Loss 0.5862 Acc 0.8395 | Val Loss 0.7291 Acc 0.8092 AUC 0.9961 Pre 0.8147 Rec 0.8057
2026-09-18 10:52:24 |   Val AUC improved to 0.9961, model saved
2026-09-18 10:52:32 | Epoch   3/100 | Train Loss 0.3736 Acc 0.8958 | Val Loss 0.7482 Acc 0.8149 AUC 0.9960 Pre 0.8217 Rec 0.8106
2026-09-18 10:52:40 | Epoch   4/100 | Train Loss 0.2925 Acc 0.9199 | Val Loss 0.8058 Acc 0.8183 AUC 0.9959 Pre 0.8214 Rec 0.8155
2026-09-18 10:52:49 | Epoch   5/100 | Train Loss 0.2672 Acc 0.9286 | Val Loss 0.8424 Acc 0.8170 AUC 0.9957 Pre 0.8186 Rec 0.8142
2026-09-18 10:52:57 | Epoch   6/100 | Train Loss 0.2631 Acc 0.9305 | Val Loss 0.8745 Acc 0.8149 AUC 0.9955 Pre 0.8175 Rec 0.8125
2026-09-18 10:53:06 | Epoch   7/100 | Train Loss 0.2425 Acc 0.9372 | Val Loss 0.9749 Acc 0.8056 AUC 0.9949 Pre 0.8094 Rec 0.8020
2026-09-18 10:53:15 | Epoch   8/100 | Train Loss 0.2580 Acc 0.9362 | Val Loss 1.0218 Acc 0.8054 AUC 0.9948 Pre 0.8120 Rec 0.8031
2026-09-18 10:53:23 | Epoch   9/100 | Train Loss 0.2542 Acc 0.9377 | Val Loss 1.0318 Acc 0.8062 AUC 0.9946 Pre 0.8112 Rec 0.8033
2026-09-18 10:53:31 | Epoch  10/100 | Train Loss 0.2397 Acc 0.9425 | Val Loss 1.0507 Acc 0.8065 AUC 0.9945 Pre 0.8098 Rec 0.8032
2026-09-18 10:53:40 | Epoch  11/100 | Train Loss 0.4113 Acc 0.9079 | Val Loss 1.1303 Acc 0.7897 AUC 0.9936 Pre 0.7975 Rec 0.7852
2026-09-18 10:53:48 | Epoch  12/100 | Train Loss 212526.3902 Acc 0.5184 | Val Loss 13.4141 Acc 0.3049 AUC 0.8974 Pre 0.4110 Rec 0.3020
2026-09-18 10:53:48 | Val AUC did not improve for 10 consecutive epochs, early stopping at Epoch 12 (best AUC 0.9961 @ Epoch 2)
2026-09-18 10:53:50 | Run 5/5 | Test (best model @ Epoch 2) | Loss 0.7230 Acc 0.8112 AUC 0.9962 Pre 0.8170 Rec 0.8079
2026-09-18 10:53:50 | Average over 5 runs | Test Loss 0.7247±0.0028 Acc 0.8102±0.0020 AUC 0.9962±0.0001 Pre 0.8162±0.0028 Rec 0.8064±0.0021
