2026-08-30 04:41:54 | Device: cuda
2026-08-30 04:41:54 | Args: {'model': 'fgib', 'backbone': 'cnn', 'task': 'imagenet100', 'epochs': 100, 'batch_size': 512, 'lr': 0.001, 'hidden_dims': [512, 256], 'dropout': 0.2, 'z_dim': 256, 'anchor_scale': 4.0, 'anchor_geometry': 'qr', 'max_len': 250, 'random_labels': False, 'beta': 0.01, 'patience': 10, 'runs': 5, 'seed': 0, 'data_dir': './data', 'save_path': 'output/imagenet100_cnn_fgib/imagenet100_cnn_fgib.pt', 'log_path': '/root/autodl-tmp/FGIB/tune_results_ablation/hdirect_all/imagenet100_cnn_fgib_beta_0.01_anchor_4/train.log', 'no_save': True, 'freeze_a': False, 'a_identity': True, 'cosine_classifier': False, 'log_variance_stats': False, 'subject_disjoint': False}
2026-08-30 04:41:54 | ImageNet-100 特征：使用 4×4 空间池化文件 ./data/imagenet100/imagenet100_resnet50_layer3_pool4_features.npz
2026-08-30 04:41:54 | ImageNet-100 预处理缓存：mmap 共享 ./data/imagenet100/preprocessed_pool4
2026-08-30 04:41:54 | ===== Run 1/5 (seed 0) =====
2026-08-30 04:42:02 | Epoch   1/100 | Train Loss 2.3397 Acc 0.6575 | Val Loss 1.3199 Acc 0.8051 AUC 0.9953 Pre 0.8120 Rec 0.8007
2026-08-30 04:42:02 |   Val AUC improved to 0.9953, model saved
2026-08-30 04:42:08 | Epoch   2/100 | Train Loss 1.1071 Acc 0.8568 | Val Loss 0.9948 Acc 0.8337 AUC 0.9963 Pre 0.8374 Rec 0.8294
2026-08-30 04:42:08 |   Val AUC improved to 0.9963, model saved
2026-08-30 04:42:14 | Epoch   3/100 | Train Loss 0.7613 Acc 0.9078 | Val Loss 0.8902 Acc 0.8373 AUC 0.9962 Pre 0.8411 Rec 0.8344
2026-08-30 04:42:19 | Epoch   4/100 | Train Loss 0.5608 Acc 0.9437 | Val Loss 0.8411 Acc 0.8438 AUC 0.9958 Pre 0.8477 Rec 0.8403
2026-08-30 04:42:25 | Epoch   5/100 | Train Loss 0.4313 Acc 0.9671 | Val Loss 0.7972 Acc 0.8471 AUC 0.9957 Pre 0.8498 Rec 0.8434
2026-08-30 04:42:31 | Epoch   6/100 | Train Loss 0.3356 Acc 0.9833 | Val Loss 0.7902 Acc 0.8449 AUC 0.9955 Pre 0.8488 Rec 0.8419
2026-08-30 04:42:37 | Epoch   7/100 | Train Loss 0.2769 Acc 0.9909 | Val Loss 0.7564 Acc 0.8502 AUC 0.9953 Pre 0.8502 Rec 0.8472
2026-08-30 04:42:43 | Epoch   8/100 | Train Loss 0.2320 Acc 0.9956 | Val Loss 0.7413 Acc 0.8513 AUC 0.9951 Pre 0.8513 Rec 0.8484
2026-08-30 04:42:50 | Epoch   9/100 | Train Loss 0.1998 Acc 0.9980 | Val Loss 0.7286 Acc 0.8513 AUC 0.9952 Pre 0.8516 Rec 0.8480
2026-08-30 04:42:56 | Epoch  10/100 | Train Loss 0.1779 Acc 0.9989 | Val Loss 0.7200 Acc 0.8553 AUC 0.9948 Pre 0.8563 Rec 0.8518
2026-08-30 04:43:02 | Epoch  11/100 | Train Loss 0.1670 Acc 0.9983 | Val Loss 0.7190 Acc 0.8533 AUC 0.9947 Pre 0.8521 Rec 0.8501
2026-08-30 04:43:08 | Epoch  12/100 | Train Loss 0.1606 Acc 0.9984 | Val Loss 0.7660 Acc 0.8462 AUC 0.9939 Pre 0.8484 Rec 0.8436
2026-08-30 04:43:08 | Val AUC did not improve for 10 consecutive epochs, early stopping at Epoch 12 (best AUC 0.9963 @ Epoch 2)
2026-08-30 04:43:10 | Run 1/5 | Test (best model @ Epoch 2) | Loss 0.9889 Acc 0.8321 AUC 0.9965 Pre 0.8358 Rec 0.8281
2026-08-30 04:43:10 | ===== Run 2/5 (seed 1) =====
2026-08-30 04:43:16 | Epoch   1/100 | Train Loss 2.3449 Acc 0.6551 | Val Loss 1.3146 Acc 0.8106 AUC 0.9956 Pre 0.8166 Rec 0.8056
2026-08-30 04:43:16 |   Val AUC improved to 0.9956, model saved
2026-08-30 04:43:22 | Epoch   2/100 | Train Loss 1.1081 Acc 0.8575 | Val Loss 1.0065 Acc 0.8351 AUC 0.9964 Pre 0.8376 Rec 0.8321
2026-08-30 04:43:22 |   Val AUC improved to 0.9964, model saved
2026-08-30 04:43:28 | Epoch   3/100 | Train Loss 0.7624 Acc 0.9091 | Val Loss 0.8913 Acc 0.8395 AUC 0.9962 Pre 0.8442 Rec 0.8363
2026-08-30 04:43:35 | Epoch   4/100 | Train Loss 0.5707 Acc 0.9423 | Val Loss 0.8453 Acc 0.8424 AUC 0.9959 Pre 0.8449 Rec 0.8385
2026-08-30 04:43:41 | Epoch   5/100 | Train Loss 0.4350 Acc 0.9677 | Val Loss 0.8018 Acc 0.8492 AUC 0.9957 Pre 0.8520 Rec 0.8459
2026-08-30 04:43:47 | Epoch   6/100 | Train Loss 0.3407 Acc 0.9831 | Val Loss 0.7715 Acc 0.8511 AUC 0.9958 Pre 0.8522 Rec 0.8476
2026-08-30 04:43:53 | Epoch   7/100 | Train Loss 0.2818 Acc 0.9904 | Val Loss 0.7787 Acc 0.8454 AUC 0.9951 Pre 0.8500 Rec 0.8417
2026-08-30 04:43:59 | Epoch   8/100 | Train Loss 0.2430 Acc 0.9943 | Val Loss 0.7675 Acc 0.8485 AUC 0.9947 Pre 0.8525 Rec 0.8445
2026-08-30 04:44:06 | Epoch   9/100 | Train Loss 0.2066 Acc 0.9975 | Val Loss 0.7522 Acc 0.8493 AUC 0.9947 Pre 0.8524 Rec 0.8464
2026-08-30 04:44:13 | Epoch  10/100 | Train Loss 0.1870 Acc 0.9979 | Val Loss 0.7567 Acc 0.8492 AUC 0.9939 Pre 0.8524 Rec 0.8460
2026-08-30 04:44:19 | Epoch  11/100 | Train Loss 0.1956 Acc 0.9944 | Val Loss 0.8645 Acc 0.8271 AUC 0.9926 Pre 0.8322 Rec 0.8239
2026-08-30 04:44:25 | Epoch  12/100 | Train Loss 0.3944 Acc 0.9492 | Val Loss 1.0421 Acc 0.8046 AUC 0.9899 Pre 0.8124 Rec 0.8005
2026-08-30 04:44:25 | Val AUC did not improve for 10 consecutive epochs, early stopping at Epoch 12 (best AUC 0.9964 @ Epoch 2)
2026-08-30 04:44:27 | Run 2/5 | Test (best model @ Epoch 2) | Loss 1.0055 Acc 0.8354 AUC 0.9965 Pre 0.8390 Rec 0.8325
2026-08-30 04:44:27 | ===== Run 3/5 (seed 2) =====
2026-08-30 04:44:33 | Epoch   1/100 | Train Loss 2.3206 Acc 0.6538 | Val Loss 1.3180 Acc 0.8048 AUC 0.9956 Pre 0.8116 Rec 0.8005
2026-08-30 04:44:33 |   Val AUC improved to 0.9956, model saved
2026-08-30 04:44:39 | Epoch   2/100 | Train Loss 1.0929 Acc 0.8577 | Val Loss 0.9966 Acc 0.8333 AUC 0.9964 Pre 0.8384 Rec 0.8292
2026-08-30 04:44:39 |   Val AUC improved to 0.9964, model saved
2026-08-30 04:44:45 | Epoch   3/100 | Train Loss 0.7567 Acc 0.9096 | Val Loss 0.8925 Acc 0.8386 AUC 0.9963 Pre 0.8427 Rec 0.8353
2026-08-30 04:44:51 | Epoch   4/100 | Train Loss 0.5573 Acc 0.9448 | Val Loss 0.8529 Acc 0.8410 AUC 0.9957 Pre 0.8464 Rec 0.8384
2026-08-30 04:44:58 | Epoch   5/100 | Train Loss 0.4271 Acc 0.9683 | Val Loss 0.7963 Acc 0.8472 AUC 0.9957 Pre 0.8485 Rec 0.8446
2026-08-30 04:45:04 | Epoch   6/100 | Train Loss 0.3393 Acc 0.9832 | Val Loss 0.7898 Acc 0.8469 AUC 0.9951 Pre 0.8496 Rec 0.8437
2026-08-30 04:45:10 | Epoch   7/100 | Train Loss 0.2771 Acc 0.9912 | Val Loss 0.7658 Acc 0.8510 AUC 0.9952 Pre 0.8542 Rec 0.8481
2026-08-30 04:45:16 | Epoch   8/100 | Train Loss 0.2359 Acc 0.9955 | Val Loss 0.7458 Acc 0.8502 AUC 0.9950 Pre 0.8531 Rec 0.8474
2026-08-30 04:45:22 | Epoch   9/100 | Train Loss 0.2008 Acc 0.9979 | Val Loss 0.7231 Acc 0.8571 AUC 0.9951 Pre 0.8559 Rec 0.8543
2026-08-30 04:45:28 | Epoch  10/100 | Train Loss 0.1788 Acc 0.9986 | Val Loss 0.7320 Acc 0.8542 AUC 0.9948 Pre 0.8551 Rec 0.8515
2026-08-30 04:45:34 | Epoch  11/100 | Train Loss 0.1629 Acc 0.9991 | Val Loss 0.7228 Acc 0.8545 AUC 0.9948 Pre 0.8550 Rec 0.8518
2026-08-30 04:45:40 | Epoch  12/100 | Train Loss 0.1484 Acc 0.9994 | Val Loss 0.7136 Acc 0.8569 AUC 0.9946 Pre 0.8572 Rec 0.8538
2026-08-30 04:45:40 | Val AUC did not improve for 10 consecutive epochs, early stopping at Epoch 12 (best AUC 0.9964 @ Epoch 2)
2026-08-30 04:45:42 | Run 3/5 | Test (best model @ Epoch 2) | Loss 0.9927 Acc 0.8351 AUC 0.9965 Pre 0.8420 Rec 0.8314
2026-08-30 04:45:42 | ===== Run 4/5 (seed 3) =====
2026-08-30 04:45:48 | Epoch   1/100 | Train Loss 2.3418 Acc 0.6559 | Val Loss 1.3204 Acc 0.8067 AUC 0.9956 Pre 0.8105 Rec 0.8036
2026-08-30 04:45:48 |   Val AUC improved to 0.9956, model saved
2026-08-30 04:45:55 | Epoch   2/100 | Train Loss 1.1037 Acc 0.8568 | Val Loss 1.0120 Acc 0.8314 AUC 0.9963 Pre 0.8357 Rec 0.8288
2026-08-30 04:45:55 |   Val AUC improved to 0.9963, model saved
2026-08-30 04:46:01 | Epoch   3/100 | Train Loss 0.7650 Acc 0.9083 | Val Loss 0.8999 Acc 0.8392 AUC 0.9962 Pre 0.8430 Rec 0.8357
2026-08-30 04:46:07 | Epoch   4/100 | Train Loss 0.5653 Acc 0.9445 | Val Loss 0.8425 Acc 0.8437 AUC 0.9961 Pre 0.8478 Rec 0.8413
2026-08-30 04:46:13 | Epoch   5/100 | Train Loss 0.4337 Acc 0.9685 | Val Loss 0.7969 Acc 0.8488 AUC 0.9960 Pre 0.8515 Rec 0.8459
2026-08-30 04:46:18 | Epoch   6/100 | Train Loss 0.3445 Acc 0.9818 | Val Loss 0.7829 Acc 0.8493 AUC 0.9953 Pre 0.8511 Rec 0.8463
2026-08-30 04:46:24 | Epoch   7/100 | Train Loss 0.2795 Acc 0.9913 | Val Loss 0.7643 Acc 0.8507 AUC 0.9952 Pre 0.8534 Rec 0.8476
2026-08-30 04:46:30 | Epoch   8/100 | Train Loss 0.2344 Acc 0.9957 | Val Loss 0.7484 Acc 0.8518 AUC 0.9950 Pre 0.8533 Rec 0.8493
2026-08-30 04:46:37 | Epoch   9/100 | Train Loss 0.2032 Acc 0.9980 | Val Loss 0.7321 Acc 0.8549 AUC 0.9949 Pre 0.8566 Rec 0.8523
2026-08-30 04:46:43 | Epoch  10/100 | Train Loss 0.1784 Acc 0.9988 | Val Loss 0.7476 Acc 0.8519 AUC 0.9941 Pre 0.8558 Rec 0.8485
2026-08-30 04:46:50 | Epoch  11/100 | Train Loss 0.1667 Acc 0.9985 | Val Loss 0.7460 Acc 0.8515 AUC 0.9940 Pre 0.8535 Rec 0.8486
2026-08-30 04:46:57 | Epoch  12/100 | Train Loss 0.1607 Acc 0.9983 | Val Loss 0.7710 Acc 0.8472 AUC 0.9934 Pre 0.8501 Rec 0.8436
2026-08-30 04:46:57 | Val AUC did not improve for 10 consecutive epochs, early stopping at Epoch 12 (best AUC 0.9963 @ Epoch 2)
2026-08-30 04:46:59 | Run 4/5 | Test (best model @ Epoch 2) | Loss 1.0116 Acc 0.8310 AUC 0.9963 Pre 0.8363 Rec 0.8285
2026-08-30 04:46:59 | ===== Run 5/5 (seed 4) =====
2026-08-30 04:47:05 | Epoch   1/100 | Train Loss 2.3327 Acc 0.6555 | Val Loss 1.3034 Acc 0.8088 AUC 0.9957 Pre 0.8129 Rec 0.8041
2026-08-30 04:47:05 |   Val AUC improved to 0.9957, model saved
2026-08-30 04:47:12 | Epoch   2/100 | Train Loss 1.1058 Acc 0.8569 | Val Loss 1.0087 Acc 0.8320 AUC 0.9964 Pre 0.8358 Rec 0.8286
2026-08-30 04:47:12 |   Val AUC improved to 0.9964, model saved
2026-08-30 04:47:19 | Epoch   3/100 | Train Loss 0.7600 Acc 0.9105 | Val Loss 0.9155 Acc 0.8324 AUC 0.9961 Pre 0.8419 Rec 0.8273
2026-08-30 04:47:25 | Epoch   4/100 | Train Loss 0.5595 Acc 0.9457 | Val Loss 0.8332 Acc 0.8440 AUC 0.9963 Pre 0.8467 Rec 0.8405
2026-08-30 04:47:32 | Epoch   5/100 | Train Loss 0.4303 Acc 0.9685 | Val Loss 0.8005 Acc 0.8479 AUC 0.9959 Pre 0.8500 Rec 0.8455
2026-08-30 04:47:38 | Epoch   6/100 | Train Loss 0.3403 Acc 0.9837 | Val Loss 0.7650 Acc 0.8511 AUC 0.9958 Pre 0.8528 Rec 0.8488
2026-08-30 04:47:44 | Epoch   7/100 | Train Loss 0.2719 Acc 0.9926 | Val Loss 0.7489 Acc 0.8505 AUC 0.9955 Pre 0.8519 Rec 0.8479
2026-08-30 04:47:50 | Epoch   8/100 | Train Loss 0.2287 Acc 0.9965 | Val Loss 0.7319 Acc 0.8538 AUC 0.9952 Pre 0.8547 Rec 0.8510
2026-08-30 04:47:56 | Epoch   9/100 | Train Loss 0.1990 Acc 0.9979 | Val Loss 0.7299 Acc 0.8565 AUC 0.9949 Pre 0.8572 Rec 0.8539
2026-08-30 04:48:02 | Epoch  10/100 | Train Loss 0.1790 Acc 0.9986 | Val Loss 0.7277 Acc 0.8547 AUC 0.9947 Pre 0.8572 Rec 0.8513
2026-08-30 04:48:09 | Epoch  11/100 | Train Loss 0.1647 Acc 0.9989 | Val Loss 0.7195 Acc 0.8546 AUC 0.9947 Pre 0.8552 Rec 0.8519
2026-08-30 04:48:15 | Epoch  12/100 | Train Loss 0.1514 Acc 0.9991 | Val Loss 0.7225 Acc 0.8543 AUC 0.9944 Pre 0.8554 Rec 0.8515
2026-08-30 04:48:15 | Val AUC did not improve for 10 consecutive epochs, early stopping at Epoch 12 (best AUC 0.9964 @ Epoch 2)
2026-08-30 04:48:16 | Run 5/5 | Test (best model @ Epoch 2) | Loss 1.0049 Acc 0.8340 AUC 0.9965 Pre 0.8382 Rec 0.8307
2026-08-30 04:48:16 | Average over 5 runs | Test Loss 1.0007±0.0095 Acc 0.8335±0.0019 AUC 0.9965±0.0001 Pre 0.8383±0.0025 Rec 0.8302±0.0019
