2026-09-18 10:41:06 | Device: cuda
2026-09-18 10:41:06 | Args: {'model': 'opb-noorth', 'backbone': 'mlp', 'task': 'imagenet100', 'epochs': 100, 'batch_size': 512, 'lr': 0.001, 'hidden_dims': [512, 256], 'dropout': 0.2, 'z_dim': 256, 'anchor_scale': 10.0, 'energy_classifier': False, 'tied_head': False, 'max_len': 250, 'random_labels': False, 'beta': 0.0001, 'patience': 10, 'runs': 5, 'seed': 0, 'data_dir': './data', 'save_path': 'output/imagenet100_mlp_opb-noorth/imagenet100_mlp_opb-noorth.pt', 'log_path': '/root/autodl-tmp/IB/output/ablation/imagenet100_mlp_opb-noorth_beta_0.0001_anchor_10/train.log', 'no_save': True}
2026-09-18 10:41:06 | ImageNet-100 特征：使用 4×4 空间池化文件 ./data/imagenet100/imagenet100_resnet50_layer3_pool4_features.npz
2026-09-18 10:41:06 | ImageNet-100 预处理缓存：mmap 共享 ./data/imagenet100/preprocessed_pool4
2026-09-18 10:41:06 | ===== Run 1/5 (seed 0) =====
2026-09-18 10:41:16 | Epoch   1/100 | Train Loss 3.9296 Acc 0.5845 | Val Loss 1.1698 Acc 0.7639 AUC 0.9940 Pre 0.7776 Rec 0.7604
2026-09-18 10:41:16 |   Val AUC improved to 0.9940, model saved
2026-09-18 10:41:22 | Epoch   2/100 | Train Loss 1.0227 Acc 0.7901 | Val Loss 0.9806 Acc 0.7907 AUC 0.9953 Pre 0.7972 Rec 0.7881
2026-09-18 10:41:22 |   Val AUC improved to 0.9953, model saved
2026-09-18 10:41:29 | Epoch   3/100 | Train Loss 0.6300 Acc 0.8533 | Val Loss 1.0383 Acc 0.7935 AUC 0.9953 Pre 0.8036 Rec 0.7915
2026-09-18 10:41:29 |   Val AUC improved to 0.9953, model saved
2026-09-18 10:41:35 | Epoch   4/100 | Train Loss 0.4947 Acc 0.8833 | Val Loss 1.0412 Acc 0.8060 AUC 0.9954 Pre 0.8113 Rec 0.8034
2026-09-18 10:41:35 |   Val AUC improved to 0.9954, model saved
2026-09-18 10:41:42 | Epoch   5/100 | Train Loss 0.4188 Acc 0.9034 | Val Loss 1.1235 Acc 0.8036 AUC 0.9953 Pre 0.8092 Rec 0.8002
2026-09-18 10:41:49 | Epoch   6/100 | Train Loss 0.3929 Acc 0.9116 | Val Loss 1.1607 Acc 0.8048 AUC 0.9950 Pre 0.8133 Rec 0.8012
2026-09-18 10:41:55 | Epoch   7/100 | Train Loss 0.3905 Acc 0.9146 | Val Loss 1.2353 Acc 0.8003 AUC 0.9947 Pre 0.8071 Rec 0.7970
2026-09-18 10:42:02 | Epoch   8/100 | Train Loss 0.4168 Acc 0.9126 | Val Loss 1.3604 Acc 0.8010 AUC 0.9944 Pre 0.8064 Rec 0.7977
2026-09-18 10:42:08 | Epoch   9/100 | Train Loss 0.4520 Acc 0.9092 | Val Loss 1.3743 Acc 0.7972 AUC 0.9942 Pre 0.8043 Rec 0.7947
2026-09-18 10:42:15 | Epoch  10/100 | Train Loss 0.4297 Acc 0.9169 | Val Loss 1.4558 Acc 0.7956 AUC 0.9938 Pre 0.8045 Rec 0.7932
2026-09-18 10:42:21 | Epoch  11/100 | Train Loss 0.4301 Acc 0.9189 | Val Loss 1.5422 Acc 0.7946 AUC 0.9938 Pre 0.8052 Rec 0.7914
2026-09-18 10:42:28 | Epoch  12/100 | Train Loss 262040789824832.0000 Acc 0.6103 | Val Loss 31.5828 Acc 0.2538 AUC 0.8218 Pre 0.3644 Rec 0.2498
2026-09-18 10:42:34 | Epoch  13/100 | Train Loss 39.2529 Acc 0.1962 | Val Loss 7.2651 Acc 0.2638 AUC 0.8602 Pre 0.3719 Rec 0.2588
2026-09-18 10:42:40 | Epoch  14/100 | Train Loss 9.9267 Acc 0.2242 | Val Loss 5.1043 Acc 0.2833 AUC 0.8924 Pre 0.4232 Rec 0.2796
2026-09-18 10:42:40 | Val AUC did not improve for 10 consecutive epochs, early stopping at Epoch 14 (best AUC 0.9954 @ Epoch 4)
2026-09-18 10:42:41 | Run 1/5 | Test (best model @ Epoch 4) | Loss 1.0310 Acc 0.8052 AUC 0.9956 Pre 0.8105 Rec 0.8029
2026-09-18 10:42:41 | ===== Run 2/5 (seed 1) =====
2026-09-18 10:42:48 | Epoch   1/100 | Train Loss 3.9383 Acc 0.5834 | Val Loss 1.1348 Acc 0.7645 AUC 0.9943 Pre 0.7763 Rec 0.7616
2026-09-18 10:42:48 |   Val AUC improved to 0.9943, model saved
2026-09-18 10:42:55 | Epoch   2/100 | Train Loss 1.0148 Acc 0.7910 | Val Loss 1.0111 Acc 0.7895 AUC 0.9953 Pre 0.8026 Rec 0.7855
2026-09-18 10:42:55 |   Val AUC improved to 0.9953, model saved
2026-09-18 10:43:01 | Epoch   3/100 | Train Loss 0.6297 Acc 0.8540 | Val Loss 1.0171 Acc 0.7974 AUC 0.9956 Pre 0.8050 Rec 0.7943
2026-09-18 10:43:01 |   Val AUC improved to 0.9956, model saved
2026-09-18 10:43:08 | Epoch   4/100 | Train Loss 0.4848 Acc 0.8846 | Val Loss 1.0235 Acc 0.8058 AUC 0.9957 Pre 0.8111 Rec 0.8034
2026-09-18 10:43:08 |   Val AUC improved to 0.9957, model saved
2026-09-18 10:43:15 | Epoch   5/100 | Train Loss 0.4143 Acc 0.9035 | Val Loss 1.1364 Acc 0.8051 AUC 0.9955 Pre 0.8124 Rec 0.8027
2026-09-18 10:43:21 | Epoch   6/100 | Train Loss 0.4106 Acc 0.9073 | Val Loss 1.1538 Acc 0.8031 AUC 0.9951 Pre 0.8100 Rec 0.7997
2026-09-18 10:43:28 | Epoch   7/100 | Train Loss 0.4048 Acc 0.9117 | Val Loss 1.3058 Acc 0.7970 AUC 0.9947 Pre 0.8079 Rec 0.7946
2026-09-18 10:43:35 | Epoch   8/100 | Train Loss 0.4192 Acc 0.9131 | Val Loss 1.3549 Acc 0.7963 AUC 0.9947 Pre 0.8051 Rec 0.7927
2026-09-18 10:43:41 | Epoch   9/100 | Train Loss 0.4171 Acc 0.9168 | Val Loss 1.4482 Acc 0.7971 AUC 0.9944 Pre 0.8013 Rec 0.7938
2026-09-18 10:43:47 | Epoch  10/100 | Train Loss 0.4362 Acc 0.9156 | Val Loss 1.4383 Acc 0.7986 AUC 0.9944 Pre 0.8054 Rec 0.7964
2026-09-18 10:43:54 | Epoch  11/100 | Train Loss 0.4542 Acc 0.9151 | Val Loss 1.4284 Acc 0.7977 AUC 0.9940 Pre 0.8022 Rec 0.7946
2026-09-18 10:44:00 | Epoch  12/100 | Train Loss 0.4124 Acc 0.9234 | Val Loss 1.5984 Acc 0.7929 AUC 0.9938 Pre 0.8015 Rec 0.7895
2026-09-18 10:44:06 | Epoch  13/100 | Train Loss 0.5718 Acc 0.9110 | Val Loss 2.5428 Acc 0.7417 AUC 0.9885 Pre 0.7692 Rec 0.7389
2026-09-18 10:44:13 | Epoch  14/100 | Train Loss 3524746724579608576.0000 Acc 0.3249 | Val Loss 14.8258 Acc 0.2582 AUC 0.8215 Pre 0.3627 Rec 0.2551
2026-09-18 10:44:13 | Val AUC did not improve for 10 consecutive epochs, early stopping at Epoch 14 (best AUC 0.9957 @ Epoch 4)
2026-09-18 10:44:15 | Run 2/5 | Test (best model @ Epoch 4) | Loss 1.0254 Acc 0.8078 AUC 0.9957 Pre 0.8135 Rec 0.8056
2026-09-18 10:44:15 | ===== Run 3/5 (seed 2) =====
2026-09-18 10:44:22 | Epoch   1/100 | Train Loss 3.9569 Acc 0.5828 | Val Loss 1.1560 Acc 0.7651 AUC 0.9943 Pre 0.7784 Rec 0.7619
2026-09-18 10:44:22 |   Val AUC improved to 0.9943, model saved
2026-09-18 10:44:28 | Epoch   2/100 | Train Loss 1.0167 Acc 0.7907 | Val Loss 1.0026 Acc 0.7906 AUC 0.9953 Pre 0.7999 Rec 0.7859
2026-09-18 10:44:28 |   Val AUC improved to 0.9953, model saved
2026-09-18 10:44:35 | Epoch   3/100 | Train Loss 0.6291 Acc 0.8542 | Val Loss 1.0275 Acc 0.7981 AUC 0.9954 Pre 0.8065 Rec 0.7950
2026-09-18 10:44:35 |   Val AUC improved to 0.9954, model saved
2026-09-18 10:45:19 | Device: cuda
2026-09-18 10:45:19 | Args: {'model': 'opb-noorth', 'backbone': 'mlp', 'task': 'imagenet100', 'epochs': 100, 'batch_size': 512, 'lr': 0.001, 'hidden_dims': [512, 256], 'dropout': 0.2, 'z_dim': 256, 'anchor_scale': 10.0, 'energy_classifier': False, 'tied_head': False, 'max_len': 250, 'random_labels': False, 'beta': 0.0001, 'patience': 10, 'runs': 5, 'seed': 0, 'data_dir': './data', 'save_path': 'output/imagenet100_mlp_opb-noorth/imagenet100_mlp_opb-noorth.pt', 'log_path': '/root/autodl-tmp/IB/output/ablation/imagenet100_mlp_opb-noorth_beta_0.0001_anchor_10/train.log', 'no_save': True}
2026-09-18 10:45:19 | ImageNet-100 特征：使用 4×4 空间池化文件 ./data/imagenet100/imagenet100_resnet50_layer3_pool4_features.npz
2026-09-18 10:45:19 | ImageNet-100 预处理缓存：mmap 共享 ./data/imagenet100/preprocessed_pool4
2026-09-18 10:45:19 | ===== Run 1/5 (seed 0) =====
2026-09-18 10:45:32 | Epoch   1/100 | Train Loss 3.9296 Acc 0.5845 | Val Loss 1.1698 Acc 0.7639 AUC 0.9940 Pre 0.7776 Rec 0.7604
2026-09-18 10:45:32 |   Val AUC improved to 0.9940, model saved
2026-09-18 10:45:40 | Epoch   2/100 | Train Loss 1.0227 Acc 0.7901 | Val Loss 0.9806 Acc 0.7907 AUC 0.9953 Pre 0.7972 Rec 0.7881
2026-09-18 10:45:40 |   Val AUC improved to 0.9953, model saved
2026-09-18 10:45:49 | Epoch   3/100 | Train Loss 0.6300 Acc 0.8533 | Val Loss 1.0383 Acc 0.7935 AUC 0.9953 Pre 0.8036 Rec 0.7915
2026-09-18 10:45:49 |   Val AUC improved to 0.9953, model saved
2026-09-18 10:45:58 | Epoch   4/100 | Train Loss 0.4947 Acc 0.8833 | Val Loss 1.0412 Acc 0.8060 AUC 0.9954 Pre 0.8113 Rec 0.8034
2026-09-18 10:45:58 |   Val AUC improved to 0.9954, model saved
2026-09-18 10:46:05 | Epoch   5/100 | Train Loss 0.4188 Acc 0.9034 | Val Loss 1.1235 Acc 0.8036 AUC 0.9953 Pre 0.8092 Rec 0.8002
2026-09-18 10:46:13 | Epoch   6/100 | Train Loss 0.3929 Acc 0.9116 | Val Loss 1.1607 Acc 0.8048 AUC 0.9950 Pre 0.8133 Rec 0.8012
2026-09-18 10:46:22 | Epoch   7/100 | Train Loss 0.3905 Acc 0.9146 | Val Loss 1.2353 Acc 0.8003 AUC 0.9947 Pre 0.8071 Rec 0.7970
2026-09-18 10:46:30 | Epoch   8/100 | Train Loss 0.4168 Acc 0.9126 | Val Loss 1.3604 Acc 0.8010 AUC 0.9944 Pre 0.8064 Rec 0.7977
2026-09-18 10:46:38 | Epoch   9/100 | Train Loss 0.4520 Acc 0.9092 | Val Loss 1.3743 Acc 0.7972 AUC 0.9942 Pre 0.8043 Rec 0.7947
2026-09-18 10:46:46 | Epoch  10/100 | Train Loss 0.4297 Acc 0.9169 | Val Loss 1.4558 Acc 0.7956 AUC 0.9938 Pre 0.8045 Rec 0.7932
2026-09-18 10:46:54 | Epoch  11/100 | Train Loss 0.4301 Acc 0.9189 | Val Loss 1.5422 Acc 0.7946 AUC 0.9938 Pre 0.8052 Rec 0.7914
2026-09-18 10:47:02 | Epoch  12/100 | Train Loss 262040789824832.0000 Acc 0.6103 | Val Loss 31.5828 Acc 0.2538 AUC 0.8218 Pre 0.3644 Rec 0.2498
2026-09-18 10:47:10 | Epoch  13/100 | Train Loss 39.2529 Acc 0.1962 | Val Loss 7.2651 Acc 0.2638 AUC 0.8602 Pre 0.3719 Rec 0.2588
2026-09-18 10:47:18 | Epoch  14/100 | Train Loss 9.9267 Acc 0.2242 | Val Loss 5.1043 Acc 0.2833 AUC 0.8924 Pre 0.4232 Rec 0.2796
2026-09-18 10:47:18 | Val AUC did not improve for 10 consecutive epochs, early stopping at Epoch 14 (best AUC 0.9954 @ Epoch 4)
2026-09-18 10:47:20 | Run 1/5 | Test (best model @ Epoch 4) | Loss 1.0310 Acc 0.8052 AUC 0.9956 Pre 0.8105 Rec 0.8029
2026-09-18 10:47:20 | ===== Run 2/5 (seed 1) =====
2026-09-18 10:47:28 | Epoch   1/100 | Train Loss 3.9383 Acc 0.5834 | Val Loss 1.1348 Acc 0.7645 AUC 0.9943 Pre 0.7763 Rec 0.7616
2026-09-18 10:47:28 |   Val AUC improved to 0.9943, model saved
2026-09-18 10:47:36 | Epoch   2/100 | Train Loss 1.0148 Acc 0.7910 | Val Loss 1.0111 Acc 0.7895 AUC 0.9953 Pre 0.8026 Rec 0.7855
2026-09-18 10:47:36 |   Val AUC improved to 0.9953, model saved
2026-09-18 10:47:45 | Epoch   3/100 | Train Loss 0.6297 Acc 0.8540 | Val Loss 1.0171 Acc 0.7974 AUC 0.9956 Pre 0.8050 Rec 0.7943
2026-09-18 10:47:45 |   Val AUC improved to 0.9956, model saved
2026-09-18 10:47:53 | Epoch   4/100 | Train Loss 0.4848 Acc 0.8846 | Val Loss 1.0235 Acc 0.8058 AUC 0.9957 Pre 0.8111 Rec 0.8034
2026-09-18 10:47:53 |   Val AUC improved to 0.9957, model saved
2026-09-18 10:48:01 | Epoch   5/100 | Train Loss 0.4143 Acc 0.9035 | Val Loss 1.1364 Acc 0.8051 AUC 0.9955 Pre 0.8124 Rec 0.8027
2026-09-18 10:48:10 | Epoch   6/100 | Train Loss 0.4106 Acc 0.9073 | Val Loss 1.1538 Acc 0.8031 AUC 0.9951 Pre 0.8100 Rec 0.7997
2026-09-18 10:48:19 | Epoch   7/100 | Train Loss 0.4048 Acc 0.9117 | Val Loss 1.3058 Acc 0.7970 AUC 0.9947 Pre 0.8079 Rec 0.7946
2026-09-18 10:48:27 | Epoch   8/100 | Train Loss 0.4192 Acc 0.9131 | Val Loss 1.3549 Acc 0.7963 AUC 0.9947 Pre 0.8051 Rec 0.7927
2026-09-18 10:48:35 | Epoch   9/100 | Train Loss 0.4171 Acc 0.9168 | Val Loss 1.4482 Acc 0.7971 AUC 0.9944 Pre 0.8013 Rec 0.7938
2026-09-18 10:48:42 | Epoch  10/100 | Train Loss 0.4362 Acc 0.9156 | Val Loss 1.4383 Acc 0.7986 AUC 0.9944 Pre 0.8054 Rec 0.7964
2026-09-18 10:48:50 | Epoch  11/100 | Train Loss 0.4542 Acc 0.9151 | Val Loss 1.4284 Acc 0.7977 AUC 0.9940 Pre 0.8022 Rec 0.7946
2026-09-18 10:48:58 | Epoch  12/100 | Train Loss 0.4124 Acc 0.9234 | Val Loss 1.5984 Acc 0.7929 AUC 0.9938 Pre 0.8015 Rec 0.7895
2026-09-18 10:49:06 | Epoch  13/100 | Train Loss 0.5718 Acc 0.9110 | Val Loss 2.5428 Acc 0.7417 AUC 0.9885 Pre 0.7692 Rec 0.7389
2026-09-18 10:49:15 | Epoch  14/100 | Train Loss 3524746724579608576.0000 Acc 0.3249 | Val Loss 14.8258 Acc 0.2582 AUC 0.8215 Pre 0.3627 Rec 0.2551
2026-09-18 10:49:15 | Val AUC did not improve for 10 consecutive epochs, early stopping at Epoch 14 (best AUC 0.9957 @ Epoch 4)
2026-09-18 10:49:17 | Run 2/5 | Test (best model @ Epoch 4) | Loss 1.0254 Acc 0.8078 AUC 0.9957 Pre 0.8135 Rec 0.8056
2026-09-18 10:49:17 | ===== Run 3/5 (seed 2) =====
2026-09-18 10:49:25 | Epoch   1/100 | Train Loss 3.9569 Acc 0.5828 | Val Loss 1.1560 Acc 0.7651 AUC 0.9943 Pre 0.7784 Rec 0.7619
2026-09-18 10:49:25 |   Val AUC improved to 0.9943, model saved
2026-09-18 10:49:33 | Epoch   2/100 | Train Loss 1.0167 Acc 0.7907 | Val Loss 1.0026 Acc 0.7906 AUC 0.9953 Pre 0.7999 Rec 0.7859
2026-09-18 10:49:33 |   Val AUC improved to 0.9953, model saved
2026-09-18 10:49:42 | Epoch   3/100 | Train Loss 0.6291 Acc 0.8542 | Val Loss 1.0275 Acc 0.7981 AUC 0.9954 Pre 0.8065 Rec 0.7950
2026-09-18 10:49:42 |   Val AUC improved to 0.9954, model saved
2026-09-18 10:49:51 | Epoch   4/100 | Train Loss 0.4827 Acc 0.8867 | Val Loss 1.0791 Acc 0.8002 AUC 0.9954 Pre 0.8096 Rec 0.7976
2026-09-18 10:49:59 | Epoch   5/100 | Train Loss 0.4273 Acc 0.9002 | Val Loss 1.0974 Acc 0.8061 AUC 0.9956 Pre 0.8115 Rec 0.8033
2026-09-18 10:49:59 |   Val AUC improved to 0.9956, model saved
2026-09-18 10:50:08 | Epoch   6/100 | Train Loss 0.3883 Acc 0.9124 | Val Loss 1.1671 Acc 0.8026 AUC 0.9951 Pre 0.8081 Rec 0.7999
2026-09-18 10:50:16 | Epoch   7/100 | Train Loss 0.3959 Acc 0.9138 | Val Loss 1.3066 Acc 0.7960 AUC 0.9948 Pre 0.8047 Rec 0.7937
2026-09-18 10:50:23 | Epoch   8/100 | Train Loss 0.4186 Acc 0.9127 | Val Loss 1.3877 Acc 0.7980 AUC 0.9945 Pre 0.8079 Rec 0.7945
2026-09-18 10:50:30 | Epoch   9/100 | Train Loss 0.4351 Acc 0.9141 | Val Loss 1.4190 Acc 0.8001 AUC 0.9944 Pre 0.8042 Rec 0.7971
2026-09-18 10:50:37 | Epoch  10/100 | Train Loss 0.4333 Acc 0.9151 | Val Loss 1.4533 Acc 0.7981 AUC 0.9942 Pre 0.8032 Rec 0.7955
2026-09-18 10:50:44 | Epoch  11/100 | Train Loss 0.4387 Acc 0.9183 | Val Loss 1.5335 Acc 0.7938 AUC 0.9940 Pre 0.8018 Rec 0.7899
2026-09-18 10:50:52 | Epoch  12/100 | Train Loss 8444440828909503706864549888.0000 Acc 0.5794 | Val Loss 69.7118 Acc 0.2781 AUC 0.8000 Pre 0.4649 Rec 0.2750
2026-09-18 10:50:59 | Epoch  13/100 | Train Loss 18527540948652654592.0000 Acc 0.2462 | Val Loss 18.2474 Acc 0.3539 AUC 0.8510 Pre 0.5068 Rec 0.3486
2026-09-18 10:51:07 | Epoch  14/100 | Train Loss 40626985687749712.0000 Acc 0.2924 | Val Loss 14.4630 Acc 0.3407 AUC 0.8553 Pre 0.5183 Rec 0.3359
2026-09-18 10:51:15 | Epoch  15/100 | Train Loss 21.7321 Acc 0.3055 | Val Loss 10.4958 Acc 0.3489 AUC 0.8765 Pre 0.5303 Rec 0.3461
2026-09-18 10:51:15 | Val AUC did not improve for 10 consecutive epochs, early stopping at Epoch 15 (best AUC 0.9956 @ Epoch 5)
2026-09-18 10:51:17 | Run 3/5 | Test (best model @ Epoch 5) | Loss 1.1007 Acc 0.8084 AUC 0.9956 Pre 0.8130 Rec 0.8058
2026-09-18 10:51:17 | ===== Run 4/5 (seed 3) =====
2026-09-18 10:51:25 | Epoch   1/100 | Train Loss 3.9240 Acc 0.5818 | Val Loss 1.1751 Acc 0.7569 AUC 0.9943 Pre 0.7714 Rec 0.7535
2026-09-18 10:51:25 |   Val AUC improved to 0.9943, model saved
2026-09-18 10:51:33 | Epoch   2/100 | Train Loss 1.0324 Acc 0.7863 | Val Loss 0.9930 Acc 0.7893 AUC 0.9954 Pre 0.8004 Rec 0.7839
2026-09-18 10:51:33 |   Val AUC improved to 0.9954, model saved
2026-09-18 10:51:40 | Epoch   3/100 | Train Loss 0.6269 Acc 0.8518 | Val Loss 0.9853 Acc 0.8012 AUC 0.9957 Pre 0.8072 Rec 0.7979
2026-09-18 10:51:40 |   Val AUC improved to 0.9957, model saved
2026-09-18 10:51:47 | Epoch   4/100 | Train Loss 0.4832 Acc 0.8855 | Val Loss 1.0569 Acc 0.8037 AUC 0.9956 Pre 0.8103 Rec 0.8008
2026-09-18 10:51:56 | Epoch   5/100 | Train Loss 0.4245 Acc 0.9018 | Val Loss 1.0892 Acc 0.8018 AUC 0.9953 Pre 0.8085 Rec 0.7985
2026-09-18 10:52:04 | Epoch   6/100 | Train Loss 0.4058 Acc 0.9068 | Val Loss 1.1893 Acc 0.8024 AUC 0.9953 Pre 0.8108 Rec 0.7997
2026-09-18 10:52:12 | Epoch   7/100 | Train Loss 0.4028 Acc 0.9116 | Val Loss 1.2331 Acc 0.8009 AUC 0.9949 Pre 0.8063 Rec 0.7967
2026-09-18 10:52:19 | Epoch   8/100 | Train Loss 0.4064 Acc 0.9139 | Val Loss 1.3127 Acc 0.7981 AUC 0.9946 Pre 0.8032 Rec 0.7948
2026-09-18 10:52:27 | Epoch   9/100 | Train Loss 0.4377 Acc 0.9114 | Val Loss 1.3973 Acc 0.7986 AUC 0.9942 Pre 0.8035 Rec 0.7953
2026-09-18 10:52:34 | Epoch  10/100 | Train Loss 1585.0750 Acc 0.8854 | Val Loss 10.1094 Acc 0.5832 AUC 0.9644 Pre 0.6839 Rec 0.5792
2026-09-18 10:52:43 | Epoch  11/100 | Train Loss 27225361.9399 Acc 0.2388 | Val Loss 3.8056 Acc 0.2933 AUC 0.9129 Pre 0.3918 Rec 0.2901
2026-09-18 10:52:51 | Epoch  12/100 | Train Loss 683569.8172 Acc 0.2665 | Val Loss 2.9092 Acc 0.3653 AUC 0.9420 Pre 0.4527 Rec 0.3611
2026-09-18 10:52:59 | Epoch  13/100 | Train Loss 9.9186 Acc 0.3092 | Val Loss 2.4750 Acc 0.4141 AUC 0.9553 Pre 0.4782 Rec 0.4087
2026-09-18 10:52:59 | Val AUC did not improve for 10 consecutive epochs, early stopping at Epoch 13 (best AUC 0.9957 @ Epoch 3)
2026-09-18 10:53:01 | Run 4/5 | Test (best model @ Epoch 3) | Loss 0.9900 Acc 0.8024 AUC 0.9956 Pre 0.8089 Rec 0.7992
2026-09-18 10:53:01 | ===== Run 5/5 (seed 4) =====
2026-09-18 10:53:09 | Epoch   1/100 | Train Loss 3.9471 Acc 0.5834 | Val Loss 1.1611 Acc 0.7661 AUC 0.9942 Pre 0.7767 Rec 0.7624
2026-09-18 10:53:09 |   Val AUC improved to 0.9942, model saved
2026-09-18 10:53:17 | Epoch   2/100 | Train Loss 1.0176 Acc 0.7890 | Val Loss 1.0224 Acc 0.7927 AUC 0.9954 Pre 0.8017 Rec 0.7895
2026-09-18 10:53:17 |   Val AUC improved to 0.9954, model saved
2026-09-18 10:53:23 | Epoch   3/100 | Train Loss 0.6328 Acc 0.8532 | Val Loss 0.9949 Acc 0.7986 AUC 0.9956 Pre 0.8066 Rec 0.7936
2026-09-18 10:53:23 |   Val AUC improved to 0.9956, model saved
2026-09-18 10:53:30 | Epoch   4/100 | Train Loss 0.4825 Acc 0.8856 | Val Loss 1.0797 Acc 0.8040 AUC 0.9955 Pre 0.8115 Rec 0.8000
2026-09-18 10:53:37 | Epoch   5/100 | Train Loss 0.4070 Acc 0.9045 | Val Loss 1.0702 Acc 0.8057 AUC 0.9956 Pre 0.8113 Rec 0.8025
2026-09-18 10:53:44 | Epoch   6/100 | Train Loss 0.3890 Acc 0.9121 | Val Loss 1.1748 Acc 0.8038 AUC 0.9950 Pre 0.8105 Rec 0.8000
2026-09-18 10:53:51 | Epoch   7/100 | Train Loss 0.3895 Acc 0.9152 | Val Loss 1.2649 Acc 0.7993 AUC 0.9947 Pre 0.8046 Rec 0.7962
2026-09-18 10:53:59 | Epoch   8/100 | Train Loss 0.4343 Acc 0.9106 | Val Loss 1.3535 Acc 0.7932 AUC 0.9942 Pre 0.7993 Rec 0.7898
2026-09-18 10:54:06 | Epoch   9/100 | Train Loss 0.4905 Acc 0.9034 | Val Loss 1.4156 Acc 0.7983 AUC 0.9943 Pre 0.8066 Rec 0.7952
2026-09-18 10:54:14 | Epoch  10/100 | Train Loss 0.4404 Acc 0.9147 | Val Loss 1.4636 Acc 0.7986 AUC 0.9944 Pre 0.8064 Rec 0.7955
2026-09-18 10:54:22 | Epoch  11/100 | Train Loss 6471094110.6175 Acc 0.6308 | Val Loss 24.4845 Acc 0.1860 AUC 0.8010 Pre 0.2731 Rec 0.1858
2026-09-18 10:54:30 | Epoch  12/100 | Train Loss 42.2086 Acc 0.1728 | Val Loss 3.9464 Acc 0.2425 AUC 0.8963 Pre 0.3449 Rec 0.2384
2026-09-18 10:54:38 | Epoch  13/100 | Train Loss 4.8530 Acc 0.2244 | Val Loss 2.9928 Acc 0.3003 AUC 0.9331 Pre 0.3927 Rec 0.2979
2026-09-18 10:54:38 | Val AUC did not improve for 10 consecutive epochs, early stopping at Epoch 13 (best AUC 0.9956 @ Epoch 3)
2026-09-18 10:54:40 | Run 5/5 | Test (best model @ Epoch 3) | Loss 1.0035 Acc 0.8010 AUC 0.9956 Pre 0.8095 Rec 0.7961
2026-09-18 10:54:40 | Average over 5 runs | Test Loss 1.0301±0.0428 Acc 0.8049±0.0033 AUC 0.9956±0.0000 Pre 0.8111±0.0021 Rec 0.8019±0.0042
