2026-09-06 07:44:45 | Device: cuda
2026-09-06 07:44:45 | Args: {'model': 'adacap', 'backbone': 'gnn', 'task': 'zinc', 'epochs': 100, 'batch_size': 128, 'lr': 0.001, 'hidden_dims': [512, 256], 'dropout': 0.2, 'z_dim': 256, 'anchor_scale': 4.0, 'energy_classifier': False, 'tied_head': False, 'max_len': 250, 'random_labels': False, 'beta': 100.0, 'patience': 10, 'runs': 5, 'seed': 0, 'data_dir': './data', 'save_path': 'output/zinc_gnn_adacap/zinc_gnn_adacap.pt', 'log_path': '/root/autodl-tmp/IB/tune_results/zinc_gnn_adacap_beta_100/train.log', 'no_save': True}
2026-09-06 07:44:45 | ZINC-12k 加载完成：10000/1000/1000 图（batch 128，官方划分），目标 MinMax 归一化到 [0,1]，节点特征 28 维
2026-09-06 07:44:45 | ===== Run 1/5 (seed 0) =====
2026-09-06 07:44:59 | Epoch   1/100 | Train Loss -0.0007 | Val Loss 0.0011 MAE 1.0439 R2 0.3983
2026-09-06 07:44:59 |   Val R2 improved to 0.3983, model saved
2026-09-06 07:45:11 | Epoch   2/100 | Train Loss -0.0010 | Val Loss 0.0024 MAE 1.6922 R2 -0.2939
2026-09-06 07:45:23 | Epoch   3/100 | Train Loss -0.0011 | Val Loss 0.0044 MAE 2.4170 R2 -1.3433
2026-09-06 07:45:37 | Epoch   4/100 | Train Loss -0.0011 | Val Loss 0.0064 MAE 2.9310 R2 -2.4140
2026-09-06 07:45:52 | Epoch   5/100 | Train Loss -0.0011 | Val Loss 0.0150 MAE 4.6611 R2 -7.0256
2026-09-06 07:46:07 | Epoch   6/100 | Train Loss -0.0012 | Val Loss 0.0109 MAE 3.7759 R2 -4.8296
2026-09-06 07:46:20 | Epoch   7/100 | Train Loss -0.0012 | Val Loss 0.0181 MAE 5.2082 R2 -8.6543
2026-09-06 07:46:31 | Epoch   8/100 | Train Loss -0.0012 | Val Loss 0.0155 MAE 4.6296 R2 -7.2798
2026-09-06 07:46:42 | Epoch   9/100 | Train Loss -0.0012 | Val Loss 0.0153 MAE 4.6976 R2 -7.1754
2026-09-06 07:46:54 | Epoch  10/100 | Train Loss -0.0012 | Val Loss 0.0159 MAE 4.7339 R2 -7.4836
2026-09-06 07:47:06 | Epoch  11/100 | Train Loss -0.0012 | Val Loss 0.0164 MAE 4.9110 R2 -7.7251
2026-09-06 07:47:06 | Val R2 did not improve for 10 consecutive epochs, early stopping at Epoch 11 (best R2 0.3983 @ Epoch 1)
2026-09-06 07:47:11 | Run 1/5 | Test (best model @ Epoch 1) | Loss 0.0011 MAE 1.1282 R2 0.4094
2026-09-06 07:47:11 | ===== Run 2/5 (seed 1) =====
2026-09-06 07:47:23 | Epoch   1/100 | Train Loss -0.0007 | Val Loss 0.0011 MAE 1.0635 R2 0.4018
2026-09-06 07:47:23 |   Val R2 improved to 0.4018, model saved
2026-09-06 07:47:35 | Epoch   2/100 | Train Loss -0.0010 | Val Loss 0.0026 MAE 1.7603 R2 -0.3877
2026-09-06 07:47:48 | Epoch   3/100 | Train Loss -0.0011 | Val Loss 0.0037 MAE 2.1819 R2 -0.9477
2026-09-06 07:48:00 | Epoch   4/100 | Train Loss -0.0011 | Val Loss 0.0114 MAE 3.7679 R2 -5.1007
2026-09-06 07:48:12 | Epoch   5/100 | Train Loss -0.0011 | Val Loss 0.0088 MAE 3.4146 R2 -3.7081
2026-09-06 07:48:23 | Epoch   6/100 | Train Loss -0.0011 | Val Loss 0.0183 MAE 5.1583 R2 -8.7401
2026-09-06 07:48:35 | Epoch   7/100 | Train Loss -0.0012 | Val Loss 0.0143 MAE 4.4812 R2 -6.6153
2026-09-06 07:48:48 | Epoch   8/100 | Train Loss -0.0012 | Val Loss 0.0153 MAE 4.8634 R2 -7.1368
2026-09-06 07:49:00 | Epoch   9/100 | Train Loss -0.0012 | Val Loss 0.0271 MAE 6.6708 R2 -13.4829
2026-09-06 07:49:12 | Epoch  10/100 | Train Loss -0.0012 | Val Loss 0.0093 MAE 3.5225 R2 -3.9883
2026-09-06 07:49:25 | Epoch  11/100 | Train Loss -0.0012 | Val Loss 0.0101 MAE 3.8490 R2 -4.3966
2026-09-06 07:49:25 | Val R2 did not improve for 10 consecutive epochs, early stopping at Epoch 11 (best R2 0.4018 @ Epoch 1)
2026-09-06 07:49:30 | Run 2/5 | Test (best model @ Epoch 1) | Loss 0.0012 MAE 1.1513 R2 0.4059
2026-09-06 07:49:30 | ===== Run 3/5 (seed 2) =====
2026-09-06 07:49:42 | Epoch   1/100 | Train Loss -0.0007 | Val Loss 0.0012 MAE 1.1397 R2 0.3446
2026-09-06 07:49:42 |   Val R2 improved to 0.3446, model saved
2026-09-06 07:49:54 | Epoch   2/100 | Train Loss -0.0010 | Val Loss 0.0033 MAE 1.9464 R2 -0.7731
2026-09-06 07:50:06 | Epoch   3/100 | Train Loss -0.0011 | Val Loss 0.0035 MAE 2.0870 R2 -0.8714
2026-09-06 07:50:18 | Epoch   4/100 | Train Loss -0.0011 | Val Loss 0.0090 MAE 3.5159 R2 -3.8111
2026-09-06 07:50:28 | Epoch   5/100 | Train Loss -0.0011 | Val Loss 0.0097 MAE 3.6476 R2 -4.1620
2026-09-06 07:50:37 | Epoch   6/100 | Train Loss -0.0011 | Val Loss 0.0144 MAE 4.5066 R2 -6.6685
2026-09-06 07:50:50 | Epoch   7/100 | Train Loss -0.0012 | Val Loss 0.0107 MAE 3.8100 R2 -4.7202
2026-09-06 07:51:03 | Epoch   8/100 | Train Loss -0.0012 | Val Loss 0.0221 MAE 5.6528 R2 -10.7870
2026-09-06 07:51:15 | Epoch   9/100 | Train Loss -0.0012 | Val Loss 0.0163 MAE 4.7917 R2 -7.6798
2026-09-06 07:51:27 | Epoch  10/100 | Train Loss -0.0012 | Val Loss 0.0098 MAE 3.7663 R2 -4.2341
2026-09-06 07:51:39 | Epoch  11/100 | Train Loss -0.0012 | Val Loss 0.0133 MAE 4.5397 R2 -6.1192
2026-09-06 07:51:39 | Val R2 did not improve for 10 consecutive epochs, early stopping at Epoch 11 (best R2 0.3446 @ Epoch 1)
2026-09-06 07:51:44 | Run 3/5 | Test (best model @ Epoch 1) | Loss 0.0012 MAE 1.1811 R2 0.3809
2026-09-06 07:51:44 | ===== Run 4/5 (seed 3) =====
2026-09-06 07:51:56 | Epoch   1/100 | Train Loss -0.0007 | Val Loss 0.0013 MAE 1.1582 R2 0.3111
2026-09-06 07:51:56 |   Val R2 improved to 0.3111, model saved
2026-09-06 07:52:08 | Epoch   2/100 | Train Loss -0.0010 | Val Loss 0.0045 MAE 2.3433 R2 -1.3853
2026-09-06 07:52:20 | Epoch   3/100 | Train Loss -0.0011 | Val Loss 0.0023 MAE 1.6031 R2 -0.2219
2026-09-06 07:52:31 | Epoch   4/100 | Train Loss -0.0011 | Val Loss 0.0091 MAE 3.1925 R2 -3.8566
2026-09-06 07:52:43 | Epoch   5/100 | Train Loss -0.0012 | Val Loss 0.0070 MAE 3.2579 R2 -2.7261
2026-09-06 07:52:55 | Epoch   6/100 | Train Loss -0.0011 | Val Loss 0.0119 MAE 3.8584 R2 -5.3573
2026-09-06 07:53:07 | Epoch   7/100 | Train Loss -0.0012 | Val Loss 0.0174 MAE 4.7237 R2 -8.2783
2026-09-06 07:53:20 | Epoch   8/100 | Train Loss -0.0012 | Val Loss 0.0111 MAE 3.7428 R2 -4.8986
2026-09-06 07:53:32 | Epoch   9/100 | Train Loss -0.0012 | Val Loss 0.0252 MAE 6.0283 R2 -12.4562
2026-09-06 07:53:44 | Epoch  10/100 | Train Loss -0.0012 | Val Loss 0.0145 MAE 4.6110 R2 -6.7483
2026-09-06 07:53:55 | Epoch  11/100 | Train Loss -0.0012 | Val Loss 0.0118 MAE 3.7739 R2 -5.2871
2026-09-06 07:53:55 | Val R2 did not improve for 10 consecutive epochs, early stopping at Epoch 11 (best R2 0.3111 @ Epoch 1)
2026-09-06 07:54:00 | Run 4/5 | Test (best model @ Epoch 1) | Loss 0.0012 MAE 1.1668 R2 0.4035
2026-09-06 07:54:00 | ===== Run 5/5 (seed 4) =====
2026-09-06 07:54:11 | Epoch   1/100 | Train Loss -0.0007 | Val Loss 0.0013 MAE 1.1733 R2 0.2994
2026-09-06 07:54:11 |   Val R2 improved to 0.2994, model saved
2026-09-06 07:54:22 | Epoch   2/100 | Train Loss -0.0010 | Val Loss 0.0030 MAE 1.7091 R2 -0.6228
2026-09-06 07:54:35 | Epoch   3/100 | Train Loss -0.0011 | Val Loss 0.0050 MAE 2.4955 R2 -1.6673
2026-09-06 07:54:49 | Epoch   4/100 | Train Loss -0.0011 | Val Loss 0.0070 MAE 3.0320 R2 -2.7293
2026-09-06 07:55:01 | Epoch   5/100 | Train Loss -0.0011 | Val Loss 0.0116 MAE 4.1437 R2 -5.1734
2026-09-06 07:55:13 | Epoch   6/100 | Train Loss -0.0011 | Val Loss 0.0103 MAE 3.7659 R2 -4.4799
2026-09-06 07:55:26 | Epoch   7/100 | Train Loss -0.0012 | Val Loss 0.0115 MAE 4.0128 R2 -5.1294
2026-09-06 07:55:35 | Epoch   8/100 | Train Loss -0.0012 | Val Loss 0.0079 MAE 3.2556 R2 -3.2244
2026-09-06 07:55:40 | Epoch   9/100 | Train Loss -0.0012 | Val Loss 0.0101 MAE 3.7423 R2 -4.3884
2026-09-06 07:55:45 | Epoch  10/100 | Train Loss -0.0012 | Val Loss 0.0152 MAE 4.1384 R2 -7.1309
2026-09-06 07:55:48 | Epoch  11/100 | Train Loss -0.0012 | Val Loss 0.0226 MAE 5.5788 R2 -11.0345
2026-09-06 07:55:48 | Val R2 did not improve for 10 consecutive epochs, early stopping at Epoch 11 (best R2 0.2994 @ Epoch 1)
2026-09-06 07:55:49 | Run 5/5 | Test (best model @ Epoch 1) | Loss 0.0015 MAE 1.3078 R2 0.2066
2026-09-06 07:55:49 | Average over 5 runs | Test Loss 0.0012±0.0002 MAE 1.1870±0.0703 R2 0.3613±0.0872
