2026-09-14 22:49:12 | Device: cuda
2026-09-14 22:49:12 | Args: {'model': 'opb-fixed-frame-randvar', 'backbone': 'gnn', 'task': 'cora', 'epochs': 100, 'batch_size': 512, 'lr': 0.01, 'hidden_dims': [512, 256], 'dropout': 0.2, 'z_dim': 256, 'anchor_scale': 6.0, 'energy_classifier': False, 'tied_head': False, 'max_len': 250, 'random_labels': False, 'beta': 1.0, 'patience': 10, 'runs': 5, 'seed': 0, 'data_dir': './data', 'save_path': 'output/cora_gnn_opb-fixed-frame-randvar/cora_gnn_opb-fixed-frame-randvar.pt', 'log_path': '/root/autodl-tmp/IB/output/ablation/cora_gnn_opb-fixed-frame-randvar_beta_1_anchor_6/train.log', 'no_save': True}
2026-09-14 22:49:14 | Cora 划分（60/20/20 分层）：train 1624 / val 542 / test 542（共 2708 节点，7 类）
2026-09-14 22:49:14 | ===== Run 1/5 (seed 0) =====
2026-09-14 22:49:15 | Epoch   1/100 | Train Loss 38.9796 Acc 0.1108 | Val Loss 30.7508 Acc 0.1292 AUC 0.8099 Pre 0.0185 Rec 0.1429
2026-09-14 22:49:15 |   Val AUC improved to 0.8099, model saved
2026-09-14 22:49:15 | Epoch   2/100 | Train Loss 37.5713 Acc 0.1170 | Val Loss 27.7916 Acc 0.1679 AUC 0.7075 Pre 0.0501 Rec 0.1702
2026-09-14 22:49:15 | Epoch   3/100 | Train Loss 33.5325 Acc 0.1373 | Val Loss 24.9867 Acc 0.1808 AUC 0.7728 Pre 0.1014 Rec 0.1485
2026-09-14 22:49:15 | Epoch   4/100 | Train Loss 29.6608 Acc 0.1946 | Val Loss 23.2151 Acc 0.3007 AUC 0.8403 Pre 0.2743 Rec 0.2093
2026-09-14 22:49:15 |   Val AUC improved to 0.8403, model saved
2026-09-14 22:49:15 | Epoch   5/100 | Train Loss 27.5038 Acc 0.2451 | Val Loss 21.7768 Acc 0.3948 AUC 0.8811 Pre 0.3492 Rec 0.2833
2026-09-14 22:49:15 |   Val AUC improved to 0.8811, model saved
2026-09-14 22:49:15 | Epoch   6/100 | Train Loss 25.9194 Acc 0.2796 | Val Loss 20.1750 Acc 0.5480 AUC 0.9139 Pre 0.4900 Rec 0.4130
2026-09-14 22:49:15 |   Val AUC improved to 0.9139, model saved
2026-09-14 22:49:15 | Epoch   7/100 | Train Loss 23.4415 Acc 0.3676 | Val Loss 19.3160 Acc 0.6568 AUC 0.9276 Pre 0.5082 Rec 0.5119
2026-09-14 22:49:15 |   Val AUC improved to 0.9276, model saved
2026-09-14 22:49:15 | Epoch   8/100 | Train Loss 22.1087 Acc 0.4600 | Val Loss 18.1533 Acc 0.7140 AUC 0.9395 Pre 0.5333 Rec 0.5769
2026-09-14 22:49:15 |   Val AUC improved to 0.9395, model saved
2026-09-14 22:49:15 | Epoch   9/100 | Train Loss 20.4987 Acc 0.5296 | Val Loss 17.1093 Acc 0.7325 AUC 0.9471 Pre 0.5240 Rec 0.5981
2026-09-14 22:49:15 |   Val AUC improved to 0.9471, model saved
2026-09-14 22:49:15 | Epoch  10/100 | Train Loss 19.2484 Acc 0.5548 | Val Loss 15.8763 Acc 0.7159 AUC 0.9474 Pre 0.6385 Rec 0.5791
2026-09-14 22:49:15 |   Val AUC improved to 0.9474, model saved
2026-09-14 22:49:15 | Epoch  11/100 | Train Loss 17.4290 Acc 0.6071 | Val Loss 14.5863 Acc 0.6900 AUC 0.9467 Pre 0.6507 Rec 0.5528
2026-09-14 22:49:15 | Epoch  12/100 | Train Loss 15.9108 Acc 0.6416 | Val Loss 13.6389 Acc 0.7085 AUC 0.9480 Pre 0.6634 Rec 0.5884
2026-09-14 22:49:15 |   Val AUC improved to 0.9480, model saved
2026-09-14 22:49:15 | Epoch  13/100 | Train Loss 14.5288 Acc 0.6823 | Val Loss 13.0048 Acc 0.7399 AUC 0.9497 Pre 0.6741 Rec 0.6320
2026-09-14 22:49:15 |   Val AUC improved to 0.9497, model saved
2026-09-14 22:49:15 | Epoch  14/100 | Train Loss 13.3928 Acc 0.7272 | Val Loss 12.5332 Acc 0.7675 AUC 0.9518 Pre 0.6927 Rec 0.6660
2026-09-14 22:49:15 |   Val AUC improved to 0.9518, model saved
2026-09-14 22:49:15 | Epoch  15/100 | Train Loss 12.4433 Acc 0.7562 | Val Loss 12.0223 Acc 0.7804 AUC 0.9554 Pre 0.6799 Rec 0.6837
2026-09-14 22:49:15 |   Val AUC improved to 0.9554, model saved
2026-09-14 22:49:15 | Epoch  16/100 | Train Loss 11.6741 Acc 0.7789 | Val Loss 11.4008 Acc 0.7786 AUC 0.9576 Pre 0.6571 Rec 0.6863
2026-09-14 22:49:15 |   Val AUC improved to 0.9576, model saved
2026-09-14 22:49:15 | Epoch  17/100 | Train Loss 10.8251 Acc 0.7734 | Val Loss 10.8495 Acc 0.7878 AUC 0.9581 Pre 0.8001 Rec 0.7021
2026-09-14 22:49:15 |   Val AUC improved to 0.9581, model saved
2026-09-14 22:49:15 | Epoch  18/100 | Train Loss 9.8457 Acc 0.8122 | Val Loss 10.3724 Acc 0.7897 AUC 0.9591 Pre 0.7996 Rec 0.7098
2026-09-14 22:49:15 |   Val AUC improved to 0.9591, model saved
2026-09-14 22:49:15 | Epoch  19/100 | Train Loss 9.1178 Acc 0.8177 | Val Loss 10.1223 Acc 0.7934 AUC 0.9593 Pre 0.8020 Rec 0.7154
2026-09-14 22:49:15 |   Val AUC improved to 0.9593, model saved
2026-09-14 22:49:15 | Epoch  20/100 | Train Loss 8.5006 Acc 0.8239 | Val Loss 10.0620 Acc 0.8007 AUC 0.9600 Pre 0.8089 Rec 0.7250
2026-09-14 22:49:15 |   Val AUC improved to 0.9600, model saved
2026-09-14 22:49:15 | Epoch  21/100 | Train Loss 8.1661 Acc 0.8344 | Val Loss 10.1531 Acc 0.8100 AUC 0.9595 Pre 0.8215 Rec 0.7375
2026-09-14 22:49:15 | Epoch  22/100 | Train Loss 7.8086 Acc 0.8381 | Val Loss 10.2092 Acc 0.8100 AUC 0.9587 Pre 0.8189 Rec 0.7375
2026-09-14 22:49:15 | Epoch  23/100 | Train Loss 7.5991 Acc 0.8608 | Val Loss 10.0653 Acc 0.8266 AUC 0.9584 Pre 0.8318 Rec 0.7706
2026-09-14 22:49:15 | Epoch  24/100 | Train Loss 7.0682 Acc 0.8768 | Val Loss 9.9186 Acc 0.8339 AUC 0.9582 Pre 0.8340 Rec 0.7899
2026-09-14 22:49:15 | Epoch  25/100 | Train Loss 6.6977 Acc 0.8750 | Val Loss 9.8509 Acc 0.8339 AUC 0.9577 Pre 0.8347 Rec 0.7898
2026-09-14 22:49:15 | Epoch  26/100 | Train Loss 6.1144 Acc 0.8935 | Val Loss 9.7569 Acc 0.8432 AUC 0.9574 Pre 0.8434 Rec 0.8073
2026-09-14 22:49:15 | Epoch  27/100 | Train Loss 5.6953 Acc 0.9113 | Val Loss 9.6348 Acc 0.8487 AUC 0.9580 Pre 0.8488 Rec 0.8158
2026-09-14 22:49:16 | Epoch  28/100 | Train Loss 5.3739 Acc 0.9175 | Val Loss 9.5433 Acc 0.8561 AUC 0.9584 Pre 0.8554 Rec 0.8309
2026-09-14 22:49:16 | Epoch  29/100 | Train Loss 5.0147 Acc 0.9181 | Val Loss 9.4552 Acc 0.8598 AUC 0.9583 Pre 0.8547 Rec 0.8326
2026-09-14 22:49:16 | Epoch  30/100 | Train Loss 4.6937 Acc 0.9273 | Val Loss 9.3605 Acc 0.8542 AUC 0.9581 Pre 0.8493 Rec 0.8288
2026-09-14 22:49:16 | Val AUC did not improve for 10 consecutive epochs, early stopping at Epoch 30 (best AUC 0.9600 @ Epoch 20)
2026-09-14 22:49:16 | Run 1/5 | Test (best model @ Epoch 20) | Loss 10.3488 Acc 0.8063 AUC 0.9636 Pre 0.8141 Rec 0.7490
2026-09-14 22:49:16 | ===== Run 2/5 (seed 1) =====
2026-09-14 22:49:16 | Epoch   1/100 | Train Loss 39.5332 Acc 0.1250 | Val Loss 35.8258 Acc 0.1550 AUC 0.8764 Pre 0.0221 Rec 0.1429
2026-09-14 22:49:16 |   Val AUC improved to 0.8764, model saved
2026-09-14 22:49:16 | Epoch   2/100 | Train Loss 37.2689 Acc 0.1182 | Val Loss 31.7711 Acc 0.1550 AUC 0.7497 Pre 0.0221 Rec 0.1429
2026-09-14 22:49:16 | Epoch   3/100 | Train Loss 33.5803 Acc 0.1466 | Val Loss 26.9376 Acc 0.1568 AUC 0.7816 Pre 0.0697 Rec 0.1429
2026-09-14 22:49:16 | Epoch   4/100 | Train Loss 29.2046 Acc 0.1970 | Val Loss 25.3806 Acc 0.2546 AUC 0.8034 Pre 0.1406 Rec 0.1891
2026-09-14 22:49:16 | Epoch   5/100 | Train Loss 27.5985 Acc 0.2512 | Val Loss 24.1297 Acc 0.3100 AUC 0.8251 Pre 0.1495 Rec 0.2160
2026-09-14 22:49:16 | Epoch   6/100 | Train Loss 26.0282 Acc 0.3079 | Val Loss 22.5811 Acc 0.3856 AUC 0.8647 Pre 0.1511 Rec 0.2517
2026-09-14 22:49:16 | Epoch   7/100 | Train Loss 23.7793 Acc 0.3713 | Val Loss 21.4299 Acc 0.4446 AUC 0.9032 Pre 0.4167 Rec 0.2881
2026-09-14 22:49:16 |   Val AUC improved to 0.9032, model saved
2026-09-14 22:49:16 | Epoch   8/100 | Train Loss 22.4500 Acc 0.4464 | Val Loss 19.9987 Acc 0.5092 AUC 0.9176 Pre 0.4298 Rec 0.3486
2026-09-14 22:49:16 |   Val AUC improved to 0.9176, model saved
2026-09-14 22:49:16 | Epoch   9/100 | Train Loss 21.0237 Acc 0.4926 | Val Loss 18.4507 Acc 0.5775 AUC 0.9288 Pre 0.4098 Rec 0.4174
2026-09-14 22:49:16 |   Val AUC improved to 0.9288, model saved
2026-09-14 22:49:16 | Epoch  10/100 | Train Loss 19.3449 Acc 0.5579 | Val Loss 17.1076 Acc 0.6384 AUC 0.9417 Pre 0.5631 Rec 0.4869
2026-09-14 22:49:16 |   Val AUC improved to 0.9417, model saved
2026-09-14 22:49:16 | Epoch  11/100 | Train Loss 18.0813 Acc 0.5961 | Val Loss 16.1337 Acc 0.6882 AUC 0.9517 Pre 0.5567 Rec 0.5486
2026-09-14 22:49:16 |   Val AUC improved to 0.9517, model saved
2026-09-14 22:49:16 | Epoch  12/100 | Train Loss 16.5224 Acc 0.6558 | Val Loss 15.1439 Acc 0.7103 AUC 0.9570 Pre 0.5507 Rec 0.5779
2026-09-14 22:49:16 |   Val AUC improved to 0.9570, model saved
2026-09-14 22:49:16 | Epoch  13/100 | Train Loss 15.1832 Acc 0.6903 | Val Loss 14.0498 Acc 0.7196 AUC 0.9599 Pre 0.5483 Rec 0.5906
2026-09-14 22:49:16 |   Val AUC improved to 0.9599, model saved
2026-09-14 22:49:16 | Epoch  14/100 | Train Loss 13.6526 Acc 0.7223 | Val Loss 12.8943 Acc 0.7306 AUC 0.9610 Pre 0.7031 Rec 0.6044
2026-09-14 22:49:16 |   Val AUC improved to 0.9610, model saved
2026-09-14 22:49:16 | Epoch  15/100 | Train Loss 11.9463 Acc 0.7543 | Val Loss 11.9680 Acc 0.7509 AUC 0.9626 Pre 0.7038 Rec 0.6403
2026-09-14 22:49:16 |   Val AUC improved to 0.9626, model saved
2026-09-14 22:49:16 | Epoch  16/100 | Train Loss 10.4044 Acc 0.8054 | Val Loss 11.4138 Acc 0.7841 AUC 0.9638 Pre 0.8395 Rec 0.6958
2026-09-14 22:49:16 |   Val AUC improved to 0.9638, model saved
2026-09-14 22:49:16 | Epoch  17/100 | Train Loss 9.6341 Acc 0.8202 | Val Loss 11.3326 Acc 0.8229 AUC 0.9643 Pre 0.8301 Rec 0.7670
2026-09-14 22:49:16 |   Val AUC improved to 0.9643, model saved
2026-09-14 22:49:16 | Epoch  18/100 | Train Loss 9.1411 Acc 0.8510 | Val Loss 11.2906 Acc 0.8469 AUC 0.9649 Pre 0.8505 Rec 0.8017
2026-09-14 22:49:16 |   Val AUC improved to 0.9649, model saved
2026-09-14 22:49:16 | Epoch  19/100 | Train Loss 8.8027 Acc 0.8732 | Val Loss 11.0114 Acc 0.8506 AUC 0.9662 Pre 0.8497 Rec 0.8103
2026-09-14 22:49:16 |   Val AUC improved to 0.9662, model saved
2026-09-14 22:49:16 | Epoch  20/100 | Train Loss 7.9556 Acc 0.8885 | Val Loss 10.5005 Acc 0.8524 AUC 0.9671 Pre 0.8507 Rec 0.8232
2026-09-14 22:49:16 |   Val AUC improved to 0.9671, model saved
2026-09-14 22:49:16 | Epoch  21/100 | Train Loss 7.1920 Acc 0.9113 | Val Loss 10.0029 Acc 0.8579 AUC 0.9670 Pre 0.8530 Rec 0.8390
2026-09-14 22:49:16 | Epoch  22/100 | Train Loss 6.3672 Acc 0.9163 | Val Loss 9.6536 Acc 0.8561 AUC 0.9664 Pre 0.8454 Rec 0.8367
2026-09-14 22:49:16 | Epoch  23/100 | Train Loss 5.7067 Acc 0.9249 | Val Loss 9.4944 Acc 0.8598 AUC 0.9660 Pre 0.8521 Rec 0.8474
2026-09-14 22:49:16 | Epoch  24/100 | Train Loss 5.3960 Acc 0.9292 | Val Loss 9.4290 Acc 0.8579 AUC 0.9660 Pre 0.8504 Rec 0.8478
2026-09-14 22:49:16 | Epoch  25/100 | Train Loss 5.1705 Acc 0.9298 | Val Loss 9.4195 Acc 0.8579 AUC 0.9661 Pre 0.8488 Rec 0.8466
2026-09-14 22:49:16 | Epoch  26/100 | Train Loss 4.8711 Acc 0.9397 | Val Loss 9.4455 Acc 0.8598 AUC 0.9661 Pre 0.8499 Rec 0.8473
2026-09-14 22:49:16 | Epoch  27/100 | Train Loss 4.6997 Acc 0.9415 | Val Loss 9.4551 Acc 0.8561 AUC 0.9657 Pre 0.8429 Rec 0.8425
2026-09-14 22:49:16 | Epoch  28/100 | Train Loss 4.5481 Acc 0.9384 | Val Loss 9.4740 Acc 0.8579 AUC 0.9652 Pre 0.8489 Rec 0.8429
2026-09-14 22:49:16 | Epoch  29/100 | Train Loss 4.4132 Acc 0.9427 | Val Loss 9.5164 Acc 0.8579 AUC 0.9645 Pre 0.8477 Rec 0.8416
2026-09-14 22:49:16 | Epoch  30/100 | Train Loss 4.1602 Acc 0.9433 | Val Loss 9.5231 Acc 0.8561 AUC 0.9636 Pre 0.8464 Rec 0.8408
2026-09-14 22:49:16 | Val AUC did not improve for 10 consecutive epochs, early stopping at Epoch 30 (best AUC 0.9671 @ Epoch 20)
2026-09-14 22:49:16 | Run 2/5 | Test (best model @ Epoch 20) | Loss 10.9183 Acc 0.8598 AUC 0.9707 Pre 0.8606 Rec 0.8443
2026-09-14 22:49:16 | ===== Run 3/5 (seed 2) =====
2026-09-14 22:49:16 | Epoch   1/100 | Train Loss 31.1398 Acc 0.1466 | Val Loss 25.5194 Acc 0.3026 AUC 0.8076 Pre 0.0432 Rec 0.1429
2026-09-14 22:49:16 |   Val AUC improved to 0.8076, model saved
2026-09-14 22:49:16 | Epoch   2/100 | Train Loss 29.3348 Acc 0.1749 | Val Loss 24.2223 Acc 0.3026 AUC 0.7304 Pre 0.0432 Rec 0.1429
2026-09-14 22:49:16 | Epoch   3/100 | Train Loss 27.8641 Acc 0.2106 | Val Loss 21.5381 Acc 0.3026 AUC 0.8128 Pre 0.0432 Rec 0.1429
2026-09-14 22:49:16 |   Val AUC improved to 0.8128, model saved
2026-09-14 22:49:16 | Epoch   4/100 | Train Loss 24.5534 Acc 0.1989 | Val Loss 20.8239 Acc 0.3026 AUC 0.8558 Pre 0.0432 Rec 0.1429
2026-09-14 22:49:16 |   Val AUC improved to 0.8558, model saved
2026-09-14 22:49:16 | Epoch   5/100 | Train Loss 23.7728 Acc 0.2014 | Val Loss 20.8366 Acc 0.3026 AUC 0.8850 Pre 0.0432 Rec 0.1429
2026-09-14 22:49:16 |   Val AUC improved to 0.8850, model saved
2026-09-14 22:49:16 | Epoch   6/100 | Train Loss 23.0977 Acc 0.2488 | Val Loss 19.3768 Acc 0.3081 AUC 0.9080 Pre 0.1863 Rec 0.1490
2026-09-14 22:49:16 |   Val AUC improved to 0.9080, model saved
2026-09-14 22:49:16 | Epoch   7/100 | Train Loss 21.3493 Acc 0.2525 | Val Loss 18.0221 Acc 0.3155 AUC 0.9285 Pre 0.1866 Rec 0.1571
2026-09-14 22:49:16 |   Val AUC improved to 0.9285, model saved
2026-09-14 22:49:16 | Epoch   8/100 | Train Loss 19.8870 Acc 0.2826 | Val Loss 16.6735 Acc 0.3598 AUC 0.9353 Pre 0.4542 Rec 0.2045
2026-09-14 22:49:16 |   Val AUC improved to 0.9353, model saved
2026-09-14 22:49:16 | Epoch   9/100 | Train Loss 18.0485 Acc 0.3966 | Val Loss 15.5731 Acc 0.5111 AUC 0.9307 Pre 0.4423 Rec 0.3524
2026-09-14 22:49:16 | Epoch  10/100 | Train Loss 16.5296 Acc 0.5283 | Val Loss 14.3336 Acc 0.6181 AUC 0.9316 Pre 0.4507 Rec 0.4527
2026-09-14 22:49:16 | Epoch  11/100 | Train Loss 15.1269 Acc 0.6059 | Val Loss 13.4348 Acc 0.6292 AUC 0.9361 Pre 0.4427 Rec 0.4649
2026-09-14 22:49:16 |   Val AUC improved to 0.9361, model saved
2026-09-14 22:49:16 | Epoch  12/100 | Train Loss 13.9581 Acc 0.6552 | Val Loss 12.9184 Acc 0.6328 AUC 0.9402 Pre 0.4437 Rec 0.4686
2026-09-14 22:49:16 |   Val AUC improved to 0.9402, model saved
2026-09-14 22:49:16 | Epoch  13/100 | Train Loss 13.1825 Acc 0.6730 | Val Loss 12.3262 Acc 0.6402 AUC 0.9441 Pre 0.4460 Rec 0.4760
2026-09-14 22:49:16 |   Val AUC improved to 0.9441, model saved
2026-09-14 22:49:16 | Epoch  14/100 | Train Loss 12.1030 Acc 0.7112 | Val Loss 11.6094 Acc 0.6661 AUC 0.9471 Pre 0.6861 Rec 0.5059
2026-09-14 22:49:16 |   Val AUC improved to 0.9471, model saved
2026-09-14 22:49:16 | Epoch  15/100 | Train Loss 11.3617 Acc 0.7131 | Val Loss 10.9892 Acc 0.7159 AUC 0.9488 Pre 0.8312 Rec 0.5796
2026-09-14 22:49:16 |   Val AUC improved to 0.9488, model saved
2026-09-14 22:49:16 | Epoch  16/100 | Train Loss 10.3006 Acc 0.7482 | Val Loss 10.3972 Acc 0.7546 AUC 0.9504 Pre 0.8610 Rec 0.6376
2026-09-14 22:49:16 |   Val AUC improved to 0.9504, model saved
2026-09-14 22:49:16 | Epoch  17/100 | Train Loss 9.6208 Acc 0.7525 | Val Loss 9.9264 Acc 0.7804 AUC 0.9515 Pre 0.8710 Rec 0.6788
2026-09-14 22:49:16 |   Val AUC improved to 0.9515, model saved
2026-09-14 22:49:16 | Epoch  18/100 | Train Loss 8.7899 Acc 0.7752 | Val Loss 9.5449 Acc 0.8229 AUC 0.9527 Pre 0.8770 Rec 0.7540
2026-09-14 22:49:16 |   Val AUC improved to 0.9527, model saved
2026-09-14 22:49:16 | Epoch  19/100 | Train Loss 8.2908 Acc 0.7746 | Val Loss 9.1566 Acc 0.8524 AUC 0.9541 Pre 0.8773 Rec 0.8051
2026-09-14 22:49:16 |   Val AUC improved to 0.9541, model saved
2026-09-14 22:49:16 | Epoch  20/100 | Train Loss 7.4690 Acc 0.8085 | Val Loss 8.8444 Acc 0.8598 AUC 0.9552 Pre 0.8693 Rec 0.8180
2026-09-14 22:49:16 |   Val AUC improved to 0.9552, model saved
2026-09-14 22:49:16 | Epoch  21/100 | Train Loss 6.8875 Acc 0.8331 | Val Loss 8.6099 Acc 0.8727 AUC 0.9577 Pre 0.8786 Rec 0.8418
2026-09-14 22:49:16 |   Val AUC improved to 0.9577, model saved
2026-09-14 22:49:16 | Epoch  22/100 | Train Loss 6.2729 Acc 0.8701 | Val Loss 8.4094 Acc 0.8764 AUC 0.9600 Pre 0.8774 Rec 0.8484
2026-09-14 22:49:16 |   Val AUC improved to 0.9600, model saved
2026-09-14 22:49:16 | Epoch  23/100 | Train Loss 5.8614 Acc 0.8707 | Val Loss 8.2886 Acc 0.8727 AUC 0.9620 Pre 0.8765 Rec 0.8439
2026-09-14 22:49:16 |   Val AUC improved to 0.9620, model saved
2026-09-14 22:49:16 | Epoch  24/100 | Train Loss 5.2583 Acc 0.9064 | Val Loss 8.2175 Acc 0.8653 AUC 0.9624 Pre 0.8588 Rec 0.8403
2026-09-14 22:49:16 |   Val AUC improved to 0.9624, model saved
2026-09-14 22:49:16 | Epoch  25/100 | Train Loss 4.9882 Acc 0.9101 | Val Loss 8.2398 Acc 0.8653 AUC 0.9620 Pre 0.8609 Rec 0.8410
2026-09-14 22:49:16 | Epoch  26/100 | Train Loss 4.8660 Acc 0.9156 | Val Loss 8.2310 Acc 0.8598 AUC 0.9615 Pre 0.8494 Rec 0.8392
2026-09-14 22:49:17 | Epoch  27/100 | Train Loss 4.5587 Acc 0.9206 | Val Loss 8.1527 Acc 0.8542 AUC 0.9609 Pre 0.8445 Rec 0.8337
2026-09-14 22:49:17 | Epoch  28/100 | Train Loss 4.2701 Acc 0.9267 | Val Loss 8.0383 Acc 0.8524 AUC 0.9595 Pre 0.8446 Rec 0.8337
2026-09-14 22:49:17 | Epoch  29/100 | Train Loss 3.9721 Acc 0.9347 | Val Loss 7.9334 Acc 0.8524 AUC 0.9586 Pre 0.8466 Rec 0.8345
2026-09-14 22:49:17 | Epoch  30/100 | Train Loss 3.7737 Acc 0.9341 | Val Loss 7.8670 Acc 0.8524 AUC 0.9586 Pre 0.8483 Rec 0.8330
2026-09-14 22:49:17 | Epoch  31/100 | Train Loss 3.6429 Acc 0.9280 | Val Loss 7.8363 Acc 0.8598 AUC 0.9581 Pre 0.8549 Rec 0.8428
2026-09-14 22:49:17 | Epoch  32/100 | Train Loss 3.4130 Acc 0.9427 | Val Loss 7.8380 Acc 0.8579 AUC 0.9574 Pre 0.8515 Rec 0.8394
2026-09-14 22:49:17 | Epoch  33/100 | Train Loss 3.3026 Acc 0.9384 | Val Loss 7.8669 Acc 0.8579 AUC 0.9575 Pre 0.8564 Rec 0.8391
2026-09-14 22:49:17 | Epoch  34/100 | Train Loss 3.2109 Acc 0.9378 | Val Loss 7.8993 Acc 0.8561 AUC 0.9580 Pre 0.8528 Rec 0.8358
2026-09-14 22:49:17 | Val AUC did not improve for 10 consecutive epochs, early stopping at Epoch 34 (best AUC 0.9624 @ Epoch 24)
2026-09-14 22:49:17 | Run 3/5 | Test (best model @ Epoch 24) | Loss 8.0117 Acc 0.8801 AUC 0.9677 Pre 0.8720 Rec 0.8775
2026-09-14 22:49:17 | ===== Run 4/5 (seed 3) =====
2026-09-14 22:49:17 | Epoch   1/100 | Train Loss 29.7287 Acc 0.1219 | Val Loss 23.3729 Acc 0.0664 AUC 0.8453 Pre 0.0095 Rec 0.1429
2026-09-14 22:49:17 |   Val AUC improved to 0.8453, model saved
2026-09-14 22:49:17 | Epoch   2/100 | Train Loss 28.5533 Acc 0.1392 | Val Loss 21.9781 Acc 0.3026 AUC 0.7689 Pre 0.0432 Rec 0.1429
2026-09-14 22:49:17 | Epoch   3/100 | Train Loss 26.4690 Acc 0.1700 | Val Loss 19.5832 Acc 0.3044 AUC 0.8541 Pre 0.0911 Rec 0.1468
2026-09-14 22:49:17 |   Val AUC improved to 0.8541, model saved
2026-09-14 22:49:17 | Epoch   4/100 | Train Loss 23.3376 Acc 0.1718 | Val Loss 19.0634 Acc 0.3026 AUC 0.8803 Pre 0.0432 Rec 0.1429
2026-09-14 22:49:17 |   Val AUC improved to 0.8803, model saved
2026-09-14 22:49:17 | Epoch   5/100 | Train Loss 22.1715 Acc 0.2198 | Val Loss 18.3953 Acc 0.3100 AUC 0.9046 Pre 0.1868 Rec 0.1497
2026-09-14 22:49:17 |   Val AUC improved to 0.9046, model saved
2026-09-14 22:49:17 | Epoch   6/100 | Train Loss 20.9328 Acc 0.2765 | Val Loss 16.8162 Acc 0.3358 AUC 0.9255 Pre 0.2060 Rec 0.1825
2026-09-14 22:49:17 |   Val AUC improved to 0.9255, model saved
2026-09-14 22:49:17 | Epoch   7/100 | Train Loss 19.0652 Acc 0.3344 | Val Loss 15.4272 Acc 0.4391 AUC 0.9423 Pre 0.4946 Rec 0.2805
2026-09-14 22:49:17 |   Val AUC improved to 0.9423, model saved
2026-09-14 22:49:17 | Epoch   8/100 | Train Loss 17.3243 Acc 0.4273 | Val Loss 14.6911 Acc 0.5406 AUC 0.9449 Pre 0.5045 Rec 0.3744
2026-09-14 22:49:17 |   Val AUC improved to 0.9449, model saved
2026-09-14 22:49:17 | Epoch   9/100 | Train Loss 15.9957 Acc 0.5727 | Val Loss 13.6823 Acc 0.6421 AUC 0.9510 Pre 0.6557 Rec 0.5236
2026-09-14 22:49:17 |   Val AUC improved to 0.9510, model saved
2026-09-14 22:49:17 | Epoch  10/100 | Train Loss 14.7700 Acc 0.6268 | Val Loss 12.7739 Acc 0.7196 AUC 0.9569 Pre 0.6725 Rec 0.6309
2026-09-14 22:49:17 |   Val AUC improved to 0.9569, model saved
2026-09-14 22:49:17 | Epoch  11/100 | Train Loss 13.4791 Acc 0.6718 | Val Loss 12.0640 Acc 0.7472 AUC 0.9581 Pre 0.6681 Rec 0.6692
2026-09-14 22:49:17 |   Val AUC improved to 0.9581, model saved
2026-09-14 22:49:17 | Epoch  12/100 | Train Loss 12.4722 Acc 0.6964 | Val Loss 11.3990 Acc 0.7583 AUC 0.9600 Pre 0.6525 Rec 0.6878
2026-09-14 22:49:17 |   Val AUC improved to 0.9600, model saved
2026-09-14 22:49:17 | Epoch  13/100 | Train Loss 11.5762 Acc 0.7297 | Val Loss 10.5399 Acc 0.7712 AUC 0.9621 Pre 0.6465 Rec 0.7120
2026-09-14 22:49:17 |   Val AUC improved to 0.9621, model saved
2026-09-14 22:49:17 | Epoch  14/100 | Train Loss 10.2639 Acc 0.7617 | Val Loss 9.6963 Acc 0.7823 AUC 0.9626 Pre 0.7938 Rec 0.7276
2026-09-14 22:49:17 |   Val AUC improved to 0.9626, model saved
2026-09-14 22:49:17 | Epoch  15/100 | Train Loss 9.2345 Acc 0.7666 | Val Loss 9.0771 Acc 0.8192 AUC 0.9623 Pre 0.8223 Rec 0.7747
2026-09-14 22:49:17 | Epoch  16/100 | Train Loss 8.4695 Acc 0.7814 | Val Loss 8.6338 Acc 0.8376 AUC 0.9612 Pre 0.8386 Rec 0.7975
2026-09-14 22:49:17 | Epoch  17/100 | Train Loss 7.6795 Acc 0.8122 | Val Loss 8.3373 Acc 0.8506 AUC 0.9616 Pre 0.8583 Rec 0.8140
2026-09-14 22:49:17 | Epoch  18/100 | Train Loss 6.8998 Acc 0.8596 | Val Loss 8.1039 Acc 0.8524 AUC 0.9633 Pre 0.8478 Rec 0.8175
2026-09-14 22:49:17 |   Val AUC improved to 0.9633, model saved
2026-09-14 22:49:17 | Epoch  19/100 | Train Loss 6.4031 Acc 0.8608 | Val Loss 7.9033 Acc 0.8524 AUC 0.9648 Pre 0.8398 Rec 0.8206
2026-09-14 22:49:17 |   Val AUC improved to 0.9648, model saved
2026-09-14 22:49:17 | Epoch  20/100 | Train Loss 5.9316 Acc 0.8935 | Val Loss 7.8808 Acc 0.8542 AUC 0.9657 Pre 0.8441 Rec 0.8276
2026-09-14 22:49:17 |   Val AUC improved to 0.9657, model saved
2026-09-14 22:49:17 | Epoch  21/100 | Train Loss 5.5006 Acc 0.8996 | Val Loss 7.8016 Acc 0.8542 AUC 0.9670 Pre 0.8426 Rec 0.8314
2026-09-14 22:49:17 |   Val AUC improved to 0.9670, model saved
2026-09-14 22:49:17 | Epoch  22/100 | Train Loss 5.0306 Acc 0.9169 | Val Loss 7.6908 Acc 0.8579 AUC 0.9675 Pre 0.8461 Rec 0.8407
2026-09-14 22:49:17 |   Val AUC improved to 0.9675, model saved
2026-09-14 22:49:17 | Epoch  23/100 | Train Loss 4.6798 Acc 0.9200 | Val Loss 7.5381 Acc 0.8598 AUC 0.9669 Pre 0.8479 Rec 0.8460
2026-09-14 22:49:17 | Epoch  24/100 | Train Loss 4.3329 Acc 0.9224 | Val Loss 7.4152 Acc 0.8616 AUC 0.9659 Pre 0.8490 Rec 0.8480
2026-09-14 22:49:17 | Epoch  25/100 | Train Loss 4.0047 Acc 0.9273 | Val Loss 7.3736 Acc 0.8616 AUC 0.9642 Pre 0.8493 Rec 0.8493
2026-09-14 22:49:17 | Epoch  26/100 | Train Loss 3.8345 Acc 0.9261 | Val Loss 7.4060 Acc 0.8616 AUC 0.9624 Pre 0.8480 Rec 0.8477
2026-09-14 22:49:17 | Epoch  27/100 | Train Loss 3.6902 Acc 0.9304 | Val Loss 7.4803 Acc 0.8542 AUC 0.9601 Pre 0.8452 Rec 0.8352
2026-09-14 22:49:17 | Epoch  28/100 | Train Loss 3.6143 Acc 0.9310 | Val Loss 7.5484 Acc 0.8579 AUC 0.9577 Pre 0.8461 Rec 0.8389
2026-09-14 22:49:17 | Epoch  29/100 | Train Loss 3.4536 Acc 0.9353 | Val Loss 7.5971 Acc 0.8579 AUC 0.9564 Pre 0.8445 Rec 0.8396
2026-09-14 22:49:17 | Epoch  30/100 | Train Loss 3.2944 Acc 0.9347 | Val Loss 7.6503 Acc 0.8598 AUC 0.9558 Pre 0.8469 Rec 0.8416
2026-09-14 22:49:17 | Epoch  31/100 | Train Loss 3.1556 Acc 0.9470 | Val Loss 7.6823 Acc 0.8635 AUC 0.9556 Pre 0.8484 Rec 0.8457
2026-09-14 22:49:17 | Epoch  32/100 | Train Loss 3.1075 Acc 0.9378 | Val Loss 7.6603 Acc 0.8653 AUC 0.9551 Pre 0.8493 Rec 0.8474
2026-09-14 22:49:17 | Val AUC did not improve for 10 consecutive epochs, early stopping at Epoch 32 (best AUC 0.9675 @ Epoch 22)
2026-09-14 22:49:17 | Run 4/5 | Test (best model @ Epoch 22) | Loss 7.3042 Acc 0.8893 AUC 0.9727 Pre 0.8777 Rec 0.8818
2026-09-14 22:49:17 | ===== Run 5/5 (seed 4) =====
2026-09-14 22:49:17 | Epoch   1/100 | Train Loss 37.0895 Acc 0.1299 | Val Loss 29.3701 Acc 0.1568 AUC 0.8851 Pre 0.0224 Rec 0.1429
2026-09-14 22:49:17 |   Val AUC improved to 0.8851, model saved
2026-09-14 22:49:17 | Epoch   2/100 | Train Loss 35.1998 Acc 0.1466 | Val Loss 26.6063 Acc 0.1568 AUC 0.8126 Pre 0.0224 Rec 0.1429
2026-09-14 22:49:17 | Epoch   3/100 | Train Loss 32.4038 Acc 0.1619 | Val Loss 22.9053 Acc 0.1919 AUC 0.8490 Pre 0.2680 Rec 0.1565
2026-09-14 22:49:17 | Epoch   4/100 | Train Loss 28.0810 Acc 0.2020 | Val Loss 22.1397 Acc 0.4151 AUC 0.8870 Pre 0.3613 Rec 0.2675
2026-09-14 22:49:17 |   Val AUC improved to 0.8870, model saved
2026-09-14 22:49:17 | Epoch   5/100 | Train Loss 26.5876 Acc 0.2839 | Val Loss 20.7618 Acc 0.4520 AUC 0.9331 Pre 0.5041 Rec 0.3254
2026-09-14 22:49:17 |   Val AUC improved to 0.9331, model saved
2026-09-14 22:49:18 | Epoch   6/100 | Train Loss 24.8689 Acc 0.2962 | Val Loss 19.5838 Acc 0.5812 AUC 0.9498 Pre 0.4943 Rec 0.4469
2026-09-14 22:49:18 |   Val AUC improved to 0.9498, model saved
2026-09-14 22:49:18 | Epoch   7/100 | Train Loss 22.8699 Acc 0.3762 | Val Loss 18.4889 Acc 0.6900 AUC 0.9511 Pre 0.5057 Rec 0.5532
2026-09-14 22:49:18 |   Val AUC improved to 0.9511, model saved
2026-09-14 22:49:18 | Epoch   8/100 | Train Loss 21.0501 Acc 0.4975 | Val Loss 17.6242 Acc 0.7048 AUC 0.9523 Pre 0.5115 Rec 0.5624
2026-09-14 22:49:18 |   Val AUC improved to 0.9523, model saved
2026-09-14 22:49:18 | Epoch   9/100 | Train Loss 19.3568 Acc 0.5813 | Val Loss 16.1963 Acc 0.7546 AUC 0.9605 Pre 0.5347 Rec 0.6204
2026-09-14 22:49:18 |   Val AUC improved to 0.9605, model saved
2026-09-14 22:49:18 | Epoch  10/100 | Train Loss 17.4047 Acc 0.6453 | Val Loss 14.8260 Acc 0.7638 AUC 0.9648 Pre 0.6750 Rec 0.6484
2026-09-14 22:49:18 |   Val AUC improved to 0.9648, model saved
2026-09-14 22:49:18 | Epoch  11/100 | Train Loss 15.7122 Acc 0.6890 | Val Loss 13.4842 Acc 0.7841 AUC 0.9667 Pre 0.6832 Rec 0.6837
2026-09-14 22:49:18 |   Val AUC improved to 0.9667, model saved
2026-09-14 22:49:18 | Epoch  12/100 | Train Loss 14.0102 Acc 0.7315 | Val Loss 12.4129 Acc 0.7952 AUC 0.9677 Pre 0.6847 Rec 0.6974
2026-09-14 22:49:18 |   Val AUC improved to 0.9677, model saved
2026-09-14 22:49:18 | Epoch  13/100 | Train Loss 12.4778 Acc 0.7845 | Val Loss 11.4377 Acc 0.8118 AUC 0.9689 Pre 0.8377 Rec 0.7269
2026-09-14 22:49:18 |   Val AUC improved to 0.9689, model saved
2026-09-14 22:49:18 | Epoch  14/100 | Train Loss 10.9294 Acc 0.8294 | Val Loss 10.9224 Acc 0.8210 AUC 0.9701 Pre 0.8380 Rec 0.7455
2026-09-14 22:49:18 |   Val AUC improved to 0.9701, model saved
2026-09-14 22:49:18 | Epoch  15/100 | Train Loss 10.1964 Acc 0.8485 | Val Loss 10.3897 Acc 0.8284 AUC 0.9708 Pre 0.8441 Rec 0.7578
2026-09-14 22:49:18 |   Val AUC improved to 0.9708, model saved
2026-09-14 22:49:18 | Epoch  16/100 | Train Loss 9.3627 Acc 0.8498 | Val Loss 9.9264 Acc 0.8321 AUC 0.9710 Pre 0.8467 Rec 0.7639
2026-09-14 22:49:18 |   Val AUC improved to 0.9710, model saved
2026-09-14 22:49:18 | Epoch  17/100 | Train Loss 8.5956 Acc 0.8645 | Val Loss 9.4990 Acc 0.8487 AUC 0.9716 Pre 0.8536 Rec 0.8030
2026-09-14 22:49:18 |   Val AUC improved to 0.9716, model saved
2026-09-14 22:49:18 | Epoch  18/100 | Train Loss 7.8214 Acc 0.8812 | Val Loss 9.1633 Acc 0.8469 AUC 0.9713 Pre 0.8502 Rec 0.8047
2026-09-14 22:49:18 | Epoch  19/100 | Train Loss 7.0690 Acc 0.8885 | Val Loss 9.0217 Acc 0.8616 AUC 0.9705 Pre 0.8631 Rec 0.8318
2026-09-14 22:49:18 | Epoch  20/100 | Train Loss 6.4664 Acc 0.9021 | Val Loss 8.9198 Acc 0.8672 AUC 0.9698 Pre 0.8659 Rec 0.8433
2026-09-14 22:49:18 | Epoch  21/100 | Train Loss 5.8305 Acc 0.9169 | Val Loss 8.8527 Acc 0.8635 AUC 0.9692 Pre 0.8537 Rec 0.8392
2026-09-14 22:49:18 | Epoch  22/100 | Train Loss 5.5588 Acc 0.9200 | Val Loss 8.8796 Acc 0.8579 AUC 0.9682 Pre 0.8461 Rec 0.8357
2026-09-14 22:49:18 | Epoch  23/100 | Train Loss 5.3193 Acc 0.9206 | Val Loss 8.9849 Acc 0.8542 AUC 0.9670 Pre 0.8438 Rec 0.8312
2026-09-14 22:49:18 | Epoch  24/100 | Train Loss 5.1718 Acc 0.9224 | Val Loss 9.1161 Acc 0.8542 AUC 0.9662 Pre 0.8456 Rec 0.8299
2026-09-14 22:49:18 | Epoch  25/100 | Train Loss 4.8532 Acc 0.9390 | Val Loss 9.2145 Acc 0.8542 AUC 0.9655 Pre 0.8453 Rec 0.8348
2026-09-14 22:49:18 | Epoch  26/100 | Train Loss 4.7154 Acc 0.9329 | Val Loss 9.1832 Acc 0.8542 AUC 0.9648 Pre 0.8435 Rec 0.8332
2026-09-14 22:49:18 | Epoch  27/100 | Train Loss 4.4590 Acc 0.9452 | Val Loss 9.1174 Acc 0.8542 AUC 0.9636 Pre 0.8435 Rec 0.8332
2026-09-14 22:49:18 | Val AUC did not improve for 10 consecutive epochs, early stopping at Epoch 27 (best AUC 0.9716 @ Epoch 17)
2026-09-14 22:49:18 | Run 5/5 | Test (best model @ Epoch 17) | Loss 10.0598 Acc 0.8506 AUC 0.9716 Pre 0.8507 Rec 0.8139
2026-09-14 22:49:18 | Average over 5 runs | Test Loss 9.3286±1.5760 Acc 0.8572±0.0324 AUC 0.9693±0.0037 Pre 0.8550±0.0251 Rec 0.8333±0.0546
