2026-08-26 20:05:20 | Device: cuda
2026-08-26 20:05:20 | Args: {'model': 'svib', 'backbone': 'mlp', 'task': 'agedb', 'epochs': 100, 'batch_size': 512, 'lr': 0.001, 'hidden_dims': [512, 256], 'dropout': 0.2, 'z_dim': 256, 'anchor_scale': 4.0, 'max_len': 250, 'random_labels': False, 'beta': 1.0, 'patience': 10, 'runs': 5, 'seed': 0, 'data_dir': './data', 'save_path': 'output/agedb_mlp_svib/agedb_mlp_svib.pt', 'log_path': '/root/autodl-tmp/FGIB/tune_results/agedb_mlp_svib_beta_1/train.log', 'no_save': True}
2026-08-26 20:05:20 | AgeDB 图像：16488 张，年龄 1~101 岁
2026-08-26 20:05:20 | AgeDB 划分（60/20/20）：train 9892 / val 3298 / test 3298（共 16488 张）
2026-08-26 20:05:20 | AgeDB 预解码缓存命中：./data/agedb/agedb_64x64_uint8.npy
2026-08-26 20:05:20 | AgeDB 加载完成：9892/3298/3298（batch 512，RGB 64x64，ImageNet 归一化），年龄 MinMax 归一化到 [0,1]（1~101 岁）
2026-08-26 20:05:20 | ===== Run 1/5 (seed 0) =====
2026-08-26 20:05:25 | Epoch   1/100 | Train Loss 109.4288 | Val Loss 0.2763 MAE 46.3308 R2 -7.2866
2026-08-26 20:05:25 |   Val R2 improved to -7.2866, model saved
2026-08-26 20:05:26 | Epoch   2/100 | Train Loss 0.4001 | Val Loss 0.2254 MAE 41.3335 R2 -5.8000
2026-08-26 20:05:26 |   Val R2 improved to -5.8000, model saved
2026-08-26 20:05:28 | Epoch   3/100 | Train Loss 0.2970 | Val Loss 0.1951 MAE 37.5936 R2 -4.7957
2026-08-26 20:05:28 |   Val R2 improved to -4.7957, model saved
2026-08-26 20:05:29 | Epoch   4/100 | Train Loss 0.2375 | Val Loss 0.1743 MAE 34.7913 R2 -4.1037
2026-08-26 20:05:29 |   Val R2 improved to -4.1037, model saved
2026-08-26 20:05:30 | Epoch   5/100 | Train Loss 0.2080 | Val Loss 0.1595 MAE 32.6766 R2 -3.6151
2026-08-26 20:05:30 |   Val R2 improved to -3.6151, model saved
2026-08-26 20:05:32 | Epoch   6/100 | Train Loss 0.1915 | Val Loss 0.1493 MAE 31.1629 R2 -3.2825
2026-08-26 20:05:32 |   Val R2 improved to -3.2825, model saved
2026-08-26 20:05:33 | Epoch   7/100 | Train Loss 0.1790 | Val Loss 0.1418 MAE 30.0148 R2 -3.0388
2026-08-26 20:05:33 |   Val R2 improved to -3.0388, model saved
2026-08-26 20:05:34 | Epoch   8/100 | Train Loss 0.1681 | Val Loss 0.1337 MAE 28.7359 R2 -2.7759
2026-08-26 20:05:34 |   Val R2 improved to -2.7759, model saved
2026-08-26 20:05:35 | Epoch   9/100 | Train Loss 0.1573 | Val Loss 0.1262 MAE 27.5331 R2 -2.5354
2026-08-26 20:05:35 |   Val R2 improved to -2.5354, model saved
2026-08-26 20:05:37 | Epoch  10/100 | Train Loss 0.1492 | Val Loss 0.1205 MAE 26.5994 R2 -2.3534
2026-08-26 20:05:37 |   Val R2 improved to -2.3534, model saved
2026-08-26 20:05:38 | Epoch  11/100 | Train Loss 0.1410 | Val Loss 0.1142 MAE 25.5614 R2 -2.1554
2026-08-26 20:05:38 |   Val R2 improved to -2.1554, model saved
2026-08-26 20:05:39 | Epoch  12/100 | Train Loss 0.1314 | Val Loss 0.1083 MAE 24.5754 R2 -1.9713
2026-08-26 20:05:39 |   Val R2 improved to -1.9713, model saved
2026-08-26 20:05:40 | Epoch  13/100 | Train Loss 0.1248 | Val Loss 0.1029 MAE 23.6764 R2 -1.8068
2026-08-26 20:05:40 |   Val R2 improved to -1.8068, model saved
2026-08-26 20:05:41 | Epoch  14/100 | Train Loss 0.1192 | Val Loss 0.0986 MAE 22.9590 R2 -1.6768
2026-08-26 20:05:41 |   Val R2 improved to -1.6768, model saved
2026-08-26 20:05:42 | Epoch  15/100 | Train Loss 0.1111 | Val Loss 0.0935 MAE 22.0916 R2 -1.5214
2026-08-26 20:05:42 |   Val R2 improved to -1.5214, model saved
2026-08-26 20:05:44 | Epoch  16/100 | Train Loss 0.1057 | Val Loss 0.0886 MAE 21.2548 R2 -1.3733
2026-08-26 20:05:44 |   Val R2 improved to -1.3733, model saved
2026-08-26 20:05:45 | Epoch  17/100 | Train Loss 0.0987 | Val Loss 0.0845 MAE 20.5564 R2 -1.2507
2026-08-26 20:05:45 |   Val R2 improved to -1.2507, model saved
2026-08-26 20:05:46 | Epoch  18/100 | Train Loss 0.0940 | Val Loss 0.0805 MAE 19.8901 R2 -1.1344
2026-08-26 20:05:46 |   Val R2 improved to -1.1344, model saved
2026-08-26 20:05:47 | Epoch  19/100 | Train Loss 0.0895 | Val Loss 0.0767 MAE 19.2422 R2 -1.0214
2026-08-26 20:05:47 |   Val R2 improved to -1.0214, model saved
2026-08-26 20:05:48 | Epoch  20/100 | Train Loss 0.0845 | Val Loss 0.0729 MAE 18.6131 R2 -0.9114
2026-08-26 20:05:48 |   Val R2 improved to -0.9114, model saved
2026-08-26 20:05:50 | Epoch  21/100 | Train Loss 0.0791 | Val Loss 0.0696 MAE 18.0792 R2 -0.8173
2026-08-26 20:05:50 |   Val R2 improved to -0.8173, model saved
2026-08-26 20:05:51 | Epoch  22/100 | Train Loss 0.0757 | Val Loss 0.0669 MAE 17.6535 R2 -0.7425
2026-08-26 20:05:51 |   Val R2 improved to -0.7425, model saved
2026-08-26 20:05:52 | Epoch  23/100 | Train Loss 0.0723 | Val Loss 0.0641 MAE 17.2253 R2 -0.6657
2026-08-26 20:05:52 |   Val R2 improved to -0.6657, model saved
2026-08-26 20:05:53 | Epoch  24/100 | Train Loss 0.0700 | Val Loss 0.0614 MAE 16.8133 R2 -0.5916
2026-08-26 20:05:53 |   Val R2 improved to -0.5916, model saved
2026-08-26 20:05:55 | Epoch  25/100 | Train Loss 0.0657 | Val Loss 0.0590 MAE 16.4543 R2 -0.5267
2026-08-26 20:05:55 |   Val R2 improved to -0.5267, model saved
2026-08-26 20:05:56 | Epoch  26/100 | Train Loss 0.0625 | Val Loss 0.0567 MAE 16.1156 R2 -0.4650
2026-08-26 20:05:56 |   Val R2 improved to -0.4650, model saved
2026-08-26 20:05:57 | Epoch  27/100 | Train Loss 0.0603 | Val Loss 0.0546 MAE 15.8308 R2 -0.4096
2026-08-26 20:05:57 |   Val R2 improved to -0.4096, model saved
2026-08-26 20:05:58 | Epoch  28/100 | Train Loss 0.0585 | Val Loss 0.0530 MAE 15.6270 R2 -0.3698
2026-08-26 20:05:58 |   Val R2 improved to -0.3698, model saved
2026-08-26 20:05:59 | Epoch  29/100 | Train Loss 0.0559 | Val Loss 0.0512 MAE 15.3950 R2 -0.3250
2026-08-26 20:05:59 |   Val R2 improved to -0.3250, model saved
2026-08-26 20:06:00 | Epoch  30/100 | Train Loss 0.0537 | Val Loss 0.0494 MAE 15.1615 R2 -0.2768
2026-08-26 20:06:00 |   Val R2 improved to -0.2768, model saved
2026-08-26 20:06:02 | Epoch  31/100 | Train Loss 0.0514 | Val Loss 0.0479 MAE 14.9969 R2 -0.2415
2026-08-26 20:06:02 |   Val R2 improved to -0.2415, model saved
2026-08-26 20:06:03 | Epoch  32/100 | Train Loss 0.0504 | Val Loss 0.0467 MAE 14.8670 R2 -0.2129
2026-08-26 20:06:03 |   Val R2 improved to -0.2129, model saved
2026-08-26 20:06:04 | Epoch  33/100 | Train Loss 0.0495 | Val Loss 0.0454 MAE 14.7377 R2 -0.1832
2026-08-26 20:06:04 |   Val R2 improved to -0.1832, model saved
2026-08-26 20:06:05 | Epoch  34/100 | Train Loss 0.0480 | Val Loss 0.0444 MAE 14.6351 R2 -0.1603
2026-08-26 20:06:05 |   Val R2 improved to -0.1603, model saved
2026-08-26 20:06:06 | Epoch  35/100 | Train Loss 0.0469 | Val Loss 0.0435 MAE 14.5561 R2 -0.1407
2026-08-26 20:06:06 |   Val R2 improved to -0.1407, model saved
2026-08-26 20:06:08 | Epoch  36/100 | Train Loss 0.0454 | Val Loss 0.0425 MAE 14.4771 R2 -0.1214
2026-08-26 20:06:08 |   Val R2 improved to -0.1214, model saved
2026-08-26 20:06:09 | Epoch  37/100 | Train Loss 0.0442 | Val Loss 0.0416 MAE 14.4023 R2 -0.1020
2026-08-26 20:06:09 |   Val R2 improved to -0.1020, model saved
2026-08-26 20:06:10 | Epoch  38/100 | Train Loss 0.0435 | Val Loss 0.0409 MAE 14.3488 R2 -0.0874
2026-08-26 20:06:10 |   Val R2 improved to -0.0874, model saved
2026-08-26 20:06:11 | Epoch  39/100 | Train Loss 0.0429 | Val Loss 0.0403 MAE 14.3105 R2 -0.0778
2026-08-26 20:06:11 |   Val R2 improved to -0.0778, model saved
2026-08-26 20:06:12 | Epoch  40/100 | Train Loss 0.0418 | Val Loss 0.0397 MAE 14.2810 R2 -0.0679
2026-08-26 20:06:12 |   Val R2 improved to -0.0679, model saved
2026-08-26 20:06:13 | Epoch  41/100 | Train Loss 0.0412 | Val Loss 0.0391 MAE 14.2419 R2 -0.0555
2026-08-26 20:06:13 |   Val R2 improved to -0.0555, model saved
2026-08-26 20:06:15 | Epoch  42/100 | Train Loss 0.0410 | Val Loss 0.0386 MAE 14.2152 R2 -0.0474
2026-08-26 20:06:15 |   Val R2 improved to -0.0474, model saved
2026-08-26 20:06:16 | Epoch  43/100 | Train Loss 0.0405 | Val Loss 0.0381 MAE 14.2020 R2 -0.0410
2026-08-26 20:06:16 |   Val R2 improved to -0.0410, model saved
2026-08-26 20:06:17 | Epoch  44/100 | Train Loss 0.0397 | Val Loss 0.0377 MAE 14.1885 R2 -0.0349
2026-08-26 20:06:17 |   Val R2 improved to -0.0349, model saved
2026-08-26 20:06:18 | Epoch  45/100 | Train Loss 0.0394 | Val Loss 0.0373 MAE 14.1740 R2 -0.0289
2026-08-26 20:06:18 |   Val R2 improved to -0.0289, model saved
2026-08-26 20:06:20 | Epoch  46/100 | Train Loss 0.0390 | Val Loss 0.0370 MAE 14.1653 R2 -0.0252
2026-08-26 20:06:20 |   Val R2 improved to -0.0252, model saved
2026-08-26 20:06:21 | Epoch  47/100 | Train Loss 0.0390 | Val Loss 0.0367 MAE 14.1628 R2 -0.0227
2026-08-26 20:06:21 |   Val R2 improved to -0.0227, model saved
2026-08-26 20:06:22 | Epoch  48/100 | Train Loss 0.0384 | Val Loss 0.0364 MAE 14.1592 R2 -0.0194
2026-08-26 20:06:22 |   Val R2 improved to -0.0194, model saved
2026-08-26 20:06:23 | Epoch  49/100 | Train Loss 0.0383 | Val Loss 0.0361 MAE 14.1563 R2 -0.0170
2026-08-26 20:06:23 |   Val R2 improved to -0.0170, model saved
2026-08-26 20:06:24 | Epoch  50/100 | Train Loss 0.0379 | Val Loss 0.0358 MAE 14.1507 R2 -0.0127
2026-08-26 20:06:24 |   Val R2 improved to -0.0127, model saved
2026-08-26 20:06:25 | Epoch  51/100 | Train Loss 0.0377 | Val Loss 0.0355 MAE 14.1486 R2 -0.0113
2026-08-26 20:06:25 |   Val R2 improved to -0.0113, model saved
2026-08-26 20:06:27 | Epoch  52/100 | Train Loss 0.0374 | Val Loss 0.0353 MAE 14.1482 R2 -0.0101
2026-08-26 20:06:27 |   Val R2 improved to -0.0101, model saved
2026-08-26 20:06:28 | Epoch  53/100 | Train Loss 0.0372 | Val Loss 0.0351 MAE 14.1508 R2 -0.0090
2026-08-26 20:06:28 |   Val R2 improved to -0.0090, model saved
2026-08-26 20:06:29 | Epoch  54/100 | Train Loss 0.0370 | Val Loss 0.0349 MAE 14.1562 R2 -0.0066
2026-08-26 20:06:29 |   Val R2 improved to -0.0066, model saved
2026-08-26 20:06:30 | Epoch  55/100 | Train Loss 0.0366 | Val Loss 0.0347 MAE 14.1613 R2 -0.0048
2026-08-26 20:06:30 |   Val R2 improved to -0.0048, model saved
2026-08-26 20:06:31 | Epoch  56/100 | Train Loss 0.0366 | Val Loss 0.0345 MAE 14.1624 R2 -0.0045
2026-08-26 20:06:31 |   Val R2 improved to -0.0045, model saved
2026-08-26 20:06:32 | Epoch  57/100 | Train Loss 0.0365 | Val Loss 0.0344 MAE 14.1597 R2 -0.0053
2026-08-26 20:06:34 | Epoch  58/100 | Train Loss 0.0363 | Val Loss 0.0342 MAE 14.1628 R2 -0.0042
2026-08-26 20:06:34 |   Val R2 improved to -0.0042, model saved
2026-08-26 20:06:35 | Epoch  59/100 | Train Loss 0.0362 | Val Loss 0.0340 MAE 14.1666 R2 -0.0032
2026-08-26 20:06:35 |   Val R2 improved to -0.0032, model saved
2026-08-26 20:06:36 | Epoch  60/100 | Train Loss 0.0359 | Val Loss 0.0339 MAE 14.1656 R2 -0.0035
2026-08-26 20:06:37 | Epoch  61/100 | Train Loss 0.0357 | Val Loss 0.0338 MAE 14.1673 R2 -0.0030
2026-08-26 20:06:37 |   Val R2 improved to -0.0030, model saved
2026-08-26 20:06:38 | Epoch  62/100 | Train Loss 0.0358 | Val Loss 0.0336 MAE 14.1700 R2 -0.0023
2026-08-26 20:06:38 |   Val R2 improved to -0.0023, model saved
2026-08-26 20:06:39 | Epoch  63/100 | Train Loss 0.0355 | Val Loss 0.0335 MAE 14.1697 R2 -0.0024
2026-08-26 20:06:40 | Epoch  64/100 | Train Loss 0.0355 | Val Loss 0.0334 MAE 14.1753 R2 -0.0017
2026-08-26 20:06:40 |   Val R2 improved to -0.0017, model saved
2026-08-26 20:06:42 | Epoch  65/100 | Train Loss 0.0353 | Val Loss 0.0333 MAE 14.1741 R2 -0.0018
2026-08-26 20:06:43 | Epoch  66/100 | Train Loss 0.0353 | Val Loss 0.0331 MAE 14.1766 R2 -0.0016
2026-08-26 20:06:43 |   Val R2 improved to -0.0016, model saved
2026-08-26 20:06:44 | Epoch  67/100 | Train Loss 0.0353 | Val Loss 0.0330 MAE 14.1801 R2 -0.0014
2026-08-26 20:06:44 |   Val R2 improved to -0.0014, model saved
2026-08-26 20:06:45 | Epoch  68/100 | Train Loss 0.0350 | Val Loss 0.0329 MAE 14.1749 R2 -0.0017
2026-08-26 20:06:46 | Epoch  69/100 | Train Loss 0.0351 | Val Loss 0.0328 MAE 14.1751 R2 -0.0017
2026-08-26 20:06:47 | Epoch  70/100 | Train Loss 0.0347 | Val Loss 0.0327 MAE 14.1816 R2 -0.0013
2026-08-26 20:06:47 |   Val R2 improved to -0.0013, model saved
2026-08-26 20:06:49 | Epoch  71/100 | Train Loss 0.0348 | Val Loss 0.0327 MAE 14.1828 R2 -0.0013
2026-08-26 20:06:49 |   Val R2 improved to -0.0013, model saved
2026-08-26 20:06:50 | Epoch  72/100 | Train Loss 0.0346 | Val Loss 0.0326 MAE 14.1807 R2 -0.0013
2026-08-26 20:06:51 | Epoch  73/100 | Train Loss 0.0347 | Val Loss 0.0325 MAE 14.1866 R2 -0.0010
2026-08-26 20:06:51 |   Val R2 improved to -0.0010, model saved
2026-08-26 20:06:52 | Epoch  74/100 | Train Loss 0.0345 | Val Loss 0.0324 MAE 14.1891 R2 -0.0009
2026-08-26 20:06:52 |   Val R2 improved to -0.0009, model saved
2026-08-26 20:06:53 | Epoch  75/100 | Train Loss 0.0344 | Val Loss 0.0323 MAE 14.1873 R2 -0.0010
2026-08-26 20:06:55 | Epoch  76/100 | Train Loss 0.0344 | Val Loss 0.0322 MAE 14.1824 R2 -0.0012
2026-08-26 20:06:56 | Epoch  77/100 | Train Loss 0.0341 | Val Loss 0.0322 MAE 14.1828 R2 -0.0012
2026-08-26 20:06:57 | Epoch  78/100 | Train Loss 0.0342 | Val Loss 0.0321 MAE 14.1880 R2 -0.0009
2026-08-26 20:06:58 | Epoch  79/100 | Train Loss 0.0339 | Val Loss 0.0320 MAE 14.1870 R2 -0.0010
2026-08-26 20:06:59 | Epoch  80/100 | Train Loss 0.0341 | Val Loss 0.0319 MAE 14.1901 R2 -0.0008
2026-08-26 20:06:59 |   Val R2 improved to -0.0008, model saved
2026-08-26 20:07:01 | Epoch  81/100 | Train Loss 0.0339 | Val Loss 0.0319 MAE 14.1910 R2 -0.0008
2026-08-26 20:07:01 |   Val R2 improved to -0.0008, model saved
2026-08-26 20:07:02 | Epoch  82/100 | Train Loss 0.0339 | Val Loss 0.0318 MAE 14.1935 R2 -0.0007
2026-08-26 20:07:02 |   Val R2 improved to -0.0007, model saved
2026-08-26 20:07:03 | Epoch  83/100 | Train Loss 0.0340 | Val Loss 0.0318 MAE 14.1888 R2 -0.0009
2026-08-26 20:07:04 | Epoch  84/100 | Train Loss 0.0339 | Val Loss 0.0317 MAE 14.1883 R2 -0.0009
2026-08-26 20:07:05 | Epoch  85/100 | Train Loss 0.0337 | Val Loss 0.0317 MAE 14.1834 R2 -0.0012
2026-08-26 20:07:07 | Epoch  86/100 | Train Loss 0.0336 | Val Loss 0.0316 MAE 14.1900 R2 -0.0008
2026-08-26 20:07:08 | Epoch  87/100 | Train Loss 0.0336 | Val Loss 0.0315 MAE 14.1867 R2 -0.0010
2026-08-26 20:07:09 | Epoch  88/100 | Train Loss 0.0335 | Val Loss 0.0315 MAE 14.1897 R2 -0.0008
2026-08-26 20:07:10 | Epoch  89/100 | Train Loss 0.0336 | Val Loss 0.0314 MAE 14.1871 R2 -0.0010
2026-08-26 20:07:11 | Epoch  90/100 | Train Loss 0.0335 | Val Loss 0.0314 MAE 14.1843 R2 -0.0011
2026-08-26 20:07:12 | Epoch  91/100 | Train Loss 0.0333 | Val Loss 0.0313 MAE 14.1924 R2 -0.0007
2026-08-26 20:07:14 | Epoch  92/100 | Train Loss 0.0334 | Val Loss 0.0313 MAE 14.1856 R2 -0.0011
2026-08-26 20:07:14 | Val R2 did not improve for 10 consecutive epochs, early stopping at Epoch 92 (best R2 -0.0007 @ Epoch 82)
2026-08-26 20:07:14 | Run 1/5 | Test (best model @ Epoch 82) | Loss 0.0328 MAE 14.6499 R2 -0.0009
2026-08-26 20:07:14 | ===== Run 2/5 (seed 1) =====
2026-08-26 20:07:15 | Epoch   1/100 | Train Loss 82.7248 | Val Loss 0.1877 MAE 36.4360 R2 -4.5038
2026-08-26 20:07:15 |   Val R2 improved to -4.5038, model saved
2026-08-26 20:07:16 | Epoch   2/100 | Train Loss 0.2920 | Val Loss 0.1528 MAE 31.8960 R2 -3.4421
2026-08-26 20:07:16 |   Val R2 improved to -3.4421, model saved
2026-08-26 20:07:18 | Epoch   3/100 | Train Loss 0.2026 | Val Loss 0.1320 MAE 28.6602 R2 -2.7605
2026-08-26 20:07:18 |   Val R2 improved to -2.7605, model saved
2026-08-26 20:07:19 | Epoch   4/100 | Train Loss 0.1534 | Val Loss 0.1180 MAE 26.3390 R2 -2.3034
2026-08-26 20:07:19 |   Val R2 improved to -2.3034, model saved
2026-08-26 20:07:20 | Epoch   5/100 | Train Loss 0.1368 | Val Loss 0.1092 MAE 24.8335 R2 -2.0192
2026-08-26 20:07:20 |   Val R2 improved to -2.0192, model saved
2026-08-26 20:07:21 | Epoch   6/100 | Train Loss 0.1256 | Val Loss 0.1027 MAE 23.7038 R2 -1.8118
2026-08-26 20:07:21 |   Val R2 improved to -1.8118, model saved
2026-08-26 20:07:23 | Epoch   7/100 | Train Loss 0.1162 | Val Loss 0.0961 MAE 22.5506 R2 -1.6039
2026-08-26 20:07:23 |   Val R2 improved to -1.6039, model saved
2026-08-26 20:07:24 | Epoch   8/100 | Train Loss 0.1089 | Val Loss 0.0907 MAE 21.6176 R2 -1.4376
2026-08-26 20:07:24 |   Val R2 improved to -1.4376, model saved
2026-08-26 20:07:25 | Epoch   9/100 | Train Loss 0.1020 | Val Loss 0.0860 MAE 20.8153 R2 -1.2963
2026-08-26 20:07:25 |   Val R2 improved to -1.2963, model saved
2026-08-26 20:07:26 | Epoch  10/100 | Train Loss 0.0962 | Val Loss 0.0812 MAE 20.0058 R2 -1.1547
2026-08-26 20:07:26 |   Val R2 improved to -1.1547, model saved
2026-08-26 20:07:27 | Epoch  11/100 | Train Loss 0.0897 | Val Loss 0.0770 MAE 19.3008 R2 -1.0317
2026-08-26 20:07:27 |   Val R2 improved to -1.0317, model saved
2026-08-26 20:07:28 | Epoch  12/100 | Train Loss 0.0844 | Val Loss 0.0726 MAE 18.5488 R2 -0.9000
2026-08-26 20:07:28 |   Val R2 improved to -0.9000, model saved
2026-08-26 20:07:30 | Epoch  13/100 | Train Loss 0.0818 | Val Loss 0.0689 MAE 17.9601 R2 -0.7960
2026-08-26 20:07:30 |   Val R2 improved to -0.7960, model saved
2026-08-26 20:07:31 | Epoch  14/100 | Train Loss 0.0745 | Val Loss 0.0656 MAE 17.4235 R2 -0.7008
2026-08-26 20:07:31 |   Val R2 improved to -0.7008, model saved
2026-08-26 20:07:32 | Epoch  15/100 | Train Loss 0.0710 | Val Loss 0.0627 MAE 16.9951 R2 -0.6246
2026-08-26 20:07:32 |   Val R2 improved to -0.6246, model saved
2026-08-26 20:07:33 | Epoch  16/100 | Train Loss 0.0669 | Val Loss 0.0597 MAE 16.5225 R2 -0.5395
2026-08-26 20:07:33 |   Val R2 improved to -0.5395, model saved
2026-08-26 20:07:34 | Epoch  17/100 | Train Loss 0.0634 | Val Loss 0.0570 MAE 16.1343 R2 -0.4687
2026-08-26 20:07:34 |   Val R2 improved to -0.4687, model saved
2026-08-26 20:07:35 | Epoch  18/100 | Train Loss 0.0606 | Val Loss 0.0547 MAE 15.8187 R2 -0.4074
2026-08-26 20:07:35 |   Val R2 improved to -0.4074, model saved
2026-08-26 20:07:36 | Epoch  19/100 | Train Loss 0.0585 | Val Loss 0.0526 MAE 15.5391 R2 -0.3525
2026-08-26 20:07:36 |   Val R2 improved to -0.3525, model saved
2026-08-26 20:07:38 | Epoch  20/100 | Train Loss 0.0559 | Val Loss 0.0510 MAE 15.3592 R2 -0.3175
2026-08-26 20:07:38 |   Val R2 improved to -0.3175, model saved
2026-08-26 20:07:39 | Epoch  21/100 | Train Loss 0.0535 | Val Loss 0.0492 MAE 15.1454 R2 -0.2736
2026-08-26 20:07:39 |   Val R2 improved to -0.2736, model saved
2026-08-26 20:07:40 | Epoch  22/100 | Train Loss 0.0515 | Val Loss 0.0474 MAE 14.9449 R2 -0.2298
2026-08-26 20:07:40 |   Val R2 improved to -0.2298, model saved
2026-08-26 20:07:42 | Epoch  23/100 | Train Loss 0.0495 | Val Loss 0.0459 MAE 14.7790 R2 -0.1928
2026-08-26 20:07:42 |   Val R2 improved to -0.1928, model saved
2026-08-26 20:07:43 | Epoch  24/100 | Train Loss 0.0481 | Val Loss 0.0446 MAE 14.6536 R2 -0.1643
2026-08-26 20:07:43 |   Val R2 improved to -0.1643, model saved
2026-08-26 20:07:44 | Epoch  25/100 | Train Loss 0.0466 | Val Loss 0.0435 MAE 14.5652 R2 -0.1430
2026-08-26 20:07:44 |   Val R2 improved to -0.1430, model saved
2026-08-26 20:07:45 | Epoch  26/100 | Train Loss 0.0453 | Val Loss 0.0423 MAE 14.4557 R2 -0.1164
2026-08-26 20:07:45 |   Val R2 improved to -0.1164, model saved
2026-08-26 20:07:46 | Epoch  27/100 | Train Loss 0.0446 | Val Loss 0.0414 MAE 14.3900 R2 -0.0985
2026-08-26 20:07:46 |   Val R2 improved to -0.0985, model saved
2026-08-26 20:07:48 | Epoch  28/100 | Train Loss 0.0430 | Val Loss 0.0405 MAE 14.3211 R2 -0.0804
2026-08-26 20:07:48 |   Val R2 improved to -0.0804, model saved
2026-08-26 20:07:49 | Epoch  29/100 | Train Loss 0.0423 | Val Loss 0.0397 MAE 14.2743 R2 -0.0657
2026-08-26 20:07:49 |   Val R2 improved to -0.0657, model saved
2026-08-26 20:07:50 | Epoch  30/100 | Train Loss 0.0419 | Val Loss 0.0391 MAE 14.2435 R2 -0.0559
2026-08-26 20:07:50 |   Val R2 improved to -0.0559, model saved
2026-08-26 20:07:51 | Epoch  31/100 | Train Loss 0.0412 | Val Loss 0.0385 MAE 14.2144 R2 -0.0470
2026-08-26 20:07:51 |   Val R2 improved to -0.0470, model saved
2026-08-26 20:07:52 | Epoch  32/100 | Train Loss 0.0406 | Val Loss 0.0380 MAE 14.2010 R2 -0.0405
2026-08-26 20:07:52 |   Val R2 improved to -0.0405, model saved
2026-08-26 20:07:54 | Epoch  33/100 | Train Loss 0.0398 | Val Loss 0.0374 MAE 14.1795 R2 -0.0311
2026-08-26 20:07:54 |   Val R2 improved to -0.0311, model saved
2026-08-26 20:07:55 | Epoch  34/100 | Train Loss 0.0390 | Val Loss 0.0370 MAE 14.1654 R2 -0.0251
2026-08-26 20:07:55 |   Val R2 improved to -0.0251, model saved
2026-08-26 20:07:56 | Epoch  35/100 | Train Loss 0.0390 | Val Loss 0.0366 MAE 14.1600 R2 -0.0201
2026-08-26 20:07:56 |   Val R2 improved to -0.0201, model saved
2026-08-26 20:07:57 | Epoch  36/100 | Train Loss 0.0384 | Val Loss 0.0362 MAE 14.1570 R2 -0.0176
2026-08-26 20:07:57 |   Val R2 improved to -0.0176, model saved
2026-08-26 20:07:58 | Epoch  37/100 | Train Loss 0.0379 | Val Loss 0.0359 MAE 14.1542 R2 -0.0153
2026-08-26 20:07:58 |   Val R2 improved to -0.0153, model saved
2026-08-26 20:08:00 | Epoch  38/100 | Train Loss 0.0377 | Val Loss 0.0356 MAE 14.1495 R2 -0.0119
2026-08-26 20:08:00 |   Val R2 improved to -0.0119, model saved
2026-08-26 20:08:01 | Epoch  39/100 | Train Loss 0.0374 | Val Loss 0.0353 MAE 14.1499 R2 -0.0093
2026-08-26 20:08:01 |   Val R2 improved to -0.0093, model saved
2026-08-26 20:08:02 | Epoch  40/100 | Train Loss 0.0377 | Val Loss 0.0350 MAE 14.1524 R2 -0.0082
2026-08-26 20:08:02 |   Val R2 improved to -0.0082, model saved
2026-08-26 20:08:03 | Epoch  41/100 | Train Loss 0.0369 | Val Loss 0.0348 MAE 14.1551 R2 -0.0071
2026-08-26 20:08:03 |   Val R2 improved to -0.0071, model saved
2026-08-26 20:08:04 | Epoch  42/100 | Train Loss 0.0367 | Val Loss 0.0346 MAE 14.1583 R2 -0.0058
2026-08-26 20:08:04 |   Val R2 improved to -0.0058, model saved
2026-08-26 20:08:06 | Epoch  43/100 | Train Loss 0.0364 | Val Loss 0.0344 MAE 14.1609 R2 -0.0049
2026-08-26 20:08:06 |   Val R2 improved to -0.0049, model saved
2026-08-26 20:08:07 | Epoch  44/100 | Train Loss 0.0362 | Val Loss 0.0342 MAE 14.1626 R2 -0.0044
2026-08-26 20:08:07 |   Val R2 improved to -0.0044, model saved
2026-08-26 20:08:08 | Epoch  45/100 | Train Loss 0.0361 | Val Loss 0.0340 MAE 14.1644 R2 -0.0038
2026-08-26 20:08:08 |   Val R2 improved to -0.0038, model saved
2026-08-26 20:08:09 | Epoch  46/100 | Train Loss 0.0360 | Val Loss 0.0338 MAE 14.1672 R2 -0.0030
2026-08-26 20:08:09 |   Val R2 improved to -0.0030, model saved
2026-08-26 20:08:10 | Epoch  47/100 | Train Loss 0.0358 | Val Loss 0.0336 MAE 14.1699 R2 -0.0023
2026-08-26 20:08:10 |   Val R2 improved to -0.0023, model saved
2026-08-26 20:08:11 | Epoch  48/100 | Train Loss 0.0357 | Val Loss 0.0335 MAE 14.1712 R2 -0.0021
2026-08-26 20:08:11 |   Val R2 improved to -0.0021, model saved
2026-08-26 20:08:13 | Epoch  49/100 | Train Loss 0.0355 | Val Loss 0.0333 MAE 14.1740 R2 -0.0018
2026-08-26 20:08:13 |   Val R2 improved to -0.0018, model saved
2026-08-26 20:08:14 | Epoch  50/100 | Train Loss 0.0353 | Val Loss 0.0332 MAE 14.1742 R2 -0.0018
2026-08-26 20:08:14 |   Val R2 improved to -0.0018, model saved
2026-08-26 20:08:15 | Epoch  51/100 | Train Loss 0.0351 | Val Loss 0.0331 MAE 14.1718 R2 -0.0020
2026-08-26 20:08:16 | Epoch  52/100 | Train Loss 0.0354 | Val Loss 0.0330 MAE 14.1739 R2 -0.0018
2026-08-26 20:08:17 | Epoch  53/100 | Train Loss 0.0351 | Val Loss 0.0328 MAE 14.1823 R2 -0.0013
2026-08-26 20:08:17 |   Val R2 improved to -0.0013, model saved
2026-08-26 20:08:19 | Epoch  54/100 | Train Loss 0.0349 | Val Loss 0.0327 MAE 14.1764 R2 -0.0016
2026-08-26 20:08:20 | Epoch  55/100 | Train Loss 0.0347 | Val Loss 0.0326 MAE 14.1821 R2 -0.0013
2026-08-26 20:08:21 | Epoch  56/100 | Train Loss 0.0348 | Val Loss 0.0325 MAE 14.1845 R2 -0.0011
2026-08-26 20:08:21 |   Val R2 improved to -0.0011, model saved
2026-08-26 20:08:22 | Epoch  57/100 | Train Loss 0.0346 | Val Loss 0.0324 MAE 14.1904 R2 -0.0008
2026-08-26 20:08:22 |   Val R2 improved to -0.0008, model saved
2026-08-26 20:08:23 | Epoch  58/100 | Train Loss 0.0343 | Val Loss 0.0323 MAE 14.1801 R2 -0.0014
2026-08-26 20:08:24 | Epoch  59/100 | Train Loss 0.0345 | Val Loss 0.0322 MAE 14.1883 R2 -0.0009
2026-08-26 20:08:26 | Epoch  60/100 | Train Loss 0.0342 | Val Loss 0.0321 MAE 14.1777 R2 -0.0015
2026-08-26 20:08:27 | Epoch  61/100 | Train Loss 0.0342 | Val Loss 0.0321 MAE 14.1781 R2 -0.0015
2026-08-26 20:08:28 | Epoch  62/100 | Train Loss 0.0340 | Val Loss 0.0319 MAE 14.1920 R2 -0.0007
2026-08-26 20:08:28 |   Val R2 improved to -0.0007, model saved
2026-08-26 20:08:29 | Epoch  63/100 | Train Loss 0.0340 | Val Loss 0.0319 MAE 14.1849 R2 -0.0011
2026-08-26 20:08:30 | Epoch  64/100 | Train Loss 0.0338 | Val Loss 0.0318 MAE 14.1882 R2 -0.0009
2026-08-26 20:08:31 | Epoch  65/100 | Train Loss 0.0340 | Val Loss 0.0317 MAE 14.1882 R2 -0.0009
2026-08-26 20:08:33 | Epoch  66/100 | Train Loss 0.0340 | Val Loss 0.0317 MAE 14.1901 R2 -0.0008
2026-08-26 20:08:34 | Epoch  67/100 | Train Loss 0.0336 | Val Loss 0.0316 MAE 14.1911 R2 -0.0008
2026-08-26 20:08:35 | Epoch  68/100 | Train Loss 0.0334 | Val Loss 0.0315 MAE 14.1895 R2 -0.0009
2026-08-26 20:08:36 | Epoch  69/100 | Train Loss 0.0336 | Val Loss 0.0315 MAE 14.1926 R2 -0.0007
2026-08-26 20:08:36 |   Val R2 improved to -0.0007, model saved
2026-08-26 20:08:37 | Epoch  70/100 | Train Loss 0.0337 | Val Loss 0.0314 MAE 14.1841 R2 -0.0011
2026-08-26 20:08:38 | Epoch  71/100 | Train Loss 0.0336 | Val Loss 0.0314 MAE 14.1865 R2 -0.0010
2026-08-26 20:08:40 | Epoch  72/100 | Train Loss 0.0335 | Val Loss 0.0313 MAE 14.1885 R2 -0.0009
2026-08-26 20:08:41 | Epoch  73/100 | Train Loss 0.0334 | Val Loss 0.0312 MAE 14.1940 R2 -0.0007
2026-08-26 20:08:41 |   Val R2 improved to -0.0007, model saved
2026-08-26 20:08:42 | Epoch  74/100 | Train Loss 0.0333 | Val Loss 0.0312 MAE 14.1966 R2 -0.0005
2026-08-26 20:08:42 |   Val R2 improved to -0.0005, model saved
2026-08-26 20:08:43 | Epoch  75/100 | Train Loss 0.0332 | Val Loss 0.0311 MAE 14.1863 R2 -0.0010
2026-08-26 20:08:44 | Epoch  76/100 | Train Loss 0.0334 | Val Loss 0.0311 MAE 14.1822 R2 -0.0013
2026-08-26 20:08:45 | Epoch  77/100 | Train Loss 0.0333 | Val Loss 0.0310 MAE 14.1917 R2 -0.0008
2026-08-26 20:08:46 | Epoch  78/100 | Train Loss 0.0331 | Val Loss 0.0310 MAE 14.1978 R2 -0.0005
2026-08-26 20:08:46 |   Val R2 improved to -0.0005, model saved
2026-08-26 20:08:48 | Epoch  79/100 | Train Loss 0.0332 | Val Loss 0.0310 MAE 14.1829 R2 -0.0012
2026-08-26 20:08:49 | Epoch  80/100 | Train Loss 0.0330 | Val Loss 0.0309 MAE 14.1879 R2 -0.0009
2026-08-26 20:08:50 | Epoch  81/100 | Train Loss 0.0330 | Val Loss 0.0309 MAE 14.1848 R2 -0.0011
2026-08-26 20:08:51 | Epoch  82/100 | Train Loss 0.0331 | Val Loss 0.0308 MAE 14.1815 R2 -0.0013
2026-08-26 20:08:52 | Epoch  83/100 | Train Loss 0.0330 | Val Loss 0.0308 MAE 14.1867 R2 -0.0010
2026-08-26 20:08:53 | Epoch  84/100 | Train Loss 0.0329 | Val Loss 0.0308 MAE 14.1919 R2 -0.0007
2026-08-26 20:08:55 | Epoch  85/100 | Train Loss 0.0330 | Val Loss 0.0307 MAE 14.1916 R2 -0.0008
2026-08-26 20:08:56 | Epoch  86/100 | Train Loss 0.0327 | Val Loss 0.0307 MAE 14.1903 R2 -0.0008
2026-08-26 20:08:57 | Epoch  87/100 | Train Loss 0.0327 | Val Loss 0.0307 MAE 14.1931 R2 -0.0007
2026-08-26 20:08:58 | Epoch  88/100 | Train Loss 0.0327 | Val Loss 0.0306 MAE 14.1954 R2 -0.0006
2026-08-26 20:08:58 | Val R2 did not improve for 10 consecutive epochs, early stopping at Epoch 88 (best R2 -0.0005 @ Epoch 78)
2026-08-26 20:08:58 | Run 2/5 | Test (best model @ Epoch 78) | Loss 0.0320 MAE 14.6572 R2 -0.0011
2026-08-26 20:08:58 | ===== Run 3/5 (seed 2) =====
2026-08-26 20:09:00 | Epoch   1/100 | Train Loss 54.9244 | Val Loss 0.2242 MAE 41.2450 R2 -5.7755
2026-08-26 20:09:00 |   Val R2 improved to -5.7755, model saved
2026-08-26 20:09:01 | Epoch   2/100 | Train Loss 0.3379 | Val Loss 0.1833 MAE 36.1681 R2 -4.4375
2026-08-26 20:09:01 |   Val R2 improved to -4.4375, model saved
2026-08-26 20:09:02 | Epoch   3/100 | Train Loss 0.2403 | Val Loss 0.1580 MAE 32.6211 R2 -3.6027
2026-08-26 20:09:02 |   Val R2 improved to -3.6027, model saved
2026-08-26 20:09:03 | Epoch   4/100 | Train Loss 0.1879 | Val Loss 0.1428 MAE 30.3198 R2 -3.1027
2026-08-26 20:09:03 |   Val R2 improved to -3.1027, model saved
2026-08-26 20:09:05 | Epoch   5/100 | Train Loss 0.1626 | Val Loss 0.1313 MAE 28.4981 R2 -2.7277
2026-08-26 20:09:05 |   Val R2 improved to -2.7277, model saved
2026-08-26 20:09:06 | Epoch   6/100 | Train Loss 0.1490 | Val Loss 0.1220 MAE 26.9968 R2 -2.4307
2026-08-26 20:09:06 |   Val R2 improved to -2.4307, model saved
2026-08-26 20:09:07 | Epoch   7/100 | Train Loss 0.1397 | Val Loss 0.1144 MAE 25.7611 R2 -2.1931
2026-08-26 20:09:07 |   Val R2 improved to -2.1931, model saved
2026-08-26 20:09:08 | Epoch   8/100 | Train Loss 0.1328 | Val Loss 0.1086 MAE 24.8150 R2 -2.0155
2026-08-26 20:09:08 |   Val R2 improved to -2.0155, model saved
2026-08-26 20:09:09 | Epoch   9/100 | Train Loss 0.1251 | Val Loss 0.1034 MAE 23.9717 R2 -1.8604
2026-08-26 20:09:09 |   Val R2 improved to -1.8604, model saved
2026-08-26 20:09:10 | Epoch  10/100 | Train Loss 0.1170 | Val Loss 0.0971 MAE 22.9195 R2 -1.6696
2026-08-26 20:09:10 |   Val R2 improved to -1.6696, model saved
2026-08-26 20:09:12 | Epoch  11/100 | Train Loss 0.1110 | Val Loss 0.0922 MAE 22.1193 R2 -1.5263
2026-08-26 20:09:12 |   Val R2 improved to -1.5263, model saved
2026-08-26 20:09:13 | Epoch  12/100 | Train Loss 0.1033 | Val Loss 0.0873 MAE 21.3218 R2 -1.3850
2026-08-26 20:09:13 |   Val R2 improved to -1.3850, model saved
2026-08-26 20:09:14 | Epoch  13/100 | Train Loss 0.0966 | Val Loss 0.0822 MAE 20.4731 R2 -1.2362
2026-08-26 20:09:14 |   Val R2 improved to -1.2362, model saved
2026-08-26 20:09:15 | Epoch  14/100 | Train Loss 0.0905 | Val Loss 0.0779 MAE 19.7625 R2 -1.1121
2026-08-26 20:09:15 |   Val R2 improved to -1.1121, model saved
2026-08-26 20:09:16 | Epoch  15/100 | Train Loss 0.0854 | Val Loss 0.0740 MAE 19.1434 R2 -1.0042
2026-08-26 20:09:16 |   Val R2 improved to -1.0042, model saved
2026-08-26 20:09:17 | Epoch  16/100 | Train Loss 0.0811 | Val Loss 0.0703 MAE 18.5574 R2 -0.9014
2026-08-26 20:09:17 |   Val R2 improved to -0.9014, model saved
2026-08-26 20:09:19 | Epoch  17/100 | Train Loss 0.0764 | Val Loss 0.0670 MAE 18.0541 R2 -0.8127
2026-08-26 20:09:19 |   Val R2 improved to -0.8127, model saved
2026-08-26 20:09:20 | Epoch  18/100 | Train Loss 0.0718 | Val Loss 0.0636 MAE 17.5189 R2 -0.7180
2026-08-26 20:09:20 |   Val R2 improved to -0.7180, model saved
2026-08-26 20:09:21 | Epoch  19/100 | Train Loss 0.0675 | Val Loss 0.0602 MAE 17.0001 R2 -0.6254
2026-08-26 20:09:21 |   Val R2 improved to -0.6254, model saved
2026-08-26 20:09:22 | Epoch  20/100 | Train Loss 0.0647 | Val Loss 0.0579 MAE 16.6679 R2 -0.5659
2026-08-26 20:09:22 |   Val R2 improved to -0.5659, model saved
2026-08-26 20:09:23 | Epoch  21/100 | Train Loss 0.0614 | Val Loss 0.0553 MAE 16.3052 R2 -0.4993
2026-08-26 20:09:23 |   Val R2 improved to -0.4993, model saved
2026-08-26 20:09:24 | Epoch  22/100 | Train Loss 0.0578 | Val Loss 0.0527 MAE 15.9251 R2 -0.4275
2026-08-26 20:09:24 |   Val R2 improved to -0.4275, model saved
2026-08-26 20:09:26 | Epoch  23/100 | Train Loss 0.0556 | Val Loss 0.0505 MAE 15.6397 R2 -0.3723
2026-08-26 20:09:26 |   Val R2 improved to -0.3723, model saved
2026-08-26 20:09:27 | Epoch  24/100 | Train Loss 0.0528 | Val Loss 0.0486 MAE 15.3966 R2 -0.3253
2026-08-26 20:09:27 |   Val R2 improved to -0.3253, model saved
2026-08-26 20:09:28 | Epoch  25/100 | Train Loss 0.0518 | Val Loss 0.0472 MAE 15.2492 R2 -0.2945
2026-08-26 20:09:28 |   Val R2 improved to -0.2945, model saved
2026-08-26 20:09:29 | Epoch  26/100 | Train Loss 0.0489 | Val Loss 0.0455 MAE 15.0457 R2 -0.2528
2026-08-26 20:09:29 |   Val R2 improved to -0.2528, model saved
2026-08-26 20:09:30 | Epoch  27/100 | Train Loss 0.0475 | Val Loss 0.0439 MAE 14.8696 R2 -0.2134
2026-08-26 20:09:30 |   Val R2 improved to -0.2134, model saved
2026-08-26 20:09:32 | Epoch  28/100 | Train Loss 0.0458 | Val Loss 0.0426 MAE 14.7417 R2 -0.1841
2026-08-26 20:09:32 |   Val R2 improved to -0.1841, model saved
2026-08-26 20:09:33 | Epoch  29/100 | Train Loss 0.0446 | Val Loss 0.0413 MAE 14.6045 R2 -0.1533
2026-08-26 20:09:33 |   Val R2 improved to -0.1533, model saved
2026-08-26 20:09:34 | Epoch  30/100 | Train Loss 0.0434 | Val Loss 0.0405 MAE 14.5350 R2 -0.1354
2026-08-26 20:09:34 |   Val R2 improved to -0.1354, model saved
2026-08-26 20:09:35 | Epoch  31/100 | Train Loss 0.0421 | Val Loss 0.0396 MAE 14.4616 R2 -0.1178
2026-08-26 20:09:35 |   Val R2 improved to -0.1178, model saved
2026-08-26 20:09:36 | Epoch  32/100 | Train Loss 0.0409 | Val Loss 0.0386 MAE 14.3789 R2 -0.0955
2026-08-26 20:09:36 |   Val R2 improved to -0.0955, model saved
2026-08-26 20:09:38 | Epoch  33/100 | Train Loss 0.0402 | Val Loss 0.0379 MAE 14.3226 R2 -0.0807
2026-08-26 20:09:38 |   Val R2 improved to -0.0807, model saved
2026-08-26 20:09:39 | Epoch  34/100 | Train Loss 0.0395 | Val Loss 0.0372 MAE 14.2871 R2 -0.0699
2026-08-26 20:09:39 |   Val R2 improved to -0.0699, model saved
2026-08-26 20:09:40 | Epoch  35/100 | Train Loss 0.0388 | Val Loss 0.0366 MAE 14.2523 R2 -0.0586
2026-08-26 20:09:40 |   Val R2 improved to -0.0586, model saved
2026-08-26 20:09:41 | Epoch  36/100 | Train Loss 0.0384 | Val Loss 0.0361 MAE 14.2209 R2 -0.0493
2026-08-26 20:09:41 |   Val R2 improved to -0.0493, model saved
2026-08-26 20:09:42 | Epoch  37/100 | Train Loss 0.0375 | Val Loss 0.0356 MAE 14.2023 R2 -0.0411
2026-08-26 20:09:42 |   Val R2 improved to -0.0411, model saved
2026-08-26 20:09:44 | Epoch  38/100 | Train Loss 0.0372 | Val Loss 0.0352 MAE 14.1864 R2 -0.0340
2026-08-26 20:09:44 |   Val R2 improved to -0.0340, model saved
2026-08-26 20:09:45 | Epoch  39/100 | Train Loss 0.0368 | Val Loss 0.0347 MAE 14.1660 R2 -0.0258
2026-08-26 20:09:45 |   Val R2 improved to -0.0258, model saved
2026-08-26 20:09:46 | Epoch  40/100 | Train Loss 0.0365 | Val Loss 0.0344 MAE 14.1617 R2 -0.0216
2026-08-26 20:09:46 |   Val R2 improved to -0.0216, model saved
2026-08-26 20:09:47 | Epoch  41/100 | Train Loss 0.0362 | Val Loss 0.0341 MAE 14.1586 R2 -0.0189
2026-08-26 20:09:47 |   Val R2 improved to -0.0189, model saved
2026-08-26 20:09:49 | Epoch  42/100 | Train Loss 0.0360 | Val Loss 0.0339 MAE 14.1568 R2 -0.0174
2026-08-26 20:09:49 |   Val R2 improved to -0.0174, model saved
2026-08-26 20:09:50 | Epoch  43/100 | Train Loss 0.0356 | Val Loss 0.0337 MAE 14.1539 R2 -0.0151
2026-08-26 20:09:50 |   Val R2 improved to -0.0151, model saved
2026-08-26 20:09:51 | Epoch  44/100 | Train Loss 0.0355 | Val Loss 0.0334 MAE 14.1492 R2 -0.0118
2026-08-26 20:09:51 |   Val R2 improved to -0.0118, model saved
2026-08-26 20:09:52 | Epoch  45/100 | Train Loss 0.0353 | Val Loss 0.0332 MAE 14.1491 R2 -0.0097
2026-08-26 20:09:52 |   Val R2 improved to -0.0097, model saved
2026-08-26 20:09:53 | Epoch  46/100 | Train Loss 0.0350 | Val Loss 0.0330 MAE 14.1505 R2 -0.0091
2026-08-26 20:09:53 |   Val R2 improved to -0.0091, model saved
2026-08-26 20:09:55 | Epoch  47/100 | Train Loss 0.0347 | Val Loss 0.0328 MAE 14.1546 R2 -0.0073
2026-08-26 20:09:55 |   Val R2 improved to -0.0073, model saved
2026-08-26 20:09:56 | Epoch  48/100 | Train Loss 0.0350 | Val Loss 0.0326 MAE 14.1610 R2 -0.0049
2026-08-26 20:09:56 |   Val R2 improved to -0.0049, model saved
2026-08-26 20:09:57 | Epoch  49/100 | Train Loss 0.0345 | Val Loss 0.0325 MAE 14.1618 R2 -0.0046
2026-08-26 20:09:57 |   Val R2 improved to -0.0046, model saved
2026-08-26 20:09:58 | Epoch  50/100 | Train Loss 0.0344 | Val Loss 0.0324 MAE 14.1613 R2 -0.0048
2026-08-26 20:10:00 | Epoch  51/100 | Train Loss 0.0343 | Val Loss 0.0323 MAE 14.1644 R2 -0.0038
2026-08-26 20:10:00 |   Val R2 improved to -0.0038, model saved
2026-08-26 20:10:01 | Epoch  52/100 | Train Loss 0.0341 | Val Loss 0.0321 MAE 14.1671 R2 -0.0030
2026-08-26 20:10:01 |   Val R2 improved to -0.0030, model saved
2026-08-26 20:10:02 | Epoch  53/100 | Train Loss 0.0341 | Val Loss 0.0320 MAE 14.1688 R2 -0.0026
2026-08-26 20:10:02 |   Val R2 improved to -0.0026, model saved
2026-08-26 20:10:03 | Epoch  54/100 | Train Loss 0.0338 | Val Loss 0.0319 MAE 14.1692 R2 -0.0025
2026-08-26 20:10:03 |   Val R2 improved to -0.0025, model saved
2026-08-26 20:10:05 | Epoch  55/100 | Train Loss 0.0339 | Val Loss 0.0318 MAE 14.1716 R2 -0.0020
2026-08-26 20:10:05 |   Val R2 improved to -0.0020, model saved
2026-08-26 20:10:06 | Epoch  56/100 | Train Loss 0.0337 | Val Loss 0.0317 MAE 14.1769 R2 -0.0016
2026-08-26 20:10:06 |   Val R2 improved to -0.0016, model saved
2026-08-26 20:10:07 | Epoch  57/100 | Train Loss 0.0337 | Val Loss 0.0316 MAE 14.1749 R2 -0.0017
2026-08-26 20:10:08 | Epoch  58/100 | Train Loss 0.0335 | Val Loss 0.0315 MAE 14.1836 R2 -0.0012
2026-08-26 20:10:08 |   Val R2 improved to -0.0012, model saved
2026-08-26 20:10:09 | Epoch  59/100 | Train Loss 0.0335 | Val Loss 0.0315 MAE 14.1791 R2 -0.0015
2026-08-26 20:10:10 | Epoch  60/100 | Train Loss 0.0336 | Val Loss 0.0314 MAE 14.1822 R2 -0.0013
2026-08-26 20:10:12 | Epoch  61/100 | Train Loss 0.0333 | Val Loss 0.0313 MAE 14.1818 R2 -0.0013
2026-08-26 20:10:13 | Epoch  62/100 | Train Loss 0.0334 | Val Loss 0.0313 MAE 14.1834 R2 -0.0012
2026-08-26 20:10:14 | Epoch  63/100 | Train Loss 0.0335 | Val Loss 0.0312 MAE 14.1823 R2 -0.0013
2026-08-26 20:10:15 | Epoch  64/100 | Train Loss 0.0333 | Val Loss 0.0311 MAE 14.1866 R2 -0.0010
2026-08-26 20:10:15 |   Val R2 improved to -0.0010, model saved
2026-08-26 20:10:16 | Epoch  65/100 | Train Loss 0.0331 | Val Loss 0.0311 MAE 14.1843 R2 -0.0011
2026-08-26 20:10:18 | Epoch  66/100 | Train Loss 0.0331 | Val Loss 0.0310 MAE 14.1821 R2 -0.0013
2026-08-26 20:10:19 | Epoch  67/100 | Train Loss 0.0330 | Val Loss 0.0310 MAE 14.1844 R2 -0.0011
2026-08-26 20:10:20 | Epoch  68/100 | Train Loss 0.0330 | Val Loss 0.0309 MAE 14.1820 R2 -0.0013
2026-08-26 20:10:21 | Epoch  69/100 | Train Loss 0.0330 | Val Loss 0.0309 MAE 14.1858 R2 -0.0011
2026-08-26 20:10:22 | Epoch  70/100 | Train Loss 0.0330 | Val Loss 0.0308 MAE 14.1833 R2 -0.0012
2026-08-26 20:10:23 | Epoch  71/100 | Train Loss 0.0329 | Val Loss 0.0308 MAE 14.1880 R2 -0.0009
2026-08-26 20:10:23 |   Val R2 improved to -0.0009, model saved
2026-08-26 20:10:25 | Epoch  72/100 | Train Loss 0.0328 | Val Loss 0.0307 MAE 14.1898 R2 -0.0008
2026-08-26 20:10:25 |   Val R2 improved to -0.0008, model saved
2026-08-26 20:10:26 | Epoch  73/100 | Train Loss 0.0328 | Val Loss 0.0307 MAE 14.1885 R2 -0.0009
2026-08-26 20:10:27 | Epoch  74/100 | Train Loss 0.0329 | Val Loss 0.0307 MAE 14.1851 R2 -0.0011
2026-08-26 20:10:28 | Epoch  75/100 | Train Loss 0.0326 | Val Loss 0.0306 MAE 14.1919 R2 -0.0007
2026-08-26 20:10:28 |   Val R2 improved to -0.0007, model saved
2026-08-26 20:10:29 | Epoch  76/100 | Train Loss 0.0326 | Val Loss 0.0306 MAE 14.1918 R2 -0.0008
2026-08-26 20:10:31 | Epoch  77/100 | Train Loss 0.0328 | Val Loss 0.0306 MAE 14.1942 R2 -0.0006
2026-08-26 20:10:31 |   Val R2 improved to -0.0006, model saved
2026-08-26 20:10:32 | Epoch  78/100 | Train Loss 0.0328 | Val Loss 0.0305 MAE 14.1880 R2 -0.0009
2026-08-26 20:10:33 | Epoch  79/100 | Train Loss 0.0327 | Val Loss 0.0305 MAE 14.1859 R2 -0.0010
2026-08-26 20:10:34 | Epoch  80/100 | Train Loss 0.0325 | Val Loss 0.0305 MAE 14.1920 R2 -0.0007
2026-08-26 20:10:35 | Epoch  81/100 | Train Loss 0.0324 | Val Loss 0.0304 MAE 14.1890 R2 -0.0009
2026-08-26 20:10:37 | Epoch  82/100 | Train Loss 0.0326 | Val Loss 0.0304 MAE 14.1936 R2 -0.0007
2026-08-26 20:10:38 | Epoch  83/100 | Train Loss 0.0324 | Val Loss 0.0304 MAE 14.1913 R2 -0.0008
2026-08-26 20:10:39 | Epoch  84/100 | Train Loss 0.0325 | Val Loss 0.0303 MAE 14.1940 R2 -0.0007
2026-08-26 20:10:40 | Epoch  85/100 | Train Loss 0.0323 | Val Loss 0.0303 MAE 14.1860 R2 -0.0010
2026-08-26 20:10:42 | Epoch  86/100 | Train Loss 0.0325 | Val Loss 0.0303 MAE 14.1896 R2 -0.0009
2026-08-26 20:10:43 | Epoch  87/100 | Train Loss 0.0324 | Val Loss 0.0303 MAE 14.1919 R2 -0.0007
2026-08-26 20:10:43 | Val R2 did not improve for 10 consecutive epochs, early stopping at Epoch 87 (best R2 -0.0006 @ Epoch 77)
2026-08-26 20:10:43 | Run 3/5 | Test (best model @ Epoch 77) | Loss 0.0316 MAE 14.6512 R2 -0.0009
2026-08-26 20:10:43 | ===== Run 4/5 (seed 3) =====
2026-08-26 20:10:44 | Epoch   1/100 | Train Loss 150.1564 | Val Loss 0.1962 MAE 36.9885 R2 -4.6423
2026-08-26 20:10:44 |   Val R2 improved to -4.6423, model saved
2026-08-26 20:10:45 | Epoch   2/100 | Train Loss 0.3209 | Val Loss 0.1590 MAE 32.2440 R2 -3.5186
2026-08-26 20:10:45 |   Val R2 improved to -3.5186, model saved
2026-08-26 20:10:47 | Epoch   3/100 | Train Loss 0.2155 | Val Loss 0.1374 MAE 28.8862 R2 -2.8065
2026-08-26 20:10:47 |   Val R2 improved to -2.8065, model saved
2026-08-26 20:10:48 | Epoch   4/100 | Train Loss 0.1674 | Val Loss 0.1238 MAE 26.6133 R2 -2.3560
2026-08-26 20:10:48 |   Val R2 improved to -2.3560, model saved
2026-08-26 20:10:49 | Epoch   5/100 | Train Loss 0.1500 | Val Loss 0.1158 MAE 25.2426 R2 -2.0956
2026-08-26 20:10:49 |   Val R2 improved to -2.0956, model saved
2026-08-26 20:10:50 | Epoch   6/100 | Train Loss 0.1355 | Val Loss 0.1089 MAE 24.0510 R2 -1.8749
2026-08-26 20:10:50 |   Val R2 improved to -1.8749, model saved
2026-08-26 20:10:51 | Epoch   7/100 | Train Loss 0.1276 | Val Loss 0.1025 MAE 22.9347 R2 -1.6724
2026-08-26 20:10:51 |   Val R2 improved to -1.6724, model saved
2026-08-26 20:10:53 | Epoch   8/100 | Train Loss 0.1196 | Val Loss 0.0972 MAE 22.0095 R2 -1.5069
2026-08-26 20:10:53 |   Val R2 improved to -1.5069, model saved
2026-08-26 20:10:54 | Epoch   9/100 | Train Loss 0.1129 | Val Loss 0.0929 MAE 21.2728 R2 -1.3764
2026-08-26 20:10:54 |   Val R2 improved to -1.3764, model saved
2026-08-26 20:10:55 | Epoch  10/100 | Train Loss 0.1069 | Val Loss 0.0886 MAE 20.5145 R2 -1.2434
2026-08-26 20:10:55 |   Val R2 improved to -1.2434, model saved
2026-08-26 20:10:56 | Epoch  11/100 | Train Loss 0.1009 | Val Loss 0.0845 MAE 19.8190 R2 -1.1219
2026-08-26 20:10:56 |   Val R2 improved to -1.1219, model saved
2026-08-26 20:10:58 | Epoch  12/100 | Train Loss 0.0937 | Val Loss 0.0799 MAE 19.0202 R2 -0.9829
2026-08-26 20:10:58 |   Val R2 improved to -0.9829, model saved
2026-08-26 20:10:59 | Epoch  13/100 | Train Loss 0.0890 | Val Loss 0.0756 MAE 18.2983 R2 -0.8562
2026-08-26 20:10:59 |   Val R2 improved to -0.8562, model saved
2026-08-26 20:11:00 | Epoch  14/100 | Train Loss 0.0851 | Val Loss 0.0730 MAE 17.9051 R2 -0.7862
2026-08-26 20:11:00 |   Val R2 improved to -0.7862, model saved
2026-08-26 20:11:01 | Epoch  15/100 | Train Loss 0.0793 | Val Loss 0.0695 MAE 17.3267 R2 -0.6835
2026-08-26 20:11:01 |   Val R2 improved to -0.6835, model saved
2026-08-26 20:11:03 | Epoch  16/100 | Train Loss 0.0760 | Val Loss 0.0662 MAE 16.8131 R2 -0.5915
2026-08-26 20:11:03 |   Val R2 improved to -0.5915, model saved
2026-08-26 20:11:04 | Epoch  17/100 | Train Loss 0.0725 | Val Loss 0.0634 MAE 16.3917 R2 -0.5151
2026-08-26 20:11:04 |   Val R2 improved to -0.5151, model saved
2026-08-26 20:11:05 | Epoch  18/100 | Train Loss 0.0690 | Val Loss 0.0610 MAE 16.0473 R2 -0.4513
2026-08-26 20:11:05 |   Val R2 improved to -0.4513, model saved
2026-08-26 20:11:07 | Epoch  19/100 | Train Loss 0.0664 | Val Loss 0.0588 MAE 15.7542 R2 -0.3953
2026-08-26 20:11:07 |   Val R2 improved to -0.3953, model saved
2026-08-26 20:11:08 | Epoch  20/100 | Train Loss 0.0637 | Val Loss 0.0570 MAE 15.5263 R2 -0.3500
2026-08-26 20:11:08 |   Val R2 improved to -0.3500, model saved
2026-08-26 20:11:09 | Epoch  21/100 | Train Loss 0.0607 | Val Loss 0.0550 MAE 15.2800 R2 -0.3008
2026-08-26 20:11:09 |   Val R2 improved to -0.3008, model saved
2026-08-26 20:11:10 | Epoch  22/100 | Train Loss 0.0589 | Val Loss 0.0531 MAE 15.0441 R2 -0.2524
2026-08-26 20:11:10 |   Val R2 improved to -0.2524, model saved
2026-08-26 20:11:11 | Epoch  23/100 | Train Loss 0.0572 | Val Loss 0.0518 MAE 14.9273 R2 -0.2259
2026-08-26 20:11:11 |   Val R2 improved to -0.2259, model saved
2026-08-26 20:11:13 | Epoch  24/100 | Train Loss 0.0553 | Val Loss 0.0501 MAE 14.7479 R2 -0.1855
2026-08-26 20:11:13 |   Val R2 improved to -0.1855, model saved
2026-08-26 20:11:14 | Epoch  25/100 | Train Loss 0.0531 | Val Loss 0.0487 MAE 14.6097 R2 -0.1547
2026-08-26 20:11:14 |   Val R2 improved to -0.1547, model saved
2026-08-26 20:11:15 | Epoch  26/100 | Train Loss 0.0518 | Val Loss 0.0476 MAE 14.5197 R2 -0.1316
2026-08-26 20:11:15 |   Val R2 improved to -0.1316, model saved
2026-08-26 20:11:17 | Epoch  27/100 | Train Loss 0.0503 | Val Loss 0.0466 MAE 14.4462 R2 -0.1142
2026-08-26 20:11:17 |   Val R2 improved to -0.1142, model saved
2026-08-26 20:11:18 | Epoch  28/100 | Train Loss 0.0490 | Val Loss 0.0456 MAE 14.3762 R2 -0.0947
2026-08-26 20:11:18 |   Val R2 improved to -0.0947, model saved
2026-08-26 20:11:19 | Epoch  29/100 | Train Loss 0.0482 | Val Loss 0.0449 MAE 14.3356 R2 -0.0840
2026-08-26 20:11:19 |   Val R2 improved to -0.0840, model saved
2026-08-26 20:11:20 | Epoch  30/100 | Train Loss 0.0477 | Val Loss 0.0440 MAE 14.2839 R2 -0.0689
2026-08-26 20:11:20 |   Val R2 improved to -0.0689, model saved
2026-08-26 20:11:21 | Epoch  31/100 | Train Loss 0.0463 | Val Loss 0.0433 MAE 14.2439 R2 -0.0561
2026-08-26 20:11:21 |   Val R2 improved to -0.0561, model saved
2026-08-26 20:11:23 | Epoch  32/100 | Train Loss 0.0453 | Val Loss 0.0426 MAE 14.2142 R2 -0.0469
2026-08-26 20:11:23 |   Val R2 improved to -0.0469, model saved
2026-08-26 20:11:24 | Epoch  33/100 | Train Loss 0.0450 | Val Loss 0.0420 MAE 14.1942 R2 -0.0374
2026-08-26 20:11:24 |   Val R2 improved to -0.0374, model saved
2026-08-26 20:11:25 | Epoch  34/100 | Train Loss 0.0448 | Val Loss 0.0415 MAE 14.1844 R2 -0.0331
2026-08-26 20:11:25 |   Val R2 improved to -0.0331, model saved
2026-08-26 20:11:26 | Epoch  35/100 | Train Loss 0.0437 | Val Loss 0.0410 MAE 14.1705 R2 -0.0276
2026-08-26 20:11:26 |   Val R2 improved to -0.0276, model saved
2026-08-26 20:11:27 | Epoch  36/100 | Train Loss 0.0430 | Val Loss 0.0405 MAE 14.1644 R2 -0.0242
2026-08-26 20:11:27 |   Val R2 improved to -0.0242, model saved
2026-08-26 20:11:29 | Epoch  37/100 | Train Loss 0.0427 | Val Loss 0.0401 MAE 14.1588 R2 -0.0190
2026-08-26 20:11:29 |   Val R2 improved to -0.0190, model saved
2026-08-26 20:11:30 | Epoch  38/100 | Train Loss 0.0422 | Val Loss 0.0396 MAE 14.1543 R2 -0.0154
2026-08-26 20:11:30 |   Val R2 improved to -0.0154, model saved
2026-08-26 20:11:31 | Epoch  39/100 | Train Loss 0.0422 | Val Loss 0.0392 MAE 14.1490 R2 -0.0116
2026-08-26 20:11:31 |   Val R2 improved to -0.0116, model saved
2026-08-26 20:11:32 | Epoch  40/100 | Train Loss 0.0419 | Val Loss 0.0390 MAE 14.1496 R2 -0.0120
2026-08-26 20:11:33 | Epoch  41/100 | Train Loss 0.0411 | Val Loss 0.0386 MAE 14.1493 R2 -0.0096
2026-08-26 20:11:33 |   Val R2 improved to -0.0096, model saved
2026-08-26 20:11:35 | Epoch  42/100 | Train Loss 0.0409 | Val Loss 0.0383 MAE 14.1550 R2 -0.0071
2026-08-26 20:11:35 |   Val R2 improved to -0.0071, model saved
2026-08-26 20:11:36 | Epoch  43/100 | Train Loss 0.0404 | Val Loss 0.0380 MAE 14.1587 R2 -0.0057
2026-08-26 20:11:36 |   Val R2 improved to -0.0057, model saved
2026-08-26 20:11:37 | Epoch  44/100 | Train Loss 0.0402 | Val Loss 0.0377 MAE 14.1592 R2 -0.0055
2026-08-26 20:11:37 |   Val R2 improved to -0.0055, model saved
2026-08-26 20:11:38 | Epoch  45/100 | Train Loss 0.0401 | Val Loss 0.0374 MAE 14.1624 R2 -0.0044
2026-08-26 20:11:38 |   Val R2 improved to -0.0044, model saved
2026-08-26 20:11:40 | Epoch  46/100 | Train Loss 0.0397 | Val Loss 0.0372 MAE 14.1626 R2 -0.0044
2026-08-26 20:11:40 |   Val R2 improved to -0.0044, model saved
2026-08-26 20:11:41 | Epoch  47/100 | Train Loss 0.0395 | Val Loss 0.0370 MAE 14.1640 R2 -0.0039
2026-08-26 20:11:41 |   Val R2 improved to -0.0039, model saved
2026-08-26 20:11:43 | Epoch  48/100 | Train Loss 0.0390 | Val Loss 0.0367 MAE 14.1679 R2 -0.0029
2026-08-26 20:11:43 |   Val R2 improved to -0.0029, model saved
2026-08-26 20:11:44 | Epoch  49/100 | Train Loss 0.0388 | Val Loss 0.0365 MAE 14.1674 R2 -0.0030
2026-08-26 20:11:45 | Epoch  50/100 | Train Loss 0.0388 | Val Loss 0.0363 MAE 14.1689 R2 -0.0026
2026-08-26 20:11:45 |   Val R2 improved to -0.0026, model saved
2026-08-26 20:11:46 | Epoch  51/100 | Train Loss 0.0383 | Val Loss 0.0361 MAE 14.1712 R2 -0.0021
2026-08-26 20:11:46 |   Val R2 improved to -0.0021, model saved
2026-08-26 20:11:48 | Epoch  52/100 | Train Loss 0.0384 | Val Loss 0.0359 MAE 14.1816 R2 -0.0013
2026-08-26 20:11:48 |   Val R2 improved to -0.0013, model saved
2026-08-26 20:11:49 | Epoch  53/100 | Train Loss 0.0386 | Val Loss 0.0357 MAE 14.1767 R2 -0.0016
2026-08-26 20:11:50 | Epoch  54/100 | Train Loss 0.0379 | Val Loss 0.0355 MAE 14.1762 R2 -0.0017
2026-08-26 20:11:51 | Epoch  55/100 | Train Loss 0.0379 | Val Loss 0.0354 MAE 14.1783 R2 -0.0015
2026-08-26 20:11:53 | Epoch  56/100 | Train Loss 0.0377 | Val Loss 0.0352 MAE 14.1751 R2 -0.0017
2026-08-26 20:11:54 | Epoch  57/100 | Train Loss 0.0371 | Val Loss 0.0350 MAE 14.1851 R2 -0.0011
2026-08-26 20:11:54 |   Val R2 improved to -0.0011, model saved
2026-08-26 20:11:55 | Epoch  58/100 | Train Loss 0.0374 | Val Loss 0.0348 MAE 14.1997 R2 -0.0004
2026-08-26 20:11:55 |   Val R2 improved to -0.0004, model saved
2026-08-26 20:11:56 | Epoch  59/100 | Train Loss 0.0371 | Val Loss 0.0347 MAE 14.1810 R2 -0.0013
2026-08-26 20:11:57 | Epoch  60/100 | Train Loss 0.0369 | Val Loss 0.0346 MAE 14.1790 R2 -0.0015
2026-08-26 20:11:59 | Epoch  61/100 | Train Loss 0.0367 | Val Loss 0.0344 MAE 14.1857 R2 -0.0011
2026-08-26 20:12:00 | Epoch  62/100 | Train Loss 0.0369 | Val Loss 0.0343 MAE 14.1804 R2 -0.0014
2026-08-26 20:12:01 | Epoch  63/100 | Train Loss 0.0368 | Val Loss 0.0342 MAE 14.1813 R2 -0.0013
2026-08-26 20:12:02 | Epoch  64/100 | Train Loss 0.0363 | Val Loss 0.0340 MAE 14.1882 R2 -0.0009
2026-08-26 20:12:03 | Epoch  65/100 | Train Loss 0.0362 | Val Loss 0.0339 MAE 14.1797 R2 -0.0014
2026-08-26 20:12:05 | Epoch  66/100 | Train Loss 0.0361 | Val Loss 0.0338 MAE 14.1896 R2 -0.0009
2026-08-26 20:12:06 | Epoch  67/100 | Train Loss 0.0360 | Val Loss 0.0337 MAE 14.1889 R2 -0.0009
2026-08-26 20:12:07 | Epoch  68/100 | Train Loss 0.0359 | Val Loss 0.0336 MAE 14.1867 R2 -0.0010
2026-08-26 20:12:07 | Val R2 did not improve for 10 consecutive epochs, early stopping at Epoch 68 (best R2 -0.0004 @ Epoch 58)
2026-08-26 20:12:07 | Run 4/5 | Test (best model @ Epoch 58) | Loss 0.0359 MAE 14.6604 R2 -0.0012
2026-08-26 20:12:07 | ===== Run 5/5 (seed 4) =====
2026-08-26 20:12:09 | Epoch   1/100 | Train Loss 115.6101 | Val Loss 0.2340 MAE 41.0570 R2 -5.7239
2026-08-26 20:12:09 |   Val R2 improved to -5.7239, model saved
2026-08-26 20:12:10 | Epoch   2/100 | Train Loss 0.3816 | Val Loss 0.1924 MAE 36.4740 R2 -4.5136
2026-08-26 20:12:10 |   Val R2 improved to -4.5136, model saved
2026-08-26 20:12:11 | Epoch   3/100 | Train Loss 0.2645 | Val Loss 0.1656 MAE 32.7298 R2 -3.6271
2026-08-26 20:12:11 |   Val R2 improved to -3.6271, model saved
2026-08-26 20:12:12 | Epoch   4/100 | Train Loss 0.2079 | Val Loss 0.1494 MAE 30.2770 R2 -3.0936
2026-08-26 20:12:12 |   Val R2 improved to -3.0936, model saved
2026-08-26 20:12:13 | Epoch   5/100 | Train Loss 0.1819 | Val Loss 0.1387 MAE 28.5844 R2 -2.7450
2026-08-26 20:12:13 |   Val R2 improved to -2.7450, model saved
2026-08-26 20:12:14 | Epoch   6/100 | Train Loss 0.1656 | Val Loss 0.1301 MAE 27.1917 R2 -2.4685
2026-08-26 20:12:14 |   Val R2 improved to -2.4685, model saved
2026-08-26 20:12:16 | Epoch   7/100 | Train Loss 0.1552 | Val Loss 0.1224 MAE 25.9381 R2 -2.2270
2026-08-26 20:12:16 |   Val R2 improved to -2.2270, model saved
2026-08-26 20:12:17 | Epoch   8/100 | Train Loss 0.1500 | Val Loss 0.1179 MAE 25.2320 R2 -2.0938
2026-08-26 20:12:17 |   Val R2 improved to -2.0938, model saved
2026-08-26 20:12:18 | Epoch   9/100 | Train Loss 0.1380 | Val Loss 0.1127 MAE 24.3908 R2 -1.9375
2026-08-26 20:12:18 |   Val R2 improved to -1.9375, model saved
2026-08-26 20:12:19 | Epoch  10/100 | Train Loss 0.1304 | Val Loss 0.1063 MAE 23.3282 R2 -1.7440
2026-08-26 20:12:20 |   Val R2 improved to -1.7440, model saved
2026-08-26 20:12:21 | Epoch  11/100 | Train Loss 0.1216 | Val Loss 0.1003 MAE 22.3115 R2 -1.5607
2026-08-26 20:12:21 |   Val R2 improved to -1.5607, model saved
2026-08-26 20:12:22 | Epoch  12/100 | Train Loss 0.1155 | Val Loss 0.0950 MAE 21.4350 R2 -1.4050
2026-08-26 20:12:22 |   Val R2 improved to -1.4050, model saved
2026-08-26 20:12:23 | Epoch  13/100 | Train Loss 0.1085 | Val Loss 0.0901 MAE 20.6187 R2 -1.2616
2026-08-26 20:12:23 |   Val R2 improved to -1.2616, model saved
2026-08-26 20:12:24 | Epoch  14/100 | Train Loss 0.1029 | Val Loss 0.0860 MAE 19.9523 R2 -1.1452
2026-08-26 20:12:24 |   Val R2 improved to -1.1452, model saved
2026-08-26 20:12:26 | Epoch  15/100 | Train Loss 0.0966 | Val Loss 0.0823 MAE 19.3610 R2 -1.0423
2026-08-26 20:12:26 |   Val R2 improved to -1.0423, model saved
2026-08-26 20:12:27 | Epoch  16/100 | Train Loss 0.0918 | Val Loss 0.0786 MAE 18.7921 R2 -0.9434
2026-08-26 20:12:27 |   Val R2 improved to -0.9434, model saved
2026-08-26 20:12:28 | Epoch  17/100 | Train Loss 0.0869 | Val Loss 0.0749 MAE 18.1997 R2 -0.8391
2026-08-26 20:12:28 |   Val R2 improved to -0.8391, model saved
2026-08-26 20:12:29 | Epoch  18/100 | Train Loss 0.0830 | Val Loss 0.0718 MAE 17.7387 R2 -0.7571
2026-08-26 20:12:29 |   Val R2 improved to -0.7571, model saved
2026-08-26 20:12:31 | Epoch  19/100 | Train Loss 0.0795 | Val Loss 0.0689 MAE 17.3241 R2 -0.6830
2026-08-26 20:12:31 |   Val R2 improved to -0.6830, model saved
2026-08-26 20:12:32 | Epoch  20/100 | Train Loss 0.0752 | Val Loss 0.0660 MAE 16.8976 R2 -0.6068
2026-08-26 20:12:32 |   Val R2 improved to -0.6068, model saved
2026-08-26 20:12:33 | Epoch  21/100 | Train Loss 0.0711 | Val Loss 0.0633 MAE 16.5213 R2 -0.5393
2026-08-26 20:12:33 |   Val R2 improved to -0.5393, model saved
2026-08-26 20:12:34 | Epoch  22/100 | Train Loss 0.0686 | Val Loss 0.0605 MAE 16.1327 R2 -0.4684
2026-08-26 20:12:34 |   Val R2 improved to -0.4684, model saved
2026-08-26 20:12:35 | Epoch  23/100 | Train Loss 0.0648 | Val Loss 0.0582 MAE 15.8388 R2 -0.4111
2026-08-26 20:12:35 |   Val R2 improved to -0.4111, model saved
2026-08-26 20:12:37 | Epoch  24/100 | Train Loss 0.0623 | Val Loss 0.0559 MAE 15.5419 R2 -0.3530
2026-08-26 20:12:37 |   Val R2 improved to -0.3530, model saved
2026-08-26 20:12:38 | Epoch  25/100 | Train Loss 0.0597 | Val Loss 0.0541 MAE 15.3389 R2 -0.3132
2026-08-26 20:12:38 |   Val R2 improved to -0.3132, model saved
2026-08-26 20:12:39 | Epoch  26/100 | Train Loss 0.0567 | Val Loss 0.0522 MAE 15.1108 R2 -0.2668
2026-08-26 20:12:39 |   Val R2 improved to -0.2668, model saved
2026-08-26 20:12:40 | Epoch  27/100 | Train Loss 0.0556 | Val Loss 0.0508 MAE 14.9816 R2 -0.2381
2026-08-26 20:12:40 |   Val R2 improved to -0.2381, model saved
2026-08-26 20:12:42 | Epoch  28/100 | Train Loss 0.0536 | Val Loss 0.0494 MAE 14.8479 R2 -0.2088
2026-08-26 20:12:42 |   Val R2 improved to -0.2088, model saved
2026-08-26 20:12:43 | Epoch  29/100 | Train Loss 0.0516 | Val Loss 0.0479 MAE 14.7040 R2 -0.1755
2026-08-26 20:12:43 |   Val R2 improved to -0.1755, model saved
2026-08-26 20:12:44 | Epoch  30/100 | Train Loss 0.0503 | Val Loss 0.0466 MAE 14.5970 R2 -0.1513
2026-08-26 20:12:44 |   Val R2 improved to -0.1513, model saved
2026-08-26 20:12:46 | Epoch  31/100 | Train Loss 0.0491 | Val Loss 0.0455 MAE 14.5124 R2 -0.1299
2026-08-26 20:12:46 |   Val R2 improved to -0.1299, model saved
2026-08-26 20:12:47 | Epoch  32/100 | Train Loss 0.0478 | Val Loss 0.0446 MAE 14.4464 R2 -0.1143
2026-08-26 20:12:47 |   Val R2 improved to -0.1143, model saved
2026-08-26 20:12:48 | Epoch  33/100 | Train Loss 0.0469 | Val Loss 0.0437 MAE 14.3856 R2 -0.0973
2026-08-26 20:12:48 |   Val R2 improved to -0.0973, model saved
2026-08-26 20:12:49 | Epoch  34/100 | Train Loss 0.0457 | Val Loss 0.0427 MAE 14.3222 R2 -0.0806
2026-08-26 20:12:49 |   Val R2 improved to -0.0806, model saved
2026-08-26 20:12:50 | Epoch  35/100 | Train Loss 0.0448 | Val Loss 0.0421 MAE 14.2913 R2 -0.0714
2026-08-26 20:12:50 |   Val R2 improved to -0.0714, model saved
2026-08-26 20:12:52 | Epoch  36/100 | Train Loss 0.0440 | Val Loss 0.0412 MAE 14.2439 R2 -0.0561
2026-08-26 20:12:52 |   Val R2 improved to -0.0561, model saved
2026-08-26 20:12:53 | Epoch  37/100 | Train Loss 0.0434 | Val Loss 0.0407 MAE 14.2253 R2 -0.0505
2026-08-26 20:12:53 |   Val R2 improved to -0.0505, model saved
2026-08-26 20:12:54 | Epoch  38/100 | Train Loss 0.0428 | Val Loss 0.0401 MAE 14.2043 R2 -0.0421
2026-08-26 20:12:54 |   Val R2 improved to -0.0421, model saved
2026-08-26 20:12:55 | Epoch  39/100 | Train Loss 0.0419 | Val Loss 0.0396 MAE 14.1954 R2 -0.0380
2026-08-26 20:12:55 |   Val R2 improved to -0.0380, model saved
2026-08-26 20:12:57 | Epoch  40/100 | Train Loss 0.0416 | Val Loss 0.0391 MAE 14.1793 R2 -0.0310
2026-08-26 20:12:57 |   Val R2 improved to -0.0310, model saved
2026-08-26 20:12:58 | Epoch  41/100 | Train Loss 0.0411 | Val Loss 0.0386 MAE 14.1657 R2 -0.0255
2026-08-26 20:12:58 |   Val R2 improved to -0.0255, model saved
2026-08-26 20:12:59 | Epoch  42/100 | Train Loss 0.0405 | Val Loss 0.0381 MAE 14.1607 R2 -0.0208
2026-08-26 20:12:59 |   Val R2 improved to -0.0208, model saved
2026-08-26 20:13:00 | Epoch  43/100 | Train Loss 0.0400 | Val Loss 0.0378 MAE 14.1577 R2 -0.0182
2026-08-26 20:13:00 |   Val R2 improved to -0.0182, model saved
2026-08-26 20:13:02 | Epoch  44/100 | Train Loss 0.0402 | Val Loss 0.0375 MAE 14.1560 R2 -0.0167
2026-08-26 20:13:02 |   Val R2 improved to -0.0167, model saved
2026-08-26 20:13:03 | Epoch  45/100 | Train Loss 0.0395 | Val Loss 0.0370 MAE 14.1490 R2 -0.0116
2026-08-26 20:13:03 |   Val R2 improved to -0.0116, model saved
2026-08-26 20:13:04 | Epoch  46/100 | Train Loss 0.0389 | Val Loss 0.0367 MAE 14.1503 R2 -0.0092
2026-08-26 20:13:04 |   Val R2 improved to -0.0092, model saved
2026-08-26 20:13:05 | Epoch  47/100 | Train Loss 0.0385 | Val Loss 0.0364 MAE 14.1525 R2 -0.0082
2026-08-26 20:13:05 |   Val R2 improved to -0.0082, model saved
2026-08-26 20:13:07 | Epoch  48/100 | Train Loss 0.0386 | Val Loss 0.0362 MAE 14.1530 R2 -0.0079
2026-08-26 20:13:07 |   Val R2 improved to -0.0079, model saved
2026-08-26 20:13:08 | Epoch  49/100 | Train Loss 0.0382 | Val Loss 0.0359 MAE 14.1583 R2 -0.0058
2026-08-26 20:13:08 |   Val R2 improved to -0.0058, model saved
2026-08-26 20:13:09 | Epoch  50/100 | Train Loss 0.0380 | Val Loss 0.0357 MAE 14.1567 R2 -0.0065
2026-08-26 20:13:10 | Epoch  51/100 | Train Loss 0.0376 | Val Loss 0.0355 MAE 14.1598 R2 -0.0053
2026-08-26 20:13:10 |   Val R2 improved to -0.0053, model saved
2026-08-26 20:13:11 | Epoch  52/100 | Train Loss 0.0376 | Val Loss 0.0352 MAE 14.1618 R2 -0.0046
2026-08-26 20:13:11 |   Val R2 improved to -0.0046, model saved
2026-08-26 20:13:13 | Epoch  53/100 | Train Loss 0.0372 | Val Loss 0.0350 MAE 14.1632 R2 -0.0042
2026-08-26 20:13:13 |   Val R2 improved to -0.0042, model saved
2026-08-26 20:13:14 | Epoch  54/100 | Train Loss 0.0370 | Val Loss 0.0348 MAE 14.1661 R2 -0.0034
2026-08-26 20:13:14 |   Val R2 improved to -0.0034, model saved
2026-08-26 20:13:15 | Epoch  55/100 | Train Loss 0.0370 | Val Loss 0.0346 MAE 14.1688 R2 -0.0026
2026-08-26 20:13:15 |   Val R2 improved to -0.0026, model saved
2026-08-26 20:13:16 | Epoch  56/100 | Train Loss 0.0366 | Val Loss 0.0345 MAE 14.1705 R2 -0.0022
2026-08-26 20:13:16 |   Val R2 improved to -0.0022, model saved
2026-08-26 20:13:18 | Epoch  57/100 | Train Loss 0.0366 | Val Loss 0.0343 MAE 14.1695 R2 -0.0024
2026-08-26 20:13:19 | Epoch  58/100 | Train Loss 0.0363 | Val Loss 0.0342 MAE 14.1699 R2 -0.0023
2026-08-26 20:13:20 | Epoch  59/100 | Train Loss 0.0361 | Val Loss 0.0340 MAE 14.1710 R2 -0.0021
2026-08-26 20:13:20 |   Val R2 improved to -0.0021, model saved
2026-08-26 20:13:21 | Epoch  60/100 | Train Loss 0.0360 | Val Loss 0.0338 MAE 14.1784 R2 -0.0015
2026-08-26 20:13:21 |   Val R2 improved to -0.0015, model saved
2026-08-26 20:13:22 | Epoch  61/100 | Train Loss 0.0358 | Val Loss 0.0337 MAE 14.1739 R2 -0.0018
2026-08-26 20:13:23 | Epoch  62/100 | Train Loss 0.0358 | Val Loss 0.0336 MAE 14.1780 R2 -0.0015
2026-08-26 20:13:25 | Epoch  63/100 | Train Loss 0.0355 | Val Loss 0.0335 MAE 14.1782 R2 -0.0015
2026-08-26 20:13:26 | Epoch  64/100 | Train Loss 0.0352 | Val Loss 0.0333 MAE 14.1845 R2 -0.0011
2026-08-26 20:13:26 |   Val R2 improved to -0.0011, model saved
2026-08-26 20:13:27 | Epoch  65/100 | Train Loss 0.0356 | Val Loss 0.0332 MAE 14.1814 R2 -0.0013
2026-08-26 20:13:28 | Epoch  66/100 | Train Loss 0.0353 | Val Loss 0.0331 MAE 14.1798 R2 -0.0014
2026-08-26 20:13:30 | Epoch  67/100 | Train Loss 0.0352 | Val Loss 0.0330 MAE 14.1826 R2 -0.0012
2026-08-26 20:13:31 | Epoch  68/100 | Train Loss 0.0350 | Val Loss 0.0329 MAE 14.1891 R2 -0.0009
2026-08-26 20:13:31 |   Val R2 improved to -0.0009, model saved
2026-08-26 20:13:32 | Epoch  69/100 | Train Loss 0.0352 | Val Loss 0.0328 MAE 14.1868 R2 -0.0010
2026-08-26 20:13:33 | Epoch  70/100 | Train Loss 0.0349 | Val Loss 0.0327 MAE 14.1899 R2 -0.0008
2026-08-26 20:13:33 |   Val R2 improved to -0.0008, model saved
2026-08-26 20:13:34 | Epoch  71/100 | Train Loss 0.0347 | Val Loss 0.0326 MAE 14.1896 R2 -0.0009
2026-08-26 20:13:35 | Epoch  72/100 | Train Loss 0.0346 | Val Loss 0.0325 MAE 14.1890 R2 -0.0009
2026-08-26 20:13:37 | Epoch  73/100 | Train Loss 0.0345 | Val Loss 0.0324 MAE 14.1879 R2 -0.0009
2026-08-26 20:13:38 | Epoch  74/100 | Train Loss 0.0344 | Val Loss 0.0323 MAE 14.1875 R2 -0.0010
2026-08-26 20:13:39 | Epoch  75/100 | Train Loss 0.0344 | Val Loss 0.0322 MAE 14.1931 R2 -0.0007
2026-08-26 20:13:39 |   Val R2 improved to -0.0007, model saved
2026-08-26 20:13:40 | Epoch  76/100 | Train Loss 0.0345 | Val Loss 0.0322 MAE 14.1853 R2 -0.0011
2026-08-26 20:13:42 | Epoch  77/100 | Train Loss 0.0342 | Val Loss 0.0321 MAE 14.1885 R2 -0.0009
2026-08-26 20:13:43 | Epoch  78/100 | Train Loss 0.0341 | Val Loss 0.0320 MAE 14.1955 R2 -0.0006
2026-08-26 20:13:43 |   Val R2 improved to -0.0006, model saved
2026-08-26 20:13:44 | Epoch  79/100 | Train Loss 0.0343 | Val Loss 0.0319 MAE 14.1875 R2 -0.0010
2026-08-26 20:13:45 | Epoch  80/100 | Train Loss 0.0340 | Val Loss 0.0319 MAE 14.1870 R2 -0.0010
2026-08-26 20:13:47 | Epoch  81/100 | Train Loss 0.0341 | Val Loss 0.0318 MAE 14.1900 R2 -0.0008
2026-08-26 20:13:48 | Epoch  82/100 | Train Loss 0.0340 | Val Loss 0.0318 MAE 14.1846 R2 -0.0011
2026-08-26 20:13:49 | Epoch  83/100 | Train Loss 0.0339 | Val Loss 0.0317 MAE 14.1856 R2 -0.0011
2026-08-26 20:13:50 | Epoch  84/100 | Train Loss 0.0337 | Val Loss 0.0316 MAE 14.1894 R2 -0.0009
2026-08-26 20:13:51 | Epoch  85/100 | Train Loss 0.0337 | Val Loss 0.0316 MAE 14.1871 R2 -0.0010
2026-08-26 20:13:52 | Epoch  86/100 | Train Loss 0.0335 | Val Loss 0.0315 MAE 14.1959 R2 -0.0006
2026-08-26 20:13:52 |   Val R2 improved to -0.0006, model saved
2026-08-26 20:13:54 | Epoch  87/100 | Train Loss 0.0335 | Val Loss 0.0315 MAE 14.1880 R2 -0.0009
2026-08-26 20:13:55 | Epoch  88/100 | Train Loss 0.0335 | Val Loss 0.0314 MAE 14.1905 R2 -0.0008
2026-08-26 20:13:56 | Epoch  89/100 | Train Loss 0.0337 | Val Loss 0.0314 MAE 14.1883 R2 -0.0009
2026-08-26 20:13:57 | Epoch  90/100 | Train Loss 0.0337 | Val Loss 0.0313 MAE 14.1885 R2 -0.0009
2026-08-26 20:13:58 | Epoch  91/100 | Train Loss 0.0334 | Val Loss 0.0313 MAE 14.1912 R2 -0.0008
2026-08-26 20:14:00 | Epoch  92/100 | Train Loss 0.0334 | Val Loss 0.0312 MAE 14.1873 R2 -0.0010
2026-08-26 20:14:01 | Epoch  93/100 | Train Loss 0.0334 | Val Loss 0.0312 MAE 14.1848 R2 -0.0011
2026-08-26 20:14:02 | Epoch  94/100 | Train Loss 0.0334 | Val Loss 0.0311 MAE 14.1894 R2 -0.0009
2026-08-26 20:14:03 | Epoch  95/100 | Train Loss 0.0334 | Val Loss 0.0311 MAE 14.1900 R2 -0.0008
2026-08-26 20:14:04 | Epoch  96/100 | Train Loss 0.0331 | Val Loss 0.0310 MAE 14.1874 R2 -0.0010
2026-08-26 20:14:04 | Val R2 did not improve for 10 consecutive epochs, early stopping at Epoch 96 (best R2 -0.0006 @ Epoch 86)
2026-08-26 20:14:05 | Run 5/5 | Test (best model @ Epoch 86) | Loss 0.0325 MAE 14.6540 R2 -0.0010
2026-08-26 20:14:05 | Average over 5 runs | Test Loss 0.0330±0.0017 MAE 14.6546±0.0043 R2 -0.0010±0.0001
