2026-09-18 10:45:19 | Device: cuda
2026-09-18 10:45:19 | Args: {'model': 'opb-noorth', 'backbone': 'mlp', 'task': 'imagenet100', 'epochs': 100, 'batch_size': 512, 'lr': 0.001, 'hidden_dims': [512, 256], 'dropout': 0.2, 'z_dim': 256, 'anchor_scale': 10.0, 'energy_classifier': False, 'tied_head': False, 'max_len': 250, 'random_labels': False, 'beta': 0.001, 'patience': 10, 'runs': 5, 'seed': 0, 'data_dir': './data', 'save_path': 'output/imagenet100_mlp_opb-noorth/imagenet100_mlp_opb-noorth.pt', 'log_path': '/root/autodl-tmp/IB/output/ablation/imagenet100_mlp_opb-noorth_beta_0.001_anchor_10/train.log', 'no_save': True}
2026-09-18 10:45:19 | ImageNet-100 特征：使用 4×4 空间池化文件 ./data/imagenet100/imagenet100_resnet50_layer3_pool4_features.npz
2026-09-18 10:45:19 | ImageNet-100 预处理缓存：mmap 共享 ./data/imagenet100/preprocessed_pool4
2026-09-18 10:45:19 | ===== Run 1/5 (seed 0) =====
2026-09-18 10:45:32 | Epoch   1/100 | Train Loss 4.1241 Acc 0.5816 | Val Loss 1.3078 Acc 0.7637 AUC 0.9943 Pre 0.7794 Rec 0.7614
2026-09-18 10:45:32 |   Val AUC improved to 0.9943, model saved
2026-09-18 10:45:40 | Epoch   2/100 | Train Loss 1.2749 Acc 0.7841 | Val Loss 1.1539 Acc 0.7932 AUC 0.9954 Pre 0.7999 Rec 0.7899
2026-09-18 10:45:40 |   Val AUC improved to 0.9954, model saved
2026-09-18 10:45:48 | Epoch   3/100 | Train Loss 0.8737 Acc 0.8456 | Val Loss 1.1339 Acc 0.8025 AUC 0.9956 Pre 0.8047 Rec 0.8006
2026-09-18 10:45:48 |   Val AUC improved to 0.9956, model saved
2026-09-18 10:45:57 | Epoch   4/100 | Train Loss 0.7154 Acc 0.8764 | Val Loss 1.1819 Acc 0.8095 AUC 0.9956 Pre 0.8165 Rec 0.8067
2026-09-18 10:45:57 |   Val AUC improved to 0.9956, model saved
2026-09-18 10:46:05 | Epoch   5/100 | Train Loss 0.6203 Acc 0.8943 | Val Loss 1.3014 Acc 0.8008 AUC 0.9953 Pre 0.8072 Rec 0.7987
2026-09-18 10:46:13 | Epoch   6/100 | Train Loss 0.5966 Acc 0.8994 | Val Loss 1.4082 Acc 0.8029 AUC 0.9952 Pre 0.8130 Rec 0.7998
2026-09-18 10:46:22 | Epoch   7/100 | Train Loss 0.5855 Acc 0.9066 | Val Loss 1.4575 Acc 0.7985 AUC 0.9952 Pre 0.8072 Rec 0.7954
2026-09-18 10:46:29 | Epoch   8/100 | Train Loss 0.6015 Acc 0.9073 | Val Loss 1.4861 Acc 0.8010 AUC 0.9948 Pre 0.8059 Rec 0.7983
2026-09-18 10:46:38 | Epoch   9/100 | Train Loss 0.6098 Acc 0.9099 | Val Loss 1.6224 Acc 0.7950 AUC 0.9942 Pre 0.8073 Rec 0.7919
2026-09-18 10:46:46 | Epoch  10/100 | Train Loss 1554934.4618 Acc 0.8597 | Val Loss 7.5428 Acc 0.4502 AUC 0.9337 Pre 0.5558 Rec 0.4474
2026-09-18 10:46:54 | Epoch  11/100 | Train Loss 184600709.2223 Acc 0.2106 | Val Loss 18.4899 Acc 0.1809 AUC 0.7678 Pre 0.3287 Rec 0.1783
2026-09-18 10:47:02 | Epoch  12/100 | Train Loss 4261.0622 Acc 0.1653 | Val Loss 7.6921 Acc 0.2154 AUC 0.8389 Pre 0.3325 Rec 0.2124
2026-09-18 10:47:10 | Epoch  13/100 | Train Loss 8.4958 Acc 0.1990 | Val Loss 5.8104 Acc 0.2474 AUC 0.8764 Pre 0.3921 Rec 0.2441
2026-09-18 10:47:18 | Epoch  14/100 | Train Loss 7.4871 Acc 0.2285 | Val Loss 4.7328 Acc 0.2915 AUC 0.9085 Pre 0.4182 Rec 0.2882
2026-09-18 10:47:18 | Val AUC did not improve for 10 consecutive epochs, early stopping at Epoch 14 (best AUC 0.9956 @ Epoch 4)
2026-09-18 10:47:20 | Run 1/5 | Test (best model @ Epoch 4) | Loss 1.1693 Acc 0.8099 AUC 0.9958 Pre 0.8175 Rec 0.8079
2026-09-18 10:47:20 | ===== Run 2/5 (seed 1) =====
2026-09-18 10:47:27 | Epoch   1/100 | Train Loss 4.1401 Acc 0.5796 | Val Loss 1.3109 Acc 0.7604 AUC 0.9942 Pre 0.7765 Rec 0.7584
2026-09-18 10:47:27 |   Val AUC improved to 0.9942, model saved
2026-09-18 10:47:36 | Epoch   2/100 | Train Loss 1.2696 Acc 0.7823 | Val Loss 1.1571 Acc 0.7901 AUC 0.9954 Pre 0.8000 Rec 0.7858
2026-09-18 10:47:36 |   Val AUC improved to 0.9954, model saved
2026-09-18 10:47:44 | Epoch   3/100 | Train Loss 0.8603 Acc 0.8482 | Val Loss 1.1770 Acc 0.7970 AUC 0.9955 Pre 0.8049 Rec 0.7938
2026-09-18 10:47:44 |   Val AUC improved to 0.9955, model saved
2026-09-18 10:47:52 | Epoch   4/100 | Train Loss 0.6989 Acc 0.8769 | Val Loss 1.1992 Acc 0.8067 AUC 0.9957 Pre 0.8132 Rec 0.8040
2026-09-18 10:47:52 |   Val AUC improved to 0.9957, model saved
2026-09-18 10:48:01 | Epoch   5/100 | Train Loss 0.6114 Acc 0.8956 | Val Loss 1.2759 Acc 0.8011 AUC 0.9955 Pre 0.8072 Rec 0.7985
2026-09-18 10:48:09 | Epoch   6/100 | Train Loss 0.5906 Acc 0.9017 | Val Loss 1.3477 Acc 0.8040 AUC 0.9952 Pre 0.8077 Rec 0.8018
2026-09-18 10:48:18 | Epoch   7/100 | Train Loss 0.5820 Acc 0.9066 | Val Loss 1.3692 Acc 0.8058 AUC 0.9953 Pre 0.8103 Rec 0.8031
2026-09-18 10:48:26 | Epoch   8/100 | Train Loss 0.5851 Acc 0.9087 | Val Loss 1.4959 Acc 0.8038 AUC 0.9951 Pre 0.8117 Rec 0.8005
2026-09-18 10:48:34 | Epoch   9/100 | Train Loss 0.6106 Acc 0.9087 | Val Loss 1.5882 Acc 0.7960 AUC 0.9947 Pre 0.8021 Rec 0.7939
2026-09-18 10:48:41 | Epoch  10/100 | Train Loss 0.6373 Acc 0.9084 | Val Loss 1.6975 Acc 0.7946 AUC 0.9943 Pre 0.8004 Rec 0.7924
2026-09-18 10:48:49 | Epoch  11/100 | Train Loss 0.6218 Acc 0.9111 | Val Loss 1.6468 Acc 0.7987 AUC 0.9942 Pre 0.8038 Rec 0.7955
2026-09-18 10:48:57 | Epoch  12/100 | Train Loss 0.6213 Acc 0.9147 | Val Loss 1.6583 Acc 0.8055 AUC 0.9944 Pre 0.8077 Rec 0.8025
2026-09-18 10:49:04 | Epoch  13/100 | Train Loss 0.5711 Acc 0.9223 | Val Loss 1.7117 Acc 0.8072 AUC 0.9944 Pre 0.8111 Rec 0.8054
2026-09-18 10:49:13 | Epoch  14/100 | Train Loss 0.5810 Acc 0.9245 | Val Loss 1.8780 Acc 0.7996 AUC 0.9940 Pre 0.8024 Rec 0.7964
2026-09-18 10:49:13 | Val AUC did not improve for 10 consecutive epochs, early stopping at Epoch 14 (best AUC 0.9957 @ Epoch 4)
2026-09-18 10:49:15 | Run 2/5 | Test (best model @ Epoch 4) | Loss 1.1885 Acc 0.8057 AUC 0.9958 Pre 0.8125 Rec 0.8033
2026-09-18 10:49:15 | ===== Run 3/5 (seed 2) =====
2026-09-18 10:49:22 | Epoch   1/100 | Train Loss 4.1523 Acc 0.5802 | Val Loss 1.3556 Acc 0.7637 AUC 0.9943 Pre 0.7831 Rec 0.7605
2026-09-18 10:49:22 |   Val AUC improved to 0.9943, model saved
2026-09-18 10:49:31 | Epoch   2/100 | Train Loss 1.2891 Acc 0.7805 | Val Loss 1.1821 Acc 0.7904 AUC 0.9953 Pre 0.7993 Rec 0.7851
2026-09-18 10:49:31 |   Val AUC improved to 0.9953, model saved
2026-09-18 10:49:39 | Epoch   3/100 | Train Loss 0.8672 Acc 0.8458 | Val Loss 1.1922 Acc 0.7992 AUC 0.9955 Pre 0.8081 Rec 0.7963
2026-09-18 10:49:39 |   Val AUC improved to 0.9955, model saved
2026-09-18 10:49:48 | Epoch   4/100 | Train Loss 0.7016 Acc 0.8765 | Val Loss 1.1721 Acc 0.8061 AUC 0.9958 Pre 0.8103 Rec 0.8031
2026-09-18 10:49:48 |   Val AUC improved to 0.9958, model saved
2026-09-18 10:49:56 | Epoch   5/100 | Train Loss 0.6164 Acc 0.8945 | Val Loss 1.3114 Acc 0.7994 AUC 0.9954 Pre 0.8085 Rec 0.7968
2026-09-18 10:50:04 | Epoch   6/100 | Train Loss 0.5917 Acc 0.9019 | Val Loss 1.3039 Acc 0.8038 AUC 0.9952 Pre 0.8085 Rec 0.8011
2026-09-18 10:50:12 | Epoch   7/100 | Train Loss 0.5860 Acc 0.9053 | Val Loss 1.4525 Acc 0.7992 AUC 0.9950 Pre 0.8076 Rec 0.7963
2026-09-18 10:50:20 | Epoch   8/100 | Train Loss 0.5861 Acc 0.9096 | Val Loss 1.5132 Acc 0.7992 AUC 0.9948 Pre 0.8029 Rec 0.7969
2026-09-18 10:50:28 | Epoch   9/100 | Train Loss 0.6105 Acc 0.9089 | Val Loss 1.5897 Acc 0.8020 AUC 0.9948 Pre 0.8081 Rec 0.7991
2026-09-18 10:50:37 | Epoch  10/100 | Train Loss 0.6198 Acc 0.9089 | Val Loss 1.5949 Acc 0.7986 AUC 0.9945 Pre 0.8049 Rec 0.7944
2026-09-18 10:50:45 | Epoch  11/100 | Train Loss 0.6122 Acc 0.9128 | Val Loss 1.6915 Acc 0.8008 AUC 0.9943 Pre 0.8069 Rec 0.7970
2026-09-18 10:50:53 | Epoch  12/100 | Train Loss 0.6045 Acc 0.9153 | Val Loss 1.6534 Acc 0.8048 AUC 0.9945 Pre 0.8096 Rec 0.8010
2026-09-18 10:51:01 | Epoch  13/100 | Train Loss 8.7497 Acc 0.8819 | Val Loss 4.0575 Acc 0.6549 AUC 0.9803 Pre 0.6977 Rec 0.6515
2026-09-18 10:51:09 | Epoch  14/100 | Train Loss 6717896872834.7441 Acc 0.3265 | Val Loss 5.2587 Acc 0.3842 AUC 0.9169 Pre 0.4659 Rec 0.3822
2026-09-18 10:51:09 | Val AUC did not improve for 10 consecutive epochs, early stopping at Epoch 14 (best AUC 0.9958 @ Epoch 4)
2026-09-18 10:51:12 | Run 3/5 | Test (best model @ Epoch 4) | Loss 1.1489 Acc 0.8115 AUC 0.9959 Pre 0.8152 Rec 0.8087
2026-09-18 10:51:12 | ===== Run 4/5 (seed 3) =====
2026-09-18 10:51:19 | Epoch   1/100 | Train Loss 4.1226 Acc 0.5793 | Val Loss 1.3450 Acc 0.7621 AUC 0.9942 Pre 0.7749 Rec 0.7583
2026-09-18 10:51:19 |   Val AUC improved to 0.9942, model saved
2026-09-18 10:51:28 | Epoch   2/100 | Train Loss 1.2819 Acc 0.7814 | Val Loss 1.1624 Acc 0.7932 AUC 0.9953 Pre 0.8013 Rec 0.7878
2026-09-18 10:51:28 |   Val AUC improved to 0.9953, model saved
2026-09-18 10:51:36 | Epoch   3/100 | Train Loss 0.8607 Acc 0.8477 | Val Loss 1.1569 Acc 0.8048 AUC 0.9958 Pre 0.8097 Rec 0.8026
2026-09-18 10:51:36 |   Val AUC improved to 0.9958, model saved
2026-09-18 10:51:44 | Epoch   4/100 | Train Loss 0.6941 Acc 0.8776 | Val Loss 1.1801 Acc 0.8082 AUC 0.9955 Pre 0.8112 Rec 0.8048
2026-09-18 10:51:53 | Epoch   5/100 | Train Loss 0.6192 Acc 0.8947 | Val Loss 1.2592 Acc 0.8012 AUC 0.9952 Pre 0.8071 Rec 0.7981
2026-09-18 10:52:01 | Epoch   6/100 | Train Loss 0.5850 Acc 0.9029 | Val Loss 1.3622 Acc 0.8029 AUC 0.9952 Pre 0.8121 Rec 0.7995
2026-09-18 10:52:10 | Epoch   7/100 | Train Loss 0.5822 Acc 0.9067 | Val Loss 1.4337 Acc 0.8013 AUC 0.9950 Pre 0.8055 Rec 0.7984
2026-09-18 10:52:18 | Epoch   8/100 | Train Loss 0.6226 Acc 0.9047 | Val Loss 1.5216 Acc 0.7975 AUC 0.9946 Pre 0.8024 Rec 0.7942
2026-09-18 10:52:26 | Epoch   9/100 | Train Loss 0.6235 Acc 0.9068 | Val Loss 1.5503 Acc 0.8009 AUC 0.9945 Pre 0.8061 Rec 0.7975
2026-09-18 10:52:34 | Epoch  10/100 | Train Loss 0.6092 Acc 0.9124 | Val Loss 1.6472 Acc 0.8006 AUC 0.9943 Pre 0.8044 Rec 0.7978
2026-09-18 10:52:43 | Epoch  11/100 | Train Loss 0.6484 Acc 0.9098 | Val Loss 1.7617 Acc 0.7934 AUC 0.9941 Pre 0.7997 Rec 0.7898
2026-09-18 10:52:51 | Epoch  12/100 | Train Loss 0.6351 Acc 0.9131 | Val Loss 1.7588 Acc 0.8015 AUC 0.9942 Pre 0.8067 Rec 0.7978
2026-09-18 10:53:00 | Epoch  13/100 | Train Loss 2558286624231710.5000 Acc 0.6564 | Val Loss 19.6147 Acc 0.3342 AUC 0.8547 Pre 0.4297 Rec 0.3297
2026-09-18 10:53:00 | Val AUC did not improve for 10 consecutive epochs, early stopping at Epoch 13 (best AUC 0.9958 @ Epoch 3)
2026-09-18 10:53:02 | Run 4/5 | Test (best model @ Epoch 3) | Loss 1.1480 Acc 0.8059 AUC 0.9959 Pre 0.8112 Rec 0.8039
2026-09-18 10:53:02 | ===== Run 5/5 (seed 4) =====
2026-09-18 10:53:11 | Epoch   1/100 | Train Loss 4.1438 Acc 0.5795 | Val Loss 1.2783 Acc 0.7718 AUC 0.9942 Pre 0.7774 Rec 0.7688
2026-09-18 10:53:11 |   Val AUC improved to 0.9942, model saved
2026-09-18 10:53:20 | Epoch   2/100 | Train Loss 1.2674 Acc 0.7834 | Val Loss 1.1689 Acc 0.7965 AUC 0.9955 Pre 0.8042 Rec 0.7935
2026-09-18 10:53:20 |   Val AUC improved to 0.9955, model saved
2026-09-18 10:53:28 | Epoch   3/100 | Train Loss 0.8672 Acc 0.8462 | Val Loss 1.2036 Acc 0.7987 AUC 0.9955 Pre 0.8085 Rec 0.7948
2026-09-18 10:53:36 | Epoch   4/100 | Train Loss 0.6954 Acc 0.8781 | Val Loss 1.1912 Acc 0.8045 AUC 0.9956 Pre 0.8075 Rec 0.8017
2026-09-18 10:53:36 |   Val AUC improved to 0.9956, model saved
2026-09-18 10:53:45 | Epoch   5/100 | Train Loss 0.6232 Acc 0.8933 | Val Loss 1.2883 Acc 0.8042 AUC 0.9955 Pre 0.8102 Rec 0.8008
2026-09-18 10:53:53 | Epoch   6/100 | Train Loss 0.5949 Acc 0.9019 | Val Loss 1.3378 Acc 0.8052 AUC 0.9955 Pre 0.8112 Rec 0.8022
2026-09-18 10:54:01 | Epoch   7/100 | Train Loss 0.5676 Acc 0.9088 | Val Loss 1.3974 Acc 0.8076 AUC 0.9955 Pre 0.8115 Rec 0.8041
2026-09-18 10:54:09 | Epoch   8/100 | Train Loss 0.5879 Acc 0.9091 | Val Loss 1.5351 Acc 0.8001 AUC 0.9948 Pre 0.8068 Rec 0.7968
2026-09-18 10:54:16 | Epoch   9/100 | Train Loss 0.6290 Acc 0.9071 | Val Loss 1.5777 Acc 0.7964 AUC 0.9946 Pre 0.8047 Rec 0.7932
2026-09-18 10:54:25 | Epoch  10/100 | Train Loss 0.6747 Acc 0.9039 | Val Loss 1.6432 Acc 0.7969 AUC 0.9944 Pre 0.8035 Rec 0.7941
2026-09-18 10:54:33 | Epoch  11/100 | Train Loss 0.6413 Acc 0.9108 | Val Loss 1.6706 Acc 0.8027 AUC 0.9944 Pre 0.8096 Rec 0.7996
2026-09-18 10:54:41 | Epoch  12/100 | Train Loss 0.6003 Acc 0.9180 | Val Loss 1.6772 Acc 0.7988 AUC 0.9943 Pre 0.8011 Rec 0.7963
2026-09-18 10:54:49 | Epoch  13/100 | Train Loss 136915552737984657542348800.0000 Acc 0.7804 | Val Loss 23.0088 Acc 0.2274 AUC 0.8096 Pre 0.3624 Rec 0.2259
2026-09-18 10:54:58 | Epoch  14/100 | Train Loss 231966453068812681487103033344.0000 Acc 0.1837 | Val Loss 14.8245 Acc 0.2495 AUC 0.8244 Pre 0.4409 Rec 0.2467
2026-09-18 10:54:58 | Val AUC did not improve for 10 consecutive epochs, early stopping at Epoch 14 (best AUC 0.9956 @ Epoch 4)
2026-09-18 10:55:00 | Run 5/5 | Test (best model @ Epoch 4) | Loss 1.1695 Acc 0.8046 AUC 0.9958 Pre 0.8065 Rec 0.8013
2026-09-18 10:55:00 | Average over 5 runs | Test Loss 1.1648±0.0169 Acc 0.8075±0.0030 AUC 0.9958±0.0000 Pre 0.8126±0.0042 Rec 0.8050±0.0031
