2026-09-02 11:04:24 | Device: cuda
2026-09-02 11:04:24 | Args: {'model': 'opb', 'backbone': 'mlp', 'task': 'imagenet100', 'epochs': 100, 'batch_size': 512, 'lr': 0.001, 'hidden_dims': [512, 256], 'dropout': 0.2, 'z_dim': 256, 'anchor_scale': 1.0, 'energy_classifier': True, 'tied_head': False, 'max_len': 250, 'random_labels': False, 'beta': 1.0, 'patience': 10, 'runs': 5, 'seed': 0, 'data_dir': './data', 'save_path': 'output/imagenet100_mlp_opb/imagenet100_mlp_opb.pt', 'log_path': '/root/autodl-tmp/IB/tune_results/imagenet100_mlp_opb_beta_1_anchor_1/train.log', 'no_save': True}
2026-09-02 11:04:24 | ImageNet-100 特征：使用 4×4 空间池化文件 ./data/imagenet100/imagenet100_resnet50_layer3_pool4_features.npz
2026-09-02 11:04:24 | ImageNet-100 预处理缓存：mmap 共享 ./data/imagenet100/preprocessed_pool4
2026-09-02 11:04:24 | ===== Run 1/5 (seed 0) =====
2026-09-02 11:04:33 | Epoch   1/100 | Train Loss 5.5641 Acc 0.0106 | Val Loss 5.0245 Acc 0.0103 AUC 0.5000 Pre 0.0001 Rec 0.0100
2026-09-02 11:04:33 |   Val AUC improved to 0.5000, model saved
2026-09-02 11:04:40 | Epoch   2/100 | Train Loss 5.3857 Acc 0.0104 | Val Loss 4.9707 Acc 0.0103 AUC 0.5000 Pre 0.0001 Rec 0.0100
2026-09-02 11:04:47 | Epoch   3/100 | Train Loss 5.2854 Acc 0.0106 | Val Loss 4.9328 Acc 0.0103 AUC 0.5000 Pre 0.0001 Rec 0.0100
2026-09-02 11:04:55 | Epoch   4/100 | Train Loss 5.2236 Acc 0.0099 | Val Loss 4.9043 Acc 0.0103 AUC 0.5000 Pre 0.0001 Rec 0.0100
2026-09-02 11:05:02 | Epoch   5/100 | Train Loss 5.1726 Acc 0.0102 | Val Loss 4.8821 Acc 0.0103 AUC 0.5000 Pre 0.0001 Rec 0.0100
2026-09-02 11:05:09 | Epoch   6/100 | Train Loss 5.1388 Acc 0.0095 | Val Loss 4.8641 Acc 0.0103 AUC 0.5000 Pre 0.0001 Rec 0.0100
2026-09-02 11:05:17 | Epoch   7/100 | Train Loss 5.0986 Acc 0.0103 | Val Loss 4.8492 Acc 0.0103 AUC 0.5000 Pre 0.0001 Rec 0.0100
2026-09-02 11:05:24 | Epoch   8/100 | Train Loss 5.0776 Acc 0.0101 | Val Loss 4.8365 Acc 0.0103 AUC 0.5000 Pre 0.0001 Rec 0.0100
2026-09-02 11:05:31 | Epoch   9/100 | Train Loss 5.0527 Acc 0.0094 | Val Loss 4.8250 Acc 0.0103 AUC 0.5000 Pre 0.0001 Rec 0.0100
2026-09-02 11:05:39 | Epoch  10/100 | Train Loss 5.0257 Acc 0.0101 | Val Loss 4.8145 Acc 0.0103 AUC 0.5000 Pre 0.0001 Rec 0.0100
2026-09-02 11:05:47 | Epoch  11/100 | Train Loss 5.0092 Acc 0.0101 | Val Loss 4.8051 Acc 0.0103 AUC 0.5000 Pre 0.0001 Rec 0.0100
2026-09-02 11:05:47 | Val AUC did not improve for 10 consecutive epochs, early stopping at Epoch 11 (best AUC 0.5000 @ Epoch 1)
2026-09-02 11:05:49 | Run 1/5 | Test (best model @ Epoch 1) | Loss 5.0245 Acc 0.0103 AUC 0.5000 Pre 0.0001 Rec 0.0100
2026-09-02 11:05:49 | ===== Run 2/5 (seed 1) =====
2026-09-02 11:05:56 | Epoch   1/100 | Train Loss 5.5641 Acc 0.0101 | Val Loss 5.0254 Acc 0.0103 AUC 0.5000 Pre 0.0001 Rec 0.0100
2026-09-02 11:05:56 |   Val AUC improved to 0.5000, model saved
2026-09-02 11:06:04 | Epoch   2/100 | Train Loss 5.3757 Acc 0.0104 | Val Loss 4.9720 Acc 0.0103 AUC 0.5000 Pre 0.0001 Rec 0.0100
2026-09-02 11:06:11 | Epoch   3/100 | Train Loss 5.2910 Acc 0.0102 | Val Loss 4.9334 Acc 0.0103 AUC 0.5000 Pre 0.0001 Rec 0.0100
2026-09-02 11:06:19 | Epoch   4/100 | Train Loss 5.2222 Acc 0.0102 | Val Loss 4.9047 Acc 0.0103 AUC 0.5000 Pre 0.0001 Rec 0.0100
2026-09-02 11:06:26 | Epoch   5/100 | Train Loss 5.1724 Acc 0.0097 | Val Loss 4.8825 Acc 0.0103 AUC 0.5000 Pre 0.0001 Rec 0.0100
2026-09-02 11:06:34 | Epoch   6/100 | Train Loss 5.1343 Acc 0.0092 | Val Loss 4.8642 Acc 0.0103 AUC 0.5000 Pre 0.0001 Rec 0.0100
2026-09-02 11:06:41 | Epoch   7/100 | Train Loss 5.1032 Acc 0.0104 | Val Loss 4.8494 Acc 0.0103 AUC 0.5000 Pre 0.0001 Rec 0.0100
2026-09-02 11:06:49 | Epoch   8/100 | Train Loss 5.0749 Acc 0.0104 | Val Loss 4.8366 Acc 0.0103 AUC 0.5000 Pre 0.0001 Rec 0.0100
2026-09-02 11:06:56 | Epoch   9/100 | Train Loss 5.0529 Acc 0.0104 | Val Loss 4.8254 Acc 0.0103 AUC 0.5000 Pre 0.0001 Rec 0.0100
2026-09-02 11:07:03 | Epoch  10/100 | Train Loss 5.0295 Acc 0.0101 | Val Loss 4.8149 Acc 0.0103 AUC 0.5000 Pre 0.0001 Rec 0.0100
2026-09-02 11:07:11 | Epoch  11/100 | Train Loss 5.0099 Acc 0.0102 | Val Loss 4.8055 Acc 0.0103 AUC 0.5000 Pre 0.0001 Rec 0.0100
2026-09-02 11:07:11 | Val AUC did not improve for 10 consecutive epochs, early stopping at Epoch 11 (best AUC 0.5000 @ Epoch 1)
2026-09-02 11:07:13 | Run 2/5 | Test (best model @ Epoch 1) | Loss 5.0254 Acc 0.0103 AUC 0.5000 Pre 0.0001 Rec 0.0100
2026-09-02 11:07:13 | ===== Run 3/5 (seed 2) =====
2026-09-02 11:07:20 | Epoch   1/100 | Train Loss 5.5702 Acc 0.0099 | Val Loss 5.0251 Acc 0.0103 AUC 0.5000 Pre 0.0001 Rec 0.0100
2026-09-02 11:07:20 |   Val AUC improved to 0.5000, model saved
2026-09-02 11:07:27 | Epoch   2/100 | Train Loss 5.3836 Acc 0.0101 | Val Loss 4.9714 Acc 0.0103 AUC 0.5000 Pre 0.0001 Rec 0.0100
2026-09-02 11:07:27 |   Val AUC improved to 0.5000, model saved
2026-09-02 11:07:34 | Epoch   3/100 | Train Loss 5.2894 Acc 0.0105 | Val Loss 4.9332 Acc 0.0103 AUC 0.5000 Pre 0.0001 Rec 0.0100
2026-09-02 11:07:41 | Epoch   4/100 | Train Loss 5.2254 Acc 0.0100 | Val Loss 4.9047 Acc 0.0103 AUC 0.5000 Pre 0.0001 Rec 0.0100
2026-09-02 11:07:48 | Epoch   5/100 | Train Loss 5.1757 Acc 0.0095 | Val Loss 4.8826 Acc 0.0103 AUC 0.5000 Pre 0.0001 Rec 0.0100
2026-09-02 11:07:55 | Epoch   6/100 | Train Loss 5.1372 Acc 0.0104 | Val Loss 4.8643 Acc 0.0103 AUC 0.5000 Pre 0.0001 Rec 0.0100
2026-09-02 11:08:02 | Epoch   7/100 | Train Loss 5.1064 Acc 0.0098 | Val Loss 4.8496 Acc 0.0103 AUC 0.5000 Pre 0.0001 Rec 0.0100
2026-09-02 11:08:09 | Epoch   8/100 | Train Loss 5.0767 Acc 0.0099 | Val Loss 4.8369 Acc 0.0103 AUC 0.5000 Pre 0.0001 Rec 0.0100
2026-09-02 11:08:16 | Epoch   9/100 | Train Loss 5.0520 Acc 0.0109 | Val Loss 4.8255 Acc 0.0103 AUC 0.5000 Pre 0.0001 Rec 0.0100
2026-09-02 11:08:23 | Epoch  10/100 | Train Loss 5.0283 Acc 0.0100 | Val Loss 4.8150 Acc 0.0103 AUC 0.5000 Pre 0.0001 Rec 0.0100
2026-09-02 11:08:30 | Epoch  11/100 | Train Loss 5.0116 Acc 0.0099 | Val Loss 4.8056 Acc 0.0103 AUC 0.5000 Pre 0.0001 Rec 0.0100
2026-09-02 11:08:38 | Epoch  12/100 | Train Loss 4.9948 Acc 0.0097 | Val Loss 4.7966 Acc 0.0103 AUC 0.5000 Pre 0.0001 Rec 0.0100
2026-09-02 11:08:38 | Val AUC did not improve for 10 consecutive epochs, early stopping at Epoch 12 (best AUC 0.5000 @ Epoch 2)
2026-09-02 11:08:39 | Run 3/5 | Test (best model @ Epoch 2) | Loss 4.9714 Acc 0.0103 AUC 0.5000 Pre 0.0001 Rec 0.0100
2026-09-02 11:08:39 | ===== Run 4/5 (seed 3) =====
2026-09-02 11:08:47 | Epoch   1/100 | Train Loss 5.5658 Acc 0.0102 | Val Loss 5.0250 Acc 0.0092 AUC 0.5000 Pre 0.0001 Rec 0.0100
2026-09-02 11:08:47 |   Val AUC improved to 0.5000, model saved
2026-09-02 11:08:54 | Epoch   2/100 | Train Loss 5.3824 Acc 0.0102 | Val Loss 4.9717 Acc 0.0103 AUC 0.5000 Pre 0.0001 Rec 0.0100
2026-09-02 11:09:01 | Epoch   3/100 | Train Loss 5.2878 Acc 0.0106 | Val Loss 4.9335 Acc 0.0103 AUC 0.5000 Pre 0.0001 Rec 0.0100
2026-09-02 11:09:08 | Epoch   4/100 | Train Loss 5.2240 Acc 0.0110 | Val Loss 4.9045 Acc 0.0103 AUC 0.5000 Pre 0.0001 Rec 0.0100
2026-09-02 11:09:16 | Epoch   5/100 | Train Loss 5.1765 Acc 0.0106 | Val Loss 4.8822 Acc 0.0103 AUC 0.5000 Pre 0.0001 Rec 0.0100
2026-09-02 11:09:23 | Epoch   6/100 | Train Loss 5.1336 Acc 0.0105 | Val Loss 4.8642 Acc 0.0103 AUC 0.5000 Pre 0.0001 Rec 0.0100
2026-09-02 11:09:30 | Epoch   7/100 | Train Loss 5.0999 Acc 0.0101 | Val Loss 4.8495 Acc 0.0103 AUC 0.5000 Pre 0.0001 Rec 0.0100
2026-09-02 11:09:37 | Epoch   8/100 | Train Loss 5.0755 Acc 0.0101 | Val Loss 4.8368 Acc 0.0103 AUC 0.5000 Pre 0.0001 Rec 0.0100
2026-09-02 11:09:45 | Epoch   9/100 | Train Loss 5.0502 Acc 0.0097 | Val Loss 4.8257 Acc 0.0103 AUC 0.5000 Pre 0.0001 Rec 0.0100
2026-09-02 11:09:52 | Epoch  10/100 | Train Loss 5.0305 Acc 0.0104 | Val Loss 4.8152 Acc 0.0103 AUC 0.5000 Pre 0.0001 Rec 0.0100
2026-09-02 11:09:59 | Epoch  11/100 | Train Loss 5.0114 Acc 0.0106 | Val Loss 4.8055 Acc 0.0103 AUC 0.5000 Pre 0.0001 Rec 0.0100
2026-09-02 11:09:59 | Val AUC did not improve for 10 consecutive epochs, early stopping at Epoch 11 (best AUC 0.5000 @ Epoch 1)
2026-09-02 11:10:00 | Run 4/5 | Test (best model @ Epoch 1) | Loss 5.0250 Acc 0.0092 AUC 0.5000 Pre 0.0001 Rec 0.0100
2026-09-02 11:10:00 | ===== Run 5/5 (seed 4) =====
2026-09-02 11:10:08 | Epoch   1/100 | Train Loss 5.5816 Acc 0.0102 | Val Loss 5.0254 Acc 0.0103 AUC 0.5000 Pre 0.0001 Rec 0.0100
2026-09-02 11:10:08 |   Val AUC improved to 0.5000, model saved
2026-09-02 11:10:15 | Epoch   2/100 | Train Loss 5.3888 Acc 0.0096 | Val Loss 4.9721 Acc 0.0103 AUC 0.5000 Pre 0.0001 Rec 0.0100
2026-09-02 11:10:22 | Epoch   3/100 | Train Loss 5.2908 Acc 0.0097 | Val Loss 4.9338 Acc 0.0103 AUC 0.5000 Pre 0.0001 Rec 0.0100
2026-09-02 11:10:30 | Epoch   4/100 | Train Loss 5.2250 Acc 0.0103 | Val Loss 4.9053 Acc 0.0103 AUC 0.5000 Pre 0.0001 Rec 0.0100
2026-09-02 11:10:37 | Epoch   5/100 | Train Loss 5.1760 Acc 0.0100 | Val Loss 4.8830 Acc 0.0103 AUC 0.5000 Pre 0.0001 Rec 0.0100
2026-09-02 11:10:44 | Epoch   6/100 | Train Loss 5.1353 Acc 0.0101 | Val Loss 4.8650 Acc 0.0103 AUC 0.5000 Pre 0.0001 Rec 0.0100
2026-09-02 11:10:51 | Epoch   7/100 | Train Loss 5.1031 Acc 0.0098 | Val Loss 4.8502 Acc 0.0103 AUC 0.5000 Pre 0.0001 Rec 0.0100
2026-09-02 11:10:59 | Epoch   8/100 | Train Loss 5.0789 Acc 0.0097 | Val Loss 4.8372 Acc 0.0103 AUC 0.5000 Pre 0.0001 Rec 0.0100
2026-09-02 11:11:06 | Epoch   9/100 | Train Loss 5.0543 Acc 0.0101 | Val Loss 4.8259 Acc 0.0103 AUC 0.5000 Pre 0.0001 Rec 0.0100
2026-09-02 11:11:13 | Epoch  10/100 | Train Loss 5.0312 Acc 0.0101 | Val Loss 4.8153 Acc 0.0103 AUC 0.5000 Pre 0.0001 Rec 0.0100
2026-09-02 11:11:20 | Epoch  11/100 | Train Loss 5.0135 Acc 0.0101 | Val Loss 4.8058 Acc 0.0103 AUC 0.5000 Pre 0.0001 Rec 0.0100
2026-09-02 11:11:20 | Val AUC did not improve for 10 consecutive epochs, early stopping at Epoch 11 (best AUC 0.5000 @ Epoch 1)
2026-09-02 11:11:22 | Run 5/5 | Test (best model @ Epoch 1) | Loss 5.0254 Acc 0.0103 AUC 0.5000 Pre 0.0001 Rec 0.0100
2026-09-02 11:11:22 | Average over 5 runs | Test Loss 5.0144±0.0240 Acc 0.0100±0.0005 AUC 0.5000±0.0000 Pre 0.0001±0.0000 Rec 0.0100±0.0000
