2026-08-27 14:07:23 | Device: cuda
2026-08-27 14:07:23 | Args: {'model': 'fgib', 'backbone': 'rnn', 'task': 'imdb', 'epochs': 100, 'batch_size': 512, 'lr': 0.001, 'hidden_dims': [512, 256], 'dropout': 0.2, 'z_dim': 256, 'anchor_scale': 12.0, 'max_len': 250, 'random_labels': False, 'beta': 0.0001, 'patience': 10, 'runs': 5, 'seed': 0, 'data_dir': './data', 'save_path': 'output/imdb_rnn_fgib/imdb_rnn_fgib.pt', 'log_path': '/root/autodl-tmp/FGIB/tune_results/imdb_rnn_fgib_beta_0.0001_anchor_12/train.log', 'no_save': True}
2026-08-27 14:07:23 | IMDb 预处理缓存：mmap 共享 ./data/imdb/imdb_processed_maxlen250
2026-08-27 14:07:23 | ===== Run 1/5 (seed 0) =====
2026-08-27 14:08:05 | Epoch   1/100 | Train Loss 0.6206 Acc 0.6576 | Val Loss 0.5941 Acc 0.6757 AUC 0.7497 Pre 0.6766 Rec 0.6757
2026-08-27 14:08:06 |   Val AUC improved to 0.7497, model saved
2026-08-27 14:08:44 | Epoch   2/100 | Train Loss 0.5249 Acc 0.7454 | Val Loss 0.5836 Acc 0.7437 AUC 0.8505 Pre 0.7805 Rec 0.7437
2026-08-27 14:08:45 |   Val AUC improved to 0.8505, model saved
2026-08-27 14:09:22 | Epoch   3/100 | Train Loss 0.4913 Acc 0.7664 | Val Loss 0.5755 Acc 0.7268 AUC 0.8077 Pre 0.7301 Rec 0.7268
2026-08-27 14:09:57 | Epoch   4/100 | Train Loss 0.4568 Acc 0.7956 | Val Loss 0.4993 Acc 0.7747 AUC 0.8576 Pre 0.7863 Rec 0.7747
2026-08-27 14:09:57 |   Val AUC improved to 0.8576, model saved
2026-08-27 14:10:34 | Epoch   5/100 | Train Loss 0.5491 Acc 0.7116 | Val Loss 0.5470 Acc 0.7153 AUC 0.7999 Pre 0.7168 Rec 0.7153
2026-08-27 14:11:10 | Epoch   6/100 | Train Loss 0.4207 Acc 0.8173 | Val Loss 0.5324 Acc 0.7296 AUC 0.8412 Pre 0.7624 Rec 0.7296
2026-08-27 14:11:45 | Epoch   7/100 | Train Loss 0.4252 Acc 0.7870 | Val Loss 0.4645 Acc 0.7742 AUC 0.8715 Pre 0.7919 Rec 0.7742
2026-08-27 14:11:46 |   Val AUC improved to 0.8715, model saved
2026-08-27 14:12:23 | Epoch   8/100 | Train Loss 0.3008 Acc 0.8745 | Val Loss 0.3769 Acc 0.8405 AUC 0.9158 Pre 0.8408 Rec 0.8405
2026-08-27 14:12:25 |   Val AUC improved to 0.9158, model saved
2026-08-27 14:13:02 | Epoch   9/100 | Train Loss 0.1926 Acc 0.9320 | Val Loss 0.4109 Acc 0.8564 AUC 0.9280 Pre 0.8574 Rec 0.8564
2026-08-27 14:13:03 |   Val AUC improved to 0.9280, model saved
2026-08-27 14:13:39 | Epoch  10/100 | Train Loss 0.1430 Acc 0.9517 | Val Loss 0.4223 Acc 0.8487 AUC 0.9225 Pre 0.8490 Rec 0.8487
2026-08-27 14:14:15 | Epoch  11/100 | Train Loss 0.1127 Acc 0.9637 | Val Loss 0.4548 Acc 0.8504 AUC 0.9245 Pre 0.8525 Rec 0.8504
2026-08-27 14:14:53 | Epoch  12/100 | Train Loss 0.0932 Acc 0.9701 | Val Loss 0.4740 Acc 0.8564 AUC 0.9224 Pre 0.8568 Rec 0.8564
2026-08-27 14:15:30 | Epoch  13/100 | Train Loss 0.0732 Acc 0.9770 | Val Loss 0.4410 Acc 0.8482 AUC 0.9235 Pre 0.8495 Rec 0.8482
2026-08-27 14:16:07 | Epoch  14/100 | Train Loss 0.1188 Acc 0.9586 | Val Loss 0.4373 Acc 0.8594 AUC 0.9330 Pre 0.8600 Rec 0.8594
2026-08-27 14:16:08 |   Val AUC improved to 0.9330, model saved
2026-08-27 14:16:46 | Epoch  15/100 | Train Loss 0.0636 Acc 0.9801 | Val Loss 0.5062 Acc 0.8605 AUC 0.9305 Pre 0.8605 Rec 0.8605
2026-08-27 14:17:25 | Epoch  16/100 | Train Loss 0.0413 Acc 0.9884 | Val Loss 0.5918 Acc 0.8529 AUC 0.9273 Pre 0.8536 Rec 0.8529
2026-08-27 14:18:02 | Epoch  17/100 | Train Loss 0.0238 Acc 0.9951 | Val Loss 0.6218 Acc 0.8585 AUC 0.9284 Pre 0.8585 Rec 0.8585
2026-08-27 14:18:39 | Epoch  18/100 | Train Loss 0.0166 Acc 0.9970 | Val Loss 0.6749 Acc 0.8590 AUC 0.9293 Pre 0.8591 Rec 0.8590
2026-08-27 14:19:16 | Epoch  19/100 | Train Loss 0.0129 Acc 0.9978 | Val Loss 0.7170 Acc 0.8601 AUC 0.9291 Pre 0.8601 Rec 0.8601
2026-08-27 14:19:52 | Epoch  20/100 | Train Loss 0.0101 Acc 0.9985 | Val Loss 0.7363 Acc 0.8555 AUC 0.9274 Pre 0.8555 Rec 0.8555
2026-08-27 14:20:27 | Epoch  21/100 | Train Loss 0.0095 Acc 0.9984 | Val Loss 0.7920 Acc 0.8500 AUC 0.9260 Pre 0.8525 Rec 0.8500
2026-08-27 14:21:03 | Epoch  22/100 | Train Loss 0.0203 Acc 0.9944 | Val Loss 0.6970 Acc 0.8565 AUC 0.9284 Pre 0.8577 Rec 0.8565
2026-08-27 14:21:39 | Epoch  23/100 | Train Loss 0.0175 Acc 0.9953 | Val Loss 0.7222 Acc 0.8579 AUC 0.9279 Pre 0.8579 Rec 0.8579
2026-08-27 14:22:14 | Epoch  24/100 | Train Loss 0.0074 Acc 0.9988 | Val Loss 0.7463 Acc 0.8605 AUC 0.9270 Pre 0.8607 Rec 0.8605
2026-08-27 14:22:14 | Val AUC did not improve for 10 consecutive epochs, early stopping at Epoch 24 (best AUC 0.9330 @ Epoch 14)
2026-08-27 14:22:20 | Run 1/5 | Test (best model @ Epoch 14) | Loss 0.4336 Acc 0.8602 AUC 0.9345 Pre 0.8607 Rec 0.8602
2026-08-27 14:22:20 | ===== Run 2/5 (seed 1) =====
2026-08-27 14:22:57 | Epoch   1/100 | Train Loss 0.6151 Acc 0.6666 | Val Loss 0.5465 Acc 0.7422 AUC 0.8170 Pre 0.7515 Rec 0.7422
2026-08-27 14:22:57 |   Val AUC improved to 0.8170, model saved
2026-08-27 14:23:32 | Epoch   2/100 | Train Loss 0.5166 Acc 0.7602 | Val Loss 0.4885 Acc 0.7776 AUC 0.8493 Pre 0.7777 Rec 0.7776
2026-08-27 14:23:32 |   Val AUC improved to 0.8493, model saved
2026-08-27 14:24:07 | Epoch   3/100 | Train Loss 0.4695 Acc 0.7919 | Val Loss 0.4595 Acc 0.7938 AUC 0.8684 Pre 0.7938 Rec 0.7938
2026-08-27 14:24:08 |   Val AUC improved to 0.8684, model saved
2026-08-27 14:24:42 | Epoch   4/100 | Train Loss 0.3663 Acc 0.8464 | Val Loss 0.4641 Acc 0.7870 AUC 0.8798 Pre 0.8000 Rec 0.7870
2026-08-27 14:24:42 |   Val AUC improved to 0.8798, model saved
2026-08-27 14:25:16 | Epoch   5/100 | Train Loss 0.4062 Acc 0.8219 | Val Loss 0.4225 Acc 0.8253 AUC 0.9016 Pre 0.8290 Rec 0.8253
2026-08-27 14:25:16 |   Val AUC improved to 0.9016, model saved
2026-08-27 14:25:48 | Epoch   6/100 | Train Loss 0.2732 Acc 0.8900 | Val Loss 0.3676 Acc 0.8494 AUC 0.9228 Pre 0.8503 Rec 0.8494
2026-08-27 14:25:49 |   Val AUC improved to 0.9228, model saved
2026-08-27 14:26:20 | Epoch   7/100 | Train Loss 0.1873 Acc 0.9301 | Val Loss 0.4010 Acc 0.8432 AUC 0.9261 Pre 0.8477 Rec 0.8432
2026-08-27 14:26:20 |   Val AUC improved to 0.9261, model saved
2026-08-27 14:26:52 | Epoch   8/100 | Train Loss 0.1267 Acc 0.9563 | Val Loss 0.4036 Acc 0.8531 AUC 0.9256 Pre 0.8542 Rec 0.8531
2026-08-27 14:27:23 | Epoch   9/100 | Train Loss 0.0871 Acc 0.9722 | Val Loss 0.4652 Acc 0.8544 AUC 0.9260 Pre 0.8545 Rec 0.8544
2026-08-27 14:27:55 | Epoch  10/100 | Train Loss 0.0490 Acc 0.9851 | Val Loss 0.5308 Acc 0.8559 AUC 0.9283 Pre 0.8567 Rec 0.8559
2026-08-27 14:27:56 |   Val AUC improved to 0.9283, model saved
2026-08-27 14:28:27 | Epoch  11/100 | Train Loss 0.0284 Acc 0.9919 | Val Loss 0.6201 Acc 0.8547 AUC 0.9238 Pre 0.8552 Rec 0.8547
2026-08-27 14:28:58 | Epoch  12/100 | Train Loss 0.0140 Acc 0.9962 | Val Loss 0.6686 Acc 0.8558 AUC 0.9257 Pre 0.8561 Rec 0.8558
2026-08-27 14:29:27 | Epoch  13/100 | Train Loss 0.0173 Acc 0.9947 | Val Loss 0.7176 Acc 0.8536 AUC 0.9244 Pre 0.8537 Rec 0.8536
2026-08-27 14:29:56 | Epoch  14/100 | Train Loss 0.0168 Acc 0.9944 | Val Loss 0.7523 Acc 0.8520 AUC 0.9237 Pre 0.8545 Rec 0.8520
2026-08-27 14:30:27 | Epoch  15/100 | Train Loss 0.0130 Acc 0.9960 | Val Loss 0.7830 Acc 0.8402 AUC 0.9158 Pre 0.8432 Rec 0.8402
2026-08-27 14:30:57 | Epoch  16/100 | Train Loss 0.0199 Acc 0.9933 | Val Loss 0.7174 Acc 0.8482 AUC 0.9214 Pre 0.8496 Rec 0.8482
2026-08-27 14:31:28 | Epoch  17/100 | Train Loss 0.0109 Acc 0.9963 | Val Loss 0.7545 Acc 0.8597 AUC 0.9273 Pre 0.8598 Rec 0.8597
2026-08-27 14:31:58 | Epoch  18/100 | Train Loss 0.0031 Acc 0.9991 | Val Loss 0.8258 Acc 0.8603 AUC 0.9279 Pre 0.8603 Rec 0.8603
2026-08-27 14:32:28 | Epoch  19/100 | Train Loss 0.0034 Acc 0.9991 | Val Loss 0.8325 Acc 0.8601 AUC 0.9278 Pre 0.8601 Rec 0.8601
2026-08-27 14:33:00 | Epoch  20/100 | Train Loss 0.0020 Acc 0.9995 | Val Loss 0.8754 Acc 0.8640 AUC 0.9286 Pre 0.8650 Rec 0.8640
2026-08-27 14:33:01 |   Val AUC improved to 0.9286, model saved
2026-08-27 14:33:31 | Epoch  21/100 | Train Loss 0.0016 Acc 0.9997 | Val Loss 0.9258 Acc 0.8629 AUC 0.9290 Pre 0.8634 Rec 0.8629
2026-08-27 14:33:32 |   Val AUC improved to 0.9290, model saved
2026-08-27 14:34:00 | Epoch  22/100 | Train Loss 0.0015 Acc 0.9998 | Val Loss 0.9334 Acc 0.8599 AUC 0.9274 Pre 0.8603 Rec 0.8599
2026-08-27 14:34:26 | Epoch  23/100 | Train Loss 0.0005 Acc 1.0000 | Val Loss 0.9623 Acc 0.8609 AUC 0.9285 Pre 0.8609 Rec 0.8609
2026-08-27 14:34:54 | Epoch  24/100 | Train Loss 0.0004 Acc 1.0000 | Val Loss 0.9824 Acc 0.8622 AUC 0.9288 Pre 0.8625 Rec 0.8622
2026-08-27 14:35:23 | Epoch  25/100 | Train Loss 0.0002 Acc 1.0000 | Val Loss 0.9954 Acc 0.8627 AUC 0.9297 Pre 0.8628 Rec 0.8627
2026-08-27 14:35:23 |   Val AUC improved to 0.9297, model saved
2026-08-27 14:35:52 | Epoch  26/100 | Train Loss 0.0002 Acc 1.0000 | Val Loss 1.0151 Acc 0.8626 AUC 0.9294 Pre 0.8629 Rec 0.8626
2026-08-27 14:36:21 | Epoch  27/100 | Train Loss 0.0001 Acc 1.0000 | Val Loss 1.0321 Acc 0.8629 AUC 0.9296 Pre 0.8632 Rec 0.8629
2026-08-27 14:36:47 | Epoch  28/100 | Train Loss 0.0001 Acc 1.0000 | Val Loss 1.0375 Acc 0.8630 AUC 0.9300 Pre 0.8632 Rec 0.8630
2026-08-27 14:36:48 |   Val AUC improved to 0.9300, model saved
2026-08-27 14:37:15 | Epoch  29/100 | Train Loss 0.0001 Acc 1.0000 | Val Loss 1.0579 Acc 0.8637 AUC 0.9302 Pre 0.8642 Rec 0.8637
2026-08-27 14:37:15 |   Val AUC improved to 0.9302, model saved
2026-08-27 14:37:43 | Epoch  30/100 | Train Loss 0.0001 Acc 1.0000 | Val Loss 1.0659 Acc 0.8631 AUC 0.9303 Pre 0.8634 Rec 0.8631
2026-08-27 14:37:44 |   Val AUC improved to 0.9303, model saved
2026-08-27 14:38:12 | Epoch  31/100 | Train Loss 0.0001 Acc 1.0000 | Val Loss 1.0796 Acc 0.8635 AUC 0.9303 Pre 0.8639 Rec 0.8635
2026-08-27 14:38:41 | Epoch  32/100 | Train Loss 0.0001 Acc 1.0000 | Val Loss 1.0901 Acc 0.8635 AUC 0.9302 Pre 0.8639 Rec 0.8635
2026-08-27 14:39:10 | Epoch  33/100 | Train Loss 0.0001 Acc 1.0000 | Val Loss 1.0958 Acc 0.8635 AUC 0.9302 Pre 0.8639 Rec 0.8635
2026-08-27 14:39:37 | Epoch  34/100 | Train Loss 0.0001 Acc 1.0000 | Val Loss 1.1040 Acc 0.8634 AUC 0.9302 Pre 0.8638 Rec 0.8634
2026-08-27 14:40:00 | Epoch  35/100 | Train Loss 0.0001 Acc 1.0000 | Val Loss 1.1141 Acc 0.8636 AUC 0.9303 Pre 0.8640 Rec 0.8636
2026-08-27 14:40:21 | Epoch  36/100 | Train Loss 0.0001 Acc 1.0000 | Val Loss 1.1274 Acc 0.8632 AUC 0.9304 Pre 0.8637 Rec 0.8632
2026-08-27 14:40:22 |   Val AUC improved to 0.9304, model saved
2026-08-27 14:40:44 | Epoch  37/100 | Train Loss 0.0001 Acc 1.0000 | Val Loss 1.1318 Acc 0.8638 AUC 0.9305 Pre 0.8641 Rec 0.8638
2026-08-27 14:40:45 |   Val AUC improved to 0.9305, model saved
2026-08-27 14:41:07 | Epoch  38/100 | Train Loss 0.0001 Acc 1.0000 | Val Loss 1.1411 Acc 0.8631 AUC 0.9305 Pre 0.8635 Rec 0.8631
2026-08-27 14:41:29 | Epoch  39/100 | Train Loss 0.0001 Acc 1.0000 | Val Loss 1.1495 Acc 0.8632 AUC 0.9304 Pre 0.8637 Rec 0.8632
2026-08-27 14:41:47 | Epoch  40/100 | Train Loss 0.0001 Acc 1.0000 | Val Loss 1.1553 Acc 0.8639 AUC 0.9305 Pre 0.8643 Rec 0.8639
2026-08-27 14:41:47 |   Val AUC improved to 0.9305, model saved
2026-08-27 14:42:05 | Epoch  41/100 | Train Loss 0.0001 Acc 1.0000 | Val Loss 1.1627 Acc 0.8633 AUC 0.9305 Pre 0.8637 Rec 0.8633
2026-08-27 14:42:23 | Epoch  42/100 | Train Loss 0.0001 Acc 1.0000 | Val Loss 1.1694 Acc 0.8640 AUC 0.9304 Pre 0.8644 Rec 0.8640
2026-08-27 14:42:41 | Epoch  43/100 | Train Loss 0.0001 Acc 1.0000 | Val Loss 1.1769 Acc 0.8642 AUC 0.9305 Pre 0.8646 Rec 0.8642
2026-08-27 14:42:58 | Epoch  44/100 | Train Loss 0.0001 Acc 1.0000 | Val Loss 1.1810 Acc 0.8644 AUC 0.9305 Pre 0.8648 Rec 0.8644
2026-08-27 14:42:59 |   Val AUC improved to 0.9305, model saved
2026-08-27 14:43:17 | Epoch  45/100 | Train Loss 0.0001 Acc 1.0000 | Val Loss 1.1844 Acc 0.8639 AUC 0.9306 Pre 0.8642 Rec 0.8639
2026-08-27 14:43:18 |   Val AUC improved to 0.9306, model saved
2026-08-27 14:43:35 | Epoch  46/100 | Train Loss 0.0001 Acc 1.0000 | Val Loss 1.1922 Acc 0.8642 AUC 0.9306 Pre 0.8645 Rec 0.8642
2026-08-27 14:43:35 |   Val AUC improved to 0.9306, model saved
2026-08-27 14:43:53 | Epoch  47/100 | Train Loss 0.0000 Acc 1.0000 | Val Loss 1.2011 Acc 0.8644 AUC 0.9306 Pre 0.8648 Rec 0.8644
2026-08-27 14:43:54 |   Val AUC improved to 0.9306, model saved
2026-08-27 14:44:12 | Epoch  48/100 | Train Loss 0.0000 Acc 1.0000 | Val Loss 1.2078 Acc 0.8643 AUC 0.9307 Pre 0.8647 Rec 0.8643
2026-08-27 14:44:13 |   Val AUC improved to 0.9307, model saved
2026-08-27 14:44:29 | Epoch  49/100 | Train Loss 0.0000 Acc 1.0000 | Val Loss 1.2148 Acc 0.8639 AUC 0.9307 Pre 0.8643 Rec 0.8639
2026-08-27 14:44:46 | Epoch  50/100 | Train Loss 0.0000 Acc 1.0000 | Val Loss 1.2200 Acc 0.8641 AUC 0.9308 Pre 0.8645 Rec 0.8641
2026-08-27 14:44:47 |   Val AUC improved to 0.9308, model saved
2026-08-27 14:45:03 | Epoch  51/100 | Train Loss 0.0000 Acc 1.0000 | Val Loss 1.2267 Acc 0.8639 AUC 0.9307 Pre 0.8643 Rec 0.8639
2026-08-27 14:45:20 | Epoch  52/100 | Train Loss 0.0000 Acc 1.0000 | Val Loss 1.2301 Acc 0.8640 AUC 0.9308 Pre 0.8644 Rec 0.8640
2026-08-27 14:45:37 | Epoch  53/100 | Train Loss 0.0000 Acc 1.0000 | Val Loss 1.2371 Acc 0.8638 AUC 0.9309 Pre 0.8642 Rec 0.8638
2026-08-27 14:45:38 |   Val AUC improved to 0.9309, model saved
2026-08-27 14:45:55 | Epoch  54/100 | Train Loss 0.0000 Acc 1.0000 | Val Loss 1.2443 Acc 0.8629 AUC 0.9309 Pre 0.8634 Rec 0.8629
2026-08-27 14:45:55 |   Val AUC improved to 0.9309, model saved
2026-08-27 14:46:12 | Epoch  55/100 | Train Loss 0.0000 Acc 1.0000 | Val Loss 1.2479 Acc 0.8637 AUC 0.9310 Pre 0.8641 Rec 0.8637
2026-08-27 14:46:12 |   Val AUC improved to 0.9310, model saved
2026-08-27 14:46:29 | Epoch  56/100 | Train Loss 0.0000 Acc 1.0000 | Val Loss 1.2533 Acc 0.8637 AUC 0.9311 Pre 0.8641 Rec 0.8637
2026-08-27 14:46:30 |   Val AUC improved to 0.9311, model saved
2026-08-27 14:46:46 | Epoch  57/100 | Train Loss 0.0000 Acc 1.0000 | Val Loss 1.2589 Acc 0.8636 AUC 0.9312 Pre 0.8640 Rec 0.8636
2026-08-27 14:46:47 |   Val AUC improved to 0.9312, model saved
2026-08-27 14:47:04 | Epoch  58/100 | Train Loss 0.0000 Acc 1.0000 | Val Loss 1.2652 Acc 0.8634 AUC 0.9311 Pre 0.8638 Rec 0.8634
2026-08-27 14:47:20 | Epoch  59/100 | Train Loss 0.0000 Acc 1.0000 | Val Loss 1.2638 Acc 0.8629 AUC 0.9311 Pre 0.8633 Rec 0.8629
2026-08-27 14:47:37 | Epoch  60/100 | Train Loss 0.0000 Acc 1.0000 | Val Loss 1.2702 Acc 0.8628 AUC 0.9311 Pre 0.8632 Rec 0.8628
2026-08-27 14:47:53 | Epoch  61/100 | Train Loss 0.0000 Acc 1.0000 | Val Loss 1.2769 Acc 0.8627 AUC 0.9311 Pre 0.8631 Rec 0.8627
2026-08-27 14:48:04 | Epoch  62/100 | Train Loss 0.0000 Acc 1.0000 | Val Loss 1.2837 Acc 0.8626 AUC 0.9311 Pre 0.8630 Rec 0.8626
2026-08-27 14:48:15 | Epoch  63/100 | Train Loss 0.0000 Acc 1.0000 | Val Loss 1.2903 Acc 0.8625 AUC 0.9312 Pre 0.8629 Rec 0.8625
2026-08-27 14:48:26 | Epoch  64/100 | Train Loss 0.0000 Acc 1.0000 | Val Loss 1.2925 Acc 0.8625 AUC 0.9311 Pre 0.8628 Rec 0.8625
2026-08-27 14:48:37 | Epoch  65/100 | Train Loss 0.0000 Acc 1.0000 | Val Loss 1.2979 Acc 0.8627 AUC 0.9313 Pre 0.8630 Rec 0.8627
2026-08-27 14:48:38 |   Val AUC improved to 0.9313, model saved
2026-08-27 14:48:50 | Epoch  66/100 | Train Loss 0.0000 Acc 1.0000 | Val Loss 1.3060 Acc 0.8625 AUC 0.9313 Pre 0.8629 Rec 0.8625
2026-08-27 14:48:50 |   Val AUC improved to 0.9313, model saved
2026-08-27 14:49:00 | Epoch  67/100 | Train Loss 0.0000 Acc 1.0000 | Val Loss 1.3120 Acc 0.8626 AUC 0.9313 Pre 0.8630 Rec 0.8626
2026-08-27 14:49:12 | Epoch  68/100 | Train Loss 0.0000 Acc 1.0000 | Val Loss 1.3166 Acc 0.8627 AUC 0.9313 Pre 0.8631 Rec 0.8627
2026-08-27 14:49:12 |   Val AUC improved to 0.9313, model saved
2026-08-27 14:49:23 | Epoch  69/100 | Train Loss 0.0000 Acc 1.0000 | Val Loss 1.3228 Acc 0.8632 AUC 0.9314 Pre 0.8636 Rec 0.8632
2026-08-27 14:49:24 |   Val AUC improved to 0.9314, model saved
2026-08-27 14:49:35 | Epoch  70/100 | Train Loss 0.0000 Acc 1.0000 | Val Loss 1.3291 Acc 0.8631 AUC 0.9314 Pre 0.8635 Rec 0.8631
2026-08-27 14:49:46 | Epoch  71/100 | Train Loss 0.0000 Acc 1.0000 | Val Loss 1.3342 Acc 0.8639 AUC 0.9315 Pre 0.8643 Rec 0.8639
2026-08-27 14:49:46 |   Val AUC improved to 0.9315, model saved
2026-08-27 14:49:57 | Epoch  72/100 | Train Loss 0.0000 Acc 1.0000 | Val Loss 1.3386 Acc 0.8635 AUC 0.9315 Pre 0.8638 Rec 0.8635
2026-08-27 14:50:09 | Epoch  73/100 | Train Loss 0.0000 Acc 1.0000 | Val Loss 1.3440 Acc 0.8633 AUC 0.9315 Pre 0.8636 Rec 0.8633
2026-08-27 14:50:09 |   Val AUC improved to 0.9315, model saved
2026-08-27 14:50:22 | Epoch  74/100 | Train Loss 0.0000 Acc 1.0000 | Val Loss 1.3502 Acc 0.8641 AUC 0.9316 Pre 0.8645 Rec 0.8641
2026-08-27 14:50:22 |   Val AUC improved to 0.9316, model saved
2026-08-27 14:50:33 | Epoch  75/100 | Train Loss 0.0000 Acc 1.0000 | Val Loss 1.3535 Acc 0.8634 AUC 0.9316 Pre 0.8637 Rec 0.8634
2026-08-27 14:50:33 |   Val AUC improved to 0.9316, model saved
2026-08-27 14:50:45 | Epoch  76/100 | Train Loss 0.0000 Acc 1.0000 | Val Loss 1.3591 Acc 0.8641 AUC 0.9315 Pre 0.8644 Rec 0.8641
2026-08-27 14:50:56 | Epoch  77/100 | Train Loss 0.0000 Acc 1.0000 | Val Loss 1.3634 Acc 0.8641 AUC 0.9316 Pre 0.8644 Rec 0.8641
2026-08-27 14:51:07 | Epoch  78/100 | Train Loss 0.0000 Acc 1.0000 | Val Loss 1.3678 Acc 0.8637 AUC 0.9318 Pre 0.8640 Rec 0.8637
2026-08-27 14:51:08 |   Val AUC improved to 0.9318, model saved
2026-08-27 14:51:15 | Epoch  79/100 | Train Loss 0.0000 Acc 1.0000 | Val Loss 1.3736 Acc 0.8640 AUC 0.9317 Pre 0.8643 Rec 0.8640
2026-08-27 14:51:23 | Epoch  80/100 | Train Loss 0.0000 Acc 1.0000 | Val Loss 1.3794 Acc 0.8634 AUC 0.9317 Pre 0.8637 Rec 0.8634
2026-08-27 14:51:30 | Epoch  81/100 | Train Loss 0.0000 Acc 1.0000 | Val Loss 1.3827 Acc 0.8636 AUC 0.9316 Pre 0.8639 Rec 0.8636
2026-08-27 14:51:37 | Epoch  82/100 | Train Loss 0.0000 Acc 1.0000 | Val Loss 1.3884 Acc 0.8634 AUC 0.9317 Pre 0.8637 Rec 0.8634
2026-08-27 14:51:45 | Epoch  83/100 | Train Loss 0.0000 Acc 1.0000 | Val Loss 1.3939 Acc 0.8632 AUC 0.9317 Pre 0.8635 Rec 0.8632
2026-08-27 14:51:53 | Epoch  84/100 | Train Loss 0.0000 Acc 1.0000 | Val Loss 1.3998 Acc 0.8634 AUC 0.9318 Pre 0.8637 Rec 0.8634
2026-08-27 14:51:54 |   Val AUC improved to 0.9318, model saved
2026-08-27 14:52:01 | Epoch  85/100 | Train Loss 0.0000 Acc 1.0000 | Val Loss 1.4046 Acc 0.8633 AUC 0.9318 Pre 0.8636 Rec 0.8633
2026-08-27 14:52:01 |   Val AUC improved to 0.9318, model saved
2026-08-27 14:52:09 | Epoch  86/100 | Train Loss 0.0000 Acc 1.0000 | Val Loss 1.4081 Acc 0.8632 AUC 0.9320 Pre 0.8635 Rec 0.8632
2026-08-27 14:52:09 |   Val AUC improved to 0.9320, model saved
2026-08-27 14:52:15 | Epoch  87/100 | Train Loss 0.0000 Acc 1.0000 | Val Loss 1.4142 Acc 0.8630 AUC 0.9320 Pre 0.8632 Rec 0.8630
2026-08-27 14:52:15 |   Val AUC improved to 0.9320, model saved
2026-08-27 14:52:21 | Epoch  88/100 | Train Loss 0.0000 Acc 1.0000 | Val Loss 1.4210 Acc 0.8632 AUC 0.9319 Pre 0.8634 Rec 0.8632
2026-08-27 14:52:27 | Epoch  89/100 | Train Loss 0.0000 Acc 1.0000 | Val Loss 1.4256 Acc 0.8631 AUC 0.9319 Pre 0.8633 Rec 0.8631
2026-08-27 14:52:32 | Epoch  90/100 | Train Loss 0.0000 Acc 1.0000 | Val Loss 1.4310 Acc 0.8633 AUC 0.9320 Pre 0.8636 Rec 0.8633
2026-08-27 14:52:38 | Epoch  91/100 | Train Loss 0.0000 Acc 1.0000 | Val Loss 1.4359 Acc 0.8633 AUC 0.9319 Pre 0.8635 Rec 0.8633
2026-08-27 14:52:43 | Epoch  92/100 | Train Loss 0.0000 Acc 1.0000 | Val Loss 1.4388 Acc 0.8631 AUC 0.9320 Pre 0.8634 Rec 0.8631
2026-08-27 14:52:49 | Epoch  93/100 | Train Loss 0.0000 Acc 1.0000 | Val Loss 1.4455 Acc 0.8633 AUC 0.9321 Pre 0.8635 Rec 0.8633
2026-08-27 14:52:49 |   Val AUC improved to 0.9321, model saved
2026-08-27 14:52:54 | Epoch  94/100 | Train Loss 0.0000 Acc 1.0000 | Val Loss 1.4500 Acc 0.8629 AUC 0.9321 Pre 0.8631 Rec 0.8629
2026-08-27 14:52:54 |   Val AUC improved to 0.9321, model saved
2026-08-27 14:53:00 | Epoch  95/100 | Train Loss 0.0000 Acc 1.0000 | Val Loss 1.4547 Acc 0.8629 AUC 0.9321 Pre 0.8631 Rec 0.8629
2026-08-27 14:53:06 | Epoch  96/100 | Train Loss 0.0000 Acc 1.0000 | Val Loss 1.4611 Acc 0.8639 AUC 0.9318 Pre 0.8643 Rec 0.8639
2026-08-27 14:53:11 | Epoch  97/100 | Train Loss 0.0000 Acc 1.0000 | Val Loss 1.4641 Acc 0.8633 AUC 0.9317 Pre 0.8636 Rec 0.8633
2026-08-27 14:53:17 | Epoch  98/100 | Train Loss 0.0000 Acc 1.0000 | Val Loss 1.4681 Acc 0.8632 AUC 0.9315 Pre 0.8636 Rec 0.8632
2026-08-27 14:53:23 | Epoch  99/100 | Train Loss 0.0000 Acc 1.0000 | Val Loss 1.4707 Acc 0.8625 AUC 0.9316 Pre 0.8629 Rec 0.8625
2026-08-27 14:53:28 | Epoch 100/100 | Train Loss 0.0000 Acc 1.0000 | Val Loss 1.4747 Acc 0.8624 AUC 0.9318 Pre 0.8626 Rec 0.8624
2026-08-27 14:53:29 | Run 2/5 | Test (best model @ Epoch 94) | Loss 1.4983 Acc 0.8573 AUC 0.9291 Pre 0.8576 Rec 0.8573
2026-08-27 14:53:29 | ===== Run 3/5 (seed 2) =====
2026-08-27 14:53:35 | Epoch   1/100 | Train Loss 0.6407 Acc 0.6335 | Val Loss 0.5992 Acc 0.6649 AUC 0.7627 Pre 0.6880 Rec 0.6649
2026-08-27 14:53:35 |   Val AUC improved to 0.7627, model saved
2026-08-27 14:53:41 | Epoch   2/100 | Train Loss 0.5867 Acc 0.6878 | Val Loss 0.5514 Acc 0.7282 AUC 0.8056 Pre 0.7304 Rec 0.7282
2026-08-27 14:53:41 |   Val AUC improved to 0.8056, model saved
2026-08-27 14:53:46 | Epoch   3/100 | Train Loss 0.5732 Acc 0.7064 | Val Loss 0.6354 Acc 0.6605 AUC 0.7322 Pre 0.6714 Rec 0.6605
2026-08-27 14:53:52 | Epoch   4/100 | Train Loss 0.5248 Acc 0.7446 | Val Loss 0.5086 Acc 0.7554 AUC 0.8336 Pre 0.7567 Rec 0.7554
2026-08-27 14:53:52 |   Val AUC improved to 0.8336, model saved
2026-08-27 14:53:58 | Epoch   5/100 | Train Loss 0.4276 Acc 0.8079 | Val Loss 0.4118 Acc 0.8146 AUC 0.8980 Pre 0.8148 Rec 0.8146
2026-08-27 14:53:58 |   Val AUC improved to 0.8980, model saved
2026-08-27 14:54:04 | Epoch   6/100 | Train Loss 0.2981 Acc 0.8776 | Val Loss 0.3997 Acc 0.8334 AUC 0.9180 Pre 0.8383 Rec 0.8334
2026-08-27 14:54:04 |   Val AUC improved to 0.9180, model saved
2026-08-27 14:54:10 | Epoch   7/100 | Train Loss 0.2396 Acc 0.9079 | Val Loss 0.4098 Acc 0.8266 AUC 0.9115 Pre 0.8291 Rec 0.8266
2026-08-27 14:54:16 | Epoch   8/100 | Train Loss 0.1806 Acc 0.9343 | Val Loss 0.4104 Acc 0.8556 AUC 0.9265 Pre 0.8556 Rec 0.8556
2026-08-27 14:54:16 |   Val AUC improved to 0.9265, model saved
2026-08-27 14:54:22 | Epoch   9/100 | Train Loss 0.1346 Acc 0.9511 | Val Loss 0.4380 Acc 0.8527 AUC 0.9228 Pre 0.8531 Rec 0.8527
2026-08-27 14:54:26 | Epoch  10/100 | Train Loss 0.0955 Acc 0.9678 | Val Loss 0.5186 Acc 0.8606 AUC 0.9256 Pre 0.8617 Rec 0.8606
2026-08-27 14:54:29 | Epoch  11/100 | Train Loss 0.1102 Acc 0.9651 | Val Loss 0.6404 Acc 0.7549 AUC 0.8729 Pre 0.7823 Rec 0.7549
2026-08-27 14:54:33 | Epoch  12/100 | Train Loss 0.1660 Acc 0.9384 | Val Loss 0.4602 Acc 0.8410 AUC 0.9190 Pre 0.8410 Rec 0.8410
2026-08-27 14:54:37 | Epoch  13/100 | Train Loss 0.0641 Acc 0.9798 | Val Loss 0.6168 Acc 0.8508 AUC 0.9246 Pre 0.8545 Rec 0.8508
2026-08-27 14:54:41 | Epoch  14/100 | Train Loss 0.0323 Acc 0.9900 | Val Loss 0.6082 Acc 0.8533 AUC 0.9239 Pre 0.8533 Rec 0.8533
2026-08-27 14:54:45 | Epoch  15/100 | Train Loss 0.0169 Acc 0.9957 | Val Loss 0.6924 Acc 0.8510 AUC 0.9249 Pre 0.8511 Rec 0.8510
2026-08-27 14:54:49 | Epoch  16/100 | Train Loss 0.0152 Acc 0.9957 | Val Loss 0.7282 Acc 0.8506 AUC 0.9226 Pre 0.8507 Rec 0.8506
2026-08-27 14:54:52 | Epoch  17/100 | Train Loss 0.0063 Acc 0.9987 | Val Loss 0.7730 Acc 0.8522 AUC 0.9241 Pre 0.8526 Rec 0.8522
2026-08-27 14:54:56 | Epoch  18/100 | Train Loss 0.0033 Acc 0.9995 | Val Loss 0.8522 Acc 0.8501 AUC 0.9245 Pre 0.8508 Rec 0.8501
2026-08-27 14:54:56 | Val AUC did not improve for 10 consecutive epochs, early stopping at Epoch 18 (best AUC 0.9265 @ Epoch 8)
2026-08-27 14:54:56 | Run 3/5 | Test (best model @ Epoch 8) | Loss 0.4162 Acc 0.8494 AUC 0.9249 Pre 0.8494 Rec 0.8494
2026-08-27 14:54:56 | ===== Run 4/5 (seed 3) =====
2026-08-27 14:55:00 | Epoch   1/100 | Train Loss 0.6400 Acc 0.6383 | Val Loss 0.6006 Acc 0.6794 AUC 0.7527 Pre 0.6903 Rec 0.6794
2026-08-27 14:55:01 |   Val AUC improved to 0.7527, model saved
2026-08-27 14:55:04 | Epoch   2/100 | Train Loss 0.5438 Acc 0.7420 | Val Loss 0.5138 Acc 0.7497 AUC 0.8312 Pre 0.7635 Rec 0.7497
2026-08-27 14:55:04 |   Val AUC improved to 0.8312, model saved
2026-08-27 14:55:08 | Epoch   3/100 | Train Loss 0.5198 Acc 0.7571 | Val Loss 0.5703 Acc 0.7125 AUC 0.7843 Pre 0.7125 Rec 0.7125
2026-08-27 14:55:12 | Epoch   4/100 | Train Loss 0.4332 Acc 0.8110 | Val Loss 0.4416 Acc 0.8103 AUC 0.8866 Pre 0.8121 Rec 0.8103
2026-08-27 14:55:12 |   Val AUC improved to 0.8866, model saved
2026-08-27 14:55:16 | Epoch   5/100 | Train Loss 0.3754 Acc 0.8345 | Val Loss 0.5876 Acc 0.6777 AUC 0.7550 Pre 0.6825 Rec 0.6777
2026-08-27 14:55:20 | Epoch   6/100 | Train Loss 0.3709 Acc 0.8360 | Val Loss 0.3994 Acc 0.8228 AUC 0.9057 Pre 0.8229 Rec 0.8228
2026-08-27 14:55:20 |   Val AUC improved to 0.9057, model saved
2026-08-27 14:55:23 | Epoch   7/100 | Train Loss 0.2496 Acc 0.9018 | Val Loss 0.4021 Acc 0.8411 AUC 0.9197 Pre 0.8433 Rec 0.8411
2026-08-27 14:55:24 |   Val AUC improved to 0.9197, model saved
2026-08-27 14:55:27 | Epoch   8/100 | Train Loss 0.1672 Acc 0.9391 | Val Loss 0.3984 Acc 0.8504 AUC 0.9236 Pre 0.8516 Rec 0.8504
2026-08-27 14:55:27 |   Val AUC improved to 0.9236, model saved
2026-08-27 14:55:31 | Epoch   9/100 | Train Loss 0.1061 Acc 0.9651 | Val Loss 0.4700 Acc 0.8346 AUC 0.9135 Pre 0.8369 Rec 0.8346
2026-08-27 14:55:35 | Epoch  10/100 | Train Loss 0.0708 Acc 0.9762 | Val Loss 0.5827 Acc 0.8384 AUC 0.9179 Pre 0.8431 Rec 0.8384
2026-08-27 14:55:39 | Epoch  11/100 | Train Loss 0.0366 Acc 0.9892 | Val Loss 0.6711 Acc 0.8455 AUC 0.9187 Pre 0.8470 Rec 0.8455
2026-08-27 14:55:43 | Epoch  12/100 | Train Loss 0.0225 Acc 0.9938 | Val Loss 0.6830 Acc 0.8467 AUC 0.9171 Pre 0.8468 Rec 0.8467
2026-08-27 14:55:46 | Epoch  13/100 | Train Loss 0.0125 Acc 0.9966 | Val Loss 0.7759 Acc 0.8512 AUC 0.9144 Pre 0.8515 Rec 0.8512
2026-08-27 14:55:50 | Epoch  14/100 | Train Loss 0.0139 Acc 0.9962 | Val Loss 0.8131 Acc 0.8514 AUC 0.9146 Pre 0.8523 Rec 0.8514
2026-08-27 14:55:53 | Epoch  15/100 | Train Loss 0.0158 Acc 0.9952 | Val Loss 0.8362 Acc 0.8363 AUC 0.9135 Pre 0.8377 Rec 0.8363
2026-08-27 14:55:57 | Epoch  16/100 | Train Loss 0.0113 Acc 0.9967 | Val Loss 0.8648 Acc 0.8408 AUC 0.9146 Pre 0.8414 Rec 0.8408
2026-08-27 14:56:01 | Epoch  17/100 | Train Loss 0.0048 Acc 0.9988 | Val Loss 0.9433 Acc 0.8478 AUC 0.9182 Pre 0.8486 Rec 0.8478
2026-08-27 14:56:05 | Epoch  18/100 | Train Loss 0.0032 Acc 0.9991 | Val Loss 0.9782 Acc 0.8410 AUC 0.9166 Pre 0.8428 Rec 0.8410
2026-08-27 14:56:05 | Val AUC did not improve for 10 consecutive epochs, early stopping at Epoch 18 (best AUC 0.9236 @ Epoch 8)
2026-08-27 14:56:05 | Run 4/5 | Test (best model @ Epoch 8) | Loss 0.4025 Acc 0.8483 AUC 0.9230 Pre 0.8497 Rec 0.8483
2026-08-27 14:56:05 | ===== Run 5/5 (seed 4) =====
2026-08-27 14:56:09 | Epoch   1/100 | Train Loss 0.6041 Acc 0.6727 | Val Loss 0.5681 Acc 0.7154 AUC 0.8158 Pre 0.7639 Rec 0.7154
2026-08-27 14:56:09 |   Val AUC improved to 0.8158, model saved
2026-08-27 14:56:13 | Epoch   2/100 | Train Loss 0.5492 Acc 0.7238 | Val Loss 0.6141 Acc 0.6572 AUC 0.7273 Pre 0.6589 Rec 0.6572
2026-08-27 14:56:17 | Epoch   3/100 | Train Loss 0.5564 Acc 0.7186 | Val Loss 0.4820 Acc 0.7853 AUC 0.8556 Pre 0.7895 Rec 0.7853
2026-08-27 14:56:17 |   Val AUC improved to 0.8556, model saved
2026-08-27 14:56:20 | Epoch   4/100 | Train Loss 0.4318 Acc 0.8155 | Val Loss 0.5050 Acc 0.7876 AUC 0.8666 Pre 0.8070 Rec 0.7876
2026-08-27 14:56:20 |   Val AUC improved to 0.8666, model saved
2026-08-27 14:56:24 | Epoch   5/100 | Train Loss 0.3166 Acc 0.8756 | Val Loss 0.4359 Acc 0.8114 AUC 0.8864 Pre 0.8117 Rec 0.8114
2026-08-27 14:56:24 |   Val AUC improved to 0.8864, model saved
2026-08-27 14:56:28 | Epoch   6/100 | Train Loss 0.2345 Acc 0.9122 | Val Loss 0.4096 Acc 0.8353 AUC 0.9081 Pre 0.8365 Rec 0.8353
2026-08-27 14:56:28 |   Val AUC improved to 0.9081, model saved
2026-08-27 14:56:32 | Epoch   7/100 | Train Loss 0.2567 Acc 0.8975 | Val Loss 0.4021 Acc 0.8396 AUC 0.9112 Pre 0.8414 Rec 0.8396
2026-08-27 14:56:32 |   Val AUC improved to 0.9112, model saved
2026-08-27 14:56:36 | Epoch   8/100 | Train Loss 0.1496 Acc 0.9465 | Val Loss 0.4564 Acc 0.8384 AUC 0.9155 Pre 0.8413 Rec 0.8384
2026-08-27 14:56:36 |   Val AUC improved to 0.9155, model saved
2026-08-27 14:56:40 | Epoch   9/100 | Train Loss 0.0897 Acc 0.9701 | Val Loss 0.5508 Acc 0.8410 AUC 0.9146 Pre 0.8410 Rec 0.8410
2026-08-27 14:56:43 | Epoch  10/100 | Train Loss 0.0627 Acc 0.9786 | Val Loss 0.5365 Acc 0.8383 AUC 0.9074 Pre 0.8383 Rec 0.8383
2026-08-27 14:56:47 | Epoch  11/100 | Train Loss 0.0597 Acc 0.9780 | Val Loss 0.6428 Acc 0.8377 AUC 0.9156 Pre 0.8385 Rec 0.8377
2026-08-27 14:56:47 |   Val AUC improved to 0.9156, model saved
2026-08-27 14:56:51 | Epoch  12/100 | Train Loss 0.0460 Acc 0.9836 | Val Loss 0.6641 Acc 0.8319 AUC 0.9061 Pre 0.8326 Rec 0.8319
2026-08-27 14:56:54 | Epoch  13/100 | Train Loss 0.0357 Acc 0.9877 | Val Loss 0.7069 Acc 0.8389 AUC 0.9144 Pre 0.8389 Rec 0.8389
2026-08-27 14:56:58 | Epoch  14/100 | Train Loss 0.0160 Acc 0.9952 | Val Loss 0.7581 Acc 0.8441 AUC 0.9172 Pre 0.8441 Rec 0.8441
2026-08-27 14:56:59 |   Val AUC improved to 0.9172, model saved
2026-08-27 14:57:02 | Epoch  15/100 | Train Loss 0.0072 Acc 0.9981 | Val Loss 0.8595 Acc 0.8478 AUC 0.9176 Pre 0.8483 Rec 0.8478
2026-08-27 14:57:03 |   Val AUC improved to 0.9176, model saved
2026-08-27 14:57:06 | Epoch  16/100 | Train Loss 0.0110 Acc 0.9963 | Val Loss 0.8719 Acc 0.8410 AUC 0.9127 Pre 0.8415 Rec 0.8410
2026-08-27 14:57:10 | Epoch  17/100 | Train Loss 0.0068 Acc 0.9980 | Val Loss 0.8915 Acc 0.8303 AUC 0.9099 Pre 0.8324 Rec 0.8303
2026-08-27 14:57:14 | Epoch  18/100 | Train Loss 0.0057 Acc 0.9982 | Val Loss 0.9190 Acc 0.8421 AUC 0.9160 Pre 0.8423 Rec 0.8421
2026-08-27 14:57:17 | Epoch  19/100 | Train Loss 0.0022 Acc 0.9995 | Val Loss 1.0101 Acc 0.8463 AUC 0.9186 Pre 0.8468 Rec 0.8463
2026-08-27 14:57:17 |   Val AUC improved to 0.9186, model saved
2026-08-27 14:57:21 | Epoch  20/100 | Train Loss 0.0010 Acc 0.9998 | Val Loss 1.0227 Acc 0.8488 AUC 0.9192 Pre 0.8488 Rec 0.8488
2026-08-27 14:57:21 |   Val AUC improved to 0.9192, model saved
2026-08-27 14:57:25 | Epoch  21/100 | Train Loss 0.0005 Acc 0.9999 | Val Loss 1.0662 Acc 0.8445 AUC 0.9179 Pre 0.8454 Rec 0.8445
2026-08-27 14:57:28 | Epoch  22/100 | Train Loss 0.0004 Acc 1.0000 | Val Loss 1.0791 Acc 0.8495 AUC 0.9198 Pre 0.8497 Rec 0.8495
2026-08-27 14:57:29 |   Val AUC improved to 0.9198, model saved
2026-08-27 14:57:32 | Epoch  23/100 | Train Loss 0.0002 Acc 1.0000 | Val Loss 1.1051 Acc 0.8515 AUC 0.9210 Pre 0.8516 Rec 0.8515
2026-08-27 14:57:32 |   Val AUC improved to 0.9210, model saved
2026-08-27 14:57:36 | Epoch  24/100 | Train Loss 0.0002 Acc 1.0000 | Val Loss 1.1294 Acc 0.8515 AUC 0.9208 Pre 0.8517 Rec 0.8515
2026-08-27 14:57:39 | Epoch  25/100 | Train Loss 0.0002 Acc 1.0000 | Val Loss 1.1257 Acc 0.8513 AUC 0.9204 Pre 0.8514 Rec 0.8513
2026-08-27 14:57:43 | Epoch  26/100 | Train Loss 0.0002 Acc 1.0000 | Val Loss 1.1526 Acc 0.8524 AUC 0.9215 Pre 0.8525 Rec 0.8524
2026-08-27 14:57:43 |   Val AUC improved to 0.9215, model saved
2026-08-27 14:57:47 | Epoch  27/100 | Train Loss 0.0001 Acc 1.0000 | Val Loss 1.1680 Acc 0.8525 AUC 0.9220 Pre 0.8526 Rec 0.8525
2026-08-27 14:57:47 |   Val AUC improved to 0.9220, model saved
2026-08-27 14:57:50 | Epoch  28/100 | Train Loss 0.0001 Acc 1.0000 | Val Loss 1.1803 Acc 0.8523 AUC 0.9219 Pre 0.8523 Rec 0.8523
2026-08-27 14:57:54 | Epoch  29/100 | Train Loss 0.0001 Acc 1.0000 | Val Loss 1.1896 Acc 0.8531 AUC 0.9220 Pre 0.8531 Rec 0.8531
2026-08-27 14:57:57 | Epoch  30/100 | Train Loss 0.0001 Acc 1.0000 | Val Loss 1.2041 Acc 0.8522 AUC 0.9216 Pre 0.8522 Rec 0.8522
2026-08-27 14:58:00 | Epoch  31/100 | Train Loss 0.0001 Acc 1.0000 | Val Loss 1.2125 Acc 0.8510 AUC 0.9213 Pre 0.8510 Rec 0.8510
2026-08-27 14:58:04 | Epoch  32/100 | Train Loss 0.0001 Acc 1.0000 | Val Loss 1.2294 Acc 0.8498 AUC 0.9207 Pre 0.8501 Rec 0.8498
2026-08-27 14:58:07 | Epoch  33/100 | Train Loss 0.0001 Acc 1.0000 | Val Loss 1.2472 Acc 0.8519 AUC 0.9217 Pre 0.8521 Rec 0.8519
2026-08-27 14:58:11 | Epoch  34/100 | Train Loss 0.0001 Acc 1.0000 | Val Loss 1.2486 Acc 0.8515 AUC 0.9217 Pre 0.8516 Rec 0.8515
2026-08-27 14:58:15 | Epoch  35/100 | Train Loss 0.0001 Acc 1.0000 | Val Loss 1.2602 Acc 0.8526 AUC 0.9221 Pre 0.8527 Rec 0.8526
2026-08-27 14:58:16 |   Val AUC improved to 0.9221, model saved
2026-08-27 14:58:19 | Epoch  36/100 | Train Loss 0.0001 Acc 1.0000 | Val Loss 1.2661 Acc 0.8528 AUC 0.9221 Pre 0.8529 Rec 0.8528
2026-08-27 14:58:23 | Epoch  37/100 | Train Loss 0.0001 Acc 1.0000 | Val Loss 1.2650 Acc 0.8520 AUC 0.9218 Pre 0.8521 Rec 0.8520
2026-08-27 14:58:28 | Epoch  38/100 | Train Loss 0.0001 Acc 1.0000 | Val Loss 1.2793 Acc 0.8530 AUC 0.9222 Pre 0.8531 Rec 0.8530
2026-08-27 14:58:28 |   Val AUC improved to 0.9222, model saved
2026-08-27 14:58:32 | Epoch  39/100 | Train Loss 0.0001 Acc 1.0000 | Val Loss 1.2862 Acc 0.8527 AUC 0.9223 Pre 0.8528 Rec 0.8527
2026-08-27 14:58:32 |   Val AUC improved to 0.9223, model saved
2026-08-27 14:58:36 | Epoch  40/100 | Train Loss 0.0001 Acc 1.0000 | Val Loss 1.2895 Acc 0.8531 AUC 0.9224 Pre 0.8531 Rec 0.8531
2026-08-27 14:58:36 |   Val AUC improved to 0.9224, model saved
2026-08-27 14:58:40 | Epoch  41/100 | Train Loss 0.0003 Acc 0.9999 | Val Loss 1.2879 Acc 0.8545 AUC 0.9218 Pre 0.8551 Rec 0.8545
2026-08-27 14:58:45 | Epoch  42/100 | Train Loss 0.0064 Acc 0.9981 | Val Loss 1.2612 Acc 0.8252 AUC 0.9069 Pre 0.8345 Rec 0.8252
2026-08-27 14:58:49 | Epoch  43/100 | Train Loss 0.0836 Acc 0.9697 | Val Loss 0.5785 Acc 0.8488 AUC 0.9173 Pre 0.8497 Rec 0.8488
2026-08-27 14:58:53 | Epoch  44/100 | Train Loss 0.0283 Acc 0.9907 | Val Loss 0.7672 Acc 0.8386 AUC 0.9177 Pre 0.8398 Rec 0.8386
2026-08-27 14:58:57 | Epoch  45/100 | Train Loss 0.0151 Acc 0.9949 | Val Loss 0.7939 Acc 0.8438 AUC 0.9169 Pre 0.8446 Rec 0.8438
2026-08-27 14:59:01 | Epoch  46/100 | Train Loss 0.0110 Acc 0.9962 | Val Loss 0.8518 Acc 0.8340 AUC 0.9120 Pre 0.8342 Rec 0.8340
2026-08-27 14:59:05 | Epoch  47/100 | Train Loss 0.0102 Acc 0.9968 | Val Loss 0.8416 Acc 0.8373 AUC 0.9140 Pre 0.8395 Rec 0.8373
2026-08-27 14:59:09 | Epoch  48/100 | Train Loss 0.0064 Acc 0.9978 | Val Loss 0.9773 Acc 0.8439 AUC 0.9169 Pre 0.8464 Rec 0.8439
2026-08-27 14:59:14 | Epoch  49/100 | Train Loss 0.0036 Acc 0.9990 | Val Loss 1.0125 Acc 0.8445 AUC 0.9166 Pre 0.8469 Rec 0.8445
2026-08-27 14:59:17 | Epoch  50/100 | Train Loss 0.0203 Acc 0.9935 | Val Loss 0.8280 Acc 0.8268 AUC 0.9060 Pre 0.8324 Rec 0.8268
2026-08-27 14:59:17 | Val AUC did not improve for 10 consecutive epochs, early stopping at Epoch 50 (best AUC 0.9224 @ Epoch 40)
2026-08-27 14:59:18 | Run 5/5 | Test (best model @ Epoch 40) | Loss 1.2889 Acc 0.8509 AUC 0.9242 Pre 0.8509 Rec 0.8509
2026-08-27 14:59:18 | Average over 5 runs | Test Loss 0.8079±0.5399 Acc 0.8532±0.0052 AUC 0.9271±0.0047 Pre 0.8536±0.0051 Rec 0.8532±0.0052
