2026-09-01 02:09:11 | Device: cuda
2026-09-01 02:09:11 | Args: {'model': 'opb', 'backbone': 'gnn', 'task': 'cora', 'epochs': 100, 'batch_size': 512, 'lr': 0.01, 'hidden_dims': [512, 256], 'dropout': 0.2, 'z_dim': 256, 'anchor_scale': 10.0, 'max_len': 250, 'random_labels': True, 'beta': 0.1, 'patience': 10, 'runs': 5, 'seed': 0, 'data_dir': './data', 'save_path': 'output/cora_gnn_opb/cora_gnn_opb.pt', 'log_path': '/root/autodl-tmp/IB/ana_results/cora_gnn_opb_beta_0.1_anchor_10/train.log', 'no_save': True}
2026-09-01 02:09:13 | Cora 划分（60/20/20 分层）：train 1624 / val 542 / test 542（共 2708 节点，7 类）
2026-09-01 02:09:13 | 随机标签实验：训练节点标签已随机化（I(X;Y)=0，固定 seed 42）
2026-09-01 02:09:14 | ===== Run 1/5 (seed 0) =====
2026-09-01 02:09:15 | Epoch   1/100 | Train Loss 7.1027 Acc 0.1533 | Val Loss 6.7330 Acc 0.1476 AUC 0.4839 Pre 0.0317 Rec 0.1459
2026-09-01 02:09:15 |   Val AUC improved to 0.4839, model saved
2026-09-01 02:09:15 | Epoch   2/100 | Train Loss 6.8541 Acc 0.1453 | Val Loss 6.2896 Acc 0.0664 AUC 0.4767 Pre 0.0095 Rec 0.1429
2026-09-01 02:09:15 | Epoch   3/100 | Train Loss 6.4143 Acc 0.1342 | Val Loss 6.2523 Acc 0.1568 AUC 0.5556 Pre 0.0224 Rec 0.1429
2026-09-01 02:09:15 |   Val AUC improved to 0.5556, model saved
2026-09-01 02:09:15 | Epoch   4/100 | Train Loss 6.4288 Acc 0.1453 | Val Loss 6.0172 Acc 0.1568 AUC 0.5195 Pre 0.0224 Rec 0.1429
2026-09-01 02:09:15 | Epoch   5/100 | Train Loss 6.1246 Acc 0.1416 | Val Loss 6.0917 Acc 0.1439 AUC 0.4598 Pre 0.0639 Rec 0.1619
2026-09-01 02:09:15 | Epoch   6/100 | Train Loss 6.2003 Acc 0.1361 | Val Loss 6.0283 Acc 0.3026 AUC 0.4729 Pre 0.0432 Rec 0.1429
2026-09-01 02:09:15 | Epoch   7/100 | Train Loss 6.1169 Acc 0.1435 | Val Loss 5.8922 Acc 0.3026 AUC 0.4768 Pre 0.0432 Rec 0.1429
2026-09-01 02:09:15 | Epoch   8/100 | Train Loss 5.9702 Acc 0.1546 | Val Loss 5.7243 Acc 0.3026 AUC 0.4768 Pre 0.0432 Rec 0.1429
2026-09-01 02:09:15 | Epoch   9/100 | Train Loss 5.8042 Acc 0.1367 | Val Loss 5.5860 Acc 0.3026 AUC 0.4836 Pre 0.0432 Rec 0.1429
2026-09-01 02:09:15 | Epoch  10/100 | Train Loss 5.6583 Acc 0.1398 | Val Loss 5.5723 Acc 0.1568 AUC 0.5303 Pre 0.0224 Rec 0.1429
2026-09-01 02:09:15 | Epoch  11/100 | Train Loss 5.6271 Acc 0.1447 | Val Loss 5.5237 Acc 0.1568 AUC 0.5554 Pre 0.0224 Rec 0.1429
2026-09-01 02:09:15 | Epoch  12/100 | Train Loss 5.5664 Acc 0.1619 | Val Loss 5.4178 Acc 0.1568 AUC 0.5684 Pre 0.0224 Rec 0.1429
2026-09-01 02:09:15 |   Val AUC improved to 0.5684, model saved
2026-09-01 02:09:15 | Epoch  13/100 | Train Loss 5.4257 Acc 0.1613 | Val Loss 5.3634 Acc 0.1568 AUC 0.5693 Pre 0.0224 Rec 0.1429
2026-09-01 02:09:15 |   Val AUC improved to 0.5693, model saved
2026-09-01 02:09:15 | Epoch  14/100 | Train Loss 5.4044 Acc 0.1422 | Val Loss 5.3133 Acc 0.1568 AUC 0.5627 Pre 0.0224 Rec 0.1429
2026-09-01 02:09:15 | Epoch  15/100 | Train Loss 5.3374 Acc 0.1595 | Val Loss 5.2352 Acc 0.1568 AUC 0.5147 Pre 0.0224 Rec 0.1429
2026-09-01 02:09:15 | Epoch  16/100 | Train Loss 5.2601 Acc 0.1626 | Val Loss 5.1424 Acc 0.1568 AUC 0.5101 Pre 0.0224 Rec 0.1429
2026-09-01 02:09:15 | Epoch  17/100 | Train Loss 5.1800 Acc 0.1607 | Val Loss 5.0667 Acc 0.1568 AUC 0.5111 Pre 0.0224 Rec 0.1429
2026-09-01 02:09:15 | Epoch  18/100 | Train Loss 5.1141 Acc 0.1422 | Val Loss 5.0310 Acc 0.1568 AUC 0.4990 Pre 0.0224 Rec 0.1429
2026-09-01 02:09:15 | Epoch  19/100 | Train Loss 5.0713 Acc 0.1509 | Val Loss 4.9808 Acc 0.1568 AUC 0.4987 Pre 0.0224 Rec 0.1429
2026-09-01 02:09:15 | Epoch  20/100 | Train Loss 4.9936 Acc 0.1558 | Val Loss 4.9157 Acc 0.1568 AUC 0.5077 Pre 0.0224 Rec 0.1429
2026-09-01 02:09:15 | Epoch  21/100 | Train Loss 4.9226 Acc 0.1398 | Val Loss 4.8681 Acc 0.1568 AUC 0.5088 Pre 0.0224 Rec 0.1429
2026-09-01 02:09:15 | Epoch  22/100 | Train Loss 4.8710 Acc 0.1398 | Val Loss 4.8244 Acc 0.1568 AUC 0.5068 Pre 0.0224 Rec 0.1429
2026-09-01 02:09:15 | Epoch  23/100 | Train Loss 4.8014 Acc 0.1736 | Val Loss 4.7657 Acc 0.1568 AUC 0.5117 Pre 0.0224 Rec 0.1429
2026-09-01 02:09:15 | Val AUC did not improve for 10 consecutive epochs, early stopping at Epoch 23 (best AUC 0.5693 @ Epoch 13)
2026-09-01 02:09:15 | Run 1/5 | Test (best model @ Epoch 13) | Loss 5.3621 Acc 0.1568 AUC 0.5747 Pre 0.0224 Rec 0.1429
2026-09-01 02:09:15 | ===== Run 2/5 (seed 1) =====
2026-09-01 02:09:15 | Epoch   1/100 | Train Loss 7.1079 Acc 0.1466 | Val Loss 6.7277 Acc 0.0664 AUC 0.4467 Pre 0.0096 Rec 0.1429
2026-09-01 02:09:15 |   Val AUC improved to 0.4467, model saved
2026-09-01 02:09:15 | Epoch   2/100 | Train Loss 6.8395 Acc 0.1392 | Val Loss 6.3295 Acc 0.0664 AUC 0.4503 Pre 0.0095 Rec 0.1429
2026-09-01 02:09:15 |   Val AUC improved to 0.4503, model saved
2026-09-01 02:09:16 | Epoch   3/100 | Train Loss 6.4728 Acc 0.1416 | Val Loss 6.0733 Acc 0.1568 AUC 0.5448 Pre 0.0224 Rec 0.1429
2026-09-01 02:09:16 |   Val AUC improved to 0.5448, model saved
2026-09-01 02:09:16 | Epoch   4/100 | Train Loss 6.1842 Acc 0.1595 | Val Loss 5.9784 Acc 0.1568 AUC 0.5245 Pre 0.0224 Rec 0.1429
2026-09-01 02:09:16 | Epoch   5/100 | Train Loss 6.0963 Acc 0.1453 | Val Loss 5.9087 Acc 0.1568 AUC 0.5219 Pre 0.0224 Rec 0.1429
2026-09-01 02:09:16 | Epoch   6/100 | Train Loss 6.0117 Acc 0.1484 | Val Loss 5.7783 Acc 0.1568 AUC 0.5304 Pre 0.0224 Rec 0.1429
2026-09-01 02:09:16 | Epoch   7/100 | Train Loss 5.8899 Acc 0.1576 | Val Loss 5.7021 Acc 0.1568 AUC 0.5281 Pre 0.0224 Rec 0.1429
2026-09-01 02:09:16 | Epoch   8/100 | Train Loss 5.7854 Acc 0.1539 | Val Loss 5.6652 Acc 0.1568 AUC 0.5623 Pre 0.0224 Rec 0.1429
2026-09-01 02:09:16 |   Val AUC improved to 0.5623, model saved
2026-09-01 02:09:16 | Epoch   9/100 | Train Loss 5.7017 Acc 0.1502 | Val Loss 5.6177 Acc 0.1568 AUC 0.5724 Pre 0.0224 Rec 0.1429
2026-09-01 02:09:16 |   Val AUC improved to 0.5724, model saved
2026-09-01 02:09:16 | Epoch  10/100 | Train Loss 5.6223 Acc 0.1583 | Val Loss 5.5619 Acc 0.1568 AUC 0.5718 Pre 0.0224 Rec 0.1429
2026-09-01 02:09:16 | Epoch  11/100 | Train Loss 5.5483 Acc 0.1589 | Val Loss 5.4903 Acc 0.1568 AUC 0.5730 Pre 0.0224 Rec 0.1429
2026-09-01 02:09:16 |   Val AUC improved to 0.5730, model saved
2026-09-01 02:09:16 | Epoch  12/100 | Train Loss 5.4674 Acc 0.1527 | Val Loss 5.4175 Acc 0.1568 AUC 0.5498 Pre 0.0224 Rec 0.1429
2026-09-01 02:09:16 | Epoch  13/100 | Train Loss 5.3955 Acc 0.1589 | Val Loss 5.3555 Acc 0.1568 AUC 0.5241 Pre 0.0224 Rec 0.1429
2026-09-01 02:09:16 | Epoch  14/100 | Train Loss 5.3115 Acc 0.1644 | Val Loss 5.2840 Acc 0.1568 AUC 0.5210 Pre 0.0224 Rec 0.1429
2026-09-01 02:09:16 | Epoch  15/100 | Train Loss 5.2469 Acc 0.1773 | Val Loss 5.2166 Acc 0.1568 AUC 0.5137 Pre 0.0224 Rec 0.1429
2026-09-01 02:09:16 | Epoch  16/100 | Train Loss 5.1591 Acc 0.1878 | Val Loss 5.1745 Acc 0.1568 AUC 0.5134 Pre 0.0224 Rec 0.1429
2026-09-01 02:09:16 | Epoch  17/100 | Train Loss 5.1001 Acc 0.1921 | Val Loss 5.1126 Acc 0.1568 AUC 0.5227 Pre 0.0225 Rec 0.1429
2026-09-01 02:09:16 | Epoch  18/100 | Train Loss 5.0117 Acc 0.1823 | Val Loss 5.0777 Acc 0.1550 AUC 0.5225 Pre 0.0234 Rec 0.1412
2026-09-01 02:09:16 | Epoch  19/100 | Train Loss 4.9425 Acc 0.1952 | Val Loss 5.0556 Acc 0.1550 AUC 0.5207 Pre 0.0671 Rec 0.1418
2026-09-01 02:09:16 | Epoch  20/100 | Train Loss 4.8463 Acc 0.2137 | Val Loss 5.0466 Acc 0.1458 AUC 0.5137 Pre 0.0748 Rec 0.1339
2026-09-01 02:09:16 | Epoch  21/100 | Train Loss 4.7820 Acc 0.2204 | Val Loss 5.0316 Acc 0.1513 AUC 0.5062 Pre 0.0793 Rec 0.1566
2026-09-01 02:09:16 | Val AUC did not improve for 10 consecutive epochs, early stopping at Epoch 21 (best AUC 0.5730 @ Epoch 11)
2026-09-01 02:09:16 | Run 2/5 | Test (best model @ Epoch 11) | Loss 5.4942 Acc 0.1568 AUC 0.5633 Pre 0.0224 Rec 0.1429
2026-09-01 02:09:16 | ===== Run 3/5 (seed 2) =====
2026-09-01 02:09:16 | Epoch   1/100 | Train Loss 7.0867 Acc 0.1367 | Val Loss 6.7563 Acc 0.0664 AUC 0.5112 Pre 0.0095 Rec 0.1429
2026-09-01 02:09:16 |   Val AUC improved to 0.5112, model saved
2026-09-01 02:09:16 | Epoch   2/100 | Train Loss 6.8650 Acc 0.1502 | Val Loss 6.3560 Acc 0.1107 AUC 0.5020 Pre 0.0158 Rec 0.1429
2026-09-01 02:09:16 | Epoch   3/100 | Train Loss 6.5026 Acc 0.1404 | Val Loss 6.3294 Acc 0.1568 AUC 0.5096 Pre 0.0224 Rec 0.1429
2026-09-01 02:09:16 | Epoch   4/100 | Train Loss 6.5374 Acc 0.1509 | Val Loss 5.9829 Acc 0.1439 AUC 0.5049 Pre 0.0332 Rec 0.1494
2026-09-01 02:09:16 | Epoch   5/100 | Train Loss 6.0888 Acc 0.1515 | Val Loss 6.0604 Acc 0.0664 AUC 0.5182 Pre 0.0095 Rec 0.1429
2026-09-01 02:09:16 |   Val AUC improved to 0.5182, model saved
2026-09-01 02:09:16 | Epoch   6/100 | Train Loss 6.1429 Acc 0.1570 | Val Loss 6.0292 Acc 0.0664 AUC 0.5320 Pre 0.0095 Rec 0.1429
2026-09-01 02:09:16 |   Val AUC improved to 0.5320, model saved
2026-09-01 02:09:17 | Epoch   7/100 | Train Loss 6.1051 Acc 0.1564 | Val Loss 5.9234 Acc 0.0664 AUC 0.5402 Pre 0.0095 Rec 0.1429
2026-09-01 02:09:17 |   Val AUC improved to 0.5402, model saved
2026-09-01 02:09:17 | Epoch   8/100 | Train Loss 5.9970 Acc 0.1472 | Val Loss 5.7765 Acc 0.0793 AUC 0.5448 Pre 0.0768 Rec 0.1523
2026-09-01 02:09:17 |   Val AUC improved to 0.5448, model saved
2026-09-01 02:09:17 | Epoch   9/100 | Train Loss 5.8437 Acc 0.1601 | Val Loss 5.6201 Acc 0.1568 AUC 0.5448 Pre 0.0224 Rec 0.1429
2026-09-01 02:09:17 | Epoch  10/100 | Train Loss 5.6915 Acc 0.1459 | Val Loss 5.5268 Acc 0.1568 AUC 0.5433 Pre 0.0224 Rec 0.1429
2026-09-01 02:09:17 | Epoch  11/100 | Train Loss 5.5940 Acc 0.1564 | Val Loss 5.5208 Acc 0.1568 AUC 0.5535 Pre 0.0224 Rec 0.1429
2026-09-01 02:09:17 |   Val AUC improved to 0.5535, model saved
2026-09-01 02:09:17 | Epoch  12/100 | Train Loss 5.5725 Acc 0.1533 | Val Loss 5.4427 Acc 0.1568 AUC 0.5753 Pre 0.0224 Rec 0.1429
2026-09-01 02:09:17 |   Val AUC improved to 0.5753, model saved
2026-09-01 02:09:17 | Epoch  13/100 | Train Loss 5.4808 Acc 0.1385 | Val Loss 5.3470 Acc 0.1255 AUC 0.5281 Pre 0.0877 Rec 0.1563
2026-09-01 02:09:17 | Epoch  14/100 | Train Loss 5.3648 Acc 0.1638 | Val Loss 5.2924 Acc 0.1550 AUC 0.5179 Pre 0.0344 Rec 0.1461
2026-09-01 02:09:17 | Epoch  15/100 | Train Loss 5.3094 Acc 0.1613 | Val Loss 5.2400 Acc 0.1568 AUC 0.5180 Pre 0.0224 Rec 0.1429
2026-09-01 02:09:17 | Epoch  16/100 | Train Loss 5.2777 Acc 0.1441 | Val Loss 5.1682 Acc 0.1568 AUC 0.5529 Pre 0.0224 Rec 0.1429
2026-09-01 02:09:17 | Epoch  17/100 | Train Loss 5.2065 Acc 0.1589 | Val Loss 5.0845 Acc 0.1568 AUC 0.5803 Pre 0.0224 Rec 0.1429
2026-09-01 02:09:17 |   Val AUC improved to 0.5803, model saved
2026-09-01 02:09:17 | Epoch  18/100 | Train Loss 5.1337 Acc 0.1379 | Val Loss 5.0110 Acc 0.1568 AUC 0.5751 Pre 0.0224 Rec 0.1429
2026-09-01 02:09:17 | Epoch  19/100 | Train Loss 5.0476 Acc 0.1521 | Val Loss 4.9629 Acc 0.1568 AUC 0.5726 Pre 0.0224 Rec 0.1429
2026-09-01 02:09:17 | Epoch  20/100 | Train Loss 5.0009 Acc 0.1478 | Val Loss 4.9237 Acc 0.1568 AUC 0.5714 Pre 0.0224 Rec 0.1429
2026-09-01 02:09:17 | Epoch  21/100 | Train Loss 4.9354 Acc 0.1650 | Val Loss 4.8703 Acc 0.1568 AUC 0.5722 Pre 0.0224 Rec 0.1429
2026-09-01 02:09:17 | Epoch  22/100 | Train Loss 4.8538 Acc 0.1570 | Val Loss 4.8151 Acc 0.1568 AUC 0.5899 Pre 0.0225 Rec 0.1429
2026-09-01 02:09:17 |   Val AUC improved to 0.5899, model saved
2026-09-01 02:09:17 | Epoch  23/100 | Train Loss 4.8084 Acc 0.1496 | Val Loss 4.7656 Acc 0.1439 AUC 0.5982 Pre 0.0366 Rec 0.1395
2026-09-01 02:09:17 |   Val AUC improved to 0.5982, model saved
2026-09-01 02:09:17 | Epoch  24/100 | Train Loss 4.7468 Acc 0.1644 | Val Loss 4.7098 Acc 0.1458 AUC 0.5927 Pre 0.0403 Rec 0.1440
2026-09-01 02:09:17 | Epoch  25/100 | Train Loss 4.6915 Acc 0.1755 | Val Loss 4.6464 Acc 0.1531 AUC 0.5798 Pre 0.0231 Rec 0.1395
2026-09-01 02:09:17 | Epoch  26/100 | Train Loss 4.6163 Acc 0.1792 | Val Loss 4.5845 Acc 0.1568 AUC 0.5690 Pre 0.0228 Rec 0.1429
2026-09-01 02:09:17 | Epoch  27/100 | Train Loss 4.5702 Acc 0.1761 | Val Loss 4.5397 Acc 0.1568 AUC 0.5657 Pre 0.0227 Rec 0.1429
2026-09-01 02:09:17 | Epoch  28/100 | Train Loss 4.5116 Acc 0.1700 | Val Loss 4.5097 Acc 0.1550 AUC 0.5658 Pre 0.0229 Rec 0.1412
2026-09-01 02:09:17 | Epoch  29/100 | Train Loss 4.4374 Acc 0.1995 | Val Loss 4.4922 Acc 0.1494 AUC 0.5627 Pre 0.0232 Rec 0.1361
2026-09-01 02:09:17 | Epoch  30/100 | Train Loss 4.3650 Acc 0.1940 | Val Loss 4.4831 Acc 0.1365 AUC 0.5572 Pre 0.0370 Rec 0.1333
2026-09-01 02:09:17 | Epoch  31/100 | Train Loss 4.3080 Acc 0.2094 | Val Loss 4.4596 Acc 0.1347 AUC 0.5552 Pre 0.0455 Rec 0.1452
2026-09-01 02:09:17 | Epoch  32/100 | Train Loss 4.2309 Acc 0.2217 | Val Loss 4.4231 Acc 0.1347 AUC 0.5555 Pre 0.0698 Rec 0.1419
2026-09-01 02:09:17 | Epoch  33/100 | Train Loss 4.1440 Acc 0.2297 | Val Loss 4.4060 Acc 0.1550 AUC 0.5554 Pre 0.0850 Rec 0.1553
2026-09-01 02:09:17 | Val AUC did not improve for 10 consecutive epochs, early stopping at Epoch 33 (best AUC 0.5982 @ Epoch 23)
2026-09-01 02:09:17 | Run 3/5 | Test (best model @ Epoch 23) | Loss 4.7583 Acc 0.1531 AUC 0.5986 Pre 0.0381 Rec 0.1486
2026-09-01 02:09:17 | ===== Run 4/5 (seed 3) =====
2026-09-01 02:09:17 | Epoch   1/100 | Train Loss 7.1070 Acc 0.1379 | Val Loss 6.7535 Acc 0.1568 AUC 0.4585 Pre 0.0224 Rec 0.1429
2026-09-01 02:09:17 |   Val AUC improved to 0.4585, model saved
2026-09-01 02:09:17 | Epoch   2/100 | Train Loss 6.8760 Acc 0.1398 | Val Loss 6.3291 Acc 0.0775 AUC 0.4919 Pre 0.0111 Rec 0.1395
2026-09-01 02:09:18 |   Val AUC improved to 0.4919, model saved
2026-09-01 02:09:18 | Epoch   3/100 | Train Loss 6.4354 Acc 0.1595 | Val Loss 6.4868 Acc 0.1568 AUC 0.4886 Pre 0.0224 Rec 0.1429
2026-09-01 02:09:18 | Epoch   4/100 | Train Loss 6.7161 Acc 0.1349 | Val Loss 5.9897 Acc 0.0664 AUC 0.5255 Pre 0.0095 Rec 0.1429
2026-09-01 02:09:18 |   Val AUC improved to 0.5255, model saved
2026-09-01 02:09:18 | Epoch   5/100 | Train Loss 6.0941 Acc 0.1453 | Val Loss 6.1087 Acc 0.0664 AUC 0.4936 Pre 0.0095 Rec 0.1429
2026-09-01 02:09:18 | Epoch   6/100 | Train Loss 6.1926 Acc 0.1564 | Val Loss 6.1071 Acc 0.0664 AUC 0.4839 Pre 0.0095 Rec 0.1429
2026-09-01 02:09:18 | Epoch   7/100 | Train Loss 6.1514 Acc 0.1478 | Val Loss 6.0208 Acc 0.0664 AUC 0.4978 Pre 0.0095 Rec 0.1429
2026-09-01 02:09:18 | Epoch   8/100 | Train Loss 6.0728 Acc 0.1552 | Val Loss 5.8927 Acc 0.0664 AUC 0.5141 Pre 0.0095 Rec 0.1429
2026-09-01 02:09:18 | Epoch   9/100 | Train Loss 5.9729 Acc 0.1392 | Val Loss 5.7370 Acc 0.0664 AUC 0.5441 Pre 0.0095 Rec 0.1429
2026-09-01 02:09:18 |   Val AUC improved to 0.5441, model saved
2026-09-01 02:09:18 | Epoch  10/100 | Train Loss 5.8130 Acc 0.1367 | Val Loss 5.5751 Acc 0.0664 AUC 0.5519 Pre 0.0095 Rec 0.1429
2026-09-01 02:09:18 |   Val AUC improved to 0.5519, model saved
2026-09-01 02:09:18 | Epoch  11/100 | Train Loss 5.6484 Acc 0.1539 | Val Loss 5.4611 Acc 0.1568 AUC 0.5534 Pre 0.0224 Rec 0.1429
2026-09-01 02:09:18 |   Val AUC improved to 0.5534, model saved
2026-09-01 02:09:18 | Epoch  12/100 | Train Loss 5.5352 Acc 0.1496 | Val Loss 5.4082 Acc 0.1568 AUC 0.5359 Pre 0.0224 Rec 0.1429
2026-09-01 02:09:18 | Epoch  13/100 | Train Loss 5.5002 Acc 0.1472 | Val Loss 5.3531 Acc 0.1568 AUC 0.5116 Pre 0.0224 Rec 0.1429
2026-09-01 02:09:18 | Epoch  14/100 | Train Loss 5.4043 Acc 0.1478 | Val Loss 5.2992 Acc 0.1568 AUC 0.5135 Pre 0.0224 Rec 0.1429
2026-09-01 02:09:18 | Epoch  15/100 | Train Loss 5.3301 Acc 0.1509 | Val Loss 5.2494 Acc 0.1568 AUC 0.5169 Pre 0.0224 Rec 0.1429
2026-09-01 02:09:18 | Epoch  16/100 | Train Loss 5.2925 Acc 0.1318 | Val Loss 5.1915 Acc 0.1568 AUC 0.5384 Pre 0.0224 Rec 0.1429
2026-09-01 02:09:18 | Epoch  17/100 | Train Loss 5.2064 Acc 0.1484 | Val Loss 5.1206 Acc 0.1568 AUC 0.5834 Pre 0.0224 Rec 0.1429
2026-09-01 02:09:18 |   Val AUC improved to 0.5834, model saved
2026-09-01 02:09:18 | Epoch  18/100 | Train Loss 5.1500 Acc 0.1552 | Val Loss 5.0421 Acc 0.1568 AUC 0.5717 Pre 0.0224 Rec 0.1429
2026-09-01 02:09:18 | Epoch  19/100 | Train Loss 5.0622 Acc 0.1466 | Val Loss 4.9776 Acc 0.1568 AUC 0.5741 Pre 0.0224 Rec 0.1429
2026-09-01 02:09:18 | Epoch  20/100 | Train Loss 4.9967 Acc 0.1650 | Val Loss 4.9387 Acc 0.1568 AUC 0.5758 Pre 0.0224 Rec 0.1429
2026-09-01 02:09:18 | Epoch  21/100 | Train Loss 4.9756 Acc 0.1361 | Val Loss 4.8912 Acc 0.1568 AUC 0.5773 Pre 0.0224 Rec 0.1429
2026-09-01 02:09:18 | Epoch  22/100 | Train Loss 4.9068 Acc 0.1429 | Val Loss 4.8233 Acc 0.1568 AUC 0.5783 Pre 0.0224 Rec 0.1429
2026-09-01 02:09:18 | Epoch  23/100 | Train Loss 4.8327 Acc 0.1607 | Val Loss 4.7671 Acc 0.1568 AUC 0.5810 Pre 0.0224 Rec 0.1429
2026-09-01 02:09:18 | Epoch  24/100 | Train Loss 4.7807 Acc 0.1558 | Val Loss 4.7233 Acc 0.1568 AUC 0.5842 Pre 0.0224 Rec 0.1429
2026-09-01 02:09:18 |   Val AUC improved to 0.5842, model saved
2026-09-01 02:09:18 | Epoch  25/100 | Train Loss 4.7195 Acc 0.1638 | Val Loss 4.6735 Acc 0.1568 AUC 0.5899 Pre 0.0224 Rec 0.1429
2026-09-01 02:09:18 |   Val AUC improved to 0.5899, model saved
2026-09-01 02:09:19 | Epoch  26/100 | Train Loss 4.6780 Acc 0.1515 | Val Loss 4.6165 Acc 0.1568 AUC 0.5908 Pre 0.0224 Rec 0.1429
2026-09-01 02:09:19 |   Val AUC improved to 0.5908, model saved
2026-09-01 02:09:19 | Epoch  27/100 | Train Loss 4.6132 Acc 0.1546 | Val Loss 4.5649 Acc 0.1568 AUC 0.5846 Pre 0.0224 Rec 0.1429
2026-09-01 02:09:19 | Epoch  28/100 | Train Loss 4.5613 Acc 0.1466 | Val Loss 4.5265 Acc 0.1568 AUC 0.5795 Pre 0.0224 Rec 0.1429
2026-09-01 02:09:19 | Epoch  29/100 | Train Loss 4.5114 Acc 0.1681 | Val Loss 4.4824 Acc 0.1568 AUC 0.5724 Pre 0.0224 Rec 0.1429
2026-09-01 02:09:19 | Epoch  30/100 | Train Loss 4.4661 Acc 0.1626 | Val Loss 4.4315 Acc 0.1550 AUC 0.5619 Pre 0.0223 Rec 0.1412
2026-09-01 02:09:19 | Epoch  31/100 | Train Loss 4.4109 Acc 0.1502 | Val Loss 4.3961 Acc 0.1568 AUC 0.5495 Pre 0.0703 Rec 0.1420
2026-09-01 02:09:19 | Epoch  32/100 | Train Loss 4.3668 Acc 0.1552 | Val Loss 4.3660 Acc 0.1513 AUC 0.5420 Pre 0.0509 Rec 0.1370
2026-09-01 02:09:19 | Epoch  33/100 | Train Loss 4.2873 Acc 0.1736 | Val Loss 4.3397 Acc 0.1531 AUC 0.5397 Pre 0.0511 Rec 0.1387
2026-09-01 02:09:19 | Epoch  34/100 | Train Loss 4.2292 Acc 0.1650 | Val Loss 4.3208 Acc 0.1531 AUC 0.5343 Pre 0.0510 Rec 0.1387
2026-09-01 02:09:19 | Epoch  35/100 | Train Loss 4.1771 Acc 0.1890 | Val Loss 4.2900 Acc 0.1458 AUC 0.5312 Pre 0.0312 Rec 0.1320
2026-09-01 02:09:19 | Epoch  36/100 | Train Loss 4.1258 Acc 0.1829 | Val Loss 4.2484 Acc 0.1679 AUC 0.5279 Pre 0.0718 Rec 0.1428
2026-09-01 02:09:19 | Val AUC did not improve for 10 consecutive epochs, early stopping at Epoch 36 (best AUC 0.5908 @ Epoch 26)
2026-09-01 02:09:19 | Run 4/5 | Test (best model @ Epoch 26) | Loss 4.6141 Acc 0.1568 AUC 0.5762 Pre 0.0224 Rec 0.1429
2026-09-01 02:09:19 | ===== Run 5/5 (seed 4) =====
2026-09-01 02:09:19 | Epoch   1/100 | Train Loss 7.0748 Acc 0.1509 | Val Loss 6.7252 Acc 0.1568 AUC 0.5235 Pre 0.0224 Rec 0.1429
2026-09-01 02:09:19 |   Val AUC improved to 0.5235, model saved
2026-09-01 02:09:19 | Epoch   2/100 | Train Loss 6.8311 Acc 0.1466 | Val Loss 6.3148 Acc 0.1531 AUC 0.5646 Pre 0.0455 Rec 0.1330
2026-09-01 02:09:19 |   Val AUC improved to 0.5646, model saved
2026-09-01 02:09:19 | Epoch   3/100 | Train Loss 6.4429 Acc 0.1558 | Val Loss 6.2699 Acc 0.1568 AUC 0.5191 Pre 0.0224 Rec 0.1429
2026-09-01 02:09:19 | Epoch   4/100 | Train Loss 6.4214 Acc 0.1539 | Val Loss 6.0280 Acc 0.1107 AUC 0.5630 Pre 0.0158 Rec 0.1429
2026-09-01 02:09:19 | Epoch   5/100 | Train Loss 6.1357 Acc 0.1466 | Val Loss 6.0899 Acc 0.1107 AUC 0.5447 Pre 0.0158 Rec 0.1429
2026-09-01 02:09:19 | Epoch   6/100 | Train Loss 6.1703 Acc 0.1539 | Val Loss 6.0278 Acc 0.1107 AUC 0.5641 Pre 0.0158 Rec 0.1429
2026-09-01 02:09:19 | Epoch   7/100 | Train Loss 6.1039 Acc 0.1626 | Val Loss 5.8954 Acc 0.1107 AUC 0.5696 Pre 0.0158 Rec 0.1429
2026-09-01 02:09:19 |   Val AUC improved to 0.5696, model saved
2026-09-01 02:09:19 | Epoch   8/100 | Train Loss 5.9772 Acc 0.1478 | Val Loss 5.7255 Acc 0.1107 AUC 0.5562 Pre 0.0158 Rec 0.1429
2026-09-01 02:09:19 | Epoch   9/100 | Train Loss 5.8257 Acc 0.1361 | Val Loss 5.5761 Acc 0.1365 AUC 0.5484 Pre 0.0393 Rec 0.1503
2026-09-01 02:09:19 | Epoch  10/100 | Train Loss 5.6553 Acc 0.1527 | Val Loss 5.5474 Acc 0.1568 AUC 0.5491 Pre 0.0224 Rec 0.1429
2026-09-01 02:09:19 | Epoch  11/100 | Train Loss 5.6268 Acc 0.1595 | Val Loss 5.5052 Acc 0.1568 AUC 0.5479 Pre 0.0224 Rec 0.1429
2026-09-01 02:09:19 | Epoch  12/100 | Train Loss 5.5507 Acc 0.1552 | Val Loss 5.4036 Acc 0.1568 AUC 0.5332 Pre 0.0224 Rec 0.1429
2026-09-01 02:09:19 | Epoch  13/100 | Train Loss 5.4332 Acc 0.1527 | Val Loss 5.3582 Acc 0.1568 AUC 0.5423 Pre 0.0398 Rec 0.1497
2026-09-01 02:09:19 | Epoch  14/100 | Train Loss 5.3740 Acc 0.1509 | Val Loss 5.3200 Acc 0.1568 AUC 0.5449 Pre 0.0224 Rec 0.1429
2026-09-01 02:09:19 | Epoch  15/100 | Train Loss 5.3469 Acc 0.1490 | Val Loss 5.2505 Acc 0.1568 AUC 0.5188 Pre 0.0224 Rec 0.1429
2026-09-01 02:09:19 | Epoch  16/100 | Train Loss 5.2806 Acc 0.1453 | Val Loss 5.1606 Acc 0.1568 AUC 0.5011 Pre 0.0224 Rec 0.1429
2026-09-01 02:09:19 | Epoch  17/100 | Train Loss 5.1884 Acc 0.1447 | Val Loss 5.0830 Acc 0.1568 AUC 0.5034 Pre 0.0224 Rec 0.1429
2026-09-01 02:09:19 | Val AUC did not improve for 10 consecutive epochs, early stopping at Epoch 17 (best AUC 0.5696 @ Epoch 7)
2026-09-01 02:09:19 | Run 5/5 | Test (best model @ Epoch 7) | Loss 5.8919 Acc 0.1107 AUC 0.5677 Pre 0.0158 Rec 0.1429
2026-09-01 02:09:19 | Average over 5 runs | Test Loss 5.2241±0.5308 Acc 0.1469±0.0203 AUC 0.5761±0.0136 Pre 0.0242±0.0083 Rec 0.1440±0.0026
2026-09-01 02:09:19 | Average over 5 runs | Train Acc (final epoch) 0.1903±0.0349
