2026-08-30 13:49:46 | Device: cuda
2026-08-30 13:49:46 | Args: {'model': 'fgibs', 'backbone': 'mlp', 'task': 'mnist', 'epochs': 100, 'batch_size': 512, 'lr': 0.001, 'hidden_dims': [512, 256], 'dropout': 0.2, 'z_dim': 256, 'anchor_scale': 4.0, 'anchor_geometry': 'qr', 'max_len': 250, 'random_labels': False, 'beta': 0.001, 'patience': 10, 'runs': 5, 'seed': 0, 'data_dir': './data', 'save_path': 'output/mnist_mlp_fgibs/mnist_mlp_fgibs.pt', 'log_path': '/root/autodl-tmp/FGIB/tune_results_fgibs/mnist_mlp_fgibs_beta_0.001_anchor_4/train.log', 'no_save': True, 'freeze_a': False, 'a_identity': False, 'cosine_classifier': False, 'log_variance_stats': False, 'subject_disjoint': False}
2026-08-30 13:49:46 | ===== Run 1/5 (seed 0) =====
2026-08-30 13:49:54 | Epoch   1/100 | Train Loss 0.6080 Acc 0.8588 | Val Loss 0.2954 Acc 0.9398 AUC 0.9968 Pre 0.9396 Rec 0.9389
2026-08-30 13:49:54 |   Val AUC improved to 0.9968, model saved
2026-08-30 13:49:58 | Epoch   2/100 | Train Loss 0.2711 Acc 0.9523 | Val Loss 0.2187 Acc 0.9578 AUC 0.9982 Pre 0.9576 Rec 0.9572
2026-08-30 13:49:58 |   Val AUC improved to 0.9982, model saved
2026-08-30 13:50:03 | Epoch   3/100 | Train Loss 0.2071 Acc 0.9655 | Val Loss 0.1741 Acc 0.9663 AUC 0.9987 Pre 0.9659 Rec 0.9661
2026-08-30 13:50:03 |   Val AUC improved to 0.9987, model saved
2026-08-30 13:50:07 | Epoch   4/100 | Train Loss 0.1712 Acc 0.9738 | Val Loss 0.1549 Acc 0.9729 AUC 0.9989 Pre 0.9728 Rec 0.9725
2026-08-30 13:50:07 |   Val AUC improved to 0.9989, model saved
2026-08-30 13:50:12 | Epoch   5/100 | Train Loss 0.1494 Acc 0.9777 | Val Loss 0.1465 Acc 0.9732 AUC 0.9991 Pre 0.9731 Rec 0.9729
2026-08-30 13:50:12 |   Val AUC improved to 0.9991, model saved
2026-08-30 13:50:16 | Epoch   6/100 | Train Loss 0.1328 Acc 0.9812 | Val Loss 0.1449 Acc 0.9721 AUC 0.9991 Pre 0.9717 Rec 0.9718
2026-08-30 13:50:20 | Epoch   7/100 | Train Loss 0.1237 Acc 0.9821 | Val Loss 0.1371 Acc 0.9729 AUC 0.9992 Pre 0.9730 Rec 0.9724
2026-08-30 13:50:21 |   Val AUC improved to 0.9992, model saved
2026-08-30 13:50:25 | Epoch   8/100 | Train Loss 0.1138 Acc 0.9855 | Val Loss 0.1394 Acc 0.9744 AUC 0.9990 Pre 0.9741 Rec 0.9742
2026-08-30 13:50:29 | Epoch   9/100 | Train Loss 0.1080 Acc 0.9860 | Val Loss 0.1345 Acc 0.9745 AUC 0.9992 Pre 0.9744 Rec 0.9742
2026-08-30 13:50:29 |   Val AUC improved to 0.9992, model saved
2026-08-30 13:50:33 | Epoch  10/100 | Train Loss 0.1043 Acc 0.9866 | Val Loss 0.1304 Acc 0.9774 AUC 0.9992 Pre 0.9771 Rec 0.9773
2026-08-30 13:50:37 | Epoch  11/100 | Train Loss 0.0985 Acc 0.9876 | Val Loss 0.1334 Acc 0.9744 AUC 0.9991 Pre 0.9742 Rec 0.9742
2026-08-30 13:50:41 | Epoch  12/100 | Train Loss 0.0926 Acc 0.9891 | Val Loss 0.1320 Acc 0.9749 AUC 0.9990 Pre 0.9747 Rec 0.9746
2026-08-30 13:50:45 | Epoch  13/100 | Train Loss 0.0913 Acc 0.9890 | Val Loss 0.1317 Acc 0.9757 AUC 0.9990 Pre 0.9754 Rec 0.9755
2026-08-30 13:50:50 | Epoch  14/100 | Train Loss 0.0849 Acc 0.9897 | Val Loss 0.1336 Acc 0.9753 AUC 0.9991 Pre 0.9750 Rec 0.9751
2026-08-30 13:50:54 | Epoch  15/100 | Train Loss 0.0837 Acc 0.9903 | Val Loss 0.1285 Acc 0.9774 AUC 0.9990 Pre 0.9772 Rec 0.9772
2026-08-30 13:50:58 | Epoch  16/100 | Train Loss 0.0824 Acc 0.9902 | Val Loss 0.1254 Acc 0.9777 AUC 0.9990 Pre 0.9777 Rec 0.9772
2026-08-30 13:51:02 | Epoch  17/100 | Train Loss 0.0764 Acc 0.9916 | Val Loss 0.1228 Acc 0.9774 AUC 0.9990 Pre 0.9770 Rec 0.9772
2026-08-30 13:51:06 | Epoch  18/100 | Train Loss 0.0759 Acc 0.9917 | Val Loss 0.1332 Acc 0.9751 AUC 0.9990 Pre 0.9749 Rec 0.9747
2026-08-30 13:51:10 | Epoch  19/100 | Train Loss 0.0763 Acc 0.9912 | Val Loss 0.1276 Acc 0.9752 AUC 0.9990 Pre 0.9751 Rec 0.9749
2026-08-30 13:51:10 | Val AUC did not improve for 10 consecutive epochs, early stopping at Epoch 19 (best AUC 0.9992 @ Epoch 9)
2026-08-30 13:51:11 | Run 1/5 | Test (best model @ Epoch 9) | Loss 0.1220 Acc 0.9784 AUC 0.9994 Pre 0.9785 Rec 0.9782
2026-08-30 13:51:11 | ===== Run 2/5 (seed 1) =====
2026-08-30 13:51:15 | Epoch   1/100 | Train Loss 0.5921 Acc 0.8622 | Val Loss 0.2914 Acc 0.9416 AUC 0.9970 Pre 0.9407 Rec 0.9411
2026-08-30 13:51:15 |   Val AUC improved to 0.9970, model saved
2026-08-30 13:51:19 | Epoch   2/100 | Train Loss 0.2723 Acc 0.9502 | Val Loss 0.2168 Acc 0.9584 AUC 0.9980 Pre 0.9585 Rec 0.9578
2026-08-30 13:51:19 |   Val AUC improved to 0.9980, model saved
2026-08-30 13:51:23 | Epoch   3/100 | Train Loss 0.2059 Acc 0.9661 | Val Loss 0.1779 Acc 0.9662 AUC 0.9986 Pre 0.9660 Rec 0.9660
2026-08-30 13:51:23 |   Val AUC improved to 0.9986, model saved
2026-08-30 13:51:27 | Epoch   4/100 | Train Loss 0.1723 Acc 0.9725 | Val Loss 0.1656 Acc 0.9676 AUC 0.9987 Pre 0.9676 Rec 0.9671
2026-08-30 13:51:27 |   Val AUC improved to 0.9987, model saved
2026-08-30 13:51:31 | Epoch   5/100 | Train Loss 0.1510 Acc 0.9764 | Val Loss 0.1459 Acc 0.9731 AUC 0.9988 Pre 0.9730 Rec 0.9725
2026-08-30 13:51:31 |   Val AUC improved to 0.9988, model saved
2026-08-30 13:51:36 | Epoch   6/100 | Train Loss 0.1344 Acc 0.9804 | Val Loss 0.1454 Acc 0.9722 AUC 0.9990 Pre 0.9721 Rec 0.9718
2026-08-30 13:51:36 |   Val AUC improved to 0.9990, model saved
2026-08-30 13:51:40 | Epoch   7/100 | Train Loss 0.1209 Acc 0.9829 | Val Loss 0.1424 Acc 0.9734 AUC 0.9991 Pre 0.9733 Rec 0.9731
2026-08-30 13:51:40 |   Val AUC improved to 0.9991, model saved
2026-08-30 13:51:44 | Epoch   8/100 | Train Loss 0.1135 Acc 0.9846 | Val Loss 0.1337 Acc 0.9756 AUC 0.9990 Pre 0.9754 Rec 0.9754
2026-08-30 13:51:48 | Epoch   9/100 | Train Loss 0.1059 Acc 0.9860 | Val Loss 0.1323 Acc 0.9757 AUC 0.9988 Pre 0.9756 Rec 0.9755
2026-08-30 13:51:52 | Epoch  10/100 | Train Loss 0.1014 Acc 0.9870 | Val Loss 0.1288 Acc 0.9742 AUC 0.9991 Pre 0.9740 Rec 0.9740
2026-08-30 13:51:57 | Epoch  11/100 | Train Loss 0.0952 Acc 0.9879 | Val Loss 0.1277 Acc 0.9760 AUC 0.9992 Pre 0.9757 Rec 0.9759
2026-08-30 13:51:57 |   Val AUC improved to 0.9992, model saved
2026-08-30 13:52:01 | Epoch  12/100 | Train Loss 0.0934 Acc 0.9877 | Val Loss 0.1264 Acc 0.9770 AUC 0.9991 Pre 0.9770 Rec 0.9766
2026-08-30 13:52:05 | Epoch  13/100 | Train Loss 0.0868 Acc 0.9897 | Val Loss 0.1239 Acc 0.9780 AUC 0.9990 Pre 0.9778 Rec 0.9777
2026-08-30 13:52:09 | Epoch  14/100 | Train Loss 0.0847 Acc 0.9898 | Val Loss 0.1279 Acc 0.9761 AUC 0.9990 Pre 0.9758 Rec 0.9759
2026-08-30 13:52:13 | Epoch  15/100 | Train Loss 0.0785 Acc 0.9915 | Val Loss 0.1400 Acc 0.9729 AUC 0.9988 Pre 0.9725 Rec 0.9727
2026-08-30 13:52:17 | Epoch  16/100 | Train Loss 0.0800 Acc 0.9906 | Val Loss 0.1249 Acc 0.9783 AUC 0.9989 Pre 0.9781 Rec 0.9780
2026-08-30 13:52:21 | Epoch  17/100 | Train Loss 0.0771 Acc 0.9908 | Val Loss 0.1277 Acc 0.9770 AUC 0.9989 Pre 0.9767 Rec 0.9768
2026-08-30 13:52:26 | Epoch  18/100 | Train Loss 0.0771 Acc 0.9914 | Val Loss 0.1285 Acc 0.9775 AUC 0.9991 Pre 0.9775 Rec 0.9773
2026-08-30 13:52:30 | Epoch  19/100 | Train Loss 0.0739 Acc 0.9920 | Val Loss 0.1275 Acc 0.9772 AUC 0.9993 Pre 0.9772 Rec 0.9769
2026-08-30 13:52:30 |   Val AUC improved to 0.9993, model saved
2026-08-30 13:52:34 | Epoch  20/100 | Train Loss 0.0744 Acc 0.9915 | Val Loss 0.1344 Acc 0.9764 AUC 0.9987 Pre 0.9763 Rec 0.9760
2026-08-30 13:52:38 | Epoch  21/100 | Train Loss 0.0715 Acc 0.9921 | Val Loss 0.1424 Acc 0.9746 AUC 0.9988 Pre 0.9743 Rec 0.9745
2026-08-30 13:52:42 | Epoch  22/100 | Train Loss 0.0741 Acc 0.9913 | Val Loss 0.1293 Acc 0.9791 AUC 0.9987 Pre 0.9788 Rec 0.9789
2026-08-30 13:52:46 | Epoch  23/100 | Train Loss 0.0692 Acc 0.9928 | Val Loss 0.1264 Acc 0.9794 AUC 0.9990 Pre 0.9793 Rec 0.9792
2026-08-30 13:52:50 | Epoch  24/100 | Train Loss 0.0687 Acc 0.9927 | Val Loss 0.1308 Acc 0.9775 AUC 0.9989 Pre 0.9772 Rec 0.9772
2026-08-30 13:52:55 | Epoch  25/100 | Train Loss 0.0655 Acc 0.9930 | Val Loss 0.1278 Acc 0.9781 AUC 0.9989 Pre 0.9778 Rec 0.9780
2026-08-30 13:52:59 | Epoch  26/100 | Train Loss 0.0674 Acc 0.9928 | Val Loss 0.1282 Acc 0.9786 AUC 0.9989 Pre 0.9784 Rec 0.9784
2026-08-30 13:53:03 | Epoch  27/100 | Train Loss 0.0643 Acc 0.9933 | Val Loss 0.1307 Acc 0.9792 AUC 0.9990 Pre 0.9791 Rec 0.9789
2026-08-30 13:53:07 | Epoch  28/100 | Train Loss 0.0675 Acc 0.9933 | Val Loss 0.1319 Acc 0.9770 AUC 0.9988 Pre 0.9769 Rec 0.9766
2026-08-30 13:53:11 | Epoch  29/100 | Train Loss 0.0622 Acc 0.9941 | Val Loss 0.1335 Acc 0.9786 AUC 0.9987 Pre 0.9784 Rec 0.9783
2026-08-30 13:53:11 | Val AUC did not improve for 10 consecutive epochs, early stopping at Epoch 29 (best AUC 0.9993 @ Epoch 19)
2026-08-30 13:53:12 | Run 2/5 | Test (best model @ Epoch 19) | Loss 0.1352 Acc 0.9774 AUC 0.9990 Pre 0.9774 Rec 0.9772
2026-08-30 13:53:12 | ===== Run 3/5 (seed 2) =====
2026-08-30 13:53:17 | Epoch   1/100 | Train Loss 0.6101 Acc 0.8580 | Val Loss 0.2994 Acc 0.9399 AUC 0.9968 Pre 0.9400 Rec 0.9390
2026-08-30 13:53:17 |   Val AUC improved to 0.9968, model saved
2026-08-30 13:53:21 | Epoch   2/100 | Train Loss 0.2708 Acc 0.9528 | Val Loss 0.2233 Acc 0.9546 AUC 0.9982 Pre 0.9547 Rec 0.9541
2026-08-30 13:53:21 |   Val AUC improved to 0.9982, model saved
2026-08-30 13:53:25 | Epoch   3/100 | Train Loss 0.2061 Acc 0.9657 | Val Loss 0.1726 Acc 0.9681 AUC 0.9988 Pre 0.9677 Rec 0.9680
2026-08-30 13:53:25 |   Val AUC improved to 0.9988, model saved
2026-08-30 13:53:29 | Epoch   4/100 | Train Loss 0.1734 Acc 0.9727 | Val Loss 0.1654 Acc 0.9688 AUC 0.9989 Pre 0.9685 Rec 0.9686
2026-08-30 13:53:29 |   Val AUC improved to 0.9989, model saved
2026-08-30 13:53:34 | Epoch   5/100 | Train Loss 0.1506 Acc 0.9769 | Val Loss 0.1468 Acc 0.9727 AUC 0.9991 Pre 0.9728 Rec 0.9723
2026-08-30 13:53:34 |   Val AUC improved to 0.9991, model saved
2026-08-30 13:53:38 | Epoch   6/100 | Train Loss 0.1364 Acc 0.9793 | Val Loss 0.1461 Acc 0.9732 AUC 0.9991 Pre 0.9728 Rec 0.9731
2026-08-30 13:53:38 |   Val AUC improved to 0.9991, model saved
2026-08-30 13:53:42 | Epoch   7/100 | Train Loss 0.1199 Acc 0.9837 | Val Loss 0.1352 Acc 0.9746 AUC 0.9991 Pre 0.9743 Rec 0.9743
2026-08-30 13:53:46 | Epoch   8/100 | Train Loss 0.1120 Acc 0.9849 | Val Loss 0.1344 Acc 0.9752 AUC 0.9990 Pre 0.9749 Rec 0.9750
2026-08-30 13:53:51 | Epoch   9/100 | Train Loss 0.1064 Acc 0.9858 | Val Loss 0.1405 Acc 0.9724 AUC 0.9990 Pre 0.9722 Rec 0.9722
2026-08-30 13:53:55 | Epoch  10/100 | Train Loss 0.1009 Acc 0.9873 | Val Loss 0.1317 Acc 0.9756 AUC 0.9991 Pre 0.9756 Rec 0.9752
2026-08-30 13:53:59 | Epoch  11/100 | Train Loss 0.0934 Acc 0.9886 | Val Loss 0.1321 Acc 0.9751 AUC 0.9992 Pre 0.9749 Rec 0.9748
2026-08-30 13:53:59 |   Val AUC improved to 0.9992, model saved
2026-08-30 13:54:04 | Epoch  12/100 | Train Loss 0.0931 Acc 0.9886 | Val Loss 0.1285 Acc 0.9752 AUC 0.9990 Pre 0.9753 Rec 0.9746
2026-08-30 13:54:08 | Epoch  13/100 | Train Loss 0.0876 Acc 0.9896 | Val Loss 0.1305 Acc 0.9754 AUC 0.9990 Pre 0.9753 Rec 0.9751
2026-08-30 13:54:12 | Epoch  14/100 | Train Loss 0.0877 Acc 0.9896 | Val Loss 0.1368 Acc 0.9745 AUC 0.9990 Pre 0.9742 Rec 0.9742
2026-08-30 13:54:16 | Epoch  15/100 | Train Loss 0.0886 Acc 0.9890 | Val Loss 0.1243 Acc 0.9766 AUC 0.9991 Pre 0.9766 Rec 0.9763
2026-08-30 13:54:21 | Epoch  16/100 | Train Loss 0.0818 Acc 0.9905 | Val Loss 0.1244 Acc 0.9778 AUC 0.9992 Pre 0.9777 Rec 0.9776
2026-08-30 13:54:21 |   Val AUC improved to 0.9992, model saved
2026-08-30 13:54:25 | Epoch  17/100 | Train Loss 0.0788 Acc 0.9908 | Val Loss 0.1301 Acc 0.9784 AUC 0.9991 Pre 0.9782 Rec 0.9782
2026-08-30 13:54:29 | Epoch  18/100 | Train Loss 0.0758 Acc 0.9916 | Val Loss 0.1212 Acc 0.9779 AUC 0.9990 Pre 0.9779 Rec 0.9777
2026-08-30 13:54:33 | Epoch  19/100 | Train Loss 0.0738 Acc 0.9922 | Val Loss 0.1248 Acc 0.9781 AUC 0.9991 Pre 0.9780 Rec 0.9778
2026-08-30 13:54:38 | Epoch  20/100 | Train Loss 0.0707 Acc 0.9923 | Val Loss 0.1260 Acc 0.9796 AUC 0.9993 Pre 0.9793 Rec 0.9795
2026-08-30 13:54:38 |   Val AUC improved to 0.9993, model saved
2026-08-30 13:54:42 | Epoch  21/100 | Train Loss 0.0707 Acc 0.9922 | Val Loss 0.1226 Acc 0.9783 AUC 0.9992 Pre 0.9782 Rec 0.9782
2026-08-30 13:54:46 | Epoch  22/100 | Train Loss 0.0706 Acc 0.9926 | Val Loss 0.1209 Acc 0.9783 AUC 0.9991 Pre 0.9782 Rec 0.9780
2026-08-30 13:54:50 | Epoch  23/100 | Train Loss 0.0707 Acc 0.9919 | Val Loss 0.1186 Acc 0.9801 AUC 0.9990 Pre 0.9799 Rec 0.9798
2026-08-30 13:54:55 | Epoch  24/100 | Train Loss 0.0709 Acc 0.9919 | Val Loss 0.1311 Acc 0.9785 AUC 0.9989 Pre 0.9784 Rec 0.9783
2026-08-30 13:54:59 | Epoch  25/100 | Train Loss 0.0672 Acc 0.9929 | Val Loss 0.1347 Acc 0.9786 AUC 0.9988 Pre 0.9783 Rec 0.9784
2026-08-30 13:55:03 | Epoch  26/100 | Train Loss 0.0703 Acc 0.9923 | Val Loss 0.1299 Acc 0.9784 AUC 0.9990 Pre 0.9782 Rec 0.9781
2026-08-30 13:55:07 | Epoch  27/100 | Train Loss 0.0677 Acc 0.9928 | Val Loss 0.1440 Acc 0.9737 AUC 0.9985 Pre 0.9735 Rec 0.9735
2026-08-30 13:55:12 | Epoch  28/100 | Train Loss 0.0673 Acc 0.9925 | Val Loss 0.1336 Acc 0.9784 AUC 0.9989 Pre 0.9785 Rec 0.9782
2026-08-30 13:55:16 | Epoch  29/100 | Train Loss 0.0664 Acc 0.9929 | Val Loss 0.1250 Acc 0.9796 AUC 0.9989 Pre 0.9794 Rec 0.9794
2026-08-30 13:55:20 | Epoch  30/100 | Train Loss 0.0640 Acc 0.9933 | Val Loss 0.1256 Acc 0.9794 AUC 0.9990 Pre 0.9791 Rec 0.9791
2026-08-30 13:55:20 | Val AUC did not improve for 10 consecutive epochs, early stopping at Epoch 30 (best AUC 0.9993 @ Epoch 20)
2026-08-30 13:55:21 | Run 3/5 | Test (best model @ Epoch 20) | Loss 0.1141 Acc 0.9818 AUC 0.9993 Pre 0.9817 Rec 0.9818
2026-08-30 13:55:21 | ===== Run 4/5 (seed 3) =====
2026-08-30 13:55:25 | Epoch   1/100 | Train Loss 0.6076 Acc 0.8583 | Val Loss 0.2963 Acc 0.9404 AUC 0.9968 Pre 0.9401 Rec 0.9397
2026-08-30 13:55:25 |   Val AUC improved to 0.9968, model saved
2026-08-30 13:55:29 | Epoch   2/100 | Train Loss 0.2710 Acc 0.9512 | Val Loss 0.2084 Acc 0.9604 AUC 0.9983 Pre 0.9601 Rec 0.9602
2026-08-30 13:55:29 |   Val AUC improved to 0.9983, model saved
2026-08-30 13:55:33 | Epoch   3/100 | Train Loss 0.2070 Acc 0.9658 | Val Loss 0.1835 Acc 0.9645 AUC 0.9986 Pre 0.9644 Rec 0.9641
2026-08-30 13:55:33 |   Val AUC improved to 0.9986, model saved
2026-08-30 13:55:37 | Epoch   4/100 | Train Loss 0.1718 Acc 0.9733 | Val Loss 0.1720 Acc 0.9653 AUC 0.9988 Pre 0.9653 Rec 0.9648
2026-08-30 13:55:37 |   Val AUC improved to 0.9988, model saved
2026-08-30 13:55:42 | Epoch   5/100 | Train Loss 0.1485 Acc 0.9777 | Val Loss 0.1498 Acc 0.9722 AUC 0.9990 Pre 0.9720 Rec 0.9719
2026-08-30 13:55:42 |   Val AUC improved to 0.9990, model saved
2026-08-30 13:55:46 | Epoch   6/100 | Train Loss 0.1349 Acc 0.9802 | Val Loss 0.1436 Acc 0.9730 AUC 0.9991 Pre 0.9729 Rec 0.9729
2026-08-30 13:55:46 |   Val AUC improved to 0.9991, model saved
2026-08-30 13:55:50 | Epoch   7/100 | Train Loss 0.1228 Acc 0.9824 | Val Loss 0.1356 Acc 0.9740 AUC 0.9991 Pre 0.9739 Rec 0.9738
2026-08-30 13:55:50 |   Val AUC improved to 0.9991, model saved
2026-08-30 13:55:54 | Epoch   8/100 | Train Loss 0.1157 Acc 0.9844 | Val Loss 0.1417 Acc 0.9743 AUC 0.9989 Pre 0.9744 Rec 0.9739
2026-08-30 13:55:59 | Epoch   9/100 | Train Loss 0.1036 Acc 0.9870 | Val Loss 0.1281 Acc 0.9779 AUC 0.9991 Pre 0.9777 Rec 0.9777
2026-08-30 13:55:59 |   Val AUC improved to 0.9991, model saved
2026-08-30 13:56:03 | Epoch  10/100 | Train Loss 0.1016 Acc 0.9865 | Val Loss 0.1358 Acc 0.9750 AUC 0.9989 Pre 0.9749 Rec 0.9747
2026-08-30 13:56:07 | Epoch  11/100 | Train Loss 0.0959 Acc 0.9877 | Val Loss 0.1326 Acc 0.9747 AUC 0.9992 Pre 0.9745 Rec 0.9744
2026-08-30 13:56:07 |   Val AUC improved to 0.9992, model saved
2026-08-30 13:56:11 | Epoch  12/100 | Train Loss 0.0893 Acc 0.9894 | Val Loss 0.1289 Acc 0.9759 AUC 0.9991 Pre 0.9756 Rec 0.9757
2026-08-30 13:56:15 | Epoch  13/100 | Train Loss 0.0846 Acc 0.9906 | Val Loss 0.1273 Acc 0.9760 AUC 0.9991 Pre 0.9760 Rec 0.9755
2026-08-30 13:56:20 | Epoch  14/100 | Train Loss 0.0854 Acc 0.9898 | Val Loss 0.1309 Acc 0.9761 AUC 0.9991 Pre 0.9761 Rec 0.9756
2026-08-30 13:56:24 | Epoch  15/100 | Train Loss 0.0842 Acc 0.9902 | Val Loss 0.1329 Acc 0.9760 AUC 0.9991 Pre 0.9760 Rec 0.9755
2026-08-30 13:56:28 | Epoch  16/100 | Train Loss 0.0815 Acc 0.9907 | Val Loss 0.1287 Acc 0.9762 AUC 0.9989 Pre 0.9761 Rec 0.9760
2026-08-30 13:56:32 | Epoch  17/100 | Train Loss 0.0791 Acc 0.9910 | Val Loss 0.1170 Acc 0.9795 AUC 0.9992 Pre 0.9792 Rec 0.9793
2026-08-30 13:56:37 | Epoch  18/100 | Train Loss 0.0793 Acc 0.9904 | Val Loss 0.1301 Acc 0.9767 AUC 0.9989 Pre 0.9766 Rec 0.9765
2026-08-30 13:56:41 | Epoch  19/100 | Train Loss 0.0746 Acc 0.9922 | Val Loss 0.1309 Acc 0.9754 AUC 0.9991 Pre 0.9754 Rec 0.9751
2026-08-30 13:56:45 | Epoch  20/100 | Train Loss 0.0749 Acc 0.9911 | Val Loss 0.1297 Acc 0.9770 AUC 0.9990 Pre 0.9769 Rec 0.9768
2026-08-30 13:56:49 | Epoch  21/100 | Train Loss 0.0770 Acc 0.9911 | Val Loss 0.1218 Acc 0.9785 AUC 0.9992 Pre 0.9783 Rec 0.9782
2026-08-30 13:56:49 | Val AUC did not improve for 10 consecutive epochs, early stopping at Epoch 21 (best AUC 0.9992 @ Epoch 11)
2026-08-30 13:56:50 | Run 4/5 | Test (best model @ Epoch 11) | Loss 0.1234 Acc 0.9783 AUC 0.9991 Pre 0.9784 Rec 0.9781
2026-08-30 13:56:50 | ===== Run 5/5 (seed 4) =====
2026-08-30 13:56:55 | Epoch   1/100 | Train Loss 0.6056 Acc 0.8598 | Val Loss 0.2956 Acc 0.9435 AUC 0.9967 Pre 0.9430 Rec 0.9427
2026-08-30 13:56:55 |   Val AUC improved to 0.9967, model saved
2026-08-30 13:56:59 | Epoch   2/100 | Train Loss 0.2699 Acc 0.9531 | Val Loss 0.2162 Acc 0.9576 AUC 0.9981 Pre 0.9578 Rec 0.9571
2026-08-30 13:56:59 |   Val AUC improved to 0.9981, model saved
2026-08-30 13:57:03 | Epoch   3/100 | Train Loss 0.2048 Acc 0.9665 | Val Loss 0.1749 Acc 0.9678 AUC 0.9988 Pre 0.9677 Rec 0.9676
2026-08-30 13:57:03 |   Val AUC improved to 0.9988, model saved
2026-08-30 13:57:08 | Epoch   4/100 | Train Loss 0.1704 Acc 0.9734 | Val Loss 0.1662 Acc 0.9676 AUC 0.9988 Pre 0.9676 Rec 0.9674
2026-08-30 13:57:12 | Epoch   5/100 | Train Loss 0.1501 Acc 0.9773 | Val Loss 0.1438 Acc 0.9744 AUC 0.9991 Pre 0.9742 Rec 0.9742
2026-08-30 13:57:12 |   Val AUC improved to 0.9991, model saved
2026-08-30 13:57:16 | Epoch   6/100 | Train Loss 0.1324 Acc 0.9808 | Val Loss 0.1422 Acc 0.9749 AUC 0.9991 Pre 0.9746 Rec 0.9749
2026-08-30 13:57:20 | Epoch   7/100 | Train Loss 0.1223 Acc 0.9829 | Val Loss 0.1388 Acc 0.9739 AUC 0.9990 Pre 0.9736 Rec 0.9737
2026-08-30 13:57:25 | Epoch   8/100 | Train Loss 0.1120 Acc 0.9849 | Val Loss 0.1354 Acc 0.9747 AUC 0.9991 Pre 0.9743 Rec 0.9746
2026-08-30 13:57:25 |   Val AUC improved to 0.9991, model saved
2026-08-30 13:57:29 | Epoch   9/100 | Train Loss 0.1076 Acc 0.9852 | Val Loss 0.1219 Acc 0.9766 AUC 0.9992 Pre 0.9765 Rec 0.9763
2026-08-30 13:57:29 |   Val AUC improved to 0.9992, model saved
2026-08-30 13:57:33 | Epoch  10/100 | Train Loss 0.1007 Acc 0.9873 | Val Loss 0.1273 Acc 0.9767 AUC 0.9991 Pre 0.9764 Rec 0.9764
2026-08-30 13:57:37 | Epoch  11/100 | Train Loss 0.0932 Acc 0.9885 | Val Loss 0.1329 Acc 0.9770 AUC 0.9990 Pre 0.9769 Rec 0.9767
2026-08-30 13:57:42 | Epoch  12/100 | Train Loss 0.0885 Acc 0.9891 | Val Loss 0.1236 Acc 0.9764 AUC 0.9991 Pre 0.9762 Rec 0.9762
2026-08-30 13:57:46 | Epoch  13/100 | Train Loss 0.0845 Acc 0.9903 | Val Loss 0.1344 Acc 0.9737 AUC 0.9990 Pre 0.9738 Rec 0.9732
2026-08-30 13:57:51 | Epoch  14/100 | Train Loss 0.0846 Acc 0.9900 | Val Loss 0.1377 Acc 0.9736 AUC 0.9987 Pre 0.9737 Rec 0.9731
2026-08-30 13:57:55 | Epoch  15/100 | Train Loss 0.0882 Acc 0.9889 | Val Loss 0.1219 Acc 0.9775 AUC 0.9993 Pre 0.9776 Rec 0.9773
2026-08-30 13:57:55 |   Val AUC improved to 0.9993, model saved
2026-08-30 13:57:59 | Epoch  16/100 | Train Loss 0.0817 Acc 0.9904 | Val Loss 0.1330 Acc 0.9767 AUC 0.9991 Pre 0.9765 Rec 0.9766
2026-08-30 13:58:03 | Epoch  17/100 | Train Loss 0.0784 Acc 0.9909 | Val Loss 0.1254 Acc 0.9788 AUC 0.9990 Pre 0.9786 Rec 0.9785
2026-08-30 13:58:08 | Epoch  18/100 | Train Loss 0.0778 Acc 0.9909 | Val Loss 0.1269 Acc 0.9778 AUC 0.9992 Pre 0.9779 Rec 0.9776
2026-08-30 13:58:12 | Epoch  19/100 | Train Loss 0.0781 Acc 0.9905 | Val Loss 0.1201 Acc 0.9800 AUC 0.9991 Pre 0.9799 Rec 0.9798
2026-08-30 13:58:16 | Epoch  20/100 | Train Loss 0.0770 Acc 0.9907 | Val Loss 0.1252 Acc 0.9770 AUC 0.9993 Pre 0.9770 Rec 0.9769
2026-08-30 13:58:21 | Epoch  21/100 | Train Loss 0.0709 Acc 0.9924 | Val Loss 0.1250 Acc 0.9761 AUC 0.9990 Pre 0.9758 Rec 0.9758
2026-08-30 13:58:25 | Epoch  22/100 | Train Loss 0.0684 Acc 0.9932 | Val Loss 0.1244 Acc 0.9785 AUC 0.9992 Pre 0.9784 Rec 0.9785
2026-08-30 13:58:29 | Epoch  23/100 | Train Loss 0.0733 Acc 0.9915 | Val Loss 0.1320 Acc 0.9766 AUC 0.9990 Pre 0.9764 Rec 0.9764
2026-08-30 13:58:33 | Epoch  24/100 | Train Loss 0.0686 Acc 0.9931 | Val Loss 0.1342 Acc 0.9773 AUC 0.9990 Pre 0.9772 Rec 0.9769
2026-08-30 13:58:38 | Epoch  25/100 | Train Loss 0.0689 Acc 0.9927 | Val Loss 0.1318 Acc 0.9764 AUC 0.9989 Pre 0.9765 Rec 0.9759
2026-08-30 13:58:38 | Val AUC did not improve for 10 consecutive epochs, early stopping at Epoch 25 (best AUC 0.9993 @ Epoch 15)
2026-08-30 13:58:38 | Run 5/5 | Test (best model @ Epoch 15) | Loss 0.1200 Acc 0.9780 AUC 0.9993 Pre 0.9779 Rec 0.9778
2026-08-30 13:58:38 | Average over 5 runs | Test Loss 0.1230±0.0077 Acc 0.9788±0.0017 AUC 0.9992±0.0001 Pre 0.9788±0.0017 Rec 0.9786±0.0018
