2026-09-02 07:57:42 | Device: cuda
2026-09-02 07:57:42 | Args: {'model': 'opb', 'backbone': 'mlp', 'task': 'housing', 'epochs': 100, 'batch_size': 512, 'lr': 0.001, 'hidden_dims': [512, 256], 'dropout': 0.2, 'z_dim': 256, 'anchor_scale': 4.0, 'energy_classifier': False, 'tied_head': True, 'max_len': 250, 'random_labels': False, 'beta': 0.1, 'patience': 10, 'runs': 5, 'seed': 0, 'data_dir': './data', 'save_path': 'output/california_mlp_opb/california_mlp_opb.pt', 'log_path': '/root/autodl-tmp/IB/tune_results/california_mlp_opb_beta_0.1_anchor_4/train.log', 'no_save': True}
2026-09-02 07:57:42 | ===== Run 1/5 (seed 0) =====
2026-09-02 07:57:43 | Epoch   1/100 | Train Loss 0.2405 | Val Loss 0.0647 MAE 0.5640 R2 0.5333
2026-09-02 07:57:43 |   Val R2 improved to 0.5333, model saved
2026-09-02 07:57:44 | Epoch   2/100 | Train Loss 0.1209 | Val Loss 0.0491 MAE 0.4944 R2 0.6526
2026-09-02 07:57:44 |   Val R2 improved to 0.6526, model saved
2026-09-02 07:57:44 | Epoch   3/100 | Train Loss 0.1002 | Val Loss 0.0434 MAE 0.4549 R2 0.6990
2026-09-02 07:57:44 |   Val R2 improved to 0.6990, model saved
2026-09-02 07:57:44 | Epoch   4/100 | Train Loss 0.0897 | Val Loss 0.0426 MAE 0.4450 R2 0.7076
2026-09-02 07:57:44 |   Val R2 improved to 0.7076, model saved
2026-09-02 07:57:45 | Epoch   5/100 | Train Loss 0.0840 | Val Loss 0.0417 MAE 0.4503 R2 0.7176
2026-09-02 07:57:45 |   Val R2 improved to 0.7176, model saved
2026-09-02 07:57:45 | Epoch   6/100 | Train Loss 0.0805 | Val Loss 0.0413 MAE 0.4367 R2 0.7102
2026-09-02 07:57:45 | Epoch   7/100 | Train Loss 0.0778 | Val Loss 0.0400 MAE 0.4263 R2 0.7328
2026-09-02 07:57:45 |   Val R2 improved to 0.7328, model saved
2026-09-02 07:57:45 | Epoch   8/100 | Train Loss 0.0765 | Val Loss 0.0408 MAE 0.4415 R2 0.7322
2026-09-02 07:57:46 | Epoch   9/100 | Train Loss 0.0747 | Val Loss 0.0417 MAE 0.4321 R2 0.7220
2026-09-02 07:57:46 | Epoch  10/100 | Train Loss 0.0736 | Val Loss 0.0388 MAE 0.4157 R2 0.7421
2026-09-02 07:57:46 |   Val R2 improved to 0.7421, model saved
2026-09-02 07:57:46 | Epoch  11/100 | Train Loss 0.0720 | Val Loss 0.0383 MAE 0.4201 R2 0.7486
2026-09-02 07:57:46 |   Val R2 improved to 0.7486, model saved
2026-09-02 07:57:46 | Epoch  12/100 | Train Loss 0.0729 | Val Loss 0.0404 MAE 0.4131 R2 0.7368
2026-09-02 07:57:46 | Epoch  13/100 | Train Loss 0.0717 | Val Loss 0.0408 MAE 0.4157 R2 0.7260
2026-09-02 07:57:47 | Epoch  14/100 | Train Loss 0.0714 | Val Loss 0.0382 MAE 0.4075 R2 0.7468
2026-09-02 07:57:47 | Epoch  15/100 | Train Loss 0.0715 | Val Loss 0.0386 MAE 0.4105 R2 0.7475
2026-09-02 07:57:47 | Epoch  16/100 | Train Loss 0.0709 | Val Loss 0.0394 MAE 0.4129 R2 0.7544
2026-09-02 07:57:47 |   Val R2 improved to 0.7544, model saved
2026-09-02 07:57:47 | Epoch  17/100 | Train Loss 0.0715 | Val Loss 0.0381 MAE 0.4040 R2 0.7580
2026-09-02 07:57:47 |   Val R2 improved to 0.7580, model saved
2026-09-02 07:57:48 | Epoch  18/100 | Train Loss 0.0704 | Val Loss 0.0370 MAE 0.4012 R2 0.7613
2026-09-02 07:57:48 |   Val R2 improved to 0.7613, model saved
2026-09-02 07:57:48 | Epoch  19/100 | Train Loss 0.0685 | Val Loss 0.0381 MAE 0.4085 R2 0.7420
2026-09-02 07:57:48 | Epoch  20/100 | Train Loss 0.0684 | Val Loss 0.0383 MAE 0.4122 R2 0.7523
2026-09-02 07:57:48 | Epoch  21/100 | Train Loss 0.0678 | Val Loss 0.0392 MAE 0.4063 R2 0.7421
2026-09-02 07:57:49 | Epoch  22/100 | Train Loss 0.0674 | Val Loss 0.0366 MAE 0.3967 R2 0.7658
2026-09-02 07:57:49 |   Val R2 improved to 0.7658, model saved
2026-09-02 07:57:49 | Epoch  23/100 | Train Loss 0.0666 | Val Loss 0.0372 MAE 0.3979 R2 0.7660
2026-09-02 07:57:49 |   Val R2 improved to 0.7660, model saved
2026-09-02 07:57:49 | Epoch  24/100 | Train Loss 0.0656 | Val Loss 0.0370 MAE 0.3985 R2 0.7650
2026-09-02 07:57:49 | Epoch  25/100 | Train Loss 0.0663 | Val Loss 0.0376 MAE 0.3980 R2 0.7566
2026-09-02 07:57:50 | Epoch  26/100 | Train Loss 0.0662 | Val Loss 0.0377 MAE 0.3932 R2 0.7617
2026-09-02 07:57:50 | Epoch  27/100 | Train Loss 0.0650 | Val Loss 0.0383 MAE 0.3950 R2 0.7593
2026-09-02 07:57:50 | Epoch  28/100 | Train Loss 0.0648 | Val Loss 0.0372 MAE 0.3880 R2 0.7663
2026-09-02 07:57:50 |   Val R2 improved to 0.7663, model saved
2026-09-02 07:57:51 | Epoch  29/100 | Train Loss 0.0663 | Val Loss 0.0385 MAE 0.3892 R2 0.7532
2026-09-02 07:57:51 | Epoch  30/100 | Train Loss 0.0644 | Val Loss 0.0379 MAE 0.3949 R2 0.7500
2026-09-02 07:57:51 | Epoch  31/100 | Train Loss 0.0650 | Val Loss 0.0371 MAE 0.3921 R2 0.7737
2026-09-02 07:57:51 |   Val R2 improved to 0.7737, model saved
2026-09-02 07:57:51 | Epoch  32/100 | Train Loss 0.0644 | Val Loss 0.0369 MAE 0.3860 R2 0.7745
2026-09-02 07:57:51 |   Val R2 improved to 0.7745, model saved
2026-09-02 07:57:52 | Epoch  33/100 | Train Loss 0.0642 | Val Loss 0.0365 MAE 0.3898 R2 0.7719
2026-09-02 07:57:52 | Epoch  34/100 | Train Loss 0.0640 | Val Loss 0.0373 MAE 0.3889 R2 0.7739
2026-09-02 07:57:52 | Epoch  35/100 | Train Loss 0.0637 | Val Loss 0.0392 MAE 0.3900 R2 0.7480
2026-09-02 07:57:52 | Epoch  36/100 | Train Loss 0.0646 | Val Loss 0.0374 MAE 0.3945 R2 0.7573
2026-09-02 07:57:53 | Epoch  37/100 | Train Loss 0.0634 | Val Loss 0.0371 MAE 0.3937 R2 0.7744
2026-09-02 07:57:53 | Epoch  38/100 | Train Loss 0.0629 | Val Loss 0.0361 MAE 0.3813 R2 0.7777
2026-09-02 07:57:53 |   Val R2 improved to 0.7777, model saved
2026-09-02 07:57:53 | Epoch  39/100 | Train Loss 0.0623 | Val Loss 0.0362 MAE 0.3833 R2 0.7682
2026-09-02 07:57:53 | Epoch  40/100 | Train Loss 0.0635 | Val Loss 0.0368 MAE 0.3797 R2 0.7673
2026-09-02 07:57:54 | Epoch  41/100 | Train Loss 0.0616 | Val Loss 0.0355 MAE 0.3798 R2 0.7770
2026-09-02 07:57:54 | Epoch  42/100 | Train Loss 0.0621 | Val Loss 0.0368 MAE 0.3789 R2 0.7757
2026-09-02 07:57:54 | Epoch  43/100 | Train Loss 0.0612 | Val Loss 0.0368 MAE 0.3782 R2 0.7679
2026-09-02 07:57:54 | Epoch  44/100 | Train Loss 0.0613 | Val Loss 0.0371 MAE 0.3868 R2 0.7732
2026-09-02 07:57:55 | Epoch  45/100 | Train Loss 0.0619 | Val Loss 0.0363 MAE 0.3813 R2 0.7757
2026-09-02 07:57:55 | Epoch  46/100 | Train Loss 0.0620 | Val Loss 0.0361 MAE 0.3803 R2 0.7800
2026-09-02 07:57:55 |   Val R2 improved to 0.7800, model saved
2026-09-02 07:57:55 | Epoch  47/100 | Train Loss 0.0609 | Val Loss 0.0359 MAE 0.3759 R2 0.7763
2026-09-02 07:57:55 | Epoch  48/100 | Train Loss 0.0608 | Val Loss 0.0350 MAE 0.3751 R2 0.7834
2026-09-02 07:57:55 |   Val R2 improved to 0.7834, model saved
2026-09-02 07:57:56 | Epoch  49/100 | Train Loss 0.0610 | Val Loss 0.0355 MAE 0.3806 R2 0.7820
2026-09-02 07:57:56 | Epoch  50/100 | Train Loss 0.0603 | Val Loss 0.0357 MAE 0.3773 R2 0.7752
2026-09-02 07:57:56 | Epoch  51/100 | Train Loss 0.0612 | Val Loss 0.0349 MAE 0.3758 R2 0.7829
2026-09-02 07:57:56 | Epoch  52/100 | Train Loss 0.0597 | Val Loss 0.0348 MAE 0.3753 R2 0.7852
2026-09-02 07:57:56 |   Val R2 improved to 0.7852, model saved
2026-09-02 07:57:57 | Epoch  53/100 | Train Loss 0.0609 | Val Loss 0.0368 MAE 0.3850 R2 0.7755
2026-09-02 07:57:57 | Epoch  54/100 | Train Loss 0.0597 | Val Loss 0.0355 MAE 0.3735 R2 0.7764
2026-09-02 07:57:57 | Epoch  55/100 | Train Loss 0.0598 | Val Loss 0.0364 MAE 0.3776 R2 0.7778
2026-09-02 07:57:57 | Epoch  56/100 | Train Loss 0.0604 | Val Loss 0.0343 MAE 0.3707 R2 0.7873
2026-09-02 07:57:57 |   Val R2 improved to 0.7873, model saved
2026-09-02 07:57:58 | Epoch  57/100 | Train Loss 0.0592 | Val Loss 0.0344 MAE 0.3723 R2 0.7835
2026-09-02 07:57:58 | Epoch  58/100 | Train Loss 0.0591 | Val Loss 0.0352 MAE 0.3733 R2 0.7810
2026-09-02 07:57:58 | Epoch  59/100 | Train Loss 0.0594 | Val Loss 0.0348 MAE 0.3761 R2 0.7859
2026-09-02 07:57:58 | Epoch  60/100 | Train Loss 0.0595 | Val Loss 0.0354 MAE 0.3694 R2 0.7853
2026-09-02 07:57:59 | Epoch  61/100 | Train Loss 0.0596 | Val Loss 0.0359 MAE 0.3732 R2 0.7790
2026-09-02 07:57:59 | Epoch  62/100 | Train Loss 0.0597 | Val Loss 0.0349 MAE 0.3716 R2 0.7882
2026-09-02 07:57:59 |   Val R2 improved to 0.7882, model saved
2026-09-02 07:57:59 | Epoch  63/100 | Train Loss 0.0593 | Val Loss 0.0354 MAE 0.3715 R2 0.7791
2026-09-02 07:57:59 | Epoch  64/100 | Train Loss 0.0589 | Val Loss 0.0351 MAE 0.3701 R2 0.7846
2026-09-02 07:58:00 | Epoch  65/100 | Train Loss 0.0582 | Val Loss 0.0347 MAE 0.3713 R2 0.7836
2026-09-02 07:58:00 | Epoch  66/100 | Train Loss 0.0595 | Val Loss 0.0344 MAE 0.3649 R2 0.7883
2026-09-02 07:58:00 |   Val R2 improved to 0.7883, model saved
2026-09-02 07:58:00 | Epoch  67/100 | Train Loss 0.0577 | Val Loss 0.0348 MAE 0.3713 R2 0.7849
2026-09-02 07:58:00 | Epoch  68/100 | Train Loss 0.0575 | Val Loss 0.0365 MAE 0.3727 R2 0.7716
2026-09-02 07:58:01 | Epoch  69/100 | Train Loss 0.0568 | Val Loss 0.0340 MAE 0.3636 R2 0.7912
2026-09-02 07:58:01 |   Val R2 improved to 0.7912, model saved
2026-09-02 07:58:01 | Epoch  70/100 | Train Loss 0.0576 | Val Loss 0.0339 MAE 0.3622 R2 0.7899
2026-09-02 07:58:01 | Epoch  71/100 | Train Loss 0.0572 | Val Loss 0.0347 MAE 0.3704 R2 0.7900
2026-09-02 07:58:01 | Epoch  72/100 | Train Loss 0.0584 | Val Loss 0.0344 MAE 0.3661 R2 0.7892
2026-09-02 07:58:02 | Epoch  73/100 | Train Loss 0.0568 | Val Loss 0.0344 MAE 0.3695 R2 0.7909
2026-09-02 07:58:02 | Epoch  74/100 | Train Loss 0.0570 | Val Loss 0.0343 MAE 0.3631 R2 0.7890
2026-09-02 07:58:02 | Epoch  75/100 | Train Loss 0.0570 | Val Loss 0.0342 MAE 0.3634 R2 0.7917
2026-09-02 07:58:02 |   Val R2 improved to 0.7917, model saved
2026-09-02 07:58:02 | Epoch  76/100 | Train Loss 0.0572 | Val Loss 0.0341 MAE 0.3634 R2 0.7918
2026-09-02 07:58:02 |   Val R2 improved to 0.7918, model saved
2026-09-02 07:58:03 | Epoch  77/100 | Train Loss 0.0566 | Val Loss 0.0338 MAE 0.3633 R2 0.7915
2026-09-02 07:58:03 | Epoch  78/100 | Train Loss 0.0557 | Val Loss 0.0339 MAE 0.3622 R2 0.7901
2026-09-02 07:58:03 | Epoch  79/100 | Train Loss 0.0569 | Val Loss 0.0343 MAE 0.3665 R2 0.7832
2026-09-02 07:58:03 | Epoch  80/100 | Train Loss 0.0566 | Val Loss 0.0338 MAE 0.3696 R2 0.7924
2026-09-02 07:58:03 |   Val R2 improved to 0.7924, model saved
2026-09-02 07:58:04 | Epoch  81/100 | Train Loss 0.0562 | Val Loss 0.0340 MAE 0.3655 R2 0.7885
2026-09-02 07:58:04 | Epoch  82/100 | Train Loss 0.0572 | Val Loss 0.0340 MAE 0.3648 R2 0.7937
2026-09-02 07:58:04 |   Val R2 improved to 0.7937, model saved
2026-09-02 07:58:04 | Epoch  83/100 | Train Loss 0.0559 | Val Loss 0.0356 MAE 0.3734 R2 0.7851
2026-09-02 07:58:04 | Epoch  84/100 | Train Loss 0.0557 | Val Loss 0.0337 MAE 0.3619 R2 0.7881
2026-09-02 07:58:05 | Epoch  85/100 | Train Loss 0.0565 | Val Loss 0.0343 MAE 0.3616 R2 0.7936
2026-09-02 07:58:05 | Epoch  86/100 | Train Loss 0.0552 | Val Loss 0.0342 MAE 0.3632 R2 0.7928
2026-09-02 07:58:05 | Epoch  87/100 | Train Loss 0.0550 | Val Loss 0.0334 MAE 0.3575 R2 0.7944
2026-09-02 07:58:05 |   Val R2 improved to 0.7944, model saved
2026-09-02 07:58:05 | Epoch  88/100 | Train Loss 0.0554 | Val Loss 0.0339 MAE 0.3588 R2 0.7920
2026-09-02 07:58:06 | Epoch  89/100 | Train Loss 0.0558 | Val Loss 0.0332 MAE 0.3585 R2 0.7949
2026-09-02 07:58:06 |   Val R2 improved to 0.7949, model saved
2026-09-02 07:58:06 | Epoch  90/100 | Train Loss 0.0551 | Val Loss 0.0335 MAE 0.3613 R2 0.7887
2026-09-02 07:58:06 | Epoch  91/100 | Train Loss 0.0551 | Val Loss 0.0335 MAE 0.3588 R2 0.7950
2026-09-02 07:58:06 |   Val R2 improved to 0.7950, model saved
2026-09-02 07:58:06 | Epoch  92/100 | Train Loss 0.0554 | Val Loss 0.0336 MAE 0.3586 R2 0.7919
2026-09-02 07:58:07 | Epoch  93/100 | Train Loss 0.0545 | Val Loss 0.0335 MAE 0.3589 R2 0.7956
2026-09-02 07:58:07 |   Val R2 improved to 0.7956, model saved
2026-09-02 07:58:07 | Epoch  94/100 | Train Loss 0.0549 | Val Loss 0.0334 MAE 0.3550 R2 0.7963
2026-09-02 07:58:07 |   Val R2 improved to 0.7963, model saved
2026-09-02 07:58:07 | Epoch  95/100 | Train Loss 0.0553 | Val Loss 0.0346 MAE 0.3608 R2 0.7939
2026-09-02 07:58:07 | Epoch  96/100 | Train Loss 0.0553 | Val Loss 0.0340 MAE 0.3570 R2 0.7923
2026-09-02 07:58:08 | Epoch  97/100 | Train Loss 0.0546 | Val Loss 0.0332 MAE 0.3564 R2 0.7932
2026-09-02 07:58:08 | Epoch  98/100 | Train Loss 0.0543 | Val Loss 0.0335 MAE 0.3563 R2 0.7955
2026-09-02 07:58:08 | Epoch  99/100 | Train Loss 0.0543 | Val Loss 0.0333 MAE 0.3554 R2 0.7969
2026-09-02 07:58:08 |   Val R2 improved to 0.7969, model saved
2026-09-02 07:58:08 | Epoch 100/100 | Train Loss 0.0539 | Val Loss 0.0341 MAE 0.3629 R2 0.7859
2026-09-02 07:58:08 | Run 1/5 | Test (best model @ Epoch 99) | Loss 0.0329 MAE 0.3539 R2 0.7887
2026-09-02 07:58:08 | ===== Run 2/5 (seed 1) =====
2026-09-02 07:58:09 | Epoch   1/100 | Train Loss 0.2604 | Val Loss 0.0775 MAE 0.5858 R2 0.4776
2026-09-02 07:58:09 |   Val R2 improved to 0.4776, model saved
2026-09-02 07:58:09 | Epoch   2/100 | Train Loss 0.1267 | Val Loss 0.0488 MAE 0.4831 R2 0.6706
2026-09-02 07:58:09 |   Val R2 improved to 0.6706, model saved
2026-09-02 07:58:09 | Epoch   3/100 | Train Loss 0.1017 | Val Loss 0.0432 MAE 0.4547 R2 0.7047
2026-09-02 07:58:09 |   Val R2 improved to 0.7047, model saved
2026-09-02 07:58:09 | Epoch   4/100 | Train Loss 0.0902 | Val Loss 0.0418 MAE 0.4398 R2 0.7147
2026-09-02 07:58:09 |   Val R2 improved to 0.7147, model saved
2026-09-02 07:58:10 | Epoch   5/100 | Train Loss 0.0841 | Val Loss 0.0421 MAE 0.4525 R2 0.7137
2026-09-02 07:58:10 | Epoch   6/100 | Train Loss 0.0799 | Val Loss 0.0399 MAE 0.4320 R2 0.7284
2026-09-02 07:58:10 |   Val R2 improved to 0.7284, model saved
2026-09-02 07:58:10 | Epoch   7/100 | Train Loss 0.0781 | Val Loss 0.0401 MAE 0.4328 R2 0.7281
2026-09-02 07:58:10 | Epoch   8/100 | Train Loss 0.0766 | Val Loss 0.0409 MAE 0.4249 R2 0.7236
2026-09-02 07:58:11 | Epoch   9/100 | Train Loss 0.0764 | Val Loss 0.0410 MAE 0.4302 R2 0.7165
2026-09-02 07:58:11 | Epoch  10/100 | Train Loss 0.0754 | Val Loss 0.0395 MAE 0.4177 R2 0.7410
2026-09-02 07:58:11 |   Val R2 improved to 0.7410, model saved
2026-09-02 07:58:11 | Epoch  11/100 | Train Loss 0.0735 | Val Loss 0.0376 MAE 0.4135 R2 0.7482
2026-09-02 07:58:11 |   Val R2 improved to 0.7482, model saved
2026-09-02 07:58:11 | Epoch  12/100 | Train Loss 0.0735 | Val Loss 0.0385 MAE 0.4155 R2 0.7410
2026-09-02 07:58:12 | Epoch  13/100 | Train Loss 0.0714 | Val Loss 0.0389 MAE 0.4185 R2 0.7442
2026-09-02 07:58:12 | Epoch  14/100 | Train Loss 0.0717 | Val Loss 0.0396 MAE 0.4138 R2 0.7466
2026-09-02 07:58:12 | Epoch  15/100 | Train Loss 0.0722 | Val Loss 0.0385 MAE 0.4057 R2 0.7511
2026-09-02 07:58:12 |   Val R2 improved to 0.7511, model saved
2026-09-02 07:58:12 | Epoch  16/100 | Train Loss 0.0716 | Val Loss 0.0376 MAE 0.4080 R2 0.7550
2026-09-02 07:58:12 |   Val R2 improved to 0.7550, model saved
2026-09-02 07:58:13 | Epoch  17/100 | Train Loss 0.0689 | Val Loss 0.0373 MAE 0.4061 R2 0.7549
2026-09-02 07:58:13 | Epoch  18/100 | Train Loss 0.0686 | Val Loss 0.0389 MAE 0.4035 R2 0.7530
2026-09-02 07:58:13 | Epoch  19/100 | Train Loss 0.0694 | Val Loss 0.0380 MAE 0.4083 R2 0.7509
2026-09-02 07:58:13 | Epoch  20/100 | Train Loss 0.0683 | Val Loss 0.0372 MAE 0.3965 R2 0.7625
2026-09-02 07:58:13 |   Val R2 improved to 0.7625, model saved
2026-09-02 07:58:14 | Epoch  21/100 | Train Loss 0.0700 | Val Loss 0.0376 MAE 0.4000 R2 0.7560
2026-09-02 07:58:14 | Epoch  22/100 | Train Loss 0.0684 | Val Loss 0.0384 MAE 0.3970 R2 0.7555
2026-09-02 07:58:14 | Epoch  23/100 | Train Loss 0.0671 | Val Loss 0.0384 MAE 0.4074 R2 0.7626
2026-09-02 07:58:14 |   Val R2 improved to 0.7626, model saved
2026-09-02 07:58:14 | Epoch  24/100 | Train Loss 0.0674 | Val Loss 0.0375 MAE 0.4031 R2 0.7608
2026-09-02 07:58:15 | Epoch  25/100 | Train Loss 0.0667 | Val Loss 0.0371 MAE 0.3978 R2 0.7655
2026-09-02 07:58:15 |   Val R2 improved to 0.7655, model saved
2026-09-02 07:58:15 | Epoch  26/100 | Train Loss 0.0663 | Val Loss 0.0367 MAE 0.3921 R2 0.7702
2026-09-02 07:58:15 |   Val R2 improved to 0.7702, model saved
2026-09-02 07:58:15 | Epoch  27/100 | Train Loss 0.0671 | Val Loss 0.0374 MAE 0.3904 R2 0.7610
2026-09-02 07:58:15 | Epoch  28/100 | Train Loss 0.0671 | Val Loss 0.0378 MAE 0.3966 R2 0.7624
2026-09-02 07:58:16 | Epoch  29/100 | Train Loss 0.0647 | Val Loss 0.0360 MAE 0.3937 R2 0.7674
2026-09-02 07:58:16 | Epoch  30/100 | Train Loss 0.0651 | Val Loss 0.0375 MAE 0.4041 R2 0.7669
2026-09-02 07:58:16 | Epoch  31/100 | Train Loss 0.0651 | Val Loss 0.0358 MAE 0.3862 R2 0.7683
2026-09-02 07:58:16 | Epoch  32/100 | Train Loss 0.0649 | Val Loss 0.0366 MAE 0.3814 R2 0.7736
2026-09-02 07:58:16 |   Val R2 improved to 0.7736, model saved
2026-09-02 07:58:17 | Epoch  33/100 | Train Loss 0.0642 | Val Loss 0.0371 MAE 0.3911 R2 0.7676
2026-09-02 07:58:17 | Epoch  34/100 | Train Loss 0.0644 | Val Loss 0.0355 MAE 0.3866 R2 0.7739
2026-09-02 07:58:17 |   Val R2 improved to 0.7739, model saved
2026-09-02 07:58:17 | Epoch  35/100 | Train Loss 0.0650 | Val Loss 0.0370 MAE 0.3840 R2 0.7727
2026-09-02 07:58:17 | Epoch  36/100 | Train Loss 0.0646 | Val Loss 0.0363 MAE 0.3838 R2 0.7668
2026-09-02 07:58:18 | Epoch  37/100 | Train Loss 0.0637 | Val Loss 0.0356 MAE 0.3805 R2 0.7672
2026-09-02 07:58:18 | Epoch  38/100 | Train Loss 0.0636 | Val Loss 0.0374 MAE 0.3875 R2 0.7593
2026-09-02 07:58:18 | Epoch  39/100 | Train Loss 0.0638 | Val Loss 0.0365 MAE 0.3831 R2 0.7635
2026-09-02 07:58:19 | Epoch  40/100 | Train Loss 0.0621 | Val Loss 0.0352 MAE 0.3788 R2 0.7709
2026-09-02 07:58:19 | Epoch  41/100 | Train Loss 0.0620 | Val Loss 0.0378 MAE 0.4051 R2 0.7699
2026-09-02 07:58:19 | Epoch  42/100 | Train Loss 0.0630 | Val Loss 0.0369 MAE 0.3873 R2 0.7651
2026-09-02 07:58:19 | Epoch  43/100 | Train Loss 0.0625 | Val Loss 0.0364 MAE 0.3763 R2 0.7727
2026-09-02 07:58:19 | Epoch  44/100 | Train Loss 0.0626 | Val Loss 0.0353 MAE 0.3804 R2 0.7838
2026-09-02 07:58:19 |   Val R2 improved to 0.7838, model saved
2026-09-02 07:58:20 | Epoch  45/100 | Train Loss 0.0608 | Val Loss 0.0349 MAE 0.3729 R2 0.7834
2026-09-02 07:58:20 | Epoch  46/100 | Train Loss 0.0617 | Val Loss 0.0372 MAE 0.3832 R2 0.7780
2026-09-02 07:58:20 | Epoch  47/100 | Train Loss 0.0613 | Val Loss 0.0359 MAE 0.3812 R2 0.7810
2026-09-02 07:58:20 | Epoch  48/100 | Train Loss 0.0619 | Val Loss 0.0362 MAE 0.3766 R2 0.7732
2026-09-02 07:58:21 | Epoch  49/100 | Train Loss 0.0624 | Val Loss 0.0357 MAE 0.3833 R2 0.7822
2026-09-02 07:58:21 | Epoch  50/100 | Train Loss 0.0609 | Val Loss 0.0360 MAE 0.3798 R2 0.7795
2026-09-02 07:58:21 | Epoch  51/100 | Train Loss 0.0607 | Val Loss 0.0357 MAE 0.3819 R2 0.7821
2026-09-02 07:58:21 | Epoch  52/100 | Train Loss 0.0619 | Val Loss 0.0348 MAE 0.3718 R2 0.7828
2026-09-02 07:58:22 | Epoch  53/100 | Train Loss 0.0601 | Val Loss 0.0343 MAE 0.3697 R2 0.7833
2026-09-02 07:58:22 | Epoch  54/100 | Train Loss 0.0604 | Val Loss 0.0359 MAE 0.3751 R2 0.7776
2026-09-02 07:58:22 | Val R2 did not improve for 10 consecutive epochs, early stopping at Epoch 54 (best R2 0.7838 @ Epoch 44)
2026-09-02 07:58:22 | Run 2/5 | Test (best model @ Epoch 44) | Loss 0.0353 MAE 0.3792 R2 0.7736
2026-09-02 07:58:22 | ===== Run 3/5 (seed 2) =====
2026-09-02 07:58:22 | Epoch   1/100 | Train Loss 0.2644 | Val Loss 0.0766 MAE 0.5793 R2 0.4733
2026-09-02 07:58:22 |   Val R2 improved to 0.4733, model saved
2026-09-02 07:58:22 | Epoch   2/100 | Train Loss 0.1227 | Val Loss 0.0496 MAE 0.4845 R2 0.6549
2026-09-02 07:58:22 |   Val R2 improved to 0.6549, model saved
2026-09-02 07:58:23 | Epoch   3/100 | Train Loss 0.1023 | Val Loss 0.0456 MAE 0.4553 R2 0.6780
2026-09-02 07:58:23 |   Val R2 improved to 0.6780, model saved
2026-09-02 07:58:23 | Epoch   4/100 | Train Loss 0.0920 | Val Loss 0.0426 MAE 0.4421 R2 0.7148
2026-09-02 07:58:23 |   Val R2 improved to 0.7148, model saved
2026-09-02 07:58:23 | Epoch   5/100 | Train Loss 0.0852 | Val Loss 0.0431 MAE 0.4428 R2 0.7139
2026-09-02 07:58:24 | Epoch   6/100 | Train Loss 0.0805 | Val Loss 0.0404 MAE 0.4307 R2 0.7294
2026-09-02 07:58:24 |   Val R2 improved to 0.7294, model saved
2026-09-02 07:58:24 | Epoch   7/100 | Train Loss 0.0795 | Val Loss 0.0416 MAE 0.4253 R2 0.7211
2026-09-02 07:58:24 | Epoch   8/100 | Train Loss 0.0767 | Val Loss 0.0405 MAE 0.4260 R2 0.7310
2026-09-02 07:58:24 |   Val R2 improved to 0.7310, model saved
2026-09-02 07:58:24 | Epoch   9/100 | Train Loss 0.0758 | Val Loss 0.0395 MAE 0.4183 R2 0.7348
2026-09-02 07:58:24 |   Val R2 improved to 0.7348, model saved
2026-09-02 07:58:24 | Epoch  10/100 | Train Loss 0.0744 | Val Loss 0.0391 MAE 0.4169 R2 0.7386
2026-09-02 07:58:24 |   Val R2 improved to 0.7386, model saved
2026-09-02 07:58:25 | Epoch  11/100 | Train Loss 0.0744 | Val Loss 0.0379 MAE 0.4139 R2 0.7489
2026-09-02 07:58:25 |   Val R2 improved to 0.7489, model saved
2026-09-02 07:58:25 | Epoch  12/100 | Train Loss 0.0716 | Val Loss 0.0392 MAE 0.4208 R2 0.7403
2026-09-02 07:58:25 | Epoch  13/100 | Train Loss 0.0723 | Val Loss 0.0380 MAE 0.4104 R2 0.7518
2026-09-02 07:58:25 |   Val R2 improved to 0.7518, model saved
2026-09-02 07:58:25 | Epoch  14/100 | Train Loss 0.0711 | Val Loss 0.0397 MAE 0.4132 R2 0.7363
2026-09-02 07:58:26 | Epoch  15/100 | Train Loss 0.0690 | Val Loss 0.0367 MAE 0.4057 R2 0.7523
2026-09-02 07:58:26 |   Val R2 improved to 0.7523, model saved
2026-09-02 07:58:26 | Epoch  16/100 | Train Loss 0.0706 | Val Loss 0.0394 MAE 0.4278 R2 0.7440
2026-09-02 07:58:26 | Epoch  17/100 | Train Loss 0.0703 | Val Loss 0.0381 MAE 0.3998 R2 0.7553
2026-09-02 07:58:26 |   Val R2 improved to 0.7553, model saved
2026-09-02 07:58:26 | Epoch  18/100 | Train Loss 0.0685 | Val Loss 0.0382 MAE 0.4070 R2 0.7553
2026-09-02 07:58:26 |   Val R2 improved to 0.7553, model saved
2026-09-02 07:58:27 | Epoch  19/100 | Train Loss 0.0681 | Val Loss 0.0368 MAE 0.3962 R2 0.7586
2026-09-02 07:58:27 |   Val R2 improved to 0.7586, model saved
2026-09-02 07:58:27 | Epoch  20/100 | Train Loss 0.0679 | Val Loss 0.0395 MAE 0.4061 R2 0.7441
2026-09-02 07:58:27 | Epoch  21/100 | Train Loss 0.0675 | Val Loss 0.0372 MAE 0.4027 R2 0.7572
2026-09-02 07:58:27 | Epoch  22/100 | Train Loss 0.0689 | Val Loss 0.0373 MAE 0.3990 R2 0.7581
2026-09-02 07:58:28 | Epoch  23/100 | Train Loss 0.0672 | Val Loss 0.0386 MAE 0.4085 R2 0.7574
2026-09-02 07:58:28 | Epoch  24/100 | Train Loss 0.0678 | Val Loss 0.0366 MAE 0.3914 R2 0.7667
2026-09-02 07:58:28 |   Val R2 improved to 0.7667, model saved
2026-09-02 07:58:28 | Epoch  25/100 | Train Loss 0.0662 | Val Loss 0.0370 MAE 0.3912 R2 0.7636
2026-09-02 07:58:28 | Epoch  26/100 | Train Loss 0.0670 | Val Loss 0.0371 MAE 0.3882 R2 0.7699
2026-09-02 07:58:28 |   Val R2 improved to 0.7699, model saved
2026-09-02 07:58:29 | Epoch  27/100 | Train Loss 0.0652 | Val Loss 0.0372 MAE 0.3965 R2 0.7597
2026-09-02 07:58:29 | Epoch  28/100 | Train Loss 0.0669 | Val Loss 0.0369 MAE 0.3897 R2 0.7682
2026-09-02 07:58:29 | Epoch  29/100 | Train Loss 0.0646 | Val Loss 0.0367 MAE 0.3884 R2 0.7695
2026-09-02 07:58:29 | Epoch  30/100 | Train Loss 0.0647 | Val Loss 0.0375 MAE 0.3942 R2 0.7627
2026-09-02 07:58:30 | Epoch  31/100 | Train Loss 0.0649 | Val Loss 0.0372 MAE 0.3859 R2 0.7656
2026-09-02 07:58:30 | Epoch  32/100 | Train Loss 0.0632 | Val Loss 0.0366 MAE 0.3874 R2 0.7632
2026-09-02 07:58:30 | Epoch  33/100 | Train Loss 0.0639 | Val Loss 0.0368 MAE 0.3858 R2 0.7727
2026-09-02 07:58:30 |   Val R2 improved to 0.7727, model saved
2026-09-02 07:58:30 | Epoch  34/100 | Train Loss 0.0651 | Val Loss 0.0362 MAE 0.3831 R2 0.7746
2026-09-02 07:58:30 |   Val R2 improved to 0.7746, model saved
2026-09-02 07:58:31 | Epoch  35/100 | Train Loss 0.0640 | Val Loss 0.0361 MAE 0.3846 R2 0.7709
2026-09-02 07:58:31 | Epoch  36/100 | Train Loss 0.0636 | Val Loss 0.0359 MAE 0.3782 R2 0.7746
2026-09-02 07:58:31 | Epoch  37/100 | Train Loss 0.0633 | Val Loss 0.0362 MAE 0.3799 R2 0.7753
2026-09-02 07:58:31 |   Val R2 improved to 0.7753, model saved
2026-09-02 07:58:31 | Epoch  38/100 | Train Loss 0.0634 | Val Loss 0.0360 MAE 0.3848 R2 0.7767
2026-09-02 07:58:31 |   Val R2 improved to 0.7767, model saved
2026-09-02 07:58:32 | Epoch  39/100 | Train Loss 0.0632 | Val Loss 0.0370 MAE 0.3806 R2 0.7689
2026-09-02 07:58:32 | Epoch  40/100 | Train Loss 0.0632 | Val Loss 0.0358 MAE 0.3799 R2 0.7811
2026-09-02 07:58:32 |   Val R2 improved to 0.7811, model saved
2026-09-02 07:58:32 | Epoch  41/100 | Train Loss 0.0621 | Val Loss 0.0365 MAE 0.3870 R2 0.7725
2026-09-02 07:58:32 | Epoch  42/100 | Train Loss 0.0623 | Val Loss 0.0352 MAE 0.3778 R2 0.7789
2026-09-02 07:58:33 | Epoch  43/100 | Train Loss 0.0624 | Val Loss 0.0357 MAE 0.3774 R2 0.7786
2026-09-02 07:58:33 | Epoch  44/100 | Train Loss 0.0622 | Val Loss 0.0362 MAE 0.3804 R2 0.7739
2026-09-02 07:58:33 | Epoch  45/100 | Train Loss 0.0619 | Val Loss 0.0359 MAE 0.3763 R2 0.7740
2026-09-02 07:58:33 | Epoch  46/100 | Train Loss 0.0608 | Val Loss 0.0353 MAE 0.3823 R2 0.7777
2026-09-02 07:58:34 | Epoch  47/100 | Train Loss 0.0616 | Val Loss 0.0361 MAE 0.3761 R2 0.7739
2026-09-02 07:58:34 | Epoch  48/100 | Train Loss 0.0604 | Val Loss 0.0385 MAE 0.3811 R2 0.7622
2026-09-02 07:58:34 | Epoch  49/100 | Train Loss 0.0616 | Val Loss 0.0369 MAE 0.3761 R2 0.7680
2026-09-02 07:58:34 | Epoch  50/100 | Train Loss 0.0600 | Val Loss 0.0362 MAE 0.3833 R2 0.7726
2026-09-02 07:58:34 | Val R2 did not improve for 10 consecutive epochs, early stopping at Epoch 50 (best R2 0.7811 @ Epoch 40)
2026-09-02 07:58:34 | Run 3/5 | Test (best model @ Epoch 40) | Loss 0.0360 MAE 0.3804 R2 0.7687
2026-09-02 07:58:34 | ===== Run 4/5 (seed 3) =====
2026-09-02 07:58:35 | Epoch   1/100 | Train Loss 0.2522 | Val Loss 0.0705 MAE 0.5941 R2 0.4769
2026-09-02 07:58:35 |   Val R2 improved to 0.4769, model saved
2026-09-02 07:58:35 | Epoch   2/100 | Train Loss 0.1273 | Val Loss 0.0500 MAE 0.4838 R2 0.6484
2026-09-02 07:58:35 |   Val R2 improved to 0.6484, model saved
2026-09-02 07:58:35 | Epoch   3/100 | Train Loss 0.1013 | Val Loss 0.0446 MAE 0.4574 R2 0.6852
2026-09-02 07:58:35 |   Val R2 improved to 0.6852, model saved
2026-09-02 07:58:35 | Epoch   4/100 | Train Loss 0.0910 | Val Loss 0.0424 MAE 0.4479 R2 0.6999
2026-09-02 07:58:35 |   Val R2 improved to 0.6999, model saved
2026-09-02 07:58:36 | Epoch   5/100 | Train Loss 0.0853 | Val Loss 0.0421 MAE 0.4374 R2 0.7137
2026-09-02 07:58:36 |   Val R2 improved to 0.7137, model saved
2026-09-02 07:58:36 | Epoch   6/100 | Train Loss 0.0812 | Val Loss 0.0416 MAE 0.4410 R2 0.7149
2026-09-02 07:58:36 |   Val R2 improved to 0.7149, model saved
2026-09-02 07:58:36 | Epoch   7/100 | Train Loss 0.0785 | Val Loss 0.0398 MAE 0.4341 R2 0.7205
2026-09-02 07:58:36 |   Val R2 improved to 0.7205, model saved
2026-09-02 07:58:37 | Epoch   8/100 | Train Loss 0.0766 | Val Loss 0.0407 MAE 0.4302 R2 0.7195
2026-09-02 07:58:37 | Epoch   9/100 | Train Loss 0.0747 | Val Loss 0.0388 MAE 0.4213 R2 0.7411
2026-09-02 07:58:37 |   Val R2 improved to 0.7411, model saved
2026-09-02 07:58:37 | Epoch  10/100 | Train Loss 0.0755 | Val Loss 0.0409 MAE 0.4216 R2 0.7354
2026-09-02 07:58:37 | Epoch  11/100 | Train Loss 0.0726 | Val Loss 0.0387 MAE 0.4153 R2 0.7418
2026-09-02 07:58:37 |   Val R2 improved to 0.7418, model saved
2026-09-02 07:58:38 | Epoch  12/100 | Train Loss 0.0716 | Val Loss 0.0386 MAE 0.4151 R2 0.7447
2026-09-02 07:58:38 |   Val R2 improved to 0.7447, model saved
2026-09-02 07:58:38 | Epoch  13/100 | Train Loss 0.0714 | Val Loss 0.0388 MAE 0.4166 R2 0.7361
2026-09-02 07:58:38 | Epoch  14/100 | Train Loss 0.0706 | Val Loss 0.0377 MAE 0.4057 R2 0.7506
2026-09-02 07:58:38 |   Val R2 improved to 0.7506, model saved
2026-09-02 07:58:38 | Epoch  15/100 | Train Loss 0.0710 | Val Loss 0.0385 MAE 0.4182 R2 0.7459
2026-09-02 07:58:38 | Epoch  16/100 | Train Loss 0.0689 | Val Loss 0.0387 MAE 0.4035 R2 0.7534
2026-09-02 07:58:39 |   Val R2 improved to 0.7534, model saved
2026-09-02 07:58:39 | Epoch  17/100 | Train Loss 0.0683 | Val Loss 0.0394 MAE 0.4140 R2 0.7431
2026-09-02 07:58:39 | Epoch  18/100 | Train Loss 0.0700 | Val Loss 0.0386 MAE 0.4189 R2 0.7528
2026-09-02 07:58:39 | Epoch  19/100 | Train Loss 0.0684 | Val Loss 0.0382 MAE 0.4021 R2 0.7511
2026-09-02 07:58:40 | Epoch  20/100 | Train Loss 0.0662 | Val Loss 0.0370 MAE 0.4002 R2 0.7593
2026-09-02 07:58:40 |   Val R2 improved to 0.7593, model saved
2026-09-02 07:58:40 | Epoch  21/100 | Train Loss 0.0687 | Val Loss 0.0368 MAE 0.4024 R2 0.7589
2026-09-02 07:58:40 | Epoch  22/100 | Train Loss 0.0672 | Val Loss 0.0369 MAE 0.3960 R2 0.7594
2026-09-02 07:58:40 |   Val R2 improved to 0.7594, model saved
2026-09-02 07:58:40 | Epoch  23/100 | Train Loss 0.0668 | Val Loss 0.0379 MAE 0.4022 R2 0.7596
2026-09-02 07:58:40 |   Val R2 improved to 0.7596, model saved
2026-09-02 07:58:41 | Epoch  24/100 | Train Loss 0.0663 | Val Loss 0.0368 MAE 0.3933 R2 0.7563
2026-09-02 07:58:41 | Epoch  25/100 | Train Loss 0.0668 | Val Loss 0.0368 MAE 0.3891 R2 0.7611
2026-09-02 07:58:41 |   Val R2 improved to 0.7611, model saved
2026-09-02 07:58:41 | Epoch  26/100 | Train Loss 0.0663 | Val Loss 0.0378 MAE 0.3923 R2 0.7554
2026-09-02 07:58:41 | Epoch  27/100 | Train Loss 0.0661 | Val Loss 0.0379 MAE 0.3906 R2 0.7699
2026-09-02 07:58:41 |   Val R2 improved to 0.7699, model saved
2026-09-02 07:58:41 | Epoch  28/100 | Train Loss 0.0656 | Val Loss 0.0369 MAE 0.3870 R2 0.7596
2026-09-02 07:58:42 | Epoch  29/100 | Train Loss 0.0652 | Val Loss 0.0369 MAE 0.3885 R2 0.7642
2026-09-02 07:58:42 | Epoch  30/100 | Train Loss 0.0649 | Val Loss 0.0382 MAE 0.4012 R2 0.7592
2026-09-02 07:58:42 | Epoch  31/100 | Train Loss 0.0653 | Val Loss 0.0375 MAE 0.3930 R2 0.7703
2026-09-02 07:58:42 |   Val R2 improved to 0.7703, model saved
2026-09-02 07:58:43 | Epoch  32/100 | Train Loss 0.0640 | Val Loss 0.0365 MAE 0.3845 R2 0.7681
2026-09-02 07:58:43 | Epoch  33/100 | Train Loss 0.0637 | Val Loss 0.0365 MAE 0.3845 R2 0.7714
2026-09-02 07:58:43 |   Val R2 improved to 0.7714, model saved
2026-09-02 07:58:43 | Epoch  34/100 | Train Loss 0.0630 | Val Loss 0.0364 MAE 0.3827 R2 0.7699
2026-09-02 07:58:43 | Epoch  35/100 | Train Loss 0.0633 | Val Loss 0.0358 MAE 0.3812 R2 0.7744
2026-09-02 07:58:43 |   Val R2 improved to 0.7744, model saved
2026-09-02 07:58:44 | Epoch  36/100 | Train Loss 0.0637 | Val Loss 0.0368 MAE 0.3830 R2 0.7670
2026-09-02 07:58:44 | Epoch  37/100 | Train Loss 0.0641 | Val Loss 0.0350 MAE 0.3805 R2 0.7774
2026-09-02 07:58:44 |   Val R2 improved to 0.7774, model saved
2026-09-02 07:58:44 | Epoch  38/100 | Train Loss 0.0637 | Val Loss 0.0398 MAE 0.3874 R2 0.7447
2026-09-02 07:58:44 | Epoch  39/100 | Train Loss 0.0636 | Val Loss 0.0358 MAE 0.3786 R2 0.7748
2026-09-02 07:58:45 | Epoch  40/100 | Train Loss 0.0620 | Val Loss 0.0357 MAE 0.3780 R2 0.7778
2026-09-02 07:58:45 |   Val R2 improved to 0.7778, model saved
2026-09-02 07:58:45 | Epoch  41/100 | Train Loss 0.0618 | Val Loss 0.0365 MAE 0.3804 R2 0.7743
2026-09-02 07:58:45 | Epoch  42/100 | Train Loss 0.0623 | Val Loss 0.0350 MAE 0.3791 R2 0.7786
2026-09-02 07:58:45 |   Val R2 improved to 0.7786, model saved
2026-09-02 07:58:45 | Epoch  43/100 | Train Loss 0.0619 | Val Loss 0.0371 MAE 0.3882 R2 0.7675
2026-09-02 07:58:46 | Epoch  44/100 | Train Loss 0.0620 | Val Loss 0.0362 MAE 0.3757 R2 0.7758
2026-09-02 07:58:46 | Epoch  45/100 | Train Loss 0.0616 | Val Loss 0.0358 MAE 0.3842 R2 0.7775
2026-09-02 07:58:46 | Epoch  46/100 | Train Loss 0.0622 | Val Loss 0.0354 MAE 0.3756 R2 0.7793
2026-09-02 07:58:46 |   Val R2 improved to 0.7793, model saved
2026-09-02 07:58:46 | Epoch  47/100 | Train Loss 0.0619 | Val Loss 0.0357 MAE 0.3762 R2 0.7807
2026-09-02 07:58:46 |   Val R2 improved to 0.7807, model saved
2026-09-02 07:58:47 | Epoch  48/100 | Train Loss 0.0610 | Val Loss 0.0364 MAE 0.3800 R2 0.7688
2026-09-02 07:58:47 | Epoch  49/100 | Train Loss 0.0606 | Val Loss 0.0361 MAE 0.3795 R2 0.7804
2026-09-02 07:58:47 | Epoch  50/100 | Train Loss 0.0609 | Val Loss 0.0354 MAE 0.3740 R2 0.7776
2026-09-02 07:58:47 | Epoch  51/100 | Train Loss 0.0604 | Val Loss 0.0349 MAE 0.3696 R2 0.7822
2026-09-02 07:58:47 |   Val R2 improved to 0.7822, model saved
2026-09-02 07:58:48 | Epoch  52/100 | Train Loss 0.0605 | Val Loss 0.0350 MAE 0.3762 R2 0.7819
2026-09-02 07:58:48 | Epoch  53/100 | Train Loss 0.0601 | Val Loss 0.0352 MAE 0.3766 R2 0.7844
2026-09-02 07:58:48 |   Val R2 improved to 0.7844, model saved
2026-09-02 07:58:48 | Epoch  54/100 | Train Loss 0.0609 | Val Loss 0.0357 MAE 0.3741 R2 0.7791
2026-09-02 07:58:48 | Epoch  55/100 | Train Loss 0.0595 | Val Loss 0.0343 MAE 0.3707 R2 0.7857
2026-09-02 07:58:48 |   Val R2 improved to 0.7857, model saved
2026-09-02 07:58:49 | Epoch  56/100 | Train Loss 0.0596 | Val Loss 0.0342 MAE 0.3690 R2 0.7853
2026-09-02 07:58:49 | Epoch  57/100 | Train Loss 0.0588 | Val Loss 0.0346 MAE 0.3677 R2 0.7846
2026-09-02 07:58:49 | Epoch  58/100 | Train Loss 0.0602 | Val Loss 0.0351 MAE 0.3672 R2 0.7867
2026-09-02 07:58:49 |   Val R2 improved to 0.7867, model saved
2026-09-02 07:58:49 | Epoch  59/100 | Train Loss 0.0586 | Val Loss 0.0358 MAE 0.3744 R2 0.7761
2026-09-02 07:58:49 | Epoch  60/100 | Train Loss 0.0587 | Val Loss 0.0352 MAE 0.3786 R2 0.7829
2026-09-02 07:58:50 | Epoch  61/100 | Train Loss 0.0587 | Val Loss 0.0358 MAE 0.3783 R2 0.7672
2026-09-02 07:58:50 | Epoch  62/100 | Train Loss 0.0584 | Val Loss 0.0341 MAE 0.3637 R2 0.7862
2026-09-02 07:58:50 | Epoch  63/100 | Train Loss 0.0591 | Val Loss 0.0343 MAE 0.3644 R2 0.7884
2026-09-02 07:58:50 |   Val R2 improved to 0.7884, model saved
2026-09-02 07:58:51 | Epoch  64/100 | Train Loss 0.0580 | Val Loss 0.0346 MAE 0.3645 R2 0.7896
2026-09-02 07:58:51 |   Val R2 improved to 0.7896, model saved
2026-09-02 07:58:51 | Epoch  65/100 | Train Loss 0.0570 | Val Loss 0.0349 MAE 0.3689 R2 0.7823
2026-09-02 07:58:51 | Epoch  66/100 | Train Loss 0.0582 | Val Loss 0.0344 MAE 0.3687 R2 0.7877
2026-09-02 07:58:51 | Epoch  67/100 | Train Loss 0.0580 | Val Loss 0.0334 MAE 0.3625 R2 0.7898
2026-09-02 07:58:51 |   Val R2 improved to 0.7898, model saved
2026-09-02 07:58:52 | Epoch  68/100 | Train Loss 0.0578 | Val Loss 0.0336 MAE 0.3624 R2 0.7912
2026-09-02 07:58:52 |   Val R2 improved to 0.7912, model saved
2026-09-02 07:58:52 | Epoch  69/100 | Train Loss 0.0576 | Val Loss 0.0347 MAE 0.3661 R2 0.7876
2026-09-02 07:58:52 | Epoch  70/100 | Train Loss 0.0588 | Val Loss 0.0358 MAE 0.3668 R2 0.7819
2026-09-02 07:58:52 | Epoch  71/100 | Train Loss 0.0581 | Val Loss 0.0345 MAE 0.3648 R2 0.7856
2026-09-02 07:58:53 | Epoch  72/100 | Train Loss 0.0577 | Val Loss 0.0344 MAE 0.3649 R2 0.7874
2026-09-02 07:58:53 | Epoch  73/100 | Train Loss 0.0570 | Val Loss 0.0340 MAE 0.3623 R2 0.7897
2026-09-02 07:58:53 | Epoch  74/100 | Train Loss 0.0578 | Val Loss 0.0342 MAE 0.3695 R2 0.7899
2026-09-02 07:58:53 | Epoch  75/100 | Train Loss 0.0578 | Val Loss 0.0343 MAE 0.3630 R2 0.7859
2026-09-02 07:58:54 | Epoch  76/100 | Train Loss 0.0565 | Val Loss 0.0341 MAE 0.3631 R2 0.7886
2026-09-02 07:58:54 | Epoch  77/100 | Train Loss 0.0567 | Val Loss 0.0342 MAE 0.3656 R2 0.7925
2026-09-02 07:58:54 |   Val R2 improved to 0.7925, model saved
2026-09-02 07:58:54 | Epoch  78/100 | Train Loss 0.0563 | Val Loss 0.0344 MAE 0.3664 R2 0.7862
2026-09-02 07:58:54 | Epoch  79/100 | Train Loss 0.0565 | Val Loss 0.0340 MAE 0.3610 R2 0.7901
2026-09-02 07:58:55 | Epoch  80/100 | Train Loss 0.0566 | Val Loss 0.0343 MAE 0.3609 R2 0.7910
2026-09-02 07:58:55 | Epoch  81/100 | Train Loss 0.0556 | Val Loss 0.0382 MAE 0.3646 R2 0.7598
2026-09-02 07:58:55 | Epoch  82/100 | Train Loss 0.0570 | Val Loss 0.0348 MAE 0.3610 R2 0.7859
2026-09-02 07:58:55 | Epoch  83/100 | Train Loss 0.0561 | Val Loss 0.0348 MAE 0.3662 R2 0.7816
2026-09-02 07:58:56 | Epoch  84/100 | Train Loss 0.0562 | Val Loss 0.0344 MAE 0.3643 R2 0.7926
2026-09-02 07:58:56 |   Val R2 improved to 0.7926, model saved
2026-09-02 07:58:56 | Epoch  85/100 | Train Loss 0.0557 | Val Loss 0.0342 MAE 0.3615 R2 0.7853
2026-09-02 07:58:56 | Epoch  86/100 | Train Loss 0.0550 | Val Loss 0.0332 MAE 0.3612 R2 0.7936
2026-09-02 07:58:56 |   Val R2 improved to 0.7936, model saved
2026-09-02 07:58:56 | Epoch  87/100 | Train Loss 0.0559 | Val Loss 0.0333 MAE 0.3555 R2 0.7947
2026-09-02 07:58:56 |   Val R2 improved to 0.7947, model saved
2026-09-02 07:58:57 | Epoch  88/100 | Train Loss 0.0556 | Val Loss 0.0344 MAE 0.3599 R2 0.7933
2026-09-02 07:58:57 | Epoch  89/100 | Train Loss 0.0557 | Val Loss 0.0341 MAE 0.3643 R2 0.7880
2026-09-02 07:58:57 | Epoch  90/100 | Train Loss 0.0551 | Val Loss 0.0330 MAE 0.3572 R2 0.7933
2026-09-02 07:58:57 | Epoch  91/100 | Train Loss 0.0553 | Val Loss 0.0348 MAE 0.3631 R2 0.7885
2026-09-02 07:58:58 | Epoch  92/100 | Train Loss 0.0554 | Val Loss 0.0343 MAE 0.3587 R2 0.7893
2026-09-02 07:58:58 | Epoch  93/100 | Train Loss 0.0552 | Val Loss 0.0331 MAE 0.3546 R2 0.7945
2026-09-02 07:58:58 | Epoch  94/100 | Train Loss 0.0550 | Val Loss 0.0337 MAE 0.3556 R2 0.7960
2026-09-02 07:58:58 |   Val R2 improved to 0.7960, model saved
2026-09-02 07:58:58 | Epoch  95/100 | Train Loss 0.0545 | Val Loss 0.0344 MAE 0.3600 R2 0.7918
2026-09-02 07:58:59 | Epoch  96/100 | Train Loss 0.0537 | Val Loss 0.0340 MAE 0.3596 R2 0.7958
2026-09-02 07:58:59 | Epoch  97/100 | Train Loss 0.0552 | Val Loss 0.0348 MAE 0.3620 R2 0.7955
2026-09-02 07:58:59 | Epoch  98/100 | Train Loss 0.0549 | Val Loss 0.0341 MAE 0.3614 R2 0.7941
2026-09-02 07:58:59 | Epoch  99/100 | Train Loss 0.0543 | Val Loss 0.0348 MAE 0.3671 R2 0.7869
2026-09-02 07:59:00 | Epoch 100/100 | Train Loss 0.0540 | Val Loss 0.0342 MAE 0.3576 R2 0.7897
2026-09-02 07:59:00 | Run 4/5 | Test (best model @ Epoch 94) | Loss 0.0331 MAE 0.3526 R2 0.7886
2026-09-02 07:59:00 | ===== Run 5/5 (seed 4) =====
2026-09-02 07:59:00 | Epoch   1/100 | Train Loss 0.2652 | Val Loss 0.0767 MAE 0.5608 R2 0.5206
2026-09-02 07:59:00 |   Val R2 improved to 0.5206, model saved
2026-09-02 07:59:00 | Epoch   2/100 | Train Loss 0.1282 | Val Loss 0.0512 MAE 0.4889 R2 0.6390
2026-09-02 07:59:00 |   Val R2 improved to 0.6390, model saved
2026-09-02 07:59:00 | Epoch   3/100 | Train Loss 0.1033 | Val Loss 0.0438 MAE 0.4512 R2 0.6998
2026-09-02 07:59:00 |   Val R2 improved to 0.6998, model saved
2026-09-02 07:59:01 | Epoch   4/100 | Train Loss 0.0935 | Val Loss 0.0435 MAE 0.4459 R2 0.6975
2026-09-02 07:59:01 | Epoch   5/100 | Train Loss 0.0845 | Val Loss 0.0419 MAE 0.4374 R2 0.7115
2026-09-02 07:59:01 |   Val R2 improved to 0.7115, model saved
2026-09-02 07:59:01 | Epoch   6/100 | Train Loss 0.0817 | Val Loss 0.0407 MAE 0.4348 R2 0.7298
2026-09-02 07:59:01 |   Val R2 improved to 0.7298, model saved
2026-09-02 07:59:01 | Epoch   7/100 | Train Loss 0.0801 | Val Loss 0.0414 MAE 0.4325 R2 0.7144
2026-09-02 07:59:02 | Epoch   8/100 | Train Loss 0.0783 | Val Loss 0.0398 MAE 0.4253 R2 0.7393
2026-09-02 07:59:02 |   Val R2 improved to 0.7393, model saved
2026-09-02 07:59:02 | Epoch   9/100 | Train Loss 0.0742 | Val Loss 0.0389 MAE 0.4218 R2 0.7406
2026-09-02 07:59:02 |   Val R2 improved to 0.7406, model saved
2026-09-02 07:59:02 | Epoch  10/100 | Train Loss 0.0755 | Val Loss 0.0399 MAE 0.4163 R2 0.7346
2026-09-02 07:59:02 | Epoch  11/100 | Train Loss 0.0733 | Val Loss 0.0391 MAE 0.4139 R2 0.7395
2026-09-02 07:59:03 | Epoch  12/100 | Train Loss 0.0730 | Val Loss 0.0387 MAE 0.4105 R2 0.7442
2026-09-02 07:59:03 |   Val R2 improved to 0.7442, model saved
2026-09-02 07:59:03 | Epoch  13/100 | Train Loss 0.0721 | Val Loss 0.0384 MAE 0.4115 R2 0.7476
2026-09-02 07:59:03 |   Val R2 improved to 0.7476, model saved
2026-09-02 07:59:03 | Epoch  14/100 | Train Loss 0.0722 | Val Loss 0.0403 MAE 0.4116 R2 0.7421
2026-09-02 07:59:03 | Epoch  15/100 | Train Loss 0.0707 | Val Loss 0.0389 MAE 0.4085 R2 0.7423
2026-09-02 07:59:04 | Epoch  16/100 | Train Loss 0.0708 | Val Loss 0.0380 MAE 0.4036 R2 0.7559
2026-09-02 07:59:04 |   Val R2 improved to 0.7559, model saved
2026-09-02 07:59:04 | Epoch  17/100 | Train Loss 0.0693 | Val Loss 0.0379 MAE 0.4071 R2 0.7549
2026-09-02 07:59:04 | Epoch  18/100 | Train Loss 0.0687 | Val Loss 0.0386 MAE 0.4137 R2 0.7522
2026-09-02 07:59:04 | Epoch  19/100 | Train Loss 0.0693 | Val Loss 0.0390 MAE 0.4016 R2 0.7486
2026-09-02 07:59:05 | Epoch  20/100 | Train Loss 0.0678 | Val Loss 0.0371 MAE 0.4017 R2 0.7590
2026-09-02 07:59:05 |   Val R2 improved to 0.7590, model saved
2026-09-02 07:59:05 | Epoch  21/100 | Train Loss 0.0674 | Val Loss 0.0381 MAE 0.4005 R2 0.7543
2026-09-02 07:59:05 | Epoch  22/100 | Train Loss 0.0668 | Val Loss 0.0372 MAE 0.4056 R2 0.7578
2026-09-02 07:59:05 | Epoch  23/100 | Train Loss 0.0663 | Val Loss 0.0372 MAE 0.3950 R2 0.7567
2026-09-02 07:59:06 | Epoch  24/100 | Train Loss 0.0671 | Val Loss 0.0376 MAE 0.3966 R2 0.7672
2026-09-02 07:59:06 |   Val R2 improved to 0.7672, model saved
2026-09-02 07:59:06 | Epoch  25/100 | Train Loss 0.0660 | Val Loss 0.0378 MAE 0.3995 R2 0.7654
2026-09-02 07:59:06 | Epoch  26/100 | Train Loss 0.0674 | Val Loss 0.0378 MAE 0.3909 R2 0.7624
2026-09-02 07:59:07 | Epoch  27/100 | Train Loss 0.0661 | Val Loss 0.0389 MAE 0.4026 R2 0.7618
2026-09-02 07:59:07 | Epoch  28/100 | Train Loss 0.0653 | Val Loss 0.0373 MAE 0.3977 R2 0.7667
2026-09-02 07:59:07 | Epoch  29/100 | Train Loss 0.0650 | Val Loss 0.0383 MAE 0.3904 R2 0.7496
2026-09-02 07:59:07 | Epoch  30/100 | Train Loss 0.0657 | Val Loss 0.0376 MAE 0.3926 R2 0.7686
2026-09-02 07:59:07 |   Val R2 improved to 0.7686, model saved
2026-09-02 07:59:08 | Epoch  31/100 | Train Loss 0.0654 | Val Loss 0.0363 MAE 0.3845 R2 0.7685
2026-09-02 07:59:08 | Epoch  32/100 | Train Loss 0.0647 | Val Loss 0.0376 MAE 0.3867 R2 0.7672
2026-09-02 07:59:08 | Epoch  33/100 | Train Loss 0.0630 | Val Loss 0.0387 MAE 0.3906 R2 0.7492
2026-09-02 07:59:08 | Epoch  34/100 | Train Loss 0.0650 | Val Loss 0.0381 MAE 0.3905 R2 0.7624
2026-09-02 07:59:09 | Epoch  35/100 | Train Loss 0.0640 | Val Loss 0.0361 MAE 0.3835 R2 0.7734
2026-09-02 07:59:09 |   Val R2 improved to 0.7734, model saved
2026-09-02 07:59:09 | Epoch  36/100 | Train Loss 0.0634 | Val Loss 0.0367 MAE 0.3871 R2 0.7721
2026-09-02 07:59:09 | Epoch  37/100 | Train Loss 0.0638 | Val Loss 0.0380 MAE 0.3825 R2 0.7626
2026-09-02 07:59:09 | Epoch  38/100 | Train Loss 0.0634 | Val Loss 0.0360 MAE 0.3844 R2 0.7762
2026-09-02 07:59:09 |   Val R2 improved to 0.7762, model saved
2026-09-02 07:59:10 | Epoch  39/100 | Train Loss 0.0622 | Val Loss 0.0355 MAE 0.3816 R2 0.7756
2026-09-02 07:59:10 | Epoch  40/100 | Train Loss 0.0632 | Val Loss 0.0355 MAE 0.3807 R2 0.7777
2026-09-02 07:59:10 |   Val R2 improved to 0.7777, model saved
2026-09-02 07:59:10 | Epoch  41/100 | Train Loss 0.0623 | Val Loss 0.0351 MAE 0.3766 R2 0.7766
2026-09-02 07:59:10 | Epoch  42/100 | Train Loss 0.0621 | Val Loss 0.0356 MAE 0.3760 R2 0.7780
2026-09-02 07:59:10 |   Val R2 improved to 0.7780, model saved
2026-09-02 07:59:11 | Epoch  43/100 | Train Loss 0.0617 | Val Loss 0.0365 MAE 0.3828 R2 0.7672
2026-09-02 07:59:11 | Epoch  44/100 | Train Loss 0.0612 | Val Loss 0.0360 MAE 0.3820 R2 0.7781
2026-09-02 07:59:11 |   Val R2 improved to 0.7781, model saved
2026-09-02 07:59:11 | Epoch  45/100 | Train Loss 0.0615 | Val Loss 0.0355 MAE 0.3762 R2 0.7792
2026-09-02 07:59:11 |   Val R2 improved to 0.7792, model saved
2026-09-02 07:59:11 | Epoch  46/100 | Train Loss 0.0619 | Val Loss 0.0360 MAE 0.3777 R2 0.7807
2026-09-02 07:59:11 |   Val R2 improved to 0.7807, model saved
2026-09-02 07:59:12 | Epoch  47/100 | Train Loss 0.0609 | Val Loss 0.0369 MAE 0.3762 R2 0.7766
2026-09-02 07:59:12 | Epoch  48/100 | Train Loss 0.0603 | Val Loss 0.0358 MAE 0.3749 R2 0.7787
2026-09-02 07:59:12 | Epoch  49/100 | Train Loss 0.0615 | Val Loss 0.0357 MAE 0.3762 R2 0.7803
2026-09-02 07:59:12 | Epoch  50/100 | Train Loss 0.0609 | Val Loss 0.0373 MAE 0.3722 R2 0.7797
2026-09-02 07:59:13 | Epoch  51/100 | Train Loss 0.0617 | Val Loss 0.0373 MAE 0.3705 R2 0.7699
2026-09-02 07:59:13 | Epoch  52/100 | Train Loss 0.0611 | Val Loss 0.0355 MAE 0.3749 R2 0.7751
2026-09-02 07:59:13 | Epoch  53/100 | Train Loss 0.0614 | Val Loss 0.0358 MAE 0.3750 R2 0.7818
2026-09-02 07:59:13 |   Val R2 improved to 0.7818, model saved
2026-09-02 07:59:13 | Epoch  54/100 | Train Loss 0.0607 | Val Loss 0.0366 MAE 0.3795 R2 0.7756
2026-09-02 07:59:14 | Epoch  55/100 | Train Loss 0.0603 | Val Loss 0.0374 MAE 0.3822 R2 0.7791
2026-09-02 07:59:14 | Epoch  56/100 | Train Loss 0.0605 | Val Loss 0.0366 MAE 0.3770 R2 0.7672
2026-09-02 07:59:14 | Epoch  57/100 | Train Loss 0.0603 | Val Loss 0.0355 MAE 0.3735 R2 0.7846
2026-09-02 07:59:14 |   Val R2 improved to 0.7846, model saved
2026-09-02 07:59:14 | Epoch  58/100 | Train Loss 0.0593 | Val Loss 0.0359 MAE 0.3759 R2 0.7791
2026-09-02 07:59:14 | Epoch  59/100 | Train Loss 0.0588 | Val Loss 0.0354 MAE 0.3698 R2 0.7775
2026-09-02 07:59:15 | Epoch  60/100 | Train Loss 0.0595 | Val Loss 0.0349 MAE 0.3669 R2 0.7853
2026-09-02 07:59:15 |   Val R2 improved to 0.7853, model saved
2026-09-02 07:59:15 | Epoch  61/100 | Train Loss 0.0589 | Val Loss 0.0353 MAE 0.3701 R2 0.7836
2026-09-02 07:59:15 | Epoch  62/100 | Train Loss 0.0594 | Val Loss 0.0351 MAE 0.3718 R2 0.7828
2026-09-02 07:59:15 | Epoch  63/100 | Train Loss 0.0593 | Val Loss 0.0358 MAE 0.3733 R2 0.7836
2026-09-02 07:59:16 | Epoch  64/100 | Train Loss 0.0588 | Val Loss 0.0350 MAE 0.3742 R2 0.7807
2026-09-02 07:59:16 | Epoch  65/100 | Train Loss 0.0587 | Val Loss 0.0346 MAE 0.3633 R2 0.7868
2026-09-02 07:59:16 |   Val R2 improved to 0.7868, model saved
2026-09-02 07:59:16 | Epoch  66/100 | Train Loss 0.0589 | Val Loss 0.0359 MAE 0.3848 R2 0.7788
2026-09-02 07:59:16 | Epoch  67/100 | Train Loss 0.0588 | Val Loss 0.0358 MAE 0.3749 R2 0.7806
2026-09-02 07:59:17 | Epoch  68/100 | Train Loss 0.0590 | Val Loss 0.0340 MAE 0.3669 R2 0.7900
2026-09-02 07:59:17 |   Val R2 improved to 0.7900, model saved
2026-09-02 07:59:17 | Epoch  69/100 | Train Loss 0.0581 | Val Loss 0.0347 MAE 0.3652 R2 0.7845
2026-09-02 07:59:17 | Epoch  70/100 | Train Loss 0.0581 | Val Loss 0.0346 MAE 0.3628 R2 0.7904
2026-09-02 07:59:17 |   Val R2 improved to 0.7904, model saved
2026-09-02 07:59:17 | Epoch  71/100 | Train Loss 0.0585 | Val Loss 0.0347 MAE 0.3635 R2 0.7899
2026-09-02 07:59:18 | Epoch  72/100 | Train Loss 0.0575 | Val Loss 0.0352 MAE 0.3639 R2 0.7901
2026-09-02 07:59:18 | Epoch  73/100 | Train Loss 0.0573 | Val Loss 0.0346 MAE 0.3635 R2 0.7891
2026-09-02 07:59:18 | Epoch  74/100 | Train Loss 0.0577 | Val Loss 0.0338 MAE 0.3658 R2 0.7927
2026-09-02 07:59:18 |   Val R2 improved to 0.7927, model saved
2026-09-02 07:59:18 | Epoch  75/100 | Train Loss 0.0571 | Val Loss 0.0333 MAE 0.3673 R2 0.7919
2026-09-02 07:59:19 | Epoch  76/100 | Train Loss 0.0578 | Val Loss 0.0349 MAE 0.3674 R2 0.7829
2026-09-02 07:59:19 | Epoch  77/100 | Train Loss 0.0584 | Val Loss 0.0351 MAE 0.3651 R2 0.7856
2026-09-02 07:59:19 | Epoch  78/100 | Train Loss 0.0563 | Val Loss 0.0340 MAE 0.3652 R2 0.7926
2026-09-02 07:59:19 | Epoch  79/100 | Train Loss 0.0566 | Val Loss 0.0342 MAE 0.3635 R2 0.7896
2026-09-02 07:59:20 | Epoch  80/100 | Train Loss 0.0567 | Val Loss 0.0340 MAE 0.3608 R2 0.7906
2026-09-02 07:59:20 | Epoch  81/100 | Train Loss 0.0558 | Val Loss 0.0352 MAE 0.3713 R2 0.7789
2026-09-02 07:59:20 | Epoch  82/100 | Train Loss 0.0566 | Val Loss 0.0348 MAE 0.3670 R2 0.7800
2026-09-02 07:59:20 | Epoch  83/100 | Train Loss 0.0561 | Val Loss 0.0334 MAE 0.3597 R2 0.7940
2026-09-02 07:59:20 |   Val R2 improved to 0.7940, model saved
2026-09-02 07:59:21 | Epoch  84/100 | Train Loss 0.0555 | Val Loss 0.0337 MAE 0.3608 R2 0.7917
2026-09-02 07:59:21 | Epoch  85/100 | Train Loss 0.0550 | Val Loss 0.0340 MAE 0.3616 R2 0.7923
2026-09-02 07:59:21 | Epoch  86/100 | Train Loss 0.0560 | Val Loss 0.0341 MAE 0.3642 R2 0.7900
2026-09-02 07:59:21 | Epoch  87/100 | Train Loss 0.0555 | Val Loss 0.0341 MAE 0.3635 R2 0.7869
2026-09-02 07:59:22 | Epoch  88/100 | Train Loss 0.0559 | Val Loss 0.0341 MAE 0.3597 R2 0.7887
2026-09-02 07:59:22 | Epoch  89/100 | Train Loss 0.0549 | Val Loss 0.0337 MAE 0.3589 R2 0.7959
2026-09-02 07:59:22 |   Val R2 improved to 0.7959, model saved
2026-09-02 07:59:22 | Epoch  90/100 | Train Loss 0.0553 | Val Loss 0.0347 MAE 0.3614 R2 0.7844
2026-09-02 07:59:22 | Epoch  91/100 | Train Loss 0.0554 | Val Loss 0.0342 MAE 0.3603 R2 0.7872
2026-09-02 07:59:23 | Epoch  92/100 | Train Loss 0.0562 | Val Loss 0.0343 MAE 0.3602 R2 0.7941
2026-09-02 07:59:23 | Epoch  93/100 | Train Loss 0.0556 | Val Loss 0.0334 MAE 0.3555 R2 0.7966
2026-09-02 07:59:23 |   Val R2 improved to 0.7966, model saved
2026-09-02 07:59:23 | Epoch  94/100 | Train Loss 0.0544 | Val Loss 0.0332 MAE 0.3545 R2 0.7962
2026-09-02 07:59:23 | Epoch  95/100 | Train Loss 0.0544 | Val Loss 0.0342 MAE 0.3653 R2 0.7856
2026-09-02 07:59:24 | Epoch  96/100 | Train Loss 0.0551 | Val Loss 0.0358 MAE 0.3794 R2 0.7877
2026-09-02 07:59:24 | Epoch  97/100 | Train Loss 0.0557 | Val Loss 0.0343 MAE 0.3574 R2 0.7951
2026-09-02 07:59:24 | Epoch  98/100 | Train Loss 0.0546 | Val Loss 0.0332 MAE 0.3574 R2 0.7980
2026-09-02 07:59:24 |   Val R2 improved to 0.7980, model saved
2026-09-02 07:59:24 | Epoch  99/100 | Train Loss 0.0545 | Val Loss 0.0331 MAE 0.3562 R2 0.7935
2026-09-02 07:59:25 | Epoch 100/100 | Train Loss 0.0544 | Val Loss 0.0334 MAE 0.3583 R2 0.7966
2026-09-02 07:59:25 | Run 5/5 | Test (best model @ Epoch 98) | Loss 0.0327 MAE 0.3540 R2 0.7904
2026-09-02 07:59:25 | Average over 5 runs | Test Loss 0.0340±0.0015 MAE 0.3640±0.0144 R2 0.7820±0.0101
