2026-08-30 03:43:18 | Device: cuda
2026-08-30 03:43:18 | Args: {'model': 'fgib', 'backbone': 'mlp', 'task': 'housing', 'epochs': 100, 'batch_size': 512, 'lr': 0.001, 'hidden_dims': [512, 256], 'dropout': 0.2, 'z_dim': 256, 'anchor_scale': 8.0, 'max_len': 250, 'random_labels': False, 'beta': 10.0, 'patience': 10, 'runs': 5, 'seed': 0, 'data_dir': './data', 'save_path': 'output/california_mlp_fgib/california_mlp_fgib.pt', 'log_path': '/root/autodl-tmp/FGIB/tune_results_ablation/hdirect_a48/california_mlp_fgib_beta_10_anchor_8/train.log', 'no_save': True, 'freeze_a': False, 'a_identity': True, 'cosine_classifier': False, 'log_variance_stats': False, 'subject_disjoint': False}
2026-08-30 03:43:18 | ===== Run 1/5 (seed 0) =====
2026-08-30 03:43:18 | Epoch   1/100 | Train Loss 298.5755 | Val Loss 275.8427 MAE 1.1141 R2 -0.5357
2026-08-30 03:43:18 |   Val R2 improved to -0.5357, model saved
2026-08-30 03:43:19 | Epoch   2/100 | Train Loss 281.8048 | Val Loss 270.2556 MAE 0.7535 R2 0.1851
2026-08-30 03:43:19 |   Val R2 improved to 0.1851, model saved
2026-08-30 03:43:19 | Epoch   3/100 | Train Loss 278.8237 | Val Loss 268.6991 MAE 0.6247 R2 0.4279
2026-08-30 03:43:19 |   Val R2 improved to 0.4279, model saved
2026-08-30 03:43:19 | Epoch   4/100 | Train Loss 277.5637 | Val Loss 267.2815 MAE 0.5602 R2 0.5319
2026-08-30 03:43:19 |   Val R2 improved to 0.5319, model saved
2026-08-30 03:43:19 | Epoch   5/100 | Train Loss 276.4429 | Val Loss 266.2901 MAE 0.5059 R2 0.6224
2026-08-30 03:43:19 |   Val R2 improved to 0.6224, model saved
2026-08-30 03:43:19 | Epoch   6/100 | Train Loss 275.5430 | Val Loss 265.6190 MAE 0.4876 R2 0.6525
2026-08-30 03:43:19 |   Val R2 improved to 0.6525, model saved
2026-08-30 03:43:19 | Epoch   7/100 | Train Loss 274.8509 | Val Loss 265.0432 MAE 0.4721 R2 0.6687
2026-08-30 03:43:19 |   Val R2 improved to 0.6687, model saved
2026-08-30 03:43:20 | Epoch   8/100 | Train Loss 274.1995 | Val Loss 264.4714 MAE 0.4504 R2 0.6978
2026-08-30 03:43:20 |   Val R2 improved to 0.6978, model saved
2026-08-30 03:43:20 | Epoch   9/100 | Train Loss 273.7563 | Val Loss 264.0166 MAE 0.4520 R2 0.7093
2026-08-30 03:43:20 |   Val R2 improved to 0.7093, model saved
2026-08-30 03:43:20 | Epoch  10/100 | Train Loss 273.2822 | Val Loss 263.9678 MAE 0.4403 R2 0.7106
2026-08-30 03:43:20 |   Val R2 improved to 0.7106, model saved
2026-08-30 03:43:20 | Epoch  11/100 | Train Loss 272.8529 | Val Loss 263.5754 MAE 0.4311 R2 0.7231
2026-08-30 03:43:20 |   Val R2 improved to 0.7231, model saved
2026-08-30 03:43:20 | Epoch  12/100 | Train Loss 272.3985 | Val Loss 263.0860 MAE 0.4360 R2 0.7225
2026-08-30 03:43:20 | Epoch  13/100 | Train Loss 272.0709 | Val Loss 262.5223 MAE 0.4303 R2 0.7125
2026-08-30 03:43:21 | Epoch  14/100 | Train Loss 271.7454 | Val Loss 262.3721 MAE 0.4191 R2 0.7377
2026-08-30 03:43:21 |   Val R2 improved to 0.7377, model saved
2026-08-30 03:43:21 | Epoch  15/100 | Train Loss 271.4147 | Val Loss 262.0735 MAE 0.4211 R2 0.7394
2026-08-30 03:43:21 |   Val R2 improved to 0.7394, model saved
2026-08-30 03:43:21 | Epoch  16/100 | Train Loss 271.2221 | Val Loss 262.1742 MAE 0.4175 R2 0.7415
2026-08-30 03:43:21 |   Val R2 improved to 0.7415, model saved
2026-08-30 03:43:21 | Epoch  17/100 | Train Loss 270.8881 | Val Loss 261.6730 MAE 0.4133 R2 0.7429
2026-08-30 03:43:21 |   Val R2 improved to 0.7429, model saved
2026-08-30 03:43:21 | Epoch  18/100 | Train Loss 270.7448 | Val Loss 261.6679 MAE 0.4183 R2 0.7418
2026-08-30 03:43:21 | Epoch  19/100 | Train Loss 270.4172 | Val Loss 261.2348 MAE 0.4128 R2 0.7449
2026-08-30 03:43:21 |   Val R2 improved to 0.7449, model saved
2026-08-30 03:43:22 | Epoch  20/100 | Train Loss 270.2833 | Val Loss 261.0121 MAE 0.4227 R2 0.7387
2026-08-30 03:43:22 | Epoch  21/100 | Train Loss 270.0343 | Val Loss 260.6862 MAE 0.4144 R2 0.7401
2026-08-30 03:43:22 | Epoch  22/100 | Train Loss 269.8394 | Val Loss 260.6625 MAE 0.4057 R2 0.7455
2026-08-30 03:43:22 |   Val R2 improved to 0.7455, model saved
2026-08-30 03:43:22 | Epoch  23/100 | Train Loss 269.6374 | Val Loss 260.4753 MAE 0.4065 R2 0.7486
2026-08-30 03:43:22 |   Val R2 improved to 0.7486, model saved
2026-08-30 03:43:22 | Epoch  24/100 | Train Loss 269.5540 | Val Loss 260.5332 MAE 0.4033 R2 0.7497
2026-08-30 03:43:22 |   Val R2 improved to 0.7497, model saved
2026-08-30 03:43:22 | Epoch  25/100 | Train Loss 269.5202 | Val Loss 260.3063 MAE 0.4033 R2 0.7544
2026-08-30 03:43:22 |   Val R2 improved to 0.7544, model saved
2026-08-30 03:43:23 | Epoch  26/100 | Train Loss 269.3680 | Val Loss 260.4496 MAE 0.4182 R2 0.7466
2026-08-30 03:43:23 | Epoch  27/100 | Train Loss 269.2817 | Val Loss 260.3459 MAE 0.4051 R2 0.7515
2026-08-30 03:43:23 | Epoch  28/100 | Train Loss 269.1262 | Val Loss 260.1498 MAE 0.4072 R2 0.7554
2026-08-30 03:43:23 |   Val R2 improved to 0.7554, model saved
2026-08-30 03:43:23 | Epoch  29/100 | Train Loss 269.0493 | Val Loss 259.9770 MAE 0.3983 R2 0.7526
2026-08-30 03:43:23 | Epoch  30/100 | Train Loss 269.0009 | Val Loss 260.1896 MAE 0.4094 R2 0.7557
2026-08-30 03:43:23 |   Val R2 improved to 0.7557, model saved
2026-08-30 03:43:23 | Epoch  31/100 | Train Loss 268.9148 | Val Loss 259.6496 MAE 0.4107 R2 0.7557
2026-08-30 03:43:24 | Epoch  32/100 | Train Loss 268.8301 | Val Loss 259.7843 MAE 0.3966 R2 0.7576
2026-08-30 03:43:24 |   Val R2 improved to 0.7576, model saved
2026-08-30 03:43:24 | Epoch  33/100 | Train Loss 268.6932 | Val Loss 260.0228 MAE 0.4007 R2 0.7550
2026-08-30 03:43:24 | Epoch  34/100 | Train Loss 268.7734 | Val Loss 259.7692 MAE 0.4032 R2 0.7578
2026-08-30 03:43:24 |   Val R2 improved to 0.7578, model saved
2026-08-30 03:43:24 | Epoch  35/100 | Train Loss 268.6592 | Val Loss 259.9522 MAE 0.3978 R2 0.7585
2026-08-30 03:43:24 |   Val R2 improved to 0.7585, model saved
2026-08-30 03:43:24 | Epoch  36/100 | Train Loss 268.7004 | Val Loss 259.3087 MAE 0.3935 R2 0.7590
2026-08-30 03:43:24 |   Val R2 improved to 0.7590, model saved
2026-08-30 03:43:24 | Epoch  37/100 | Train Loss 268.5691 | Val Loss 259.6701 MAE 0.3933 R2 0.7569
2026-08-30 03:43:25 | Epoch  38/100 | Train Loss 268.4545 | Val Loss 259.4945 MAE 0.4038 R2 0.7526
2026-08-30 03:43:25 | Epoch  39/100 | Train Loss 268.2868 | Val Loss 259.3414 MAE 0.3990 R2 0.7555
2026-08-30 03:43:25 | Epoch  40/100 | Train Loss 268.4546 | Val Loss 259.6651 MAE 0.4041 R2 0.7593
2026-08-30 03:43:25 |   Val R2 improved to 0.7593, model saved
2026-08-30 03:43:25 | Epoch  41/100 | Train Loss 268.3774 | Val Loss 259.2328 MAE 0.3996 R2 0.7589
2026-08-30 03:43:25 | Epoch  42/100 | Train Loss 268.2569 | Val Loss 259.4338 MAE 0.3987 R2 0.7536
2026-08-30 03:43:25 | Epoch  43/100 | Train Loss 268.3175 | Val Loss 259.6555 MAE 0.3988 R2 0.7595
2026-08-30 03:43:25 |   Val R2 improved to 0.7595, model saved
2026-08-30 03:43:26 | Epoch  44/100 | Train Loss 268.3581 | Val Loss 259.2576 MAE 0.3922 R2 0.7558
2026-08-30 03:43:26 | Epoch  45/100 | Train Loss 268.2787 | Val Loss 261.4812 MAE 0.4162 R2 0.7505
2026-08-30 03:43:26 | Epoch  46/100 | Train Loss 268.5126 | Val Loss 258.9346 MAE 0.3918 R2 0.7587
2026-08-30 03:43:26 | Epoch  47/100 | Train Loss 268.0663 | Val Loss 259.2360 MAE 0.3934 R2 0.7609
2026-08-30 03:43:26 |   Val R2 improved to 0.7609, model saved
2026-08-30 03:43:26 | Epoch  48/100 | Train Loss 267.9895 | Val Loss 259.0891 MAE 0.3918 R2 0.7631
2026-08-30 03:43:26 |   Val R2 improved to 0.7631, model saved
2026-08-30 03:43:26 | Epoch  49/100 | Train Loss 267.9193 | Val Loss 258.8406 MAE 0.3900 R2 0.7650
2026-08-30 03:43:26 |   Val R2 improved to 0.7650, model saved
2026-08-30 03:43:26 | Epoch  50/100 | Train Loss 267.8447 | Val Loss 259.3112 MAE 0.3956 R2 0.7644
2026-08-30 03:43:26 | Epoch  51/100 | Train Loss 267.9675 | Val Loss 259.0718 MAE 0.3963 R2 0.7627
2026-08-30 03:43:27 | Epoch  52/100 | Train Loss 267.9964 | Val Loss 259.1313 MAE 0.3984 R2 0.7634
2026-08-30 03:43:27 | Epoch  53/100 | Train Loss 267.8978 | Val Loss 258.8909 MAE 0.3896 R2 0.7604
2026-08-30 03:43:27 | Epoch  54/100 | Train Loss 267.8534 | Val Loss 258.7798 MAE 0.3922 R2 0.7649
2026-08-30 03:43:27 | Epoch  55/100 | Train Loss 267.8575 | Val Loss 258.8758 MAE 0.3969 R2 0.7636
2026-08-30 03:43:27 | Epoch  56/100 | Train Loss 267.7339 | Val Loss 259.0378 MAE 0.3916 R2 0.7659
2026-08-30 03:43:27 |   Val R2 improved to 0.7659, model saved
2026-08-30 03:43:27 | Epoch  57/100 | Train Loss 267.6318 | Val Loss 258.7728 MAE 0.4001 R2 0.7649
2026-08-30 03:43:28 | Epoch  58/100 | Train Loss 267.7312 | Val Loss 258.9777 MAE 0.3865 R2 0.7675
2026-08-30 03:43:28 |   Val R2 improved to 0.7675, model saved
2026-08-30 03:43:28 | Epoch  59/100 | Train Loss 267.6032 | Val Loss 258.5795 MAE 0.3877 R2 0.7668
2026-08-30 03:43:28 | Epoch  60/100 | Train Loss 267.6026 | Val Loss 258.5264 MAE 0.3853 R2 0.7685
2026-08-30 03:43:28 |   Val R2 improved to 0.7685, model saved
2026-08-30 03:43:28 | Epoch  61/100 | Train Loss 267.7126 | Val Loss 258.5752 MAE 0.3869 R2 0.7699
2026-08-30 03:43:28 |   Val R2 improved to 0.7699, model saved
2026-08-30 03:43:28 | Epoch  62/100 | Train Loss 267.5246 | Val Loss 258.8212 MAE 0.3911 R2 0.7677
2026-08-30 03:43:28 | Epoch  63/100 | Train Loss 267.4450 | Val Loss 258.6627 MAE 0.3917 R2 0.7686
2026-08-30 03:43:28 | Epoch  64/100 | Train Loss 267.4106 | Val Loss 258.5489 MAE 0.3863 R2 0.7678
2026-08-30 03:43:29 | Epoch  65/100 | Train Loss 267.4106 | Val Loss 258.3504 MAE 0.3879 R2 0.7698
2026-08-30 03:43:29 | Epoch  66/100 | Train Loss 267.3140 | Val Loss 258.6250 MAE 0.4173 R2 0.7608
2026-08-30 03:43:29 | Epoch  67/100 | Train Loss 267.3789 | Val Loss 258.5710 MAE 0.3929 R2 0.7560
2026-08-30 03:43:29 | Epoch  68/100 | Train Loss 267.3453 | Val Loss 258.4768 MAE 0.4023 R2 0.7614
2026-08-30 03:43:29 | Epoch  69/100 | Train Loss 267.2703 | Val Loss 258.3852 MAE 0.3858 R2 0.7694
2026-08-30 03:43:29 | Epoch  70/100 | Train Loss 267.3879 | Val Loss 258.2067 MAE 0.3857 R2 0.7696
2026-08-30 03:43:29 | Epoch  71/100 | Train Loss 267.2257 | Val Loss 258.2932 MAE 0.3892 R2 0.7697
2026-08-30 03:43:29 | Val R2 did not improve for 10 consecutive epochs, early stopping at Epoch 71 (best R2 0.7699 @ Epoch 61)
2026-08-30 03:43:30 | Run 1/5 | Test (best model @ Epoch 61) | Loss 258.6104 MAE 0.3830 R2 0.7583
2026-08-30 03:43:30 | ===== Run 2/5 (seed 1) =====
2026-08-30 03:43:30 | Epoch   1/100 | Train Loss 303.3742 | Val Loss 276.3743 MAE 1.2261 R2 -0.7658
2026-08-30 03:43:30 |   Val R2 improved to -0.7658, model saved
2026-08-30 03:43:30 | Epoch   2/100 | Train Loss 284.5444 | Val Loss 270.1417 MAE 0.7559 R2 0.1832
2026-08-30 03:43:30 |   Val R2 improved to 0.1832, model saved
2026-08-30 03:43:30 | Epoch   3/100 | Train Loss 281.0454 | Val Loss 267.7187 MAE 0.5728 R2 0.5305
2026-08-30 03:43:30 |   Val R2 improved to 0.5305, model saved
2026-08-30 03:43:30 | Epoch   4/100 | Train Loss 279.2968 | Val Loss 265.5052 MAE 0.5266 R2 0.6110
2026-08-30 03:43:30 |   Val R2 improved to 0.6110, model saved
2026-08-30 03:43:30 | Epoch   5/100 | Train Loss 277.8870 | Val Loss 265.2423 MAE 0.4940 R2 0.6326
2026-08-30 03:43:30 |   Val R2 improved to 0.6326, model saved
2026-08-30 03:43:30 | Epoch   6/100 | Train Loss 277.0194 | Val Loss 263.7825 MAE 0.4815 R2 0.6691
2026-08-30 03:43:30 |   Val R2 improved to 0.6691, model saved
2026-08-30 03:43:31 | Epoch   7/100 | Train Loss 276.0750 | Val Loss 263.1886 MAE 0.4646 R2 0.6813
2026-08-30 03:43:31 |   Val R2 improved to 0.6813, model saved
2026-08-30 03:43:31 | Epoch   8/100 | Train Loss 275.1301 | Val Loss 262.9432 MAE 0.4582 R2 0.6968
2026-08-30 03:43:31 |   Val R2 improved to 0.6968, model saved
2026-08-30 03:43:31 | Epoch   9/100 | Train Loss 274.5224 | Val Loss 262.2340 MAE 0.4471 R2 0.6960
2026-08-30 03:43:31 | Epoch  10/100 | Train Loss 274.0928 | Val Loss 261.3785 MAE 0.4378 R2 0.7061
2026-08-30 03:43:31 |   Val R2 improved to 0.7061, model saved
2026-08-30 03:43:31 | Epoch  11/100 | Train Loss 273.4761 | Val Loss 261.7172 MAE 0.4308 R2 0.7136
2026-08-30 03:43:31 |   Val R2 improved to 0.7136, model saved
2026-08-30 03:43:31 | Epoch  12/100 | Train Loss 272.9796 | Val Loss 260.8509 MAE 0.4256 R2 0.7191
2026-08-30 03:43:31 |   Val R2 improved to 0.7191, model saved
2026-08-30 03:43:32 | Epoch  13/100 | Train Loss 272.7774 | Val Loss 260.8949 MAE 0.4282 R2 0.7351
2026-08-30 03:43:32 |   Val R2 improved to 0.7351, model saved
2026-08-30 03:43:32 | Epoch  14/100 | Train Loss 272.4954 | Val Loss 260.2426 MAE 0.4162 R2 0.7344
2026-08-30 03:43:32 | Epoch  15/100 | Train Loss 272.2681 | Val Loss 260.8019 MAE 0.4200 R2 0.7340
2026-08-30 03:43:32 | Epoch  16/100 | Train Loss 271.9577 | Val Loss 260.0541 MAE 0.4205 R2 0.7417
2026-08-30 03:43:32 |   Val R2 improved to 0.7417, model saved
2026-08-30 03:43:32 | Epoch  17/100 | Train Loss 271.9207 | Val Loss 260.1250 MAE 0.4136 R2 0.7440
2026-08-30 03:43:32 |   Val R2 improved to 0.7440, model saved
2026-08-30 03:43:32 | Epoch  18/100 | Train Loss 271.5808 | Val Loss 259.3739 MAE 0.4101 R2 0.7402
2026-08-30 03:43:32 | Epoch  19/100 | Train Loss 271.2741 | Val Loss 259.4834 MAE 0.4093 R2 0.7458
2026-08-30 03:43:32 |   Val R2 improved to 0.7458, model saved
2026-08-30 03:43:33 | Epoch  20/100 | Train Loss 270.8258 | Val Loss 258.6076 MAE 0.4078 R2 0.7417
2026-08-30 03:43:33 | Epoch  21/100 | Train Loss 270.5563 | Val Loss 258.7116 MAE 0.4119 R2 0.7449
2026-08-30 03:43:33 | Epoch  22/100 | Train Loss 270.5227 | Val Loss 258.8537 MAE 0.4048 R2 0.7509
2026-08-30 03:43:33 |   Val R2 improved to 0.7509, model saved
2026-08-30 03:43:33 | Epoch  23/100 | Train Loss 270.2454 | Val Loss 258.1572 MAE 0.4069 R2 0.7516
2026-08-30 03:43:33 |   Val R2 improved to 0.7516, model saved
2026-08-30 03:43:33 | Epoch  24/100 | Train Loss 270.1194 | Val Loss 257.8707 MAE 0.4047 R2 0.7545
2026-08-30 03:43:33 |   Val R2 improved to 0.7545, model saved
2026-08-30 03:43:33 | Epoch  25/100 | Train Loss 269.9230 | Val Loss 258.1212 MAE 0.4057 R2 0.7558
2026-08-30 03:43:33 |   Val R2 improved to 0.7558, model saved
2026-08-30 03:43:34 | Epoch  26/100 | Train Loss 269.7023 | Val Loss 257.9637 MAE 0.3974 R2 0.7527
2026-08-30 03:43:34 | Epoch  27/100 | Train Loss 269.6344 | Val Loss 257.8426 MAE 0.4095 R2 0.7549
2026-08-30 03:43:34 | Epoch  28/100 | Train Loss 269.5300 | Val Loss 257.6726 MAE 0.4068 R2 0.7580
2026-08-30 03:43:34 |   Val R2 improved to 0.7580, model saved
2026-08-30 03:43:34 | Epoch  29/100 | Train Loss 269.5587 | Val Loss 257.8606 MAE 0.4045 R2 0.7569
2026-08-30 03:43:34 | Epoch  30/100 | Train Loss 269.2573 | Val Loss 257.3090 MAE 0.3979 R2 0.7537
2026-08-30 03:43:34 | Epoch  31/100 | Train Loss 269.2157 | Val Loss 257.4351 MAE 0.3964 R2 0.7599
2026-08-30 03:43:34 |   Val R2 improved to 0.7599, model saved
2026-08-30 03:43:34 | Epoch  32/100 | Train Loss 268.9965 | Val Loss 257.0911 MAE 0.3932 R2 0.7614
2026-08-30 03:43:34 |   Val R2 improved to 0.7614, model saved
2026-08-30 03:43:35 | Epoch  33/100 | Train Loss 269.0334 | Val Loss 257.1665 MAE 0.4054 R2 0.7605
2026-08-30 03:43:35 | Epoch  34/100 | Train Loss 268.8566 | Val Loss 256.9529 MAE 0.3975 R2 0.7554
2026-08-30 03:43:35 | Epoch  35/100 | Train Loss 268.8095 | Val Loss 257.4038 MAE 0.3985 R2 0.7604
2026-08-30 03:43:35 | Epoch  36/100 | Train Loss 268.7538 | Val Loss 257.2942 MAE 0.3927 R2 0.7632
2026-08-30 03:43:35 |   Val R2 improved to 0.7632, model saved
2026-08-30 03:43:35 | Epoch  37/100 | Train Loss 268.6904 | Val Loss 256.6201 MAE 0.3934 R2 0.7654
2026-08-30 03:43:35 |   Val R2 improved to 0.7654, model saved
2026-08-30 03:43:35 | Epoch  38/100 | Train Loss 268.7001 | Val Loss 257.0364 MAE 0.3936 R2 0.7659
2026-08-30 03:43:35 |   Val R2 improved to 0.7659, model saved
2026-08-30 03:43:35 | Epoch  39/100 | Train Loss 268.3927 | Val Loss 256.6510 MAE 0.3899 R2 0.7631
2026-08-30 03:43:36 | Epoch  40/100 | Train Loss 268.3504 | Val Loss 256.4990 MAE 0.4025 R2 0.7642
2026-08-30 03:43:36 | Epoch  41/100 | Train Loss 268.2361 | Val Loss 256.5892 MAE 0.3890 R2 0.7681
2026-08-30 03:43:36 |   Val R2 improved to 0.7681, model saved
2026-08-30 03:43:36 | Epoch  42/100 | Train Loss 268.2132 | Val Loss 256.7806 MAE 0.3949 R2 0.7663
2026-08-30 03:43:36 | Epoch  43/100 | Train Loss 268.0282 | Val Loss 255.8196 MAE 0.3923 R2 0.7638
2026-08-30 03:43:36 | Epoch  44/100 | Train Loss 267.7878 | Val Loss 256.0853 MAE 0.3972 R2 0.7670
2026-08-30 03:43:36 | Epoch  45/100 | Train Loss 267.6293 | Val Loss 255.8098 MAE 0.3855 R2 0.7657
2026-08-30 03:43:37 | Epoch  46/100 | Train Loss 267.4628 | Val Loss 255.6988 MAE 0.4001 R2 0.7664
2026-08-30 03:43:37 | Epoch  47/100 | Train Loss 267.4775 | Val Loss 255.7144 MAE 0.3899 R2 0.7565
2026-08-30 03:43:37 | Epoch  48/100 | Train Loss 267.1980 | Val Loss 255.6496 MAE 0.3889 R2 0.7688
2026-08-30 03:43:37 |   Val R2 improved to 0.7688, model saved
2026-08-30 03:43:37 | Epoch  49/100 | Train Loss 267.1427 | Val Loss 255.3044 MAE 0.3847 R2 0.7694
2026-08-30 03:43:37 |   Val R2 improved to 0.7694, model saved
2026-08-30 03:43:37 | Epoch  50/100 | Train Loss 267.0189 | Val Loss 255.1624 MAE 0.3886 R2 0.7704
2026-08-30 03:43:37 |   Val R2 improved to 0.7704, model saved
2026-08-30 03:43:37 | Epoch  51/100 | Train Loss 267.0641 | Val Loss 255.1807 MAE 0.3836 R2 0.7666
2026-08-30 03:43:38 | Epoch  52/100 | Train Loss 267.0255 | Val Loss 255.3968 MAE 0.3830 R2 0.7688
2026-08-30 03:43:38 | Epoch  53/100 | Train Loss 267.0088 | Val Loss 255.0571 MAE 0.4103 R2 0.7642
2026-08-30 03:43:38 | Epoch  54/100 | Train Loss 266.8183 | Val Loss 255.0137 MAE 0.3827 R2 0.7705
2026-08-30 03:43:38 |   Val R2 improved to 0.7705, model saved
2026-08-30 03:43:38 | Epoch  55/100 | Train Loss 266.8631 | Val Loss 254.9986 MAE 0.3847 R2 0.7725
2026-08-30 03:43:38 |   Val R2 improved to 0.7725, model saved
2026-08-30 03:43:38 | Epoch  56/100 | Train Loss 266.8252 | Val Loss 254.6763 MAE 0.3815 R2 0.7720
2026-08-30 03:43:38 | Epoch  57/100 | Train Loss 266.8462 | Val Loss 255.0971 MAE 0.3888 R2 0.7644
2026-08-30 03:43:38 | Epoch  58/100 | Train Loss 266.7921 | Val Loss 255.1027 MAE 0.3836 R2 0.7703
2026-08-30 03:43:38 | Epoch  59/100 | Train Loss 266.6603 | Val Loss 255.0538 MAE 0.3835 R2 0.7734
2026-08-30 03:43:38 |   Val R2 improved to 0.7734, model saved
2026-08-30 03:43:39 | Epoch  60/100 | Train Loss 266.7187 | Val Loss 254.6125 MAE 0.3785 R2 0.7728
2026-08-30 03:43:39 | Epoch  61/100 | Train Loss 266.6644 | Val Loss 255.4335 MAE 0.4042 R2 0.7665
2026-08-30 03:43:39 | Epoch  62/100 | Train Loss 266.5686 | Val Loss 254.8355 MAE 0.3831 R2 0.7718
2026-08-30 03:43:39 | Epoch  63/100 | Train Loss 266.6671 | Val Loss 254.8639 MAE 0.3802 R2 0.7728
2026-08-30 03:43:39 | Epoch  64/100 | Train Loss 266.6246 | Val Loss 254.8749 MAE 0.3871 R2 0.7732
2026-08-30 03:43:39 | Epoch  65/100 | Train Loss 266.5354 | Val Loss 254.9426 MAE 0.3936 R2 0.7704
2026-08-30 03:43:39 | Epoch  66/100 | Train Loss 266.5918 | Val Loss 254.4993 MAE 0.3774 R2 0.7746
2026-08-30 03:43:39 |   Val R2 improved to 0.7746, model saved
2026-08-30 03:43:40 | Epoch  67/100 | Train Loss 266.5310 | Val Loss 255.1031 MAE 0.3898 R2 0.7722
2026-08-30 03:43:40 | Epoch  68/100 | Train Loss 266.5073 | Val Loss 254.6531 MAE 0.3844 R2 0.7741
2026-08-30 03:43:40 | Epoch  69/100 | Train Loss 266.4313 | Val Loss 254.4088 MAE 0.3852 R2 0.7742
2026-08-30 03:43:40 | Epoch  70/100 | Train Loss 266.3182 | Val Loss 255.0545 MAE 0.3903 R2 0.7734
2026-08-30 03:43:40 | Epoch  71/100 | Train Loss 266.2898 | Val Loss 254.2299 MAE 0.3895 R2 0.7733
2026-08-30 03:43:40 | Epoch  72/100 | Train Loss 266.0856 | Val Loss 254.3647 MAE 0.3786 R2 0.7726
2026-08-30 03:43:41 | Epoch  73/100 | Train Loss 266.0328 | Val Loss 254.6145 MAE 0.3761 R2 0.7766
2026-08-30 03:43:41 |   Val R2 improved to 0.7766, model saved
2026-08-30 03:43:41 | Epoch  74/100 | Train Loss 266.1213 | Val Loss 254.6400 MAE 0.3771 R2 0.7715
2026-08-30 03:43:41 | Epoch  75/100 | Train Loss 266.1581 | Val Loss 254.1744 MAE 0.3779 R2 0.7760
2026-08-30 03:43:41 | Epoch  76/100 | Train Loss 266.1716 | Val Loss 254.3497 MAE 0.3800 R2 0.7759
2026-08-30 03:43:41 | Epoch  77/100 | Train Loss 266.1090 | Val Loss 254.2885 MAE 0.3949 R2 0.7729
2026-08-30 03:43:41 | Epoch  78/100 | Train Loss 266.0665 | Val Loss 254.3675 MAE 0.3761 R2 0.7755
2026-08-30 03:43:41 | Epoch  79/100 | Train Loss 266.0529 | Val Loss 254.1160 MAE 0.3766 R2 0.7750
2026-08-30 03:43:42 | Epoch  80/100 | Train Loss 266.0737 | Val Loss 254.7486 MAE 0.3812 R2 0.7771
2026-08-30 03:43:42 |   Val R2 improved to 0.7771, model saved
2026-08-30 03:43:42 | Epoch  81/100 | Train Loss 265.9001 | Val Loss 254.2020 MAE 0.3931 R2 0.7750
2026-08-30 03:43:42 | Epoch  82/100 | Train Loss 265.9113 | Val Loss 253.8789 MAE 0.3846 R2 0.7743
2026-08-30 03:43:42 | Epoch  83/100 | Train Loss 265.9407 | Val Loss 254.1351 MAE 0.3743 R2 0.7785
2026-08-30 03:43:42 |   Val R2 improved to 0.7785, model saved
2026-08-30 03:43:42 | Epoch  84/100 | Train Loss 265.8347 | Val Loss 254.1928 MAE 0.3911 R2 0.7749
2026-08-30 03:43:42 | Epoch  85/100 | Train Loss 265.8661 | Val Loss 253.4553 MAE 0.3761 R2 0.7744
2026-08-30 03:43:42 | Epoch  86/100 | Train Loss 265.8329 | Val Loss 254.0221 MAE 0.3794 R2 0.7776
2026-08-30 03:43:42 | Epoch  87/100 | Train Loss 265.7933 | Val Loss 253.7756 MAE 0.3805 R2 0.7782
2026-08-30 03:43:43 | Epoch  88/100 | Train Loss 265.8369 | Val Loss 253.8272 MAE 0.3796 R2 0.7762
2026-08-30 03:43:43 | Epoch  89/100 | Train Loss 265.7166 | Val Loss 253.7779 MAE 0.3841 R2 0.7734
2026-08-30 03:43:43 | Epoch  90/100 | Train Loss 265.7841 | Val Loss 253.8034 MAE 0.3736 R2 0.7773
2026-08-30 03:43:43 | Epoch  91/100 | Train Loss 265.6064 | Val Loss 253.5529 MAE 0.3770 R2 0.7705
2026-08-30 03:43:43 | Epoch  92/100 | Train Loss 265.6579 | Val Loss 254.3460 MAE 0.3793 R2 0.7780
2026-08-30 03:43:43 | Epoch  93/100 | Train Loss 265.7472 | Val Loss 253.7410 MAE 0.3870 R2 0.7764
2026-08-30 03:43:43 | Val R2 did not improve for 10 consecutive epochs, early stopping at Epoch 93 (best R2 0.7785 @ Epoch 83)
2026-08-30 03:43:43 | Run 2/5 | Test (best model @ Epoch 83) | Loss 253.8950 MAE 0.3731 R2 0.7675
2026-08-30 03:43:43 | ===== Run 3/5 (seed 2) =====
2026-08-30 03:43:43 | Epoch   1/100 | Train Loss 300.4581 | Val Loss 280.8389 MAE 1.0196 R2 -0.4137
2026-08-30 03:43:43 |   Val R2 improved to -0.4137, model saved
2026-08-30 03:43:44 | Epoch   2/100 | Train Loss 283.8873 | Val Loss 271.1081 MAE 0.7000 R2 0.2922
2026-08-30 03:43:44 |   Val R2 improved to 0.2922, model saved
2026-08-30 03:43:44 | Epoch   3/100 | Train Loss 280.1044 | Val Loss 268.2173 MAE 0.6203 R2 0.4852
2026-08-30 03:43:44 |   Val R2 improved to 0.4852, model saved
2026-08-30 03:43:44 | Epoch   4/100 | Train Loss 278.6092 | Val Loss 267.0166 MAE 0.5395 R2 0.5749
2026-08-30 03:43:44 |   Val R2 improved to 0.5749, model saved
2026-08-30 03:43:44 | Epoch   5/100 | Train Loss 277.1506 | Val Loss 265.5742 MAE 0.5025 R2 0.6411
2026-08-30 03:43:44 |   Val R2 improved to 0.6411, model saved
2026-08-30 03:43:44 | Epoch   6/100 | Train Loss 275.9089 | Val Loss 264.6722 MAE 0.4766 R2 0.6666
2026-08-30 03:43:44 |   Val R2 improved to 0.6666, model saved
2026-08-30 03:43:44 | Epoch   7/100 | Train Loss 274.9260 | Val Loss 263.9761 MAE 0.4775 R2 0.6766
2026-08-30 03:43:44 |   Val R2 improved to 0.6766, model saved
2026-08-30 03:43:44 | Epoch   8/100 | Train Loss 273.9674 | Val Loss 262.5669 MAE 0.4479 R2 0.6971
2026-08-30 03:43:44 |   Val R2 improved to 0.6971, model saved
2026-08-30 03:43:45 | Epoch   9/100 | Train Loss 273.5045 | Val Loss 262.6988 MAE 0.4416 R2 0.7142
2026-08-30 03:43:45 |   Val R2 improved to 0.7142, model saved
2026-08-30 03:43:45 | Epoch  10/100 | Train Loss 272.8439 | Val Loss 262.2857 MAE 0.4501 R2 0.7121
2026-08-30 03:43:45 | Epoch  11/100 | Train Loss 272.2388 | Val Loss 261.1523 MAE 0.4421 R2 0.7091
2026-08-30 03:43:45 | Epoch  12/100 | Train Loss 271.6949 | Val Loss 260.8263 MAE 0.4246 R2 0.7263
2026-08-30 03:43:45 |   Val R2 improved to 0.7263, model saved
2026-08-30 03:43:45 | Epoch  13/100 | Train Loss 271.2849 | Val Loss 260.6208 MAE 0.4195 R2 0.7246
2026-08-30 03:43:45 | Epoch  14/100 | Train Loss 270.9576 | Val Loss 260.6955 MAE 0.4203 R2 0.7338
2026-08-30 03:43:45 |   Val R2 improved to 0.7338, model saved
2026-08-30 03:43:45 | Epoch  15/100 | Train Loss 270.5785 | Val Loss 259.9908 MAE 0.4157 R2 0.7358
2026-08-30 03:43:45 |   Val R2 improved to 0.7358, model saved
2026-08-30 03:43:46 | Epoch  16/100 | Train Loss 270.3162 | Val Loss 259.4308 MAE 0.4113 R2 0.7381
2026-08-30 03:43:46 |   Val R2 improved to 0.7381, model saved
2026-08-30 03:43:46 | Epoch  17/100 | Train Loss 269.9846 | Val Loss 259.4708 MAE 0.4163 R2 0.7417
2026-08-30 03:43:46 |   Val R2 improved to 0.7417, model saved
2026-08-30 03:43:46 | Epoch  18/100 | Train Loss 269.8699 | Val Loss 259.5626 MAE 0.4177 R2 0.7415
2026-08-30 03:43:46 | Epoch  19/100 | Train Loss 269.5003 | Val Loss 258.8172 MAE 0.4051 R2 0.7429
2026-08-30 03:43:46 |   Val R2 improved to 0.7429, model saved
2026-08-30 03:43:46 | Epoch  20/100 | Train Loss 269.3406 | Val Loss 258.8864 MAE 0.4066 R2 0.7458
2026-08-30 03:43:46 |   Val R2 improved to 0.7458, model saved
2026-08-30 03:43:46 | Epoch  21/100 | Train Loss 269.1393 | Val Loss 258.6146 MAE 0.4044 R2 0.7477
2026-08-30 03:43:46 |   Val R2 improved to 0.7477, model saved
2026-08-30 03:43:47 | Epoch  22/100 | Train Loss 269.0582 | Val Loss 258.8893 MAE 0.4271 R2 0.7449
2026-08-30 03:43:47 | Epoch  23/100 | Train Loss 268.9128 | Val Loss 258.5257 MAE 0.4033 R2 0.7444
2026-08-30 03:43:47 | Epoch  24/100 | Train Loss 268.6776 | Val Loss 258.2407 MAE 0.4035 R2 0.7536
2026-08-30 03:43:47 |   Val R2 improved to 0.7536, model saved
2026-08-30 03:43:47 | Epoch  25/100 | Train Loss 268.5639 | Val Loss 258.1359 MAE 0.3971 R2 0.7552
2026-08-30 03:43:47 |   Val R2 improved to 0.7552, model saved
2026-08-30 03:43:47 | Epoch  26/100 | Train Loss 268.4292 | Val Loss 257.9363 MAE 0.3950 R2 0.7549
2026-08-30 03:43:47 | Epoch  27/100 | Train Loss 268.3166 | Val Loss 258.0803 MAE 0.4054 R2 0.7532
2026-08-30 03:43:47 | Epoch  28/100 | Train Loss 268.0993 | Val Loss 257.7340 MAE 0.3950 R2 0.7606
2026-08-30 03:43:47 |   Val R2 improved to 0.7606, model saved
2026-08-30 03:43:48 | Epoch  29/100 | Train Loss 268.0384 | Val Loss 257.8290 MAE 0.3920 R2 0.7593
2026-08-30 03:43:48 | Epoch  30/100 | Train Loss 267.8821 | Val Loss 257.8466 MAE 0.4029 R2 0.7580
2026-08-30 03:43:48 | Epoch  31/100 | Train Loss 267.7225 | Val Loss 257.3844 MAE 0.3984 R2 0.7593
2026-08-30 03:43:48 | Epoch  32/100 | Train Loss 267.6050 | Val Loss 257.6235 MAE 0.4020 R2 0.7608
2026-08-30 03:43:48 |   Val R2 improved to 0.7608, model saved
2026-08-30 03:43:48 | Epoch  33/100 | Train Loss 267.5483 | Val Loss 257.3969 MAE 0.3903 R2 0.7609
2026-08-30 03:43:48 |   Val R2 improved to 0.7609, model saved
2026-08-30 03:43:48 | Epoch  34/100 | Train Loss 267.3797 | Val Loss 257.0083 MAE 0.3978 R2 0.7606
2026-08-30 03:43:48 | Epoch  35/100 | Train Loss 267.3882 | Val Loss 257.1975 MAE 0.3890 R2 0.7637
2026-08-30 03:43:48 |   Val R2 improved to 0.7637, model saved
2026-08-30 03:43:49 | Epoch  36/100 | Train Loss 267.1221 | Val Loss 256.8216 MAE 0.4022 R2 0.7609
2026-08-30 03:43:49 | Epoch  37/100 | Train Loss 266.9772 | Val Loss 256.9850 MAE 0.3978 R2 0.7624
2026-08-30 03:43:49 | Epoch  38/100 | Train Loss 266.9192 | Val Loss 256.6150 MAE 0.3868 R2 0.7652
2026-08-30 03:43:49 |   Val R2 improved to 0.7652, model saved
2026-08-30 03:43:49 | Epoch  39/100 | Train Loss 266.9486 | Val Loss 256.6671 MAE 0.3877 R2 0.7666
2026-08-30 03:43:49 |   Val R2 improved to 0.7666, model saved
2026-08-30 03:43:49 | Epoch  40/100 | Train Loss 266.7461 | Val Loss 256.4907 MAE 0.3936 R2 0.7643
2026-08-30 03:43:49 | Epoch  41/100 | Train Loss 266.6401 | Val Loss 256.4387 MAE 0.3856 R2 0.7645
2026-08-30 03:43:49 | Epoch  42/100 | Train Loss 266.6103 | Val Loss 256.5005 MAE 0.4018 R2 0.7652
2026-08-30 03:43:50 | Epoch  43/100 | Train Loss 266.6332 | Val Loss 256.3056 MAE 0.3831 R2 0.7668
2026-08-30 03:43:50 |   Val R2 improved to 0.7668, model saved
2026-08-30 03:43:50 | Epoch  44/100 | Train Loss 266.5004 | Val Loss 256.2835 MAE 0.3833 R2 0.7686
2026-08-30 03:43:50 |   Val R2 improved to 0.7686, model saved
2026-08-30 03:43:50 | Epoch  45/100 | Train Loss 266.3723 | Val Loss 256.0341 MAE 0.3879 R2 0.7691
2026-08-30 03:43:50 |   Val R2 improved to 0.7691, model saved
2026-08-30 03:43:50 | Epoch  46/100 | Train Loss 266.3940 | Val Loss 256.3930 MAE 0.3833 R2 0.7664
2026-08-30 03:43:50 | Epoch  47/100 | Train Loss 266.4868 | Val Loss 256.1965 MAE 0.3963 R2 0.7679
2026-08-30 03:43:50 | Epoch  48/100 | Train Loss 266.2586 | Val Loss 256.4113 MAE 0.3864 R2 0.7676
2026-08-30 03:43:50 | Epoch  49/100 | Train Loss 266.2714 | Val Loss 256.1834 MAE 0.3819 R2 0.7640
2026-08-30 03:43:51 | Epoch  50/100 | Train Loss 266.2861 | Val Loss 256.2551 MAE 0.3890 R2 0.7703
2026-08-30 03:43:51 |   Val R2 improved to 0.7703, model saved
2026-08-30 03:43:51 | Epoch  51/100 | Train Loss 266.2385 | Val Loss 255.9392 MAE 0.3908 R2 0.7715
2026-08-30 03:43:51 |   Val R2 improved to 0.7715, model saved
2026-08-30 03:43:51 | Epoch  52/100 | Train Loss 266.1439 | Val Loss 256.1458 MAE 0.3833 R2 0.7733
2026-08-30 03:43:51 |   Val R2 improved to 0.7733, model saved
2026-08-30 03:43:51 | Epoch  53/100 | Train Loss 266.1213 | Val Loss 255.9058 MAE 0.3842 R2 0.7723
2026-08-30 03:43:51 | Epoch  54/100 | Train Loss 265.9938 | Val Loss 255.9227 MAE 0.3906 R2 0.7710
2026-08-30 03:43:51 | Epoch  55/100 | Train Loss 265.9039 | Val Loss 255.3575 MAE 0.3789 R2 0.7742
2026-08-30 03:43:51 |   Val R2 improved to 0.7742, model saved
2026-08-30 03:43:51 | Epoch  56/100 | Train Loss 265.7728 | Val Loss 255.5200 MAE 0.3866 R2 0.7724
2026-08-30 03:43:52 | Epoch  57/100 | Train Loss 265.7414 | Val Loss 255.3902 MAE 0.3777 R2 0.7733
2026-08-30 03:43:52 | Epoch  58/100 | Train Loss 265.7417 | Val Loss 255.7969 MAE 0.3950 R2 0.7696
2026-08-30 03:43:52 | Epoch  59/100 | Train Loss 265.7117 | Val Loss 255.5534 MAE 0.3962 R2 0.7706
2026-08-30 03:43:52 | Epoch  60/100 | Train Loss 265.5948 | Val Loss 255.4608 MAE 0.3822 R2 0.7730
2026-08-30 03:43:52 | Epoch  61/100 | Train Loss 265.5839 | Val Loss 255.4150 MAE 0.3918 R2 0.7735
2026-08-30 03:43:52 | Epoch  62/100 | Train Loss 265.8092 | Val Loss 255.2996 MAE 0.3786 R2 0.7747
2026-08-30 03:43:52 |   Val R2 improved to 0.7747, model saved
2026-08-30 03:43:52 | Epoch  63/100 | Train Loss 265.6049 | Val Loss 255.4154 MAE 0.3823 R2 0.7713
2026-08-30 03:43:53 | Epoch  64/100 | Train Loss 265.6821 | Val Loss 255.4365 MAE 0.3765 R2 0.7754
2026-08-30 03:43:53 |   Val R2 improved to 0.7754, model saved
2026-08-30 03:43:53 | Epoch  65/100 | Train Loss 265.5825 | Val Loss 255.4464 MAE 0.3980 R2 0.7703
2026-08-30 03:43:53 | Epoch  66/100 | Train Loss 265.5853 | Val Loss 255.1761 MAE 0.3778 R2 0.7739
2026-08-30 03:43:53 | Epoch  67/100 | Train Loss 265.3887 | Val Loss 255.1387 MAE 0.3763 R2 0.7716
2026-08-30 03:43:53 | Epoch  68/100 | Train Loss 265.3269 | Val Loss 255.6418 MAE 0.3963 R2 0.7734
2026-08-30 03:43:53 | Epoch  69/100 | Train Loss 265.1956 | Val Loss 255.1018 MAE 0.3857 R2 0.7756
2026-08-30 03:43:53 |   Val R2 improved to 0.7756, model saved
2026-08-30 03:43:53 | Epoch  70/100 | Train Loss 265.4026 | Val Loss 255.1008 MAE 0.3789 R2 0.7768
2026-08-30 03:43:53 |   Val R2 improved to 0.7768, model saved
2026-08-30 03:43:54 | Epoch  71/100 | Train Loss 265.2342 | Val Loss 255.0581 MAE 0.3939 R2 0.7721
2026-08-30 03:43:54 | Epoch  72/100 | Train Loss 265.1235 | Val Loss 255.0535 MAE 0.3805 R2 0.7777
2026-08-30 03:43:54 |   Val R2 improved to 0.7777, model saved
2026-08-30 03:43:54 | Epoch  73/100 | Train Loss 265.1689 | Val Loss 254.9693 MAE 0.3745 R2 0.7782
2026-08-30 03:43:54 |   Val R2 improved to 0.7782, model saved
2026-08-30 03:43:54 | Epoch  74/100 | Train Loss 264.9918 | Val Loss 254.5585 MAE 0.3850 R2 0.7739
2026-08-30 03:43:54 | Epoch  75/100 | Train Loss 265.0209 | Val Loss 254.4701 MAE 0.3734 R2 0.7767
2026-08-30 03:43:54 | Epoch  76/100 | Train Loss 265.0234 | Val Loss 254.7864 MAE 0.3833 R2 0.7766
2026-08-30 03:43:54 | Epoch  77/100 | Train Loss 264.8192 | Val Loss 254.3944 MAE 0.4112 R2 0.7689
2026-08-30 03:43:55 | Epoch  78/100 | Train Loss 264.7166 | Val Loss 254.4042 MAE 0.3782 R2 0.7755
2026-08-30 03:43:55 | Epoch  79/100 | Train Loss 264.7423 | Val Loss 254.0040 MAE 0.3740 R2 0.7787
2026-08-30 03:43:55 |   Val R2 improved to 0.7787, model saved
2026-08-30 03:43:55 | Epoch  80/100 | Train Loss 264.6579 | Val Loss 254.8352 MAE 0.3899 R2 0.7766
2026-08-30 03:43:55 | Epoch  81/100 | Train Loss 264.6553 | Val Loss 254.6600 MAE 0.3838 R2 0.7774
2026-08-30 03:43:55 | Epoch  82/100 | Train Loss 264.7014 | Val Loss 253.9085 MAE 0.3722 R2 0.7791
2026-08-30 03:43:55 |   Val R2 improved to 0.7791, model saved
2026-08-30 03:43:55 | Epoch  83/100 | Train Loss 264.5950 | Val Loss 254.3936 MAE 0.3788 R2 0.7779
2026-08-30 03:43:55 | Epoch  84/100 | Train Loss 264.5715 | Val Loss 254.2490 MAE 0.3920 R2 0.7737
2026-08-30 03:43:56 | Epoch  85/100 | Train Loss 264.3658 | Val Loss 254.3093 MAE 0.3714 R2 0.7796
2026-08-30 03:43:56 |   Val R2 improved to 0.7796, model saved
2026-08-30 03:43:56 | Epoch  86/100 | Train Loss 264.5416 | Val Loss 253.9851 MAE 0.3771 R2 0.7792
2026-08-30 03:43:56 | Epoch  87/100 | Train Loss 264.3921 | Val Loss 254.0563 MAE 0.3739 R2 0.7771
2026-08-30 03:43:56 | Epoch  88/100 | Train Loss 264.4243 | Val Loss 254.2470 MAE 0.3800 R2 0.7797
2026-08-30 03:43:56 |   Val R2 improved to 0.7797, model saved
2026-08-30 03:43:56 | Epoch  89/100 | Train Loss 264.2584 | Val Loss 253.9615 MAE 0.3844 R2 0.7788
2026-08-30 03:43:56 | Epoch  90/100 | Train Loss 264.3922 | Val Loss 254.2980 MAE 0.3721 R2 0.7815
2026-08-30 03:43:56 |   Val R2 improved to 0.7815, model saved
2026-08-30 03:43:57 | Epoch  91/100 | Train Loss 264.4140 | Val Loss 253.8423 MAE 0.3766 R2 0.7812
2026-08-30 03:43:57 | Epoch  92/100 | Train Loss 264.2508 | Val Loss 253.8729 MAE 0.3745 R2 0.7819
2026-08-30 03:43:57 |   Val R2 improved to 0.7819, model saved
2026-08-30 03:43:57 | Epoch  93/100 | Train Loss 264.2945 | Val Loss 254.0169 MAE 0.3847 R2 0.7782
2026-08-30 03:43:57 | Epoch  94/100 | Train Loss 264.2530 | Val Loss 254.0501 MAE 0.3734 R2 0.7808
2026-08-30 03:43:57 | Epoch  95/100 | Train Loss 264.2478 | Val Loss 254.3263 MAE 0.3726 R2 0.7811
2026-08-30 03:43:57 | Epoch  96/100 | Train Loss 264.2314 | Val Loss 253.6590 MAE 0.3738 R2 0.7815
2026-08-30 03:43:57 | Epoch  97/100 | Train Loss 264.2355 | Val Loss 253.8300 MAE 0.3782 R2 0.7814
2026-08-30 03:43:58 | Epoch  98/100 | Train Loss 264.1671 | Val Loss 254.1899 MAE 0.3741 R2 0.7784
2026-08-30 03:43:58 | Epoch  99/100 | Train Loss 264.1558 | Val Loss 253.8226 MAE 0.3775 R2 0.7814
2026-08-30 03:43:58 | Epoch 100/100 | Train Loss 264.1791 | Val Loss 254.0815 MAE 0.3752 R2 0.7823
2026-08-30 03:43:58 |   Val R2 improved to 0.7823, model saved
2026-08-30 03:43:58 | Run 3/5 | Test (best model @ Epoch 100) | Loss 253.7886 MAE 0.3741 R2 0.7729
2026-08-30 03:43:58 | ===== Run 4/5 (seed 3) =====
2026-08-30 03:43:58 | Epoch   1/100 | Train Loss 293.7782 | Val Loss 268.3907 MAE 1.1133 R2 -0.5300
2026-08-30 03:43:58 |   Val R2 improved to -0.5300, model saved
2026-08-30 03:43:58 | Epoch   2/100 | Train Loss 273.8903 | Val Loss 259.8663 MAE 0.7508 R2 0.1565
2026-08-30 03:43:58 |   Val R2 improved to 0.1565, model saved
2026-08-30 03:43:58 | Epoch   3/100 | Train Loss 270.0243 | Val Loss 256.5586 MAE 0.5841 R2 0.5202
2026-08-30 03:43:58 |   Val R2 improved to 0.5202, model saved
2026-08-30 03:43:59 | Epoch   4/100 | Train Loss 268.0154 | Val Loss 255.7240 MAE 0.5280 R2 0.5898
2026-08-30 03:43:59 |   Val R2 improved to 0.5898, model saved
2026-08-30 03:43:59 | Epoch   5/100 | Train Loss 266.5701 | Val Loss 253.8388 MAE 0.4862 R2 0.6423
2026-08-30 03:43:59 |   Val R2 improved to 0.6423, model saved
2026-08-30 03:43:59 | Epoch   6/100 | Train Loss 265.5094 | Val Loss 252.6683 MAE 0.4805 R2 0.6574
2026-08-30 03:43:59 |   Val R2 improved to 0.6574, model saved
2026-08-30 03:43:59 | Epoch   7/100 | Train Loss 264.2798 | Val Loss 252.0500 MAE 0.4699 R2 0.6897
2026-08-30 03:43:59 |   Val R2 improved to 0.6897, model saved
2026-08-30 03:43:59 | Epoch   8/100 | Train Loss 263.4153 | Val Loss 251.2584 MAE 0.4571 R2 0.6915
2026-08-30 03:43:59 |   Val R2 improved to 0.6915, model saved
2026-08-30 03:43:59 | Epoch   9/100 | Train Loss 262.6157 | Val Loss 250.3724 MAE 0.4371 R2 0.7082
2026-08-30 03:43:59 |   Val R2 improved to 0.7082, model saved
2026-08-30 03:43:59 | Epoch  10/100 | Train Loss 262.0296 | Val Loss 250.1899 MAE 0.4336 R2 0.7120
2026-08-30 03:43:59 |   Val R2 improved to 0.7120, model saved
2026-08-30 03:43:59 | Epoch  11/100 | Train Loss 261.4732 | Val Loss 249.9279 MAE 0.4434 R2 0.7143
2026-08-30 03:43:59 |   Val R2 improved to 0.7143, model saved
2026-08-30 03:44:00 | Epoch  12/100 | Train Loss 260.8667 | Val Loss 249.0506 MAE 0.4295 R2 0.7280
2026-08-30 03:44:00 |   Val R2 improved to 0.7280, model saved
2026-08-30 03:44:00 | Epoch  13/100 | Train Loss 260.4419 | Val Loss 248.6340 MAE 0.4226 R2 0.7287
2026-08-30 03:44:00 |   Val R2 improved to 0.7287, model saved
2026-08-30 03:44:00 | Epoch  14/100 | Train Loss 260.2295 | Val Loss 248.2700 MAE 0.4224 R2 0.7310
2026-08-30 03:44:00 |   Val R2 improved to 0.7310, model saved
2026-08-30 03:44:00 | Epoch  15/100 | Train Loss 259.7414 | Val Loss 247.7495 MAE 0.4150 R2 0.7343
2026-08-30 03:44:00 |   Val R2 improved to 0.7343, model saved
2026-08-30 03:44:00 | Epoch  16/100 | Train Loss 259.4439 | Val Loss 247.6379 MAE 0.4169 R2 0.7390
2026-08-30 03:44:00 |   Val R2 improved to 0.7390, model saved
2026-08-30 03:44:00 | Epoch  17/100 | Train Loss 259.0219 | Val Loss 247.2790 MAE 0.4159 R2 0.7280
2026-08-30 03:44:00 | Epoch  18/100 | Train Loss 258.7020 | Val Loss 247.2862 MAE 0.4297 R2 0.7262
2026-08-30 03:44:00 | Epoch  19/100 | Train Loss 258.5556 | Val Loss 246.6761 MAE 0.4139 R2 0.7440
2026-08-30 03:44:00 |   Val R2 improved to 0.7440, model saved
2026-08-30 03:44:00 | Epoch  20/100 | Train Loss 258.2179 | Val Loss 246.5359 MAE 0.4077 R2 0.7475
2026-08-30 03:44:00 |   Val R2 improved to 0.7475, model saved
2026-08-30 03:44:01 | Epoch  21/100 | Train Loss 258.1291 | Val Loss 246.2981 MAE 0.4100 R2 0.7427
2026-08-30 03:44:01 | Epoch  22/100 | Train Loss 257.9832 | Val Loss 246.2731 MAE 0.4042 R2 0.7479
2026-08-30 03:44:01 |   Val R2 improved to 0.7479, model saved
2026-08-30 03:44:01 | Epoch  23/100 | Train Loss 257.8096 | Val Loss 246.4561 MAE 0.4201 R2 0.7456
2026-08-30 03:44:01 | Epoch  24/100 | Train Loss 257.7026 | Val Loss 246.0445 MAE 0.4104 R2 0.7434
2026-08-30 03:44:01 | Epoch  25/100 | Train Loss 257.4159 | Val Loss 246.0882 MAE 0.4064 R2 0.7489
2026-08-30 03:44:01 |   Val R2 improved to 0.7489, model saved
2026-08-30 03:44:01 | Epoch  26/100 | Train Loss 257.2318 | Val Loss 245.9840 MAE 0.4003 R2 0.7485
2026-08-30 03:44:01 | Epoch  27/100 | Train Loss 257.1966 | Val Loss 246.0032 MAE 0.4053 R2 0.7547
2026-08-30 03:44:01 |   Val R2 improved to 0.7547, model saved
2026-08-30 03:44:01 | Epoch  28/100 | Train Loss 257.2406 | Val Loss 246.1651 MAE 0.4126 R2 0.7524
2026-08-30 03:44:01 | Epoch  29/100 | Train Loss 257.1103 | Val Loss 245.5181 MAE 0.3962 R2 0.7558
2026-08-30 03:44:01 |   Val R2 improved to 0.7558, model saved
2026-08-30 03:44:01 | Epoch  30/100 | Train Loss 256.9554 | Val Loss 245.6486 MAE 0.4031 R2 0.7426
2026-08-30 03:44:02 | Epoch  31/100 | Train Loss 256.8417 | Val Loss 245.8118 MAE 0.4098 R2 0.7508
2026-08-30 03:44:02 | Epoch  32/100 | Train Loss 256.6919 | Val Loss 245.2799 MAE 0.3951 R2 0.7541
2026-08-30 03:44:02 | Epoch  33/100 | Train Loss 256.6282 | Val Loss 245.2429 MAE 0.3974 R2 0.7583
2026-08-30 03:44:02 |   Val R2 improved to 0.7583, model saved
2026-08-30 03:44:02 | Epoch  34/100 | Train Loss 256.4955 | Val Loss 245.5778 MAE 0.3976 R2 0.7609
2026-08-30 03:44:02 |   Val R2 improved to 0.7609, model saved
2026-08-30 03:44:02 | Epoch  35/100 | Train Loss 256.4972 | Val Loss 245.0599 MAE 0.3931 R2 0.7534
2026-08-30 03:44:02 | Epoch  36/100 | Train Loss 256.3924 | Val Loss 245.1704 MAE 0.3904 R2 0.7570
2026-08-30 03:44:02 | Epoch  37/100 | Train Loss 256.4276 | Val Loss 244.8652 MAE 0.3887 R2 0.7601
2026-08-30 03:44:03 | Epoch  38/100 | Train Loss 256.2564 | Val Loss 244.9793 MAE 0.3927 R2 0.7623
2026-08-30 03:44:03 |   Val R2 improved to 0.7623, model saved
2026-08-30 03:44:03 | Epoch  39/100 | Train Loss 256.1629 | Val Loss 244.8632 MAE 0.3888 R2 0.7608
2026-08-30 03:44:03 | Epoch  40/100 | Train Loss 256.0025 | Val Loss 244.5945 MAE 0.3871 R2 0.7627
2026-08-30 03:44:03 |   Val R2 improved to 0.7627, model saved
2026-08-30 03:44:03 | Epoch  41/100 | Train Loss 256.1139 | Val Loss 244.7737 MAE 0.3881 R2 0.7640
2026-08-30 03:44:03 |   Val R2 improved to 0.7640, model saved
2026-08-30 03:44:03 | Epoch  42/100 | Train Loss 255.9338 | Val Loss 244.9234 MAE 0.3929 R2 0.7663
2026-08-30 03:44:03 |   Val R2 improved to 0.7663, model saved
2026-08-30 03:44:03 | Epoch  43/100 | Train Loss 255.8944 | Val Loss 244.4691 MAE 0.3949 R2 0.7646
2026-08-30 03:44:03 | Epoch  44/100 | Train Loss 255.8617 | Val Loss 244.9122 MAE 0.3852 R2 0.7662
2026-08-30 03:44:03 | Epoch  45/100 | Train Loss 255.9282 | Val Loss 244.4737 MAE 0.3855 R2 0.7656
2026-08-30 03:44:03 | Epoch  46/100 | Train Loss 255.8407 | Val Loss 244.5369 MAE 0.3897 R2 0.7554
2026-08-30 03:44:03 | Epoch  47/100 | Train Loss 255.8130 | Val Loss 244.7655 MAE 0.3922 R2 0.7653
2026-08-30 03:44:04 | Epoch  48/100 | Train Loss 255.8176 | Val Loss 244.4396 MAE 0.3895 R2 0.7681
2026-08-30 03:44:04 |   Val R2 improved to 0.7681, model saved
2026-08-30 03:44:04 | Epoch  49/100 | Train Loss 255.7437 | Val Loss 244.2891 MAE 0.3840 R2 0.7675
2026-08-30 03:44:04 | Epoch  50/100 | Train Loss 255.6258 | Val Loss 244.1487 MAE 0.3886 R2 0.7691
2026-08-30 03:44:04 |   Val R2 improved to 0.7691, model saved
2026-08-30 03:44:04 | Epoch  51/100 | Train Loss 255.7112 | Val Loss 244.7101 MAE 0.3883 R2 0.7690
2026-08-30 03:44:04 | Epoch  52/100 | Train Loss 255.6405 | Val Loss 244.2945 MAE 0.3868 R2 0.7589
2026-08-30 03:44:04 | Epoch  53/100 | Train Loss 255.6066 | Val Loss 244.2709 MAE 0.4073 R2 0.7643
2026-08-30 03:44:04 | Epoch  54/100 | Train Loss 255.4860 | Val Loss 244.2174 MAE 0.3831 R2 0.7665
2026-08-30 03:44:04 | Epoch  55/100 | Train Loss 255.5340 | Val Loss 244.2479 MAE 0.3854 R2 0.7699
2026-08-30 03:44:04 |   Val R2 improved to 0.7699, model saved
2026-08-30 03:44:04 | Epoch  56/100 | Train Loss 255.4367 | Val Loss 244.0123 MAE 0.3839 R2 0.7701
2026-08-30 03:44:04 |   Val R2 improved to 0.7701, model saved
2026-08-30 03:44:04 | Epoch  57/100 | Train Loss 255.3840 | Val Loss 244.2851 MAE 0.3928 R2 0.7694
2026-08-30 03:44:05 | Epoch  58/100 | Train Loss 255.2934 | Val Loss 243.6982 MAE 0.3805 R2 0.7677
2026-08-30 03:44:05 | Epoch  59/100 | Train Loss 255.1627 | Val Loss 243.7835 MAE 0.3849 R2 0.7711
2026-08-30 03:44:05 |   Val R2 improved to 0.7711, model saved
2026-08-30 03:44:05 | Epoch  60/100 | Train Loss 255.1791 | Val Loss 244.0585 MAE 0.3808 R2 0.7674
2026-08-30 03:44:05 | Epoch  61/100 | Train Loss 255.0964 | Val Loss 243.7815 MAE 0.3878 R2 0.7708
2026-08-30 03:44:05 | Epoch  62/100 | Train Loss 255.1687 | Val Loss 244.0275 MAE 0.3797 R2 0.7719
2026-08-30 03:44:05 |   Val R2 improved to 0.7719, model saved
2026-08-30 03:44:05 | Epoch  63/100 | Train Loss 255.1195 | Val Loss 244.0300 MAE 0.3888 R2 0.7710
2026-08-30 03:44:06 | Epoch  64/100 | Train Loss 255.0305 | Val Loss 243.8994 MAE 0.3793 R2 0.7697
2026-08-30 03:44:06 | Epoch  65/100 | Train Loss 255.0776 | Val Loss 243.9386 MAE 0.3882 R2 0.7722
2026-08-30 03:44:06 |   Val R2 improved to 0.7722, model saved
2026-08-30 03:44:06 | Epoch  66/100 | Train Loss 254.9343 | Val Loss 243.3825 MAE 0.3832 R2 0.7725
2026-08-30 03:44:06 |   Val R2 improved to 0.7725, model saved
2026-08-30 03:44:06 | Epoch  67/100 | Train Loss 254.9823 | Val Loss 243.6205 MAE 0.3882 R2 0.7718
2026-08-30 03:44:06 | Epoch  68/100 | Train Loss 254.9039 | Val Loss 243.5048 MAE 0.3806 R2 0.7701
2026-08-30 03:44:06 | Epoch  69/100 | Train Loss 254.8892 | Val Loss 243.6416 MAE 0.3820 R2 0.7735
2026-08-30 03:44:06 |   Val R2 improved to 0.7735, model saved
2026-08-30 03:44:06 | Epoch  70/100 | Train Loss 254.8746 | Val Loss 243.4650 MAE 0.3778 R2 0.7743
2026-08-30 03:44:06 |   Val R2 improved to 0.7743, model saved
2026-08-30 03:44:07 | Epoch  71/100 | Train Loss 254.6071 | Val Loss 243.6674 MAE 0.3810 R2 0.7745
2026-08-30 03:44:07 |   Val R2 improved to 0.7745, model saved
2026-08-30 03:44:07 | Epoch  72/100 | Train Loss 254.5846 | Val Loss 243.3188 MAE 0.3816 R2 0.7668
2026-08-30 03:44:07 | Epoch  73/100 | Train Loss 254.5139 | Val Loss 242.9962 MAE 0.3790 R2 0.7740
2026-08-30 03:44:07 | Epoch  74/100 | Train Loss 254.3398 | Val Loss 243.1859 MAE 0.3843 R2 0.7749
2026-08-30 03:44:07 |   Val R2 improved to 0.7749, model saved
2026-08-30 03:44:07 | Epoch  75/100 | Train Loss 254.3810 | Val Loss 242.6554 MAE 0.3830 R2 0.7738
2026-08-30 03:44:07 | Epoch  76/100 | Train Loss 254.3220 | Val Loss 243.0123 MAE 0.3780 R2 0.7736
2026-08-30 03:44:07 | Epoch  77/100 | Train Loss 254.3776 | Val Loss 242.6820 MAE 0.3866 R2 0.7746
2026-08-30 03:44:08 | Epoch  78/100 | Train Loss 254.2721 | Val Loss 243.2771 MAE 0.3795 R2 0.7765
2026-08-30 03:44:08 |   Val R2 improved to 0.7765, model saved
2026-08-30 03:44:08 | Epoch  79/100 | Train Loss 254.3244 | Val Loss 242.9436 MAE 0.4001 R2 0.7712
2026-08-30 03:44:08 | Epoch  80/100 | Train Loss 254.1125 | Val Loss 242.8434 MAE 0.3787 R2 0.7673
2026-08-30 03:44:08 | Epoch  81/100 | Train Loss 253.9374 | Val Loss 242.6901 MAE 0.3770 R2 0.7760
2026-08-30 03:44:08 | Epoch  82/100 | Train Loss 253.9648 | Val Loss 242.4684 MAE 0.3800 R2 0.7767
2026-08-30 03:44:08 |   Val R2 improved to 0.7767, model saved
2026-08-30 03:44:08 | Epoch  83/100 | Train Loss 253.8746 | Val Loss 242.2719 MAE 0.3804 R2 0.7763
2026-08-30 03:44:08 | Epoch  84/100 | Train Loss 253.7699 | Val Loss 242.4295 MAE 0.3748 R2 0.7778
2026-08-30 03:44:08 |   Val R2 improved to 0.7778, model saved
2026-08-30 03:44:08 | Epoch  85/100 | Train Loss 253.9204 | Val Loss 242.5254 MAE 0.3760 R2 0.7760
2026-08-30 03:44:08 | Epoch  86/100 | Train Loss 253.7957 | Val Loss 242.2495 MAE 0.3901 R2 0.7749
2026-08-30 03:44:09 | Epoch  87/100 | Train Loss 253.7166 | Val Loss 242.2457 MAE 0.3738 R2 0.7792
2026-08-30 03:44:09 |   Val R2 improved to 0.7792, model saved
2026-08-30 03:44:09 | Epoch  88/100 | Train Loss 253.5936 | Val Loss 242.2708 MAE 0.3762 R2 0.7780
2026-08-30 03:44:09 | Epoch  89/100 | Train Loss 253.6921 | Val Loss 242.3769 MAE 0.3775 R2 0.7788
2026-08-30 03:44:09 | Epoch  90/100 | Train Loss 253.8378 | Val Loss 242.5202 MAE 0.3753 R2 0.7781
2026-08-30 03:44:09 | Epoch  91/100 | Train Loss 253.7485 | Val Loss 242.6029 MAE 0.3852 R2 0.7768
2026-08-30 03:44:09 | Epoch  92/100 | Train Loss 253.7153 | Val Loss 242.0984 MAE 0.3801 R2 0.7783
2026-08-30 03:44:09 | Epoch  93/100 | Train Loss 253.5871 | Val Loss 242.2398 MAE 0.3779 R2 0.7692
2026-08-30 03:44:09 | Epoch  94/100 | Train Loss 253.4617 | Val Loss 241.9909 MAE 0.3730 R2 0.7785
2026-08-30 03:44:09 | Epoch  95/100 | Train Loss 253.3964 | Val Loss 242.5666 MAE 0.3755 R2 0.7790
2026-08-30 03:44:10 | Epoch  96/100 | Train Loss 253.3786 | Val Loss 241.7619 MAE 0.3745 R2 0.7798
2026-08-30 03:44:10 |   Val R2 improved to 0.7798, model saved
2026-08-30 03:44:10 | Epoch  97/100 | Train Loss 253.2322 | Val Loss 241.6978 MAE 0.3785 R2 0.7780
2026-08-30 03:44:10 | Epoch  98/100 | Train Loss 253.3397 | Val Loss 242.0625 MAE 0.3779 R2 0.7783
2026-08-30 03:44:10 | Epoch  99/100 | Train Loss 253.3524 | Val Loss 241.7707 MAE 0.3745 R2 0.7777
2026-08-30 03:44:10 | Epoch 100/100 | Train Loss 253.0864 | Val Loss 241.4339 MAE 0.3886 R2 0.7774
2026-08-30 03:44:10 | Run 4/5 | Test (best model @ Epoch 96) | Loss 241.8179 MAE 0.3725 R2 0.7701
2026-08-30 03:44:10 | ===== Run 5/5 (seed 4) =====
2026-08-30 03:44:10 | Epoch   1/100 | Train Loss 305.2496 | Val Loss 280.0885 MAE 1.1678 R2 -0.6746
2026-08-30 03:44:10 |   Val R2 improved to -0.6746, model saved
2026-08-30 03:44:10 | Epoch   2/100 | Train Loss 287.4153 | Val Loss 274.9727 MAE 0.7831 R2 0.1343
2026-08-30 03:44:10 |   Val R2 improved to 0.1343, model saved
2026-08-30 03:44:11 | Epoch   3/100 | Train Loss 284.1416 | Val Loss 273.3578 MAE 0.6353 R2 0.4192
2026-08-30 03:44:11 |   Val R2 improved to 0.4192, model saved
2026-08-30 03:44:11 | Epoch   4/100 | Train Loss 282.5376 | Val Loss 271.0154 MAE 0.5797 R2 0.5322
2026-08-30 03:44:11 |   Val R2 improved to 0.5322, model saved
2026-08-30 03:44:11 | Epoch   5/100 | Train Loss 281.4377 | Val Loss 271.1659 MAE 0.5327 R2 0.5946
2026-08-30 03:44:11 |   Val R2 improved to 0.5946, model saved
2026-08-30 03:44:11 | Epoch   6/100 | Train Loss 280.5853 | Val Loss 269.9572 MAE 0.5140 R2 0.6354
2026-08-30 03:44:11 |   Val R2 improved to 0.6354, model saved
2026-08-30 03:44:11 | Epoch   7/100 | Train Loss 279.4423 | Val Loss 269.2798 MAE 0.4957 R2 0.6473
2026-08-30 03:44:11 |   Val R2 improved to 0.6473, model saved
2026-08-30 03:44:11 | Epoch   8/100 | Train Loss 278.7796 | Val Loss 268.6133 MAE 0.4828 R2 0.6650
2026-08-30 03:44:11 |   Val R2 improved to 0.6650, model saved
2026-08-30 03:44:11 | Epoch   9/100 | Train Loss 278.0502 | Val Loss 268.0629 MAE 0.4677 R2 0.6659
2026-08-30 03:44:11 |   Val R2 improved to 0.6659, model saved
2026-08-30 03:44:12 | Epoch  10/100 | Train Loss 277.5622 | Val Loss 267.6868 MAE 0.4677 R2 0.6908
2026-08-30 03:44:12 |   Val R2 improved to 0.6908, model saved
2026-08-30 03:44:12 | Epoch  11/100 | Train Loss 277.0639 | Val Loss 267.3218 MAE 0.4500 R2 0.7011
2026-08-30 03:44:12 |   Val R2 improved to 0.7011, model saved
2026-08-30 03:44:12 | Epoch  12/100 | Train Loss 276.6098 | Val Loss 266.5419 MAE 0.4411 R2 0.7072
2026-08-30 03:44:12 |   Val R2 improved to 0.7072, model saved
2026-08-30 03:44:12 | Epoch  13/100 | Train Loss 276.1214 | Val Loss 266.3811 MAE 0.4311 R2 0.7189
2026-08-30 03:44:12 |   Val R2 improved to 0.7189, model saved
2026-08-30 03:44:12 | Epoch  14/100 | Train Loss 275.5914 | Val Loss 265.4984 MAE 0.4289 R2 0.7209
2026-08-30 03:44:12 |   Val R2 improved to 0.7209, model saved
2026-08-30 03:44:12 | Epoch  15/100 | Train Loss 275.2405 | Val Loss 265.2144 MAE 0.4431 R2 0.7049
2026-08-30 03:44:12 | Epoch  16/100 | Train Loss 274.9223 | Val Loss 265.2279 MAE 0.4331 R2 0.7201
2026-08-30 03:44:13 | Epoch  17/100 | Train Loss 274.6988 | Val Loss 265.2293 MAE 0.4295 R2 0.7332
2026-08-30 03:44:13 |   Val R2 improved to 0.7332, model saved
2026-08-30 03:44:13 | Epoch  18/100 | Train Loss 274.6066 | Val Loss 264.6934 MAE 0.4167 R2 0.7343
2026-08-30 03:44:13 |   Val R2 improved to 0.7343, model saved
2026-08-30 03:44:13 | Epoch  19/100 | Train Loss 274.4454 | Val Loss 265.1876 MAE 0.4148 R2 0.7369
2026-08-30 03:44:13 |   Val R2 improved to 0.7369, model saved
2026-08-30 03:44:13 | Epoch  20/100 | Train Loss 274.1398 | Val Loss 264.3841 MAE 0.4099 R2 0.7423
2026-08-30 03:44:13 |   Val R2 improved to 0.7423, model saved
2026-08-30 03:44:13 | Epoch  21/100 | Train Loss 273.9431 | Val Loss 264.2310 MAE 0.4188 R2 0.7412
2026-08-30 03:44:13 | Epoch  22/100 | Train Loss 273.7639 | Val Loss 263.9698 MAE 0.4162 R2 0.7428
2026-08-30 03:44:13 |   Val R2 improved to 0.7428, model saved
2026-08-30 03:44:14 | Epoch  23/100 | Train Loss 273.5868 | Val Loss 264.4322 MAE 0.4092 R2 0.7439
2026-08-30 03:44:14 |   Val R2 improved to 0.7439, model saved
2026-08-30 03:44:14 | Epoch  24/100 | Train Loss 273.5044 | Val Loss 263.3860 MAE 0.4050 R2 0.7493
2026-08-30 03:44:14 |   Val R2 improved to 0.7493, model saved
2026-08-30 03:44:14 | Epoch  25/100 | Train Loss 273.4269 | Val Loss 263.8451 MAE 0.4063 R2 0.7440
2026-08-30 03:44:14 | Epoch  26/100 | Train Loss 273.1701 | Val Loss 263.6153 MAE 0.4128 R2 0.7443
2026-08-30 03:44:14 | Epoch  27/100 | Train Loss 273.1139 | Val Loss 263.5585 MAE 0.4058 R2 0.7446
2026-08-30 03:44:14 | Epoch  28/100 | Train Loss 273.0408 | Val Loss 263.6466 MAE 0.4110 R2 0.7494
2026-08-30 03:44:14 |   Val R2 improved to 0.7494, model saved
2026-08-30 03:44:14 | Epoch  29/100 | Train Loss 272.6741 | Val Loss 262.7484 MAE 0.3994 R2 0.7535
2026-08-30 03:44:14 |   Val R2 improved to 0.7535, model saved
2026-08-30 03:44:14 | Epoch  30/100 | Train Loss 272.7637 | Val Loss 263.3782 MAE 0.4123 R2 0.7408
2026-08-30 03:44:15 | Epoch  31/100 | Train Loss 272.5412 | Val Loss 263.0676 MAE 0.3969 R2 0.7454
2026-08-30 03:44:15 | Epoch  32/100 | Train Loss 272.4192 | Val Loss 262.9004 MAE 0.3946 R2 0.7562
2026-08-30 03:44:15 |   Val R2 improved to 0.7562, model saved
2026-08-30 03:44:15 | Epoch  33/100 | Train Loss 272.4512 | Val Loss 262.6045 MAE 0.3969 R2 0.7547
2026-08-30 03:44:15 | Epoch  34/100 | Train Loss 272.2252 | Val Loss 262.6640 MAE 0.4039 R2 0.7512
2026-08-30 03:44:15 | Epoch  35/100 | Train Loss 272.2878 | Val Loss 262.8567 MAE 0.4002 R2 0.7556
2026-08-30 03:44:15 | Epoch  36/100 | Train Loss 272.2357 | Val Loss 262.6321 MAE 0.3970 R2 0.7553
2026-08-30 03:44:15 | Epoch  37/100 | Train Loss 272.2384 | Val Loss 262.9618 MAE 0.3958 R2 0.7578
2026-08-30 03:44:15 |   Val R2 improved to 0.7578, model saved
2026-08-30 03:44:16 | Epoch  38/100 | Train Loss 272.0006 | Val Loss 262.4352 MAE 0.3950 R2 0.7599
2026-08-30 03:44:16 |   Val R2 improved to 0.7599, model saved
2026-08-30 03:44:16 | Epoch  39/100 | Train Loss 271.9110 | Val Loss 262.6760 MAE 0.3901 R2 0.7562
2026-08-30 03:44:16 | Epoch  40/100 | Train Loss 271.9917 | Val Loss 262.5620 MAE 0.4336 R2 0.7416
2026-08-30 03:44:16 | Epoch  41/100 | Train Loss 271.9495 | Val Loss 262.3850 MAE 0.3963 R2 0.7526
2026-08-30 03:44:16 | Epoch  42/100 | Train Loss 271.9222 | Val Loss 262.4880 MAE 0.3960 R2 0.7598
2026-08-30 03:44:16 | Epoch  43/100 | Train Loss 271.9058 | Val Loss 262.4589 MAE 0.3923 R2 0.7564
2026-08-30 03:44:16 | Epoch  44/100 | Train Loss 271.7842 | Val Loss 262.7255 MAE 0.3890 R2 0.7640
2026-08-30 03:44:16 |   Val R2 improved to 0.7640, model saved
2026-08-30 03:44:17 | Epoch  45/100 | Train Loss 271.7143 | Val Loss 262.0064 MAE 0.3877 R2 0.7594
2026-08-30 03:44:17 | Epoch  46/100 | Train Loss 271.7888 | Val Loss 261.9213 MAE 0.3949 R2 0.7520
2026-08-30 03:44:17 | Epoch  47/100 | Train Loss 271.7983 | Val Loss 262.3015 MAE 0.4032 R2 0.7522
2026-08-30 03:44:17 | Epoch  48/100 | Train Loss 271.6541 | Val Loss 262.2159 MAE 0.3984 R2 0.7630
2026-08-30 03:44:17 | Epoch  49/100 | Train Loss 271.7306 | Val Loss 261.9745 MAE 0.3855 R2 0.7636
2026-08-30 03:44:17 | Epoch  50/100 | Train Loss 271.6067 | Val Loss 262.4061 MAE 0.3929 R2 0.7650
2026-08-30 03:44:17 |   Val R2 improved to 0.7650, model saved
2026-08-30 03:44:17 | Epoch  51/100 | Train Loss 271.5937 | Val Loss 262.1620 MAE 0.3869 R2 0.7675
2026-08-30 03:44:17 |   Val R2 improved to 0.7675, model saved
2026-08-30 03:44:18 | Epoch  52/100 | Train Loss 271.5296 | Val Loss 262.1372 MAE 0.3867 R2 0.7668
2026-08-30 03:44:18 | Epoch  53/100 | Train Loss 271.5079 | Val Loss 262.1166 MAE 0.3963 R2 0.7641
2026-08-30 03:44:18 | Epoch  54/100 | Train Loss 271.4519 | Val Loss 262.1059 MAE 0.3873 R2 0.7675
2026-08-30 03:44:18 |   Val R2 improved to 0.7675, model saved
2026-08-30 03:44:18 | Epoch  55/100 | Train Loss 271.4329 | Val Loss 261.7805 MAE 0.3905 R2 0.7673
2026-08-30 03:44:18 | Epoch  56/100 | Train Loss 271.4130 | Val Loss 262.0626 MAE 0.3843 R2 0.7668
2026-08-30 03:44:18 | Epoch  57/100 | Train Loss 271.3407 | Val Loss 262.1336 MAE 0.4035 R2 0.7573
2026-08-30 03:44:18 | Epoch  58/100 | Train Loss 271.4958 | Val Loss 261.9892 MAE 0.3886 R2 0.7687
2026-08-30 03:44:18 |   Val R2 improved to 0.7687, model saved
2026-08-30 03:44:19 | Epoch  59/100 | Train Loss 271.4783 | Val Loss 261.8569 MAE 0.3848 R2 0.7667
2026-08-30 03:44:19 | Epoch  60/100 | Train Loss 271.3202 | Val Loss 261.9709 MAE 0.3835 R2 0.7659
2026-08-30 03:44:19 | Epoch  61/100 | Train Loss 271.1987 | Val Loss 261.9534 MAE 0.3878 R2 0.7666
2026-08-30 03:44:19 | Epoch  62/100 | Train Loss 271.1092 | Val Loss 261.9227 MAE 0.3871 R2 0.7637
2026-08-30 03:44:19 | Epoch  63/100 | Train Loss 271.2925 | Val Loss 261.8543 MAE 0.3880 R2 0.7708
2026-08-30 03:44:19 |   Val R2 improved to 0.7708, model saved
2026-08-30 03:44:19 | Epoch  64/100 | Train Loss 271.1801 | Val Loss 262.0065 MAE 0.4008 R2 0.7671
2026-08-30 03:44:19 | Epoch  65/100 | Train Loss 271.2802 | Val Loss 261.7342 MAE 0.3812 R2 0.7701
2026-08-30 03:44:20 | Epoch  66/100 | Train Loss 271.2266 | Val Loss 261.3753 MAE 0.3840 R2 0.7629
2026-08-30 03:44:20 | Epoch  67/100 | Train Loss 271.2152 | Val Loss 261.9455 MAE 0.3932 R2 0.7706
2026-08-30 03:44:20 | Epoch  68/100 | Train Loss 271.1990 | Val Loss 261.5063 MAE 0.3818 R2 0.7721
2026-08-30 03:44:20 |   Val R2 improved to 0.7721, model saved
2026-08-30 03:44:20 | Epoch  69/100 | Train Loss 271.0759 | Val Loss 261.8889 MAE 0.3863 R2 0.7711
2026-08-30 03:44:20 | Epoch  70/100 | Train Loss 271.0485 | Val Loss 261.6354 MAE 0.4022 R2 0.7675
2026-08-30 03:44:20 | Epoch  71/100 | Train Loss 270.9305 | Val Loss 261.4353 MAE 0.3792 R2 0.7733
2026-08-30 03:44:20 |   Val R2 improved to 0.7733, model saved
2026-08-30 03:44:20 | Epoch  72/100 | Train Loss 270.8270 | Val Loss 261.3383 MAE 0.3812 R2 0.7724
2026-08-30 03:44:21 | Epoch  73/100 | Train Loss 270.8028 | Val Loss 261.5651 MAE 0.3990 R2 0.7697
2026-08-30 03:44:21 | Epoch  74/100 | Train Loss 270.8105 | Val Loss 261.0303 MAE 0.3784 R2 0.7718
2026-08-30 03:44:21 | Epoch  75/100 | Train Loss 270.7452 | Val Loss 261.1964 MAE 0.3775 R2 0.7739
2026-08-30 03:44:21 |   Val R2 improved to 0.7739, model saved
2026-08-30 03:44:21 | Epoch  76/100 | Train Loss 270.5715 | Val Loss 261.0987 MAE 0.3898 R2 0.7718
2026-08-30 03:44:21 | Epoch  77/100 | Train Loss 270.4900 | Val Loss 261.0080 MAE 0.3865 R2 0.7642
2026-08-30 03:44:21 | Epoch  78/100 | Train Loss 270.3629 | Val Loss 260.8567 MAE 0.3863 R2 0.7734
2026-08-30 03:44:21 | Epoch  79/100 | Train Loss 270.3629 | Val Loss 260.7275 MAE 0.3794 R2 0.7716
2026-08-30 03:44:22 | Epoch  80/100 | Train Loss 270.3805 | Val Loss 260.9245 MAE 0.3786 R2 0.7759
2026-08-30 03:44:22 |   Val R2 improved to 0.7759, model saved
2026-08-30 03:44:22 | Epoch  81/100 | Train Loss 270.3077 | Val Loss 260.9230 MAE 0.3811 R2 0.7761
2026-08-30 03:44:22 |   Val R2 improved to 0.7761, model saved
2026-08-30 03:44:22 | Epoch  82/100 | Train Loss 270.4311 | Val Loss 261.1989 MAE 0.3800 R2 0.7731
2026-08-30 03:44:22 | Epoch  83/100 | Train Loss 270.4326 | Val Loss 260.6730 MAE 0.3814 R2 0.7713
2026-08-30 03:44:22 | Epoch  84/100 | Train Loss 270.2070 | Val Loss 260.6236 MAE 0.3966 R2 0.7616
2026-08-30 03:44:22 | Epoch  85/100 | Train Loss 270.3107 | Val Loss 261.2732 MAE 0.3786 R2 0.7732
2026-08-30 03:44:23 | Epoch  86/100 | Train Loss 270.3246 | Val Loss 260.9288 MAE 0.3970 R2 0.7721
2026-08-30 03:44:23 | Epoch  87/100 | Train Loss 270.2074 | Val Loss 260.7393 MAE 0.3747 R2 0.7768
2026-08-30 03:44:23 |   Val R2 improved to 0.7768, model saved
2026-08-30 03:44:23 | Epoch  88/100 | Train Loss 270.2788 | Val Loss 260.9905 MAE 0.3785 R2 0.7781
2026-08-30 03:44:23 |   Val R2 improved to 0.7781, model saved
2026-08-30 03:44:23 | Epoch  89/100 | Train Loss 270.1346 | Val Loss 260.9284 MAE 0.3752 R2 0.7777
2026-08-30 03:44:23 | Epoch  90/100 | Train Loss 270.1861 | Val Loss 260.8070 MAE 0.3830 R2 0.7753
2026-08-30 03:44:23 | Epoch  91/100 | Train Loss 270.1158 | Val Loss 260.7008 MAE 0.3778 R2 0.7755
2026-08-30 03:44:23 | Epoch  92/100 | Train Loss 270.1921 | Val Loss 260.6807 MAE 0.3758 R2 0.7782
2026-08-30 03:44:23 |   Val R2 improved to 0.7782, model saved
2026-08-30 03:44:23 | Epoch  93/100 | Train Loss 270.2215 | Val Loss 260.7990 MAE 0.3802 R2 0.7789
2026-08-30 03:44:23 |   Val R2 improved to 0.7789, model saved
2026-08-30 03:44:24 | Epoch  94/100 | Train Loss 270.1245 | Val Loss 260.6804 MAE 0.3801 R2 0.7765
2026-08-30 03:44:24 | Epoch  95/100 | Train Loss 270.0696 | Val Loss 260.3761 MAE 0.3839 R2 0.7780
2026-08-30 03:44:24 | Epoch  96/100 | Train Loss 269.8704 | Val Loss 260.4604 MAE 0.3739 R2 0.7808
2026-08-30 03:44:24 |   Val R2 improved to 0.7808, model saved
2026-08-30 03:44:24 | Epoch  97/100 | Train Loss 269.8143 | Val Loss 260.4459 MAE 0.3884 R2 0.7760
2026-08-30 03:44:24 | Epoch  98/100 | Train Loss 269.8503 | Val Loss 261.4959 MAE 0.4017 R2 0.7681
2026-08-30 03:44:24 | Epoch  99/100 | Train Loss 270.1858 | Val Loss 260.1640 MAE 0.3761 R2 0.7790
2026-08-30 03:44:24 | Epoch 100/100 | Train Loss 269.8303 | Val Loss 260.1660 MAE 0.3839 R2 0.7668
2026-08-30 03:44:24 | Run 5/5 | Test (best model @ Epoch 96) | Loss 259.9055 MAE 0.3712 R2 0.7684
2026-08-30 03:44:24 | Average over 5 runs | Test Loss 253.6035±7.1380 MAE 0.3748±0.0047 R2 0.7675±0.0055
