2026-09-01 10:07:18 | Device: cuda
2026-09-01 10:07:18 | Args: {'model': 'opb', 'backbone': 'mlp', 'task': 'housing', 'epochs': 100, 'batch_size': 512, 'lr': 0.001, 'hidden_dims': [512, 256], 'dropout': 0.2, 'z_dim': 256, 'anchor_scale': 12.0, 'energy_classifier': False, 'max_len': 250, 'random_labels': False, 'beta': 1.0, 'patience': 10, 'runs': 5, 'seed': 0, 'data_dir': './data', 'save_path': 'output/california_mlp_opb/california_mlp_opb.pt', 'log_path': '/root/autodl-tmp/IB/tune_results/california_mlp_opb_beta_1_anchor_12/train.log', 'no_save': True}
2026-09-01 10:07:18 | ===== Run 1/5 (seed 0) =====
2026-09-01 10:07:19 | Epoch   1/100 | Train Loss 8.5227 | Val Loss 3.3624 MAE 0.6968 R2 0.2844
2026-09-01 10:07:19 |   Val R2 improved to 0.2844, model saved
2026-09-01 10:07:19 | Epoch   2/100 | Train Loss 3.5973 | Val Loss 1.8018 MAE 0.5266 R2 0.5917
2026-09-01 10:07:19 |   Val R2 improved to 0.5917, model saved
2026-09-01 10:07:20 | Epoch   3/100 | Train Loss 2.3411 | Val Loss 1.3276 MAE 0.4800 R2 0.6504
2026-09-01 10:07:20 |   Val R2 improved to 0.6504, model saved
2026-09-01 10:07:20 | Epoch   4/100 | Train Loss 1.8380 | Val Loss 1.2214 MAE 0.4559 R2 0.6769
2026-09-01 10:07:20 |   Val R2 improved to 0.6769, model saved
2026-09-01 10:07:20 | Epoch   5/100 | Train Loss 1.6006 | Val Loss 1.1241 MAE 0.4531 R2 0.7084
2026-09-01 10:07:20 |   Val R2 improved to 0.7084, model saved
2026-09-01 10:07:20 | Epoch   6/100 | Train Loss 1.4227 | Val Loss 1.0795 MAE 0.4464 R2 0.7061
2026-09-01 10:07:21 | Epoch   7/100 | Train Loss 1.3114 | Val Loss 1.0239 MAE 0.4420 R2 0.7177
2026-09-01 10:07:21 |   Val R2 improved to 0.7177, model saved
2026-09-01 10:07:21 | Epoch   8/100 | Train Loss 1.2446 | Val Loss 1.0299 MAE 0.4633 R2 0.7234
2026-09-01 10:07:21 |   Val R2 improved to 0.7234, model saved
2026-09-01 10:07:21 | Epoch   9/100 | Train Loss 1.1831 | Val Loss 0.9907 MAE 0.4564 R2 0.7047
2026-09-01 10:07:21 | Epoch  10/100 | Train Loss 1.1149 | Val Loss 0.9261 MAE 0.4395 R2 0.7197
2026-09-01 10:07:22 | Epoch  11/100 | Train Loss 1.0615 | Val Loss 0.8908 MAE 0.4383 R2 0.7380
2026-09-01 10:07:22 |   Val R2 improved to 0.7380, model saved
2026-09-01 10:07:22 | Epoch  12/100 | Train Loss 1.0679 | Val Loss 0.8820 MAE 0.4365 R2 0.7269
2026-09-01 10:07:22 | Epoch  13/100 | Train Loss 0.9940 | Val Loss 0.8764 MAE 0.4455 R2 0.7137
2026-09-01 10:07:23 | Epoch  14/100 | Train Loss 0.9587 | Val Loss 0.8297 MAE 0.4337 R2 0.7306
2026-09-01 10:07:23 | Epoch  15/100 | Train Loss 0.9101 | Val Loss 0.7896 MAE 0.4325 R2 0.7363
2026-09-01 10:07:23 | Epoch  16/100 | Train Loss 0.8792 | Val Loss 0.7414 MAE 0.4465 R2 0.7400
2026-09-01 10:07:23 |   Val R2 improved to 0.7400, model saved
2026-09-01 10:07:23 | Epoch  17/100 | Train Loss 0.8469 | Val Loss 0.7058 MAE 0.4384 R2 0.7441
2026-09-01 10:07:23 |   Val R2 improved to 0.7441, model saved
2026-09-01 10:07:24 | Epoch  18/100 | Train Loss 0.7941 | Val Loss 0.6812 MAE 0.4340 R2 0.7331
2026-09-01 10:07:24 | Epoch  19/100 | Train Loss 0.7480 | Val Loss 0.6585 MAE 0.4436 R2 0.7066
2026-09-01 10:07:24 | Epoch  20/100 | Train Loss 0.7062 | Val Loss 0.5965 MAE 0.4357 R2 0.7441
2026-09-01 10:07:24 | Epoch  21/100 | Train Loss 0.6541 | Val Loss 0.5967 MAE 0.4484 R2 0.7073
2026-09-01 10:07:25 | Epoch  22/100 | Train Loss 0.6343 | Val Loss 0.5482 MAE 0.4438 R2 0.7160
2026-09-01 10:07:25 | Epoch  23/100 | Train Loss 0.5960 | Val Loss 0.5031 MAE 0.4403 R2 0.7270
2026-09-01 10:07:25 | Epoch  24/100 | Train Loss 0.5545 | Val Loss 0.4937 MAE 0.4487 R2 0.7187
2026-09-01 10:07:25 | Epoch  25/100 | Train Loss 0.5255 | Val Loss 0.4691 MAE 0.4564 R2 0.6919
2026-09-01 10:07:26 | Epoch  26/100 | Train Loss 0.4949 | Val Loss 0.4339 MAE 0.4556 R2 0.6996
2026-09-01 10:07:26 | Epoch  27/100 | Train Loss 0.4701 | Val Loss 0.3991 MAE 0.4604 R2 0.7059
2026-09-01 10:07:26 | Val R2 did not improve for 10 consecutive epochs, early stopping at Epoch 27 (best R2 0.7441 @ Epoch 17)
2026-09-01 10:07:26 | Run 1/5 | Test (best model @ Epoch 17) | Loss 0.7066 MAE 0.4375 R2 0.7315
2026-09-01 10:07:26 | ===== Run 2/5 (seed 1) =====
2026-09-01 10:07:26 | Epoch   1/100 | Train Loss 8.7722 | Val Loss 3.4604 MAE 0.6150 R2 0.4427
2026-09-01 10:07:26 |   Val R2 improved to 0.4427, model saved
2026-09-01 10:07:26 | Epoch   2/100 | Train Loss 3.6879 | Val Loss 1.8175 MAE 0.5534 R2 0.5822
2026-09-01 10:07:26 |   Val R2 improved to 0.5822, model saved
2026-09-01 10:07:27 | Epoch   3/100 | Train Loss 2.3677 | Val Loss 1.3100 MAE 0.5178 R2 0.6602
2026-09-01 10:07:27 |   Val R2 improved to 0.6602, model saved
2026-09-01 10:07:27 | Epoch   4/100 | Train Loss 1.8491 | Val Loss 1.1786 MAE 0.4850 R2 0.6881
2026-09-01 10:07:27 |   Val R2 improved to 0.6881, model saved
2026-09-01 10:07:27 | Epoch   5/100 | Train Loss 1.5969 | Val Loss 1.1321 MAE 0.4771 R2 0.6928
2026-09-01 10:07:27 |   Val R2 improved to 0.6928, model saved
2026-09-01 10:07:27 | Epoch   6/100 | Train Loss 1.4135 | Val Loss 1.0792 MAE 0.4709 R2 0.7003
2026-09-01 10:07:27 |   Val R2 improved to 0.7003, model saved
2026-09-01 10:07:27 | Epoch   7/100 | Train Loss 1.2919 | Val Loss 1.0331 MAE 0.4745 R2 0.6996
2026-09-01 10:07:28 | Epoch   8/100 | Train Loss 1.2408 | Val Loss 1.0235 MAE 0.4619 R2 0.7027
2026-09-01 10:07:28 |   Val R2 improved to 0.7027, model saved
2026-09-01 10:07:28 | Epoch   9/100 | Train Loss 1.1773 | Val Loss 1.0323 MAE 0.4604 R2 0.7000
2026-09-01 10:07:28 | Epoch  10/100 | Train Loss 1.1404 | Val Loss 0.9679 MAE 0.4588 R2 0.7023
2026-09-01 10:07:28 | Epoch  11/100 | Train Loss 1.0752 | Val Loss 0.8993 MAE 0.4520 R2 0.7278
2026-09-01 10:07:28 |   Val R2 improved to 0.7278, model saved
2026-09-01 10:07:29 | Epoch  12/100 | Train Loss 1.0260 | Val Loss 0.9072 MAE 0.4604 R2 0.7002
2026-09-01 10:07:29 | Epoch  13/100 | Train Loss 0.9946 | Val Loss 0.8419 MAE 0.4605 R2 0.7140
2026-09-01 10:07:29 | Epoch  14/100 | Train Loss 0.9374 | Val Loss 0.8102 MAE 0.4470 R2 0.7369
2026-09-01 10:07:29 |   Val R2 improved to 0.7369, model saved
2026-09-01 10:07:30 | Epoch  15/100 | Train Loss 0.9323 | Val Loss 0.7872 MAE 0.4484 R2 0.7328
2026-09-01 10:07:30 | Epoch  16/100 | Train Loss 0.8689 | Val Loss 0.7301 MAE 0.4550 R2 0.7332
2026-09-01 10:07:30 | Epoch  17/100 | Train Loss 0.8226 | Val Loss 0.6970 MAE 0.4483 R2 0.7179
2026-09-01 10:07:30 | Epoch  18/100 | Train Loss 0.7729 | Val Loss 0.6633 MAE 0.4409 R2 0.7370
2026-09-01 10:07:30 |   Val R2 improved to 0.7370, model saved
2026-09-01 10:07:31 | Epoch  19/100 | Train Loss 0.7353 | Val Loss 0.6489 MAE 0.4587 R2 0.7046
2026-09-01 10:07:31 | Epoch  20/100 | Train Loss 0.7065 | Val Loss 0.5929 MAE 0.4520 R2 0.7192
2026-09-01 10:07:31 | Epoch  21/100 | Train Loss 0.6698 | Val Loss 0.5693 MAE 0.4546 R2 0.7077
2026-09-01 10:07:31 | Epoch  22/100 | Train Loss 0.6197 | Val Loss 0.5430 MAE 0.4465 R2 0.7182
2026-09-01 10:07:32 | Epoch  23/100 | Train Loss 0.5872 | Val Loss 0.5038 MAE 0.4570 R2 0.7312
2026-09-01 10:07:32 | Epoch  24/100 | Train Loss 0.5522 | Val Loss 0.4777 MAE 0.4592 R2 0.7154
2026-09-01 10:07:32 | Epoch  25/100 | Train Loss 0.5254 | Val Loss 0.4434 MAE 0.4659 R2 0.7107
2026-09-01 10:07:32 | Epoch  26/100 | Train Loss 0.5034 | Val Loss 0.4160 MAE 0.4595 R2 0.7252
2026-09-01 10:07:33 | Epoch  27/100 | Train Loss 0.4833 | Val Loss 0.4113 MAE 0.4698 R2 0.6912
2026-09-01 10:07:33 | Epoch  28/100 | Train Loss 0.4627 | Val Loss 0.3799 MAE 0.4650 R2 0.7164
2026-09-01 10:07:33 | Val R2 did not improve for 10 consecutive epochs, early stopping at Epoch 28 (best R2 0.7370 @ Epoch 18)
2026-09-01 10:07:33 | Run 2/5 | Test (best model @ Epoch 18) | Loss 0.6658 MAE 0.4406 R2 0.7238
2026-09-01 10:07:33 | ===== Run 3/5 (seed 2) =====
2026-09-01 10:07:33 | Epoch   1/100 | Train Loss 9.0723 | Val Loss 4.1370 MAE 0.9256 R2 -0.1492
2026-09-01 10:07:33 |   Val R2 improved to -0.1492, model saved
2026-09-01 10:07:34 | Epoch   2/100 | Train Loss 3.5983 | Val Loss 1.7346 MAE 0.5021 R2 0.6192
2026-09-01 10:07:34 |   Val R2 improved to 0.6192, model saved
2026-09-01 10:07:34 | Epoch   3/100 | Train Loss 2.2892 | Val Loss 1.3260 MAE 0.4937 R2 0.6177
2026-09-01 10:07:34 | Epoch   4/100 | Train Loss 1.7884 | Val Loss 1.1849 MAE 0.4430 R2 0.7032
2026-09-01 10:07:34 |   Val R2 improved to 0.7032, model saved
2026-09-01 10:07:34 | Epoch   5/100 | Train Loss 1.5489 | Val Loss 1.1126 MAE 0.4388 R2 0.7198
2026-09-01 10:07:34 |   Val R2 improved to 0.7198, model saved
2026-09-01 10:07:35 | Epoch   6/100 | Train Loss 1.4059 | Val Loss 1.0781 MAE 0.4331 R2 0.7218
2026-09-01 10:07:35 |   Val R2 improved to 0.7218, model saved
2026-09-01 10:07:35 | Epoch   7/100 | Train Loss 1.3009 | Val Loss 1.0343 MAE 0.4309 R2 0.7166
2026-09-01 10:07:35 | Epoch   8/100 | Train Loss 1.2176 | Val Loss 0.9974 MAE 0.4322 R2 0.7323
2026-09-01 10:07:35 |   Val R2 improved to 0.7323, model saved
2026-09-01 10:07:35 | Epoch   9/100 | Train Loss 1.1801 | Val Loss 0.9632 MAE 0.4228 R2 0.7303
2026-09-01 10:07:36 | Epoch  10/100 | Train Loss 1.1279 | Val Loss 0.9383 MAE 0.4264 R2 0.7309
2026-09-01 10:07:36 | Epoch  11/100 | Train Loss 1.0796 | Val Loss 0.8990 MAE 0.4230 R2 0.7443
2026-09-01 10:07:36 |   Val R2 improved to 0.7443, model saved
2026-09-01 10:07:36 | Epoch  12/100 | Train Loss 1.0417 | Val Loss 0.8806 MAE 0.4228 R2 0.7417
2026-09-01 10:07:36 | Epoch  13/100 | Train Loss 0.9894 | Val Loss 0.8691 MAE 0.4297 R2 0.7275
2026-09-01 10:07:37 | Epoch  14/100 | Train Loss 0.9455 | Val Loss 0.8513 MAE 0.4239 R2 0.7305
2026-09-01 10:07:37 | Epoch  15/100 | Train Loss 0.9195 | Val Loss 0.8119 MAE 0.4272 R2 0.7276
2026-09-01 10:07:37 | Epoch  16/100 | Train Loss 0.9079 | Val Loss 0.7747 MAE 0.4407 R2 0.7470
2026-09-01 10:07:37 |   Val R2 improved to 0.7470, model saved
2026-09-01 10:07:37 | Epoch  17/100 | Train Loss 0.8597 | Val Loss 0.7219 MAE 0.4211 R2 0.7474
2026-09-01 10:07:37 |   Val R2 improved to 0.7474, model saved
2026-09-01 10:07:38 | Epoch  18/100 | Train Loss 0.8098 | Val Loss 0.7058 MAE 0.4348 R2 0.7303
2026-09-01 10:07:38 | Epoch  19/100 | Train Loss 0.7795 | Val Loss 0.6743 MAE 0.4245 R2 0.7342
2026-09-01 10:07:38 | Epoch  20/100 | Train Loss 0.7404 | Val Loss 0.6455 MAE 0.4431 R2 0.7132
2026-09-01 10:07:38 | Epoch  21/100 | Train Loss 0.6904 | Val Loss 0.6020 MAE 0.4261 R2 0.7479
2026-09-01 10:07:38 |   Val R2 improved to 0.7479, model saved
2026-09-01 10:07:39 | Epoch  22/100 | Train Loss 0.6831 | Val Loss 0.5683 MAE 0.4381 R2 0.7296
2026-09-01 10:07:39 | Epoch  23/100 | Train Loss 0.6421 | Val Loss 0.5449 MAE 0.4321 R2 0.7338
2026-09-01 10:07:39 | Epoch  24/100 | Train Loss 0.6034 | Val Loss 0.5116 MAE 0.4398 R2 0.7219
2026-09-01 10:07:39 | Epoch  25/100 | Train Loss 0.5604 | Val Loss 0.4853 MAE 0.4459 R2 0.7127
2026-09-01 10:07:39 | Epoch  26/100 | Train Loss 0.5351 | Val Loss 0.4500 MAE 0.4478 R2 0.7238
2026-09-01 10:07:40 | Epoch  27/100 | Train Loss 0.5022 | Val Loss 0.4381 MAE 0.4531 R2 0.7065
2026-09-01 10:07:40 | Epoch  28/100 | Train Loss 0.4907 | Val Loss 0.4193 MAE 0.4585 R2 0.6957
2026-09-01 10:07:40 | Epoch  29/100 | Train Loss 0.4497 | Val Loss 0.3886 MAE 0.4514 R2 0.7210
2026-09-01 10:07:40 | Epoch  30/100 | Train Loss 0.4327 | Val Loss 0.3590 MAE 0.4555 R2 0.7258
2026-09-01 10:07:40 | Epoch  31/100 | Train Loss 0.4128 | Val Loss 0.3520 MAE 0.4548 R2 0.7134
2026-09-01 10:07:40 | Val R2 did not improve for 10 consecutive epochs, early stopping at Epoch 31 (best R2 0.7479 @ Epoch 21)
2026-09-01 10:07:40 | Run 3/5 | Test (best model @ Epoch 21) | Loss 0.6000 MAE 0.4239 R2 0.7360
2026-09-01 10:07:40 | ===== Run 4/5 (seed 3) =====
2026-09-01 10:07:41 | Epoch   1/100 | Train Loss 8.9741 | Val Loss 3.8201 MAE 0.6634 R2 0.3174
2026-09-01 10:07:41 |   Val R2 improved to 0.3174, model saved
2026-09-01 10:07:41 | Epoch   2/100 | Train Loss 3.9128 | Val Loss 2.0113 MAE 0.5364 R2 0.5742
2026-09-01 10:07:41 |   Val R2 improved to 0.5742, model saved
2026-09-01 10:07:41 | Epoch   3/100 | Train Loss 2.4758 | Val Loss 1.3897 MAE 0.4812 R2 0.6551
2026-09-01 10:07:41 |   Val R2 improved to 0.6551, model saved
2026-09-01 10:07:41 | Epoch   4/100 | Train Loss 1.8824 | Val Loss 1.2101 MAE 0.4569 R2 0.6900
2026-09-01 10:07:41 |   Val R2 improved to 0.6900, model saved
2026-09-01 10:07:42 | Epoch   5/100 | Train Loss 1.5876 | Val Loss 1.1431 MAE 0.4543 R2 0.7038
2026-09-01 10:07:42 |   Val R2 improved to 0.7038, model saved
2026-09-01 10:07:42 | Epoch   6/100 | Train Loss 1.3949 | Val Loss 1.0928 MAE 0.4510 R2 0.7012
2026-09-01 10:07:42 | Epoch   7/100 | Train Loss 1.3143 | Val Loss 1.0730 MAE 0.4530 R2 0.6955
2026-09-01 10:07:43 | Epoch   8/100 | Train Loss 1.2490 | Val Loss 1.0307 MAE 0.4445 R2 0.7023
2026-09-01 10:07:43 | Epoch   9/100 | Train Loss 1.1707 | Val Loss 0.9442 MAE 0.4331 R2 0.7301
2026-09-01 10:07:43 |   Val R2 improved to 0.7301, model saved
2026-09-01 10:07:43 | Epoch  10/100 | Train Loss 1.1223 | Val Loss 0.9764 MAE 0.4420 R2 0.7088
2026-09-01 10:07:43 | Epoch  11/100 | Train Loss 1.0680 | Val Loss 0.9030 MAE 0.4310 R2 0.7227
2026-09-01 10:07:44 | Epoch  12/100 | Train Loss 1.0245 | Val Loss 0.8553 MAE 0.4302 R2 0.7292
2026-09-01 10:07:44 | Epoch  13/100 | Train Loss 0.9798 | Val Loss 0.8612 MAE 0.4360 R2 0.7111
2026-09-01 10:07:44 | Epoch  14/100 | Train Loss 0.9292 | Val Loss 0.7839 MAE 0.4260 R2 0.7365
2026-09-01 10:07:44 |   Val R2 improved to 0.7365, model saved
2026-09-01 10:07:44 | Epoch  15/100 | Train Loss 0.8908 | Val Loss 0.7779 MAE 0.4464 R2 0.7234
2026-09-01 10:07:45 | Epoch  16/100 | Train Loss 0.8488 | Val Loss 0.7445 MAE 0.4263 R2 0.7374
2026-09-01 10:07:45 |   Val R2 improved to 0.7374, model saved
2026-09-01 10:07:45 | Epoch  17/100 | Train Loss 0.8067 | Val Loss 0.7026 MAE 0.4431 R2 0.7252
2026-09-01 10:07:45 | Epoch  18/100 | Train Loss 0.8068 | Val Loss 0.6523 MAE 0.4295 R2 0.7435
2026-09-01 10:07:45 |   Val R2 improved to 0.7435, model saved
2026-09-01 10:07:45 | Epoch  19/100 | Train Loss 0.7349 | Val Loss 0.6178 MAE 0.4245 R2 0.7459
2026-09-01 10:07:45 |   Val R2 improved to 0.7459, model saved
2026-09-01 10:07:46 | Epoch  20/100 | Train Loss 0.6798 | Val Loss 0.5860 MAE 0.4286 R2 0.7511
2026-09-01 10:07:46 |   Val R2 improved to 0.7511, model saved
2026-09-01 10:07:46 | Epoch  21/100 | Train Loss 0.6601 | Val Loss 0.5594 MAE 0.4385 R2 0.7434
2026-09-01 10:07:46 | Epoch  22/100 | Train Loss 0.6370 | Val Loss 0.5302 MAE 0.4303 R2 0.7448
2026-09-01 10:07:46 | Epoch  23/100 | Train Loss 0.5894 | Val Loss 0.5018 MAE 0.4513 R2 0.7229
2026-09-01 10:07:47 | Epoch  24/100 | Train Loss 0.5611 | Val Loss 0.4707 MAE 0.4403 R2 0.7328
2026-09-01 10:07:47 | Epoch  25/100 | Train Loss 0.5318 | Val Loss 0.4687 MAE 0.4447 R2 0.7201
2026-09-01 10:07:47 | Epoch  26/100 | Train Loss 0.5049 | Val Loss 0.4532 MAE 0.4658 R2 0.6811
2026-09-01 10:07:47 | Epoch  27/100 | Train Loss 0.4810 | Val Loss 0.4007 MAE 0.4496 R2 0.7269
2026-09-01 10:07:48 | Epoch  28/100 | Train Loss 0.4575 | Val Loss 0.3887 MAE 0.4583 R2 0.7052
2026-09-01 10:07:48 | Epoch  29/100 | Train Loss 0.4314 | Val Loss 0.3722 MAE 0.4551 R2 0.7100
2026-09-01 10:07:48 | Epoch  30/100 | Train Loss 0.4173 | Val Loss 0.3575 MAE 0.4562 R2 0.7253
2026-09-01 10:07:48 | Val R2 did not improve for 10 consecutive epochs, early stopping at Epoch 30 (best R2 0.7511 @ Epoch 20)
2026-09-01 10:07:48 | Run 4/5 | Test (best model @ Epoch 20) | Loss 0.5766 MAE 0.4247 R2 0.7419
2026-09-01 10:07:48 | ===== Run 5/5 (seed 4) =====
2026-09-01 10:07:49 | Epoch   1/100 | Train Loss 8.7258 | Val Loss 3.7438 MAE 0.6540 R2 0.3753
2026-09-01 10:07:49 |   Val R2 improved to 0.3753, model saved
2026-09-01 10:07:49 | Epoch   2/100 | Train Loss 3.6523 | Val Loss 1.8347 MAE 0.5265 R2 0.5967
2026-09-01 10:07:49 |   Val R2 improved to 0.5967, model saved
2026-09-01 10:07:49 | Epoch   3/100 | Train Loss 2.3482 | Val Loss 1.3292 MAE 0.4936 R2 0.6513
2026-09-01 10:07:49 |   Val R2 improved to 0.6513, model saved
2026-09-01 10:07:49 | Epoch   4/100 | Train Loss 1.8645 | Val Loss 1.1989 MAE 0.4823 R2 0.6787
2026-09-01 10:07:49 |   Val R2 improved to 0.6787, model saved
2026-09-01 10:07:49 | Epoch   5/100 | Train Loss 1.5923 | Val Loss 1.1443 MAE 0.4702 R2 0.6850
2026-09-01 10:07:49 |   Val R2 improved to 0.6850, model saved
2026-09-01 10:07:50 | Epoch   6/100 | Train Loss 1.4537 | Val Loss 1.0599 MAE 0.4790 R2 0.7005
2026-09-01 10:07:50 |   Val R2 improved to 0.7005, model saved
2026-09-01 10:07:50 | Epoch   7/100 | Train Loss 1.3374 | Val Loss 1.1025 MAE 0.4705 R2 0.6820
2026-09-01 10:07:50 | Epoch   8/100 | Train Loss 1.2557 | Val Loss 1.0177 MAE 0.4707 R2 0.7134
2026-09-01 10:07:50 |   Val R2 improved to 0.7134, model saved
2026-09-01 10:07:50 | Epoch   9/100 | Train Loss 1.1868 | Val Loss 0.9713 MAE 0.4683 R2 0.7058
2026-09-01 10:07:50 | Epoch  10/100 | Train Loss 1.1493 | Val Loss 0.9530 MAE 0.4625 R2 0.7034
2026-09-01 10:07:51 | Epoch  11/100 | Train Loss 1.0932 | Val Loss 0.9125 MAE 0.4467 R2 0.7205
2026-09-01 10:07:51 |   Val R2 improved to 0.7205, model saved
2026-09-01 10:07:51 | Epoch  12/100 | Train Loss 1.0371 | Val Loss 0.8751 MAE 0.4518 R2 0.7198
2026-09-01 10:07:51 | Epoch  13/100 | Train Loss 0.9940 | Val Loss 0.8453 MAE 0.4616 R2 0.7187
2026-09-01 10:07:51 | Epoch  14/100 | Train Loss 0.9506 | Val Loss 0.8137 MAE 0.4528 R2 0.7231
2026-09-01 10:07:51 |   Val R2 improved to 0.7231, model saved
2026-09-01 10:07:51 | Epoch  15/100 | Train Loss 0.9149 | Val Loss 0.7867 MAE 0.4482 R2 0.7222
2026-09-01 10:07:51 | Epoch  16/100 | Train Loss 0.8731 | Val Loss 0.7359 MAE 0.4549 R2 0.7119
2026-09-01 10:07:52 | Epoch  17/100 | Train Loss 0.8364 | Val Loss 0.7184 MAE 0.4520 R2 0.7292
2026-09-01 10:07:52 |   Val R2 improved to 0.7292, model saved
2026-09-01 10:07:52 | Epoch  18/100 | Train Loss 0.7936 | Val Loss 0.6867 MAE 0.4459 R2 0.7411
2026-09-01 10:07:52 |   Val R2 improved to 0.7411, model saved
2026-09-01 10:07:52 | Epoch  19/100 | Train Loss 0.7458 | Val Loss 0.6756 MAE 0.4536 R2 0.6983
2026-09-01 10:07:52 | Epoch  20/100 | Train Loss 0.7123 | Val Loss 0.5999 MAE 0.4398 R2 0.7213
2026-09-01 10:07:53 | Epoch  21/100 | Train Loss 0.6792 | Val Loss 0.5699 MAE 0.4465 R2 0.7255
2026-09-01 10:07:53 | Epoch  22/100 | Train Loss 0.6243 | Val Loss 0.5472 MAE 0.4435 R2 0.7360
2026-09-01 10:07:53 | Epoch  23/100 | Train Loss 0.6021 | Val Loss 0.5358 MAE 0.4427 R2 0.7153
2026-09-01 10:07:53 | Epoch  24/100 | Train Loss 0.5731 | Val Loss 0.4883 MAE 0.4514 R2 0.7237
2026-09-01 10:07:53 | Epoch  25/100 | Train Loss 0.5356 | Val Loss 0.4761 MAE 0.4617 R2 0.7219
2026-09-01 10:07:54 | Epoch  26/100 | Train Loss 0.5292 | Val Loss 0.4407 MAE 0.4469 R2 0.7345
2026-09-01 10:07:54 | Epoch  27/100 | Train Loss 0.5005 | Val Loss 0.4164 MAE 0.4568 R2 0.7215
2026-09-01 10:07:54 | Epoch  28/100 | Train Loss 0.4751 | Val Loss 0.4003 MAE 0.4577 R2 0.7183
2026-09-01 10:07:54 | Val R2 did not improve for 10 consecutive epochs, early stopping at Epoch 28 (best R2 0.7411 @ Epoch 18)
2026-09-01 10:07:54 | Run 5/5 | Test (best model @ Epoch 18) | Loss 0.6820 MAE 0.4452 R2 0.7286
2026-09-01 10:07:54 | Average over 5 runs | Test Loss 0.6462±0.0555 MAE 0.4344±0.0096 R2 0.7324±0.0069
