2026-09-02 22:01:15 | Device: cuda
2026-09-02 22:01:15 | Args: {'model': 'opb', 'backbone': 'rnn', 'task': 'imdb', 'epochs': 100, 'batch_size': 512, 'lr': 0.001, 'hidden_dims': [512, 256], 'dropout': 0.2, 'z_dim': 256, 'anchor_scale': 10.0, 'energy_classifier': True, 'tied_head': False, 'max_len': 250, 'random_labels': False, 'beta': 0.01, 'patience': 10, 'runs': 5, 'seed': 0, 'data_dir': './data', 'save_path': 'output/imdb_rnn_opb/imdb_rnn_opb.pt', 'log_path': '/root/autodl-tmp/IB/tune_results/imdb_rnn_opb_beta_0.01_anchor_10/train.log', 'no_save': True}
2026-09-02 22:01:15 | IMDb 预处理缓存：mmap 共享 ./data/imdb/imdb_processed_maxlen250
2026-09-02 22:01:15 | ===== Run 1/5 (seed 0) =====
2026-09-02 22:01:27 | Epoch   1/100 | Train Loss 2.6885 Acc 0.5662 | Val Loss 1.1126 Acc 0.6875 AUC 0.7919 Pre 0.7245 Rec 0.6875
2026-09-02 22:01:28 |   Val AUC improved to 0.7919, model saved
2026-09-02 22:01:38 | Epoch   2/100 | Train Loss 1.1703 Acc 0.6802 | Val Loss 0.9756 Acc 0.7219 AUC 0.8237 Pre 0.7621 Rec 0.7219
2026-09-02 22:01:38 |   Val AUC improved to 0.8237, model saved
2026-09-02 22:01:49 | Epoch   3/100 | Train Loss 1.0032 Acc 0.7055 | Val Loss 0.9213 Acc 0.7567 AUC 0.8592 Pre 0.7840 Rec 0.7567
2026-09-02 22:01:49 |   Val AUC improved to 0.8592, model saved
2026-09-02 22:02:00 | Epoch   4/100 | Train Loss 0.7759 Acc 0.8198 | Val Loss 0.7607 Acc 0.7986 AUC 0.8928 Pre 0.8125 Rec 0.7986
2026-09-02 22:02:00 |   Val AUC improved to 0.8928, model saved
2026-09-02 22:02:10 | Epoch   5/100 | Train Loss 0.6409 Acc 0.8725 | Val Loss 0.6913 Acc 0.8309 AUC 0.9098 Pre 0.8320 Rec 0.8309
2026-09-02 22:02:11 |   Val AUC improved to 0.9098, model saved
2026-09-02 22:02:21 | Epoch   6/100 | Train Loss 0.5851 Acc 0.8898 | Val Loss 0.8535 Acc 0.7656 AUC 0.8625 Pre 0.7829 Rec 0.7656
2026-09-02 22:02:32 | Epoch   7/100 | Train Loss 0.5057 Acc 0.9188 | Val Loss 0.7098 Acc 0.8459 AUC 0.9241 Pre 0.8459 Rec 0.8459
2026-09-02 22:02:32 |   Val AUC improved to 0.9241, model saved
2026-09-02 22:02:43 | Epoch   8/100 | Train Loss 0.3917 Acc 0.9567 | Val Loss 0.9591 Acc 0.8491 AUC 0.9258 Pre 0.8551 Rec 0.8491
2026-09-02 22:02:43 |   Val AUC improved to 0.9258, model saved
2026-09-02 22:02:53 | Epoch   9/100 | Train Loss 0.3304 Acc 0.9702 | Val Loss 1.0036 Acc 0.8368 AUC 0.9144 Pre 0.8384 Rec 0.8368
2026-09-02 22:03:04 | Epoch  10/100 | Train Loss 0.2907 Acc 0.9765 | Val Loss 1.2289 Acc 0.8315 AUC 0.9189 Pre 0.8361 Rec 0.8315
2026-09-02 22:03:14 | Epoch  11/100 | Train Loss 0.2711 Acc 0.9785 | Val Loss 1.6646 Acc 0.8498 AUC 0.9188 Pre 0.8527 Rec 0.8498
2026-09-02 22:03:25 | Epoch  12/100 | Train Loss 0.2568 Acc 0.9790 | Val Loss 1.6653 Acc 0.8517 AUC 0.9219 Pre 0.8524 Rec 0.8517
2026-09-02 22:03:35 | Epoch  13/100 | Train Loss 0.1962 Acc 0.9872 | Val Loss 2.4277 Acc 0.8470 AUC 0.9173 Pre 0.8478 Rec 0.8470
2026-09-02 22:03:46 | Epoch  14/100 | Train Loss 0.2337 Acc 0.9798 | Val Loss 2.1246 Acc 0.8524 AUC 0.9230 Pre 0.8541 Rec 0.8524
2026-09-02 22:03:56 | Epoch  15/100 | Train Loss 0.1702 Acc 0.9887 | Val Loss 2.8394 Acc 0.8465 AUC 0.9216 Pre 0.8492 Rec 0.8465
2026-09-02 22:04:07 | Epoch  16/100 | Train Loss 0.1360 Acc 0.9921 | Val Loss 3.1710 Acc 0.8441 AUC 0.9188 Pre 0.8494 Rec 0.8441
2026-09-02 22:04:17 | Epoch  17/100 | Train Loss 0.1321 Acc 0.9913 | Val Loss 2.9038 Acc 0.8492 AUC 0.9143 Pre 0.8494 Rec 0.8492
2026-09-02 22:04:28 | Epoch  18/100 | Train Loss 0.0995 Acc 0.9935 | Val Loss 4.4154 Acc 0.8565 AUC 0.9173 Pre 0.8578 Rec 0.8565
2026-09-02 22:04:28 | Val AUC did not improve for 10 consecutive epochs, early stopping at Epoch 18 (best AUC 0.9258 @ Epoch 8)
2026-09-02 22:04:29 | Run 1/5 | Test (best model @ Epoch 8) | Loss 0.9214 Acc 0.8545 AUC 0.9297 Pre 0.8609 Rec 0.8545
2026-09-02 22:04:29 | ===== Run 2/5 (seed 1) =====
2026-09-02 22:04:40 | Epoch   1/100 | Train Loss 2.7147 Acc 0.5512 | Val Loss 0.9743 Acc 0.7411 AUC 0.8139 Pre 0.7415 Rec 0.7411
2026-09-02 22:04:40 |   Val AUC improved to 0.8139, model saved
2026-09-02 22:04:51 | Epoch   2/100 | Train Loss 1.1501 Acc 0.6796 | Val Loss 0.8899 Acc 0.7493 AUC 0.8240 Pre 0.7494 Rec 0.7493
2026-09-02 22:04:51 |   Val AUC improved to 0.8240, model saved
2026-09-02 22:05:02 | Epoch   3/100 | Train Loss 0.8867 Acc 0.7795 | Val Loss 0.7981 Acc 0.8049 AUC 0.8917 Pre 0.8122 Rec 0.8049
2026-09-02 22:05:02 |   Val AUC improved to 0.8917, model saved
2026-09-02 22:05:13 | Epoch   4/100 | Train Loss 0.7386 Acc 0.8366 | Val Loss 0.7332 Acc 0.8156 AUC 0.8968 Pre 0.8236 Rec 0.8156
2026-09-02 22:05:13 |   Val AUC improved to 0.8968, model saved
2026-09-02 22:05:24 | Epoch   5/100 | Train Loss 0.6432 Acc 0.8747 | Val Loss 0.7365 Acc 0.8203 AUC 0.9127 Pre 0.8285 Rec 0.8203
2026-09-02 22:05:24 |   Val AUC improved to 0.9127, model saved
2026-09-02 22:05:34 | Epoch   6/100 | Train Loss 0.5131 Acc 0.9192 | Val Loss 0.7222 Acc 0.8477 AUC 0.9196 Pre 0.8480 Rec 0.8477
2026-09-02 22:05:35 |   Val AUC improved to 0.9196, model saved
2026-09-02 22:05:45 | Epoch   7/100 | Train Loss 0.4182 Acc 0.9514 | Val Loss 0.7950 Acc 0.8375 AUC 0.9141 Pre 0.8406 Rec 0.8375
2026-09-02 22:05:56 | Epoch   8/100 | Train Loss 0.3409 Acc 0.9719 | Val Loss 1.0308 Acc 0.8417 AUC 0.9160 Pre 0.8430 Rec 0.8417
2026-09-02 22:06:06 | Epoch   9/100 | Train Loss 0.3051 Acc 0.9749 | Val Loss 1.1316 Acc 0.8345 AUC 0.9106 Pre 0.8345 Rec 0.8345
2026-09-02 22:06:17 | Epoch  10/100 | Train Loss 0.2865 Acc 0.9748 | Val Loss 1.6518 Acc 0.8343 AUC 0.9115 Pre 0.8435 Rec 0.8343
2026-09-02 22:06:27 | Epoch  11/100 | Train Loss 0.2329 Acc 0.9824 | Val Loss 1.9281 Acc 0.8398 AUC 0.9112 Pre 0.8449 Rec 0.8398
2026-09-02 22:06:38 | Epoch  12/100 | Train Loss 0.2142 Acc 0.9844 | Val Loss 1.8789 Acc 0.8408 AUC 0.9121 Pre 0.8431 Rec 0.8408
2026-09-02 22:06:49 | Epoch  13/100 | Train Loss 0.1926 Acc 0.9857 | Val Loss 2.0645 Acc 0.8430 AUC 0.9151 Pre 0.8477 Rec 0.8430
2026-09-02 22:06:59 | Epoch  14/100 | Train Loss 0.1721 Acc 0.9864 | Val Loss 1.9869 Acc 0.8436 AUC 0.9223 Pre 0.8439 Rec 0.8436
2026-09-02 22:07:00 |   Val AUC improved to 0.9223, model saved
2026-09-02 22:07:10 | Epoch  15/100 | Train Loss 0.1540 Acc 0.9881 | Val Loss 3.2156 Acc 0.8510 AUC 0.9096 Pre 0.8531 Rec 0.8510
2026-09-02 22:07:21 | Epoch  16/100 | Train Loss 0.1207 Acc 0.9914 | Val Loss 3.2623 Acc 0.8498 AUC 0.9139 Pre 0.8502 Rec 0.8498
2026-09-02 22:07:31 | Epoch  17/100 | Train Loss 0.1217 Acc 0.9901 | Val Loss 3.5977 Acc 0.8544 AUC 0.9144 Pre 0.8546 Rec 0.8544
2026-09-02 22:07:42 | Epoch  18/100 | Train Loss 0.0976 Acc 0.9938 | Val Loss 3.6449 Acc 0.8491 AUC 0.9120 Pre 0.8498 Rec 0.8491
2026-09-02 22:07:52 | Epoch  19/100 | Train Loss 0.0824 Acc 0.9945 | Val Loss 3.5618 Acc 0.8540 AUC 0.9163 Pre 0.8549 Rec 0.8540
2026-09-02 22:08:03 | Epoch  20/100 | Train Loss 0.1185 Acc 0.9903 | Val Loss 3.1544 Acc 0.8568 AUC 0.9184 Pre 0.8616 Rec 0.8568
2026-09-02 22:08:12 | Epoch  21/100 | Train Loss 0.0818 Acc 0.9945 | Val Loss 4.3342 Acc 0.8438 AUC 0.9055 Pre 0.8522 Rec 0.8438
2026-09-02 22:08:22 | Epoch  22/100 | Train Loss 0.0777 Acc 0.9933 | Val Loss 4.6567 Acc 0.8580 AUC 0.9163 Pre 0.8581 Rec 0.8580
2026-09-02 22:08:33 | Epoch  23/100 | Train Loss 0.1080 Acc 0.9907 | Val Loss 2.7911 Acc 0.8378 AUC 0.9192 Pre 0.8436 Rec 0.8378
2026-09-02 22:08:44 | Epoch  24/100 | Train Loss 0.0707 Acc 0.9946 | Val Loss 3.9655 Acc 0.8497 AUC 0.9176 Pre 0.8497 Rec 0.8497
2026-09-02 22:08:44 | Val AUC did not improve for 10 consecutive epochs, early stopping at Epoch 24 (best AUC 0.9223 @ Epoch 14)
2026-09-02 22:08:45 | Run 2/5 | Test (best model @ Epoch 14) | Loss 2.0423 Acc 0.8449 AUC 0.9211 Pre 0.8454 Rec 0.8449
2026-09-02 22:08:45 | ===== Run 3/5 (seed 2) =====
2026-09-02 22:08:56 | Epoch   1/100 | Train Loss 2.6334 Acc 0.5683 | Val Loss 0.9608 Acc 0.7122 AUC 0.7833 Pre 0.7128 Rec 0.7122
2026-09-02 22:08:56 |   Val AUC improved to 0.7833, model saved
2026-09-02 22:09:06 | Epoch   2/100 | Train Loss 1.1854 Acc 0.6520 | Val Loss 0.9160 Acc 0.6848 AUC 0.7540 Pre 0.6875 Rec 0.6848
2026-09-02 22:09:17 | Epoch   3/100 | Train Loss 1.0183 Acc 0.6874 | Val Loss 0.8491 Acc 0.7410 AUC 0.8382 Pre 0.7550 Rec 0.7410
2026-09-02 22:09:17 |   Val AUC improved to 0.8382, model saved
2026-09-02 22:09:28 | Epoch   4/100 | Train Loss 0.7920 Acc 0.8065 | Val Loss 0.7309 Acc 0.8108 AUC 0.8981 Pre 0.8205 Rec 0.8108
2026-09-02 22:09:28 |   Val AUC improved to 0.8981, model saved
2026-09-02 22:09:39 | Epoch   5/100 | Train Loss 0.6729 Acc 0.8546 | Val Loss 0.6878 Acc 0.8377 AUC 0.9100 Pre 0.8382 Rec 0.8377
2026-09-02 22:09:39 |   Val AUC improved to 0.9100, model saved
2026-09-02 22:09:50 | Epoch   6/100 | Train Loss 0.5420 Acc 0.9055 | Val Loss 0.6557 Acc 0.8538 AUC 0.9252 Pre 0.8539 Rec 0.8538
2026-09-02 22:09:50 |   Val AUC improved to 0.9252, model saved
2026-09-02 22:10:01 | Epoch   7/100 | Train Loss 0.4671 Acc 0.9299 | Val Loss 0.7318 Acc 0.8486 AUC 0.9245 Pre 0.8489 Rec 0.8486
2026-09-02 22:10:09 | Epoch   8/100 | Train Loss 0.3910 Acc 0.9548 | Val Loss 0.8015 Acc 0.8460 AUC 0.9156 Pre 0.8465 Rec 0.8460
2026-09-02 22:10:20 | Epoch   9/100 | Train Loss 0.3447 Acc 0.9649 | Val Loss 1.0677 Acc 0.8414 AUC 0.9200 Pre 0.8451 Rec 0.8414
2026-09-02 22:10:31 | Epoch  10/100 | Train Loss 0.2779 Acc 0.9780 | Val Loss 1.6059 Acc 0.8481 AUC 0.9204 Pre 0.8501 Rec 0.8481
2026-09-02 22:10:42 | Epoch  11/100 | Train Loss 0.2450 Acc 0.9811 | Val Loss 1.7298 Acc 0.8548 AUC 0.9218 Pre 0.8549 Rec 0.8548
2026-09-02 22:10:52 | Epoch  12/100 | Train Loss 0.2454 Acc 0.9789 | Val Loss 1.5791 Acc 0.8556 AUC 0.9235 Pre 0.8561 Rec 0.8556
2026-09-02 22:11:03 | Epoch  13/100 | Train Loss 0.2086 Acc 0.9824 | Val Loss 2.5047 Acc 0.8462 AUC 0.9226 Pre 0.8534 Rec 0.8462
2026-09-02 22:11:13 | Epoch  14/100 | Train Loss 0.1745 Acc 0.9860 | Val Loss 2.2293 Acc 0.8518 AUC 0.9202 Pre 0.8534 Rec 0.8518
2026-09-02 22:11:24 | Epoch  15/100 | Train Loss 0.1389 Acc 0.9897 | Val Loss 3.2792 Acc 0.8590 AUC 0.9204 Pre 0.8591 Rec 0.8590
2026-09-02 22:11:34 | Epoch  16/100 | Train Loss 0.1497 Acc 0.9869 | Val Loss 3.4762 Acc 0.8529 AUC 0.9168 Pre 0.8534 Rec 0.8529
2026-09-02 22:11:34 | Val AUC did not improve for 10 consecutive epochs, early stopping at Epoch 16 (best AUC 0.9252 @ Epoch 6)
2026-09-02 22:11:36 | Run 3/5 | Test (best model @ Epoch 6) | Loss 0.6760 Acc 0.8433 AUC 0.9198 Pre 0.8433 Rec 0.8433
2026-09-02 22:11:36 | ===== Run 4/5 (seed 3) =====
2026-09-02 22:11:46 | Epoch   1/100 | Train Loss 2.5901 Acc 0.5691 | Val Loss 1.0094 Acc 0.6619 AUC 0.7871 Pre 0.7003 Rec 0.6619
2026-09-02 22:11:47 |   Val AUC improved to 0.7871, model saved
2026-09-02 22:11:57 | Epoch   2/100 | Train Loss 1.1357 Acc 0.6930 | Val Loss 0.9168 Acc 0.7562 AUC 0.8449 Pre 0.7747 Rec 0.7562
2026-09-02 22:11:57 |   Val AUC improved to 0.8449, model saved
2026-09-02 22:12:08 | Epoch   3/100 | Train Loss 0.8769 Acc 0.7887 | Val Loss 0.7374 Acc 0.8176 AUC 0.8995 Pre 0.8207 Rec 0.8176
2026-09-02 22:12:08 |   Val AUC improved to 0.8995, model saved
2026-09-02 22:12:18 | Epoch   4/100 | Train Loss 0.7258 Acc 0.8431 | Val Loss 0.8372 Acc 0.7717 AUC 0.8957 Pre 0.8122 Rec 0.7717
2026-09-02 22:12:29 | Epoch   5/100 | Train Loss 0.6374 Acc 0.8764 | Val Loss 0.7602 Acc 0.8003 AUC 0.9095 Pre 0.8174 Rec 0.8003
2026-09-02 22:12:29 |   Val AUC improved to 0.9095, model saved
2026-09-02 22:12:40 | Epoch   6/100 | Train Loss 0.5164 Acc 0.9180 | Val Loss 0.7347 Acc 0.8394 AUC 0.9214 Pre 0.8484 Rec 0.8394
2026-09-02 22:12:40 |   Val AUC improved to 0.9214, model saved
2026-09-02 22:12:51 | Epoch   7/100 | Train Loss 0.4311 Acc 0.9452 | Val Loss 0.8742 Acc 0.8539 AUC 0.9266 Pre 0.8561 Rec 0.8539
2026-09-02 22:12:51 |   Val AUC improved to 0.9266, model saved
2026-09-02 22:13:02 | Epoch   8/100 | Train Loss 0.3664 Acc 0.9628 | Val Loss 1.0083 Acc 0.8379 AUC 0.9216 Pre 0.8429 Rec 0.8379
2026-09-02 22:13:12 | Epoch   9/100 | Train Loss 0.3167 Acc 0.9734 | Val Loss 1.1546 Acc 0.8390 AUC 0.9142 Pre 0.8497 Rec 0.8390
2026-09-02 22:13:23 | Epoch  10/100 | Train Loss 0.3115 Acc 0.9705 | Val Loss 1.2629 Acc 0.8542 AUC 0.9262 Pre 0.8543 Rec 0.8542
2026-09-02 22:13:33 | Epoch  11/100 | Train Loss 0.2250 Acc 0.9866 | Val Loss 1.7644 Acc 0.8467 AUC 0.9199 Pre 0.8467 Rec 0.8467
2026-09-02 22:13:44 | Epoch  12/100 | Train Loss 0.2055 Acc 0.9864 | Val Loss 2.0278 Acc 0.8433 AUC 0.9145 Pre 0.8473 Rec 0.8433
2026-09-02 22:13:54 | Epoch  13/100 | Train Loss 0.1982 Acc 0.9849 | Val Loss 2.4373 Acc 0.8412 AUC 0.9180 Pre 0.8443 Rec 0.8412
2026-09-02 22:14:03 | Epoch  14/100 | Train Loss 0.1505 Acc 0.9901 | Val Loss 2.3423 Acc 0.8287 AUC 0.9120 Pre 0.8304 Rec 0.8287
2026-09-02 22:14:14 | Epoch  15/100 | Train Loss 0.1788 Acc 0.9843 | Val Loss 3.2117 Acc 0.8348 AUC 0.9228 Pre 0.8444 Rec 0.8348
2026-09-02 22:14:25 | Epoch  16/100 | Train Loss 0.1549 Acc 0.9870 | Val Loss 3.4443 Acc 0.8479 AUC 0.9205 Pre 0.8533 Rec 0.8479
2026-09-02 22:14:35 | Epoch  17/100 | Train Loss 0.1181 Acc 0.9904 | Val Loss 2.8190 Acc 0.8449 AUC 0.9152 Pre 0.8449 Rec 0.8449
2026-09-02 22:14:35 | Val AUC did not improve for 10 consecutive epochs, early stopping at Epoch 17 (best AUC 0.9266 @ Epoch 7)
2026-09-02 22:14:37 | Run 4/5 | Test (best model @ Epoch 7) | Loss 0.8974 Acc 0.8482 AUC 0.9252 Pre 0.8507 Rec 0.8482
2026-09-02 22:14:37 | ===== Run 5/5 (seed 4) =====
2026-09-02 22:14:47 | Epoch   1/100 | Train Loss 2.6958 Acc 0.5567 | Val Loss 0.9586 Acc 0.7152 AUC 0.7961 Pre 0.7222 Rec 0.7152
2026-09-02 22:14:48 |   Val AUC improved to 0.7961, model saved
2026-09-02 22:14:58 | Epoch   2/100 | Train Loss 1.1037 Acc 0.7043 | Val Loss 1.3243 Acc 0.6950 AUC 0.7985 Pre 0.7509 Rec 0.6950
2026-09-02 22:14:58 |   Val AUC improved to 0.7985, model saved
2026-09-02 22:15:09 | Epoch   3/100 | Train Loss 1.0658 Acc 0.6625 | Val Loss 0.8276 Acc 0.7692 AUC 0.8732 Pre 0.7980 Rec 0.7692
2026-09-02 22:15:09 |   Val AUC improved to 0.8732, model saved
2026-09-02 22:15:20 | Epoch   4/100 | Train Loss 0.7488 Acc 0.8282 | Val Loss 0.6727 Acc 0.8454 AUC 0.9232 Pre 0.8470 Rec 0.8454
2026-09-02 22:15:20 |   Val AUC improved to 0.9232, model saved
2026-09-02 22:15:30 | Epoch   5/100 | Train Loss 0.5773 Acc 0.8965 | Val Loss 0.7686 Acc 0.8221 AUC 0.9281 Pre 0.8486 Rec 0.8221
2026-09-02 22:15:30 |   Val AUC improved to 0.9281, model saved
2026-09-02 22:15:41 | Epoch   6/100 | Train Loss 0.4803 Acc 0.9304 | Val Loss 0.7335 Acc 0.8612 AUC 0.9329 Pre 0.8629 Rec 0.8612
2026-09-02 22:15:41 |   Val AUC improved to 0.9329, model saved
2026-09-02 22:15:52 | Epoch   7/100 | Train Loss 0.3816 Acc 0.9621 | Val Loss 0.8529 Acc 0.8605 AUC 0.9321 Pre 0.8608 Rec 0.8605
2026-09-02 22:16:02 | Epoch   8/100 | Train Loss 0.3158 Acc 0.9774 | Val Loss 1.0846 Acc 0.8542 AUC 0.9272 Pre 0.8545 Rec 0.8542
2026-09-02 22:16:13 | Epoch   9/100 | Train Loss 0.2860 Acc 0.9783 | Val Loss 1.4148 Acc 0.8558 AUC 0.9301 Pre 0.8609 Rec 0.8558
2026-09-02 22:16:24 | Epoch  10/100 | Train Loss 0.2193 Acc 0.9870 | Val Loss 2.0303 Acc 0.8601 AUC 0.9234 Pre 0.8626 Rec 0.8601
2026-09-02 22:16:34 | Epoch  11/100 | Train Loss 0.2599 Acc 0.9744 | Val Loss 1.9251 Acc 0.8687 AUC 0.9271 Pre 0.8708 Rec 0.8687
2026-09-02 22:16:45 | Epoch  12/100 | Train Loss 0.1795 Acc 0.9867 | Val Loss 2.6257 Acc 0.8647 AUC 0.9217 Pre 0.8663 Rec 0.8647
2026-09-02 22:16:55 | Epoch  13/100 | Train Loss 0.1317 Acc 0.9907 | Val Loss 3.2340 Acc 0.8632 AUC 0.9270 Pre 0.8637 Rec 0.8632
2026-09-02 22:17:06 | Epoch  14/100 | Train Loss 0.1012 Acc 0.9936 | Val Loss 4.1938 Acc 0.8646 AUC 0.9149 Pre 0.8657 Rec 0.8646
2026-09-02 22:17:16 | Epoch  15/100 | Train Loss 0.0968 Acc 0.9932 | Val Loss 4.2735 Acc 0.8558 AUC 0.9093 Pre 0.8617 Rec 0.8558
2026-09-02 22:17:27 | Epoch  16/100 | Train Loss 0.0998 Acc 0.9921 | Val Loss 3.7180 Acc 0.8584 AUC 0.9177 Pre 0.8586 Rec 0.8584
2026-09-02 22:17:27 | Val AUC did not improve for 10 consecutive epochs, early stopping at Epoch 16 (best AUC 0.9329 @ Epoch 6)
2026-09-02 22:17:28 | Run 5/5 | Test (best model @ Epoch 6) | Loss 0.7274 Acc 0.8601 AUC 0.9322 Pre 0.8617 Rec 0.8601
2026-09-02 22:17:28 | Average over 5 runs | Test Loss 1.0529±0.5631 Acc 0.8502±0.0070 AUC 0.9256±0.0054 Pre 0.8524±0.0086 Rec 0.8502±0.0070
