2026-09-14 22:20:26 | Device: cuda
2026-09-14 22:20:26 | Args: {'model': 'opb-fixed-frame-var', 'backbone': 'gnn', 'task': 'cora', 'epochs': 100, 'batch_size': 512, 'lr': 0.01, 'hidden_dims': [512, 256], 'dropout': 0.2, 'z_dim': 256, 'anchor_scale': 14.0, 'energy_classifier': False, 'tied_head': False, 'max_len': 250, 'random_labels': False, 'beta': 0.0001, 'patience': 10, 'runs': 5, 'seed': 0, 'data_dir': './data', 'save_path': 'output/cora_gnn_opb-fixed-frame-var/cora_gnn_opb-fixed-frame-var.pt', 'log_path': '/root/autodl-tmp/IB/output/ablation/cora_gnn_opb-fixed-frame-var_beta_0.0001_anchor_14/train.log', 'no_save': True}
2026-09-14 22:20:28 | Cora 划分（60/20/20 分层）：train 1624 / val 542 / test 542（共 2708 节点，7 类）
2026-09-14 22:20:32 | ===== Run 1/5 (seed 0) =====
2026-09-14 22:20:32 | Epoch   1/100 | Train Loss 19.1292 Acc 0.1379 | Val Loss 2.7087 Acc 0.3026 AUC 0.8309 Pre 0.0432 Rec 0.1429
2026-09-14 22:20:32 |   Val AUC improved to 0.8309, model saved
2026-09-14 22:20:32 | Epoch   2/100 | Train Loss 18.2605 Acc 0.1644 | Val Loss 5.4564 Acc 0.3026 AUC 0.7791 Pre 0.0432 Rec 0.1429
2026-09-14 22:20:33 | Epoch   3/100 | Train Loss 16.2507 Acc 0.2297 | Val Loss 6.0054 Acc 0.3026 AUC 0.8236 Pre 0.0432 Rec 0.1429
2026-09-14 22:20:33 | Epoch   4/100 | Train Loss 14.2604 Acc 0.2722 | Val Loss 3.3157 Acc 0.4668 AUC 0.9168 Pre 0.4530 Rec 0.3003
2026-09-14 22:20:33 |   Val AUC improved to 0.9168, model saved
2026-09-14 22:20:33 | Epoch   5/100 | Train Loss 10.8946 Acc 0.3368 | Val Loss 2.2026 Acc 0.7325 AUC 0.9569 Pre 0.5423 Rec 0.5936
2026-09-14 22:20:33 |   Val AUC improved to 0.9569, model saved
2026-09-14 22:20:33 | Epoch   6/100 | Train Loss 7.2230 Acc 0.4514 | Val Loss 1.9551 Acc 0.7528 AUC 0.9567 Pre 0.5289 Rec 0.6294
2026-09-14 22:20:33 | Epoch   7/100 | Train Loss 3.5105 Acc 0.6484 | Val Loss 1.4313 Acc 0.7620 AUC 0.9448 Pre 0.6649 Rec 0.7020
2026-09-14 22:20:33 | Epoch   8/100 | Train Loss 1.4830 Acc 0.7321 | Val Loss 4.2614 Acc 0.4945 AUC 0.9328 Pre 0.8314 Rec 0.4867
2026-09-14 22:20:33 | Epoch   9/100 | Train Loss 3.7930 Acc 0.5222 | Val Loss 3.7787 Acc 0.6384 AUC 0.9479 Pre 0.7616 Rec 0.4886
2026-09-14 22:20:33 | Epoch  10/100 | Train Loss 3.3222 Acc 0.6681 | Val Loss 3.6002 Acc 0.6642 AUC 0.9440 Pre 0.5945 Rec 0.6644
2026-09-14 22:20:33 | Epoch  11/100 | Train Loss 2.9009 Acc 0.7057 | Val Loss 4.1304 Acc 0.6679 AUC 0.9460 Pre 0.6244 Rec 0.6583
2026-09-14 22:20:33 | Epoch  12/100 | Train Loss 3.4044 Acc 0.7161 | Val Loss 3.2236 Acc 0.8007 AUC 0.9590 Pre 0.6909 Rec 0.7173
2026-09-14 22:20:33 |   Val AUC improved to 0.9590, model saved
2026-09-14 22:20:33 | Epoch  13/100 | Train Loss 2.4557 Acc 0.8356 | Val Loss 3.5249 Acc 0.7823 AUC 0.9602 Pre 0.6959 Rec 0.6875
2026-09-14 22:20:33 |   Val AUC improved to 0.9602, model saved
2026-09-14 22:20:33 | Epoch  14/100 | Train Loss 2.5217 Acc 0.8282 | Val Loss 3.3666 Acc 0.7823 AUC 0.9631 Pre 0.7064 Rec 0.6865
2026-09-14 22:20:33 |   Val AUC improved to 0.9631, model saved
2026-09-14 22:20:33 | Epoch  15/100 | Train Loss 2.3605 Acc 0.8288 | Val Loss 2.6736 Acc 0.7989 AUC 0.9681 Pre 0.6914 Rec 0.7093
2026-09-14 22:20:33 |   Val AUC improved to 0.9681, model saved
2026-09-14 22:20:33 | Epoch  16/100 | Train Loss 1.7310 Acc 0.8473 | Val Loss 2.1649 Acc 0.8118 AUC 0.9702 Pre 0.8290 Rec 0.7348
2026-09-14 22:20:33 |   Val AUC improved to 0.9702, model saved
2026-09-14 22:20:34 | Epoch  17/100 | Train Loss 1.3080 Acc 0.8596 | Val Loss 1.9969 Acc 0.8173 AUC 0.9704 Pre 0.8315 Rec 0.7477
2026-09-14 22:20:34 |   Val AUC improved to 0.9704, model saved
2026-09-14 22:20:34 | Epoch  18/100 | Train Loss 1.1222 Acc 0.8651 | Val Loss 1.8116 Acc 0.8229 AUC 0.9713 Pre 0.8306 Rec 0.7688
2026-09-14 22:20:34 |   Val AUC improved to 0.9713, model saved
2026-09-14 22:20:34 | Epoch  19/100 | Train Loss 0.9125 Acc 0.8805 | Val Loss 1.6102 Acc 0.8432 AUC 0.9732 Pre 0.8415 Rec 0.8051
2026-09-14 22:20:34 |   Val AUC improved to 0.9732, model saved
2026-09-14 22:20:34 | Epoch  20/100 | Train Loss 0.7396 Acc 0.9033 | Val Loss 1.5020 Acc 0.8561 AUC 0.9748 Pre 0.8325 Rec 0.8359
2026-09-14 22:20:34 |   Val AUC improved to 0.9748, model saved
2026-09-14 22:20:34 | Epoch  21/100 | Train Loss 0.6186 Acc 0.9144 | Val Loss 1.5197 Acc 0.8598 AUC 0.9758 Pre 0.8275 Rec 0.8396
2026-09-14 22:20:34 |   Val AUC improved to 0.9758, model saved
2026-09-14 22:20:34 | Epoch  22/100 | Train Loss 0.6015 Acc 0.9181 | Val Loss 1.6412 Acc 0.8542 AUC 0.9758 Pre 0.8250 Rec 0.8416
2026-09-14 22:20:34 |   Val AUC improved to 0.9758, model saved
2026-09-14 22:20:34 | Epoch  23/100 | Train Loss 0.7351 Acc 0.9046 | Val Loss 1.7773 Acc 0.8450 AUC 0.9752 Pre 0.8306 Rec 0.8359
2026-09-14 22:20:34 | Epoch  24/100 | Train Loss 0.7305 Acc 0.9027 | Val Loss 1.8189 Acc 0.8524 AUC 0.9749 Pre 0.8397 Rec 0.8458
2026-09-14 22:20:34 | Epoch  25/100 | Train Loss 0.6922 Acc 0.8990 | Val Loss 1.7754 Acc 0.8542 AUC 0.9745 Pre 0.8333 Rec 0.8447
2026-09-14 22:20:34 | Epoch  26/100 | Train Loss 0.5690 Acc 0.9119 | Val Loss 1.7150 Acc 0.8616 AUC 0.9739 Pre 0.8402 Rec 0.8556
2026-09-14 22:20:34 | Epoch  27/100 | Train Loss 0.4630 Acc 0.9273 | Val Loss 1.6802 Acc 0.8561 AUC 0.9730 Pre 0.8316 Rec 0.8435
2026-09-14 22:20:34 | Epoch  28/100 | Train Loss 0.3669 Acc 0.9372 | Val Loss 1.6784 Acc 0.8542 AUC 0.9719 Pre 0.8333 Rec 0.8346
2026-09-14 22:20:34 | Epoch  29/100 | Train Loss 0.3375 Acc 0.9390 | Val Loss 1.6957 Acc 0.8524 AUC 0.9714 Pre 0.8379 Rec 0.8285
2026-09-14 22:20:34 | Epoch  30/100 | Train Loss 0.2920 Acc 0.9433 | Val Loss 1.7174 Acc 0.8506 AUC 0.9708 Pre 0.8365 Rec 0.8248
2026-09-14 22:20:35 | Epoch  31/100 | Train Loss 0.2908 Acc 0.9477 | Val Loss 1.7431 Acc 0.8487 AUC 0.9703 Pre 0.8453 Rec 0.8261
2026-09-14 22:20:35 | Epoch  32/100 | Train Loss 0.2643 Acc 0.9446 | Val Loss 1.7625 Acc 0.8469 AUC 0.9699 Pre 0.8453 Rec 0.8245
2026-09-14 22:20:35 | Val AUC did not improve for 10 consecutive epochs, early stopping at Epoch 32 (best AUC 0.9758 @ Epoch 22)
2026-09-14 22:20:35 | Run 1/5 | Test (best model @ Epoch 22) | Loss 1.7589 Acc 0.8635 AUC 0.9777 Pre 0.8430 Rec 0.8621
2026-09-14 22:20:35 | ===== Run 2/5 (seed 1) =====
2026-09-14 22:20:35 | Epoch   1/100 | Train Loss 19.3583 Acc 0.1398 | Val Loss 2.8358 Acc 0.3026 AUC 0.8030 Pre 0.0432 Rec 0.1429
2026-09-14 22:20:35 |   Val AUC improved to 0.8030, model saved
2026-09-14 22:20:35 | Epoch   2/100 | Train Loss 17.5236 Acc 0.1632 | Val Loss 5.9599 Acc 0.3026 AUC 0.7706 Pre 0.0432 Rec 0.1429
2026-09-14 22:20:35 | Epoch   3/100 | Train Loss 16.3376 Acc 0.2186 | Val Loss 5.4075 Acc 0.3026 AUC 0.8354 Pre 0.0432 Rec 0.1429
2026-09-14 22:20:35 |   Val AUC improved to 0.8354, model saved
2026-09-14 22:20:35 | Epoch   4/100 | Train Loss 14.1400 Acc 0.2740 | Val Loss 3.5123 Acc 0.4797 AUC 0.9047 Pre 0.4467 Rec 0.3099
2026-09-14 22:20:35 |   Val AUC improved to 0.9047, model saved
2026-09-14 22:20:35 | Epoch   5/100 | Train Loss 10.7778 Acc 0.3424 | Val Loss 2.4603 Acc 0.7122 AUC 0.9512 Pre 0.5471 Rec 0.5652
2026-09-14 22:20:35 |   Val AUC improved to 0.9512, model saved
2026-09-14 22:20:35 | Epoch   6/100 | Train Loss 7.0521 Acc 0.4729 | Val Loss 2.4077 Acc 0.7048 AUC 0.9468 Pre 0.5690 Rec 0.5937
2026-09-14 22:20:35 | Epoch   7/100 | Train Loss 3.2792 Acc 0.6472 | Val Loss 1.3105 Acc 0.7343 AUC 0.9519 Pre 0.7839 Rec 0.6259
2026-09-14 22:20:35 |   Val AUC improved to 0.9519, model saved
2026-09-14 22:20:35 | Epoch   8/100 | Train Loss 1.4753 Acc 0.7408 | Val Loss 10.2671 Acc 0.3284 AUC 0.8549 Pre 0.6233 Rec 0.4499
2026-09-14 22:20:35 | Epoch   9/100 | Train Loss 9.8244 Acc 0.3719 | Val Loss 2.2936 Acc 0.5812 AUC 0.9464 Pre 0.8062 Rec 0.6576
2026-09-14 22:20:35 | Epoch  10/100 | Train Loss 1.9943 Acc 0.5782 | Val Loss 2.7823 Acc 0.7491 AUC 0.9581 Pre 0.5662 Rec 0.6162
2026-09-14 22:20:35 |   Val AUC improved to 0.9581, model saved
2026-09-14 22:20:35 | Epoch  11/100 | Train Loss 2.3107 Acc 0.7697 | Val Loss 3.7029 Acc 0.7528 AUC 0.9601 Pre 0.5644 Rec 0.6180
2026-09-14 22:20:35 |   Val AUC improved to 0.9601, model saved
2026-09-14 22:20:36 | Epoch  12/100 | Train Loss 3.2201 Acc 0.7789 | Val Loss 4.0830 Acc 0.7509 AUC 0.9608 Pre 0.5420 Rec 0.6158
2026-09-14 22:20:36 |   Val AUC improved to 0.9608, model saved
2026-09-14 22:20:36 | Epoch  13/100 | Train Loss 3.4561 Acc 0.7882 | Val Loss 4.0608 Acc 0.7454 AUC 0.9604 Pre 0.5349 Rec 0.6136
2026-09-14 22:20:36 | Epoch  14/100 | Train Loss 3.3633 Acc 0.7796 | Val Loss 3.3818 Acc 0.7601 AUC 0.9624 Pre 0.6726 Rec 0.6317
2026-09-14 22:20:36 |   Val AUC improved to 0.9624, model saved
2026-09-14 22:20:36 | Epoch  15/100 | Train Loss 2.6155 Acc 0.7968 | Val Loss 2.7594 Acc 0.7786 AUC 0.9651 Pre 0.6873 Rec 0.6762
2026-09-14 22:20:36 |   Val AUC improved to 0.9651, model saved
2026-09-14 22:20:36 | Epoch  16/100 | Train Loss 1.9821 Acc 0.8190 | Val Loss 2.2400 Acc 0.8100 AUC 0.9675 Pre 0.7010 Rec 0.7272
2026-09-14 22:20:36 |   Val AUC improved to 0.9675, model saved
2026-09-14 22:20:36 | Epoch  17/100 | Train Loss 1.6046 Acc 0.8436 | Val Loss 1.8273 Acc 0.8155 AUC 0.9706 Pre 0.8341 Rec 0.7397
2026-09-14 22:20:36 |   Val AUC improved to 0.9706, model saved
2026-09-14 22:20:36 | Epoch  18/100 | Train Loss 1.2726 Acc 0.8565 | Val Loss 1.5754 Acc 0.8247 AUC 0.9736 Pre 0.8331 Rec 0.7593
2026-09-14 22:20:36 |   Val AUC improved to 0.9736, model saved
2026-09-14 22:20:36 | Epoch  19/100 | Train Loss 1.1552 Acc 0.8541 | Val Loss 1.4256 Acc 0.8413 AUC 0.9734 Pre 0.8450 Rec 0.8013
2026-09-14 22:20:36 | Epoch  20/100 | Train Loss 0.8941 Acc 0.8608 | Val Loss 1.3546 Acc 0.8542 AUC 0.9739 Pre 0.8547 Rec 0.8361
2026-09-14 22:20:36 |   Val AUC improved to 0.9739, model saved
2026-09-14 22:20:36 | Epoch  21/100 | Train Loss 0.9158 Acc 0.8664 | Val Loss 1.3008 Acc 0.8579 AUC 0.9753 Pre 0.8489 Rec 0.8490
2026-09-14 22:20:36 |   Val AUC improved to 0.9753, model saved
2026-09-14 22:20:36 | Epoch  22/100 | Train Loss 0.8461 Acc 0.8775 | Val Loss 1.2918 Acc 0.8635 AUC 0.9763 Pre 0.8532 Rec 0.8618
2026-09-14 22:20:36 |   Val AUC improved to 0.9763, model saved
2026-09-14 22:20:36 | Epoch  23/100 | Train Loss 0.6891 Acc 0.8867 | Val Loss 1.3421 Acc 0.8524 AUC 0.9769 Pre 0.8358 Rec 0.8527
2026-09-14 22:20:36 |   Val AUC improved to 0.9769, model saved
2026-09-14 22:20:36 | Epoch  24/100 | Train Loss 0.6341 Acc 0.8972 | Val Loss 1.4007 Acc 0.8561 AUC 0.9770 Pre 0.8379 Rec 0.8564
2026-09-14 22:20:36 |   Val AUC improved to 0.9770, model saved
2026-09-14 22:20:37 | Epoch  25/100 | Train Loss 0.5747 Acc 0.9058 | Val Loss 1.4340 Acc 0.8542 AUC 0.9765 Pre 0.8378 Rec 0.8520
2026-09-14 22:20:37 | Epoch  26/100 | Train Loss 0.4652 Acc 0.9193 | Val Loss 1.4447 Acc 0.8579 AUC 0.9761 Pre 0.8435 Rec 0.8518
2026-09-14 22:20:37 | Epoch  27/100 | Train Loss 0.3809 Acc 0.9261 | Val Loss 1.4506 Acc 0.8579 AUC 0.9757 Pre 0.8488 Rec 0.8480
2026-09-14 22:20:37 | Epoch  28/100 | Train Loss 0.3099 Acc 0.9390 | Val Loss 1.4676 Acc 0.8635 AUC 0.9751 Pre 0.8602 Rec 0.8493
2026-09-14 22:20:37 | Epoch  29/100 | Train Loss 0.3145 Acc 0.9372 | Val Loss 1.5107 Acc 0.8598 AUC 0.9741 Pre 0.8595 Rec 0.8387
2026-09-14 22:20:37 | Epoch  30/100 | Train Loss 0.2773 Acc 0.9446 | Val Loss 1.5685 Acc 0.8506 AUC 0.9734 Pre 0.8549 Rec 0.8285
2026-09-14 22:20:37 | Epoch  31/100 | Train Loss 0.3069 Acc 0.9477 | Val Loss 1.6076 Acc 0.8487 AUC 0.9730 Pre 0.8491 Rec 0.8263
2026-09-14 22:20:37 | Epoch  32/100 | Train Loss 0.3062 Acc 0.9507 | Val Loss 1.6221 Acc 0.8561 AUC 0.9722 Pre 0.8538 Rec 0.8341
2026-09-14 22:20:37 | Epoch  33/100 | Train Loss 0.2849 Acc 0.9458 | Val Loss 1.6212 Acc 0.8524 AUC 0.9719 Pre 0.8478 Rec 0.8316
2026-09-14 22:20:37 | Epoch  34/100 | Train Loss 0.2385 Acc 0.9550 | Val Loss 1.6211 Acc 0.8542 AUC 0.9716 Pre 0.8490 Rec 0.8361
2026-09-14 22:20:37 | Val AUC did not improve for 10 consecutive epochs, early stopping at Epoch 34 (best AUC 0.9770 @ Epoch 24)
2026-09-14 22:20:37 | Run 2/5 | Test (best model @ Epoch 24) | Loss 1.3101 Acc 0.8745 AUC 0.9774 Pre 0.8557 Rec 0.8780
2026-09-14 22:20:37 | ===== Run 3/5 (seed 2) =====
2026-09-14 22:20:37 | Epoch   1/100 | Train Loss 18.5894 Acc 0.1527 | Val Loss 2.6382 Acc 0.3026 AUC 0.8729 Pre 0.0432 Rec 0.1429
2026-09-14 22:20:37 |   Val AUC improved to 0.8729, model saved
2026-09-14 22:20:37 | Epoch   2/100 | Train Loss 17.1745 Acc 0.1823 | Val Loss 5.0063 Acc 0.3026 AUC 0.8174 Pre 0.0432 Rec 0.1429
2026-09-14 22:20:37 | Epoch   3/100 | Train Loss 16.0975 Acc 0.2235 | Val Loss 5.7287 Acc 0.3026 AUC 0.8628 Pre 0.0432 Rec 0.1429
2026-09-14 22:20:38 | Epoch   4/100 | Train Loss 13.6063 Acc 0.2765 | Val Loss 3.1389 Acc 0.5258 AUC 0.9360 Pre 0.5659 Rec 0.3555
2026-09-14 22:20:38 |   Val AUC improved to 0.9360, model saved
2026-09-14 22:20:38 | Epoch   5/100 | Train Loss 10.3454 Acc 0.3436 | Val Loss 2.5753 Acc 0.7251 AUC 0.9512 Pre 0.5349 Rec 0.6098
2026-09-14 22:20:38 |   Val AUC improved to 0.9512, model saved
2026-09-14 22:20:38 | Epoch   6/100 | Train Loss 6.1386 Acc 0.5006 | Val Loss 2.1649 Acc 0.7362 AUC 0.9572 Pre 0.5188 Rec 0.6154
2026-09-14 22:20:38 |   Val AUC improved to 0.9572, model saved
2026-09-14 22:20:38 | Epoch   7/100 | Train Loss 3.3218 Acc 0.6718 | Val Loss 1.2442 Acc 0.8007 AUC 0.9583 Pre 0.8227 Rec 0.7365
2026-09-14 22:20:38 |   Val AUC improved to 0.9583, model saved
2026-09-14 22:20:38 | Epoch   8/100 | Train Loss 1.3377 Acc 0.7672 | Val Loss 4.2450 Acc 0.5904 AUC 0.9440 Pre 0.7863 Rec 0.5653
2026-09-14 22:20:38 | Epoch   9/100 | Train Loss 3.8955 Acc 0.6059 | Val Loss 1.9769 Acc 0.7417 AUC 0.9626 Pre 0.8201 Rec 0.6452
2026-09-14 22:20:38 |   Val AUC improved to 0.9626, model saved
2026-09-14 22:20:38 | Epoch  10/100 | Train Loss 1.4837 Acc 0.7783 | Val Loss 4.1209 Acc 0.5701 AUC 0.9455 Pre 0.7416 Rec 0.6224
2026-09-14 22:20:38 | Epoch  11/100 | Train Loss 3.3280 Acc 0.5862 | Val Loss 2.5547 Acc 0.7897 AUC 0.9649 Pre 0.6952 Rec 0.7032
2026-09-14 22:20:38 |   Val AUC improved to 0.9649, model saved
2026-09-14 22:20:38 | Epoch  12/100 | Train Loss 1.8501 Acc 0.8282 | Val Loss 3.8304 Acc 0.7177 AUC 0.9630 Pre 0.6972 Rec 0.5911
2026-09-14 22:20:38 | Epoch  13/100 | Train Loss 2.7553 Acc 0.7549 | Val Loss 3.4922 Acc 0.7122 AUC 0.9683 Pre 0.8380 Rec 0.5857
2026-09-14 22:20:38 |   Val AUC improved to 0.9683, model saved
2026-09-14 22:20:38 | Epoch  14/100 | Train Loss 2.2435 Acc 0.7722 | Val Loss 2.3079 Acc 0.7878 AUC 0.9721 Pre 0.8568 Rec 0.6907
2026-09-14 22:20:38 |   Val AUC improved to 0.9721, model saved
2026-09-14 22:20:38 | Epoch  15/100 | Train Loss 1.2207 Acc 0.8424 | Val Loss 1.8081 Acc 0.8432 AUC 0.9726 Pre 0.8614 Rec 0.7843
2026-09-14 22:20:38 |   Val AUC improved to 0.9726, model saved
2026-09-14 22:20:38 | Epoch  16/100 | Train Loss 0.7704 Acc 0.9015 | Val Loss 1.8139 Acc 0.8469 AUC 0.9718 Pre 0.8397 Rec 0.8202
2026-09-14 22:20:39 | Epoch  17/100 | Train Loss 0.8443 Acc 0.8990 | Val Loss 1.7943 Acc 0.8561 AUC 0.9729 Pre 0.8404 Rec 0.8494
2026-09-14 22:20:39 |   Val AUC improved to 0.9729, model saved
2026-09-14 22:20:39 | Epoch  18/100 | Train Loss 0.8153 Acc 0.8984 | Val Loss 1.7458 Acc 0.8672 AUC 0.9752 Pre 0.8469 Rec 0.8626
2026-09-14 22:20:39 |   Val AUC improved to 0.9752, model saved
2026-09-14 22:20:39 | Epoch  19/100 | Train Loss 0.6667 Acc 0.9101 | Val Loss 1.7619 Acc 0.8561 AUC 0.9764 Pre 0.8332 Rec 0.8537
2026-09-14 22:20:39 |   Val AUC improved to 0.9764, model saved
2026-09-14 22:20:39 | Epoch  20/100 | Train Loss 0.6858 Acc 0.9039 | Val Loss 1.8179 Acc 0.8561 AUC 0.9769 Pre 0.8352 Rec 0.8564
2026-09-14 22:20:39 |   Val AUC improved to 0.9769, model saved
2026-09-14 22:20:39 | Epoch  21/100 | Train Loss 0.6568 Acc 0.9027 | Val Loss 1.8463 Acc 0.8524 AUC 0.9767 Pre 0.8333 Rec 0.8521
2026-09-14 22:20:39 | Epoch  22/100 | Train Loss 0.6369 Acc 0.9144 | Val Loss 1.8289 Acc 0.8524 AUC 0.9763 Pre 0.8296 Rec 0.8500
2026-09-14 22:20:39 | Epoch  23/100 | Train Loss 0.5555 Acc 0.9156 | Val Loss 1.8009 Acc 0.8579 AUC 0.9756 Pre 0.8363 Rec 0.8507
2026-09-14 22:20:39 | Epoch  24/100 | Train Loss 0.4624 Acc 0.9286 | Val Loss 1.7827 Acc 0.8579 AUC 0.9747 Pre 0.8456 Rec 0.8476
2026-09-14 22:20:39 | Epoch  25/100 | Train Loss 0.4358 Acc 0.9433 | Val Loss 1.7957 Acc 0.8542 AUC 0.9739 Pre 0.8429 Rec 0.8420
2026-09-14 22:20:39 | Epoch  26/100 | Train Loss 0.3815 Acc 0.9384 | Val Loss 1.8343 Acc 0.8561 AUC 0.9730 Pre 0.8441 Rec 0.8406
2026-09-14 22:20:39 | Epoch  27/100 | Train Loss 0.3443 Acc 0.9427 | Val Loss 1.8877 Acc 0.8635 AUC 0.9721 Pre 0.8557 Rec 0.8443
2026-09-14 22:20:39 | Epoch  28/100 | Train Loss 0.2844 Acc 0.9440 | Val Loss 1.9514 Acc 0.8616 AUC 0.9715 Pre 0.8589 Rec 0.8380
2026-09-14 22:20:39 | Epoch  29/100 | Train Loss 0.2592 Acc 0.9464 | Val Loss 2.0196 Acc 0.8579 AUC 0.9709 Pre 0.8587 Rec 0.8338
2026-09-14 22:20:40 | Epoch  30/100 | Train Loss 0.2627 Acc 0.9520 | Val Loss 2.0795 Acc 0.8524 AUC 0.9704 Pre 0.8526 Rec 0.8282
2026-09-14 22:20:40 | Val AUC did not improve for 10 consecutive epochs, early stopping at Epoch 30 (best AUC 0.9769 @ Epoch 20)
2026-09-14 22:20:40 | Run 3/5 | Test (best model @ Epoch 20) | Loss 1.8396 Acc 0.8672 AUC 0.9782 Pre 0.8501 Rec 0.8775
2026-09-14 22:20:40 | ===== Run 4/5 (seed 3) =====
2026-09-14 22:20:40 | Epoch   1/100 | Train Loss 18.6389 Acc 0.1416 | Val Loss 2.6887 Acc 0.3026 AUC 0.8421 Pre 0.0432 Rec 0.1429
2026-09-14 22:20:40 |   Val AUC improved to 0.8421, model saved
2026-09-14 22:20:40 | Epoch   2/100 | Train Loss 17.6567 Acc 0.1767 | Val Loss 5.6516 Acc 0.3026 AUC 0.7831 Pre 0.0432 Rec 0.1429
2026-09-14 22:20:40 | Epoch   3/100 | Train Loss 16.1540 Acc 0.2297 | Val Loss 5.1067 Acc 0.3026 AUC 0.8512 Pre 0.0432 Rec 0.1429
2026-09-14 22:20:40 |   Val AUC improved to 0.8512, model saved
2026-09-14 22:20:40 | Epoch   4/100 | Train Loss 13.4576 Acc 0.2925 | Val Loss 2.7441 Acc 0.5092 AUC 0.9235 Pre 0.5922 Rec 0.3393
2026-09-14 22:20:40 |   Val AUC improved to 0.9235, model saved
2026-09-14 22:20:40 | Epoch   5/100 | Train Loss 10.8538 Acc 0.3424 | Val Loss 1.8876 Acc 0.7269 AUC 0.9565 Pre 0.5575 Rec 0.5864
2026-09-14 22:20:40 |   Val AUC improved to 0.9565, model saved
2026-09-14 22:20:40 | Epoch   6/100 | Train Loss 6.7676 Acc 0.4495 | Val Loss 1.5972 Acc 0.7915 AUC 0.9561 Pre 0.6687 Rec 0.7114
2026-09-14 22:20:40 | Epoch   7/100 | Train Loss 3.2622 Acc 0.6336 | Val Loss 1.7296 Acc 0.7823 AUC 0.9616 Pre 0.7181 Rec 0.6956
2026-09-14 22:20:40 |   Val AUC improved to 0.9616, model saved
2026-09-14 22:20:40 | Epoch   8/100 | Train Loss 1.7282 Acc 0.7789 | Val Loss 1.5286 Acc 0.7860 AUC 0.9653 Pre 0.7978 Rec 0.7739
2026-09-14 22:20:40 |   Val AUC improved to 0.9653, model saved
2026-09-14 22:20:40 | Epoch   9/100 | Train Loss 1.1720 Acc 0.8091 | Val Loss 1.6737 Acc 0.7601 AUC 0.9492 Pre 0.7577 Rec 0.7485
2026-09-14 22:20:40 | Epoch  10/100 | Train Loss 1.1364 Acc 0.8042 | Val Loss 3.3404 Acc 0.7214 AUC 0.9590 Pre 0.7124 Rec 0.6140
2026-09-14 22:20:40 | Epoch  11/100 | Train Loss 2.1857 Acc 0.7716 | Val Loss 2.7879 Acc 0.7325 AUC 0.9609 Pre 0.8092 Rec 0.6698
2026-09-14 22:20:41 | Epoch  12/100 | Train Loss 1.6658 Acc 0.7943 | Val Loss 1.4361 Acc 0.8469 AUC 0.9713 Pre 0.8613 Rec 0.8124
2026-09-14 22:20:41 |   Val AUC improved to 0.9713, model saved
2026-09-14 22:20:41 | Epoch  13/100 | Train Loss 0.6532 Acc 0.9150 | Val Loss 2.4766 Acc 0.7232 AUC 0.9569 Pre 0.7542 Rec 0.7438
2026-09-14 22:20:41 | Epoch  14/100 | Train Loss 1.5633 Acc 0.7549 | Val Loss 1.8622 Acc 0.8173 AUC 0.9731 Pre 0.8639 Rec 0.7694
2026-09-14 22:20:41 |   Val AUC improved to 0.9731, model saved
2026-09-14 22:20:41 | Epoch  15/100 | Train Loss 0.7702 Acc 0.8947 | Val Loss 2.3240 Acc 0.8229 AUC 0.9737 Pre 0.8609 Rec 0.7713
2026-09-14 22:20:41 |   Val AUC improved to 0.9737, model saved
2026-09-14 22:20:41 | Epoch  16/100 | Train Loss 0.9182 Acc 0.8947 | Val Loss 2.4693 Acc 0.8321 AUC 0.9737 Pre 0.8570 Rec 0.7986
2026-09-14 22:20:41 | Epoch  17/100 | Train Loss 0.9476 Acc 0.8984 | Val Loss 2.1620 Acc 0.8524 AUC 0.9719 Pre 0.8614 Rec 0.8297
2026-09-14 22:20:41 | Epoch  18/100 | Train Loss 0.7124 Acc 0.9175 | Val Loss 2.0253 Acc 0.8598 AUC 0.9736 Pre 0.8554 Rec 0.8458
2026-09-14 22:20:41 | Epoch  19/100 | Train Loss 0.5651 Acc 0.9280 | Val Loss 1.9483 Acc 0.8524 AUC 0.9744 Pre 0.8430 Rec 0.8437
2026-09-14 22:20:41 |   Val AUC improved to 0.9744, model saved
2026-09-14 22:20:41 | Epoch  20/100 | Train Loss 0.5543 Acc 0.9317 | Val Loss 1.9633 Acc 0.8579 AUC 0.9744 Pre 0.8421 Rec 0.8508
2026-09-14 22:20:41 |   Val AUC improved to 0.9744, model saved
2026-09-14 22:20:41 | Epoch  21/100 | Train Loss 0.5356 Acc 0.9304 | Val Loss 1.9272 Acc 0.8469 AUC 0.9755 Pre 0.8292 Rec 0.8410
2026-09-14 22:20:41 |   Val AUC improved to 0.9755, model saved
2026-09-14 22:20:41 | Epoch  22/100 | Train Loss 0.4670 Acc 0.9329 | Val Loss 1.9826 Acc 0.8727 AUC 0.9764 Pre 0.8601 Rec 0.8651
2026-09-14 22:20:41 |   Val AUC improved to 0.9764, model saved
2026-09-14 22:20:41 | Epoch  23/100 | Train Loss 0.4112 Acc 0.9366 | Val Loss 2.1377 Acc 0.8708 AUC 0.9766 Pre 0.8612 Rec 0.8590
2026-09-14 22:20:41 |   Val AUC improved to 0.9766, model saved
2026-09-14 22:20:41 | Epoch  24/100 | Train Loss 0.3826 Acc 0.9464 | Val Loss 2.2963 Acc 0.8708 AUC 0.9751 Pre 0.8660 Rec 0.8554
2026-09-14 22:20:41 | Epoch  25/100 | Train Loss 0.3689 Acc 0.9464 | Val Loss 2.3123 Acc 0.8598 AUC 0.9743 Pre 0.8541 Rec 0.8417
2026-09-14 22:20:42 | Epoch  26/100 | Train Loss 0.3054 Acc 0.9544 | Val Loss 2.2214 Acc 0.8653 AUC 0.9742 Pre 0.8532 Rec 0.8518
2026-09-14 22:20:42 | Epoch  27/100 | Train Loss 0.2594 Acc 0.9631 | Val Loss 2.1950 Acc 0.8579 AUC 0.9727 Pre 0.8469 Rec 0.8463
2026-09-14 22:20:42 | Epoch  28/100 | Train Loss 0.9552 Acc 0.9569 | Val Loss 2.2520 Acc 0.8469 AUC 0.9713 Pre 0.8393 Rec 0.8352
2026-09-14 22:20:42 | Epoch  29/100 | Train Loss 0.3366 Acc 0.9477 | Val Loss 2.3156 Acc 0.8395 AUC 0.9705 Pre 0.8328 Rec 0.8238
2026-09-14 22:20:42 | Epoch  30/100 | Train Loss 0.3416 Acc 0.9433 | Val Loss 2.2818 Acc 0.8469 AUC 0.9705 Pre 0.8404 Rec 0.8309
2026-09-14 22:20:42 | Epoch  31/100 | Train Loss 0.2646 Acc 0.9477 | Val Loss 2.2443 Acc 0.8598 AUC 0.9709 Pre 0.8505 Rec 0.8496
2026-09-14 22:20:42 | Epoch  32/100 | Train Loss 0.7832 Acc 0.9618 | Val Loss 2.1829 Acc 0.8506 AUC 0.9714 Pre 0.8383 Rec 0.8417
2026-09-14 22:20:42 | Epoch  33/100 | Train Loss 0.2135 Acc 0.9501 | Val Loss 2.1891 Acc 0.8469 AUC 0.9716 Pre 0.8379 Rec 0.8438
2026-09-14 22:20:42 | Val AUC did not improve for 10 consecutive epochs, early stopping at Epoch 33 (best AUC 0.9766 @ Epoch 23)
2026-09-14 22:20:42 | Run 4/5 | Test (best model @ Epoch 23) | Loss 1.9618 Acc 0.8819 AUC 0.9780 Pre 0.8708 Rec 0.8770
2026-09-14 22:20:42 | ===== Run 5/5 (seed 4) =====
2026-09-14 22:20:42 | Epoch   1/100 | Train Loss 19.4608 Acc 0.1305 | Val Loss 2.6916 Acc 0.3026 AUC 0.8503 Pre 0.0432 Rec 0.1429
2026-09-14 22:20:42 |   Val AUC improved to 0.8503, model saved
2026-09-14 22:20:42 | Epoch   2/100 | Train Loss 17.3661 Acc 0.1675 | Val Loss 4.9223 Acc 0.3026 AUC 0.8218 Pre 0.0432 Rec 0.1429
2026-09-14 22:20:42 | Epoch   3/100 | Train Loss 16.5235 Acc 0.2278 | Val Loss 5.5765 Acc 0.3118 AUC 0.8629 Pre 0.1865 Rec 0.1514
2026-09-14 22:20:42 |   Val AUC improved to 0.8629, model saved
2026-09-14 22:20:42 | Epoch   4/100 | Train Loss 13.7456 Acc 0.2876 | Val Loss 3.2791 Acc 0.5092 AUC 0.9342 Pre 0.6048 Rec 0.3372
2026-09-14 22:20:42 |   Val AUC improved to 0.9342, model saved
2026-09-14 22:20:42 | Epoch   5/100 | Train Loss 10.0305 Acc 0.3762 | Val Loss 2.5647 Acc 0.7435 AUC 0.9538 Pre 0.5419 Rec 0.6283
2026-09-14 22:20:42 |   Val AUC improved to 0.9538, model saved
2026-09-14 22:20:42 | Epoch   6/100 | Train Loss 6.4658 Acc 0.4926 | Val Loss 2.4469 Acc 0.7509 AUC 0.9546 Pre 0.5550 Rec 0.6300
2026-09-14 22:20:42 |   Val AUC improved to 0.9546, model saved
2026-09-14 22:20:43 | Epoch   7/100 | Train Loss 3.3565 Acc 0.7001 | Val Loss 2.5460 Acc 0.5664 AUC 0.9494 Pre 0.6074 Rec 0.5834
2026-09-14 22:20:43 | Epoch   8/100 | Train Loss 2.7528 Acc 0.5696 | Val Loss 2.4963 Acc 0.6919 AUC 0.9612 Pre 0.5851 Rec 0.5482
2026-09-14 22:20:43 |   Val AUC improved to 0.9612, model saved
2026-09-14 22:20:43 | Epoch   9/100 | Train Loss 2.1458 Acc 0.7254 | Val Loss 2.3875 Acc 0.7214 AUC 0.9386 Pre 0.6057 Rec 0.6275
2026-09-14 22:20:43 | Epoch  10/100 | Train Loss 1.9111 Acc 0.7518 | Val Loss 2.9278 Acc 0.6624 AUC 0.9413 Pre 0.6184 Rec 0.6554
2026-09-14 22:20:43 | Epoch  11/100 | Train Loss 2.4055 Acc 0.6847 | Val Loss 2.1836 Acc 0.7804 AUC 0.9668 Pre 0.8391 Rec 0.6846
2026-09-14 22:20:43 |   Val AUC improved to 0.9668, model saved
2026-09-14 22:20:43 | Epoch  12/100 | Train Loss 1.4694 Acc 0.8183 | Val Loss 2.2303 Acc 0.7749 AUC 0.9692 Pre 0.8666 Rec 0.6603
2026-09-14 22:20:43 |   Val AUC improved to 0.9692, model saved
2026-09-14 22:20:43 | Epoch  13/100 | Train Loss 1.3466 Acc 0.8091 | Val Loss 1.9583 Acc 0.8210 AUC 0.9722 Pre 0.8619 Rec 0.7427
2026-09-14 22:20:43 |   Val AUC improved to 0.9722, model saved
2026-09-14 22:20:43 | Epoch  14/100 | Train Loss 1.1148 Acc 0.8590 | Val Loss 1.9194 Acc 0.8063 AUC 0.9688 Pre 0.8150 Rec 0.7583
2026-09-14 22:20:43 | Epoch  15/100 | Train Loss 1.0477 Acc 0.8658 | Val Loss 1.8189 Acc 0.8192 AUC 0.9698 Pre 0.8153 Rec 0.7840
2026-09-14 22:20:43 | Epoch  16/100 | Train Loss 0.7893 Acc 0.9033 | Val Loss 1.6950 Acc 0.8450 AUC 0.9746 Pre 0.8352 Rec 0.8175
2026-09-14 22:20:43 |   Val AUC improved to 0.9746, model saved
2026-09-14 22:20:43 | Epoch  17/100 | Train Loss 0.5775 Acc 0.9255 | Val Loss 1.6159 Acc 0.8690 AUC 0.9774 Pre 0.8598 Rec 0.8584
2026-09-14 22:20:43 |   Val AUC improved to 0.9774, model saved
2026-09-14 22:20:43 | Epoch  18/100 | Train Loss 0.4483 Acc 0.9347 | Val Loss 1.6921 Acc 0.8672 AUC 0.9778 Pre 0.8517 Rec 0.8612
2026-09-14 22:20:43 |   Val AUC improved to 0.9778, model saved
2026-09-14 22:20:43 | Epoch  19/100 | Train Loss 0.4741 Acc 0.9273 | Val Loss 1.7727 Acc 0.8690 AUC 0.9770 Pre 0.8556 Rec 0.8709
2026-09-14 22:20:43 | Epoch  20/100 | Train Loss 0.4938 Acc 0.9169 | Val Loss 1.7892 Acc 0.8579 AUC 0.9764 Pre 0.8430 Rec 0.8566
2026-09-14 22:20:43 | Epoch  21/100 | Train Loss 0.4059 Acc 0.9261 | Val Loss 1.8073 Acc 0.8653 AUC 0.9760 Pre 0.8518 Rec 0.8652
2026-09-14 22:20:43 | Epoch  22/100 | Train Loss 0.3521 Acc 0.9341 | Val Loss 1.8113 Acc 0.8579 AUC 0.9755 Pre 0.8399 Rec 0.8492
2026-09-14 22:20:43 | Epoch  23/100 | Train Loss 0.3087 Acc 0.9446 | Val Loss 1.8601 Acc 0.8598 AUC 0.9750 Pre 0.8492 Rec 0.8438
2026-09-14 22:20:43 | Epoch  24/100 | Train Loss 0.3087 Acc 0.9501 | Val Loss 1.9348 Acc 0.8561 AUC 0.9749 Pre 0.8507 Rec 0.8380
2026-09-14 22:20:43 | Epoch  25/100 | Train Loss 0.2837 Acc 0.9538 | Val Loss 1.9771 Acc 0.8542 AUC 0.9743 Pre 0.8503 Rec 0.8367
2026-09-14 22:20:43 | Epoch  26/100 | Train Loss 0.2503 Acc 0.9520 | Val Loss 1.9802 Acc 0.8542 AUC 0.9735 Pre 0.8521 Rec 0.8346
2026-09-14 22:20:43 | Epoch  27/100 | Train Loss 0.2186 Acc 0.9606 | Val Loss 1.9941 Acc 0.8542 AUC 0.9727 Pre 0.8477 Rec 0.8297
2026-09-14 22:20:43 | Epoch  28/100 | Train Loss 0.2298 Acc 0.9544 | Val Loss 1.9916 Acc 0.8506 AUC 0.9726 Pre 0.8435 Rec 0.8268
2026-09-14 22:20:43 | Val AUC did not improve for 10 consecutive epochs, early stopping at Epoch 28 (best AUC 0.9778 @ Epoch 18)
2026-09-14 22:20:43 | Run 5/5 | Test (best model @ Epoch 18) | Loss 1.5589 Acc 0.8838 AUC 0.9799 Pre 0.8715 Rec 0.8869
2026-09-14 22:20:43 | Average over 5 runs | Test Loss 1.6858±0.2561 Acc 0.8742±0.0089 AUC 0.9783±0.0010 Pre 0.8582±0.0126 Rec 0.8763±0.0089
