2026-08-29 02:09:40 | Device: cuda
2026-08-29 02:09:40 | Args: {'model': 'centfgib', 'backbone': 'cnn', 'task': 'imagenet100', 'epochs': 100, 'batch_size': 512, 'lr': 0.001, 'hidden_dims': [512, 256], 'dropout': 0.2, 'z_dim': 256, 'anchor_scale': 16.0, 'max_len': 250, 'random_labels': False, 'beta': 0.01, 'patience': 10, 'runs': 5, 'seed': 0, 'data_dir': './data', 'save_path': 'output/imagenet100_cnn_centfgib/imagenet100_cnn_centfgib.pt', 'log_path': '/root/autodl-tmp/FGIB/tune_results_ablation/centfgib_all/imagenet100_cnn_centfgib_beta_0.01_anchor_16/train.log', 'no_save': True, 'freeze_a': False, 'a_identity': False, 'cosine_classifier': False, 'log_variance_stats': False, 'subject_disjoint': False}
2026-08-29 02:09:40 | ImageNet-100 特征：使用 4×4 空间池化文件 ./data/imagenet100/imagenet100_resnet50_layer3_pool4_features.npz
2026-08-29 02:09:40 | ImageNet-100 预处理缓存：mmap 共享 ./data/imagenet100/preprocessed_pool4
2026-08-29 02:09:40 | ===== Run 1/5 (seed 0) =====
2026-08-29 03:59:59 | Device: cuda
2026-08-29 03:59:59 | Args: {'model': 'centfgib', 'backbone': 'cnn', 'task': 'imagenet100', 'epochs': 100, 'batch_size': 512, 'lr': 0.001, 'hidden_dims': [512, 256], 'dropout': 0.2, 'z_dim': 256, 'anchor_scale': 16.0, 'max_len': 250, 'random_labels': False, 'beta': 0.01, 'patience': 10, 'runs': 5, 'seed': 0, 'data_dir': './data', 'save_path': 'output/imagenet100_cnn_centfgib/imagenet100_cnn_centfgib.pt', 'log_path': '/root/autodl-tmp/FGIB/tune_results_ablation/centfgib_all/imagenet100_cnn_centfgib_beta_0.01_anchor_16/train.log', 'no_save': True, 'freeze_a': False, 'a_identity': False, 'cosine_classifier': False, 'log_variance_stats': False, 'subject_disjoint': False}
2026-08-29 03:59:59 | ImageNet-100 特征：使用 4×4 空间池化文件 ./data/imagenet100/imagenet100_resnet50_layer3_pool4_features.npz
2026-08-29 03:59:59 | ImageNet-100 预处理缓存：mmap 共享 ./data/imagenet100/preprocessed_pool4
2026-08-29 03:59:59 | ===== Run 1/5 (seed 0) =====
2026-08-29 04:00:06 | Epoch   1/100 | Train Loss 2.5837 Acc 0.6524 | Val Loss 1.4776 Acc 0.8102 AUC 0.9963 Pre 0.8146 Rec 0.8060
2026-08-29 04:00:06 |   Val AUC improved to 0.9963, model saved
2026-08-29 04:00:11 | Epoch   2/100 | Train Loss 1.2900 Acc 0.8565 | Val Loss 1.2085 Acc 0.8363 AUC 0.9968 Pre 0.8392 Rec 0.8325
2026-08-29 04:00:11 |   Val AUC improved to 0.9968, model saved
2026-08-29 04:00:16 | Epoch   3/100 | Train Loss 0.9750 Acc 0.9020 | Val Loss 1.1055 Acc 0.8473 AUC 0.9968 Pre 0.8491 Rec 0.8442
2026-08-29 04:00:21 | Epoch   4/100 | Train Loss 0.7775 Acc 0.9336 | Val Loss 1.0656 Acc 0.8526 AUC 0.9966 Pre 0.8551 Rec 0.8483
2026-08-29 04:00:26 | Epoch   5/100 | Train Loss 0.6508 Acc 0.9550 | Val Loss 1.0699 Acc 0.8532 AUC 0.9963 Pre 0.8559 Rec 0.8500
2026-08-29 04:00:31 | Epoch   6/100 | Train Loss 0.5524 Acc 0.9700 | Val Loss 1.0646 Acc 0.8559 AUC 0.9961 Pre 0.8584 Rec 0.8543
2026-08-29 04:00:36 | Epoch   7/100 | Train Loss 0.4740 Acc 0.9817 | Val Loss 1.0600 Acc 0.8583 AUC 0.9959 Pre 0.8616 Rec 0.8546
2026-08-29 04:00:41 | Epoch   8/100 | Train Loss 0.4274 Acc 0.9870 | Val Loss 1.0804 Acc 0.8572 AUC 0.9954 Pre 0.8612 Rec 0.8529
2026-08-29 04:00:47 | Epoch   9/100 | Train Loss 0.3847 Acc 0.9910 | Val Loss 1.0609 Acc 0.8610 AUC 0.9954 Pre 0.8626 Rec 0.8581
2026-08-29 04:00:52 | Epoch  10/100 | Train Loss 0.3496 Acc 0.9947 | Val Loss 1.0752 Acc 0.8604 AUC 0.9951 Pre 0.8612 Rec 0.8574
2026-08-29 04:00:57 | Epoch  11/100 | Train Loss 0.3169 Acc 0.9969 | Val Loss 1.0570 Acc 0.8624 AUC 0.9948 Pre 0.8624 Rec 0.8594
2026-08-29 04:01:02 | Epoch  12/100 | Train Loss 0.2914 Acc 0.9981 | Val Loss 1.0542 Acc 0.8640 AUC 0.9947 Pre 0.8640 Rec 0.8609
2026-08-29 04:01:02 | Val AUC did not improve for 10 consecutive epochs, early stopping at Epoch 12 (best AUC 0.9968 @ Epoch 2)
2026-08-29 04:01:04 | Run 1/5 | Test (best model @ Epoch 2) | Loss 1.2040 Acc 0.8389 AUC 0.9968 Pre 0.8415 Rec 0.8353
2026-08-29 04:01:04 | ===== Run 2/5 (seed 1) =====
2026-08-29 04:01:09 | Epoch   1/100 | Train Loss 2.5498 Acc 0.6533 | Val Loss 1.4666 Acc 0.8102 AUC 0.9964 Pre 0.8155 Rec 0.8063
2026-08-29 04:01:09 |   Val AUC improved to 0.9964, model saved
2026-08-29 04:01:14 | Epoch   2/100 | Train Loss 1.2779 Acc 0.8542 | Val Loss 1.2086 Acc 0.8346 AUC 0.9967 Pre 0.8396 Rec 0.8311
2026-08-29 04:01:14 |   Val AUC improved to 0.9967, model saved
2026-08-29 04:01:20 | Epoch   3/100 | Train Loss 0.9573 Acc 0.9026 | Val Loss 1.1072 Acc 0.8427 AUC 0.9969 Pre 0.8456 Rec 0.8402
2026-08-29 04:01:20 |   Val AUC improved to 0.9969, model saved
2026-08-29 04:01:25 | Epoch   4/100 | Train Loss 0.7711 Acc 0.9327 | Val Loss 1.0796 Acc 0.8485 AUC 0.9966 Pre 0.8494 Rec 0.8457
2026-08-29 04:01:30 | Epoch   5/100 | Train Loss 0.6408 Acc 0.9540 | Val Loss 1.0458 Acc 0.8515 AUC 0.9966 Pre 0.8531 Rec 0.8482
2026-08-29 04:01:35 | Epoch   6/100 | Train Loss 0.5450 Acc 0.9703 | Val Loss 1.0302 Acc 0.8598 AUC 0.9965 Pre 0.8600 Rec 0.8570
2026-08-29 04:01:40 | Epoch   7/100 | Train Loss 0.4777 Acc 0.9801 | Val Loss 1.0751 Acc 0.8558 AUC 0.9958 Pre 0.8568 Rec 0.8539
2026-08-29 04:01:45 | Epoch   8/100 | Train Loss 0.4291 Acc 0.9864 | Val Loss 1.0528 Acc 0.8623 AUC 0.9959 Pre 0.8625 Rec 0.8596
2026-08-29 04:01:50 | Epoch   9/100 | Train Loss 0.3956 Acc 0.9891 | Val Loss 1.0816 Acc 0.8584 AUC 0.9952 Pre 0.8589 Rec 0.8556
2026-08-29 04:01:55 | Epoch  10/100 | Train Loss 0.3578 Acc 0.9934 | Val Loss 1.0830 Acc 0.8599 AUC 0.9952 Pre 0.8605 Rec 0.8573
2026-08-29 04:02:00 | Epoch  11/100 | Train Loss 0.3233 Acc 0.9958 | Val Loss 1.0427 Acc 0.8648 AUC 0.9952 Pre 0.8639 Rec 0.8625
2026-08-29 04:02:05 | Epoch  12/100 | Train Loss 0.2947 Acc 0.9976 | Val Loss 1.0330 Acc 0.8652 AUC 0.9951 Pre 0.8648 Rec 0.8627
2026-08-29 04:02:11 | Epoch  13/100 | Train Loss 0.2717 Acc 0.9985 | Val Loss 1.0301 Acc 0.8665 AUC 0.9948 Pre 0.8661 Rec 0.8635
2026-08-29 04:02:11 | Val AUC did not improve for 10 consecutive epochs, early stopping at Epoch 13 (best AUC 0.9969 @ Epoch 3)
2026-08-29 04:02:12 | Run 2/5 | Test (best model @ Epoch 3) | Loss 1.0992 Acc 0.8456 AUC 0.9969 Pre 0.8482 Rec 0.8429
2026-08-29 04:02:12 | ===== Run 3/5 (seed 2) =====
2026-08-29 04:02:17 | Epoch   1/100 | Train Loss 2.5503 Acc 0.6578 | Val Loss 1.4676 Acc 0.8111 AUC 0.9962 Pre 0.8178 Rec 0.8072
2026-08-29 04:02:17 |   Val AUC improved to 0.9962, model saved
2026-08-29 04:02:22 | Epoch   2/100 | Train Loss 1.2578 Acc 0.8555 | Val Loss 1.1784 Acc 0.8376 AUC 0.9968 Pre 0.8401 Rec 0.8347
2026-08-29 04:02:22 |   Val AUC improved to 0.9968, model saved
2026-08-29 04:02:27 | Epoch   3/100 | Train Loss 0.9367 Acc 0.9036 | Val Loss 1.0923 Acc 0.8460 AUC 0.9968 Pre 0.8502 Rec 0.8431
2026-08-29 04:02:27 |   Val AUC improved to 0.9968, model saved
2026-08-29 04:02:33 | Epoch   4/100 | Train Loss 0.7435 Acc 0.9350 | Val Loss 1.0424 Acc 0.8520 AUC 0.9967 Pre 0.8533 Rec 0.8487
2026-08-29 04:02:38 | Epoch   5/100 | Train Loss 0.6162 Acc 0.9564 | Val Loss 1.0425 Acc 0.8546 AUC 0.9964 Pre 0.8556 Rec 0.8513
2026-08-29 04:02:43 | Epoch   6/100 | Train Loss 0.5168 Acc 0.9721 | Val Loss 1.0485 Acc 0.8576 AUC 0.9960 Pre 0.8587 Rec 0.8553
2026-08-29 04:02:48 | Epoch   7/100 | Train Loss 0.4533 Acc 0.9814 | Val Loss 1.0754 Acc 0.8579 AUC 0.9958 Pre 0.8599 Rec 0.8542
2026-08-29 04:02:53 | Epoch   8/100 | Train Loss 0.4072 Acc 0.9875 | Val Loss 1.0721 Acc 0.8573 AUC 0.9956 Pre 0.8587 Rec 0.8539
2026-08-29 04:02:57 | Epoch   9/100 | Train Loss 0.3599 Acc 0.9933 | Val Loss 1.0511 Acc 0.8625 AUC 0.9956 Pre 0.8623 Rec 0.8598
2026-08-29 04:03:02 | Epoch  10/100 | Train Loss 0.3235 Acc 0.9956 | Val Loss 1.0413 Acc 0.8644 AUC 0.9955 Pre 0.8634 Rec 0.8611
2026-08-29 04:03:07 | Epoch  11/100 | Train Loss 0.2945 Acc 0.9975 | Val Loss 1.0327 Acc 0.8655 AUC 0.9954 Pre 0.8640 Rec 0.8629
2026-08-29 04:03:12 | Epoch  12/100 | Train Loss 0.2704 Acc 0.9984 | Val Loss 1.0461 Acc 0.8620 AUC 0.9950 Pre 0.8604 Rec 0.8594
2026-08-29 04:03:17 | Epoch  13/100 | Train Loss 0.2526 Acc 0.9989 | Val Loss 1.0396 Acc 0.8624 AUC 0.9949 Pre 0.8606 Rec 0.8591
2026-08-29 04:03:17 | Val AUC did not improve for 10 consecutive epochs, early stopping at Epoch 13 (best AUC 0.9968 @ Epoch 3)
2026-08-29 04:03:18 | Run 3/5 | Test (best model @ Epoch 3) | Loss 1.0863 Acc 0.8450 AUC 0.9969 Pre 0.8491 Rec 0.8420
2026-08-29 04:03:18 | ===== Run 4/5 (seed 3) =====
2026-08-29 04:03:23 | Epoch   1/100 | Train Loss 2.5795 Acc 0.6528 | Val Loss 1.5090 Acc 0.8061 AUC 0.9960 Pre 0.8144 Rec 0.8026
2026-08-29 04:03:23 |   Val AUC improved to 0.9960, model saved
2026-08-29 04:03:28 | Epoch   2/100 | Train Loss 1.2933 Acc 0.8533 | Val Loss 1.2049 Acc 0.8364 AUC 0.9969 Pre 0.8382 Rec 0.8337
2026-08-29 04:03:28 |   Val AUC improved to 0.9969, model saved
2026-08-29 04:03:33 | Epoch   3/100 | Train Loss 0.9762 Acc 0.9021 | Val Loss 1.1137 Acc 0.8464 AUC 0.9969 Pre 0.8498 Rec 0.8442
2026-08-29 04:03:33 |   Val AUC improved to 0.9969, model saved
2026-08-29 04:03:38 | Epoch   4/100 | Train Loss 0.7834 Acc 0.9348 | Val Loss 1.0781 Acc 0.8511 AUC 0.9967 Pre 0.8551 Rec 0.8486
2026-08-29 04:03:43 | Epoch   5/100 | Train Loss 0.6544 Acc 0.9545 | Val Loss 1.0507 Acc 0.8567 AUC 0.9965 Pre 0.8583 Rec 0.8535
2026-08-29 04:03:47 | Epoch   6/100 | Train Loss 0.5579 Acc 0.9697 | Val Loss 1.0556 Acc 0.8572 AUC 0.9964 Pre 0.8566 Rec 0.8546
2026-08-29 04:03:52 | Epoch   7/100 | Train Loss 0.4883 Acc 0.9801 | Val Loss 1.0692 Acc 0.8558 AUC 0.9960 Pre 0.8554 Rec 0.8539
2026-08-29 04:03:57 | Epoch   8/100 | Train Loss 0.4448 Acc 0.9855 | Val Loss 1.0820 Acc 0.8567 AUC 0.9954 Pre 0.8569 Rec 0.8541
2026-08-29 04:04:02 | Epoch   9/100 | Train Loss 0.4055 Acc 0.9896 | Val Loss 1.1034 Acc 0.8572 AUC 0.9953 Pre 0.8577 Rec 0.8546
2026-08-29 04:04:07 | Epoch  10/100 | Train Loss 0.3618 Acc 0.9938 | Val Loss 1.0699 Acc 0.8605 AUC 0.9953 Pre 0.8606 Rec 0.8577
2026-08-29 04:04:12 | Epoch  11/100 | Train Loss 0.3340 Acc 0.9960 | Val Loss 1.0677 Acc 0.8627 AUC 0.9951 Pre 0.8619 Rec 0.8598
2026-08-29 04:04:17 | Epoch  12/100 | Train Loss 0.3054 Acc 0.9976 | Val Loss 1.0696 Acc 0.8612 AUC 0.9949 Pre 0.8607 Rec 0.8584
2026-08-29 04:04:21 | Epoch  13/100 | Train Loss 0.2818 Acc 0.9985 | Val Loss 1.0308 Acc 0.8674 AUC 0.9949 Pre 0.8663 Rec 0.8644
2026-08-29 04:04:21 | Val AUC did not improve for 10 consecutive epochs, early stopping at Epoch 13 (best AUC 0.9969 @ Epoch 3)
2026-08-29 04:04:23 | Run 4/5 | Test (best model @ Epoch 3) | Loss 1.1147 Acc 0.8453 AUC 0.9969 Pre 0.8485 Rec 0.8433
2026-08-29 04:04:23 | ===== Run 5/5 (seed 4) =====
2026-08-29 04:04:28 | Epoch   1/100 | Train Loss 2.5450 Acc 0.6610 | Val Loss 1.4573 Acc 0.8149 AUC 0.9964 Pre 0.8174 Rec 0.8113
2026-08-29 04:04:28 |   Val AUC improved to 0.9964, model saved
2026-08-29 04:04:33 | Epoch   2/100 | Train Loss 1.2731 Acc 0.8559 | Val Loss 1.1843 Acc 0.8399 AUC 0.9969 Pre 0.8401 Rec 0.8369
2026-08-29 04:04:33 |   Val AUC improved to 0.9969, model saved
2026-08-29 04:04:38 | Epoch   3/100 | Train Loss 0.9497 Acc 0.9043 | Val Loss 1.1003 Acc 0.8477 AUC 0.9967 Pre 0.8488 Rec 0.8446
2026-08-29 04:04:43 | Epoch   4/100 | Train Loss 0.7584 Acc 0.9366 | Val Loss 1.0566 Acc 0.8552 AUC 0.9966 Pre 0.8563 Rec 0.8524
2026-08-29 04:04:48 | Epoch   5/100 | Train Loss 0.6330 Acc 0.9568 | Val Loss 1.0597 Acc 0.8536 AUC 0.9963 Pre 0.8556 Rec 0.8507
2026-08-29 04:04:53 | Epoch   6/100 | Train Loss 0.5315 Acc 0.9732 | Val Loss 1.0567 Acc 0.8556 AUC 0.9962 Pre 0.8581 Rec 0.8522
2026-08-29 04:04:58 | Epoch   7/100 | Train Loss 0.4691 Acc 0.9817 | Val Loss 1.0504 Acc 0.8589 AUC 0.9958 Pre 0.8593 Rec 0.8559
2026-08-29 04:05:03 | Epoch   8/100 | Train Loss 0.4133 Acc 0.9882 | Val Loss 1.0558 Acc 0.8619 AUC 0.9958 Pre 0.8619 Rec 0.8593
2026-08-29 04:05:08 | Epoch   9/100 | Train Loss 0.3665 Acc 0.9928 | Val Loss 1.0420 Acc 0.8637 AUC 0.9956 Pre 0.8631 Rec 0.8611
2026-08-29 04:05:13 | Epoch  10/100 | Train Loss 0.3329 Acc 0.9953 | Val Loss 1.0282 Acc 0.8640 AUC 0.9953 Pre 0.8631 Rec 0.8616
2026-08-29 04:05:18 | Epoch  11/100 | Train Loss 0.3042 Acc 0.9973 | Val Loss 1.0194 Acc 0.8679 AUC 0.9953 Pre 0.8669 Rec 0.8652
2026-08-29 04:05:22 | Epoch  12/100 | Train Loss 0.2789 Acc 0.9984 | Val Loss 1.0289 Acc 0.8655 AUC 0.9947 Pre 0.8647 Rec 0.8628
2026-08-29 04:05:22 | Val AUC did not improve for 10 consecutive epochs, early stopping at Epoch 12 (best AUC 0.9969 @ Epoch 2)
2026-08-29 04:05:24 | Run 5/5 | Test (best model @ Epoch 2) | Loss 1.1750 Acc 0.8440 AUC 0.9971 Pre 0.8440 Rec 0.8414
2026-08-29 04:05:24 | Average over 5 runs | Test Loss 1.1359±0.0510 Acc 0.8438±0.0028 AUC 0.9969±0.0001 Pre 0.8463±0.0033 Rec 0.8410±0.0033
