2026-08-26 23:55:43 | Device: cuda
2026-08-26 23:55:43 | Args: {'model': 'ceb', 'backbone': 'rnn', 'task': 'agnews', 'epochs': 100, 'batch_size': 512, 'lr': 0.001, 'hidden_dims': [512, 256], 'dropout': 0.2, 'z_dim': 256, 'anchor_scale': 4.0, 'max_len': 250, 'random_labels': False, 'beta': 0.001, 'patience': 10, 'runs': 5, 'seed': 0, 'data_dir': './data', 'save_path': 'output/agnews_rnn_ceb/agnews_rnn_ceb.pt', 'log_path': '/root/autodl-tmp/FGIB/tune_results/agnews_rnn_ceb_beta_0.001/train.log', 'no_save': True}
2026-08-26 23:55:43 | AG News 特征文件：agnews_bert_base_layer10_pca50_features.npy（input_dim=50）
2026-08-26 23:55:43 | AG News 预处理缓存：mmap 共享 ./data/agnews/agnews_bert_base_layer10_pca50_features_fp32.npy
2026-08-26 23:55:43 | AG News BERT 特征划分（60/20/20 分层）：train 76560 / val 25520 / test 25520（共 127600 条）
2026-08-26 23:55:43 | ===== Run 1/5 (seed 0) =====
2026-08-26 23:56:47 | Epoch   1/100 | Train Loss 0.7471 Acc 0.7550 | Val Loss 0.4741 Acc 0.8524 AUC 0.9614 Pre 0.8572 Rec 0.8524
2026-08-26 23:56:48 |   Val AUC improved to 0.9614, model saved
2026-08-26 23:57:45 | Epoch   2/100 | Train Loss 0.4412 Acc 0.8631 | Val Loss 0.3658 Acc 0.8815 AUC 0.9739 Pre 0.8813 Rec 0.8815
2026-08-26 23:57:46 |   Val AUC improved to 0.9739, model saved
2026-08-26 23:58:44 | Epoch   3/100 | Train Loss 0.3772 Acc 0.8795 | Val Loss 0.3447 Acc 0.8897 AUC 0.9760 Pre 0.8907 Rec 0.8897
2026-08-26 23:58:45 |   Val AUC improved to 0.9760, model saved
2026-08-26 23:59:41 | Epoch   4/100 | Train Loss 0.3491 Acc 0.8884 | Val Loss 0.3242 Acc 0.8929 AUC 0.9785 Pre 0.8930 Rec 0.8929
2026-08-26 23:59:42 |   Val AUC improved to 0.9785, model saved
2026-08-27 00:00:37 | Epoch   5/100 | Train Loss 0.3287 Acc 0.8924 | Val Loss 0.3076 Acc 0.8969 AUC 0.9804 Pre 0.8985 Rec 0.8969
2026-08-27 00:00:39 |   Val AUC improved to 0.9804, model saved
2026-08-27 00:01:35 | Epoch   6/100 | Train Loss 0.3137 Acc 0.8974 | Val Loss 0.2901 Acc 0.9026 AUC 0.9825 Pre 0.9032 Rec 0.9026
2026-08-27 00:01:37 |   Val AUC improved to 0.9825, model saved
2026-08-27 00:02:27 | Epoch   7/100 | Train Loss 0.2977 Acc 0.9016 | Val Loss 0.2794 Acc 0.9057 AUC 0.9841 Pre 0.9076 Rec 0.9057
2026-08-27 00:02:28 |   Val AUC improved to 0.9841, model saved
2026-08-27 00:03:22 | Epoch   8/100 | Train Loss 0.2827 Acc 0.9070 | Val Loss 0.2715 Acc 0.9087 AUC 0.9849 Pre 0.9087 Rec 0.9087
2026-08-27 00:03:24 |   Val AUC improved to 0.9849, model saved
2026-08-27 00:04:19 | Epoch   9/100 | Train Loss 0.2703 Acc 0.9106 | Val Loss 0.2661 Acc 0.9103 AUC 0.9855 Pre 0.9113 Rec 0.9103
2026-08-27 00:04:20 |   Val AUC improved to 0.9855, model saved
2026-08-27 00:05:15 | Epoch  10/100 | Train Loss 0.2566 Acc 0.9151 | Val Loss 0.2556 Acc 0.9139 AUC 0.9866 Pre 0.9142 Rec 0.9139
2026-08-27 00:05:16 |   Val AUC improved to 0.9866, model saved
2026-08-27 00:06:11 | Epoch  11/100 | Train Loss 0.2476 Acc 0.9177 | Val Loss 0.2502 Acc 0.9156 AUC 0.9871 Pre 0.9161 Rec 0.9156
2026-08-27 00:06:12 |   Val AUC improved to 0.9871, model saved
2026-08-27 00:07:06 | Epoch  12/100 | Train Loss 0.2377 Acc 0.9219 | Val Loss 0.2469 Acc 0.9144 AUC 0.9874 Pre 0.9147 Rec 0.9144
2026-08-27 00:07:07 |   Val AUC improved to 0.9874, model saved
2026-08-27 00:07:59 | Epoch  13/100 | Train Loss 0.2260 Acc 0.9246 | Val Loss 0.2434 Acc 0.9174 AUC 0.9875 Pre 0.9172 Rec 0.9174
2026-08-27 00:08:01 |   Val AUC improved to 0.9875, model saved
2026-08-27 00:08:49 | Epoch  14/100 | Train Loss 0.2154 Acc 0.9277 | Val Loss 0.2414 Acc 0.9199 AUC 0.9880 Pre 0.9205 Rec 0.9199
2026-08-27 00:08:51 |   Val AUC improved to 0.9880, model saved
2026-08-27 00:09:41 | Epoch  15/100 | Train Loss 0.2050 Acc 0.9312 | Val Loss 0.2407 Acc 0.9206 AUC 0.9882 Pre 0.9207 Rec 0.9206
2026-08-27 00:09:42 |   Val AUC improved to 0.9882, model saved
2026-08-27 00:10:31 | Epoch  16/100 | Train Loss 0.1975 Acc 0.9343 | Val Loss 0.2471 Acc 0.9187 AUC 0.9879 Pre 0.9209 Rec 0.9187
2026-08-27 00:11:19 | Epoch  17/100 | Train Loss 0.1872 Acc 0.9378 | Val Loss 0.2378 Acc 0.9197 AUC 0.9879 Pre 0.9205 Rec 0.9197
2026-08-27 00:12:07 | Epoch  18/100 | Train Loss 0.1786 Acc 0.9409 | Val Loss 0.2444 Acc 0.9194 AUC 0.9880 Pre 0.9199 Rec 0.9194
2026-08-27 00:12:54 | Epoch  19/100 | Train Loss 0.1695 Acc 0.9441 | Val Loss 0.2418 Acc 0.9213 AUC 0.9876 Pre 0.9217 Rec 0.9213
2026-08-27 00:13:42 | Epoch  20/100 | Train Loss 0.1597 Acc 0.9479 | Val Loss 0.2494 Acc 0.9209 AUC 0.9872 Pre 0.9217 Rec 0.9209
2026-08-27 00:14:29 | Epoch  21/100 | Train Loss 0.1514 Acc 0.9500 | Val Loss 0.2472 Acc 0.9217 AUC 0.9876 Pre 0.9227 Rec 0.9217
2026-08-27 00:15:17 | Epoch  22/100 | Train Loss 0.1472 Acc 0.9516 | Val Loss 0.2590 Acc 0.9198 AUC 0.9876 Pre 0.9200 Rec 0.9198
2026-08-27 00:16:04 | Epoch  23/100 | Train Loss 0.1390 Acc 0.9543 | Val Loss 0.2683 Acc 0.9194 AUC 0.9871 Pre 0.9205 Rec 0.9194
2026-08-27 00:16:52 | Epoch  24/100 | Train Loss 0.1324 Acc 0.9562 | Val Loss 0.2620 Acc 0.9204 AUC 0.9868 Pre 0.9212 Rec 0.9204
2026-08-27 00:17:40 | Epoch  25/100 | Train Loss 0.1236 Acc 0.9602 | Val Loss 0.2778 Acc 0.9174 AUC 0.9861 Pre 0.9183 Rec 0.9174
2026-08-27 00:17:40 | Val AUC did not improve for 10 consecutive epochs, early stopping at Epoch 25 (best AUC 0.9882 @ Epoch 15)
2026-08-27 00:17:52 | Run 1/5 | Test (best model @ Epoch 15) | Loss 0.2346 Acc 0.9231 AUC 0.9887 Pre 0.9230 Rec 0.9231
2026-08-27 00:17:52 | ===== Run 2/5 (seed 1) =====
2026-08-27 00:18:39 | Epoch   1/100 | Train Loss 1.1443 Acc 0.4301 | Val Loss 0.9014 Acc 0.5060 AUC 0.7962 Pre 0.6233 Rec 0.5060
2026-08-27 00:18:40 |   Val AUC improved to 0.7962, model saved
2026-08-27 00:19:27 | Epoch   2/100 | Train Loss 0.7205 Acc 0.6572 | Val Loss 0.5461 Acc 0.8042 AUC 0.9349 Pre 0.7998 Rec 0.8042
2026-08-27 00:19:28 |   Val AUC improved to 0.9349, model saved
2026-08-27 00:20:17 | Epoch   3/100 | Train Loss 0.4361 Acc 0.8572 | Val Loss 0.3325 Acc 0.8938 AUC 0.9764 Pre 0.8967 Rec 0.8938
2026-08-27 00:20:18 |   Val AUC improved to 0.9764, model saved
2026-08-27 00:21:05 | Epoch   4/100 | Train Loss 0.3344 Acc 0.8947 | Val Loss 0.2989 Acc 0.9014 AUC 0.9801 Pre 0.9037 Rec 0.9014
2026-08-27 00:21:06 |   Val AUC improved to 0.9801, model saved
2026-08-27 00:21:52 | Epoch   5/100 | Train Loss 0.3159 Acc 0.8993 | Val Loss 0.2852 Acc 0.9063 AUC 0.9813 Pre 0.9077 Rec 0.9063
2026-08-27 00:21:53 |   Val AUC improved to 0.9813, model saved
2026-08-27 00:22:39 | Epoch   6/100 | Train Loss 0.3006 Acc 0.9029 | Val Loss 0.2842 Acc 0.9058 AUC 0.9836 Pre 0.9095 Rec 0.9058
2026-08-27 00:22:40 |   Val AUC improved to 0.9836, model saved
2026-08-27 00:23:27 | Epoch   7/100 | Train Loss 0.2834 Acc 0.9085 | Val Loss 0.2639 Acc 0.9100 AUC 0.9849 Pre 0.9105 Rec 0.9100
2026-08-27 00:23:28 |   Val AUC improved to 0.9849, model saved
2026-08-27 00:24:18 | Epoch   8/100 | Train Loss 0.2810 Acc 0.9102 | Val Loss 0.2575 Acc 0.9131 AUC 0.9860 Pre 0.9133 Rec 0.9131
2026-08-27 00:24:19 |   Val AUC improved to 0.9860, model saved
2026-08-27 00:25:07 | Epoch   9/100 | Train Loss 0.2627 Acc 0.9134 | Val Loss 0.2579 Acc 0.9154 AUC 0.9864 Pre 0.9159 Rec 0.9154
2026-08-27 00:25:09 |   Val AUC improved to 0.9864, model saved
2026-08-27 00:25:57 | Epoch  10/100 | Train Loss 0.2519 Acc 0.9162 | Val Loss 0.2418 Acc 0.9186 AUC 0.9878 Pre 0.9185 Rec 0.9186
2026-08-27 00:25:58 |   Val AUC improved to 0.9878, model saved
2026-08-27 00:26:45 | Epoch  11/100 | Train Loss 0.2320 Acc 0.9238 | Val Loss 0.2377 Acc 0.9176 AUC 0.9880 Pre 0.9188 Rec 0.9176
2026-08-27 00:26:47 |   Val AUC improved to 0.9880, model saved
2026-08-27 00:27:37 | Epoch  12/100 | Train Loss 0.2267 Acc 0.9256 | Val Loss 0.2377 Acc 0.9199 AUC 0.9883 Pre 0.9210 Rec 0.9199
2026-08-27 00:27:38 |   Val AUC improved to 0.9883, model saved
2026-08-27 00:28:28 | Epoch  13/100 | Train Loss 0.2152 Acc 0.9288 | Val Loss 0.2447 Acc 0.9187 AUC 0.9881 Pre 0.9194 Rec 0.9187
2026-08-27 00:29:17 | Epoch  14/100 | Train Loss 0.2068 Acc 0.9325 | Val Loss 0.2267 Acc 0.9224 AUC 0.9888 Pre 0.9221 Rec 0.9224
2026-08-27 00:29:18 |   Val AUC improved to 0.9888, model saved
2026-08-27 00:30:08 | Epoch  15/100 | Train Loss 0.1993 Acc 0.9352 | Val Loss 0.2296 Acc 0.9228 AUC 0.9889 Pre 0.9235 Rec 0.9228
2026-08-27 00:30:10 |   Val AUC improved to 0.9889, model saved
2026-08-27 00:31:00 | Epoch  16/100 | Train Loss 0.1891 Acc 0.9378 | Val Loss 0.2267 Acc 0.9234 AUC 0.9890 Pre 0.9243 Rec 0.9234
2026-08-27 00:31:01 |   Val AUC improved to 0.9890, model saved
2026-08-27 00:31:51 | Epoch  17/100 | Train Loss 0.1835 Acc 0.9399 | Val Loss 0.2336 Acc 0.9228 AUC 0.9891 Pre 0.9231 Rec 0.9228
2026-08-27 00:31:53 |   Val AUC improved to 0.9891, model saved
2026-08-27 00:32:45 | Epoch  18/100 | Train Loss 0.1705 Acc 0.9442 | Val Loss 0.2257 Acc 0.9269 AUC 0.9893 Pre 0.9272 Rec 0.9269
2026-08-27 00:32:46 |   Val AUC improved to 0.9893, model saved
2026-08-27 00:33:39 | Epoch  19/100 | Train Loss 0.1627 Acc 0.9473 | Val Loss 0.2312 Acc 0.9258 AUC 0.9888 Pre 0.9260 Rec 0.9258
2026-08-27 00:34:29 | Epoch  20/100 | Train Loss 0.1494 Acc 0.9524 | Val Loss 0.2343 Acc 0.9239 AUC 0.9887 Pre 0.9241 Rec 0.9239
2026-08-27 00:35:19 | Epoch  21/100 | Train Loss 0.1418 Acc 0.9553 | Val Loss 0.2408 Acc 0.9247 AUC 0.9884 Pre 0.9249 Rec 0.9247
2026-08-27 00:36:10 | Epoch  22/100 | Train Loss 0.1325 Acc 0.9586 | Val Loss 0.2460 Acc 0.9250 AUC 0.9883 Pre 0.9259 Rec 0.9250
2026-08-27 00:37:01 | Epoch  23/100 | Train Loss 0.1204 Acc 0.9632 | Val Loss 0.2670 Acc 0.9237 AUC 0.9875 Pre 0.9245 Rec 0.9237
2026-08-27 00:37:53 | Epoch  24/100 | Train Loss 0.1155 Acc 0.9644 | Val Loss 0.2758 Acc 0.9230 AUC 0.9876 Pre 0.9229 Rec 0.9230
2026-08-27 00:38:46 | Epoch  25/100 | Train Loss 0.1053 Acc 0.9690 | Val Loss 0.2880 Acc 0.9170 AUC 0.9858 Pre 0.9169 Rec 0.9170
2026-08-27 00:39:37 | Epoch  26/100 | Train Loss 0.1020 Acc 0.9697 | Val Loss 0.2947 Acc 0.9217 AUC 0.9869 Pre 0.9227 Rec 0.9217
2026-08-27 00:40:29 | Epoch  27/100 | Train Loss 0.0853 Acc 0.9750 | Val Loss 0.2904 Acc 0.9220 AUC 0.9862 Pre 0.9221 Rec 0.9220
2026-08-27 00:41:19 | Epoch  28/100 | Train Loss 0.0788 Acc 0.9772 | Val Loss 0.3089 Acc 0.9211 AUC 0.9857 Pre 0.9219 Rec 0.9211
2026-08-27 00:41:19 | Val AUC did not improve for 10 consecutive epochs, early stopping at Epoch 28 (best AUC 0.9893 @ Epoch 18)
2026-08-27 00:41:32 | Run 2/5 | Test (best model @ Epoch 18) | Loss 0.2145 Acc 0.9297 AUC 0.9902 Pre 0.9300 Rec 0.9297
2026-08-27 00:41:32 | ===== Run 3/5 (seed 2) =====
2026-08-27 00:42:25 | Epoch   1/100 | Train Loss 0.5831 Acc 0.8087 | Val Loss 0.4323 Acc 0.8702 AUC 0.9601 Pre 0.8734 Rec 0.8702
2026-08-27 00:42:26 |   Val AUC improved to 0.9601, model saved
2026-08-27 00:43:21 | Epoch   2/100 | Train Loss 0.4268 Acc 0.8749 | Val Loss 0.3691 Acc 0.8859 AUC 0.9733 Pre 0.8866 Rec 0.8859
2026-08-27 00:43:22 |   Val AUC improved to 0.9733, model saved
2026-08-27 00:44:15 | Epoch   3/100 | Train Loss 0.3726 Acc 0.8868 | Val Loss 0.3325 Acc 0.8933 AUC 0.9783 Pre 0.8927 Rec 0.8933
2026-08-27 00:44:16 |   Val AUC improved to 0.9783, model saved
2026-08-27 00:45:09 | Epoch   4/100 | Train Loss 0.3408 Acc 0.8950 | Val Loss 0.3059 Acc 0.9009 AUC 0.9811 Pre 0.9021 Rec 0.9009
2026-08-27 00:45:10 |   Val AUC improved to 0.9811, model saved
2026-08-27 00:46:02 | Epoch   5/100 | Train Loss 0.3610 Acc 0.8848 | Val Loss 0.3027 Acc 0.9006 AUC 0.9811 Pre 0.9014 Rec 0.9006
2026-08-27 00:46:54 | Epoch   6/100 | Train Loss 0.3006 Acc 0.9029 | Val Loss 0.2727 Acc 0.9066 AUC 0.9838 Pre 0.9070 Rec 0.9066
2026-08-27 00:46:55 |   Val AUC improved to 0.9838, model saved
2026-08-27 00:47:43 | Epoch   7/100 | Train Loss 0.2775 Acc 0.9101 | Val Loss 0.2638 Acc 0.9118 AUC 0.9851 Pre 0.9121 Rec 0.9118
2026-08-27 00:47:44 |   Val AUC improved to 0.9851, model saved
2026-08-27 00:48:35 | Epoch   8/100 | Train Loss 0.2647 Acc 0.9143 | Val Loss 0.2562 Acc 0.9132 AUC 0.9861 Pre 0.9140 Rec 0.9132
2026-08-27 00:48:36 |   Val AUC improved to 0.9861, model saved
2026-08-27 00:49:29 | Epoch   9/100 | Train Loss 0.2533 Acc 0.9178 | Val Loss 0.2553 Acc 0.9140 AUC 0.9861 Pre 0.9148 Rec 0.9140
2026-08-27 00:49:30 |   Val AUC improved to 0.9861, model saved
2026-08-27 00:50:23 | Epoch  10/100 | Train Loss 0.2407 Acc 0.9211 | Val Loss 0.2499 Acc 0.9136 AUC 0.9870 Pre 0.9134 Rec 0.9136
2026-08-27 00:50:24 |   Val AUC improved to 0.9870, model saved
2026-08-27 00:51:16 | Epoch  11/100 | Train Loss 0.2318 Acc 0.9234 | Val Loss 0.2504 Acc 0.9132 AUC 0.9870 Pre 0.9142 Rec 0.9132
2026-08-27 00:52:08 | Epoch  12/100 | Train Loss 0.2232 Acc 0.9265 | Val Loss 0.2474 Acc 0.9176 AUC 0.9876 Pre 0.9194 Rec 0.9176
2026-08-27 00:52:09 |   Val AUC improved to 0.9876, model saved
2026-08-27 00:53:02 | Epoch  13/100 | Train Loss 0.2109 Acc 0.9306 | Val Loss 0.2585 Acc 0.9143 AUC 0.9871 Pre 0.9148 Rec 0.9143
2026-08-27 00:53:52 | Epoch  14/100 | Train Loss 0.2012 Acc 0.9341 | Val Loss 0.2493 Acc 0.9177 AUC 0.9874 Pre 0.9194 Rec 0.9177
2026-08-27 00:54:43 | Epoch  15/100 | Train Loss 0.1888 Acc 0.9388 | Val Loss 0.2516 Acc 0.9174 AUC 0.9876 Pre 0.9196 Rec 0.9174
2026-08-27 00:55:34 | Epoch  16/100 | Train Loss 0.1821 Acc 0.9411 | Val Loss 0.2512 Acc 0.9196 AUC 0.9875 Pre 0.9199 Rec 0.9196
2026-08-27 00:56:25 | Epoch  17/100 | Train Loss 0.1720 Acc 0.9448 | Val Loss 0.2458 Acc 0.9212 AUC 0.9879 Pre 0.9215 Rec 0.9212
2026-08-27 00:56:26 |   Val AUC improved to 0.9879, model saved
2026-08-27 00:57:17 | Epoch  18/100 | Train Loss 0.1644 Acc 0.9476 | Val Loss 0.2464 Acc 0.9197 AUC 0.9882 Pre 0.9201 Rec 0.9197
2026-08-27 00:57:18 |   Val AUC improved to 0.9882, model saved
2026-08-27 00:58:09 | Epoch  19/100 | Train Loss 0.1517 Acc 0.9521 | Val Loss 0.2621 Acc 0.9206 AUC 0.9872 Pre 0.9206 Rec 0.9206
2026-08-27 00:58:55 | Epoch  20/100 | Train Loss 0.1479 Acc 0.9527 | Val Loss 0.2659 Acc 0.9195 AUC 0.9873 Pre 0.9194 Rec 0.9195
2026-08-27 00:59:41 | Epoch  21/100 | Train Loss 0.1348 Acc 0.9570 | Val Loss 0.2781 Acc 0.9191 AUC 0.9862 Pre 0.9197 Rec 0.9191
2026-08-27 01:00:29 | Epoch  22/100 | Train Loss 0.1274 Acc 0.9599 | Val Loss 0.2826 Acc 0.9192 AUC 0.9865 Pre 0.9193 Rec 0.9192
2026-08-27 01:01:16 | Epoch  23/100 | Train Loss 0.1225 Acc 0.9619 | Val Loss 0.2848 Acc 0.9198 AUC 0.9861 Pre 0.9203 Rec 0.9198
2026-08-27 01:02:01 | Epoch  24/100 | Train Loss 0.1129 Acc 0.9653 | Val Loss 0.2950 Acc 0.9195 AUC 0.9857 Pre 0.9201 Rec 0.9195
2026-08-27 01:02:46 | Epoch  25/100 | Train Loss 0.1027 Acc 0.9684 | Val Loss 0.3014 Acc 0.9210 AUC 0.9857 Pre 0.9208 Rec 0.9210
2026-08-27 01:03:35 | Epoch  26/100 | Train Loss 0.0987 Acc 0.9706 | Val Loss 0.3050 Acc 0.9176 AUC 0.9854 Pre 0.9181 Rec 0.9176
2026-08-27 01:04:22 | Epoch  27/100 | Train Loss 0.0885 Acc 0.9743 | Val Loss 0.3162 Acc 0.9190 AUC 0.9847 Pre 0.9199 Rec 0.9190
2026-08-27 01:05:09 | Epoch  28/100 | Train Loss 0.0794 Acc 0.9772 | Val Loss 0.3267 Acc 0.9122 AUC 0.9846 Pre 0.9126 Rec 0.9122
2026-08-27 01:05:09 | Val AUC did not improve for 10 consecutive epochs, early stopping at Epoch 28 (best AUC 0.9882 @ Epoch 18)
2026-08-27 01:05:20 | Run 3/5 | Test (best model @ Epoch 18) | Loss 0.2346 Acc 0.9232 AUC 0.9892 Pre 0.9236 Rec 0.9232
2026-08-27 01:05:20 | ===== Run 4/5 (seed 3) =====
2026-08-27 01:06:10 | Epoch   1/100 | Train Loss 0.8915 Acc 0.6754 | Val Loss 0.8387 Acc 0.6756 AUC 0.8701 Pre 0.7572 Rec 0.6756
2026-08-27 01:06:11 |   Val AUC improved to 0.8701, model saved
2026-08-27 01:06:56 | Epoch   2/100 | Train Loss 0.7046 Acc 0.7528 | Val Loss 1.1837 Acc 0.3496 AUC 0.8035 Pre 0.7498 Rec 0.3496
2026-08-27 01:07:43 | Epoch   3/100 | Train Loss 1.4095 Acc 0.2565 | Val Loss 1.3883 Acc 0.2500 AUC 0.6629 Pre 0.0625 Rec 0.2500
2026-08-27 01:08:32 | Epoch   4/100 | Train Loss 1.3761 Acc 0.2884 | Val Loss 1.3876 Acc 0.2500 AUC 0.6668 Pre 0.0625 Rec 0.2500
2026-08-27 01:09:19 | Epoch   5/100 | Train Loss 1.3934 Acc 0.2503 | Val Loss 1.3866 Acc 0.2519 AUC 0.6494 Pre 0.1482 Rec 0.2519
2026-08-27 01:10:09 | Epoch   6/100 | Train Loss 1.3926 Acc 0.2488 | Val Loss 1.3866 Acc 0.2500 AUC 0.4953 Pre 0.1042 Rec 0.2500
2026-08-27 01:11:01 | Epoch   7/100 | Train Loss 1.3922 Acc 0.2490 | Val Loss 1.3865 Acc 0.2500 AUC 0.5284 Pre 0.0625 Rec 0.2500
2026-08-27 01:11:52 | Epoch   8/100 | Train Loss 1.3920 Acc 0.2487 | Val Loss 1.3868 Acc 0.2500 AUC 0.3638 Pre 0.0625 Rec 0.2500
2026-08-27 01:12:42 | Epoch   9/100 | Train Loss 1.3912 Acc 0.2503 | Val Loss 1.3867 Acc 0.2500 AUC 0.5472 Pre 0.0625 Rec 0.2500
2026-08-27 01:13:33 | Epoch  10/100 | Train Loss 1.3916 Acc 0.2491 | Val Loss 1.3868 Acc 0.2500 AUC 0.4948 Pre 0.0625 Rec 0.2500
2026-08-27 01:14:26 | Epoch  11/100 | Train Loss 1.3908 Acc 0.2502 | Val Loss 1.3865 Acc 0.2500 AUC 0.6286 Pre 0.0625 Rec 0.2500
2026-08-27 01:14:26 | Val AUC did not improve for 10 consecutive epochs, early stopping at Epoch 11 (best AUC 0.8701 @ Epoch 1)
2026-08-27 01:14:37 | Run 4/5 | Test (best model @ Epoch 1) | Loss 0.8364 Acc 0.6765 AUC 0.8702 Pre 0.7564 Rec 0.6765
2026-08-27 01:14:37 | ===== Run 5/5 (seed 4) =====
2026-08-27 01:15:28 | Epoch   1/100 | Train Loss 0.9371 Acc 0.6453 | Val Loss 1.1015 Acc 0.5392 AUC 0.7630 Pre 0.4555 Rec 0.5392
2026-08-27 01:15:29 |   Val AUC improved to 0.7630, model saved
2026-08-27 01:16:20 | Epoch   2/100 | Train Loss 0.8645 Acc 0.6338 | Val Loss 0.6392 Acc 0.6841 AUC 0.9185 Pre 0.6778 Rec 0.6841
2026-08-27 01:16:22 |   Val AUC improved to 0.9185, model saved
2026-08-27 01:17:12 | Epoch   3/100 | Train Loss 0.4784 Acc 0.8352 | Val Loss 0.3483 Acc 0.8895 AUC 0.9753 Pre 0.8895 Rec 0.8895
2026-08-27 01:17:13 |   Val AUC improved to 0.9753, model saved
2026-08-27 01:18:02 | Epoch   4/100 | Train Loss 0.3516 Acc 0.8883 | Val Loss 0.3066 Acc 0.9000 AUC 0.9793 Pre 0.9004 Rec 0.9000
2026-08-27 01:18:03 |   Val AUC improved to 0.9793, model saved
2026-08-27 01:18:52 | Epoch   5/100 | Train Loss 0.3163 Acc 0.8981 | Val Loss 0.2931 Acc 0.9000 AUC 0.9822 Pre 0.9025 Rec 0.9000
2026-08-27 01:18:53 |   Val AUC improved to 0.9822, model saved
2026-08-27 01:19:44 | Epoch   6/100 | Train Loss 0.2995 Acc 0.9013 | Val Loss 0.2818 Acc 0.9040 AUC 0.9838 Pre 0.9059 Rec 0.9040
2026-08-27 01:19:45 |   Val AUC improved to 0.9838, model saved
2026-08-27 01:20:33 | Epoch   7/100 | Train Loss 0.2896 Acc 0.9046 | Val Loss 0.2840 Acc 0.9045 AUC 0.9836 Pre 0.9069 Rec 0.9045
2026-08-27 01:21:27 | Epoch   8/100 | Train Loss 0.2768 Acc 0.9070 | Val Loss 0.2688 Acc 0.9073 AUC 0.9852 Pre 0.9109 Rec 0.9073
2026-08-27 01:21:28 |   Val AUC improved to 0.9852, model saved
2026-08-27 01:22:20 | Epoch   9/100 | Train Loss 0.2647 Acc 0.9101 | Val Loss 0.2496 Acc 0.9154 AUC 0.9868 Pre 0.9156 Rec 0.9154
2026-08-27 01:22:21 |   Val AUC improved to 0.9868, model saved
2026-08-27 01:23:11 | Epoch  10/100 | Train Loss 0.2523 Acc 0.9146 | Val Loss 0.2492 Acc 0.9139 AUC 0.9871 Pre 0.9150 Rec 0.9139
2026-08-27 01:23:12 |   Val AUC improved to 0.9871, model saved
2026-08-27 01:24:03 | Epoch  11/100 | Train Loss 0.2452 Acc 0.9181 | Val Loss 0.2411 Acc 0.9178 AUC 0.9873 Pre 0.9179 Rec 0.9178
2026-08-27 01:24:04 |   Val AUC improved to 0.9873, model saved
2026-08-27 01:24:53 | Epoch  12/100 | Train Loss 0.2374 Acc 0.9200 | Val Loss 0.2454 Acc 0.9187 AUC 0.9876 Pre 0.9195 Rec 0.9187
2026-08-27 01:24:54 |   Val AUC improved to 0.9876, model saved
2026-08-27 01:25:47 | Epoch  13/100 | Train Loss 0.2311 Acc 0.9232 | Val Loss 0.2391 Acc 0.9196 AUC 0.9877 Pre 0.9197 Rec 0.9196
2026-08-27 01:25:48 |   Val AUC improved to 0.9877, model saved
2026-08-27 01:26:39 | Epoch  14/100 | Train Loss 0.2256 Acc 0.9240 | Val Loss 0.2513 Acc 0.9176 AUC 0.9877 Pre 0.9200 Rec 0.9176
2026-08-27 01:27:30 | Epoch  15/100 | Train Loss 0.2170 Acc 0.9283 | Val Loss 0.2293 Acc 0.9221 AUC 0.9888 Pre 0.9224 Rec 0.9221
2026-08-27 01:27:32 |   Val AUC improved to 0.9888, model saved
2026-08-27 01:28:23 | Epoch  16/100 | Train Loss 0.2139 Acc 0.9290 | Val Loss 0.2336 Acc 0.9219 AUC 0.9888 Pre 0.9217 Rec 0.9219
2026-08-27 01:29:15 | Epoch  17/100 | Train Loss 0.2043 Acc 0.9322 | Val Loss 0.2339 Acc 0.9232 AUC 0.9885 Pre 0.9238 Rec 0.9232
2026-08-27 01:30:05 | Epoch  18/100 | Train Loss 0.1981 Acc 0.9336 | Val Loss 0.2244 Acc 0.9248 AUC 0.9890 Pre 0.9247 Rec 0.9248
2026-08-27 01:30:06 |   Val AUC improved to 0.9890, model saved
2026-08-27 01:30:56 | Epoch  19/100 | Train Loss 0.2207 Acc 0.9278 | Val Loss 0.3624 Acc 0.8821 AUC 0.9799 Pre 0.8930 Rec 0.8821
2026-08-27 01:31:45 | Epoch  20/100 | Train Loss 0.2266 Acc 0.9260 | Val Loss 0.2318 Acc 0.9236 AUC 0.9886 Pre 0.9236 Rec 0.9236
2026-08-27 01:32:35 | Epoch  21/100 | Train Loss 0.1970 Acc 0.9341 | Val Loss 0.2294 Acc 0.9243 AUC 0.9888 Pre 0.9245 Rec 0.9243
2026-08-27 01:33:21 | Epoch  22/100 | Train Loss 0.1869 Acc 0.9380 | Val Loss 0.2233 Acc 0.9250 AUC 0.9890 Pre 0.9251 Rec 0.9250
2026-08-27 01:34:06 | Epoch  23/100 | Train Loss 0.1809 Acc 0.9404 | Val Loss 0.2296 Acc 0.9256 AUC 0.9888 Pre 0.9265 Rec 0.9256
2026-08-27 01:34:51 | Epoch  24/100 | Train Loss 0.1718 Acc 0.9436 | Val Loss 0.2305 Acc 0.9252 AUC 0.9889 Pre 0.9252 Rec 0.9252
2026-08-27 01:35:38 | Epoch  25/100 | Train Loss 0.1668 Acc 0.9465 | Val Loss 0.2426 Acc 0.9249 AUC 0.9888 Pre 0.9257 Rec 0.9249
2026-08-27 01:36:25 | Epoch  26/100 | Train Loss 0.1606 Acc 0.9477 | Val Loss 0.2390 Acc 0.9239 AUC 0.9883 Pre 0.9240 Rec 0.9239
2026-08-27 01:37:12 | Epoch  27/100 | Train Loss 0.1533 Acc 0.9509 | Val Loss 0.2440 Acc 0.9217 AUC 0.9885 Pre 0.9223 Rec 0.9217
2026-08-27 01:37:56 | Epoch  28/100 | Train Loss 0.1473 Acc 0.9532 | Val Loss 0.2416 Acc 0.9226 AUC 0.9879 Pre 0.9234 Rec 0.9226
2026-08-27 01:37:56 | Val AUC did not improve for 10 consecutive epochs, early stopping at Epoch 28 (best AUC 0.9890 @ Epoch 18)
2026-08-27 01:38:06 | Run 5/5 | Test (best model @ Epoch 18) | Loss 0.2147 Acc 0.9289 AUC 0.9898 Pre 0.9288 Rec 0.9289
2026-08-27 01:38:06 | Average over 5 runs | Test Loss 0.3469±0.2738 Acc 0.8763±0.1117 AUC 0.9656±0.0533 Pre 0.8924±0.0761 Rec 0.8763±0.1117
