2026-08-26 21:26:09 | Device: cuda
2026-08-26 21:26:09 | Args: {'model': 'fgib', 'backbone': 'mlp', 'task': 'mnist', 'epochs': 100, 'batch_size': 512, 'lr': 0.001, 'hidden_dims': [512, 256], 'dropout': 0.2, 'z_dim': 256, 'anchor_scale': 4.0, 'max_len': 250, 'random_labels': False, 'beta': 1.0, 'patience': 10, 'runs': 5, 'seed': 0, 'data_dir': './data', 'save_path': 'output/mnist_mlp_fgib/mnist_mlp_fgib.pt', 'log_path': '/root/autodl-tmp/FGIB/tune_results/mnist_mlp_fgib_beta_1_anchor_4/train.log', 'no_save': True}
2026-08-26 21:26:09 | ===== Run 1/5 (seed 0) =====
2026-08-26 21:26:14 | Epoch   1/100 | Train Loss 4.3964 Acc 0.8012 | Val Loss 1.3583 Acc 0.9493 AUC 0.9968 Pre 0.9491 Rec 0.9487
2026-08-26 21:26:14 |   Val AUC improved to 0.9968, model saved
2026-08-26 21:26:18 | Epoch   2/100 | Train Loss 1.3706 Acc 0.9594 | Val Loss 0.7924 Acc 0.9655 AUC 0.9987 Pre 0.9654 Rec 0.9652
2026-08-26 21:26:18 |   Val AUC improved to 0.9987, model saved
2026-08-26 21:26:22 | Epoch   3/100 | Train Loss 0.9172 Acc 0.9719 | Val Loss 0.6839 Acc 0.9711 AUC 0.9991 Pre 0.9713 Rec 0.9706
2026-08-26 21:26:22 |   Val AUC improved to 0.9991, model saved
2026-08-26 21:26:26 | Epoch   4/100 | Train Loss 0.7659 Acc 0.9788 | Val Loss 0.6104 Acc 0.9730 AUC 0.9992 Pre 0.9726 Rec 0.9728
2026-08-26 21:26:26 |   Val AUC improved to 0.9992, model saved
2026-08-26 21:26:31 | Epoch   5/100 | Train Loss 0.6681 Acc 0.9827 | Val Loss 0.5156 Acc 0.9758 AUC 0.9994 Pre 0.9756 Rec 0.9757
2026-08-26 21:26:31 |   Val AUC improved to 0.9994, model saved
2026-08-26 21:26:35 | Epoch   6/100 | Train Loss 0.6026 Acc 0.9855 | Val Loss 0.5009 Acc 0.9775 AUC 0.9994 Pre 0.9773 Rec 0.9773
2026-08-26 21:26:39 | Epoch   7/100 | Train Loss 0.5597 Acc 0.9876 | Val Loss 0.4859 Acc 0.9790 AUC 0.9995 Pre 0.9787 Rec 0.9789
2026-08-26 21:26:39 |   Val AUC improved to 0.9995, model saved
2026-08-26 21:26:43 | Epoch   8/100 | Train Loss 0.5149 Acc 0.9898 | Val Loss 0.4596 Acc 0.9799 AUC 0.9995 Pre 0.9796 Rec 0.9797
2026-08-26 21:26:43 |   Val AUC improved to 0.9995, model saved
2026-08-26 21:26:48 | Epoch   9/100 | Train Loss 0.4857 Acc 0.9913 | Val Loss 0.4379 Acc 0.9798 AUC 0.9995 Pre 0.9797 Rec 0.9795
2026-08-26 21:26:52 | Epoch  10/100 | Train Loss 0.4636 Acc 0.9920 | Val Loss 0.4457 Acc 0.9815 AUC 0.9996 Pre 0.9814 Rec 0.9814
2026-08-26 21:26:52 |   Val AUC improved to 0.9996, model saved
2026-08-26 21:26:56 | Epoch  11/100 | Train Loss 0.4386 Acc 0.9928 | Val Loss 0.4640 Acc 0.9806 AUC 0.9995 Pre 0.9805 Rec 0.9803
2026-08-26 21:27:00 | Epoch  12/100 | Train Loss 0.4276 Acc 0.9937 | Val Loss 0.4187 Acc 0.9809 AUC 0.9996 Pre 0.9807 Rec 0.9807
2026-08-26 21:27:00 |   Val AUC improved to 0.9996, model saved
2026-08-26 21:27:05 | Epoch  13/100 | Train Loss 0.3947 Acc 0.9943 | Val Loss 0.4200 Acc 0.9814 AUC 0.9996 Pre 0.9813 Rec 0.9812
2026-08-26 21:27:09 | Epoch  14/100 | Train Loss 0.3877 Acc 0.9953 | Val Loss 0.4248 Acc 0.9812 AUC 0.9996 Pre 0.9811 Rec 0.9811
2026-08-26 21:27:09 |   Val AUC improved to 0.9996, model saved
2026-08-26 21:27:13 | Epoch  15/100 | Train Loss 0.3672 Acc 0.9954 | Val Loss 0.3998 Acc 0.9831 AUC 0.9996 Pre 0.9831 Rec 0.9829
2026-08-26 21:27:18 | Epoch  16/100 | Train Loss 0.3575 Acc 0.9959 | Val Loss 0.4123 Acc 0.9831 AUC 0.9996 Pre 0.9830 Rec 0.9829
2026-08-26 21:27:22 | Epoch  17/100 | Train Loss 0.3466 Acc 0.9963 | Val Loss 0.4072 Acc 0.9827 AUC 0.9996 Pre 0.9825 Rec 0.9826
2026-08-26 21:27:22 |   Val AUC improved to 0.9996, model saved
2026-08-26 21:27:26 | Epoch  18/100 | Train Loss 0.3317 Acc 0.9970 | Val Loss 0.4049 Acc 0.9828 AUC 0.9996 Pre 0.9828 Rec 0.9825
2026-08-26 21:27:30 | Epoch  19/100 | Train Loss 0.3289 Acc 0.9965 | Val Loss 0.3999 Acc 0.9827 AUC 0.9996 Pre 0.9826 Rec 0.9825
2026-08-26 21:27:35 | Epoch  20/100 | Train Loss 0.3200 Acc 0.9971 | Val Loss 0.3910 Acc 0.9828 AUC 0.9996 Pre 0.9827 Rec 0.9827
2026-08-26 21:27:39 | Epoch  21/100 | Train Loss 0.3072 Acc 0.9975 | Val Loss 0.4118 Acc 0.9805 AUC 0.9997 Pre 0.9803 Rec 0.9803
2026-08-26 21:27:39 |   Val AUC improved to 0.9997, model saved
2026-08-26 21:27:44 | Epoch  22/100 | Train Loss 0.3095 Acc 0.9971 | Val Loss 0.3792 Acc 0.9825 AUC 0.9997 Pre 0.9825 Rec 0.9823
2026-08-26 21:27:44 |   Val AUC improved to 0.9997, model saved
2026-08-26 21:27:48 | Epoch  23/100 | Train Loss 0.2941 Acc 0.9974 | Val Loss 0.3965 Acc 0.9818 AUC 0.9996 Pre 0.9816 Rec 0.9816
2026-08-26 21:27:52 | Epoch  24/100 | Train Loss 0.2868 Acc 0.9978 | Val Loss 0.3921 Acc 0.9816 AUC 0.9996 Pre 0.9815 Rec 0.9814
2026-08-26 21:27:57 | Epoch  25/100 | Train Loss 0.2900 Acc 0.9976 | Val Loss 0.3893 Acc 0.9833 AUC 0.9996 Pre 0.9832 Rec 0.9831
2026-08-26 21:28:01 | Epoch  26/100 | Train Loss 0.2812 Acc 0.9980 | Val Loss 0.3968 Acc 0.9826 AUC 0.9996 Pre 0.9825 Rec 0.9824
2026-08-26 21:28:05 | Epoch  27/100 | Train Loss 0.2706 Acc 0.9980 | Val Loss 0.3902 Acc 0.9820 AUC 0.9996 Pre 0.9819 Rec 0.9818
2026-08-26 21:28:09 | Epoch  28/100 | Train Loss 0.2648 Acc 0.9978 | Val Loss 0.4154 Acc 0.9817 AUC 0.9995 Pre 0.9815 Rec 0.9815
2026-08-26 21:28:14 | Epoch  29/100 | Train Loss 0.2732 Acc 0.9977 | Val Loss 0.3930 Acc 0.9830 AUC 0.9996 Pre 0.9828 Rec 0.9829
2026-08-26 21:28:18 | Epoch  30/100 | Train Loss 0.2594 Acc 0.9983 | Val Loss 0.4069 Acc 0.9831 AUC 0.9996 Pre 0.9831 Rec 0.9828
2026-08-26 21:28:22 | Epoch  31/100 | Train Loss 0.2570 Acc 0.9985 | Val Loss 0.3882 Acc 0.9822 AUC 0.9996 Pre 0.9821 Rec 0.9820
2026-08-26 21:28:27 | Epoch  32/100 | Train Loss 0.2523 Acc 0.9983 | Val Loss 0.3968 Acc 0.9826 AUC 0.9995 Pre 0.9826 Rec 0.9824
2026-08-26 21:28:27 | Val AUC did not improve for 10 consecutive epochs, early stopping at Epoch 32 (best AUC 0.9997 @ Epoch 22)
2026-08-26 21:28:27 | Run 1/5 | Test (best model @ Epoch 22) | Loss 0.3808 Acc 0.9825 AUC 0.9996 Pre 0.9825 Rec 0.9823
2026-08-26 21:28:27 | ===== Run 2/5 (seed 1) =====
2026-08-26 21:28:32 | Epoch   1/100 | Train Loss 4.3294 Acc 0.8030 | Val Loss 1.3387 Acc 0.9479 AUC 0.9967 Pre 0.9474 Rec 0.9473
2026-08-26 21:28:32 |   Val AUC improved to 0.9967, model saved
2026-08-26 21:28:36 | Epoch   2/100 | Train Loss 1.3650 Acc 0.9597 | Val Loss 0.7848 Acc 0.9645 AUC 0.9986 Pre 0.9641 Rec 0.9642
2026-08-26 21:28:36 |   Val AUC improved to 0.9986, model saved
2026-08-26 21:28:40 | Epoch   3/100 | Train Loss 0.9218 Acc 0.9716 | Val Loss 0.6184 Acc 0.9714 AUC 0.9991 Pre 0.9710 Rec 0.9712
2026-08-26 21:28:40 |   Val AUC improved to 0.9991, model saved
2026-08-26 21:28:44 | Epoch   4/100 | Train Loss 0.7480 Acc 0.9779 | Val Loss 0.5814 Acc 0.9731 AUC 0.9993 Pre 0.9726 Rec 0.9730
2026-08-26 21:28:44 |   Val AUC improved to 0.9993, model saved
2026-08-26 21:28:49 | Epoch   5/100 | Train Loss 0.6500 Acc 0.9831 | Val Loss 0.5383 Acc 0.9762 AUC 0.9993 Pre 0.9761 Rec 0.9759
2026-08-26 21:28:49 |   Val AUC improved to 0.9993, model saved
2026-08-26 21:28:53 | Epoch   6/100 | Train Loss 0.5866 Acc 0.9861 | Val Loss 0.4943 Acc 0.9772 AUC 0.9995 Pre 0.9769 Rec 0.9770
2026-08-26 21:28:53 |   Val AUC improved to 0.9995, model saved
2026-08-26 21:28:57 | Epoch   7/100 | Train Loss 0.5463 Acc 0.9884 | Val Loss 0.4654 Acc 0.9782 AUC 0.9995 Pre 0.9782 Rec 0.9780
2026-08-26 21:28:57 |   Val AUC improved to 0.9995, model saved
2026-08-26 21:29:01 | Epoch   8/100 | Train Loss 0.5011 Acc 0.9895 | Val Loss 0.4608 Acc 0.9781 AUC 0.9996 Pre 0.9780 Rec 0.9778
2026-08-26 21:29:01 |   Val AUC improved to 0.9996, model saved
2026-08-26 21:29:06 | Epoch   9/100 | Train Loss 0.4801 Acc 0.9909 | Val Loss 0.4669 Acc 0.9803 AUC 0.9996 Pre 0.9802 Rec 0.9801
2026-08-26 21:29:06 |   Val AUC improved to 0.9996, model saved
2026-08-26 21:29:10 | Epoch  10/100 | Train Loss 0.4507 Acc 0.9924 | Val Loss 0.4336 Acc 0.9804 AUC 0.9996 Pre 0.9802 Rec 0.9803
2026-08-26 21:29:14 | Epoch  11/100 | Train Loss 0.4316 Acc 0.9932 | Val Loss 0.4347 Acc 0.9807 AUC 0.9995 Pre 0.9806 Rec 0.9805
2026-08-26 21:29:18 | Epoch  12/100 | Train Loss 0.4026 Acc 0.9940 | Val Loss 0.4251 Acc 0.9810 AUC 0.9996 Pre 0.9808 Rec 0.9808
2026-08-26 21:29:23 | Epoch  13/100 | Train Loss 0.3877 Acc 0.9949 | Val Loss 0.4098 Acc 0.9826 AUC 0.9996 Pre 0.9824 Rec 0.9824
2026-08-26 21:29:23 |   Val AUC improved to 0.9996, model saved
2026-08-26 21:29:27 | Epoch  14/100 | Train Loss 0.3778 Acc 0.9944 | Val Loss 0.4015 Acc 0.9825 AUC 0.9996 Pre 0.9824 Rec 0.9823
2026-08-26 21:29:27 |   Val AUC improved to 0.9996, model saved
2026-08-26 21:29:31 | Epoch  15/100 | Train Loss 0.3625 Acc 0.9954 | Val Loss 0.4081 Acc 0.9813 AUC 0.9996 Pre 0.9811 Rec 0.9811
2026-08-26 21:29:36 | Epoch  16/100 | Train Loss 0.3512 Acc 0.9957 | Val Loss 0.4001 Acc 0.9829 AUC 0.9996 Pre 0.9829 Rec 0.9826
2026-08-26 21:29:40 | Epoch  17/100 | Train Loss 0.3359 Acc 0.9961 | Val Loss 0.3920 Acc 0.9830 AUC 0.9996 Pre 0.9830 Rec 0.9829
2026-08-26 21:29:44 | Epoch  18/100 | Train Loss 0.3252 Acc 0.9965 | Val Loss 0.3987 Acc 0.9824 AUC 0.9996 Pre 0.9823 Rec 0.9822
2026-08-26 21:29:48 | Epoch  19/100 | Train Loss 0.3111 Acc 0.9968 | Val Loss 0.4121 Acc 0.9809 AUC 0.9995 Pre 0.9807 Rec 0.9807
2026-08-26 21:29:53 | Epoch  20/100 | Train Loss 0.3014 Acc 0.9974 | Val Loss 0.3937 Acc 0.9819 AUC 0.9995 Pre 0.9818 Rec 0.9818
2026-08-26 21:29:57 | Epoch  21/100 | Train Loss 0.2953 Acc 0.9974 | Val Loss 0.4083 Acc 0.9823 AUC 0.9996 Pre 0.9822 Rec 0.9821
2026-08-26 21:30:01 | Epoch  22/100 | Train Loss 0.2860 Acc 0.9976 | Val Loss 0.4007 Acc 0.9830 AUC 0.9995 Pre 0.9828 Rec 0.9828
2026-08-26 21:30:06 | Epoch  23/100 | Train Loss 0.2852 Acc 0.9977 | Val Loss 0.4017 Acc 0.9823 AUC 0.9995 Pre 0.9822 Rec 0.9821
2026-08-26 21:30:10 | Epoch  24/100 | Train Loss 0.2849 Acc 0.9975 | Val Loss 0.3974 Acc 0.9811 AUC 0.9995 Pre 0.9809 Rec 0.9809
2026-08-26 21:30:10 | Val AUC did not improve for 10 consecutive epochs, early stopping at Epoch 24 (best AUC 0.9996 @ Epoch 14)
2026-08-26 21:30:11 | Run 2/5 | Test (best model @ Epoch 14) | Loss 0.4028 Acc 0.9815 AUC 0.9996 Pre 0.9815 Rec 0.9813
2026-08-26 21:30:11 | ===== Run 3/5 (seed 2) =====
2026-08-26 21:30:15 | Epoch   1/100 | Train Loss 4.3073 Acc 0.8165 | Val Loss 1.3239 Acc 0.9494 AUC 0.9970 Pre 0.9490 Rec 0.9488
2026-08-26 21:30:15 |   Val AUC improved to 0.9970, model saved
2026-08-26 21:30:19 | Epoch   2/100 | Train Loss 1.3301 Acc 0.9608 | Val Loss 0.7982 Acc 0.9657 AUC 0.9987 Pre 0.9654 Rec 0.9656
2026-08-26 21:30:19 |   Val AUC improved to 0.9987, model saved
2026-08-26 21:30:23 | Epoch   3/100 | Train Loss 0.9050 Acc 0.9721 | Val Loss 0.6090 Acc 0.9723 AUC 0.9992 Pre 0.9721 Rec 0.9722
2026-08-26 21:30:23 |   Val AUC improved to 0.9992, model saved
2026-08-26 21:30:28 | Epoch   4/100 | Train Loss 0.7428 Acc 0.9793 | Val Loss 0.5818 Acc 0.9740 AUC 0.9994 Pre 0.9740 Rec 0.9737
2026-08-26 21:30:28 |   Val AUC improved to 0.9994, model saved
2026-08-26 21:30:32 | Epoch   5/100 | Train Loss 0.6499 Acc 0.9835 | Val Loss 0.5117 Acc 0.9767 AUC 0.9994 Pre 0.9765 Rec 0.9764
2026-08-26 21:30:32 |   Val AUC improved to 0.9994, model saved
2026-08-26 21:30:36 | Epoch   6/100 | Train Loss 0.5877 Acc 0.9863 | Val Loss 0.4955 Acc 0.9794 AUC 0.9995 Pre 0.9792 Rec 0.9792
2026-08-26 21:30:36 |   Val AUC improved to 0.9995, model saved
2026-08-26 21:30:40 | Epoch   7/100 | Train Loss 0.5475 Acc 0.9882 | Val Loss 0.4795 Acc 0.9787 AUC 0.9995 Pre 0.9786 Rec 0.9786
2026-08-26 21:30:40 |   Val AUC improved to 0.9995, model saved
2026-08-26 21:30:44 | Epoch   8/100 | Train Loss 0.5031 Acc 0.9898 | Val Loss 0.4694 Acc 0.9795 AUC 0.9995 Pre 0.9793 Rec 0.9793
2026-08-26 21:30:49 | Epoch   9/100 | Train Loss 0.4763 Acc 0.9911 | Val Loss 0.4570 Acc 0.9805 AUC 0.9995 Pre 0.9803 Rec 0.9804
2026-08-26 21:30:53 | Epoch  10/100 | Train Loss 0.4501 Acc 0.9926 | Val Loss 0.4313 Acc 0.9816 AUC 0.9995 Pre 0.9814 Rec 0.9814
2026-08-26 21:30:53 |   Val AUC improved to 0.9995, model saved
2026-08-26 21:30:57 | Epoch  11/100 | Train Loss 0.4244 Acc 0.9936 | Val Loss 0.4265 Acc 0.9805 AUC 0.9996 Pre 0.9804 Rec 0.9803
2026-08-26 21:30:58 |   Val AUC improved to 0.9996, model saved
2026-08-26 21:31:02 | Epoch  12/100 | Train Loss 0.4104 Acc 0.9943 | Val Loss 0.4263 Acc 0.9813 AUC 0.9996 Pre 0.9811 Rec 0.9811
2026-08-26 21:31:06 | Epoch  13/100 | Train Loss 0.3917 Acc 0.9950 | Val Loss 0.4143 Acc 0.9810 AUC 0.9996 Pre 0.9808 Rec 0.9808
2026-08-26 21:31:06 |   Val AUC improved to 0.9996, model saved
2026-08-26 21:31:10 | Epoch  14/100 | Train Loss 0.3769 Acc 0.9953 | Val Loss 0.4301 Acc 0.9810 AUC 0.9996 Pre 0.9808 Rec 0.9808
2026-08-26 21:31:10 |   Val AUC improved to 0.9996, model saved
2026-08-26 21:31:14 | Epoch  15/100 | Train Loss 0.3687 Acc 0.9955 | Val Loss 0.4058 Acc 0.9811 AUC 0.9996 Pre 0.9809 Rec 0.9810
2026-08-26 21:31:19 | Epoch  16/100 | Train Loss 0.3505 Acc 0.9960 | Val Loss 0.4062 Acc 0.9814 AUC 0.9996 Pre 0.9813 Rec 0.9812
2026-08-26 21:31:19 |   Val AUC improved to 0.9996, model saved
2026-08-26 21:31:23 | Epoch  17/100 | Train Loss 0.3308 Acc 0.9968 | Val Loss 0.4016 Acc 0.9822 AUC 0.9996 Pre 0.9820 Rec 0.9821
2026-08-26 21:31:27 | Epoch  18/100 | Train Loss 0.3266 Acc 0.9968 | Val Loss 0.4057 Acc 0.9817 AUC 0.9996 Pre 0.9815 Rec 0.9816
2026-08-26 21:31:31 | Epoch  19/100 | Train Loss 0.3272 Acc 0.9968 | Val Loss 0.4060 Acc 0.9823 AUC 0.9996 Pre 0.9822 Rec 0.9821
2026-08-26 21:31:31 |   Val AUC improved to 0.9996, model saved
2026-08-26 21:31:36 | Epoch  20/100 | Train Loss 0.3159 Acc 0.9971 | Val Loss 0.4066 Acc 0.9833 AUC 0.9996 Pre 0.9832 Rec 0.9831
2026-08-26 21:31:40 | Epoch  21/100 | Train Loss 0.3010 Acc 0.9975 | Val Loss 0.3981 Acc 0.9819 AUC 0.9995 Pre 0.9819 Rec 0.9817
2026-08-26 21:31:44 | Epoch  22/100 | Train Loss 0.2969 Acc 0.9974 | Val Loss 0.3940 Acc 0.9823 AUC 0.9996 Pre 0.9822 Rec 0.9821
2026-08-26 21:31:44 |   Val AUC improved to 0.9996, model saved
2026-08-26 21:31:48 | Epoch  23/100 | Train Loss 0.2886 Acc 0.9976 | Val Loss 0.4045 Acc 0.9817 AUC 0.9995 Pre 0.9816 Rec 0.9815
2026-08-26 21:31:53 | Epoch  24/100 | Train Loss 0.2802 Acc 0.9980 | Val Loss 0.4016 Acc 0.9822 AUC 0.9994 Pre 0.9820 Rec 0.9821
2026-08-26 21:31:57 | Epoch  25/100 | Train Loss 0.2824 Acc 0.9977 | Val Loss 0.4123 Acc 0.9823 AUC 0.9996 Pre 0.9823 Rec 0.9821
2026-08-26 21:32:01 | Epoch  26/100 | Train Loss 0.2752 Acc 0.9980 | Val Loss 0.3892 Acc 0.9832 AUC 0.9995 Pre 0.9830 Rec 0.9831
2026-08-26 21:32:06 | Epoch  27/100 | Train Loss 0.2701 Acc 0.9981 | Val Loss 0.4008 Acc 0.9807 AUC 0.9995 Pre 0.9806 Rec 0.9805
2026-08-26 21:32:10 | Epoch  28/100 | Train Loss 0.2667 Acc 0.9983 | Val Loss 0.4003 Acc 0.9818 AUC 0.9995 Pre 0.9817 Rec 0.9816
2026-08-26 21:32:14 | Epoch  29/100 | Train Loss 0.2554 Acc 0.9984 | Val Loss 0.4155 Acc 0.9807 AUC 0.9994 Pre 0.9804 Rec 0.9805
2026-08-26 21:32:18 | Epoch  30/100 | Train Loss 0.2554 Acc 0.9983 | Val Loss 0.4038 Acc 0.9818 AUC 0.9995 Pre 0.9817 Rec 0.9815
2026-08-26 21:32:23 | Epoch  31/100 | Train Loss 0.2514 Acc 0.9983 | Val Loss 0.4002 Acc 0.9820 AUC 0.9995 Pre 0.9818 Rec 0.9818
2026-08-26 21:32:27 | Epoch  32/100 | Train Loss 0.2581 Acc 0.9983 | Val Loss 0.3946 Acc 0.9822 AUC 0.9994 Pre 0.9822 Rec 0.9820
2026-08-26 21:32:27 | Val AUC did not improve for 10 consecutive epochs, early stopping at Epoch 32 (best AUC 0.9996 @ Epoch 22)
2026-08-26 21:32:28 | Run 3/5 | Test (best model @ Epoch 22) | Loss 0.3844 Acc 0.9822 AUC 0.9997 Pre 0.9822 Rec 0.9820
2026-08-26 21:32:28 | ===== Run 4/5 (seed 3) =====
2026-08-26 21:32:32 | Epoch   1/100 | Train Loss 4.3517 Acc 0.8085 | Val Loss 1.2919 Acc 0.9489 AUC 0.9971 Pre 0.9484 Rec 0.9483
2026-08-26 21:32:32 |   Val AUC improved to 0.9971, model saved
2026-08-26 21:32:36 | Epoch   2/100 | Train Loss 1.3826 Acc 0.9592 | Val Loss 0.7842 Acc 0.9652 AUC 0.9986 Pre 0.9649 Rec 0.9650
2026-08-26 21:32:36 |   Val AUC improved to 0.9986, model saved
2026-08-26 21:32:41 | Epoch   3/100 | Train Loss 0.9350 Acc 0.9715 | Val Loss 0.6402 Acc 0.9702 AUC 0.9991 Pre 0.9702 Rec 0.9699
2026-08-26 21:32:41 |   Val AUC improved to 0.9991, model saved
2026-08-26 21:32:45 | Epoch   4/100 | Train Loss 0.7633 Acc 0.9776 | Val Loss 0.5887 Acc 0.9739 AUC 0.9993 Pre 0.9737 Rec 0.9736
2026-08-26 21:32:45 |   Val AUC improved to 0.9993, model saved
2026-08-26 21:32:49 | Epoch   5/100 | Train Loss 0.6765 Acc 0.9821 | Val Loss 0.5274 Acc 0.9750 AUC 0.9994 Pre 0.9749 Rec 0.9747
2026-08-26 21:32:49 |   Val AUC improved to 0.9994, model saved
2026-08-26 21:32:53 | Epoch   6/100 | Train Loss 0.6075 Acc 0.9853 | Val Loss 0.4921 Acc 0.9778 AUC 0.9995 Pre 0.9776 Rec 0.9776
2026-08-26 21:32:53 |   Val AUC improved to 0.9995, model saved
2026-08-26 21:32:58 | Epoch   7/100 | Train Loss 0.5582 Acc 0.9875 | Val Loss 0.4904 Acc 0.9784 AUC 0.9995 Pre 0.9782 Rec 0.9781
2026-08-26 21:33:02 | Epoch   8/100 | Train Loss 0.5181 Acc 0.9891 | Val Loss 0.4555 Acc 0.9790 AUC 0.9996 Pre 0.9788 Rec 0.9787
2026-08-26 21:33:02 |   Val AUC improved to 0.9996, model saved
2026-08-26 21:33:06 | Epoch   9/100 | Train Loss 0.4821 Acc 0.9911 | Val Loss 0.4460 Acc 0.9785 AUC 0.9996 Pre 0.9783 Rec 0.9782
2026-08-26 21:33:06 |   Val AUC improved to 0.9996, model saved
2026-08-26 21:33:10 | Epoch  10/100 | Train Loss 0.4573 Acc 0.9917 | Val Loss 0.4426 Acc 0.9798 AUC 0.9996 Pre 0.9797 Rec 0.9796
2026-08-26 21:33:14 | Epoch  11/100 | Train Loss 0.4417 Acc 0.9929 | Val Loss 0.4129 Acc 0.9814 AUC 0.9996 Pre 0.9813 Rec 0.9811
2026-08-26 21:33:19 | Epoch  12/100 | Train Loss 0.4173 Acc 0.9937 | Val Loss 0.4146 Acc 0.9810 AUC 0.9996 Pre 0.9808 Rec 0.9808
2026-08-26 21:33:19 |   Val AUC improved to 0.9996, model saved
2026-08-26 21:33:23 | Epoch  13/100 | Train Loss 0.4025 Acc 0.9943 | Val Loss 0.4292 Acc 0.9822 AUC 0.9996 Pre 0.9820 Rec 0.9820
2026-08-26 21:33:23 |   Val AUC improved to 0.9996, model saved
2026-08-26 21:33:27 | Epoch  14/100 | Train Loss 0.3813 Acc 0.9949 | Val Loss 0.4214 Acc 0.9825 AUC 0.9996 Pre 0.9824 Rec 0.9823
2026-08-26 21:33:27 |   Val AUC improved to 0.9996, model saved
2026-08-26 21:33:32 | Epoch  15/100 | Train Loss 0.3696 Acc 0.9955 | Val Loss 0.4112 Acc 0.9813 AUC 0.9996 Pre 0.9811 Rec 0.9811
2026-08-26 21:33:36 | Epoch  16/100 | Train Loss 0.3593 Acc 0.9953 | Val Loss 0.4212 Acc 0.9812 AUC 0.9996 Pre 0.9811 Rec 0.9809
2026-08-26 21:33:40 | Epoch  17/100 | Train Loss 0.3500 Acc 0.9960 | Val Loss 0.3918 Acc 0.9830 AUC 0.9996 Pre 0.9830 Rec 0.9828
2026-08-26 21:33:44 | Epoch  18/100 | Train Loss 0.3402 Acc 0.9961 | Val Loss 0.4150 Acc 0.9812 AUC 0.9995 Pre 0.9810 Rec 0.9810
2026-08-26 21:33:48 | Epoch  19/100 | Train Loss 0.3251 Acc 0.9966 | Val Loss 0.3920 Acc 0.9825 AUC 0.9996 Pre 0.9824 Rec 0.9822
2026-08-26 21:33:53 | Epoch  20/100 | Train Loss 0.3268 Acc 0.9964 | Val Loss 0.3905 Acc 0.9821 AUC 0.9996 Pre 0.9819 Rec 0.9819
2026-08-26 21:33:57 | Epoch  21/100 | Train Loss 0.3110 Acc 0.9969 | Val Loss 0.3985 Acc 0.9819 AUC 0.9996 Pre 0.9818 Rec 0.9817
2026-08-26 21:34:01 | Epoch  22/100 | Train Loss 0.3062 Acc 0.9973 | Val Loss 0.3997 Acc 0.9811 AUC 0.9996 Pre 0.9809 Rec 0.9808
2026-08-26 21:34:05 | Epoch  23/100 | Train Loss 0.2947 Acc 0.9976 | Val Loss 0.3971 Acc 0.9810 AUC 0.9996 Pre 0.9808 Rec 0.9808
2026-08-26 21:34:10 | Epoch  24/100 | Train Loss 0.2923 Acc 0.9970 | Val Loss 0.4080 Acc 0.9819 AUC 0.9996 Pre 0.9817 Rec 0.9817
2026-08-26 21:34:10 | Val AUC did not improve for 10 consecutive epochs, early stopping at Epoch 24 (best AUC 0.9996 @ Epoch 14)
2026-08-26 21:34:10 | Run 4/5 | Test (best model @ Epoch 14) | Loss 0.4175 Acc 0.9830 AUC 0.9996 Pre 0.9829 Rec 0.9828
2026-08-26 21:34:10 | ===== Run 5/5 (seed 4) =====
2026-08-26 21:34:15 | Epoch   1/100 | Train Loss 4.2087 Acc 0.8170 | Val Loss 1.3315 Acc 0.9507 AUC 0.9970 Pre 0.9506 Rec 0.9502
2026-08-26 21:34:15 |   Val AUC improved to 0.9970, model saved
2026-08-26 21:34:19 | Epoch   2/100 | Train Loss 1.3370 Acc 0.9610 | Val Loss 0.7786 Acc 0.9660 AUC 0.9987 Pre 0.9659 Rec 0.9656
2026-08-26 21:34:19 |   Val AUC improved to 0.9987, model saved
2026-08-26 21:34:23 | Epoch   3/100 | Train Loss 0.8988 Acc 0.9729 | Val Loss 0.6606 Acc 0.9691 AUC 0.9991 Pre 0.9688 Rec 0.9689
2026-08-26 21:34:23 |   Val AUC improved to 0.9991, model saved
2026-08-26 21:34:28 | Epoch   4/100 | Train Loss 0.7357 Acc 0.9794 | Val Loss 0.5556 Acc 0.9753 AUC 0.9993 Pre 0.9751 Rec 0.9751
2026-08-26 21:34:28 |   Val AUC improved to 0.9993, model saved
2026-08-26 21:34:32 | Epoch   5/100 | Train Loss 0.6411 Acc 0.9833 | Val Loss 0.5279 Acc 0.9778 AUC 0.9994 Pre 0.9776 Rec 0.9776
2026-08-26 21:34:32 |   Val AUC improved to 0.9994, model saved
2026-08-26 21:34:36 | Epoch   6/100 | Train Loss 0.5806 Acc 0.9864 | Val Loss 0.4682 Acc 0.9790 AUC 0.9995 Pre 0.9788 Rec 0.9788
2026-08-26 21:34:36 |   Val AUC improved to 0.9995, model saved
2026-08-26 21:34:41 | Epoch   7/100 | Train Loss 0.5407 Acc 0.9880 | Val Loss 0.4986 Acc 0.9781 AUC 0.9995 Pre 0.9779 Rec 0.9779
2026-08-26 21:34:45 | Epoch   8/100 | Train Loss 0.5027 Acc 0.9904 | Val Loss 0.4409 Acc 0.9807 AUC 0.9995 Pre 0.9804 Rec 0.9806
2026-08-26 21:34:45 |   Val AUC improved to 0.9995, model saved
2026-08-26 21:34:49 | Epoch   9/100 | Train Loss 0.4661 Acc 0.9910 | Val Loss 0.4357 Acc 0.9811 AUC 0.9995 Pre 0.9810 Rec 0.9809
2026-08-26 21:34:49 |   Val AUC improved to 0.9995, model saved
2026-08-26 21:34:53 | Epoch  10/100 | Train Loss 0.4414 Acc 0.9925 | Val Loss 0.4383 Acc 0.9813 AUC 0.9996 Pre 0.9811 Rec 0.9811
2026-08-26 21:34:53 |   Val AUC improved to 0.9996, model saved
2026-08-26 21:34:58 | Epoch  11/100 | Train Loss 0.4201 Acc 0.9940 | Val Loss 0.4215 Acc 0.9806 AUC 0.9996 Pre 0.9804 Rec 0.9804
2026-08-26 21:34:58 |   Val AUC improved to 0.9996, model saved
2026-08-26 21:35:02 | Epoch  12/100 | Train Loss 0.4002 Acc 0.9943 | Val Loss 0.4255 Acc 0.9803 AUC 0.9996 Pre 0.9800 Rec 0.9802
2026-08-26 21:35:07 | Epoch  13/100 | Train Loss 0.3893 Acc 0.9944 | Val Loss 0.4275 Acc 0.9807 AUC 0.9996 Pre 0.9804 Rec 0.9805
2026-08-26 21:35:11 | Epoch  14/100 | Train Loss 0.3734 Acc 0.9953 | Val Loss 0.4129 Acc 0.9810 AUC 0.9995 Pre 0.9807 Rec 0.9809
2026-08-26 21:35:15 | Epoch  15/100 | Train Loss 0.3540 Acc 0.9962 | Val Loss 0.3998 Acc 0.9816 AUC 0.9996 Pre 0.9815 Rec 0.9814
2026-08-26 21:35:15 |   Val AUC improved to 0.9996, model saved
2026-08-26 21:35:19 | Epoch  16/100 | Train Loss 0.3463 Acc 0.9963 | Val Loss 0.4049 Acc 0.9831 AUC 0.9996 Pre 0.9830 Rec 0.9830
2026-08-26 21:35:24 | Epoch  17/100 | Train Loss 0.3320 Acc 0.9964 | Val Loss 0.3943 Acc 0.9818 AUC 0.9996 Pre 0.9816 Rec 0.9817
2026-08-26 21:35:28 | Epoch  18/100 | Train Loss 0.3235 Acc 0.9969 | Val Loss 0.4022 Acc 0.9821 AUC 0.9996 Pre 0.9819 Rec 0.9819
2026-08-26 21:35:28 |   Val AUC improved to 0.9996, model saved
2026-08-26 21:35:32 | Epoch  19/100 | Train Loss 0.3101 Acc 0.9970 | Val Loss 0.4000 Acc 0.9821 AUC 0.9996 Pre 0.9819 Rec 0.9818
2026-08-26 21:35:36 | Epoch  20/100 | Train Loss 0.2994 Acc 0.9972 | Val Loss 0.3929 Acc 0.9815 AUC 0.9996 Pre 0.9814 Rec 0.9814
2026-08-26 21:35:41 | Epoch  21/100 | Train Loss 0.2931 Acc 0.9976 | Val Loss 0.4028 Acc 0.9828 AUC 0.9996 Pre 0.9827 Rec 0.9826
2026-08-26 21:35:45 | Epoch  22/100 | Train Loss 0.2965 Acc 0.9974 | Val Loss 0.4081 Acc 0.9824 AUC 0.9996 Pre 0.9822 Rec 0.9823
2026-08-26 21:35:49 | Epoch  23/100 | Train Loss 0.2855 Acc 0.9975 | Val Loss 0.3917 Acc 0.9822 AUC 0.9996 Pre 0.9821 Rec 0.9820
2026-08-26 21:35:54 | Epoch  24/100 | Train Loss 0.2804 Acc 0.9977 | Val Loss 0.3901 Acc 0.9827 AUC 0.9996 Pre 0.9826 Rec 0.9825
2026-08-26 21:35:58 | Epoch  25/100 | Train Loss 0.2746 Acc 0.9980 | Val Loss 0.3901 Acc 0.9821 AUC 0.9996 Pre 0.9819 Rec 0.9819
2026-08-26 21:36:02 | Epoch  26/100 | Train Loss 0.2834 Acc 0.9973 | Val Loss 0.4099 Acc 0.9820 AUC 0.9996 Pre 0.9818 Rec 0.9819
2026-08-26 21:36:06 | Epoch  27/100 | Train Loss 0.2784 Acc 0.9976 | Val Loss 0.4140 Acc 0.9813 AUC 0.9995 Pre 0.9811 Rec 0.9812
2026-08-26 21:36:10 | Epoch  28/100 | Train Loss 0.2647 Acc 0.9982 | Val Loss 0.3901 Acc 0.9821 AUC 0.9995 Pre 0.9820 Rec 0.9819
2026-08-26 21:36:10 | Val AUC did not improve for 10 consecutive epochs, early stopping at Epoch 28 (best AUC 0.9996 @ Epoch 18)
2026-08-26 21:36:11 | Run 5/5 | Test (best model @ Epoch 18) | Loss 0.3753 Acc 0.9831 AUC 0.9996 Pre 0.9830 Rec 0.9830
2026-08-26 21:36:11 | Average over 5 runs | Test Loss 0.3922±0.0175 Acc 0.9825±0.0007 AUC 0.9997±0.0000 Pre 0.9824±0.0006 Rec 0.9823±0.0007
