2026-09-14 22:48:33 | Device: cuda
2026-09-14 22:48:33 | Args: {'model': 'opb-fixed-frame-randvar', 'backbone': 'gnn', 'task': 'cora', 'epochs': 100, 'batch_size': 512, 'lr': 0.01, 'hidden_dims': [512, 256], 'dropout': 0.2, 'z_dim': 256, 'anchor_scale': 4.0, 'energy_classifier': False, 'tied_head': False, 'max_len': 250, 'random_labels': False, 'beta': 0.001, 'patience': 10, 'runs': 5, 'seed': 0, 'data_dir': './data', 'save_path': 'output/cora_gnn_opb-fixed-frame-randvar/cora_gnn_opb-fixed-frame-randvar.pt', 'log_path': '/root/autodl-tmp/IB/output/ablation/cora_gnn_opb-fixed-frame-randvar_beta_0.001_anchor_4/train.log', 'no_save': True}
2026-09-14 22:48:35 | Cora 划分（60/20/20 分层）：train 1624 / val 542 / test 542（共 2708 节点，7 类）
2026-09-14 22:48:38 | ===== Run 1/5 (seed 0) =====
2026-09-14 22:48:39 | Epoch   1/100 | Train Loss 9.0915 Acc 0.1145 | Val Loss 3.1828 Acc 0.1292 AUC 0.7819 Pre 0.0185 Rec 0.1429
2026-09-14 22:48:39 |   Val AUC improved to 0.7819, model saved
2026-09-14 22:48:39 | Epoch   2/100 | Train Loss 8.6781 Acc 0.1238 | Val Loss 2.3797 Acc 0.1531 AUC 0.6649 Pre 0.0503 Rec 0.1379
2026-09-14 22:48:39 | Epoch   3/100 | Train Loss 6.5118 Acc 0.1601 | Val Loss 2.8664 Acc 0.3026 AUC 0.6767 Pre 0.0432 Rec 0.1429
2026-09-14 22:48:39 | Epoch   4/100 | Train Loss 8.1683 Acc 0.2802 | Val Loss 2.0174 Acc 0.1642 AUC 0.7903 Pre 0.1654 Rec 0.1497
2026-09-14 22:48:39 |   Val AUC improved to 0.7903, model saved
2026-09-14 22:48:39 | Epoch   5/100 | Train Loss 5.4184 Acc 0.2155 | Val Loss 2.2565 Acc 0.1753 AUC 0.8180 Pre 0.2943 Rec 0.1629
2026-09-14 22:48:39 |   Val AUC improved to 0.8180, model saved
2026-09-14 22:48:39 | Epoch   6/100 | Train Loss 5.4472 Acc 0.2014 | Val Loss 2.1656 Acc 0.2528 AUC 0.8565 Pre 0.2170 Rec 0.2515
2026-09-14 22:48:39 |   Val AUC improved to 0.8565, model saved
2026-09-14 22:48:39 | Epoch   7/100 | Train Loss 5.3282 Acc 0.1798 | Val Loss 1.7025 Acc 0.3303 AUC 0.8863 Pre 0.3472 Rec 0.3126
2026-09-14 22:48:39 |   Val AUC improved to 0.8863, model saved
2026-09-14 22:48:39 | Epoch   8/100 | Train Loss 4.4837 Acc 0.2623 | Val Loss 1.1805 Acc 0.6015 AUC 0.9113 Pre 0.3732 Rec 0.4679
2026-09-14 22:48:39 |   Val AUC improved to 0.9113, model saved
2026-09-14 22:48:39 | Epoch   9/100 | Train Loss 3.1984 Acc 0.4015 | Val Loss 1.1138 Acc 0.5701 AUC 0.9033 Pre 0.3271 Rec 0.4065
2026-09-14 22:48:39 | Epoch  10/100 | Train Loss 2.8397 Acc 0.4994 | Val Loss 1.1974 Acc 0.5554 AUC 0.9004 Pre 0.4608 Rec 0.3982
2026-09-14 22:48:39 | Epoch  11/100 | Train Loss 2.7346 Acc 0.5333 | Val Loss 1.0906 Acc 0.6162 AUC 0.9251 Pre 0.4843 Rec 0.5163
2026-09-14 22:48:39 |   Val AUC improved to 0.9251, model saved
2026-09-14 22:48:39 | Epoch  12/100 | Train Loss 2.4507 Acc 0.5579 | Val Loss 1.5872 Acc 0.3838 AUC 0.9154 Pre 0.4366 Rec 0.4031
2026-09-14 22:48:39 | Epoch  13/100 | Train Loss 2.5094 Acc 0.5160 | Val Loss 1.1143 Acc 0.6070 AUC 0.9302 Pre 0.4441 Rec 0.5115
2026-09-14 22:48:39 |   Val AUC improved to 0.9302, model saved
2026-09-14 22:48:39 | Epoch  14/100 | Train Loss 2.0273 Acc 0.6207 | Val Loss 0.9881 Acc 0.6734 AUC 0.9396 Pre 0.6059 Rec 0.5704
2026-09-14 22:48:39 |   Val AUC improved to 0.9396, model saved
2026-09-14 22:48:40 | Epoch  15/100 | Train Loss 1.7340 Acc 0.6675 | Val Loss 0.9447 Acc 0.7657 AUC 0.9454 Pre 0.6786 Rec 0.6777
2026-09-14 22:48:40 |   Val AUC improved to 0.9454, model saved
2026-09-14 22:48:40 | Epoch  16/100 | Train Loss 1.6263 Acc 0.6884 | Val Loss 0.9249 Acc 0.8063 AUC 0.9496 Pre 0.6981 Rec 0.7279
2026-09-14 22:48:40 |   Val AUC improved to 0.9496, model saved
2026-09-14 22:48:40 | Epoch  17/100 | Train Loss 1.7310 Acc 0.6810 | Val Loss 0.8968 Acc 0.8044 AUC 0.9537 Pre 0.6781 Rec 0.7281
2026-09-14 22:48:40 |   Val AUC improved to 0.9537, model saved
2026-09-14 22:48:40 | Epoch  18/100 | Train Loss 1.4583 Acc 0.7100 | Val Loss 0.8770 Acc 0.8007 AUC 0.9589 Pre 0.6687 Rec 0.7276
2026-09-14 22:48:40 |   Val AUC improved to 0.9589, model saved
2026-09-14 22:48:40 | Epoch  19/100 | Train Loss 1.3943 Acc 0.7186 | Val Loss 0.9000 Acc 0.7768 AUC 0.9619 Pre 0.6387 Rec 0.7066
2026-09-14 22:48:40 |   Val AUC improved to 0.9619, model saved
2026-09-14 22:48:40 | Epoch  20/100 | Train Loss 1.2758 Acc 0.7334 | Val Loss 0.9519 Acc 0.7675 AUC 0.9620 Pre 0.6389 Rec 0.6978
2026-09-14 22:48:40 |   Val AUC improved to 0.9620, model saved
2026-09-14 22:48:40 | Epoch  21/100 | Train Loss 1.1663 Acc 0.7512 | Val Loss 0.9657 Acc 0.7804 AUC 0.9626 Pre 0.6547 Rec 0.7084
2026-09-14 22:48:40 |   Val AUC improved to 0.9626, model saved
2026-09-14 22:48:40 | Epoch  22/100 | Train Loss 1.0634 Acc 0.7752 | Val Loss 0.9604 Acc 0.7878 AUC 0.9633 Pre 0.6617 Rec 0.7125
2026-09-14 22:48:40 |   Val AUC improved to 0.9633, model saved
2026-09-14 22:48:40 | Epoch  23/100 | Train Loss 0.9511 Acc 0.7986 | Val Loss 0.9653 Acc 0.7952 AUC 0.9625 Pre 0.6659 Rec 0.7165
2026-09-14 22:48:40 | Epoch  24/100 | Train Loss 0.8890 Acc 0.8202 | Val Loss 0.9769 Acc 0.7970 AUC 0.9615 Pre 0.6669 Rec 0.7163
2026-09-14 22:48:40 | Epoch  25/100 | Train Loss 0.8742 Acc 0.8270 | Val Loss 0.9832 Acc 0.8063 AUC 0.9617 Pre 0.6760 Rec 0.7248
2026-09-14 22:48:40 | Epoch  26/100 | Train Loss 0.7869 Acc 0.8387 | Val Loss 0.9945 Acc 0.8026 AUC 0.9620 Pre 0.6757 Rec 0.7242
2026-09-14 22:48:40 | Epoch  27/100 | Train Loss 0.7148 Acc 0.8528 | Val Loss 0.9959 Acc 0.8063 AUC 0.9623 Pre 0.8205 Rec 0.7336
2026-09-14 22:48:40 | Epoch  28/100 | Train Loss 0.6791 Acc 0.8602 | Val Loss 0.9976 Acc 0.8081 AUC 0.9627 Pre 0.8237 Rec 0.7398
2026-09-14 22:48:40 | Epoch  29/100 | Train Loss 0.5955 Acc 0.8762 | Val Loss 1.0043 Acc 0.8026 AUC 0.9626 Pre 0.8197 Rec 0.7390
2026-09-14 22:48:40 | Epoch  30/100 | Train Loss 0.5508 Acc 0.8787 | Val Loss 0.9919 Acc 0.8173 AUC 0.9631 Pre 0.8132 Rec 0.7817
2026-09-14 22:48:41 | Epoch  31/100 | Train Loss 0.5275 Acc 0.8793 | Val Loss 0.9662 Acc 0.8284 AUC 0.9644 Pre 0.8202 Rec 0.8079
2026-09-14 22:48:41 |   Val AUC improved to 0.9644, model saved
2026-09-14 22:48:41 | Epoch  32/100 | Train Loss 0.4652 Acc 0.8916 | Val Loss 0.9360 Acc 0.8339 AUC 0.9656 Pre 0.8209 Rec 0.8157
2026-09-14 22:48:41 |   Val AUC improved to 0.9656, model saved
2026-09-14 22:48:41 | Epoch  33/100 | Train Loss 0.4644 Acc 0.9046 | Val Loss 0.9176 Acc 0.8376 AUC 0.9664 Pre 0.8256 Rec 0.8179
2026-09-14 22:48:41 |   Val AUC improved to 0.9664, model saved
2026-09-14 22:48:41 | Epoch  34/100 | Train Loss 0.4418 Acc 0.8990 | Val Loss 0.9148 Acc 0.8303 AUC 0.9667 Pre 0.8253 Rec 0.8067
2026-09-14 22:48:41 |   Val AUC improved to 0.9667, model saved
2026-09-14 22:48:41 | Epoch  35/100 | Train Loss 0.3908 Acc 0.9169 | Val Loss 0.9259 Acc 0.8321 AUC 0.9668 Pre 0.8314 Rec 0.8086
2026-09-14 22:48:41 |   Val AUC improved to 0.9668, model saved
2026-09-14 22:48:41 | Epoch  36/100 | Train Loss 0.3365 Acc 0.9317 | Val Loss 0.9366 Acc 0.8321 AUC 0.9667 Pre 0.8329 Rec 0.8054
2026-09-14 22:48:41 | Epoch  37/100 | Train Loss 0.3286 Acc 0.9292 | Val Loss 0.9339 Acc 0.8321 AUC 0.9668 Pre 0.8361 Rec 0.8040
2026-09-14 22:48:41 | Epoch  38/100 | Train Loss 0.3016 Acc 0.9403 | Val Loss 0.9259 Acc 0.8432 AUC 0.9672 Pre 0.8452 Rec 0.8203
2026-09-14 22:48:41 |   Val AUC improved to 0.9672, model saved
2026-09-14 22:48:41 | Epoch  39/100 | Train Loss 0.3073 Acc 0.9427 | Val Loss 0.9112 Acc 0.8413 AUC 0.9679 Pre 0.8409 Rec 0.8194
2026-09-14 22:48:41 |   Val AUC improved to 0.9679, model saved
2026-09-14 22:48:41 | Epoch  40/100 | Train Loss 0.2828 Acc 0.9446 | Val Loss 0.9025 Acc 0.8432 AUC 0.9685 Pre 0.8430 Rec 0.8211
2026-09-14 22:48:41 |   Val AUC improved to 0.9685, model saved
2026-09-14 22:48:41 | Epoch  41/100 | Train Loss 0.2711 Acc 0.9507 | Val Loss 0.9108 Acc 0.8413 AUC 0.9684 Pre 0.8430 Rec 0.8205
2026-09-14 22:48:41 | Epoch  42/100 | Train Loss 0.2556 Acc 0.9526 | Val Loss 0.9207 Acc 0.8358 AUC 0.9682 Pre 0.8370 Rec 0.8176
2026-09-14 22:48:41 | Epoch  43/100 | Train Loss 0.2628 Acc 0.9507 | Val Loss 0.9044 Acc 0.8432 AUC 0.9682 Pre 0.8405 Rec 0.8239
2026-09-14 22:48:41 | Epoch  44/100 | Train Loss 0.2356 Acc 0.9544 | Val Loss 0.8926 Acc 0.8524 AUC 0.9681 Pre 0.8450 Rec 0.8338
2026-09-14 22:48:41 | Epoch  45/100 | Train Loss 0.2328 Acc 0.9569 | Val Loss 0.8909 Acc 0.8506 AUC 0.9674 Pre 0.8425 Rec 0.8305
2026-09-14 22:48:41 | Epoch  46/100 | Train Loss 0.2189 Acc 0.9569 | Val Loss 0.8990 Acc 0.8432 AUC 0.9666 Pre 0.8422 Rec 0.8225
2026-09-14 22:48:42 | Epoch  47/100 | Train Loss 0.2123 Acc 0.9600 | Val Loss 0.9117 Acc 0.8450 AUC 0.9657 Pre 0.8475 Rec 0.8245
2026-09-14 22:48:42 | Epoch  48/100 | Train Loss 0.2025 Acc 0.9612 | Val Loss 0.9098 Acc 0.8432 AUC 0.9653 Pre 0.8449 Rec 0.8252
2026-09-14 22:48:42 | Epoch  49/100 | Train Loss 0.1951 Acc 0.9606 | Val Loss 0.9025 Acc 0.8413 AUC 0.9652 Pre 0.8397 Rec 0.8224
2026-09-14 22:48:42 | Epoch  50/100 | Train Loss 0.1880 Acc 0.9637 | Val Loss 0.8951 Acc 0.8432 AUC 0.9656 Pre 0.8401 Rec 0.8264
2026-09-14 22:48:42 | Val AUC did not improve for 10 consecutive epochs, early stopping at Epoch 50 (best AUC 0.9685 @ Epoch 40)
2026-09-14 22:48:42 | Run 1/5 | Test (best model @ Epoch 40) | Loss 0.9457 Acc 0.8524 AUC 0.9680 Pre 0.8514 Rec 0.8481
2026-09-14 22:48:42 | ===== Run 2/5 (seed 1) =====
2026-09-14 22:48:42 | Epoch   1/100 | Train Loss 8.0268 Acc 0.1305 | Val Loss 4.4235 Acc 0.1550 AUC 0.8600 Pre 0.0221 Rec 0.1429
2026-09-14 22:48:42 |   Val AUC improved to 0.8600, model saved
2026-09-14 22:48:42 | Epoch   2/100 | Train Loss 7.4088 Acc 0.1330 | Val Loss 3.4377 Acc 0.1550 AUC 0.7967 Pre 0.0934 Rec 0.1420
2026-09-14 22:48:42 | Epoch   3/100 | Train Loss 6.2691 Acc 0.1946 | Val Loss 2.8028 Acc 0.2011 AUC 0.8528 Pre 0.1213 Rec 0.1638
2026-09-14 22:48:42 | Epoch   4/100 | Train Loss 5.5918 Acc 0.2691 | Val Loss 2.5814 Acc 0.1900 AUC 0.8550 Pre 0.2649 Rec 0.1667
2026-09-14 22:48:42 | Epoch   5/100 | Train Loss 4.8860 Acc 0.2401 | Val Loss 1.8419 Acc 0.4262 AUC 0.9216 Pre 0.4291 Rec 0.2914
2026-09-14 22:48:42 |   Val AUC improved to 0.9216, model saved
2026-09-14 22:48:42 | Epoch   6/100 | Train Loss 3.8247 Acc 0.3842 | Val Loss 1.6061 Acc 0.5111 AUC 0.9144 Pre 0.4299 Rec 0.3446
2026-09-14 22:48:42 | Epoch   7/100 | Train Loss 2.8446 Acc 0.4766 | Val Loss 1.3451 Acc 0.6107 AUC 0.9304 Pre 0.3901 Rec 0.4710
2026-09-14 22:48:42 |   Val AUC improved to 0.9304, model saved
2026-09-14 22:48:42 | Epoch   8/100 | Train Loss 2.1734 Acc 0.5893 | Val Loss 1.3027 Acc 0.6458 AUC 0.9384 Pre 0.4018 Rec 0.4943
2026-09-14 22:48:42 |   Val AUC improved to 0.9384, model saved
2026-09-14 22:48:42 | Epoch   9/100 | Train Loss 1.7957 Acc 0.6669 | Val Loss 1.4481 Acc 0.6310 AUC 0.9376 Pre 0.4796 Rec 0.4696
2026-09-14 22:48:42 | Epoch  10/100 | Train Loss 1.5265 Acc 0.7007 | Val Loss 1.1522 Acc 0.7048 AUC 0.9481 Pre 0.6324 Rec 0.5824
2026-09-14 22:48:42 |   Val AUC improved to 0.9481, model saved
2026-09-14 22:48:42 | Epoch  11/100 | Train Loss 1.2093 Acc 0.7365 | Val Loss 1.1696 Acc 0.7472 AUC 0.9423 Pre 0.7943 Rec 0.6483
2026-09-14 22:48:42 | Epoch  12/100 | Train Loss 1.0456 Acc 0.7759 | Val Loss 1.2621 Acc 0.7823 AUC 0.9470 Pre 0.8086 Rec 0.6931
2026-09-14 22:48:43 | Epoch  13/100 | Train Loss 0.8490 Acc 0.8177 | Val Loss 1.0738 Acc 0.8266 AUC 0.9583 Pre 0.8469 Rec 0.7712
2026-09-14 22:48:43 |   Val AUC improved to 0.9583, model saved
2026-09-14 22:48:43 | Epoch  14/100 | Train Loss 0.7364 Acc 0.8633 | Val Loss 1.0776 Acc 0.8210 AUC 0.9599 Pre 0.8207 Rec 0.7902
2026-09-14 22:48:43 |   Val AUC improved to 0.9599, model saved
2026-09-14 22:48:43 | Epoch  15/100 | Train Loss 0.7441 Acc 0.8559 | Val Loss 1.4485 Acc 0.7731 AUC 0.9497 Pre 0.8457 Rec 0.7105
2026-09-14 22:48:43 | Epoch  16/100 | Train Loss 0.7926 Acc 0.8805 | Val Loss 1.2155 Acc 0.8137 AUC 0.9554 Pre 0.8353 Rec 0.7826
2026-09-14 22:48:43 | Epoch  17/100 | Train Loss 0.7268 Acc 0.8929 | Val Loss 1.0344 Acc 0.8376 AUC 0.9644 Pre 0.8370 Rec 0.8199
2026-09-14 22:48:43 |   Val AUC improved to 0.9644, model saved
2026-09-14 22:48:43 | Epoch  18/100 | Train Loss 0.5869 Acc 0.9169 | Val Loss 1.0871 Acc 0.8413 AUC 0.9652 Pre 0.8286 Rec 0.8223
2026-09-14 22:48:43 |   Val AUC improved to 0.9652, model saved
2026-09-14 22:48:43 | Epoch  19/100 | Train Loss 0.5562 Acc 0.9113 | Val Loss 1.1185 Acc 0.8653 AUC 0.9635 Pre 0.8557 Rec 0.8472
2026-09-14 22:48:43 | Epoch  20/100 | Train Loss 0.4854 Acc 0.9310 | Val Loss 1.1309 Acc 0.8542 AUC 0.9630 Pre 0.8526 Rec 0.8321
2026-09-14 22:48:43 | Epoch  21/100 | Train Loss 0.4859 Acc 0.9286 | Val Loss 1.0880 Acc 0.8561 AUC 0.9652 Pre 0.8560 Rec 0.8295
2026-09-14 22:48:43 |   Val AUC improved to 0.9652, model saved
2026-09-14 22:48:43 | Epoch  22/100 | Train Loss 0.4207 Acc 0.9458 | Val Loss 1.0802 Acc 0.8579 AUC 0.9669 Pre 0.8611 Rec 0.8303
2026-09-14 22:48:43 |   Val AUC improved to 0.9669, model saved
2026-09-14 22:48:43 | Epoch  23/100 | Train Loss 0.3970 Acc 0.9470 | Val Loss 1.0809 Acc 0.8542 AUC 0.9671 Pre 0.8576 Rec 0.8320
2026-09-14 22:48:43 |   Val AUC improved to 0.9671, model saved
2026-09-14 22:48:43 | Epoch  24/100 | Train Loss 0.3777 Acc 0.9470 | Val Loss 1.0764 Acc 0.8561 AUC 0.9669 Pre 0.8543 Rec 0.8384
2026-09-14 22:48:43 | Epoch  25/100 | Train Loss 0.3306 Acc 0.9538 | Val Loss 1.0765 Acc 0.8561 AUC 0.9663 Pre 0.8505 Rec 0.8385
2026-09-14 22:48:43 | Epoch  26/100 | Train Loss 0.3012 Acc 0.9514 | Val Loss 1.0658 Acc 0.8524 AUC 0.9663 Pre 0.8446 Rec 0.8329
2026-09-14 22:48:43 | Epoch  27/100 | Train Loss 0.2940 Acc 0.9544 | Val Loss 1.0640 Acc 0.8506 AUC 0.9661 Pre 0.8463 Rec 0.8286
2026-09-14 22:48:43 | Epoch  28/100 | Train Loss 0.2709 Acc 0.9557 | Val Loss 1.0736 Acc 0.8506 AUC 0.9656 Pre 0.8488 Rec 0.8274
2026-09-14 22:48:44 | Epoch  29/100 | Train Loss 0.2677 Acc 0.9514 | Val Loss 1.0852 Acc 0.8469 AUC 0.9650 Pre 0.8479 Rec 0.8253
2026-09-14 22:48:44 | Epoch  30/100 | Train Loss 0.2572 Acc 0.9550 | Val Loss 1.0852 Acc 0.8487 AUC 0.9647 Pre 0.8499 Rec 0.8277
2026-09-14 22:48:44 | Epoch  31/100 | Train Loss 0.2490 Acc 0.9587 | Val Loss 1.0837 Acc 0.8506 AUC 0.9648 Pre 0.8509 Rec 0.8294
2026-09-14 22:48:44 | Epoch  32/100 | Train Loss 0.2124 Acc 0.9667 | Val Loss 1.0772 Acc 0.8506 AUC 0.9647 Pre 0.8520 Rec 0.8281
2026-09-14 22:48:44 | Epoch  33/100 | Train Loss 0.2199 Acc 0.9606 | Val Loss 1.0752 Acc 0.8432 AUC 0.9646 Pre 0.8430 Rec 0.8158
2026-09-14 22:48:44 | Val AUC did not improve for 10 consecutive epochs, early stopping at Epoch 33 (best AUC 0.9671 @ Epoch 23)
2026-09-14 22:48:44 | Run 2/5 | Test (best model @ Epoch 23) | Loss 0.9947 Acc 0.8764 AUC 0.9735 Pre 0.8715 Rec 0.8624
2026-09-14 22:48:44 | ===== Run 3/5 (seed 2) =====
2026-09-14 22:48:44 | Epoch   1/100 | Train Loss 7.2190 Acc 0.1355 | Val Loss 3.0888 Acc 0.3026 AUC 0.7976 Pre 0.0432 Rec 0.1429
2026-09-14 22:48:44 |   Val AUC improved to 0.7976, model saved
2026-09-14 22:48:44 | Epoch   2/100 | Train Loss 6.7030 Acc 0.1613 | Val Loss 2.8329 Acc 0.3026 AUC 0.6896 Pre 0.0432 Rec 0.1429
2026-09-14 22:48:44 | Epoch   3/100 | Train Loss 5.7157 Acc 0.2106 | Val Loss 2.5633 Acc 0.2583 AUC 0.6952 Pre 0.0716 Rec 0.1570
2026-09-14 22:48:44 | Epoch   4/100 | Train Loss 6.1090 Acc 0.1977 | Val Loss 2.6150 Acc 0.3026 AUC 0.8214 Pre 0.0432 Rec 0.1429
2026-09-14 22:48:44 |   Val AUC improved to 0.8214, model saved
2026-09-14 22:48:44 | Epoch   5/100 | Train Loss 4.7797 Acc 0.2371 | Val Loss 2.6700 Acc 0.3026 AUC 0.8826 Pre 0.0432 Rec 0.1429
2026-09-14 22:48:44 |   Val AUC improved to 0.8826, model saved
2026-09-14 22:48:44 | Epoch   6/100 | Train Loss 4.8028 Acc 0.2494 | Val Loss 2.5924 Acc 0.3026 AUC 0.9028 Pre 0.0432 Rec 0.1429
2026-09-14 22:48:44 |   Val AUC improved to 0.9028, model saved
2026-09-14 22:48:44 | Epoch   7/100 | Train Loss 4.6384 Acc 0.2358 | Val Loss 2.3569 Acc 0.3044 AUC 0.9144 Pre 0.1862 Rec 0.1446
2026-09-14 22:48:44 |   Val AUC improved to 0.9144, model saved
2026-09-14 22:48:44 | Epoch   8/100 | Train Loss 4.1924 Acc 0.2654 | Val Loss 1.9362 Acc 0.3413 AUC 0.9270 Pre 0.3224 Rec 0.1803
2026-09-14 22:48:44 |   Val AUC improved to 0.9270, model saved
2026-09-14 22:48:44 | Epoch   9/100 | Train Loss 3.1221 Acc 0.3701 | Val Loss 1.4439 Acc 0.4908 AUC 0.9358 Pre 0.3015 Rec 0.3282
2026-09-14 22:48:44 |   Val AUC improved to 0.9358, model saved
2026-09-14 22:48:44 | Epoch  10/100 | Train Loss 2.2348 Acc 0.4846 | Val Loss 1.4517 Acc 0.4982 AUC 0.8974 Pre 0.4006 Rec 0.3738
2026-09-14 22:48:45 | Epoch  11/100 | Train Loss 2.2048 Acc 0.5486 | Val Loss 1.2376 Acc 0.5867 AUC 0.9277 Pre 0.5700 Rec 0.4361
2026-09-14 22:48:45 | Epoch  12/100 | Train Loss 1.7339 Acc 0.6312 | Val Loss 1.1997 Acc 0.5904 AUC 0.9469 Pre 0.5526 Rec 0.4354
2026-09-14 22:48:45 |   Val AUC improved to 0.9469, model saved
2026-09-14 22:48:45 | Epoch  13/100 | Train Loss 1.4504 Acc 0.6761 | Val Loss 1.0690 Acc 0.6697 AUC 0.9554 Pre 0.6059 Rec 0.5604
2026-09-14 22:48:45 |   Val AUC improved to 0.9554, model saved
2026-09-14 22:48:45 | Epoch  14/100 | Train Loss 1.1983 Acc 0.7118 | Val Loss 0.9369 Acc 0.7306 AUC 0.9544 Pre 0.7718 Rec 0.6693
2026-09-14 22:48:45 | Epoch  15/100 | Train Loss 1.0075 Acc 0.7469 | Val Loss 0.9013 Acc 0.7731 AUC 0.9575 Pre 0.7807 Rec 0.7212
2026-09-14 22:48:45 |   Val AUC improved to 0.9575, model saved
2026-09-14 22:48:45 | Epoch  16/100 | Train Loss 0.8825 Acc 0.7950 | Val Loss 0.8897 Acc 0.7970 AUC 0.9617 Pre 0.8118 Rec 0.7411
2026-09-14 22:48:45 |   Val AUC improved to 0.9617, model saved
2026-09-14 22:48:45 | Epoch  17/100 | Train Loss 0.8341 Acc 0.8122 | Val Loss 0.8969 Acc 0.7989 AUC 0.9639 Pre 0.8239 Rec 0.7426
2026-09-14 22:48:45 |   Val AUC improved to 0.9639, model saved
2026-09-14 22:48:45 | Epoch  18/100 | Train Loss 0.7290 Acc 0.8417 | Val Loss 0.9172 Acc 0.8173 AUC 0.9644 Pre 0.8417 Rec 0.7639
2026-09-14 22:48:45 |   Val AUC improved to 0.9644, model saved
2026-09-14 22:48:45 | Epoch  19/100 | Train Loss 0.6930 Acc 0.8534 | Val Loss 0.9073 Acc 0.8303 AUC 0.9652 Pre 0.8398 Rec 0.7869
2026-09-14 22:48:45 |   Val AUC improved to 0.9652, model saved
2026-09-14 22:48:45 | Epoch  20/100 | Train Loss 0.6331 Acc 0.8682 | Val Loss 0.8624 Acc 0.8376 AUC 0.9667 Pre 0.8368 Rec 0.8085
2026-09-14 22:48:45 |   Val AUC improved to 0.9667, model saved
2026-09-14 22:48:45 | Epoch  21/100 | Train Loss 0.5481 Acc 0.8836 | Val Loss 0.8349 Acc 0.8395 AUC 0.9685 Pre 0.8249 Rec 0.8143
2026-09-14 22:48:45 |   Val AUC improved to 0.9685, model saved
2026-09-14 22:48:45 | Epoch  22/100 | Train Loss 0.5149 Acc 0.8978 | Val Loss 0.8484 Acc 0.8210 AUC 0.9690 Pre 0.8045 Rec 0.7975
2026-09-14 22:48:45 |   Val AUC improved to 0.9690, model saved
2026-09-14 22:48:45 | Epoch  23/100 | Train Loss 0.5170 Acc 0.8855 | Val Loss 0.8884 Acc 0.8173 AUC 0.9681 Pre 0.8014 Rec 0.7987
2026-09-14 22:48:45 | Epoch  24/100 | Train Loss 0.4291 Acc 0.9132 | Val Loss 0.9110 Acc 0.8376 AUC 0.9677 Pre 0.8253 Rec 0.8269
2026-09-14 22:48:45 | Epoch  25/100 | Train Loss 0.4585 Acc 0.9076 | Val Loss 0.8889 Acc 0.8450 AUC 0.9684 Pre 0.8348 Rec 0.8317
2026-09-14 22:48:45 | Epoch  26/100 | Train Loss 0.4065 Acc 0.9218 | Val Loss 0.8572 Acc 0.8395 AUC 0.9696 Pre 0.8355 Rec 0.8207
2026-09-14 22:48:45 |   Val AUC improved to 0.9696, model saved
2026-09-14 22:48:46 | Epoch  27/100 | Train Loss 0.3749 Acc 0.9310 | Val Loss 0.8432 Acc 0.8450 AUC 0.9697 Pre 0.8493 Rec 0.8196
2026-09-14 22:48:46 |   Val AUC improved to 0.9697, model saved
2026-09-14 22:48:46 | Epoch  28/100 | Train Loss 0.3614 Acc 0.9446 | Val Loss 0.8383 Acc 0.8487 AUC 0.9695 Pre 0.8544 Rec 0.8264
2026-09-14 22:48:46 | Epoch  29/100 | Train Loss 0.3299 Acc 0.9409 | Val Loss 0.8315 Acc 0.8561 AUC 0.9692 Pre 0.8566 Rec 0.8380
2026-09-14 22:48:46 | Epoch  30/100 | Train Loss 0.3259 Acc 0.9452 | Val Loss 0.8282 Acc 0.8561 AUC 0.9691 Pre 0.8548 Rec 0.8361
2026-09-14 22:48:46 | Epoch  31/100 | Train Loss 0.2900 Acc 0.9495 | Val Loss 0.8315 Acc 0.8561 AUC 0.9688 Pre 0.8540 Rec 0.8361
2026-09-14 22:48:46 | Epoch  32/100 | Train Loss 0.2698 Acc 0.9600 | Val Loss 0.8439 Acc 0.8561 AUC 0.9682 Pre 0.8501 Rec 0.8394
2026-09-14 22:48:46 | Epoch  33/100 | Train Loss 0.2790 Acc 0.9520 | Val Loss 0.8650 Acc 0.8561 AUC 0.9676 Pre 0.8461 Rec 0.8426
2026-09-14 22:48:46 | Epoch  34/100 | Train Loss 0.2651 Acc 0.9526 | Val Loss 0.8826 Acc 0.8561 AUC 0.9670 Pre 0.8453 Rec 0.8466
2026-09-14 22:48:46 | Epoch  35/100 | Train Loss 0.2489 Acc 0.9532 | Val Loss 0.8894 Acc 0.8561 AUC 0.9665 Pre 0.8477 Rec 0.8475
2026-09-14 22:48:46 | Epoch  36/100 | Train Loss 0.2295 Acc 0.9624 | Val Loss 0.8861 Acc 0.8524 AUC 0.9662 Pre 0.8438 Rec 0.8449
2026-09-14 22:48:46 | Epoch  37/100 | Train Loss 0.2404 Acc 0.9618 | Val Loss 0.8816 Acc 0.8561 AUC 0.9660 Pre 0.8476 Rec 0.8460
2026-09-14 22:48:46 | Val AUC did not improve for 10 consecutive epochs, early stopping at Epoch 37 (best AUC 0.9697 @ Epoch 27)
2026-09-14 22:48:46 | Run 3/5 | Test (best model @ Epoch 27) | Loss 0.7988 Acc 0.8801 AUC 0.9737 Pre 0.8773 Rec 0.8696
2026-09-14 22:48:46 | ===== Run 4/5 (seed 3) =====
2026-09-14 22:48:46 | Epoch   1/100 | Train Loss 7.4124 Acc 0.1305 | Val Loss 2.3647 Acc 0.0701 AUC 0.8234 Pre 0.1048 Rec 0.1446
2026-09-14 22:48:46 |   Val AUC improved to 0.8234, model saved
2026-09-14 22:48:46 | Epoch   2/100 | Train Loss 7.0732 Acc 0.1330 | Val Loss 2.3240 Acc 0.3026 AUC 0.7191 Pre 0.0432 Rec 0.1429
2026-09-14 22:48:46 | Epoch   3/100 | Train Loss 5.5671 Acc 0.1749 | Val Loss 3.1081 Acc 0.3026 AUC 0.7446 Pre 0.0432 Rec 0.1429
2026-09-14 22:48:46 | Epoch   4/100 | Train Loss 6.5463 Acc 0.2574 | Val Loss 2.2523 Acc 0.2435 AUC 0.7222 Pre 0.1943 Rec 0.1632
2026-09-14 22:48:47 | Epoch   5/100 | Train Loss 4.9379 Acc 0.2063 | Val Loss 2.0148 Acc 0.3081 AUC 0.8252 Pre 0.1646 Rec 0.1545
2026-09-14 22:48:47 |   Val AUC improved to 0.8252, model saved
2026-09-14 22:48:47 | Epoch   6/100 | Train Loss 4.4690 Acc 0.2050 | Val Loss 1.9608 Acc 0.3081 AUC 0.8801 Pre 0.1966 Rec 0.1525
2026-09-14 22:48:47 |   Val AUC improved to 0.8801, model saved
2026-09-14 22:48:47 | Epoch   7/100 | Train Loss 4.3315 Acc 0.2248 | Val Loss 1.8063 Acc 0.3081 AUC 0.9036 Pre 0.1933 Rec 0.1502
2026-09-14 22:48:47 |   Val AUC improved to 0.9036, model saved
2026-09-14 22:48:47 | Epoch   8/100 | Train Loss 3.8189 Acc 0.2771 | Val Loss 1.5919 Acc 0.3967 AUC 0.9043 Pre 0.3384 Rec 0.2322
2026-09-14 22:48:47 |   Val AUC improved to 0.9043, model saved
2026-09-14 22:48:47 | Epoch   9/100 | Train Loss 2.9013 Acc 0.4052 | Val Loss 1.4991 Acc 0.4668 AUC 0.8975 Pre 0.3325 Rec 0.2969
2026-09-14 22:48:47 | Epoch  10/100 | Train Loss 2.4582 Acc 0.4871 | Val Loss 1.5678 Acc 0.5277 AUC 0.8958 Pre 0.2819 Rec 0.3710
2026-09-14 22:48:47 | Epoch  11/100 | Train Loss 2.2372 Acc 0.5431 | Val Loss 1.5584 Acc 0.5812 AUC 0.9108 Pre 0.3828 Rec 0.4587
2026-09-14 22:48:47 |   Val AUC improved to 0.9108, model saved
2026-09-14 22:48:47 | Epoch  12/100 | Train Loss 1.9608 Acc 0.5807 | Val Loss 1.4148 Acc 0.5978 AUC 0.9264 Pre 0.3860 Rec 0.4907
2026-09-14 22:48:47 |   Val AUC improved to 0.9264, model saved
2026-09-14 22:48:47 | Epoch  13/100 | Train Loss 1.6364 Acc 0.6539 | Val Loss 1.2524 Acc 0.5793 AUC 0.9416 Pre 0.5418 Rec 0.4871
2026-09-14 22:48:47 |   Val AUC improved to 0.9416, model saved
2026-09-14 22:48:47 | Epoch  14/100 | Train Loss 1.2645 Acc 0.6970 | Val Loss 1.0119 Acc 0.6974 AUC 0.9587 Pre 0.6032 Rec 0.6472
2026-09-14 22:48:47 |   Val AUC improved to 0.9587, model saved
2026-09-14 22:48:47 | Epoch  15/100 | Train Loss 1.2584 Acc 0.7038 | Val Loss 0.9946 Acc 0.7362 AUC 0.9616 Pre 0.6308 Rec 0.6947
2026-09-14 22:48:47 |   Val AUC improved to 0.9616, model saved
2026-09-14 22:48:47 | Epoch  16/100 | Train Loss 1.1374 Acc 0.7457 | Val Loss 1.0262 Acc 0.7491 AUC 0.9612 Pre 0.6394 Rec 0.7064
2026-09-14 22:48:47 | Epoch  17/100 | Train Loss 1.0237 Acc 0.7833 | Val Loss 1.0736 Acc 0.7509 AUC 0.9604 Pre 0.6382 Rec 0.7108
2026-09-14 22:48:47 | Epoch  18/100 | Train Loss 0.9114 Acc 0.7986 | Val Loss 1.1112 Acc 0.7491 AUC 0.9601 Pre 0.6392 Rec 0.7119
2026-09-14 22:48:47 | Epoch  19/100 | Train Loss 0.8457 Acc 0.8153 | Val Loss 1.1380 Acc 0.7435 AUC 0.9603 Pre 0.6352 Rec 0.7067
2026-09-14 22:48:47 | Epoch  20/100 | Train Loss 0.7179 Acc 0.8442 | Val Loss 1.1389 Acc 0.7472 AUC 0.9603 Pre 0.6400 Rec 0.7117
2026-09-14 22:48:48 | Epoch  21/100 | Train Loss 0.6857 Acc 0.8510 | Val Loss 1.0958 Acc 0.7509 AUC 0.9596 Pre 0.6407 Rec 0.7128
2026-09-14 22:48:48 | Epoch  22/100 | Train Loss 0.6330 Acc 0.8553 | Val Loss 1.0782 Acc 0.7583 AUC 0.9599 Pre 0.6426 Rec 0.7138
2026-09-14 22:48:48 | Epoch  23/100 | Train Loss 0.6093 Acc 0.8762 | Val Loss 1.0861 Acc 0.7528 AUC 0.9602 Pre 0.6343 Rec 0.7026
2026-09-14 22:48:48 | Epoch  24/100 | Train Loss 0.5559 Acc 0.8812 | Val Loss 1.1051 Acc 0.7528 AUC 0.9603 Pre 0.6349 Rec 0.7026
2026-09-14 22:48:48 | Epoch  25/100 | Train Loss 0.5332 Acc 0.8910 | Val Loss 1.1081 Acc 0.7528 AUC 0.9612 Pre 0.6371 Rec 0.7049
2026-09-14 22:48:48 | Val AUC did not improve for 10 consecutive epochs, early stopping at Epoch 25 (best AUC 0.9616 @ Epoch 15)
2026-09-14 22:48:48 | Run 4/5 | Test (best model @ Epoch 15) | Loss 0.9718 Acc 0.7435 AUC 0.9655 Pre 0.6351 Rec 0.6926
2026-09-14 22:48:48 | ===== Run 5/5 (seed 4) =====
2026-09-14 22:48:48 | Epoch   1/100 | Train Loss 7.8429 Acc 0.1422 | Val Loss 2.5118 Acc 0.1568 AUC 0.9127 Pre 0.0224 Rec 0.1429
2026-09-14 22:48:48 |   Val AUC improved to 0.9127, model saved
2026-09-14 22:48:48 | Epoch   2/100 | Train Loss 7.2503 Acc 0.1336 | Val Loss 1.9974 Acc 0.2712 AUC 0.8028 Pre 0.2532 Rec 0.1856
2026-09-14 22:48:48 | Epoch   3/100 | Train Loss 6.3580 Acc 0.1952 | Val Loss 2.1120 Acc 0.4502 AUC 0.8158 Pre 0.2074 Rec 0.2871
2026-09-14 22:48:48 | Epoch   4/100 | Train Loss 5.9938 Acc 0.2956 | Val Loss 1.7962 Acc 0.3173 AUC 0.9222 Pre 0.2235 Rec 0.2794
2026-09-14 22:48:48 |   Val AUC improved to 0.9222, model saved
2026-09-14 22:48:48 | Epoch   5/100 | Train Loss 4.9110 Acc 0.2691 | Val Loss 1.6722 Acc 0.3672 AUC 0.9510 Pre 0.3496 Rec 0.3152
2026-09-14 22:48:48 |   Val AUC improved to 0.9510, model saved
2026-09-14 22:48:48 | Epoch   6/100 | Train Loss 4.5105 Acc 0.3017 | Val Loss 1.3208 Acc 0.5590 AUC 0.9550 Pre 0.4945 Rec 0.4287
2026-09-14 22:48:48 |   Val AUC improved to 0.9550, model saved
2026-09-14 22:48:48 | Epoch   7/100 | Train Loss 3.5541 Acc 0.4255 | Val Loss 1.1104 Acc 0.6790 AUC 0.9492 Pre 0.4902 Rec 0.5302
2026-09-14 22:48:48 | Epoch   8/100 | Train Loss 2.9513 Acc 0.5246 | Val Loss 1.1711 Acc 0.6642 AUC 0.9397 Pre 0.5030 Rec 0.5109
2026-09-14 22:48:48 | Epoch   9/100 | Train Loss 2.5143 Acc 0.5874 | Val Loss 1.0455 Acc 0.6937 AUC 0.9486 Pre 0.6466 Rec 0.5525
2026-09-14 22:48:48 | Epoch  10/100 | Train Loss 2.0008 Acc 0.6552 | Val Loss 0.8536 Acc 0.7491 AUC 0.9584 Pre 0.6259 Rec 0.6495
2026-09-14 22:48:48 |   Val AUC improved to 0.9584, model saved
2026-09-14 22:48:48 | Epoch  11/100 | Train Loss 1.7246 Acc 0.7081 | Val Loss 0.9176 Acc 0.7657 AUC 0.9633 Pre 0.6728 Rec 0.6681
2026-09-14 22:48:48 |   Val AUC improved to 0.9633, model saved
2026-09-14 22:48:49 | Epoch  12/100 | Train Loss 1.3632 Acc 0.7494 | Val Loss 0.9832 Acc 0.7528 AUC 0.9640 Pre 0.6914 Rec 0.6694
2026-09-14 22:48:49 |   Val AUC improved to 0.9640, model saved
2026-09-14 22:48:49 | Epoch  13/100 | Train Loss 1.2002 Acc 0.7728 | Val Loss 0.8824 Acc 0.8007 AUC 0.9684 Pre 0.7070 Rec 0.7054
2026-09-14 22:48:49 |   Val AUC improved to 0.9684, model saved
2026-09-14 22:48:49 | Epoch  14/100 | Train Loss 0.8925 Acc 0.8442 | Val Loss 0.9397 Acc 0.8266 AUC 0.9678 Pre 0.8307 Rec 0.7634
2026-09-14 22:48:49 | Epoch  15/100 | Train Loss 0.8422 Acc 0.8448 | Val Loss 0.9505 Acc 0.8432 AUC 0.9702 Pre 0.8591 Rec 0.8047
2026-09-14 22:48:49 |   Val AUC improved to 0.9702, model saved
2026-09-14 22:48:49 | Epoch  16/100 | Train Loss 0.9760 Acc 0.8541 | Val Loss 1.0683 Acc 0.8081 AUC 0.9680 Pre 0.8485 Rec 0.7385
2026-09-14 22:48:49 | Epoch  17/100 | Train Loss 0.8596 Acc 0.8565 | Val Loss 0.9355 Acc 0.8210 AUC 0.9725 Pre 0.8573 Rec 0.7507
2026-09-14 22:48:49 |   Val AUC improved to 0.9725, model saved
2026-09-14 22:48:49 | Epoch  18/100 | Train Loss 0.7624 Acc 0.8651 | Val Loss 0.9102 Acc 0.8173 AUC 0.9723 Pre 0.8431 Rec 0.7708
2026-09-14 22:48:49 | Epoch  19/100 | Train Loss 0.6816 Acc 0.8775 | Val Loss 1.0081 Acc 0.8450 AUC 0.9696 Pre 0.8574 Rec 0.8010
2026-09-14 22:48:49 | Epoch  20/100 | Train Loss 0.5797 Acc 0.9138 | Val Loss 1.1504 Acc 0.8303 AUC 0.9666 Pre 0.8407 Rec 0.7793
2026-09-14 22:48:49 | Epoch  21/100 | Train Loss 0.5844 Acc 0.9113 | Val Loss 1.1065 Acc 0.8395 AUC 0.9698 Pre 0.8507 Rec 0.8058
2026-09-14 22:48:49 | Epoch  22/100 | Train Loss 0.5723 Acc 0.9107 | Val Loss 1.0503 Acc 0.8395 AUC 0.9707 Pre 0.8391 Rec 0.8219
2026-09-14 22:48:49 | Epoch  23/100 | Train Loss 0.5336 Acc 0.9169 | Val Loss 1.0568 Acc 0.8284 AUC 0.9695 Pre 0.8290 Rec 0.8078
2026-09-14 22:48:49 | Epoch  24/100 | Train Loss 0.4921 Acc 0.9163 | Val Loss 1.0776 Acc 0.8044 AUC 0.9690 Pre 0.8168 Rec 0.7619
2026-09-14 22:48:49 | Epoch  25/100 | Train Loss 0.4584 Acc 0.9187 | Val Loss 1.1055 Acc 0.8081 AUC 0.9697 Pre 0.8336 Rec 0.7477
2026-09-14 22:48:49 | Epoch  26/100 | Train Loss 0.4136 Acc 0.9255 | Val Loss 1.1329 Acc 0.8155 AUC 0.9685 Pre 0.8493 Rec 0.7534
2026-09-14 22:48:49 | Epoch  27/100 | Train Loss 0.3869 Acc 0.9341 | Val Loss 1.1062 Acc 0.8229 AUC 0.9691 Pre 0.8457 Rec 0.7719
2026-09-14 22:48:49 | Val AUC did not improve for 10 consecutive epochs, early stopping at Epoch 27 (best AUC 0.9725 @ Epoch 17)
2026-09-14 22:48:49 | Run 5/5 | Test (best model @ Epoch 17) | Loss 0.9600 Acc 0.8247 AUC 0.9709 Pre 0.8521 Rec 0.7735
2026-09-14 22:48:49 | Average over 5 runs | Test Loss 0.9342±0.0778 Acc 0.8354±0.0559 AUC 0.9703±0.0035 Pre 0.8175±0.1026 Rec 0.8093±0.0756
