2026-09-01 17:10:25 | Device: cuda
2026-09-01 17:10:25 | Args: {'model': 'opb', 'backbone': 'rnn', 'task': 'agnews', 'epochs': 100, 'batch_size': 512, 'lr': 0.001, 'hidden_dims': [512, 256], 'dropout': 0.2, 'z_dim': 256, 'anchor_scale': 12.0, 'energy_classifier': False, 'max_len': 250, 'random_labels': False, 'beta': 0.1, 'patience': 10, 'runs': 5, 'seed': 0, 'data_dir': './data', 'save_path': 'output/agnews_rnn_opb/agnews_rnn_opb.pt', 'log_path': '/root/autodl-tmp/IB/tune_results/agnews_rnn_opb_beta_0.1_anchor_12/train.log', 'no_save': True}
2026-09-01 17:10:25 | AG News 特征文件：agnews_bert_base_layer10_pca50_features.npy（input_dim=50）
2026-09-01 17:10:25 | AG News 预处理缓存：mmap 共享 ./data/agnews/agnews_bert_base_layer10_pca50_features_fp32.npy
2026-09-01 17:10:25 | AG News BERT 特征划分（60/20/20 分层）：train 76560 / val 25520 / test 25520（共 127600 条）
2026-09-01 17:10:25 | ===== Run 1/5 (seed 0) =====
2026-09-01 17:10:56 | Epoch   1/100 | Train Loss 4.6009 Acc 0.5436 | Val Loss 4.7723 Acc 0.4353 AUC 0.8561 Pre 0.5681 Rec 0.4353
2026-09-01 17:10:56 |   Val AUC improved to 0.8561, model saved
2026-09-01 17:11:24 | Epoch   2/100 | Train Loss 2.7900 Acc 0.6502 | Val Loss 1.9672 Acc 0.7012 AUC 0.9020 Pre 0.6866 Rec 0.7012
2026-09-01 17:11:24 |   Val AUC improved to 0.9020, model saved
2026-09-01 17:11:53 | Epoch   3/100 | Train Loss 1.6587 Acc 0.7212 | Val Loss 1.0363 Acc 0.8616 AUC 0.9619 Pre 0.8626 Rec 0.8616
2026-09-01 17:11:53 |   Val AUC improved to 0.9619, model saved
2026-09-01 17:12:23 | Epoch   4/100 | Train Loss 0.8684 Acc 0.8724 | Val Loss 0.6369 Acc 0.8946 AUC 0.9764 Pre 0.8949 Rec 0.8946
2026-09-01 17:12:23 |   Val AUC improved to 0.9764, model saved
2026-09-01 17:12:52 | Epoch   5/100 | Train Loss 0.6703 Acc 0.8881 | Val Loss 0.5364 Acc 0.8975 AUC 0.9788 Pre 0.8980 Rec 0.8975
2026-09-01 17:12:52 |   Val AUC improved to 0.9788, model saved
2026-09-01 17:13:22 | Epoch   6/100 | Train Loss 0.5842 Acc 0.8939 | Val Loss 0.4837 Acc 0.9012 AUC 0.9798 Pre 0.9018 Rec 0.9012
2026-09-01 17:13:22 |   Val AUC improved to 0.9798, model saved
2026-09-01 17:13:52 | Epoch   7/100 | Train Loss 0.5308 Acc 0.8961 | Val Loss 0.4438 Acc 0.9035 AUC 0.9809 Pre 0.9042 Rec 0.9035
2026-09-01 17:13:52 |   Val AUC improved to 0.9809, model saved
2026-09-01 17:14:21 | Epoch   8/100 | Train Loss 0.4967 Acc 0.8987 | Val Loss 0.4211 Acc 0.9053 AUC 0.9817 Pre 0.9051 Rec 0.9053
2026-09-01 17:14:21 |   Val AUC improved to 0.9817, model saved
2026-09-01 17:14:51 | Epoch   9/100 | Train Loss 0.4740 Acc 0.8996 | Val Loss 0.3994 Acc 0.9071 AUC 0.9828 Pre 0.9093 Rec 0.9071
2026-09-01 17:14:51 |   Val AUC improved to 0.9828, model saved
2026-09-01 17:15:20 | Epoch  10/100 | Train Loss 0.4517 Acc 0.9029 | Val Loss 0.3784 Acc 0.9095 AUC 0.9838 Pre 0.9098 Rec 0.9095
2026-09-01 17:15:20 |   Val AUC improved to 0.9838, model saved
2026-09-01 17:15:50 | Epoch  11/100 | Train Loss 0.4355 Acc 0.9064 | Val Loss 0.3737 Acc 0.9117 AUC 0.9843 Pre 0.9121 Rec 0.9117
2026-09-01 17:15:50 |   Val AUC improved to 0.9843, model saved
2026-09-01 17:16:19 | Epoch  12/100 | Train Loss 0.4205 Acc 0.9076 | Val Loss 0.3649 Acc 0.9118 AUC 0.9845 Pre 0.9142 Rec 0.9118
2026-09-01 17:16:19 |   Val AUC improved to 0.9845, model saved
2026-09-01 17:16:48 | Epoch  13/100 | Train Loss 0.4048 Acc 0.9117 | Val Loss 0.3494 Acc 0.9166 AUC 0.9853 Pre 0.9167 Rec 0.9166
2026-09-01 17:16:48 |   Val AUC improved to 0.9853, model saved
2026-09-01 17:17:15 | Epoch  14/100 | Train Loss 0.3892 Acc 0.9154 | Val Loss 0.3398 Acc 0.9185 AUC 0.9867 Pre 0.9185 Rec 0.9185
2026-09-01 17:17:15 |   Val AUC improved to 0.9867, model saved
2026-09-01 17:17:43 | Epoch  15/100 | Train Loss 0.3745 Acc 0.9188 | Val Loss 0.3327 Acc 0.9208 AUC 0.9869 Pre 0.9212 Rec 0.9208
2026-09-01 17:17:43 |   Val AUC improved to 0.9869, model saved
2026-09-01 17:18:13 | Epoch  16/100 | Train Loss 0.3591 Acc 0.9223 | Val Loss 0.3329 Acc 0.9207 AUC 0.9868 Pre 0.9216 Rec 0.9207
2026-09-01 17:18:42 | Epoch  17/100 | Train Loss 0.3473 Acc 0.9246 | Val Loss 0.3269 Acc 0.9230 AUC 0.9866 Pre 0.9237 Rec 0.9230
2026-09-01 17:19:11 | Epoch  18/100 | Train Loss 0.3388 Acc 0.9272 | Val Loss 0.3276 Acc 0.9231 AUC 0.9873 Pre 0.9233 Rec 0.9231
2026-09-01 17:19:11 |   Val AUC improved to 0.9873, model saved
2026-09-01 17:19:41 | Epoch  19/100 | Train Loss 0.3236 Acc 0.9307 | Val Loss 0.3285 Acc 0.9237 AUC 0.9866 Pre 0.9244 Rec 0.9237
2026-09-01 17:20:11 | Epoch  20/100 | Train Loss 0.3149 Acc 0.9329 | Val Loss 0.3199 Acc 0.9243 AUC 0.9875 Pre 0.9253 Rec 0.9243
2026-09-01 17:20:11 |   Val AUC improved to 0.9875, model saved
2026-09-01 17:20:40 | Epoch  21/100 | Train Loss 0.3022 Acc 0.9358 | Val Loss 0.3264 Acc 0.9246 AUC 0.9874 Pre 0.9251 Rec 0.9246
2026-09-01 17:21:08 | Epoch  22/100 | Train Loss 0.2976 Acc 0.9380 | Val Loss 0.3246 Acc 0.9250 AUC 0.9873 Pre 0.9252 Rec 0.9250
2026-09-01 17:21:37 | Epoch  23/100 | Train Loss 0.2850 Acc 0.9409 | Val Loss 0.3300 Acc 0.9243 AUC 0.9871 Pre 0.9263 Rec 0.9243
2026-09-01 17:22:06 | Epoch  24/100 | Train Loss 0.2785 Acc 0.9426 | Val Loss 0.3342 Acc 0.9257 AUC 0.9870 Pre 0.9266 Rec 0.9257
2026-09-01 17:22:34 | Epoch  25/100 | Train Loss 0.2709 Acc 0.9444 | Val Loss 0.3432 Acc 0.9245 AUC 0.9866 Pre 0.9253 Rec 0.9245
2026-09-01 17:23:04 | Epoch  26/100 | Train Loss 0.2605 Acc 0.9476 | Val Loss 0.3488 Acc 0.9252 AUC 0.9866 Pre 0.9261 Rec 0.9252
2026-09-01 17:23:33 | Epoch  27/100 | Train Loss 0.2532 Acc 0.9499 | Val Loss 0.3517 Acc 0.9210 AUC 0.9859 Pre 0.9219 Rec 0.9210
2026-09-01 17:24:03 | Epoch  28/100 | Train Loss 0.2384 Acc 0.9529 | Val Loss 0.3511 Acc 0.9220 AUC 0.9860 Pre 0.9221 Rec 0.9220
2026-09-01 17:24:30 | Epoch  29/100 | Train Loss 0.2309 Acc 0.9555 | Val Loss 0.3794 Acc 0.9223 AUC 0.9851 Pre 0.9223 Rec 0.9223
2026-09-01 17:24:58 | Epoch  30/100 | Train Loss 0.2207 Acc 0.9578 | Val Loss 0.3618 Acc 0.9242 AUC 0.9851 Pre 0.9240 Rec 0.9242
2026-09-01 17:24:58 | Val AUC did not improve for 10 consecutive epochs, early stopping at Epoch 30 (best AUC 0.9875 @ Epoch 20)
2026-09-01 17:25:03 | Run 1/5 | Test (best model @ Epoch 20) | Loss 0.3078 Acc 0.9276 AUC 0.9884 Pre 0.9284 Rec 0.9276
2026-09-01 17:25:03 | ===== Run 2/5 (seed 1) =====
2026-09-01 17:25:33 | Epoch   1/100 | Train Loss 4.7904 Acc 0.5272 | Val Loss 3.9842 Acc 0.5274 AUC 0.8424 Pre 0.5438 Rec 0.5274
2026-09-01 17:25:33 |   Val AUC improved to 0.8424, model saved
2026-09-01 17:26:02 | Epoch   2/100 | Train Loss 2.3018 Acc 0.7403 | Val Loss 1.1179 Acc 0.8774 AUC 0.9699 Pre 0.8848 Rec 0.8774
2026-09-01 17:26:02 |   Val AUC improved to 0.9699, model saved
2026-09-01 17:26:31 | Epoch   3/100 | Train Loss 1.0424 Acc 0.8869 | Val Loss 0.7953 Acc 0.8971 AUC 0.9773 Pre 0.8977 Rec 0.8971
2026-09-01 17:26:31 |   Val AUC improved to 0.9773, model saved
2026-09-01 17:27:00 | Epoch   4/100 | Train Loss 0.8242 Acc 0.8952 | Val Loss 0.6917 Acc 0.8998 AUC 0.9781 Pre 0.9009 Rec 0.8998
2026-09-01 17:27:00 |   Val AUC improved to 0.9781, model saved
2026-09-01 17:27:29 | Epoch   5/100 | Train Loss 0.7046 Acc 0.8960 | Val Loss 0.5746 Acc 0.9030 AUC 0.9804 Pre 0.9052 Rec 0.9030
2026-09-01 17:27:29 |   Val AUC improved to 0.9804, model saved
2026-09-01 17:27:57 | Epoch   6/100 | Train Loss 0.6222 Acc 0.8987 | Val Loss 0.5082 Acc 0.9055 AUC 0.9807 Pre 0.9066 Rec 0.9055
2026-09-01 17:27:57 |   Val AUC improved to 0.9807, model saved
2026-09-01 17:28:26 | Epoch   7/100 | Train Loss 0.5607 Acc 0.9000 | Val Loss 0.4636 Acc 0.9069 AUC 0.9816 Pre 0.9080 Rec 0.9069
2026-09-01 17:28:26 |   Val AUC improved to 0.9816, model saved
2026-09-01 17:28:55 | Epoch   8/100 | Train Loss 0.5235 Acc 0.9011 | Val Loss 0.4222 Acc 0.9097 AUC 0.9825 Pre 0.9102 Rec 0.9097
2026-09-01 17:28:55 |   Val AUC improved to 0.9825, model saved
2026-09-01 17:29:24 | Epoch   9/100 | Train Loss 0.4912 Acc 0.9019 | Val Loss 0.4121 Acc 0.9100 AUC 0.9816 Pre 0.9099 Rec 0.9100
2026-09-01 17:29:53 | Epoch  10/100 | Train Loss 0.4721 Acc 0.9030 | Val Loss 0.3830 Acc 0.9125 AUC 0.9834 Pre 0.9127 Rec 0.9125
2026-09-01 17:29:53 |   Val AUC improved to 0.9834, model saved
2026-09-01 17:30:21 | Epoch  11/100 | Train Loss 0.4552 Acc 0.9047 | Val Loss 0.3859 Acc 0.9116 AUC 0.9825 Pre 0.9119 Rec 0.9116
2026-09-01 17:30:50 | Epoch  12/100 | Train Loss 0.4447 Acc 0.9059 | Val Loss 0.3616 Acc 0.9154 AUC 0.9838 Pre 0.9162 Rec 0.9154
2026-09-01 17:30:50 |   Val AUC improved to 0.9838, model saved
2026-09-01 17:31:20 | Epoch  13/100 | Train Loss 0.4318 Acc 0.9075 | Val Loss 0.3571 Acc 0.9161 AUC 0.9846 Pre 0.9161 Rec 0.9161
2026-09-01 17:31:20 |   Val AUC improved to 0.9846, model saved
2026-09-01 17:31:48 | Epoch  14/100 | Train Loss 0.4211 Acc 0.9091 | Val Loss 0.3668 Acc 0.9126 AUC 0.9839 Pre 0.9124 Rec 0.9126
2026-09-01 17:32:18 | Epoch  15/100 | Train Loss 0.4063 Acc 0.9118 | Val Loss 0.3475 Acc 0.9156 AUC 0.9855 Pre 0.9167 Rec 0.9156
2026-09-01 17:32:18 |   Val AUC improved to 0.9855, model saved
2026-09-01 17:32:47 | Epoch  16/100 | Train Loss 0.3921 Acc 0.9152 | Val Loss 0.3494 Acc 0.9170 AUC 0.9858 Pre 0.9186 Rec 0.9170
2026-09-01 17:32:47 |   Val AUC improved to 0.9858, model saved
2026-09-01 17:33:17 | Epoch  17/100 | Train Loss 0.3792 Acc 0.9171 | Val Loss 0.3414 Acc 0.9174 AUC 0.9852 Pre 0.9174 Rec 0.9174
2026-09-01 17:33:47 | Epoch  18/100 | Train Loss 0.3736 Acc 0.9184 | Val Loss 0.3284 Acc 0.9208 AUC 0.9865 Pre 0.9211 Rec 0.9208
2026-09-01 17:33:47 |   Val AUC improved to 0.9865, model saved
2026-09-01 17:34:16 | Epoch  19/100 | Train Loss 0.3639 Acc 0.9219 | Val Loss 0.3291 Acc 0.9223 AUC 0.9866 Pre 0.9223 Rec 0.9223
2026-09-01 17:34:16 |   Val AUC improved to 0.9866, model saved
2026-09-01 17:34:44 | Epoch  20/100 | Train Loss 0.3502 Acc 0.9246 | Val Loss 0.3247 Acc 0.9233 AUC 0.9868 Pre 0.9239 Rec 0.9233
2026-09-01 17:34:44 |   Val AUC improved to 0.9868, model saved
2026-09-01 17:35:13 | Epoch  21/100 | Train Loss 0.3456 Acc 0.9263 | Val Loss 0.3237 Acc 0.9223 AUC 0.9871 Pre 0.9242 Rec 0.9223
2026-09-01 17:35:13 |   Val AUC improved to 0.9871, model saved
2026-09-01 17:35:42 | Epoch  22/100 | Train Loss 0.3351 Acc 0.9287 | Val Loss 0.3258 Acc 0.9243 AUC 0.9864 Pre 0.9248 Rec 0.9243
2026-09-01 17:36:11 | Epoch  23/100 | Train Loss 0.3330 Acc 0.9298 | Val Loss 0.3330 Acc 0.9223 AUC 0.9866 Pre 0.9241 Rec 0.9223
2026-09-01 17:36:40 | Epoch  24/100 | Train Loss 0.3187 Acc 0.9324 | Val Loss 0.3335 Acc 0.9245 AUC 0.9868 Pre 0.9246 Rec 0.9245
2026-09-01 17:37:10 | Epoch  25/100 | Train Loss 0.3115 Acc 0.9355 | Val Loss 0.3293 Acc 0.9235 AUC 0.9871 Pre 0.9240 Rec 0.9235
2026-09-01 17:37:39 | Epoch  26/100 | Train Loss 0.3044 Acc 0.9376 | Val Loss 0.3332 Acc 0.9246 AUC 0.9868 Pre 0.9256 Rec 0.9246
2026-09-01 17:38:08 | Epoch  27/100 | Train Loss 0.2958 Acc 0.9405 | Val Loss 0.3306 Acc 0.9242 AUC 0.9866 Pre 0.9245 Rec 0.9242
2026-09-01 17:38:37 | Epoch  28/100 | Train Loss 0.3086 Acc 0.9352 | Val Loss 0.3461 Acc 0.9229 AUC 0.9865 Pre 0.9234 Rec 0.9229
2026-09-01 17:39:06 | Epoch  29/100 | Train Loss 0.2924 Acc 0.9387 | Val Loss 0.3333 Acc 0.9242 AUC 0.9868 Pre 0.9262 Rec 0.9242
2026-09-01 17:39:35 | Epoch  30/100 | Train Loss 0.2812 Acc 0.9425 | Val Loss 0.3481 Acc 0.9259 AUC 0.9867 Pre 0.9267 Rec 0.9259
2026-09-01 17:40:04 | Epoch  31/100 | Train Loss 0.2681 Acc 0.9461 | Val Loss 0.3336 Acc 0.9259 AUC 0.9864 Pre 0.9264 Rec 0.9259
2026-09-01 17:40:04 | Val AUC did not improve for 10 consecutive epochs, early stopping at Epoch 31 (best AUC 0.9871 @ Epoch 21)
2026-09-01 17:40:09 | Run 2/5 | Test (best model @ Epoch 21) | Loss 0.3109 Acc 0.9254 AUC 0.9882 Pre 0.9272 Rec 0.9254
2026-09-01 17:40:09 | ===== Run 3/5 (seed 2) =====
2026-09-01 17:40:39 | Epoch   1/100 | Train Loss 4.3834 Acc 0.6104 | Val Loss 1.6159 Acc 0.8683 AUC 0.9640 Pre 0.8689 Rec 0.8683
2026-09-01 17:40:39 |   Val AUC improved to 0.9640, model saved
2026-09-01 17:41:07 | Epoch   2/100 | Train Loss 1.4767 Acc 0.8713 | Val Loss 1.2167 Acc 0.8793 AUC 0.9676 Pre 0.8811 Rec 0.8793
2026-09-01 17:41:07 |   Val AUC improved to 0.9676, model saved
2026-09-01 17:41:36 | Epoch   3/100 | Train Loss 1.0636 Acc 0.8825 | Val Loss 0.8126 Acc 0.8940 AUC 0.9759 Pre 0.8943 Rec 0.8940
2026-09-01 17:41:36 |   Val AUC improved to 0.9759, model saved
2026-09-01 17:42:05 | Epoch   4/100 | Train Loss 0.7936 Acc 0.8918 | Val Loss 0.6388 Acc 0.8985 AUC 0.9786 Pre 0.8988 Rec 0.8985
2026-09-01 17:42:05 |   Val AUC improved to 0.9786, model saved
2026-09-01 17:42:34 | Epoch   5/100 | Train Loss 0.6406 Acc 0.8968 | Val Loss 0.5216 Acc 0.9040 AUC 0.9804 Pre 0.9042 Rec 0.9040
2026-09-01 17:42:34 |   Val AUC improved to 0.9804, model saved
2026-09-01 17:43:04 | Epoch   6/100 | Train Loss 0.5572 Acc 0.9002 | Val Loss 0.4618 Acc 0.9054 AUC 0.9823 Pre 0.9062 Rec 0.9054
2026-09-01 17:43:04 |   Val AUC improved to 0.9823, model saved
2026-09-01 17:43:33 | Epoch   7/100 | Train Loss 0.5019 Acc 0.9023 | Val Loss 0.4180 Acc 0.9094 AUC 0.9829 Pre 0.9099 Rec 0.9094
2026-09-01 17:43:33 |   Val AUC improved to 0.9829, model saved
2026-09-01 17:44:03 | Epoch   8/100 | Train Loss 0.4739 Acc 0.9025 | Val Loss 0.3934 Acc 0.9101 AUC 0.9842 Pre 0.9112 Rec 0.9101
2026-09-01 17:44:03 |   Val AUC improved to 0.9842, model saved
2026-09-01 17:44:32 | Epoch   9/100 | Train Loss 0.4471 Acc 0.9063 | Val Loss 0.3842 Acc 0.9122 AUC 0.9840 Pre 0.9127 Rec 0.9122
2026-09-01 17:45:02 | Epoch  10/100 | Train Loss 0.4309 Acc 0.9086 | Val Loss 0.3730 Acc 0.9136 AUC 0.9841 Pre 0.9140 Rec 0.9136
2026-09-01 17:45:31 | Epoch  11/100 | Train Loss 0.4143 Acc 0.9117 | Val Loss 0.3601 Acc 0.9169 AUC 0.9846 Pre 0.9174 Rec 0.9169
2026-09-01 17:45:31 |   Val AUC improved to 0.9846, model saved
2026-09-01 17:45:59 | Epoch  12/100 | Train Loss 0.4005 Acc 0.9153 | Val Loss 0.3598 Acc 0.9158 AUC 0.9855 Pre 0.9169 Rec 0.9158
2026-09-01 17:45:59 |   Val AUC improved to 0.9855, model saved
2026-09-01 17:46:26 | Epoch  13/100 | Train Loss 0.3866 Acc 0.9187 | Val Loss 0.3650 Acc 0.9164 AUC 0.9848 Pre 0.9164 Rec 0.9164
2026-09-01 17:46:54 | Epoch  14/100 | Train Loss 0.3744 Acc 0.9224 | Val Loss 0.3485 Acc 0.9164 AUC 0.9859 Pre 0.9173 Rec 0.9164
2026-09-01 17:46:54 |   Val AUC improved to 0.9859, model saved
2026-09-01 17:47:22 | Epoch  15/100 | Train Loss 0.3630 Acc 0.9242 | Val Loss 0.3602 Acc 0.9159 AUC 0.9853 Pre 0.9167 Rec 0.9159
2026-09-01 17:47:52 | Epoch  16/100 | Train Loss 0.3490 Acc 0.9278 | Val Loss 0.3594 Acc 0.9195 AUC 0.9853 Pre 0.9199 Rec 0.9195
2026-09-01 17:48:22 | Epoch  17/100 | Train Loss 0.3373 Acc 0.9299 | Val Loss 0.3618 Acc 0.9201 AUC 0.9855 Pre 0.9204 Rec 0.9201
2026-09-01 17:48:51 | Epoch  18/100 | Train Loss 0.3207 Acc 0.9350 | Val Loss 0.3517 Acc 0.9200 AUC 0.9855 Pre 0.9204 Rec 0.9200
2026-09-01 17:49:21 | Epoch  19/100 | Train Loss 0.3092 Acc 0.9378 | Val Loss 0.3671 Acc 0.9194 AUC 0.9846 Pre 0.9199 Rec 0.9194
2026-09-01 17:49:50 | Epoch  20/100 | Train Loss 0.2972 Acc 0.9407 | Val Loss 0.3793 Acc 0.9167 AUC 0.9851 Pre 0.9174 Rec 0.9167
2026-09-01 17:50:21 | Epoch  21/100 | Train Loss 0.2831 Acc 0.9444 | Val Loss 0.3742 Acc 0.9196 AUC 0.9849 Pre 0.9204 Rec 0.9196
2026-09-01 17:50:50 | Epoch  22/100 | Train Loss 0.2721 Acc 0.9467 | Val Loss 0.3670 Acc 0.9204 AUC 0.9852 Pre 0.9205 Rec 0.9204
2026-09-01 17:51:20 | Epoch  23/100 | Train Loss 0.2730 Acc 0.9472 | Val Loss 0.3686 Acc 0.9205 AUC 0.9854 Pre 0.9217 Rec 0.9205
2026-09-01 17:51:51 | Epoch  24/100 | Train Loss 0.2477 Acc 0.9528 | Val Loss 0.3589 Acc 0.9217 AUC 0.9852 Pre 0.9221 Rec 0.9217
2026-09-01 17:51:51 | Val AUC did not improve for 10 consecutive epochs, early stopping at Epoch 24 (best AUC 0.9859 @ Epoch 14)
2026-09-01 17:51:57 | Run 3/5 | Test (best model @ Epoch 14) | Loss 0.3474 Acc 0.9190 AUC 0.9863 Pre 0.9197 Rec 0.9190
2026-09-01 17:51:57 | ===== Run 4/5 (seed 3) =====
2026-09-01 17:52:26 | Epoch   1/100 | Train Loss 3.9871 Acc 0.6287 | Val Loss 1.7262 Acc 0.8645 AUC 0.9569 Pre 0.8660 Rec 0.8645
2026-09-01 17:52:26 |   Val AUC improved to 0.9569, model saved
2026-09-01 17:52:55 | Epoch   2/100 | Train Loss 1.4739 Acc 0.8743 | Val Loss 1.0883 Acc 0.8928 AUC 0.9723 Pre 0.8926 Rec 0.8928
2026-09-01 17:52:55 |   Val AUC improved to 0.9723, model saved
2026-09-01 17:53:23 | Epoch   3/100 | Train Loss 0.9847 Acc 0.8916 | Val Loss 0.7643 Acc 0.8997 AUC 0.9780 Pre 0.8998 Rec 0.8997
2026-09-01 17:53:23 |   Val AUC improved to 0.9780, model saved
2026-09-01 17:53:51 | Epoch   4/100 | Train Loss 0.7275 Acc 0.8982 | Val Loss 0.5921 Acc 0.9033 AUC 0.9807 Pre 0.9047 Rec 0.9033
2026-09-01 17:53:51 |   Val AUC improved to 0.9807, model saved
2026-09-01 17:54:20 | Epoch   5/100 | Train Loss 0.5900 Acc 0.9023 | Val Loss 0.4879 Acc 0.9054 AUC 0.9824 Pre 0.9077 Rec 0.9054
2026-09-01 17:54:20 |   Val AUC improved to 0.9824, model saved
2026-09-01 17:54:49 | Epoch   6/100 | Train Loss 0.5138 Acc 0.9060 | Val Loss 0.4243 Acc 0.9104 AUC 0.9829 Pre 0.9113 Rec 0.9104
2026-09-01 17:54:49 |   Val AUC improved to 0.9829, model saved
2026-09-01 17:55:19 | Epoch   7/100 | Train Loss 0.4698 Acc 0.9071 | Val Loss 0.3922 Acc 0.9141 AUC 0.9831 Pre 0.9139 Rec 0.9141
2026-09-01 17:55:19 |   Val AUC improved to 0.9831, model saved
2026-09-01 17:55:47 | Epoch   8/100 | Train Loss 0.4417 Acc 0.9085 | Val Loss 0.3844 Acc 0.9125 AUC 0.9851 Pre 0.9150 Rec 0.9125
2026-09-01 17:55:47 |   Val AUC improved to 0.9851, model saved
2026-09-01 17:56:16 | Epoch   9/100 | Train Loss 0.4189 Acc 0.9125 | Val Loss 0.3666 Acc 0.9162 AUC 0.9854 Pre 0.9175 Rec 0.9162
2026-09-01 17:56:16 |   Val AUC improved to 0.9854, model saved
2026-09-01 17:56:45 | Epoch  10/100 | Train Loss 0.4014 Acc 0.9152 | Val Loss 0.3567 Acc 0.9178 AUC 0.9854 Pre 0.9179 Rec 0.9178
2026-09-01 17:57:14 | Epoch  11/100 | Train Loss 0.3847 Acc 0.9183 | Val Loss 0.3358 Acc 0.9203 AUC 0.9866 Pre 0.9202 Rec 0.9203
2026-09-01 17:57:14 |   Val AUC improved to 0.9866, model saved
2026-09-01 17:57:43 | Epoch  12/100 | Train Loss 0.3653 Acc 0.9231 | Val Loss 0.3394 Acc 0.9227 AUC 0.9870 Pre 0.9231 Rec 0.9227
2026-09-01 17:57:43 |   Val AUC improved to 0.9870, model saved
2026-09-01 17:58:12 | Epoch  13/100 | Train Loss 0.3541 Acc 0.9262 | Val Loss 0.3539 Acc 0.9216 AUC 0.9863 Pre 0.9222 Rec 0.9216
2026-09-01 17:58:41 | Epoch  14/100 | Train Loss 0.3411 Acc 0.9296 | Val Loss 0.3392 Acc 0.9228 AUC 0.9866 Pre 0.9232 Rec 0.9228
2026-09-01 17:59:10 | Epoch  15/100 | Train Loss 0.3246 Acc 0.9331 | Val Loss 0.3408 Acc 0.9227 AUC 0.9865 Pre 0.9229 Rec 0.9227
2026-09-01 17:59:37 | Epoch  16/100 | Train Loss 0.3127 Acc 0.9366 | Val Loss 0.3498 Acc 0.9238 AUC 0.9870 Pre 0.9253 Rec 0.9238
2026-09-01 18:00:04 | Epoch  17/100 | Train Loss 0.3029 Acc 0.9395 | Val Loss 0.3540 Acc 0.9223 AUC 0.9861 Pre 0.9229 Rec 0.9223
2026-09-01 18:00:33 | Epoch  18/100 | Train Loss 0.2856 Acc 0.9438 | Val Loss 0.3534 Acc 0.9246 AUC 0.9858 Pre 0.9246 Rec 0.9246
2026-09-01 18:01:01 | Epoch  19/100 | Train Loss 0.2742 Acc 0.9467 | Val Loss 0.3420 Acc 0.9242 AUC 0.9872 Pre 0.9244 Rec 0.9242
2026-09-01 18:01:01 |   Val AUC improved to 0.9872, model saved
2026-09-01 18:01:30 | Epoch  20/100 | Train Loss 0.2610 Acc 0.9507 | Val Loss 0.3648 Acc 0.9242 AUC 0.9863 Pre 0.9250 Rec 0.9242
2026-09-01 18:01:59 | Epoch  21/100 | Train Loss 0.2501 Acc 0.9531 | Val Loss 0.3608 Acc 0.9230 AUC 0.9863 Pre 0.9232 Rec 0.9230
2026-09-01 18:02:27 | Epoch  22/100 | Train Loss 0.2310 Acc 0.9587 | Val Loss 0.3776 Acc 0.9243 AUC 0.9857 Pre 0.9241 Rec 0.9243
2026-09-01 18:02:56 | Epoch  23/100 | Train Loss 0.2267 Acc 0.9598 | Val Loss 0.3924 Acc 0.9236 AUC 0.9852 Pre 0.9240 Rec 0.9236
2026-09-01 18:03:25 | Epoch  24/100 | Train Loss 0.2180 Acc 0.9620 | Val Loss 0.3774 Acc 0.9250 AUC 0.9864 Pre 0.9254 Rec 0.9250
2026-09-01 18:03:53 | Epoch  25/100 | Train Loss 0.2036 Acc 0.9654 | Val Loss 0.4060 Acc 0.9180 AUC 0.9842 Pre 0.9186 Rec 0.9180
2026-09-01 18:04:21 | Epoch  26/100 | Train Loss 0.1940 Acc 0.9680 | Val Loss 0.4296 Acc 0.9184 AUC 0.9838 Pre 0.9182 Rec 0.9184
2026-09-01 18:04:49 | Epoch  27/100 | Train Loss 0.1930 Acc 0.9684 | Val Loss 0.4197 Acc 0.9206 AUC 0.9841 Pre 0.9205 Rec 0.9206
2026-09-01 18:05:17 | Epoch  28/100 | Train Loss 0.1806 Acc 0.9707 | Val Loss 0.4384 Acc 0.9210 AUC 0.9840 Pre 0.9207 Rec 0.9210
2026-09-01 18:05:45 | Epoch  29/100 | Train Loss 0.1703 Acc 0.9733 | Val Loss 0.4289 Acc 0.9211 AUC 0.9843 Pre 0.9212 Rec 0.9211
2026-09-01 18:05:45 | Val AUC did not improve for 10 consecutive epochs, early stopping at Epoch 29 (best AUC 0.9872 @ Epoch 19)
2026-09-01 18:05:51 | Run 4/5 | Test (best model @ Epoch 19) | Loss 0.3364 Acc 0.9267 AUC 0.9875 Pre 0.9270 Rec 0.9267
2026-09-01 18:05:51 | ===== Run 5/5 (seed 4) =====
2026-09-01 18:06:20 | Epoch   1/100 | Train Loss 3.5541 Acc 0.7043 | Val Loss 1.4902 Acc 0.8792 AUC 0.9675 Pre 0.8796 Rec 0.8792
2026-09-01 18:06:20 |   Val AUC improved to 0.9675, model saved
2026-09-01 18:06:49 | Epoch   2/100 | Train Loss 1.3868 Acc 0.8845 | Val Loss 1.1031 Acc 0.8944 AUC 0.9752 Pre 0.8951 Rec 0.8944
2026-09-01 18:06:49 |   Val AUC improved to 0.9752, model saved
2026-09-01 18:07:18 | Epoch   3/100 | Train Loss 0.9923 Acc 0.8954 | Val Loss 0.8055 Acc 0.9004 AUC 0.9774 Pre 0.8999 Rec 0.9004
2026-09-01 18:07:18 |   Val AUC improved to 0.9774, model saved
2026-09-01 18:07:46 | Epoch   4/100 | Train Loss 0.7493 Acc 0.9025 | Val Loss 0.6095 Acc 0.9067 AUC 0.9804 Pre 0.9073 Rec 0.9067
2026-09-01 18:07:46 |   Val AUC improved to 0.9804, model saved
2026-09-01 18:08:14 | Epoch   5/100 | Train Loss 0.6064 Acc 0.9051 | Val Loss 0.4963 Acc 0.9096 AUC 0.9821 Pre 0.9103 Rec 0.9096
2026-09-01 18:08:14 |   Val AUC improved to 0.9821, model saved
2026-09-01 18:08:43 | Epoch   6/100 | Train Loss 0.5229 Acc 0.9070 | Val Loss 0.4444 Acc 0.9120 AUC 0.9831 Pre 0.9121 Rec 0.9120
2026-09-01 18:08:43 |   Val AUC improved to 0.9831, model saved
2026-09-01 18:09:11 | Epoch   7/100 | Train Loss 0.4727 Acc 0.9099 | Val Loss 0.3953 Acc 0.9152 AUC 0.9839 Pre 0.9161 Rec 0.9152
2026-09-01 18:09:11 |   Val AUC improved to 0.9839, model saved
2026-09-01 18:09:39 | Epoch   8/100 | Train Loss 0.4417 Acc 0.9125 | Val Loss 0.3814 Acc 0.9158 AUC 0.9844 Pre 0.9169 Rec 0.9158
2026-09-01 18:09:39 |   Val AUC improved to 0.9844, model saved
2026-09-01 18:10:07 | Epoch   9/100 | Train Loss 0.4221 Acc 0.9126 | Val Loss 0.3644 Acc 0.9165 AUC 0.9850 Pre 0.9177 Rec 0.9165
2026-09-01 18:10:07 |   Val AUC improved to 0.9850, model saved
2026-09-01 18:10:36 | Epoch  10/100 | Train Loss 0.4036 Acc 0.9168 | Val Loss 0.3510 Acc 0.9176 AUC 0.9861 Pre 0.9173 Rec 0.9176
2026-09-01 18:10:36 |   Val AUC improved to 0.9861, model saved
2026-09-01 18:11:04 | Epoch  11/100 | Train Loss 0.3855 Acc 0.9199 | Val Loss 0.3495 Acc 0.9192 AUC 0.9863 Pre 0.9211 Rec 0.9192
2026-09-01 18:11:04 |   Val AUC improved to 0.9863, model saved
2026-09-01 18:11:33 | Epoch  12/100 | Train Loss 0.3637 Acc 0.9240 | Val Loss 0.3557 Acc 0.9219 AUC 0.9863 Pre 0.9225 Rec 0.9219
2026-09-01 18:11:33 |   Val AUC improved to 0.9863, model saved
2026-09-01 18:12:00 | Epoch  13/100 | Train Loss 0.3497 Acc 0.9279 | Val Loss 0.3373 Acc 0.9225 AUC 0.9870 Pre 0.9236 Rec 0.9225
2026-09-01 18:12:00 |   Val AUC improved to 0.9870, model saved
2026-09-01 18:12:27 | Epoch  14/100 | Train Loss 0.3364 Acc 0.9313 | Val Loss 0.3426 Acc 0.9234 AUC 0.9866 Pre 0.9239 Rec 0.9234
2026-09-01 18:12:54 | Epoch  15/100 | Train Loss 0.3196 Acc 0.9359 | Val Loss 0.3511 Acc 0.9215 AUC 0.9864 Pre 0.9219 Rec 0.9215
2026-09-01 18:13:23 | Epoch  16/100 | Train Loss 0.3121 Acc 0.9379 | Val Loss 0.3359 Acc 0.9240 AUC 0.9865 Pre 0.9242 Rec 0.9240
2026-09-01 18:13:52 | Epoch  17/100 | Train Loss 0.2988 Acc 0.9418 | Val Loss 0.3610 Acc 0.9231 AUC 0.9855 Pre 0.9230 Rec 0.9231
2026-09-01 18:14:16 | Epoch  18/100 | Train Loss 0.2826 Acc 0.9460 | Val Loss 0.3512 Acc 0.9249 AUC 0.9859 Pre 0.9248 Rec 0.9249
2026-09-01 18:14:45 | Epoch  19/100 | Train Loss 0.2721 Acc 0.9494 | Val Loss 0.3592 Acc 0.9259 AUC 0.9857 Pre 0.9264 Rec 0.9259
2026-09-01 18:15:14 | Epoch  20/100 | Train Loss 0.2595 Acc 0.9526 | Val Loss 0.3630 Acc 0.9246 AUC 0.9858 Pre 0.9249 Rec 0.9246
2026-09-01 18:15:43 | Epoch  21/100 | Train Loss 0.2434 Acc 0.9563 | Val Loss 0.3760 Acc 0.9232 AUC 0.9846 Pre 0.9236 Rec 0.9232
2026-09-01 18:16:09 | Epoch  22/100 | Train Loss 0.2313 Acc 0.9591 | Val Loss 0.3873 Acc 0.9254 AUC 0.9845 Pre 0.9252 Rec 0.9254
2026-09-01 18:16:39 | Epoch  23/100 | Train Loss 0.2261 Acc 0.9607 | Val Loss 0.3775 Acc 0.9246 AUC 0.9847 Pre 0.9257 Rec 0.9246
2026-09-01 18:16:39 | Val AUC did not improve for 10 consecutive epochs, early stopping at Epoch 23 (best AUC 0.9870 @ Epoch 13)
2026-09-01 18:16:44 | Run 5/5 | Test (best model @ Epoch 13) | Loss 0.3293 Acc 0.9262 AUC 0.9877 Pre 0.9274 Rec 0.9262
2026-09-01 18:16:44 | Average over 5 runs | Test Loss 0.3264±0.0169 Acc 0.9250±0.0034 AUC 0.9876±0.0008 Pre 0.9259±0.0035 Rec 0.9250±0.0034
