2026-09-18 10:54:29 | Device: cuda
2026-09-18 10:54:29 | Args: {'model': 'opb-noorth', 'backbone': 'mlp', 'task': 'imagenet100', 'epochs': 100, 'batch_size': 512, 'lr': 0.001, 'hidden_dims': [512, 256], 'dropout': 0.2, 'z_dim': 256, 'anchor_scale': 1.0, 'energy_classifier': False, 'tied_head': False, 'max_len': 250, 'random_labels': False, 'beta': 0.1, 'patience': 10, 'runs': 5, 'seed': 0, 'data_dir': './data', 'save_path': 'output/imagenet100_mlp_opb-noorth/imagenet100_mlp_opb-noorth.pt', 'log_path': '/root/autodl-tmp/IB/output/ablation/imagenet100_mlp_opb-noorth_beta_0.1_anchor_1/train.log', 'no_save': True}
2026-09-18 10:54:29 | ImageNet-100 特征：使用 4×4 空间池化文件 ./data/imagenet100/imagenet100_resnet50_layer3_pool4_features.npz
2026-09-18 10:54:29 | ImageNet-100 预处理缓存：mmap 共享 ./data/imagenet100/preprocessed_pool4
2026-09-18 10:54:29 | ===== Run 1/5 (seed 0) =====
2026-09-18 10:54:38 | Epoch   1/100 | Train Loss 3.7787 Acc 0.3683 | Val Loss 2.2136 Acc 0.7812 AUC 0.9918 Pre 0.7869 Rec 0.7743
2026-09-18 10:54:38 |   Val AUC improved to 0.9918, model saved
2026-09-18 10:54:47 | Epoch   2/100 | Train Loss 2.4132 Acc 0.6671 | Val Loss 1.7058 Acc 0.8172 AUC 0.9946 Pre 0.8201 Rec 0.8127
2026-09-18 10:54:47 |   Val AUC improved to 0.9946, model saved
2026-09-18 10:54:55 | Epoch   3/100 | Train Loss 1.9266 Acc 0.7441 | Val Loss 1.4995 Acc 0.8267 AUC 0.9950 Pre 0.8296 Rec 0.8234
2026-09-18 10:54:55 |   Val AUC improved to 0.9950, model saved
2026-09-18 10:55:04 | Epoch   4/100 | Train Loss 1.6639 Acc 0.7820 | Val Loss 1.3651 Acc 0.8305 AUC 0.9952 Pre 0.8348 Rec 0.8269
2026-09-18 10:55:04 |   Val AUC improved to 0.9952, model saved
2026-09-18 10:55:11 | Epoch   5/100 | Train Loss 1.4836 Acc 0.8078 | Val Loss 1.2863 Acc 0.8335 AUC 0.9953 Pre 0.8359 Rec 0.8291
2026-09-18 10:55:11 |   Val AUC improved to 0.9953, model saved
2026-09-18 10:55:19 | Epoch   6/100 | Train Loss 1.3559 Acc 0.8252 | Val Loss 1.2262 Acc 0.8364 AUC 0.9951 Pre 0.8354 Rec 0.8315
2026-09-18 10:55:28 | Epoch   7/100 | Train Loss 1.2495 Acc 0.8414 | Val Loss 1.1710 Acc 0.8379 AUC 0.9951 Pre 0.8405 Rec 0.8338
2026-09-18 10:55:36 | Epoch   8/100 | Train Loss 1.1672 Acc 0.8521 | Val Loss 1.1336 Acc 0.8406 AUC 0.9948 Pre 0.8428 Rec 0.8368
2026-09-18 10:55:44 | Epoch   9/100 | Train Loss 1.1036 Acc 0.8590 | Val Loss 1.1076 Acc 0.8408 AUC 0.9949 Pre 0.8438 Rec 0.8370
2026-09-18 10:55:53 | Epoch  10/100 | Train Loss 1.0489 Acc 0.8667 | Val Loss 1.0991 Acc 0.8406 AUC 0.9943 Pre 0.8412 Rec 0.8362
2026-09-18 10:56:02 | Epoch  11/100 | Train Loss 0.9975 Acc 0.8736 | Val Loss 1.0705 Acc 0.8408 AUC 0.9946 Pre 0.8420 Rec 0.8367
2026-09-18 10:56:10 | Epoch  12/100 | Train Loss 0.9540 Acc 0.8784 | Val Loss 1.0558 Acc 0.8391 AUC 0.9946 Pre 0.8423 Rec 0.8358
2026-09-18 10:56:19 | Epoch  13/100 | Train Loss 0.9274 Acc 0.8821 | Val Loss 1.0517 Acc 0.8364 AUC 0.9940 Pre 0.8396 Rec 0.8331
2026-09-18 10:56:26 | Epoch  14/100 | Train Loss 0.9007 Acc 0.8851 | Val Loss 1.0276 Acc 0.8410 AUC 0.9942 Pre 0.8442 Rec 0.8381
2026-09-18 10:56:35 | Epoch  15/100 | Train Loss 0.8678 Acc 0.8891 | Val Loss 1.0491 Acc 0.8342 AUC 0.9938 Pre 0.8395 Rec 0.8303
2026-09-18 10:56:35 | Val AUC did not improve for 10 consecutive epochs, early stopping at Epoch 15 (best AUC 0.9953 @ Epoch 5)
2026-09-18 10:56:38 | Run 1/5 | Test (best model @ Epoch 5) | Loss 1.2870 Acc 0.8355 AUC 0.9951 Pre 0.8373 Rec 0.8311
2026-09-18 10:56:38 | ===== Run 2/5 (seed 1) =====
2026-09-18 10:56:46 | Epoch   1/100 | Train Loss 3.7894 Acc 0.3632 | Val Loss 2.2225 Acc 0.7772 AUC 0.9924 Pre 0.7841 Rec 0.7704
2026-09-18 10:56:47 |   Val AUC improved to 0.9924, model saved
2026-09-18 10:56:54 | Epoch   2/100 | Train Loss 2.4133 Acc 0.6649 | Val Loss 1.7064 Acc 0.8177 AUC 0.9946 Pre 0.8219 Rec 0.8119
2026-09-18 10:56:54 |   Val AUC improved to 0.9946, model saved
2026-09-18 10:57:03 | Epoch   3/100 | Train Loss 1.9373 Acc 0.7409 | Val Loss 1.4894 Acc 0.8306 AUC 0.9953 Pre 0.8330 Rec 0.8260
2026-09-18 10:57:03 |   Val AUC improved to 0.9953, model saved
2026-09-18 10:57:11 | Epoch   4/100 | Train Loss 1.6757 Acc 0.7798 | Val Loss 1.3533 Acc 0.8375 AUC 0.9952 Pre 0.8397 Rec 0.8338
2026-09-18 10:57:19 | Epoch   5/100 | Train Loss 1.4917 Acc 0.8071 | Val Loss 1.2745 Acc 0.8359 AUC 0.9951 Pre 0.8350 Rec 0.8316
2026-09-18 10:57:28 | Epoch   6/100 | Train Loss 1.3658 Acc 0.8237 | Val Loss 1.2101 Acc 0.8380 AUC 0.9954 Pre 0.8374 Rec 0.8348
2026-09-18 10:57:28 |   Val AUC improved to 0.9954, model saved
2026-09-18 10:57:37 | Epoch   7/100 | Train Loss 1.2644 Acc 0.8384 | Val Loss 1.1603 Acc 0.8393 AUC 0.9952 Pre 0.8402 Rec 0.8352
2026-09-18 10:57:45 | Epoch   8/100 | Train Loss 1.1733 Acc 0.8522 | Val Loss 1.1296 Acc 0.8389 AUC 0.9950 Pre 0.8395 Rec 0.8343
2026-09-18 10:57:55 | Epoch   9/100 | Train Loss 1.1183 Acc 0.8587 | Val Loss 1.1072 Acc 0.8401 AUC 0.9950 Pre 0.8394 Rec 0.8364
2026-09-18 10:58:03 | Epoch  10/100 | Train Loss 1.0542 Acc 0.8680 | Val Loss 1.0937 Acc 0.8356 AUC 0.9946 Pre 0.8373 Rec 0.8324
2026-09-18 10:58:12 | Epoch  11/100 | Train Loss 1.0123 Acc 0.8714 | Val Loss 1.0691 Acc 0.8381 AUC 0.9947 Pre 0.8409 Rec 0.8353
2026-09-18 10:58:21 | Epoch  12/100 | Train Loss 0.9644 Acc 0.8779 | Val Loss 1.0553 Acc 0.8400 AUC 0.9945 Pre 0.8431 Rec 0.8364
2026-09-18 10:58:31 | Epoch  13/100 | Train Loss 0.9320 Acc 0.8829 | Val Loss 1.0534 Acc 0.8398 AUC 0.9942 Pre 0.8424 Rec 0.8369
2026-09-18 10:58:39 | Epoch  14/100 | Train Loss 0.8941 Acc 0.8890 | Val Loss 1.0387 Acc 0.8383 AUC 0.9943 Pre 0.8410 Rec 0.8356
2026-09-18 10:58:47 | Epoch  15/100 | Train Loss 0.8650 Acc 0.8911 | Val Loss 1.0377 Acc 0.8361 AUC 0.9942 Pre 0.8416 Rec 0.8326
2026-09-18 10:58:56 | Epoch  16/100 | Train Loss 0.8541 Acc 0.8929 | Val Loss 1.0268 Acc 0.8355 AUC 0.9940 Pre 0.8412 Rec 0.8316
2026-09-18 10:58:56 | Val AUC did not improve for 10 consecutive epochs, early stopping at Epoch 16 (best AUC 0.9954 @ Epoch 6)
2026-09-18 10:58:58 | Run 2/5 | Test (best model @ Epoch 6) | Loss 1.2032 Acc 0.8419 AUC 0.9953 Pre 0.8409 Rec 0.8390
2026-09-18 10:58:58 | ===== Run 3/5 (seed 2) =====
2026-09-18 10:59:06 | Epoch   1/100 | Train Loss 3.7666 Acc 0.3674 | Val Loss 2.2051 Acc 0.7773 AUC 0.9920 Pre 0.7757 Rec 0.7692
2026-09-18 10:59:06 |   Val AUC improved to 0.9920, model saved
2026-09-18 10:59:15 | Epoch   2/100 | Train Loss 2.4242 Acc 0.6579 | Val Loss 1.7181 Acc 0.8104 AUC 0.9945 Pre 0.8073 Rec 0.8029
2026-09-18 10:59:15 |   Val AUC improved to 0.9945, model saved
2026-09-18 10:59:23 | Epoch   3/100 | Train Loss 1.9408 Acc 0.7340 | Val Loss 1.5012 Acc 0.8243 AUC 0.9953 Pre 0.8250 Rec 0.8185
2026-09-18 10:59:23 |   Val AUC improved to 0.9953, model saved
2026-09-18 10:59:32 | Epoch   4/100 | Train Loss 1.6773 Acc 0.7741 | Val Loss 1.3597 Acc 0.8334 AUC 0.9953 Pre 0.8347 Rec 0.8285
2026-09-18 10:59:32 |   Val AUC improved to 0.9953, model saved
2026-09-18 10:59:39 | Epoch   5/100 | Train Loss 1.5017 Acc 0.8004 | Val Loss 1.2775 Acc 0.8374 AUC 0.9955 Pre 0.8372 Rec 0.8330
2026-09-18 10:59:39 |   Val AUC improved to 0.9955, model saved
2026-09-18 10:59:48 | Epoch   6/100 | Train Loss 1.3768 Acc 0.8180 | Val Loss 1.2406 Acc 0.8340 AUC 0.9949 Pre 0.8346 Rec 0.8301
2026-09-18 10:59:56 | Epoch   7/100 | Train Loss 1.2677 Acc 0.8332 | Val Loss 1.1795 Acc 0.8336 AUC 0.9948 Pre 0.8352 Rec 0.8304
2026-09-18 11:00:03 | Epoch   8/100 | Train Loss 1.1885 Acc 0.8445 | Val Loss 1.1497 Acc 0.8378 AUC 0.9947 Pre 0.8391 Rec 0.8334
2026-09-18 11:00:11 | Epoch   9/100 | Train Loss 1.1164 Acc 0.8538 | Val Loss 1.1180 Acc 0.8371 AUC 0.9949 Pre 0.8380 Rec 0.8327
2026-09-18 11:00:19 | Epoch  10/100 | Train Loss 1.0689 Acc 0.8602 | Val Loss 1.0914 Acc 0.8363 AUC 0.9946 Pre 0.8357 Rec 0.8316
2026-09-18 11:00:27 | Epoch  11/100 | Train Loss 1.0233 Acc 0.8662 | Val Loss 1.0814 Acc 0.8373 AUC 0.9944 Pre 0.8388 Rec 0.8330
2026-09-18 11:00:35 | Epoch  12/100 | Train Loss 0.9753 Acc 0.8737 | Val Loss 1.0546 Acc 0.8394 AUC 0.9943 Pre 0.8405 Rec 0.8352
2026-09-18 11:00:43 | Epoch  13/100 | Train Loss 0.9416 Acc 0.8788 | Val Loss 1.0435 Acc 0.8376 AUC 0.9944 Pre 0.8390 Rec 0.8335
2026-09-18 11:00:51 | Epoch  14/100 | Train Loss 0.8965 Acc 0.8856 | Val Loss 1.0463 Acc 0.8367 AUC 0.9942 Pre 0.8393 Rec 0.8335
2026-09-18 11:00:58 | Epoch  15/100 | Train Loss 0.8789 Acc 0.8872 | Val Loss 1.0347 Acc 0.8374 AUC 0.9937 Pre 0.8416 Rec 0.8339
2026-09-18 11:00:58 | Val AUC did not improve for 10 consecutive epochs, early stopping at Epoch 15 (best AUC 0.9955 @ Epoch 5)
2026-09-18 11:01:00 | Run 3/5 | Test (best model @ Epoch 5) | Loss 1.2830 Acc 0.8346 AUC 0.9954 Pre 0.8338 Rec 0.8299
2026-09-18 11:01:00 | ===== Run 4/5 (seed 3) =====
2026-09-18 11:01:08 | Epoch   1/100 | Train Loss 3.7660 Acc 0.3687 | Val Loss 2.1867 Acc 0.7780 AUC 0.9926 Pre 0.7844 Rec 0.7708
2026-09-18 11:01:08 |   Val AUC improved to 0.9926, model saved
2026-09-18 11:01:16 | Epoch   2/100 | Train Loss 2.4181 Acc 0.6666 | Val Loss 1.6922 Acc 0.8214 AUC 0.9947 Pre 0.8240 Rec 0.8159
2026-09-18 11:01:16 |   Val AUC improved to 0.9947, model saved
2026-09-18 11:01:24 | Epoch   3/100 | Train Loss 1.9342 Acc 0.7428 | Val Loss 1.4878 Acc 0.8272 AUC 0.9951 Pre 0.8326 Rec 0.8227
2026-09-18 11:01:24 |   Val AUC improved to 0.9951, model saved
2026-09-18 11:01:31 | Epoch   4/100 | Train Loss 1.6666 Acc 0.7824 | Val Loss 1.3464 Acc 0.8353 AUC 0.9955 Pre 0.8341 Rec 0.8305
2026-09-18 11:01:31 |   Val AUC improved to 0.9955, model saved
2026-09-18 11:01:39 | Epoch   5/100 | Train Loss 1.4863 Acc 0.8087 | Val Loss 1.2634 Acc 0.8364 AUC 0.9953 Pre 0.8356 Rec 0.8322
2026-09-18 11:01:47 | Epoch   6/100 | Train Loss 1.3478 Acc 0.8292 | Val Loss 1.2101 Acc 0.8381 AUC 0.9954 Pre 0.8372 Rec 0.8334
2026-09-18 11:01:54 | Epoch   7/100 | Train Loss 1.2475 Acc 0.8433 | Val Loss 1.1586 Acc 0.8400 AUC 0.9953 Pre 0.8420 Rec 0.8362
2026-09-18 11:02:03 | Epoch   8/100 | Train Loss 1.1712 Acc 0.8539 | Val Loss 1.1322 Acc 0.8398 AUC 0.9950 Pre 0.8422 Rec 0.8355
2026-09-18 11:02:11 | Epoch   9/100 | Train Loss 1.0980 Acc 0.8631 | Val Loss 1.1131 Acc 0.8392 AUC 0.9950 Pre 0.8410 Rec 0.8351
2026-09-18 11:02:19 | Epoch  10/100 | Train Loss 1.0458 Acc 0.8690 | Val Loss 1.0785 Acc 0.8380 AUC 0.9947 Pre 0.8403 Rec 0.8340
2026-09-18 11:02:27 | Epoch  11/100 | Train Loss 0.9952 Acc 0.8758 | Val Loss 1.0809 Acc 0.8352 AUC 0.9943 Pre 0.8384 Rec 0.8315
2026-09-18 11:02:35 | Epoch  12/100 | Train Loss 0.9592 Acc 0.8824 | Val Loss 1.0513 Acc 0.8388 AUC 0.9946 Pre 0.8409 Rec 0.8350
2026-09-18 11:02:43 | Epoch  13/100 | Train Loss 0.9252 Acc 0.8844 | Val Loss 1.0541 Acc 0.8373 AUC 0.9943 Pre 0.8403 Rec 0.8336
2026-09-18 11:02:51 | Epoch  14/100 | Train Loss 0.8844 Acc 0.8901 | Val Loss 1.0397 Acc 0.8359 AUC 0.9942 Pre 0.8383 Rec 0.8322
2026-09-18 11:02:51 | Val AUC did not improve for 10 consecutive epochs, early stopping at Epoch 14 (best AUC 0.9955 @ Epoch 4)
2026-09-18 11:02:53 | Run 4/5 | Test (best model @ Epoch 4) | Loss 1.3516 Acc 0.8354 AUC 0.9953 Pre 0.8381 Rec 0.8310
2026-09-18 11:02:53 | ===== Run 5/5 (seed 4) =====
2026-09-18 11:03:01 | Epoch   1/100 | Train Loss 3.7734 Acc 0.3683 | Val Loss 2.2055 Acc 0.7742 AUC 0.9918 Pre 0.7769 Rec 0.7655
2026-09-18 11:03:01 |   Val AUC improved to 0.9918, model saved
2026-09-18 11:03:09 | Epoch   2/100 | Train Loss 2.4195 Acc 0.6636 | Val Loss 1.7186 Acc 0.8162 AUC 0.9945 Pre 0.8261 Rec 0.8088
2026-09-18 11:03:09 |   Val AUC improved to 0.9945, model saved
2026-09-18 11:03:16 | Epoch   3/100 | Train Loss 1.9315 Acc 0.7427 | Val Loss 1.4866 Acc 0.8278 AUC 0.9952 Pre 0.8320 Rec 0.8217
2026-09-18 11:03:16 |   Val AUC improved to 0.9952, model saved
2026-09-18 11:03:24 | Epoch   4/100 | Train Loss 1.6642 Acc 0.7817 | Val Loss 1.3562 Acc 0.8368 AUC 0.9953 Pre 0.8394 Rec 0.8318
2026-09-18 11:03:24 |   Val AUC improved to 0.9953, model saved
2026-09-18 11:03:32 | Epoch   5/100 | Train Loss 1.4869 Acc 0.8090 | Val Loss 1.2783 Acc 0.8349 AUC 0.9952 Pre 0.8364 Rec 0.8298
2026-09-18 11:03:40 | Epoch   6/100 | Train Loss 1.3512 Acc 0.8289 | Val Loss 1.2324 Acc 0.8361 AUC 0.9948 Pre 0.8385 Rec 0.8308
2026-09-18 11:03:48 | Epoch   7/100 | Train Loss 1.2482 Acc 0.8414 | Val Loss 1.1613 Acc 0.8392 AUC 0.9952 Pre 0.8373 Rec 0.8343
2026-09-18 11:03:56 | Epoch   8/100 | Train Loss 1.1690 Acc 0.8524 | Val Loss 1.1428 Acc 0.8368 AUC 0.9948 Pre 0.8342 Rec 0.8322
2026-09-18 11:04:04 | Epoch   9/100 | Train Loss 1.1057 Acc 0.8604 | Val Loss 1.1209 Acc 0.8361 AUC 0.9945 Pre 0.8368 Rec 0.8307
2026-09-18 11:04:13 | Epoch  10/100 | Train Loss 1.0417 Acc 0.8702 | Val Loss 1.1018 Acc 0.8388 AUC 0.9943 Pre 0.8382 Rec 0.8344
2026-09-18 11:04:21 | Epoch  11/100 | Train Loss 1.0053 Acc 0.8735 | Val Loss 1.0758 Acc 0.8394 AUC 0.9944 Pre 0.8399 Rec 0.8350
2026-09-18 11:04:30 | Epoch  12/100 | Train Loss 0.9594 Acc 0.8807 | Val Loss 1.0650 Acc 0.8411 AUC 0.9943 Pre 0.8409 Rec 0.8372
2026-09-18 11:04:38 | Epoch  13/100 | Train Loss 0.9207 Acc 0.8847 | Val Loss 1.0496 Acc 0.8396 AUC 0.9939 Pre 0.8405 Rec 0.8352
2026-09-18 11:04:46 | Epoch  14/100 | Train Loss 0.8946 Acc 0.8885 | Val Loss 1.0578 Acc 0.8386 AUC 0.9938 Pre 0.8412 Rec 0.8350
2026-09-18 11:04:46 | Val AUC did not improve for 10 consecutive epochs, early stopping at Epoch 14 (best AUC 0.9953 @ Epoch 4)
2026-09-18 11:04:48 | Run 5/5 | Test (best model @ Epoch 4) | Loss 1.3576 Acc 0.8347 AUC 0.9951 Pre 0.8332 Rec 0.8299
2026-09-18 11:04:48 | Average over 5 runs | Test Loss 1.2965±0.0627 Acc 0.8364±0.0031 AUC 0.9952±0.0001 Pre 0.8367±0.0032 Rec 0.8322±0.0038
