2026-09-02 07:02:36 | Device: cuda
2026-09-02 07:02:36 | Args: {'model': 'opb', 'backbone': 'cnn', 'task': 'agedb', 'epochs': 100, 'batch_size': 512, 'lr': 0.001, 'hidden_dims': [512, 256], 'dropout': 0.2, 'z_dim': 256, 'anchor_scale': 8.0, 'energy_classifier': False, 'tied_head': True, 'max_len': 250, 'random_labels': False, 'beta': 10.0, 'patience': 10, 'runs': 5, 'seed': 0, 'data_dir': './data', 'save_path': 'output/agedb_cnn_opb/agedb_cnn_opb.pt', 'log_path': '/root/autodl-tmp/IB/tune_results/agedb_cnn_opb_beta_10_anchor_8/train.log', 'no_save': True}
2026-09-02 07:02:36 | AgeDB 图像：16488 张，年龄 1~101 岁
2026-09-02 07:02:36 | AgeDB 划分（60/20/20）：train 9892 / val 3298 / test 3298（共 16488 张）
2026-09-02 07:02:36 | AgeDB 预解码缓存命中：./data/agedb/agedb_64x64_uint8.npy
2026-09-02 07:02:36 | AgeDB 加载完成：9892/3298/3298（batch 512，RGB 64x64，ImageNet 归一化），年龄 MinMax 归一化到 [0,1]（1~101 岁）
2026-09-02 07:02:36 | ===== Run 1/5 (seed 0) =====
2026-09-02 07:02:40 | Epoch   1/100 | Train Loss 109.9598 | Val Loss 71.0457 MAE 44.0756 R2 -6.5919
2026-09-02 07:02:40 |   Val R2 improved to -6.5919, model saved
2026-09-02 07:02:41 | Epoch   2/100 | Train Loss 66.5174 | Val Loss 60.3197 MAE 40.2373 R2 -5.4839
2026-09-02 07:02:41 |   Val R2 improved to -5.4839, model saved
2026-09-02 07:02:43 | Epoch   3/100 | Train Loss 48.5530 | Val Loss 15.9533 MAE 17.8095 R2 -0.7184
2026-09-02 07:02:43 |   Val R2 improved to -0.7184, model saved
2026-09-02 07:02:45 | Epoch   4/100 | Train Loss 18.6064 | Val Loss 8.3685 MAE 13.1227 R2 0.0712
2026-09-02 07:02:45 |   Val R2 improved to 0.0712, model saved
2026-09-02 07:02:46 | Epoch   5/100 | Train Loss 12.6123 | Val Loss 7.3778 MAE 12.4152 R2 0.1673
2026-09-02 07:02:46 |   Val R2 improved to 0.1673, model saved
2026-09-02 07:02:48 | Epoch   6/100 | Train Loss 10.4211 | Val Loss 6.5494 MAE 11.7124 R2 0.2621
2026-09-02 07:02:48 |   Val R2 improved to 0.2621, model saved
2026-09-02 07:02:50 | Epoch   7/100 | Train Loss 9.3611 | Val Loss 6.3093 MAE 11.4419 R2 0.2795
2026-09-02 07:02:50 |   Val R2 improved to 0.2795, model saved
2026-09-02 07:02:52 | Epoch   8/100 | Train Loss 8.7363 | Val Loss 5.8053 MAE 11.0328 R2 0.3346
2026-09-02 07:02:52 |   Val R2 improved to 0.3346, model saved
2026-09-02 07:02:53 | Epoch   9/100 | Train Loss 8.2444 | Val Loss 5.7618 MAE 11.0079 R2 0.3330
2026-09-02 07:02:55 | Epoch  10/100 | Train Loss 7.8891 | Val Loss 5.3802 MAE 10.7093 R2 0.3737
2026-09-02 07:02:55 |   Val R2 improved to 0.3737, model saved
2026-09-02 07:02:56 | Epoch  11/100 | Train Loss 7.3801 | Val Loss 5.2754 MAE 10.6534 R2 0.3791
2026-09-02 07:02:56 |   Val R2 improved to 0.3791, model saved
2026-09-02 07:02:58 | Epoch  12/100 | Train Loss 7.2544 | Val Loss 5.2982 MAE 10.7139 R2 0.3716
2026-09-02 07:03:00 | Epoch  13/100 | Train Loss 6.9924 | Val Loss 5.2001 MAE 10.5846 R2 0.3801
2026-09-02 07:03:00 |   Val R2 improved to 0.3801, model saved
2026-09-02 07:03:02 | Epoch  14/100 | Train Loss 6.6730 | Val Loss 4.9931 MAE 10.3891 R2 0.4039
2026-09-02 07:03:02 |   Val R2 improved to 0.4039, model saved
2026-09-02 07:03:03 | Epoch  15/100 | Train Loss 6.5623 | Val Loss 5.1811 MAE 10.5742 R2 0.3756
2026-09-02 07:03:05 | Epoch  16/100 | Train Loss 6.2081 | Val Loss 4.9348 MAE 10.4202 R2 0.4088
2026-09-02 07:03:05 |   Val R2 improved to 0.4088, model saved
2026-09-02 07:03:07 | Epoch  17/100 | Train Loss 6.3455 | Val Loss 5.2321 MAE 10.7411 R2 0.3606
2026-09-02 07:03:08 | Epoch  18/100 | Train Loss 6.0056 | Val Loss 4.6624 MAE 10.1922 R2 0.4322
2026-09-02 07:03:08 |   Val R2 improved to 0.4322, model saved
2026-09-02 07:03:10 | Epoch  19/100 | Train Loss 5.6997 | Val Loss 4.6949 MAE 10.2686 R2 0.4213
2026-09-02 07:03:12 | Epoch  20/100 | Train Loss 5.6865 | Val Loss 4.7912 MAE 10.3580 R2 0.4038
2026-09-02 07:03:13 | Epoch  21/100 | Train Loss 5.3881 | Val Loss 4.5761 MAE 10.1844 R2 0.4288
2026-09-02 07:03:15 | Epoch  22/100 | Train Loss 5.3325 | Val Loss 4.5574 MAE 10.2805 R2 0.4278
2026-09-02 07:03:17 | Epoch  23/100 | Train Loss 5.2260 | Val Loss 4.5223 MAE 10.2324 R2 0.4233
2026-09-02 07:03:18 | Epoch  24/100 | Train Loss 4.9379 | Val Loss 4.3731 MAE 10.1690 R2 0.4382
2026-09-02 07:03:18 |   Val R2 improved to 0.4382, model saved
2026-09-02 07:03:20 | Epoch  25/100 | Train Loss 4.6765 | Val Loss 4.3546 MAE 10.1924 R2 0.4343
2026-09-02 07:03:22 | Epoch  26/100 | Train Loss 4.4882 | Val Loss 4.2696 MAE 10.1541 R2 0.4412
2026-09-02 07:03:22 |   Val R2 improved to 0.4412, model saved
2026-09-02 07:03:23 | Epoch  27/100 | Train Loss 4.2304 | Val Loss 4.3215 MAE 10.2163 R2 0.4292
2026-09-02 07:03:25 | Epoch  28/100 | Train Loss 4.0773 | Val Loss 4.2281 MAE 10.2272 R2 0.4345
2026-09-02 07:03:27 | Epoch  29/100 | Train Loss 4.0463 | Val Loss 4.5092 MAE 10.5799 R2 0.3860
2026-09-02 07:03:28 | Epoch  30/100 | Train Loss 3.7248 | Val Loss 4.1852 MAE 10.2092 R2 0.4287
2026-09-02 07:03:30 | Epoch  31/100 | Train Loss 3.7038 | Val Loss 4.1160 MAE 10.2885 R2 0.4313
2026-09-02 07:03:32 | Epoch  32/100 | Train Loss 3.5160 | Val Loss 4.0669 MAE 10.2232 R2 0.4321
2026-09-02 07:03:33 | Epoch  33/100 | Train Loss 3.4108 | Val Loss 4.1009 MAE 10.3338 R2 0.4147
2026-09-02 07:03:35 | Epoch  34/100 | Train Loss 3.2036 | Val Loss 4.1067 MAE 10.3897 R2 0.4049
2026-09-02 07:03:37 | Epoch  35/100 | Train Loss 3.0081 | Val Loss 3.9395 MAE 10.2814 R2 0.4247
2026-09-02 07:03:38 | Epoch  36/100 | Train Loss 2.9075 | Val Loss 4.2491 MAE 10.6296 R2 0.3719
2026-09-02 07:03:38 | Val R2 did not improve for 10 consecutive epochs, early stopping at Epoch 36 (best R2 0.4412 @ Epoch 26)
2026-09-02 07:03:39 | Run 1/5 | Test (best model @ Epoch 26) | Loss 4.3496 MAE 10.2605 R2 0.4513
2026-09-02 07:03:39 | ===== Run 2/5 (seed 1) =====
2026-09-02 07:03:40 | Epoch   1/100 | Train Loss 149.7054 | Val Loss 73.3309 MAE 44.7739 R2 -6.8027
2026-09-02 07:03:40 |   Val R2 improved to -6.8027, model saved
2026-09-02 07:03:42 | Epoch   2/100 | Train Loss 68.5847 | Val Loss 62.1311 MAE 40.9320 R2 -5.6737
2026-09-02 07:03:42 |   Val R2 improved to -5.6737, model saved
2026-09-02 07:03:44 | Epoch   3/100 | Train Loss 49.5957 | Val Loss 21.0397 MAE 20.4444 R2 -1.2068
2026-09-02 07:03:44 |   Val R2 improved to -1.2068, model saved
2026-09-02 07:03:45 | Epoch   4/100 | Train Loss 21.7430 | Val Loss 10.8473 MAE 14.8281 R2 -0.1952
2026-09-02 07:03:45 |   Val R2 improved to -0.1952, model saved
2026-09-02 07:03:47 | Epoch   5/100 | Train Loss 16.8931 | Val Loss 8.7768 MAE 13.6478 R2 -0.0030
2026-09-02 07:03:47 |   Val R2 improved to -0.0030, model saved
2026-09-02 07:03:49 | Epoch   6/100 | Train Loss 14.5261 | Val Loss 8.1215 MAE 13.1466 R2 0.0654
2026-09-02 07:03:49 |   Val R2 improved to 0.0654, model saved
2026-09-02 07:03:50 | Epoch   7/100 | Train Loss 13.3391 | Val Loss 8.0316 MAE 13.0324 R2 0.0746
2026-09-02 07:03:50 |   Val R2 improved to 0.0746, model saved
2026-09-02 07:03:52 | Epoch   8/100 | Train Loss 12.7831 | Val Loss 7.4676 MAE 12.6189 R2 0.1346
2026-09-02 07:03:52 |   Val R2 improved to 0.1346, model saved
2026-09-02 07:03:54 | Epoch   9/100 | Train Loss 12.1412 | Val Loss 7.3218 MAE 12.4806 R2 0.1474
2026-09-02 07:03:54 |   Val R2 improved to 0.1474, model saved
2026-09-02 07:03:56 | Epoch  10/100 | Train Loss 11.8984 | Val Loss 6.8905 MAE 12.1084 R2 0.1988
2026-09-02 07:03:56 |   Val R2 improved to 0.1988, model saved
2026-09-02 07:03:57 | Epoch  11/100 | Train Loss 11.3148 | Val Loss 6.7179 MAE 11.9433 R2 0.2178
2026-09-02 07:03:57 |   Val R2 improved to 0.2178, model saved
2026-09-02 07:03:59 | Epoch  12/100 | Train Loss 11.2706 | Val Loss 6.6637 MAE 11.9001 R2 0.2232
2026-09-02 07:03:59 |   Val R2 improved to 0.2232, model saved
2026-09-02 07:04:01 | Epoch  13/100 | Train Loss 10.6111 | Val Loss 6.4226 MAE 11.7266 R2 0.2462
2026-09-02 07:04:01 |   Val R2 improved to 0.2462, model saved
2026-09-02 07:04:02 | Epoch  14/100 | Train Loss 10.3711 | Val Loss 6.2033 MAE 11.5699 R2 0.2703
2026-09-02 07:04:02 |   Val R2 improved to 0.2703, model saved
2026-09-02 07:04:04 | Epoch  15/100 | Train Loss 10.0125 | Val Loss 6.3524 MAE 11.6976 R2 0.2484
2026-09-02 07:04:06 | Epoch  16/100 | Train Loss 9.8112 | Val Loss 6.1305 MAE 11.5348 R2 0.2712
2026-09-02 07:04:06 |   Val R2 improved to 0.2712, model saved
2026-09-02 07:04:07 | Epoch  17/100 | Train Loss 9.3340 | Val Loss 5.5830 MAE 11.1011 R2 0.3392
2026-09-02 07:04:07 |   Val R2 improved to 0.3392, model saved
2026-09-02 07:04:09 | Epoch  18/100 | Train Loss 9.0210 | Val Loss 5.5595 MAE 11.1288 R2 0.3320
2026-09-02 07:04:11 | Epoch  19/100 | Train Loss 8.6124 | Val Loss 5.4113 MAE 11.0696 R2 0.3407
2026-09-02 07:04:11 |   Val R2 improved to 0.3407, model saved
2026-09-02 07:04:12 | Epoch  20/100 | Train Loss 8.4999 | Val Loss 5.7143 MAE 11.3414 R2 0.2965
2026-09-02 07:04:14 | Epoch  21/100 | Train Loss 8.1914 | Val Loss 5.7653 MAE 11.4693 R2 0.2780
2026-09-02 07:04:16 | Epoch  22/100 | Train Loss 7.7179 | Val Loss 5.1962 MAE 11.0059 R2 0.3425
2026-09-02 07:04:16 |   Val R2 improved to 0.3425, model saved
2026-09-02 07:04:17 | Epoch  23/100 | Train Loss 7.3470 | Val Loss 5.1679 MAE 11.0625 R2 0.3345
2026-09-02 07:04:19 | Epoch  24/100 | Train Loss 6.9977 | Val Loss 4.8119 MAE 10.7955 R2 0.3679
2026-09-02 07:04:19 |   Val R2 improved to 0.3679, model saved
2026-09-02 07:04:21 | Epoch  25/100 | Train Loss 6.7451 | Val Loss 4.5659 MAE 10.6762 R2 0.3883
2026-09-02 07:04:21 |   Val R2 improved to 0.3883, model saved
2026-09-02 07:04:22 | Epoch  26/100 | Train Loss 6.4476 | Val Loss 4.4912 MAE 10.6643 R2 0.3893
2026-09-02 07:04:22 |   Val R2 improved to 0.3893, model saved
2026-09-02 07:04:24 | Epoch  27/100 | Train Loss 6.1898 | Val Loss 4.4044 MAE 10.6784 R2 0.3850
2026-09-02 07:04:25 | Epoch  28/100 | Train Loss 6.0094 | Val Loss 4.3276 MAE 10.6832 R2 0.3834
2026-09-02 07:04:27 | Epoch  29/100 | Train Loss 5.6309 | Val Loss 4.2563 MAE 10.7269 R2 0.3800
2026-09-02 07:04:29 | Epoch  30/100 | Train Loss 5.3721 | Val Loss 4.1976 MAE 10.7416 R2 0.3774
2026-09-02 07:04:31 | Epoch  31/100 | Train Loss 5.2110 | Val Loss 4.2693 MAE 10.9214 R2 0.3522
2026-09-02 07:04:32 | Epoch  32/100 | Train Loss 5.0198 | Val Loss 3.9465 MAE 10.6701 R2 0.3885
2026-09-02 07:04:34 | Epoch  33/100 | Train Loss 4.7087 | Val Loss 3.7798 MAE 10.5771 R2 0.4018
2026-09-02 07:04:34 |   Val R2 improved to 0.4018, model saved
2026-09-02 07:04:36 | Epoch  34/100 | Train Loss 4.6049 | Val Loss 3.7589 MAE 10.6451 R2 0.3926
2026-09-02 07:04:37 | Epoch  35/100 | Train Loss 4.4075 | Val Loss 3.7643 MAE 10.7047 R2 0.3801
2026-09-02 07:04:39 | Epoch  36/100 | Train Loss 4.3322 | Val Loss 3.4948 MAE 10.4688 R2 0.4130
2026-09-02 07:04:39 |   Val R2 improved to 0.4130, model saved
2026-09-02 07:04:41 | Epoch  37/100 | Train Loss 4.0774 | Val Loss 3.4112 MAE 10.4663 R2 0.4186
2026-09-02 07:04:41 |   Val R2 improved to 0.4186, model saved
2026-09-02 07:04:42 | Epoch  38/100 | Train Loss 3.7758 | Val Loss 3.8213 MAE 11.0635 R2 0.3311
2026-09-02 07:04:44 | Epoch  39/100 | Train Loss 3.8566 | Val Loss 3.2924 MAE 10.4952 R2 0.4110
2026-09-02 07:04:46 | Epoch  40/100 | Train Loss 3.6065 | Val Loss 3.2457 MAE 10.4749 R2 0.4100
2026-09-02 07:04:47 | Epoch  41/100 | Train Loss 3.4099 | Val Loss 3.1988 MAE 10.4803 R2 0.4073
2026-09-02 07:04:49 | Epoch  42/100 | Train Loss 3.3732 | Val Loss 3.2617 MAE 10.7011 R2 0.3796
2026-09-02 07:04:51 | Epoch  43/100 | Train Loss 3.2617 | Val Loss 3.0398 MAE 10.4686 R2 0.4214
2026-09-02 07:04:51 |   Val R2 improved to 0.4214, model saved
2026-09-02 07:04:52 | Epoch  44/100 | Train Loss 3.1148 | Val Loss 3.0692 MAE 10.5714 R2 0.3946
2026-09-02 07:04:54 | Epoch  45/100 | Train Loss 2.9337 | Val Loss 2.8948 MAE 10.3913 R2 0.4226
2026-09-02 07:04:54 |   Val R2 improved to 0.4226, model saved
2026-09-02 07:04:56 | Epoch  46/100 | Train Loss 2.9123 | Val Loss 2.8767 MAE 10.4588 R2 0.4097
2026-09-02 07:04:57 | Epoch  47/100 | Train Loss 2.8442 | Val Loss 2.8433 MAE 10.5152 R2 0.4024
2026-09-02 07:04:59 | Epoch  48/100 | Train Loss 2.7182 | Val Loss 2.7775 MAE 10.4769 R2 0.4061
2026-09-02 07:05:01 | Epoch  49/100 | Train Loss 2.6295 | Val Loss 2.7281 MAE 10.4961 R2 0.4063
2026-09-02 07:05:02 | Epoch  50/100 | Train Loss 2.5659 | Val Loss 2.6542 MAE 10.4530 R2 0.4138
2026-09-02 07:05:04 | Epoch  51/100 | Train Loss 2.4650 | Val Loss 2.5932 MAE 10.4242 R2 0.4174
2026-09-02 07:05:06 | Epoch  52/100 | Train Loss 2.3691 | Val Loss 2.6576 MAE 10.6551 R2 0.3846
2026-09-02 07:05:07 | Epoch  53/100 | Train Loss 2.3084 | Val Loss 2.5206 MAE 10.4336 R2 0.4130
2026-09-02 07:05:09 | Epoch  54/100 | Train Loss 2.2719 | Val Loss 2.5792 MAE 10.6752 R2 0.3789
2026-09-02 07:05:10 | Epoch  55/100 | Train Loss 2.2064 | Val Loss 2.4672 MAE 10.4909 R2 0.4004
2026-09-02 07:05:10 | Val R2 did not improve for 10 consecutive epochs, early stopping at Epoch 55 (best R2 0.4226 @ Epoch 45)
2026-09-02 07:05:11 | Run 2/5 | Test (best model @ Epoch 45) | Loss 2.9814 MAE 10.5532 R2 0.4287
2026-09-02 07:05:11 | ===== Run 3/5 (seed 2) =====
2026-09-02 07:05:13 | Epoch   1/100 | Train Loss 110.1447 | Val Loss 73.3628 MAE 44.9384 R2 -6.8563
2026-09-02 07:05:13 |   Val R2 improved to -6.8563, model saved
2026-09-02 07:05:14 | Epoch   2/100 | Train Loss 69.9871 | Val Loss 68.1238 MAE 43.8514 R2 -6.5286
2026-09-02 07:05:14 |   Val R2 improved to -6.5286, model saved
2026-09-02 07:05:16 | Epoch   3/100 | Train Loss 64.5529 | Val Loss 62.1544 MAE 42.0300 R2 -5.9976
2026-09-02 07:05:16 |   Val R2 improved to -5.9976, model saved
2026-09-02 07:05:18 | Epoch   4/100 | Train Loss 58.1113 | Val Loss 54.9296 MAE 39.1571 R2 -5.2047
2026-09-02 07:05:18 |   Val R2 improved to -5.2047, model saved
2026-09-02 07:05:19 | Epoch   5/100 | Train Loss 50.5503 | Val Loss 46.9045 MAE 35.4272 R2 -4.2563
2026-09-02 07:05:19 |   Val R2 improved to -4.2563, model saved
2026-09-02 07:05:21 | Epoch   6/100 | Train Loss 42.6671 | Val Loss 39.1195 MAE 31.3815 R2 -3.3296
2026-09-02 07:05:21 |   Val R2 improved to -3.3296, model saved
2026-09-02 07:05:23 | Epoch   7/100 | Train Loss 35.4217 | Val Loss 32.3242 MAE 27.5026 R2 -2.5293
2026-09-02 07:05:23 |   Val R2 improved to -2.5293, model saved
2026-09-02 07:05:24 | Epoch   8/100 | Train Loss 29.3494 | Val Loss 26.8352 MAE 24.1388 R2 -1.8911
2026-09-02 07:05:24 |   Val R2 improved to -1.8911, model saved
2026-09-02 07:05:26 | Epoch   9/100 | Train Loss 24.5412 | Val Loss 22.5711 MAE 21.4169 R2 -1.4018
2026-09-02 07:05:26 |   Val R2 improved to -1.4018, model saved
2026-09-02 07:05:28 | Epoch  10/100 | Train Loss 20.8348 | Val Loss 19.2869 MAE 19.2958 R2 -1.0308
2026-09-02 07:05:28 |   Val R2 improved to -1.0308, model saved
2026-09-02 07:05:29 | Epoch  11/100 | Train Loss 18.0144 | Val Loss 16.7835 MAE 17.7228 R2 -0.7544
2026-09-02 07:05:29 |   Val R2 improved to -0.7544, model saved
2026-09-02 07:05:31 | Epoch  12/100 | Train Loss 15.8705 | Val Loss 14.8894 MAE 16.5934 R2 -0.5529
2026-09-02 07:05:31 |   Val R2 improved to -0.5529, model saved
2026-09-02 07:05:32 | Epoch  13/100 | Train Loss 14.2438 | Val Loss 13.4442 MAE 15.8145 R2 -0.4066
2026-09-02 07:05:32 |   Val R2 improved to -0.4066, model saved
2026-09-02 07:05:34 | Epoch  14/100 | Train Loss 13.0076 | Val Loss 12.3212 MAE 15.2717 R2 -0.2991
2026-09-02 07:05:34 |   Val R2 improved to -0.2991, model saved
2026-09-02 07:05:36 | Epoch  15/100 | Train Loss 12.0395 | Val Loss 11.4492 MAE 14.9127 R2 -0.2227
2026-09-02 07:05:36 |   Val R2 improved to -0.2227, model saved
2026-09-02 07:05:38 | Epoch  16/100 | Train Loss 11.2833 | Val Loss 10.7494 MAE 14.6632 R2 -0.1664
2026-09-02 07:05:38 |   Val R2 improved to -0.1664, model saved
2026-09-02 07:05:39 | Epoch  17/100 | Train Loss 10.6774 | Val Loss 10.1823 MAE 14.4946 R2 -0.1256
2026-09-02 07:05:39 |   Val R2 improved to -0.1256, model saved
2026-09-02 07:05:41 | Epoch  18/100 | Train Loss 10.1750 | Val Loss 9.7213 MAE 14.3866 R2 -0.0976
2026-09-02 07:05:41 |   Val R2 improved to -0.0976, model saved
2026-09-02 07:05:43 | Epoch  19/100 | Train Loss 9.7639 | Val Loss 9.3262 MAE 14.3037 R2 -0.0757
2026-09-02 07:05:43 |   Val R2 improved to -0.0757, model saved
2026-09-02 07:05:44 | Epoch  20/100 | Train Loss 9.4076 | Val Loss 8.9901 MAE 14.2579 R2 -0.0604
2026-09-02 07:05:44 |   Val R2 improved to -0.0604, model saved
2026-09-02 07:05:46 | Epoch  21/100 | Train Loss 9.1010 | Val Loss 8.6962 MAE 14.2190 R2 -0.0488
2026-09-02 07:05:46 |   Val R2 improved to -0.0488, model saved
2026-09-02 07:05:48 | Epoch  22/100 | Train Loss 8.8313 | Val Loss 8.4330 MAE 14.1983 R2 -0.0392
2026-09-02 07:05:48 |   Val R2 improved to -0.0392, model saved
2026-09-02 07:05:49 | Epoch  23/100 | Train Loss 8.5890 | Val Loss 8.2004 MAE 14.1843 R2 -0.0331
2026-09-02 07:05:49 |   Val R2 improved to -0.0331, model saved
2026-09-02 07:05:51 | Epoch  24/100 | Train Loss 8.3691 | Val Loss 7.9893 MAE 14.1719 R2 -0.0281
2026-09-02 07:05:51 |   Val R2 improved to -0.0281, model saved
2026-09-02 07:05:52 | Epoch  25/100 | Train Loss 8.1685 | Val Loss 7.7946 MAE 14.1642 R2 -0.0240
2026-09-02 07:05:52 |   Val R2 improved to -0.0240, model saved
2026-09-02 07:05:54 | Epoch  26/100 | Train Loss 7.9841 | Val Loss 7.6152 MAE 14.1607 R2 -0.0208
2026-09-02 07:05:54 |   Val R2 improved to -0.0208, model saved
2026-09-02 07:05:56 | Epoch  27/100 | Train Loss 7.8112 | Val Loss 7.4481 MAE 14.1580 R2 -0.0184
2026-09-02 07:05:56 |   Val R2 improved to -0.0184, model saved
2026-09-02 07:05:58 | Epoch  28/100 | Train Loss 7.6500 | Val Loss 7.2929 MAE 14.1559 R2 -0.0167
2026-09-02 07:05:58 |   Val R2 improved to -0.0167, model saved
2026-09-02 07:05:59 | Epoch  29/100 | Train Loss 7.4975 | Val Loss 7.1461 MAE 14.1538 R2 -0.0150
2026-09-02 07:05:59 |   Val R2 improved to -0.0150, model saved
2026-09-02 07:06:01 | Epoch  30/100 | Train Loss 7.3515 | Val Loss 7.0065 MAE 14.1519 R2 -0.0136
2026-09-02 07:06:01 |   Val R2 improved to -0.0136, model saved
2026-09-02 07:06:03 | Epoch  31/100 | Train Loss 7.2168 | Val Loss 6.8735 MAE 14.1499 R2 -0.0122
2026-09-02 07:06:03 |   Val R2 improved to -0.0122, model saved
2026-09-02 07:06:04 | Epoch  32/100 | Train Loss 7.0862 | Val Loss 6.7468 MAE 14.1480 R2 -0.0109
2026-09-02 07:06:04 |   Val R2 improved to -0.0109, model saved
2026-09-02 07:06:06 | Epoch  33/100 | Train Loss 6.9628 | Val Loss 6.6267 MAE 14.1475 R2 -0.0105
2026-09-02 07:06:06 |   Val R2 improved to -0.0105, model saved
2026-09-02 07:06:08 | Epoch  34/100 | Train Loss 6.8397 | Val Loss 6.5127 MAE 14.1482 R2 -0.0101
2026-09-02 07:06:08 |   Val R2 improved to -0.0101, model saved
2026-09-02 07:06:09 | Epoch  35/100 | Train Loss 6.7266 | Val Loss 6.4007 MAE 14.1496 R2 -0.0095
2026-09-02 07:06:09 |   Val R2 improved to -0.0095, model saved
2026-09-02 07:06:11 | Epoch  36/100 | Train Loss 6.6155 | Val Loss 6.2927 MAE 14.1518 R2 -0.0085
2026-09-02 07:06:11 |   Val R2 improved to -0.0085, model saved
2026-09-02 07:06:13 | Epoch  37/100 | Train Loss 6.5075 | Val Loss 6.1893 MAE 14.1529 R2 -0.0080
2026-09-02 07:06:13 |   Val R2 improved to -0.0080, model saved
2026-09-02 07:06:14 | Epoch  38/100 | Train Loss 6.4035 | Val Loss 6.0898 MAE 14.1529 R2 -0.0080
2026-09-02 07:06:16 | Epoch  39/100 | Train Loss 6.3024 | Val Loss 5.9906 MAE 14.1549 R2 -0.0072
2026-09-02 07:06:16 |   Val R2 improved to -0.0072, model saved
2026-09-02 07:06:18 | Epoch  40/100 | Train Loss 6.2044 | Val Loss 5.8962 MAE 14.1552 R2 -0.0070
2026-09-02 07:06:18 |   Val R2 improved to -0.0070, model saved
2026-09-02 07:06:19 | Epoch  41/100 | Train Loss 6.1082 | Val Loss 5.8039 MAE 14.1563 R2 -0.0066
2026-09-02 07:06:19 |   Val R2 improved to -0.0066, model saved
2026-09-02 07:06:21 | Epoch  42/100 | Train Loss 6.0165 | Val Loss 5.7134 MAE 14.1576 R2 -0.0061
2026-09-02 07:06:21 |   Val R2 improved to -0.0061, model saved
2026-09-02 07:06:23 | Epoch  43/100 | Train Loss 5.9233 | Val Loss 5.6270 MAE 14.1572 R2 -0.0063
2026-09-02 07:06:25 | Epoch  44/100 | Train Loss 5.8351 | Val Loss 5.5415 MAE 14.1576 R2 -0.0061
2026-09-02 07:06:25 |   Val R2 improved to -0.0061, model saved
2026-09-02 07:06:26 | Epoch  45/100 | Train Loss 5.7476 | Val Loss 5.4567 MAE 14.1588 R2 -0.0057
2026-09-02 07:06:26 |   Val R2 improved to -0.0057, model saved
2026-09-02 07:06:28 | Epoch  46/100 | Train Loss 5.6624 | Val Loss 5.3746 MAE 14.1593 R2 -0.0055
2026-09-02 07:06:28 |   Val R2 improved to -0.0055, model saved
2026-09-02 07:06:30 | Epoch  47/100 | Train Loss 5.5791 | Val Loss 5.2933 MAE 14.1601 R2 -0.0052
2026-09-02 07:06:30 |   Val R2 improved to -0.0052, model saved
2026-09-02 07:06:31 | Epoch  48/100 | Train Loss 5.4971 | Val Loss 5.2136 MAE 14.1609 R2 -0.0049
2026-09-02 07:06:31 |   Val R2 improved to -0.0049, model saved
2026-09-02 07:06:33 | Epoch  49/100 | Train Loss 5.4179 | Val Loss 5.1360 MAE 14.1611 R2 -0.0048
2026-09-02 07:06:33 |   Val R2 improved to -0.0048, model saved
2026-09-02 07:06:35 | Epoch  50/100 | Train Loss 5.3372 | Val Loss 5.0606 MAE 14.1612 R2 -0.0048
2026-09-02 07:06:35 |   Val R2 improved to -0.0048, model saved
2026-09-02 07:06:36 | Epoch  51/100 | Train Loss 5.2584 | Val Loss 4.9861 MAE 14.1617 R2 -0.0047
2026-09-02 07:06:36 |   Val R2 improved to -0.0047, model saved
2026-09-02 07:06:38 | Epoch  52/100 | Train Loss 5.1844 | Val Loss 4.9127 MAE 14.1622 R2 -0.0045
2026-09-02 07:06:38 |   Val R2 improved to -0.0045, model saved
2026-09-02 07:06:40 | Epoch  53/100 | Train Loss 5.1094 | Val Loss 4.8408 MAE 14.1622 R2 -0.0045
2026-09-02 07:06:41 | Epoch  54/100 | Train Loss 5.0350 | Val Loss 4.7706 MAE 14.1618 R2 -0.0046
2026-09-02 07:06:43 | Epoch  55/100 | Train Loss 4.9634 | Val Loss 4.7013 MAE 14.1614 R2 -0.0048
2026-09-02 07:06:45 | Epoch  56/100 | Train Loss 4.8920 | Val Loss 4.6324 MAE 14.1618 R2 -0.0046
2026-09-02 07:06:46 | Epoch  57/100 | Train Loss 4.8213 | Val Loss 4.5648 MAE 14.1623 R2 -0.0045
2026-09-02 07:06:46 |   Val R2 improved to -0.0045, model saved
2026-09-02 07:06:48 | Epoch  58/100 | Train Loss 4.7536 | Val Loss 4.4980 MAE 14.1633 R2 -0.0041
2026-09-02 07:06:48 |   Val R2 improved to -0.0041, model saved
2026-09-02 07:06:50 | Epoch  59/100 | Train Loss 4.6850 | Val Loss 4.4331 MAE 14.1628 R2 -0.0043
2026-09-02 07:06:51 | Epoch  60/100 | Train Loss 4.6181 | Val Loss 4.3686 MAE 14.1637 R2 -0.0040
2026-09-02 07:06:51 |   Val R2 improved to -0.0040, model saved
2026-09-02 07:06:53 | Epoch  61/100 | Train Loss 4.5528 | Val Loss 4.3047 MAE 14.1643 R2 -0.0038
2026-09-02 07:06:53 |   Val R2 improved to -0.0038, model saved
2026-09-02 07:06:55 | Epoch  62/100 | Train Loss 4.4873 | Val Loss 4.2420 MAE 14.1646 R2 -0.0037
2026-09-02 07:06:55 |   Val R2 improved to -0.0037, model saved
2026-09-02 07:06:56 | Epoch  63/100 | Train Loss 4.4232 | Val Loss 4.1802 MAE 14.1647 R2 -0.0037
2026-09-02 07:06:56 |   Val R2 improved to -0.0037, model saved
2026-09-02 07:06:58 | Epoch  64/100 | Train Loss 4.3609 | Val Loss 4.1204 MAE 14.1642 R2 -0.0039
2026-09-02 07:07:00 | Epoch  65/100 | Train Loss 4.2999 | Val Loss 4.0601 MAE 14.1645 R2 -0.0038
2026-09-02 07:07:01 | Epoch  66/100 | Train Loss 4.2391 | Val Loss 4.0011 MAE 14.1647 R2 -0.0037
2026-09-02 07:07:03 | Epoch  67/100 | Train Loss 4.1773 | Val Loss 3.9433 MAE 14.1646 R2 -0.0038
2026-09-02 07:07:05 | Epoch  68/100 | Train Loss 4.1165 | Val Loss 3.8855 MAE 14.1650 R2 -0.0036
2026-09-02 07:07:05 |   Val R2 improved to -0.0036, model saved
2026-09-02 07:07:06 | Epoch  69/100 | Train Loss 4.0587 | Val Loss 3.8298 MAE 14.1648 R2 -0.0037
2026-09-02 07:07:08 | Epoch  70/100 | Train Loss 4.0010 | Val Loss 3.7735 MAE 14.1655 R2 -0.0035
2026-09-02 07:07:08 |   Val R2 improved to -0.0035, model saved
2026-09-02 07:07:10 | Epoch  71/100 | Train Loss 3.9438 | Val Loss 3.7193 MAE 14.1653 R2 -0.0036
2026-09-02 07:07:11 | Epoch  72/100 | Train Loss 3.8889 | Val Loss 3.6654 MAE 14.1652 R2 -0.0036
2026-09-02 07:07:13 | Epoch  73/100 | Train Loss 3.8341 | Val Loss 3.6130 MAE 14.1650 R2 -0.0036
2026-09-02 07:07:15 | Epoch  74/100 | Train Loss 3.7802 | Val Loss 3.5602 MAE 14.1662 R2 -0.0033
2026-09-02 07:07:15 |   Val R2 improved to -0.0033, model saved
2026-09-02 07:07:17 | Epoch  75/100 | Train Loss 3.7261 | Val Loss 3.5085 MAE 14.1660 R2 -0.0034
2026-09-02 07:07:18 | Epoch  76/100 | Train Loss 3.6729 | Val Loss 3.4584 MAE 14.1656 R2 -0.0035
2026-09-02 07:07:20 | Epoch  77/100 | Train Loss 3.6233 | Val Loss 3.4076 MAE 14.1673 R2 -0.0030
2026-09-02 07:07:20 |   Val R2 improved to -0.0030, model saved
2026-09-02 07:07:22 | Epoch  78/100 | Train Loss 3.5718 | Val Loss 3.3589 MAE 14.1662 R2 -0.0033
2026-09-02 07:07:23 | Epoch  79/100 | Train Loss 3.5222 | Val Loss 3.3110 MAE 14.1661 R2 -0.0033
2026-09-02 07:07:25 | Epoch  80/100 | Train Loss 3.4723 | Val Loss 3.2627 MAE 14.1658 R2 -0.0034
2026-09-02 07:07:27 | Epoch  81/100 | Train Loss 3.4236 | Val Loss 3.2154 MAE 14.1670 R2 -0.0031
2026-09-02 07:07:28 | Epoch  82/100 | Train Loss 3.3775 | Val Loss 3.1688 MAE 14.1666 R2 -0.0032
2026-09-02 07:07:30 | Epoch  83/100 | Train Loss 3.3277 | Val Loss 3.1235 MAE 14.1661 R2 -0.0033
2026-09-02 07:07:32 | Epoch  84/100 | Train Loss 3.2817 | Val Loss 3.0787 MAE 14.1661 R2 -0.0033
2026-09-02 07:07:33 | Epoch  85/100 | Train Loss 3.2373 | Val Loss 3.0337 MAE 14.1668 R2 -0.0031
2026-09-02 07:07:35 | Epoch  86/100 | Train Loss 3.1909 | Val Loss 2.9898 MAE 14.1664 R2 -0.0032
2026-09-02 07:07:37 | Epoch  87/100 | Train Loss 3.1454 | Val Loss 2.9476 MAE 14.1655 R2 -0.0035
2026-09-02 07:07:37 | Val R2 did not improve for 10 consecutive epochs, early stopping at Epoch 87 (best R2 -0.0030 @ Epoch 77)
2026-09-02 07:07:37 | Run 3/5 | Test (best model @ Epoch 77) | Loss 3.5280 MAE 14.6003 R2 -0.0000
2026-09-02 07:07:37 | ===== Run 4/5 (seed 3) =====
2026-09-02 07:07:39 | Epoch   1/100 | Train Loss 118.3212 | Val Loss 73.4695 MAE 44.9355 R2 -6.8458
2026-09-02 07:07:39 |   Val R2 improved to -6.8458, model saved
2026-09-02 07:07:40 | Epoch   2/100 | Train Loss 68.0454 | Val Loss 59.0060 MAE 39.1685 R2 -5.1711
2026-09-02 07:07:40 |   Val R2 improved to -5.1711, model saved
2026-09-02 07:07:42 | Epoch   3/100 | Train Loss 43.7735 | Val Loss 11.8917 MAE 15.3273 R2 -0.2852
2026-09-02 07:07:42 |   Val R2 improved to -0.2852, model saved
2026-09-02 07:07:44 | Epoch   4/100 | Train Loss 18.0720 | Val Loss 8.9294 MAE 13.4574 R2 0.0159
2026-09-02 07:07:44 |   Val R2 improved to 0.0159, model saved
2026-09-02 07:07:45 | Epoch   5/100 | Train Loss 14.1014 | Val Loss 7.4907 MAE 12.4700 R2 0.1615
2026-09-02 07:07:45 |   Val R2 improved to 0.1615, model saved
2026-09-02 07:07:47 | Epoch   6/100 | Train Loss 12.4642 | Val Loss 7.1149 MAE 12.1679 R2 0.1922
2026-09-02 07:07:47 |   Val R2 improved to 0.1922, model saved
2026-09-02 07:07:49 | Epoch   7/100 | Train Loss 11.5004 | Val Loss 6.7697 MAE 11.8989 R2 0.2263
2026-09-02 07:07:49 |   Val R2 improved to 0.2263, model saved
2026-09-02 07:07:50 | Epoch   8/100 | Train Loss 10.6645 | Val Loss 6.2250 MAE 11.4478 R2 0.2929
2026-09-02 07:07:50 |   Val R2 improved to 0.2929, model saved
2026-09-02 07:07:52 | Epoch   9/100 | Train Loss 10.0436 | Val Loss 6.2215 MAE 11.4572 R2 0.2868
2026-09-02 07:07:54 | Epoch  10/100 | Train Loss 9.6661 | Val Loss 6.3999 MAE 11.5841 R2 0.2614
2026-09-02 07:07:55 | Epoch  11/100 | Train Loss 9.2765 | Val Loss 6.6518 MAE 11.7798 R2 0.2299
2026-09-02 07:07:57 | Epoch  12/100 | Train Loss 9.1338 | Val Loss 5.9573 MAE 11.2365 R2 0.3090
2026-09-02 07:07:57 |   Val R2 improved to 0.3090, model saved
2026-09-02 07:07:59 | Epoch  13/100 | Train Loss 8.8211 | Val Loss 6.1964 MAE 11.4455 R2 0.2762
2026-09-02 07:08:00 | Epoch  14/100 | Train Loss 8.7055 | Val Loss 5.7214 MAE 11.0667 R2 0.3302
2026-09-02 07:08:00 |   Val R2 improved to 0.3302, model saved
2026-09-02 07:08:02 | Epoch  15/100 | Train Loss 8.3732 | Val Loss 5.7497 MAE 11.1253 R2 0.3204
2026-09-02 07:08:04 | Epoch  16/100 | Train Loss 8.0267 | Val Loss 5.5033 MAE 10.9288 R2 0.3468
2026-09-02 07:08:04 |   Val R2 improved to 0.3468, model saved
2026-09-02 07:08:05 | Epoch  17/100 | Train Loss 7.9152 | Val Loss 5.0904 MAE 10.6560 R2 0.3901
2026-09-02 07:08:05 |   Val R2 improved to 0.3901, model saved
2026-09-02 07:08:07 | Epoch  18/100 | Train Loss 7.5339 | Val Loss 5.4448 MAE 10.9294 R2 0.3411
2026-09-02 07:08:09 | Epoch  19/100 | Train Loss 7.2540 | Val Loss 4.9424 MAE 10.5318 R2 0.3967
2026-09-02 07:08:09 |   Val R2 improved to 0.3967, model saved
2026-09-02 07:08:10 | Epoch  20/100 | Train Loss 6.9502 | Val Loss 5.0855 MAE 10.7075 R2 0.3696
2026-09-02 07:08:12 | Epoch  21/100 | Train Loss 6.8743 | Val Loss 4.8902 MAE 10.5873 R2 0.3862
2026-09-02 07:08:14 | Epoch  22/100 | Train Loss 6.4324 | Val Loss 4.7823 MAE 10.5585 R2 0.3918
2026-09-02 07:08:15 | Epoch  23/100 | Train Loss 6.3387 | Val Loss 4.6240 MAE 10.4694 R2 0.4039
2026-09-02 07:08:15 |   Val R2 improved to 0.4039, model saved
2026-09-02 07:08:17 | Epoch  24/100 | Train Loss 6.1840 | Val Loss 4.7100 MAE 10.5893 R2 0.3842
2026-09-02 07:08:19 | Epoch  25/100 | Train Loss 5.8806 | Val Loss 4.4215 MAE 10.3387 R2 0.4168
2026-09-02 07:08:19 |   Val R2 improved to 0.4168, model saved
2026-09-02 07:08:20 | Epoch  26/100 | Train Loss 5.6172 | Val Loss 4.4025 MAE 10.4321 R2 0.4070
2026-09-02 07:08:22 | Epoch  27/100 | Train Loss 5.3943 | Val Loss 4.2531 MAE 10.3319 R2 0.4186
2026-09-02 07:08:22 |   Val R2 improved to 0.4186, model saved
2026-09-02 07:08:23 | Epoch  28/100 | Train Loss 5.1333 | Val Loss 4.1885 MAE 10.3570 R2 0.4159
2026-09-02 07:08:25 | Epoch  29/100 | Train Loss 4.9201 | Val Loss 4.0300 MAE 10.2131 R2 0.4322
2026-09-02 07:08:25 |   Val R2 improved to 0.4322, model saved
2026-09-02 07:08:27 | Epoch  30/100 | Train Loss 4.7378 | Val Loss 4.0732 MAE 10.3588 R2 0.4136
2026-09-02 07:08:29 | Epoch  31/100 | Train Loss 4.5786 | Val Loss 3.9613 MAE 10.3220 R2 0.4168
2026-09-02 07:08:30 | Epoch  32/100 | Train Loss 4.4868 | Val Loss 4.0391 MAE 10.4804 R2 0.3952
2026-09-02 07:08:32 | Epoch  33/100 | Train Loss 4.2152 | Val Loss 3.7325 MAE 10.2122 R2 0.4359
2026-09-02 07:08:32 |   Val R2 improved to 0.4359, model saved
2026-09-02 07:08:34 | Epoch  34/100 | Train Loss 3.9811 | Val Loss 3.7329 MAE 10.3261 R2 0.4221
2026-09-02 07:08:35 | Epoch  35/100 | Train Loss 3.9237 | Val Loss 3.9905 MAE 10.7913 R2 0.3636
2026-09-02 07:08:37 | Epoch  36/100 | Train Loss 3.6648 | Val Loss 3.5742 MAE 10.2977 R2 0.4262
2026-09-02 07:08:39 | Epoch  37/100 | Train Loss 3.5068 | Val Loss 3.4641 MAE 10.1959 R2 0.4347
2026-09-02 07:08:40 | Epoch  38/100 | Train Loss 3.4106 | Val Loss 3.4121 MAE 10.2405 R2 0.4341
2026-09-02 07:08:42 | Epoch  39/100 | Train Loss 3.3054 | Val Loss 3.4367 MAE 10.3300 R2 0.4191
2026-09-02 07:08:43 | Epoch  40/100 | Train Loss 3.2798 | Val Loss 3.3815 MAE 10.3610 R2 0.4185
2026-09-02 07:08:45 | Epoch  41/100 | Train Loss 3.0105 | Val Loss 3.3602 MAE 10.4238 R2 0.4105
2026-09-02 07:08:47 | Epoch  42/100 | Train Loss 2.9423 | Val Loss 3.4474 MAE 10.6301 R2 0.3824
2026-09-02 07:08:48 | Epoch  43/100 | Train Loss 2.8537 | Val Loss 3.2054 MAE 10.3670 R2 0.4189
2026-09-02 07:08:48 | Val R2 did not improve for 10 consecutive epochs, early stopping at Epoch 43 (best R2 0.4359 @ Epoch 33)
2026-09-02 07:08:49 | Run 4/5 | Test (best model @ Epoch 33) | Loss 3.8403 MAE 10.4722 R2 0.4414
2026-09-02 07:08:49 | ===== Run 5/5 (seed 4) =====
2026-09-02 07:08:50 | Epoch   1/100 | Train Loss 106.1506 | Val Loss 74.1677 MAE 45.1830 R2 -6.9353
2026-09-02 07:08:50 |   Val R2 improved to -6.9353, model saved
2026-09-02 07:08:52 | Epoch   2/100 | Train Loss 69.5803 | Val Loss 63.5664 MAE 41.3851 R2 -5.8387
2026-09-02 07:08:52 |   Val R2 improved to -5.8387, model saved
2026-09-02 07:08:54 | Epoch   3/100 | Train Loss 52.6758 | Val Loss 25.7851 MAE 22.8422 R2 -1.6536
2026-09-02 07:08:54 |   Val R2 improved to -1.6536, model saved
2026-09-02 07:08:55 | Epoch   4/100 | Train Loss 24.0683 | Val Loss 12.2098 MAE 15.7714 R2 -0.3570
2026-09-02 07:08:55 |   Val R2 improved to -0.3570, model saved
2026-09-02 07:08:57 | Epoch   5/100 | Train Loss 18.5036 | Val Loss 9.6904 MAE 14.2008 R2 -0.0936
2026-09-02 07:08:57 |   Val R2 improved to -0.0936, model saved
2026-09-02 07:08:59 | Epoch   6/100 | Train Loss 16.4228 | Val Loss 8.9133 MAE 13.5945 R2 -0.0032
2026-09-02 07:08:59 |   Val R2 improved to -0.0032, model saved
2026-09-02 07:09:00 | Epoch   7/100 | Train Loss 14.9115 | Val Loss 8.0437 MAE 12.9859 R2 0.0827
2026-09-02 07:09:00 |   Val R2 improved to 0.0827, model saved
2026-09-02 07:09:02 | Epoch   8/100 | Train Loss 13.0855 | Val Loss 6.7486 MAE 11.9811 R2 0.2358
2026-09-02 07:09:02 |   Val R2 improved to 0.2358, model saved
2026-09-02 07:09:04 | Epoch   9/100 | Train Loss 11.4342 | Val Loss 7.7216 MAE 12.7539 R2 0.1038
2026-09-02 07:09:05 | Epoch  10/100 | Train Loss 11.0182 | Val Loss 6.1786 MAE 11.5137 R2 0.2878
2026-09-02 07:09:05 |   Val R2 improved to 0.2878, model saved
2026-09-02 07:09:07 | Epoch  11/100 | Train Loss 10.0591 | Val Loss 6.2873 MAE 11.5613 R2 0.2673
2026-09-02 07:09:09 | Epoch  12/100 | Train Loss 9.4453 | Val Loss 6.1005 MAE 11.4725 R2 0.2777
2026-09-02 07:09:10 | Epoch  13/100 | Train Loss 9.0673 | Val Loss 6.1045 MAE 11.5043 R2 0.2709
2026-09-02 07:09:12 | Epoch  14/100 | Train Loss 8.6501 | Val Loss 5.4416 MAE 10.9784 R2 0.3427
2026-09-02 07:09:12 |   Val R2 improved to 0.3427, model saved
2026-09-02 07:09:14 | Epoch  15/100 | Train Loss 8.3052 | Val Loss 5.2005 MAE 10.7958 R2 0.3646
2026-09-02 07:09:14 |   Val R2 improved to 0.3646, model saved
2026-09-02 07:09:15 | Epoch  16/100 | Train Loss 7.9225 | Val Loss 5.1888 MAE 10.8106 R2 0.3561
2026-09-02 07:09:17 | Epoch  17/100 | Train Loss 7.6699 | Val Loss 5.2308 MAE 10.8723 R2 0.3460
2026-09-02 07:09:19 | Epoch  18/100 | Train Loss 7.3687 | Val Loss 5.0590 MAE 10.8030 R2 0.3556
2026-09-02 07:09:20 | Epoch  19/100 | Train Loss 7.2015 | Val Loss 4.6730 MAE 10.5010 R2 0.4003
2026-09-02 07:09:20 |   Val R2 improved to 0.4003, model saved
2026-09-02 07:09:22 | Epoch  20/100 | Train Loss 6.7944 | Val Loss 4.8048 MAE 10.6528 R2 0.3732
2026-09-02 07:09:23 | Epoch  21/100 | Train Loss 6.5482 | Val Loss 4.5812 MAE 10.5164 R2 0.3936
2026-09-02 07:09:25 | Epoch  22/100 | Train Loss 6.1939 | Val Loss 4.8256 MAE 10.8334 R2 0.3496
2026-09-02 07:09:26 | Epoch  23/100 | Train Loss 6.0485 | Val Loss 4.3732 MAE 10.4359 R2 0.4031
2026-09-02 07:09:26 |   Val R2 improved to 0.4031, model saved
2026-09-02 07:09:28 | Epoch  24/100 | Train Loss 5.8246 | Val Loss 4.4213 MAE 10.6049 R2 0.3809
2026-09-02 07:09:30 | Epoch  25/100 | Train Loss 5.6182 | Val Loss 4.2086 MAE 10.4168 R2 0.4047
2026-09-02 07:09:30 |   Val R2 improved to 0.4047, model saved
2026-09-02 07:09:31 | Epoch  26/100 | Train Loss 5.5289 | Val Loss 4.1388 MAE 10.4392 R2 0.4024
2026-09-02 07:09:33 | Epoch  27/100 | Train Loss 5.2543 | Val Loss 3.9983 MAE 10.3228 R2 0.4154
2026-09-02 07:09:33 |   Val R2 improved to 0.4154, model saved
2026-09-02 07:09:34 | Epoch  28/100 | Train Loss 5.0673 | Val Loss 4.2516 MAE 10.6501 R2 0.3728
2026-09-02 07:09:36 | Epoch  29/100 | Train Loss 4.8655 | Val Loss 3.9479 MAE 10.4302 R2 0.4013
2026-09-02 07:09:37 | Epoch  30/100 | Train Loss 4.6488 | Val Loss 3.9249 MAE 10.5086 R2 0.3918
2026-09-02 07:09:39 | Epoch  31/100 | Train Loss 4.4512 | Val Loss 3.6601 MAE 10.2375 R2 0.4234
2026-09-02 07:09:39 |   Val R2 improved to 0.4234, model saved
2026-09-02 07:09:41 | Epoch  32/100 | Train Loss 4.4546 | Val Loss 3.5918 MAE 10.2552 R2 0.4219
2026-09-02 07:09:42 | Epoch  33/100 | Train Loss 4.1878 | Val Loss 3.7265 MAE 10.6007 R2 0.3834
2026-09-02 07:09:44 | Epoch  34/100 | Train Loss 4.1602 | Val Loss 3.6294 MAE 10.4603 R2 0.3956
2026-09-02 07:09:46 | Epoch  35/100 | Train Loss 4.0047 | Val Loss 3.4680 MAE 10.3629 R2 0.4063
2026-09-02 07:09:47 | Epoch  36/100 | Train Loss 3.8749 | Val Loss 3.3288 MAE 10.3255 R2 0.4169
2026-09-02 07:09:49 | Epoch  37/100 | Train Loss 3.6497 | Val Loss 3.2835 MAE 10.2783 R2 0.4179
2026-09-02 07:09:51 | Epoch  38/100 | Train Loss 3.5437 | Val Loss 3.5309 MAE 10.7744 R2 0.3576
2026-09-02 07:09:52 | Epoch  39/100 | Train Loss 3.5315 | Val Loss 3.1550 MAE 10.3240 R2 0.4149
2026-09-02 07:09:54 | Epoch  40/100 | Train Loss 3.3303 | Val Loss 3.1371 MAE 10.3769 R2 0.4075
2026-09-02 07:09:56 | Epoch  41/100 | Train Loss 3.2418 | Val Loss 3.1039 MAE 10.4247 R2 0.4007
2026-09-02 07:09:56 | Val R2 did not improve for 10 consecutive epochs, early stopping at Epoch 41 (best R2 0.4234 @ Epoch 31)
2026-09-02 07:09:56 | Run 5/5 | Test (best model @ Epoch 31) | Loss 3.7364 MAE 10.4935 R2 0.4354
2026-09-02 07:09:56 | Average over 5 runs | Test Loss 3.6871±0.4970 MAE 11.2759±1.8616 R2 0.3514±0.1966
