2026-08-27 20:59:36 | Device: cuda
2026-08-27 20:59:36 | Args: {'model': 'fgib', 'backbone': 'gnn', 'task': 'zinc', 'epochs': 100, 'batch_size': 128, 'lr': 0.001, 'hidden_dims': [512, 256], 'dropout': 0.2, 'z_dim': 256, 'anchor_scale': 2.0, 'max_len': 250, 'random_labels': False, 'beta': 0.0001, 'patience': 10, 'runs': 5, 'seed': 0, 'data_dir': './data', 'save_path': 'output/zinc_gnn_fgib/zinc_gnn_fgib.pt', 'log_path': '/root/autodl-tmp/FGIB/tune_results/zinc_gnn_fgib_beta_0.0001_anchor_2/train.log', 'no_save': True}
2026-08-27 20:59:37 | ZINC-12k 加载完成：10000/1000/1000 图（batch 128，官方划分），目标 MinMax 归一化到 [0,1]，节点特征 28 维
2026-08-27 20:59:37 | ===== Run 1/5 (seed 0) =====
2026-08-27 21:00:22 | Epoch   1/100 | Train Loss 0.0456 | Val Loss 0.0019 MAE 1.4965 R2 -0.0062
2026-08-27 21:00:23 |   Val R2 improved to -0.0062, model saved
2026-08-27 21:01:01 | Epoch   2/100 | Train Loss 0.0014 | Val Loss 0.0011 MAE 0.9858 R2 0.4277
2026-08-27 21:01:02 |   Val R2 improved to 0.4277, model saved
2026-08-27 21:01:38 | Epoch   3/100 | Train Loss 0.0010 | Val Loss 0.0009 MAE 0.8479 R2 0.5283
2026-08-27 21:01:39 |   Val R2 improved to 0.5283, model saved
2026-08-27 21:02:14 | Epoch   4/100 | Train Loss 0.0009 | Val Loss 0.0009 MAE 0.8229 R2 0.5595
2026-08-27 21:02:15 |   Val R2 improved to 0.5595, model saved
2026-08-27 21:02:54 | Epoch   5/100 | Train Loss 0.0009 | Val Loss 0.0008 MAE 0.7185 R2 0.5772
2026-08-27 21:02:55 |   Val R2 improved to 0.5772, model saved
2026-08-27 21:03:34 | Epoch   6/100 | Train Loss 0.0009 | Val Loss 0.0008 MAE 0.6953 R2 0.5959
2026-08-27 21:03:35 |   Val R2 improved to 0.5959, model saved
2026-08-27 21:04:19 | Epoch   7/100 | Train Loss 0.0008 | Val Loss 0.0008 MAE 0.6794 R2 0.5937
2026-08-27 21:05:05 | Epoch   8/100 | Train Loss 0.0008 | Val Loss 0.0008 MAE 0.7198 R2 0.6083
2026-08-27 21:05:06 |   Val R2 improved to 0.6083, model saved
2026-08-27 21:05:50 | Epoch   9/100 | Train Loss 0.0008 | Val Loss 0.0008 MAE 0.6719 R2 0.5934
2026-08-27 21:06:33 | Epoch  10/100 | Train Loss 0.0008 | Val Loss 0.0007 MAE 0.6553 R2 0.6146
2026-08-27 21:06:34 |   Val R2 improved to 0.6146, model saved
2026-08-27 21:07:11 | Epoch  11/100 | Train Loss 0.0008 | Val Loss 0.0007 MAE 0.6684 R2 0.6201
2026-08-27 21:07:11 |   Val R2 improved to 0.6201, model saved
2026-08-27 21:07:52 | Epoch  12/100 | Train Loss 0.0008 | Val Loss 0.0008 MAE 0.7494 R2 0.6081
2026-08-27 21:08:31 | Epoch  13/100 | Train Loss 0.0008 | Val Loss 0.0007 MAE 0.7261 R2 0.6152
2026-08-27 21:09:13 | Epoch  14/100 | Train Loss 0.0008 | Val Loss 0.0007 MAE 0.7093 R2 0.6170
2026-08-27 21:09:56 | Epoch  15/100 | Train Loss 0.0008 | Val Loss 0.0007 MAE 0.6520 R2 0.6216
2026-08-27 21:09:57 |   Val R2 improved to 0.6216, model saved
2026-08-27 21:10:34 | Epoch  16/100 | Train Loss 0.0008 | Val Loss 0.0008 MAE 0.7094 R2 0.5572
2026-08-27 21:11:16 | Epoch  17/100 | Train Loss 0.0008 | Val Loss 0.0007 MAE 0.6452 R2 0.6247
2026-08-27 21:11:17 |   Val R2 improved to 0.6247, model saved
2026-08-27 21:12:02 | Epoch  18/100 | Train Loss 0.0008 | Val Loss 0.0007 MAE 0.6764 R2 0.6253
2026-08-27 21:12:03 |   Val R2 improved to 0.6253, model saved
2026-08-27 21:12:46 | Epoch  19/100 | Train Loss 0.0008 | Val Loss 0.0007 MAE 0.7398 R2 0.6157
2026-08-27 21:13:31 | Epoch  20/100 | Train Loss 0.0008 | Val Loss 0.0008 MAE 0.9082 R2 0.5584
2026-08-27 21:14:10 | Epoch  21/100 | Train Loss 0.0008 | Val Loss 0.0007 MAE 0.7513 R2 0.6113
2026-08-27 21:14:54 | Epoch  22/100 | Train Loss 0.0008 | Val Loss 0.0007 MAE 0.6667 R2 0.6295
2026-08-27 21:14:55 |   Val R2 improved to 0.6295, model saved
2026-08-27 21:15:36 | Epoch  23/100 | Train Loss 0.0008 | Val Loss 0.0008 MAE 0.6796 R2 0.5754
2026-08-27 21:16:12 | Epoch  24/100 | Train Loss 0.0008 | Val Loss 0.0007 MAE 0.6868 R2 0.6285
2026-08-27 21:16:49 | Epoch  25/100 | Train Loss 0.0008 | Val Loss 0.0007 MAE 0.7209 R2 0.6215
2026-08-27 21:17:28 | Epoch  26/100 | Train Loss 0.0008 | Val Loss 0.0007 MAE 0.6337 R2 0.6208
2026-08-27 21:18:05 | Epoch  27/100 | Train Loss 0.0008 | Val Loss 0.0008 MAE 0.8777 R2 0.5728
2026-08-27 21:18:42 | Epoch  28/100 | Train Loss 0.0008 | Val Loss 0.0007 MAE 0.7199 R2 0.6234
2026-08-27 21:19:22 | Epoch  29/100 | Train Loss 0.0008 | Val Loss 0.0007 MAE 0.6281 R2 0.6271
2026-08-27 21:19:58 | Epoch  30/100 | Train Loss 0.0008 | Val Loss 0.0012 MAE 1.2841 R2 0.3699
2026-08-27 21:20:33 | Epoch  31/100 | Train Loss 0.0008 | Val Loss 0.0009 MAE 0.7454 R2 0.5357
2026-08-27 21:21:14 | Epoch  32/100 | Train Loss 0.0008 | Val Loss 0.0008 MAE 0.6507 R2 0.5937
2026-08-27 21:21:14 | Val R2 did not improve for 10 consecutive epochs, early stopping at Epoch 32 (best R2 0.6295 @ Epoch 22)
2026-08-27 21:21:17 | Run 1/5 | Test (best model @ Epoch 22) | Loss 0.0007 MAE 0.7273 R2 0.6319
2026-08-27 21:21:17 | ===== Run 2/5 (seed 1) =====
2026-08-27 21:21:55 | Epoch   1/100 | Train Loss 0.0450 | Val Loss 0.0019 MAE 1.4999 R2 0.0109
2026-08-27 21:21:56 |   Val R2 improved to 0.0109, model saved
2026-08-27 21:22:35 | Epoch   2/100 | Train Loss 0.0014 | Val Loss 0.0011 MAE 0.9551 R2 0.4387
2026-08-27 21:22:36 |   Val R2 improved to 0.4387, model saved
2026-08-27 21:23:13 | Epoch   3/100 | Train Loss 0.0010 | Val Loss 0.0009 MAE 0.8611 R2 0.5197
2026-08-27 21:23:14 |   Val R2 improved to 0.5197, model saved
2026-08-27 21:23:52 | Epoch   4/100 | Train Loss 0.0009 | Val Loss 0.0009 MAE 0.8703 R2 0.5439
2026-08-27 21:23:52 |   Val R2 improved to 0.5439, model saved
2026-08-27 21:24:37 | Epoch   5/100 | Train Loss 0.0009 | Val Loss 0.0008 MAE 0.7438 R2 0.5818
2026-08-27 21:24:38 |   Val R2 improved to 0.5818, model saved
2026-08-27 21:25:20 | Epoch   6/100 | Train Loss 0.0009 | Val Loss 0.0008 MAE 0.7191 R2 0.5975
2026-08-27 21:25:21 |   Val R2 improved to 0.5975, model saved
2026-08-27 21:26:01 | Epoch   7/100 | Train Loss 0.0008 | Val Loss 0.0008 MAE 0.7005 R2 0.6081
2026-08-27 21:26:01 |   Val R2 improved to 0.6081, model saved
2026-08-27 21:26:42 | Epoch   8/100 | Train Loss 0.0008 | Val Loss 0.0008 MAE 0.7357 R2 0.6080
2026-08-27 21:27:24 | Epoch   9/100 | Train Loss 0.0008 | Val Loss 0.0009 MAE 0.8845 R2 0.5612
2026-08-27 21:28:03 | Epoch  10/100 | Train Loss 0.0008 | Val Loss 0.0008 MAE 0.7355 R2 0.6074
2026-08-27 21:28:45 | Epoch  11/100 | Train Loss 0.0008 | Val Loss 0.0007 MAE 0.6664 R2 0.6190
2026-08-27 21:28:45 |   Val R2 improved to 0.6190, model saved
2026-08-27 21:29:28 | Epoch  12/100 | Train Loss 0.0008 | Val Loss 0.0008 MAE 0.6604 R2 0.5918
2026-08-27 21:30:09 | Epoch  13/100 | Train Loss 0.0008 | Val Loss 0.0008 MAE 0.6532 R2 0.5982
2026-08-27 21:30:49 | Epoch  14/100 | Train Loss 0.0008 | Val Loss 0.0007 MAE 0.6491 R2 0.6216
2026-08-27 21:30:49 |   Val R2 improved to 0.6216, model saved
2026-08-27 21:31:27 | Epoch  15/100 | Train Loss 0.0008 | Val Loss 0.0008 MAE 0.7922 R2 0.5964
2026-08-27 21:32:04 | Epoch  16/100 | Train Loss 0.0008 | Val Loss 0.0007 MAE 0.6953 R2 0.6214
2026-08-27 21:32:41 | Epoch  17/100 | Train Loss 0.0008 | Val Loss 0.0007 MAE 0.6883 R2 0.6230
2026-08-27 21:32:42 |   Val R2 improved to 0.6230, model saved
2026-08-27 21:33:18 | Epoch  18/100 | Train Loss 0.0008 | Val Loss 0.0007 MAE 0.6444 R2 0.6142
2026-08-27 21:33:57 | Epoch  19/100 | Train Loss 0.0008 | Val Loss 0.0007 MAE 0.6783 R2 0.6274
2026-08-27 21:33:58 |   Val R2 improved to 0.6274, model saved
2026-08-27 21:34:38 | Epoch  20/100 | Train Loss 0.0008 | Val Loss 0.0008 MAE 0.7528 R2 0.6125
2026-08-27 21:35:20 | Epoch  21/100 | Train Loss 0.0008 | Val Loss 0.0008 MAE 0.8033 R2 0.5958
2026-08-27 21:35:59 | Epoch  22/100 | Train Loss 0.0008 | Val Loss 0.0007 MAE 0.6542 R2 0.6240
2026-08-27 21:36:39 | Epoch  23/100 | Train Loss 0.0008 | Val Loss 0.0007 MAE 0.6405 R2 0.6268
2026-08-27 21:37:13 | Epoch  24/100 | Train Loss 0.0008 | Val Loss 0.0007 MAE 0.6726 R2 0.6287
2026-08-27 21:37:13 |   Val R2 improved to 0.6287, model saved
2026-08-27 21:37:53 | Epoch  25/100 | Train Loss 0.0008 | Val Loss 0.0007 MAE 0.7304 R2 0.6183
2026-08-27 21:38:31 | Epoch  26/100 | Train Loss 0.0008 | Val Loss 0.0007 MAE 0.6536 R2 0.6275
2026-08-27 21:39:13 | Epoch  27/100 | Train Loss 0.0008 | Val Loss 0.0007 MAE 0.6289 R2 0.6245
2026-08-27 21:39:58 | Epoch  28/100 | Train Loss 0.0008 | Val Loss 0.0007 MAE 0.7237 R2 0.6201
2026-08-27 21:40:39 | Epoch  29/100 | Train Loss 0.0008 | Val Loss 0.0007 MAE 0.6597 R2 0.6309
2026-08-27 21:40:40 |   Val R2 improved to 0.6309, model saved
2026-08-27 21:41:19 | Epoch  30/100 | Train Loss 0.0008 | Val Loss 0.0008 MAE 0.8948 R2 0.5643
2026-08-27 21:41:58 | Epoch  31/100 | Train Loss 0.0008 | Val Loss 0.0007 MAE 0.6208 R2 0.6227
2026-08-27 21:42:37 | Epoch  32/100 | Train Loss 0.0008 | Val Loss 0.0007 MAE 0.6278 R2 0.6176
2026-08-27 21:43:14 | Epoch  33/100 | Train Loss 0.0008 | Val Loss 0.0007 MAE 0.6523 R2 0.6317
2026-08-27 21:43:14 |   Val R2 improved to 0.6317, model saved
2026-08-27 21:43:51 | Epoch  34/100 | Train Loss 0.0008 | Val Loss 0.0009 MAE 0.9453 R2 0.5481
2026-08-27 21:44:30 | Epoch  35/100 | Train Loss 0.0008 | Val Loss 0.0007 MAE 0.6519 R2 0.6336
2026-08-27 21:44:31 |   Val R2 improved to 0.6336, model saved
2026-08-27 21:45:12 | Epoch  36/100 | Train Loss 0.0008 | Val Loss 0.0007 MAE 0.6534 R2 0.6319
2026-08-27 21:45:52 | Epoch  37/100 | Train Loss 0.0008 | Val Loss 0.0008 MAE 0.6792 R2 0.5758
2026-08-27 21:46:35 | Epoch  38/100 | Train Loss 0.0008 | Val Loss 0.0007 MAE 0.7020 R2 0.6277
2026-08-27 21:47:18 | Epoch  39/100 | Train Loss 0.0008 | Val Loss 0.0007 MAE 0.6205 R2 0.6209
2026-08-27 21:47:59 | Epoch  40/100 | Train Loss 0.0008 | Val Loss 0.0009 MAE 0.7674 R2 0.5222
2026-08-27 21:48:39 | Epoch  41/100 | Train Loss 0.0008 | Val Loss 0.0007 MAE 0.6415 R2 0.6292
2026-08-27 21:49:21 | Epoch  42/100 | Train Loss 0.0008 | Val Loss 0.0007 MAE 0.6801 R2 0.6331
2026-08-27 21:50:04 | Epoch  43/100 | Train Loss 0.0008 | Val Loss 0.0007 MAE 0.7456 R2 0.6166
2026-08-27 21:50:44 | Epoch  44/100 | Train Loss 0.0008 | Val Loss 0.0008 MAE 0.6728 R2 0.5789
2026-08-27 21:51:24 | Epoch  45/100 | Train Loss 0.0008 | Val Loss 0.0007 MAE 0.6691 R2 0.6329
2026-08-27 21:51:24 | Val R2 did not improve for 10 consecutive epochs, early stopping at Epoch 45 (best R2 0.6336 @ Epoch 35)
2026-08-27 21:51:28 | Run 2/5 | Test (best model @ Epoch 35) | Loss 0.0007 MAE 0.7138 R2 0.6330
2026-08-27 21:51:28 | ===== Run 3/5 (seed 2) =====
2026-08-27 21:52:10 | Epoch   1/100 | Train Loss 0.0496 | Val Loss 0.0018 MAE 1.4321 R2 0.0675
2026-08-27 21:52:10 |   Val R2 improved to 0.0675, model saved
2026-08-27 21:52:54 | Epoch   2/100 | Train Loss 0.0014 | Val Loss 0.0011 MAE 1.0068 R2 0.4109
2026-08-27 21:52:54 |   Val R2 improved to 0.4109, model saved
2026-08-27 21:53:38 | Epoch   3/100 | Train Loss 0.0011 | Val Loss 0.0009 MAE 0.8489 R2 0.5149
2026-08-27 21:53:39 |   Val R2 improved to 0.5149, model saved
2026-08-27 21:54:22 | Epoch   4/100 | Train Loss 0.0009 | Val Loss 0.0008 MAE 0.8062 R2 0.5621
2026-08-27 21:54:23 |   Val R2 improved to 0.5621, model saved
2026-08-27 21:55:08 | Epoch   5/100 | Train Loss 0.0009 | Val Loss 0.0008 MAE 0.7350 R2 0.5876
2026-08-27 21:55:09 |   Val R2 improved to 0.5876, model saved
2026-08-27 21:55:49 | Epoch   6/100 | Train Loss 0.0008 | Val Loss 0.0008 MAE 0.6982 R2 0.5989
2026-08-27 21:55:50 |   Val R2 improved to 0.5989, model saved
2026-08-27 21:56:33 | Epoch   7/100 | Train Loss 0.0008 | Val Loss 0.0008 MAE 0.7336 R2 0.6035
2026-08-27 21:56:33 |   Val R2 improved to 0.6035, model saved
2026-08-27 21:57:11 | Epoch   8/100 | Train Loss 0.0008 | Val Loss 0.0008 MAE 0.6962 R2 0.6092
2026-08-27 21:57:11 |   Val R2 improved to 0.6092, model saved
2026-08-27 21:57:52 | Epoch   9/100 | Train Loss 0.0008 | Val Loss 0.0007 MAE 0.7010 R2 0.6134
2026-08-27 21:57:53 |   Val R2 improved to 0.6134, model saved
2026-08-27 21:58:38 | Epoch  10/100 | Train Loss 0.0008 | Val Loss 0.0007 MAE 0.6911 R2 0.6148
2026-08-27 21:58:39 |   Val R2 improved to 0.6148, model saved
2026-08-27 21:59:23 | Epoch  11/100 | Train Loss 0.0008 | Val Loss 0.0008 MAE 0.8474 R2 0.5769
2026-08-27 22:00:08 | Epoch  12/100 | Train Loss 0.0008 | Val Loss 0.0008 MAE 0.8264 R2 0.5851
2026-08-27 22:00:54 | Epoch  13/100 | Train Loss 0.0008 | Val Loss 0.0008 MAE 0.8738 R2 0.5689
2026-08-27 22:01:39 | Epoch  14/100 | Train Loss 0.0008 | Val Loss 0.0007 MAE 0.6540 R2 0.6190
2026-08-27 22:01:40 |   Val R2 improved to 0.6190, model saved
2026-08-27 22:02:18 | Epoch  15/100 | Train Loss 0.0008 | Val Loss 0.0007 MAE 0.7000 R2 0.6194
2026-08-27 22:02:19 |   Val R2 improved to 0.6194, model saved
2026-08-27 22:02:59 | Epoch  16/100 | Train Loss 0.0008 | Val Loss 0.0007 MAE 0.6963 R2 0.6213
2026-08-27 22:03:00 |   Val R2 improved to 0.6213, model saved
2026-08-27 22:03:44 | Epoch  17/100 | Train Loss 0.0008 | Val Loss 0.0007 MAE 0.6519 R2 0.6117
2026-08-27 22:04:29 | Epoch  18/100 | Train Loss 0.0008 | Val Loss 0.0008 MAE 0.8784 R2 0.5679
2026-08-27 22:05:12 | Epoch  19/100 | Train Loss 0.0008 | Val Loss 0.0007 MAE 0.7518 R2 0.6126
2026-08-27 22:05:53 | Epoch  20/100 | Train Loss 0.0008 | Val Loss 0.0007 MAE 0.6373 R2 0.6157
2026-08-27 22:06:33 | Epoch  21/100 | Train Loss 0.0008 | Val Loss 0.0007 MAE 0.6415 R2 0.6176
2026-08-27 22:07:15 | Epoch  22/100 | Train Loss 0.0008 | Val Loss 0.0007 MAE 0.7426 R2 0.6139
2026-08-27 22:07:58 | Epoch  23/100 | Train Loss 0.0008 | Val Loss 0.0007 MAE 0.6316 R2 0.6206
2026-08-27 22:08:39 | Epoch  24/100 | Train Loss 0.0008 | Val Loss 0.0007 MAE 0.6471 R2 0.6299
2026-08-27 22:08:39 |   Val R2 improved to 0.6299, model saved
2026-08-27 22:09:21 | Epoch  25/100 | Train Loss 0.0008 | Val Loss 0.0011 MAE 0.9211 R2 0.4377
2026-08-27 22:10:00 | Epoch  26/100 | Train Loss 0.0008 | Val Loss 0.0008 MAE 0.6409 R2 0.6031
2026-08-27 22:10:43 | Epoch  27/100 | Train Loss 0.0008 | Val Loss 0.0007 MAE 0.6399 R2 0.6200
2026-08-27 22:11:30 | Epoch  28/100 | Train Loss 0.0008 | Val Loss 0.0009 MAE 0.9227 R2 0.5529
2026-08-27 22:12:10 | Epoch  29/100 | Train Loss 0.0008 | Val Loss 0.0007 MAE 0.6393 R2 0.6160
2026-08-27 22:12:47 | Epoch  30/100 | Train Loss 0.0008 | Val Loss 0.0007 MAE 0.6894 R2 0.6288
2026-08-27 22:13:29 | Epoch  31/100 | Train Loss 0.0008 | Val Loss 0.0007 MAE 0.6309 R2 0.6290
2026-08-27 22:14:12 | Epoch  32/100 | Train Loss 0.0008 | Val Loss 0.0007 MAE 0.6861 R2 0.6274
2026-08-27 22:14:50 | Epoch  33/100 | Train Loss 0.0008 | Val Loss 0.0007 MAE 0.6322 R2 0.6279
2026-08-27 22:15:32 | Epoch  34/100 | Train Loss 0.0008 | Val Loss 0.0008 MAE 0.6614 R2 0.5875
2026-08-27 22:15:32 | Val R2 did not improve for 10 consecutive epochs, early stopping at Epoch 34 (best R2 0.6299 @ Epoch 24)
2026-08-27 22:15:35 | Run 3/5 | Test (best model @ Epoch 24) | Loss 0.0007 MAE 0.7051 R2 0.6328
2026-08-27 22:15:35 | ===== Run 4/5 (seed 3) =====
2026-08-27 22:16:14 | Epoch   1/100 | Train Loss 0.0622 | Val Loss 0.0016 MAE 1.3011 R2 0.1770
2026-08-27 22:16:15 |   Val R2 improved to 0.1770, model saved
2026-08-27 22:16:56 | Epoch   2/100 | Train Loss 0.0013 | Val Loss 0.0011 MAE 0.9617 R2 0.4393
2026-08-27 22:16:56 |   Val R2 improved to 0.4393, model saved
2026-08-27 22:17:30 | Epoch   3/100 | Train Loss 0.0010 | Val Loss 0.0009 MAE 0.8255 R2 0.5130
2026-08-27 22:17:31 |   Val R2 improved to 0.5130, model saved
2026-08-27 22:18:11 | Epoch   4/100 | Train Loss 0.0009 | Val Loss 0.0009 MAE 0.8395 R2 0.5451
2026-08-27 22:18:12 |   Val R2 improved to 0.5451, model saved
2026-08-27 22:18:55 | Epoch   5/100 | Train Loss 0.0009 | Val Loss 0.0008 MAE 0.7839 R2 0.5739
2026-08-27 22:18:56 |   Val R2 improved to 0.5739, model saved
2026-08-27 22:19:36 | Epoch   6/100 | Train Loss 0.0009 | Val Loss 0.0008 MAE 0.7192 R2 0.5933
2026-08-27 22:19:37 |   Val R2 improved to 0.5933, model saved
2026-08-27 22:20:16 | Epoch   7/100 | Train Loss 0.0008 | Val Loss 0.0008 MAE 0.6965 R2 0.5971
2026-08-27 22:20:16 |   Val R2 improved to 0.5971, model saved
2026-08-27 22:20:58 | Epoch   8/100 | Train Loss 0.0008 | Val Loss 0.0008 MAE 0.6996 R2 0.6087
2026-08-27 22:20:58 |   Val R2 improved to 0.6087, model saved
2026-08-27 22:21:37 | Epoch   9/100 | Train Loss 0.0008 | Val Loss 0.0007 MAE 0.6942 R2 0.6136
2026-08-27 22:21:38 |   Val R2 improved to 0.6136, model saved
2026-08-27 22:22:19 | Epoch  10/100 | Train Loss 0.0008 | Val Loss 0.0008 MAE 0.6643 R2 0.6006
2026-08-27 22:23:00 | Epoch  11/100 | Train Loss 0.0008 | Val Loss 0.0007 MAE 0.6806 R2 0.6155
2026-08-27 22:23:00 |   Val R2 improved to 0.6155, model saved
2026-08-27 22:23:41 | Epoch  12/100 | Train Loss 0.0008 | Val Loss 0.0008 MAE 0.8032 R2 0.5905
2026-08-27 22:24:21 | Epoch  13/100 | Train Loss 0.0008 | Val Loss 0.0007 MAE 0.6646 R2 0.6193
2026-08-27 22:24:21 |   Val R2 improved to 0.6193, model saved
2026-08-27 22:25:01 | Epoch  14/100 | Train Loss 0.0008 | Val Loss 0.0008 MAE 0.6663 R2 0.5938
2026-08-27 22:25:41 | Epoch  15/100 | Train Loss 0.0008 | Val Loss 0.0007 MAE 0.6709 R2 0.6205
2026-08-27 22:25:41 |   Val R2 improved to 0.6205, model saved
2026-08-27 22:26:21 | Epoch  16/100 | Train Loss 0.0008 | Val Loss 0.0007 MAE 0.6897 R2 0.6235
2026-08-27 22:26:21 |   Val R2 improved to 0.6235, model saved
2026-08-27 22:26:57 | Epoch  17/100 | Train Loss 0.0008 | Val Loss 0.0007 MAE 0.6589 R2 0.6234
2026-08-27 22:27:36 | Epoch  18/100 | Train Loss 0.0008 | Val Loss 0.0007 MAE 0.6866 R2 0.6225
2026-08-27 22:28:16 | Epoch  19/100 | Train Loss 0.0008 | Val Loss 0.0008 MAE 0.7644 R2 0.6088
2026-08-27 22:28:57 | Epoch  20/100 | Train Loss 0.0008 | Val Loss 0.0007 MAE 0.6458 R2 0.6230
2026-08-27 22:29:35 | Epoch  21/100 | Train Loss 0.0008 | Val Loss 0.0007 MAE 0.6454 R2 0.6219
2026-08-27 22:30:14 | Epoch  22/100 | Train Loss 0.0008 | Val Loss 0.0008 MAE 0.8485 R2 0.5802
2026-08-27 22:30:52 | Epoch  23/100 | Train Loss 0.0008 | Val Loss 0.0007 MAE 0.6824 R2 0.6288
2026-08-27 22:30:53 |   Val R2 improved to 0.6288, model saved
2026-08-27 22:31:30 | Epoch  24/100 | Train Loss 0.0008 | Val Loss 0.0007 MAE 0.6313 R2 0.6140
2026-08-27 22:32:09 | Epoch  25/100 | Train Loss 0.0008 | Val Loss 0.0007 MAE 0.6494 R2 0.6280
2026-08-27 22:32:45 | Epoch  26/100 | Train Loss 0.0008 | Val Loss 0.0007 MAE 0.6524 R2 0.6286
2026-08-27 22:33:22 | Epoch  27/100 | Train Loss 0.0008 | Val Loss 0.0007 MAE 0.6413 R2 0.6267
2026-08-27 22:34:05 | Epoch  28/100 | Train Loss 0.0008 | Val Loss 0.0007 MAE 0.7307 R2 0.6190
2026-08-27 22:34:46 | Epoch  29/100 | Train Loss 0.0008 | Val Loss 0.0007 MAE 0.6956 R2 0.6265
2026-08-27 22:35:23 | Epoch  30/100 | Train Loss 0.0008 | Val Loss 0.0007 MAE 0.6303 R2 0.6263
2026-08-27 22:35:57 | Epoch  31/100 | Train Loss 0.0008 | Val Loss 0.0007 MAE 0.6457 R2 0.6148
2026-08-27 22:36:37 | Epoch  32/100 | Train Loss 0.0008 | Val Loss 0.0007 MAE 0.6312 R2 0.6289
2026-08-27 22:36:38 |   Val R2 improved to 0.6289, model saved
2026-08-27 22:37:16 | Epoch  33/100 | Train Loss 0.0008 | Val Loss 0.0008 MAE 0.6424 R2 0.6035
2026-08-27 22:37:53 | Epoch  34/100 | Train Loss 0.0008 | Val Loss 0.0007 MAE 0.7373 R2 0.6175
2026-08-27 22:38:36 | Epoch  35/100 | Train Loss 0.0008 | Val Loss 0.0007 MAE 0.6550 R2 0.6354
2026-08-27 22:38:36 |   Val R2 improved to 0.6354, model saved
2026-08-27 22:39:20 | Epoch  36/100 | Train Loss 0.0008 | Val Loss 0.0012 MAE 1.0684 R2 0.3506
2026-08-27 22:40:06 | Epoch  37/100 | Train Loss 0.0008 | Val Loss 0.0008 MAE 0.6499 R2 0.5925
2026-08-27 22:40:48 | Epoch  38/100 | Train Loss 0.0008 | Val Loss 0.0007 MAE 0.6308 R2 0.6176
2026-08-27 22:41:26 | Epoch  39/100 | Train Loss 0.0008 | Val Loss 0.0007 MAE 0.6232 R2 0.6247
2026-08-27 22:42:07 | Epoch  40/100 | Train Loss 0.0008 | Val Loss 0.0007 MAE 0.6782 R2 0.6277
2026-08-27 22:42:46 | Epoch  41/100 | Train Loss 0.0008 | Val Loss 0.0008 MAE 0.8191 R2 0.5949
2026-08-27 22:43:21 | Epoch  42/100 | Train Loss 0.0008 | Val Loss 0.0008 MAE 0.6705 R2 0.5831
2026-08-27 22:43:55 | Epoch  43/100 | Train Loss 0.0008 | Val Loss 0.0008 MAE 0.8159 R2 0.5949
2026-08-27 22:44:30 | Epoch  44/100 | Train Loss 0.0008 | Val Loss 0.0007 MAE 0.6447 R2 0.6235
2026-08-27 22:45:05 | Epoch  45/100 | Train Loss 0.0008 | Val Loss 0.0007 MAE 0.6334 R2 0.6186
2026-08-27 22:45:05 | Val R2 did not improve for 10 consecutive epochs, early stopping at Epoch 45 (best R2 0.6354 @ Epoch 35)
2026-08-27 22:45:08 | Run 4/5 | Test (best model @ Epoch 35) | Loss 0.0007 MAE 0.7200 R2 0.6338
2026-08-27 22:45:08 | ===== Run 5/5 (seed 4) =====
2026-08-27 22:45:41 | Epoch   1/100 | Train Loss 0.0537 | Val Loss 0.0017 MAE 1.3753 R2 0.1073
2026-08-27 22:45:42 |   Val R2 improved to 0.1073, model saved
2026-08-27 22:46:20 | Epoch   2/100 | Train Loss 0.0014 | Val Loss 0.0011 MAE 0.9367 R2 0.4393
2026-08-27 22:46:20 |   Val R2 improved to 0.4393, model saved
2026-08-27 22:46:56 | Epoch   3/100 | Train Loss 0.0010 | Val Loss 0.0010 MAE 0.9131 R2 0.5015
2026-08-27 22:46:56 |   Val R2 improved to 0.5015, model saved
2026-08-27 22:47:31 | Epoch   4/100 | Train Loss 0.0010 | Val Loss 0.0009 MAE 0.7700 R2 0.5497
2026-08-27 22:47:32 |   Val R2 improved to 0.5497, model saved
2026-08-27 22:48:06 | Epoch   5/100 | Train Loss 0.0009 | Val Loss 0.0009 MAE 0.8956 R2 0.5406
2026-08-27 22:48:41 | Epoch   6/100 | Train Loss 0.0009 | Val Loss 0.0008 MAE 0.7695 R2 0.5858
2026-08-27 22:48:41 |   Val R2 improved to 0.5858, model saved
2026-08-27 22:49:17 | Epoch   7/100 | Train Loss 0.0009 | Val Loss 0.0008 MAE 0.6964 R2 0.5916
2026-08-27 22:49:18 |   Val R2 improved to 0.5916, model saved
2026-08-27 22:49:55 | Epoch   8/100 | Train Loss 0.0008 | Val Loss 0.0008 MAE 0.6825 R2 0.5992
2026-08-27 22:49:55 |   Val R2 improved to 0.5992, model saved
2026-08-27 22:50:30 | Epoch   9/100 | Train Loss 0.0008 | Val Loss 0.0008 MAE 0.6846 R2 0.6101
2026-08-27 22:50:31 |   Val R2 improved to 0.6101, model saved
2026-08-27 22:51:05 | Epoch  10/100 | Train Loss 0.0008 | Val Loss 0.0008 MAE 0.6694 R2 0.6058
2026-08-27 22:51:41 | Epoch  11/100 | Train Loss 0.0008 | Val Loss 0.0008 MAE 0.6675 R2 0.5876
2026-08-27 22:52:12 | Epoch  12/100 | Train Loss 0.0008 | Val Loss 0.0008 MAE 0.6593 R2 0.5952
2026-08-27 22:52:46 | Epoch  13/100 | Train Loss 0.0008 | Val Loss 0.0007 MAE 0.6674 R2 0.6170
2026-08-27 22:52:47 |   Val R2 improved to 0.6170, model saved
2026-08-27 22:53:21 | Epoch  14/100 | Train Loss 0.0008 | Val Loss 0.0007 MAE 0.6495 R2 0.6154
2026-08-27 22:53:56 | Epoch  15/100 | Train Loss 0.0008 | Val Loss 0.0007 MAE 0.6563 R2 0.6149
2026-08-27 22:54:34 | Epoch  16/100 | Train Loss 0.0008 | Val Loss 0.0007 MAE 0.6615 R2 0.6196
2026-08-27 22:54:34 |   Val R2 improved to 0.6196, model saved
2026-08-27 22:55:09 | Epoch  17/100 | Train Loss 0.0008 | Val Loss 0.0007 MAE 0.6587 R2 0.6191
2026-08-27 22:55:43 | Epoch  18/100 | Train Loss 0.0008 | Val Loss 0.0007 MAE 0.7284 R2 0.6148
2026-08-27 22:56:16 | Epoch  19/100 | Train Loss 0.0008 | Val Loss 0.0007 MAE 0.7120 R2 0.6183
2026-08-27 22:56:52 | Epoch  20/100 | Train Loss 0.0008 | Val Loss 0.0007 MAE 0.6393 R2 0.6133
2026-08-27 22:57:28 | Epoch  21/100 | Train Loss 0.0008 | Val Loss 0.0008 MAE 0.7791 R2 0.6033
2026-08-27 22:58:05 | Epoch  22/100 | Train Loss 0.0008 | Val Loss 0.0007 MAE 0.7098 R2 0.6242
2026-08-27 22:58:06 |   Val R2 improved to 0.6242, model saved
2026-08-27 22:58:43 | Epoch  23/100 | Train Loss 0.0008 | Val Loss 0.0007 MAE 0.6862 R2 0.6252
2026-08-27 22:58:43 |   Val R2 improved to 0.6252, model saved
2026-08-27 22:59:20 | Epoch  24/100 | Train Loss 0.0008 | Val Loss 0.0007 MAE 0.6335 R2 0.6214
2026-08-27 22:59:58 | Epoch  25/100 | Train Loss 0.0008 | Val Loss 0.0007 MAE 0.7449 R2 0.6146
2026-08-27 23:00:34 | Epoch  26/100 | Train Loss 0.0008 | Val Loss 0.0007 MAE 0.6340 R2 0.6151
2026-08-27 23:01:09 | Epoch  27/100 | Train Loss 0.0008 | Val Loss 0.0007 MAE 0.6352 R2 0.6182
2026-08-27 23:01:40 | Epoch  28/100 | Train Loss 0.0008 | Val Loss 0.0007 MAE 0.7011 R2 0.6245
2026-08-27 23:02:12 | Epoch  29/100 | Train Loss 0.0008 | Val Loss 0.0008 MAE 0.7745 R2 0.6074
2026-08-27 23:02:47 | Epoch  30/100 | Train Loss 0.0008 | Val Loss 0.0008 MAE 0.8093 R2 0.5963
2026-08-27 23:03:22 | Epoch  31/100 | Train Loss 0.0008 | Val Loss 0.0007 MAE 0.6781 R2 0.6287
2026-08-27 23:03:22 |   Val R2 improved to 0.6287, model saved
2026-08-27 23:03:59 | Epoch  32/100 | Train Loss 0.0008 | Val Loss 0.0010 MAE 1.0731 R2 0.4875
2026-08-27 23:04:35 | Epoch  33/100 | Train Loss 0.0008 | Val Loss 0.0007 MAE 0.7091 R2 0.6256
2026-08-27 23:05:12 | Epoch  34/100 | Train Loss 0.0008 | Val Loss 0.0008 MAE 0.8898 R2 0.5687
2026-08-27 23:05:46 | Epoch  35/100 | Train Loss 0.0008 | Val Loss 0.0007 MAE 0.6336 R2 0.6129
2026-08-27 23:06:18 | Epoch  36/100 | Train Loss 0.0008 | Val Loss 0.0008 MAE 0.8699 R2 0.5761
2026-08-27 23:06:48 | Epoch  37/100 | Train Loss 0.0008 | Val Loss 0.0007 MAE 0.7616 R2 0.6112
2026-08-27 23:07:22 | Epoch  38/100 | Train Loss 0.0008 | Val Loss 0.0007 MAE 0.6970 R2 0.6287
2026-08-27 23:07:22 |   Val R2 improved to 0.6287, model saved
2026-08-27 23:07:53 | Epoch  39/100 | Train Loss 0.0008 | Val Loss 0.0007 MAE 0.7130 R2 0.6258
2026-08-27 23:08:22 | Epoch  40/100 | Train Loss 0.0008 | Val Loss 0.0010 MAE 0.8457 R2 0.4807
2026-08-27 23:08:54 | Epoch  41/100 | Train Loss 0.0008 | Val Loss 0.0009 MAE 0.7916 R2 0.5145
2026-08-27 23:09:25 | Epoch  42/100 | Train Loss 0.0008 | Val Loss 0.0007 MAE 0.6302 R2 0.6141
2026-08-27 23:09:58 | Epoch  43/100 | Train Loss 0.0008 | Val Loss 0.0009 MAE 1.0141 R2 0.5165
2026-08-27 23:10:26 | Epoch  44/100 | Train Loss 0.0008 | Val Loss 0.0008 MAE 0.8283 R2 0.5880
2026-08-27 23:10:56 | Epoch  45/100 | Train Loss 0.0008 | Val Loss 0.0008 MAE 0.7867 R2 0.6048
2026-08-27 23:11:26 | Epoch  46/100 | Train Loss 0.0009 | Val Loss 0.0008 MAE 0.6462 R2 0.6032
2026-08-27 23:11:58 | Epoch  47/100 | Train Loss 0.0008 | Val Loss 0.0008 MAE 0.6998 R2 0.5659
2026-08-27 23:12:30 | Epoch  48/100 | Train Loss 0.0008 | Val Loss 0.0007 MAE 0.7270 R2 0.6141
2026-08-27 23:12:30 | Val R2 did not improve for 10 consecutive epochs, early stopping at Epoch 48 (best R2 0.6287 @ Epoch 38)
2026-08-27 23:12:33 | Run 5/5 | Test (best model @ Epoch 38) | Loss 0.0007 MAE 0.7692 R2 0.6284
2026-08-27 23:12:33 | Average over 5 runs | Test Loss 0.0007±0.0000 MAE 0.7271±0.0249 R2 0.6320±0.0021
